Oct 17 12:08:10.818036 podb-esxi207 systemd[1]: Starting Devstack devstack@n-api.service...
Oct 17 12:08:10.830225 podb-esxi207 devstack@n-api.service[2248130]: [uWSGI] getting INI configuration from /etc/nova/nova-api-uwsgi.ini
Oct 17 12:08:10.833343 podb-esxi207 devstack@n-api.service[2248130]: *** Starting uWSGI 2.0.20-debian (64bit) on [Fri Oct 17 12:08:10 2025] ***
Oct 17 12:08:10.833343 podb-esxi207 devstack@n-api.service[2248130]: compiled with version: 11.2.0 on 21 March 2022 11:00:44
Oct 17 12:08:10.833343 podb-esxi207 devstack@n-api.service[2248130]: os: Linux-5.15.0-157-generic #167-Ubuntu SMP Wed Sep 17 21:35:53 UTC 2025
Oct 17 12:08:10.833343 podb-esxi207 devstack@n-api.service[2248130]: nodename: podb-esxi207
Oct 17 12:08:10.833343 podb-esxi207 devstack@n-api.service[2248130]: machine: x86_64
Oct 17 12:08:10.833343 podb-esxi207 devstack@n-api.service[2248130]: clock source: unix
Oct 17 12:08:10.833343 podb-esxi207 devstack@n-api.service[2248130]: pcre jit disabled
Oct 17 12:08:10.833343 podb-esxi207 devstack@n-api.service[2248130]: detected number of CPU cores: 152
Oct 17 12:08:10.833343 podb-esxi207 devstack@n-api.service[2248130]: current working directory: /
Oct 17 12:08:10.833343 podb-esxi207 devstack@n-api.service[2248130]: detected binary path: /usr/bin/uwsgi-core
Oct 17 12:08:10.833343 podb-esxi207 devstack@n-api.service[2248130]: your processes number limit is 1029247
Oct 17 12:08:10.833343 podb-esxi207 devstack@n-api.service[2248130]: your memory page size is 4096 bytes
Oct 17 12:08:10.833343 podb-esxi207 devstack@n-api.service[2248130]: detected max file descriptor number: 2048
Oct 17 12:08:10.833343 podb-esxi207 devstack@n-api.service[2248130]: lock engine: pthread robust mutexes
Oct 17 12:08:10.834572 podb-esxi207 devstack@n-api.service[2248130]: thunder lock: enabled
Oct 17 12:08:10.834572 podb-esxi207 devstack@n-api.service[2248130]: uwsgi socket 0 bound to UNIX address /var/run/uwsgi/nova-api.socket fd 4
Oct 17 12:08:10.834572 podb-esxi207 devstack@n-api.service[2248130]: Python version: 3.10.12 (main, Aug 15 2025, 14:32:43) [GCC 11.4.0]
Oct 17 12:08:10.834572 podb-esxi207 devstack@n-api.service[2248130]: PEP 405 virtualenv detected: /opt/stack/data/venv
Oct 17 12:08:10.834572 podb-esxi207 devstack@n-api.service[2248130]: Set PythonHome to /opt/stack/data/venv
Oct 17 12:08:10.873722 podb-esxi207 devstack@n-api.service[2248130]: Python main interpreter initialized at 0x55881e677390
Oct 17 12:08:10.873722 podb-esxi207 devstack@n-api.service[2248130]: python threads support enabled
Oct 17 12:08:10.873722 podb-esxi207 devstack@n-api.service[2248130]: your server socket listen backlog is limited to 100 connections
Oct 17 12:08:10.873722 podb-esxi207 devstack@n-api.service[2248130]: your mercy for graceful operations on workers is 80 seconds
Oct 17 12:08:10.874203 podb-esxi207 devstack@n-api.service[2248130]: mapped 671795 bytes (656 KB) for 4 cores
Oct 17 12:08:10.874203 podb-esxi207 devstack@n-api.service[2248130]: *** Operational MODE: preforking ***
Oct 17 12:08:10.874358 podb-esxi207 devstack@n-api.service[2248130]: *** uWSGI is running in multiple interpreter mode ***
Oct 17 12:08:10.874358 podb-esxi207 devstack@n-api.service[2248130]: spawned uWSGI master process (pid: 2248130)
Oct 17 12:08:10.874594 podb-esxi207 systemd[1]: Started Devstack devstack@n-api.service.
Oct 17 12:08:10.875077 podb-esxi207 devstack@n-api.service[2248130]: spawned uWSGI worker 1 (pid: 2248131, cores: 1)
Oct 17 12:08:10.875077 podb-esxi207 devstack@n-api.service[2248130]: spawned uWSGI worker 2 (pid: 2248132, cores: 1)
Oct 17 12:08:10.875280 podb-esxi207 devstack@n-api.service[2248130]: spawned uWSGI worker 3 (pid: 2248133, cores: 1)
Oct 17 12:08:10.875616 podb-esxi207 devstack@n-api.service[2248130]: spawned uWSGI worker 4 (pid: 2248134, cores: 1)
Oct 17 12:08:10.875616 podb-esxi207 devstack@n-api.service[2248130]: running "unix_signal:15 gracefully_kill_them_all" (master-start)...
Oct 17 12:08:14.270384 podb-esxi207 devstack@n-api.service[2248131]: WSGI app 0 (mountpoint='') ready in 4 seconds on interpreter 0x55881e677390 pid: 2248131 (default app)
Oct 17 12:08:14.274460 podb-esxi207 devstack@n-api.service[2248133]: WSGI app 0 (mountpoint='') ready in 4 seconds on interpreter 0x55881e677390 pid: 2248133 (default app)
Oct 17 12:08:14.275126 podb-esxi207 devstack@n-api.service[2248134]: WSGI app 0 (mountpoint='') ready in 4 seconds on interpreter 0x55881e677390 pid: 2248134 (default app)
Oct 17 12:08:14.276262 podb-esxi207 devstack@n-api.service[2248131]: [pid: 2248131|app: 0|req: 1/1] 172.25.66.207 () {50 vars in 792 bytes} [Fri Oct 17 12:08:14 2025] GET /compute/v2.1/ => generated 391 bytes in 5 msecs (HTTP/1.1 200) 9 headers in 357 bytes (1 switches on core 0)
Oct 17 12:08:14.278425 podb-esxi207 devstack@n-api.service[2248132]: WSGI app 0 (mountpoint='') ready in 4 seconds on interpreter 0x55881e677390 pid: 2248132 (default app)
Oct 17 12:09:25.651296 podb-esxi207 devstack@n-api.service[2248133]: [pid: 2248133|app: 0|req: 1/2] 172.25.66.207 () {54 vars in 935 bytes} [Fri Oct 17 12:09:25 2025] GET /compute/v2.1 => generated 391 bytes in 7 msecs (HTTP/1.1 200) 9 headers in 357 bytes (1 switches on core 0)
Oct 17 12:09:26.388015 podb-esxi207 devstack@n-api.service[2248134]: [pid: 2248134|app: 0|req: 1/3] 172.25.66.207 () {60 vars in 1296 bytes} [Fri Oct 17 12:09:25 2025] GET /compute/v2.1/flavors/detail?is_public=True => generated 15 bytes in 732 msecs (HTTP/1.1 200) 9 headers in 358 bytes (1 switches on core 0)
Oct 17 12:09:27.936427 podb-esxi207 devstack@n-api.service[2248131]: [pid: 2248131|app: 0|req: 2/4] 172.25.66.207 () {54 vars in 935 bytes} [Fri Oct 17 12:09:27 2025] GET /compute/v2.1 => generated 391 bytes in 13 msecs (HTTP/1.1 200) 9 headers in 357 bytes (1 switches on core 0)
Oct 17 12:09:28.642770 podb-esxi207 devstack@n-api.service[2248132]: [pid: 2248132|app: 0|req: 1/5] 172.25.66.207 () {64 vars in 1287 bytes} [Fri Oct 17 12:09:27 2025] POST /compute/v2.1/flavors => generated 411 bytes in 702 msecs (HTTP/1.1 200) 9 headers in 359 bytes (1 switches on core 0)
Oct 17 12:09:28.818640 podb-esxi207 devstack@n-api.service[2248133]: [pid: 2248133|app: 0|req: 2/6] 172.25.66.207 () {64 vars in 1340 bytes} [Fri Oct 17 12:09:28 2025] POST /compute/v2.1/flavors/c1/os-extra_specs => generated 43 bytes in 164 msecs (HTTP/1.1 200) 9 headers in 358 bytes (1 switches on core 0)
Oct 17 12:09:30.334090 podb-esxi207 devstack@n-api.service[2248134]: [pid: 2248134|app: 0|req: 2/7] 172.25.66.207 () {54 vars in 935 bytes} [Fri Oct 17 12:09:30 2025] GET /compute/v2.1 => generated 391 bytes in 12 msecs (HTTP/1.1 200) 9 headers in 357 bytes (1 switches on core 0)
Oct 17 12:09:31.054092 podb-esxi207 devstack@n-api.service[2248131]: [pid: 2248131|app: 0|req: 3/8] 172.25.66.207 () {64 vars in 1287 bytes} [Fri Oct 17 12:09:30 2025] POST /compute/v2.1/flavors => generated 408 bytes in 716 msecs (HTTP/1.1 200) 9 headers in 359 bytes (1 switches on core 0)
Oct 17 12:09:31.118545 podb-esxi207 devstack@n-api.service[2248132]: [pid: 2248132|app: 0|req: 2/9] 172.25.66.207 () {64 vars in 1340 bytes} [Fri Oct 17 12:09:31 2025] POST /compute/v2.1/flavors/d1/os-extra_specs => generated 43 bytes in 52 msecs (HTTP/1.1 200) 9 headers in 358 bytes (1 switches on core 0)
Oct 17 12:09:32.632749 podb-esxi207 devstack@n-api.service[2248133]: [pid: 2248133|app: 0|req: 3/10] 172.25.66.207 () {54 vars in 935 bytes} [Fri Oct 17 12:09:32 2025] GET /compute/v2.1 => generated 391 bytes in 13 msecs (HTTP/1.1 200) 9 headers in 357 bytes (1 switches on core 0)
Oct 17 12:09:32.927962 podb-esxi207 devstack@n-api.service[2248134]: [pid: 2248134|app: 0|req: 3/11] 172.25.66.207 () {64 vars in 1287 bytes} [Fri Oct 17 12:09:32 2025] POST /compute/v2.1/flavors => generated 408 bytes in 290 msecs (HTTP/1.1 200) 9 headers in 359 bytes (1 switches on core 0)
Oct 17 12:09:32.994527 podb-esxi207 devstack@n-api.service[2248131]: [pid: 2248131|app: 0|req: 4/12] 172.25.66.207 () {64 vars in 1340 bytes} [Fri Oct 17 12:09:32 2025] POST /compute/v2.1/flavors/d2/os-extra_specs => generated 43 bytes in 54 msecs (HTTP/1.1 200) 9 headers in 358 bytes (1 switches on core 0)
Oct 17 12:09:34.551290 podb-esxi207 devstack@n-api.service[2248132]: [pid: 2248132|app: 0|req: 3/13] 172.25.66.207 () {54 vars in 935 bytes} [Fri Oct 17 12:09:34 2025] GET /compute/v2.1 => generated 391 bytes in 13 msecs (HTTP/1.1 200) 9 headers in 357 bytes (1 switches on core 0)
Oct 17 12:09:35.197021 podb-esxi207 devstack@n-api.service[2248133]: [pid: 2248133|app: 0|req: 4/14] 172.25.66.207 () {64 vars in 1287 bytes} [Fri Oct 17 12:09:34 2025] POST /compute/v2.1/flavors => generated 408 bytes in 641 msecs (HTTP/1.1 200) 9 headers in 359 bytes (1 switches on core 0)
Oct 17 12:09:35.260762 podb-esxi207 devstack@n-api.service[2248134]: [pid: 2248134|app: 0|req: 4/15] 172.25.66.207 () {64 vars in 1340 bytes} [Fri Oct 17 12:09:35 2025] POST /compute/v2.1/flavors/d3/os-extra_specs => generated 43 bytes in 52 msecs (HTTP/1.1 200) 9 headers in 358 bytes (1 switches on core 0)
Oct 17 12:09:36.754767 podb-esxi207 devstack@n-api.service[2248131]: [pid: 2248131|app: 0|req: 5/16] 172.25.66.207 () {54 vars in 935 bytes} [Fri Oct 17 12:09:36 2025] GET /compute/v2.1 => generated 391 bytes in 14 msecs (HTTP/1.1 200) 9 headers in 357 bytes (1 switches on core 0)
Oct 17 12:09:37.021401 podb-esxi207 devstack@n-api.service[2248132]: [pid: 2248132|app: 0|req: 4/17] 172.25.66.207 () {64 vars in 1287 bytes} [Fri Oct 17 12:09:36 2025] POST /compute/v2.1/flavors => generated 408 bytes in 262 msecs (HTTP/1.1 200) 9 headers in 359 bytes (1 switches on core 0)
Oct 17 12:09:37.075182 podb-esxi207 devstack@n-api.service[2248133]: [pid: 2248133|app: 0|req: 5/18] 172.25.66.207 () {64 vars in 1340 bytes} [Fri Oct 17 12:09:37 2025] POST /compute/v2.1/flavors/d4/os-extra_specs => generated 43 bytes in 41 msecs (HTTP/1.1 200) 9 headers in 358 bytes (1 switches on core 0)
Oct 17 12:09:38.616513 podb-esxi207 devstack@n-api.service[2248134]: [pid: 2248134|app: 0|req: 5/19] 172.25.66.207 () {54 vars in 935 bytes} [Fri Oct 17 12:09:38 2025] GET /compute/v2.1 => generated 391 bytes in 12 msecs (HTTP/1.1 200) 9 headers in 357 bytes (1 switches on core 0)
Oct 17 12:09:39.000243 podb-esxi207 devstack@n-api.service[2248131]: [pid: 2248131|app: 0|req: 6/20] 172.25.66.207 () {60 vars in 1296 bytes} [Fri Oct 17 12:09:38 2025] GET /compute/v2.1/flavors/detail?is_public=True => generated 2126 bytes in 379 msecs (HTTP/1.1 200) 9 headers in 360 bytes (1 switches on core 0)
Oct 17 12:09:40.519115 podb-esxi207 devstack@n-api.service[2248132]: [pid: 2248132|app: 0|req: 5/21] 172.25.66.207 () {54 vars in 935 bytes} [Fri Oct 17 12:09:40 2025] GET /compute/v2.1 => generated 391 bytes in 12 msecs (HTTP/1.1 200) 9 headers in 357 bytes (1 switches on core 0)
Oct 17 12:09:40.840112 podb-esxi207 devstack@n-api.service[2248133]: [pid: 2248133|app: 0|req: 6/22] 172.25.66.207 () {64 vars in 1287 bytes} [Fri Oct 17 12:09:40 2025] POST /compute/v2.1/flavors => generated 406 bytes in 317 msecs (HTTP/1.1 200) 9 headers in 359 bytes (1 switches on core 0)
Oct 17 12:09:40.893293 podb-esxi207 devstack@n-api.service[2248134]: [pid: 2248134|app: 0|req: 6/23] 172.25.66.207 () {64 vars in 1337 bytes} [Fri Oct 17 12:09:40 2025] POST /compute/v2.1/flavors/1/os-extra_specs => generated 43 bytes in 40 msecs (HTTP/1.1 200) 9 headers in 358 bytes (1 switches on core 0)
Oct 17 12:09:42.399456 podb-esxi207 devstack@n-api.service[2248131]: [pid: 2248131|app: 0|req: 7/24] 172.25.66.207 () {54 vars in 935 bytes} [Fri Oct 17 12:09:42 2025] GET /compute/v2.1 => generated 391 bytes in 13 msecs (HTTP/1.1 200) 9 headers in 357 bytes (1 switches on core 0)
Oct 17 12:09:42.671941 podb-esxi207 devstack@n-api.service[2248132]: [pid: 2248132|app: 0|req: 6/25] 172.25.66.207 () {64 vars in 1287 bytes} [Fri Oct 17 12:09:42 2025] POST /compute/v2.1/flavors => generated 409 bytes in 266 msecs (HTTP/1.1 200) 9 headers in 359 bytes (1 switches on core 0)
Oct 17 12:09:42.725117 podb-esxi207 devstack@n-api.service[2248133]: [pid: 2248133|app: 0|req: 7/26] 172.25.66.207 () {64 vars in 1337 bytes} [Fri Oct 17 12:09:42 2025] POST /compute/v2.1/flavors/2/os-extra_specs => generated 43 bytes in 41 msecs (HTTP/1.1 200) 9 headers in 358 bytes (1 switches on core 0)
Oct 17 12:09:44.249912 podb-esxi207 devstack@n-api.service[2248134]: [pid: 2248134|app: 0|req: 7/27] 172.25.66.207 () {54 vars in 935 bytes} [Fri Oct 17 12:09:44 2025] GET /compute/v2.1 => generated 391 bytes in 12 msecs (HTTP/1.1 200) 9 headers in 357 bytes (1 switches on core 0)
Oct 17 12:09:44.577948 podb-esxi207 devstack@n-api.service[2248131]: [pid: 2248131|app: 0|req: 8/28] 172.25.66.207 () {64 vars in 1287 bytes} [Fri Oct 17 12:09:44 2025] POST /compute/v2.1/flavors => generated 410 bytes in 322 msecs (HTTP/1.1 200) 9 headers in 359 bytes (1 switches on core 0)
Oct 17 12:09:44.631270 podb-esxi207 devstack@n-api.service[2248132]: [pid: 2248132|app: 0|req: 7/29] 172.25.66.207 () {64 vars in 1337 bytes} [Fri Oct 17 12:09:44 2025] POST /compute/v2.1/flavors/3/os-extra_specs => generated 43 bytes in 41 msecs (HTTP/1.1 200) 9 headers in 358 bytes (1 switches on core 0)
Oct 17 12:09:46.139402 podb-esxi207 devstack@n-api.service[2248133]: [pid: 2248133|app: 0|req: 8/30] 172.25.66.207 () {54 vars in 935 bytes} [Fri Oct 17 12:09:46 2025] GET /compute/v2.1 => generated 391 bytes in 12 msecs (HTTP/1.1 200) 9 headers in 357 bytes (1 switches on core 0)
Oct 17 12:09:46.489486 podb-esxi207 devstack@n-api.service[2248134]: [pid: 2248134|app: 0|req: 8/31] 172.25.66.207 () {64 vars in 1287 bytes} [Fri Oct 17 12:09:46 2025] POST /compute/v2.1/flavors => generated 409 bytes in 345 msecs (HTTP/1.1 200) 9 headers in 359 bytes (1 switches on core 0)
Oct 17 12:09:46.544386 podb-esxi207 devstack@n-api.service[2248131]: [pid: 2248131|app: 0|req: 9/32] 172.25.66.207 () {64 vars in 1337 bytes} [Fri Oct 17 12:09:46 2025] POST /compute/v2.1/flavors/4/os-extra_specs => generated 43 bytes in 42 msecs (HTTP/1.1 200) 9 headers in 358 bytes (1 switches on core 0)
Oct 17 12:09:48.082594 podb-esxi207 devstack@n-api.service[2248132]: [pid: 2248132|app: 0|req: 8/33] 172.25.66.207 () {54 vars in 935 bytes} [Fri Oct 17 12:09:48 2025] GET /compute/v2.1 => generated 391 bytes in 12 msecs (HTTP/1.1 200) 9 headers in 357 bytes (1 switches on core 0)
Oct 17 12:09:48.431172 podb-esxi207 devstack@n-api.service[2248133]: [pid: 2248133|app: 0|req: 9/34] 172.25.66.207 () {64 vars in 1287 bytes} [Fri Oct 17 12:09:48 2025] POST /compute/v2.1/flavors => generated 412 bytes in 344 msecs (HTTP/1.1 200) 9 headers in 359 bytes (1 switches on core 0)
Oct 17 12:09:48.478880 podb-esxi207 devstack@n-api.service[2248134]: [pid: 2248134|app: 0|req: 9/35] 172.25.66.207 () {64 vars in 1337 bytes} [Fri Oct 17 12:09:48 2025] POST /compute/v2.1/flavors/5/os-extra_specs => generated 43 bytes in 35 msecs (HTTP/1.1 200) 9 headers in 358 bytes (1 switches on core 0)
Oct 17 12:10:00.011785 podb-esxi207 devstack@n-api.service[2248131]: [pid: 2248131|app: 0|req: 10/36] 172.25.66.207 () {54 vars in 935 bytes} [Fri Oct 17 12:09:59 2025] GET /compute/v2.1 => generated 391 bytes in 12 msecs (HTTP/1.1 200) 9 headers in 357 bytes (1 switches on core 0)
Oct 17 12:10:00.382229 podb-esxi207 devstack@n-api.service[2248132]: [pid: 2248132|app: 0|req: 9/37] 172.25.66.207 () {60 vars in 1333 bytes} [Fri Oct 17 12:10:00 2025] GET /compute/v2.1/os-services?binary=nova-compute&host=podb-esxi207 => generated 255 bytes in 366 msecs (HTTP/1.1 200) 9 headers in 359 bytes (1 switches on core 0)
Oct 17 12:10:27.490858 podb-esxi207 devstack@n-api.service[2248133]: [pid: 2248133|app: 0|req: 10/38] 172.25.66.207 () {54 vars in 935 bytes} [Fri Oct 17 12:10:27 2025] GET /compute/v2.1 => generated 391 bytes in 12 msecs (HTTP/1.1 200) 9 headers in 357 bytes (1 switches on core 0)
Oct 17 12:10:27.851136 podb-esxi207 devstack@n-api.service[2248134]: [pid: 2248134|app: 0|req: 10/39] 172.25.66.207 () {60 vars in 1296 bytes} [Fri Oct 17 12:10:27 2025] GET /compute/v2.1/flavors/detail?is_public=True => generated 4242 bytes in 356 msecs (HTTP/1.1 200) 9 headers in 360 bytes (1 switches on core 0)
Oct 17 12:10:31.570499 podb-esxi207 devstack@n-api.service[2248131]: [pid: 2248131|app: 0|req: 11/40] 172.25.66.207 () {54 vars in 935 bytes} [Fri Oct 17 12:10:31 2025] GET /compute/v2.1 => generated 391 bytes in 13 msecs (HTTP/1.1 200) 9 headers in 357 bytes (1 switches on core 0)
Oct 17 12:10:31.930638 podb-esxi207 devstack@n-api.service[2248132]: [pid: 2248132|app: 0|req: 10/41] 172.25.66.207 () {64 vars in 1287 bytes} [Fri Oct 17 12:10:31 2025] POST /compute/v2.1/flavors => generated 409 bytes in 356 msecs (HTTP/1.1 200) 9 headers in 359 bytes (1 switches on core 0)
Oct 17 12:10:31.983076 podb-esxi207 devstack@n-api.service[2248133]: [pid: 2248133|app: 0|req: 11/42] 172.25.66.207 () {64 vars in 1340 bytes} [Fri Oct 17 12:10:31 2025] POST /compute/v2.1/flavors/42/os-extra_specs => generated 43 bytes in 41 msecs (HTTP/1.1 200) 9 headers in 358 bytes (1 switches on core 0)
Oct 17 12:10:35.382963 podb-esxi207 devstack@n-api.service[2248134]: [pid: 2248134|app: 0|req: 11/43] 172.25.66.207 () {54 vars in 935 bytes} [Fri Oct 17 12:10:35 2025] GET /compute/v2.1 => generated 391 bytes in 12 msecs (HTTP/1.1 200) 9 headers in 357 bytes (1 switches on core 0)
Oct 17 12:10:35.726303 podb-esxi207 devstack@n-api.service[2248131]: [pid: 2248131|app: 0|req: 12/44] 172.25.66.207 () {64 vars in 1287 bytes} [Fri Oct 17 12:10:35 2025] POST /compute/v2.1/flavors => generated 410 bytes in 339 msecs (HTTP/1.1 200) 9 headers in 359 bytes (1 switches on core 0)
Oct 17 12:10:35.780522 podb-esxi207 devstack@n-api.service[2248132]: [pid: 2248132|app: 0|req: 11/45] 172.25.66.207 () {64 vars in 1340 bytes} [Fri Oct 17 12:10:35 2025] POST /compute/v2.1/flavors/84/os-extra_specs => generated 43 bytes in 43 msecs (HTTP/1.1 200) 9 headers in 358 bytes (1 switches on core 0)
Oct 17 12:16:58.452928 podb-esxi207 devstack@n-api.service[2248133]: [pid: 2248133|app: 0|req: 12/46] 172.25.66.207 () {54 vars in 935 bytes} [Fri Oct 17 12:16:58 2025] GET /compute/v2.1 => generated 391 bytes in 12 msecs (HTTP/1.1 200) 9 headers in 357 bytes (1 switches on core 0)
Oct 17 12:16:58.632514 podb-esxi207 devstack@n-api.service[2248134]: [pid: 2248134|app: 0|req: 12/47] 172.25.66.207 () {60 vars in 1294 bytes} [Fri Oct 17 12:16:58 2025] GET /compute/v2.1/servers/detail?deleted=False => generated 15 bytes in 175 msecs (HTTP/1.1 200) 9 headers in 358 bytes (1 switches on core 0)
Oct 17 12:17:32.805870 podb-esxi207 devstack@n-api.service[2248131]: [pid: 2248131|app: 0|req: 13/48] 172.25.66.207 () {60 vars in 1151 bytes} [Fri Oct 17 12:17:31 2025] POST /compute/v2.1/servers => generated 387 bytes in 1756 msecs (HTTP/1.1 202) 10 headers in 453 bytes (1 switches on core 0)
Oct 17 12:17:33.061780 podb-esxi207 devstack@n-api.service[2248132]: [pid: 2248132|app: 0|req: 12/49] 172.25.66.207 () {58 vars in 1240 bytes} [Fri Oct 17 12:17:32 2025] GET /compute/v2.1/servers/5da88a63-9be0-4f7d-a0a0-0ae01ac4bfd4 => generated 1228 bytes in 244 msecs (HTTP/1.1 200) 9 headers in 358 bytes (1 switches on core 0)
Oct 17 12:17:34.166510 podb-esxi207 devstack@n-api.service[2248133]: [pid: 2248133|app: 0|req: 13/50] 172.25.66.207 () {60 vars in 1151 bytes} [Fri Oct 17 12:17:33 2025] POST /compute/v2.1/servers => generated 387 bytes in 981 msecs (HTTP/1.1 202) 10 headers in 453 bytes (1 switches on core 0)
Oct 17 12:17:34.648735 podb-esxi207 devstack@n-api.service[2248134]: [pid: 2248134|app: 0|req: 13/51] 172.25.66.207 () {58 vars in 1240 bytes} [Fri Oct 17 12:17:34 2025] GET /compute/v2.1/servers/ce75246e-69b4-4d4a-9abe-82c20914edff => generated 1228 bytes in 472 msecs (HTTP/1.1 200) 9 headers in 358 bytes (1 switches on core 0)
Oct 17 12:17:36.054727 podb-esxi207 devstack@n-api.service[2248131]: [pid: 2248131|app: 0|req: 14/52] 172.25.66.207 () {58 vars in 1240 bytes} [Fri Oct 17 12:17:35 2025] GET /compute/v2.1/servers/ce75246e-69b4-4d4a-9abe-82c20914edff => generated 1224 bytes in 378 msecs (HTTP/1.1 200) 9 headers in 358 bytes (1 switches on core 0)
Oct 17 12:17:37.277640 podb-esxi207 devstack@n-api.service[2248132]: [pid: 2248132|app: 0|req: 13/53] 172.25.66.207 () {58 vars in 1240 bytes} [Fri Oct 17 12:17:37 2025] GET /compute/v2.1/servers/ce75246e-69b4-4d4a-9abe-82c20914edff => generated 1280 bytes in 195 msecs (HTTP/1.1 200) 9 headers in 358 bytes (1 switches on core 0)
Oct 17 12:17:38.418039 podb-esxi207 devstack@n-api.service[2248133]: [pid: 2248133|app: 0|req: 14/54] 172.25.66.207 () {60 vars in 1151 bytes} [Fri Oct 17 12:17:37 2025] POST /compute/v2.1/servers => generated 384 bytes in 736 msecs (HTTP/1.1 202) 10 headers in 453 bytes (2 switches on core 0)
Oct 17 12:17:38.513058 podb-esxi207 devstack@n-api.service[2248131]: [pid: 2248131|app: 0|req: 15/55] 172.25.66.207 () {58 vars in 1240 bytes} [Fri Oct 17 12:17:38 2025] GET /compute/v2.1/servers/af23e94e-bf0a-4b98-8b71-2107b29b330c => generated 1223 bytes in 85 msecs (HTTP/1.1 200) 9 headers in 358 bytes (1 switches on core 0)
Oct 17 12:17:38.685405 podb-esxi207 devstack@n-api.service[2248134]: [pid: 2248134|app: 0|req: 14/56] 172.25.66.207 () {58 vars in 1240 bytes} [Fri Oct 17 12:17:38 2025] GET /compute/v2.1/servers/ce75246e-69b4-4d4a-9abe-82c20914edff => generated 1280 bytes in 382 msecs (HTTP/1.1 200) 9 headers in 358 bytes (1 switches on core 0)
Oct 17 12:17:39.055128 podb-esxi207 devstack@n-api.service[2248132]: [pid: 2248132|app: 0|req: 14/57] 172.25.66.207 () {60 vars in 1163 bytes} [Fri Oct 17 12:17:38 2025] POST /compute/v2.1/os-keypairs => generated 385 bytes in 431 msecs (HTTP/1.1 200) 9 headers in 357 bytes (1 switches on core 0)
Oct 17 12:17:39.238813 podb-esxi207 devstack@n-api.service[2248133]: [pid: 2248133|app: 0|req: 15/58] 172.25.66.207 () {64 vars in 1321 bytes} [Fri Oct 17 12:17:39 2025] POST /compute/v2.1/os-server-external-events => generated 179 bytes in 126 msecs (HTTP/1.1 200) 9 headers in 357 bytes (1 switches on core 0)
Oct 17 12:17:39.634522 podb-esxi207 devstack@n-api.service[2248131]: [pid: 2248131|app: 0|req: 16/59] 172.25.66.207 () {58 vars in 1240 bytes} [Fri Oct 17 12:17:39 2025] GET /compute/v2.1/servers/af23e94e-bf0a-4b98-8b71-2107b29b330c => generated 1227 bytes in 95 msecs (HTTP/1.1 200) 9 headers in 358 bytes (1 switches on core 0)
Oct 17 12:17:39.816625 podb-esxi207 devstack@n-api.service[2248134]: [pid: 2248134|app: 0|req: 15/60] 172.25.66.207 () {58 vars in 1240 bytes} [Fri Oct 17 12:17:39 2025] GET /compute/v2.1/servers/ce75246e-69b4-4d4a-9abe-82c20914edff => generated 1288 bytes in 104 msecs (HTTP/1.1 200) 9 headers in 358 bytes (1 switches on core 0)
Oct 17 12:17:40.830387 podb-esxi207 devstack@n-api.service[2248132]: [pid: 2248132|app: 0|req: 15/61] 172.25.66.207 () {60 vars in 1151 bytes} [Fri Oct 17 12:17:40 2025] POST /compute/v2.1/servers => generated 410 bytes in 768 msecs (HTTP/1.1 202) 10 headers in 453 bytes (1 switches on core 0)
Oct 17 12:17:40.921897 podb-esxi207 devstack@n-api.service[2248131]: [pid: 2248131|app: 0|req: 17/62] 172.25.66.207 () {58 vars in 1240 bytes} [Fri Oct 17 12:17:40 2025] GET /compute/v2.1/servers/2a33a589-d992-4a5a-8875-322de7e0aa25 => generated 1250 bytes in 84 msecs (HTTP/1.1 200) 9 headers in 358 bytes (1 switches on core 0)
Oct 17 12:17:40.988152 podb-esxi207 devstack@n-api.service[2248133]: [pid: 2248133|app: 0|req: 16/63] 172.25.66.207 () {58 vars in 1240 bytes} [Fri Oct 17 12:17:40 2025] GET /compute/v2.1/servers/af23e94e-bf0a-4b98-8b71-2107b29b330c => generated 1219 bytes in 327 msecs (HTTP/1.1 200) 9 headers in 358 bytes (1 switches on core 0)
Oct 17 12:17:41.053772 podb-esxi207 devstack@n-api.service[2248134]: [pid: 2248134|app: 0|req: 16/64] 172.25.66.207 () {58 vars in 1240 bytes} [Fri Oct 17 12:17:40 2025] GET /compute/v2.1/servers/ce75246e-69b4-4d4a-9abe-82c20914edff => generated 1330 bytes in 210 msecs (HTTP/1.1 200) 9 headers in 358 bytes (1 switches on core 0)
Oct 17 12:17:41.441998 podb-esxi207 devstack@n-api.service[2248132]: [pid: 2248132|app: 0|req: 16/65] 172.25.66.207 () {64 vars in 1321 bytes} [Fri Oct 17 12:17:41 2025] POST /compute/v2.1/os-server-external-events => generated 179 bytes in 106 msecs (HTTP/1.1 200) 9 headers in 357 bytes (1 switches on core 0)
Oct 17 12:17:41.830248 podb-esxi207 devstack@n-api.service[2248131]: [pid: 2248131|app: 0|req: 18/66] 172.25.66.207 () {60 vars in 1163 bytes} [Fri Oct 17 12:17:41 2025] POST /compute/v2.1/os-keypairs => generated 385 bytes in 175 msecs (HTTP/1.1 200) 9 headers in 357 bytes (1 switches on core 0)
Oct 17 12:17:42.056772 podb-esxi207 devstack@n-api.service[2248133]: [pid: 2248133|app: 0|req: 17/67] 172.25.66.207 () {58 vars in 1240 bytes} [Fri Oct 17 12:17:41 2025] GET /compute/v2.1/servers/2a33a589-d992-4a5a-8875-322de7e0aa25 => generated 1254 bytes in 108 msecs (HTTP/1.1 200) 9 headers in 358 bytes (1 switches on core 0)
Oct 17 12:17:42.102424 podb-esxi207 devstack@n-api.service[2248134]: [pid: 2248134|app: 0|req: 17/68] 172.25.66.207 () {58 vars in 1240 bytes} [Fri Oct 17 12:17:42 2025] GET /compute/v2.1/servers/af23e94e-bf0a-4b98-8b71-2107b29b330c => generated 1219 bytes in 85 msecs (HTTP/1.1 200) 9 headers in 358 bytes (1 switches on core 0)
Oct 17 12:17:42.335426 podb-esxi207 devstack@n-api.service[2248132]: [pid: 2248132|app: 0|req: 17/69] 172.25.66.207 () {58 vars in 1240 bytes} [Fri Oct 17 12:17:42 2025] GET /compute/v2.1/servers/ce75246e-69b4-4d4a-9abe-82c20914edff => generated 1328 bytes in 256 msecs (HTTP/1.1 200) 9 headers in 358 bytes (1 switches on core 0)
Oct 17 12:17:43.183996 podb-esxi207 devstack@n-api.service[2248133]: [pid: 2248133|app: 0|req: 18/70] 172.25.66.207 () {58 vars in 1240 bytes} [Fri Oct 17 12:17:43 2025] GET /compute/v2.1/servers/2a33a589-d992-4a5a-8875-322de7e0aa25 => generated 1246 bytes in 100 msecs (HTTP/1.1 200) 9 headers in 358 bytes (1 switches on core 0)
Oct 17 12:17:43.227054 podb-esxi207 devstack@n-api.service[2248134]: [pid: 2248134|app: 0|req: 18/71] 172.25.66.207 () {58 vars in 1240 bytes} [Fri Oct 17 12:17:43 2025] GET /compute/v2.1/servers/af23e94e-bf0a-4b98-8b71-2107b29b330c => generated 1275 bytes in 95 msecs (HTTP/1.1 200) 9 headers in 358 bytes (1 switches on core 0)
Oct 17 12:17:43.382809 podb-esxi207 devstack@n-api.service[2248131]: [pid: 2248131|app: 0|req: 19/72] 172.25.66.207 () {60 vars in 1151 bytes} [Fri Oct 17 12:17:42 2025] POST /compute/v2.1/servers => generated 409 bytes in 504 msecs (HTTP/1.1 202) 10 headers in 453 bytes (1 switches on core 0)
Oct 17 12:17:43.482864 podb-esxi207 devstack@n-api.service[2248133]: [pid: 2248133|app: 0|req: 19/73] 172.25.66.207 () {58 vars in 1240 bytes} [Fri Oct 17 12:17:43 2025] GET /compute/v2.1/servers/09660027-2e63-464b-a89a-6e20de4aca66 => generated 1250 bytes in 90 msecs (HTTP/1.1 200) 9 headers in 358 bytes (1 switches on core 0)
Oct 17 12:17:43.575112 podb-esxi207 devstack@n-api.service[2248132]: [pid: 2248132|app: 0|req: 18/74] 172.25.66.207 () {58 vars in 1240 bytes} [Fri Oct 17 12:17:43 2025] GET /compute/v2.1/servers/ce75246e-69b4-4d4a-9abe-82c20914edff => generated 1328 bytes in 212 msecs (HTTP/1.1 200) 9 headers in 358 bytes (1 switches on core 0)
Oct 17 12:17:44.301076 podb-esxi207 devstack@n-api.service[2248134]: [pid: 2248134|app: 0|req: 19/75] 172.25.66.207 () {58 vars in 1240 bytes} [Fri Oct 17 12:17:44 2025] GET /compute/v2.1/servers/2a33a589-d992-4a5a-8875-322de7e0aa25 => generated 1246 bytes in 91 msecs (HTTP/1.1 200) 9 headers in 358 bytes (1 switches on core 0)
Oct 17 12:17:44.365692 podb-esxi207 devstack@n-api.service[2248131]: [pid: 2248131|app: 0|req: 20/76] 172.25.66.207 () {58 vars in 1240 bytes} [Fri Oct 17 12:17:44 2025] GET /compute/v2.1/servers/af23e94e-bf0a-4b98-8b71-2107b29b330c => generated 1275 bytes in 113 msecs (HTTP/1.1 200) 9 headers in 358 bytes (1 switches on core 0)
Oct 17 12:17:44.627827 podb-esxi207 devstack@n-api.service[2248133]: [pid: 2248133|app: 0|req: 20/77] 172.25.66.207 () {58 vars in 1240 bytes} [Fri Oct 17 12:17:44 2025] GET /compute/v2.1/servers/09660027-2e63-464b-a89a-6e20de4aca66 => generated 1254 bytes in 118 msecs (HTTP/1.1 200) 9 headers in 358 bytes (1 switches on core 0)
Oct 17 12:17:44.769090 podb-esxi207 devstack@n-api.service[2248132]: [pid: 2248132|app: 0|req: 19/78] 172.25.66.207 () {58 vars in 1240 bytes} [Fri Oct 17 12:17:44 2025] GET /compute/v2.1/servers/ce75246e-69b4-4d4a-9abe-82c20914edff => generated 1328 bytes in 169 msecs (HTTP/1.1 200) 9 headers in 358 bytes (1 switches on core 0)
Oct 17 12:17:45.423899 podb-esxi207 devstack@n-api.service[2248134]: [pid: 2248134|app: 0|req: 20/79] 172.25.66.207 () {58 vars in 1240 bytes} [Fri Oct 17 12:17:45 2025] GET /compute/v2.1/servers/2a33a589-d992-4a5a-8875-322de7e0aa25 => generated 1302 bytes in 96 msecs (HTTP/1.1 200) 9 headers in 358 bytes (1 switches on core 0)
Oct 17 12:17:45.484947 podb-esxi207 devstack@n-api.service[2248131]: [pid: 2248131|app: 0|req: 21/80] 172.25.66.207 () {58 vars in 1240 bytes} [Fri Oct 17 12:17:45 2025] GET /compute/v2.1/servers/af23e94e-bf0a-4b98-8b71-2107b29b330c => generated 1283 bytes in 94 msecs (HTTP/1.1 200) 9 headers in 358 bytes (1 switches on core 0)
Oct 17 12:17:45.776319 podb-esxi207 devstack@n-api.service[2248133]: [pid: 2248133|app: 0|req: 21/81] 172.25.66.207 () {58 vars in 1240 bytes} [Fri Oct 17 12:17:45 2025] GET /compute/v2.1/servers/09660027-2e63-464b-a89a-6e20de4aca66 => generated 1246 bytes in 122 msecs (HTTP/1.1 200) 9 headers in 358 bytes (1 switches on core 0)
Oct 17 12:17:45.979156 podb-esxi207 devstack@n-api.service[2248132]: [pid: 2248132|app: 0|req: 20/82] 172.25.66.207 () {58 vars in 1240 bytes} [Fri Oct 17 12:17:45 2025] GET /compute/v2.1/servers/ce75246e-69b4-4d4a-9abe-82c20914edff => generated 1328 bytes in 185 msecs (HTTP/1.1 200) 9 headers in 358 bytes (1 switches on core 0)
Oct 17 12:17:46.538466 podb-esxi207 devstack@n-api.service[2248134]: [pid: 2248134|app: 0|req: 21/83] 172.25.66.207 () {58 vars in 1240 bytes} [Fri Oct 17 12:17:46 2025] GET /compute/v2.1/servers/2a33a589-d992-4a5a-8875-322de7e0aa25 => generated 1302 bytes in 90 msecs (HTTP/1.1 200) 9 headers in 358 bytes (1 switches on core 0)
Oct 17 12:17:46.694802 podb-esxi207 devstack@n-api.service[2248133]: [pid: 2248133|app: 0|req: 22/84] 172.25.66.207 () {64 vars in 1321 bytes} [Fri Oct 17 12:17:46 2025] POST /compute/v2.1/os-server-external-events => generated 179 bytes in 71 msecs (HTTP/1.1 200) 9 headers in 357 bytes (1 switches on core 0)
Oct 17 12:17:46.778705 podb-esxi207 devstack@n-api.service[2248132]: [pid: 2248132|app: 0|req: 21/85] 172.25.66.207 () {64 vars in 1321 bytes} [Fri Oct 17 12:17:46 2025] POST /compute/v2.1/os-server-external-events => generated 183 bytes in 91 msecs (HTTP/1.1 200) 9 headers in 357 bytes (1 switches on core 0)
Oct 17 12:17:46.798928 podb-esxi207 devstack@n-api.service[2248131]: [pid: 2248131|app: 0|req: 22/86] 172.25.66.207 () {58 vars in 1240 bytes} [Fri Oct 17 12:17:46 2025] GET /compute/v2.1/servers/af23e94e-bf0a-4b98-8b71-2107b29b330c => generated 1325 bytes in 287 msecs (HTTP/1.1 200) 9 headers in 358 bytes (1 switches on core 0)
Oct 17 12:17:46.895506 podb-esxi207 devstack@n-api.service[2248134]: [pid: 2248134|app: 0|req: 22/87] 172.25.66.207 () {58 vars in 1240 bytes} [Fri Oct 17 12:17:46 2025] GET /compute/v2.1/servers/09660027-2e63-464b-a89a-6e20de4aca66 => generated 1246 bytes in 89 msecs (HTTP/1.1 200) 9 headers in 358 bytes (1 switches on core 0)
Oct 17 12:17:47.249263 podb-esxi207 devstack@n-api.service[2248133]: [pid: 2248133|app: 0|req: 23/88] 172.25.66.207 () {58 vars in 1240 bytes} [Fri Oct 17 12:17:47 2025] GET /compute/v2.1/servers/ce75246e-69b4-4d4a-9abe-82c20914edff => generated 1328 bytes in 245 msecs (HTTP/1.1 200) 9 headers in 358 bytes (2 switches on core 0)
Oct 17 12:17:47.651028 podb-esxi207 devstack@n-api.service[2248132]: [pid: 2248132|app: 0|req: 22/89] 172.25.66.207 () {58 vars in 1240 bytes} [Fri Oct 17 12:17:47 2025] GET /compute/v2.1/servers/2a33a589-d992-4a5a-8875-322de7e0aa25 => generated 1310 bytes in 95 msecs (HTTP/1.1 200) 9 headers in 358 bytes (1 switches on core 0)
Oct 17 12:17:47.996223 podb-esxi207 devstack@n-api.service[2248131]: [pid: 2248131|app: 0|req: 23/90] 172.25.66.207 () {58 vars in 1240 bytes} [Fri Oct 17 12:17:47 2025] GET /compute/v2.1/servers/af23e94e-bf0a-4b98-8b71-2107b29b330c => generated 1323 bytes in 172 msecs (HTTP/1.1 200) 9 headers in 358 bytes (1 switches on core 0)
Oct 17 12:17:48.019600 podb-esxi207 devstack@n-api.service[2248134]: [pid: 2248134|app: 0|req: 23/91] 172.25.66.207 () {58 vars in 1240 bytes} [Fri Oct 17 12:17:47 2025] GET /compute/v2.1/servers/09660027-2e63-464b-a89a-6e20de4aca66 => generated 1302 bytes in 97 msecs (HTTP/1.1 200) 9 headers in 358 bytes (1 switches on core 0)
Oct 17 12:17:48.479320 podb-esxi207 devstack@n-api.service[2248133]: [pid: 2248133|app: 0|req: 24/92] 172.25.66.207 () {58 vars in 1240 bytes} [Fri Oct 17 12:17:48 2025] GET /compute/v2.1/servers/ce75246e-69b4-4d4a-9abe-82c20914edff => generated 1328 bytes in 203 msecs (HTTP/1.1 200) 9 headers in 358 bytes (1 switches on core 0)
Oct 17 12:17:48.839558 podb-esxi207 devstack@n-api.service[2248132]: [pid: 2248132|app: 0|req: 23/93] 172.25.66.207 () {58 vars in 1240 bytes} [Fri Oct 17 12:17:48 2025] GET /compute/v2.1/servers/2a33a589-d992-4a5a-8875-322de7e0aa25 => generated 1378 bytes in 165 msecs (HTTP/1.1 200) 9 headers in 358 bytes (1 switches on core 0)
Oct 17 12:17:48.855628 podb-esxi207 devstack@n-api.service[2248131]: [pid: 2248131|app: 0|req: 24/94] 172.25.66.207 () {64 vars in 1321 bytes} [Fri Oct 17 12:17:48 2025] POST /compute/v2.1/os-server-external-events => generated 183 bytes in 61 msecs (HTTP/1.1 200) 9 headers in 357 bytes (1 switches on core 0)
Oct 17 12:17:49.083248 podb-esxi207 devstack@n-api.service[2248133]: [pid: 2248133|app: 0|req: 25/95] 172.25.66.207 () {64 vars in 1321 bytes} [Fri Oct 17 12:17:49 2025] POST /compute/v2.1/os-server-external-events => generated 179 bytes in 48 msecs (HTTP/1.1 200) 9 headers in 357 bytes (1 switches on core 0)
Oct 17 12:17:49.138351 podb-esxi207 devstack@n-api.service[2248132]: [pid: 2248132|app: 0|req: 24/96] 172.25.66.207 () {58 vars in 1240 bytes} [Fri Oct 17 12:17:49 2025] GET /compute/v2.1/servers/09660027-2e63-464b-a89a-6e20de4aca66 => generated 1302 bytes in 94 msecs (HTTP/1.1 200) 9 headers in 358 bytes (1 switches on core 0)
Oct 17 12:17:49.214513 podb-esxi207 devstack@n-api.service[2248134]: [pid: 2248134|app: 0|req: 24/97] 172.25.66.207 () {58 vars in 1240 bytes} [Fri Oct 17 12:17:49 2025] GET /compute/v2.1/servers/af23e94e-bf0a-4b98-8b71-2107b29b330c => generated 1323 bytes in 193 msecs (HTTP/1.1 200) 9 headers in 358 bytes (1 switches on core 0)
Oct 17 12:17:49.688906 podb-esxi207 devstack@n-api.service[2248131]: [pid: 2248131|app: 0|req: 25/98] 172.25.66.207 () {58 vars in 1240 bytes} [Fri Oct 17 12:17:49 2025] GET /compute/v2.1/servers/ce75246e-69b4-4d4a-9abe-82c20914edff => generated 1328 bytes in 183 msecs (HTTP/1.1 200) 9 headers in 358 bytes (1 switches on core 0)
Oct 17 12:17:50.077049 podb-esxi207 devstack@n-api.service[2248133]: [pid: 2248133|app: 0|req: 26/99] 172.25.66.207 () {58 vars in 1240 bytes} [Fri Oct 17 12:17:49 2025] GET /compute/v2.1/servers/2a33a589-d992-4a5a-8875-322de7e0aa25 => generated 1376 bytes in 221 msecs (HTTP/1.1 200) 9 headers in 358 bytes (1 switches on core 0)
Oct 17 12:17:50.307901 podb-esxi207 devstack@n-api.service[2248132]: [pid: 2248132|app: 0|req: 25/100] 172.25.66.207 () {58 vars in 1240 bytes} [Fri Oct 17 12:17:50 2025] GET /compute/v2.1/servers/09660027-2e63-464b-a89a-6e20de4aca66 => generated 1310 bytes in 144 msecs (HTTP/1.1 200) 9 headers in 358 bytes (1 switches on core 0)
Oct 17 12:17:50.395825 podb-esxi207 devstack@n-api.service[2248134]: [pid: 2248134|app: 0|req: 25/101] 172.25.66.207 () {58 vars in 1240 bytes} [Fri Oct 17 12:17:50 2025] GET /compute/v2.1/servers/af23e94e-bf0a-4b98-8b71-2107b29b330c => generated 1323 bytes in 157 msecs (HTTP/1.1 200) 9 headers in 358 bytes (1 switches on core 0)
Oct 17 12:17:50.886052 podb-esxi207 devstack@n-api.service[2248131]: [pid: 2248131|app: 0|req: 26/102] 172.25.66.207 () {58 vars in 1240 bytes} [Fri Oct 17 12:17:50 2025] GET /compute/v2.1/servers/ce75246e-69b4-4d4a-9abe-82c20914edff => generated 1517 bytes in 170 msecs (HTTP/1.1 200) 9 headers in 358 bytes (1 switches on core 0)
Oct 17 12:17:50.998681 podb-esxi207 devstack@n-api.service[2248132]: [pid: 2248132|app: 0|req: 26/103] 172.25.66.207 () {64 vars in 1321 bytes} [Fri Oct 17 12:17:50 2025] POST /compute/v2.1/os-server-external-events => generated 183 bytes in 45 msecs (HTTP/1.1 200) 9 headers in 357 bytes (1 switches on core 0)
Oct 17 12:17:51.264828 podb-esxi207 devstack@n-api.service[2248133]: [pid: 2248133|app: 0|req: 27/104] 172.25.66.207 () {60 vars in 1282 bytes} [Fri Oct 17 12:17:50 2025] POST /compute/v2.1/servers/ce75246e-69b4-4d4a-9abe-82c20914edff/action => generated 32 bytes in 355 msecs (HTTP/1.1 200) 9 headers in 356 bytes (1 switches on core 0)
Oct 17 12:17:51.283763 podb-esxi207 devstack@n-api.service[2248134]: [pid: 2248134|app: 0|req: 26/105] 172.25.66.207 () {58 vars in 1240 bytes} [Fri Oct 17 12:17:51 2025] GET /compute/v2.1/servers/2a33a589-d992-4a5a-8875-322de7e0aa25 => generated 1376 bytes in 180 msecs (HTTP/1.1 200) 9 headers in 358 bytes (1 switches on core 0)
Oct 17 12:17:51.414281 podb-esxi207 devstack@n-api.service[2248131]: [pid: 2248131|app: 0|req: 27/106] 172.25.66.207 () {58 vars in 1240 bytes} [Fri Oct 17 12:17:51 2025] GET /compute/v2.1/servers/ce75246e-69b4-4d4a-9abe-82c20914edff => generated 1523 bytes in 143 msecs (HTTP/1.1 200) 9 headers in 358 bytes (1 switches on core 0)
Oct 17 12:17:51.421134 podb-esxi207 devstack@n-api.service[2248132]: [pid: 2248132|app: 0|req: 27/107] 172.25.66.207 () {58 vars in 1240 bytes} [Fri Oct 17 12:17:51 2025] GET /compute/v2.1/servers/09660027-2e63-464b-a89a-6e20de4aca66 => generated 1310 bytes in 89 msecs (HTTP/1.1 200) 9 headers in 358 bytes (1 switches on core 0)
Oct 17 12:17:51.556146 podb-esxi207 devstack@n-api.service[2248133]: [pid: 2248133|app: 0|req: 28/108] 172.25.66.207 () {58 vars in 1240 bytes} [Fri Oct 17 12:17:51 2025] GET /compute/v2.1/servers/af23e94e-bf0a-4b98-8b71-2107b29b330c => generated 1323 bytes in 134 msecs (HTTP/1.1 200) 9 headers in 358 bytes (1 switches on core 0)
Oct 17 12:17:52.072871 podb-esxi207 devstack@n-api.service[2248134]: [pid: 2248134|app: 0|req: 27/109] 172.25.66.207 () {64 vars in 1321 bytes} [Fri Oct 17 12:17:51 2025] POST /compute/v2.1/os-server-external-events => generated 179 bytes in 90 msecs (HTTP/1.1 200) 9 headers in 357 bytes (1 switches on core 0)
Oct 17 12:17:52.451400 podb-esxi207 devstack@n-api.service[2248131]: [pid: 2248131|app: 0|req: 28/110] 172.25.66.207 () {58 vars in 1240 bytes} [Fri Oct 17 12:17:52 2025] GET /compute/v2.1/servers/2a33a589-d992-4a5a-8875-322de7e0aa25 => generated 1376 bytes in 141 msecs (HTTP/1.1 200) 9 headers in 358 bytes (1 switches on core 0)
Oct 17 12:17:52.636962 podb-esxi207 devstack@n-api.service[2248132]: [pid: 2248132|app: 0|req: 28/111] 172.25.66.207 () {58 vars in 1240 bytes} [Fri Oct 17 12:17:52 2025] GET /compute/v2.1/servers/ce75246e-69b4-4d4a-9abe-82c20914edff => generated 1523 bytes in 197 msecs (HTTP/1.1 200) 9 headers in 358 bytes (1 switches on core 0)
Oct 17 12:17:52.667078 podb-esxi207 devstack@n-api.service[2248133]: [pid: 2248133|app: 0|req: 29/112] 172.25.66.207 () {58 vars in 1240 bytes} [Fri Oct 17 12:17:52 2025] GET /compute/v2.1/servers/09660027-2e63-464b-a89a-6e20de4aca66 => generated 1375 bytes in 219 msecs (HTTP/1.1 200) 9 headers in 358 bytes (1 switches on core 0)
Oct 17 12:17:52.713818 podb-esxi207 devstack@n-api.service[2248134]: [pid: 2248134|app: 0|req: 28/113] 172.25.66.207 () {58 vars in 1240 bytes} [Fri Oct 17 12:17:52 2025] GET /compute/v2.1/servers/af23e94e-bf0a-4b98-8b71-2107b29b330c => generated 1323 bytes in 132 msecs (HTTP/1.1 200) 9 headers in 358 bytes (1 switches on core 0)
Oct 17 12:17:53.622150 podb-esxi207 devstack@n-api.service[2248131]: [pid: 2248131|app: 0|req: 29/114] 172.25.66.207 () {58 vars in 1240 bytes} [Fri Oct 17 12:17:53 2025] GET /compute/v2.1/servers/2a33a589-d992-4a5a-8875-322de7e0aa25 => generated 1376 bytes in 147 msecs (HTTP/1.1 200) 9 headers in 358 bytes (1 switches on core 0)
Oct 17 12:17:53.803976 podb-esxi207 devstack@n-api.service[2248132]: [pid: 2248132|app: 0|req: 29/115] 172.25.66.207 () {58 vars in 1240 bytes} [Fri Oct 17 12:17:53 2025] GET /compute/v2.1/servers/ce75246e-69b4-4d4a-9abe-82c20914edff => generated 1523 bytes in 143 msecs (HTTP/1.1 200) 9 headers in 358 bytes (1 switches on core 0)
Oct 17 12:17:53.854708 podb-esxi207 devstack@n-api.service[2248133]: [pid: 2248133|app: 0|req: 30/116] 172.25.66.207 () {58 vars in 1240 bytes} [Fri Oct 17 12:17:53 2025] GET /compute/v2.1/servers/09660027-2e63-464b-a89a-6e20de4aca66 => generated 1375 bytes in 164 msecs (HTTP/1.1 200) 9 headers in 358 bytes (1 switches on core 0)
Oct 17 12:17:53.895509 podb-esxi207 devstack@n-api.service[2248134]: [pid: 2248134|app: 0|req: 29/117] 172.25.66.207 () {58 vars in 1240 bytes} [Fri Oct 17 12:17:53 2025] GET /compute/v2.1/servers/af23e94e-bf0a-4b98-8b71-2107b29b330c => generated 1323 bytes in 156 msecs (HTTP/1.1 200) 9 headers in 358 bytes (1 switches on core 0)
Oct 17 12:17:54.477731 podb-esxi207 devstack@n-api.service[2248131]: [pid: 2248131|app: 0|req: 30/118] 172.25.66.207 () {64 vars in 1321 bytes} [Fri Oct 17 12:17:54 2025] POST /compute/v2.1/os-server-external-events => generated 183 bytes in 81 msecs (HTTP/1.1 200) 9 headers in 357 bytes (1 switches on core 0)
Oct 17 12:17:54.814669 podb-esxi207 devstack@n-api.service[2248132]: [pid: 2248132|app: 0|req: 30/119] 172.25.66.207 () {58 vars in 1240 bytes} [Fri Oct 17 12:17:54 2025] GET /compute/v2.1/servers/2a33a589-d992-4a5a-8875-322de7e0aa25 => generated 1376 bytes in 168 msecs (HTTP/1.1 200) 9 headers in 358 bytes (1 switches on core 0)
Oct 17 12:17:55.023756 podb-esxi207 devstack@n-api.service[2248133]: [pid: 2248133|app: 0|req: 31/120] 172.25.66.207 () {58 vars in 1240 bytes} [Fri Oct 17 12:17:54 2025] GET /compute/v2.1/servers/ce75246e-69b4-4d4a-9abe-82c20914edff => generated 1523 bytes in 204 msecs (HTTP/1.1 200) 9 headers in 358 bytes (1 switches on core 0)
Oct 17 12:17:55.069432 podb-esxi207 devstack@n-api.service[2248134]: [pid: 2248134|app: 0|req: 30/121] 172.25.66.207 () {58 vars in 1240 bytes} [Fri Oct 17 12:17:54 2025] GET /compute/v2.1/servers/09660027-2e63-464b-a89a-6e20de4aca66 => generated 1375 bytes in 190 msecs (HTTP/1.1 200) 9 headers in 358 bytes (1 switches on core 0)
Oct 17 12:17:55.093202 podb-esxi207 devstack@n-api.service[2248131]: [pid: 2248131|app: 0|req: 31/122] 172.25.66.207 () {58 vars in 1240 bytes} [Fri Oct 17 12:17:54 2025] GET /compute/v2.1/servers/af23e94e-bf0a-4b98-8b71-2107b29b330c => generated 1507 bytes in 173 msecs (HTTP/1.1 200) 9 headers in 358 bytes (1 switches on core 0)
Oct 17 12:17:55.982682 podb-esxi207 devstack@n-api.service[2248132]: [pid: 2248132|app: 0|req: 31/123] 172.25.66.207 () {58 vars in 1240 bytes} [Fri Oct 17 12:17:55 2025] GET /compute/v2.1/servers/2a33a589-d992-4a5a-8875-322de7e0aa25 => generated 1376 bytes in 143 msecs (HTTP/1.1 200) 9 headers in 358 bytes (1 switches on core 0)
Oct 17 12:17:56.199919 podb-esxi207 devstack@n-api.service[2248133]: [pid: 2248133|app: 0|req: 32/124] 172.25.66.207 () {58 vars in 1240 bytes} [Fri Oct 17 12:17:56 2025] GET /compute/v2.1/servers/ce75246e-69b4-4d4a-9abe-82c20914edff => generated 1523 bytes in 159 msecs (HTTP/1.1 200) 9 headers in 358 bytes (1 switches on core 0)
Oct 17 12:17:56.239482 podb-esxi207 devstack@n-api.service[2248134]: [pid: 2248134|app: 0|req: 31/125] 172.25.66.207 () {58 vars in 1240 bytes} [Fri Oct 17 12:17:56 2025] GET /compute/v2.1/servers/09660027-2e63-464b-a89a-6e20de4aca66 => generated 1375 bytes in 144 msecs (HTTP/1.1 200) 9 headers in 358 bytes (1 switches on core 0)
Oct 17 12:17:56.771844 podb-esxi207 devstack@n-api.service[2248131]: [pid: 2248131|app: 0|req: 32/126] 172.25.66.207 () {64 vars in 1321 bytes} [Fri Oct 17 12:17:56 2025] POST /compute/v2.1/os-server-external-events => generated 183 bytes in 36 msecs (HTTP/1.1 200) 9 headers in 357 bytes (1 switches on core 0)
Oct 17 12:17:57.151939 podb-esxi207 devstack@n-api.service[2248132]: [pid: 2248132|app: 0|req: 32/127] 172.25.66.207 () {58 vars in 1240 bytes} [Fri Oct 17 12:17:57 2025] GET /compute/v2.1/servers/2a33a589-d992-4a5a-8875-322de7e0aa25 => generated 1376 bytes in 144 msecs (HTTP/1.1 200) 9 headers in 358 bytes (1 switches on core 0)
Oct 17 12:17:57.366673 podb-esxi207 devstack@n-api.service[2248133]: [pid: 2248133|app: 0|req: 33/128] 172.25.66.207 () {58 vars in 1240 bytes} [Fri Oct 17 12:17:57 2025] GET /compute/v2.1/servers/ce75246e-69b4-4d4a-9abe-82c20914edff => generated 1523 bytes in 149 msecs (HTTP/1.1 200) 9 headers in 358 bytes (1 switches on core 0)
Oct 17 12:17:57.422383 podb-esxi207 devstack@n-api.service[2248134]: [pid: 2248134|app: 0|req: 32/129] 172.25.66.207 () {58 vars in 1240 bytes} [Fri Oct 17 12:17:57 2025] GET /compute/v2.1/servers/09660027-2e63-464b-a89a-6e20de4aca66 => generated 1375 bytes in 158 msecs (HTTP/1.1 200) 9 headers in 358 bytes (1 switches on core 0)
Oct 17 12:17:58.353087 podb-esxi207 devstack@n-api.service[2248131]: [pid: 2248131|app: 0|req: 33/130] 172.25.66.207 () {58 vars in 1240 bytes} [Fri Oct 17 12:17:58 2025] GET /compute/v2.1/servers/2a33a589-d992-4a5a-8875-322de7e0aa25 => generated 1560 bytes in 177 msecs (HTTP/1.1 200) 9 headers in 358 bytes (1 switches on core 0)
Oct 17 12:17:58.506081 podb-esxi207 devstack@n-api.service[2248132]: [pid: 2248132|app: 0|req: 33/131] 172.25.66.207 () {58 vars in 1279 bytes} [Fri Oct 17 12:17:58 2025] GET /compute/v2.1/servers/2a33a589-d992-4a5a-8875-322de7e0aa25/os-interface => generated 282 bytes in 129 msecs (HTTP/1.1 200) 9 headers in 357 bytes (1 switches on core 0)
Oct 17 12:17:58.522699 podb-esxi207 devstack@n-api.service[2248133]: [pid: 2248133|app: 0|req: 34/132] 172.25.66.207 () {58 vars in 1240 bytes} [Fri Oct 17 12:17:58 2025] GET /compute/v2.1/servers/ce75246e-69b4-4d4a-9abe-82c20914edff => generated 1523 bytes in 131 msecs (HTTP/1.1 200) 9 headers in 358 bytes (1 switches on core 0)
Oct 17 12:17:58.564611 podb-esxi207 devstack@n-api.service[2248134]: [pid: 2248134|app: 0|req: 33/133] 172.25.66.207 () {58 vars in 1240 bytes} [Fri Oct 17 12:17:58 2025] GET /compute/v2.1/servers/09660027-2e63-464b-a89a-6e20de4aca66 => generated 1375 bytes in 118 msecs (HTTP/1.1 200) 9 headers in 358 bytes (1 switches on core 0)
Oct 17 12:17:59.001127 podb-esxi207 devstack@n-api.service[2248131]: [pid: 2248131|app: 0|req: 34/134] 172.25.66.207 () {60 vars in 1437 bytes} [Fri Oct 17 12:17:58 2025] PUT /compute/v2.1/servers/af23e94e-bf0a-4b98-8b71-2107b29b330c/os-volume_attachments/211edcd2-6bcc-48db-900b-585a7d3497a0 => generated 109 bytes in 152 msecs (HTTP/1.1 404) 9 headers in 379 bytes (1 switches on core 0)
Oct 17 12:17:59.429756 podb-esxi207 devstack@n-api.service[2248132]: [pid: 2248132|app: 0|req: 34/135] 172.25.66.207 () {64 vars in 1321 bytes} [Fri Oct 17 12:17:59 2025] POST /compute/v2.1/os-server-external-events => generated 179 bytes in 72 msecs (HTTP/1.1 200) 9 headers in 357 bytes (1 switches on core 0)
Oct 17 12:17:59.687616 podb-esxi207 devstack@n-api.service[2248133]: [pid: 2248133|app: 0|req: 35/136] 172.25.66.207 () {58 vars in 1240 bytes} [Fri Oct 17 12:17:59 2025] GET /compute/v2.1/servers/ce75246e-69b4-4d4a-9abe-82c20914edff => generated 1523 bytes in 145 msecs (HTTP/1.1 200) 9 headers in 358 bytes (1 switches on core 0)
Oct 17 12:17:59.732944 podb-esxi207 devstack@n-api.service[2248134]: [pid: 2248134|app: 0|req: 34/137] 172.25.66.207 () {58 vars in 1240 bytes} [Fri Oct 17 12:17:59 2025] GET /compute/v2.1/servers/09660027-2e63-464b-a89a-6e20de4aca66 => generated 1375 bytes in 143 msecs (HTTP/1.1 200) 9 headers in 358 bytes (1 switches on core 0)
Oct 17 12:18:00.863651 podb-esxi207 devstack@n-api.service[2248131]: [pid: 2248131|app: 0|req: 35/138] 172.25.66.207 () {58 vars in 1240 bytes} [Fri Oct 17 12:18:00 2025] GET /compute/v2.1/servers/ce75246e-69b4-4d4a-9abe-82c20914edff => generated 1523 bytes in 152 msecs (HTTP/1.1 200) 9 headers in 358 bytes (1 switches on core 0)
Oct 17 12:18:00.900905 podb-esxi207 devstack@n-api.service[2248132]: [pid: 2248132|app: 0|req: 35/139] 172.25.66.207 () {58 vars in 1240 bytes} [Fri Oct 17 12:18:00 2025] GET /compute/v2.1/servers/09660027-2e63-464b-a89a-6e20de4aca66 => generated 1563 bytes in 143 msecs (HTTP/1.1 200) 9 headers in 358 bytes (1 switches on core 0)
Oct 17 12:18:01.042537 podb-esxi207 devstack@n-api.service[2248133]: [pid: 2248133|app: 0|req: 36/140] 172.25.66.207 () {58 vars in 1279 bytes} [Fri Oct 17 12:18:00 2025] GET /compute/v2.1/servers/09660027-2e63-464b-a89a-6e20de4aca66/os-interface => generated 282 bytes in 117 msecs (HTTP/1.1 200) 9 headers in 357 bytes (1 switches on core 0)
Oct 17 12:18:01.607764 podb-esxi207 devstack@n-api.service[2248134]: [pid: 2248134|app: 0|req: 35/141] 172.25.66.207 () {64 vars in 1321 bytes} [Fri Oct 17 12:18:01 2025] POST /compute/v2.1/os-server-external-events => generated 179 bytes in 39 msecs (HTTP/1.1 200) 9 headers in 357 bytes (1 switches on core 0)
Oct 17 12:18:02.023732 podb-esxi207 devstack@n-api.service[2248131]: [pid: 2248131|app: 0|req: 36/142] 172.25.66.207 () {58 vars in 1240 bytes} [Fri Oct 17 12:18:01 2025] GET /compute/v2.1/servers/ce75246e-69b4-4d4a-9abe-82c20914edff => generated 1503 bytes in 147 msecs (HTTP/1.1 200) 9 headers in 358 bytes (1 switches on core 0)
Oct 17 12:18:02.237732 podb-esxi207 devstack@n-api.service[2248132]: [pid: 2248132|app: 0|req: 36/143] 172.25.66.207 () {58 vars in 1240 bytes} [Fri Oct 17 12:18:02 2025] GET /compute/v2.1/servers/5da88a63-9be0-4f7d-a0a0-0ae01ac4bfd4 => generated 1517 bytes in 190 msecs (HTTP/1.1 200) 9 headers in 358 bytes (1 switches on core 0)
