Oct 17 12:19:51.048435 podb-esxi207 dnsmasq-dhcp[2272399]: DHCPRELEASE(tapb7caa14c-57) 10.1.0.8 fa:16:3e:d5:c8:47
Oct 17 12:19:51.065747 podb-esxi207 dnsmasq-dhcp[2272399]: DHCPRELEASE(tapb7caa14c-57) 10.1.0.8 fa:16:3e:d5:c8:47 unknown lease
Oct 17 12:19:51.892599 podb-esxi207 dnsmasq[2272399]: read /opt/stack/data/neutron/dhcp/3f032a10-0fc6-40f8-9d25-aea94d6b81cd/addn_hosts - 2 names
Oct 17 12:19:51.892740 podb-esxi207 dnsmasq-dhcp[2272399]: read /opt/stack/data/neutron/dhcp/3f032a10-0fc6-40f8-9d25-aea94d6b81cd/host
Oct 17 12:19:51.892849 podb-esxi207 dnsmasq-dhcp[2272399]: read /opt/stack/data/neutron/dhcp/3f032a10-0fc6-40f8-9d25-aea94d6b81cd/opts
Oct 17 12:19:56.280820 podb-esxi207 dnsmasq-dhcp[2272399]: DHCPRELEASE(tapb7caa14c-57) 10.1.0.1 fa:16:3e:6d:ea:06
Oct 17 12:19:57.101990 podb-esxi207 dnsmasq[2272399]: read /opt/stack/data/neutron/dhcp/3f032a10-0fc6-40f8-9d25-aea94d6b81cd/addn_hosts - 0 names
Oct 17 12:19:57.102053 podb-esxi207 dnsmasq-dhcp[2272399]: read /opt/stack/data/neutron/dhcp/3f032a10-0fc6-40f8-9d25-aea94d6b81cd/host
Oct 17 12:19:57.102101 podb-esxi207 dnsmasq-dhcp[2272399]: read /opt/stack/data/neutron/dhcp/3f032a10-0fc6-40f8-9d25-aea94d6b81cd/opts
Oct 17 12:19:57.832738 podb-esxi207 dnsmasq[2272399]: exiting on receipt of SIGTERM
Oct 17 12:19:58.448928 podb-esxi207 dnsmasq-dhcp[2274027]: DHCPRELEASE(tap4bd4d6ef-1f) 10.1.0.1 fa:16:3e:01:f0:43
Oct 17 12:19:59.272038 podb-esxi207 dnsmasq[2274027]: read /opt/stack/data/neutron/dhcp/fd6ec59a-b3a7-4660-912e-5ee84d9253bc/addn_hosts - 0 names
Oct 17 12:19:59.272105 podb-esxi207 dnsmasq-dhcp[2274027]: read /opt/stack/data/neutron/dhcp/fd6ec59a-b3a7-4660-912e-5ee84d9253bc/host
Oct 17 12:19:59.272154 podb-esxi207 dnsmasq-dhcp[2274027]: read /opt/stack/data/neutron/dhcp/fd6ec59a-b3a7-4660-912e-5ee84d9253bc/opts
Oct 17 12:19:59.482996 podb-esxi207 dnsmasq-dhcp[2274815]: DHCPRELEASE(tap7bdef2b8-38) 10.1.0.1 fa:16:3e:8f:e6:fa
Oct 17 12:20:00.304560 podb-esxi207 dnsmasq[2274815]: read /opt/stack/data/neutron/dhcp/ee4c3aba-0896-4e41-bbe4-50727dfab31b/addn_hosts - 0 names
Oct 17 12:20:00.304625 podb-esxi207 dnsmasq-dhcp[2274815]: read /opt/stack/data/neutron/dhcp/ee4c3aba-0896-4e41-bbe4-50727dfab31b/host
Oct 17 12:20:00.304719 podb-esxi207 dnsmasq-dhcp[2274815]: read /opt/stack/data/neutron/dhcp/ee4c3aba-0896-4e41-bbe4-50727dfab31b/opts
Oct 17 12:20:00.510584 podb-esxi207 dnsmasq[2274027]: exiting on receipt of SIGTERM
Oct 17 12:20:01.143508 podb-esxi207 dnsmasq[2274815]: exiting on receipt of SIGTERM
Oct 17 12:20:05.344093 podb-esxi207 dnsmasq[2279521]: started, version 2.90 cachesize 150
Oct 17 12:20:05.344118 podb-esxi207 dnsmasq[2279521]: DNS service limited to local subnets
Oct 17 12:20:05.344132 podb-esxi207 dnsmasq[2279521]: compile time options: IPv6 GNU-getopt DBus no-UBus i18n IDN2 DHCP DHCPv6 no-Lua TFTP conntrack ipset no-nftset auth cryptohash DNSSEC loop-detect inotify dumpfile
Oct 17 12:20:05.344167 podb-esxi207 dnsmasq-dhcp[2279521]: DHCP, static leases only on 10.1.0.0, lease time 1d
Oct 17 12:20:05.344313 podb-esxi207 dnsmasq[2279521]: reading /etc/resolv.conf
Oct 17 12:20:05.344329 podb-esxi207 dnsmasq[2279521]: using nameserver 127.0.0.53#53
Oct 17 12:20:05.344404 podb-esxi207 dnsmasq[2279521]: read /opt/stack/data/neutron/dhcp/360dd006-459b-4a0f-848b-8921dcdeec49/addn_hosts - 0 names
Oct 17 12:20:05.344453 podb-esxi207 dnsmasq-dhcp[2279521]: read /opt/stack/data/neutron/dhcp/360dd006-459b-4a0f-848b-8921dcdeec49/host
Oct 17 12:20:05.344523 podb-esxi207 dnsmasq-dhcp[2279521]: read /opt/stack/data/neutron/dhcp/360dd006-459b-4a0f-848b-8921dcdeec49/opts
Oct 17 12:20:06.883457 podb-esxi207 dnsmasq[2279521]: read /opt/stack/data/neutron/dhcp/360dd006-459b-4a0f-848b-8921dcdeec49/addn_hosts - 2 names
Oct 17 12:20:06.883532 podb-esxi207 dnsmasq-dhcp[2279521]: read /opt/stack/data/neutron/dhcp/360dd006-459b-4a0f-848b-8921dcdeec49/host
Oct 17 12:20:06.883607 podb-esxi207 dnsmasq-dhcp[2279521]: read /opt/stack/data/neutron/dhcp/360dd006-459b-4a0f-848b-8921dcdeec49/opts
Oct 17 12:20:08.898825 podb-esxi207 dnsmasq-dhcp[2278640]: DHCPDISCOVER(tap2bed4599-6b) fa:16:3e:09:5a:54
Oct 17 12:20:08.898853 podb-esxi207 dnsmasq-dhcp[2278640]: DHCPOFFER(tap2bed4599-6b) 10.1.0.13 fa:16:3e:09:5a:54
Oct 17 12:20:08.909927 podb-esxi207 dnsmasq-dhcp[2278640]: DHCPREQUEST(tap2bed4599-6b) 10.1.0.13 fa:16:3e:09:5a:54
Oct 17 12:20:08.909961 podb-esxi207 dnsmasq-dhcp[2278640]: DHCPACK(tap2bed4599-6b) 10.1.0.13 fa:16:3e:09:5a:54 host-10-1-0-13
Oct 17 12:20:09.705043 podb-esxi207 dnsmasq[2279927]: started, version 2.90 cachesize 150
Oct 17 12:20:09.705072 podb-esxi207 dnsmasq[2279927]: DNS service limited to local subnets
Oct 17 12:20:09.705087 podb-esxi207 dnsmasq[2279927]: compile time options: IPv6 GNU-getopt DBus no-UBus i18n IDN2 DHCP DHCPv6 no-Lua TFTP conntrack ipset no-nftset auth cryptohash DNSSEC loop-detect inotify dumpfile
Oct 17 12:20:09.705124 podb-esxi207 dnsmasq-dhcp[2279927]: DHCP, static leases only on 10.1.0.0, lease time 1d
Oct 17 12:20:09.705279 podb-esxi207 dnsmasq[2279927]: reading /etc/resolv.conf
Oct 17 12:20:09.705295 podb-esxi207 dnsmasq[2279927]: using nameserver 127.0.0.53#53
Oct 17 12:20:09.705416 podb-esxi207 dnsmasq[2279927]: read /opt/stack/data/neutron/dhcp/e4b0089b-f258-4794-8522-f1c74c470032/addn_hosts - 2 names
Oct 17 12:20:09.705489 podb-esxi207 dnsmasq-dhcp[2279927]: read /opt/stack/data/neutron/dhcp/e4b0089b-f258-4794-8522-f1c74c470032/host
Oct 17 12:20:09.705559 podb-esxi207 dnsmasq-dhcp[2279927]: read /opt/stack/data/neutron/dhcp/e4b0089b-f258-4794-8522-f1c74c470032/opts
Oct 17 12:20:10.751202 podb-esxi207 dnsmasq[2279521]: read /opt/stack/data/neutron/dhcp/360dd006-459b-4a0f-848b-8921dcdeec49/addn_hosts - 2 names
Oct 17 12:20:10.751317 podb-esxi207 dnsmasq-dhcp[2279521]: read /opt/stack/data/neutron/dhcp/360dd006-459b-4a0f-848b-8921dcdeec49/host
Oct 17 12:20:10.751422 podb-esxi207 dnsmasq-dhcp[2279521]: read /opt/stack/data/neutron/dhcp/360dd006-459b-4a0f-848b-8921dcdeec49/opts
Oct 17 12:20:13.603921 podb-esxi207 dnsmasq[2280691]: started, version 2.90 cachesize 150
Oct 17 12:20:13.603944 podb-esxi207 dnsmasq[2280691]: DNS service limited to local subnets
Oct 17 12:20:13.603958 podb-esxi207 dnsmasq[2280691]: compile time options: IPv6 GNU-getopt DBus no-UBus i18n IDN2 DHCP DHCPv6 no-Lua TFTP conntrack ipset no-nftset auth cryptohash DNSSEC loop-detect inotify dumpfile
Oct 17 12:20:13.603991 podb-esxi207 dnsmasq-dhcp[2280691]: DHCP, static leases only on 10.1.0.0, lease time 1d
Oct 17 12:20:13.604146 podb-esxi207 dnsmasq[2280691]: reading /etc/resolv.conf
Oct 17 12:20:13.604162 podb-esxi207 dnsmasq[2280691]: using nameserver 127.0.0.53#53
Oct 17 12:20:13.604263 podb-esxi207 dnsmasq[2280691]: read /opt/stack/data/neutron/dhcp/d6659e06-3221-48b3-a8cd-10e97975b8ff/addn_hosts - 2 names
Oct 17 12:20:13.604323 podb-esxi207 dnsmasq-dhcp[2280691]: read /opt/stack/data/neutron/dhcp/d6659e06-3221-48b3-a8cd-10e97975b8ff/host
Oct 17 12:20:13.604396 podb-esxi207 dnsmasq-dhcp[2280691]: read /opt/stack/data/neutron/dhcp/d6659e06-3221-48b3-a8cd-10e97975b8ff/opts
Oct 17 12:20:14.641259 podb-esxi207 dnsmasq[2279927]: read /opt/stack/data/neutron/dhcp/e4b0089b-f258-4794-8522-f1c74c470032/addn_hosts - 2 names
Oct 17 12:20:14.641346 podb-esxi207 dnsmasq-dhcp[2279927]: read /opt/stack/data/neutron/dhcp/e4b0089b-f258-4794-8522-f1c74c470032/host
Oct 17 12:20:14.641459 podb-esxi207 dnsmasq-dhcp[2279927]: read /opt/stack/data/neutron/dhcp/e4b0089b-f258-4794-8522-f1c74c470032/opts
Oct 17 12:20:15.881779 podb-esxi207 dnsmasq[2279521]: read /opt/stack/data/neutron/dhcp/360dd006-459b-4a0f-848b-8921dcdeec49/addn_hosts - 2 names
Oct 17 12:20:15.881889 podb-esxi207 dnsmasq-dhcp[2279521]: read /opt/stack/data/neutron/dhcp/360dd006-459b-4a0f-848b-8921dcdeec49/host
Oct 17 12:20:15.881996 podb-esxi207 dnsmasq-dhcp[2279521]: read /opt/stack/data/neutron/dhcp/360dd006-459b-4a0f-848b-8921dcdeec49/opts
Oct 17 12:20:17.104396 podb-esxi207 dnsmasq[2280691]: read /opt/stack/data/neutron/dhcp/d6659e06-3221-48b3-a8cd-10e97975b8ff/addn_hosts - 2 names
Oct 17 12:20:17.104472 podb-esxi207 dnsmasq-dhcp[2280691]: read /opt/stack/data/neutron/dhcp/d6659e06-3221-48b3-a8cd-10e97975b8ff/host
Oct 17 12:20:17.104567 podb-esxi207 dnsmasq-dhcp[2280691]: read /opt/stack/data/neutron/dhcp/d6659e06-3221-48b3-a8cd-10e97975b8ff/opts
Oct 17 12:20:17.326706 podb-esxi207 dnsmasq-dhcp[2278640]: DHCPRELEASE(tap2bed4599-6b) 10.1.0.13 fa:16:3e:09:5a:54
Oct 17 12:20:17.342394 podb-esxi207 dnsmasq-dhcp[2278640]: DHCPRELEASE(tap2bed4599-6b) 10.1.0.13 fa:16:3e:09:5a:54 unknown lease
Oct 17 12:20:18.165474 podb-esxi207 dnsmasq[2278640]: read /opt/stack/data/neutron/dhcp/974aeeaa-f56b-46d0-9489-fcde6cc6458f/addn_hosts - 2 names
Oct 17 12:20:18.165551 podb-esxi207 dnsmasq-dhcp[2278640]: read /opt/stack/data/neutron/dhcp/974aeeaa-f56b-46d0-9489-fcde6cc6458f/host
Oct 17 12:20:18.165647 podb-esxi207 dnsmasq-dhcp[2278640]: read /opt/stack/data/neutron/dhcp/974aeeaa-f56b-46d0-9489-fcde6cc6458f/opts
Oct 17 12:20:18.881848 podb-esxi207 dnsmasq[2279927]: read /opt/stack/data/neutron/dhcp/e4b0089b-f258-4794-8522-f1c74c470032/addn_hosts - 2 names
Oct 17 12:20:18.881948 podb-esxi207 dnsmasq-dhcp[2279927]: read /opt/stack/data/neutron/dhcp/e4b0089b-f258-4794-8522-f1c74c470032/host
Oct 17 12:20:18.882067 podb-esxi207 dnsmasq-dhcp[2279927]: read /opt/stack/data/neutron/dhcp/e4b0089b-f258-4794-8522-f1c74c470032/opts
Oct 17 12:20:19.094359 podb-esxi207 dnsmasq-dhcp[2276487]: DHCPRELEASE(tap7422112f-a3) 10.10.10.40 fa:16:3e:c8:6b:e7
Oct 17 12:20:19.108702 podb-esxi207 dnsmasq-dhcp[2276487]: DHCPRELEASE(tap7422112f-a3) 10.10.10.40 fa:16:3e:c8:6b:e7 unknown lease
Oct 17 12:20:19.136818 podb-esxi207 dnsmasq-dhcp[2272948]: DHCPREQUEST(tap195ea04f-a6) 10.1.0.3 fa:16:3e:45:76:39
Oct 17 12:20:19.136853 podb-esxi207 dnsmasq-dhcp[2272948]: DHCPACK(tap195ea04f-a6) 10.1.0.3 fa:16:3e:45:76:39 host-10-1-0-3
Oct 17 12:20:19.931789 podb-esxi207 dnsmasq[2276487]: read /opt/stack/data/neutron/dhcp/b11ad72f-84b2-4e86-9453-1a7f3fd468af/addn_hosts - 0 names
Oct 17 12:20:19.931860 podb-esxi207 dnsmasq-dhcp[2276487]: read /opt/stack/data/neutron/dhcp/b11ad72f-84b2-4e86-9453-1a7f3fd468af/host
Oct 17 12:20:19.931956 podb-esxi207 dnsmasq-dhcp[2276487]: read /opt/stack/data/neutron/dhcp/b11ad72f-84b2-4e86-9453-1a7f3fd468af/opts
Oct 17 12:20:21.184177 podb-esxi207 dnsmasq[2280691]: read /opt/stack/data/neutron/dhcp/d6659e06-3221-48b3-a8cd-10e97975b8ff/addn_hosts - 2 names
Oct 17 12:20:21.184283 podb-esxi207 dnsmasq-dhcp[2280691]: read /opt/stack/data/neutron/dhcp/d6659e06-3221-48b3-a8cd-10e97975b8ff/host
Oct 17 12:20:21.184356 podb-esxi207 dnsmasq-dhcp[2280691]: read /opt/stack/data/neutron/dhcp/d6659e06-3221-48b3-a8cd-10e97975b8ff/opts
Oct 17 12:20:21.936336 podb-esxi207 dnsmasq[2279927]: read /opt/stack/data/neutron/dhcp/e4b0089b-f258-4794-8522-f1c74c470032/addn_hosts - 2 names
Oct 17 12:20:21.936462 podb-esxi207 dnsmasq-dhcp[2279927]: read /opt/stack/data/neutron/dhcp/e4b0089b-f258-4794-8522-f1c74c470032/host
Oct 17 12:20:21.936579 podb-esxi207 dnsmasq-dhcp[2279927]: read /opt/stack/data/neutron/dhcp/e4b0089b-f258-4794-8522-f1c74c470032/opts
Oct 17 12:20:23.190338 podb-esxi207 dnsmasq[2280691]: read /opt/stack/data/neutron/dhcp/d6659e06-3221-48b3-a8cd-10e97975b8ff/addn_hosts - 2 names
Oct 17 12:20:23.190461 podb-esxi207 dnsmasq-dhcp[2280691]: read /opt/stack/data/neutron/dhcp/d6659e06-3221-48b3-a8cd-10e97975b8ff/host
Oct 17 12:20:23.190567 podb-esxi207 dnsmasq-dhcp[2280691]: read /opt/stack/data/neutron/dhcp/d6659e06-3221-48b3-a8cd-10e97975b8ff/opts
Oct 17 12:20:23.449211 podb-esxi207 dnsmasq-dhcp[2276252]: DHCPRELEASE(tap45513ac6-d0) 10.1.0.12 fa:16:3e:02:8a:b3
Oct 17 12:20:23.465961 podb-esxi207 dnsmasq-dhcp[2276252]: DHCPRELEASE(tap45513ac6-d0) 10.1.0.12 fa:16:3e:02:8a:b3 unknown lease
Oct 17 12:20:24.290831 podb-esxi207 dnsmasq[2276252]: read /opt/stack/data/neutron/dhcp/002b851b-942f-4680-a8c5-d3c9765635da/addn_hosts - 2 names
Oct 17 12:20:24.290918 podb-esxi207 dnsmasq-dhcp[2276252]: read /opt/stack/data/neutron/dhcp/002b851b-942f-4680-a8c5-d3c9765635da/host
Oct 17 12:20:24.291019 podb-esxi207 dnsmasq-dhcp[2276252]: read /opt/stack/data/neutron/dhcp/002b851b-942f-4680-a8c5-d3c9765635da/opts
Oct 17 12:20:26.405229 podb-esxi207 dnsmasq[2279521]: read /opt/stack/data/neutron/dhcp/360dd006-459b-4a0f-848b-8921dcdeec49/addn_hosts - 4 names
Oct 17 12:20:26.405350 podb-esxi207 dnsmasq-dhcp[2279521]: read /opt/stack/data/neutron/dhcp/360dd006-459b-4a0f-848b-8921dcdeec49/host
Oct 17 12:20:26.405457 podb-esxi207 dnsmasq-dhcp[2279521]: read /opt/stack/data/neutron/dhcp/360dd006-459b-4a0f-848b-8921dcdeec49/opts
Oct 17 12:20:27.650643 podb-esxi207 dnsmasq[2278640]: read /opt/stack/data/neutron/dhcp/974aeeaa-f56b-46d0-9489-fcde6cc6458f/addn_hosts - 0 names
Oct 17 12:20:27.650729 podb-esxi207 dnsmasq-dhcp[2278640]: read /opt/stack/data/neutron/dhcp/974aeeaa-f56b-46d0-9489-fcde6cc6458f/host
Oct 17 12:20:27.650811 podb-esxi207 dnsmasq-dhcp[2278640]: read /opt/stack/data/neutron/dhcp/974aeeaa-f56b-46d0-9489-fcde6cc6458f/opts
Oct 17 12:20:28.392390 podb-esxi207 dnsmasq[2278640]: exiting on receipt of SIGTERM
Oct 17 12:20:29.535788 podb-esxi207 dnsmasq[2279521]: read /opt/stack/data/neutron/dhcp/360dd006-459b-4a0f-848b-8921dcdeec49/addn_hosts - 6 names
Oct 17 12:20:29.535934 podb-esxi207 dnsmasq-dhcp[2279521]: read /opt/stack/data/neutron/dhcp/360dd006-459b-4a0f-848b-8921dcdeec49/host
Oct 17 12:20:29.536043 podb-esxi207 dnsmasq-dhcp[2279521]: read /opt/stack/data/neutron/dhcp/360dd006-459b-4a0f-848b-8921dcdeec49/opts
Oct 17 12:20:32.893259 podb-esxi207 dnsmasq[2281182]: started, version 2.90 cachesize 150
Oct 17 12:20:32.893283 podb-esxi207 dnsmasq[2281182]: DNS service limited to local subnets
Oct 17 12:20:32.893298 podb-esxi207 dnsmasq[2281182]: compile time options: IPv6 GNU-getopt DBus no-UBus i18n IDN2 DHCP DHCPv6 no-Lua TFTP conntrack ipset no-nftset auth cryptohash DNSSEC loop-detect inotify dumpfile
Oct 17 12:20:32.893334 podb-esxi207 dnsmasq-dhcp[2281182]: DHCP, static leases only on 10.1.0.0, lease time 1d
Oct 17 12:20:32.893487 podb-esxi207 dnsmasq[2281182]: reading /etc/resolv.conf
Oct 17 12:20:32.893504 podb-esxi207 dnsmasq[2281182]: using nameserver 127.0.0.53#53
Oct 17 12:20:32.893593 podb-esxi207 dnsmasq[2281182]: read /opt/stack/data/neutron/dhcp/14d334bf-2cb9-4ef4-aa5d-57d3d00c45ef/addn_hosts - 0 names
Oct 17 12:20:32.893647 podb-esxi207 dnsmasq-dhcp[2281182]: read /opt/stack/data/neutron/dhcp/14d334bf-2cb9-4ef4-aa5d-57d3d00c45ef/host
Oct 17 12:20:32.893706 podb-esxi207 dnsmasq-dhcp[2281182]: read /opt/stack/data/neutron/dhcp/14d334bf-2cb9-4ef4-aa5d-57d3d00c45ef/opts
Oct 17 12:20:34.947558 podb-esxi207 dnsmasq[2281182]: read /opt/stack/data/neutron/dhcp/14d334bf-2cb9-4ef4-aa5d-57d3d00c45ef/addn_hosts - 2 names
Oct 17 12:20:34.947770 podb-esxi207 dnsmasq-dhcp[2281182]: read /opt/stack/data/neutron/dhcp/14d334bf-2cb9-4ef4-aa5d-57d3d00c45ef/host
Oct 17 12:20:34.947852 podb-esxi207 dnsmasq-dhcp[2281182]: read /opt/stack/data/neutron/dhcp/14d334bf-2cb9-4ef4-aa5d-57d3d00c45ef/opts
Oct 17 12:20:37.877472 podb-esxi207 dnsmasq[2281630]: started, version 2.90 cachesize 150
Oct 17 12:20:37.877500 podb-esxi207 dnsmasq[2281630]: DNS service limited to local subnets
Oct 17 12:20:37.877515 podb-esxi207 dnsmasq[2281630]: compile time options: IPv6 GNU-getopt DBus no-UBus i18n IDN2 DHCP DHCPv6 no-Lua TFTP conntrack ipset no-nftset auth cryptohash DNSSEC loop-detect inotify dumpfile
Oct 17 12:20:37.877550 podb-esxi207 dnsmasq-dhcp[2281630]: DHCP, static leases only on 10.1.0.0, lease time 1d
Oct 17 12:20:37.877702 podb-esxi207 dnsmasq[2281630]: reading /etc/resolv.conf
Oct 17 12:20:37.877719 podb-esxi207 dnsmasq[2281630]: using nameserver 127.0.0.53#53
Oct 17 12:20:37.877838 podb-esxi207 dnsmasq[2281630]: read /opt/stack/data/neutron/dhcp/ee1d713c-6ded-4c49-bd75-762008cea052/addn_hosts - 2 names
Oct 17 12:20:37.877899 podb-esxi207 dnsmasq-dhcp[2281630]: read /opt/stack/data/neutron/dhcp/ee1d713c-6ded-4c49-bd75-762008cea052/host
Oct 17 12:20:37.877976 podb-esxi207 dnsmasq-dhcp[2281630]: read /opt/stack/data/neutron/dhcp/ee1d713c-6ded-4c49-bd75-762008cea052/opts
Oct 17 12:20:38.415290 podb-esxi207 dnsmasq[2276487]: exiting on receipt of SIGTERM
Oct 17 12:20:39.557384 podb-esxi207 dnsmasq[2281182]: read /opt/stack/data/neutron/dhcp/14d334bf-2cb9-4ef4-aa5d-57d3d00c45ef/addn_hosts - 2 names
Oct 17 12:20:39.557470 podb-esxi207 dnsmasq-dhcp[2281182]: read /opt/stack/data/neutron/dhcp/14d334bf-2cb9-4ef4-aa5d-57d3d00c45ef/host
Oct 17 12:20:39.557539 podb-esxi207 dnsmasq-dhcp[2281182]: read /opt/stack/data/neutron/dhcp/14d334bf-2cb9-4ef4-aa5d-57d3d00c45ef/opts
Oct 17 12:20:39.795077 podb-esxi207 dnsmasq-dhcp[2276252]: DHCPRELEASE(tap45513ac6-d0) 10.1.0.1 fa:16:3e:a8:83:1f
Oct 17 12:20:40.616895 podb-esxi207 dnsmasq[2276252]: read /opt/stack/data/neutron/dhcp/002b851b-942f-4680-a8c5-d3c9765635da/addn_hosts - 0 names
Oct 17 12:20:40.616961 podb-esxi207 dnsmasq-dhcp[2276252]: read /opt/stack/data/neutron/dhcp/002b851b-942f-4680-a8c5-d3c9765635da/host
Oct 17 12:20:40.617011 podb-esxi207 dnsmasq-dhcp[2276252]: read /opt/stack/data/neutron/dhcp/002b851b-942f-4680-a8c5-d3c9765635da/opts
Oct 17 12:20:41.810211 podb-esxi207 dnsmasq[2281630]: read /opt/stack/data/neutron/dhcp/ee1d713c-6ded-4c49-bd75-762008cea052/addn_hosts - 2 names
Oct 17 12:20:41.810300 podb-esxi207 dnsmasq-dhcp[2281630]: read /opt/stack/data/neutron/dhcp/ee1d713c-6ded-4c49-bd75-762008cea052/host
Oct 17 12:20:41.810405 podb-esxi207 dnsmasq-dhcp[2281630]: read /opt/stack/data/neutron/dhcp/ee1d713c-6ded-4c49-bd75-762008cea052/opts
Oct 17 12:20:42.031317 podb-esxi207 dnsmasq-dhcp[2276344]: DHCPRELEASE(tapb9c50b71-08) 10.1.0.1 fa:16:3e:c5:08:34
Oct 17 12:20:42.854382 podb-esxi207 dnsmasq[2276344]: read /opt/stack/data/neutron/dhcp/f7e2d95b-9066-4589-94b3-150105e8aabe/addn_hosts - 0 names
Oct 17 12:20:42.854463 podb-esxi207 dnsmasq-dhcp[2276344]: read /opt/stack/data/neutron/dhcp/f7e2d95b-9066-4589-94b3-150105e8aabe/host
Oct 17 12:20:42.854538 podb-esxi207 dnsmasq-dhcp[2276344]: read /opt/stack/data/neutron/dhcp/f7e2d95b-9066-4589-94b3-150105e8aabe/opts
Oct 17 12:20:44.100270 podb-esxi207 dnsmasq[2281182]: read /opt/stack/data/neutron/dhcp/14d334bf-2cb9-4ef4-aa5d-57d3d00c45ef/addn_hosts - 2 names
Oct 17 12:20:44.100354 podb-esxi207 dnsmasq-dhcp[2281182]: read /opt/stack/data/neutron/dhcp/14d334bf-2cb9-4ef4-aa5d-57d3d00c45ef/host
Oct 17 12:20:44.100456 podb-esxi207 dnsmasq-dhcp[2281182]: read /opt/stack/data/neutron/dhcp/14d334bf-2cb9-4ef4-aa5d-57d3d00c45ef/opts
Oct 17 12:20:44.327360 podb-esxi207 dnsmasq[2276252]: exiting on receipt of SIGTERM
Oct 17 12:20:47.474301 podb-esxi207 dnsmasq[2282155]: started, version 2.90 cachesize 150
Oct 17 12:20:47.474326 podb-esxi207 dnsmasq[2282155]: DNS service limited to local subnets
Oct 17 12:20:47.474340 podb-esxi207 dnsmasq[2282155]: compile time options: IPv6 GNU-getopt DBus no-UBus i18n IDN2 DHCP DHCPv6 no-Lua TFTP conntrack ipset no-nftset auth cryptohash DNSSEC loop-detect inotify dumpfile
Oct 17 12:20:47.474374 podb-esxi207 dnsmasq-dhcp[2282155]: DHCP, static leases only on 10.1.0.0, lease time 1d
Oct 17 12:20:47.474516 podb-esxi207 dnsmasq[2282155]: reading /etc/resolv.conf
Oct 17 12:20:47.474532 podb-esxi207 dnsmasq[2282155]: using nameserver 127.0.0.53#53
Oct 17 12:20:47.474640 podb-esxi207 dnsmasq[2282155]: read /opt/stack/data/neutron/dhcp/60d74d34-6a25-4e97-bd22-a8679c7200cd/addn_hosts - 2 names
Oct 17 12:20:47.474698 podb-esxi207 dnsmasq-dhcp[2282155]: read /opt/stack/data/neutron/dhcp/60d74d34-6a25-4e97-bd22-a8679c7200cd/host
Oct 17 12:20:47.474762 podb-esxi207 dnsmasq-dhcp[2282155]: read /opt/stack/data/neutron/dhcp/60d74d34-6a25-4e97-bd22-a8679c7200cd/opts
Oct 17 12:20:48.006532 podb-esxi207 dnsmasq[2281630]: read /opt/stack/data/neutron/dhcp/ee1d713c-6ded-4c49-bd75-762008cea052/addn_hosts - 2 names
Oct 17 12:20:48.006617 podb-esxi207 dnsmasq-dhcp[2281630]: read /opt/stack/data/neutron/dhcp/ee1d713c-6ded-4c49-bd75-762008cea052/host
Oct 17 12:20:48.006703 podb-esxi207 dnsmasq-dhcp[2281630]: read /opt/stack/data/neutron/dhcp/ee1d713c-6ded-4c49-bd75-762008cea052/opts
Oct 17 12:20:48.230912 podb-esxi207 dnsmasq[2276344]: exiting on receipt of SIGTERM
Oct 17 12:20:50.324429 podb-esxi207 dnsmasq-dhcp[2279521]: DHCPDISCOVER(tap0cab8504-d3) fa:16:3e:20:cb:56
Oct 17 12:20:50.324456 podb-esxi207 dnsmasq-dhcp[2279521]: DHCPOFFER(tap0cab8504-d3) 10.1.0.6 fa:16:3e:20:cb:56
Oct 17 12:20:50.353280 podb-esxi207 dnsmasq-dhcp[2279521]: DHCPREQUEST(tap0cab8504-d3) 10.1.0.6 fa:16:3e:20:cb:56
Oct 17 12:20:50.353310 podb-esxi207 dnsmasq-dhcp[2279521]: DHCPACK(tap0cab8504-d3) 10.1.0.6 fa:16:3e:20:cb:56 host-10-1-0-6
Oct 17 12:20:50.366335 podb-esxi207 dnsmasq[2282155]: read /opt/stack/data/neutron/dhcp/60d74d34-6a25-4e97-bd22-a8679c7200cd/addn_hosts - 2 names
Oct 17 12:20:50.366416 podb-esxi207 dnsmasq-dhcp[2282155]: read /opt/stack/data/neutron/dhcp/60d74d34-6a25-4e97-bd22-a8679c7200cd/host
Oct 17 12:20:50.366508 podb-esxi207 dnsmasq-dhcp[2282155]: read /opt/stack/data/neutron/dhcp/60d74d34-6a25-4e97-bd22-a8679c7200cd/opts
Oct 17 12:20:51.092218 podb-esxi207 dnsmasq[2281630]: read /opt/stack/data/neutron/dhcp/ee1d713c-6ded-4c49-bd75-762008cea052/addn_hosts - 2 names
Oct 17 12:20:51.092321 podb-esxi207 dnsmasq-dhcp[2281630]: read /opt/stack/data/neutron/dhcp/ee1d713c-6ded-4c49-bd75-762008cea052/host
Oct 17 12:20:51.092428 podb-esxi207 dnsmasq-dhcp[2281630]: read /opt/stack/data/neutron/dhcp/ee1d713c-6ded-4c49-bd75-762008cea052/opts
Oct 17 12:20:52.320855 podb-esxi207 dnsmasq[2282155]: read /opt/stack/data/neutron/dhcp/60d74d34-6a25-4e97-bd22-a8679c7200cd/addn_hosts - 2 names
Oct 17 12:20:52.320956 podb-esxi207 dnsmasq-dhcp[2282155]: read /opt/stack/data/neutron/dhcp/60d74d34-6a25-4e97-bd22-a8679c7200cd/host
Oct 17 12:20:52.321056 podb-esxi207 dnsmasq-dhcp[2282155]: read /opt/stack/data/neutron/dhcp/60d74d34-6a25-4e97-bd22-a8679c7200cd/opts
Oct 17 12:20:53.553217 podb-esxi207 dnsmasq[2282155]: read /opt/stack/data/neutron/dhcp/60d74d34-6a25-4e97-bd22-a8679c7200cd/addn_hosts - 2 names
Oct 17 12:20:53.553295 podb-esxi207 dnsmasq-dhcp[2282155]: read /opt/stack/data/neutron/dhcp/60d74d34-6a25-4e97-bd22-a8679c7200cd/host
Oct 17 12:20:53.553367 podb-esxi207 dnsmasq-dhcp[2282155]: read /opt/stack/data/neutron/dhcp/60d74d34-6a25-4e97-bd22-a8679c7200cd/opts
Oct 17 12:20:54.777842 podb-esxi207 dnsmasq[2282155]: read /opt/stack/data/neutron/dhcp/60d74d34-6a25-4e97-bd22-a8679c7200cd/addn_hosts - 4 names
Oct 17 12:20:54.777940 podb-esxi207 dnsmasq-dhcp[2282155]: read /opt/stack/data/neutron/dhcp/60d74d34-6a25-4e97-bd22-a8679c7200cd/host
Oct 17 12:20:54.778037 podb-esxi207 dnsmasq-dhcp[2282155]: read /opt/stack/data/neutron/dhcp/60d74d34-6a25-4e97-bd22-a8679c7200cd/opts
Oct 17 12:20:55.140687 podb-esxi207 dnsmasq-dhcp[2279521]: DHCPDISCOVER(tap0cab8504-d3) fa:16:3e:df:82:d6
Oct 17 12:20:55.140710 podb-esxi207 dnsmasq-dhcp[2279521]: DHCPOFFER(tap0cab8504-d3) 10.1.0.7 fa:16:3e:df:82:d6
Oct 17 12:20:55.149346 podb-esxi207 dnsmasq-dhcp[2279521]: DHCPREQUEST(tap0cab8504-d3) 10.1.0.7 fa:16:3e:df:82:d6
Oct 17 12:20:55.149371 podb-esxi207 dnsmasq-dhcp[2279521]: DHCPACK(tap0cab8504-d3) 10.1.0.7 fa:16:3e:df:82:d6 host-10-1-0-7
Oct 17 12:21:03.317315 podb-esxi207 dnsmasq[2282478]: started, version 2.90 cachesize 150
Oct 17 12:21:03.317346 podb-esxi207 dnsmasq[2282478]: DNS service limited to local subnets
Oct 17 12:21:03.317361 podb-esxi207 dnsmasq[2282478]: compile time options: IPv6 GNU-getopt DBus no-UBus i18n IDN2 DHCP DHCPv6 no-Lua TFTP conntrack ipset no-nftset auth cryptohash DNSSEC loop-detect inotify dumpfile
Oct 17 12:21:03.317415 podb-esxi207 dnsmasq-dhcp[2282478]: DHCP, static leases only on 10.1.1.0, lease time 1d
Oct 17 12:21:03.317570 podb-esxi207 dnsmasq[2282478]: reading /etc/resolv.conf
Oct 17 12:21:03.317586 podb-esxi207 dnsmasq[2282478]: using nameserver 127.0.0.53#53
Oct 17 12:21:03.317685 podb-esxi207 dnsmasq[2282478]: read /opt/stack/data/neutron/dhcp/0b364865-84fc-4589-8530-4203b5541af3/addn_hosts - 0 names
Oct 17 12:21:03.317737 podb-esxi207 dnsmasq-dhcp[2282478]: read /opt/stack/data/neutron/dhcp/0b364865-84fc-4589-8530-4203b5541af3/host
Oct 17 12:21:03.317796 podb-esxi207 dnsmasq-dhcp[2282478]: read /opt/stack/data/neutron/dhcp/0b364865-84fc-4589-8530-4203b5541af3/opts
Oct 17 12:21:06.447199 podb-esxi207 dnsmasq[2282537]: started, version 2.90 cachesize 150
Oct 17 12:21:06.447224 podb-esxi207 dnsmasq[2282537]: DNS service limited to local subnets
Oct 17 12:21:06.447238 podb-esxi207 dnsmasq[2282537]: compile time options: IPv6 GNU-getopt DBus no-UBus i18n IDN2 DHCP DHCPv6 no-Lua TFTP conntrack ipset no-nftset auth cryptohash DNSSEC loop-detect inotify dumpfile
Oct 17 12:21:06.447274 podb-esxi207 dnsmasq-dhcp[2282537]: DHCP, static leases only on 10.2.2.0, lease time 1d
Oct 17 12:21:06.447420 podb-esxi207 dnsmasq[2282537]: reading /etc/resolv.conf
Oct 17 12:21:06.447436 podb-esxi207 dnsmasq[2282537]: using nameserver 127.0.0.53#53
Oct 17 12:21:06.447519 podb-esxi207 dnsmasq[2282537]: read /opt/stack/data/neutron/dhcp/2367112f-d6fb-4334-bf79-ae9de113a39c/addn_hosts - 0 names
Oct 17 12:21:06.447569 podb-esxi207 dnsmasq-dhcp[2282537]: read /opt/stack/data/neutron/dhcp/2367112f-d6fb-4334-bf79-ae9de113a39c/host
Oct 17 12:21:06.447631 podb-esxi207 dnsmasq-dhcp[2282537]: read /opt/stack/data/neutron/dhcp/2367112f-d6fb-4334-bf79-ae9de113a39c/opts
Oct 17 12:21:07.487342 podb-esxi207 dnsmasq[2282478]: read /opt/stack/data/neutron/dhcp/0b364865-84fc-4589-8530-4203b5541af3/addn_hosts - 4 names
Oct 17 12:21:07.487461 podb-esxi207 dnsmasq-dhcp[2282478]: read /opt/stack/data/neutron/dhcp/0b364865-84fc-4589-8530-4203b5541af3/host
Oct 17 12:21:07.487540 podb-esxi207 dnsmasq-dhcp[2282478]: read /opt/stack/data/neutron/dhcp/0b364865-84fc-4589-8530-4203b5541af3/opts
Oct 17 12:21:09.238921 podb-esxi207 dnsmasq[2282537]: read /opt/stack/data/neutron/dhcp/2367112f-d6fb-4334-bf79-ae9de113a39c/addn_hosts - 0 names
Oct 17 12:21:09.239025 podb-esxi207 dnsmasq-dhcp[2282537]: read /opt/stack/data/neutron/dhcp/2367112f-d6fb-4334-bf79-ae9de113a39c/host
Oct 17 12:21:09.239110 podb-esxi207 dnsmasq-dhcp[2282537]: read /opt/stack/data/neutron/dhcp/2367112f-d6fb-4334-bf79-ae9de113a39c/opts
Oct 17 12:21:09.978199 podb-esxi207 dnsmasq[2282478]: read /opt/stack/data/neutron/dhcp/0b364865-84fc-4589-8530-4203b5541af3/addn_hosts - 4 names
Oct 17 12:21:09.978301 podb-esxi207 dnsmasq-dhcp[2282478]: read /opt/stack/data/neutron/dhcp/0b364865-84fc-4589-8530-4203b5541af3/host
Oct 17 12:21:09.978410 podb-esxi207 dnsmasq-dhcp[2282478]: read /opt/stack/data/neutron/dhcp/0b364865-84fc-4589-8530-4203b5541af3/opts
Oct 17 12:21:11.229500 podb-esxi207 dnsmasq[2281182]: read /opt/stack/data/neutron/dhcp/14d334bf-2cb9-4ef4-aa5d-57d3d00c45ef/addn_hosts - 4 names
Oct 17 12:21:11.229555 podb-esxi207 dnsmasq-dhcp[2281182]: read /opt/stack/data/neutron/dhcp/14d334bf-2cb9-4ef4-aa5d-57d3d00c45ef/host
Oct 17 12:21:11.229596 podb-esxi207 dnsmasq-dhcp[2281182]: read /opt/stack/data/neutron/dhcp/14d334bf-2cb9-4ef4-aa5d-57d3d00c45ef/opts
Oct 17 12:21:11.964803 podb-esxi207 dnsmasq[2282478]: read /opt/stack/data/neutron/dhcp/0b364865-84fc-4589-8530-4203b5541af3/addn_hosts - 4 names
Oct 17 12:21:11.964898 podb-esxi207 dnsmasq-dhcp[2282478]: read /opt/stack/data/neutron/dhcp/0b364865-84fc-4589-8530-4203b5541af3/host
Oct 17 12:21:11.964944 podb-esxi207 dnsmasq-dhcp[2282478]: read /opt/stack/data/neutron/dhcp/0b364865-84fc-4589-8530-4203b5541af3/opts
Oct 17 12:21:12.698813 podb-esxi207 dnsmasq[2282537]: read /opt/stack/data/neutron/dhcp/2367112f-d6fb-4334-bf79-ae9de113a39c/addn_hosts - 2 names
Oct 17 12:21:12.698923 podb-esxi207 dnsmasq-dhcp[2282537]: read /opt/stack/data/neutron/dhcp/2367112f-d6fb-4334-bf79-ae9de113a39c/host
Oct 17 12:21:12.699001 podb-esxi207 dnsmasq-dhcp[2282537]: read /opt/stack/data/neutron/dhcp/2367112f-d6fb-4334-bf79-ae9de113a39c/opts
Oct 17 12:21:13.387555 podb-esxi207 dnsmasq-dhcp[2282155]: DHCPDISCOVER(tapb9c39a79-0a) fa:16:3e:31:c1:d3
Oct 17 12:21:13.387579 podb-esxi207 dnsmasq-dhcp[2282155]: DHCPOFFER(tapb9c39a79-0a) 10.1.0.3 fa:16:3e:31:c1:d3
Oct 17 12:21:13.398204 podb-esxi207 dnsmasq-dhcp[2282155]: DHCPREQUEST(tapb9c39a79-0a) 10.1.0.3 fa:16:3e:31:c1:d3
Oct 17 12:21:13.398235 podb-esxi207 dnsmasq-dhcp[2282155]: DHCPACK(tapb9c39a79-0a) 10.1.0.3 fa:16:3e:31:c1:d3 host-10-1-0-3
Oct 17 12:21:13.949615 podb-esxi207 dnsmasq[2282478]: read /opt/stack/data/neutron/dhcp/0b364865-84fc-4589-8530-4203b5541af3/addn_hosts - 6 names
Oct 17 12:21:13.949817 podb-esxi207 dnsmasq-dhcp[2282478]: read /opt/stack/data/neutron/dhcp/0b364865-84fc-4589-8530-4203b5541af3/host
Oct 17 12:21:13.949921 podb-esxi207 dnsmasq-dhcp[2282478]: read /opt/stack/data/neutron/dhcp/0b364865-84fc-4589-8530-4203b5541af3/opts
Oct 17 12:21:14.663758 podb-esxi207 dnsmasq[2282537]: read /opt/stack/data/neutron/dhcp/2367112f-d6fb-4334-bf79-ae9de113a39c/addn_hosts - 4 names
Oct 17 12:21:14.663878 podb-esxi207 dnsmasq-dhcp[2282537]: read /opt/stack/data/neutron/dhcp/2367112f-d6fb-4334-bf79-ae9de113a39c/host
Oct 17 12:21:14.663969 podb-esxi207 dnsmasq-dhcp[2282537]: read /opt/stack/data/neutron/dhcp/2367112f-d6fb-4334-bf79-ae9de113a39c/opts
Oct 17 12:21:15.911295 podb-esxi207 dnsmasq[2282478]: read /opt/stack/data/neutron/dhcp/0b364865-84fc-4589-8530-4203b5541af3/addn_hosts - 8 names
Oct 17 12:21:15.911424 podb-esxi207 dnsmasq-dhcp[2282478]: read /opt/stack/data/neutron/dhcp/0b364865-84fc-4589-8530-4203b5541af3/host
Oct 17 12:21:15.911512 podb-esxi207 dnsmasq-dhcp[2282478]: read /opt/stack/data/neutron/dhcp/0b364865-84fc-4589-8530-4203b5541af3/opts
Oct 17 12:21:33.333589 podb-esxi207 dnsmasq-dhcp[2272948]: DHCPRELEASE(tap195ea04f-a6) 10.1.0.3 fa:16:3e:45:76:39
Oct 17 12:21:33.350878 podb-esxi207 dnsmasq-dhcp[2272948]: DHCPRELEASE(tap195ea04f-a6) 10.1.0.3 fa:16:3e:45:76:39 unknown lease
Oct 17 12:21:34.176193 podb-esxi207 dnsmasq[2272948]: read /opt/stack/data/neutron/dhcp/e23958bf-81f3-42ae-8232-99c7ad36159f/addn_hosts - 6 names
Oct 17 12:21:34.176350 podb-esxi207 dnsmasq-dhcp[2272948]: read /opt/stack/data/neutron/dhcp/e23958bf-81f3-42ae-8232-99c7ad36159f/host
Oct 17 12:21:34.176469 podb-esxi207 dnsmasq-dhcp[2272948]: read /opt/stack/data/neutron/dhcp/e23958bf-81f3-42ae-8232-99c7ad36159f/opts
Oct 17 12:21:49.579650 podb-esxi207 dnsmasq-dhcp[2272948]: DHCPRELEASE(tap195ea04f-a6) 10.1.0.14 fa:16:3e:92:d2:9b
Oct 17 12:21:49.593645 podb-esxi207 dnsmasq-dhcp[2272948]: DHCPRELEASE(tap195ea04f-a6) 10.1.0.14 fa:16:3e:92:d2:9b unknown lease
Oct 17 12:21:50.415468 podb-esxi207 dnsmasq[2272948]: read /opt/stack/data/neutron/dhcp/e23958bf-81f3-42ae-8232-99c7ad36159f/addn_hosts - 4 names
Oct 17 12:21:50.415561 podb-esxi207 dnsmasq-dhcp[2272948]: read /opt/stack/data/neutron/dhcp/e23958bf-81f3-42ae-8232-99c7ad36159f/host
Oct 17 12:21:50.415676 podb-esxi207 dnsmasq-dhcp[2272948]: read /opt/stack/data/neutron/dhcp/e23958bf-81f3-42ae-8232-99c7ad36159f/opts
Oct 17 12:21:56.762207 podb-esxi207 dnsmasq-dhcp[2272948]: DHCPRELEASE(tap195ea04f-a6) 10.1.0.11 fa:16:3e:08:fb:a7
Oct 17 12:21:56.777468 podb-esxi207 dnsmasq-dhcp[2272948]: DHCPRELEASE(tap195ea04f-a6) 10.1.0.11 fa:16:3e:08:fb:a7 unknown lease
Oct 17 12:21:57.602136 podb-esxi207 dnsmasq[2272948]: read /opt/stack/data/neutron/dhcp/e23958bf-81f3-42ae-8232-99c7ad36159f/addn_hosts - 2 names
Oct 17 12:21:57.602221 podb-esxi207 dnsmasq-dhcp[2272948]: read /opt/stack/data/neutron/dhcp/e23958bf-81f3-42ae-8232-99c7ad36159f/host
Oct 17 12:21:57.602315 podb-esxi207 dnsmasq-dhcp[2272948]: read /opt/stack/data/neutron/dhcp/e23958bf-81f3-42ae-8232-99c7ad36159f/opts
Oct 17 12:22:01.539913 podb-esxi207 dnsmasq-dhcp[2272948]: DHCPRELEASE(tap195ea04f-a6) 10.1.0.1 fa:16:3e:17:45:d5
Oct 17 12:22:02.363898 podb-esxi207 dnsmasq[2272948]: read /opt/stack/data/neutron/dhcp/e23958bf-81f3-42ae-8232-99c7ad36159f/addn_hosts - 0 names
Oct 17 12:22:02.364000 podb-esxi207 dnsmasq-dhcp[2272948]: read /opt/stack/data/neutron/dhcp/e23958bf-81f3-42ae-8232-99c7ad36159f/host
Oct 17 12:22:02.364102 podb-esxi207 dnsmasq-dhcp[2272948]: read /opt/stack/data/neutron/dhcp/e23958bf-81f3-42ae-8232-99c7ad36159f/opts
Oct 17 12:22:03.133282 podb-esxi207 dnsmasq[2272948]: exiting on receipt of SIGTERM
Oct 17 12:22:06.097214 podb-esxi207 dnsmasq-dhcp[2282478]: DHCPDISCOVER(tap7665ead0-3c) fa:16:3e:3f:b6:28
Oct 17 12:22:06.097239 podb-esxi207 dnsmasq-dhcp[2282478]: DHCPOFFER(tap7665ead0-3c) 10.1.1.122 fa:16:3e:3f:b6:28
Oct 17 12:22:06.244864 podb-esxi207 dnsmasq-dhcp[2282478]: DHCPREQUEST(tap7665ead0-3c) 10.1.1.122 fa:16:3e:3f:b6:28
Oct 17 12:22:06.244897 podb-esxi207 dnsmasq-dhcp[2282478]: DHCPACK(tap7665ead0-3c) 10.1.1.122 fa:16:3e:3f:b6:28 host-10-1-1-122
Oct 17 12:22:06.603363 podb-esxi207 dnsmasq-dhcp[2282478]: DHCPDISCOVER(tap7665ead0-3c) fa:16:3e:7f:d7:e0
Oct 17 12:22:06.603387 podb-esxi207 dnsmasq-dhcp[2282478]: DHCPOFFER(tap7665ead0-3c) 10.1.1.137 fa:16:3e:7f:d7:e0
Oct 17 12:22:06.742182 podb-esxi207 dnsmasq-dhcp[2282478]: DHCPREQUEST(tap7665ead0-3c) 10.1.1.137 fa:16:3e:7f:d7:e0
Oct 17 12:22:06.742213 podb-esxi207 dnsmasq-dhcp[2282478]: DHCPACK(tap7665ead0-3c) 10.1.1.137 fa:16:3e:7f:d7:e0 host-10-1-1-137
Oct 17 12:22:06.966854 podb-esxi207 dnsmasq[2284312]: started, version 2.90 cachesize 150
Oct 17 12:22:06.966882 podb-esxi207 dnsmasq[2284312]: DNS service limited to local subnets
Oct 17 12:22:06.966897 podb-esxi207 dnsmasq[2284312]: compile time options: IPv6 GNU-getopt DBus no-UBus i18n IDN2 DHCP DHCPv6 no-Lua TFTP conntrack ipset no-nftset auth cryptohash DNSSEC loop-detect inotify dumpfile
Oct 17 12:22:06.966941 podb-esxi207 dnsmasq-dhcp[2284312]: DHCP, static leases only on 10.1.0.0, lease time 1d
Oct 17 12:22:06.967091 podb-esxi207 dnsmasq[2284312]: reading /etc/resolv.conf
Oct 17 12:22:06.967108 podb-esxi207 dnsmasq[2284312]: using nameserver 127.0.0.53#53
Oct 17 12:22:06.967192 podb-esxi207 dnsmasq[2284312]: read /opt/stack/data/neutron/dhcp/9d9b1e5f-73c7-4275-bddc-421d228a8935/addn_hosts - 0 names
Oct 17 12:22:06.967241 podb-esxi207 dnsmasq-dhcp[2284312]: read /opt/stack/data/neutron/dhcp/9d9b1e5f-73c7-4275-bddc-421d228a8935/host
Oct 17 12:22:06.967297 podb-esxi207 dnsmasq-dhcp[2284312]: read /opt/stack/data/neutron/dhcp/9d9b1e5f-73c7-4275-bddc-421d228a8935/opts
Oct 17 12:22:07.274854 podb-esxi207 dnsmasq-dhcp[2282478]: DHCPDISCOVER(tap7665ead0-3c) fa:16:3e:68:6a:56
Oct 17 12:22:07.274882 podb-esxi207 dnsmasq-dhcp[2282478]: DHCPOFFER(tap7665ead0-3c) 10.1.1.216 fa:16:3e:68:6a:56
Oct 17 12:22:07.289974 podb-esxi207 dnsmasq-dhcp[2282478]: DHCPREQUEST(tap7665ead0-3c) 10.1.1.216 fa:16:3e:68:6a:56
Oct 17 12:22:07.290006 podb-esxi207 dnsmasq-dhcp[2282478]: DHCPACK(tap7665ead0-3c) 10.1.1.216 fa:16:3e:68:6a:56 host-10-1-1-216
Oct 17 12:22:07.350791 podb-esxi207 dnsmasq-dhcp[2281182]: DHCPDISCOVER(tapa269e0fa-27) fa:16:3e:d7:24:17
Oct 17 12:22:07.350819 podb-esxi207 dnsmasq-dhcp[2281182]: DHCPOFFER(tapa269e0fa-27) 10.1.0.12 fa:16:3e:d7:24:17
Oct 17 12:22:07.360068 podb-esxi207 dnsmasq-dhcp[2281182]: DHCPREQUEST(tapa269e0fa-27) 10.1.0.12 fa:16:3e:d7:24:17
Oct 17 12:22:07.360103 podb-esxi207 dnsmasq-dhcp[2281182]: DHCPACK(tapa269e0fa-27) 10.1.0.12 fa:16:3e:d7:24:17 host-10-1-0-12
Oct 17 12:22:07.687933 podb-esxi207 dnsmasq-dhcp[2282478]: DHCPDISCOVER(tap7665ead0-3c) fa:16:3e:ae:3f:79
Oct 17 12:22:07.687960 podb-esxi207 dnsmasq-dhcp[2282478]: DHCPOFFER(tap7665ead0-3c) 10.1.1.134 fa:16:3e:ae:3f:79
Oct 17 12:22:07.698798 podb-esxi207 dnsmasq-dhcp[2282478]: DHCPREQUEST(tap7665ead0-3c) 10.1.1.134 fa:16:3e:ae:3f:79
Oct 17 12:22:07.698832 podb-esxi207 dnsmasq-dhcp[2282478]: DHCPACK(tap7665ead0-3c) 10.1.1.134 fa:16:3e:ae:3f:79 host-10-1-1-134
Oct 17 12:22:07.785285 podb-esxi207 dnsmasq-dhcp[2282537]: DHCPDISCOVER(tapc7040909-b1) fa:16:3e:47:07:51
Oct 17 12:22:07.785309 podb-esxi207 dnsmasq-dhcp[2282537]: DHCPOFFER(tapc7040909-b1) 10.2.2.200 fa:16:3e:47:07:51
Oct 17 12:22:07.794341 podb-esxi207 dnsmasq-dhcp[2282537]: DHCPREQUEST(tapc7040909-b1) 10.2.2.200 fa:16:3e:47:07:51
Oct 17 12:22:07.794367 podb-esxi207 dnsmasq-dhcp[2282537]: DHCPACK(tapc7040909-b1) 10.2.2.200 fa:16:3e:47:07:51 host-10-2-2-200
Oct 17 12:22:07.795509 podb-esxi207 dnsmasq-dhcp[2282537]: DHCPDISCOVER(tapc7040909-b1) fa:16:3e:2d:33:36
Oct 17 12:22:07.795528 podb-esxi207 dnsmasq-dhcp[2282537]: DHCPOFFER(tapc7040909-b1) 10.2.2.100 fa:16:3e:2d:33:36
Oct 17 12:22:07.816366 podb-esxi207 dnsmasq-dhcp[2282537]: DHCPREQUEST(tapc7040909-b1) 10.2.2.100 fa:16:3e:2d:33:36
Oct 17 12:22:07.816389 podb-esxi207 dnsmasq-dhcp[2282537]: DHCPACK(tapc7040909-b1) 10.2.2.100 fa:16:3e:2d:33:36 host-10-2-2-100
Oct 17 12:22:08.513819 podb-esxi207 dnsmasq[2284312]: read /opt/stack/data/neutron/dhcp/9d9b1e5f-73c7-4275-bddc-421d228a8935/addn_hosts - 2 names
Oct 17 12:22:08.513905 podb-esxi207 dnsmasq-dhcp[2284312]: read /opt/stack/data/neutron/dhcp/9d9b1e5f-73c7-4275-bddc-421d228a8935/host
Oct 17 12:22:08.513997 podb-esxi207 dnsmasq-dhcp[2284312]: read /opt/stack/data/neutron/dhcp/9d9b1e5f-73c7-4275-bddc-421d228a8935/opts
Oct 17 12:22:09.767768 podb-esxi207 dnsmasq[2284312]: read /opt/stack/data/neutron/dhcp/9d9b1e5f-73c7-4275-bddc-421d228a8935/addn_hosts - 2 names
Oct 17 12:22:09.767861 podb-esxi207 dnsmasq-dhcp[2284312]: read /opt/stack/data/neutron/dhcp/9d9b1e5f-73c7-4275-bddc-421d228a8935/host
Oct 17 12:22:09.767984 podb-esxi207 dnsmasq-dhcp[2284312]: read /opt/stack/data/neutron/dhcp/9d9b1e5f-73c7-4275-bddc-421d228a8935/opts
Oct 17 12:22:11.022725 podb-esxi207 dnsmasq[2284312]: read /opt/stack/data/neutron/dhcp/9d9b1e5f-73c7-4275-bddc-421d228a8935/addn_hosts - 2 names
Oct 17 12:22:11.022822 podb-esxi207 dnsmasq-dhcp[2284312]: read /opt/stack/data/neutron/dhcp/9d9b1e5f-73c7-4275-bddc-421d228a8935/host
Oct 17 12:22:11.022933 podb-esxi207 dnsmasq-dhcp[2284312]: read /opt/stack/data/neutron/dhcp/9d9b1e5f-73c7-4275-bddc-421d228a8935/opts
Oct 17 12:22:13.084657 podb-esxi207 dnsmasq[2284312]: read /opt/stack/data/neutron/dhcp/9d9b1e5f-73c7-4275-bddc-421d228a8935/addn_hosts - 4 names
Oct 17 12:22:13.084783 podb-esxi207 dnsmasq-dhcp[2284312]: read /opt/stack/data/neutron/dhcp/9d9b1e5f-73c7-4275-bddc-421d228a8935/host
Oct 17 12:22:13.084894 podb-esxi207 dnsmasq-dhcp[2284312]: read /opt/stack/data/neutron/dhcp/9d9b1e5f-73c7-4275-bddc-421d228a8935/opts
Oct 17 12:22:23.129708 podb-esxi207 dnsmasq-dhcp[2281182]: DHCPRELEASE(tapa269e0fa-27) 10.1.0.12 fa:16:3e:d7:24:17
Oct 17 12:22:23.145799 podb-esxi207 dnsmasq-dhcp[2281182]: DHCPRELEASE(tapa269e0fa-27) 10.1.0.12 fa:16:3e:d7:24:17 unknown lease
Oct 17 12:22:23.972515 podb-esxi207 dnsmasq[2281182]: read /opt/stack/data/neutron/dhcp/14d334bf-2cb9-4ef4-aa5d-57d3d00c45ef/addn_hosts - 2 names
Oct 17 12:22:23.972607 podb-esxi207 dnsmasq-dhcp[2281182]: read /opt/stack/data/neutron/dhcp/14d334bf-2cb9-4ef4-aa5d-57d3d00c45ef/host
Oct 17 12:22:23.972738 podb-esxi207 dnsmasq-dhcp[2281182]: read /opt/stack/data/neutron/dhcp/14d334bf-2cb9-4ef4-aa5d-57d3d00c45ef/opts
Oct 17 12:22:24.191054 podb-esxi207 dnsmasq-dhcp[2282537]: DHCPRELEASE(tapc7040909-b1) 10.2.2.200 fa:16:3e:47:07:51
Oct 17 12:22:24.206974 podb-esxi207 dnsmasq-dhcp[2282537]: DHCPRELEASE(tapc7040909-b1) 10.2.2.200 fa:16:3e:47:07:51 unknown lease
Oct 17 12:22:25.029396 podb-esxi207 dnsmasq[2282537]: read /opt/stack/data/neutron/dhcp/2367112f-d6fb-4334-bf79-ae9de113a39c/addn_hosts - 2 names
Oct 17 12:22:25.029552 podb-esxi207 dnsmasq-dhcp[2282537]: read /opt/stack/data/neutron/dhcp/2367112f-d6fb-4334-bf79-ae9de113a39c/host
Oct 17 12:22:25.029665 podb-esxi207 dnsmasq-dhcp[2282537]: read /opt/stack/data/neutron/dhcp/2367112f-d6fb-4334-bf79-ae9de113a39c/opts
Oct 17 12:22:25.251696 podb-esxi207 dnsmasq-dhcp[2282478]: DHCPRELEASE(tap7665ead0-3c) 10.1.1.134 fa:16:3e:ae:3f:79
Oct 17 12:22:25.267432 podb-esxi207 dnsmasq-dhcp[2282478]: DHCPRELEASE(tap7665ead0-3c) 10.1.1.134 fa:16:3e:ae:3f:79 unknown lease
Oct 17 12:22:26.095771 podb-esxi207 dnsmasq[2282478]: read /opt/stack/data/neutron/dhcp/0b364865-84fc-4589-8530-4203b5541af3/addn_hosts - 6 names
Oct 17 12:22:26.095884 podb-esxi207 dnsmasq-dhcp[2282478]: read /opt/stack/data/neutron/dhcp/0b364865-84fc-4589-8530-4203b5541af3/host
Oct 17 12:22:26.095969 podb-esxi207 dnsmasq-dhcp[2282478]: read /opt/stack/data/neutron/dhcp/0b364865-84fc-4589-8530-4203b5541af3/opts
Oct 17 12:22:26.325269 podb-esxi207 dnsmasq-dhcp[2282537]: DHCPRELEASE(tapc7040909-b1) 10.2.2.100 fa:16:3e:2d:33:36
Oct 17 12:22:26.339313 podb-esxi207 dnsmasq-dhcp[2282537]: DHCPRELEASE(tapc7040909-b1) 10.2.2.100 fa:16:3e:2d:33:36 unknown lease
Oct 17 12:22:27.162238 podb-esxi207 dnsmasq[2282537]: read /opt/stack/data/neutron/dhcp/2367112f-d6fb-4334-bf79-ae9de113a39c/addn_hosts - 0 names
Oct 17 12:22:27.162305 podb-esxi207 dnsmasq-dhcp[2282537]: read /opt/stack/data/neutron/dhcp/2367112f-d6fb-4334-bf79-ae9de113a39c/host
Oct 17 12:22:27.162355 podb-esxi207 dnsmasq-dhcp[2282537]: read /opt/stack/data/neutron/dhcp/2367112f-d6fb-4334-bf79-ae9de113a39c/opts
Oct 17 12:22:27.389845 podb-esxi207 dnsmasq-dhcp[2282478]: DHCPRELEASE(tap7665ead0-3c) 10.1.1.137 fa:16:3e:7f:d7:e0
Oct 17 12:22:27.403304 podb-esxi207 dnsmasq-dhcp[2282478]: DHCPRELEASE(tap7665ead0-3c) 10.1.1.137 fa:16:3e:7f:d7:e0 unknown lease
Oct 17 12:22:28.227385 podb-esxi207 dnsmasq[2282478]: read /opt/stack/data/neutron/dhcp/0b364865-84fc-4589-8530-4203b5541af3/addn_hosts - 4 names
Oct 17 12:22:28.227493 podb-esxi207 dnsmasq-dhcp[2282478]: read /opt/stack/data/neutron/dhcp/0b364865-84fc-4589-8530-4203b5541af3/host
Oct 17 12:22:28.227575 podb-esxi207 dnsmasq-dhcp[2282478]: read /opt/stack/data/neutron/dhcp/0b364865-84fc-4589-8530-4203b5541af3/opts
Oct 17 12:22:34.942248 podb-esxi207 dnsmasq-dhcp[2284312]: DHCPDISCOVER(tapbfd13706-45) fa:16:3e:9e:c1:c8
Oct 17 12:22:34.942277 podb-esxi207 dnsmasq-dhcp[2284312]: DHCPOFFER(tapbfd13706-45) 10.1.0.10 fa:16:3e:9e:c1:c8
Oct 17 12:22:34.954025 podb-esxi207 dnsmasq-dhcp[2284312]: DHCPREQUEST(tapbfd13706-45) 10.1.0.10 fa:16:3e:9e:c1:c8
Oct 17 12:22:34.954059 podb-esxi207 dnsmasq-dhcp[2284312]: DHCPACK(tapbfd13706-45) 10.1.0.10 fa:16:3e:9e:c1:c8 host-10-1-0-10
Oct 17 12:22:36.366288 podb-esxi207 dnsmasq-dhcp[2282478]: DHCPRELEASE(tap7665ead0-3c) 10.1.1.216 fa:16:3e:68:6a:56
Oct 17 12:22:36.383477 podb-esxi207 dnsmasq-dhcp[2282478]: DHCPRELEASE(tap7665ead0-3c) 10.1.1.216 fa:16:3e:68:6a:56 unknown lease
Oct 17 12:22:37.208956 podb-esxi207 dnsmasq[2282478]: read /opt/stack/data/neutron/dhcp/0b364865-84fc-4589-8530-4203b5541af3/addn_hosts - 2 names
Oct 17 12:22:37.209058 podb-esxi207 dnsmasq-dhcp[2282478]: read /opt/stack/data/neutron/dhcp/0b364865-84fc-4589-8530-4203b5541af3/host
Oct 17 12:22:37.209106 podb-esxi207 dnsmasq-dhcp[2282478]: read /opt/stack/data/neutron/dhcp/0b364865-84fc-4589-8530-4203b5541af3/opts
Oct 17 12:22:38.456805 podb-esxi207 dnsmasq[2282537]: exiting on receipt of SIGTERM
Oct 17 12:22:39.072714 podb-esxi207 dnsmasq[2282478]: exiting on receipt of SIGTERM
Oct 17 12:22:46.892613 podb-esxi207 dnsmasq-dhcp[2279521]: DHCPRELEASE(tap0cab8504-d3) 10.1.0.7 fa:16:3e:df:82:d6
Oct 17 12:22:46.911309 podb-esxi207 dnsmasq-dhcp[2279521]: DHCPRELEASE(tap0cab8504-d3) 10.1.0.7 fa:16:3e:df:82:d6 unknown lease
Oct 17 12:22:47.738193 podb-esxi207 dnsmasq[2279521]: read /opt/stack/data/neutron/dhcp/360dd006-459b-4a0f-848b-8921dcdeec49/addn_hosts - 4 names
Oct 17 12:22:47.738285 podb-esxi207 dnsmasq-dhcp[2279521]: read /opt/stack/data/neutron/dhcp/360dd006-459b-4a0f-848b-8921dcdeec49/host
Oct 17 12:22:47.738354 podb-esxi207 dnsmasq-dhcp[2279521]: read /opt/stack/data/neutron/dhcp/360dd006-459b-4a0f-848b-8921dcdeec49/opts
Oct 17 12:22:47.996894 podb-esxi207 dnsmasq-dhcp[2279521]: DHCPRELEASE(tap0cab8504-d3) 10.1.0.6 fa:16:3e:20:cb:56
Oct 17 12:22:48.015748 podb-esxi207 dnsmasq-dhcp[2279521]: DHCPRELEASE(tap0cab8504-d3) 10.1.0.6 fa:16:3e:20:cb:56 unknown lease
Oct 17 12:22:48.842137 podb-esxi207 dnsmasq[2279521]: read /opt/stack/data/neutron/dhcp/360dd006-459b-4a0f-848b-8921dcdeec49/addn_hosts - 2 names
Oct 17 12:22:48.842231 podb-esxi207 dnsmasq-dhcp[2279521]: read /opt/stack/data/neutron/dhcp/360dd006-459b-4a0f-848b-8921dcdeec49/host
Oct 17 12:22:48.842347 podb-esxi207 dnsmasq-dhcp[2279521]: read /opt/stack/data/neutron/dhcp/360dd006-459b-4a0f-848b-8921dcdeec49/opts
Oct 17 12:22:50.953944 podb-esxi207 dnsmasq[2281182]: read /opt/stack/data/neutron/dhcp/14d334bf-2cb9-4ef4-aa5d-57d3d00c45ef/addn_hosts - 0 names
Oct 17 12:22:50.954042 podb-esxi207 dnsmasq-dhcp[2281182]: read /opt/stack/data/neutron/dhcp/14d334bf-2cb9-4ef4-aa5d-57d3d00c45ef/host
Oct 17 12:22:50.954139 podb-esxi207 dnsmasq-dhcp[2281182]: read /opt/stack/data/neutron/dhcp/14d334bf-2cb9-4ef4-aa5d-57d3d00c45ef/opts
Oct 17 12:22:51.991694 podb-esxi207 dnsmasq[2281182]: exiting on receipt of SIGTERM
Oct 17 12:22:52.644010 podb-esxi207 dnsmasq-dhcp[2281630]: DHCPRELEASE(tap7bace4d8-fa) 10.1.0.1 fa:16:3e:97:15:e1
Oct 17 12:22:53.467929 podb-esxi207 dnsmasq[2281630]: read /opt/stack/data/neutron/dhcp/ee1d713c-6ded-4c49-bd75-762008cea052/addn_hosts - 0 names
Oct 17 12:22:53.468001 podb-esxi207 dnsmasq-dhcp[2281630]: read /opt/stack/data/neutron/dhcp/ee1d713c-6ded-4c49-bd75-762008cea052/host
Oct 17 12:22:53.468056 podb-esxi207 dnsmasq-dhcp[2281630]: read /opt/stack/data/neutron/dhcp/ee1d713c-6ded-4c49-bd75-762008cea052/opts
Oct 17 12:22:54.276685 podb-esxi207 dnsmasq[2281630]: exiting on receipt of SIGTERM
Oct 17 12:22:58.878407 podb-esxi207 dnsmasq[2286346]: started, version 2.90 cachesize 150
Oct 17 12:22:58.878432 podb-esxi207 dnsmasq[2286346]: DNS service limited to local subnets
Oct 17 12:22:58.878448 podb-esxi207 dnsmasq[2286346]: compile time options: IPv6 GNU-getopt DBus no-UBus i18n IDN2 DHCP DHCPv6 no-Lua TFTP conntrack ipset no-nftset auth cryptohash DNSSEC loop-detect inotify dumpfile
Oct 17 12:22:58.878483 podb-esxi207 dnsmasq-dhcp[2286346]: DHCP, static leases only on 10.1.0.0, lease time 1d
Oct 17 12:22:58.878638 podb-esxi207 dnsmasq[2286346]: reading /etc/resolv.conf
Oct 17 12:22:58.878654 podb-esxi207 dnsmasq[2286346]: using nameserver 127.0.0.53#53
Oct 17 12:22:58.878743 podb-esxi207 dnsmasq[2286346]: read /opt/stack/data/neutron/dhcp/b60454ee-6ff6-455e-84dc-656333c7ca27/addn_hosts - 0 names
Oct 17 12:22:58.878794 podb-esxi207 dnsmasq-dhcp[2286346]: read /opt/stack/data/neutron/dhcp/b60454ee-6ff6-455e-84dc-656333c7ca27/host
Oct 17 12:22:58.878861 podb-esxi207 dnsmasq-dhcp[2286346]: read /opt/stack/data/neutron/dhcp/b60454ee-6ff6-455e-84dc-656333c7ca27/opts
Oct 17 12:23:00.423871 podb-esxi207 dnsmasq[2286346]: read /opt/stack/data/neutron/dhcp/b60454ee-6ff6-455e-84dc-656333c7ca27/addn_hosts - 2 names
Oct 17 12:23:00.423928 podb-esxi207 dnsmasq-dhcp[2286346]: read /opt/stack/data/neutron/dhcp/b60454ee-6ff6-455e-84dc-656333c7ca27/host
Oct 17 12:23:00.423971 podb-esxi207 dnsmasq-dhcp[2286346]: read /opt/stack/data/neutron/dhcp/b60454ee-6ff6-455e-84dc-656333c7ca27/opts
Oct 17 12:23:01.191806 podb-esxi207 dnsmasq-dhcp[2282155]: DHCPRELEASE(tapb9c39a79-0a) 10.1.0.3 fa:16:3e:31:c1:d3
Oct 17 12:23:01.209197 podb-esxi207 dnsmasq-dhcp[2282155]: DHCPRELEASE(tapb9c39a79-0a) 10.1.0.3 fa:16:3e:31:c1:d3 unknown lease
Oct 17 12:23:02.034345 podb-esxi207 dnsmasq[2282155]: read /opt/stack/data/neutron/dhcp/60d74d34-6a25-4e97-bd22-a8679c7200cd/addn_hosts - 2 names
Oct 17 12:23:02.034434 podb-esxi207 dnsmasq-dhcp[2282155]: read /opt/stack/data/neutron/dhcp/60d74d34-6a25-4e97-bd22-a8679c7200cd/host
Oct 17 12:23:02.034531 podb-esxi207 dnsmasq-dhcp[2282155]: read /opt/stack/data/neutron/dhcp/60d74d34-6a25-4e97-bd22-a8679c7200cd/opts
Oct 17 12:23:02.791487 podb-esxi207 dnsmasq[2286346]: read /opt/stack/data/neutron/dhcp/b60454ee-6ff6-455e-84dc-656333c7ca27/addn_hosts - 2 names
Oct 17 12:23:02.791571 podb-esxi207 dnsmasq-dhcp[2286346]: read /opt/stack/data/neutron/dhcp/b60454ee-6ff6-455e-84dc-656333c7ca27/host
Oct 17 12:23:02.791680 podb-esxi207 dnsmasq-dhcp[2286346]: read /opt/stack/data/neutron/dhcp/b60454ee-6ff6-455e-84dc-656333c7ca27/opts
Oct 17 12:23:03.536499 podb-esxi207 dnsmasq[2279521]: read /opt/stack/data/neutron/dhcp/360dd006-459b-4a0f-848b-8921dcdeec49/addn_hosts - 0 names
Oct 17 12:23:03.536572 podb-esxi207 dnsmasq-dhcp[2279521]: read /opt/stack/data/neutron/dhcp/360dd006-459b-4a0f-848b-8921dcdeec49/host
Oct 17 12:23:03.536630 podb-esxi207 dnsmasq-dhcp[2279521]: read /opt/stack/data/neutron/dhcp/360dd006-459b-4a0f-848b-8921dcdeec49/opts
Oct 17 12:23:04.293837 podb-esxi207 dnsmasq-dhcp[2279927]: DHCPRELEASE(tap9e1e713d-df) 10.1.0.1 fa:16:3e:f1:14:70
Oct 17 12:23:05.116008 podb-esxi207 dnsmasq[2279927]: read /opt/stack/data/neutron/dhcp/e4b0089b-f258-4794-8522-f1c74c470032/addn_hosts - 0 names
Oct 17 12:23:05.116081 podb-esxi207 dnsmasq-dhcp[2279927]: read /opt/stack/data/neutron/dhcp/e4b0089b-f258-4794-8522-f1c74c470032/host
Oct 17 12:23:05.116165 podb-esxi207 dnsmasq-dhcp[2279927]: read /opt/stack/data/neutron/dhcp/e4b0089b-f258-4794-8522-f1c74c470032/opts
Oct 17 12:23:05.858881 podb-esxi207 dnsmasq[2286346]: read /opt/stack/data/neutron/dhcp/b60454ee-6ff6-455e-84dc-656333c7ca27/addn_hosts - 2 names
Oct 17 12:23:05.858969 podb-esxi207 dnsmasq-dhcp[2286346]: read /opt/stack/data/neutron/dhcp/b60454ee-6ff6-455e-84dc-656333c7ca27/host
Oct 17 12:23:05.859065 podb-esxi207 dnsmasq-dhcp[2286346]: read /opt/stack/data/neutron/dhcp/b60454ee-6ff6-455e-84dc-656333c7ca27/opts
Oct 17 12:23:06.085513 podb-esxi207 dnsmasq[2279521]: exiting on receipt of SIGTERM
Oct 17 12:23:07.201650 podb-esxi207 dnsmasq-dhcp[2280691]: DHCPRELEASE(tapb57aaa4b-dd) 10.1.0.1 fa:16:3e:31:9b:c7
Oct 17 12:23:08.026365 podb-esxi207 dnsmasq[2280691]: read /opt/stack/data/neutron/dhcp/d6659e06-3221-48b3-a8cd-10e97975b8ff/addn_hosts - 0 names
Oct 17 12:23:08.026397 podb-esxi207 dnsmasq-dhcp[2280691]: read /opt/stack/data/neutron/dhcp/d6659e06-3221-48b3-a8cd-10e97975b8ff/host
Oct 17 12:23:08.026425 podb-esxi207 dnsmasq-dhcp[2280691]: read /opt/stack/data/neutron/dhcp/d6659e06-3221-48b3-a8cd-10e97975b8ff/opts
Oct 17 12:23:08.267753 podb-esxi207 dnsmasq[2279927]: exiting on receipt of SIGTERM
Oct 17 12:23:09.396140 podb-esxi207 dnsmasq[2286346]: read /opt/stack/data/neutron/dhcp/b60454ee-6ff6-455e-84dc-656333c7ca27/addn_hosts - 4 names
