Oct 17 13:01:52.045306 podb-esxi207 dnsmasq[2322760]: read /opt/stack/data/neutron/dhcp/0058a2bb-0448-41e9-801e-6532d147ed3e/addn_hosts - 0 names
Oct 17 13:01:52.045385 podb-esxi207 dnsmasq-dhcp[2322760]: read /opt/stack/data/neutron/dhcp/0058a2bb-0448-41e9-801e-6532d147ed3e/host
Oct 17 13:01:52.045477 podb-esxi207 dnsmasq-dhcp[2322760]: read /opt/stack/data/neutron/dhcp/0058a2bb-0448-41e9-801e-6532d147ed3e/opts
Oct 17 13:01:52.303376 podb-esxi207 dnsmasq[2322760]: exiting on receipt of SIGTERM
Oct 17 13:01:56.783214 podb-esxi207 dnsmasq[2328290]: started, version 2.90 cachesize 150
Oct 17 13:01:56.783242 podb-esxi207 dnsmasq[2328290]: DNS service limited to local subnets
Oct 17 13:01:56.783257 podb-esxi207 dnsmasq[2328290]: compile time options: IPv6 GNU-getopt DBus no-UBus i18n IDN2 DHCP DHCPv6 no-Lua TFTP conntrack ipset no-nftset auth cryptohash DNSSEC loop-detect inotify dumpfile
Oct 17 13:01:56.783299 podb-esxi207 dnsmasq-dhcp[2328290]: DHCP, static leases only on 10.1.0.0, lease time 1d
Oct 17 13:01:56.783464 podb-esxi207 dnsmasq[2328290]: reading /etc/resolv.conf
Oct 17 13:01:56.783481 podb-esxi207 dnsmasq[2328290]: using nameserver 127.0.0.53#53
Oct 17 13:01:56.783577 podb-esxi207 dnsmasq[2328290]: read /opt/stack/data/neutron/dhcp/a5b32519-254c-4609-bcc7-958d28926df6/addn_hosts - 0 names
Oct 17 13:01:56.783632 podb-esxi207 dnsmasq-dhcp[2328290]: read /opt/stack/data/neutron/dhcp/a5b32519-254c-4609-bcc7-958d28926df6/host
Oct 17 13:01:56.783703 podb-esxi207 dnsmasq-dhcp[2328290]: read /opt/stack/data/neutron/dhcp/a5b32519-254c-4609-bcc7-958d28926df6/opts
Oct 17 13:01:58.327235 podb-esxi207 dnsmasq[2328290]: read /opt/stack/data/neutron/dhcp/a5b32519-254c-4609-bcc7-958d28926df6/addn_hosts - 2 names
Oct 17 13:01:58.327320 podb-esxi207 dnsmasq-dhcp[2328290]: read /opt/stack/data/neutron/dhcp/a5b32519-254c-4609-bcc7-958d28926df6/host
Oct 17 13:01:58.327441 podb-esxi207 dnsmasq-dhcp[2328290]: read /opt/stack/data/neutron/dhcp/a5b32519-254c-4609-bcc7-958d28926df6/opts
Oct 17 13:02:01.212098 podb-esxi207 dnsmasq[2328589]: started, version 2.90 cachesize 150
Oct 17 13:02:01.212128 podb-esxi207 dnsmasq[2328589]: DNS service limited to local subnets
Oct 17 13:02:01.212144 podb-esxi207 dnsmasq[2328589]: compile time options: IPv6 GNU-getopt DBus no-UBus i18n IDN2 DHCP DHCPv6 no-Lua TFTP conntrack ipset no-nftset auth cryptohash DNSSEC loop-detect inotify dumpfile
Oct 17 13:02:01.212187 podb-esxi207 dnsmasq-dhcp[2328589]: DHCP, static leases only on 10.1.0.0, lease time 1d
Oct 17 13:02:01.212342 podb-esxi207 dnsmasq[2328589]: reading /etc/resolv.conf
Oct 17 13:02:01.212359 podb-esxi207 dnsmasq[2328589]: using nameserver 127.0.0.53#53
Oct 17 13:02:01.212443 podb-esxi207 dnsmasq[2328589]: read /opt/stack/data/neutron/dhcp/7ce571de-eb6c-4efc-8cc7-012fdaa24435/addn_hosts - 0 names
Oct 17 13:02:01.212497 podb-esxi207 dnsmasq-dhcp[2328589]: read /opt/stack/data/neutron/dhcp/7ce571de-eb6c-4efc-8cc7-012fdaa24435/host
Oct 17 13:02:01.212554 podb-esxi207 dnsmasq-dhcp[2328589]: read /opt/stack/data/neutron/dhcp/7ce571de-eb6c-4efc-8cc7-012fdaa24435/opts
Oct 17 13:02:02.251700 podb-esxi207 dnsmasq[2328290]: read /opt/stack/data/neutron/dhcp/a5b32519-254c-4609-bcc7-958d28926df6/addn_hosts - 2 names
Oct 17 13:02:02.251810 podb-esxi207 dnsmasq-dhcp[2328290]: read /opt/stack/data/neutron/dhcp/a5b32519-254c-4609-bcc7-958d28926df6/host
Oct 17 13:02:02.251911 podb-esxi207 dnsmasq-dhcp[2328290]: read /opt/stack/data/neutron/dhcp/a5b32519-254c-4609-bcc7-958d28926df6/opts
Oct 17 13:02:03.485857 podb-esxi207 dnsmasq[2328589]: read /opt/stack/data/neutron/dhcp/7ce571de-eb6c-4efc-8cc7-012fdaa24435/addn_hosts - 2 names
Oct 17 13:02:03.485979 podb-esxi207 dnsmasq-dhcp[2328589]: read /opt/stack/data/neutron/dhcp/7ce571de-eb6c-4efc-8cc7-012fdaa24435/host
Oct 17 13:02:03.486083 podb-esxi207 dnsmasq-dhcp[2328589]: read /opt/stack/data/neutron/dhcp/7ce571de-eb6c-4efc-8cc7-012fdaa24435/opts
Oct 17 13:02:04.730251 podb-esxi207 dnsmasq[2328290]: read /opt/stack/data/neutron/dhcp/a5b32519-254c-4609-bcc7-958d28926df6/addn_hosts - 2 names
Oct 17 13:02:04.730348 podb-esxi207 dnsmasq-dhcp[2328290]: read /opt/stack/data/neutron/dhcp/a5b32519-254c-4609-bcc7-958d28926df6/host
Oct 17 13:02:04.730452 podb-esxi207 dnsmasq-dhcp[2328290]: read /opt/stack/data/neutron/dhcp/a5b32519-254c-4609-bcc7-958d28926df6/opts
Oct 17 13:02:05.469986 podb-esxi207 dnsmasq[2328589]: read /opt/stack/data/neutron/dhcp/7ce571de-eb6c-4efc-8cc7-012fdaa24435/addn_hosts - 2 names
Oct 17 13:02:05.470074 podb-esxi207 dnsmasq-dhcp[2328589]: read /opt/stack/data/neutron/dhcp/7ce571de-eb6c-4efc-8cc7-012fdaa24435/host
Oct 17 13:02:05.470142 podb-esxi207 dnsmasq-dhcp[2328589]: read /opt/stack/data/neutron/dhcp/7ce571de-eb6c-4efc-8cc7-012fdaa24435/opts
Oct 17 13:02:06.708330 podb-esxi207 dnsmasq[2328589]: read /opt/stack/data/neutron/dhcp/7ce571de-eb6c-4efc-8cc7-012fdaa24435/addn_hosts - 2 names
Oct 17 13:02:06.708431 podb-esxi207 dnsmasq-dhcp[2328589]: read /opt/stack/data/neutron/dhcp/7ce571de-eb6c-4efc-8cc7-012fdaa24435/host
Oct 17 13:02:06.708533 podb-esxi207 dnsmasq-dhcp[2328589]: read /opt/stack/data/neutron/dhcp/7ce571de-eb6c-4efc-8cc7-012fdaa24435/opts
Oct 17 13:02:07.949671 podb-esxi207 dnsmasq[2328290]: read /opt/stack/data/neutron/dhcp/a5b32519-254c-4609-bcc7-958d28926df6/addn_hosts - 4 names
Oct 17 13:02:07.949832 podb-esxi207 dnsmasq-dhcp[2328290]: read /opt/stack/data/neutron/dhcp/a5b32519-254c-4609-bcc7-958d28926df6/host
Oct 17 13:02:07.949982 podb-esxi207 dnsmasq-dhcp[2328290]: read /opt/stack/data/neutron/dhcp/a5b32519-254c-4609-bcc7-958d28926df6/opts
Oct 17 13:02:12.068146 podb-esxi207 dnsmasq-dhcp[2325930]: DHCPDISCOVER(tape832b30a-9f) fa:16:3e:17:6e:32
Oct 17 13:02:12.068179 podb-esxi207 dnsmasq-dhcp[2325930]: DHCPOFFER(tape832b30a-9f) 10.1.0.3 fa:16:3e:17:6e:32
Oct 17 13:02:12.087783 podb-esxi207 dnsmasq-dhcp[2325930]: DHCPREQUEST(tape832b30a-9f) 10.1.0.3 fa:16:3e:17:6e:32
Oct 17 13:02:12.087815 podb-esxi207 dnsmasq-dhcp[2325930]: DHCPACK(tape832b30a-9f) 10.1.0.3 fa:16:3e:17:6e:32 host-10-1-0-3
Oct 17 13:02:28.139371 podb-esxi207 dnsmasq-dhcp[2328290]: DHCPDISCOVER(tapce1c015d-ea) fa:16:3e:42:8d:4d
Oct 17 13:02:28.139395 podb-esxi207 dnsmasq-dhcp[2328290]: DHCPOFFER(tapce1c015d-ea) 10.1.0.10 fa:16:3e:42:8d:4d
Oct 17 13:02:28.150699 podb-esxi207 dnsmasq-dhcp[2328290]: DHCPREQUEST(tapce1c015d-ea) 10.1.0.10 fa:16:3e:42:8d:4d
Oct 17 13:02:28.150736 podb-esxi207 dnsmasq-dhcp[2328290]: DHCPACK(tapce1c015d-ea) 10.1.0.10 fa:16:3e:42:8d:4d host-10-1-0-10
Oct 17 13:03:25.440249 podb-esxi207 dnsmasq-dhcp[2325930]: DHCPRELEASE(tape832b30a-9f) 10.1.0.3 fa:16:3e:17:6e:32
Oct 17 13:03:25.456728 podb-esxi207 dnsmasq-dhcp[2325930]: DHCPRELEASE(tape832b30a-9f) 10.1.0.3 fa:16:3e:17:6e:32 unknown lease
Oct 17 13:03:26.280685 podb-esxi207 dnsmasq[2325930]: read /opt/stack/data/neutron/dhcp/7bd90463-8e93-47f4-8752-2c693c3151e3/addn_hosts - 4 names
Oct 17 13:03:26.280783 podb-esxi207 dnsmasq-dhcp[2325930]: read /opt/stack/data/neutron/dhcp/7bd90463-8e93-47f4-8752-2c693c3151e3/host
Oct 17 13:03:26.280874 podb-esxi207 dnsmasq-dhcp[2325930]: read /opt/stack/data/neutron/dhcp/7bd90463-8e93-47f4-8752-2c693c3151e3/opts
Oct 17 13:04:23.063967 podb-esxi207 dnsmasq[2328290]: read /opt/stack/data/neutron/dhcp/a5b32519-254c-4609-bcc7-958d28926df6/addn_hosts - 6 names
Oct 17 13:04:23.064013 podb-esxi207 dnsmasq-dhcp[2328290]: read /opt/stack/data/neutron/dhcp/a5b32519-254c-4609-bcc7-958d28926df6/host
Oct 17 13:04:23.064042 podb-esxi207 dnsmasq-dhcp[2328290]: read /opt/stack/data/neutron/dhcp/a5b32519-254c-4609-bcc7-958d28926df6/opts
Oct 17 13:04:49.740927 podb-esxi207 dnsmasq-dhcp[2328290]: DHCPDISCOVER(tapce1c015d-ea) fa:16:3e:3e:a6:d4
Oct 17 13:04:49.740954 podb-esxi207 dnsmasq-dhcp[2328290]: DHCPOFFER(tapce1c015d-ea) 10.1.0.7 fa:16:3e:3e:a6:d4
Oct 17 13:04:49.749185 podb-esxi207 dnsmasq-dhcp[2328290]: DHCPREQUEST(tapce1c015d-ea) 10.1.0.7 fa:16:3e:3e:a6:d4
Oct 17 13:04:49.749218 podb-esxi207 dnsmasq-dhcp[2328290]: DHCPACK(tapce1c015d-ea) 10.1.0.7 fa:16:3e:3e:a6:d4 host-10-1-0-7
Oct 17 13:05:01.106266 podb-esxi207 dnsmasq-dhcp[2325930]: DHCPRELEASE(tape832b30a-9f) 10.1.0.7 fa:16:3e:77:38:8a
Oct 17 13:05:01.122817 podb-esxi207 dnsmasq-dhcp[2325930]: DHCPRELEASE(tape832b30a-9f) 10.1.0.7 fa:16:3e:77:38:8a unknown lease
Oct 17 13:05:01.948494 podb-esxi207 dnsmasq[2325930]: read /opt/stack/data/neutron/dhcp/7bd90463-8e93-47f4-8752-2c693c3151e3/addn_hosts - 2 names
Oct 17 13:05:01.948613 podb-esxi207 dnsmasq-dhcp[2325930]: read /opt/stack/data/neutron/dhcp/7bd90463-8e93-47f4-8752-2c693c3151e3/host
Oct 17 13:05:01.948742 podb-esxi207 dnsmasq-dhcp[2325930]: read /opt/stack/data/neutron/dhcp/7bd90463-8e93-47f4-8752-2c693c3151e3/opts
Oct 17 13:05:14.648658 podb-esxi207 dnsmasq[2325930]: read /opt/stack/data/neutron/dhcp/7bd90463-8e93-47f4-8752-2c693c3151e3/addn_hosts - 4 names
Oct 17 13:05:14.648771 podb-esxi207 dnsmasq-dhcp[2325930]: read /opt/stack/data/neutron/dhcp/7bd90463-8e93-47f4-8752-2c693c3151e3/host
Oct 17 13:05:14.648879 podb-esxi207 dnsmasq-dhcp[2325930]: read /opt/stack/data/neutron/dhcp/7bd90463-8e93-47f4-8752-2c693c3151e3/opts
Oct 17 13:05:36.798168 podb-esxi207 dnsmasq-dhcp[2325930]: DHCPDISCOVER(tape832b30a-9f) fa:16:3e:d7:ed:f0
Oct 17 13:05:36.798199 podb-esxi207 dnsmasq-dhcp[2325930]: DHCPOFFER(tape832b30a-9f) 10.1.0.4 fa:16:3e:d7:ed:f0
Oct 17 13:05:36.809719 podb-esxi207 dnsmasq-dhcp[2325930]: DHCPREQUEST(tape832b30a-9f) 10.1.0.4 fa:16:3e:d7:ed:f0
Oct 17 13:05:36.809756 podb-esxi207 dnsmasq-dhcp[2325930]: DHCPACK(tape832b30a-9f) 10.1.0.4 fa:16:3e:d7:ed:f0 host-10-1-0-4
Oct 17 13:06:15.644900 podb-esxi207 dnsmasq-dhcp[2328290]: DHCPRELEASE(tapce1c015d-ea) 10.1.0.7 fa:16:3e:3e:a6:d4
Oct 17 13:06:15.661530 podb-esxi207 dnsmasq-dhcp[2328290]: DHCPRELEASE(tapce1c015d-ea) 10.1.0.7 fa:16:3e:3e:a6:d4 unknown lease
Oct 17 13:06:16.485164 podb-esxi207 dnsmasq[2328290]: read /opt/stack/data/neutron/dhcp/a5b32519-254c-4609-bcc7-958d28926df6/addn_hosts - 4 names
Oct 17 13:06:16.485283 podb-esxi207 dnsmasq-dhcp[2328290]: read /opt/stack/data/neutron/dhcp/a5b32519-254c-4609-bcc7-958d28926df6/host
Oct 17 13:06:16.485391 podb-esxi207 dnsmasq-dhcp[2328290]: read /opt/stack/data/neutron/dhcp/a5b32519-254c-4609-bcc7-958d28926df6/opts
Oct 17 13:07:07.203162 podb-esxi207 dnsmasq-dhcp[2328290]: DHCPRELEASE(tapce1c015d-ea) 10.1.0.10 fa:16:3e:42:8d:4d
Oct 17 13:07:07.218131 podb-esxi207 dnsmasq-dhcp[2328290]: DHCPRELEASE(tapce1c015d-ea) 10.1.0.10 fa:16:3e:42:8d:4d unknown lease
Oct 17 13:07:08.041951 podb-esxi207 dnsmasq[2328290]: read /opt/stack/data/neutron/dhcp/a5b32519-254c-4609-bcc7-958d28926df6/addn_hosts - 2 names
Oct 17 13:07:08.042066 podb-esxi207 dnsmasq-dhcp[2328290]: read /opt/stack/data/neutron/dhcp/a5b32519-254c-4609-bcc7-958d28926df6/host
Oct 17 13:07:08.042175 podb-esxi207 dnsmasq-dhcp[2328290]: read /opt/stack/data/neutron/dhcp/a5b32519-254c-4609-bcc7-958d28926df6/opts
Oct 17 13:07:09.844081 podb-esxi207 dnsmasq-dhcp[2325930]: DHCPRELEASE(tape832b30a-9f) 10.1.0.4 fa:16:3e:d7:ed:f0
Oct 17 13:07:09.861515 podb-esxi207 dnsmasq-dhcp[2325930]: DHCPRELEASE(tape832b30a-9f) 10.1.0.4 fa:16:3e:d7:ed:f0 unknown lease
Oct 17 13:07:10.686648 podb-esxi207 dnsmasq[2325930]: read /opt/stack/data/neutron/dhcp/7bd90463-8e93-47f4-8752-2c693c3151e3/addn_hosts - 2 names
Oct 17 13:07:10.686735 podb-esxi207 dnsmasq-dhcp[2325930]: read /opt/stack/data/neutron/dhcp/7bd90463-8e93-47f4-8752-2c693c3151e3/host
Oct 17 13:07:10.686808 podb-esxi207 dnsmasq-dhcp[2325930]: read /opt/stack/data/neutron/dhcp/7bd90463-8e93-47f4-8752-2c693c3151e3/opts
Oct 17 13:07:16.096832 podb-esxi207 dnsmasq[2325930]: read /opt/stack/data/neutron/dhcp/7bd90463-8e93-47f4-8752-2c693c3151e3/addn_hosts - 0 names
Oct 17 13:07:16.096914 podb-esxi207 dnsmasq-dhcp[2325930]: read /opt/stack/data/neutron/dhcp/7bd90463-8e93-47f4-8752-2c693c3151e3/host
Oct 17 13:07:16.096969 podb-esxi207 dnsmasq-dhcp[2325930]: read /opt/stack/data/neutron/dhcp/7bd90463-8e93-47f4-8752-2c693c3151e3/opts
Oct 17 13:07:16.846031 podb-esxi207 dnsmasq[2328290]: read /opt/stack/data/neutron/dhcp/a5b32519-254c-4609-bcc7-958d28926df6/addn_hosts - 0 names
Oct 17 13:07:16.846109 podb-esxi207 dnsmasq-dhcp[2328290]: read /opt/stack/data/neutron/dhcp/a5b32519-254c-4609-bcc7-958d28926df6/host
Oct 17 13:07:16.846165 podb-esxi207 dnsmasq-dhcp[2328290]: read /opt/stack/data/neutron/dhcp/a5b32519-254c-4609-bcc7-958d28926df6/opts
Oct 17 13:07:17.142135 podb-esxi207 dnsmasq[2328290]: exiting on receipt of SIGTERM
Oct 17 13:07:17.752148 podb-esxi207 dnsmasq[2325930]: exiting on receipt of SIGTERM
Oct 17 13:07:18.880709 podb-esxi207 dnsmasq[2326241]: read /opt/stack/data/neutron/dhcp/fccee1b8-93ea-4176-9546-a2d1e72800c5/addn_hosts - 0 names
Oct 17 13:07:18.880789 podb-esxi207 dnsmasq-dhcp[2326241]: read /opt/stack/data/neutron/dhcp/fccee1b8-93ea-4176-9546-a2d1e72800c5/host
Oct 17 13:07:18.880874 podb-esxi207 dnsmasq-dhcp[2326241]: read /opt/stack/data/neutron/dhcp/fccee1b8-93ea-4176-9546-a2d1e72800c5/opts
Oct 17 13:07:19.637490 podb-esxi207 dnsmasq[2328589]: read /opt/stack/data/neutron/dhcp/7ce571de-eb6c-4efc-8cc7-012fdaa24435/addn_hosts - 0 names
Oct 17 13:07:19.637557 podb-esxi207 dnsmasq-dhcp[2328589]: read /opt/stack/data/neutron/dhcp/7ce571de-eb6c-4efc-8cc7-012fdaa24435/host
Oct 17 13:07:19.637609 podb-esxi207 dnsmasq-dhcp[2328589]: read /opt/stack/data/neutron/dhcp/7ce571de-eb6c-4efc-8cc7-012fdaa24435/opts
Oct 17 13:07:20.387786 podb-esxi207 dnsmasq[2328589]: exiting on receipt of SIGTERM
Oct 17 13:07:20.999996 podb-esxi207 dnsmasq[2326241]: exiting on receipt of SIGTERM
Oct 17 13:07:24.220955 podb-esxi207 dnsmasq[2332047]: started, version 2.90 cachesize 150
Oct 17 13:07:24.220983 podb-esxi207 dnsmasq[2332047]: DNS service limited to local subnets
Oct 17 13:07:24.220998 podb-esxi207 dnsmasq[2332047]: compile time options: IPv6 GNU-getopt DBus no-UBus i18n IDN2 DHCP DHCPv6 no-Lua TFTP conntrack ipset no-nftset auth cryptohash DNSSEC loop-detect inotify dumpfile
Oct 17 13:07:24.221038 podb-esxi207 dnsmasq-dhcp[2332047]: DHCP, static leases only on 10.1.0.0, lease time 1d
Oct 17 13:07:24.221190 podb-esxi207 dnsmasq[2332047]: reading /etc/resolv.conf
Oct 17 13:07:24.221207 podb-esxi207 dnsmasq[2332047]: using nameserver 127.0.0.53#53
Oct 17 13:07:24.221299 podb-esxi207 dnsmasq[2332047]: read /opt/stack/data/neutron/dhcp/68bfefdc-a106-40f4-a005-686ed0da1a2d/addn_hosts - 0 names
Oct 17 13:07:24.221351 podb-esxi207 dnsmasq-dhcp[2332047]: read /opt/stack/data/neutron/dhcp/68bfefdc-a106-40f4-a005-686ed0da1a2d/host
Oct 17 13:07:24.221418 podb-esxi207 dnsmasq-dhcp[2332047]: read /opt/stack/data/neutron/dhcp/68bfefdc-a106-40f4-a005-686ed0da1a2d/opts
Oct 17 13:07:25.765834 podb-esxi207 dnsmasq[2332047]: read /opt/stack/data/neutron/dhcp/68bfefdc-a106-40f4-a005-686ed0da1a2d/addn_hosts - 2 names
Oct 17 13:07:25.765940 podb-esxi207 dnsmasq-dhcp[2332047]: read /opt/stack/data/neutron/dhcp/68bfefdc-a106-40f4-a005-686ed0da1a2d/host
Oct 17 13:07:25.766060 podb-esxi207 dnsmasq-dhcp[2332047]: read /opt/stack/data/neutron/dhcp/68bfefdc-a106-40f4-a005-686ed0da1a2d/opts
Oct 17 13:07:28.670463 podb-esxi207 dnsmasq[2332662]: started, version 2.90 cachesize 150
Oct 17 13:07:28.670492 podb-esxi207 dnsmasq[2332662]: DNS service limited to local subnets
Oct 17 13:07:28.670508 podb-esxi207 dnsmasq[2332662]: compile time options: IPv6 GNU-getopt DBus no-UBus i18n IDN2 DHCP DHCPv6 no-Lua TFTP conntrack ipset no-nftset auth cryptohash DNSSEC loop-detect inotify dumpfile
Oct 17 13:07:28.670544 podb-esxi207 dnsmasq-dhcp[2332662]: DHCP, static leases only on 10.1.0.0, lease time 1d
Oct 17 13:07:28.670701 podb-esxi207 dnsmasq[2332662]: reading /etc/resolv.conf
Oct 17 13:07:28.670717 podb-esxi207 dnsmasq[2332662]: using nameserver 127.0.0.53#53
Oct 17 13:07:28.670799 podb-esxi207 dnsmasq[2332662]: read /opt/stack/data/neutron/dhcp/a8f79214-d42b-4688-9531-8796c9f6195e/addn_hosts - 0 names
Oct 17 13:07:28.670850 podb-esxi207 dnsmasq-dhcp[2332662]: read /opt/stack/data/neutron/dhcp/a8f79214-d42b-4688-9531-8796c9f6195e/host
Oct 17 13:07:28.670922 podb-esxi207 dnsmasq-dhcp[2332662]: read /opt/stack/data/neutron/dhcp/a8f79214-d42b-4688-9531-8796c9f6195e/opts
Oct 17 13:07:29.718056 podb-esxi207 dnsmasq[2332047]: read /opt/stack/data/neutron/dhcp/68bfefdc-a106-40f4-a005-686ed0da1a2d/addn_hosts - 2 names
Oct 17 13:07:29.718166 podb-esxi207 dnsmasq-dhcp[2332047]: read /opt/stack/data/neutron/dhcp/68bfefdc-a106-40f4-a005-686ed0da1a2d/host
Oct 17 13:07:29.718286 podb-esxi207 dnsmasq-dhcp[2332047]: read /opt/stack/data/neutron/dhcp/68bfefdc-a106-40f4-a005-686ed0da1a2d/opts
Oct 17 13:07:30.969999 podb-esxi207 dnsmasq[2332662]: read /opt/stack/data/neutron/dhcp/a8f79214-d42b-4688-9531-8796c9f6195e/addn_hosts - 2 names
Oct 17 13:07:30.970106 podb-esxi207 dnsmasq-dhcp[2332662]: read /opt/stack/data/neutron/dhcp/a8f79214-d42b-4688-9531-8796c9f6195e/host
Oct 17 13:07:30.970214 podb-esxi207 dnsmasq-dhcp[2332662]: read /opt/stack/data/neutron/dhcp/a8f79214-d42b-4688-9531-8796c9f6195e/opts
Oct 17 13:07:32.234953 podb-esxi207 dnsmasq[2332047]: read /opt/stack/data/neutron/dhcp/68bfefdc-a106-40f4-a005-686ed0da1a2d/addn_hosts - 2 names
Oct 17 13:07:32.235048 podb-esxi207 dnsmasq-dhcp[2332047]: read /opt/stack/data/neutron/dhcp/68bfefdc-a106-40f4-a005-686ed0da1a2d/host
Oct 17 13:07:32.235163 podb-esxi207 dnsmasq-dhcp[2332047]: read /opt/stack/data/neutron/dhcp/68bfefdc-a106-40f4-a005-686ed0da1a2d/opts
Oct 17 13:07:32.977110 podb-esxi207 dnsmasq[2332662]: read /opt/stack/data/neutron/dhcp/a8f79214-d42b-4688-9531-8796c9f6195e/addn_hosts - 2 names
Oct 17 13:07:32.977223 podb-esxi207 dnsmasq-dhcp[2332662]: read /opt/stack/data/neutron/dhcp/a8f79214-d42b-4688-9531-8796c9f6195e/host
Oct 17 13:07:32.977344 podb-esxi207 dnsmasq-dhcp[2332662]: read /opt/stack/data/neutron/dhcp/a8f79214-d42b-4688-9531-8796c9f6195e/opts
Oct 17 13:07:34.228164 podb-esxi207 dnsmasq[2332662]: read /opt/stack/data/neutron/dhcp/a8f79214-d42b-4688-9531-8796c9f6195e/addn_hosts - 2 names
Oct 17 13:07:34.228273 podb-esxi207 dnsmasq-dhcp[2332662]: read /opt/stack/data/neutron/dhcp/a8f79214-d42b-4688-9531-8796c9f6195e/host
Oct 17 13:07:34.228390 podb-esxi207 dnsmasq-dhcp[2332662]: read /opt/stack/data/neutron/dhcp/a8f79214-d42b-4688-9531-8796c9f6195e/opts
Oct 17 13:07:52.873880 podb-esxi207 dnsmasq[2332047]: read /opt/stack/data/neutron/dhcp/68bfefdc-a106-40f4-a005-686ed0da1a2d/addn_hosts - 4 names
Oct 17 13:07:52.874042 podb-esxi207 dnsmasq-dhcp[2332047]: read /opt/stack/data/neutron/dhcp/68bfefdc-a106-40f4-a005-686ed0da1a2d/host
Oct 17 13:07:52.874141 podb-esxi207 dnsmasq-dhcp[2332047]: read /opt/stack/data/neutron/dhcp/68bfefdc-a106-40f4-a005-686ed0da1a2d/opts
Oct 17 13:08:19.933722 podb-esxi207 dnsmasq-dhcp[2332047]: DHCPDISCOVER(tap71d3afe0-96) fa:16:3e:e9:83:30
Oct 17 13:08:19.933751 podb-esxi207 dnsmasq-dhcp[2332047]: DHCPOFFER(tap71d3afe0-96) 10.1.0.10 fa:16:3e:e9:83:30
Oct 17 13:08:19.946374 podb-esxi207 dnsmasq-dhcp[2332047]: DHCPREQUEST(tap71d3afe0-96) 10.1.0.10 fa:16:3e:e9:83:30
Oct 17 13:08:19.946413 podb-esxi207 dnsmasq-dhcp[2332047]: DHCPACK(tap71d3afe0-96) 10.1.0.10 fa:16:3e:e9:83:30 host-10-1-0-10
Oct 17 13:09:14.141844 podb-esxi207 dnsmasq[2332047]: read /opt/stack/data/neutron/dhcp/68bfefdc-a106-40f4-a005-686ed0da1a2d/addn_hosts - 6 names
Oct 17 13:09:14.141976 podb-esxi207 dnsmasq-dhcp[2332047]: read /opt/stack/data/neutron/dhcp/68bfefdc-a106-40f4-a005-686ed0da1a2d/host
Oct 17 13:09:14.142089 podb-esxi207 dnsmasq-dhcp[2332047]: read /opt/stack/data/neutron/dhcp/68bfefdc-a106-40f4-a005-686ed0da1a2d/opts
Oct 17 13:10:03.607530 podb-esxi207 dnsmasq-dhcp[2332047]: DHCPDISCOVER(tap71d3afe0-96) fa:16:3e:ba:f6:61
Oct 17 13:10:03.607555 podb-esxi207 dnsmasq-dhcp[2332047]: DHCPOFFER(tap71d3afe0-96) 10.1.0.12 fa:16:3e:ba:f6:61
Oct 17 13:10:03.615329 podb-esxi207 dnsmasq-dhcp[2332047]: DHCPREQUEST(tap71d3afe0-96) 10.1.0.12 fa:16:3e:ba:f6:61
Oct 17 13:10:03.615363 podb-esxi207 dnsmasq-dhcp[2332047]: DHCPACK(tap71d3afe0-96) 10.1.0.12 fa:16:3e:ba:f6:61 host-10-1-0-12
Oct 17 13:10:40.458634 podb-esxi207 dnsmasq-dhcp[2332047]: DHCPRELEASE(tap71d3afe0-96) 10.1.0.12 fa:16:3e:ba:f6:61
Oct 17 13:10:40.475635 podb-esxi207 dnsmasq-dhcp[2332047]: DHCPRELEASE(tap71d3afe0-96) 10.1.0.12 fa:16:3e:ba:f6:61 unknown lease
Oct 17 13:10:41.298997 podb-esxi207 dnsmasq[2332047]: read /opt/stack/data/neutron/dhcp/68bfefdc-a106-40f4-a005-686ed0da1a2d/addn_hosts - 4 names
Oct 17 13:10:41.299111 podb-esxi207 dnsmasq-dhcp[2332047]: read /opt/stack/data/neutron/dhcp/68bfefdc-a106-40f4-a005-686ed0da1a2d/host
Oct 17 13:10:41.299223 podb-esxi207 dnsmasq-dhcp[2332047]: read /opt/stack/data/neutron/dhcp/68bfefdc-a106-40f4-a005-686ed0da1a2d/opts
Oct 17 13:11:24.596676 podb-esxi207 dnsmasq-dhcp[2332047]: DHCPRELEASE(tap71d3afe0-96) 10.1.0.10 fa:16:3e:e9:83:30
Oct 17 13:11:24.613330 podb-esxi207 dnsmasq-dhcp[2332047]: DHCPRELEASE(tap71d3afe0-96) 10.1.0.10 fa:16:3e:e9:83:30 unknown lease
Oct 17 13:11:25.437520 podb-esxi207 dnsmasq[2332047]: read /opt/stack/data/neutron/dhcp/68bfefdc-a106-40f4-a005-686ed0da1a2d/addn_hosts - 2 names
Oct 17 13:11:25.437616 podb-esxi207 dnsmasq-dhcp[2332047]: read /opt/stack/data/neutron/dhcp/68bfefdc-a106-40f4-a005-686ed0da1a2d/host
Oct 17 13:11:25.437706 podb-esxi207 dnsmasq-dhcp[2332047]: read /opt/stack/data/neutron/dhcp/68bfefdc-a106-40f4-a005-686ed0da1a2d/opts
Oct 17 13:12:01.612765 podb-esxi207 dnsmasq[2332047]: read /opt/stack/data/neutron/dhcp/68bfefdc-a106-40f4-a005-686ed0da1a2d/addn_hosts - 4 names
Oct 17 13:12:01.612862 podb-esxi207 dnsmasq-dhcp[2332047]: read /opt/stack/data/neutron/dhcp/68bfefdc-a106-40f4-a005-686ed0da1a2d/host
Oct 17 13:12:01.612935 podb-esxi207 dnsmasq-dhcp[2332047]: read /opt/stack/data/neutron/dhcp/68bfefdc-a106-40f4-a005-686ed0da1a2d/opts
Oct 17 13:12:30.263236 podb-esxi207 dnsmasq-dhcp[2332047]: DHCPDISCOVER(tap71d3afe0-96) fa:16:3e:46:13:8a
Oct 17 13:12:30.263264 podb-esxi207 dnsmasq-dhcp[2332047]: DHCPOFFER(tap71d3afe0-96) 10.1.0.5 fa:16:3e:46:13:8a
Oct 17 13:12:30.273414 podb-esxi207 dnsmasq-dhcp[2332047]: DHCPREQUEST(tap71d3afe0-96) 10.1.0.5 fa:16:3e:46:13:8a
Oct 17 13:12:30.273444 podb-esxi207 dnsmasq-dhcp[2332047]: DHCPACK(tap71d3afe0-96) 10.1.0.5 fa:16:3e:46:13:8a host-10-1-0-5
Oct 17 13:13:19.127936 podb-esxi207 dnsmasq-dhcp[2332047]: DHCPRELEASE(tap71d3afe0-96) 10.1.0.5 fa:16:3e:46:13:8a
Oct 17 13:13:19.145013 podb-esxi207 dnsmasq-dhcp[2332047]: DHCPRELEASE(tap71d3afe0-96) 10.1.0.5 fa:16:3e:46:13:8a unknown lease
Oct 17 13:13:19.969862 podb-esxi207 dnsmasq[2332047]: read /opt/stack/data/neutron/dhcp/68bfefdc-a106-40f4-a005-686ed0da1a2d/addn_hosts - 2 names
Oct 17 13:13:19.969951 podb-esxi207 dnsmasq-dhcp[2332047]: read /opt/stack/data/neutron/dhcp/68bfefdc-a106-40f4-a005-686ed0da1a2d/host
Oct 17 13:13:19.970046 podb-esxi207 dnsmasq-dhcp[2332047]: read /opt/stack/data/neutron/dhcp/68bfefdc-a106-40f4-a005-686ed0da1a2d/opts
Oct 17 13:13:34.240341 podb-esxi207 dnsmasq[2332047]: read /opt/stack/data/neutron/dhcp/68bfefdc-a106-40f4-a005-686ed0da1a2d/addn_hosts - 4 names
Oct 17 13:13:34.240459 podb-esxi207 dnsmasq-dhcp[2332047]: read /opt/stack/data/neutron/dhcp/68bfefdc-a106-40f4-a005-686ed0da1a2d/host
Oct 17 13:13:34.240564 podb-esxi207 dnsmasq-dhcp[2332047]: read /opt/stack/data/neutron/dhcp/68bfefdc-a106-40f4-a005-686ed0da1a2d/opts
Oct 17 13:14:04.931894 podb-esxi207 dnsmasq-dhcp[2332047]: DHCPDISCOVER(tap71d3afe0-96) fa:16:3e:ea:e1:bc
Oct 17 13:14:04.931920 podb-esxi207 dnsmasq-dhcp[2332047]: DHCPOFFER(tap71d3afe0-96) 10.1.0.7 fa:16:3e:ea:e1:bc
Oct 17 13:14:04.943607 podb-esxi207 dnsmasq-dhcp[2332047]: DHCPREQUEST(tap71d3afe0-96) 10.1.0.7 fa:16:3e:ea:e1:bc
Oct 17 13:14:04.943645 podb-esxi207 dnsmasq-dhcp[2332047]: DHCPACK(tap71d3afe0-96) 10.1.0.7 fa:16:3e:ea:e1:bc host-10-1-0-7
Oct 17 13:15:11.124475 podb-esxi207 dnsmasq[2332047]: read /opt/stack/data/neutron/dhcp/68bfefdc-a106-40f4-a005-686ed0da1a2d/addn_hosts - 6 names
Oct 17 13:15:11.124630 podb-esxi207 dnsmasq-dhcp[2332047]: read /opt/stack/data/neutron/dhcp/68bfefdc-a106-40f4-a005-686ed0da1a2d/host
Oct 17 13:15:11.124742 podb-esxi207 dnsmasq-dhcp[2332047]: read /opt/stack/data/neutron/dhcp/68bfefdc-a106-40f4-a005-686ed0da1a2d/opts
Oct 17 13:15:41.878105 podb-esxi207 dnsmasq-dhcp[2332047]: DHCPDISCOVER(tap71d3afe0-96) fa:16:3e:b1:3e:a6
Oct 17 13:15:41.878131 podb-esxi207 dnsmasq-dhcp[2332047]: DHCPOFFER(tap71d3afe0-96) 10.1.0.11 fa:16:3e:b1:3e:a6
Oct 17 13:15:41.885765 podb-esxi207 dnsmasq-dhcp[2332047]: DHCPREQUEST(tap71d3afe0-96) 10.1.0.11 fa:16:3e:b1:3e:a6
Oct 17 13:15:41.885795 podb-esxi207 dnsmasq-dhcp[2332047]: DHCPACK(tap71d3afe0-96) 10.1.0.11 fa:16:3e:b1:3e:a6 host-10-1-0-11
Oct 17 13:16:39.519419 podb-esxi207 dnsmasq-dhcp[2332047]: DHCPRELEASE(tap71d3afe0-96) 10.1.0.11 fa:16:3e:b1:3e:a6
Oct 17 13:16:39.535667 podb-esxi207 dnsmasq-dhcp[2332047]: DHCPRELEASE(tap71d3afe0-96) 10.1.0.11 fa:16:3e:b1:3e:a6 unknown lease
Oct 17 13:16:40.361513 podb-esxi207 dnsmasq[2332047]: read /opt/stack/data/neutron/dhcp/68bfefdc-a106-40f4-a005-686ed0da1a2d/addn_hosts - 4 names
Oct 17 13:16:40.361629 podb-esxi207 dnsmasq-dhcp[2332047]: read /opt/stack/data/neutron/dhcp/68bfefdc-a106-40f4-a005-686ed0da1a2d/host
Oct 17 13:16:40.361743 podb-esxi207 dnsmasq-dhcp[2332047]: read /opt/stack/data/neutron/dhcp/68bfefdc-a106-40f4-a005-686ed0da1a2d/opts
Oct 17 13:17:28.017937 podb-esxi207 dnsmasq-dhcp[2332047]: DHCPRELEASE(tap71d3afe0-96) 10.1.0.7 fa:16:3e:ea:e1:bc
Oct 17 13:17:28.034590 podb-esxi207 dnsmasq-dhcp[2332047]: DHCPRELEASE(tap71d3afe0-96) 10.1.0.7 fa:16:3e:ea:e1:bc unknown lease
Oct 17 13:17:28.858505 podb-esxi207 dnsmasq[2332047]: read /opt/stack/data/neutron/dhcp/68bfefdc-a106-40f4-a005-686ed0da1a2d/addn_hosts - 2 names
Oct 17 13:17:28.858626 podb-esxi207 dnsmasq-dhcp[2332047]: read /opt/stack/data/neutron/dhcp/68bfefdc-a106-40f4-a005-686ed0da1a2d/host
Oct 17 13:17:28.858709 podb-esxi207 dnsmasq-dhcp[2332047]: read /opt/stack/data/neutron/dhcp/68bfefdc-a106-40f4-a005-686ed0da1a2d/opts
Oct 17 13:17:40.043215 podb-esxi207 dnsmasq[2332047]: read /opt/stack/data/neutron/dhcp/68bfefdc-a106-40f4-a005-686ed0da1a2d/addn_hosts - 0 names
Oct 17 13:17:40.043296 podb-esxi207 dnsmasq-dhcp[2332047]: read /opt/stack/data/neutron/dhcp/68bfefdc-a106-40f4-a005-686ed0da1a2d/host
Oct 17 13:17:40.043395 podb-esxi207 dnsmasq-dhcp[2332047]: read /opt/stack/data/neutron/dhcp/68bfefdc-a106-40f4-a005-686ed0da1a2d/opts
Oct 17 13:17:41.083137 podb-esxi207 dnsmasq[2332047]: exiting on receipt of SIGTERM
Oct 17 13:17:42.191888 podb-esxi207 dnsmasq[2332662]: read /opt/stack/data/neutron/dhcp/a8f79214-d42b-4688-9531-8796c9f6195e/addn_hosts - 0 names
Oct 17 13:17:42.192008 podb-esxi207 dnsmasq-dhcp[2332662]: read /opt/stack/data/neutron/dhcp/a8f79214-d42b-4688-9531-8796c9f6195e/host
Oct 17 13:17:42.192097 podb-esxi207 dnsmasq-dhcp[2332662]: read /opt/stack/data/neutron/dhcp/a8f79214-d42b-4688-9531-8796c9f6195e/opts
Oct 17 13:17:43.510050 podb-esxi207 dnsmasq[2332662]: exiting on receipt of SIGTERM
Oct 17 13:25:35.464155 podb-esxi207 dnsmasq[2341430]: started, version 2.90 cachesize 150
Oct 17 13:25:35.464180 podb-esxi207 dnsmasq[2341430]: DNS service limited to local subnets
Oct 17 13:25:35.464194 podb-esxi207 dnsmasq[2341430]: compile time options: IPv6 GNU-getopt DBus no-UBus i18n IDN2 DHCP DHCPv6 no-Lua TFTP conntrack ipset no-nftset auth cryptohash DNSSEC loop-detect inotify dumpfile
Oct 17 13:25:35.464236 podb-esxi207 dnsmasq-dhcp[2341430]: DHCP, static leases only on 10.1.0.0, lease time 1d
Oct 17 13:25:35.464393 podb-esxi207 dnsmasq[2341430]: reading /etc/resolv.conf
Oct 17 13:25:35.464410 podb-esxi207 dnsmasq[2341430]: using nameserver 127.0.0.53#53
Oct 17 13:25:35.464495 podb-esxi207 dnsmasq[2341430]: read /opt/stack/data/neutron/dhcp/4ce5d441-9c9b-4629-857c-99d83857157f/addn_hosts - 0 names
Oct 17 13:25:35.464548 podb-esxi207 dnsmasq-dhcp[2341430]: read /opt/stack/data/neutron/dhcp/4ce5d441-9c9b-4629-857c-99d83857157f/host
Oct 17 13:25:35.464606 podb-esxi207 dnsmasq-dhcp[2341430]: read /opt/stack/data/neutron/dhcp/4ce5d441-9c9b-4629-857c-99d83857157f/opts
Oct 17 13:25:37.010997 podb-esxi207 dnsmasq[2341430]: read /opt/stack/data/neutron/dhcp/4ce5d441-9c9b-4629-857c-99d83857157f/addn_hosts - 2 names
Oct 17 13:25:37.011104 podb-esxi207 dnsmasq-dhcp[2341430]: read /opt/stack/data/neutron/dhcp/4ce5d441-9c9b-4629-857c-99d83857157f/host
Oct 17 13:25:37.011216 podb-esxi207 dnsmasq-dhcp[2341430]: read /opt/stack/data/neutron/dhcp/4ce5d441-9c9b-4629-857c-99d83857157f/opts
Oct 17 13:25:39.974707 podb-esxi207 dnsmasq[2341743]: started, version 2.90 cachesize 150
Oct 17 13:25:39.974732 podb-esxi207 dnsmasq[2341743]: DNS service limited to local subnets
Oct 17 13:25:39.974747 podb-esxi207 dnsmasq[2341743]: compile time options: IPv6 GNU-getopt DBus no-UBus i18n IDN2 DHCP DHCPv6 no-Lua TFTP conntrack ipset no-nftset auth cryptohash DNSSEC loop-detect inotify dumpfile
Oct 17 13:25:39.974783 podb-esxi207 dnsmasq-dhcp[2341743]: DHCP, static leases only on 10.1.0.0, lease time 1d
Oct 17 13:25:39.974939 podb-esxi207 dnsmasq[2341743]: reading /etc/resolv.conf
Oct 17 13:25:39.974955 podb-esxi207 dnsmasq[2341743]: using nameserver 127.0.0.53#53
Oct 17 13:25:39.975038 podb-esxi207 dnsmasq[2341743]: read /opt/stack/data/neutron/dhcp/5ce7efb5-82e5-4dad-80f7-43c99dac1626/addn_hosts - 0 names
Oct 17 13:25:39.975093 podb-esxi207 dnsmasq-dhcp[2341743]: read /opt/stack/data/neutron/dhcp/5ce7efb5-82e5-4dad-80f7-43c99dac1626/host
Oct 17 13:25:39.975158 podb-esxi207 dnsmasq-dhcp[2341743]: read /opt/stack/data/neutron/dhcp/5ce7efb5-82e5-4dad-80f7-43c99dac1626/opts
Oct 17 13:25:41.018925 podb-esxi207 dnsmasq[2341430]: read /opt/stack/data/neutron/dhcp/4ce5d441-9c9b-4629-857c-99d83857157f/addn_hosts - 2 names
Oct 17 13:25:41.019062 podb-esxi207 dnsmasq-dhcp[2341430]: read /opt/stack/data/neutron/dhcp/4ce5d441-9c9b-4629-857c-99d83857157f/host
Oct 17 13:25:41.019178 podb-esxi207 dnsmasq-dhcp[2341430]: read /opt/stack/data/neutron/dhcp/4ce5d441-9c9b-4629-857c-99d83857157f/opts
Oct 17 13:25:42.281554 podb-esxi207 dnsmasq[2341743]: read /opt/stack/data/neutron/dhcp/5ce7efb5-82e5-4dad-80f7-43c99dac1626/addn_hosts - 2 names
Oct 17 13:25:42.281669 podb-esxi207 dnsmasq-dhcp[2341743]: read /opt/stack/data/neutron/dhcp/5ce7efb5-82e5-4dad-80f7-43c99dac1626/host
Oct 17 13:25:42.281779 podb-esxi207 dnsmasq-dhcp[2341743]: read /opt/stack/data/neutron/dhcp/5ce7efb5-82e5-4dad-80f7-43c99dac1626/opts
Oct 17 13:25:43.540080 podb-esxi207 dnsmasq[2341430]: read /opt/stack/data/neutron/dhcp/4ce5d441-9c9b-4629-857c-99d83857157f/addn_hosts - 2 names
Oct 17 13:25:43.540192 podb-esxi207 dnsmasq-dhcp[2341430]: read /opt/stack/data/neutron/dhcp/4ce5d441-9c9b-4629-857c-99d83857157f/host
Oct 17 13:25:43.540310 podb-esxi207 dnsmasq-dhcp[2341430]: read /opt/stack/data/neutron/dhcp/4ce5d441-9c9b-4629-857c-99d83857157f/opts
Oct 17 13:25:44.300224 podb-esxi207 dnsmasq[2341743]: read /opt/stack/data/neutron/dhcp/5ce7efb5-82e5-4dad-80f7-43c99dac1626/addn_hosts - 2 names
Oct 17 13:25:44.300346 podb-esxi207 dnsmasq-dhcp[2341743]: read /opt/stack/data/neutron/dhcp/5ce7efb5-82e5-4dad-80f7-43c99dac1626/host
Oct 17 13:25:44.300455 podb-esxi207 dnsmasq-dhcp[2341743]: read /opt/stack/data/neutron/dhcp/5ce7efb5-82e5-4dad-80f7-43c99dac1626/opts
Oct 17 13:25:45.560429 podb-esxi207 dnsmasq[2341743]: read /opt/stack/data/neutron/dhcp/5ce7efb5-82e5-4dad-80f7-43c99dac1626/addn_hosts - 2 names
Oct 17 13:25:45.560515 podb-esxi207 dnsmasq-dhcp[2341743]: read /opt/stack/data/neutron/dhcp/5ce7efb5-82e5-4dad-80f7-43c99dac1626/host
Oct 17 13:25:45.560663 podb-esxi207 dnsmasq-dhcp[2341743]: read /opt/stack/data/neutron/dhcp/5ce7efb5-82e5-4dad-80f7-43c99dac1626/opts
Oct 17 13:26:56.558712 podb-esxi207 dnsmasq[2341430]: read /opt/stack/data/neutron/dhcp/4ce5d441-9c9b-4629-857c-99d83857157f/addn_hosts - 0 names
Oct 17 13:26:56.558838 podb-esxi207 dnsmasq-dhcp[2341430]: read /opt/stack/data/neutron/dhcp/4ce5d441-9c9b-4629-857c-99d83857157f/host
Oct 17 13:26:56.558934 podb-esxi207 dnsmasq-dhcp[2341430]: read /opt/stack/data/neutron/dhcp/4ce5d441-9c9b-4629-857c-99d83857157f/opts
Oct 17 13:26:57.693086 podb-esxi207 dnsmasq[2341430]: exiting on receipt of SIGTERM
Oct 17 13:26:58.965768 podb-esxi207 dnsmasq[2341743]: read /opt/stack/data/neutron/dhcp/5ce7efb5-82e5-4dad-80f7-43c99dac1626/addn_hosts - 0 names
Oct 17 13:26:58.965865 podb-esxi207 dnsmasq-dhcp[2341743]: read /opt/stack/data/neutron/dhcp/5ce7efb5-82e5-4dad-80f7-43c99dac1626/host
Oct 17 13:26:58.965956 podb-esxi207 dnsmasq-dhcp[2341743]: read /opt/stack/data/neutron/dhcp/5ce7efb5-82e5-4dad-80f7-43c99dac1626/opts
Oct 17 13:27:00.018306 podb-esxi207 dnsmasq[2341743]: exiting on receipt of SIGTERM
