Oct 17 12:45:17.606422 podb-esxi207 dnsmasq-dhcp[2312209]: read /opt/stack/data/neutron/dhcp/b4796316-8eee-44c9-a0fd-cc6e422d367b/opts
Oct 17 12:45:49.294161 podb-esxi207 dnsmasq[2312209]: read /opt/stack/data/neutron/dhcp/b4796316-8eee-44c9-a0fd-cc6e422d367b/addn_hosts - 4 names
Oct 17 12:45:49.294291 podb-esxi207 dnsmasq-dhcp[2312209]: read /opt/stack/data/neutron/dhcp/b4796316-8eee-44c9-a0fd-cc6e422d367b/host
Oct 17 12:45:49.294400 podb-esxi207 dnsmasq-dhcp[2312209]: read /opt/stack/data/neutron/dhcp/b4796316-8eee-44c9-a0fd-cc6e422d367b/opts
Oct 17 12:45:54.201942 podb-esxi207 dnsmasq[2311676]: read /opt/stack/data/neutron/dhcp/12165d9d-ba8d-4924-b877-499888c0e2e6/addn_hosts - 4 names
Oct 17 12:45:54.202078 podb-esxi207 dnsmasq-dhcp[2311676]: read /opt/stack/data/neutron/dhcp/12165d9d-ba8d-4924-b877-499888c0e2e6/host
Oct 17 12:45:54.202186 podb-esxi207 dnsmasq-dhcp[2311676]: read /opt/stack/data/neutron/dhcp/12165d9d-ba8d-4924-b877-499888c0e2e6/opts
Oct 17 12:46:02.967506 podb-esxi207 dnsmasq[2312209]: read /opt/stack/data/neutron/dhcp/b4796316-8eee-44c9-a0fd-cc6e422d367b/addn_hosts - 2 names
Oct 17 12:46:02.967622 podb-esxi207 dnsmasq-dhcp[2312209]: read /opt/stack/data/neutron/dhcp/b4796316-8eee-44c9-a0fd-cc6e422d367b/host
Oct 17 12:46:02.967738 podb-esxi207 dnsmasq-dhcp[2312209]: read /opt/stack/data/neutron/dhcp/b4796316-8eee-44c9-a0fd-cc6e422d367b/opts
Oct 17 12:46:12.670773 podb-esxi207 dnsmasq-dhcp[2310553]: DHCPRELEASE(tapbc99674d-94) 10.1.0.6 fa:16:3e:fe:c0:25
Oct 17 12:46:12.685608 podb-esxi207 dnsmasq-dhcp[2310553]: DHCPRELEASE(tapbc99674d-94) 10.1.0.6 fa:16:3e:fe:c0:25 unknown lease
Oct 17 12:46:13.507922 podb-esxi207 dnsmasq[2310553]: read /opt/stack/data/neutron/dhcp/5937b394-7ceb-4d67-a47b-12af621d3606/addn_hosts - 2 names
Oct 17 12:46:13.507952 podb-esxi207 dnsmasq-dhcp[2310553]: read /opt/stack/data/neutron/dhcp/5937b394-7ceb-4d67-a47b-12af621d3606/host
Oct 17 12:46:13.507972 podb-esxi207 dnsmasq-dhcp[2310553]: read /opt/stack/data/neutron/dhcp/5937b394-7ceb-4d67-a47b-12af621d3606/opts
Oct 17 12:46:14.240001 podb-esxi207 dnsmasq[2312209]: read /opt/stack/data/neutron/dhcp/b4796316-8eee-44c9-a0fd-cc6e422d367b/addn_hosts - 4 names
Oct 17 12:46:14.240086 podb-esxi207 dnsmasq-dhcp[2312209]: read /opt/stack/data/neutron/dhcp/b4796316-8eee-44c9-a0fd-cc6e422d367b/host
Oct 17 12:46:14.240158 podb-esxi207 dnsmasq-dhcp[2312209]: read /opt/stack/data/neutron/dhcp/b4796316-8eee-44c9-a0fd-cc6e422d367b/opts
Oct 17 12:46:17.002002 podb-esxi207 dnsmasq-dhcp[2311676]: DHCPDISCOVER(tapc7f87cab-06) fa:16:3e:5b:1c:b2
Oct 17 12:46:17.002032 podb-esxi207 dnsmasq-dhcp[2311676]: DHCPOFFER(tapc7f87cab-06) 10.1.0.3 fa:16:3e:5b:1c:b2
Oct 17 12:46:17.014013 podb-esxi207 dnsmasq-dhcp[2311676]: DHCPREQUEST(tapc7f87cab-06) 10.1.0.3 fa:16:3e:5b:1c:b2
Oct 17 12:46:17.014046 podb-esxi207 dnsmasq-dhcp[2311676]: DHCPACK(tapc7f87cab-06) 10.1.0.3 fa:16:3e:5b:1c:b2 host-10-1-0-3
Oct 17 12:46:27.334281 podb-esxi207 dnsmasq[2310553]: read /opt/stack/data/neutron/dhcp/5937b394-7ceb-4d67-a47b-12af621d3606/addn_hosts - 0 names
Oct 17 12:46:27.334361 podb-esxi207 dnsmasq-dhcp[2310553]: read /opt/stack/data/neutron/dhcp/5937b394-7ceb-4d67-a47b-12af621d3606/host
Oct 17 12:46:27.334470 podb-esxi207 dnsmasq-dhcp[2310553]: read /opt/stack/data/neutron/dhcp/5937b394-7ceb-4d67-a47b-12af621d3606/opts
Oct 17 12:46:28.105312 podb-esxi207 dnsmasq[2312209]: read /opt/stack/data/neutron/dhcp/b4796316-8eee-44c9-a0fd-cc6e422d367b/addn_hosts - 2 names
Oct 17 12:46:28.105448 podb-esxi207 dnsmasq-dhcp[2312209]: read /opt/stack/data/neutron/dhcp/b4796316-8eee-44c9-a0fd-cc6e422d367b/host
Oct 17 12:46:28.105559 podb-esxi207 dnsmasq-dhcp[2312209]: read /opt/stack/data/neutron/dhcp/b4796316-8eee-44c9-a0fd-cc6e422d367b/opts
Oct 17 12:46:28.409153 podb-esxi207 dnsmasq[2310553]: exiting on receipt of SIGTERM
Oct 17 12:46:29.523509 podb-esxi207 dnsmasq[2310881]: read /opt/stack/data/neutron/dhcp/e02c409f-1b74-4959-8ee0-220661ac0ece/addn_hosts - 0 names
Oct 17 12:46:29.523613 podb-esxi207 dnsmasq-dhcp[2310881]: read /opt/stack/data/neutron/dhcp/e02c409f-1b74-4959-8ee0-220661ac0ece/host
Oct 17 12:46:29.523709 podb-esxi207 dnsmasq-dhcp[2310881]: read /opt/stack/data/neutron/dhcp/e02c409f-1b74-4959-8ee0-220661ac0ece/opts
Oct 17 12:46:30.635443 podb-esxi207 dnsmasq[2310881]: exiting on receipt of SIGTERM
Oct 17 12:47:12.441114 podb-esxi207 dnsmasq[2312209]: read /opt/stack/data/neutron/dhcp/b4796316-8eee-44c9-a0fd-cc6e422d367b/addn_hosts - 0 names
Oct 17 12:47:12.441220 podb-esxi207 dnsmasq-dhcp[2312209]: read /opt/stack/data/neutron/dhcp/b4796316-8eee-44c9-a0fd-cc6e422d367b/host
Oct 17 12:47:12.441312 podb-esxi207 dnsmasq-dhcp[2312209]: read /opt/stack/data/neutron/dhcp/b4796316-8eee-44c9-a0fd-cc6e422d367b/opts
Oct 17 12:47:13.490030 podb-esxi207 dnsmasq[2312209]: exiting on receipt of SIGTERM
Oct 17 12:49:07.698109 podb-esxi207 dnsmasq[2315097]: started, version 2.90 cachesize 150
Oct 17 12:49:07.698139 podb-esxi207 dnsmasq[2315097]: DNS service limited to local subnets
Oct 17 12:49:07.698154 podb-esxi207 dnsmasq[2315097]: compile time options: IPv6 GNU-getopt DBus no-UBus i18n IDN2 DHCP DHCPv6 no-Lua TFTP conntrack ipset no-nftset auth cryptohash DNSSEC loop-detect inotify dumpfile
Oct 17 12:49:07.698191 podb-esxi207 dnsmasq-dhcp[2315097]: DHCP, static leases only on 10.1.0.0, lease time 1d
Oct 17 12:49:07.698354 podb-esxi207 dnsmasq[2315097]: reading /etc/resolv.conf
Oct 17 12:49:07.698371 podb-esxi207 dnsmasq[2315097]: using nameserver 127.0.0.53#53
Oct 17 12:49:07.698468 podb-esxi207 dnsmasq[2315097]: read /opt/stack/data/neutron/dhcp/94b2a8be-e75f-43a7-b7d4-e97a6a8b88df/addn_hosts - 0 names
Oct 17 12:49:07.698519 podb-esxi207 dnsmasq-dhcp[2315097]: read /opt/stack/data/neutron/dhcp/94b2a8be-e75f-43a7-b7d4-e97a6a8b88df/host
Oct 17 12:49:07.698581 podb-esxi207 dnsmasq-dhcp[2315097]: read /opt/stack/data/neutron/dhcp/94b2a8be-e75f-43a7-b7d4-e97a6a8b88df/opts
Oct 17 12:49:11.450180 podb-esxi207 dnsmasq[2315375]: started, version 2.90 cachesize 150
Oct 17 12:49:11.450209 podb-esxi207 dnsmasq[2315375]: DNS service limited to local subnets
Oct 17 12:49:11.450224 podb-esxi207 dnsmasq[2315375]: compile time options: IPv6 GNU-getopt DBus no-UBus i18n IDN2 DHCP DHCPv6 no-Lua TFTP conntrack ipset no-nftset auth cryptohash DNSSEC loop-detect inotify dumpfile
Oct 17 12:49:11.450265 podb-esxi207 dnsmasq-dhcp[2315375]: DHCP, static leases only on 10.1.0.0, lease time 1d
Oct 17 12:49:11.450419 podb-esxi207 dnsmasq[2315375]: reading /etc/resolv.conf
Oct 17 12:49:11.450436 podb-esxi207 dnsmasq[2315375]: using nameserver 127.0.0.53#53
Oct 17 12:49:11.450523 podb-esxi207 dnsmasq[2315375]: read /opt/stack/data/neutron/dhcp/361371f3-5a6e-4755-ad84-a18c939f7efd/addn_hosts - 0 names
Oct 17 12:49:11.450575 podb-esxi207 dnsmasq-dhcp[2315375]: read /opt/stack/data/neutron/dhcp/361371f3-5a6e-4755-ad84-a18c939f7efd/host
Oct 17 12:49:11.450630 podb-esxi207 dnsmasq-dhcp[2315375]: read /opt/stack/data/neutron/dhcp/361371f3-5a6e-4755-ad84-a18c939f7efd/opts
Oct 17 12:49:12.490518 podb-esxi207 dnsmasq[2315097]: read /opt/stack/data/neutron/dhcp/94b2a8be-e75f-43a7-b7d4-e97a6a8b88df/addn_hosts - 2 names
Oct 17 12:49:12.490636 podb-esxi207 dnsmasq-dhcp[2315097]: read /opt/stack/data/neutron/dhcp/94b2a8be-e75f-43a7-b7d4-e97a6a8b88df/host
Oct 17 12:49:12.490751 podb-esxi207 dnsmasq-dhcp[2315097]: read /opt/stack/data/neutron/dhcp/94b2a8be-e75f-43a7-b7d4-e97a6a8b88df/opts
Oct 17 12:49:14.261061 podb-esxi207 dnsmasq[2315375]: read /opt/stack/data/neutron/dhcp/361371f3-5a6e-4755-ad84-a18c939f7efd/addn_hosts - 2 names
Oct 17 12:49:14.261200 podb-esxi207 dnsmasq-dhcp[2315375]: read /opt/stack/data/neutron/dhcp/361371f3-5a6e-4755-ad84-a18c939f7efd/host
Oct 17 12:49:14.261310 podb-esxi207 dnsmasq-dhcp[2315375]: read /opt/stack/data/neutron/dhcp/361371f3-5a6e-4755-ad84-a18c939f7efd/opts
Oct 17 12:49:15.027494 podb-esxi207 dnsmasq[2315097]: read /opt/stack/data/neutron/dhcp/94b2a8be-e75f-43a7-b7d4-e97a6a8b88df/addn_hosts - 2 names
Oct 17 12:49:15.027616 podb-esxi207 dnsmasq-dhcp[2315097]: read /opt/stack/data/neutron/dhcp/94b2a8be-e75f-43a7-b7d4-e97a6a8b88df/host
Oct 17 12:49:15.027730 podb-esxi207 dnsmasq-dhcp[2315097]: read /opt/stack/data/neutron/dhcp/94b2a8be-e75f-43a7-b7d4-e97a6a8b88df/opts
Oct 17 12:49:16.284556 podb-esxi207 dnsmasq[2315375]: read /opt/stack/data/neutron/dhcp/361371f3-5a6e-4755-ad84-a18c939f7efd/addn_hosts - 2 names
Oct 17 12:49:16.284690 podb-esxi207 dnsmasq-dhcp[2315375]: read /opt/stack/data/neutron/dhcp/361371f3-5a6e-4755-ad84-a18c939f7efd/host
Oct 17 12:49:16.284797 podb-esxi207 dnsmasq-dhcp[2315375]: read /opt/stack/data/neutron/dhcp/361371f3-5a6e-4755-ad84-a18c939f7efd/opts
Oct 17 12:49:17.061697 podb-esxi207 dnsmasq[2315097]: read /opt/stack/data/neutron/dhcp/94b2a8be-e75f-43a7-b7d4-e97a6a8b88df/addn_hosts - 2 names
Oct 17 12:49:17.061822 podb-esxi207 dnsmasq-dhcp[2315097]: read /opt/stack/data/neutron/dhcp/94b2a8be-e75f-43a7-b7d4-e97a6a8b88df/host
Oct 17 12:49:17.061933 podb-esxi207 dnsmasq-dhcp[2315097]: read /opt/stack/data/neutron/dhcp/94b2a8be-e75f-43a7-b7d4-e97a6a8b88df/opts
Oct 17 12:49:18.322288 podb-esxi207 dnsmasq[2315375]: read /opt/stack/data/neutron/dhcp/361371f3-5a6e-4755-ad84-a18c939f7efd/addn_hosts - 2 names
Oct 17 12:49:18.322386 podb-esxi207 dnsmasq-dhcp[2315375]: read /opt/stack/data/neutron/dhcp/361371f3-5a6e-4755-ad84-a18c939f7efd/host
Oct 17 12:49:18.322498 podb-esxi207 dnsmasq-dhcp[2315375]: read /opt/stack/data/neutron/dhcp/361371f3-5a6e-4755-ad84-a18c939f7efd/opts
Oct 17 12:49:23.685787 podb-esxi207 dnsmasq[2315097]: read /opt/stack/data/neutron/dhcp/94b2a8be-e75f-43a7-b7d4-e97a6a8b88df/addn_hosts - 4 names
Oct 17 12:49:23.685897 podb-esxi207 dnsmasq-dhcp[2315097]: read /opt/stack/data/neutron/dhcp/94b2a8be-e75f-43a7-b7d4-e97a6a8b88df/host
Oct 17 12:49:23.686009 podb-esxi207 dnsmasq-dhcp[2315097]: read /opt/stack/data/neutron/dhcp/94b2a8be-e75f-43a7-b7d4-e97a6a8b88df/opts
Oct 17 12:49:35.306380 podb-esxi207 dnsmasq-dhcp[2311676]: DHCPRELEASE(tapc7f87cab-06) 10.1.0.3 fa:16:3e:5b:1c:b2
Oct 17 12:49:35.320979 podb-esxi207 dnsmasq-dhcp[2311676]: DHCPRELEASE(tapc7f87cab-06) 10.1.0.3 fa:16:3e:5b:1c:b2 unknown lease
Oct 17 12:49:36.146353 podb-esxi207 dnsmasq[2311676]: read /opt/stack/data/neutron/dhcp/12165d9d-ba8d-4924-b877-499888c0e2e6/addn_hosts - 2 names
Oct 17 12:49:36.146475 podb-esxi207 dnsmasq-dhcp[2311676]: read /opt/stack/data/neutron/dhcp/12165d9d-ba8d-4924-b877-499888c0e2e6/host
Oct 17 12:49:36.146585 podb-esxi207 dnsmasq-dhcp[2311676]: read /opt/stack/data/neutron/dhcp/12165d9d-ba8d-4924-b877-499888c0e2e6/opts
Oct 17 12:49:49.955024 podb-esxi207 dnsmasq-dhcp[2315097]: DHCPDISCOVER(tap026185a2-33) fa:16:3e:da:3e:a0
Oct 17 12:49:49.955051 podb-esxi207 dnsmasq-dhcp[2315097]: DHCPOFFER(tap026185a2-33) 10.1.0.12 fa:16:3e:da:3e:a0
Oct 17 12:49:49.966390 podb-esxi207 dnsmasq-dhcp[2315097]: DHCPREQUEST(tap026185a2-33) 10.1.0.12 fa:16:3e:da:3e:a0
Oct 17 12:49:49.966423 podb-esxi207 dnsmasq-dhcp[2315097]: DHCPACK(tap026185a2-33) 10.1.0.12 fa:16:3e:da:3e:a0 host-10-1-0-12
Oct 17 12:51:09.791137 podb-esxi207 dnsmasq-dhcp[2315097]: DHCPRELEASE(tap026185a2-33) 10.1.0.12 fa:16:3e:da:3e:a0
Oct 17 12:51:09.807576 podb-esxi207 dnsmasq-dhcp[2315097]: DHCPRELEASE(tap026185a2-33) 10.1.0.12 fa:16:3e:da:3e:a0 unknown lease
Oct 17 12:51:10.631874 podb-esxi207 dnsmasq[2315097]: read /opt/stack/data/neutron/dhcp/94b2a8be-e75f-43a7-b7d4-e97a6a8b88df/addn_hosts - 2 names
Oct 17 12:51:10.632006 podb-esxi207 dnsmasq-dhcp[2315097]: read /opt/stack/data/neutron/dhcp/94b2a8be-e75f-43a7-b7d4-e97a6a8b88df/host
Oct 17 12:51:10.632131 podb-esxi207 dnsmasq-dhcp[2315097]: read /opt/stack/data/neutron/dhcp/94b2a8be-e75f-43a7-b7d4-e97a6a8b88df/opts
Oct 17 12:51:22.249191 podb-esxi207 dnsmasq[2315097]: read /opt/stack/data/neutron/dhcp/94b2a8be-e75f-43a7-b7d4-e97a6a8b88df/addn_hosts - 0 names
Oct 17 12:51:22.249262 podb-esxi207 dnsmasq-dhcp[2315097]: read /opt/stack/data/neutron/dhcp/94b2a8be-e75f-43a7-b7d4-e97a6a8b88df/host
Oct 17 12:51:22.249317 podb-esxi207 dnsmasq-dhcp[2315097]: read /opt/stack/data/neutron/dhcp/94b2a8be-e75f-43a7-b7d4-e97a6a8b88df/opts
Oct 17 12:51:23.337200 podb-esxi207 dnsmasq[2315097]: exiting on receipt of SIGTERM
Oct 17 12:51:24.443232 podb-esxi207 dnsmasq[2315375]: read /opt/stack/data/neutron/dhcp/361371f3-5a6e-4755-ad84-a18c939f7efd/addn_hosts - 0 names
Oct 17 12:51:24.443331 podb-esxi207 dnsmasq-dhcp[2315375]: read /opt/stack/data/neutron/dhcp/361371f3-5a6e-4755-ad84-a18c939f7efd/host
Oct 17 12:51:24.443428 podb-esxi207 dnsmasq-dhcp[2315375]: read /opt/stack/data/neutron/dhcp/361371f3-5a6e-4755-ad84-a18c939f7efd/opts
Oct 17 12:51:25.463828 podb-esxi207 dnsmasq[2315375]: exiting on receipt of SIGTERM
Oct 17 12:52:09.142560 podb-esxi207 dnsmasq[2317369]: started, version 2.90 cachesize 150
Oct 17 12:52:09.142589 podb-esxi207 dnsmasq[2317369]: DNS service limited to local subnets
Oct 17 12:52:09.142603 podb-esxi207 dnsmasq[2317369]: compile time options: IPv6 GNU-getopt DBus no-UBus i18n IDN2 DHCP DHCPv6 no-Lua TFTP conntrack ipset no-nftset auth cryptohash DNSSEC loop-detect inotify dumpfile
Oct 17 12:52:09.142639 podb-esxi207 dnsmasq-dhcp[2317369]: DHCP, static leases only on 10.1.0.0, lease time 1d
Oct 17 12:52:09.142796 podb-esxi207 dnsmasq[2317369]: reading /etc/resolv.conf
Oct 17 12:52:09.142812 podb-esxi207 dnsmasq[2317369]: using nameserver 127.0.0.53#53
Oct 17 12:52:09.142895 podb-esxi207 dnsmasq[2317369]: read /opt/stack/data/neutron/dhcp/aece0a96-9ac4-422b-9d39-55c34e2e9138/addn_hosts - 0 names
Oct 17 12:52:09.142947 podb-esxi207 dnsmasq-dhcp[2317369]: read /opt/stack/data/neutron/dhcp/aece0a96-9ac4-422b-9d39-55c34e2e9138/host
Oct 17 12:52:09.143015 podb-esxi207 dnsmasq-dhcp[2317369]: read /opt/stack/data/neutron/dhcp/aece0a96-9ac4-422b-9d39-55c34e2e9138/opts
Oct 17 12:52:10.689108 podb-esxi207 dnsmasq[2317369]: read /opt/stack/data/neutron/dhcp/aece0a96-9ac4-422b-9d39-55c34e2e9138/addn_hosts - 2 names
Oct 17 12:52:10.689216 podb-esxi207 dnsmasq-dhcp[2317369]: read /opt/stack/data/neutron/dhcp/aece0a96-9ac4-422b-9d39-55c34e2e9138/host
Oct 17 12:52:10.689328 podb-esxi207 dnsmasq-dhcp[2317369]: read /opt/stack/data/neutron/dhcp/aece0a96-9ac4-422b-9d39-55c34e2e9138/opts
Oct 17 12:52:13.749251 podb-esxi207 dnsmasq[2317683]: started, version 2.90 cachesize 150
Oct 17 12:52:13.749280 podb-esxi207 dnsmasq[2317683]: DNS service limited to local subnets
Oct 17 12:52:13.749294 podb-esxi207 dnsmasq[2317683]: compile time options: IPv6 GNU-getopt DBus no-UBus i18n IDN2 DHCP DHCPv6 no-Lua TFTP conntrack ipset no-nftset auth cryptohash DNSSEC loop-detect inotify dumpfile
Oct 17 12:52:13.749336 podb-esxi207 dnsmasq-dhcp[2317683]: DHCP, static leases only on 10.1.0.0, lease time 1d
Oct 17 12:52:13.749492 podb-esxi207 dnsmasq[2317683]: reading /etc/resolv.conf
Oct 17 12:52:13.749509 podb-esxi207 dnsmasq[2317683]: using nameserver 127.0.0.53#53
Oct 17 12:52:13.749629 podb-esxi207 dnsmasq[2317683]: read /opt/stack/data/neutron/dhcp/0f954c36-a6f4-41e5-9dd7-0242fd317dba/addn_hosts - 2 names
Oct 17 12:52:13.749693 podb-esxi207 dnsmasq-dhcp[2317683]: read /opt/stack/data/neutron/dhcp/0f954c36-a6f4-41e5-9dd7-0242fd317dba/host
Oct 17 12:52:13.749768 podb-esxi207 dnsmasq-dhcp[2317683]: read /opt/stack/data/neutron/dhcp/0f954c36-a6f4-41e5-9dd7-0242fd317dba/opts
Oct 17 12:52:14.825048 podb-esxi207 dnsmasq[2317369]: read /opt/stack/data/neutron/dhcp/aece0a96-9ac4-422b-9d39-55c34e2e9138/addn_hosts - 2 names
Oct 17 12:52:14.825135 podb-esxi207 dnsmasq-dhcp[2317369]: read /opt/stack/data/neutron/dhcp/aece0a96-9ac4-422b-9d39-55c34e2e9138/host
Oct 17 12:52:14.825204 podb-esxi207 dnsmasq-dhcp[2317369]: read /opt/stack/data/neutron/dhcp/aece0a96-9ac4-422b-9d39-55c34e2e9138/opts
Oct 17 12:52:16.289197 podb-esxi207 dnsmasq[2317683]: read /opt/stack/data/neutron/dhcp/0f954c36-a6f4-41e5-9dd7-0242fd317dba/addn_hosts - 2 names
Oct 17 12:52:16.289319 podb-esxi207 dnsmasq-dhcp[2317683]: read /opt/stack/data/neutron/dhcp/0f954c36-a6f4-41e5-9dd7-0242fd317dba/host
Oct 17 12:52:16.289411 podb-esxi207 dnsmasq-dhcp[2317683]: read /opt/stack/data/neutron/dhcp/0f954c36-a6f4-41e5-9dd7-0242fd317dba/opts
Oct 17 12:52:17.540396 podb-esxi207 dnsmasq[2317369]: read /opt/stack/data/neutron/dhcp/aece0a96-9ac4-422b-9d39-55c34e2e9138/addn_hosts - 2 names
Oct 17 12:52:17.540485 podb-esxi207 dnsmasq-dhcp[2317369]: read /opt/stack/data/neutron/dhcp/aece0a96-9ac4-422b-9d39-55c34e2e9138/host
Oct 17 12:52:17.540575 podb-esxi207 dnsmasq-dhcp[2317369]: read /opt/stack/data/neutron/dhcp/aece0a96-9ac4-422b-9d39-55c34e2e9138/opts
Oct 17 12:52:18.288062 podb-esxi207 dnsmasq[2317683]: read /opt/stack/data/neutron/dhcp/0f954c36-a6f4-41e5-9dd7-0242fd317dba/addn_hosts - 2 names
Oct 17 12:52:18.288183 podb-esxi207 dnsmasq-dhcp[2317683]: read /opt/stack/data/neutron/dhcp/0f954c36-a6f4-41e5-9dd7-0242fd317dba/host
Oct 17 12:52:18.288290 podb-esxi207 dnsmasq-dhcp[2317683]: read /opt/stack/data/neutron/dhcp/0f954c36-a6f4-41e5-9dd7-0242fd317dba/opts
Oct 17 12:52:19.539590 podb-esxi207 dnsmasq[2317683]: read /opt/stack/data/neutron/dhcp/0f954c36-a6f4-41e5-9dd7-0242fd317dba/addn_hosts - 2 names
Oct 17 12:52:19.539723 podb-esxi207 dnsmasq-dhcp[2317683]: read /opt/stack/data/neutron/dhcp/0f954c36-a6f4-41e5-9dd7-0242fd317dba/host
Oct 17 12:52:19.539829 podb-esxi207 dnsmasq-dhcp[2317683]: read /opt/stack/data/neutron/dhcp/0f954c36-a6f4-41e5-9dd7-0242fd317dba/opts
Oct 17 12:52:42.514480 podb-esxi207 dnsmasq[2318458]: started, version 2.90 cachesize 150
Oct 17 12:52:42.514508 podb-esxi207 dnsmasq[2318458]: DNS service limited to local subnets
Oct 17 12:52:42.514524 podb-esxi207 dnsmasq[2318458]: compile time options: IPv6 GNU-getopt DBus no-UBus i18n IDN2 DHCP DHCPv6 no-Lua TFTP conntrack ipset no-nftset auth cryptohash DNSSEC loop-detect inotify dumpfile
Oct 17 12:52:42.514559 podb-esxi207 dnsmasq-dhcp[2318458]: DHCP, static leases only on 10.1.0.0, lease time 1d
Oct 17 12:52:42.514714 podb-esxi207 dnsmasq[2318458]: reading /etc/resolv.conf
Oct 17 12:52:42.514730 podb-esxi207 dnsmasq[2318458]: using nameserver 127.0.0.53#53
Oct 17 12:52:42.514813 podb-esxi207 dnsmasq[2318458]: read /opt/stack/data/neutron/dhcp/32453b40-79c0-4ba0-84bf-bd2b797ffc98/addn_hosts - 0 names
Oct 17 12:52:42.514865 podb-esxi207 dnsmasq-dhcp[2318458]: read /opt/stack/data/neutron/dhcp/32453b40-79c0-4ba0-84bf-bd2b797ffc98/host
Oct 17 12:52:42.514930 podb-esxi207 dnsmasq-dhcp[2318458]: read /opt/stack/data/neutron/dhcp/32453b40-79c0-4ba0-84bf-bd2b797ffc98/opts
Oct 17 12:52:44.059145 podb-esxi207 dnsmasq[2318458]: read /opt/stack/data/neutron/dhcp/32453b40-79c0-4ba0-84bf-bd2b797ffc98/addn_hosts - 2 names
Oct 17 12:52:44.059235 podb-esxi207 dnsmasq-dhcp[2318458]: read /opt/stack/data/neutron/dhcp/32453b40-79c0-4ba0-84bf-bd2b797ffc98/host
Oct 17 12:52:44.059340 podb-esxi207 dnsmasq-dhcp[2318458]: read /opt/stack/data/neutron/dhcp/32453b40-79c0-4ba0-84bf-bd2b797ffc98/opts
Oct 17 12:52:46.973746 podb-esxi207 dnsmasq[2318743]: started, version 2.90 cachesize 150
Oct 17 12:52:46.973777 podb-esxi207 dnsmasq[2318743]: DNS service limited to local subnets
Oct 17 12:52:46.973792 podb-esxi207 dnsmasq[2318743]: compile time options: IPv6 GNU-getopt DBus no-UBus i18n IDN2 DHCP DHCPv6 no-Lua TFTP conntrack ipset no-nftset auth cryptohash DNSSEC loop-detect inotify dumpfile
Oct 17 12:52:46.973836 podb-esxi207 dnsmasq-dhcp[2318743]: DHCP, static leases only on 10.1.0.0, lease time 1d
Oct 17 12:52:46.973988 podb-esxi207 dnsmasq[2318743]: reading /etc/resolv.conf
Oct 17 12:52:46.974004 podb-esxi207 dnsmasq[2318743]: using nameserver 127.0.0.53#53
Oct 17 12:52:46.974091 podb-esxi207 dnsmasq[2318743]: read /opt/stack/data/neutron/dhcp/79e75773-f56e-4791-8100-6d36d83238e4/addn_hosts - 0 names
Oct 17 12:52:46.974143 podb-esxi207 dnsmasq-dhcp[2318743]: read /opt/stack/data/neutron/dhcp/79e75773-f56e-4791-8100-6d36d83238e4/host
Oct 17 12:52:46.974200 podb-esxi207 dnsmasq-dhcp[2318743]: read /opt/stack/data/neutron/dhcp/79e75773-f56e-4791-8100-6d36d83238e4/opts
Oct 17 12:52:48.011700 podb-esxi207 dnsmasq[2318458]: read /opt/stack/data/neutron/dhcp/32453b40-79c0-4ba0-84bf-bd2b797ffc98/addn_hosts - 2 names
Oct 17 12:52:48.011799 podb-esxi207 dnsmasq-dhcp[2318458]: read /opt/stack/data/neutron/dhcp/32453b40-79c0-4ba0-84bf-bd2b797ffc98/host
Oct 17 12:52:48.011915 podb-esxi207 dnsmasq-dhcp[2318458]: read /opt/stack/data/neutron/dhcp/32453b40-79c0-4ba0-84bf-bd2b797ffc98/opts
Oct 17 12:52:49.270063 podb-esxi207 dnsmasq[2318743]: read /opt/stack/data/neutron/dhcp/79e75773-f56e-4791-8100-6d36d83238e4/addn_hosts - 2 names
Oct 17 12:52:49.270149 podb-esxi207 dnsmasq-dhcp[2318743]: read /opt/stack/data/neutron/dhcp/79e75773-f56e-4791-8100-6d36d83238e4/host
Oct 17 12:52:49.270238 podb-esxi207 dnsmasq-dhcp[2318743]: read /opt/stack/data/neutron/dhcp/79e75773-f56e-4791-8100-6d36d83238e4/opts
Oct 17 12:52:50.527850 podb-esxi207 dnsmasq[2318458]: read /opt/stack/data/neutron/dhcp/32453b40-79c0-4ba0-84bf-bd2b797ffc98/addn_hosts - 2 names
Oct 17 12:52:50.527940 podb-esxi207 dnsmasq-dhcp[2318458]: read /opt/stack/data/neutron/dhcp/32453b40-79c0-4ba0-84bf-bd2b797ffc98/host
Oct 17 12:52:50.528057 podb-esxi207 dnsmasq-dhcp[2318458]: read /opt/stack/data/neutron/dhcp/32453b40-79c0-4ba0-84bf-bd2b797ffc98/opts
Oct 17 12:52:51.272235 podb-esxi207 dnsmasq[2318743]: read /opt/stack/data/neutron/dhcp/79e75773-f56e-4791-8100-6d36d83238e4/addn_hosts - 2 names
Oct 17 12:52:51.272357 podb-esxi207 dnsmasq-dhcp[2318743]: read /opt/stack/data/neutron/dhcp/79e75773-f56e-4791-8100-6d36d83238e4/host
Oct 17 12:52:51.272472 podb-esxi207 dnsmasq-dhcp[2318743]: read /opt/stack/data/neutron/dhcp/79e75773-f56e-4791-8100-6d36d83238e4/opts
Oct 17 12:52:52.546743 podb-esxi207 dnsmasq[2317369]: read /opt/stack/data/neutron/dhcp/aece0a96-9ac4-422b-9d39-55c34e2e9138/addn_hosts - 4 names
Oct 17 12:52:52.546879 podb-esxi207 dnsmasq-dhcp[2317369]: read /opt/stack/data/neutron/dhcp/aece0a96-9ac4-422b-9d39-55c34e2e9138/host
Oct 17 12:52:52.547004 podb-esxi207 dnsmasq-dhcp[2317369]: read /opt/stack/data/neutron/dhcp/aece0a96-9ac4-422b-9d39-55c34e2e9138/opts
Oct 17 12:52:53.289914 podb-esxi207 dnsmasq[2318743]: read /opt/stack/data/neutron/dhcp/79e75773-f56e-4791-8100-6d36d83238e4/addn_hosts - 2 names
Oct 17 12:52:53.289994 podb-esxi207 dnsmasq-dhcp[2318743]: read /opt/stack/data/neutron/dhcp/79e75773-f56e-4791-8100-6d36d83238e4/host
Oct 17 12:52:53.290097 podb-esxi207 dnsmasq-dhcp[2318743]: read /opt/stack/data/neutron/dhcp/79e75773-f56e-4791-8100-6d36d83238e4/opts
Oct 17 12:52:54.530277 podb-esxi207 dnsmasq[2318458]: read /opt/stack/data/neutron/dhcp/32453b40-79c0-4ba0-84bf-bd2b797ffc98/addn_hosts - 4 names
Oct 17 12:52:54.530425 podb-esxi207 dnsmasq-dhcp[2318458]: read /opt/stack/data/neutron/dhcp/32453b40-79c0-4ba0-84bf-bd2b797ffc98/host
Oct 17 12:52:54.530545 podb-esxi207 dnsmasq-dhcp[2318458]: read /opt/stack/data/neutron/dhcp/32453b40-79c0-4ba0-84bf-bd2b797ffc98/opts
Oct 17 12:53:18.036453 podb-esxi207 dnsmasq-dhcp[2318458]: DHCPDISCOVER(tap8a3c8a6b-20) fa:16:3e:2a:88:1f
Oct 17 12:53:18.036481 podb-esxi207 dnsmasq-dhcp[2318458]: DHCPOFFER(tap8a3c8a6b-20) 10.1.0.8 fa:16:3e:2a:88:1f
Oct 17 12:53:18.046748 podb-esxi207 dnsmasq-dhcp[2318458]: DHCPREQUEST(tap8a3c8a6b-20) 10.1.0.8 fa:16:3e:2a:88:1f
Oct 17 12:53:18.046772 podb-esxi207 dnsmasq-dhcp[2318458]: DHCPACK(tap8a3c8a6b-20) 10.1.0.8 fa:16:3e:2a:88:1f host-10-1-0-8
Oct 17 12:53:18.154259 podb-esxi207 dnsmasq-dhcp[2317369]: DHCPDISCOVER(tape30c7c7b-0a) fa:16:3e:5b:6a:cc
Oct 17 12:53:18.154283 podb-esxi207 dnsmasq-dhcp[2317369]: DHCPOFFER(tape30c7c7b-0a) 10.1.0.13 fa:16:3e:5b:6a:cc
Oct 17 12:53:18.165382 podb-esxi207 dnsmasq-dhcp[2317369]: DHCPREQUEST(tape30c7c7b-0a) 10.1.0.13 fa:16:3e:5b:6a:cc
Oct 17 12:53:18.165421 podb-esxi207 dnsmasq-dhcp[2317369]: DHCPACK(tape30c7c7b-0a) 10.1.0.13 fa:16:3e:5b:6a:cc host-10-1-0-13
Oct 17 12:54:00.775171 podb-esxi207 dnsmasq[2311676]: read /opt/stack/data/neutron/dhcp/12165d9d-ba8d-4924-b877-499888c0e2e6/addn_hosts - 0 names
Oct 17 12:54:00.775288 podb-esxi207 dnsmasq-dhcp[2311676]: read /opt/stack/data/neutron/dhcp/12165d9d-ba8d-4924-b877-499888c0e2e6/host
Oct 17 12:54:00.775386 podb-esxi207 dnsmasq-dhcp[2311676]: read /opt/stack/data/neutron/dhcp/12165d9d-ba8d-4924-b877-499888c0e2e6/opts
Oct 17 12:54:01.862253 podb-esxi207 dnsmasq[2311676]: exiting on receipt of SIGTERM
Oct 17 12:54:06.598001 podb-esxi207 dnsmasq[2319899]: started, version 2.90 cachesize 150
Oct 17 12:54:06.598026 podb-esxi207 dnsmasq[2319899]: DNS service limited to local subnets
Oct 17 12:54:06.598041 podb-esxi207 dnsmasq[2319899]: compile time options: IPv6 GNU-getopt DBus no-UBus i18n IDN2 DHCP DHCPv6 no-Lua TFTP conntrack ipset no-nftset auth cryptohash DNSSEC loop-detect inotify dumpfile
Oct 17 12:54:06.598083 podb-esxi207 dnsmasq-dhcp[2319899]: DHCP, static leases only on 10.1.0.0, lease time 1d
Oct 17 12:54:06.598238 podb-esxi207 dnsmasq[2319899]: reading /etc/resolv.conf
Oct 17 12:54:06.598255 podb-esxi207 dnsmasq[2319899]: using nameserver 127.0.0.53#53
Oct 17 12:54:06.598347 podb-esxi207 dnsmasq[2319899]: read /opt/stack/data/neutron/dhcp/88597644-785e-4819-b2b6-9f1c9627213e/addn_hosts - 0 names
Oct 17 12:54:06.598399 podb-esxi207 dnsmasq-dhcp[2319899]: read /opt/stack/data/neutron/dhcp/88597644-785e-4819-b2b6-9f1c9627213e/host
Oct 17 12:54:06.598464 podb-esxi207 dnsmasq-dhcp[2319899]: read /opt/stack/data/neutron/dhcp/88597644-785e-4819-b2b6-9f1c9627213e/opts
Oct 17 12:54:10.301743 podb-esxi207 dnsmasq[2320154]: started, version 2.90 cachesize 150
Oct 17 12:54:10.301768 podb-esxi207 dnsmasq[2320154]: DNS service limited to local subnets
Oct 17 12:54:10.301783 podb-esxi207 dnsmasq[2320154]: compile time options: IPv6 GNU-getopt DBus no-UBus i18n IDN2 DHCP DHCPv6 no-Lua TFTP conntrack ipset no-nftset auth cryptohash DNSSEC loop-detect inotify dumpfile
Oct 17 12:54:10.301824 podb-esxi207 dnsmasq-dhcp[2320154]: DHCP, static leases only on 10.1.0.0, lease time 1d
Oct 17 12:54:10.301979 podb-esxi207 dnsmasq[2320154]: reading /etc/resolv.conf
Oct 17 12:54:10.301995 podb-esxi207 dnsmasq[2320154]: using nameserver 127.0.0.53#53
Oct 17 12:54:10.302083 podb-esxi207 dnsmasq[2320154]: read /opt/stack/data/neutron/dhcp/5058d55a-59f6-4609-a798-283429457774/addn_hosts - 0 names
Oct 17 12:54:10.302134 podb-esxi207 dnsmasq-dhcp[2320154]: read /opt/stack/data/neutron/dhcp/5058d55a-59f6-4609-a798-283429457774/host
Oct 17 12:54:10.302200 podb-esxi207 dnsmasq-dhcp[2320154]: read /opt/stack/data/neutron/dhcp/5058d55a-59f6-4609-a798-283429457774/opts
Oct 17 12:54:11.346750 podb-esxi207 dnsmasq[2319899]: read /opt/stack/data/neutron/dhcp/88597644-785e-4819-b2b6-9f1c9627213e/addn_hosts - 2 names
Oct 17 12:54:11.346851 podb-esxi207 dnsmasq-dhcp[2319899]: read /opt/stack/data/neutron/dhcp/88597644-785e-4819-b2b6-9f1c9627213e/host
Oct 17 12:54:11.346979 podb-esxi207 dnsmasq-dhcp[2319899]: read /opt/stack/data/neutron/dhcp/88597644-785e-4819-b2b6-9f1c9627213e/opts
Oct 17 12:54:13.113298 podb-esxi207 dnsmasq[2320154]: read /opt/stack/data/neutron/dhcp/5058d55a-59f6-4609-a798-283429457774/addn_hosts - 2 names
Oct 17 12:54:13.113383 podb-esxi207 dnsmasq-dhcp[2320154]: read /opt/stack/data/neutron/dhcp/5058d55a-59f6-4609-a798-283429457774/host
Oct 17 12:54:13.113499 podb-esxi207 dnsmasq-dhcp[2320154]: read /opt/stack/data/neutron/dhcp/5058d55a-59f6-4609-a798-283429457774/opts
Oct 17 12:54:13.866601 podb-esxi207 dnsmasq[2319899]: read /opt/stack/data/neutron/dhcp/88597644-785e-4819-b2b6-9f1c9627213e/addn_hosts - 2 names
Oct 17 12:54:13.866695 podb-esxi207 dnsmasq-dhcp[2319899]: read /opt/stack/data/neutron/dhcp/88597644-785e-4819-b2b6-9f1c9627213e/host
Oct 17 12:54:13.866815 podb-esxi207 dnsmasq-dhcp[2319899]: read /opt/stack/data/neutron/dhcp/88597644-785e-4819-b2b6-9f1c9627213e/opts
Oct 17 12:54:15.128978 podb-esxi207 dnsmasq[2320154]: read /opt/stack/data/neutron/dhcp/5058d55a-59f6-4609-a798-283429457774/addn_hosts - 2 names
Oct 17 12:54:15.129064 podb-esxi207 dnsmasq-dhcp[2320154]: read /opt/stack/data/neutron/dhcp/5058d55a-59f6-4609-a798-283429457774/host
Oct 17 12:54:15.129151 podb-esxi207 dnsmasq-dhcp[2320154]: read /opt/stack/data/neutron/dhcp/5058d55a-59f6-4609-a798-283429457774/opts
Oct 17 12:54:15.871049 podb-esxi207 dnsmasq[2319899]: read /opt/stack/data/neutron/dhcp/88597644-785e-4819-b2b6-9f1c9627213e/addn_hosts - 2 names
Oct 17 12:54:15.871159 podb-esxi207 dnsmasq-dhcp[2319899]: read /opt/stack/data/neutron/dhcp/88597644-785e-4819-b2b6-9f1c9627213e/host
Oct 17 12:54:15.871265 podb-esxi207 dnsmasq-dhcp[2319899]: read /opt/stack/data/neutron/dhcp/88597644-785e-4819-b2b6-9f1c9627213e/opts
Oct 17 12:54:17.123887 podb-esxi207 dnsmasq[2320154]: read /opt/stack/data/neutron/dhcp/5058d55a-59f6-4609-a798-283429457774/addn_hosts - 2 names
Oct 17 12:54:17.124007 podb-esxi207 dnsmasq-dhcp[2320154]: read /opt/stack/data/neutron/dhcp/5058d55a-59f6-4609-a798-283429457774/host
Oct 17 12:54:17.124125 podb-esxi207 dnsmasq-dhcp[2320154]: read /opt/stack/data/neutron/dhcp/5058d55a-59f6-4609-a798-283429457774/opts
Oct 17 12:54:36.716412 podb-esxi207 dnsmasq[2319899]: read /opt/stack/data/neutron/dhcp/88597644-785e-4819-b2b6-9f1c9627213e/addn_hosts - 4 names
Oct 17 12:54:36.716543 podb-esxi207 dnsmasq-dhcp[2319899]: read /opt/stack/data/neutron/dhcp/88597644-785e-4819-b2b6-9f1c9627213e/host
Oct 17 12:54:36.716682 podb-esxi207 dnsmasq-dhcp[2319899]: read /opt/stack/data/neutron/dhcp/88597644-785e-4819-b2b6-9f1c9627213e/opts
Oct 17 12:54:43.379324 podb-esxi207 dnsmasq-dhcp[2318458]: DHCPRELEASE(tap8a3c8a6b-20) 10.1.0.8 fa:16:3e:2a:88:1f
Oct 17 12:54:43.396452 podb-esxi207 dnsmasq-dhcp[2318458]: DHCPRELEASE(tap8a3c8a6b-20) 10.1.0.8 fa:16:3e:2a:88:1f unknown lease
Oct 17 12:54:44.220896 podb-esxi207 dnsmasq[2318458]: read /opt/stack/data/neutron/dhcp/32453b40-79c0-4ba0-84bf-bd2b797ffc98/addn_hosts - 2 names
Oct 17 12:54:44.221011 podb-esxi207 dnsmasq-dhcp[2318458]: read /opt/stack/data/neutron/dhcp/32453b40-79c0-4ba0-84bf-bd2b797ffc98/host
Oct 17 12:54:44.221114 podb-esxi207 dnsmasq-dhcp[2318458]: read /opt/stack/data/neutron/dhcp/32453b40-79c0-4ba0-84bf-bd2b797ffc98/opts
Oct 17 12:54:49.105617 podb-esxi207 dnsmasq[2318458]: read /opt/stack/data/neutron/dhcp/32453b40-79c0-4ba0-84bf-bd2b797ffc98/addn_hosts - 0 names
Oct 17 12:54:49.105728 podb-esxi207 dnsmasq-dhcp[2318458]: read /opt/stack/data/neutron/dhcp/32453b40-79c0-4ba0-84bf-bd2b797ffc98/host
Oct 17 12:54:49.105825 podb-esxi207 dnsmasq-dhcp[2318458]: read /opt/stack/data/neutron/dhcp/32453b40-79c0-4ba0-84bf-bd2b797ffc98/opts
Oct 17 12:54:50.064551 podb-esxi207 dnsmasq[2318458]: exiting on receipt of SIGTERM
Oct 17 12:54:51.180824 podb-esxi207 dnsmasq[2318743]: read /opt/stack/data/neutron/dhcp/79e75773-f56e-4791-8100-6d36d83238e4/addn_hosts - 0 names
Oct 17 12:54:51.180907 podb-esxi207 dnsmasq-dhcp[2318743]: read /opt/stack/data/neutron/dhcp/79e75773-f56e-4791-8100-6d36d83238e4/host
Oct 17 12:54:51.181007 podb-esxi207 dnsmasq-dhcp[2318743]: read /opt/stack/data/neutron/dhcp/79e75773-f56e-4791-8100-6d36d83238e4/opts
Oct 17 12:54:52.347584 podb-esxi207 dnsmasq[2318743]: exiting on receipt of SIGTERM
Oct 17 12:55:06.903089 podb-esxi207 dnsmasq-dhcp[2319899]: DHCPDISCOVER(tap99e3b989-ec) fa:16:3e:bc:4a:2b
Oct 17 12:55:06.903115 podb-esxi207 dnsmasq-dhcp[2319899]: DHCPOFFER(tap99e3b989-ec) 10.1.0.9 fa:16:3e:bc:4a:2b
Oct 17 12:55:06.913342 podb-esxi207 dnsmasq-dhcp[2319899]: DHCPREQUEST(tap99e3b989-ec) 10.1.0.9 fa:16:3e:bc:4a:2b
Oct 17 12:55:06.913375 podb-esxi207 dnsmasq-dhcp[2319899]: DHCPACK(tap99e3b989-ec) 10.1.0.9 fa:16:3e:bc:4a:2b host-10-1-0-9
Oct 17 12:55:24.675328 podb-esxi207 dnsmasq-dhcp[2317369]: DHCPRELEASE(tape30c7c7b-0a) 10.1.0.13 fa:16:3e:5b:6a:cc
Oct 17 12:55:24.691585 podb-esxi207 dnsmasq-dhcp[2317369]: DHCPRELEASE(tape30c7c7b-0a) 10.1.0.13 fa:16:3e:5b:6a:cc unknown lease
Oct 17 12:55:25.518094 podb-esxi207 dnsmasq[2317369]: read /opt/stack/data/neutron/dhcp/aece0a96-9ac4-422b-9d39-55c34e2e9138/addn_hosts - 2 names
Oct 17 12:55:25.518174 podb-esxi207 dnsmasq-dhcp[2317369]: read /opt/stack/data/neutron/dhcp/aece0a96-9ac4-422b-9d39-55c34e2e9138/host
Oct 17 12:55:25.518302 podb-esxi207 dnsmasq-dhcp[2317369]: read /opt/stack/data/neutron/dhcp/aece0a96-9ac4-422b-9d39-55c34e2e9138/opts
Oct 17 12:55:41.025211 podb-esxi207 dnsmasq[2317369]: read /opt/stack/data/neutron/dhcp/aece0a96-9ac4-422b-9d39-55c34e2e9138/addn_hosts - 0 names
Oct 17 12:55:41.025271 podb-esxi207 dnsmasq-dhcp[2317369]: read /opt/stack/data/neutron/dhcp/aece0a96-9ac4-422b-9d39-55c34e2e9138/host
Oct 17 12:55:41.025334 podb-esxi207 dnsmasq-dhcp[2317369]: read /opt/stack/data/neutron/dhcp/aece0a96-9ac4-422b-9d39-55c34e2e9138/opts
Oct 17 12:55:41.794095 podb-esxi207 dnsmasq[2317369]: exiting on receipt of SIGTERM
Oct 17 12:55:42.399159 podb-esxi207 dnsmasq-dhcp[2317683]: DHCPRELEASE(tapd3ec80fa-d5) 10.1.0.1 fa:16:3e:e9:c7:e2
Oct 17 12:55:43.220627 podb-esxi207 dnsmasq[2317683]: read /opt/stack/data/neutron/dhcp/0f954c36-a6f4-41e5-9dd7-0242fd317dba/addn_hosts - 0 names
Oct 17 12:55:43.220704 podb-esxi207 dnsmasq-dhcp[2317683]: read /opt/stack/data/neutron/dhcp/0f954c36-a6f4-41e5-9dd7-0242fd317dba/host
Oct 17 12:55:43.220761 podb-esxi207 dnsmasq-dhcp[2317683]: read /opt/stack/data/neutron/dhcp/0f954c36-a6f4-41e5-9dd7-0242fd317dba/opts
Oct 17 12:55:43.449932 podb-esxi207 dnsmasq[2317683]: exiting on receipt of SIGTERM
Oct 17 12:55:47.396342 podb-esxi207 dnsmasq[2322448]: started, version 2.90 cachesize 150
Oct 17 12:55:47.396372 podb-esxi207 dnsmasq[2322448]: DNS service limited to local subnets
Oct 17 12:55:47.396387 podb-esxi207 dnsmasq[2322448]: compile time options: IPv6 GNU-getopt DBus no-UBus i18n IDN2 DHCP DHCPv6 no-Lua TFTP conntrack ipset no-nftset auth cryptohash DNSSEC loop-detect inotify dumpfile
Oct 17 12:55:47.396422 podb-esxi207 dnsmasq-dhcp[2322448]: DHCP, static leases only on 10.1.0.0, lease time 1d
Oct 17 12:55:47.396587 podb-esxi207 dnsmasq[2322448]: reading /etc/resolv.conf
Oct 17 12:55:47.396604 podb-esxi207 dnsmasq[2322448]: using nameserver 127.0.0.53#53
Oct 17 12:55:47.396721 podb-esxi207 dnsmasq[2322448]: read /opt/stack/data/neutron/dhcp/6d57fa00-15dd-4372-aefd-9834d8b3db9f/addn_hosts - 0 names
Oct 17 12:55:47.396775 podb-esxi207 dnsmasq-dhcp[2322448]: read /opt/stack/data/neutron/dhcp/6d57fa00-15dd-4372-aefd-9834d8b3db9f/host
Oct 17 12:55:47.396834 podb-esxi207 dnsmasq-dhcp[2322448]: read /opt/stack/data/neutron/dhcp/6d57fa00-15dd-4372-aefd-9834d8b3db9f/opts
Oct 17 12:55:48.945768 podb-esxi207 dnsmasq[2322448]: read /opt/stack/data/neutron/dhcp/6d57fa00-15dd-4372-aefd-9834d8b3db9f/addn_hosts - 2 names
Oct 17 12:55:48.945861 podb-esxi207 dnsmasq-dhcp[2322448]: read /opt/stack/data/neutron/dhcp/6d57fa00-15dd-4372-aefd-9834d8b3db9f/host
Oct 17 12:55:48.945990 podb-esxi207 dnsmasq-dhcp[2322448]: read /opt/stack/data/neutron/dhcp/6d57fa00-15dd-4372-aefd-9834d8b3db9f/opts
Oct 17 12:55:51.829458 podb-esxi207 dnsmasq[2322760]: started, version 2.90 cachesize 150
Oct 17 12:55:51.829485 podb-esxi207 dnsmasq[2322760]: DNS service limited to local subnets
Oct 17 12:55:51.829500 podb-esxi207 dnsmasq[2322760]: compile time options: IPv6 GNU-getopt DBus no-UBus i18n IDN2 DHCP DHCPv6 no-Lua TFTP conntrack ipset no-nftset auth cryptohash DNSSEC loop-detect inotify dumpfile
Oct 17 12:55:51.829536 podb-esxi207 dnsmasq-dhcp[2322760]: DHCP, static leases only on 10.1.0.0, lease time 1d
Oct 17 12:55:51.829694 podb-esxi207 dnsmasq[2322760]: reading /etc/resolv.conf
Oct 17 12:55:51.829711 podb-esxi207 dnsmasq[2322760]: using nameserver 127.0.0.53#53
Oct 17 12:55:51.829832 podb-esxi207 dnsmasq[2322760]: read /opt/stack/data/neutron/dhcp/0058a2bb-0448-41e9-801e-6532d147ed3e/addn_hosts - 2 names
Oct 17 12:55:51.829887 podb-esxi207 dnsmasq-dhcp[2322760]: read /opt/stack/data/neutron/dhcp/0058a2bb-0448-41e9-801e-6532d147ed3e/host
Oct 17 12:55:51.829962 podb-esxi207 dnsmasq-dhcp[2322760]: read /opt/stack/data/neutron/dhcp/0058a2bb-0448-41e9-801e-6532d147ed3e/opts
Oct 17 12:55:52.873839 podb-esxi207 dnsmasq[2322448]: read /opt/stack/data/neutron/dhcp/6d57fa00-15dd-4372-aefd-9834d8b3db9f/addn_hosts - 2 names
Oct 17 12:55:52.873964 podb-esxi207 dnsmasq-dhcp[2322448]: read /opt/stack/data/neutron/dhcp/6d57fa00-15dd-4372-aefd-9834d8b3db9f/host
Oct 17 12:55:52.874070 podb-esxi207 dnsmasq-dhcp[2322448]: read /opt/stack/data/neutron/dhcp/6d57fa00-15dd-4372-aefd-9834d8b3db9f/opts
Oct 17 12:55:54.128590 podb-esxi207 dnsmasq[2322760]: read /opt/stack/data/neutron/dhcp/0058a2bb-0448-41e9-801e-6532d147ed3e/addn_hosts - 2 names
Oct 17 12:55:54.128789 podb-esxi207 dnsmasq-dhcp[2322760]: read /opt/stack/data/neutron/dhcp/0058a2bb-0448-41e9-801e-6532d147ed3e/host
Oct 17 12:55:54.128895 podb-esxi207 dnsmasq-dhcp[2322760]: read /opt/stack/data/neutron/dhcp/0058a2bb-0448-41e9-801e-6532d147ed3e/opts
Oct 17 12:55:55.404783 podb-esxi207 dnsmasq[2322448]: read /opt/stack/data/neutron/dhcp/6d57fa00-15dd-4372-aefd-9834d8b3db9f/addn_hosts - 2 names
Oct 17 12:55:55.404871 podb-esxi207 dnsmasq-dhcp[2322448]: read /opt/stack/data/neutron/dhcp/6d57fa00-15dd-4372-aefd-9834d8b3db9f/host
Oct 17 12:55:55.404942 podb-esxi207 dnsmasq-dhcp[2322448]: read /opt/stack/data/neutron/dhcp/6d57fa00-15dd-4372-aefd-9834d8b3db9f/opts
Oct 17 12:55:56.169687 podb-esxi207 dnsmasq[2322760]: read /opt/stack/data/neutron/dhcp/0058a2bb-0448-41e9-801e-6532d147ed3e/addn_hosts - 2 names
Oct 17 12:55:56.169804 podb-esxi207 dnsmasq-dhcp[2322760]: read /opt/stack/data/neutron/dhcp/0058a2bb-0448-41e9-801e-6532d147ed3e/host
Oct 17 12:55:56.169913 podb-esxi207 dnsmasq-dhcp[2322760]: read /opt/stack/data/neutron/dhcp/0058a2bb-0448-41e9-801e-6532d147ed3e/opts
Oct 17 12:55:57.423767 podb-esxi207 dnsmasq[2322760]: read /opt/stack/data/neutron/dhcp/0058a2bb-0448-41e9-801e-6532d147ed3e/addn_hosts - 2 names
Oct 17 12:55:57.423860 podb-esxi207 dnsmasq-dhcp[2322760]: read /opt/stack/data/neutron/dhcp/0058a2bb-0448-41e9-801e-6532d147ed3e/host
Oct 17 12:55:57.423975 podb-esxi207 dnsmasq-dhcp[2322760]: read /opt/stack/data/neutron/dhcp/0058a2bb-0448-41e9-801e-6532d147ed3e/opts
Oct 17 12:55:58.807572 podb-esxi207 dnsmasq[2322448]: read /opt/stack/data/neutron/dhcp/6d57fa00-15dd-4372-aefd-9834d8b3db9f/addn_hosts - 4 names
Oct 17 12:55:58.807706 podb-esxi207 dnsmasq-dhcp[2322448]: read /opt/stack/data/neutron/dhcp/6d57fa00-15dd-4372-aefd-9834d8b3db9f/host
Oct 17 12:55:58.807813 podb-esxi207 dnsmasq-dhcp[2322448]: read /opt/stack/data/neutron/dhcp/6d57fa00-15dd-4372-aefd-9834d8b3db9f/opts
Oct 17 12:56:24.485913 podb-esxi207 dnsmasq-dhcp[2322448]: DHCPDISCOVER(tapa296ce82-a3) fa:16:3e:e8:e5:76
Oct 17 12:56:24.485939 podb-esxi207 dnsmasq-dhcp[2322448]: DHCPOFFER(tapa296ce82-a3) 10.1.0.10 fa:16:3e:e8:e5:76
Oct 17 12:56:24.495428 podb-esxi207 dnsmasq-dhcp[2322448]: DHCPREQUEST(tapa296ce82-a3) 10.1.0.10 fa:16:3e:e8:e5:76
Oct 17 12:56:24.495456 podb-esxi207 dnsmasq-dhcp[2322448]: DHCPACK(tapa296ce82-a3) 10.1.0.10 fa:16:3e:e8:e5:76 host-10-1-0-10
Oct 17 12:56:39.265367 podb-esxi207 dnsmasq-dhcp[2319899]: DHCPREQUEST(tap99e3b989-ec) 10.1.0.9 fa:16:3e:bc:4a:2b
Oct 17 12:56:39.265397 podb-esxi207 dnsmasq-dhcp[2319899]: DHCPACK(tap99e3b989-ec) 10.1.0.9 fa:16:3e:bc:4a:2b host-10-1-0-9
Oct 17 12:57:18.093349 podb-esxi207 dnsmasq-dhcp[2319899]: DHCPRELEASE(tap99e3b989-ec) 10.1.0.9 fa:16:3e:bc:4a:2b
Oct 17 12:57:18.110394 podb-esxi207 dnsmasq-dhcp[2319899]: DHCPRELEASE(tap99e3b989-ec) 10.1.0.9 fa:16:3e:bc:4a:2b unknown lease
Oct 17 12:57:18.935643 podb-esxi207 dnsmasq[2319899]: read /opt/stack/data/neutron/dhcp/88597644-785e-4819-b2b6-9f1c9627213e/addn_hosts - 2 names
Oct 17 12:57:18.935768 podb-esxi207 dnsmasq-dhcp[2319899]: read /opt/stack/data/neutron/dhcp/88597644-785e-4819-b2b6-9f1c9627213e/host
Oct 17 12:57:18.935893 podb-esxi207 dnsmasq-dhcp[2319899]: read /opt/stack/data/neutron/dhcp/88597644-785e-4819-b2b6-9f1c9627213e/opts
Oct 17 12:57:24.844084 podb-esxi207 dnsmasq[2319899]: read /opt/stack/data/neutron/dhcp/88597644-785e-4819-b2b6-9f1c9627213e/addn_hosts - 0 names
Oct 17 12:57:24.844110 podb-esxi207 dnsmasq-dhcp[2319899]: read /opt/stack/data/neutron/dhcp/88597644-785e-4819-b2b6-9f1c9627213e/host
Oct 17 12:57:24.844132 podb-esxi207 dnsmasq-dhcp[2319899]: read /opt/stack/data/neutron/dhcp/88597644-785e-4819-b2b6-9f1c9627213e/opts
Oct 17 12:57:25.814604 podb-esxi207 dnsmasq[2319899]: exiting on receipt of SIGTERM
Oct 17 12:57:26.930545 podb-esxi207 dnsmasq[2320154]: read /opt/stack/data/neutron/dhcp/5058d55a-59f6-4609-a798-283429457774/addn_hosts - 0 names
Oct 17 12:57:26.930661 podb-esxi207 dnsmasq-dhcp[2320154]: read /opt/stack/data/neutron/dhcp/5058d55a-59f6-4609-a798-283429457774/host
Oct 17 12:57:26.930758 podb-esxi207 dnsmasq-dhcp[2320154]: read /opt/stack/data/neutron/dhcp/5058d55a-59f6-4609-a798-283429457774/opts
Oct 17 12:57:27.689559 podb-esxi207 dnsmasq[2320154]: exiting on receipt of SIGTERM
Oct 17 12:57:45.102682 podb-esxi207 dnsmasq-dhcp[2322448]: DHCPREQUEST(tapa296ce82-a3) 10.1.0.10 fa:16:3e:e8:e5:76
Oct 17 12:57:45.102714 podb-esxi207 dnsmasq-dhcp[2322448]: DHCPACK(tapa296ce82-a3) 10.1.0.10 fa:16:3e:e8:e5:76 host-10-1-0-10
Oct 17 12:58:56.901776 podb-esxi207 dnsmasq-dhcp[2322448]: DHCPRELEASE(tapa296ce82-a3) 10.1.0.10 fa:16:3e:e8:e5:76
Oct 17 12:58:56.917703 podb-esxi207 dnsmasq-dhcp[2322448]: DHCPRELEASE(tapa296ce82-a3) 10.1.0.10 fa:16:3e:e8:e5:76 unknown lease
Oct 17 12:58:57.742465 podb-esxi207 dnsmasq[2322448]: read /opt/stack/data/neutron/dhcp/6d57fa00-15dd-4372-aefd-9834d8b3db9f/addn_hosts - 2 names
Oct 17 12:58:57.742601 podb-esxi207 dnsmasq-dhcp[2322448]: read /opt/stack/data/neutron/dhcp/6d57fa00-15dd-4372-aefd-9834d8b3db9f/host
Oct 17 12:58:57.742703 podb-esxi207 dnsmasq-dhcp[2322448]: read /opt/stack/data/neutron/dhcp/6d57fa00-15dd-4372-aefd-9834d8b3db9f/opts
Oct 17 12:59:10.788097 podb-esxi207 dnsmasq[2322448]: read /opt/stack/data/neutron/dhcp/6d57fa00-15dd-4372-aefd-9834d8b3db9f/addn_hosts - 4 names
Oct 17 12:59:10.788206 podb-esxi207 dnsmasq-dhcp[2322448]: read /opt/stack/data/neutron/dhcp/6d57fa00-15dd-4372-aefd-9834d8b3db9f/host
Oct 17 12:59:10.788332 podb-esxi207 dnsmasq-dhcp[2322448]: read /opt/stack/data/neutron/dhcp/6d57fa00-15dd-4372-aefd-9834d8b3db9f/opts
Oct 17 12:59:36.059627 podb-esxi207 dnsmasq-dhcp[2322448]: DHCPDISCOVER(tapa296ce82-a3) fa:16:3e:77:89:ba
Oct 17 12:59:36.059657 podb-esxi207 dnsmasq-dhcp[2322448]: DHCPOFFER(tapa296ce82-a3) 10.1.0.9 fa:16:3e:77:89:ba
Oct 17 12:59:36.071690 podb-esxi207 dnsmasq-dhcp[2322448]: DHCPREQUEST(tapa296ce82-a3) 10.1.0.9 fa:16:3e:77:89:ba
Oct 17 12:59:36.071719 podb-esxi207 dnsmasq-dhcp[2322448]: DHCPACK(tapa296ce82-a3) 10.1.0.9 fa:16:3e:77:89:ba host-10-1-0-9
Oct 17 12:59:45.306489 podb-esxi207 dnsmasq[2325930]: started, version 2.90 cachesize 150
Oct 17 12:59:45.306519 podb-esxi207 dnsmasq[2325930]: DNS service limited to local subnets
Oct 17 12:59:45.306535 podb-esxi207 dnsmasq[2325930]: compile time options: IPv6 GNU-getopt DBus no-UBus i18n IDN2 DHCP DHCPv6 no-Lua TFTP conntrack ipset no-nftset auth cryptohash DNSSEC loop-detect inotify dumpfile
Oct 17 12:59:45.306576 podb-esxi207 dnsmasq-dhcp[2325930]: DHCP, static leases only on 10.1.0.0, lease time 1d
Oct 17 12:59:45.306733 podb-esxi207 dnsmasq[2325930]: reading /etc/resolv.conf
Oct 17 12:59:45.306750 podb-esxi207 dnsmasq[2325930]: using nameserver 127.0.0.53#53
Oct 17 12:59:45.306830 podb-esxi207 dnsmasq[2325930]: read /opt/stack/data/neutron/dhcp/7bd90463-8e93-47f4-8752-2c693c3151e3/addn_hosts - 0 names
Oct 17 12:59:45.306882 podb-esxi207 dnsmasq-dhcp[2325930]: read /opt/stack/data/neutron/dhcp/7bd90463-8e93-47f4-8752-2c693c3151e3/host
Oct 17 12:59:45.306947 podb-esxi207 dnsmasq-dhcp[2325930]: read /opt/stack/data/neutron/dhcp/7bd90463-8e93-47f4-8752-2c693c3151e3/opts
Oct 17 12:59:46.854743 podb-esxi207 dnsmasq[2325930]: read /opt/stack/data/neutron/dhcp/7bd90463-8e93-47f4-8752-2c693c3151e3/addn_hosts - 2 names
Oct 17 12:59:46.854823 podb-esxi207 dnsmasq-dhcp[2325930]: read /opt/stack/data/neutron/dhcp/7bd90463-8e93-47f4-8752-2c693c3151e3/host
Oct 17 12:59:46.854934 podb-esxi207 dnsmasq-dhcp[2325930]: read /opt/stack/data/neutron/dhcp/7bd90463-8e93-47f4-8752-2c693c3151e3/opts
Oct 17 12:59:49.871940 podb-esxi207 dnsmasq[2326241]: started, version 2.90 cachesize 150
Oct 17 12:59:49.871969 podb-esxi207 dnsmasq[2326241]: DNS service limited to local subnets
Oct 17 12:59:49.871984 podb-esxi207 dnsmasq[2326241]: compile time options: IPv6 GNU-getopt DBus no-UBus i18n IDN2 DHCP DHCPv6 no-Lua TFTP conntrack ipset no-nftset auth cryptohash DNSSEC loop-detect inotify dumpfile
Oct 17 12:59:49.872038 podb-esxi207 dnsmasq-dhcp[2326241]: DHCP, static leases only on 10.1.0.0, lease time 1d
Oct 17 12:59:49.872197 podb-esxi207 dnsmasq[2326241]: reading /etc/resolv.conf
Oct 17 12:59:49.872213 podb-esxi207 dnsmasq[2326241]: using nameserver 127.0.0.53#53
Oct 17 12:59:49.872299 podb-esxi207 dnsmasq[2326241]: read /opt/stack/data/neutron/dhcp/fccee1b8-93ea-4176-9546-a2d1e72800c5/addn_hosts - 0 names
Oct 17 12:59:49.872350 podb-esxi207 dnsmasq-dhcp[2326241]: read /opt/stack/data/neutron/dhcp/fccee1b8-93ea-4176-9546-a2d1e72800c5/host
Oct 17 12:59:49.872418 podb-esxi207 dnsmasq-dhcp[2326241]: read /opt/stack/data/neutron/dhcp/fccee1b8-93ea-4176-9546-a2d1e72800c5/opts
Oct 17 12:59:50.914244 podb-esxi207 dnsmasq[2325930]: read /opt/stack/data/neutron/dhcp/7bd90463-8e93-47f4-8752-2c693c3151e3/addn_hosts - 2 names
Oct 17 12:59:50.914335 podb-esxi207 dnsmasq-dhcp[2325930]: read /opt/stack/data/neutron/dhcp/7bd90463-8e93-47f4-8752-2c693c3151e3/host
Oct 17 12:59:50.914421 podb-esxi207 dnsmasq-dhcp[2325930]: read /opt/stack/data/neutron/dhcp/7bd90463-8e93-47f4-8752-2c693c3151e3/opts
Oct 17 12:59:52.176342 podb-esxi207 dnsmasq[2326241]: read /opt/stack/data/neutron/dhcp/fccee1b8-93ea-4176-9546-a2d1e72800c5/addn_hosts - 2 names
Oct 17 12:59:52.176452 podb-esxi207 dnsmasq-dhcp[2326241]: read /opt/stack/data/neutron/dhcp/fccee1b8-93ea-4176-9546-a2d1e72800c5/host
Oct 17 12:59:52.176563 podb-esxi207 dnsmasq-dhcp[2326241]: read /opt/stack/data/neutron/dhcp/fccee1b8-93ea-4176-9546-a2d1e72800c5/opts
Oct 17 12:59:53.441288 podb-esxi207 dnsmasq[2325930]: read /opt/stack/data/neutron/dhcp/7bd90463-8e93-47f4-8752-2c693c3151e3/addn_hosts - 2 names
Oct 17 12:59:53.441398 podb-esxi207 dnsmasq-dhcp[2325930]: read /opt/stack/data/neutron/dhcp/7bd90463-8e93-47f4-8752-2c693c3151e3/host
Oct 17 12:59:53.441503 podb-esxi207 dnsmasq-dhcp[2325930]: read /opt/stack/data/neutron/dhcp/7bd90463-8e93-47f4-8752-2c693c3151e3/opts
Oct 17 12:59:54.191393 podb-esxi207 dnsmasq[2326241]: read /opt/stack/data/neutron/dhcp/fccee1b8-93ea-4176-9546-a2d1e72800c5/addn_hosts - 2 names
Oct 17 12:59:54.191503 podb-esxi207 dnsmasq-dhcp[2326241]: read /opt/stack/data/neutron/dhcp/fccee1b8-93ea-4176-9546-a2d1e72800c5/host
Oct 17 12:59:54.191622 podb-esxi207 dnsmasq-dhcp[2326241]: read /opt/stack/data/neutron/dhcp/fccee1b8-93ea-4176-9546-a2d1e72800c5/opts
Oct 17 12:59:55.447725 podb-esxi207 dnsmasq[2326241]: read /opt/stack/data/neutron/dhcp/fccee1b8-93ea-4176-9546-a2d1e72800c5/addn_hosts - 2 names
Oct 17 12:59:55.447845 podb-esxi207 dnsmasq-dhcp[2326241]: read /opt/stack/data/neutron/dhcp/fccee1b8-93ea-4176-9546-a2d1e72800c5/host
Oct 17 12:59:55.447955 podb-esxi207 dnsmasq-dhcp[2326241]: read /opt/stack/data/neutron/dhcp/fccee1b8-93ea-4176-9546-a2d1e72800c5/opts
Oct 17 12:59:56.804913 podb-esxi207 dnsmasq[2325930]: read /opt/stack/data/neutron/dhcp/7bd90463-8e93-47f4-8752-2c693c3151e3/addn_hosts - 4 names
Oct 17 12:59:56.805024 podb-esxi207 dnsmasq-dhcp[2325930]: read /opt/stack/data/neutron/dhcp/7bd90463-8e93-47f4-8752-2c693c3151e3/host
Oct 17 12:59:56.805093 podb-esxi207 dnsmasq-dhcp[2325930]: read /opt/stack/data/neutron/dhcp/7bd90463-8e93-47f4-8752-2c693c3151e3/opts
Oct 17 13:00:21.026894 podb-esxi207 dnsmasq-dhcp[2325930]: DHCPDISCOVER(tape832b30a-9f) fa:16:3e:77:38:8a
Oct 17 13:00:21.026918 podb-esxi207 dnsmasq-dhcp[2325930]: DHCPOFFER(tape832b30a-9f) 10.1.0.7 fa:16:3e:77:38:8a
Oct 17 13:00:21.037837 podb-esxi207 dnsmasq-dhcp[2325930]: DHCPREQUEST(tape832b30a-9f) 10.1.0.7 fa:16:3e:77:38:8a
Oct 17 13:00:21.037849 podb-esxi207 dnsmasq-dhcp[2325930]: DHCPACK(tape832b30a-9f) 10.1.0.7 fa:16:3e:77:38:8a host-10-1-0-7
Oct 17 13:00:34.069480 podb-esxi207 dnsmasq-dhcp[2322448]: DHCPREQUEST(tapa296ce82-a3) 10.1.0.9 fa:16:3e:77:89:ba
Oct 17 13:00:34.069513 podb-esxi207 dnsmasq-dhcp[2322448]: DHCPACK(tapa296ce82-a3) 10.1.0.9 fa:16:3e:77:89:ba host-10-1-0-9
Oct 17 13:01:42.926989 podb-esxi207 dnsmasq-dhcp[2322448]: DHCPRELEASE(tapa296ce82-a3) 10.1.0.9 fa:16:3e:77:89:ba
Oct 17 13:01:42.943399 podb-esxi207 dnsmasq-dhcp[2322448]: DHCPRELEASE(tapa296ce82-a3) 10.1.0.9 fa:16:3e:77:89:ba unknown lease
Oct 17 13:01:43.767651 podb-esxi207 dnsmasq[2322448]: read /opt/stack/data/neutron/dhcp/6d57fa00-15dd-4372-aefd-9834d8b3db9f/addn_hosts - 2 names
Oct 17 13:01:43.767744 podb-esxi207 dnsmasq-dhcp[2322448]: read /opt/stack/data/neutron/dhcp/6d57fa00-15dd-4372-aefd-9834d8b3db9f/host
Oct 17 13:01:43.767862 podb-esxi207 dnsmasq-dhcp[2322448]: read /opt/stack/data/neutron/dhcp/6d57fa00-15dd-4372-aefd-9834d8b3db9f/opts
Oct 17 13:01:49.044558 podb-esxi207 dnsmasq[2322448]: read /opt/stack/data/neutron/dhcp/6d57fa00-15dd-4372-aefd-9834d8b3db9f/addn_hosts - 0 names
Oct 17 13:01:49.044662 podb-esxi207 dnsmasq-dhcp[2322448]: read /opt/stack/data/neutron/dhcp/6d57fa00-15dd-4372-aefd-9834d8b3db9f/host
Oct 17 13:01:49.044758 podb-esxi207 dnsmasq-dhcp[2322448]: read /opt/stack/data/neutron/dhcp/6d57fa00-15dd-4372-aefd-9834d8b3db9f/opts
Oct 17 13:01:49.804607 podb-esxi207 dnsmasq[2325930]: read /opt/stack/data/neutron/dhcp/7bd90463-8e93-47f4-8752-2c693c3151e3/addn_hosts - 6 names
Oct 17 13:01:49.804791 podb-esxi207 dnsmasq-dhcp[2325930]: read /opt/stack/data/neutron/dhcp/7bd90463-8e93-47f4-8752-2c693c3151e3/host
Oct 17 13:01:49.804905 podb-esxi207 dnsmasq-dhcp[2325930]: read /opt/stack/data/neutron/dhcp/7bd90463-8e93-47f4-8752-2c693c3151e3/opts
Oct 17 13:01:50.601084 podb-esxi207 dnsmasq[2322448]: exiting on receipt of SIGTERM
Oct 17 13:01:51.222627 podb-esxi207 dnsmasq-dhcp[2322760]: DHCPRELEASE(tapca575303-29) 10.1.0.1 fa:16:3e:6a:07:ee
