Sep 04 09:31:28.674014 devstack-u2204-93-57 dnsmasq-dhcp[26849]: read /opt/stack/data/neutron/dhcp/488d5ed0-141e-47b5-b434-29561e510537/opts
Sep 04 09:31:29.570546 devstack-u2204-93-57 dnsmasq-dhcp[16930]: DHCPREQUEST(tapfd223130-b5) 10.1.0.11 fa:16:3e:6b:c2:16
Sep 04 09:31:29.570562 devstack-u2204-93-57 dnsmasq-dhcp[16930]: DHCPACK(tapfd223130-b5) 10.1.0.11 fa:16:3e:6b:c2:16 host-10-1-0-11
Sep 04 09:31:29.997573 devstack-u2204-93-57 dnsmasq[27185]: read /opt/stack/data/neutron/dhcp/dc032e47-08fc-499b-af44-1510cfb36bb8/addn_hosts - 2 names
Sep 04 09:31:29.997638 devstack-u2204-93-57 dnsmasq-dhcp[27185]: read /opt/stack/data/neutron/dhcp/dc032e47-08fc-499b-af44-1510cfb36bb8/host
Sep 04 09:31:29.997689 devstack-u2204-93-57 dnsmasq-dhcp[27185]: read /opt/stack/data/neutron/dhcp/dc032e47-08fc-499b-af44-1510cfb36bb8/opts
Sep 04 09:31:30.769267 devstack-u2204-93-57 dnsmasq[26346]: read /opt/stack/data/neutron/dhcp/907f789b-263e-4cf0-84f5-b5e8513922f2/addn_hosts - 4 names
Sep 04 09:31:30.769387 devstack-u2204-93-57 dnsmasq-dhcp[26346]: read /opt/stack/data/neutron/dhcp/907f789b-263e-4cf0-84f5-b5e8513922f2/host
Sep 04 09:31:30.769467 devstack-u2204-93-57 dnsmasq-dhcp[26346]: read /opt/stack/data/neutron/dhcp/907f789b-263e-4cf0-84f5-b5e8513922f2/opts
Sep 04 09:31:56.553850 devstack-u2204-93-57 dnsmasq-dhcp[23418]: DHCPDISCOVER(tap9c34286a-b7) fa:16:3e:f9:c2:45
Sep 04 09:31:56.553880 devstack-u2204-93-57 dnsmasq-dhcp[23418]: DHCPOFFER(tap9c34286a-b7) 10.1.0.8 fa:16:3e:f9:c2:45
Sep 04 09:31:56.566988 devstack-u2204-93-57 dnsmasq-dhcp[23418]: DHCPREQUEST(tap9c34286a-b7) 10.1.0.8 fa:16:3e:f9:c2:45
Sep 04 09:31:56.567011 devstack-u2204-93-57 dnsmasq-dhcp[23418]: DHCPACK(tap9c34286a-b7) 10.1.0.8 fa:16:3e:f9:c2:45 host-10-1-0-8
Sep 04 09:31:58.491175 devstack-u2204-93-57 dnsmasq-dhcp[13557]: DHCPRELEASE(tapefc89479-49) 10.1.0.12 fa:16:3e:0a:51:ec
Sep 04 09:31:58.510415 devstack-u2204-93-57 dnsmasq-dhcp[13557]: DHCPRELEASE(tapefc89479-49) 10.1.0.12 fa:16:3e:0a:51:ec unknown lease
Sep 04 09:31:59.343712 devstack-u2204-93-57 dnsmasq[13557]: read /opt/stack/data/neutron/dhcp/22bcbf1f-3b83-42e3-be73-82bad42c2f54/addn_hosts - 2 names
Sep 04 09:31:59.343774 devstack-u2204-93-57 dnsmasq-dhcp[13557]: read /opt/stack/data/neutron/dhcp/22bcbf1f-3b83-42e3-be73-82bad42c2f54/host
Sep 04 09:31:59.343817 devstack-u2204-93-57 dnsmasq-dhcp[13557]: read /opt/stack/data/neutron/dhcp/22bcbf1f-3b83-42e3-be73-82bad42c2f54/opts
Sep 04 09:31:59.410038 devstack-u2204-93-57 dnsmasq-dhcp[8629]: DHCPDISCOVER(tap0d411e66-e6) fa:16:3e:47:04:e8
Sep 04 09:31:59.410082 devstack-u2204-93-57 dnsmasq-dhcp[8629]: DHCPOFFER(tap0d411e66-e6) 10.1.0.10 fa:16:3e:47:04:e8
Sep 04 09:31:59.439104 devstack-u2204-93-57 dnsmasq-dhcp[8629]: DHCPREQUEST(tap0d411e66-e6) 10.1.0.10 fa:16:3e:47:04:e8
Sep 04 09:31:59.439161 devstack-u2204-93-57 dnsmasq-dhcp[8629]: DHCPACK(tap0d411e66-e6) 10.1.0.10 fa:16:3e:47:04:e8 host-10-1-0-10
Sep 04 09:32:04.077383 devstack-u2204-93-57 dnsmasq-dhcp[15740]: DHCPDISCOVER(tapf8d2c1f4-d2) fa:16:3e:7a:a2:5b
Sep 04 09:32:04.077434 devstack-u2204-93-57 dnsmasq-dhcp[15740]: DHCPOFFER(tapf8d2c1f4-d2) 10.1.0.13 fa:16:3e:7a:a2:5b
Sep 04 09:32:04.096250 devstack-u2204-93-57 dnsmasq-dhcp[15740]: DHCPREQUEST(tapf8d2c1f4-d2) 10.1.0.13 fa:16:3e:7a:a2:5b
Sep 04 09:32:04.096314 devstack-u2204-93-57 dnsmasq-dhcp[15740]: DHCPACK(tapf8d2c1f4-d2) 10.1.0.13 fa:16:3e:7a:a2:5b host-10-1-0-13
Sep 04 09:32:04.506366 devstack-u2204-93-57 dnsmasq-dhcp[26346]: DHCPDISCOVER(tap4c8c047b-c5) fa:16:3e:88:bd:b2
Sep 04 09:32:04.506417 devstack-u2204-93-57 dnsmasq-dhcp[26346]: DHCPOFFER(tap4c8c047b-c5) 10.1.0.9 fa:16:3e:88:bd:b2
Sep 04 09:32:04.519441 devstack-u2204-93-57 dnsmasq-dhcp[26346]: DHCPREQUEST(tap4c8c047b-c5) 10.1.0.9 fa:16:3e:88:bd:b2
Sep 04 09:32:04.519463 devstack-u2204-93-57 dnsmasq-dhcp[26346]: DHCPACK(tap4c8c047b-c5) 10.1.0.9 fa:16:3e:88:bd:b2 host-10-1-0-9
Sep 04 09:32:06.405501 devstack-u2204-93-57 dnsmasq[21606]: read /opt/stack/data/neutron/dhcp/3a7df87c-1ffd-413c-b280-dbcf32156f0e/addn_hosts - 4 names
Sep 04 09:32:06.405670 devstack-u2204-93-57 dnsmasq-dhcp[21606]: read /opt/stack/data/neutron/dhcp/3a7df87c-1ffd-413c-b280-dbcf32156f0e/host
Sep 04 09:32:06.405806 devstack-u2204-93-57 dnsmasq-dhcp[21606]: read /opt/stack/data/neutron/dhcp/3a7df87c-1ffd-413c-b280-dbcf32156f0e/opts
Sep 04 09:32:08.880972 devstack-u2204-93-57 dnsmasq-dhcp[16930]: DHCPRELEASE(tapfd223130-b5) 10.1.0.11 fa:16:3e:6b:c2:16
Sep 04 09:32:08.899841 devstack-u2204-93-57 dnsmasq-dhcp[16930]: DHCPRELEASE(tapfd223130-b5) 10.1.0.11 fa:16:3e:6b:c2:16 unknown lease
Sep 04 09:32:09.723982 devstack-u2204-93-57 dnsmasq[16930]: read /opt/stack/data/neutron/dhcp/38e34d1a-a1b6-4860-8ae6-1ad713d02e6b/addn_hosts - 2 names
Sep 04 09:32:09.724041 devstack-u2204-93-57 dnsmasq-dhcp[16930]: read /opt/stack/data/neutron/dhcp/38e34d1a-a1b6-4860-8ae6-1ad713d02e6b/host
Sep 04 09:32:09.724126 devstack-u2204-93-57 dnsmasq-dhcp[16930]: read /opt/stack/data/neutron/dhcp/38e34d1a-a1b6-4860-8ae6-1ad713d02e6b/opts
Sep 04 09:32:20.052912 devstack-u2204-93-57 dnsmasq-dhcp[13557]: DHCPRELEASE(tapefc89479-49) 10.1.0.1 fa:16:3e:4c:af:53
Sep 04 09:32:20.883657 devstack-u2204-93-57 dnsmasq[13557]: read /opt/stack/data/neutron/dhcp/22bcbf1f-3b83-42e3-be73-82bad42c2f54/addn_hosts - 0 names
Sep 04 09:32:20.883744 devstack-u2204-93-57 dnsmasq-dhcp[13557]: read /opt/stack/data/neutron/dhcp/22bcbf1f-3b83-42e3-be73-82bad42c2f54/host
Sep 04 09:32:20.883818 devstack-u2204-93-57 dnsmasq-dhcp[13557]: read /opt/stack/data/neutron/dhcp/22bcbf1f-3b83-42e3-be73-82bad42c2f54/opts
Sep 04 09:32:22.226231 devstack-u2204-93-57 dnsmasq[13557]: exiting on receipt of SIGTERM
Sep 04 09:32:35.082886 devstack-u2204-93-57 dnsmasq-dhcp[16930]: DHCPRELEASE(tapfd223130-b5) 10.1.0.1 fa:16:3e:0b:09:69
Sep 04 09:32:35.911482 devstack-u2204-93-57 dnsmasq[16930]: read /opt/stack/data/neutron/dhcp/38e34d1a-a1b6-4860-8ae6-1ad713d02e6b/addn_hosts - 0 names
Sep 04 09:32:35.911544 devstack-u2204-93-57 dnsmasq-dhcp[16930]: read /opt/stack/data/neutron/dhcp/38e34d1a-a1b6-4860-8ae6-1ad713d02e6b/host
Sep 04 09:32:35.911782 devstack-u2204-93-57 dnsmasq-dhcp[16930]: read /opt/stack/data/neutron/dhcp/38e34d1a-a1b6-4860-8ae6-1ad713d02e6b/opts
Sep 04 09:32:36.732605 devstack-u2204-93-57 dnsmasq[16930]: exiting on receipt of SIGTERM
Sep 04 09:32:40.063917 devstack-u2204-93-57 dnsmasq-dhcp[21606]: DHCPDISCOVER(tapd2e21926-6d) fa:16:3e:22:fb:f3
Sep 04 09:32:40.063932 devstack-u2204-93-57 dnsmasq-dhcp[21606]: DHCPOFFER(tapd2e21926-6d) 10.1.0.10 fa:16:3e:22:fb:f3
Sep 04 09:32:40.083654 devstack-u2204-93-57 dnsmasq-dhcp[21606]: DHCPREQUEST(tapd2e21926-6d) 10.1.0.10 fa:16:3e:22:fb:f3
Sep 04 09:32:40.083700 devstack-u2204-93-57 dnsmasq-dhcp[21606]: DHCPACK(tapd2e21926-6d) 10.1.0.10 fa:16:3e:22:fb:f3 host-10-1-0-10
Sep 04 09:32:41.153024 devstack-u2204-93-57 dnsmasq-dhcp[8629]: DHCPRELEASE(tap0d411e66-e6) 10.1.0.10 fa:16:3e:47:04:e8
Sep 04 09:32:41.172565 devstack-u2204-93-57 dnsmasq-dhcp[8629]: DHCPRELEASE(tap0d411e66-e6) 10.1.0.10 fa:16:3e:47:04:e8 unknown lease
Sep 04 09:32:42.003466 devstack-u2204-93-57 dnsmasq[8629]: read /opt/stack/data/neutron/dhcp/4e110d46-b456-4124-be0b-480510dc1582/addn_hosts - 4 names
Sep 04 09:32:42.003562 devstack-u2204-93-57 dnsmasq-dhcp[8629]: read /opt/stack/data/neutron/dhcp/4e110d46-b456-4124-be0b-480510dc1582/host
Sep 04 09:32:42.003657 devstack-u2204-93-57 dnsmasq-dhcp[8629]: read /opt/stack/data/neutron/dhcp/4e110d46-b456-4124-be0b-480510dc1582/opts
Sep 04 09:32:44.044677 devstack-u2204-93-57 dnsmasq[2842]: read /opt/stack/data/neutron/dhcp/d178761a-342a-4ec0-b817-5b72eb923613/addn_hosts - 2 names
Sep 04 09:32:44.046409 devstack-u2204-93-57 dnsmasq-dhcp[2842]: read /opt/stack/data/neutron/dhcp/d178761a-342a-4ec0-b817-5b72eb923613/host
Sep 04 09:32:44.046449 devstack-u2204-93-57 dnsmasq-dhcp[2842]: read /opt/stack/data/neutron/dhcp/d178761a-342a-4ec0-b817-5b72eb923613/opts
Sep 04 09:32:44.951792 devstack-u2204-93-57 dnsmasq-dhcp[23418]: DHCPRELEASE(tap9c34286a-b7) 10.1.0.8 fa:16:3e:f9:c2:45
Sep 04 09:32:44.971267 devstack-u2204-93-57 dnsmasq-dhcp[23418]: DHCPRELEASE(tap9c34286a-b7) 10.1.0.8 fa:16:3e:f9:c2:45 unknown lease
Sep 04 09:32:45.805154 devstack-u2204-93-57 dnsmasq[23418]: read /opt/stack/data/neutron/dhcp/8fd167e0-eada-4c2f-98ff-366787d64b38/addn_hosts - 2 names
Sep 04 09:32:45.805256 devstack-u2204-93-57 dnsmasq-dhcp[23418]: read /opt/stack/data/neutron/dhcp/8fd167e0-eada-4c2f-98ff-366787d64b38/host
Sep 04 09:32:45.805347 devstack-u2204-93-57 dnsmasq-dhcp[23418]: read /opt/stack/data/neutron/dhcp/8fd167e0-eada-4c2f-98ff-366787d64b38/opts
Sep 04 09:32:46.662731 devstack-u2204-93-57 dnsmasq[26849]: read /opt/stack/data/neutron/dhcp/488d5ed0-141e-47b5-b434-29561e510537/addn_hosts - 4 names
Sep 04 09:32:46.662812 devstack-u2204-93-57 dnsmasq-dhcp[26849]: read /opt/stack/data/neutron/dhcp/488d5ed0-141e-47b5-b434-29561e510537/host
Sep 04 09:32:46.662866 devstack-u2204-93-57 dnsmasq-dhcp[26849]: read /opt/stack/data/neutron/dhcp/488d5ed0-141e-47b5-b434-29561e510537/opts
Sep 04 09:32:47.525712 devstack-u2204-93-57 dnsmasq-dhcp[15740]: DHCPRELEASE(tapf8d2c1f4-d2) 10.1.0.13 fa:16:3e:7a:a2:5b
Sep 04 09:32:47.548971 devstack-u2204-93-57 dnsmasq-dhcp[15740]: DHCPRELEASE(tapf8d2c1f4-d2) 10.1.0.13 fa:16:3e:7a:a2:5b unknown lease
Sep 04 09:32:48.379361 devstack-u2204-93-57 dnsmasq[15740]: read /opt/stack/data/neutron/dhcp/cea2e9c2-d29f-4725-9150-81011f6957de/addn_hosts - 4 names
Sep 04 09:32:48.379474 devstack-u2204-93-57 dnsmasq-dhcp[15740]: read /opt/stack/data/neutron/dhcp/cea2e9c2-d29f-4725-9150-81011f6957de/host
Sep 04 09:32:48.379564 devstack-u2204-93-57 dnsmasq-dhcp[15740]: read /opt/stack/data/neutron/dhcp/cea2e9c2-d29f-4725-9150-81011f6957de/opts
Sep 04 09:33:03.219618 devstack-u2204-93-57 dnsmasq[2842]: read /opt/stack/data/neutron/dhcp/d178761a-342a-4ec0-b817-5b72eb923613/addn_hosts - 0 names
Sep 04 09:33:03.219717 devstack-u2204-93-57 dnsmasq-dhcp[2842]: read /opt/stack/data/neutron/dhcp/d178761a-342a-4ec0-b817-5b72eb923613/host
Sep 04 09:33:03.219816 devstack-u2204-93-57 dnsmasq-dhcp[2842]: read /opt/stack/data/neutron/dhcp/d178761a-342a-4ec0-b817-5b72eb923613/opts
Sep 04 09:33:05.351537 devstack-u2204-93-57 dnsmasq[23418]: read /opt/stack/data/neutron/dhcp/8fd167e0-eada-4c2f-98ff-366787d64b38/addn_hosts - 0 names
Sep 04 09:33:05.351586 devstack-u2204-93-57 dnsmasq-dhcp[23418]: read /opt/stack/data/neutron/dhcp/8fd167e0-eada-4c2f-98ff-366787d64b38/host
Sep 04 09:33:05.351628 devstack-u2204-93-57 dnsmasq-dhcp[23418]: read /opt/stack/data/neutron/dhcp/8fd167e0-eada-4c2f-98ff-366787d64b38/opts
Sep 04 09:33:06.773821 devstack-u2204-93-57 dnsmasq[23418]: exiting on receipt of SIGTERM
Sep 04 09:33:29.954114 devstack-u2204-93-57 dnsmasq-dhcp[8629]: DHCPRELEASE(tap0d411e66-e6) 10.1.0.11 fa:16:3e:0e:7c:96
Sep 04 09:33:29.979373 devstack-u2204-93-57 dnsmasq-dhcp[8629]: DHCPRELEASE(tap0d411e66-e6) 10.1.0.11 fa:16:3e:0e:7c:96 unknown lease
Sep 04 09:33:30.798845 devstack-u2204-93-57 dnsmasq[8629]: read /opt/stack/data/neutron/dhcp/4e110d46-b456-4124-be0b-480510dc1582/addn_hosts - 2 names
Sep 04 09:33:30.798895 devstack-u2204-93-57 dnsmasq-dhcp[8629]: read /opt/stack/data/neutron/dhcp/4e110d46-b456-4124-be0b-480510dc1582/host
Sep 04 09:33:30.798935 devstack-u2204-93-57 dnsmasq-dhcp[8629]: read /opt/stack/data/neutron/dhcp/4e110d46-b456-4124-be0b-480510dc1582/opts
Sep 04 09:33:33.376449 devstack-u2204-93-57 dnsmasq-dhcp[15740]: DHCPRELEASE(tapf8d2c1f4-d2) 10.1.0.8 fa:16:3e:77:ae:2a
Sep 04 09:33:33.398530 devstack-u2204-93-57 dnsmasq-dhcp[15740]: DHCPRELEASE(tapf8d2c1f4-d2) 10.1.0.8 fa:16:3e:77:ae:2a unknown lease
Sep 04 09:33:34.228606 devstack-u2204-93-57 dnsmasq[15740]: read /opt/stack/data/neutron/dhcp/cea2e9c2-d29f-4725-9150-81011f6957de/addn_hosts - 2 names
Sep 04 09:33:34.228718 devstack-u2204-93-57 dnsmasq-dhcp[15740]: read /opt/stack/data/neutron/dhcp/cea2e9c2-d29f-4725-9150-81011f6957de/host
Sep 04 09:33:34.228830 devstack-u2204-93-57 dnsmasq-dhcp[15740]: read /opt/stack/data/neutron/dhcp/cea2e9c2-d29f-4725-9150-81011f6957de/opts
Sep 04 09:33:39.313378 devstack-u2204-93-57 dnsmasq-dhcp[15740]: DHCPRELEASE(tapf8d2c1f4-d2) 10.1.0.1 fa:16:3e:50:79:2c
Sep 04 09:33:40.140400 devstack-u2204-93-57 dnsmasq[15740]: read /opt/stack/data/neutron/dhcp/cea2e9c2-d29f-4725-9150-81011f6957de/addn_hosts - 0 names
Sep 04 09:33:40.140494 devstack-u2204-93-57 dnsmasq-dhcp[15740]: read /opt/stack/data/neutron/dhcp/cea2e9c2-d29f-4725-9150-81011f6957de/host
Sep 04 09:33:40.140597 devstack-u2204-93-57 dnsmasq-dhcp[15740]: read /opt/stack/data/neutron/dhcp/cea2e9c2-d29f-4725-9150-81011f6957de/opts
Sep 04 09:33:40.999035 devstack-u2204-93-57 dnsmasq[15740]: exiting on receipt of SIGTERM
Sep 04 09:33:46.144187 devstack-u2204-93-57 dnsmasq[29433]: started, version 2.90 cachesize 150
Sep 04 09:33:46.144218 devstack-u2204-93-57 dnsmasq[29433]: DNS service limited to local subnets
Sep 04 09:33:46.144234 devstack-u2204-93-57 dnsmasq[29433]: compile time options: IPv6 GNU-getopt DBus no-UBus i18n IDN2 DHCP DHCPv6 no-Lua TFTP conntrack ipset no-nftset auth cryptohash DNSSEC loop-detect inotify dumpfile
Sep 04 09:33:46.144277 devstack-u2204-93-57 dnsmasq-dhcp[29433]: DHCP, static leases only on 10.1.0.0, lease time 1d
Sep 04 09:33:46.144444 devstack-u2204-93-57 dnsmasq[29433]: reading /etc/resolv.conf
Sep 04 09:33:46.144460 devstack-u2204-93-57 dnsmasq[29433]: using nameserver 127.0.0.53#53
Sep 04 09:33:46.144538 devstack-u2204-93-57 dnsmasq[29433]: read /opt/stack/data/neutron/dhcp/9552491f-d009-4d0c-98f7-f600c929c1aa/addn_hosts - 0 names
Sep 04 09:33:46.144587 devstack-u2204-93-57 dnsmasq-dhcp[29433]: read /opt/stack/data/neutron/dhcp/9552491f-d009-4d0c-98f7-f600c929c1aa/host
Sep 04 09:33:46.144644 devstack-u2204-93-57 dnsmasq-dhcp[29433]: read /opt/stack/data/neutron/dhcp/9552491f-d009-4d0c-98f7-f600c929c1aa/opts
Sep 04 09:33:47.705116 devstack-u2204-93-57 dnsmasq[29433]: read /opt/stack/data/neutron/dhcp/9552491f-d009-4d0c-98f7-f600c929c1aa/addn_hosts - 2 names
Sep 04 09:33:47.705209 devstack-u2204-93-57 dnsmasq-dhcp[29433]: read /opt/stack/data/neutron/dhcp/9552491f-d009-4d0c-98f7-f600c929c1aa/host
Sep 04 09:33:47.705332 devstack-u2204-93-57 dnsmasq-dhcp[29433]: read /opt/stack/data/neutron/dhcp/9552491f-d009-4d0c-98f7-f600c929c1aa/opts
Sep 04 09:33:49.100137 devstack-u2204-93-57 dnsmasq[29433]: read /opt/stack/data/neutron/dhcp/9552491f-d009-4d0c-98f7-f600c929c1aa/addn_hosts - 2 names
Sep 04 09:33:49.100260 devstack-u2204-93-57 dnsmasq-dhcp[29433]: read /opt/stack/data/neutron/dhcp/9552491f-d009-4d0c-98f7-f600c929c1aa/host
Sep 04 09:33:49.100402 devstack-u2204-93-57 dnsmasq-dhcp[29433]: read /opt/stack/data/neutron/dhcp/9552491f-d009-4d0c-98f7-f600c929c1aa/opts
Sep 04 09:33:50.508138 devstack-u2204-93-57 dnsmasq[29433]: read /opt/stack/data/neutron/dhcp/9552491f-d009-4d0c-98f7-f600c929c1aa/addn_hosts - 2 names
Sep 04 09:33:50.508249 devstack-u2204-93-57 dnsmasq-dhcp[29433]: read /opt/stack/data/neutron/dhcp/9552491f-d009-4d0c-98f7-f600c929c1aa/host
Sep 04 09:33:50.508364 devstack-u2204-93-57 dnsmasq-dhcp[29433]: read /opt/stack/data/neutron/dhcp/9552491f-d009-4d0c-98f7-f600c929c1aa/opts
Sep 04 09:33:52.517703 devstack-u2204-93-57 dnsmasq[29433]: read /opt/stack/data/neutron/dhcp/9552491f-d009-4d0c-98f7-f600c929c1aa/addn_hosts - 4 names
Sep 04 09:33:52.517834 devstack-u2204-93-57 dnsmasq-dhcp[29433]: read /opt/stack/data/neutron/dhcp/9552491f-d009-4d0c-98f7-f600c929c1aa/host
Sep 04 09:33:52.517953 devstack-u2204-93-57 dnsmasq-dhcp[29433]: read /opt/stack/data/neutron/dhcp/9552491f-d009-4d0c-98f7-f600c929c1aa/opts
Sep 04 09:33:52.717748 devstack-u2204-93-57 dnsmasq-dhcp[26849]: DHCPDISCOVER(tapcceedfbb-4f) fa:16:3e:13:11:69
Sep 04 09:33:52.717779 devstack-u2204-93-57 dnsmasq-dhcp[26849]: DHCPOFFER(tapcceedfbb-4f) 10.1.0.4 fa:16:3e:13:11:69
Sep 04 09:33:52.733897 devstack-u2204-93-57 dnsmasq-dhcp[26849]: DHCPREQUEST(tapcceedfbb-4f) 10.1.0.4 fa:16:3e:13:11:69
Sep 04 09:33:52.733958 devstack-u2204-93-57 dnsmasq-dhcp[26849]: DHCPACK(tapcceedfbb-4f) 10.1.0.4 fa:16:3e:13:11:69 host-10-1-0-4
Sep 04 09:34:16.226766 devstack-u2204-93-57 dnsmasq-dhcp[26346]: DHCPRELEASE(tap4c8c047b-c5) 10.1.0.9 fa:16:3e:88:bd:b2
Sep 04 09:34:16.243307 devstack-u2204-93-57 dnsmasq-dhcp[26346]: DHCPRELEASE(tap4c8c047b-c5) 10.1.0.9 fa:16:3e:88:bd:b2 unknown lease
Sep 04 09:34:17.074212 devstack-u2204-93-57 dnsmasq[26346]: read /opt/stack/data/neutron/dhcp/907f789b-263e-4cf0-84f5-b5e8513922f2/addn_hosts - 2 names
Sep 04 09:34:17.074355 devstack-u2204-93-57 dnsmasq-dhcp[26346]: read /opt/stack/data/neutron/dhcp/907f789b-263e-4cf0-84f5-b5e8513922f2/host
Sep 04 09:34:17.074448 devstack-u2204-93-57 dnsmasq-dhcp[26346]: read /opt/stack/data/neutron/dhcp/907f789b-263e-4cf0-84f5-b5e8513922f2/opts
Sep 04 09:34:19.093645 devstack-u2204-93-57 dnsmasq[29433]: read /opt/stack/data/neutron/dhcp/9552491f-d009-4d0c-98f7-f600c929c1aa/addn_hosts - 6 names
Sep 04 09:34:19.093751 devstack-u2204-93-57 dnsmasq-dhcp[29433]: read /opt/stack/data/neutron/dhcp/9552491f-d009-4d0c-98f7-f600c929c1aa/host
Sep 04 09:34:19.093828 devstack-u2204-93-57 dnsmasq-dhcp[29433]: read /opt/stack/data/neutron/dhcp/9552491f-d009-4d0c-98f7-f600c929c1aa/opts
Sep 04 09:34:22.315695 devstack-u2204-93-57 dnsmasq[26346]: read /opt/stack/data/neutron/dhcp/907f789b-263e-4cf0-84f5-b5e8513922f2/addn_hosts - 0 names
Sep 04 09:34:22.316250 devstack-u2204-93-57 dnsmasq-dhcp[26346]: read /opt/stack/data/neutron/dhcp/907f789b-263e-4cf0-84f5-b5e8513922f2/host
Sep 04 09:34:22.316406 devstack-u2204-93-57 dnsmasq-dhcp[26346]: read /opt/stack/data/neutron/dhcp/907f789b-263e-4cf0-84f5-b5e8513922f2/opts
Sep 04 09:34:23.913066 devstack-u2204-93-57 dnsmasq[26346]: exiting on receipt of SIGTERM
Sep 04 09:34:25.171340 devstack-u2204-93-57 dnsmasq[26633]: read /opt/stack/data/neutron/dhcp/73d4541c-ef49-4749-9380-c5f4c5dc85c6/addn_hosts - 0 names
Sep 04 09:34:25.171441 devstack-u2204-93-57 dnsmasq-dhcp[26633]: read /opt/stack/data/neutron/dhcp/73d4541c-ef49-4749-9380-c5f4c5dc85c6/host
Sep 04 09:34:25.171516 devstack-u2204-93-57 dnsmasq-dhcp[26633]: read /opt/stack/data/neutron/dhcp/73d4541c-ef49-4749-9380-c5f4c5dc85c6/opts
Sep 04 09:34:25.896731 devstack-u2204-93-57 dnsmasq-dhcp[29433]: DHCPDISCOVER(tap79ad7182-7b) fa:16:3e:3f:0e:51
Sep 04 09:34:25.896785 devstack-u2204-93-57 dnsmasq-dhcp[29433]: DHCPOFFER(tap79ad7182-7b) 10.1.0.5 fa:16:3e:3f:0e:51
Sep 04 09:34:25.917087 devstack-u2204-93-57 dnsmasq-dhcp[29433]: DHCPREQUEST(tap79ad7182-7b) 10.1.0.5 fa:16:3e:3f:0e:51
Sep 04 09:34:25.917143 devstack-u2204-93-57 dnsmasq-dhcp[29433]: DHCPACK(tap79ad7182-7b) 10.1.0.5 fa:16:3e:3f:0e:51 host-10-1-0-5
Sep 04 09:34:26.738041 devstack-u2204-93-57 dnsmasq[26633]: exiting on receipt of SIGTERM
Sep 04 09:34:28.130905 devstack-u2204-93-57 dnsmasq[8629]: read /opt/stack/data/neutron/dhcp/4e110d46-b456-4124-be0b-480510dc1582/addn_hosts - 4 names
Sep 04 09:34:28.130978 devstack-u2204-93-57 dnsmasq-dhcp[8629]: read /opt/stack/data/neutron/dhcp/4e110d46-b456-4124-be0b-480510dc1582/host
Sep 04 09:34:28.131036 devstack-u2204-93-57 dnsmasq-dhcp[8629]: read /opt/stack/data/neutron/dhcp/4e110d46-b456-4124-be0b-480510dc1582/opts
Sep 04 09:34:33.168869 devstack-u2204-93-57 dnsmasq[30163]: started, version 2.90 cachesize 150
Sep 04 09:34:33.169198 devstack-u2204-93-57 dnsmasq[30163]: DNS service limited to local subnets
Sep 04 09:34:33.169210 devstack-u2204-93-57 dnsmasq[30163]: compile time options: IPv6 GNU-getopt DBus no-UBus i18n IDN2 DHCP DHCPv6 no-Lua TFTP conntrack ipset no-nftset auth cryptohash DNSSEC loop-detect inotify dumpfile
Sep 04 09:34:33.169243 devstack-u2204-93-57 dnsmasq-dhcp[30163]: DHCP, static leases only on 10.1.0.0, lease time 1d
Sep 04 09:34:33.169352 devstack-u2204-93-57 dnsmasq[30163]: reading /etc/resolv.conf
Sep 04 09:34:33.169363 devstack-u2204-93-57 dnsmasq[30163]: using nameserver 127.0.0.53#53
Sep 04 09:34:33.169419 devstack-u2204-93-57 dnsmasq[30163]: read /opt/stack/data/neutron/dhcp/1b267525-9b7d-4f0c-b3a0-db414d139ae6/addn_hosts - 0 names
Sep 04 09:34:33.169455 devstack-u2204-93-57 dnsmasq-dhcp[30163]: read /opt/stack/data/neutron/dhcp/1b267525-9b7d-4f0c-b3a0-db414d139ae6/host
Sep 04 09:34:33.169495 devstack-u2204-93-57 dnsmasq-dhcp[30163]: read /opt/stack/data/neutron/dhcp/1b267525-9b7d-4f0c-b3a0-db414d139ae6/opts
Sep 04 09:34:34.719204 devstack-u2204-93-57 dnsmasq[30163]: read /opt/stack/data/neutron/dhcp/1b267525-9b7d-4f0c-b3a0-db414d139ae6/addn_hosts - 2 names
Sep 04 09:34:34.719314 devstack-u2204-93-57 dnsmasq-dhcp[30163]: read /opt/stack/data/neutron/dhcp/1b267525-9b7d-4f0c-b3a0-db414d139ae6/host
Sep 04 09:34:34.719417 devstack-u2204-93-57 dnsmasq-dhcp[30163]: read /opt/stack/data/neutron/dhcp/1b267525-9b7d-4f0c-b3a0-db414d139ae6/opts
Sep 04 09:34:38.791596 devstack-u2204-93-57 dnsmasq[30448]: started, version 2.90 cachesize 150
Sep 04 09:34:38.791650 devstack-u2204-93-57 dnsmasq[30448]: DNS service limited to local subnets
Sep 04 09:34:38.791674 devstack-u2204-93-57 dnsmasq[30448]: compile time options: IPv6 GNU-getopt DBus no-UBus i18n IDN2 DHCP DHCPv6 no-Lua TFTP conntrack ipset no-nftset auth cryptohash DNSSEC loop-detect inotify dumpfile
Sep 04 09:34:38.791727 devstack-u2204-93-57 dnsmasq-dhcp[30448]: DHCP, static leases only on 10.1.0.0, lease time 1d
Sep 04 09:34:38.791990 devstack-u2204-93-57 dnsmasq[30448]: reading /etc/resolv.conf
Sep 04 09:34:38.792015 devstack-u2204-93-57 dnsmasq[30448]: using nameserver 127.0.0.53#53
Sep 04 09:34:38.792150 devstack-u2204-93-57 dnsmasq[30448]: read /opt/stack/data/neutron/dhcp/779933df-596d-4bb4-ab6f-394397008c95/addn_hosts - 0 names
Sep 04 09:34:38.792227 devstack-u2204-93-57 dnsmasq-dhcp[30448]: read /opt/stack/data/neutron/dhcp/779933df-596d-4bb4-ab6f-394397008c95/host
Sep 04 09:34:38.792313 devstack-u2204-93-57 dnsmasq-dhcp[30448]: read /opt/stack/data/neutron/dhcp/779933df-596d-4bb4-ab6f-394397008c95/opts
Sep 04 09:34:39.335756 devstack-u2204-93-57 dnsmasq[30163]: read /opt/stack/data/neutron/dhcp/1b267525-9b7d-4f0c-b3a0-db414d139ae6/addn_hosts - 2 names
Sep 04 09:34:39.335863 devstack-u2204-93-57 dnsmasq-dhcp[30163]: read /opt/stack/data/neutron/dhcp/1b267525-9b7d-4f0c-b3a0-db414d139ae6/host
Sep 04 09:34:39.335957 devstack-u2204-93-57 dnsmasq-dhcp[30163]: read /opt/stack/data/neutron/dhcp/1b267525-9b7d-4f0c-b3a0-db414d139ae6/opts
Sep 04 09:34:41.239083 devstack-u2204-93-57 dnsmasq[30448]: read /opt/stack/data/neutron/dhcp/779933df-596d-4bb4-ab6f-394397008c95/addn_hosts - 2 names
Sep 04 09:34:41.239374 devstack-u2204-93-57 dnsmasq-dhcp[30448]: read /opt/stack/data/neutron/dhcp/779933df-596d-4bb4-ab6f-394397008c95/host
Sep 04 09:34:41.239595 devstack-u2204-93-57 dnsmasq-dhcp[30448]: read /opt/stack/data/neutron/dhcp/779933df-596d-4bb4-ab6f-394397008c95/opts
Sep 04 09:34:42.150849 devstack-u2204-93-57 dnsmasq[30163]: read /opt/stack/data/neutron/dhcp/1b267525-9b7d-4f0c-b3a0-db414d139ae6/addn_hosts - 2 names
Sep 04 09:34:42.150965 devstack-u2204-93-57 dnsmasq-dhcp[30163]: read /opt/stack/data/neutron/dhcp/1b267525-9b7d-4f0c-b3a0-db414d139ae6/host
Sep 04 09:34:42.151085 devstack-u2204-93-57 dnsmasq-dhcp[30163]: read /opt/stack/data/neutron/dhcp/1b267525-9b7d-4f0c-b3a0-db414d139ae6/opts
Sep 04 09:34:43.506833 devstack-u2204-93-57 dnsmasq[30448]: read /opt/stack/data/neutron/dhcp/779933df-596d-4bb4-ab6f-394397008c95/addn_hosts - 2 names
Sep 04 09:34:43.506886 devstack-u2204-93-57 dnsmasq-dhcp[30448]: read /opt/stack/data/neutron/dhcp/779933df-596d-4bb4-ab6f-394397008c95/host
Sep 04 09:34:43.506951 devstack-u2204-93-57 dnsmasq-dhcp[30448]: read /opt/stack/data/neutron/dhcp/779933df-596d-4bb4-ab6f-394397008c95/opts
Sep 04 09:34:44.927771 devstack-u2204-93-57 dnsmasq[30448]: read /opt/stack/data/neutron/dhcp/779933df-596d-4bb4-ab6f-394397008c95/addn_hosts - 2 names
Sep 04 09:34:44.928199 devstack-u2204-93-57 dnsmasq-dhcp[30448]: read /opt/stack/data/neutron/dhcp/779933df-596d-4bb4-ab6f-394397008c95/host
Sep 04 09:34:44.928418 devstack-u2204-93-57 dnsmasq-dhcp[30448]: read /opt/stack/data/neutron/dhcp/779933df-596d-4bb4-ab6f-394397008c95/opts
Sep 04 09:34:46.343554 devstack-u2204-93-57 dnsmasq[30163]: read /opt/stack/data/neutron/dhcp/1b267525-9b7d-4f0c-b3a0-db414d139ae6/addn_hosts - 4 names
Sep 04 09:34:46.343699 devstack-u2204-93-57 dnsmasq-dhcp[30163]: read /opt/stack/data/neutron/dhcp/1b267525-9b7d-4f0c-b3a0-db414d139ae6/host
Sep 04 09:34:46.343792 devstack-u2204-93-57 dnsmasq-dhcp[30163]: read /opt/stack/data/neutron/dhcp/1b267525-9b7d-4f0c-b3a0-db414d139ae6/opts
Sep 04 09:35:11.183531 devstack-u2204-93-57 dnsmasq-dhcp[8629]: DHCPDISCOVER(tap0d411e66-e6) fa:16:3e:0b:75:7c
Sep 04 09:35:11.183554 devstack-u2204-93-57 dnsmasq-dhcp[8629]: DHCPOFFER(tap0d411e66-e6) 10.1.0.3 fa:16:3e:0b:75:7c
Sep 04 09:35:11.201212 devstack-u2204-93-57 dnsmasq-dhcp[8629]: DHCPREQUEST(tap0d411e66-e6) 10.1.0.3 fa:16:3e:0b:75:7c
Sep 04 09:35:11.201243 devstack-u2204-93-57 dnsmasq-dhcp[8629]: DHCPACK(tap0d411e66-e6) 10.1.0.3 fa:16:3e:0b:75:7c host-10-1-0-3
Sep 04 09:35:20.668182 devstack-u2204-93-57 dnsmasq-dhcp[30163]: DHCPDISCOVER(tap81791ca5-c0) fa:16:3e:d8:2b:c0
Sep 04 09:35:20.668336 devstack-u2204-93-57 dnsmasq-dhcp[30163]: DHCPOFFER(tap81791ca5-c0) 10.1.0.11 fa:16:3e:d8:2b:c0
Sep 04 09:35:20.699232 devstack-u2204-93-57 dnsmasq-dhcp[30163]: DHCPREQUEST(tap81791ca5-c0) 10.1.0.11 fa:16:3e:d8:2b:c0
Sep 04 09:35:20.699317 devstack-u2204-93-57 dnsmasq-dhcp[30163]: DHCPACK(tap81791ca5-c0) 10.1.0.11 fa:16:3e:d8:2b:c0 host-10-1-0-11
Sep 04 09:35:35.192500 devstack-u2204-93-57 dnsmasq[29433]: read /opt/stack/data/neutron/dhcp/9552491f-d009-4d0c-98f7-f600c929c1aa/addn_hosts - 8 names
Sep 04 09:35:35.193440 devstack-u2204-93-57 dnsmasq-dhcp[29433]: read /opt/stack/data/neutron/dhcp/9552491f-d009-4d0c-98f7-f600c929c1aa/host
Sep 04 09:35:35.193570 devstack-u2204-93-57 dnsmasq-dhcp[29433]: read /opt/stack/data/neutron/dhcp/9552491f-d009-4d0c-98f7-f600c929c1aa/opts
Sep 04 09:36:00.864805 devstack-u2204-93-57 dnsmasq-dhcp[8629]: DHCPRELEASE(tap0d411e66-e6) 10.1.0.3 fa:16:3e:0b:75:7c
Sep 04 09:36:00.893707 devstack-u2204-93-57 dnsmasq-dhcp[8629]: DHCPRELEASE(tap0d411e66-e6) 10.1.0.3 fa:16:3e:0b:75:7c unknown lease
Sep 04 09:36:01.725753 devstack-u2204-93-57 dnsmasq[8629]: read /opt/stack/data/neutron/dhcp/4e110d46-b456-4124-be0b-480510dc1582/addn_hosts - 2 names
Sep 04 09:36:01.725817 devstack-u2204-93-57 dnsmasq-dhcp[8629]: read /opt/stack/data/neutron/dhcp/4e110d46-b456-4124-be0b-480510dc1582/host
Sep 04 09:36:01.726311 devstack-u2204-93-57 dnsmasq-dhcp[8629]: read /opt/stack/data/neutron/dhcp/4e110d46-b456-4124-be0b-480510dc1582/opts
Sep 04 09:36:02.559825 devstack-u2204-93-57 dnsmasq[29433]: read /opt/stack/data/neutron/dhcp/9552491f-d009-4d0c-98f7-f600c929c1aa/addn_hosts - 10 names
Sep 04 09:36:02.559900 devstack-u2204-93-57 dnsmasq-dhcp[29433]: read /opt/stack/data/neutron/dhcp/9552491f-d009-4d0c-98f7-f600c929c1aa/host
Sep 04 09:36:02.559941 devstack-u2204-93-57 dnsmasq-dhcp[29433]: read /opt/stack/data/neutron/dhcp/9552491f-d009-4d0c-98f7-f600c929c1aa/opts
Sep 04 09:36:02.936160 devstack-u2204-93-57 dnsmasq-dhcp[26849]: DHCPRELEASE(tapcceedfbb-4f) 10.1.0.4 fa:16:3e:13:11:69
Sep 04 09:36:02.960106 devstack-u2204-93-57 dnsmasq-dhcp[26849]: DHCPRELEASE(tapcceedfbb-4f) 10.1.0.4 fa:16:3e:13:11:69 unknown lease
Sep 04 09:36:03.792160 devstack-u2204-93-57 dnsmasq[26849]: read /opt/stack/data/neutron/dhcp/488d5ed0-141e-47b5-b434-29561e510537/addn_hosts - 2 names
Sep 04 09:36:03.792427 devstack-u2204-93-57 dnsmasq-dhcp[26849]: read /opt/stack/data/neutron/dhcp/488d5ed0-141e-47b5-b434-29561e510537/host
Sep 04 09:36:03.792549 devstack-u2204-93-57 dnsmasq-dhcp[26849]: read /opt/stack/data/neutron/dhcp/488d5ed0-141e-47b5-b434-29561e510537/opts
Sep 04 09:36:08.411155 devstack-u2204-93-57 dnsmasq-dhcp[29433]: DHCPDISCOVER(tap79ad7182-7b) fa:16:3e:d8:b6:17
Sep 04 09:36:08.411195 devstack-u2204-93-57 dnsmasq-dhcp[29433]: DHCPOFFER(tap79ad7182-7b) 10.1.0.3 fa:16:3e:d8:b6:17
Sep 04 09:36:08.477318 devstack-u2204-93-57 dnsmasq-dhcp[29433]: DHCPREQUEST(tap79ad7182-7b) 10.1.0.3 fa:16:3e:d8:b6:17
Sep 04 09:36:08.477379 devstack-u2204-93-57 dnsmasq-dhcp[29433]: DHCPACK(tap79ad7182-7b) 10.1.0.3 fa:16:3e:d8:b6:17 host-10-1-0-3
Sep 04 09:36:27.491753 devstack-u2204-93-57 dnsmasq[8629]: read /opt/stack/data/neutron/dhcp/4e110d46-b456-4124-be0b-480510dc1582/addn_hosts - 4 names
Sep 04 09:36:27.491837 devstack-u2204-93-57 dnsmasq-dhcp[8629]: read /opt/stack/data/neutron/dhcp/4e110d46-b456-4124-be0b-480510dc1582/host
Sep 04 09:36:27.491902 devstack-u2204-93-57 dnsmasq-dhcp[8629]: read /opt/stack/data/neutron/dhcp/4e110d46-b456-4124-be0b-480510dc1582/opts
Sep 04 09:36:51.989753 devstack-u2204-93-57 dnsmasq-dhcp[21606]: DHCPRELEASE(tapd2e21926-6d) 10.1.0.10 fa:16:3e:22:fb:f3
Sep 04 09:36:52.012486 devstack-u2204-93-57 dnsmasq-dhcp[21606]: DHCPRELEASE(tapd2e21926-6d) 10.1.0.10 fa:16:3e:22:fb:f3 unknown lease
Sep 04 09:36:52.848375 devstack-u2204-93-57 dnsmasq[21606]: read /opt/stack/data/neutron/dhcp/3a7df87c-1ffd-413c-b280-dbcf32156f0e/addn_hosts - 2 names
Sep 04 09:36:52.848485 devstack-u2204-93-57 dnsmasq-dhcp[21606]: read /opt/stack/data/neutron/dhcp/3a7df87c-1ffd-413c-b280-dbcf32156f0e/host
Sep 04 09:36:52.848574 devstack-u2204-93-57 dnsmasq-dhcp[21606]: read /opt/stack/data/neutron/dhcp/3a7df87c-1ffd-413c-b280-dbcf32156f0e/opts
Sep 04 09:37:22.541510 devstack-u2204-93-57 dnsmasq-dhcp[26849]: DHCPRELEASE(tapcceedfbb-4f) 10.1.0.1 fa:16:3e:18:6b:2d
Sep 04 09:37:23.370893 devstack-u2204-93-57 dnsmasq[26849]: read /opt/stack/data/neutron/dhcp/488d5ed0-141e-47b5-b434-29561e510537/addn_hosts - 0 names
Sep 04 09:37:23.371380 devstack-u2204-93-57 dnsmasq-dhcp[26849]: read /opt/stack/data/neutron/dhcp/488d5ed0-141e-47b5-b434-29561e510537/host
Sep 04 09:37:23.371664 devstack-u2204-93-57 dnsmasq-dhcp[26849]: read /opt/stack/data/neutron/dhcp/488d5ed0-141e-47b5-b434-29561e510537/opts
Sep 04 09:37:24.416189 devstack-u2204-93-57 dnsmasq[26849]: exiting on receipt of SIGTERM
Sep 04 09:37:25.286885 devstack-u2204-93-57 dnsmasq-dhcp[27185]: DHCPRELEASE(tap660cb6a8-9d) 10.1.0.1 fa:16:3e:23:a1:e7
Sep 04 09:37:26.118515 devstack-u2204-93-57 dnsmasq[27185]: read /opt/stack/data/neutron/dhcp/dc032e47-08fc-499b-af44-1510cfb36bb8/addn_hosts - 0 names
Sep 04 09:37:26.119442 devstack-u2204-93-57 dnsmasq-dhcp[27185]: read /opt/stack/data/neutron/dhcp/dc032e47-08fc-499b-af44-1510cfb36bb8/host
Sep 04 09:37:26.119495 devstack-u2204-93-57 dnsmasq-dhcp[27185]: read /opt/stack/data/neutron/dhcp/dc032e47-08fc-499b-af44-1510cfb36bb8/opts
Sep 04 09:37:27.099889 devstack-u2204-93-57 dnsmasq[27185]: exiting on receipt of SIGTERM
Sep 04 09:37:33.004069 devstack-u2204-93-57 dnsmasq[32719]: started, version 2.90 cachesize 150
Sep 04 09:37:33.004777 devstack-u2204-93-57 dnsmasq[32719]: DNS service limited to local subnets
Sep 04 09:37:33.004795 devstack-u2204-93-57 dnsmasq[32719]: compile time options: IPv6 GNU-getopt DBus no-UBus i18n IDN2 DHCP DHCPv6 no-Lua TFTP conntrack ipset no-nftset auth cryptohash DNSSEC loop-detect inotify dumpfile
Sep 04 09:37:33.004831 devstack-u2204-93-57 dnsmasq-dhcp[32719]: DHCP, static leases only on 10.1.0.0, lease time 1d
Sep 04 09:37:33.004954 devstack-u2204-93-57 dnsmasq[32719]: reading /etc/resolv.conf
Sep 04 09:37:33.004970 devstack-u2204-93-57 dnsmasq[32719]: using nameserver 127.0.0.53#53
Sep 04 09:37:33.005035 devstack-u2204-93-57 dnsmasq[32719]: read /opt/stack/data/neutron/dhcp/0883f084-1d47-4bcb-b244-a775939d5223/addn_hosts - 0 names
Sep 04 09:37:33.005527 devstack-u2204-93-57 dnsmasq-dhcp[32719]: read /opt/stack/data/neutron/dhcp/0883f084-1d47-4bcb-b244-a775939d5223/host
Sep 04 09:37:33.005583 devstack-u2204-93-57 dnsmasq-dhcp[32719]: read /opt/stack/data/neutron/dhcp/0883f084-1d47-4bcb-b244-a775939d5223/opts
Sep 04 09:37:34.552619 devstack-u2204-93-57 dnsmasq[32719]: read /opt/stack/data/neutron/dhcp/0883f084-1d47-4bcb-b244-a775939d5223/addn_hosts - 2 names
Sep 04 09:37:34.552729 devstack-u2204-93-57 dnsmasq-dhcp[32719]: read /opt/stack/data/neutron/dhcp/0883f084-1d47-4bcb-b244-a775939d5223/host
Sep 04 09:37:34.552812 devstack-u2204-93-57 dnsmasq-dhcp[32719]: read /opt/stack/data/neutron/dhcp/0883f084-1d47-4bcb-b244-a775939d5223/opts
Sep 04 09:37:38.444287 devstack-u2204-93-57 dnsmasq[33032]: started, version 2.90 cachesize 150
Sep 04 09:37:38.444317 devstack-u2204-93-57 dnsmasq[33032]: DNS service limited to local subnets
Sep 04 09:37:38.444334 devstack-u2204-93-57 dnsmasq[33032]: compile time options: IPv6 GNU-getopt DBus no-UBus i18n IDN2 DHCP DHCPv6 no-Lua TFTP conntrack ipset no-nftset auth cryptohash DNSSEC loop-detect inotify dumpfile
Sep 04 09:37:38.444373 devstack-u2204-93-57 dnsmasq-dhcp[33032]: DHCP, static leases only on 10.1.0.0, lease time 1d
Sep 04 09:37:38.444542 devstack-u2204-93-57 dnsmasq[33032]: reading /etc/resolv.conf
Sep 04 09:37:38.444559 devstack-u2204-93-57 dnsmasq[33032]: using nameserver 127.0.0.53#53
Sep 04 09:37:38.444638 devstack-u2204-93-57 dnsmasq[33032]: read /opt/stack/data/neutron/dhcp/461a7271-1e0b-48d8-b4a0-d01b002257d5/addn_hosts - 0 names
Sep 04 09:37:38.444690 devstack-u2204-93-57 dnsmasq-dhcp[33032]: read /opt/stack/data/neutron/dhcp/461a7271-1e0b-48d8-b4a0-d01b002257d5/host
Sep 04 09:37:38.444748 devstack-u2204-93-57 dnsmasq-dhcp[33032]: read /opt/stack/data/neutron/dhcp/461a7271-1e0b-48d8-b4a0-d01b002257d5/opts
Sep 04 09:37:38.979344 devstack-u2204-93-57 dnsmasq[32719]: read /opt/stack/data/neutron/dhcp/0883f084-1d47-4bcb-b244-a775939d5223/addn_hosts - 2 names
Sep 04 09:37:38.979391 devstack-u2204-93-57 dnsmasq-dhcp[32719]: read /opt/stack/data/neutron/dhcp/0883f084-1d47-4bcb-b244-a775939d5223/host
Sep 04 09:37:38.979443 devstack-u2204-93-57 dnsmasq-dhcp[32719]: read /opt/stack/data/neutron/dhcp/0883f084-1d47-4bcb-b244-a775939d5223/opts
Sep 04 09:37:43.420021 devstack-u2204-93-57 dnsmasq[33270]: started, version 2.90 cachesize 150
Sep 04 09:37:43.420076 devstack-u2204-93-57 dnsmasq[33270]: DNS service limited to local subnets
Sep 04 09:37:43.420092 devstack-u2204-93-57 dnsmasq[33270]: compile time options: IPv6 GNU-getopt DBus no-UBus i18n IDN2 DHCP DHCPv6 no-Lua TFTP conntrack ipset no-nftset auth cryptohash DNSSEC loop-detect inotify dumpfile
Sep 04 09:37:43.420130 devstack-u2204-93-57 dnsmasq-dhcp[33270]: DHCP, static leases only on 10.1.0.0, lease time 1d
Sep 04 09:37:43.420278 devstack-u2204-93-57 dnsmasq[33270]: reading /etc/resolv.conf
Sep 04 09:37:43.420294 devstack-u2204-93-57 dnsmasq[33270]: using nameserver 127.0.0.53#53
Sep 04 09:37:43.420394 devstack-u2204-93-57 dnsmasq[33270]: read /opt/stack/data/neutron/dhcp/9f9a9147-d099-4eb9-b1a9-c545dbe38e98/addn_hosts - 2 names
Sep 04 09:37:43.420445 devstack-u2204-93-57 dnsmasq-dhcp[33270]: read /opt/stack/data/neutron/dhcp/9f9a9147-d099-4eb9-b1a9-c545dbe38e98/host
Sep 04 09:37:43.420499 devstack-u2204-93-57 dnsmasq-dhcp[33270]: read /opt/stack/data/neutron/dhcp/9f9a9147-d099-4eb9-b1a9-c545dbe38e98/opts
Sep 04 09:37:44.467206 devstack-u2204-93-57 dnsmasq[33032]: read /opt/stack/data/neutron/dhcp/461a7271-1e0b-48d8-b4a0-d01b002257d5/addn_hosts - 2 names
Sep 04 09:37:44.467262 devstack-u2204-93-57 dnsmasq-dhcp[33032]: read /opt/stack/data/neutron/dhcp/461a7271-1e0b-48d8-b4a0-d01b002257d5/host
Sep 04 09:37:44.467308 devstack-u2204-93-57 dnsmasq-dhcp[33032]: read /opt/stack/data/neutron/dhcp/461a7271-1e0b-48d8-b4a0-d01b002257d5/opts
Sep 04 09:37:45.302924 devstack-u2204-93-57 dnsmasq[32719]: read /opt/stack/data/neutron/dhcp/0883f084-1d47-4bcb-b244-a775939d5223/addn_hosts - 2 names
Sep 04 09:37:45.302987 devstack-u2204-93-57 dnsmasq-dhcp[32719]: read /opt/stack/data/neutron/dhcp/0883f084-1d47-4bcb-b244-a775939d5223/host
Sep 04 09:37:45.303035 devstack-u2204-93-57 dnsmasq-dhcp[32719]: read /opt/stack/data/neutron/dhcp/0883f084-1d47-4bcb-b244-a775939d5223/opts
Sep 04 09:37:45.558465 devstack-u2204-93-57 dnsmasq-dhcp[8629]: DHCPDISCOVER(tap0d411e66-e6) fa:16:3e:bd:23:d0
Sep 04 09:37:45.558479 devstack-u2204-93-57 dnsmasq-dhcp[8629]: DHCPOFFER(tap0d411e66-e6) 10.1.0.8 fa:16:3e:bd:23:d0
Sep 04 09:37:45.573302 devstack-u2204-93-57 dnsmasq-dhcp[8629]: DHCPREQUEST(tap0d411e66-e6) 10.1.0.8 fa:16:3e:bd:23:d0
Sep 04 09:37:45.573341 devstack-u2204-93-57 dnsmasq-dhcp[8629]: DHCPACK(tap0d411e66-e6) 10.1.0.8 fa:16:3e:bd:23:d0 host-10-1-0-8
Sep 04 09:37:49.769013 devstack-u2204-93-57 dnsmasq[33664]: started, version 2.90 cachesize 150
Sep 04 09:37:49.769034 devstack-u2204-93-57 dnsmasq[33664]: DNS service limited to local subnets
Sep 04 09:37:49.769045 devstack-u2204-93-57 dnsmasq[33664]: compile time options: IPv6 GNU-getopt DBus no-UBus i18n IDN2 DHCP DHCPv6 no-Lua TFTP conntrack ipset no-nftset auth cryptohash DNSSEC loop-detect inotify dumpfile
Sep 04 09:37:49.769272 devstack-u2204-93-57 dnsmasq-dhcp[33664]: DHCP, static leases only on 10.1.0.0, lease time 1d
Sep 04 09:37:49.769728 devstack-u2204-93-57 dnsmasq[33664]: reading /etc/resolv.conf
Sep 04 09:37:49.769740 devstack-u2204-93-57 dnsmasq[33664]: using nameserver 127.0.0.53#53
Sep 04 09:37:49.769810 devstack-u2204-93-57 dnsmasq[33664]: read /opt/stack/data/neutron/dhcp/6f3d26a8-3cd2-4199-b2cb-4e8ee5d5a6b9/addn_hosts - 2 names
Sep 04 09:37:49.769849 devstack-u2204-93-57 dnsmasq-dhcp[33664]: read /opt/stack/data/neutron/dhcp/6f3d26a8-3cd2-4199-b2cb-4e8ee5d5a6b9/host
Sep 04 09:37:49.769888 devstack-u2204-93-57 dnsmasq-dhcp[33664]: read /opt/stack/data/neutron/dhcp/6f3d26a8-3cd2-4199-b2cb-4e8ee5d5a6b9/opts
Sep 04 09:37:50.812436 devstack-u2204-93-57 dnsmasq[33270]: read /opt/stack/data/neutron/dhcp/9f9a9147-d099-4eb9-b1a9-c545dbe38e98/addn_hosts - 2 names
Sep 04 09:37:50.812494 devstack-u2204-93-57 dnsmasq-dhcp[33270]: read /opt/stack/data/neutron/dhcp/9f9a9147-d099-4eb9-b1a9-c545dbe38e98/host
Sep 04 09:37:50.812552 devstack-u2204-93-57 dnsmasq-dhcp[33270]: read /opt/stack/data/neutron/dhcp/9f9a9147-d099-4eb9-b1a9-c545dbe38e98/opts
Sep 04 09:37:51.638703 devstack-u2204-93-57 dnsmasq[33032]: read /opt/stack/data/neutron/dhcp/461a7271-1e0b-48d8-b4a0-d01b002257d5/addn_hosts - 2 names
Sep 04 09:37:51.638777 devstack-u2204-93-57 dnsmasq-dhcp[33032]: read /opt/stack/data/neutron/dhcp/461a7271-1e0b-48d8-b4a0-d01b002257d5/host
Sep 04 09:37:51.638838 devstack-u2204-93-57 dnsmasq-dhcp[33032]: read /opt/stack/data/neutron/dhcp/461a7271-1e0b-48d8-b4a0-d01b002257d5/opts
Sep 04 09:37:53.552743 devstack-u2204-93-57 dnsmasq[32719]: read /opt/stack/data/neutron/dhcp/0883f084-1d47-4bcb-b244-a775939d5223/addn_hosts - 4 names
Sep 04 09:37:53.552876 devstack-u2204-93-57 dnsmasq-dhcp[32719]: read /opt/stack/data/neutron/dhcp/0883f084-1d47-4bcb-b244-a775939d5223/host
Sep 04 09:37:53.552970 devstack-u2204-93-57 dnsmasq-dhcp[32719]: read /opt/stack/data/neutron/dhcp/0883f084-1d47-4bcb-b244-a775939d5223/opts
Sep 04 09:37:54.977900 devstack-u2204-93-57 dnsmasq[33664]: read /opt/stack/data/neutron/dhcp/6f3d26a8-3cd2-4199-b2cb-4e8ee5d5a6b9/addn_hosts - 2 names
Sep 04 09:37:54.977977 devstack-u2204-93-57 dnsmasq-dhcp[33664]: read /opt/stack/data/neutron/dhcp/6f3d26a8-3cd2-4199-b2cb-4e8ee5d5a6b9/host
Sep 04 09:37:54.978041 devstack-u2204-93-57 dnsmasq-dhcp[33664]: read /opt/stack/data/neutron/dhcp/6f3d26a8-3cd2-4199-b2cb-4e8ee5d5a6b9/opts
Sep 04 09:37:55.884698 devstack-u2204-93-57 dnsmasq[33270]: read /opt/stack/data/neutron/dhcp/9f9a9147-d099-4eb9-b1a9-c545dbe38e98/addn_hosts - 2 names
Sep 04 09:37:55.884811 devstack-u2204-93-57 dnsmasq-dhcp[33270]: read /opt/stack/data/neutron/dhcp/9f9a9147-d099-4eb9-b1a9-c545dbe38e98/host
Sep 04 09:37:55.884903 devstack-u2204-93-57 dnsmasq-dhcp[33270]: read /opt/stack/data/neutron/dhcp/9f9a9147-d099-4eb9-b1a9-c545dbe38e98/opts
Sep 04 09:37:56.787811 devstack-u2204-93-57 dnsmasq[33032]: read /opt/stack/data/neutron/dhcp/461a7271-1e0b-48d8-b4a0-d01b002257d5/addn_hosts - 2 names
Sep 04 09:37:56.788380 devstack-u2204-93-57 dnsmasq-dhcp[33032]: read /opt/stack/data/neutron/dhcp/461a7271-1e0b-48d8-b4a0-d01b002257d5/host
Sep 04 09:37:56.788574 devstack-u2204-93-57 dnsmasq-dhcp[33032]: read /opt/stack/data/neutron/dhcp/461a7271-1e0b-48d8-b4a0-d01b002257d5/opts
Sep 04 09:37:57.702334 devstack-u2204-93-57 dnsmasq[29433]: read /opt/stack/data/neutron/dhcp/9552491f-d009-4d0c-98f7-f600c929c1aa/addn_hosts - 8 names
Sep 04 09:37:57.702422 devstack-u2204-93-57 dnsmasq-dhcp[29433]: read /opt/stack/data/neutron/dhcp/9552491f-d009-4d0c-98f7-f600c929c1aa/host
Sep 04 09:37:57.702481 devstack-u2204-93-57 dnsmasq-dhcp[29433]: read /opt/stack/data/neutron/dhcp/9552491f-d009-4d0c-98f7-f600c929c1aa/opts
Sep 04 09:37:59.587640 devstack-u2204-93-57 dnsmasq[33664]: read /opt/stack/data/neutron/dhcp/6f3d26a8-3cd2-4199-b2cb-4e8ee5d5a6b9/addn_hosts - 2 names
Sep 04 09:37:59.587751 devstack-u2204-93-57 dnsmasq-dhcp[33664]: read /opt/stack/data/neutron/dhcp/6f3d26a8-3cd2-4199-b2cb-4e8ee5d5a6b9/host
Sep 04 09:37:59.587861 devstack-u2204-93-57 dnsmasq-dhcp[33664]: read /opt/stack/data/neutron/dhcp/6f3d26a8-3cd2-4199-b2cb-4e8ee5d5a6b9/opts
Sep 04 09:38:00.496167 devstack-u2204-93-57 dnsmasq[33270]: read /opt/stack/data/neutron/dhcp/9f9a9147-d099-4eb9-b1a9-c545dbe38e98/addn_hosts - 2 names
Sep 04 09:38:00.496262 devstack-u2204-93-57 dnsmasq-dhcp[33270]: read /opt/stack/data/neutron/dhcp/9f9a9147-d099-4eb9-b1a9-c545dbe38e98/host
Sep 04 09:38:00.496345 devstack-u2204-93-57 dnsmasq-dhcp[33270]: read /opt/stack/data/neutron/dhcp/9f9a9147-d099-4eb9-b1a9-c545dbe38e98/opts
Sep 04 09:38:01.932922 devstack-u2204-93-57 dnsmasq[33664]: read /opt/stack/data/neutron/dhcp/6f3d26a8-3cd2-4199-b2cb-4e8ee5d5a6b9/addn_hosts - 2 names
Sep 04 09:38:01.933041 devstack-u2204-93-57 dnsmasq-dhcp[33664]: read /opt/stack/data/neutron/dhcp/6f3d26a8-3cd2-4199-b2cb-4e8ee5d5a6b9/host
Sep 04 09:38:01.933160 devstack-u2204-93-57 dnsmasq-dhcp[33664]: read /opt/stack/data/neutron/dhcp/6f3d26a8-3cd2-4199-b2cb-4e8ee5d5a6b9/opts
Sep 04 09:38:05.650928 devstack-u2204-93-57 dnsmasq[33270]: read /opt/stack/data/neutron/dhcp/9f9a9147-d099-4eb9-b1a9-c545dbe38e98/addn_hosts - 4 names
Sep 04 09:38:05.651142 devstack-u2204-93-57 dnsmasq-dhcp[33270]: read /opt/stack/data/neutron/dhcp/9f9a9147-d099-4eb9-b1a9-c545dbe38e98/host
Sep 04 09:38:05.651236 devstack-u2204-93-57 dnsmasq-dhcp[33270]: read /opt/stack/data/neutron/dhcp/9f9a9147-d099-4eb9-b1a9-c545dbe38e98/opts
Sep 04 09:38:07.936671 devstack-u2204-93-57 dnsmasq[30163]: read /opt/stack/data/neutron/dhcp/1b267525-9b7d-4f0c-b3a0-db414d139ae6/addn_hosts - 6 names
Sep 04 09:38:07.936847 devstack-u2204-93-57 dnsmasq-dhcp[30163]: read /opt/stack/data/neutron/dhcp/1b267525-9b7d-4f0c-b3a0-db414d139ae6/host
Sep 04 09:38:07.936941 devstack-u2204-93-57 dnsmasq-dhcp[30163]: read /opt/stack/data/neutron/dhcp/1b267525-9b7d-4f0c-b3a0-db414d139ae6/opts
Sep 04 09:38:13.319576 devstack-u2204-93-57 dnsmasq-dhcp[29433]: DHCPRELEASE(tap79ad7182-7b) 10.1.0.3 fa:16:3e:d8:b6:17
Sep 04 09:38:13.339131 devstack-u2204-93-57 dnsmasq-dhcp[29433]: DHCPRELEASE(tap79ad7182-7b) 10.1.0.3 fa:16:3e:d8:b6:17 unknown lease
Sep 04 09:38:14.167791 devstack-u2204-93-57 dnsmasq[29433]: read /opt/stack/data/neutron/dhcp/9552491f-d009-4d0c-98f7-f600c929c1aa/addn_hosts - 6 names
Sep 04 09:38:14.167917 devstack-u2204-93-57 dnsmasq-dhcp[29433]: read /opt/stack/data/neutron/dhcp/9552491f-d009-4d0c-98f7-f600c929c1aa/host
Sep 04 09:38:14.168072 devstack-u2204-93-57 dnsmasq-dhcp[29433]: read /opt/stack/data/neutron/dhcp/9552491f-d009-4d0c-98f7-f600c929c1aa/opts
Sep 04 09:38:21.040275 devstack-u2204-93-57 dnsmasq[29433]: read /opt/stack/data/neutron/dhcp/9552491f-d009-4d0c-98f7-f600c929c1aa/addn_hosts - 4 names
Sep 04 09:38:21.040392 devstack-u2204-93-57 dnsmasq-dhcp[29433]: read /opt/stack/data/neutron/dhcp/9552491f-d009-4d0c-98f7-f600c929c1aa/host
Sep 04 09:38:21.040476 devstack-u2204-93-57 dnsmasq-dhcp[29433]: read /opt/stack/data/neutron/dhcp/9552491f-d009-4d0c-98f7-f600c929c1aa/opts
Sep 04 09:38:23.848173 devstack-u2204-93-57 dnsmasq-dhcp[32719]: DHCPDISCOVER(tap571878bd-38) fa:16:3e:93:44:0e
Sep 04 09:38:23.848221 devstack-u2204-93-57 dnsmasq-dhcp[32719]: DHCPOFFER(tap571878bd-38) 10.1.0.5 fa:16:3e:93:44:0e
Sep 04 09:38:23.863758 devstack-u2204-93-57 dnsmasq-dhcp[32719]: DHCPREQUEST(tap571878bd-38) 10.1.0.5 fa:16:3e:93:44:0e
Sep 04 09:38:23.863815 devstack-u2204-93-57 dnsmasq-dhcp[32719]: DHCPACK(tap571878bd-38) 10.1.0.5 fa:16:3e:93:44:0e host-10-1-0-5
Sep 04 09:38:37.443637 devstack-u2204-93-57 dnsmasq-dhcp[29433]: DHCPRELEASE(tap79ad7182-7b) 10.1.0.5 fa:16:3e:3f:0e:51
Sep 04 09:38:37.467006 devstack-u2204-93-57 dnsmasq-dhcp[29433]: DHCPRELEASE(tap79ad7182-7b) 10.1.0.5 fa:16:3e:3f:0e:51 unknown lease
Sep 04 09:38:38.291504 devstack-u2204-93-57 dnsmasq[29433]: read /opt/stack/data/neutron/dhcp/9552491f-d009-4d0c-98f7-f600c929c1aa/addn_hosts - 2 names
Sep 04 09:38:38.291567 devstack-u2204-93-57 dnsmasq-dhcp[29433]: read /opt/stack/data/neutron/dhcp/9552491f-d009-4d0c-98f7-f600c929c1aa/host
Sep 04 09:38:38.293235 devstack-u2204-93-57 dnsmasq-dhcp[29433]: read /opt/stack/data/neutron/dhcp/9552491f-d009-4d0c-98f7-f600c929c1aa/opts
Sep 04 09:38:39.602120 devstack-u2204-93-57 dnsmasq-dhcp[33270]: DHCPDISCOVER(tapf5ceb3ce-b5) fa:16:3e:05:5f:0e
Sep 04 09:38:39.602161 devstack-u2204-93-57 dnsmasq-dhcp[33270]: DHCPOFFER(tapf5ceb3ce-b5) 10.1.0.9 fa:16:3e:05:5f:0e
Sep 04 09:38:39.626352 devstack-u2204-93-57 dnsmasq-dhcp[33270]: DHCPREQUEST(tapf5ceb3ce-b5) 10.1.0.9 fa:16:3e:05:5f:0e
Sep 04 09:38:39.626434 devstack-u2204-93-57 dnsmasq-dhcp[33270]: DHCPACK(tapf5ceb3ce-b5) 10.1.0.9 fa:16:3e:05:5f:0e host-10-1-0-9
Sep 04 09:38:43.013500 devstack-u2204-93-57 dnsmasq[29433]: read /opt/stack/data/neutron/dhcp/9552491f-d009-4d0c-98f7-f600c929c1aa/addn_hosts - 0 names
Sep 04 09:38:43.013568 devstack-u2204-93-57 dnsmasq-dhcp[29433]: read /opt/stack/data/neutron/dhcp/9552491f-d009-4d0c-98f7-f600c929c1aa/host
Sep 04 09:38:43.013620 devstack-u2204-93-57 dnsmasq-dhcp[29433]: read /opt/stack/data/neutron/dhcp/9552491f-d009-4d0c-98f7-f600c929c1aa/opts
Sep 04 09:38:44.444466 devstack-u2204-93-57 dnsmasq-dhcp[30163]: DHCPDISCOVER(tap81791ca5-c0) fa:16:3e:26:56:0e
Sep 04 09:38:44.444519 devstack-u2204-93-57 dnsmasq-dhcp[30163]: DHCPOFFER(tap81791ca5-c0) 10.1.0.6 fa:16:3e:26:56:0e
Sep 04 09:38:44.456937 devstack-u2204-93-57 dnsmasq-dhcp[30163]: DHCPREQUEST(tap81791ca5-c0) 10.1.0.6 fa:16:3e:26:56:0e
Sep 04 09:38:44.456970 devstack-u2204-93-57 dnsmasq-dhcp[30163]: DHCPACK(tap81791ca5-c0) 10.1.0.6 fa:16:3e:26:56:0e host-10-1-0-6
Sep 04 09:38:44.491194 devstack-u2204-93-57 dnsmasq[29433]: exiting on receipt of SIGTERM
Sep 04 09:38:49.849532 devstack-u2204-93-57 dnsmasq[34785]: started, version 2.90 cachesize 150
Sep 04 09:38:49.849648 devstack-u2204-93-57 dnsmasq[34785]: DNS service limited to local subnets
Sep 04 09:38:49.849674 devstack-u2204-93-57 dnsmasq[34785]: compile time options: IPv6 GNU-getopt DBus no-UBus i18n IDN2 DHCP DHCPv6 no-Lua TFTP conntrack ipset no-nftset auth cryptohash DNSSEC loop-detect inotify dumpfile
Sep 04 09:38:49.849741 devstack-u2204-93-57 dnsmasq-dhcp[34785]: DHCP, static leases only on 10.1.0.0, lease time 1d
Sep 04 09:38:49.850004 devstack-u2204-93-57 dnsmasq[34785]: reading /etc/resolv.conf
Sep 04 09:38:49.850029 devstack-u2204-93-57 dnsmasq[34785]: using nameserver 127.0.0.53#53
Sep 04 09:38:49.850173 devstack-u2204-93-57 dnsmasq[34785]: read /opt/stack/data/neutron/dhcp/ba39f78a-c8fc-4ad2-b94c-df72520c0cef/addn_hosts - 0 names
Sep 04 09:38:49.850249 devstack-u2204-93-57 dnsmasq-dhcp[34785]: read /opt/stack/data/neutron/dhcp/ba39f78a-c8fc-4ad2-b94c-df72520c0cef/host
Sep 04 09:38:49.850336 devstack-u2204-93-57 dnsmasq-dhcp[34785]: read /opt/stack/data/neutron/dhcp/ba39f78a-c8fc-4ad2-b94c-df72520c0cef/opts
Sep 04 09:38:51.404510 devstack-u2204-93-57 dnsmasq[34785]: read /opt/stack/data/neutron/dhcp/ba39f78a-c8fc-4ad2-b94c-df72520c0cef/addn_hosts - 2 names
Sep 04 09:38:51.404628 devstack-u2204-93-57 dnsmasq-dhcp[34785]: read /opt/stack/data/neutron/dhcp/ba39f78a-c8fc-4ad2-b94c-df72520c0cef/host
Sep 04 09:38:51.404718 devstack-u2204-93-57 dnsmasq-dhcp[34785]: read /opt/stack/data/neutron/dhcp/ba39f78a-c8fc-4ad2-b94c-df72520c0cef/opts
Sep 04 09:38:52.805720 devstack-u2204-93-57 dnsmasq[34785]: read /opt/stack/data/neutron/dhcp/ba39f78a-c8fc-4ad2-b94c-df72520c0cef/addn_hosts - 2 names
Sep 04 09:38:52.805870 devstack-u2204-93-57 dnsmasq-dhcp[34785]: read /opt/stack/data/neutron/dhcp/ba39f78a-c8fc-4ad2-b94c-df72520c0cef/host
Sep 04 09:38:52.806042 devstack-u2204-93-57 dnsmasq-dhcp[34785]: read /opt/stack/data/neutron/dhcp/ba39f78a-c8fc-4ad2-b94c-df72520c0cef/opts
Sep 04 09:38:54.210781 devstack-u2204-93-57 dnsmasq[34785]: read /opt/stack/data/neutron/dhcp/ba39f78a-c8fc-4ad2-b94c-df72520c0cef/addn_hosts - 2 names
Sep 04 09:38:54.210886 devstack-u2204-93-57 dnsmasq-dhcp[34785]: read /opt/stack/data/neutron/dhcp/ba39f78a-c8fc-4ad2-b94c-df72520c0cef/host
Sep 04 09:38:54.210950 devstack-u2204-93-57 dnsmasq-dhcp[34785]: read /opt/stack/data/neutron/dhcp/ba39f78a-c8fc-4ad2-b94c-df72520c0cef/opts
Sep 04 09:38:58.172270 devstack-u2204-93-57 dnsmasq[34785]: read /opt/stack/data/neutron/dhcp/ba39f78a-c8fc-4ad2-b94c-df72520c0cef/addn_hosts - 4 names
Sep 04 09:38:58.172365 devstack-u2204-93-57 dnsmasq-dhcp[34785]: read /opt/stack/data/neutron/dhcp/ba39f78a-c8fc-4ad2-b94c-df72520c0cef/host
Sep 04 09:38:58.172436 devstack-u2204-93-57 dnsmasq-dhcp[34785]: read /opt/stack/data/neutron/dhcp/ba39f78a-c8fc-4ad2-b94c-df72520c0cef/opts
Sep 04 09:39:00.624304 devstack-u2204-93-57 dnsmasq[8629]: read /opt/stack/data/neutron/dhcp/4e110d46-b456-4124-be0b-480510dc1582/addn_hosts - 6 names
Sep 04 09:39:00.624369 devstack-u2204-93-57 dnsmasq-dhcp[8629]: read /opt/stack/data/neutron/dhcp/4e110d46-b456-4124-be0b-480510dc1582/host
Sep 04 09:39:00.624410 devstack-u2204-93-57 dnsmasq-dhcp[8629]: read /opt/stack/data/neutron/dhcp/4e110d46-b456-4124-be0b-480510dc1582/opts
Sep 04 09:39:31.340156 devstack-u2204-93-57 dnsmasq-dhcp[34785]: DHCPDISCOVER(tap016cba9d-4f) fa:16:3e:16:3c:b1
Sep 04 09:39:31.340207 devstack-u2204-93-57 dnsmasq-dhcp[34785]: DHCPOFFER(tap016cba9d-4f) 10.1.0.14 fa:16:3e:16:3c:b1
Sep 04 09:39:31.355331 devstack-u2204-93-57 dnsmasq-dhcp[34785]: DHCPREQUEST(tap016cba9d-4f) 10.1.0.14 fa:16:3e:16:3c:b1
