Sep 04 07:01:40.669423 devstack-u2204-93-57 dnsmasq-dhcp[182660]: read /opt/stack/data/neutron/dhcp/84d0c5a3-415e-4574-a7e8-06dc25551298/opts
Sep 04 07:01:42.017783 devstack-u2204-93-57 dnsmasq-dhcp[129476]: DHCPRELEASE(tapf4f0a530-50) 10.1.0.13 fa:16:3e:c3:2b:2a
Sep 04 07:01:42.041966 devstack-u2204-93-57 dnsmasq-dhcp[129476]: DHCPRELEASE(tapf4f0a530-50) 10.1.0.13 fa:16:3e:c3:2b:2a unknown lease
Sep 04 07:01:42.873395 devstack-u2204-93-57 dnsmasq[129476]: read /opt/stack/data/neutron/dhcp/1711b3ca-613a-43c0-b0d4-ff0ed43a2ab4/addn_hosts - 4 names
Sep 04 07:01:42.873536 devstack-u2204-93-57 dnsmasq-dhcp[129476]: read /opt/stack/data/neutron/dhcp/1711b3ca-613a-43c0-b0d4-ff0ed43a2ab4/host
Sep 04 07:01:42.873626 devstack-u2204-93-57 dnsmasq-dhcp[129476]: read /opt/stack/data/neutron/dhcp/1711b3ca-613a-43c0-b0d4-ff0ed43a2ab4/opts
Sep 04 07:01:44.197994 devstack-u2204-93-57 dnsmasq[186519]: read /opt/stack/data/neutron/dhcp/2c93a87c-f56a-41fb-81ff-d8de5eabf018/addn_hosts - 2 names
Sep 04 07:01:44.198081 devstack-u2204-93-57 dnsmasq-dhcp[186519]: read /opt/stack/data/neutron/dhcp/2c93a87c-f56a-41fb-81ff-d8de5eabf018/host
Sep 04 07:01:44.198179 devstack-u2204-93-57 dnsmasq-dhcp[186519]: read /opt/stack/data/neutron/dhcp/2c93a87c-f56a-41fb-81ff-d8de5eabf018/opts
Sep 04 07:01:45.016721 devstack-u2204-93-57 dnsmasq[182660]: read /opt/stack/data/neutron/dhcp/84d0c5a3-415e-4574-a7e8-06dc25551298/addn_hosts - 2 names
Sep 04 07:01:45.016841 devstack-u2204-93-57 dnsmasq-dhcp[182660]: read /opt/stack/data/neutron/dhcp/84d0c5a3-415e-4574-a7e8-06dc25551298/host
Sep 04 07:01:45.016934 devstack-u2204-93-57 dnsmasq-dhcp[182660]: read /opt/stack/data/neutron/dhcp/84d0c5a3-415e-4574-a7e8-06dc25551298/opts
Sep 04 07:01:46.326277 devstack-u2204-93-57 dnsmasq[186519]: read /opt/stack/data/neutron/dhcp/2c93a87c-f56a-41fb-81ff-d8de5eabf018/addn_hosts - 2 names
Sep 04 07:01:46.326920 devstack-u2204-93-57 dnsmasq-dhcp[186519]: read /opt/stack/data/neutron/dhcp/2c93a87c-f56a-41fb-81ff-d8de5eabf018/host
Sep 04 07:01:46.326980 devstack-u2204-93-57 dnsmasq-dhcp[186519]: read /opt/stack/data/neutron/dhcp/2c93a87c-f56a-41fb-81ff-d8de5eabf018/opts
Sep 04 07:01:47.171523 devstack-u2204-93-57 dnsmasq[182660]: read /opt/stack/data/neutron/dhcp/84d0c5a3-415e-4574-a7e8-06dc25551298/addn_hosts - 4 names
Sep 04 07:01:47.171656 devstack-u2204-93-57 dnsmasq-dhcp[182660]: read /opt/stack/data/neutron/dhcp/84d0c5a3-415e-4574-a7e8-06dc25551298/host
Sep 04 07:01:47.171751 devstack-u2204-93-57 dnsmasq-dhcp[182660]: read /opt/stack/data/neutron/dhcp/84d0c5a3-415e-4574-a7e8-06dc25551298/opts
Sep 04 07:01:48.574012 devstack-u2204-93-57 dnsmasq[186519]: read /opt/stack/data/neutron/dhcp/2c93a87c-f56a-41fb-81ff-d8de5eabf018/addn_hosts - 2 names
Sep 04 07:01:48.574093 devstack-u2204-93-57 dnsmasq-dhcp[186519]: read /opt/stack/data/neutron/dhcp/2c93a87c-f56a-41fb-81ff-d8de5eabf018/host
Sep 04 07:01:48.574158 devstack-u2204-93-57 dnsmasq-dhcp[186519]: read /opt/stack/data/neutron/dhcp/2c93a87c-f56a-41fb-81ff-d8de5eabf018/opts
Sep 04 07:01:49.918423 devstack-u2204-93-57 dnsmasq[186519]: read /opt/stack/data/neutron/dhcp/2c93a87c-f56a-41fb-81ff-d8de5eabf018/addn_hosts - 4 names
Sep 04 07:01:49.918642 devstack-u2204-93-57 dnsmasq-dhcp[186519]: read /opt/stack/data/neutron/dhcp/2c93a87c-f56a-41fb-81ff-d8de5eabf018/host
Sep 04 07:01:49.918763 devstack-u2204-93-57 dnsmasq-dhcp[186519]: read /opt/stack/data/neutron/dhcp/2c93a87c-f56a-41fb-81ff-d8de5eabf018/opts
Sep 04 07:01:51.323339 devstack-u2204-93-57 dnsmasq[186519]: read /opt/stack/data/neutron/dhcp/2c93a87c-f56a-41fb-81ff-d8de5eabf018/addn_hosts - 6 names
Sep 04 07:01:51.323470 devstack-u2204-93-57 dnsmasq-dhcp[186519]: read /opt/stack/data/neutron/dhcp/2c93a87c-f56a-41fb-81ff-d8de5eabf018/host
Sep 04 07:01:51.323597 devstack-u2204-93-57 dnsmasq-dhcp[186519]: read /opt/stack/data/neutron/dhcp/2c93a87c-f56a-41fb-81ff-d8de5eabf018/opts
Sep 04 07:01:58.475886 devstack-u2204-93-57 dnsmasq-dhcp[146453]: DHCPRELEASE(tap9ab5bd73-63) 10.1.0.1 fa:16:3e:7b:9d:6d
Sep 04 07:01:59.608797 devstack-u2204-93-57 dnsmasq[146453]: read /opt/stack/data/neutron/dhcp/ee473891-9390-4256-8d02-932977728f30/addn_hosts - 0 names
Sep 04 07:01:59.608858 devstack-u2204-93-57 dnsmasq-dhcp[146453]: read /opt/stack/data/neutron/dhcp/ee473891-9390-4256-8d02-932977728f30/host
Sep 04 07:01:59.608896 devstack-u2204-93-57 dnsmasq-dhcp[146453]: read /opt/stack/data/neutron/dhcp/ee473891-9390-4256-8d02-932977728f30/opts
Sep 04 07:01:59.914564 devstack-u2204-93-57 dnsmasq-dhcp[144058]: DHCPRELEASE(tap3e41fea3-10) 10.1.0.3 fa:16:3e:f3:0c:18
Sep 04 07:01:59.955084 devstack-u2204-93-57 dnsmasq-dhcp[144058]: DHCPRELEASE(tap3e41fea3-10) 10.1.0.3 fa:16:3e:f3:0c:18 unknown lease
Sep 04 07:02:00.786728 devstack-u2204-93-57 dnsmasq[144058]: read /opt/stack/data/neutron/dhcp/cca2cdea-0c29-4988-881a-f4cf16904764/addn_hosts - 2 names
Sep 04 07:02:00.786790 devstack-u2204-93-57 dnsmasq-dhcp[144058]: read /opt/stack/data/neutron/dhcp/cca2cdea-0c29-4988-881a-f4cf16904764/host
Sep 04 07:02:00.786840 devstack-u2204-93-57 dnsmasq-dhcp[144058]: read /opt/stack/data/neutron/dhcp/cca2cdea-0c29-4988-881a-f4cf16904764/opts
Sep 04 07:02:01.070147 devstack-u2204-93-57 dnsmasq[146453]: exiting on receipt of SIGTERM
Sep 04 07:02:11.801971 devstack-u2204-93-57 dnsmasq-dhcp[182660]: DHCPDISCOVER(tapc10210f0-bc) fa:16:3e:a4:9c:f8
Sep 04 07:02:11.801995 devstack-u2204-93-57 dnsmasq-dhcp[182660]: DHCPOFFER(tapc10210f0-bc) 10.1.0.4 fa:16:3e:a4:9c:f8
Sep 04 07:02:11.827593 devstack-u2204-93-57 dnsmasq-dhcp[182660]: DHCPREQUEST(tapc10210f0-bc) 10.1.0.4 fa:16:3e:a4:9c:f8
Sep 04 07:02:11.827648 devstack-u2204-93-57 dnsmasq-dhcp[182660]: DHCPACK(tapc10210f0-bc) 10.1.0.4 fa:16:3e:a4:9c:f8 host-10-1-0-4
Sep 04 07:02:19.429776 devstack-u2204-93-57 dnsmasq-dhcp[186519]: DHCPDISCOVER(tapde854428-d3) fa:16:3e:3b:26:06
Sep 04 07:02:19.429800 devstack-u2204-93-57 dnsmasq-dhcp[186519]: DHCPOFFER(tapde854428-d3) 10.1.0.5 fa:16:3e:3b:26:06
Sep 04 07:02:19.458208 devstack-u2204-93-57 dnsmasq-dhcp[186519]: DHCPREQUEST(tapde854428-d3) 10.1.0.5 fa:16:3e:3b:26:06
Sep 04 07:02:19.458260 devstack-u2204-93-57 dnsmasq-dhcp[186519]: DHCPACK(tapde854428-d3) 10.1.0.5 fa:16:3e:3b:26:06 host-10-1-0-5
Sep 04 07:02:30.009963 devstack-u2204-93-57 dnsmasq-dhcp[163013]: DHCPDISCOVER(tape726fa3b-f9) fa:16:3e:e6:d1:c2
Sep 04 07:02:30.010012 devstack-u2204-93-57 dnsmasq-dhcp[163013]: DHCPOFFER(tape726fa3b-f9) 10.1.0.3 fa:16:3e:e6:d1:c2
Sep 04 07:02:30.029761 devstack-u2204-93-57 dnsmasq-dhcp[163013]: DHCPREQUEST(tape726fa3b-f9) 10.1.0.3 fa:16:3e:e6:d1:c2
Sep 04 07:02:30.029826 devstack-u2204-93-57 dnsmasq-dhcp[163013]: DHCPACK(tape726fa3b-f9) 10.1.0.3 fa:16:3e:e6:d1:c2 host-10-1-0-3
Sep 04 07:02:36.075416 devstack-u2204-93-57 dnsmasq-dhcp[186519]: DHCPDISCOVER(tapde854428-d3) fa:16:3e:b9:f3:2f
Sep 04 07:02:36.075525 devstack-u2204-93-57 dnsmasq-dhcp[186519]: DHCPOFFER(tapde854428-d3) 10.1.0.14 fa:16:3e:b9:f3:2f
Sep 04 07:02:36.101529 devstack-u2204-93-57 dnsmasq-dhcp[186519]: DHCPREQUEST(tapde854428-d3) 10.1.0.14 fa:16:3e:b9:f3:2f
Sep 04 07:02:36.101583 devstack-u2204-93-57 dnsmasq-dhcp[186519]: DHCPACK(tapde854428-d3) 10.1.0.14 fa:16:3e:b9:f3:2f host-10-1-0-14
Sep 04 07:02:37.904567 devstack-u2204-93-57 dnsmasq-dhcp[130717]: DHCPRELEASE(tapedacd583-28) 10.1.0.1 fa:16:3e:86:4f:a8
Sep 04 07:02:38.738437 devstack-u2204-93-57 dnsmasq[130717]: read /opt/stack/data/neutron/dhcp/5c9564c3-f9ef-482a-9ad8-54497b9e3c62/addn_hosts - 0 names
Sep 04 07:02:38.738512 devstack-u2204-93-57 dnsmasq-dhcp[130717]: read /opt/stack/data/neutron/dhcp/5c9564c3-f9ef-482a-9ad8-54497b9e3c62/host
Sep 04 07:02:38.738556 devstack-u2204-93-57 dnsmasq-dhcp[130717]: read /opt/stack/data/neutron/dhcp/5c9564c3-f9ef-482a-9ad8-54497b9e3c62/opts
Sep 04 07:02:39.881039 devstack-u2204-93-57 dnsmasq[130717]: exiting on receipt of SIGTERM
Sep 04 07:02:45.190153 devstack-u2204-93-57 dnsmasq-dhcp[129476]: DHCPRELEASE(tapf4f0a530-50) 10.1.0.9 fa:16:3e:be:60:7e
Sep 04 07:02:45.227230 devstack-u2204-93-57 dnsmasq-dhcp[129476]: DHCPRELEASE(tapf4f0a530-50) 10.1.0.9 fa:16:3e:be:60:7e unknown lease
Sep 04 07:02:46.060269 devstack-u2204-93-57 dnsmasq[129476]: read /opt/stack/data/neutron/dhcp/1711b3ca-613a-43c0-b0d4-ff0ed43a2ab4/addn_hosts - 2 names
Sep 04 07:02:46.060350 devstack-u2204-93-57 dnsmasq-dhcp[129476]: read /opt/stack/data/neutron/dhcp/1711b3ca-613a-43c0-b0d4-ff0ed43a2ab4/host
Sep 04 07:02:46.060398 devstack-u2204-93-57 dnsmasq-dhcp[129476]: read /opt/stack/data/neutron/dhcp/1711b3ca-613a-43c0-b0d4-ff0ed43a2ab4/opts
Sep 04 07:02:51.454656 devstack-u2204-93-57 dnsmasq[129476]: read /opt/stack/data/neutron/dhcp/1711b3ca-613a-43c0-b0d4-ff0ed43a2ab4/addn_hosts - 0 names
Sep 04 07:02:51.454720 devstack-u2204-93-57 dnsmasq-dhcp[129476]: read /opt/stack/data/neutron/dhcp/1711b3ca-613a-43c0-b0d4-ff0ed43a2ab4/host
Sep 04 07:02:51.454772 devstack-u2204-93-57 dnsmasq-dhcp[129476]: read /opt/stack/data/neutron/dhcp/1711b3ca-613a-43c0-b0d4-ff0ed43a2ab4/opts
Sep 04 07:02:52.821759 devstack-u2204-93-57 dnsmasq[129476]: exiting on receipt of SIGTERM
Sep 04 07:02:58.295814 devstack-u2204-93-57 dnsmasq[192637]: started, version 2.90 cachesize 150
Sep 04 07:02:58.296470 devstack-u2204-93-57 dnsmasq[192637]: DNS service limited to local subnets
Sep 04 07:02:58.296501 devstack-u2204-93-57 dnsmasq[192637]: compile time options: IPv6 GNU-getopt DBus no-UBus i18n IDN2 DHCP DHCPv6 no-Lua TFTP conntrack ipset no-nftset auth cryptohash DNSSEC loop-detect inotify dumpfile
Sep 04 07:02:58.296542 devstack-u2204-93-57 dnsmasq-dhcp[192637]: DHCP, static leases only on 10.1.0.0, lease time 1d
Sep 04 07:02:58.296704 devstack-u2204-93-57 dnsmasq[192637]: reading /etc/resolv.conf
Sep 04 07:02:58.296720 devstack-u2204-93-57 dnsmasq[192637]: using nameserver 127.0.0.53#53
Sep 04 07:02:58.296802 devstack-u2204-93-57 dnsmasq[192637]: read /opt/stack/data/neutron/dhcp/f8f5c9f2-f9c5-44b1-87cc-3ff36c1c8446/addn_hosts - 0 names
Sep 04 07:02:58.296852 devstack-u2204-93-57 dnsmasq-dhcp[192637]: read /opt/stack/data/neutron/dhcp/f8f5c9f2-f9c5-44b1-87cc-3ff36c1c8446/host
Sep 04 07:02:58.296908 devstack-u2204-93-57 dnsmasq-dhcp[192637]: read /opt/stack/data/neutron/dhcp/f8f5c9f2-f9c5-44b1-87cc-3ff36c1c8446/opts
Sep 04 07:02:59.859144 devstack-u2204-93-57 dnsmasq[192637]: read /opt/stack/data/neutron/dhcp/f8f5c9f2-f9c5-44b1-87cc-3ff36c1c8446/addn_hosts - 2 names
Sep 04 07:02:59.859240 devstack-u2204-93-57 dnsmasq-dhcp[192637]: read /opt/stack/data/neutron/dhcp/f8f5c9f2-f9c5-44b1-87cc-3ff36c1c8446/host
Sep 04 07:02:59.859299 devstack-u2204-93-57 dnsmasq-dhcp[192637]: read /opt/stack/data/neutron/dhcp/f8f5c9f2-f9c5-44b1-87cc-3ff36c1c8446/opts
Sep 04 07:03:01.120514 devstack-u2204-93-57 dnsmasq[192637]: read /opt/stack/data/neutron/dhcp/f8f5c9f2-f9c5-44b1-87cc-3ff36c1c8446/addn_hosts - 2 names
Sep 04 07:03:01.121218 devstack-u2204-93-57 dnsmasq-dhcp[192637]: read /opt/stack/data/neutron/dhcp/f8f5c9f2-f9c5-44b1-87cc-3ff36c1c8446/host
Sep 04 07:03:01.121500 devstack-u2204-93-57 dnsmasq-dhcp[192637]: read /opt/stack/data/neutron/dhcp/f8f5c9f2-f9c5-44b1-87cc-3ff36c1c8446/opts
Sep 04 07:03:02.401452 devstack-u2204-93-57 dnsmasq[192637]: read /opt/stack/data/neutron/dhcp/f8f5c9f2-f9c5-44b1-87cc-3ff36c1c8446/addn_hosts - 2 names
Sep 04 07:03:02.401519 devstack-u2204-93-57 dnsmasq-dhcp[192637]: read /opt/stack/data/neutron/dhcp/f8f5c9f2-f9c5-44b1-87cc-3ff36c1c8446/host
Sep 04 07:03:02.401561 devstack-u2204-93-57 dnsmasq-dhcp[192637]: read /opt/stack/data/neutron/dhcp/f8f5c9f2-f9c5-44b1-87cc-3ff36c1c8446/opts
Sep 04 07:03:05.203889 devstack-u2204-93-57 dnsmasq[192637]: read /opt/stack/data/neutron/dhcp/f8f5c9f2-f9c5-44b1-87cc-3ff36c1c8446/addn_hosts - 4 names
Sep 04 07:03:05.203974 devstack-u2204-93-57 dnsmasq-dhcp[192637]: read /opt/stack/data/neutron/dhcp/f8f5c9f2-f9c5-44b1-87cc-3ff36c1c8446/host
Sep 04 07:03:05.204045 devstack-u2204-93-57 dnsmasq-dhcp[192637]: read /opt/stack/data/neutron/dhcp/f8f5c9f2-f9c5-44b1-87cc-3ff36c1c8446/opts
Sep 04 07:03:16.192391 devstack-u2204-93-57 dnsmasq[162023]: read /opt/stack/data/neutron/dhcp/41df7fb3-becd-445f-9b47-41b1c572a6aa/addn_hosts - 0 names
Sep 04 07:03:16.192434 devstack-u2204-93-57 dnsmasq-dhcp[162023]: read /opt/stack/data/neutron/dhcp/41df7fb3-becd-445f-9b47-41b1c572a6aa/host
Sep 04 07:03:16.192475 devstack-u2204-93-57 dnsmasq-dhcp[162023]: read /opt/stack/data/neutron/dhcp/41df7fb3-becd-445f-9b47-41b1c572a6aa/opts
Sep 04 07:03:17.443851 devstack-u2204-93-57 dnsmasq[162023]: exiting on receipt of SIGTERM
Sep 04 07:03:18.538856 devstack-u2204-93-57 dnsmasq[162521]: read /opt/stack/data/neutron/dhcp/e02f5956-243e-44b9-87c3-9d69f6056348/addn_hosts - 0 names
Sep 04 07:03:18.539544 devstack-u2204-93-57 dnsmasq-dhcp[162521]: read /opt/stack/data/neutron/dhcp/e02f5956-243e-44b9-87c3-9d69f6056348/host
Sep 04 07:03:18.539744 devstack-u2204-93-57 dnsmasq-dhcp[162521]: read /opt/stack/data/neutron/dhcp/e02f5956-243e-44b9-87c3-9d69f6056348/opts
Sep 04 07:03:20.062500 devstack-u2204-93-57 dnsmasq[162521]: exiting on receipt of SIGTERM
Sep 04 07:03:23.273121 devstack-u2204-93-57 dnsmasq[186519]: read /opt/stack/data/neutron/dhcp/2c93a87c-f56a-41fb-81ff-d8de5eabf018/addn_hosts - 8 names
Sep 04 07:03:23.273225 devstack-u2204-93-57 dnsmasq-dhcp[186519]: read /opt/stack/data/neutron/dhcp/2c93a87c-f56a-41fb-81ff-d8de5eabf018/host
Sep 04 07:03:23.273300 devstack-u2204-93-57 dnsmasq-dhcp[186519]: read /opt/stack/data/neutron/dhcp/2c93a87c-f56a-41fb-81ff-d8de5eabf018/opts
Sep 04 07:03:25.570188 devstack-u2204-93-57 dnsmasq[192637]: read /opt/stack/data/neutron/dhcp/f8f5c9f2-f9c5-44b1-87cc-3ff36c1c8446/addn_hosts - 6 names
Sep 04 07:03:25.570261 devstack-u2204-93-57 dnsmasq-dhcp[192637]: read /opt/stack/data/neutron/dhcp/f8f5c9f2-f9c5-44b1-87cc-3ff36c1c8446/host
Sep 04 07:03:25.570315 devstack-u2204-93-57 dnsmasq-dhcp[192637]: read /opt/stack/data/neutron/dhcp/f8f5c9f2-f9c5-44b1-87cc-3ff36c1c8446/opts
Sep 04 07:03:27.180632 devstack-u2204-93-57 dnsmasq-dhcp[186519]: DHCPREQUEST(tapde854428-d3) 10.1.0.5 fa:16:3e:3b:26:06
Sep 04 07:03:27.180664 devstack-u2204-93-57 dnsmasq-dhcp[186519]: DHCPACK(tapde854428-d3) 10.1.0.5 fa:16:3e:3b:26:06 host-10-1-0-5
Sep 04 07:03:37.927206 devstack-u2204-93-57 dnsmasq-dhcp[192637]: DHCPDISCOVER(tapa17dcb1d-c3) fa:16:3e:c9:c3:f3
Sep 04 07:03:37.927228 devstack-u2204-93-57 dnsmasq-dhcp[192637]: DHCPOFFER(tapa17dcb1d-c3) 10.1.0.8 fa:16:3e:c9:c3:f3
Sep 04 07:03:37.941682 devstack-u2204-93-57 dnsmasq-dhcp[192637]: DHCPREQUEST(tapa17dcb1d-c3) 10.1.0.8 fa:16:3e:c9:c3:f3
Sep 04 07:03:37.941711 devstack-u2204-93-57 dnsmasq-dhcp[192637]: DHCPACK(tapa17dcb1d-c3) 10.1.0.8 fa:16:3e:c9:c3:f3 host-10-1-0-8
Sep 04 07:03:39.259092 devstack-u2204-93-57 dnsmasq[192637]: read /opt/stack/data/neutron/dhcp/f8f5c9f2-f9c5-44b1-87cc-3ff36c1c8446/addn_hosts - 4 names
Sep 04 07:03:39.259203 devstack-u2204-93-57 dnsmasq-dhcp[192637]: read /opt/stack/data/neutron/dhcp/f8f5c9f2-f9c5-44b1-87cc-3ff36c1c8446/host
Sep 04 07:03:39.259290 devstack-u2204-93-57 dnsmasq-dhcp[192637]: read /opt/stack/data/neutron/dhcp/f8f5c9f2-f9c5-44b1-87cc-3ff36c1c8446/opts
Sep 04 07:03:52.953656 devstack-u2204-93-57 dnsmasq[194655]: started, version 2.90 cachesize 150
Sep 04 07:03:52.953685 devstack-u2204-93-57 dnsmasq[194655]: DNS service limited to local subnets
Sep 04 07:03:52.953701 devstack-u2204-93-57 dnsmasq[194655]: compile time options: IPv6 GNU-getopt DBus no-UBus i18n IDN2 DHCP DHCPv6 no-Lua TFTP conntrack ipset no-nftset auth cryptohash DNSSEC loop-detect inotify dumpfile
Sep 04 07:03:52.955190 devstack-u2204-93-57 dnsmasq-dhcp[194655]: DHCP, static leases only on 10.1.0.0, lease time 1d
Sep 04 07:03:52.955358 devstack-u2204-93-57 dnsmasq[194655]: reading /etc/resolv.conf
Sep 04 07:03:52.955375 devstack-u2204-93-57 dnsmasq[194655]: using nameserver 127.0.0.53#53
Sep 04 07:03:52.955456 devstack-u2204-93-57 dnsmasq[194655]: read /opt/stack/data/neutron/dhcp/f70bea13-9fb5-4655-8a9e-c026acf8a04c/addn_hosts - 0 names
Sep 04 07:03:52.955527 devstack-u2204-93-57 dnsmasq-dhcp[194655]: read /opt/stack/data/neutron/dhcp/f70bea13-9fb5-4655-8a9e-c026acf8a04c/host
Sep 04 07:03:52.955584 devstack-u2204-93-57 dnsmasq-dhcp[194655]: read /opt/stack/data/neutron/dhcp/f70bea13-9fb5-4655-8a9e-c026acf8a04c/opts
Sep 04 07:03:54.496363 devstack-u2204-93-57 dnsmasq[194655]: read /opt/stack/data/neutron/dhcp/f70bea13-9fb5-4655-8a9e-c026acf8a04c/addn_hosts - 2 names
Sep 04 07:03:54.496409 devstack-u2204-93-57 dnsmasq-dhcp[194655]: read /opt/stack/data/neutron/dhcp/f70bea13-9fb5-4655-8a9e-c026acf8a04c/host
Sep 04 07:03:54.496449 devstack-u2204-93-57 dnsmasq-dhcp[194655]: read /opt/stack/data/neutron/dhcp/f70bea13-9fb5-4655-8a9e-c026acf8a04c/opts
Sep 04 07:03:55.752120 devstack-u2204-93-57 dnsmasq-dhcp[186519]: DHCPDISCOVER(tapde854428-d3) fa:16:3e:f9:bc:dc
Sep 04 07:03:55.753516 devstack-u2204-93-57 dnsmasq-dhcp[186519]: DHCPOFFER(tapde854428-d3) 10.1.0.4 fa:16:3e:f9:bc:dc
Sep 04 07:03:55.779362 devstack-u2204-93-57 dnsmasq-dhcp[186519]: DHCPREQUEST(tapde854428-d3) 10.1.0.4 fa:16:3e:f9:bc:dc
Sep 04 07:03:55.779386 devstack-u2204-93-57 dnsmasq-dhcp[186519]: DHCPACK(tapde854428-d3) 10.1.0.4 fa:16:3e:f9:bc:dc host-10-1-0-4
Sep 04 07:03:55.827007 devstack-u2204-93-57 dnsmasq[101130]: read /opt/stack/data/neutron/dhcp/d178761a-342a-4ec0-b817-5b72eb923613/addn_hosts - 2 names
Sep 04 07:03:55.827065 devstack-u2204-93-57 dnsmasq-dhcp[101130]: read /opt/stack/data/neutron/dhcp/d178761a-342a-4ec0-b817-5b72eb923613/host
Sep 04 07:03:55.827096 devstack-u2204-93-57 dnsmasq-dhcp[101130]: read /opt/stack/data/neutron/dhcp/d178761a-342a-4ec0-b817-5b72eb923613/opts
Sep 04 07:03:59.695505 devstack-u2204-93-57 dnsmasq[195114]: started, version 2.90 cachesize 150
Sep 04 07:03:59.695524 devstack-u2204-93-57 dnsmasq[195114]: DNS service limited to local subnets
Sep 04 07:03:59.695536 devstack-u2204-93-57 dnsmasq[195114]: compile time options: IPv6 GNU-getopt DBus no-UBus i18n IDN2 DHCP DHCPv6 no-Lua TFTP conntrack ipset no-nftset auth cryptohash DNSSEC loop-detect inotify dumpfile
Sep 04 07:03:59.695561 devstack-u2204-93-57 dnsmasq-dhcp[195114]: DHCP, static leases only on 10.1.0.0, lease time 1d
Sep 04 07:03:59.696003 devstack-u2204-93-57 dnsmasq[195114]: reading /etc/resolv.conf
Sep 04 07:03:59.696015 devstack-u2204-93-57 dnsmasq[195114]: using nameserver 127.0.0.53#53
Sep 04 07:03:59.696119 devstack-u2204-93-57 dnsmasq[195114]: read /opt/stack/data/neutron/dhcp/cdcc880e-2f92-4613-a730-a3fc760fe529/addn_hosts - 0 names
Sep 04 07:03:59.696150 devstack-u2204-93-57 dnsmasq-dhcp[195114]: read /opt/stack/data/neutron/dhcp/cdcc880e-2f92-4613-a730-a3fc760fe529/host
Sep 04 07:03:59.696189 devstack-u2204-93-57 dnsmasq-dhcp[195114]: read /opt/stack/data/neutron/dhcp/cdcc880e-2f92-4613-a730-a3fc760fe529/opts
Sep 04 07:04:00.234618 devstack-u2204-93-57 dnsmasq[194655]: read /opt/stack/data/neutron/dhcp/f70bea13-9fb5-4655-8a9e-c026acf8a04c/addn_hosts - 2 names
Sep 04 07:04:00.234719 devstack-u2204-93-57 dnsmasq-dhcp[194655]: read /opt/stack/data/neutron/dhcp/f70bea13-9fb5-4655-8a9e-c026acf8a04c/host
Sep 04 07:04:00.234807 devstack-u2204-93-57 dnsmasq-dhcp[194655]: read /opt/stack/data/neutron/dhcp/f70bea13-9fb5-4655-8a9e-c026acf8a04c/opts
Sep 04 07:04:01.525645 devstack-u2204-93-57 dnsmasq[144058]: read /opt/stack/data/neutron/dhcp/cca2cdea-0c29-4988-881a-f4cf16904764/addn_hosts - 4 names
Sep 04 07:04:01.525698 devstack-u2204-93-57 dnsmasq-dhcp[144058]: read /opt/stack/data/neutron/dhcp/cca2cdea-0c29-4988-881a-f4cf16904764/host
Sep 04 07:04:01.525738 devstack-u2204-93-57 dnsmasq-dhcp[144058]: read /opt/stack/data/neutron/dhcp/cca2cdea-0c29-4988-881a-f4cf16904764/opts
Sep 04 07:04:02.851195 devstack-u2204-93-57 dnsmasq[195114]: read /opt/stack/data/neutron/dhcp/cdcc880e-2f92-4613-a730-a3fc760fe529/addn_hosts - 2 names
Sep 04 07:04:02.851241 devstack-u2204-93-57 dnsmasq-dhcp[195114]: read /opt/stack/data/neutron/dhcp/cdcc880e-2f92-4613-a730-a3fc760fe529/host
Sep 04 07:04:02.851281 devstack-u2204-93-57 dnsmasq-dhcp[195114]: read /opt/stack/data/neutron/dhcp/cdcc880e-2f92-4613-a730-a3fc760fe529/opts
Sep 04 07:04:03.634623 devstack-u2204-93-57 dnsmasq[194655]: read /opt/stack/data/neutron/dhcp/f70bea13-9fb5-4655-8a9e-c026acf8a04c/addn_hosts - 2 names
Sep 04 07:04:03.634745 devstack-u2204-93-57 dnsmasq-dhcp[194655]: read /opt/stack/data/neutron/dhcp/f70bea13-9fb5-4655-8a9e-c026acf8a04c/host
Sep 04 07:04:03.634893 devstack-u2204-93-57 dnsmasq-dhcp[194655]: read /opt/stack/data/neutron/dhcp/f70bea13-9fb5-4655-8a9e-c026acf8a04c/opts
Sep 04 07:04:05.011902 devstack-u2204-93-57 dnsmasq[195114]: read /opt/stack/data/neutron/dhcp/cdcc880e-2f92-4613-a730-a3fc760fe529/addn_hosts - 2 names
Sep 04 07:04:05.012004 devstack-u2204-93-57 dnsmasq-dhcp[195114]: read /opt/stack/data/neutron/dhcp/cdcc880e-2f92-4613-a730-a3fc760fe529/host
Sep 04 07:04:05.012094 devstack-u2204-93-57 dnsmasq-dhcp[195114]: read /opt/stack/data/neutron/dhcp/cdcc880e-2f92-4613-a730-a3fc760fe529/opts
Sep 04 07:04:06.352843 devstack-u2204-93-57 dnsmasq[195114]: read /opt/stack/data/neutron/dhcp/cdcc880e-2f92-4613-a730-a3fc760fe529/addn_hosts - 2 names
Sep 04 07:04:06.352948 devstack-u2204-93-57 dnsmasq-dhcp[195114]: read /opt/stack/data/neutron/dhcp/cdcc880e-2f92-4613-a730-a3fc760fe529/host
Sep 04 07:04:06.353048 devstack-u2204-93-57 dnsmasq-dhcp[195114]: read /opt/stack/data/neutron/dhcp/cdcc880e-2f92-4613-a730-a3fc760fe529/opts
Sep 04 07:04:08.973280 devstack-u2204-93-57 dnsmasq[194655]: read /opt/stack/data/neutron/dhcp/f70bea13-9fb5-4655-8a9e-c026acf8a04c/addn_hosts - 4 names
Sep 04 07:04:08.974556 devstack-u2204-93-57 dnsmasq-dhcp[194655]: read /opt/stack/data/neutron/dhcp/f70bea13-9fb5-4655-8a9e-c026acf8a04c/host
Sep 04 07:04:08.974604 devstack-u2204-93-57 dnsmasq-dhcp[194655]: read /opt/stack/data/neutron/dhcp/f70bea13-9fb5-4655-8a9e-c026acf8a04c/opts
Sep 04 07:04:26.192313 devstack-u2204-93-57 dnsmasq-dhcp[182660]: DHCPREQUEST(tapc10210f0-bc) 10.1.0.4 fa:16:3e:a4:9c:f8
Sep 04 07:04:26.192380 devstack-u2204-93-57 dnsmasq-dhcp[182660]: DHCPACK(tapc10210f0-bc) 10.1.0.4 fa:16:3e:a4:9c:f8 host-10-1-0-4
Sep 04 07:04:34.229743 devstack-u2204-93-57 dnsmasq-dhcp[192637]: DHCPRELEASE(tapa17dcb1d-c3) 10.1.0.8 fa:16:3e:c9:c3:f3
Sep 04 07:04:34.247657 devstack-u2204-93-57 dnsmasq-dhcp[192637]: DHCPRELEASE(tapa17dcb1d-c3) 10.1.0.8 fa:16:3e:c9:c3:f3 unknown lease
Sep 04 07:04:35.079083 devstack-u2204-93-57 dnsmasq[192637]: read /opt/stack/data/neutron/dhcp/f8f5c9f2-f9c5-44b1-87cc-3ff36c1c8446/addn_hosts - 2 names
Sep 04 07:04:35.079180 devstack-u2204-93-57 dnsmasq-dhcp[192637]: read /opt/stack/data/neutron/dhcp/f8f5c9f2-f9c5-44b1-87cc-3ff36c1c8446/host
Sep 04 07:04:35.079262 devstack-u2204-93-57 dnsmasq-dhcp[192637]: read /opt/stack/data/neutron/dhcp/f8f5c9f2-f9c5-44b1-87cc-3ff36c1c8446/opts
Sep 04 07:04:35.515829 devstack-u2204-93-57 dnsmasq-dhcp[144058]: DHCPDISCOVER(tap3e41fea3-10) fa:16:3e:d7:56:9a
Sep 04 07:04:35.515859 devstack-u2204-93-57 dnsmasq-dhcp[144058]: DHCPOFFER(tap3e41fea3-10) 10.1.0.9 fa:16:3e:d7:56:9a
Sep 04 07:04:35.530743 devstack-u2204-93-57 dnsmasq-dhcp[144058]: DHCPREQUEST(tap3e41fea3-10) 10.1.0.9 fa:16:3e:d7:56:9a
Sep 04 07:04:35.530824 devstack-u2204-93-57 dnsmasq-dhcp[144058]: DHCPACK(tap3e41fea3-10) 10.1.0.9 fa:16:3e:d7:56:9a host-10-1-0-9
Sep 04 07:04:39.827089 devstack-u2204-93-57 dnsmasq[192637]: read /opt/stack/data/neutron/dhcp/f8f5c9f2-f9c5-44b1-87cc-3ff36c1c8446/addn_hosts - 0 names
Sep 04 07:04:39.827134 devstack-u2204-93-57 dnsmasq-dhcp[192637]: read /opt/stack/data/neutron/dhcp/f8f5c9f2-f9c5-44b1-87cc-3ff36c1c8446/host
Sep 04 07:04:39.827171 devstack-u2204-93-57 dnsmasq-dhcp[192637]: read /opt/stack/data/neutron/dhcp/f8f5c9f2-f9c5-44b1-87cc-3ff36c1c8446/opts
Sep 04 07:04:41.176270 devstack-u2204-93-57 dnsmasq[192637]: exiting on receipt of SIGTERM
Sep 04 07:04:46.122016 devstack-u2204-93-57 dnsmasq-dhcp[194655]: DHCPDISCOVER(tap1ea0e826-a8) fa:16:3e:30:4d:3d
Sep 04 07:04:46.122070 devstack-u2204-93-57 dnsmasq-dhcp[194655]: DHCPOFFER(tap1ea0e826-a8) 10.1.0.6 fa:16:3e:30:4d:3d
Sep 04 07:04:46.138834 devstack-u2204-93-57 dnsmasq-dhcp[194655]: DHCPREQUEST(tap1ea0e826-a8) 10.1.0.6 fa:16:3e:30:4d:3d
Sep 04 07:04:46.138890 devstack-u2204-93-57 dnsmasq-dhcp[194655]: DHCPACK(tap1ea0e826-a8) 10.1.0.6 fa:16:3e:30:4d:3d host-10-1-0-6
Sep 04 07:05:25.987401 devstack-u2204-93-57 dnsmasq-dhcp[163013]: DHCPRELEASE(tape726fa3b-f9) 10.1.0.3 fa:16:3e:e6:d1:c2
Sep 04 07:05:26.014234 devstack-u2204-93-57 dnsmasq-dhcp[163013]: DHCPRELEASE(tape726fa3b-f9) 10.1.0.3 fa:16:3e:e6:d1:c2 unknown lease
Sep 04 07:05:26.849139 devstack-u2204-93-57 dnsmasq[163013]: read /opt/stack/data/neutron/dhcp/2dc32b79-fe57-4647-850e-ff961c9313b7/addn_hosts - 2 names
Sep 04 07:05:26.849292 devstack-u2204-93-57 dnsmasq-dhcp[163013]: read /opt/stack/data/neutron/dhcp/2dc32b79-fe57-4647-850e-ff961c9313b7/host
Sep 04 07:05:26.849457 devstack-u2204-93-57 dnsmasq-dhcp[163013]: read /opt/stack/data/neutron/dhcp/2dc32b79-fe57-4647-850e-ff961c9313b7/opts
Sep 04 07:05:34.171384 devstack-u2204-93-57 dnsmasq[101130]: read /opt/stack/data/neutron/dhcp/d178761a-342a-4ec0-b817-5b72eb923613/addn_hosts - 0 names
Sep 04 07:05:34.171544 devstack-u2204-93-57 dnsmasq-dhcp[101130]: read /opt/stack/data/neutron/dhcp/d178761a-342a-4ec0-b817-5b72eb923613/host
Sep 04 07:05:34.171631 devstack-u2204-93-57 dnsmasq-dhcp[101130]: read /opt/stack/data/neutron/dhcp/d178761a-342a-4ec0-b817-5b72eb923613/opts
Sep 04 07:05:39.861596 devstack-u2204-93-57 dnsmasq-dhcp[186519]: DHCPREQUEST(tapde854428-d3) 10.1.0.4 fa:16:3e:f9:bc:dc
Sep 04 07:05:39.861670 devstack-u2204-93-57 dnsmasq-dhcp[186519]: DHCPACK(tapde854428-d3) 10.1.0.4 fa:16:3e:f9:bc:dc host-10-1-0-4
Sep 04 07:06:06.654244 devstack-u2204-93-57 dnsmasq[163013]: read /opt/stack/data/neutron/dhcp/2dc32b79-fe57-4647-850e-ff961c9313b7/addn_hosts - 0 names
Sep 04 07:06:06.654347 devstack-u2204-93-57 dnsmasq-dhcp[163013]: read /opt/stack/data/neutron/dhcp/2dc32b79-fe57-4647-850e-ff961c9313b7/host
Sep 04 07:06:06.654429 devstack-u2204-93-57 dnsmasq-dhcp[163013]: read /opt/stack/data/neutron/dhcp/2dc32b79-fe57-4647-850e-ff961c9313b7/opts
Sep 04 07:06:08.027083 devstack-u2204-93-57 dnsmasq[163013]: exiting on receipt of SIGTERM
Sep 04 07:06:09.256868 devstack-u2204-93-57 dnsmasq[163602]: read /opt/stack/data/neutron/dhcp/9378b5c9-4404-4060-9c89-7dfce4c8408d/addn_hosts - 0 names
Sep 04 07:06:09.256970 devstack-u2204-93-57 dnsmasq-dhcp[163602]: read /opt/stack/data/neutron/dhcp/9378b5c9-4404-4060-9c89-7dfce4c8408d/host
Sep 04 07:06:09.257048 devstack-u2204-93-57 dnsmasq-dhcp[163602]: read /opt/stack/data/neutron/dhcp/9378b5c9-4404-4060-9c89-7dfce4c8408d/opts
Sep 04 07:06:10.569991 devstack-u2204-93-57 dnsmasq[163602]: exiting on receipt of SIGTERM
Sep 04 07:06:14.443363 devstack-u2204-93-57 dnsmasq-dhcp[182660]: DHCPREQUEST(tapc10210f0-bc) 10.1.0.4 fa:16:3e:a4:9c:f8
Sep 04 07:06:14.443413 devstack-u2204-93-57 dnsmasq-dhcp[182660]: DHCPACK(tapc10210f0-bc) 10.1.0.4 fa:16:3e:a4:9c:f8 host-10-1-0-4
Sep 04 07:06:16.692395 devstack-u2204-93-57 dnsmasq[210758]: started, version 2.90 cachesize 150
Sep 04 07:06:16.692430 devstack-u2204-93-57 dnsmasq[210758]: DNS service limited to local subnets
Sep 04 07:06:16.692452 devstack-u2204-93-57 dnsmasq[210758]: compile time options: IPv6 GNU-getopt DBus no-UBus i18n IDN2 DHCP DHCPv6 no-Lua TFTP conntrack ipset no-nftset auth cryptohash DNSSEC loop-detect inotify dumpfile
Sep 04 07:06:16.693018 devstack-u2204-93-57 dnsmasq-dhcp[210758]: DHCP, static leases only on 10.1.0.0, lease time 1d
Sep 04 07:06:16.693331 devstack-u2204-93-57 dnsmasq[210758]: reading /etc/resolv.conf
Sep 04 07:06:16.693356 devstack-u2204-93-57 dnsmasq[210758]: using nameserver 127.0.0.53#53
Sep 04 07:06:16.694408 devstack-u2204-93-57 dnsmasq[210758]: read /opt/stack/data/neutron/dhcp/b39c8d6b-2ea2-4cd5-93c7-f5ecdb39f8c2/addn_hosts - 0 names
Sep 04 07:06:16.694512 devstack-u2204-93-57 dnsmasq-dhcp[210758]: read /opt/stack/data/neutron/dhcp/b39c8d6b-2ea2-4cd5-93c7-f5ecdb39f8c2/host
Sep 04 07:06:16.694929 devstack-u2204-93-57 dnsmasq-dhcp[210758]: read /opt/stack/data/neutron/dhcp/b39c8d6b-2ea2-4cd5-93c7-f5ecdb39f8c2/opts
Sep 04 07:06:18.251111 devstack-u2204-93-57 dnsmasq[210758]: read /opt/stack/data/neutron/dhcp/b39c8d6b-2ea2-4cd5-93c7-f5ecdb39f8c2/addn_hosts - 2 names
Sep 04 07:06:18.253150 devstack-u2204-93-57 dnsmasq-dhcp[210758]: read /opt/stack/data/neutron/dhcp/b39c8d6b-2ea2-4cd5-93c7-f5ecdb39f8c2/host
Sep 04 07:06:18.253249 devstack-u2204-93-57 dnsmasq-dhcp[210758]: read /opt/stack/data/neutron/dhcp/b39c8d6b-2ea2-4cd5-93c7-f5ecdb39f8c2/opts
Sep 04 07:06:21.750069 devstack-u2204-93-57 dnsmasq[211090]: started, version 2.90 cachesize 150
Sep 04 07:06:21.750121 devstack-u2204-93-57 dnsmasq[211090]: DNS service limited to local subnets
Sep 04 07:06:21.750145 devstack-u2204-93-57 dnsmasq[211090]: compile time options: IPv6 GNU-getopt DBus no-UBus i18n IDN2 DHCP DHCPv6 no-Lua TFTP conntrack ipset no-nftset auth cryptohash DNSSEC loop-detect inotify dumpfile
Sep 04 07:06:21.750208 devstack-u2204-93-57 dnsmasq-dhcp[211090]: DHCP, static leases only on 10.1.0.0, lease time 1d
Sep 04 07:06:21.750450 devstack-u2204-93-57 dnsmasq[211090]: reading /etc/resolv.conf
Sep 04 07:06:21.750476 devstack-u2204-93-57 dnsmasq[211090]: using nameserver 127.0.0.53#53
Sep 04 07:06:21.750642 devstack-u2204-93-57 dnsmasq[211090]: read /opt/stack/data/neutron/dhcp/ab38014b-8e92-4064-a1de-cc9604ed6e9b/addn_hosts - 0 names
Sep 04 07:06:21.750721 devstack-u2204-93-57 dnsmasq-dhcp[211090]: read /opt/stack/data/neutron/dhcp/ab38014b-8e92-4064-a1de-cc9604ed6e9b/host
Sep 04 07:06:21.750810 devstack-u2204-93-57 dnsmasq-dhcp[211090]: read /opt/stack/data/neutron/dhcp/ab38014b-8e92-4064-a1de-cc9604ed6e9b/opts
Sep 04 07:06:22.798548 devstack-u2204-93-57 dnsmasq[210758]: read /opt/stack/data/neutron/dhcp/b39c8d6b-2ea2-4cd5-93c7-f5ecdb39f8c2/addn_hosts - 2 names
Sep 04 07:06:22.798668 devstack-u2204-93-57 dnsmasq-dhcp[210758]: read /opt/stack/data/neutron/dhcp/b39c8d6b-2ea2-4cd5-93c7-f5ecdb39f8c2/host
Sep 04 07:06:22.798794 devstack-u2204-93-57 dnsmasq-dhcp[210758]: read /opt/stack/data/neutron/dhcp/b39c8d6b-2ea2-4cd5-93c7-f5ecdb39f8c2/opts
Sep 04 07:06:24.191528 devstack-u2204-93-57 dnsmasq[211090]: read /opt/stack/data/neutron/dhcp/ab38014b-8e92-4064-a1de-cc9604ed6e9b/addn_hosts - 2 names
Sep 04 07:06:24.191646 devstack-u2204-93-57 dnsmasq-dhcp[211090]: read /opt/stack/data/neutron/dhcp/ab38014b-8e92-4064-a1de-cc9604ed6e9b/host
Sep 04 07:06:24.191743 devstack-u2204-93-57 dnsmasq-dhcp[211090]: read /opt/stack/data/neutron/dhcp/ab38014b-8e92-4064-a1de-cc9604ed6e9b/opts
Sep 04 07:06:26.174378 devstack-u2204-93-57 dnsmasq[210758]: read /opt/stack/data/neutron/dhcp/b39c8d6b-2ea2-4cd5-93c7-f5ecdb39f8c2/addn_hosts - 2 names
Sep 04 07:06:26.174533 devstack-u2204-93-57 dnsmasq-dhcp[210758]: read /opt/stack/data/neutron/dhcp/b39c8d6b-2ea2-4cd5-93c7-f5ecdb39f8c2/host
Sep 04 07:06:26.174669 devstack-u2204-93-57 dnsmasq-dhcp[210758]: read /opt/stack/data/neutron/dhcp/b39c8d6b-2ea2-4cd5-93c7-f5ecdb39f8c2/opts
Sep 04 07:06:27.064743 devstack-u2204-93-57 dnsmasq[211090]: read /opt/stack/data/neutron/dhcp/ab38014b-8e92-4064-a1de-cc9604ed6e9b/addn_hosts - 2 names
Sep 04 07:06:27.064857 devstack-u2204-93-57 dnsmasq-dhcp[211090]: read /opt/stack/data/neutron/dhcp/ab38014b-8e92-4064-a1de-cc9604ed6e9b/host
Sep 04 07:06:27.064952 devstack-u2204-93-57 dnsmasq-dhcp[211090]: read /opt/stack/data/neutron/dhcp/ab38014b-8e92-4064-a1de-cc9604ed6e9b/opts
Sep 04 07:06:28.460201 devstack-u2204-93-57 dnsmasq[211090]: read /opt/stack/data/neutron/dhcp/ab38014b-8e92-4064-a1de-cc9604ed6e9b/addn_hosts - 2 names
Sep 04 07:06:28.460329 devstack-u2204-93-57 dnsmasq-dhcp[211090]: read /opt/stack/data/neutron/dhcp/ab38014b-8e92-4064-a1de-cc9604ed6e9b/host
Sep 04 07:06:28.460469 devstack-u2204-93-57 dnsmasq-dhcp[211090]: read /opt/stack/data/neutron/dhcp/ab38014b-8e92-4064-a1de-cc9604ed6e9b/opts
Sep 04 07:06:56.465781 devstack-u2204-93-57 dnsmasq[210758]: read /opt/stack/data/neutron/dhcp/b39c8d6b-2ea2-4cd5-93c7-f5ecdb39f8c2/addn_hosts - 4 names
Sep 04 07:06:56.465852 devstack-u2204-93-57 dnsmasq-dhcp[210758]: read /opt/stack/data/neutron/dhcp/b39c8d6b-2ea2-4cd5-93c7-f5ecdb39f8c2/host
Sep 04 07:06:56.465924 devstack-u2204-93-57 dnsmasq-dhcp[210758]: read /opt/stack/data/neutron/dhcp/b39c8d6b-2ea2-4cd5-93c7-f5ecdb39f8c2/opts
Sep 04 07:06:56.815980 devstack-u2204-93-57 dnsmasq-dhcp[182660]: DHCPRELEASE(tapc10210f0-bc) 10.1.0.4 fa:16:3e:a4:9c:f8
Sep 04 07:06:56.841534 devstack-u2204-93-57 dnsmasq-dhcp[182660]: DHCPRELEASE(tapc10210f0-bc) 10.1.0.4 fa:16:3e:a4:9c:f8 unknown lease
Sep 04 07:06:57.680291 devstack-u2204-93-57 dnsmasq[182660]: read /opt/stack/data/neutron/dhcp/84d0c5a3-415e-4574-a7e8-06dc25551298/addn_hosts - 2 names
Sep 04 07:06:57.680345 devstack-u2204-93-57 dnsmasq-dhcp[182660]: read /opt/stack/data/neutron/dhcp/84d0c5a3-415e-4574-a7e8-06dc25551298/host
Sep 04 07:06:57.680388 devstack-u2204-93-57 dnsmasq-dhcp[182660]: read /opt/stack/data/neutron/dhcp/84d0c5a3-415e-4574-a7e8-06dc25551298/opts
Sep 04 07:06:59.506031 devstack-u2204-93-57 dnsmasq-dhcp[186519]: DHCPRELEASE(tapde854428-d3) 10.1.0.4 fa:16:3e:f9:bc:dc
Sep 04 07:06:59.527131 devstack-u2204-93-57 dnsmasq-dhcp[186519]: DHCPRELEASE(tapde854428-d3) 10.1.0.4 fa:16:3e:f9:bc:dc unknown lease
Sep 04 07:07:00.360467 devstack-u2204-93-57 dnsmasq[186519]: read /opt/stack/data/neutron/dhcp/2c93a87c-f56a-41fb-81ff-d8de5eabf018/addn_hosts - 6 names
Sep 04 07:07:00.360583 devstack-u2204-93-57 dnsmasq-dhcp[186519]: read /opt/stack/data/neutron/dhcp/2c93a87c-f56a-41fb-81ff-d8de5eabf018/host
Sep 04 07:07:00.360644 devstack-u2204-93-57 dnsmasq-dhcp[186519]: read /opt/stack/data/neutron/dhcp/2c93a87c-f56a-41fb-81ff-d8de5eabf018/opts
Sep 04 07:07:07.082900 devstack-u2204-93-57 dnsmasq-dhcp[194655]: DHCPREQUEST(tap1ea0e826-a8) 10.1.0.6 fa:16:3e:30:4d:3d
Sep 04 07:07:07.082937 devstack-u2204-93-57 dnsmasq-dhcp[194655]: DHCPACK(tap1ea0e826-a8) 10.1.0.6 fa:16:3e:30:4d:3d host-10-1-0-6
Sep 04 07:07:08.816936 devstack-u2204-93-57 dnsmasq[182660]: read /opt/stack/data/neutron/dhcp/84d0c5a3-415e-4574-a7e8-06dc25551298/addn_hosts - 4 names
Sep 04 07:07:08.817083 devstack-u2204-93-57 dnsmasq-dhcp[182660]: read /opt/stack/data/neutron/dhcp/84d0c5a3-415e-4574-a7e8-06dc25551298/host
Sep 04 07:07:08.817274 devstack-u2204-93-57 dnsmasq-dhcp[182660]: read /opt/stack/data/neutron/dhcp/84d0c5a3-415e-4574-a7e8-06dc25551298/opts
Sep 04 07:07:40.768624 devstack-u2204-93-57 dnsmasq-dhcp[210758]: DHCPDISCOVER(tapd6696f6c-23) fa:16:3e:61:ad:84
Sep 04 07:07:40.768673 devstack-u2204-93-57 dnsmasq-dhcp[210758]: DHCPOFFER(tapd6696f6c-23) 10.1.0.5 fa:16:3e:61:ad:84
Sep 04 07:07:40.784229 devstack-u2204-93-57 dnsmasq-dhcp[210758]: DHCPREQUEST(tapd6696f6c-23) 10.1.0.5 fa:16:3e:61:ad:84
Sep 04 07:07:40.784285 devstack-u2204-93-57 dnsmasq-dhcp[210758]: DHCPACK(tapd6696f6c-23) 10.1.0.5 fa:16:3e:61:ad:84 host-10-1-0-5
Sep 04 07:07:43.287797 devstack-u2204-93-57 dnsmasq-dhcp[182660]: DHCPDISCOVER(tapc10210f0-bc) fa:16:3e:9c:59:54
Sep 04 07:07:43.287823 devstack-u2204-93-57 dnsmasq-dhcp[182660]: DHCPOFFER(tapc10210f0-bc) 10.1.0.8 fa:16:3e:9c:59:54
Sep 04 07:07:43.306336 devstack-u2204-93-57 dnsmasq-dhcp[182660]: DHCPREQUEST(tapc10210f0-bc) 10.1.0.8 fa:16:3e:9c:59:54
Sep 04 07:07:43.306391 devstack-u2204-93-57 dnsmasq-dhcp[182660]: DHCPACK(tapc10210f0-bc) 10.1.0.8 fa:16:3e:9c:59:54 host-10-1-0-8
Sep 04 07:07:58.745299 devstack-u2204-93-57 dnsmasq-dhcp[186519]: DHCPRELEASE(tapde854428-d3) 10.1.0.14 fa:16:3e:b9:f3:2f
Sep 04 07:07:59.022948 devstack-u2204-93-57 dnsmasq-dhcp[186519]: DHCPRELEASE(tapde854428-d3) 10.1.0.14 fa:16:3e:b9:f3:2f unknown lease
Sep 04 07:07:59.760281 devstack-u2204-93-57 dnsmasq[186519]: read /opt/stack/data/neutron/dhcp/2c93a87c-f56a-41fb-81ff-d8de5eabf018/addn_hosts - 4 names
Sep 04 07:07:59.760346 devstack-u2204-93-57 dnsmasq-dhcp[186519]: read /opt/stack/data/neutron/dhcp/2c93a87c-f56a-41fb-81ff-d8de5eabf018/host
Sep 04 07:07:59.760414 devstack-u2204-93-57 dnsmasq-dhcp[186519]: read /opt/stack/data/neutron/dhcp/2c93a87c-f56a-41fb-81ff-d8de5eabf018/opts
Sep 04 07:08:06.987541 devstack-u2204-93-57 dnsmasq-dhcp[186519]: DHCPRELEASE(tapde854428-d3) 10.1.0.5 fa:16:3e:3b:26:06
Sep 04 07:08:07.004923 devstack-u2204-93-57 dnsmasq-dhcp[186519]: DHCPRELEASE(tapde854428-d3) 10.1.0.5 fa:16:3e:3b:26:06 unknown lease
Sep 04 07:08:07.836699 devstack-u2204-93-57 dnsmasq[186519]: read /opt/stack/data/neutron/dhcp/2c93a87c-f56a-41fb-81ff-d8de5eabf018/addn_hosts - 2 names
Sep 04 07:08:07.837084 devstack-u2204-93-57 dnsmasq-dhcp[186519]: read /opt/stack/data/neutron/dhcp/2c93a87c-f56a-41fb-81ff-d8de5eabf018/host
Sep 04 07:08:07.837186 devstack-u2204-93-57 dnsmasq-dhcp[186519]: read /opt/stack/data/neutron/dhcp/2c93a87c-f56a-41fb-81ff-d8de5eabf018/opts
Sep 04 07:08:12.199762 devstack-u2204-93-57 dnsmasq-dhcp[186519]: DHCPRELEASE(tapde854428-d3) 10.1.0.1 fa:16:3e:75:99:a8
Sep 04 07:08:13.022939 devstack-u2204-93-57 dnsmasq[186519]: read /opt/stack/data/neutron/dhcp/2c93a87c-f56a-41fb-81ff-d8de5eabf018/addn_hosts - 0 names
Sep 04 07:08:13.022982 devstack-u2204-93-57 dnsmasq-dhcp[186519]: read /opt/stack/data/neutron/dhcp/2c93a87c-f56a-41fb-81ff-d8de5eabf018/host
Sep 04 07:08:13.023019 devstack-u2204-93-57 dnsmasq-dhcp[186519]: read /opt/stack/data/neutron/dhcp/2c93a87c-f56a-41fb-81ff-d8de5eabf018/opts
Sep 04 07:08:13.897245 devstack-u2204-93-57 dnsmasq[186519]: exiting on receipt of SIGTERM
Sep 04 07:08:29.173759 devstack-u2204-93-57 dnsmasq-dhcp[144058]: DHCPRELEASE(tap3e41fea3-10) 10.1.0.9 fa:16:3e:d7:56:9a
Sep 04 07:08:29.200008 devstack-u2204-93-57 dnsmasq-dhcp[144058]: DHCPRELEASE(tap3e41fea3-10) 10.1.0.9 fa:16:3e:d7:56:9a unknown lease
Sep 04 07:08:30.033453 devstack-u2204-93-57 dnsmasq[144058]: read /opt/stack/data/neutron/dhcp/cca2cdea-0c29-4988-881a-f4cf16904764/addn_hosts - 2 names
Sep 04 07:08:30.033573 devstack-u2204-93-57 dnsmasq-dhcp[144058]: read /opt/stack/data/neutron/dhcp/cca2cdea-0c29-4988-881a-f4cf16904764/host
Sep 04 07:08:30.033663 devstack-u2204-93-57 dnsmasq-dhcp[144058]: read /opt/stack/data/neutron/dhcp/cca2cdea-0c29-4988-881a-f4cf16904764/opts
Sep 04 07:08:32.918950 devstack-u2204-93-57 dnsmasq-dhcp[194655]: DHCPRELEASE(tap1ea0e826-a8) 10.1.0.6 fa:16:3e:30:4d:3d
Sep 04 07:08:32.943954 devstack-u2204-93-57 dnsmasq-dhcp[194655]: DHCPRELEASE(tap1ea0e826-a8) 10.1.0.6 fa:16:3e:30:4d:3d unknown lease
Sep 04 07:08:33.768383 devstack-u2204-93-57 dnsmasq[194655]: read /opt/stack/data/neutron/dhcp/f70bea13-9fb5-4655-8a9e-c026acf8a04c/addn_hosts - 2 names
Sep 04 07:08:33.768585 devstack-u2204-93-57 dnsmasq-dhcp[194655]: read /opt/stack/data/neutron/dhcp/f70bea13-9fb5-4655-8a9e-c026acf8a04c/host
Sep 04 07:08:33.768704 devstack-u2204-93-57 dnsmasq-dhcp[194655]: read /opt/stack/data/neutron/dhcp/f70bea13-9fb5-4655-8a9e-c026acf8a04c/opts
Sep 04 07:08:37.416920 devstack-u2204-93-57 dnsmasq[225904]: started, version 2.90 cachesize 150
Sep 04 07:08:37.416966 devstack-u2204-93-57 dnsmasq[225904]: DNS service limited to local subnets
Sep 04 07:08:37.416991 devstack-u2204-93-57 dnsmasq[225904]: compile time options: IPv6 GNU-getopt DBus no-UBus i18n IDN2 DHCP DHCPv6 no-Lua TFTP conntrack ipset no-nftset auth cryptohash DNSSEC loop-detect inotify dumpfile
Sep 04 07:08:37.417051 devstack-u2204-93-57 dnsmasq-dhcp[225904]: DHCP, static leases only on 10.1.0.0, lease time 1d
Sep 04 07:08:37.417249 devstack-u2204-93-57 dnsmasq[225904]: reading /etc/resolv.conf
Sep 04 07:08:37.417266 devstack-u2204-93-57 dnsmasq[225904]: using nameserver 127.0.0.53#53
Sep 04 07:08:37.417367 devstack-u2204-93-57 dnsmasq[225904]: read /opt/stack/data/neutron/dhcp/ab4e1587-0075-484f-b27e-fc5f51975812/addn_hosts - 0 names
Sep 04 07:08:37.417445 devstack-u2204-93-57 dnsmasq-dhcp[225904]: read /opt/stack/data/neutron/dhcp/ab4e1587-0075-484f-b27e-fc5f51975812/host
Sep 04 07:08:37.417536 devstack-u2204-93-57 dnsmasq-dhcp[225904]: read /opt/stack/data/neutron/dhcp/ab4e1587-0075-484f-b27e-fc5f51975812/opts
Sep 04 07:08:38.963350 devstack-u2204-93-57 dnsmasq[225904]: read /opt/stack/data/neutron/dhcp/ab4e1587-0075-484f-b27e-fc5f51975812/addn_hosts - 2 names
Sep 04 07:08:38.964028 devstack-u2204-93-57 dnsmasq-dhcp[225904]: read /opt/stack/data/neutron/dhcp/ab4e1587-0075-484f-b27e-fc5f51975812/host
Sep 04 07:08:38.964080 devstack-u2204-93-57 dnsmasq-dhcp[225904]: read /opt/stack/data/neutron/dhcp/ab4e1587-0075-484f-b27e-fc5f51975812/opts
Sep 04 07:08:41.898289 devstack-u2204-93-57 dnsmasq[226232]: started, version 2.90 cachesize 150
Sep 04 07:08:41.898336 devstack-u2204-93-57 dnsmasq[226232]: DNS service limited to local subnets
Sep 04 07:08:41.898357 devstack-u2204-93-57 dnsmasq[226232]: compile time options: IPv6 GNU-getopt DBus no-UBus i18n IDN2 DHCP DHCPv6 no-Lua TFTP conntrack ipset no-nftset auth cryptohash DNSSEC loop-detect inotify dumpfile
Sep 04 07:08:41.898407 devstack-u2204-93-57 dnsmasq-dhcp[226232]: DHCP, static leases only on 10.1.0.0, lease time 1d
Sep 04 07:08:41.898661 devstack-u2204-93-57 dnsmasq[226232]: reading /etc/resolv.conf
Sep 04 07:08:41.898684 devstack-u2204-93-57 dnsmasq[226232]: using nameserver 127.0.0.53#53
Sep 04 07:08:41.898798 devstack-u2204-93-57 dnsmasq[226232]: read /opt/stack/data/neutron/dhcp/146371e1-f547-43ed-9ed7-e74dc554e4ab/addn_hosts - 0 names
Sep 04 07:08:41.898855 devstack-u2204-93-57 dnsmasq-dhcp[226232]: read /opt/stack/data/neutron/dhcp/146371e1-f547-43ed-9ed7-e74dc554e4ab/host
Sep 04 07:08:41.898918 devstack-u2204-93-57 dnsmasq-dhcp[226232]: read /opt/stack/data/neutron/dhcp/146371e1-f547-43ed-9ed7-e74dc554e4ab/opts
Sep 04 07:09:04.008996 devstack-u2204-93-57 dnsmasq[225904]: read /opt/stack/data/neutron/dhcp/ab4e1587-0075-484f-b27e-fc5f51975812/addn_hosts - 2 names
Sep 04 07:09:04.009168 devstack-u2204-93-57 dnsmasq-dhcp[225904]: read /opt/stack/data/neutron/dhcp/ab4e1587-0075-484f-b27e-fc5f51975812/host
Sep 04 07:09:04.009312 devstack-u2204-93-57 dnsmasq-dhcp[225904]: read /opt/stack/data/neutron/dhcp/ab4e1587-0075-484f-b27e-fc5f51975812/opts
Sep 04 07:09:05.434156 devstack-u2204-93-57 dnsmasq[226232]: read /opt/stack/data/neutron/dhcp/146371e1-f547-43ed-9ed7-e74dc554e4ab/addn_hosts - 2 names
Sep 04 07:09:05.434379 devstack-u2204-93-57 dnsmasq-dhcp[226232]: read /opt/stack/data/neutron/dhcp/146371e1-f547-43ed-9ed7-e74dc554e4ab/host
Sep 04 07:09:05.434515 devstack-u2204-93-57 dnsmasq-dhcp[226232]: read /opt/stack/data/neutron/dhcp/146371e1-f547-43ed-9ed7-e74dc554e4ab/opts
Sep 04 07:09:06.800164 devstack-u2204-93-57 dnsmasq[225904]: read /opt/stack/data/neutron/dhcp/ab4e1587-0075-484f-b27e-fc5f51975812/addn_hosts - 2 names
Sep 04 07:09:06.800277 devstack-u2204-93-57 dnsmasq-dhcp[225904]: read /opt/stack/data/neutron/dhcp/ab4e1587-0075-484f-b27e-fc5f51975812/host
Sep 04 07:09:06.800416 devstack-u2204-93-57 dnsmasq-dhcp[225904]: read /opt/stack/data/neutron/dhcp/ab4e1587-0075-484f-b27e-fc5f51975812/opts
Sep 04 07:09:07.690626 devstack-u2204-93-57 dnsmasq[226232]: read /opt/stack/data/neutron/dhcp/146371e1-f547-43ed-9ed7-e74dc554e4ab/addn_hosts - 2 names
Sep 04 07:09:07.690744 devstack-u2204-93-57 dnsmasq-dhcp[226232]: read /opt/stack/data/neutron/dhcp/146371e1-f547-43ed-9ed7-e74dc554e4ab/host
Sep 04 07:09:07.690837 devstack-u2204-93-57 dnsmasq-dhcp[226232]: read /opt/stack/data/neutron/dhcp/146371e1-f547-43ed-9ed7-e74dc554e4ab/opts
Sep 04 07:09:09.101732 devstack-u2204-93-57 dnsmasq[194655]: read /opt/stack/data/neutron/dhcp/f70bea13-9fb5-4655-8a9e-c026acf8a04c/addn_hosts - 4 names
Sep 04 07:09:09.101791 devstack-u2204-93-57 dnsmasq-dhcp[194655]: read /opt/stack/data/neutron/dhcp/f70bea13-9fb5-4655-8a9e-c026acf8a04c/host
Sep 04 07:09:09.101864 devstack-u2204-93-57 dnsmasq-dhcp[194655]: read /opt/stack/data/neutron/dhcp/f70bea13-9fb5-4655-8a9e-c026acf8a04c/opts
Sep 04 07:09:09.904786 devstack-u2204-93-57 dnsmasq[226232]: read /opt/stack/data/neutron/dhcp/146371e1-f547-43ed-9ed7-e74dc554e4ab/addn_hosts - 2 names
Sep 04 07:09:09.904888 devstack-u2204-93-57 dnsmasq-dhcp[226232]: read /opt/stack/data/neutron/dhcp/146371e1-f547-43ed-9ed7-e74dc554e4ab/host
Sep 04 07:09:09.904978 devstack-u2204-93-57 dnsmasq-dhcp[226232]: read /opt/stack/data/neutron/dhcp/146371e1-f547-43ed-9ed7-e74dc554e4ab/opts
Sep 04 07:09:21.410791 devstack-u2204-93-57 dnsmasq[225904]: read /opt/stack/data/neutron/dhcp/ab4e1587-0075-484f-b27e-fc5f51975812/addn_hosts - 4 names
Sep 04 07:09:21.410855 devstack-u2204-93-57 dnsmasq-dhcp[225904]: read /opt/stack/data/neutron/dhcp/ab4e1587-0075-484f-b27e-fc5f51975812/host
Sep 04 07:09:21.410898 devstack-u2204-93-57 dnsmasq-dhcp[225904]: read /opt/stack/data/neutron/dhcp/ab4e1587-0075-484f-b27e-fc5f51975812/opts
Sep 04 07:09:43.216126 devstack-u2204-93-57 dnsmasq-dhcp[210758]: DHCPRELEASE(tapd6696f6c-23) 10.1.0.5 fa:16:3e:61:ad:84
Sep 04 07:09:43.237836 devstack-u2204-93-57 dnsmasq-dhcp[210758]: DHCPRELEASE(tapd6696f6c-23) 10.1.0.5 fa:16:3e:61:ad:84 unknown lease
Sep 04 07:09:43.333508 devstack-u2204-93-57 dnsmasq-dhcp[194655]: DHCPDISCOVER(tap1ea0e826-a8) fa:16:3e:43:92:55
Sep 04 07:09:43.333542 devstack-u2204-93-57 dnsmasq-dhcp[194655]: DHCPOFFER(tap1ea0e826-a8) 10.1.0.11 fa:16:3e:43:92:55
Sep 04 07:09:43.354821 devstack-u2204-93-57 dnsmasq-dhcp[194655]: DHCPREQUEST(tap1ea0e826-a8) 10.1.0.11 fa:16:3e:43:92:55
Sep 04 07:09:43.354859 devstack-u2204-93-57 dnsmasq-dhcp[194655]: DHCPACK(tap1ea0e826-a8) 10.1.0.11 fa:16:3e:43:92:55 host-10-1-0-11
Sep 04 07:09:44.073258 devstack-u2204-93-57 dnsmasq[210758]: read /opt/stack/data/neutron/dhcp/b39c8d6b-2ea2-4cd5-93c7-f5ecdb39f8c2/addn_hosts - 2 names
Sep 04 07:09:44.073354 devstack-u2204-93-57 dnsmasq-dhcp[210758]: read /opt/stack/data/neutron/dhcp/b39c8d6b-2ea2-4cd5-93c7-f5ecdb39f8c2/host
Sep 04 07:09:44.073514 devstack-u2204-93-57 dnsmasq-dhcp[210758]: read /opt/stack/data/neutron/dhcp/b39c8d6b-2ea2-4cd5-93c7-f5ecdb39f8c2/opts
Sep 04 07:09:56.210331 devstack-u2204-93-57 dnsmasq-dhcp[225904]: DHCPDISCOVER(tap6b7ee9b0-c4) fa:16:3e:bf:07:e0
Sep 04 07:09:56.210356 devstack-u2204-93-57 dnsmasq-dhcp[225904]: DHCPOFFER(tap6b7ee9b0-c4) 10.1.0.13 fa:16:3e:bf:07:e0
Sep 04 07:09:56.233127 devstack-u2204-93-57 dnsmasq-dhcp[225904]: DHCPREQUEST(tap6b7ee9b0-c4) 10.1.0.13 fa:16:3e:bf:07:e0
Sep 04 07:09:56.233190 devstack-u2204-93-57 dnsmasq-dhcp[225904]: DHCPACK(tap6b7ee9b0-c4) 10.1.0.13 fa:16:3e:bf:07:e0 host-10-1-0-13
Sep 04 07:11:05.609294 devstack-u2204-93-57 dnsmasq-dhcp[182660]: DHCPRELEASE(tapc10210f0-bc) 10.1.0.8 fa:16:3e:9c:59:54
Sep 04 07:11:05.635767 devstack-u2204-93-57 dnsmasq-dhcp[182660]: DHCPRELEASE(tapc10210f0-bc) 10.1.0.8 fa:16:3e:9c:59:54 unknown lease
Sep 04 07:11:06.120399 devstack-u2204-93-57 dnsmasq-dhcp[194655]: DHCPREQUEST(tap1ea0e826-a8) 10.1.0.11 fa:16:3e:43:92:55
Sep 04 07:11:06.120458 devstack-u2204-93-57 dnsmasq-dhcp[194655]: DHCPACK(tap1ea0e826-a8) 10.1.0.11 fa:16:3e:43:92:55 host-10-1-0-11
Sep 04 07:11:06.469764 devstack-u2204-93-57 dnsmasq[182660]: read /opt/stack/data/neutron/dhcp/84d0c5a3-415e-4574-a7e8-06dc25551298/addn_hosts - 2 names
Sep 04 07:11:06.469919 devstack-u2204-93-57 dnsmasq-dhcp[182660]: read /opt/stack/data/neutron/dhcp/84d0c5a3-415e-4574-a7e8-06dc25551298/host
Sep 04 07:11:06.470046 devstack-u2204-93-57 dnsmasq-dhcp[182660]: read /opt/stack/data/neutron/dhcp/84d0c5a3-415e-4574-a7e8-06dc25551298/opts
Sep 04 07:11:16.548548 devstack-u2204-93-57 dnsmasq[210758]: read /opt/stack/data/neutron/dhcp/b39c8d6b-2ea2-4cd5-93c7-f5ecdb39f8c2/addn_hosts - 4 names
Sep 04 07:11:16.548630 devstack-u2204-93-57 dnsmasq-dhcp[210758]: read /opt/stack/data/neutron/dhcp/b39c8d6b-2ea2-4cd5-93c7-f5ecdb39f8c2/host
Sep 04 07:11:16.548714 devstack-u2204-93-57 dnsmasq-dhcp[210758]: read /opt/stack/data/neutron/dhcp/b39c8d6b-2ea2-4cd5-93c7-f5ecdb39f8c2/opts
Sep 04 07:11:43.883667 devstack-u2204-93-57 dnsmasq-dhcp[225904]: DHCPRELEASE(tap6b7ee9b0-c4) 10.1.0.13 fa:16:3e:bf:07:e0
Sep 04 07:11:43.910928 devstack-u2204-93-57 dnsmasq-dhcp[225904]: DHCPRELEASE(tap6b7ee9b0-c4) 10.1.0.13 fa:16:3e:bf:07:e0 unknown lease
Sep 04 07:11:44.742419 devstack-u2204-93-57 dnsmasq[225904]: read /opt/stack/data/neutron/dhcp/ab4e1587-0075-484f-b27e-fc5f51975812/addn_hosts - 2 names
Sep 04 07:11:44.742701 devstack-u2204-93-57 dnsmasq-dhcp[225904]: read /opt/stack/data/neutron/dhcp/ab4e1587-0075-484f-b27e-fc5f51975812/host
Sep 04 07:11:44.742820 devstack-u2204-93-57 dnsmasq-dhcp[225904]: read /opt/stack/data/neutron/dhcp/ab4e1587-0075-484f-b27e-fc5f51975812/opts
Sep 04 07:11:45.674382 devstack-u2204-93-57 dnsmasq[101130]: read /opt/stack/data/neutron/dhcp/d178761a-342a-4ec0-b817-5b72eb923613/addn_hosts - 2 names
Sep 04 07:11:45.674457 devstack-u2204-93-57 dnsmasq-dhcp[101130]: read /opt/stack/data/neutron/dhcp/d178761a-342a-4ec0-b817-5b72eb923613/host
Sep 04 07:11:45.674520 devstack-u2204-93-57 dnsmasq-dhcp[101130]: read /opt/stack/data/neutron/dhcp/d178761a-342a-4ec0-b817-5b72eb923613/opts
Sep 04 07:11:58.297348 devstack-u2204-93-57 dnsmasq[101130]: read /opt/stack/data/neutron/dhcp/d178761a-342a-4ec0-b817-5b72eb923613/addn_hosts - 0 names
Sep 04 07:11:58.297563 devstack-u2204-93-57 dnsmasq-dhcp[101130]: read /opt/stack/data/neutron/dhcp/d178761a-342a-4ec0-b817-5b72eb923613/host
Sep 04 07:11:58.297873 devstack-u2204-93-57 dnsmasq-dhcp[101130]: read /opt/stack/data/neutron/dhcp/d178761a-342a-4ec0-b817-5b72eb923613/opts
Sep 04 07:12:20.309826 devstack-u2204-93-57 dnsmasq[210758]: read /opt/stack/data/neutron/dhcp/b39c8d6b-2ea2-4cd5-93c7-f5ecdb39f8c2/addn_hosts - 2 names
Sep 04 07:12:20.309913 devstack-u2204-93-57 dnsmasq-dhcp[210758]: read /opt/stack/data/neutron/dhcp/b39c8d6b-2ea2-4cd5-93c7-f5ecdb39f8c2/host
Sep 04 07:12:20.310016 devstack-u2204-93-57 dnsmasq-dhcp[210758]: read /opt/stack/data/neutron/dhcp/b39c8d6b-2ea2-4cd5-93c7-f5ecdb39f8c2/opts
Sep 04 07:12:23.608391 devstack-u2204-93-57 dnsmasq[225904]: read /opt/stack/data/neutron/dhcp/ab4e1587-0075-484f-b27e-fc5f51975812/addn_hosts - 0 names
Sep 04 07:12:23.608500 devstack-u2204-93-57 dnsmasq-dhcp[225904]: read /opt/stack/data/neutron/dhcp/ab4e1587-0075-484f-b27e-fc5f51975812/host
