Sep 04 09:19:40.167845 devstack-u2204-93-57 dnsmasq-dhcp[6532]: read /opt/stack/data/neutron/dhcp/3c974c25-0fbb-49ea-b98b-67bfd0ae8ce4/opts
Sep 04 09:19:40.296819 devstack-u2204-93-57 dnsmasq-dhcp[5257]: DHCPDISCOVER(tap3c687eff-e3) fa:16:3e:d3:53:4b
Sep 04 09:19:40.296866 devstack-u2204-93-57 dnsmasq-dhcp[5257]: DHCPOFFER(tap3c687eff-e3) 10.1.0.5 fa:16:3e:d3:53:4b
Sep 04 09:19:40.311160 devstack-u2204-93-57 dnsmasq-dhcp[5257]: DHCPREQUEST(tap3c687eff-e3) 10.1.0.5 fa:16:3e:d3:53:4b
Sep 04 09:19:40.311213 devstack-u2204-93-57 dnsmasq-dhcp[5257]: DHCPACK(tap3c687eff-e3) 10.1.0.5 fa:16:3e:d3:53:4b host-10-1-0-5
Sep 04 09:19:41.472070 devstack-u2204-93-57 dnsmasq[7614]: read /opt/stack/data/neutron/dhcp/6dec701e-e173-4ee2-932f-bc59362bb6a0/addn_hosts - 2 names
Sep 04 09:19:41.472495 devstack-u2204-93-57 dnsmasq-dhcp[7614]: read /opt/stack/data/neutron/dhcp/6dec701e-e173-4ee2-932f-bc59362bb6a0/host
Sep 04 09:19:41.472583 devstack-u2204-93-57 dnsmasq-dhcp[7614]: read /opt/stack/data/neutron/dhcp/6dec701e-e173-4ee2-932f-bc59362bb6a0/opts
Sep 04 09:19:44.895535 devstack-u2204-93-57 dnsmasq[9052]: started, version 2.90 cachesize 150
Sep 04 09:19:44.895575 devstack-u2204-93-57 dnsmasq[9052]: DNS service limited to local subnets
Sep 04 09:19:44.895593 devstack-u2204-93-57 dnsmasq[9052]: compile time options: IPv6 GNU-getopt DBus no-UBus i18n IDN2 DHCP DHCPv6 no-Lua TFTP conntrack ipset no-nftset auth cryptohash DNSSEC loop-detect inotify dumpfile
Sep 04 09:19:44.895637 devstack-u2204-93-57 dnsmasq-dhcp[9052]: DHCP, static leases only on 10.1.0.0, lease time 1d
Sep 04 09:19:44.895826 devstack-u2204-93-57 dnsmasq[9052]: reading /etc/resolv.conf
Sep 04 09:19:44.895845 devstack-u2204-93-57 dnsmasq[9052]: using nameserver 127.0.0.53#53
Sep 04 09:19:44.896041 devstack-u2204-93-57 dnsmasq[9052]: read /opt/stack/data/neutron/dhcp/60744501-da2c-4469-980c-4c5cceb1c18c/addn_hosts - 2 names
Sep 04 09:19:44.896134 devstack-u2204-93-57 dnsmasq-dhcp[9052]: read /opt/stack/data/neutron/dhcp/60744501-da2c-4469-980c-4c5cceb1c18c/host
Sep 04 09:19:44.896411 devstack-u2204-93-57 dnsmasq-dhcp[9052]: read /opt/stack/data/neutron/dhcp/60744501-da2c-4469-980c-4c5cceb1c18c/opts
Sep 04 09:19:45.952037 devstack-u2204-93-57 dnsmasq[8086]: read /opt/stack/data/neutron/dhcp/612f555b-dddd-4f7d-8dd2-30527ac5567b/addn_hosts - 2 names
Sep 04 09:19:45.952181 devstack-u2204-93-57 dnsmasq-dhcp[8086]: read /opt/stack/data/neutron/dhcp/612f555b-dddd-4f7d-8dd2-30527ac5567b/host
Sep 04 09:19:45.952286 devstack-u2204-93-57 dnsmasq-dhcp[8086]: read /opt/stack/data/neutron/dhcp/612f555b-dddd-4f7d-8dd2-30527ac5567b/opts
Sep 04 09:19:49.546700 devstack-u2204-93-57 dnsmasq[9162]: started, version 2.90 cachesize 150
Sep 04 09:19:49.547701 devstack-u2204-93-57 dnsmasq[9162]: DNS service limited to local subnets
Sep 04 09:19:49.547717 devstack-u2204-93-57 dnsmasq[9162]: compile time options: IPv6 GNU-getopt DBus no-UBus i18n IDN2 DHCP DHCPv6 no-Lua TFTP conntrack ipset no-nftset auth cryptohash DNSSEC loop-detect inotify dumpfile
Sep 04 09:19:49.547757 devstack-u2204-93-57 dnsmasq-dhcp[9162]: DHCP, static leases only on 10.1.0.0, lease time 1d
Sep 04 09:19:49.547909 devstack-u2204-93-57 dnsmasq[9162]: reading /etc/resolv.conf
Sep 04 09:19:49.547925 devstack-u2204-93-57 dnsmasq[9162]: using nameserver 127.0.0.53#53
Sep 04 09:19:49.548035 devstack-u2204-93-57 dnsmasq[9162]: read /opt/stack/data/neutron/dhcp/6baf51da-c67b-409a-b65b-f847906727fe/addn_hosts - 2 names
Sep 04 09:19:49.548109 devstack-u2204-93-57 dnsmasq-dhcp[9162]: read /opt/stack/data/neutron/dhcp/6baf51da-c67b-409a-b65b-f847906727fe/host
Sep 04 09:19:49.548162 devstack-u2204-93-57 dnsmasq-dhcp[9162]: read /opt/stack/data/neutron/dhcp/6baf51da-c67b-409a-b65b-f847906727fe/opts
Sep 04 09:19:50.603898 devstack-u2204-93-57 dnsmasq[8397]: read /opt/stack/data/neutron/dhcp/4f499d69-f383-4376-ba88-16738810dcb6/addn_hosts - 2 names
Sep 04 09:19:50.603951 devstack-u2204-93-57 dnsmasq-dhcp[8397]: read /opt/stack/data/neutron/dhcp/4f499d69-f383-4376-ba88-16738810dcb6/host
Sep 04 09:19:50.603990 devstack-u2204-93-57 dnsmasq-dhcp[8397]: read /opt/stack/data/neutron/dhcp/4f499d69-f383-4376-ba88-16738810dcb6/opts
Sep 04 09:19:51.611829 devstack-u2204-93-57 dnsmasq-dhcp[6532]: DHCPDISCOVER(tap9b7c18b0-ef) fa:16:3e:61:94:55
Sep 04 09:19:51.611861 devstack-u2204-93-57 dnsmasq-dhcp[6532]: DHCPOFFER(tap9b7c18b0-ef) 10.1.0.14 fa:16:3e:61:94:55
Sep 04 09:19:51.632908 devstack-u2204-93-57 dnsmasq-dhcp[6532]: DHCPREQUEST(tap9b7c18b0-ef) 10.1.0.14 fa:16:3e:61:94:55
Sep 04 09:19:51.632944 devstack-u2204-93-57 dnsmasq-dhcp[6532]: DHCPACK(tap9b7c18b0-ef) 10.1.0.14 fa:16:3e:61:94:55 host-10-1-0-14
Sep 04 09:19:52.242865 devstack-u2204-93-57 dnsmasq-dhcp[6035]: DHCPDISCOVER(tap03311b17-b8) fa:16:3e:69:93:47
Sep 04 09:19:52.242888 devstack-u2204-93-57 dnsmasq-dhcp[6035]: DHCPOFFER(tap03311b17-b8) 10.1.0.4 fa:16:3e:69:93:47
Sep 04 09:19:52.262828 devstack-u2204-93-57 dnsmasq-dhcp[6035]: DHCPREQUEST(tap03311b17-b8) 10.1.0.4 fa:16:3e:69:93:47
Sep 04 09:19:52.262863 devstack-u2204-93-57 dnsmasq-dhcp[6035]: DHCPACK(tap03311b17-b8) 10.1.0.4 fa:16:3e:69:93:47 host-10-1-0-4
Sep 04 09:19:54.143259 devstack-u2204-93-57 dnsmasq[9371]: started, version 2.90 cachesize 150
Sep 04 09:19:54.143279 devstack-u2204-93-57 dnsmasq[9371]: DNS service limited to local subnets
Sep 04 09:19:54.143291 devstack-u2204-93-57 dnsmasq[9371]: compile time options: IPv6 GNU-getopt DBus no-UBus i18n IDN2 DHCP DHCPv6 no-Lua TFTP conntrack ipset no-nftset auth cryptohash DNSSEC loop-detect inotify dumpfile
Sep 04 09:19:54.143315 devstack-u2204-93-57 dnsmasq-dhcp[9371]: DHCP, static leases only on 10.10.10.0, lease time 1d
Sep 04 09:19:54.143463 devstack-u2204-93-57 dnsmasq[9371]: reading /etc/resolv.conf
Sep 04 09:19:54.143475 devstack-u2204-93-57 dnsmasq[9371]: using nameserver 127.0.0.53#53
Sep 04 09:19:54.143890 devstack-u2204-93-57 dnsmasq[9371]: read /opt/stack/data/neutron/dhcp/b8587551-5ad0-46d2-8de6-62a7b65097f8/addn_hosts - 0 names
Sep 04 09:19:54.143936 devstack-u2204-93-57 dnsmasq-dhcp[9371]: read /opt/stack/data/neutron/dhcp/b8587551-5ad0-46d2-8de6-62a7b65097f8/host
Sep 04 09:19:54.143982 devstack-u2204-93-57 dnsmasq-dhcp[9371]: read /opt/stack/data/neutron/dhcp/b8587551-5ad0-46d2-8de6-62a7b65097f8/opts
Sep 04 09:19:55.210497 devstack-u2204-93-57 dnsmasq[8629]: read /opt/stack/data/neutron/dhcp/4e110d46-b456-4124-be0b-480510dc1582/addn_hosts - 4 names
Sep 04 09:19:55.210641 devstack-u2204-93-57 dnsmasq-dhcp[8629]: read /opt/stack/data/neutron/dhcp/4e110d46-b456-4124-be0b-480510dc1582/host
Sep 04 09:19:55.210829 devstack-u2204-93-57 dnsmasq-dhcp[8629]: read /opt/stack/data/neutron/dhcp/4e110d46-b456-4124-be0b-480510dc1582/opts
Sep 04 09:19:59.080710 devstack-u2204-93-57 dnsmasq[8793]: read /opt/stack/data/neutron/dhcp/9f9aa009-6d71-4e4b-a3af-866184019359/addn_hosts - 2 names
Sep 04 09:19:59.082623 devstack-u2204-93-57 dnsmasq-dhcp[8793]: read /opt/stack/data/neutron/dhcp/9f9aa009-6d71-4e4b-a3af-866184019359/host
Sep 04 09:19:59.082721 devstack-u2204-93-57 dnsmasq-dhcp[8793]: read /opt/stack/data/neutron/dhcp/9f9aa009-6d71-4e4b-a3af-866184019359/opts
Sep 04 09:20:00.299573 devstack-u2204-93-57 dnsmasq[8906]: read /opt/stack/data/neutron/dhcp/49ffb186-075f-472b-9004-85bc516e8fbd/addn_hosts - 2 names
Sep 04 09:20:00.299674 devstack-u2204-93-57 dnsmasq-dhcp[8906]: read /opt/stack/data/neutron/dhcp/49ffb186-075f-472b-9004-85bc516e8fbd/host
Sep 04 09:20:00.299783 devstack-u2204-93-57 dnsmasq-dhcp[8906]: read /opt/stack/data/neutron/dhcp/49ffb186-075f-472b-9004-85bc516e8fbd/opts
Sep 04 09:20:03.772032 devstack-u2204-93-57 dnsmasq[9509]: started, version 2.90 cachesize 150
Sep 04 09:20:03.772183 devstack-u2204-93-57 dnsmasq[9509]: DNS service limited to local subnets
Sep 04 09:20:03.772220 devstack-u2204-93-57 dnsmasq[9509]: compile time options: IPv6 GNU-getopt DBus no-UBus i18n IDN2 DHCP DHCPv6 no-Lua TFTP conntrack ipset no-nftset auth cryptohash DNSSEC loop-detect inotify dumpfile
Sep 04 09:20:03.772276 devstack-u2204-93-57 dnsmasq-dhcp[9509]: DHCP, static leases only on 10.1.1.0, lease time 1d
Sep 04 09:20:03.772502 devstack-u2204-93-57 dnsmasq[9509]: reading /etc/resolv.conf
Sep 04 09:20:03.772529 devstack-u2204-93-57 dnsmasq[9509]: using nameserver 127.0.0.53#53
Sep 04 09:20:03.775689 devstack-u2204-93-57 dnsmasq[9509]: read /opt/stack/data/neutron/dhcp/40e4e761-d25e-4293-9c29-0825c7906fc4/addn_hosts - 8 names
Sep 04 09:20:03.775807 devstack-u2204-93-57 dnsmasq-dhcp[9509]: read /opt/stack/data/neutron/dhcp/40e4e761-d25e-4293-9c29-0825c7906fc4/host
Sep 04 09:20:03.775875 devstack-u2204-93-57 dnsmasq-dhcp[9509]: read /opt/stack/data/neutron/dhcp/40e4e761-d25e-4293-9c29-0825c7906fc4/opts
Sep 04 09:20:06.928962 devstack-u2204-93-57 dnsmasq[9569]: started, version 2.90 cachesize 150
Sep 04 09:20:06.928992 devstack-u2204-93-57 dnsmasq[9569]: DNS service limited to local subnets
Sep 04 09:20:06.929006 devstack-u2204-93-57 dnsmasq[9569]: compile time options: IPv6 GNU-getopt DBus no-UBus i18n IDN2 DHCP DHCPv6 no-Lua TFTP conntrack ipset no-nftset auth cryptohash DNSSEC loop-detect inotify dumpfile
Sep 04 09:20:06.929035 devstack-u2204-93-57 dnsmasq-dhcp[9569]: DHCP, static leases only on 10.2.2.0, lease time 1d
Sep 04 09:20:06.929191 devstack-u2204-93-57 dnsmasq[9569]: reading /etc/resolv.conf
Sep 04 09:20:06.929205 devstack-u2204-93-57 dnsmasq[9569]: using nameserver 127.0.0.53#53
Sep 04 09:20:06.929299 devstack-u2204-93-57 dnsmasq[9569]: read /opt/stack/data/neutron/dhcp/d1b12f99-fcbd-4393-9d18-56f9ab4564f5/addn_hosts - 4 names
Sep 04 09:20:06.929347 devstack-u2204-93-57 dnsmasq-dhcp[9569]: read /opt/stack/data/neutron/dhcp/d1b12f99-fcbd-4393-9d18-56f9ab4564f5/host
Sep 04 09:20:06.929385 devstack-u2204-93-57 dnsmasq-dhcp[9569]: read /opt/stack/data/neutron/dhcp/d1b12f99-fcbd-4393-9d18-56f9ab4564f5/opts
Sep 04 09:20:07.979936 devstack-u2204-93-57 dnsmasq[9052]: read /opt/stack/data/neutron/dhcp/60744501-da2c-4469-980c-4c5cceb1c18c/addn_hosts - 4 names
Sep 04 09:20:07.980082 devstack-u2204-93-57 dnsmasq-dhcp[9052]: read /opt/stack/data/neutron/dhcp/60744501-da2c-4469-980c-4c5cceb1c18c/host
Sep 04 09:20:07.980177 devstack-u2204-93-57 dnsmasq-dhcp[9052]: read /opt/stack/data/neutron/dhcp/60744501-da2c-4469-980c-4c5cceb1c18c/opts
Sep 04 09:20:09.334376 devstack-u2204-93-57 dnsmasq[4869]: read /opt/stack/data/neutron/dhcp/3911eba3-2240-430d-bf5c-a0bc0066d463/addn_hosts - 4 names
Sep 04 09:20:09.335272 devstack-u2204-93-57 dnsmasq-dhcp[4869]: read /opt/stack/data/neutron/dhcp/3911eba3-2240-430d-bf5c-a0bc0066d463/host
Sep 04 09:20:09.335350 devstack-u2204-93-57 dnsmasq-dhcp[4869]: read /opt/stack/data/neutron/dhcp/3911eba3-2240-430d-bf5c-a0bc0066d463/opts
Sep 04 09:20:10.110926 devstack-u2204-93-57 dnsmasq[5257]: read /opt/stack/data/neutron/dhcp/efed565f-0fb8-4e54-b341-bffa25e49468/addn_hosts - 4 names
Sep 04 09:20:10.111071 devstack-u2204-93-57 dnsmasq-dhcp[5257]: read /opt/stack/data/neutron/dhcp/efed565f-0fb8-4e54-b341-bffa25e49468/host
Sep 04 09:20:10.111172 devstack-u2204-93-57 dnsmasq-dhcp[5257]: read /opt/stack/data/neutron/dhcp/efed565f-0fb8-4e54-b341-bffa25e49468/opts
Sep 04 09:20:11.525420 devstack-u2204-93-57 dnsmasq[9162]: read /opt/stack/data/neutron/dhcp/6baf51da-c67b-409a-b65b-f847906727fe/addn_hosts - 2 names
Sep 04 09:20:11.525480 devstack-u2204-93-57 dnsmasq-dhcp[9162]: read /opt/stack/data/neutron/dhcp/6baf51da-c67b-409a-b65b-f847906727fe/host
Sep 04 09:20:11.525527 devstack-u2204-93-57 dnsmasq-dhcp[9162]: read /opt/stack/data/neutron/dhcp/6baf51da-c67b-409a-b65b-f847906727fe/opts
Sep 04 09:20:12.318866 devstack-u2204-93-57 dnsmasq[5834]: read /opt/stack/data/neutron/dhcp/6d3df61e-a4a8-4027-9519-7be8b1d32325/addn_hosts - 4 names
Sep 04 09:20:12.318939 devstack-u2204-93-57 dnsmasq-dhcp[5834]: read /opt/stack/data/neutron/dhcp/6d3df61e-a4a8-4027-9519-7be8b1d32325/host
Sep 04 09:20:12.318982 devstack-u2204-93-57 dnsmasq-dhcp[5834]: read /opt/stack/data/neutron/dhcp/6d3df61e-a4a8-4027-9519-7be8b1d32325/opts
Sep 04 09:20:13.195373 devstack-u2204-93-57 dnsmasq[6532]: read /opt/stack/data/neutron/dhcp/3c974c25-0fbb-49ea-b98b-67bfd0ae8ce4/addn_hosts - 4 names
Sep 04 09:20:13.195559 devstack-u2204-93-57 dnsmasq-dhcp[6532]: read /opt/stack/data/neutron/dhcp/3c974c25-0fbb-49ea-b98b-67bfd0ae8ce4/host
Sep 04 09:20:13.195690 devstack-u2204-93-57 dnsmasq-dhcp[6532]: read /opt/stack/data/neutron/dhcp/3c974c25-0fbb-49ea-b98b-67bfd0ae8ce4/opts
Sep 04 09:20:14.563534 devstack-u2204-93-57 dnsmasq[9371]: read /opt/stack/data/neutron/dhcp/b8587551-5ad0-46d2-8de6-62a7b65097f8/addn_hosts - 0 names
Sep 04 09:20:14.563604 devstack-u2204-93-57 dnsmasq-dhcp[9371]: read /opt/stack/data/neutron/dhcp/b8587551-5ad0-46d2-8de6-62a7b65097f8/host
Sep 04 09:20:14.563657 devstack-u2204-93-57 dnsmasq-dhcp[9371]: read /opt/stack/data/neutron/dhcp/b8587551-5ad0-46d2-8de6-62a7b65097f8/opts
Sep 04 09:20:15.346655 devstack-u2204-93-57 dnsmasq[6035]: read /opt/stack/data/neutron/dhcp/dad22116-8738-4d51-9c0b-0e279e55f4be/addn_hosts - 4 names
Sep 04 09:20:15.346738 devstack-u2204-93-57 dnsmasq-dhcp[6035]: read /opt/stack/data/neutron/dhcp/dad22116-8738-4d51-9c0b-0e279e55f4be/host
Sep 04 09:20:15.346800 devstack-u2204-93-57 dnsmasq-dhcp[6035]: read /opt/stack/data/neutron/dhcp/dad22116-8738-4d51-9c0b-0e279e55f4be/opts
Sep 04 09:20:16.184945 devstack-u2204-93-57 dnsmasq[5612]: read /opt/stack/data/neutron/dhcp/7843c4b0-6e71-48b8-9188-555ec36c5be4/addn_hosts - 2 names
Sep 04 09:20:16.185613 devstack-u2204-93-57 dnsmasq-dhcp[5612]: read /opt/stack/data/neutron/dhcp/7843c4b0-6e71-48b8-9188-555ec36c5be4/host
Sep 04 09:20:16.185858 devstack-u2204-93-57 dnsmasq-dhcp[5612]: read /opt/stack/data/neutron/dhcp/7843c4b0-6e71-48b8-9188-555ec36c5be4/opts
Sep 04 09:20:19.565349 devstack-u2204-93-57 dnsmasq[8397]: read /opt/stack/data/neutron/dhcp/4f499d69-f383-4376-ba88-16738810dcb6/addn_hosts - 2 names
Sep 04 09:20:19.565518 devstack-u2204-93-57 dnsmasq-dhcp[8397]: read /opt/stack/data/neutron/dhcp/4f499d69-f383-4376-ba88-16738810dcb6/host
Sep 04 09:20:19.565657 devstack-u2204-93-57 dnsmasq-dhcp[8397]: read /opt/stack/data/neutron/dhcp/4f499d69-f383-4376-ba88-16738810dcb6/opts
Sep 04 09:20:20.471124 devstack-u2204-93-57 dnsmasq[7614]: read /opt/stack/data/neutron/dhcp/6dec701e-e173-4ee2-932f-bc59362bb6a0/addn_hosts - 2 names
Sep 04 09:20:20.471243 devstack-u2204-93-57 dnsmasq-dhcp[7614]: read /opt/stack/data/neutron/dhcp/6dec701e-e173-4ee2-932f-bc59362bb6a0/host
Sep 04 09:20:20.471385 devstack-u2204-93-57 dnsmasq-dhcp[7614]: read /opt/stack/data/neutron/dhcp/6dec701e-e173-4ee2-932f-bc59362bb6a0/opts
Sep 04 09:20:21.848630 devstack-u2204-93-57 dnsmasq[9509]: read /opt/stack/data/neutron/dhcp/40e4e761-d25e-4293-9c29-0825c7906fc4/addn_hosts - 8 names
Sep 04 09:20:21.848838 devstack-u2204-93-57 dnsmasq-dhcp[9509]: read /opt/stack/data/neutron/dhcp/40e4e761-d25e-4293-9c29-0825c7906fc4/host
Sep 04 09:20:21.848993 devstack-u2204-93-57 dnsmasq-dhcp[9509]: read /opt/stack/data/neutron/dhcp/40e4e761-d25e-4293-9c29-0825c7906fc4/opts
Sep 04 09:20:23.230377 devstack-u2204-93-57 dnsmasq[9569]: read /opt/stack/data/neutron/dhcp/d1b12f99-fcbd-4393-9d18-56f9ab4564f5/addn_hosts - 4 names
Sep 04 09:20:23.230509 devstack-u2204-93-57 dnsmasq-dhcp[9569]: read /opt/stack/data/neutron/dhcp/d1b12f99-fcbd-4393-9d18-56f9ab4564f5/host
Sep 04 09:20:23.230644 devstack-u2204-93-57 dnsmasq-dhcp[9569]: read /opt/stack/data/neutron/dhcp/d1b12f99-fcbd-4393-9d18-56f9ab4564f5/opts
Sep 04 09:20:23.917825 devstack-u2204-93-57 dnsmasq-dhcp[9052]: DHCPDISCOVER(tapa1f4dc68-9a) fa:16:3e:a4:28:33
Sep 04 09:20:23.917875 devstack-u2204-93-57 dnsmasq-dhcp[9052]: DHCPOFFER(tapa1f4dc68-9a) 10.1.0.12 fa:16:3e:a4:28:33
Sep 04 09:20:23.972454 devstack-u2204-93-57 dnsmasq-dhcp[9052]: DHCPREQUEST(tapa1f4dc68-9a) 10.1.0.12 fa:16:3e:a4:28:33
Sep 04 09:20:23.972543 devstack-u2204-93-57 dnsmasq-dhcp[9052]: DHCPACK(tapa1f4dc68-9a) 10.1.0.12 fa:16:3e:a4:28:33 host-10-1-0-12
Sep 04 09:20:24.114690 devstack-u2204-93-57 dnsmasq[8086]: read /opt/stack/data/neutron/dhcp/612f555b-dddd-4f7d-8dd2-30527ac5567b/addn_hosts - 2 names
Sep 04 09:20:24.114863 devstack-u2204-93-57 dnsmasq-dhcp[8086]: read /opt/stack/data/neutron/dhcp/612f555b-dddd-4f7d-8dd2-30527ac5567b/host
Sep 04 09:20:24.114971 devstack-u2204-93-57 dnsmasq-dhcp[8086]: read /opt/stack/data/neutron/dhcp/612f555b-dddd-4f7d-8dd2-30527ac5567b/opts
Sep 04 09:20:24.993670 devstack-u2204-93-57 dnsmasq[8793]: read /opt/stack/data/neutron/dhcp/9f9aa009-6d71-4e4b-a3af-866184019359/addn_hosts - 2 names
Sep 04 09:20:24.993818 devstack-u2204-93-57 dnsmasq-dhcp[8793]: read /opt/stack/data/neutron/dhcp/9f9aa009-6d71-4e4b-a3af-866184019359/host
Sep 04 09:20:24.993960 devstack-u2204-93-57 dnsmasq-dhcp[8793]: read /opt/stack/data/neutron/dhcp/9f9aa009-6d71-4e4b-a3af-866184019359/opts
Sep 04 09:20:25.894261 devstack-u2204-93-57 dnsmasq[8629]: read /opt/stack/data/neutron/dhcp/4e110d46-b456-4124-be0b-480510dc1582/addn_hosts - 4 names
Sep 04 09:20:25.894382 devstack-u2204-93-57 dnsmasq-dhcp[8629]: read /opt/stack/data/neutron/dhcp/4e110d46-b456-4124-be0b-480510dc1582/host
Sep 04 09:20:25.894474 devstack-u2204-93-57 dnsmasq-dhcp[8629]: read /opt/stack/data/neutron/dhcp/4e110d46-b456-4124-be0b-480510dc1582/opts
Sep 04 09:20:26.793829 devstack-u2204-93-57 dnsmasq[4869]: read /opt/stack/data/neutron/dhcp/3911eba3-2240-430d-bf5c-a0bc0066d463/addn_hosts - 4 names
Sep 04 09:20:26.794094 devstack-u2204-93-57 dnsmasq-dhcp[4869]: read /opt/stack/data/neutron/dhcp/3911eba3-2240-430d-bf5c-a0bc0066d463/host
Sep 04 09:20:26.794203 devstack-u2204-93-57 dnsmasq-dhcp[4869]: read /opt/stack/data/neutron/dhcp/3911eba3-2240-430d-bf5c-a0bc0066d463/opts
Sep 04 09:20:27.699639 devstack-u2204-93-57 dnsmasq[5257]: read /opt/stack/data/neutron/dhcp/efed565f-0fb8-4e54-b341-bffa25e49468/addn_hosts - 4 names
Sep 04 09:20:27.699771 devstack-u2204-93-57 dnsmasq-dhcp[5257]: read /opt/stack/data/neutron/dhcp/efed565f-0fb8-4e54-b341-bffa25e49468/host
Sep 04 09:20:27.699855 devstack-u2204-93-57 dnsmasq-dhcp[5257]: read /opt/stack/data/neutron/dhcp/efed565f-0fb8-4e54-b341-bffa25e49468/opts
Sep 04 09:20:28.559664 devstack-u2204-93-57 dnsmasq[8906]: read /opt/stack/data/neutron/dhcp/49ffb186-075f-472b-9004-85bc516e8fbd/addn_hosts - 2 names
Sep 04 09:20:28.559774 devstack-u2204-93-57 dnsmasq-dhcp[8906]: read /opt/stack/data/neutron/dhcp/49ffb186-075f-472b-9004-85bc516e8fbd/host
Sep 04 09:20:28.559910 devstack-u2204-93-57 dnsmasq-dhcp[8906]: read /opt/stack/data/neutron/dhcp/49ffb186-075f-472b-9004-85bc516e8fbd/opts
Sep 04 09:20:29.445227 devstack-u2204-93-57 dnsmasq[5834]: read /opt/stack/data/neutron/dhcp/6d3df61e-a4a8-4027-9519-7be8b1d32325/addn_hosts - 4 names
Sep 04 09:20:29.445341 devstack-u2204-93-57 dnsmasq-dhcp[5834]: read /opt/stack/data/neutron/dhcp/6d3df61e-a4a8-4027-9519-7be8b1d32325/host
Sep 04 09:20:29.445541 devstack-u2204-93-57 dnsmasq-dhcp[5834]: read /opt/stack/data/neutron/dhcp/6d3df61e-a4a8-4027-9519-7be8b1d32325/opts
Sep 04 09:20:30.341136 devstack-u2204-93-57 dnsmasq[6532]: read /opt/stack/data/neutron/dhcp/3c974c25-0fbb-49ea-b98b-67bfd0ae8ce4/addn_hosts - 4 names
Sep 04 09:20:30.341248 devstack-u2204-93-57 dnsmasq-dhcp[6532]: read /opt/stack/data/neutron/dhcp/3c974c25-0fbb-49ea-b98b-67bfd0ae8ce4/host
Sep 04 09:20:30.341339 devstack-u2204-93-57 dnsmasq-dhcp[6532]: read /opt/stack/data/neutron/dhcp/3c974c25-0fbb-49ea-b98b-67bfd0ae8ce4/opts
Sep 04 09:20:31.221127 devstack-u2204-93-57 dnsmasq[9052]: read /opt/stack/data/neutron/dhcp/60744501-da2c-4469-980c-4c5cceb1c18c/addn_hosts - 4 names
Sep 04 09:20:31.221263 devstack-u2204-93-57 dnsmasq-dhcp[9052]: read /opt/stack/data/neutron/dhcp/60744501-da2c-4469-980c-4c5cceb1c18c/host
Sep 04 09:20:31.221397 devstack-u2204-93-57 dnsmasq-dhcp[9052]: read /opt/stack/data/neutron/dhcp/60744501-da2c-4469-980c-4c5cceb1c18c/opts
Sep 04 09:20:32.112700 devstack-u2204-93-57 dnsmasq[6035]: read /opt/stack/data/neutron/dhcp/dad22116-8738-4d51-9c0b-0e279e55f4be/addn_hosts - 4 names
Sep 04 09:20:32.112817 devstack-u2204-93-57 dnsmasq-dhcp[6035]: read /opt/stack/data/neutron/dhcp/dad22116-8738-4d51-9c0b-0e279e55f4be/host
Sep 04 09:20:32.112916 devstack-u2204-93-57 dnsmasq-dhcp[6035]: read /opt/stack/data/neutron/dhcp/dad22116-8738-4d51-9c0b-0e279e55f4be/opts
Sep 04 09:20:33.005614 devstack-u2204-93-57 dnsmasq[5612]: read /opt/stack/data/neutron/dhcp/7843c4b0-6e71-48b8-9188-555ec36c5be4/addn_hosts - 2 names
Sep 04 09:20:33.005743 devstack-u2204-93-57 dnsmasq-dhcp[5612]: read /opt/stack/data/neutron/dhcp/7843c4b0-6e71-48b8-9188-555ec36c5be4/host
Sep 04 09:20:33.005866 devstack-u2204-93-57 dnsmasq-dhcp[5612]: read /opt/stack/data/neutron/dhcp/7843c4b0-6e71-48b8-9188-555ec36c5be4/opts
Sep 04 09:20:35.903225 devstack-u2204-93-57 dnsmasq[8397]: read /opt/stack/data/neutron/dhcp/4f499d69-f383-4376-ba88-16738810dcb6/addn_hosts - 2 names
Sep 04 09:20:35.903342 devstack-u2204-93-57 dnsmasq-dhcp[8397]: read /opt/stack/data/neutron/dhcp/4f499d69-f383-4376-ba88-16738810dcb6/host
Sep 04 09:20:35.903481 devstack-u2204-93-57 dnsmasq-dhcp[8397]: read /opt/stack/data/neutron/dhcp/4f499d69-f383-4376-ba88-16738810dcb6/opts
Sep 04 09:20:36.813701 devstack-u2204-93-57 dnsmasq[7614]: read /opt/stack/data/neutron/dhcp/6dec701e-e173-4ee2-932f-bc59362bb6a0/addn_hosts - 2 names
Sep 04 09:20:36.813819 devstack-u2204-93-57 dnsmasq-dhcp[7614]: read /opt/stack/data/neutron/dhcp/6dec701e-e173-4ee2-932f-bc59362bb6a0/host
Sep 04 09:20:36.814007 devstack-u2204-93-57 dnsmasq-dhcp[7614]: read /opt/stack/data/neutron/dhcp/6dec701e-e173-4ee2-932f-bc59362bb6a0/opts
Sep 04 09:20:37.688648 devstack-u2204-93-57 dnsmasq[9162]: read /opt/stack/data/neutron/dhcp/6baf51da-c67b-409a-b65b-f847906727fe/addn_hosts - 2 names
Sep 04 09:20:37.688762 devstack-u2204-93-57 dnsmasq-dhcp[9162]: read /opt/stack/data/neutron/dhcp/6baf51da-c67b-409a-b65b-f847906727fe/host
Sep 04 09:20:37.688856 devstack-u2204-93-57 dnsmasq-dhcp[9162]: read /opt/stack/data/neutron/dhcp/6baf51da-c67b-409a-b65b-f847906727fe/opts
Sep 04 09:20:38.585391 devstack-u2204-93-57 dnsmasq[9509]: read /opt/stack/data/neutron/dhcp/40e4e761-d25e-4293-9c29-0825c7906fc4/addn_hosts - 8 names
Sep 04 09:20:38.585560 devstack-u2204-93-57 dnsmasq-dhcp[9509]: read /opt/stack/data/neutron/dhcp/40e4e761-d25e-4293-9c29-0825c7906fc4/host
Sep 04 09:20:38.585700 devstack-u2204-93-57 dnsmasq-dhcp[9509]: read /opt/stack/data/neutron/dhcp/40e4e761-d25e-4293-9c29-0825c7906fc4/opts
Sep 04 09:20:39.482760 devstack-u2204-93-57 dnsmasq[8086]: read /opt/stack/data/neutron/dhcp/612f555b-dddd-4f7d-8dd2-30527ac5567b/addn_hosts - 2 names
Sep 04 09:20:39.482879 devstack-u2204-93-57 dnsmasq-dhcp[8086]: read /opt/stack/data/neutron/dhcp/612f555b-dddd-4f7d-8dd2-30527ac5567b/host
Sep 04 09:20:39.482977 devstack-u2204-93-57 dnsmasq-dhcp[8086]: read /opt/stack/data/neutron/dhcp/612f555b-dddd-4f7d-8dd2-30527ac5567b/opts
Sep 04 09:20:40.386339 devstack-u2204-93-57 dnsmasq[8793]: read /opt/stack/data/neutron/dhcp/9f9aa009-6d71-4e4b-a3af-866184019359/addn_hosts - 2 names
Sep 04 09:20:40.386456 devstack-u2204-93-57 dnsmasq-dhcp[8793]: read /opt/stack/data/neutron/dhcp/9f9aa009-6d71-4e4b-a3af-866184019359/host
Sep 04 09:20:40.386557 devstack-u2204-93-57 dnsmasq-dhcp[8793]: read /opt/stack/data/neutron/dhcp/9f9aa009-6d71-4e4b-a3af-866184019359/opts
Sep 04 09:20:41.247832 devstack-u2204-93-57 dnsmasq[8629]: read /opt/stack/data/neutron/dhcp/4e110d46-b456-4124-be0b-480510dc1582/addn_hosts - 4 names
Sep 04 09:20:41.247954 devstack-u2204-93-57 dnsmasq-dhcp[8629]: read /opt/stack/data/neutron/dhcp/4e110d46-b456-4124-be0b-480510dc1582/host
Sep 04 09:20:41.248127 devstack-u2204-93-57 dnsmasq-dhcp[8629]: read /opt/stack/data/neutron/dhcp/4e110d46-b456-4124-be0b-480510dc1582/opts
Sep 04 09:20:42.159260 devstack-u2204-93-57 dnsmasq[4869]: read /opt/stack/data/neutron/dhcp/3911eba3-2240-430d-bf5c-a0bc0066d463/addn_hosts - 4 names
Sep 04 09:20:42.159369 devstack-u2204-93-57 dnsmasq-dhcp[4869]: read /opt/stack/data/neutron/dhcp/3911eba3-2240-430d-bf5c-a0bc0066d463/host
Sep 04 09:20:42.159460 devstack-u2204-93-57 dnsmasq-dhcp[4869]: read /opt/stack/data/neutron/dhcp/3911eba3-2240-430d-bf5c-a0bc0066d463/opts
Sep 04 09:20:43.026632 devstack-u2204-93-57 dnsmasq[5257]: read /opt/stack/data/neutron/dhcp/efed565f-0fb8-4e54-b341-bffa25e49468/addn_hosts - 4 names
Sep 04 09:20:43.026784 devstack-u2204-93-57 dnsmasq-dhcp[5257]: read /opt/stack/data/neutron/dhcp/efed565f-0fb8-4e54-b341-bffa25e49468/host
Sep 04 09:20:43.026909 devstack-u2204-93-57 dnsmasq-dhcp[5257]: read /opt/stack/data/neutron/dhcp/efed565f-0fb8-4e54-b341-bffa25e49468/opts
Sep 04 09:20:43.910409 devstack-u2204-93-57 dnsmasq[8906]: read /opt/stack/data/neutron/dhcp/49ffb186-075f-472b-9004-85bc516e8fbd/addn_hosts - 2 names
Sep 04 09:20:43.910531 devstack-u2204-93-57 dnsmasq-dhcp[8906]: read /opt/stack/data/neutron/dhcp/49ffb186-075f-472b-9004-85bc516e8fbd/host
Sep 04 09:20:43.910622 devstack-u2204-93-57 dnsmasq-dhcp[8906]: read /opt/stack/data/neutron/dhcp/49ffb186-075f-472b-9004-85bc516e8fbd/opts
Sep 04 09:20:44.818281 devstack-u2204-93-57 dnsmasq[5834]: read /opt/stack/data/neutron/dhcp/6d3df61e-a4a8-4027-9519-7be8b1d32325/addn_hosts - 4 names
Sep 04 09:20:44.818406 devstack-u2204-93-57 dnsmasq-dhcp[5834]: read /opt/stack/data/neutron/dhcp/6d3df61e-a4a8-4027-9519-7be8b1d32325/host
Sep 04 09:20:44.818495 devstack-u2204-93-57 dnsmasq-dhcp[5834]: read /opt/stack/data/neutron/dhcp/6d3df61e-a4a8-4027-9519-7be8b1d32325/opts
Sep 04 09:20:45.696738 devstack-u2204-93-57 dnsmasq[6532]: read /opt/stack/data/neutron/dhcp/3c974c25-0fbb-49ea-b98b-67bfd0ae8ce4/addn_hosts - 4 names
Sep 04 09:20:45.696864 devstack-u2204-93-57 dnsmasq-dhcp[6532]: read /opt/stack/data/neutron/dhcp/3c974c25-0fbb-49ea-b98b-67bfd0ae8ce4/host
Sep 04 09:20:45.696971 devstack-u2204-93-57 dnsmasq-dhcp[6532]: read /opt/stack/data/neutron/dhcp/3c974c25-0fbb-49ea-b98b-67bfd0ae8ce4/opts
Sep 04 09:20:46.600358 devstack-u2204-93-57 dnsmasq[9052]: read /opt/stack/data/neutron/dhcp/60744501-da2c-4469-980c-4c5cceb1c18c/addn_hosts - 4 names
Sep 04 09:20:46.600502 devstack-u2204-93-57 dnsmasq-dhcp[9052]: read /opt/stack/data/neutron/dhcp/60744501-da2c-4469-980c-4c5cceb1c18c/host
Sep 04 09:20:46.600593 devstack-u2204-93-57 dnsmasq-dhcp[9052]: read /opt/stack/data/neutron/dhcp/60744501-da2c-4469-980c-4c5cceb1c18c/opts
Sep 04 09:20:47.515191 devstack-u2204-93-57 dnsmasq[6035]: read /opt/stack/data/neutron/dhcp/dad22116-8738-4d51-9c0b-0e279e55f4be/addn_hosts - 4 names
Sep 04 09:20:47.515353 devstack-u2204-93-57 dnsmasq-dhcp[6035]: read /opt/stack/data/neutron/dhcp/dad22116-8738-4d51-9c0b-0e279e55f4be/host
Sep 04 09:20:47.515447 devstack-u2204-93-57 dnsmasq-dhcp[6035]: read /opt/stack/data/neutron/dhcp/dad22116-8738-4d51-9c0b-0e279e55f4be/opts
Sep 04 09:20:48.395823 devstack-u2204-93-57 dnsmasq[5612]: read /opt/stack/data/neutron/dhcp/7843c4b0-6e71-48b8-9188-555ec36c5be4/addn_hosts - 4 names
Sep 04 09:20:48.395984 devstack-u2204-93-57 dnsmasq-dhcp[5612]: read /opt/stack/data/neutron/dhcp/7843c4b0-6e71-48b8-9188-555ec36c5be4/host
Sep 04 09:20:48.396107 devstack-u2204-93-57 dnsmasq-dhcp[5612]: read /opt/stack/data/neutron/dhcp/7843c4b0-6e71-48b8-9188-555ec36c5be4/opts
Sep 04 09:20:50.797853 devstack-u2204-93-57 dnsmasq[9569]: read /opt/stack/data/neutron/dhcp/d1b12f99-fcbd-4393-9d18-56f9ab4564f5/addn_hosts - 4 names
Sep 04 09:20:50.797976 devstack-u2204-93-57 dnsmasq-dhcp[9569]: read /opt/stack/data/neutron/dhcp/d1b12f99-fcbd-4393-9d18-56f9ab4564f5/host
Sep 04 09:20:50.798046 devstack-u2204-93-57 dnsmasq-dhcp[9569]: read /opt/stack/data/neutron/dhcp/d1b12f99-fcbd-4393-9d18-56f9ab4564f5/opts
Sep 04 09:20:51.702074 devstack-u2204-93-57 dnsmasq[2842]: read /opt/stack/data/neutron/dhcp/d178761a-342a-4ec0-b817-5b72eb923613/addn_hosts - 2 names
Sep 04 09:20:51.702179 devstack-u2204-93-57 dnsmasq-dhcp[2842]: read /opt/stack/data/neutron/dhcp/d178761a-342a-4ec0-b817-5b72eb923613/host
Sep 04 09:20:51.702249 devstack-u2204-93-57 dnsmasq-dhcp[2842]: read /opt/stack/data/neutron/dhcp/d178761a-342a-4ec0-b817-5b72eb923613/opts
Sep 04 09:20:52.587473 devstack-u2204-93-57 dnsmasq[9162]: read /opt/stack/data/neutron/dhcp/6baf51da-c67b-409a-b65b-f847906727fe/addn_hosts - 2 names
Sep 04 09:20:52.587529 devstack-u2204-93-57 dnsmasq-dhcp[9162]: read /opt/stack/data/neutron/dhcp/6baf51da-c67b-409a-b65b-f847906727fe/host
Sep 04 09:20:52.587571 devstack-u2204-93-57 dnsmasq-dhcp[9162]: read /opt/stack/data/neutron/dhcp/6baf51da-c67b-409a-b65b-f847906727fe/opts
Sep 04 09:20:53.435588 devstack-u2204-93-57 dnsmasq[9509]: read /opt/stack/data/neutron/dhcp/40e4e761-d25e-4293-9c29-0825c7906fc4/addn_hosts - 8 names
Sep 04 09:20:53.436343 devstack-u2204-93-57 dnsmasq-dhcp[9509]: read /opt/stack/data/neutron/dhcp/40e4e761-d25e-4293-9c29-0825c7906fc4/host
Sep 04 09:20:53.436386 devstack-u2204-93-57 dnsmasq-dhcp[9509]: read /opt/stack/data/neutron/dhcp/40e4e761-d25e-4293-9c29-0825c7906fc4/opts
Sep 04 09:20:54.199652 devstack-u2204-93-57 dnsmasq[8629]: read /opt/stack/data/neutron/dhcp/4e110d46-b456-4124-be0b-480510dc1582/addn_hosts - 4 names
Sep 04 09:20:54.199814 devstack-u2204-93-57 dnsmasq-dhcp[8629]: read /opt/stack/data/neutron/dhcp/4e110d46-b456-4124-be0b-480510dc1582/host
Sep 04 09:20:54.199923 devstack-u2204-93-57 dnsmasq-dhcp[8629]: read /opt/stack/data/neutron/dhcp/4e110d46-b456-4124-be0b-480510dc1582/opts
Sep 04 09:20:54.602393 devstack-u2204-93-57 sudo[11043]:    stack : PWD=/ ; USER=root ; COMMAND=/opt/stack/data/venv/bin/neutron-rootwrap /etc/neutron/rootwrap.conf privsep-helper --config-file /etc/neutron/neutron.conf --config-file /etc/neutron/dhcp_agent.ini --privsep_context neutron.privileged.dhcp_release_cmd --privsep_sock_path /tmp/tmp5uxha6x_/privsep.sock
Sep 04 09:20:54.604266 devstack-u2204-93-57 sudo[11043]: pam_unix(sudo:session): session opened for user root(uid=0) by (uid=1001)
Sep 04 09:20:55.923721 devstack-u2204-93-57 sudo[11043]: pam_unix(sudo:session): session closed for user root
Sep 04 09:20:56.265771 devstack-u2204-93-57 dnsmasq-dhcp[4869]: DHCPRELEASE(tapfe46f768-ed) 10.1.0.10 fa:16:3e:59:f9:c1
Sep 04 09:20:56.279953 devstack-u2204-93-57 dnsmasq-dhcp[4869]: DHCPRELEASE(tapfe46f768-ed) 10.1.0.10 fa:16:3e:59:f9:c1 unknown lease
Sep 04 09:20:57.118399 devstack-u2204-93-57 dnsmasq[4869]: read /opt/stack/data/neutron/dhcp/3911eba3-2240-430d-bf5c-a0bc0066d463/addn_hosts - 2 names
Sep 04 09:20:57.118577 devstack-u2204-93-57 dnsmasq-dhcp[4869]: read /opt/stack/data/neutron/dhcp/3911eba3-2240-430d-bf5c-a0bc0066d463/host
Sep 04 09:20:57.118804 devstack-u2204-93-57 dnsmasq-dhcp[4869]: read /opt/stack/data/neutron/dhcp/3911eba3-2240-430d-bf5c-a0bc0066d463/opts
Sep 04 09:20:58.027553 devstack-u2204-93-57 dnsmasq[9052]: read /opt/stack/data/neutron/dhcp/60744501-da2c-4469-980c-4c5cceb1c18c/addn_hosts - 4 names
Sep 04 09:20:58.027676 devstack-u2204-93-57 dnsmasq-dhcp[9052]: read /opt/stack/data/neutron/dhcp/60744501-da2c-4469-980c-4c5cceb1c18c/host
Sep 04 09:20:58.027767 devstack-u2204-93-57 dnsmasq-dhcp[9052]: read /opt/stack/data/neutron/dhcp/60744501-da2c-4469-980c-4c5cceb1c18c/opts
Sep 04 09:20:59.429500 devstack-u2204-93-57 dnsmasq[9569]: read /opt/stack/data/neutron/dhcp/d1b12f99-fcbd-4393-9d18-56f9ab4564f5/addn_hosts - 4 names
Sep 04 09:20:59.429692 devstack-u2204-93-57 dnsmasq-dhcp[9569]: read /opt/stack/data/neutron/dhcp/d1b12f99-fcbd-4393-9d18-56f9ab4564f5/host
Sep 04 09:20:59.429774 devstack-u2204-93-57 dnsmasq-dhcp[9569]: read /opt/stack/data/neutron/dhcp/d1b12f99-fcbd-4393-9d18-56f9ab4564f5/opts
Sep 04 09:21:00.312417 devstack-u2204-93-57 dnsmasq[9509]: read /opt/stack/data/neutron/dhcp/40e4e761-d25e-4293-9c29-0825c7906fc4/addn_hosts - 8 names
Sep 04 09:21:00.312601 devstack-u2204-93-57 dnsmasq-dhcp[9509]: read /opt/stack/data/neutron/dhcp/40e4e761-d25e-4293-9c29-0825c7906fc4/host
Sep 04 09:21:00.312708 devstack-u2204-93-57 dnsmasq-dhcp[9509]: read /opt/stack/data/neutron/dhcp/40e4e761-d25e-4293-9c29-0825c7906fc4/opts
Sep 04 09:21:01.218479 devstack-u2204-93-57 dnsmasq[9371]: read /opt/stack/data/neutron/dhcp/b8587551-5ad0-46d2-8de6-62a7b65097f8/addn_hosts - 2 names
Sep 04 09:21:01.218630 devstack-u2204-93-57 dnsmasq-dhcp[9371]: read /opt/stack/data/neutron/dhcp/b8587551-5ad0-46d2-8de6-62a7b65097f8/host
Sep 04 09:21:01.218721 devstack-u2204-93-57 dnsmasq-dhcp[9371]: read /opt/stack/data/neutron/dhcp/b8587551-5ad0-46d2-8de6-62a7b65097f8/opts
Sep 04 09:21:01.384899 devstack-u2204-93-57 dnsmasq-dhcp[9371]: DHCPDISCOVER(tapf475a057-b7) fa:16:3e:66:3e:df
Sep 04 09:21:01.384944 devstack-u2204-93-57 dnsmasq-dhcp[9371]: DHCPOFFER(tapf475a057-b7) 10.10.10.37 fa:16:3e:66:3e:df
Sep 04 09:21:01.392090 devstack-u2204-93-57 dnsmasq-dhcp[9371]: DHCPREQUEST(tapf475a057-b7) 10.10.10.37 fa:16:3e:66:3e:df
Sep 04 09:21:01.392172 devstack-u2204-93-57 dnsmasq-dhcp[9371]: DHCPACK(tapf475a057-b7) 10.10.10.37 fa:16:3e:66:3e:df host-10-10-10-37
Sep 04 09:21:01.462200 devstack-u2204-93-57 dnsmasq-dhcp[8629]: DHCPDISCOVER(tap0d411e66-e6) fa:16:3e:20:54:0c
Sep 04 09:21:01.462239 devstack-u2204-93-57 dnsmasq-dhcp[8629]: DHCPOFFER(tap0d411e66-e6) 10.1.0.12 fa:16:3e:20:54:0c
Sep 04 09:21:01.477235 devstack-u2204-93-57 dnsmasq-dhcp[8629]: DHCPREQUEST(tap0d411e66-e6) 10.1.0.12 fa:16:3e:20:54:0c
Sep 04 09:21:01.477333 devstack-u2204-93-57 dnsmasq-dhcp[8629]: DHCPACK(tap0d411e66-e6) 10.1.0.12 fa:16:3e:20:54:0c host-10-1-0-12
Sep 04 09:21:02.609939 devstack-u2204-93-57 dnsmasq[9509]: read /opt/stack/data/neutron/dhcp/40e4e761-d25e-4293-9c29-0825c7906fc4/addn_hosts - 8 names
Sep 04 09:21:02.611754 devstack-u2204-93-57 dnsmasq-dhcp[9509]: read /opt/stack/data/neutron/dhcp/40e4e761-d25e-4293-9c29-0825c7906fc4/host
Sep 04 09:21:02.611837 devstack-u2204-93-57 dnsmasq-dhcp[9509]: read /opt/stack/data/neutron/dhcp/40e4e761-d25e-4293-9c29-0825c7906fc4/opts
Sep 04 09:21:38.022750 devstack-u2204-93-57 dnsmasq[4869]: read /opt/stack/data/neutron/dhcp/3911eba3-2240-430d-bf5c-a0bc0066d463/addn_hosts - 0 names
Sep 04 09:21:38.022803 devstack-u2204-93-57 dnsmasq-dhcp[4869]: read /opt/stack/data/neutron/dhcp/3911eba3-2240-430d-bf5c-a0bc0066d463/host
Sep 04 09:21:38.022840 devstack-u2204-93-57 dnsmasq-dhcp[4869]: read /opt/stack/data/neutron/dhcp/3911eba3-2240-430d-bf5c-a0bc0066d463/opts
Sep 04 09:21:39.647239 devstack-u2204-93-57 dnsmasq[4869]: exiting on receipt of SIGTERM
Sep 04 09:21:41.991413 devstack-u2204-93-57 dnsmasq[2842]: read /opt/stack/data/neutron/dhcp/d178761a-342a-4ec0-b817-5b72eb923613/addn_hosts - 0 names
Sep 04 09:21:41.991494 devstack-u2204-93-57 dnsmasq-dhcp[2842]: read /opt/stack/data/neutron/dhcp/d178761a-342a-4ec0-b817-5b72eb923613/host
Sep 04 09:21:41.991566 devstack-u2204-93-57 dnsmasq-dhcp[2842]: read /opt/stack/data/neutron/dhcp/d178761a-342a-4ec0-b817-5b72eb923613/opts
Sep 04 09:21:42.370909 devstack-u2204-93-57 dnsmasq-dhcp[9509]: DHCPDISCOVER(tap1742752f-44) fa:16:3e:bc:fa:b9
Sep 04 09:21:42.370929 devstack-u2204-93-57 dnsmasq-dhcp[9509]: DHCPOFFER(tap1742752f-44) 10.1.1.204 fa:16:3e:bc:fa:b9
Sep 04 09:21:42.374761 devstack-u2204-93-57 dnsmasq-dhcp[6532]: DHCPRELEASE(tap9b7c18b0-ef) 10.1.0.14 fa:16:3e:61:94:55
Sep 04 09:21:42.387427 devstack-u2204-93-57 dnsmasq-dhcp[6532]: DHCPRELEASE(tap9b7c18b0-ef) 10.1.0.14 fa:16:3e:61:94:55 unknown lease
Sep 04 09:21:42.426649 devstack-u2204-93-57 dnsmasq-dhcp[9509]: DHCPDISCOVER(tap1742752f-44) fa:16:3e:15:98:ff
Sep 04 09:21:42.427034 devstack-u2204-93-57 dnsmasq-dhcp[9509]: DHCPOFFER(tap1742752f-44) 10.1.1.148 fa:16:3e:15:98:ff
Sep 04 09:21:42.442675 devstack-u2204-93-57 dnsmasq-dhcp[9509]: DHCPREQUEST(tap1742752f-44) 10.1.1.204 fa:16:3e:bc:fa:b9
Sep 04 09:21:42.442728 devstack-u2204-93-57 dnsmasq-dhcp[9509]: DHCPACK(tap1742752f-44) 10.1.1.204 fa:16:3e:bc:fa:b9 host-10-1-1-204
Sep 04 09:21:42.450350 devstack-u2204-93-57 dnsmasq-dhcp[9509]: DHCPREQUEST(tap1742752f-44) 10.1.1.148 fa:16:3e:15:98:ff
Sep 04 09:21:42.450402 devstack-u2204-93-57 dnsmasq-dhcp[9509]: DHCPACK(tap1742752f-44) 10.1.1.148 fa:16:3e:15:98:ff host-10-1-1-148
Sep 04 09:21:42.607016 devstack-u2204-93-57 dnsmasq-dhcp[9509]: DHCPDISCOVER(tap1742752f-44) fa:16:3e:18:16:40
Sep 04 09:21:42.607038 devstack-u2204-93-57 dnsmasq-dhcp[9509]: DHCPOFFER(tap1742752f-44) 10.1.1.227 fa:16:3e:18:16:40
Sep 04 09:21:42.646791 devstack-u2204-93-57 dnsmasq-dhcp[9509]: DHCPREQUEST(tap1742752f-44) 10.1.1.227 fa:16:3e:18:16:40
Sep 04 09:21:42.646819 devstack-u2204-93-57 dnsmasq-dhcp[9509]: DHCPACK(tap1742752f-44) 10.1.1.227 fa:16:3e:18:16:40 host-10-1-1-227
Sep 04 09:21:42.769614 devstack-u2204-93-57 dnsmasq-dhcp[9509]: DHCPDISCOVER(tap1742752f-44) fa:16:3e:79:70:5f
Sep 04 09:21:42.769663 devstack-u2204-93-57 dnsmasq-dhcp[9509]: DHCPOFFER(tap1742752f-44) 10.1.1.245 fa:16:3e:79:70:5f
Sep 04 09:21:42.789402 devstack-u2204-93-57 dnsmasq-dhcp[5612]: DHCPDISCOVER(tapbf59075b-5c) fa:16:3e:89:43:04
Sep 04 09:21:42.789441 devstack-u2204-93-57 dnsmasq-dhcp[5612]: DHCPOFFER(tapbf59075b-5c) 10.1.0.14 fa:16:3e:89:43:04
Sep 04 09:21:42.836619 devstack-u2204-93-57 dnsmasq-dhcp[9509]: DHCPREQUEST(tap1742752f-44) 10.1.1.245 fa:16:3e:79:70:5f
Sep 04 09:21:42.837308 devstack-u2204-93-57 dnsmasq-dhcp[9509]: DHCPACK(tap1742752f-44) 10.1.1.245 fa:16:3e:79:70:5f host-10-1-1-245
Sep 04 09:21:42.849017 devstack-u2204-93-57 dnsmasq-dhcp[5612]: DHCPREQUEST(tapbf59075b-5c) 10.1.0.14 fa:16:3e:89:43:04
Sep 04 09:21:42.849101 devstack-u2204-93-57 dnsmasq-dhcp[5612]: DHCPACK(tapbf59075b-5c) 10.1.0.14 fa:16:3e:89:43:04 host-10-1-0-14
Sep 04 09:21:43.103380 devstack-u2204-93-57 dnsmasq-dhcp[9569]: DHCPDISCOVER(tap2d82c2bb-f8) fa:16:3e:6f:53:e0
Sep 04 09:21:43.103400 devstack-u2204-93-57 dnsmasq-dhcp[9569]: DHCPOFFER(tap2d82c2bb-f8) 10.2.2.200 fa:16:3e:6f:53:e0
Sep 04 09:21:43.115833 devstack-u2204-93-57 dnsmasq-dhcp[9569]: DHCPREQUEST(tap2d82c2bb-f8) 10.2.2.200 fa:16:3e:6f:53:e0
Sep 04 09:21:43.115924 devstack-u2204-93-57 dnsmasq-dhcp[9569]: DHCPACK(tap2d82c2bb-f8) 10.2.2.200 fa:16:3e:6f:53:e0 host-10-2-2-200
Sep 04 09:21:43.216385 devstack-u2204-93-57 dnsmasq[6532]: read /opt/stack/data/neutron/dhcp/3c974c25-0fbb-49ea-b98b-67bfd0ae8ce4/addn_hosts - 2 names
Sep 04 09:21:43.216487 devstack-u2204-93-57 dnsmasq-dhcp[6532]: read /opt/stack/data/neutron/dhcp/3c974c25-0fbb-49ea-b98b-67bfd0ae8ce4/host
Sep 04 09:21:43.216555 devstack-u2204-93-57 dnsmasq-dhcp[6532]: read /opt/stack/data/neutron/dhcp/3c974c25-0fbb-49ea-b98b-67bfd0ae8ce4/opts
Sep 04 09:21:43.709352 devstack-u2204-93-57 dnsmasq-dhcp[9569]: DHCPDISCOVER(tap2d82c2bb-f8) fa:16:3e:62:a8:41
Sep 04 09:21:43.709377 devstack-u2204-93-57 dnsmasq-dhcp[9569]: DHCPOFFER(tap2d82c2bb-f8) 10.2.2.100 fa:16:3e:62:a8:41
Sep 04 09:21:43.719664 devstack-u2204-93-57 dnsmasq-dhcp[9569]: DHCPREQUEST(tap2d82c2bb-f8) 10.2.2.100 fa:16:3e:62:a8:41
Sep 04 09:21:43.719705 devstack-u2204-93-57 dnsmasq-dhcp[9569]: DHCPACK(tap2d82c2bb-f8) 10.2.2.100 fa:16:3e:62:a8:41 host-10-2-2-100
Sep 04 09:21:46.749967 devstack-u2204-93-57 dnsmasq[11973]: started, version 2.90 cachesize 150
Sep 04 09:21:46.750000 devstack-u2204-93-57 dnsmasq[11973]: DNS service limited to local subnets
Sep 04 09:21:46.750014 devstack-u2204-93-57 dnsmasq[11973]: compile time options: IPv6 GNU-getopt DBus no-UBus i18n IDN2 DHCP DHCPv6 no-Lua TFTP conntrack ipset no-nftset auth cryptohash DNSSEC loop-detect inotify dumpfile
Sep 04 09:21:46.750070 devstack-u2204-93-57 dnsmasq-dhcp[11973]: DHCP, static leases only on 10.1.0.0, lease time 1d
Sep 04 09:21:46.750186 devstack-u2204-93-57 dnsmasq[11973]: reading /etc/resolv.conf
Sep 04 09:21:46.750197 devstack-u2204-93-57 dnsmasq[11973]: using nameserver 127.0.0.53#53
Sep 04 09:21:46.750265 devstack-u2204-93-57 dnsmasq[11973]: read /opt/stack/data/neutron/dhcp/b762a9fe-4334-47ee-8133-ef1a2c7c907d/addn_hosts - 0 names
Sep 04 09:21:46.750302 devstack-u2204-93-57 dnsmasq-dhcp[11973]: read /opt/stack/data/neutron/dhcp/b762a9fe-4334-47ee-8133-ef1a2c7c907d/host
Sep 04 09:21:46.750344 devstack-u2204-93-57 dnsmasq-dhcp[11973]: read /opt/stack/data/neutron/dhcp/b762a9fe-4334-47ee-8133-ef1a2c7c907d/opts
Sep 04 09:21:50.365812 devstack-u2204-93-57 dnsmasq[12229]: started, version 2.90 cachesize 150
Sep 04 09:21:50.365833 devstack-u2204-93-57 dnsmasq[12229]: DNS service limited to local subnets
Sep 04 09:21:50.365844 devstack-u2204-93-57 dnsmasq[12229]: compile time options: IPv6 GNU-getopt DBus no-UBus i18n IDN2 DHCP DHCPv6 no-Lua TFTP conntrack ipset no-nftset auth cryptohash DNSSEC loop-detect inotify dumpfile
Sep 04 09:21:50.365868 devstack-u2204-93-57 dnsmasq-dhcp[12229]: DHCP, static leases only on 10.1.0.0, lease time 1d
Sep 04 09:21:50.365986 devstack-u2204-93-57 dnsmasq[12229]: reading /etc/resolv.conf
Sep 04 09:21:50.365998 devstack-u2204-93-57 dnsmasq[12229]: using nameserver 127.0.0.53#53
Sep 04 09:21:50.366066 devstack-u2204-93-57 dnsmasq[12229]: read /opt/stack/data/neutron/dhcp/4912900a-3a2d-4616-b940-a627485757af/addn_hosts - 0 names
Sep 04 09:21:50.366103 devstack-u2204-93-57 dnsmasq-dhcp[12229]: read /opt/stack/data/neutron/dhcp/4912900a-3a2d-4616-b940-a627485757af/host
Sep 04 09:21:50.366142 devstack-u2204-93-57 dnsmasq-dhcp[12229]: read /opt/stack/data/neutron/dhcp/4912900a-3a2d-4616-b940-a627485757af/opts
Sep 04 09:21:51.431088 devstack-u2204-93-57 dnsmasq[11973]: read /opt/stack/data/neutron/dhcp/b762a9fe-4334-47ee-8133-ef1a2c7c907d/addn_hosts - 2 names
Sep 04 09:21:51.431166 devstack-u2204-93-57 dnsmasq-dhcp[11973]: read /opt/stack/data/neutron/dhcp/b762a9fe-4334-47ee-8133-ef1a2c7c907d/host
Sep 04 09:21:51.431231 devstack-u2204-93-57 dnsmasq-dhcp[11973]: read /opt/stack/data/neutron/dhcp/b762a9fe-4334-47ee-8133-ef1a2c7c907d/opts
Sep 04 09:21:53.315553 devstack-u2204-93-57 dnsmasq[12229]: read /opt/stack/data/neutron/dhcp/4912900a-3a2d-4616-b940-a627485757af/addn_hosts - 2 names
Sep 04 09:21:53.315635 devstack-u2204-93-57 dnsmasq-dhcp[12229]: read /opt/stack/data/neutron/dhcp/4912900a-3a2d-4616-b940-a627485757af/host
Sep 04 09:21:53.315737 devstack-u2204-93-57 dnsmasq-dhcp[12229]: read /opt/stack/data/neutron/dhcp/4912900a-3a2d-4616-b940-a627485757af/opts
Sep 04 09:21:54.163693 devstack-u2204-93-57 dnsmasq[11973]: read /opt/stack/data/neutron/dhcp/b762a9fe-4334-47ee-8133-ef1a2c7c907d/addn_hosts - 2 names
Sep 04 09:21:54.163849 devstack-u2204-93-57 dnsmasq-dhcp[11973]: read /opt/stack/data/neutron/dhcp/b762a9fe-4334-47ee-8133-ef1a2c7c907d/host
Sep 04 09:21:54.164182 devstack-u2204-93-57 dnsmasq-dhcp[11973]: read /opt/stack/data/neutron/dhcp/b762a9fe-4334-47ee-8133-ef1a2c7c907d/opts
Sep 04 09:21:55.998998 devstack-u2204-93-57 dnsmasq[12229]: read /opt/stack/data/neutron/dhcp/4912900a-3a2d-4616-b940-a627485757af/addn_hosts - 2 names
Sep 04 09:21:55.999096 devstack-u2204-93-57 dnsmasq-dhcp[12229]: read /opt/stack/data/neutron/dhcp/4912900a-3a2d-4616-b940-a627485757af/host
Sep 04 09:21:55.999154 devstack-u2204-93-57 dnsmasq-dhcp[12229]: read /opt/stack/data/neutron/dhcp/4912900a-3a2d-4616-b940-a627485757af/opts
Sep 04 09:21:56.907104 devstack-u2204-93-57 dnsmasq[11973]: read /opt/stack/data/neutron/dhcp/b762a9fe-4334-47ee-8133-ef1a2c7c907d/addn_hosts - 2 names
Sep 04 09:21:56.907184 devstack-u2204-93-57 dnsmasq-dhcp[11973]: read /opt/stack/data/neutron/dhcp/b762a9fe-4334-47ee-8133-ef1a2c7c907d/host
Sep 04 09:21:56.907270 devstack-u2204-93-57 dnsmasq-dhcp[11973]: read /opt/stack/data/neutron/dhcp/b762a9fe-4334-47ee-8133-ef1a2c7c907d/opts
Sep 04 09:21:58.339004 devstack-u2204-93-57 dnsmasq[12229]: read /opt/stack/data/neutron/dhcp/4912900a-3a2d-4616-b940-a627485757af/addn_hosts - 2 names
Sep 04 09:21:58.339108 devstack-u2204-93-57 dnsmasq-dhcp[12229]: read /opt/stack/data/neutron/dhcp/4912900a-3a2d-4616-b940-a627485757af/host
Sep 04 09:21:58.339164 devstack-u2204-93-57 dnsmasq-dhcp[12229]: read /opt/stack/data/neutron/dhcp/4912900a-3a2d-4616-b940-a627485757af/opts
Sep 04 09:22:05.981806 devstack-u2204-93-57 dnsmasq-dhcp[9371]: DHCPRELEASE(tapf475a057-b7) 10.10.10.37 fa:16:3e:66:3e:df
Sep 04 09:22:06.010743 devstack-u2204-93-57 dnsmasq-dhcp[9371]: DHCPRELEASE(tapf475a057-b7) 10.10.10.37 fa:16:3e:66:3e:df unknown lease
Sep 04 09:22:06.838751 devstack-u2204-93-57 dnsmasq[9371]: read /opt/stack/data/neutron/dhcp/b8587551-5ad0-46d2-8de6-62a7b65097f8/addn_hosts - 0 names
Sep 04 09:22:06.838837 devstack-u2204-93-57 dnsmasq-dhcp[9371]: read /opt/stack/data/neutron/dhcp/b8587551-5ad0-46d2-8de6-62a7b65097f8/host
Sep 04 09:22:06.838918 devstack-u2204-93-57 dnsmasq-dhcp[9371]: read /opt/stack/data/neutron/dhcp/b8587551-5ad0-46d2-8de6-62a7b65097f8/opts
Sep 04 09:22:07.200918 devstack-u2204-93-57 dnsmasq-dhcp[6532]: DHCPRELEASE(tap9b7c18b0-ef) 10.1.0.1 fa:16:3e:73:67:99
Sep 04 09:22:08.030394 devstack-u2204-93-57 dnsmasq[6532]: read /opt/stack/data/neutron/dhcp/3c974c25-0fbb-49ea-b98b-67bfd0ae8ce4/addn_hosts - 0 names
Sep 04 09:22:08.031933 devstack-u2204-93-57 dnsmasq-dhcp[6532]: read /opt/stack/data/neutron/dhcp/3c974c25-0fbb-49ea-b98b-67bfd0ae8ce4/host
Sep 04 09:22:08.031990 devstack-u2204-93-57 dnsmasq-dhcp[6532]: read /opt/stack/data/neutron/dhcp/3c974c25-0fbb-49ea-b98b-67bfd0ae8ce4/opts
Sep 04 09:22:08.356101 devstack-u2204-93-57 dnsmasq-dhcp[6035]: DHCPRELEASE(tap03311b17-b8) 10.1.0.4 fa:16:3e:69:93:47
Sep 04 09:22:08.381350 devstack-u2204-93-57 dnsmasq-dhcp[6035]: DHCPRELEASE(tap03311b17-b8) 10.1.0.4 fa:16:3e:69:93:47 unknown lease
Sep 04 09:22:09.210257 devstack-u2204-93-57 dnsmasq[6035]: read /opt/stack/data/neutron/dhcp/dad22116-8738-4d51-9c0b-0e279e55f4be/addn_hosts - 2 names
Sep 04 09:22:09.210347 devstack-u2204-93-57 dnsmasq-dhcp[6035]: read /opt/stack/data/neutron/dhcp/dad22116-8738-4d51-9c0b-0e279e55f4be/host
Sep 04 09:22:09.210423 devstack-u2204-93-57 dnsmasq-dhcp[6035]: read /opt/stack/data/neutron/dhcp/dad22116-8738-4d51-9c0b-0e279e55f4be/opts
Sep 04 09:22:09.549156 devstack-u2204-93-57 dnsmasq-dhcp[9569]: DHCPRELEASE(tap2d82c2bb-f8) 10.2.2.100 fa:16:3e:62:a8:41
Sep 04 09:22:09.567188 devstack-u2204-93-57 dnsmasq-dhcp[9569]: DHCPRELEASE(tap2d82c2bb-f8) 10.2.2.100 fa:16:3e:62:a8:41 unknown lease
Sep 04 09:22:10.398217 devstack-u2204-93-57 dnsmasq[9569]: read /opt/stack/data/neutron/dhcp/d1b12f99-fcbd-4393-9d18-56f9ab4564f5/addn_hosts - 2 names
Sep 04 09:22:10.398329 devstack-u2204-93-57 dnsmasq-dhcp[9569]: read /opt/stack/data/neutron/dhcp/d1b12f99-fcbd-4393-9d18-56f9ab4564f5/host
Sep 04 09:22:10.398430 devstack-u2204-93-57 dnsmasq-dhcp[9569]: read /opt/stack/data/neutron/dhcp/d1b12f99-fcbd-4393-9d18-56f9ab4564f5/opts
Sep 04 09:22:10.751623 devstack-u2204-93-57 dnsmasq-dhcp[5612]: DHCPRELEASE(tapbf59075b-5c) 10.1.0.14 fa:16:3e:89:43:04
Sep 04 09:22:10.776766 devstack-u2204-93-57 dnsmasq-dhcp[5612]: DHCPRELEASE(tapbf59075b-5c) 10.1.0.14 fa:16:3e:89:43:04 unknown lease
Sep 04 09:22:11.609577 devstack-u2204-93-57 dnsmasq[5612]: read /opt/stack/data/neutron/dhcp/7843c4b0-6e71-48b8-9188-555ec36c5be4/addn_hosts - 2 names
Sep 04 09:22:11.609638 devstack-u2204-93-57 dnsmasq-dhcp[5612]: read /opt/stack/data/neutron/dhcp/7843c4b0-6e71-48b8-9188-555ec36c5be4/host
Sep 04 09:22:11.609683 devstack-u2204-93-57 dnsmasq-dhcp[5612]: read /opt/stack/data/neutron/dhcp/7843c4b0-6e71-48b8-9188-555ec36c5be4/opts
Sep 04 09:22:12.026629 devstack-u2204-93-57 dnsmasq[6532]: exiting on receipt of SIGTERM
Sep 04 09:22:12.634234 devstack-u2204-93-57 dnsmasq-dhcp[7614]: DHCPRELEASE(tapb5471caa-ca) 10.1.0.1 fa:16:3e:f4:20:f6
Sep 04 09:22:13.458713 devstack-u2204-93-57 dnsmasq[7614]: read /opt/stack/data/neutron/dhcp/6dec701e-e173-4ee2-932f-bc59362bb6a0/addn_hosts - 0 names
Sep 04 09:22:13.458765 devstack-u2204-93-57 dnsmasq-dhcp[7614]: read /opt/stack/data/neutron/dhcp/6dec701e-e173-4ee2-932f-bc59362bb6a0/host
Sep 04 09:22:13.458804 devstack-u2204-93-57 dnsmasq-dhcp[7614]: read /opt/stack/data/neutron/dhcp/6dec701e-e173-4ee2-932f-bc59362bb6a0/opts
Sep 04 09:22:13.780089 devstack-u2204-93-57 dnsmasq-dhcp[9509]: DHCPRELEASE(tap1742752f-44) 10.1.1.148 fa:16:3e:15:98:ff
Sep 04 09:22:13.801624 devstack-u2204-93-57 dnsmasq-dhcp[9509]: DHCPRELEASE(tap1742752f-44) 10.1.1.148 fa:16:3e:15:98:ff unknown lease
Sep 04 09:22:14.636370 devstack-u2204-93-57 dnsmasq[9509]: read /opt/stack/data/neutron/dhcp/40e4e761-d25e-4293-9c29-0825c7906fc4/addn_hosts - 6 names
Sep 04 09:22:14.636435 devstack-u2204-93-57 dnsmasq-dhcp[9509]: read /opt/stack/data/neutron/dhcp/40e4e761-d25e-4293-9c29-0825c7906fc4/host
Sep 04 09:22:14.636471 devstack-u2204-93-57 dnsmasq-dhcp[9509]: read /opt/stack/data/neutron/dhcp/40e4e761-d25e-4293-9c29-0825c7906fc4/opts
Sep 04 09:22:14.938450 devstack-u2204-93-57 dnsmasq-dhcp[9569]: DHCPRELEASE(tap2d82c2bb-f8) 10.2.2.200 fa:16:3e:6f:53:e0
Sep 04 09:22:14.951531 devstack-u2204-93-57 dnsmasq-dhcp[9569]: DHCPRELEASE(tap2d82c2bb-f8) 10.2.2.200 fa:16:3e:6f:53:e0 unknown lease
Sep 04 09:22:15.777544 devstack-u2204-93-57 dnsmasq[9569]: read /opt/stack/data/neutron/dhcp/d1b12f99-fcbd-4393-9d18-56f9ab4564f5/addn_hosts - 0 names
Sep 04 09:22:15.777616 devstack-u2204-93-57 dnsmasq-dhcp[9569]: read /opt/stack/data/neutron/dhcp/d1b12f99-fcbd-4393-9d18-56f9ab4564f5/host
Sep 04 09:22:15.777699 devstack-u2204-93-57 dnsmasq-dhcp[9569]: read /opt/stack/data/neutron/dhcp/d1b12f99-fcbd-4393-9d18-56f9ab4564f5/opts
Sep 04 09:22:16.153564 devstack-u2204-93-57 dnsmasq-dhcp[6035]: DHCPRELEASE(tap03311b17-b8) 10.1.0.1 fa:16:3e:fd:71:21
Sep 04 09:22:16.982096 devstack-u2204-93-57 dnsmasq[6035]: read /opt/stack/data/neutron/dhcp/dad22116-8738-4d51-9c0b-0e279e55f4be/addn_hosts - 0 names
Sep 04 09:22:16.982135 devstack-u2204-93-57 dnsmasq-dhcp[6035]: read /opt/stack/data/neutron/dhcp/dad22116-8738-4d51-9c0b-0e279e55f4be/host
Sep 04 09:22:16.982175 devstack-u2204-93-57 dnsmasq-dhcp[6035]: read /opt/stack/data/neutron/dhcp/dad22116-8738-4d51-9c0b-0e279e55f4be/opts
Sep 04 09:22:17.262237 devstack-u2204-93-57 dnsmasq[7614]: exiting on receipt of SIGTERM
Sep 04 09:22:18.521292 devstack-u2204-93-57 dnsmasq-dhcp[5257]: DHCPREQUEST(tap3c687eff-e3) 10.1.0.5 fa:16:3e:d3:53:4b
Sep 04 09:22:18.521313 devstack-u2204-93-57 dnsmasq-dhcp[5257]: DHCPACK(tap3c687eff-e3) 10.1.0.5 fa:16:3e:d3:53:4b host-10-1-0-5
Sep 04 09:22:20.969836 devstack-u2204-93-57 dnsmasq[13557]: started, version 2.90 cachesize 150
Sep 04 09:22:20.969886 devstack-u2204-93-57 dnsmasq[13557]: DNS service limited to local subnets
