Sep 04 06:50:34.761295 devstack-u2204-93-57 dnsmasq[129203]: started, version 2.90 cachesize 150
Sep 04 06:50:34.761323 devstack-u2204-93-57 dnsmasq[129203]: DNS service limited to local subnets
Sep 04 06:50:34.761335 devstack-u2204-93-57 dnsmasq[129203]: compile time options: IPv6 GNU-getopt DBus no-UBus i18n IDN2 DHCP DHCPv6 no-Lua TFTP conntrack ipset no-nftset auth cryptohash DNSSEC loop-detect inotify dumpfile
Sep 04 06:50:34.761368 devstack-u2204-93-57 dnsmasq-dhcp[129203]: DHCP, static leases only on 10.1.0.0, lease time 1d
Sep 04 06:50:34.761498 devstack-u2204-93-57 dnsmasq[129203]: reading /etc/resolv.conf
Sep 04 06:50:34.761509 devstack-u2204-93-57 dnsmasq[129203]: using nameserver 127.0.0.53#53
Sep 04 06:50:34.761566 devstack-u2204-93-57 dnsmasq[129203]: read /opt/stack/data/neutron/dhcp/ee229f1e-993e-4972-815a-5c801cd96ca9/addn_hosts - 0 names
Sep 04 06:50:34.761600 devstack-u2204-93-57 dnsmasq-dhcp[129203]: read /opt/stack/data/neutron/dhcp/ee229f1e-993e-4972-815a-5c801cd96ca9/host
Sep 04 06:50:34.761639 devstack-u2204-93-57 dnsmasq-dhcp[129203]: read /opt/stack/data/neutron/dhcp/ee229f1e-993e-4972-815a-5c801cd96ca9/opts
Sep 04 06:50:38.134350 devstack-u2204-93-57 dnsmasq[129476]: started, version 2.90 cachesize 150
Sep 04 06:50:38.134381 devstack-u2204-93-57 dnsmasq[129476]: DNS service limited to local subnets
Sep 04 06:50:38.134396 devstack-u2204-93-57 dnsmasq[129476]: compile time options: IPv6 GNU-getopt DBus no-UBus i18n IDN2 DHCP DHCPv6 no-Lua TFTP conntrack ipset no-nftset auth cryptohash DNSSEC loop-detect inotify dumpfile
Sep 04 06:50:38.134432 devstack-u2204-93-57 dnsmasq-dhcp[129476]: DHCP, static leases only on 10.1.0.0, lease time 1d
Sep 04 06:50:38.134692 devstack-u2204-93-57 dnsmasq[129476]: reading /etc/resolv.conf
Sep 04 06:50:38.134708 devstack-u2204-93-57 dnsmasq[129476]: using nameserver 127.0.0.53#53
Sep 04 06:50:38.134781 devstack-u2204-93-57 dnsmasq[129476]: read /opt/stack/data/neutron/dhcp/1711b3ca-613a-43c0-b0d4-ff0ed43a2ab4/addn_hosts - 0 names
Sep 04 06:50:38.134833 devstack-u2204-93-57 dnsmasq-dhcp[129476]: read /opt/stack/data/neutron/dhcp/1711b3ca-613a-43c0-b0d4-ff0ed43a2ab4/host
Sep 04 06:50:38.134886 devstack-u2204-93-57 dnsmasq-dhcp[129476]: read /opt/stack/data/neutron/dhcp/1711b3ca-613a-43c0-b0d4-ff0ed43a2ab4/opts
Sep 04 06:50:41.523607 devstack-u2204-93-57 dnsmasq[129884]: started, version 2.90 cachesize 150
Sep 04 06:50:41.523627 devstack-u2204-93-57 dnsmasq[129884]: DNS service limited to local subnets
Sep 04 06:50:41.523637 devstack-u2204-93-57 dnsmasq[129884]: compile time options: IPv6 GNU-getopt DBus no-UBus i18n IDN2 DHCP DHCPv6 no-Lua TFTP conntrack ipset no-nftset auth cryptohash DNSSEC loop-detect inotify dumpfile
Sep 04 06:50:41.523665 devstack-u2204-93-57 dnsmasq-dhcp[129884]: DHCP, static leases only on 10.1.0.0, lease time 1d
Sep 04 06:50:41.523799 devstack-u2204-93-57 dnsmasq[129884]: reading /etc/resolv.conf
Sep 04 06:50:41.523812 devstack-u2204-93-57 dnsmasq[129884]: using nameserver 127.0.0.53#53
Sep 04 06:50:41.523911 devstack-u2204-93-57 dnsmasq[129884]: read /opt/stack/data/neutron/dhcp/9bfc869a-6dbd-489b-baf3-61c8e4969400/addn_hosts - 2 names
Sep 04 06:50:41.523954 devstack-u2204-93-57 dnsmasq-dhcp[129884]: read /opt/stack/data/neutron/dhcp/9bfc869a-6dbd-489b-baf3-61c8e4969400/host
Sep 04 06:50:41.523993 devstack-u2204-93-57 dnsmasq-dhcp[129884]: read /opt/stack/data/neutron/dhcp/9bfc869a-6dbd-489b-baf3-61c8e4969400/opts
Sep 04 06:50:45.970012 devstack-u2204-93-57 dnsmasq[130245]: started, version 2.90 cachesize 150
Sep 04 06:50:45.970048 devstack-u2204-93-57 dnsmasq[130245]: DNS service limited to local subnets
Sep 04 06:50:45.970065 devstack-u2204-93-57 dnsmasq[130245]: compile time options: IPv6 GNU-getopt DBus no-UBus i18n IDN2 DHCP DHCPv6 no-Lua TFTP conntrack ipset no-nftset auth cryptohash DNSSEC loop-detect inotify dumpfile
Sep 04 06:50:45.970098 devstack-u2204-93-57 dnsmasq-dhcp[130245]: DHCP, static leases only on 10.1.0.0, lease time 1d
Sep 04 06:50:45.970225 devstack-u2204-93-57 dnsmasq[130245]: reading /etc/resolv.conf
Sep 04 06:50:45.970237 devstack-u2204-93-57 dnsmasq[130245]: using nameserver 127.0.0.53#53
Sep 04 06:50:45.970315 devstack-u2204-93-57 dnsmasq[130245]: read /opt/stack/data/neutron/dhcp/408ae547-5369-41da-a38f-446e6ea7eaca/addn_hosts - 2 names
Sep 04 06:50:45.970352 devstack-u2204-93-57 dnsmasq-dhcp[130245]: read /opt/stack/data/neutron/dhcp/408ae547-5369-41da-a38f-446e6ea7eaca/host
Sep 04 06:50:45.970391 devstack-u2204-93-57 dnsmasq-dhcp[130245]: read /opt/stack/data/neutron/dhcp/408ae547-5369-41da-a38f-446e6ea7eaca/opts
Sep 04 06:50:49.015421 devstack-u2204-93-57 dnsmasq[130479]: started, version 2.90 cachesize 150
Sep 04 06:50:49.015439 devstack-u2204-93-57 dnsmasq[130479]: DNS service limited to local subnets
Sep 04 06:50:49.015449 devstack-u2204-93-57 dnsmasq[130479]: compile time options: IPv6 GNU-getopt DBus no-UBus i18n IDN2 DHCP DHCPv6 no-Lua TFTP conntrack ipset no-nftset auth cryptohash DNSSEC loop-detect inotify dumpfile
Sep 04 06:50:49.015500 devstack-u2204-93-57 dnsmasq-dhcp[130479]: DHCP, static leases only on 10.1.0.0, lease time 1d
Sep 04 06:50:49.015619 devstack-u2204-93-57 dnsmasq[130479]: reading /etc/resolv.conf
Sep 04 06:50:49.015648 devstack-u2204-93-57 dnsmasq[130479]: using nameserver 127.0.0.53#53
Sep 04 06:50:49.015743 devstack-u2204-93-57 dnsmasq[130479]: read /opt/stack/data/neutron/dhcp/bd7344bd-d5f2-4958-8cbd-ed18bb00409a/addn_hosts - 2 names
Sep 04 06:50:49.015780 devstack-u2204-93-57 dnsmasq-dhcp[130479]: read /opt/stack/data/neutron/dhcp/bd7344bd-d5f2-4958-8cbd-ed18bb00409a/host
Sep 04 06:50:49.015819 devstack-u2204-93-57 dnsmasq-dhcp[130479]: read /opt/stack/data/neutron/dhcp/bd7344bd-d5f2-4958-8cbd-ed18bb00409a/opts
Sep 04 06:50:52.709634 devstack-u2204-93-57 dnsmasq[130717]: started, version 2.90 cachesize 150
Sep 04 06:50:52.709656 devstack-u2204-93-57 dnsmasq[130717]: DNS service limited to local subnets
Sep 04 06:50:52.709667 devstack-u2204-93-57 dnsmasq[130717]: compile time options: IPv6 GNU-getopt DBus no-UBus i18n IDN2 DHCP DHCPv6 no-Lua TFTP conntrack ipset no-nftset auth cryptohash DNSSEC loop-detect inotify dumpfile
Sep 04 06:50:52.709696 devstack-u2204-93-57 dnsmasq-dhcp[130717]: DHCP, static leases only on 10.1.0.0, lease time 1d
Sep 04 06:50:52.709886 devstack-u2204-93-57 dnsmasq[130717]: reading /etc/resolv.conf
Sep 04 06:50:52.709897 devstack-u2204-93-57 dnsmasq[130717]: using nameserver 127.0.0.53#53
Sep 04 06:50:52.712046 devstack-u2204-93-57 dnsmasq[130717]: read /opt/stack/data/neutron/dhcp/5c9564c3-f9ef-482a-9ad8-54497b9e3c62/addn_hosts - 2 names
Sep 04 06:50:52.712116 devstack-u2204-93-57 dnsmasq-dhcp[130717]: read /opt/stack/data/neutron/dhcp/5c9564c3-f9ef-482a-9ad8-54497b9e3c62/host
Sep 04 06:50:52.712158 devstack-u2204-93-57 dnsmasq-dhcp[130717]: read /opt/stack/data/neutron/dhcp/5c9564c3-f9ef-482a-9ad8-54497b9e3c62/opts
Sep 04 06:50:55.904320 devstack-u2204-93-57 dnsmasq[131010]: started, version 2.90 cachesize 150
Sep 04 06:50:55.904344 devstack-u2204-93-57 dnsmasq[131010]: DNS service limited to local subnets
Sep 04 06:50:55.904353 devstack-u2204-93-57 dnsmasq[131010]: compile time options: IPv6 GNU-getopt DBus no-UBus i18n IDN2 DHCP DHCPv6 no-Lua TFTP conntrack ipset no-nftset auth cryptohash DNSSEC loop-detect inotify dumpfile
Sep 04 06:50:55.904374 devstack-u2204-93-57 dnsmasq-dhcp[131010]: DHCP, static leases only on 10.1.0.0, lease time 1d
Sep 04 06:50:55.904463 devstack-u2204-93-57 dnsmasq[131010]: reading /etc/resolv.conf
Sep 04 06:50:55.904472 devstack-u2204-93-57 dnsmasq[131010]: using nameserver 127.0.0.53#53
Sep 04 06:50:55.904848 devstack-u2204-93-57 dnsmasq[131010]: read /opt/stack/data/neutron/dhcp/bf7dad29-5239-4039-89f2-939aa62ba43b/addn_hosts - 2 names
Sep 04 06:50:55.904876 devstack-u2204-93-57 dnsmasq-dhcp[131010]: read /opt/stack/data/neutron/dhcp/bf7dad29-5239-4039-89f2-939aa62ba43b/host
Sep 04 06:50:55.904906 devstack-u2204-93-57 dnsmasq-dhcp[131010]: read /opt/stack/data/neutron/dhcp/bf7dad29-5239-4039-89f2-939aa62ba43b/opts
Sep 04 06:50:59.434443 devstack-u2204-93-57 dnsmasq[131438]: started, version 2.90 cachesize 150
Sep 04 06:50:59.436757 devstack-u2204-93-57 dnsmasq[131438]: DNS service limited to local subnets
Sep 04 06:50:59.436783 devstack-u2204-93-57 dnsmasq[131438]: compile time options: IPv6 GNU-getopt DBus no-UBus i18n IDN2 DHCP DHCPv6 no-Lua TFTP conntrack ipset no-nftset auth cryptohash DNSSEC loop-detect inotify dumpfile
Sep 04 06:50:59.436835 devstack-u2204-93-57 dnsmasq-dhcp[131438]: DHCP, static leases only on 10.1.0.0, lease time 1d
Sep 04 06:50:59.437004 devstack-u2204-93-57 dnsmasq[131438]: reading /etc/resolv.conf
Sep 04 06:50:59.437022 devstack-u2204-93-57 dnsmasq[131438]: using nameserver 127.0.0.53#53
Sep 04 06:50:59.437149 devstack-u2204-93-57 dnsmasq[131438]: read /opt/stack/data/neutron/dhcp/6736bb72-268b-450f-8b3c-0205c9c81452/addn_hosts - 2 names
Sep 04 06:50:59.437205 devstack-u2204-93-57 dnsmasq-dhcp[131438]: read /opt/stack/data/neutron/dhcp/6736bb72-268b-450f-8b3c-0205c9c81452/host
Sep 04 06:50:59.437266 devstack-u2204-93-57 dnsmasq-dhcp[131438]: read /opt/stack/data/neutron/dhcp/6736bb72-268b-450f-8b3c-0205c9c81452/opts
Sep 04 06:51:00.472185 devstack-u2204-93-57 dnsmasq[129203]: read /opt/stack/data/neutron/dhcp/ee229f1e-993e-4972-815a-5c801cd96ca9/addn_hosts - 2 names
Sep 04 06:51:00.472239 devstack-u2204-93-57 dnsmasq-dhcp[129203]: read /opt/stack/data/neutron/dhcp/ee229f1e-993e-4972-815a-5c801cd96ca9/host
Sep 04 06:51:00.472279 devstack-u2204-93-57 dnsmasq-dhcp[129203]: read /opt/stack/data/neutron/dhcp/ee229f1e-993e-4972-815a-5c801cd96ca9/opts
Sep 04 06:51:01.728038 devstack-u2204-93-57 dnsmasq[129476]: read /opt/stack/data/neutron/dhcp/1711b3ca-613a-43c0-b0d4-ff0ed43a2ab4/addn_hosts - 4 names
Sep 04 06:51:01.728095 devstack-u2204-93-57 dnsmasq-dhcp[129476]: read /opt/stack/data/neutron/dhcp/1711b3ca-613a-43c0-b0d4-ff0ed43a2ab4/host
Sep 04 06:51:01.728139 devstack-u2204-93-57 dnsmasq-dhcp[129476]: read /opt/stack/data/neutron/dhcp/1711b3ca-613a-43c0-b0d4-ff0ed43a2ab4/opts
Sep 04 06:51:05.017623 devstack-u2204-93-57 dnsmasq[129884]: read /opt/stack/data/neutron/dhcp/9bfc869a-6dbd-489b-baf3-61c8e4969400/addn_hosts - 4 names
Sep 04 06:51:05.017676 devstack-u2204-93-57 dnsmasq-dhcp[129884]: read /opt/stack/data/neutron/dhcp/9bfc869a-6dbd-489b-baf3-61c8e4969400/host
Sep 04 06:51:05.017716 devstack-u2204-93-57 dnsmasq-dhcp[129884]: read /opt/stack/data/neutron/dhcp/9bfc869a-6dbd-489b-baf3-61c8e4969400/opts
Sep 04 06:51:06.320279 devstack-u2204-93-57 dnsmasq[130245]: read /opt/stack/data/neutron/dhcp/408ae547-5369-41da-a38f-446e6ea7eaca/addn_hosts - 4 names
Sep 04 06:51:06.320338 devstack-u2204-93-57 dnsmasq-dhcp[130245]: read /opt/stack/data/neutron/dhcp/408ae547-5369-41da-a38f-446e6ea7eaca/host
Sep 04 06:51:06.320379 devstack-u2204-93-57 dnsmasq-dhcp[130245]: read /opt/stack/data/neutron/dhcp/408ae547-5369-41da-a38f-446e6ea7eaca/opts
Sep 04 06:51:07.621762 devstack-u2204-93-57 dnsmasq[130479]: read /opt/stack/data/neutron/dhcp/bd7344bd-d5f2-4958-8cbd-ed18bb00409a/addn_hosts - 4 names
Sep 04 06:51:07.621837 devstack-u2204-93-57 dnsmasq-dhcp[130479]: read /opt/stack/data/neutron/dhcp/bd7344bd-d5f2-4958-8cbd-ed18bb00409a/host
Sep 04 06:51:07.621893 devstack-u2204-93-57 dnsmasq-dhcp[130479]: read /opt/stack/data/neutron/dhcp/bd7344bd-d5f2-4958-8cbd-ed18bb00409a/opts
Sep 04 06:51:08.874595 devstack-u2204-93-57 dnsmasq[130717]: read /opt/stack/data/neutron/dhcp/5c9564c3-f9ef-482a-9ad8-54497b9e3c62/addn_hosts - 4 names
Sep 04 06:51:08.874643 devstack-u2204-93-57 dnsmasq-dhcp[130717]: read /opt/stack/data/neutron/dhcp/5c9564c3-f9ef-482a-9ad8-54497b9e3c62/host
Sep 04 06:51:08.874675 devstack-u2204-93-57 dnsmasq-dhcp[130717]: read /opt/stack/data/neutron/dhcp/5c9564c3-f9ef-482a-9ad8-54497b9e3c62/opts
Sep 04 06:51:12.644874 devstack-u2204-93-57 dnsmasq[132869]: started, version 2.90 cachesize 150
Sep 04 06:51:12.644895 devstack-u2204-93-57 dnsmasq[132869]: DNS service limited to local subnets
Sep 04 06:51:12.644906 devstack-u2204-93-57 dnsmasq[132869]: compile time options: IPv6 GNU-getopt DBus no-UBus i18n IDN2 DHCP DHCPv6 no-Lua TFTP conntrack ipset no-nftset auth cryptohash DNSSEC loop-detect inotify dumpfile
Sep 04 06:51:12.644931 devstack-u2204-93-57 dnsmasq-dhcp[132869]: DHCP, static leases only on 10.1.0.0, lease time 1d
Sep 04 06:51:12.645040 devstack-u2204-93-57 dnsmasq[132869]: reading /etc/resolv.conf
Sep 04 06:51:12.645051 devstack-u2204-93-57 dnsmasq[132869]: using nameserver 127.0.0.53#53
Sep 04 06:51:12.645123 devstack-u2204-93-57 dnsmasq[132869]: read /opt/stack/data/neutron/dhcp/7e84c156-cf78-4930-ad2e-69ac679dacb2/addn_hosts - 2 names
Sep 04 06:51:12.645166 devstack-u2204-93-57 dnsmasq-dhcp[132869]: read /opt/stack/data/neutron/dhcp/7e84c156-cf78-4930-ad2e-69ac679dacb2/host
Sep 04 06:51:12.645204 devstack-u2204-93-57 dnsmasq-dhcp[132869]: read /opt/stack/data/neutron/dhcp/7e84c156-cf78-4930-ad2e-69ac679dacb2/opts
Sep 04 06:51:16.003263 devstack-u2204-93-57 dnsmasq[133184]: started, version 2.90 cachesize 150
Sep 04 06:51:16.004518 devstack-u2204-93-57 dnsmasq[133184]: DNS service limited to local subnets
Sep 04 06:51:16.008693 devstack-u2204-93-57 dnsmasq[133184]: compile time options: IPv6 GNU-getopt DBus no-UBus i18n IDN2 DHCP DHCPv6 no-Lua TFTP conntrack ipset no-nftset auth cryptohash DNSSEC loop-detect inotify dumpfile
Sep 04 06:51:16.008836 devstack-u2204-93-57 dnsmasq-dhcp[133184]: DHCP, static leases only on 10.1.0.0, lease time 1d
Sep 04 06:51:16.009016 devstack-u2204-93-57 dnsmasq[133184]: reading /etc/resolv.conf
Sep 04 06:51:16.009098 devstack-u2204-93-57 dnsmasq[133184]: using nameserver 127.0.0.53#53
Sep 04 06:51:16.009226 devstack-u2204-93-57 dnsmasq[133184]: read /opt/stack/data/neutron/dhcp/ae7269ce-bd61-4e56-a228-2c2f63db0acf/addn_hosts - 4 names
Sep 04 06:51:16.009340 devstack-u2204-93-57 dnsmasq-dhcp[133184]: read /opt/stack/data/neutron/dhcp/ae7269ce-bd61-4e56-a228-2c2f63db0acf/host
Sep 04 06:51:16.009436 devstack-u2204-93-57 dnsmasq-dhcp[133184]: read /opt/stack/data/neutron/dhcp/ae7269ce-bd61-4e56-a228-2c2f63db0acf/opts
Sep 04 06:51:19.326548 devstack-u2204-93-57 dnsmasq[133389]: started, version 2.90 cachesize 150
Sep 04 06:51:19.326568 devstack-u2204-93-57 dnsmasq[133389]: DNS service limited to local subnets
Sep 04 06:51:19.326579 devstack-u2204-93-57 dnsmasq[133389]: compile time options: IPv6 GNU-getopt DBus no-UBus i18n IDN2 DHCP DHCPv6 no-Lua TFTP conntrack ipset no-nftset auth cryptohash DNSSEC loop-detect inotify dumpfile
Sep 04 06:51:19.326603 devstack-u2204-93-57 dnsmasq-dhcp[133389]: DHCP, static leases only on 10.1.0.0, lease time 1d
Sep 04 06:51:19.326724 devstack-u2204-93-57 dnsmasq[133389]: reading /etc/resolv.conf
Sep 04 06:51:19.326735 devstack-u2204-93-57 dnsmasq[133389]: using nameserver 127.0.0.53#53
Sep 04 06:51:19.326813 devstack-u2204-93-57 dnsmasq[133389]: read /opt/stack/data/neutron/dhcp/07b41bc1-5ae9-45f9-a630-7424fbc82192/addn_hosts - 2 names
Sep 04 06:51:19.326850 devstack-u2204-93-57 dnsmasq-dhcp[133389]: read /opt/stack/data/neutron/dhcp/07b41bc1-5ae9-45f9-a630-7424fbc82192/host
Sep 04 06:51:19.326890 devstack-u2204-93-57 dnsmasq-dhcp[133389]: read /opt/stack/data/neutron/dhcp/07b41bc1-5ae9-45f9-a630-7424fbc82192/opts
Sep 04 06:51:23.019275 devstack-u2204-93-57 dnsmasq[133672]: started, version 2.90 cachesize 150
Sep 04 06:51:23.019294 devstack-u2204-93-57 dnsmasq[133672]: DNS service limited to local subnets
Sep 04 06:51:23.019302 devstack-u2204-93-57 dnsmasq[133672]: compile time options: IPv6 GNU-getopt DBus no-UBus i18n IDN2 DHCP DHCPv6 no-Lua TFTP conntrack ipset no-nftset auth cryptohash DNSSEC loop-detect inotify dumpfile
Sep 04 06:51:23.019326 devstack-u2204-93-57 dnsmasq-dhcp[133672]: DHCP, static leases only on 10.1.0.0, lease time 1d
Sep 04 06:51:23.019414 devstack-u2204-93-57 dnsmasq[133672]: reading /etc/resolv.conf
Sep 04 06:51:23.019423 devstack-u2204-93-57 dnsmasq[133672]: using nameserver 127.0.0.53#53
Sep 04 06:51:23.019497 devstack-u2204-93-57 dnsmasq[133672]: read /opt/stack/data/neutron/dhcp/db538f16-d31f-4e8b-8bae-767503ef17b3/addn_hosts - 2 names
Sep 04 06:51:23.019526 devstack-u2204-93-57 dnsmasq-dhcp[133672]: read /opt/stack/data/neutron/dhcp/db538f16-d31f-4e8b-8bae-767503ef17b3/host
Sep 04 06:51:23.019557 devstack-u2204-93-57 dnsmasq-dhcp[133672]: read /opt/stack/data/neutron/dhcp/db538f16-d31f-4e8b-8bae-767503ef17b3/opts
Sep 04 06:51:28.472089 devstack-u2204-93-57 dnsmasq[133881]: started, version 2.90 cachesize 150
Sep 04 06:51:28.472109 devstack-u2204-93-57 dnsmasq[133881]: DNS service limited to local subnets
Sep 04 06:51:28.472118 devstack-u2204-93-57 dnsmasq[133881]: compile time options: IPv6 GNU-getopt DBus no-UBus i18n IDN2 DHCP DHCPv6 no-Lua TFTP conntrack ipset no-nftset auth cryptohash DNSSEC loop-detect inotify dumpfile
Sep 04 06:51:28.472138 devstack-u2204-93-57 dnsmasq-dhcp[133881]: DHCP, static leases only on 10.1.0.0, lease time 1d
Sep 04 06:51:28.472232 devstack-u2204-93-57 dnsmasq[133881]: reading /etc/resolv.conf
Sep 04 06:51:28.472241 devstack-u2204-93-57 dnsmasq[133881]: using nameserver 127.0.0.53#53
Sep 04 06:51:28.472305 devstack-u2204-93-57 dnsmasq[133881]: read /opt/stack/data/neutron/dhcp/b73f51f9-9acf-4a90-a0e8-b585353ee2e7/addn_hosts - 2 names
Sep 04 06:51:28.472333 devstack-u2204-93-57 dnsmasq-dhcp[133881]: read /opt/stack/data/neutron/dhcp/b73f51f9-9acf-4a90-a0e8-b585353ee2e7/host
Sep 04 06:51:28.472364 devstack-u2204-93-57 dnsmasq-dhcp[133881]: read /opt/stack/data/neutron/dhcp/b73f51f9-9acf-4a90-a0e8-b585353ee2e7/opts
Sep 04 06:51:30.496861 devstack-u2204-93-57 dnsmasq-dhcp[130479]: DHCPDISCOVER(tapb43109ca-16) fa:16:3e:09:c3:27
Sep 04 06:51:30.496880 devstack-u2204-93-57 dnsmasq-dhcp[130479]: DHCPOFFER(tapb43109ca-16) 10.1.0.10 fa:16:3e:09:c3:27
Sep 04 06:51:30.519540 devstack-u2204-93-57 dnsmasq-dhcp[130479]: DHCPREQUEST(tapb43109ca-16) 10.1.0.10 fa:16:3e:09:c3:27
Sep 04 06:51:30.519569 devstack-u2204-93-57 dnsmasq-dhcp[130479]: DHCPACK(tapb43109ca-16) 10.1.0.10 fa:16:3e:09:c3:27 host-10-1-0-10
Sep 04 06:51:30.698011 devstack-u2204-93-57 dnsmasq[133946]: started, version 2.90 cachesize 150
Sep 04 06:51:30.698029 devstack-u2204-93-57 dnsmasq[133946]: DNS service limited to local subnets
Sep 04 06:51:30.698037 devstack-u2204-93-57 dnsmasq[133946]: compile time options: IPv6 GNU-getopt DBus no-UBus i18n IDN2 DHCP DHCPv6 no-Lua TFTP conntrack ipset no-nftset auth cryptohash DNSSEC loop-detect inotify dumpfile
Sep 04 06:51:30.698064 devstack-u2204-93-57 dnsmasq-dhcp[133946]: DHCP, static leases only on 10.1.0.0, lease time 1d
Sep 04 06:51:30.698160 devstack-u2204-93-57 dnsmasq[133946]: reading /etc/resolv.conf
Sep 04 06:51:30.698169 devstack-u2204-93-57 dnsmasq[133946]: using nameserver 127.0.0.53#53
Sep 04 06:51:30.698232 devstack-u2204-93-57 dnsmasq[133946]: read /opt/stack/data/neutron/dhcp/4d12ba70-7c00-4c97-914a-13d1f507cbfd/addn_hosts - 2 names
Sep 04 06:51:30.698260 devstack-u2204-93-57 dnsmasq-dhcp[133946]: read /opt/stack/data/neutron/dhcp/4d12ba70-7c00-4c97-914a-13d1f507cbfd/host
Sep 04 06:51:30.698290 devstack-u2204-93-57 dnsmasq-dhcp[133946]: read /opt/stack/data/neutron/dhcp/4d12ba70-7c00-4c97-914a-13d1f507cbfd/opts
Sep 04 06:51:32.205918 devstack-u2204-93-57 dnsmasq-dhcp[129476]: DHCPDISCOVER(tapf4f0a530-50) fa:16:3e:be:60:7e
Sep 04 06:51:32.205933 devstack-u2204-93-57 dnsmasq-dhcp[129476]: DHCPOFFER(tapf4f0a530-50) 10.1.0.9 fa:16:3e:be:60:7e
Sep 04 06:51:32.225283 devstack-u2204-93-57 dnsmasq-dhcp[129476]: DHCPREQUEST(tapf4f0a530-50) 10.1.0.9 fa:16:3e:be:60:7e
Sep 04 06:51:32.225308 devstack-u2204-93-57 dnsmasq-dhcp[129476]: DHCPACK(tapf4f0a530-50) 10.1.0.9 fa:16:3e:be:60:7e host-10-1-0-9
Sep 04 06:51:33.079795 devstack-u2204-93-57 dnsmasq[134034]: started, version 2.90 cachesize 150
Sep 04 06:51:33.079817 devstack-u2204-93-57 dnsmasq[134034]: DNS service limited to local subnets
Sep 04 06:51:33.079828 devstack-u2204-93-57 dnsmasq[134034]: compile time options: IPv6 GNU-getopt DBus no-UBus i18n IDN2 DHCP DHCPv6 no-Lua TFTP conntrack ipset no-nftset auth cryptohash DNSSEC loop-detect inotify dumpfile
Sep 04 06:51:33.079856 devstack-u2204-93-57 dnsmasq-dhcp[134034]: DHCP, static leases only on 10.10.10.0, lease time 1d
Sep 04 06:51:33.080285 devstack-u2204-93-57 dnsmasq[134034]: reading /etc/resolv.conf
Sep 04 06:51:33.080297 devstack-u2204-93-57 dnsmasq[134034]: using nameserver 127.0.0.53#53
Sep 04 06:51:33.080356 devstack-u2204-93-57 dnsmasq[134034]: read /opt/stack/data/neutron/dhcp/cc87a023-b465-4692-90de-d7e08a10f852/addn_hosts - 0 names
Sep 04 06:51:33.080405 devstack-u2204-93-57 dnsmasq-dhcp[134034]: read /opt/stack/data/neutron/dhcp/cc87a023-b465-4692-90de-d7e08a10f852/host
Sep 04 06:51:33.080445 devstack-u2204-93-57 dnsmasq-dhcp[134034]: read /opt/stack/data/neutron/dhcp/cc87a023-b465-4692-90de-d7e08a10f852/opts
Sep 04 06:51:34.338916 devstack-u2204-93-57 dnsmasq-dhcp[130717]: DHCPDISCOVER(tapedacd583-28) fa:16:3e:0e:f5:bf
Sep 04 06:51:34.338941 devstack-u2204-93-57 dnsmasq-dhcp[130717]: DHCPOFFER(tapedacd583-28) 10.1.0.3 fa:16:3e:0e:f5:bf
Sep 04 06:51:34.382496 devstack-u2204-93-57 dnsmasq-dhcp[130717]: DHCPREQUEST(tapedacd583-28) 10.1.0.3 fa:16:3e:0e:f5:bf
Sep 04 06:51:34.382525 devstack-u2204-93-57 dnsmasq-dhcp[130717]: DHCPACK(tapedacd583-28) 10.1.0.3 fa:16:3e:0e:f5:bf host-10-1-0-3
Sep 04 06:51:36.680547 devstack-u2204-93-57 dnsmasq[134207]: started, version 2.90 cachesize 150
Sep 04 06:51:36.680572 devstack-u2204-93-57 dnsmasq[134207]: DNS service limited to local subnets
Sep 04 06:51:36.680585 devstack-u2204-93-57 dnsmasq[134207]: compile time options: IPv6 GNU-getopt DBus no-UBus i18n IDN2 DHCP DHCPv6 no-Lua TFTP conntrack ipset no-nftset auth cryptohash DNSSEC loop-detect inotify dumpfile
Sep 04 06:51:36.680611 devstack-u2204-93-57 dnsmasq-dhcp[134207]: DHCP, static leases only on 10.1.0.0, lease time 1d
Sep 04 06:51:36.680735 devstack-u2204-93-57 dnsmasq[134207]: reading /etc/resolv.conf
Sep 04 06:51:36.680749 devstack-u2204-93-57 dnsmasq[134207]: using nameserver 127.0.0.53#53
Sep 04 06:51:36.680831 devstack-u2204-93-57 dnsmasq[134207]: read /opt/stack/data/neutron/dhcp/1277b153-07a4-44de-b1cb-01e0c6f40f39/addn_hosts - 2 names
Sep 04 06:51:36.680868 devstack-u2204-93-57 dnsmasq-dhcp[134207]: read /opt/stack/data/neutron/dhcp/1277b153-07a4-44de-b1cb-01e0c6f40f39/host
Sep 04 06:51:36.680909 devstack-u2204-93-57 dnsmasq-dhcp[134207]: read /opt/stack/data/neutron/dhcp/1277b153-07a4-44de-b1cb-01e0c6f40f39/opts
Sep 04 06:51:36.701472 devstack-u2204-93-57 dnsmasq[131010]: exiting on receipt of SIGTERM
Sep 04 06:51:38.307882 devstack-u2204-93-57 dnsmasq[131438]: read /opt/stack/data/neutron/dhcp/6736bb72-268b-450f-8b3c-0205c9c81452/addn_hosts - 2 names
Sep 04 06:51:38.307943 devstack-u2204-93-57 dnsmasq-dhcp[131438]: read /opt/stack/data/neutron/dhcp/6736bb72-268b-450f-8b3c-0205c9c81452/host
Sep 04 06:51:38.307986 devstack-u2204-93-57 dnsmasq-dhcp[131438]: read /opt/stack/data/neutron/dhcp/6736bb72-268b-450f-8b3c-0205c9c81452/opts
Sep 04 06:51:39.636705 devstack-u2204-93-57 dnsmasq[132869]: read /opt/stack/data/neutron/dhcp/7e84c156-cf78-4930-ad2e-69ac679dacb2/addn_hosts - 4 names
Sep 04 06:51:39.636822 devstack-u2204-93-57 dnsmasq-dhcp[132869]: read /opt/stack/data/neutron/dhcp/7e84c156-cf78-4930-ad2e-69ac679dacb2/host
Sep 04 06:51:39.636909 devstack-u2204-93-57 dnsmasq-dhcp[132869]: read /opt/stack/data/neutron/dhcp/7e84c156-cf78-4930-ad2e-69ac679dacb2/opts
Sep 04 06:51:40.312889 devstack-u2204-93-57 dnsmasq-dhcp[133184]: DHCPDISCOVER(tapc7f4a2ea-a5) fa:16:3e:15:2d:7d
Sep 04 06:51:40.312909 devstack-u2204-93-57 dnsmasq-dhcp[133184]: DHCPOFFER(tapc7f4a2ea-a5) 10.1.0.2 fa:16:3e:15:2d:7d
Sep 04 06:51:40.331108 devstack-u2204-93-57 dnsmasq-dhcp[133184]: DHCPREQUEST(tapc7f4a2ea-a5) 10.1.0.2 fa:16:3e:15:2d:7d
Sep 04 06:51:40.331125 devstack-u2204-93-57 dnsmasq-dhcp[133184]: DHCPACK(tapc7f4a2ea-a5) 10.1.0.2 fa:16:3e:15:2d:7d host-10-1-0-2
Sep 04 06:51:41.005425 devstack-u2204-93-57 dnsmasq[133184]: read /opt/stack/data/neutron/dhcp/ae7269ce-bd61-4e56-a228-2c2f63db0acf/addn_hosts - 4 names
Sep 04 06:51:41.006935 devstack-u2204-93-57 dnsmasq-dhcp[133184]: read /opt/stack/data/neutron/dhcp/ae7269ce-bd61-4e56-a228-2c2f63db0acf/host
Sep 04 06:51:41.007004 devstack-u2204-93-57 dnsmasq-dhcp[133184]: read /opt/stack/data/neutron/dhcp/ae7269ce-bd61-4e56-a228-2c2f63db0acf/opts
Sep 04 06:51:42.380734 devstack-u2204-93-57 dnsmasq[133389]: read /opt/stack/data/neutron/dhcp/07b41bc1-5ae9-45f9-a630-7424fbc82192/addn_hosts - 2 names
Sep 04 06:51:42.380846 devstack-u2204-93-57 dnsmasq-dhcp[133389]: read /opt/stack/data/neutron/dhcp/07b41bc1-5ae9-45f9-a630-7424fbc82192/host
Sep 04 06:51:42.380936 devstack-u2204-93-57 dnsmasq-dhcp[133389]: read /opt/stack/data/neutron/dhcp/07b41bc1-5ae9-45f9-a630-7424fbc82192/opts
Sep 04 06:51:42.626818 devstack-u2204-93-57 dnsmasq-dhcp[129884]: DHCPDISCOVER(tapd0976f69-6d) fa:16:3e:68:a3:3c
Sep 04 06:51:42.626842 devstack-u2204-93-57 dnsmasq-dhcp[129884]: DHCPOFFER(tapd0976f69-6d) 10.1.0.4 fa:16:3e:68:a3:3c
Sep 04 06:51:42.653276 devstack-u2204-93-57 dnsmasq-dhcp[129884]: DHCPREQUEST(tapd0976f69-6d) 10.1.0.4 fa:16:3e:68:a3:3c
Sep 04 06:51:42.653352 devstack-u2204-93-57 dnsmasq-dhcp[129884]: DHCPACK(tapd0976f69-6d) 10.1.0.4 fa:16:3e:68:a3:3c host-10-1-0-4
Sep 04 06:51:43.733581 devstack-u2204-93-57 dnsmasq[133672]: read /opt/stack/data/neutron/dhcp/db538f16-d31f-4e8b-8bae-767503ef17b3/addn_hosts - 2 names
Sep 04 06:51:43.733702 devstack-u2204-93-57 dnsmasq-dhcp[133672]: read /opt/stack/data/neutron/dhcp/db538f16-d31f-4e8b-8bae-767503ef17b3/host
Sep 04 06:51:43.733835 devstack-u2204-93-57 dnsmasq-dhcp[133672]: read /opt/stack/data/neutron/dhcp/db538f16-d31f-4e8b-8bae-767503ef17b3/opts
Sep 04 06:51:47.118107 devstack-u2204-93-57 dnsmasq[133881]: read /opt/stack/data/neutron/dhcp/b73f51f9-9acf-4a90-a0e8-b585353ee2e7/addn_hosts - 2 names
Sep 04 06:51:47.118167 devstack-u2204-93-57 dnsmasq-dhcp[133881]: read /opt/stack/data/neutron/dhcp/b73f51f9-9acf-4a90-a0e8-b585353ee2e7/host
Sep 04 06:51:47.118231 devstack-u2204-93-57 dnsmasq-dhcp[133881]: read /opt/stack/data/neutron/dhcp/b73f51f9-9acf-4a90-a0e8-b585353ee2e7/opts
Sep 04 06:51:48.364053 devstack-u2204-93-57 dnsmasq[133946]: read /opt/stack/data/neutron/dhcp/4d12ba70-7c00-4c97-914a-13d1f507cbfd/addn_hosts - 2 names
Sep 04 06:51:48.364161 devstack-u2204-93-57 dnsmasq-dhcp[133946]: read /opt/stack/data/neutron/dhcp/4d12ba70-7c00-4c97-914a-13d1f507cbfd/host
Sep 04 06:51:48.364348 devstack-u2204-93-57 dnsmasq-dhcp[133946]: read /opt/stack/data/neutron/dhcp/4d12ba70-7c00-4c97-914a-13d1f507cbfd/opts
Sep 04 06:51:49.749842 devstack-u2204-93-57 dnsmasq[134034]: read /opt/stack/data/neutron/dhcp/cc87a023-b465-4692-90de-d7e08a10f852/addn_hosts - 0 names
Sep 04 06:51:49.749910 devstack-u2204-93-57 dnsmasq-dhcp[134034]: read /opt/stack/data/neutron/dhcp/cc87a023-b465-4692-90de-d7e08a10f852/host
Sep 04 06:51:49.749949 devstack-u2204-93-57 dnsmasq-dhcp[134034]: read /opt/stack/data/neutron/dhcp/cc87a023-b465-4692-90de-d7e08a10f852/opts
Sep 04 06:51:50.537381 devstack-u2204-93-57 dnsmasq-dhcp[132869]: DHCPDISCOVER(tap3d7af2c0-2f) fa:16:3e:fc:0b:24
Sep 04 06:51:50.537426 devstack-u2204-93-57 dnsmasq-dhcp[132869]: DHCPOFFER(tap3d7af2c0-2f) 10.1.0.6 fa:16:3e:fc:0b:24
Sep 04 06:51:50.574148 devstack-u2204-93-57 dnsmasq-dhcp[132869]: DHCPREQUEST(tap3d7af2c0-2f) 10.1.0.6 fa:16:3e:fc:0b:24
Sep 04 06:51:50.574193 devstack-u2204-93-57 dnsmasq-dhcp[132869]: DHCPACK(tap3d7af2c0-2f) 10.1.0.6 fa:16:3e:fc:0b:24 host-10-1-0-6
Sep 04 06:51:51.080839 devstack-u2204-93-57 dnsmasq[134207]: read /opt/stack/data/neutron/dhcp/1277b153-07a4-44de-b1cb-01e0c6f40f39/addn_hosts - 2 names
Sep 04 06:51:51.080896 devstack-u2204-93-57 dnsmasq-dhcp[134207]: read /opt/stack/data/neutron/dhcp/1277b153-07a4-44de-b1cb-01e0c6f40f39/host
Sep 04 06:51:51.080940 devstack-u2204-93-57 dnsmasq-dhcp[134207]: read /opt/stack/data/neutron/dhcp/1277b153-07a4-44de-b1cb-01e0c6f40f39/opts
Sep 04 06:51:51.174644 devstack-u2204-93-57 dnsmasq-dhcp[130245]: DHCPDISCOVER(tap4fa414ab-fc) fa:16:3e:f2:c0:0c
Sep 04 06:51:51.174669 devstack-u2204-93-57 dnsmasq-dhcp[130245]: DHCPOFFER(tap4fa414ab-fc) 10.1.0.10 fa:16:3e:f2:c0:0c
Sep 04 06:51:51.201602 devstack-u2204-93-57 dnsmasq-dhcp[130245]: DHCPREQUEST(tap4fa414ab-fc) 10.1.0.10 fa:16:3e:f2:c0:0c
Sep 04 06:51:51.201962 devstack-u2204-93-57 dnsmasq-dhcp[130245]: DHCPACK(tap4fa414ab-fc) 10.1.0.10 fa:16:3e:f2:c0:0c host-10-1-0-10
Sep 04 06:51:51.876145 devstack-u2204-93-57 dnsmasq[130479]: read /opt/stack/data/neutron/dhcp/bd7344bd-d5f2-4958-8cbd-ed18bb00409a/addn_hosts - 4 names
Sep 04 06:51:51.876254 devstack-u2204-93-57 dnsmasq-dhcp[130479]: read /opt/stack/data/neutron/dhcp/bd7344bd-d5f2-4958-8cbd-ed18bb00409a/host
Sep 04 06:51:51.876330 devstack-u2204-93-57 dnsmasq-dhcp[130479]: read /opt/stack/data/neutron/dhcp/bd7344bd-d5f2-4958-8cbd-ed18bb00409a/opts
Sep 04 06:51:51.904375 devstack-u2204-93-57 dnsmasq-dhcp[129203]: DHCPDISCOVER(tap3c204a95-d0) fa:16:3e:b9:37:51 no address available
Sep 04 06:51:52.749206 devstack-u2204-93-57 dnsmasq[130245]: read /opt/stack/data/neutron/dhcp/408ae547-5369-41da-a38f-446e6ea7eaca/addn_hosts - 4 names
Sep 04 06:51:52.749609 devstack-u2204-93-57 dnsmasq-dhcp[130245]: read /opt/stack/data/neutron/dhcp/408ae547-5369-41da-a38f-446e6ea7eaca/host
Sep 04 06:51:52.749715 devstack-u2204-93-57 dnsmasq-dhcp[130245]: read /opt/stack/data/neutron/dhcp/408ae547-5369-41da-a38f-446e6ea7eaca/opts
Sep 04 06:51:53.600969 devstack-u2204-93-57 dnsmasq[129203]: read /opt/stack/data/neutron/dhcp/ee229f1e-993e-4972-815a-5c801cd96ca9/addn_hosts - 2 names
Sep 04 06:51:53.601077 devstack-u2204-93-57 dnsmasq-dhcp[129203]: read /opt/stack/data/neutron/dhcp/ee229f1e-993e-4972-815a-5c801cd96ca9/host
Sep 04 06:51:53.601310 devstack-u2204-93-57 dnsmasq-dhcp[129203]: read /opt/stack/data/neutron/dhcp/ee229f1e-993e-4972-815a-5c801cd96ca9/opts
Sep 04 06:51:54.447351 devstack-u2204-93-57 dnsmasq[129476]: read /opt/stack/data/neutron/dhcp/1711b3ca-613a-43c0-b0d4-ff0ed43a2ab4/addn_hosts - 4 names
Sep 04 06:51:54.447423 devstack-u2204-93-57 dnsmasq-dhcp[129476]: read /opt/stack/data/neutron/dhcp/1711b3ca-613a-43c0-b0d4-ff0ed43a2ab4/host
Sep 04 06:51:54.447466 devstack-u2204-93-57 dnsmasq-dhcp[129476]: read /opt/stack/data/neutron/dhcp/1711b3ca-613a-43c0-b0d4-ff0ed43a2ab4/opts
Sep 04 06:51:55.315668 devstack-u2204-93-57 dnsmasq[130717]: read /opt/stack/data/neutron/dhcp/5c9564c3-f9ef-482a-9ad8-54497b9e3c62/addn_hosts - 4 names
Sep 04 06:51:55.316986 devstack-u2204-93-57 dnsmasq-dhcp[130717]: read /opt/stack/data/neutron/dhcp/5c9564c3-f9ef-482a-9ad8-54497b9e3c62/host
Sep 04 06:51:55.317091 devstack-u2204-93-57 dnsmasq-dhcp[130717]: read /opt/stack/data/neutron/dhcp/5c9564c3-f9ef-482a-9ad8-54497b9e3c62/opts
Sep 04 06:51:56.162126 devstack-u2204-93-57 dnsmasq[129884]: read /opt/stack/data/neutron/dhcp/9bfc869a-6dbd-489b-baf3-61c8e4969400/addn_hosts - 4 names
Sep 04 06:51:56.162209 devstack-u2204-93-57 dnsmasq-dhcp[129884]: read /opt/stack/data/neutron/dhcp/9bfc869a-6dbd-489b-baf3-61c8e4969400/host
Sep 04 06:51:56.162269 devstack-u2204-93-57 dnsmasq-dhcp[129884]: read /opt/stack/data/neutron/dhcp/9bfc869a-6dbd-489b-baf3-61c8e4969400/opts
Sep 04 06:51:56.728100 devstack-u2204-93-57 dnsmasq-dhcp[129203]: DHCPDISCOVER(tap3c204a95-d0) fa:16:3e:b9:37:51 no address available
Sep 04 06:51:56.975702 devstack-u2204-93-57 dnsmasq[133184]: read /opt/stack/data/neutron/dhcp/ae7269ce-bd61-4e56-a228-2c2f63db0acf/addn_hosts - 4 names
Sep 04 06:51:56.975836 devstack-u2204-93-57 dnsmasq-dhcp[133184]: read /opt/stack/data/neutron/dhcp/ae7269ce-bd61-4e56-a228-2c2f63db0acf/host
Sep 04 06:51:56.975918 devstack-u2204-93-57 dnsmasq-dhcp[133184]: read /opt/stack/data/neutron/dhcp/ae7269ce-bd61-4e56-a228-2c2f63db0acf/opts
Sep 04 06:51:57.847222 devstack-u2204-93-57 dnsmasq[131438]: read /opt/stack/data/neutron/dhcp/6736bb72-268b-450f-8b3c-0205c9c81452/addn_hosts - 2 names
Sep 04 06:51:57.847294 devstack-u2204-93-57 dnsmasq-dhcp[131438]: read /opt/stack/data/neutron/dhcp/6736bb72-268b-450f-8b3c-0205c9c81452/host
Sep 04 06:51:57.847338 devstack-u2204-93-57 dnsmasq-dhcp[131438]: read /opt/stack/data/neutron/dhcp/6736bb72-268b-450f-8b3c-0205c9c81452/opts
Sep 04 06:51:59.153074 devstack-u2204-93-57 dnsmasq[132869]: read /opt/stack/data/neutron/dhcp/7e84c156-cf78-4930-ad2e-69ac679dacb2/addn_hosts - 4 names
Sep 04 06:51:59.153222 devstack-u2204-93-57 dnsmasq-dhcp[132869]: read /opt/stack/data/neutron/dhcp/7e84c156-cf78-4930-ad2e-69ac679dacb2/host
Sep 04 06:51:59.153323 devstack-u2204-93-57 dnsmasq-dhcp[132869]: read /opt/stack/data/neutron/dhcp/7e84c156-cf78-4930-ad2e-69ac679dacb2/opts
Sep 04 06:52:01.956143 devstack-u2204-93-57 dnsmasq[133672]: read /opt/stack/data/neutron/dhcp/db538f16-d31f-4e8b-8bae-767503ef17b3/addn_hosts - 2 names
Sep 04 06:52:01.956196 devstack-u2204-93-57 dnsmasq-dhcp[133672]: read /opt/stack/data/neutron/dhcp/db538f16-d31f-4e8b-8bae-767503ef17b3/host
Sep 04 06:52:01.956237 devstack-u2204-93-57 dnsmasq-dhcp[133672]: read /opt/stack/data/neutron/dhcp/db538f16-d31f-4e8b-8bae-767503ef17b3/opts
Sep 04 06:52:02.705550 devstack-u2204-93-57 dnsmasq[133389]: read /opt/stack/data/neutron/dhcp/07b41bc1-5ae9-45f9-a630-7424fbc82192/addn_hosts - 2 names
Sep 04 06:52:02.705596 devstack-u2204-93-57 dnsmasq-dhcp[133389]: read /opt/stack/data/neutron/dhcp/07b41bc1-5ae9-45f9-a630-7424fbc82192/host
Sep 04 06:52:02.705629 devstack-u2204-93-57 dnsmasq-dhcp[133389]: read /opt/stack/data/neutron/dhcp/07b41bc1-5ae9-45f9-a630-7424fbc82192/opts
Sep 04 06:52:03.947421 devstack-u2204-93-57 dnsmasq[133881]: read /opt/stack/data/neutron/dhcp/b73f51f9-9acf-4a90-a0e8-b585353ee2e7/addn_hosts - 2 names
Sep 04 06:52:03.947492 devstack-u2204-93-57 dnsmasq-dhcp[133881]: read /opt/stack/data/neutron/dhcp/b73f51f9-9acf-4a90-a0e8-b585353ee2e7/host
Sep 04 06:52:03.947537 devstack-u2204-93-57 dnsmasq-dhcp[133881]: read /opt/stack/data/neutron/dhcp/b73f51f9-9acf-4a90-a0e8-b585353ee2e7/opts
Sep 04 06:52:04.686597 devstack-u2204-93-57 dnsmasq[133946]: read /opt/stack/data/neutron/dhcp/4d12ba70-7c00-4c97-914a-13d1f507cbfd/addn_hosts - 2 names
Sep 04 06:52:04.687370 devstack-u2204-93-57 dnsmasq-dhcp[133946]: read /opt/stack/data/neutron/dhcp/4d12ba70-7c00-4c97-914a-13d1f507cbfd/host
Sep 04 06:52:04.690740 devstack-u2204-93-57 dnsmasq-dhcp[133946]: read /opt/stack/data/neutron/dhcp/4d12ba70-7c00-4c97-914a-13d1f507cbfd/opts
Sep 04 06:52:05.472284 devstack-u2204-93-57 dnsmasq[130479]: read /opt/stack/data/neutron/dhcp/bd7344bd-d5f2-4958-8cbd-ed18bb00409a/addn_hosts - 4 names
Sep 04 06:52:05.473099 devstack-u2204-93-57 dnsmasq-dhcp[130479]: read /opt/stack/data/neutron/dhcp/bd7344bd-d5f2-4958-8cbd-ed18bb00409a/host
Sep 04 06:52:05.473337 devstack-u2204-93-57 dnsmasq-dhcp[130479]: read /opt/stack/data/neutron/dhcp/bd7344bd-d5f2-4958-8cbd-ed18bb00409a/opts
Sep 04 06:52:05.616661 devstack-u2204-93-57 dnsmasq-dhcp[129203]: DHCPDISCOVER(tap3c204a95-d0) fa:16:3e:b9:37:51 no address available
Sep 04 06:52:06.219895 devstack-u2204-93-57 dnsmasq[130245]: read /opt/stack/data/neutron/dhcp/408ae547-5369-41da-a38f-446e6ea7eaca/addn_hosts - 4 names
Sep 04 06:52:06.223443 devstack-u2204-93-57 dnsmasq-dhcp[130245]: read /opt/stack/data/neutron/dhcp/408ae547-5369-41da-a38f-446e6ea7eaca/host
Sep 04 06:52:06.223510 devstack-u2204-93-57 dnsmasq-dhcp[130245]: read /opt/stack/data/neutron/dhcp/408ae547-5369-41da-a38f-446e6ea7eaca/opts
Sep 04 06:52:07.042442 devstack-u2204-93-57 dnsmasq[129203]: read /opt/stack/data/neutron/dhcp/ee229f1e-993e-4972-815a-5c801cd96ca9/addn_hosts - 2 names
Sep 04 06:52:07.043185 devstack-u2204-93-57 dnsmasq-dhcp[129203]: read /opt/stack/data/neutron/dhcp/ee229f1e-993e-4972-815a-5c801cd96ca9/host
Sep 04 06:52:07.043274 devstack-u2204-93-57 dnsmasq-dhcp[129203]: read /opt/stack/data/neutron/dhcp/ee229f1e-993e-4972-815a-5c801cd96ca9/opts
Sep 04 06:52:07.809617 devstack-u2204-93-57 dnsmasq[129476]: read /opt/stack/data/neutron/dhcp/1711b3ca-613a-43c0-b0d4-ff0ed43a2ab4/addn_hosts - 4 names
Sep 04 06:52:07.809685 devstack-u2204-93-57 dnsmasq-dhcp[129476]: read /opt/stack/data/neutron/dhcp/1711b3ca-613a-43c0-b0d4-ff0ed43a2ab4/host
Sep 04 06:52:07.809728 devstack-u2204-93-57 dnsmasq-dhcp[129476]: read /opt/stack/data/neutron/dhcp/1711b3ca-613a-43c0-b0d4-ff0ed43a2ab4/opts
Sep 04 06:52:08.585195 devstack-u2204-93-57 dnsmasq[130717]: read /opt/stack/data/neutron/dhcp/5c9564c3-f9ef-482a-9ad8-54497b9e3c62/addn_hosts - 4 names
Sep 04 06:52:08.585259 devstack-u2204-93-57 dnsmasq-dhcp[130717]: read /opt/stack/data/neutron/dhcp/5c9564c3-f9ef-482a-9ad8-54497b9e3c62/host
Sep 04 06:52:08.585302 devstack-u2204-93-57 dnsmasq-dhcp[130717]: read /opt/stack/data/neutron/dhcp/5c9564c3-f9ef-482a-9ad8-54497b9e3c62/opts
Sep 04 06:52:09.326520 devstack-u2204-93-57 dnsmasq[129884]: read /opt/stack/data/neutron/dhcp/9bfc869a-6dbd-489b-baf3-61c8e4969400/addn_hosts - 4 names
Sep 04 06:52:09.326980 devstack-u2204-93-57 dnsmasq-dhcp[129884]: read /opt/stack/data/neutron/dhcp/9bfc869a-6dbd-489b-baf3-61c8e4969400/host
Sep 04 06:52:09.327024 devstack-u2204-93-57 dnsmasq-dhcp[129884]: read /opt/stack/data/neutron/dhcp/9bfc869a-6dbd-489b-baf3-61c8e4969400/opts
Sep 04 06:52:10.100012 devstack-u2204-93-57 dnsmasq[133184]: read /opt/stack/data/neutron/dhcp/ae7269ce-bd61-4e56-a228-2c2f63db0acf/addn_hosts - 4 names
Sep 04 06:52:10.100085 devstack-u2204-93-57 dnsmasq-dhcp[133184]: read /opt/stack/data/neutron/dhcp/ae7269ce-bd61-4e56-a228-2c2f63db0acf/host
Sep 04 06:52:10.100142 devstack-u2204-93-57 dnsmasq-dhcp[133184]: read /opt/stack/data/neutron/dhcp/ae7269ce-bd61-4e56-a228-2c2f63db0acf/opts
Sep 04 06:52:10.929092 devstack-u2204-93-57 dnsmasq[131438]: read /opt/stack/data/neutron/dhcp/6736bb72-268b-450f-8b3c-0205c9c81452/addn_hosts - 2 names
Sep 04 06:52:10.929236 devstack-u2204-93-57 dnsmasq-dhcp[131438]: read /opt/stack/data/neutron/dhcp/6736bb72-268b-450f-8b3c-0205c9c81452/host
Sep 04 06:52:10.929331 devstack-u2204-93-57 dnsmasq-dhcp[131438]: read /opt/stack/data/neutron/dhcp/6736bb72-268b-450f-8b3c-0205c9c81452/opts
Sep 04 06:52:11.809331 devstack-u2204-93-57 dnsmasq[132869]: read /opt/stack/data/neutron/dhcp/7e84c156-cf78-4930-ad2e-69ac679dacb2/addn_hosts - 4 names
Sep 04 06:52:11.809422 devstack-u2204-93-57 dnsmasq-dhcp[132869]: read /opt/stack/data/neutron/dhcp/7e84c156-cf78-4930-ad2e-69ac679dacb2/host
Sep 04 06:52:11.809587 devstack-u2204-93-57 dnsmasq-dhcp[132869]: read /opt/stack/data/neutron/dhcp/7e84c156-cf78-4930-ad2e-69ac679dacb2/opts
Sep 04 06:52:14.127968 devstack-u2204-93-57 dnsmasq[133672]: read /opt/stack/data/neutron/dhcp/db538f16-d31f-4e8b-8bae-767503ef17b3/addn_hosts - 2 names
Sep 04 06:52:14.128020 devstack-u2204-93-57 dnsmasq-dhcp[133672]: read /opt/stack/data/neutron/dhcp/db538f16-d31f-4e8b-8bae-767503ef17b3/host
Sep 04 06:52:14.128060 devstack-u2204-93-57 dnsmasq-dhcp[133672]: read /opt/stack/data/neutron/dhcp/db538f16-d31f-4e8b-8bae-767503ef17b3/opts
Sep 04 06:52:14.888365 devstack-u2204-93-57 dnsmasq[133389]: read /opt/stack/data/neutron/dhcp/07b41bc1-5ae9-45f9-a630-7424fbc82192/addn_hosts - 2 names
Sep 04 06:52:14.888444 devstack-u2204-93-57 dnsmasq-dhcp[133389]: read /opt/stack/data/neutron/dhcp/07b41bc1-5ae9-45f9-a630-7424fbc82192/host
Sep 04 06:52:14.888572 devstack-u2204-93-57 dnsmasq-dhcp[133389]: read /opt/stack/data/neutron/dhcp/07b41bc1-5ae9-45f9-a630-7424fbc82192/opts
Sep 04 06:52:18.495269 devstack-u2204-93-57 dnsmasq[135235]: started, version 2.90 cachesize 150
Sep 04 06:52:18.495733 devstack-u2204-93-57 dnsmasq[135235]: DNS service limited to local subnets
Sep 04 06:52:18.495745 devstack-u2204-93-57 dnsmasq[135235]: compile time options: IPv6 GNU-getopt DBus no-UBus i18n IDN2 DHCP DHCPv6 no-Lua TFTP conntrack ipset no-nftset auth cryptohash DNSSEC loop-detect inotify dumpfile
Sep 04 06:52:18.495786 devstack-u2204-93-57 dnsmasq-dhcp[135235]: DHCP, static leases only on 10.1.1.0, lease time 1d
Sep 04 06:52:18.495900 devstack-u2204-93-57 dnsmasq[135235]: reading /etc/resolv.conf
Sep 04 06:52:18.495911 devstack-u2204-93-57 dnsmasq[135235]: using nameserver 127.0.0.53#53
Sep 04 06:52:18.495997 devstack-u2204-93-57 dnsmasq[135235]: read /opt/stack/data/neutron/dhcp/199e1253-c7fb-40d1-8319-12e5e24680c0/addn_hosts - 8 names
Sep 04 06:52:18.496042 devstack-u2204-93-57 dnsmasq-dhcp[135235]: read /opt/stack/data/neutron/dhcp/199e1253-c7fb-40d1-8319-12e5e24680c0/host
Sep 04 06:52:18.496089 devstack-u2204-93-57 dnsmasq-dhcp[135235]: read /opt/stack/data/neutron/dhcp/199e1253-c7fb-40d1-8319-12e5e24680c0/opts
Sep 04 06:52:20.983623 devstack-u2204-93-57 dnsmasq-dhcp[129203]: DHCPDISCOVER(tap3c204a95-d0) fa:16:3e:b9:37:51 no address available
Sep 04 06:52:21.739769 devstack-u2204-93-57 dnsmasq[135292]: started, version 2.90 cachesize 150
Sep 04 06:52:21.739799 devstack-u2204-93-57 dnsmasq[135292]: DNS service limited to local subnets
Sep 04 06:52:21.739815 devstack-u2204-93-57 dnsmasq[135292]: compile time options: IPv6 GNU-getopt DBus no-UBus i18n IDN2 DHCP DHCPv6 no-Lua TFTP conntrack ipset no-nftset auth cryptohash DNSSEC loop-detect inotify dumpfile
Sep 04 06:52:21.739850 devstack-u2204-93-57 dnsmasq-dhcp[135292]: DHCP, static leases only on 10.2.2.0, lease time 1d
Sep 04 06:52:21.740873 devstack-u2204-93-57 dnsmasq[135292]: reading /etc/resolv.conf
Sep 04 06:52:21.740891 devstack-u2204-93-57 dnsmasq[135292]: using nameserver 127.0.0.53#53
Sep 04 06:52:21.741146 devstack-u2204-93-57 dnsmasq[135292]: read /opt/stack/data/neutron/dhcp/f2f60537-62a8-4a31-bbd7-ad30a7899f12/addn_hosts - 4 names
Sep 04 06:52:21.741210 devstack-u2204-93-57 dnsmasq-dhcp[135292]: read /opt/stack/data/neutron/dhcp/f2f60537-62a8-4a31-bbd7-ad30a7899f12/host
Sep 04 06:52:21.741251 devstack-u2204-93-57 dnsmasq-dhcp[135292]: read /opt/stack/data/neutron/dhcp/f2f60537-62a8-4a31-bbd7-ad30a7899f12/opts
Sep 04 06:52:22.287983 devstack-u2204-93-57 dnsmasq[130479]: read /opt/stack/data/neutron/dhcp/bd7344bd-d5f2-4958-8cbd-ed18bb00409a/addn_hosts - 4 names
Sep 04 06:52:22.288155 devstack-u2204-93-57 dnsmasq-dhcp[130479]: read /opt/stack/data/neutron/dhcp/bd7344bd-d5f2-4958-8cbd-ed18bb00409a/host
Sep 04 06:52:22.288252 devstack-u2204-93-57 dnsmasq-dhcp[130479]: read /opt/stack/data/neutron/dhcp/bd7344bd-d5f2-4958-8cbd-ed18bb00409a/opts
Sep 04 06:52:25.961328 devstack-u2204-93-57 dnsmasq[135393]: started, version 2.90 cachesize 150
Sep 04 06:52:25.961372 devstack-u2204-93-57 dnsmasq[135393]: DNS service limited to local subnets
Sep 04 06:52:25.961394 devstack-u2204-93-57 dnsmasq[135393]: compile time options: IPv6 GNU-getopt DBus no-UBus i18n IDN2 DHCP DHCPv6 no-Lua TFTP conntrack ipset no-nftset auth cryptohash DNSSEC loop-detect inotify dumpfile
Sep 04 06:52:25.961445 devstack-u2204-93-57 dnsmasq-dhcp[135393]: DHCP, static leases only on 10.1.0.0, lease time 1d
Sep 04 06:52:25.961698 devstack-u2204-93-57 dnsmasq[135393]: reading /etc/resolv.conf
Sep 04 06:52:25.961722 devstack-u2204-93-57 dnsmasq[135393]: using nameserver 127.0.0.53#53
Sep 04 06:52:25.961883 devstack-u2204-93-57 dnsmasq[135393]: read /opt/stack/data/neutron/dhcp/a1fdc31a-d49d-4efe-98cb-5d43bceec397/addn_hosts - 2 names
Sep 04 06:52:25.961956 devstack-u2204-93-57 dnsmasq-dhcp[135393]: read /opt/stack/data/neutron/dhcp/a1fdc31a-d49d-4efe-98cb-5d43bceec397/host
Sep 04 06:52:25.962035 devstack-u2204-93-57 dnsmasq-dhcp[135393]: read /opt/stack/data/neutron/dhcp/a1fdc31a-d49d-4efe-98cb-5d43bceec397/opts
Sep 04 06:52:29.155334 devstack-u2204-93-57 dnsmasq[135525]: started, version 2.90 cachesize 150
Sep 04 06:52:29.155365 devstack-u2204-93-57 dnsmasq[135525]: DNS service limited to local subnets
Sep 04 06:52:29.155382 devstack-u2204-93-57 dnsmasq[135525]: compile time options: IPv6 GNU-getopt DBus no-UBus i18n IDN2 DHCP DHCPv6 no-Lua TFTP conntrack ipset no-nftset auth cryptohash DNSSEC loop-detect inotify dumpfile
Sep 04 06:52:29.155429 devstack-u2204-93-57 dnsmasq-dhcp[135525]: DHCP, static leases only on 10.1.0.0, lease time 1d
Sep 04 06:52:29.155605 devstack-u2204-93-57 dnsmasq[135525]: reading /etc/resolv.conf
Sep 04 06:52:29.155623 devstack-u2204-93-57 dnsmasq[135525]: using nameserver 127.0.0.53#53
Sep 04 06:52:29.155737 devstack-u2204-93-57 dnsmasq[135525]: read /opt/stack/data/neutron/dhcp/f49a2540-7d72-4694-b353-3bbc24473025/addn_hosts - 2 names
Sep 04 06:52:29.155793 devstack-u2204-93-57 dnsmasq-dhcp[135525]: read /opt/stack/data/neutron/dhcp/f49a2540-7d72-4694-b353-3bbc24473025/host
Sep 04 06:52:29.155854 devstack-u2204-93-57 dnsmasq-dhcp[135525]: read /opt/stack/data/neutron/dhcp/f49a2540-7d72-4694-b353-3bbc24473025/opts
Sep 04 06:52:29.703417 devstack-u2204-93-57 dnsmasq[133881]: read /opt/stack/data/neutron/dhcp/b73f51f9-9acf-4a90-a0e8-b585353ee2e7/addn_hosts - 2 names
Sep 04 06:52:29.703572 devstack-u2204-93-57 dnsmasq-dhcp[133881]: read /opt/stack/data/neutron/dhcp/b73f51f9-9acf-4a90-a0e8-b585353ee2e7/host
Sep 04 06:52:29.703691 devstack-u2204-93-57 dnsmasq-dhcp[133881]: read /opt/stack/data/neutron/dhcp/b73f51f9-9acf-4a90-a0e8-b585353ee2e7/opts
Sep 04 06:52:30.605723 devstack-u2204-93-57 dnsmasq[133946]: read /opt/stack/data/neutron/dhcp/4d12ba70-7c00-4c97-914a-13d1f507cbfd/addn_hosts - 2 names
Sep 04 06:52:30.605783 devstack-u2204-93-57 dnsmasq-dhcp[133946]: read /opt/stack/data/neutron/dhcp/4d12ba70-7c00-4c97-914a-13d1f507cbfd/host
Sep 04 06:52:30.605832 devstack-u2204-93-57 dnsmasq-dhcp[133946]: read /opt/stack/data/neutron/dhcp/4d12ba70-7c00-4c97-914a-13d1f507cbfd/opts
Sep 04 06:52:31.445940 devstack-u2204-93-57 dnsmasq[129476]: read /opt/stack/data/neutron/dhcp/1711b3ca-613a-43c0-b0d4-ff0ed43a2ab4/addn_hosts - 4 names
Sep 04 06:52:31.446114 devstack-u2204-93-57 dnsmasq-dhcp[129476]: read /opt/stack/data/neutron/dhcp/1711b3ca-613a-43c0-b0d4-ff0ed43a2ab4/host
Sep 04 06:52:31.446209 devstack-u2204-93-57 dnsmasq-dhcp[129476]: read /opt/stack/data/neutron/dhcp/1711b3ca-613a-43c0-b0d4-ff0ed43a2ab4/opts
Sep 04 06:52:32.333937 devstack-u2204-93-57 dnsmasq[130717]: read /opt/stack/data/neutron/dhcp/5c9564c3-f9ef-482a-9ad8-54497b9e3c62/addn_hosts - 4 names
Sep 04 06:52:32.334056 devstack-u2204-93-57 dnsmasq-dhcp[130717]: read /opt/stack/data/neutron/dhcp/5c9564c3-f9ef-482a-9ad8-54497b9e3c62/host
Sep 04 06:52:32.334160 devstack-u2204-93-57 dnsmasq-dhcp[130717]: read /opt/stack/data/neutron/dhcp/5c9564c3-f9ef-482a-9ad8-54497b9e3c62/opts
Sep 04 06:52:33.216145 devstack-u2204-93-57 dnsmasq[134207]: read /opt/stack/data/neutron/dhcp/1277b153-07a4-44de-b1cb-01e0c6f40f39/addn_hosts - 2 names
Sep 04 06:52:33.216296 devstack-u2204-93-57 dnsmasq-dhcp[134207]: read /opt/stack/data/neutron/dhcp/1277b153-07a4-44de-b1cb-01e0c6f40f39/host
Sep 04 06:52:33.216450 devstack-u2204-93-57 dnsmasq-dhcp[134207]: read /opt/stack/data/neutron/dhcp/1277b153-07a4-44de-b1cb-01e0c6f40f39/opts
Sep 04 06:52:34.085454 devstack-u2204-93-57 dnsmasq[129884]: read /opt/stack/data/neutron/dhcp/9bfc869a-6dbd-489b-baf3-61c8e4969400/addn_hosts - 4 names
Sep 04 06:52:34.085664 devstack-u2204-93-57 dnsmasq-dhcp[129884]: read /opt/stack/data/neutron/dhcp/9bfc869a-6dbd-489b-baf3-61c8e4969400/host
Sep 04 06:52:34.085789 devstack-u2204-93-57 dnsmasq-dhcp[129884]: read /opt/stack/data/neutron/dhcp/9bfc869a-6dbd-489b-baf3-61c8e4969400/opts
Sep 04 06:52:36.481819 devstack-u2204-93-57 dnsmasq[133184]: read /opt/stack/data/neutron/dhcp/ae7269ce-bd61-4e56-a228-2c2f63db0acf/addn_hosts - 4 names
Sep 04 06:52:36.481923 devstack-u2204-93-57 dnsmasq-dhcp[133184]: read /opt/stack/data/neutron/dhcp/ae7269ce-bd61-4e56-a228-2c2f63db0acf/host
Sep 04 06:52:36.481968 devstack-u2204-93-57 dnsmasq-dhcp[133184]: read /opt/stack/data/neutron/dhcp/ae7269ce-bd61-4e56-a228-2c2f63db0acf/opts
Sep 04 06:52:37.359019 devstack-u2204-93-57 dnsmasq[129203]: read /opt/stack/data/neutron/dhcp/ee229f1e-993e-4972-815a-5c801cd96ca9/addn_hosts - 4 names
Sep 04 06:52:37.359149 devstack-u2204-93-57 dnsmasq-dhcp[129203]: read /opt/stack/data/neutron/dhcp/ee229f1e-993e-4972-815a-5c801cd96ca9/host
Sep 04 06:52:37.359287 devstack-u2204-93-57 dnsmasq-dhcp[129203]: read /opt/stack/data/neutron/dhcp/ee229f1e-993e-4972-815a-5c801cd96ca9/opts
Sep 04 06:52:38.254452 devstack-u2204-93-57 dnsmasq[130245]: read /opt/stack/data/neutron/dhcp/408ae547-5369-41da-a38f-446e6ea7eaca/addn_hosts - 4 names
Sep 04 06:52:38.255751 devstack-u2204-93-57 dnsmasq-dhcp[130245]: read /opt/stack/data/neutron/dhcp/408ae547-5369-41da-a38f-446e6ea7eaca/host
Sep 04 06:52:38.255886 devstack-u2204-93-57 dnsmasq-dhcp[130245]: read /opt/stack/data/neutron/dhcp/408ae547-5369-41da-a38f-446e6ea7eaca/opts
Sep 04 06:52:39.677639 devstack-u2204-93-57 dnsmasq[135235]: read /opt/stack/data/neutron/dhcp/199e1253-c7fb-40d1-8319-12e5e24680c0/addn_hosts - 8 names
Sep 04 06:52:39.677734 devstack-u2204-93-57 dnsmasq-dhcp[135235]: read /opt/stack/data/neutron/dhcp/199e1253-c7fb-40d1-8319-12e5e24680c0/host
Sep 04 06:52:39.677777 devstack-u2204-93-57 dnsmasq-dhcp[135235]: read /opt/stack/data/neutron/dhcp/199e1253-c7fb-40d1-8319-12e5e24680c0/opts
Sep 04 06:52:41.115393 devstack-u2204-93-57 dnsmasq[135292]: read /opt/stack/data/neutron/dhcp/f2f60537-62a8-4a31-bbd7-ad30a7899f12/addn_hosts - 4 names
Sep 04 06:52:41.115553 devstack-u2204-93-57 dnsmasq-dhcp[135292]: read /opt/stack/data/neutron/dhcp/f2f60537-62a8-4a31-bbd7-ad30a7899f12/host
Sep 04 06:52:41.115675 devstack-u2204-93-57 dnsmasq-dhcp[135292]: read /opt/stack/data/neutron/dhcp/f2f60537-62a8-4a31-bbd7-ad30a7899f12/opts
Sep 04 06:52:41.474807 devstack-u2204-93-57 dnsmasq[130479]: exiting on receipt of SIGTERM
Sep 04 06:52:43.079396 devstack-u2204-93-57 dnsmasq[135393]: read /opt/stack/data/neutron/dhcp/a1fdc31a-d49d-4efe-98cb-5d43bceec397/addn_hosts - 2 names
Sep 04 06:52:43.079546 devstack-u2204-93-57 dnsmasq-dhcp[135393]: read /opt/stack/data/neutron/dhcp/a1fdc31a-d49d-4efe-98cb-5d43bceec397/host
Sep 04 06:52:43.079639 devstack-u2204-93-57 dnsmasq-dhcp[135393]: read /opt/stack/data/neutron/dhcp/a1fdc31a-d49d-4efe-98cb-5d43bceec397/opts
