Oct 14 22:49:35.057182 devstack-u2204-93-55 devstack@placement-api.service[1211744]: DEBUG placement.requestlog [req-ddafedf2-b7fe-48b0-9245-5f0cb0a45bfd req-7b7d7775-9ef9-4d37-8f05-8872608b59d8 None None] Starting request: 172.25.93.55 "GET /placement/resource_providers/a5bc5279-d900-4a3d-b1e8-a979fe95611c/allocations" {{(pid=1211744) __call__ /opt/stack/placement/placement/requestlog.py:55}}
Oct 14 22:49:35.088347 devstack-u2204-93-55 devstack@placement-api.service[1211744]: INFO placement.requestlog [req-ddafedf2-b7fe-48b0-9245-5f0cb0a45bfd req-7b7d7775-9ef9-4d37-8f05-8872608b59d8 service nova] 172.25.93.55 "GET /placement/resource_providers/a5bc5279-d900-4a3d-b1e8-a979fe95611c/allocations" status: 200 len: 152 microversion: 1.0
Oct 14 22:49:35.089100 devstack-u2204-93-55 devstack@placement-api.service[1211744]: [pid: 1211744|app: 0|req: 103/207] 172.25.93.55 () {58 vars in 1398 bytes} [Tue Oct 14 22:49:35 2025] GET /placement/resource_providers/a5bc5279-d900-4a3d-b1e8-a979fe95611c/allocations => generated 152 bytes in 33 msecs (HTTP/1.1 200) 6 headers in 224 bytes (1 switches on core 0)
Oct 14 22:49:35.098135 devstack-u2204-93-55 devstack@placement-api.service[1211743]: DEBUG placement.requestlog [req-ddafedf2-b7fe-48b0-9245-5f0cb0a45bfd req-37b2e602-6620-4c5d-8516-3dcea4860201 None None] Starting request: 172.25.93.55 "GET /placement/allocations/d335cab1-19ba-422e-8458-b9681adc734d" {{(pid=1211743) __call__ /opt/stack/placement/placement/requestlog.py:55}}
Oct 14 22:49:35.120859 devstack-u2204-93-55 devstack@placement-api.service[1211743]: INFO placement.requestlog [req-ddafedf2-b7fe-48b0-9245-5f0cb0a45bfd req-37b2e602-6620-4c5d-8516-3dcea4860201 service nova] 172.25.93.55 "GET /placement/allocations/d335cab1-19ba-422e-8458-b9681adc734d" status: 200 len: 257 microversion: 1.28
Oct 14 22:49:35.121300 devstack-u2204-93-55 devstack@placement-api.service[1211743]: [pid: 1211743|app: 0|req: 105/208] 172.25.93.55 () {60 vars in 1385 bytes} [Tue Oct 14 22:49:35 2025] GET /placement/allocations/d335cab1-19ba-422e-8458-b9681adc734d => generated 257 bytes in 24 msecs (HTTP/1.1 200) 8 headers in 296 bytes (1 switches on core 0)
Oct 14 22:49:45.084441 devstack-u2204-93-55 devstack@placement-api.service[1211744]: DEBUG dbcounter [-] [1211744] Writing DB stats placement:SELECT=7 {{(pid=1211744) stat_writer /opt/stack/data/venv/lib/python3.10/site-packages/dbcounter.py:115}}
Oct 14 22:49:45.117347 devstack-u2204-93-55 devstack@placement-api.service[1211743]: DEBUG dbcounter [-] [1211743] Writing DB stats placement:SELECT=11 {{(pid=1211743) stat_writer /opt/stack/data/venv/lib/python3.10/site-packages/dbcounter.py:115}}
Oct 14 22:50:17.772819 devstack-u2204-93-55 devstack@placement-api.service[1211744]: DEBUG placement.requestlog [req-d81939e6-f461-4c9a-ad65-1fa4046c1d82 req-7267ae24-1da5-46f2-88de-c07d21739a4b None None] Starting request: 172.25.93.55 "GET /placement/resource_providers/a5bc5279-d900-4a3d-b1e8-a979fe95611c/allocations" {{(pid=1211744) __call__ /opt/stack/placement/placement/requestlog.py:55}}
Oct 14 22:50:17.811975 devstack-u2204-93-55 devstack@placement-api.service[1211744]: INFO placement.requestlog [req-d81939e6-f461-4c9a-ad65-1fa4046c1d82 req-7267ae24-1da5-46f2-88de-c07d21739a4b service nova] 172.25.93.55 "GET /placement/resource_providers/a5bc5279-d900-4a3d-b1e8-a979fe95611c/allocations" status: 200 len: 152 microversion: 1.0
Oct 14 22:50:17.812557 devstack-u2204-93-55 devstack@placement-api.service[1211744]: [pid: 1211744|app: 0|req: 104/209] 172.25.93.55 () {58 vars in 1398 bytes} [Tue Oct 14 22:50:17 2025] GET /placement/resource_providers/a5bc5279-d900-4a3d-b1e8-a979fe95611c/allocations => generated 152 bytes in 41 msecs (HTTP/1.1 200) 6 headers in 224 bytes (1 switches on core 0)
Oct 14 22:50:17.822558 devstack-u2204-93-55 devstack@placement-api.service[1211743]: DEBUG placement.requestlog [req-d81939e6-f461-4c9a-ad65-1fa4046c1d82 req-2198ee39-fa41-4649-9c10-4832162eda4f None None] Starting request: 172.25.93.55 "GET /placement/allocations/d335cab1-19ba-422e-8458-b9681adc734d" {{(pid=1211743) __call__ /opt/stack/placement/placement/requestlog.py:55}}
Oct 14 22:50:17.842857 devstack-u2204-93-55 devstack@placement-api.service[1211743]: INFO placement.requestlog [req-d81939e6-f461-4c9a-ad65-1fa4046c1d82 req-2198ee39-fa41-4649-9c10-4832162eda4f service nova] 172.25.93.55 "GET /placement/allocations/d335cab1-19ba-422e-8458-b9681adc734d" status: 200 len: 257 microversion: 1.28
Oct 14 22:50:17.843520 devstack-u2204-93-55 devstack@placement-api.service[1211743]: [pid: 1211743|app: 0|req: 106/210] 172.25.93.55 () {60 vars in 1385 bytes} [Tue Oct 14 22:50:17 2025] GET /placement/allocations/d335cab1-19ba-422e-8458-b9681adc734d => generated 257 bytes in 22 msecs (HTTP/1.1 200) 8 headers in 296 bytes (1 switches on core 0)
Oct 14 22:50:18.895273 devstack-u2204-93-55 devstack@placement-api.service[1211744]: DEBUG placement.requestlog [req-d81939e6-f461-4c9a-ad65-1fa4046c1d82 req-a28f0332-38f0-41a8-8fb7-7d0099b394bc None None] Starting request: 172.25.93.55 "DELETE /placement/allocations/d335cab1-19ba-422e-8458-b9681adc734d" {{(pid=1211744) __call__ /opt/stack/placement/placement/requestlog.py:55}}
Oct 14 22:50:18.936656 devstack-u2204-93-55 devstack@placement-api.service[1211744]: DEBUG placement.handlers.allocation [req-d81939e6-f461-4c9a-ad65-1fa4046c1d82 req-a28f0332-38f0-41a8-8fb7-7d0099b394bc service nova] Successfully deleted allocations [<placement.objects.allocation.Allocation object at 0x72993823f310>, <placement.objects.allocation.Allocation object at 0x72993823cee0>, <placement.objects.allocation.Allocation object at 0x72993823d870>] {{(pid=1211744) delete_allocations /opt/stack/placement/placement/handlers/allocation.py:627}}
Oct 14 22:50:18.938057 devstack-u2204-93-55 devstack@placement-api.service[1211744]: INFO placement.requestlog [req-d81939e6-f461-4c9a-ad65-1fa4046c1d82 req-a28f0332-38f0-41a8-8fb7-7d0099b394bc service nova] 172.25.93.55 "DELETE /placement/allocations/d335cab1-19ba-422e-8458-b9681adc734d" status: 204 len: 0 microversion: 1.0
Oct 14 22:50:18.938845 devstack-u2204-93-55 devstack@placement-api.service[1211744]: [pid: 1211744|app: 0|req: 105/211] 172.25.93.55 () {60 vars in 1363 bytes} [Tue Oct 14 22:50:18 2025] DELETE /placement/allocations/d335cab1-19ba-422e-8458-b9681adc734d => generated 0 bytes in 44 msecs (HTTP/1.1 204) 5 headers in 198 bytes (1 switches on core 0)
Oct 14 22:50:25.508519 devstack-u2204-93-55 devstack@placement-api.service[1211743]: DEBUG placement.requestlog [req-b456178d-7e83-4228-a2b6-16ebef949e4f req-42fdf412-c5cd-47e3-9f97-14d8b65bd112 None None] Starting request: 172.25.93.55 "GET /placement/allocation_candidates?limit=1000&resources=DISK_GB%3A1%2CMEMORY_MB%3A192%2CVCPU%3A1&root_required=%21COMPUTE_STATUS_DISABLED" {{(pid=1211743) __call__ /opt/stack/placement/placement/requestlog.py:55}}
Oct 14 22:50:25.616231 devstack-u2204-93-55 devstack@placement-api.service[1211743]: DEBUG placement.objects.research_context [req-b456178d-7e83-4228-a2b6-16ebef949e4f req-42fdf412-c5cd-47e3-9f97-14d8b65bd112 service nova] getting providers with 1 DISK_GB {{(pid=1211743) __init__ /opt/stack/placement/placement/objects/research_context.py:137}}
Oct 14 22:50:25.622070 devstack-u2204-93-55 devstack@placement-api.service[1211743]: DEBUG placement.objects.research_context [req-b456178d-7e83-4228-a2b6-16ebef949e4f req-42fdf412-c5cd-47e3-9f97-14d8b65bd112 service nova] getting providers with 192 MEMORY_MB {{(pid=1211743) __init__ /opt/stack/placement/placement/objects/research_context.py:137}}
Oct 14 22:50:25.628280 devstack-u2204-93-55 devstack@placement-api.service[1211743]: DEBUG placement.objects.research_context [req-b456178d-7e83-4228-a2b6-16ebef949e4f req-42fdf412-c5cd-47e3-9f97-14d8b65bd112 service nova] getting providers with 1 VCPU {{(pid=1211743) __init__ /opt/stack/placement/placement/objects/research_context.py:137}}
Oct 14 22:50:25.633877 devstack-u2204-93-55 devstack@placement-api.service[1211743]: DEBUG placement.objects.research_context [req-b456178d-7e83-4228-a2b6-16ebef949e4f req-42fdf412-c5cd-47e3-9f97-14d8b65bd112 service nova] found 1 providers with available 1 DISK_GB {{(pid=1211743) get_provider_ids_matching /opt/stack/placement/placement/objects/research_context.py:569}}
Oct 14 22:50:25.634221 devstack-u2204-93-55 devstack@placement-api.service[1211743]: DEBUG placement.objects.research_context [req-b456178d-7e83-4228-a2b6-16ebef949e4f req-42fdf412-c5cd-47e3-9f97-14d8b65bd112 service nova] found 1 providers with available 192 MEMORY_MB {{(pid=1211743) get_provider_ids_matching /opt/stack/placement/placement/objects/research_context.py:569}}
Oct 14 22:50:25.634390 devstack-u2204-93-55 devstack@placement-api.service[1211743]: DEBUG placement.objects.research_context [req-b456178d-7e83-4228-a2b6-16ebef949e4f req-42fdf412-c5cd-47e3-9f97-14d8b65bd112 service nova] found 1 providers after filtering by previous result {{(pid=1211743) get_provider_ids_matching /opt/stack/placement/placement/objects/research_context.py:600}}
Oct 14 22:50:25.634612 devstack-u2204-93-55 devstack@placement-api.service[1211743]: DEBUG placement.objects.research_context [req-b456178d-7e83-4228-a2b6-16ebef949e4f req-42fdf412-c5cd-47e3-9f97-14d8b65bd112 service nova] found 1 providers with available 1 VCPU {{(pid=1211743) get_provider_ids_matching /opt/stack/placement/placement/objects/research_context.py:569}}
Oct 14 22:50:25.634763 devstack-u2204-93-55 devstack@placement-api.service[1211743]: DEBUG placement.objects.research_context [req-b456178d-7e83-4228-a2b6-16ebef949e4f req-42fdf412-c5cd-47e3-9f97-14d8b65bd112 service nova] found 1 providers after filtering by previous result {{(pid=1211743) get_provider_ids_matching /opt/stack/placement/placement/objects/research_context.py:600}}
Oct 14 22:50:25.653374 devstack-u2204-93-55 devstack@placement-api.service[1211743]: DEBUG placement.objects.allocation_candidate [req-b456178d-7e83-4228-a2b6-16ebef949e4f req-42fdf412-c5cd-47e3-9f97-14d8b65bd112 service nova] RequestGroup(use_same_provider=False, resources={DISK_GB:1, MEMORY_MB:192, VCPU:1}, traits=(), aggregates=[]) (suffix '') returned 1 matches {{(pid=1211743) _get_by_requests /opt/stack/placement/placement/objects/allocation_candidate.py:157}}
Oct 14 22:50:25.653876 devstack-u2204-93-55 devstack@placement-api.service[1211743]: DEBUG placement.objects.allocation_candidate [req-b456178d-7e83-4228-a2b6-16ebef949e4f req-42fdf412-c5cd-47e3-9f97-14d8b65bd112 service nova] Merging candidates yields 1 allocation requests and 1 provider summaries {{(pid=1211743) _merge_candidates /opt/stack/placement/placement/objects/allocation_candidate.py:841}}
Oct 14 22:50:25.656079 devstack-u2204-93-55 devstack@placement-api.service[1211743]: INFO placement.requestlog [req-b456178d-7e83-4228-a2b6-16ebef949e4f req-42fdf412-c5cd-47e3-9f97-14d8b65bd112 service nova] 172.25.93.55 "GET /placement/allocation_candidates?limit=1000&resources=DISK_GB%3A1%2CMEMORY_MB%3A192%2CVCPU%3A1&root_required=%21COMPUTE_STATUS_DISABLED" status: 200 len: 2128 microversion: 1.36
Oct 14 22:50:25.656576 devstack-u2204-93-55 devstack@placement-api.service[1211743]: [pid: 1211743|app: 0|req: 107/212] 172.25.93.55 () {60 vars in 1511 bytes} [Tue Oct 14 22:50:25 2025] GET /placement/allocation_candidates?limit=1000&resources=DISK_GB%3A1%2CMEMORY_MB%3A192%2CVCPU%3A1&root_required=%21COMPUTE_STATUS_DISABLED => generated 2128 bytes in 149 msecs (HTTP/1.1 200) 8 headers in 297 bytes (1 switches on core 0)
Oct 14 22:50:25.712091 devstack-u2204-93-55 devstack@placement-api.service[1211744]: DEBUG placement.requestlog [req-b456178d-7e83-4228-a2b6-16ebef949e4f req-8217f5f4-46fc-4b49-b0ee-013cf95d7ce0 None None] Starting request: 172.25.93.55 "GET /placement/allocations/8dd96453-46bf-4ecf-9fc9-b4d93566d3ed" {{(pid=1211744) __call__ /opt/stack/placement/placement/requestlog.py:55}}
Oct 14 22:50:25.732872 devstack-u2204-93-55 devstack@placement-api.service[1211744]: INFO placement.requestlog [req-b456178d-7e83-4228-a2b6-16ebef949e4f req-8217f5f4-46fc-4b49-b0ee-013cf95d7ce0 service nova] 172.25.93.55 "GET /placement/allocations/8dd96453-46bf-4ecf-9fc9-b4d93566d3ed" status: 200 len: 19 microversion: 1.28
Oct 14 22:50:25.733439 devstack-u2204-93-55 devstack@placement-api.service[1211744]: [pid: 1211744|app: 0|req: 106/213] 172.25.93.55 () {60 vars in 1387 bytes} [Tue Oct 14 22:50:25 2025] GET /placement/allocations/8dd96453-46bf-4ecf-9fc9-b4d93566d3ed => generated 19 bytes in 22 msecs (HTTP/1.1 200) 8 headers in 295 bytes (1 switches on core 0)
Oct 14 22:50:25.743377 devstack-u2204-93-55 devstack@placement-api.service[1211743]: DEBUG placement.requestlog [req-b456178d-7e83-4228-a2b6-16ebef949e4f req-71dd2821-adc1-4081-93c2-8e63f22ef9e7 None None] Starting request: 172.25.93.55 "PUT /placement/allocations/8dd96453-46bf-4ecf-9fc9-b4d93566d3ed" {{(pid=1211743) __call__ /opt/stack/placement/placement/requestlog.py:55}}
Oct 14 22:50:25.842086 devstack-u2204-93-55 devstack@placement-api.service[1211743]: DEBUG placement.handlers.allocation [req-b456178d-7e83-4228-a2b6-16ebef949e4f req-71dd2821-adc1-4081-93c2-8e63f22ef9e7 service nova] Successfully wrote allocations [<placement.objects.allocation.Allocation object at 0x7299383e7310>, <placement.objects.allocation.Allocation object at 0x7299383e4280>, <placement.objects.allocation.Allocation object at 0x7299383e5660>] {{(pid=1211743) _update_consumers_and_create_allocations /opt/stack/placement/placement/handlers/allocation.py:462}}
Oct 14 22:50:25.848527 devstack-u2204-93-55 devstack@placement-api.service[1211743]: INFO placement.requestlog [req-b456178d-7e83-4228-a2b6-16ebef949e4f req-71dd2821-adc1-4081-93c2-8e63f22ef9e7 service nova] 172.25.93.55 "PUT /placement/allocations/8dd96453-46bf-4ecf-9fc9-b4d93566d3ed" status: 204 len: 0 microversion: 1.36
Oct 14 22:50:25.849338 devstack-u2204-93-55 devstack@placement-api.service[1211743]: [pid: 1211743|app: 0|req: 108/214] 172.25.93.55 () {64 vars in 1440 bytes} [Tue Oct 14 22:50:25 2025] PUT /placement/allocations/8dd96453-46bf-4ecf-9fc9-b4d93566d3ed => generated 0 bytes in 107 msecs (HTTP/1.1 204) 5 headers in 199 bytes (1 switches on core 0)
Oct 14 22:50:27.285203 devstack-u2204-93-55 devstack@placement-api.service[1211744]: DEBUG placement.requestlog [req-b456178d-7e83-4228-a2b6-16ebef949e4f req-1265d1d2-0471-44fc-b9e3-bb013c540ff0 None None] Starting request: 172.25.93.55 "GET /placement/allocations/8dd96453-46bf-4ecf-9fc9-b4d93566d3ed" {{(pid=1211744) __call__ /opt/stack/placement/placement/requestlog.py:55}}
Oct 14 22:50:27.309835 devstack-u2204-93-55 devstack@placement-api.service[1211744]: INFO placement.requestlog [req-b456178d-7e83-4228-a2b6-16ebef949e4f req-1265d1d2-0471-44fc-b9e3-bb013c540ff0 service nova] 172.25.93.55 "GET /placement/allocations/8dd96453-46bf-4ecf-9fc9-b4d93566d3ed" status: 200 len: 257 microversion: 1.28
Oct 14 22:50:27.310236 devstack-u2204-93-55 devstack@placement-api.service[1211744]: [pid: 1211744|app: 0|req: 107/215] 172.25.93.55 () {60 vars in 1385 bytes} [Tue Oct 14 22:50:27 2025] GET /placement/allocations/8dd96453-46bf-4ecf-9fc9-b4d93566d3ed => generated 257 bytes in 26 msecs (HTTP/1.1 200) 8 headers in 296 bytes (1 switches on core 0)
Oct 14 22:50:28.351817 devstack-u2204-93-55 devstack@placement-api.service[1211743]: DEBUG placement.requestlog [req-b456178d-7e83-4228-a2b6-16ebef949e4f req-f8bbafb2-f8ca-46f5-9e76-7b6de0e01cd6 None None] Starting request: 172.25.93.55 "GET /placement/resource_providers/a5bc5279-d900-4a3d-b1e8-a979fe95611c/allocations" {{(pid=1211743) __call__ /opt/stack/placement/placement/requestlog.py:55}}
Oct 14 22:50:28.372487 devstack-u2204-93-55 devstack@placement-api.service[1211743]: INFO placement.requestlog [req-b456178d-7e83-4228-a2b6-16ebef949e4f req-f8bbafb2-f8ca-46f5-9e76-7b6de0e01cd6 service nova] 172.25.93.55 "GET /placement/resource_providers/a5bc5279-d900-4a3d-b1e8-a979fe95611c/allocations" status: 200 len: 152 microversion: 1.0
Oct 14 22:50:28.373030 devstack-u2204-93-55 devstack@placement-api.service[1211743]: [pid: 1211743|app: 0|req: 109/216] 172.25.93.55 () {58 vars in 1398 bytes} [Tue Oct 14 22:50:28 2025] GET /placement/resource_providers/a5bc5279-d900-4a3d-b1e8-a979fe95611c/allocations => generated 152 bytes in 22 msecs (HTTP/1.1 200) 6 headers in 224 bytes (1 switches on core 0)
Oct 14 22:50:28.379941 devstack-u2204-93-55 devstack@placement-api.service[1211744]: DEBUG placement.requestlog [req-b456178d-7e83-4228-a2b6-16ebef949e4f req-626bd124-d71f-4eb1-9a37-c6a6ffbdb8ad None None] Starting request: 172.25.93.55 "GET /placement/allocations/8dd96453-46bf-4ecf-9fc9-b4d93566d3ed" {{(pid=1211744) __call__ /opt/stack/placement/placement/requestlog.py:55}}
Oct 14 22:50:28.408325 devstack-u2204-93-55 devstack@placement-api.service[1211744]: INFO placement.requestlog [req-b456178d-7e83-4228-a2b6-16ebef949e4f req-626bd124-d71f-4eb1-9a37-c6a6ffbdb8ad service nova] 172.25.93.55 "GET /placement/allocations/8dd96453-46bf-4ecf-9fc9-b4d93566d3ed" status: 200 len: 257 microversion: 1.28
Oct 14 22:50:28.408813 devstack-u2204-93-55 devstack@placement-api.service[1211744]: [pid: 1211744|app: 0|req: 108/217] 172.25.93.55 () {60 vars in 1385 bytes} [Tue Oct 14 22:50:28 2025] GET /placement/allocations/8dd96453-46bf-4ecf-9fc9-b4d93566d3ed => generated 257 bytes in 30 msecs (HTTP/1.1 200) 8 headers in 296 bytes (1 switches on core 0)
Oct 14 22:50:35.528370 devstack-u2204-93-55 devstack@placement-api.service[1211743]: DEBUG placement.requestlog [req-937b8e38-3391-4af0-adab-23112b0e6c95 req-d3f7455e-95b1-4d91-83e0-f7fd0fb85419 None None] Starting request: 172.25.93.55 "GET /placement/resource_providers/a5bc5279-d900-4a3d-b1e8-a979fe95611c/allocations" {{(pid=1211743) __call__ /opt/stack/placement/placement/requestlog.py:55}}
Oct 14 22:50:35.560732 devstack-u2204-93-55 devstack@placement-api.service[1211743]: INFO placement.requestlog [req-937b8e38-3391-4af0-adab-23112b0e6c95 req-d3f7455e-95b1-4d91-83e0-f7fd0fb85419 service nova] 172.25.93.55 "GET /placement/resource_providers/a5bc5279-d900-4a3d-b1e8-a979fe95611c/allocations" status: 200 len: 152 microversion: 1.0
Oct 14 22:50:35.561186 devstack-u2204-93-55 devstack@placement-api.service[1211743]: [pid: 1211743|app: 0|req: 110/218] 172.25.93.55 () {58 vars in 1398 bytes} [Tue Oct 14 22:50:35 2025] GET /placement/resource_providers/a5bc5279-d900-4a3d-b1e8-a979fe95611c/allocations => generated 152 bytes in 34 msecs (HTTP/1.1 200) 6 headers in 224 bytes (1 switches on core 0)
Oct 14 22:50:35.578865 devstack-u2204-93-55 devstack@placement-api.service[1211744]: DEBUG placement.requestlog [req-937b8e38-3391-4af0-adab-23112b0e6c95 req-6f73785c-9047-4f9e-837f-1e351161a588 None None] Starting request: 172.25.93.55 "GET /placement/resource_providers/a5bc5279-d900-4a3d-b1e8-a979fe95611c/allocations" {{(pid=1211744) __call__ /opt/stack/placement/placement/requestlog.py:55}}
Oct 14 22:50:35.609802 devstack-u2204-93-55 devstack@placement-api.service[1211744]: INFO placement.requestlog [req-937b8e38-3391-4af0-adab-23112b0e6c95 req-6f73785c-9047-4f9e-837f-1e351161a588 service nova] 172.25.93.55 "GET /placement/resource_providers/a5bc5279-d900-4a3d-b1e8-a979fe95611c/allocations" status: 200 len: 152 microversion: 1.0
Oct 14 22:50:35.610246 devstack-u2204-93-55 devstack@placement-api.service[1211744]: [pid: 1211744|app: 0|req: 109/219] 172.25.93.55 () {58 vars in 1398 bytes} [Tue Oct 14 22:50:35 2025] GET /placement/resource_providers/a5bc5279-d900-4a3d-b1e8-a979fe95611c/allocations => generated 152 bytes in 33 msecs (HTTP/1.1 200) 6 headers in 224 bytes (1 switches on core 0)
Oct 14 22:50:35.620010 devstack-u2204-93-55 devstack@placement-api.service[1211743]: DEBUG placement.requestlog [req-937b8e38-3391-4af0-adab-23112b0e6c95 req-b85543c2-6ba8-4246-bd93-08079ffa76c5 None None] Starting request: 172.25.93.55 "GET /placement/allocations/8dd96453-46bf-4ecf-9fc9-b4d93566d3ed" {{(pid=1211743) __call__ /opt/stack/placement/placement/requestlog.py:55}}
Oct 14 22:50:35.644693 devstack-u2204-93-55 devstack@placement-api.service[1211743]: INFO placement.requestlog [req-937b8e38-3391-4af0-adab-23112b0e6c95 req-b85543c2-6ba8-4246-bd93-08079ffa76c5 service nova] 172.25.93.55 "GET /placement/allocations/8dd96453-46bf-4ecf-9fc9-b4d93566d3ed" status: 200 len: 257 microversion: 1.28
Oct 14 22:50:35.645095 devstack-u2204-93-55 devstack@placement-api.service[1211743]: [pid: 1211743|app: 0|req: 111/220] 172.25.93.55 () {60 vars in 1385 bytes} [Tue Oct 14 22:50:35 2025] GET /placement/allocations/8dd96453-46bf-4ecf-9fc9-b4d93566d3ed => generated 257 bytes in 26 msecs (HTTP/1.1 200) 8 headers in 296 bytes (1 switches on core 0)
Oct 14 22:50:45.606657 devstack-u2204-93-55 devstack@placement-api.service[1211744]: DEBUG dbcounter [-] [1211744] Writing DB stats placement:SELECT=14,placement:DELETE=2 {{(pid=1211744) stat_writer /opt/stack/data/venv/lib/python3.10/site-packages/dbcounter.py:115}}
Oct 14 22:50:45.641068 devstack-u2204-93-55 devstack@placement-api.service[1211743]: DEBUG dbcounter [-] [1211743] Writing DB stats placement:SELECT=28,placement:INSERT=4,placement:DELETE=2,placement:UPDATE=2 {{(pid=1211743) stat_writer /opt/stack/data/venv/lib/python3.10/site-packages/dbcounter.py:115}}
Oct 14 22:51:36.765678 devstack-u2204-93-55 devstack@placement-api.service[1211744]: DEBUG placement.requestlog [req-c0a4301a-3155-4b68-a410-28a91ee74bcb req-c57a49b5-b2b0-451d-bc61-0aa881fb12f1 None None] Starting request: 172.25.93.55 "GET /placement/resource_providers/a5bc5279-d900-4a3d-b1e8-a979fe95611c/allocations" {{(pid=1211744) __call__ /opt/stack/placement/placement/requestlog.py:55}}
Oct 14 22:51:36.796965 devstack-u2204-93-55 devstack@placement-api.service[1211744]: INFO placement.requestlog [req-c0a4301a-3155-4b68-a410-28a91ee74bcb req-c57a49b5-b2b0-451d-bc61-0aa881fb12f1 service nova] 172.25.93.55 "GET /placement/resource_providers/a5bc5279-d900-4a3d-b1e8-a979fe95611c/allocations" status: 200 len: 152 microversion: 1.0
Oct 14 22:51:36.797798 devstack-u2204-93-55 devstack@placement-api.service[1211744]: [pid: 1211744|app: 0|req: 110/221] 172.25.93.55 () {58 vars in 1398 bytes} [Tue Oct 14 22:51:36 2025] GET /placement/resource_providers/a5bc5279-d900-4a3d-b1e8-a979fe95611c/allocations => generated 152 bytes in 34 msecs (HTTP/1.1 200) 6 headers in 224 bytes (1 switches on core 0)
Oct 14 22:51:36.812908 devstack-u2204-93-55 devstack@placement-api.service[1211743]: DEBUG placement.requestlog [req-c0a4301a-3155-4b68-a410-28a91ee74bcb req-75a692eb-12be-42bd-abe9-1fb04b87e660 None None] Starting request: 172.25.93.55 "GET /placement/resource_providers/a5bc5279-d900-4a3d-b1e8-a979fe95611c/allocations" {{(pid=1211743) __call__ /opt/stack/placement/placement/requestlog.py:55}}
Oct 14 22:51:36.843869 devstack-u2204-93-55 devstack@placement-api.service[1211743]: INFO placement.requestlog [req-c0a4301a-3155-4b68-a410-28a91ee74bcb req-75a692eb-12be-42bd-abe9-1fb04b87e660 service nova] 172.25.93.55 "GET /placement/resource_providers/a5bc5279-d900-4a3d-b1e8-a979fe95611c/allocations" status: 200 len: 152 microversion: 1.0
Oct 14 22:51:36.844287 devstack-u2204-93-55 devstack@placement-api.service[1211743]: [pid: 1211743|app: 0|req: 112/222] 172.25.93.55 () {58 vars in 1398 bytes} [Tue Oct 14 22:51:36 2025] GET /placement/resource_providers/a5bc5279-d900-4a3d-b1e8-a979fe95611c/allocations => generated 152 bytes in 32 msecs (HTTP/1.1 200) 6 headers in 224 bytes (1 switches on core 0)
Oct 14 22:51:36.853146 devstack-u2204-93-55 devstack@placement-api.service[1211744]: DEBUG placement.requestlog [req-c0a4301a-3155-4b68-a410-28a91ee74bcb req-b736e9a8-4011-4827-b69e-452dee94eb07 None None] Starting request: 172.25.93.55 "GET /placement/allocations/8dd96453-46bf-4ecf-9fc9-b4d93566d3ed" {{(pid=1211744) __call__ /opt/stack/placement/placement/requestlog.py:55}}
Oct 14 22:51:36.874013 devstack-u2204-93-55 devstack@placement-api.service[1211744]: INFO placement.requestlog [req-c0a4301a-3155-4b68-a410-28a91ee74bcb req-b736e9a8-4011-4827-b69e-452dee94eb07 service nova] 172.25.93.55 "GET /placement/allocations/8dd96453-46bf-4ecf-9fc9-b4d93566d3ed" status: 200 len: 257 microversion: 1.28
Oct 14 22:51:36.874486 devstack-u2204-93-55 devstack@placement-api.service[1211744]: [pid: 1211744|app: 0|req: 111/223] 172.25.93.55 () {60 vars in 1385 bytes} [Tue Oct 14 22:51:36 2025] GET /placement/allocations/8dd96453-46bf-4ecf-9fc9-b4d93566d3ed => generated 257 bytes in 23 msecs (HTTP/1.1 200) 8 headers in 296 bytes (1 switches on core 0)
Oct 14 22:51:46.840254 devstack-u2204-93-55 devstack@placement-api.service[1211743]: DEBUG dbcounter [-] [1211743] Writing DB stats placement:SELECT=3 {{(pid=1211743) stat_writer /opt/stack/data/venv/lib/python3.10/site-packages/dbcounter.py:115}}
Oct 14 22:51:46.870886 devstack-u2204-93-55 devstack@placement-api.service[1211744]: DEBUG dbcounter [-] [1211744] Writing DB stats placement:SELECT=5 {{(pid=1211744) stat_writer /opt/stack/data/venv/lib/python3.10/site-packages/dbcounter.py:115}}
Oct 14 22:52:38.771085 devstack-u2204-93-55 devstack@placement-api.service[1211743]: DEBUG placement.requestlog [req-949e58cd-acef-4e41-940b-0370f9d7f679 req-4fa5ce31-3aa2-47b1-9d5e-6093f12a5583 None None] Starting request: 172.25.93.55 "GET /placement/resource_providers/a5bc5279-d900-4a3d-b1e8-a979fe95611c/allocations" {{(pid=1211743) __call__ /opt/stack/placement/placement/requestlog.py:55}}
Oct 14 22:52:38.803408 devstack-u2204-93-55 devstack@placement-api.service[1211743]: INFO placement.requestlog [req-949e58cd-acef-4e41-940b-0370f9d7f679 req-4fa5ce31-3aa2-47b1-9d5e-6093f12a5583 service nova] 172.25.93.55 "GET /placement/resource_providers/a5bc5279-d900-4a3d-b1e8-a979fe95611c/allocations" status: 200 len: 152 microversion: 1.0
Oct 14 22:52:38.803975 devstack-u2204-93-55 devstack@placement-api.service[1211743]: [pid: 1211743|app: 0|req: 113/224] 172.25.93.55 () {58 vars in 1398 bytes} [Tue Oct 14 22:52:38 2025] GET /placement/resource_providers/a5bc5279-d900-4a3d-b1e8-a979fe95611c/allocations => generated 152 bytes in 34 msecs (HTTP/1.1 200) 6 headers in 224 bytes (1 switches on core 0)
Oct 14 22:52:38.818426 devstack-u2204-93-55 devstack@placement-api.service[1211744]: DEBUG placement.requestlog [req-949e58cd-acef-4e41-940b-0370f9d7f679 req-2674f93c-c4d6-44a6-af77-5c317e7915e0 None None] Starting request: 172.25.93.55 "GET /placement/resource_providers/a5bc5279-d900-4a3d-b1e8-a979fe95611c/allocations" {{(pid=1211744) __call__ /opt/stack/placement/placement/requestlog.py:55}}
Oct 14 22:52:38.841782 devstack-u2204-93-55 devstack@placement-api.service[1211744]: INFO placement.requestlog [req-949e58cd-acef-4e41-940b-0370f9d7f679 req-2674f93c-c4d6-44a6-af77-5c317e7915e0 service nova] 172.25.93.55 "GET /placement/resource_providers/a5bc5279-d900-4a3d-b1e8-a979fe95611c/allocations" status: 200 len: 152 microversion: 1.0
Oct 14 22:52:38.842285 devstack-u2204-93-55 devstack@placement-api.service[1211744]: [pid: 1211744|app: 0|req: 112/225] 172.25.93.55 () {58 vars in 1398 bytes} [Tue Oct 14 22:52:38 2025] GET /placement/resource_providers/a5bc5279-d900-4a3d-b1e8-a979fe95611c/allocations => generated 152 bytes in 24 msecs (HTTP/1.1 200) 6 headers in 224 bytes (1 switches on core 0)
Oct 14 22:52:38.849327 devstack-u2204-93-55 devstack@placement-api.service[1211743]: DEBUG placement.requestlog [req-949e58cd-acef-4e41-940b-0370f9d7f679 req-ffa43fd0-eec0-4b73-b32b-f475df7b0c60 None None] Starting request: 172.25.93.55 "GET /placement/allocations/8dd96453-46bf-4ecf-9fc9-b4d93566d3ed" {{(pid=1211743) __call__ /opt/stack/placement/placement/requestlog.py:55}}
Oct 14 22:52:38.873013 devstack-u2204-93-55 devstack@placement-api.service[1211743]: INFO placement.requestlog [req-949e58cd-acef-4e41-940b-0370f9d7f679 req-ffa43fd0-eec0-4b73-b32b-f475df7b0c60 service nova] 172.25.93.55 "GET /placement/allocations/8dd96453-46bf-4ecf-9fc9-b4d93566d3ed" status: 200 len: 257 microversion: 1.28
Oct 14 22:52:38.873538 devstack-u2204-93-55 devstack@placement-api.service[1211743]: [pid: 1211743|app: 0|req: 114/226] 172.25.93.55 () {60 vars in 1385 bytes} [Tue Oct 14 22:52:38 2025] GET /placement/allocations/8dd96453-46bf-4ecf-9fc9-b4d93566d3ed => generated 257 bytes in 25 msecs (HTTP/1.1 200) 8 headers in 296 bytes (1 switches on core 0)
Oct 14 22:52:48.839471 devstack-u2204-93-55 devstack@placement-api.service[1211744]: DEBUG dbcounter [-] [1211744] Writing DB stats placement:SELECT=3 {{(pid=1211744) stat_writer /opt/stack/data/venv/lib/python3.10/site-packages/dbcounter.py:115}}
Oct 14 22:52:48.870327 devstack-u2204-93-55 devstack@placement-api.service[1211743]: DEBUG dbcounter [-] [1211743] Writing DB stats placement:SELECT=5 {{(pid=1211743) stat_writer /opt/stack/data/venv/lib/python3.10/site-packages/dbcounter.py:115}}
Oct 14 22:53:03.559051 devstack-u2204-93-55 devstack@placement-api.service[1211744]: DEBUG placement.requestlog [req-d8640281-2ac3-40f0-adb4-4725c8b84eb5 req-510f21b7-5066-4274-8c26-80e3f5ed0826 None None] Starting request: 172.25.93.55 "GET /placement/resource_providers/a5bc5279-d900-4a3d-b1e8-a979fe95611c/allocations" {{(pid=1211744) __call__ /opt/stack/placement/placement/requestlog.py:55}}
Oct 14 22:53:03.594642 devstack-u2204-93-55 devstack@placement-api.service[1211744]: INFO placement.requestlog [req-d8640281-2ac3-40f0-adb4-4725c8b84eb5 req-510f21b7-5066-4274-8c26-80e3f5ed0826 service nova] 172.25.93.55 "GET /placement/resource_providers/a5bc5279-d900-4a3d-b1e8-a979fe95611c/allocations" status: 200 len: 152 microversion: 1.0
Oct 14 22:53:03.595550 devstack-u2204-93-55 devstack@placement-api.service[1211744]: [pid: 1211744|app: 0|req: 113/227] 172.25.93.55 () {58 vars in 1398 bytes} [Tue Oct 14 22:53:03 2025] GET /placement/resource_providers/a5bc5279-d900-4a3d-b1e8-a979fe95611c/allocations => generated 152 bytes in 37 msecs (HTTP/1.1 200) 6 headers in 224 bytes (1 switches on core 0)
Oct 14 22:53:03.605666 devstack-u2204-93-55 devstack@placement-api.service[1211743]: DEBUG placement.requestlog [req-d8640281-2ac3-40f0-adb4-4725c8b84eb5 req-35a8f287-e4d2-4cc1-8b21-c01b22da7318 None None] Starting request: 172.25.93.55 "GET /placement/allocations/8dd96453-46bf-4ecf-9fc9-b4d93566d3ed" {{(pid=1211743) __call__ /opt/stack/placement/placement/requestlog.py:55}}
Oct 14 22:53:03.628053 devstack-u2204-93-55 devstack@placement-api.service[1211743]: INFO placement.requestlog [req-d8640281-2ac3-40f0-adb4-4725c8b84eb5 req-35a8f287-e4d2-4cc1-8b21-c01b22da7318 service nova] 172.25.93.55 "GET /placement/allocations/8dd96453-46bf-4ecf-9fc9-b4d93566d3ed" status: 200 len: 257 microversion: 1.28
Oct 14 22:53:03.628461 devstack-u2204-93-55 devstack@placement-api.service[1211743]: [pid: 1211743|app: 0|req: 115/228] 172.25.93.55 () {60 vars in 1385 bytes} [Tue Oct 14 22:53:03 2025] GET /placement/allocations/8dd96453-46bf-4ecf-9fc9-b4d93566d3ed => generated 257 bytes in 24 msecs (HTTP/1.1 200) 8 headers in 296 bytes (1 switches on core 0)
Oct 14 22:53:04.681331 devstack-u2204-93-55 devstack@placement-api.service[1211744]: DEBUG placement.requestlog [req-d8640281-2ac3-40f0-adb4-4725c8b84eb5 req-1cb575f0-5de9-4b8d-9235-4ad619468b1e None None] Starting request: 172.25.93.55 "DELETE /placement/allocations/8dd96453-46bf-4ecf-9fc9-b4d93566d3ed" {{(pid=1211744) __call__ /opt/stack/placement/placement/requestlog.py:55}}
Oct 14 22:53:04.722741 devstack-u2204-93-55 devstack@placement-api.service[1211744]: DEBUG placement.handlers.allocation [req-d8640281-2ac3-40f0-adb4-4725c8b84eb5 req-1cb575f0-5de9-4b8d-9235-4ad619468b1e service nova] Successfully deleted allocations [<placement.objects.allocation.Allocation object at 0x7299384a1720>, <placement.objects.allocation.Allocation object at 0x7299384a1ae0>, <placement.objects.allocation.Allocation object at 0x7299384a3190>] {{(pid=1211744) delete_allocations /opt/stack/placement/placement/handlers/allocation.py:627}}
Oct 14 22:53:04.723561 devstack-u2204-93-55 devstack@placement-api.service[1211744]: INFO placement.requestlog [req-d8640281-2ac3-40f0-adb4-4725c8b84eb5 req-1cb575f0-5de9-4b8d-9235-4ad619468b1e service nova] 172.25.93.55 "DELETE /placement/allocations/8dd96453-46bf-4ecf-9fc9-b4d93566d3ed" status: 204 len: 0 microversion: 1.0
Oct 14 22:53:04.724059 devstack-u2204-93-55 devstack@placement-api.service[1211744]: [pid: 1211744|app: 0|req: 114/229] 172.25.93.55 () {60 vars in 1363 bytes} [Tue Oct 14 22:53:04 2025] DELETE /placement/allocations/8dd96453-46bf-4ecf-9fc9-b4d93566d3ed => generated 0 bytes in 44 msecs (HTTP/1.1 204) 5 headers in 198 bytes (1 switches on core 0)
Oct 14 22:53:10.276145 devstack-u2204-93-55 devstack@placement-api.service[1211743]: DEBUG placement.requestlog [None req-b8a5ae29-f5a6-4dee-bec8-2c8a83bde6d2 None None] Starting request: 172.25.93.55 "GET /placement/resource_providers/b7fcf732-0903-4ddb-8e6a-38ac169fab30/aggregates" {{(pid=1211743) __call__ /opt/stack/placement/placement/requestlog.py:55}}
Oct 14 22:53:10.384321 devstack-u2204-93-55 devstack@placement-api.service[1211743]: INFO placement.requestlog [None req-b8a5ae29-f5a6-4dee-bec8-2c8a83bde6d2 service placement] 172.25.93.55 "GET /placement/resource_providers/b7fcf732-0903-4ddb-8e6a-38ac169fab30/aggregates" status: 404 len: 235 microversion: 1.1
Oct 14 22:53:10.384823 devstack-u2204-93-55 devstack@placement-api.service[1211743]: [pid: 1211743|app: 0|req: 116/230] 172.25.93.55 () {58 vars in 1369 bytes} [Tue Oct 14 22:53:10 2025] GET /placement/resource_providers/b7fcf732-0903-4ddb-8e6a-38ac169fab30/aggregates => generated 235 bytes in 110 msecs (HTTP/1.1 404) 5 headers in 202 bytes (1 switches on core 0)
Oct 14 22:53:10.391988 devstack-u2204-93-55 devstack@placement-api.service[1211744]: DEBUG placement.requestlog [None req-c7846a60-a331-4707-9136-61b87c1b9b03 None None] Starting request: 172.25.93.55 "DELETE /placement/resource_providers/b7fcf732-0903-4ddb-8e6a-38ac169fab30" {{(pid=1211744) __call__ /opt/stack/placement/placement/requestlog.py:55}}
Oct 14 22:53:10.406201 devstack-u2204-93-55 devstack@placement-api.service[1211744]: DEBUG placement.wsgi_wrapper [None req-c7846a60-a331-4707-9136-61b87c1b9b03 service placement] Placement API returning an error response: No resource provider with uuid b7fcf732-0903-4ddb-8e6a-38ac169fab30 found for delete {{(pid=1211744) call_func /opt/stack/placement/placement/wsgi_wrapper.py:31}}
Oct 14 22:53:10.407609 devstack-u2204-93-55 devstack@placement-api.service[1211744]: INFO placement.requestlog [None req-c7846a60-a331-4707-9136-61b87c1b9b03 service placement] 172.25.93.55 "DELETE /placement/resource_providers/b7fcf732-0903-4ddb-8e6a-38ac169fab30" status: 404 len: 246 microversion: 1.1
Oct 14 22:53:10.407609 devstack-u2204-93-55 devstack@placement-api.service[1211744]: [pid: 1211744|app: 0|req: 115/231] 172.25.93.55 () {60 vars in 1358 bytes} [Tue Oct 14 22:53:10 2025] DELETE /placement/resource_providers/b7fcf732-0903-4ddb-8e6a-38ac169fab30 => generated 246 bytes in 16 msecs (HTTP/1.1 404) 6 headers in 231 bytes (1 switches on core 0)
Oct 14 22:53:13.191785 devstack-u2204-93-55 devstack@placement-api.service[1211743]: DEBUG placement.requestlog [None req-2d9757a1-2981-4d49-9b05-eeaacd69df1a None None] Starting request: 172.25.93.55 "GET /placement/resource_providers/dc6b4642-b83a-4ea7-994c-fe4629d6288f/aggregates" {{(pid=1211743) __call__ /opt/stack/placement/placement/requestlog.py:55}}
Oct 14 22:53:13.261253 devstack-u2204-93-55 devstack@placement-api.service[1211743]: INFO placement.requestlog [None req-2d9757a1-2981-4d49-9b05-eeaacd69df1a service placement] 172.25.93.55 "GET /placement/resource_providers/dc6b4642-b83a-4ea7-994c-fe4629d6288f/aggregates" status: 404 len: 235 microversion: 1.1
Oct 14 22:53:13.261654 devstack-u2204-93-55 devstack@placement-api.service[1211743]: [pid: 1211743|app: 0|req: 117/232] 172.25.93.55 () {58 vars in 1369 bytes} [Tue Oct 14 22:53:13 2025] GET /placement/resource_providers/dc6b4642-b83a-4ea7-994c-fe4629d6288f/aggregates => generated 235 bytes in 71 msecs (HTTP/1.1 404) 5 headers in 202 bytes (1 switches on core 0)
Oct 14 22:53:13.272196 devstack-u2204-93-55 devstack@placement-api.service[1211744]: DEBUG placement.requestlog [None req-d163e99f-fa26-4084-880e-39dba5d43fc3 None None] Starting request: 172.25.93.55 "DELETE /placement/resource_providers/dc6b4642-b83a-4ea7-994c-fe4629d6288f" {{(pid=1211744) __call__ /opt/stack/placement/placement/requestlog.py:55}}
Oct 14 22:53:13.283732 devstack-u2204-93-55 devstack@placement-api.service[1211744]: DEBUG placement.wsgi_wrapper [None req-d163e99f-fa26-4084-880e-39dba5d43fc3 service placement] Placement API returning an error response: No resource provider with uuid dc6b4642-b83a-4ea7-994c-fe4629d6288f found for delete {{(pid=1211744) call_func /opt/stack/placement/placement/wsgi_wrapper.py:31}}
Oct 14 22:53:13.284657 devstack-u2204-93-55 devstack@placement-api.service[1211744]: INFO placement.requestlog [None req-d163e99f-fa26-4084-880e-39dba5d43fc3 service placement] 172.25.93.55 "DELETE /placement/resource_providers/dc6b4642-b83a-4ea7-994c-fe4629d6288f" status: 404 len: 246 microversion: 1.1
Oct 14 22:53:13.284954 devstack-u2204-93-55 devstack@placement-api.service[1211744]: [pid: 1211744|app: 0|req: 116/233] 172.25.93.55 () {60 vars in 1358 bytes} [Tue Oct 14 22:53:13 2025] DELETE /placement/resource_providers/dc6b4642-b83a-4ea7-994c-fe4629d6288f => generated 246 bytes in 13 msecs (HTTP/1.1 404) 6 headers in 231 bytes (1 switches on core 0)
Oct 14 22:53:23.258783 devstack-u2204-93-55 devstack@placement-api.service[1211743]: DEBUG dbcounter [-] [1211743] Writing DB stats placement:SELECT=4 {{(pid=1211743) stat_writer /opt/stack/data/venv/lib/python3.10/site-packages/dbcounter.py:115}}
Oct 14 22:53:23.281479 devstack-u2204-93-55 devstack@placement-api.service[1211744]: DEBUG dbcounter [-] [1211744] Writing DB stats placement:SELECT=8,placement:DELETE=2 {{(pid=1211744) stat_writer /opt/stack/data/venv/lib/python3.10/site-packages/dbcounter.py:115}}
