Oct 18 09:06:10.176237 podb-esxi207 systemd[1]: Started Devstack devstack@q-dhcp.service.
Oct 18 09:06:10.600319 podb-esxi207 neutron-dhcp-agent[3561235]: This program is using eventlet and has been monkey_patched
Oct 18 09:06:27.461168 podb-esxi207 sudo[3563350]:    stack : PWD=/ ; USER=root ; COMMAND=/opt/stack/data/venv/bin/neutron-rootwrap /etc/neutron/rootwrap.conf privsep-helper --config-file /etc/neutron/neutron.conf --config-file /etc/neutron/dhcp_agent.ini --privsep_context neutron.privileged.default --privsep_sock_path /tmp/tmpk47_f9yf/privsep.sock
Oct 18 09:06:27.462057 podb-esxi207 sudo[3563350]: pam_unix(sudo:session): session opened for user root(uid=0) by (uid=1001)
Oct 18 09:06:28.244157 podb-esxi207 sudo[3563350]: pam_unix(sudo:session): session closed for user root
Oct 18 09:06:29.264450 podb-esxi207 sudo[3563394]:    stack : PWD=/ ; USER=root ; COMMAND=/opt/stack/data/venv/bin/neutron-rootwrap /etc/neutron/rootwrap.conf privsep-helper --config-file /etc/neutron/neutron.conf --config-file /etc/neutron/dhcp_agent.ini --privsep_context neutron.privileged.namespace_cmd --privsep_sock_path /tmp/tmp9gtoi7t_/privsep.sock
Oct 18 09:06:29.265584 podb-esxi207 sudo[3563394]: pam_unix(sudo:session): session opened for user root(uid=0) by (uid=1001)
Oct 18 09:06:30.048610 podb-esxi207 sudo[3563394]: pam_unix(sudo:session): session closed for user root
Oct 18 09:06:31.127895 podb-esxi207 sudo[3563441]:    stack : PWD=/ ; USER=root ; COMMAND=/opt/stack/data/venv/bin/neutron-rootwrap /etc/neutron/rootwrap.conf privsep-helper --config-file /etc/neutron/neutron.conf --config-file /etc/neutron/dhcp_agent.ini --privsep_context neutron.privileged.link_cmd --privsep_sock_path /tmp/tmp90eg91t0/privsep.sock
Oct 18 09:06:31.129025 podb-esxi207 sudo[3563441]: pam_unix(sudo:session): session opened for user root(uid=0) by (uid=1001)
Oct 18 09:06:31.908362 podb-esxi207 sudo[3563441]: pam_unix(sudo:session): session closed for user root
Oct 18 09:06:34.456993 podb-esxi207 sudo[3563583]:    stack : PWD=/ ; USER=root ; COMMAND=/opt/stack/data/venv/bin/neutron-rootwrap-daemon /etc/neutron/rootwrap.conf
Oct 18 09:06:34.458116 podb-esxi207 sudo[3563583]: pam_unix(sudo:session): session opened for user root(uid=0) by (uid=1001)
Oct 18 09:06:34.738662 podb-esxi207 dnsmasq[3563596]: started, version 2.90 cachesize 150
Oct 18 09:06:34.738691 podb-esxi207 dnsmasq[3563596]: DNS service limited to local subnets
Oct 18 09:06:34.738708 podb-esxi207 dnsmasq[3563596]: compile time options: IPv6 GNU-getopt DBus no-UBus i18n IDN2 DHCP DHCPv6 no-Lua TFTP conntrack ipset no-nftset auth cryptohash DNSSEC loop-detect inotify dumpfile
Oct 18 09:06:34.738768 podb-esxi207 dnsmasq-dhcp[3563596]: DHCP, static leases only on 10.1.0.0, lease time 1d
Oct 18 09:06:34.738944 podb-esxi207 dnsmasq[3563596]: reading /etc/resolv.conf
Oct 18 09:06:34.738962 podb-esxi207 dnsmasq[3563596]: using nameserver 127.0.0.53#53
Oct 18 09:06:34.739044 podb-esxi207 dnsmasq[3563596]: read /opt/stack/data/neutron/dhcp/569c2c9f-02f4-413b-9045-c9e0ada089ed/addn_hosts - 0 names
Oct 18 09:06:34.739096 podb-esxi207 dnsmasq-dhcp[3563596]: read /opt/stack/data/neutron/dhcp/569c2c9f-02f4-413b-9045-c9e0ada089ed/host
Oct 18 09:06:34.739164 podb-esxi207 dnsmasq-dhcp[3563596]: read /opt/stack/data/neutron/dhcp/569c2c9f-02f4-413b-9045-c9e0ada089ed/opts
Oct 18 09:06:36.283911 podb-esxi207 dnsmasq[3563596]: read /opt/stack/data/neutron/dhcp/569c2c9f-02f4-413b-9045-c9e0ada089ed/addn_hosts - 0 names
Oct 18 09:06:36.283981 podb-esxi207 dnsmasq-dhcp[3563596]: read /opt/stack/data/neutron/dhcp/569c2c9f-02f4-413b-9045-c9e0ada089ed/host
Oct 18 09:06:36.284074 podb-esxi207 dnsmasq-dhcp[3563596]: read /opt/stack/data/neutron/dhcp/569c2c9f-02f4-413b-9045-c9e0ada089ed/opts
Oct 18 09:06:38.887242 podb-esxi207 dnsmasq[3563596]: read /opt/stack/data/neutron/dhcp/569c2c9f-02f4-413b-9045-c9e0ada089ed/addn_hosts - 2 names
Oct 18 09:06:38.887357 podb-esxi207 dnsmasq-dhcp[3563596]: read /opt/stack/data/neutron/dhcp/569c2c9f-02f4-413b-9045-c9e0ada089ed/host
Oct 18 09:06:38.887459 podb-esxi207 dnsmasq-dhcp[3563596]: read /opt/stack/data/neutron/dhcp/569c2c9f-02f4-413b-9045-c9e0ada089ed/opts
Oct 18 09:06:40.125132 podb-esxi207 dnsmasq[3563596]: read /opt/stack/data/neutron/dhcp/569c2c9f-02f4-413b-9045-c9e0ada089ed/addn_hosts - 2 names
Oct 18 09:06:40.125220 podb-esxi207 dnsmasq-dhcp[3563596]: read /opt/stack/data/neutron/dhcp/569c2c9f-02f4-413b-9045-c9e0ada089ed/host
Oct 18 09:06:40.125339 podb-esxi207 dnsmasq-dhcp[3563596]: read /opt/stack/data/neutron/dhcp/569c2c9f-02f4-413b-9045-c9e0ada089ed/opts
Oct 18 09:08:31.528599 podb-esxi207 dnsmasq[3576497]: started, version 2.90 cachesize 150
Oct 18 09:08:31.528627 podb-esxi207 dnsmasq[3576497]: DNS service limited to local subnets
Oct 18 09:08:31.528643 podb-esxi207 dnsmasq[3576497]: compile time options: IPv6 GNU-getopt DBus no-UBus i18n IDN2 DHCP DHCPv6 no-Lua TFTP conntrack ipset no-nftset auth cryptohash DNSSEC loop-detect inotify dumpfile
Oct 18 09:08:31.528678 podb-esxi207 dnsmasq-dhcp[3576497]: DHCP, static leases only on 192.168.233.0, lease time 1d
Oct 18 09:08:31.528835 podb-esxi207 dnsmasq[3576497]: reading /etc/resolv.conf
Oct 18 09:08:31.528853 podb-esxi207 dnsmasq[3576497]: using nameserver 127.0.0.53#53
Oct 18 09:08:31.528942 podb-esxi207 dnsmasq[3576497]: read /opt/stack/data/neutron/dhcp/a41b665b-d347-4e21-8394-c29a73aa79e5/addn_hosts - 0 names
Oct 18 09:08:31.528993 podb-esxi207 dnsmasq-dhcp[3576497]: read /opt/stack/data/neutron/dhcp/a41b665b-d347-4e21-8394-c29a73aa79e5/host
Oct 18 09:08:31.529064 podb-esxi207 dnsmasq-dhcp[3576497]: read /opt/stack/data/neutron/dhcp/a41b665b-d347-4e21-8394-c29a73aa79e5/opts
Oct 18 09:08:33.070830 podb-esxi207 dnsmasq[3576497]: read /opt/stack/data/neutron/dhcp/a41b665b-d347-4e21-8394-c29a73aa79e5/addn_hosts - 0 names
Oct 18 09:08:33.070892 podb-esxi207 dnsmasq-dhcp[3576497]: read /opt/stack/data/neutron/dhcp/a41b665b-d347-4e21-8394-c29a73aa79e5/host
Oct 18 09:08:33.070949 podb-esxi207 dnsmasq-dhcp[3576497]: read /opt/stack/data/neutron/dhcp/a41b665b-d347-4e21-8394-c29a73aa79e5/opts
Oct 18 09:15:10.953341 podb-esxi207 dnsmasq[3582396]: started, version 2.90 cachesize 150
Oct 18 09:15:10.953367 podb-esxi207 dnsmasq[3582396]: DNS service limited to local subnets
Oct 18 09:15:10.953382 podb-esxi207 dnsmasq[3582396]: compile time options: IPv6 GNU-getopt DBus no-UBus i18n IDN2 DHCP DHCPv6 no-Lua TFTP conntrack ipset no-nftset auth cryptohash DNSSEC loop-detect inotify dumpfile
Oct 18 09:15:10.953436 podb-esxi207 dnsmasq-dhcp[3582396]: DHCP, static leases only on 10.1.0.0, lease time 1d
Oct 18 09:15:10.953592 podb-esxi207 dnsmasq[3582396]: reading /etc/resolv.conf
Oct 18 09:15:10.953608 podb-esxi207 dnsmasq[3582396]: using nameserver 127.0.0.53#53
Oct 18 09:15:10.953696 podb-esxi207 dnsmasq[3582396]: read /opt/stack/data/neutron/dhcp/feee7f80-2f26-499d-908b-918590079b48/addn_hosts - 0 names
Oct 18 09:15:10.953749 podb-esxi207 dnsmasq-dhcp[3582396]: read /opt/stack/data/neutron/dhcp/feee7f80-2f26-499d-908b-918590079b48/host
Oct 18 09:15:10.953816 podb-esxi207 dnsmasq-dhcp[3582396]: read /opt/stack/data/neutron/dhcp/feee7f80-2f26-499d-908b-918590079b48/opts
Oct 18 09:15:14.907204 podb-esxi207 dnsmasq[3583083]: started, version 2.90 cachesize 150
Oct 18 09:15:14.907233 podb-esxi207 dnsmasq[3583083]: DNS service limited to local subnets
Oct 18 09:15:14.907249 podb-esxi207 dnsmasq[3583083]: compile time options: IPv6 GNU-getopt DBus no-UBus i18n IDN2 DHCP DHCPv6 no-Lua TFTP conntrack ipset no-nftset auth cryptohash DNSSEC loop-detect inotify dumpfile
Oct 18 09:15:14.907299 podb-esxi207 dnsmasq-dhcp[3583083]: DHCP, static leases only on 10.1.0.0, lease time 1d
Oct 18 09:15:14.907455 podb-esxi207 dnsmasq[3583083]: reading /etc/resolv.conf
Oct 18 09:15:14.907472 podb-esxi207 dnsmasq[3583083]: using nameserver 127.0.0.53#53
Oct 18 09:15:14.907589 podb-esxi207 dnsmasq[3583083]: read /opt/stack/data/neutron/dhcp/3c4b9f9c-807e-4f87-a2bc-be52c3268909/addn_hosts - 2 names
Oct 18 09:15:14.907762 podb-esxi207 dnsmasq-dhcp[3583083]: read /opt/stack/data/neutron/dhcp/3c4b9f9c-807e-4f87-a2bc-be52c3268909/host
Oct 18 09:15:14.907844 podb-esxi207 dnsmasq-dhcp[3583083]: read /opt/stack/data/neutron/dhcp/3c4b9f9c-807e-4f87-a2bc-be52c3268909/opts
Oct 18 09:15:18.208183 podb-esxi207 dnsmasq[3583513]: started, version 2.90 cachesize 150
Oct 18 09:15:18.208212 podb-esxi207 dnsmasq[3583513]: DNS service limited to local subnets
Oct 18 09:15:18.208228 podb-esxi207 dnsmasq[3583513]: compile time options: IPv6 GNU-getopt DBus no-UBus i18n IDN2 DHCP DHCPv6 no-Lua TFTP conntrack ipset no-nftset auth cryptohash DNSSEC loop-detect inotify dumpfile
Oct 18 09:15:18.208270 podb-esxi207 dnsmasq-dhcp[3583513]: DHCP, static leases only on 10.1.0.0, lease time 1d
Oct 18 09:15:18.208424 podb-esxi207 dnsmasq[3583513]: reading /etc/resolv.conf
Oct 18 09:15:18.208447 podb-esxi207 dnsmasq[3583513]: using nameserver 127.0.0.53#53
Oct 18 09:15:18.208564 podb-esxi207 dnsmasq[3583513]: read /opt/stack/data/neutron/dhcp/cc4e4d1a-595f-49d2-b7c1-e47720a45eb0/addn_hosts - 2 names
Oct 18 09:15:18.208620 podb-esxi207 dnsmasq-dhcp[3583513]: read /opt/stack/data/neutron/dhcp/cc4e4d1a-595f-49d2-b7c1-e47720a45eb0/host
Oct 18 09:15:18.208686 podb-esxi207 dnsmasq-dhcp[3583513]: read /opt/stack/data/neutron/dhcp/cc4e4d1a-595f-49d2-b7c1-e47720a45eb0/opts
Oct 18 09:15:21.534543 podb-esxi207 dnsmasq[3584179]: started, version 2.90 cachesize 150
Oct 18 09:15:21.534571 podb-esxi207 dnsmasq[3584179]: DNS service limited to local subnets
Oct 18 09:15:21.534586 podb-esxi207 dnsmasq[3584179]: compile time options: IPv6 GNU-getopt DBus no-UBus i18n IDN2 DHCP DHCPv6 no-Lua TFTP conntrack ipset no-nftset auth cryptohash DNSSEC loop-detect inotify dumpfile
Oct 18 09:15:21.534637 podb-esxi207 dnsmasq-dhcp[3584179]: DHCP, static leases only on 10.1.0.0, lease time 1d
Oct 18 09:15:21.534835 podb-esxi207 dnsmasq[3584179]: reading /etc/resolv.conf
Oct 18 09:15:21.534852 podb-esxi207 dnsmasq[3584179]: using nameserver 127.0.0.53#53
Oct 18 09:15:21.534986 podb-esxi207 dnsmasq[3584179]: read /opt/stack/data/neutron/dhcp/781c269d-2f32-4bf9-9123-e5f8ab8ecc91/addn_hosts - 2 names
Oct 18 09:15:21.535054 podb-esxi207 dnsmasq-dhcp[3584179]: read /opt/stack/data/neutron/dhcp/781c269d-2f32-4bf9-9123-e5f8ab8ecc91/host
Oct 18 09:15:21.535122 podb-esxi207 dnsmasq-dhcp[3584179]: read /opt/stack/data/neutron/dhcp/781c269d-2f32-4bf9-9123-e5f8ab8ecc91/opts
Oct 18 09:15:22.579382 podb-esxi207 dnsmasq[3582396]: read /opt/stack/data/neutron/dhcp/feee7f80-2f26-499d-908b-918590079b48/addn_hosts - 2 names
Oct 18 09:15:22.579546 podb-esxi207 dnsmasq-dhcp[3582396]: read /opt/stack/data/neutron/dhcp/feee7f80-2f26-499d-908b-918590079b48/host
Oct 18 09:15:22.579684 podb-esxi207 dnsmasq-dhcp[3582396]: read /opt/stack/data/neutron/dhcp/feee7f80-2f26-499d-908b-918590079b48/opts
Oct 18 09:15:25.486576 podb-esxi207 dnsmasq[3584966]: started, version 2.90 cachesize 150
Oct 18 09:15:25.486602 podb-esxi207 dnsmasq[3584966]: DNS service limited to local subnets
Oct 18 09:15:25.486616 podb-esxi207 dnsmasq[3584966]: compile time options: IPv6 GNU-getopt DBus no-UBus i18n IDN2 DHCP DHCPv6 no-Lua TFTP conntrack ipset no-nftset auth cryptohash DNSSEC loop-detect inotify dumpfile
Oct 18 09:15:25.486648 podb-esxi207 dnsmasq-dhcp[3584966]: DHCP, static leases only on 10.1.0.0, lease time 1d
Oct 18 09:15:25.486855 podb-esxi207 dnsmasq[3584966]: reading /etc/resolv.conf
Oct 18 09:15:25.486870 podb-esxi207 dnsmasq[3584966]: using nameserver 127.0.0.53#53
Oct 18 09:15:25.486979 podb-esxi207 dnsmasq[3584966]: read /opt/stack/data/neutron/dhcp/1eb0bc41-76a4-4617-b692-9ce8d25aefca/addn_hosts - 2 names
Oct 18 09:15:25.487031 podb-esxi207 dnsmasq-dhcp[3584966]: read /opt/stack/data/neutron/dhcp/1eb0bc41-76a4-4617-b692-9ce8d25aefca/host
Oct 18 09:15:25.487089 podb-esxi207 dnsmasq-dhcp[3584966]: read /opt/stack/data/neutron/dhcp/1eb0bc41-76a4-4617-b692-9ce8d25aefca/opts
Oct 18 09:15:29.611736 podb-esxi207 dnsmasq[3585140]: started, version 2.90 cachesize 150
Oct 18 09:15:29.611775 podb-esxi207 dnsmasq[3585140]: DNS service limited to local subnets
Oct 18 09:15:29.611792 podb-esxi207 dnsmasq[3585140]: compile time options: IPv6 GNU-getopt DBus no-UBus i18n IDN2 DHCP DHCPv6 no-Lua TFTP conntrack ipset no-nftset auth cryptohash DNSSEC loop-detect inotify dumpfile
Oct 18 09:15:29.611833 podb-esxi207 dnsmasq-dhcp[3585140]: DHCP, static leases only on 10.1.0.0, lease time 1d
Oct 18 09:15:29.611988 podb-esxi207 dnsmasq[3585140]: reading /etc/resolv.conf
Oct 18 09:15:29.612005 podb-esxi207 dnsmasq[3585140]: using nameserver 127.0.0.53#53
Oct 18 09:15:29.612209 podb-esxi207 dnsmasq[3585140]: read /opt/stack/data/neutron/dhcp/fbbb1769-e5ea-473d-a072-0d0b16b29e5c/addn_hosts - 2 names
Oct 18 09:15:29.612278 podb-esxi207 dnsmasq-dhcp[3585140]: read /opt/stack/data/neutron/dhcp/fbbb1769-e5ea-473d-a072-0d0b16b29e5c/host
Oct 18 09:15:29.612346 podb-esxi207 dnsmasq-dhcp[3585140]: read /opt/stack/data/neutron/dhcp/fbbb1769-e5ea-473d-a072-0d0b16b29e5c/opts
Oct 18 09:15:32.239004 podb-esxi207 dnsmasq[3585257]: started, version 2.90 cachesize 150
Oct 18 09:15:32.239035 podb-esxi207 dnsmasq[3585257]: DNS service limited to local subnets
Oct 18 09:15:32.239053 podb-esxi207 dnsmasq[3585257]: compile time options: IPv6 GNU-getopt DBus no-UBus i18n IDN2 DHCP DHCPv6 no-Lua TFTP conntrack ipset no-nftset auth cryptohash DNSSEC loop-detect inotify dumpfile
Oct 18 09:15:32.239093 podb-esxi207 dnsmasq-dhcp[3585257]: DHCP, static leases only on 10.1.0.0, lease time 1d
Oct 18 09:15:32.239261 podb-esxi207 dnsmasq[3585257]: reading /etc/resolv.conf
Oct 18 09:15:32.239281 podb-esxi207 dnsmasq[3585257]: using nameserver 127.0.0.53#53
Oct 18 09:15:32.239402 podb-esxi207 dnsmasq[3585257]: read /opt/stack/data/neutron/dhcp/84a39a56-ff05-43fd-a4ca-a4986b635993/addn_hosts - 2 names
Oct 18 09:15:32.239457 podb-esxi207 dnsmasq-dhcp[3585257]: read /opt/stack/data/neutron/dhcp/84a39a56-ff05-43fd-a4ca-a4986b635993/host
Oct 18 09:15:32.239524 podb-esxi207 dnsmasq-dhcp[3585257]: read /opt/stack/data/neutron/dhcp/84a39a56-ff05-43fd-a4ca-a4986b635993/opts
Oct 18 09:15:33.278777 podb-esxi207 dnsmasq[3583083]: read /opt/stack/data/neutron/dhcp/3c4b9f9c-807e-4f87-a2bc-be52c3268909/addn_hosts - 4 names
Oct 18 09:15:33.278878 podb-esxi207 dnsmasq-dhcp[3583083]: read /opt/stack/data/neutron/dhcp/3c4b9f9c-807e-4f87-a2bc-be52c3268909/host
Oct 18 09:15:33.278950 podb-esxi207 dnsmasq-dhcp[3583083]: read /opt/stack/data/neutron/dhcp/3c4b9f9c-807e-4f87-a2bc-be52c3268909/opts
Oct 18 09:15:34.520627 podb-esxi207 dnsmasq[3583513]: read /opt/stack/data/neutron/dhcp/cc4e4d1a-595f-49d2-b7c1-e47720a45eb0/addn_hosts - 2 names
Oct 18 09:15:34.520761 podb-esxi207 dnsmasq-dhcp[3583513]: read /opt/stack/data/neutron/dhcp/cc4e4d1a-595f-49d2-b7c1-e47720a45eb0/host
Oct 18 09:15:34.520868 podb-esxi207 dnsmasq-dhcp[3583513]: read /opt/stack/data/neutron/dhcp/cc4e4d1a-595f-49d2-b7c1-e47720a45eb0/opts
Oct 18 09:15:35.765209 podb-esxi207 dnsmasq[3584179]: read /opt/stack/data/neutron/dhcp/781c269d-2f32-4bf9-9123-e5f8ab8ecc91/addn_hosts - 4 names
Oct 18 09:15:35.765329 podb-esxi207 dnsmasq-dhcp[3584179]: read /opt/stack/data/neutron/dhcp/781c269d-2f32-4bf9-9123-e5f8ab8ecc91/host
Oct 18 09:15:35.765449 podb-esxi207 dnsmasq-dhcp[3584179]: read /opt/stack/data/neutron/dhcp/781c269d-2f32-4bf9-9123-e5f8ab8ecc91/opts
Oct 18 09:15:36.507760 podb-esxi207 dnsmasq[3582396]: read /opt/stack/data/neutron/dhcp/feee7f80-2f26-499d-908b-918590079b48/addn_hosts - 2 names
Oct 18 09:15:36.507840 podb-esxi207 dnsmasq-dhcp[3582396]: read /opt/stack/data/neutron/dhcp/feee7f80-2f26-499d-908b-918590079b48/host
Oct 18 09:15:36.507950 podb-esxi207 dnsmasq-dhcp[3582396]: read /opt/stack/data/neutron/dhcp/feee7f80-2f26-499d-908b-918590079b48/opts
Oct 18 09:15:37.746693 podb-esxi207 dnsmasq[3584966]: read /opt/stack/data/neutron/dhcp/1eb0bc41-76a4-4617-b692-9ce8d25aefca/addn_hosts - 2 names
Oct 18 09:15:37.746806 podb-esxi207 dnsmasq-dhcp[3584966]: read /opt/stack/data/neutron/dhcp/1eb0bc41-76a4-4617-b692-9ce8d25aefca/host
Oct 18 09:15:37.746887 podb-esxi207 dnsmasq-dhcp[3584966]: read /opt/stack/data/neutron/dhcp/1eb0bc41-76a4-4617-b692-9ce8d25aefca/opts
Oct 18 09:15:40.000625 podb-esxi207 dnsmasq[3585140]: read /opt/stack/data/neutron/dhcp/fbbb1769-e5ea-473d-a072-0d0b16b29e5c/addn_hosts - 2 names
Oct 18 09:15:40.000737 podb-esxi207 dnsmasq-dhcp[3585140]: read /opt/stack/data/neutron/dhcp/fbbb1769-e5ea-473d-a072-0d0b16b29e5c/host
Oct 18 09:15:40.000842 podb-esxi207 dnsmasq-dhcp[3585140]: read /opt/stack/data/neutron/dhcp/fbbb1769-e5ea-473d-a072-0d0b16b29e5c/opts
Oct 18 09:15:42.847012 podb-esxi207 dnsmasq[3585648]: started, version 2.90 cachesize 150
Oct 18 09:15:42.847037 podb-esxi207 dnsmasq[3585648]: DNS service limited to local subnets
Oct 18 09:15:42.847052 podb-esxi207 dnsmasq[3585648]: compile time options: IPv6 GNU-getopt DBus no-UBus i18n IDN2 DHCP DHCPv6 no-Lua TFTP conntrack ipset no-nftset auth cryptohash DNSSEC loop-detect inotify dumpfile
Oct 18 09:15:42.847089 podb-esxi207 dnsmasq-dhcp[3585648]: DHCP, static leases only on 10.1.0.0, lease time 1d
Oct 18 09:15:42.847249 podb-esxi207 dnsmasq[3585648]: reading /etc/resolv.conf
Oct 18 09:15:42.847270 podb-esxi207 dnsmasq[3585648]: using nameserver 127.0.0.53#53
Oct 18 09:15:42.847388 podb-esxi207 dnsmasq[3585648]: read /opt/stack/data/neutron/dhcp/7c21a663-e923-423c-8451-db6e1a512a42/addn_hosts - 2 names
Oct 18 09:15:42.847445 podb-esxi207 dnsmasq-dhcp[3585648]: read /opt/stack/data/neutron/dhcp/7c21a663-e923-423c-8451-db6e1a512a42/host
Oct 18 09:15:42.847514 podb-esxi207 dnsmasq-dhcp[3585648]: read /opt/stack/data/neutron/dhcp/7c21a663-e923-423c-8451-db6e1a512a42/opts
Oct 18 09:15:45.519605 podb-esxi207 dnsmasq[3585788]: started, version 2.90 cachesize 150
Oct 18 09:15:45.519633 podb-esxi207 dnsmasq[3585788]: DNS service limited to local subnets
Oct 18 09:15:45.519649 podb-esxi207 dnsmasq[3585788]: compile time options: IPv6 GNU-getopt DBus no-UBus i18n IDN2 DHCP DHCPv6 no-Lua TFTP conntrack ipset no-nftset auth cryptohash DNSSEC loop-detect inotify dumpfile
Oct 18 09:15:45.519685 podb-esxi207 dnsmasq-dhcp[3585788]: DHCP, static leases only on 10.1.0.0, lease time 1d
Oct 18 09:15:45.519836 podb-esxi207 dnsmasq[3585788]: reading /etc/resolv.conf
Oct 18 09:15:45.519853 podb-esxi207 dnsmasq[3585788]: using nameserver 127.0.0.53#53
Oct 18 09:15:45.519969 podb-esxi207 dnsmasq[3585788]: read /opt/stack/data/neutron/dhcp/ccc79a3b-9365-478e-b904-60989eb08e25/addn_hosts - 2 names
Oct 18 09:15:45.520034 podb-esxi207 dnsmasq-dhcp[3585788]: read /opt/stack/data/neutron/dhcp/ccc79a3b-9365-478e-b904-60989eb08e25/host
Oct 18 09:15:45.520102 podb-esxi207 dnsmasq-dhcp[3585788]: read /opt/stack/data/neutron/dhcp/ccc79a3b-9365-478e-b904-60989eb08e25/opts
Oct 18 09:15:46.054911 podb-esxi207 dnsmasq[3583083]: read /opt/stack/data/neutron/dhcp/3c4b9f9c-807e-4f87-a2bc-be52c3268909/addn_hosts - 4 names
Oct 18 09:15:46.055026 podb-esxi207 dnsmasq-dhcp[3583083]: read /opt/stack/data/neutron/dhcp/3c4b9f9c-807e-4f87-a2bc-be52c3268909/host
Oct 18 09:15:46.055156 podb-esxi207 dnsmasq-dhcp[3583083]: read /opt/stack/data/neutron/dhcp/3c4b9f9c-807e-4f87-a2bc-be52c3268909/opts
Oct 18 09:15:46.787390 podb-esxi207 dnsmasq[3583513]: read /opt/stack/data/neutron/dhcp/cc4e4d1a-595f-49d2-b7c1-e47720a45eb0/addn_hosts - 2 names
Oct 18 09:15:46.787505 podb-esxi207 dnsmasq-dhcp[3583513]: read /opt/stack/data/neutron/dhcp/cc4e4d1a-595f-49d2-b7c1-e47720a45eb0/host
Oct 18 09:15:46.787613 podb-esxi207 dnsmasq-dhcp[3583513]: read /opt/stack/data/neutron/dhcp/cc4e4d1a-595f-49d2-b7c1-e47720a45eb0/opts
Oct 18 09:15:47.503413 podb-esxi207 dnsmasq[3584179]: read /opt/stack/data/neutron/dhcp/781c269d-2f32-4bf9-9123-e5f8ab8ecc91/addn_hosts - 4 names
Oct 18 09:15:47.503512 podb-esxi207 dnsmasq-dhcp[3584179]: read /opt/stack/data/neutron/dhcp/781c269d-2f32-4bf9-9123-e5f8ab8ecc91/host
Oct 18 09:15:47.503604 podb-esxi207 dnsmasq-dhcp[3584179]: read /opt/stack/data/neutron/dhcp/781c269d-2f32-4bf9-9123-e5f8ab8ecc91/opts
Oct 18 09:15:48.222918 podb-esxi207 dnsmasq[3582396]: read /opt/stack/data/neutron/dhcp/feee7f80-2f26-499d-908b-918590079b48/addn_hosts - 2 names
Oct 18 09:15:48.222991 podb-esxi207 dnsmasq-dhcp[3582396]: read /opt/stack/data/neutron/dhcp/feee7f80-2f26-499d-908b-918590079b48/host
Oct 18 09:15:48.223062 podb-esxi207 dnsmasq-dhcp[3582396]: read /opt/stack/data/neutron/dhcp/feee7f80-2f26-499d-908b-918590079b48/opts
Oct 18 09:15:50.885000 podb-esxi207 dnsmasq[3585937]: started, version 2.90 cachesize 150
Oct 18 09:15:50.885025 podb-esxi207 dnsmasq[3585937]: DNS service limited to local subnets
Oct 18 09:15:50.885039 podb-esxi207 dnsmasq[3585937]: compile time options: IPv6 GNU-getopt DBus no-UBus i18n IDN2 DHCP DHCPv6 no-Lua TFTP conntrack ipset no-nftset auth cryptohash DNSSEC loop-detect inotify dumpfile
Oct 18 09:15:50.885079 podb-esxi207 dnsmasq-dhcp[3585937]: DHCP, static leases only on 10.10.10.0, lease time 1d
Oct 18 09:15:50.885226 podb-esxi207 dnsmasq[3585937]: reading /etc/resolv.conf
Oct 18 09:15:50.885243 podb-esxi207 dnsmasq[3585937]: using nameserver 127.0.0.53#53
Oct 18 09:15:50.885322 podb-esxi207 dnsmasq[3585937]: read /opt/stack/data/neutron/dhcp/1dbf53bb-4553-4798-a90e-44c5beb72970/addn_hosts - 0 names
Oct 18 09:15:50.885369 podb-esxi207 dnsmasq-dhcp[3585937]: read /opt/stack/data/neutron/dhcp/1dbf53bb-4553-4798-a90e-44c5beb72970/host
Oct 18 09:15:50.885424 podb-esxi207 dnsmasq-dhcp[3585937]: read /opt/stack/data/neutron/dhcp/1dbf53bb-4553-4798-a90e-44c5beb72970/opts
Oct 18 09:15:54.453143 podb-esxi207 dnsmasq[3586054]: started, version 2.90 cachesize 150
Oct 18 09:15:54.453169 podb-esxi207 dnsmasq[3586054]: DNS service limited to local subnets
Oct 18 09:15:54.453184 podb-esxi207 dnsmasq[3586054]: compile time options: IPv6 GNU-getopt DBus no-UBus i18n IDN2 DHCP DHCPv6 no-Lua TFTP conntrack ipset no-nftset auth cryptohash DNSSEC loop-detect inotify dumpfile
Oct 18 09:15:54.453217 podb-esxi207 dnsmasq-dhcp[3586054]: DHCP, static leases only on 10.1.0.0, lease time 1d
Oct 18 09:15:54.453361 podb-esxi207 dnsmasq[3586054]: reading /etc/resolv.conf
Oct 18 09:15:54.453380 podb-esxi207 dnsmasq[3586054]: using nameserver 127.0.0.53#53
Oct 18 09:15:54.453487 podb-esxi207 dnsmasq[3586054]: read /opt/stack/data/neutron/dhcp/fa3c1446-2559-4e64-98d4-ec22495fff60/addn_hosts - 2 names
Oct 18 09:15:54.453541 podb-esxi207 dnsmasq-dhcp[3586054]: read /opt/stack/data/neutron/dhcp/fa3c1446-2559-4e64-98d4-ec22495fff60/host
Oct 18 09:15:54.453605 podb-esxi207 dnsmasq-dhcp[3586054]: read /opt/stack/data/neutron/dhcp/fa3c1446-2559-4e64-98d4-ec22495fff60/opts
Oct 18 09:15:55.487892 podb-esxi207 dnsmasq[3585257]: read /opt/stack/data/neutron/dhcp/84a39a56-ff05-43fd-a4ca-a4986b635993/addn_hosts - 2 names
Oct 18 09:15:55.487979 podb-esxi207 dnsmasq-dhcp[3585257]: read /opt/stack/data/neutron/dhcp/84a39a56-ff05-43fd-a4ca-a4986b635993/host
Oct 18 09:15:55.488080 podb-esxi207 dnsmasq-dhcp[3585257]: read /opt/stack/data/neutron/dhcp/84a39a56-ff05-43fd-a4ca-a4986b635993/opts
Oct 18 09:15:56.706310 podb-esxi207 dnsmasq[3585648]: read /opt/stack/data/neutron/dhcp/7c21a663-e923-423c-8451-db6e1a512a42/addn_hosts - 2 names
Oct 18 09:15:56.706385 podb-esxi207 dnsmasq-dhcp[3585648]: read /opt/stack/data/neutron/dhcp/7c21a663-e923-423c-8451-db6e1a512a42/host
Oct 18 09:15:56.706490 podb-esxi207 dnsmasq-dhcp[3585648]: read /opt/stack/data/neutron/dhcp/7c21a663-e923-423c-8451-db6e1a512a42/opts
Oct 18 09:15:57.921191 podb-esxi207 dnsmasq[3585788]: read /opt/stack/data/neutron/dhcp/ccc79a3b-9365-478e-b904-60989eb08e25/addn_hosts - 2 names
Oct 18 09:15:57.921291 podb-esxi207 dnsmasq-dhcp[3585788]: read /opt/stack/data/neutron/dhcp/ccc79a3b-9365-478e-b904-60989eb08e25/host
Oct 18 09:15:57.921404 podb-esxi207 dnsmasq-dhcp[3585788]: read /opt/stack/data/neutron/dhcp/ccc79a3b-9365-478e-b904-60989eb08e25/opts
Oct 18 09:15:58.633522 podb-esxi207 dnsmasq[3584966]: read /opt/stack/data/neutron/dhcp/1eb0bc41-76a4-4617-b692-9ce8d25aefca/addn_hosts - 2 names
Oct 18 09:15:58.633616 podb-esxi207 dnsmasq-dhcp[3584966]: read /opt/stack/data/neutron/dhcp/1eb0bc41-76a4-4617-b692-9ce8d25aefca/host
Oct 18 09:15:58.633718 podb-esxi207 dnsmasq-dhcp[3584966]: read /opt/stack/data/neutron/dhcp/1eb0bc41-76a4-4617-b692-9ce8d25aefca/opts
Oct 18 09:15:58.881352 podb-esxi207 dnsmasq-dhcp[3583083]: DHCPDISCOVER(tap14fed627-d2) fa:16:3e:f8:f1:92
Oct 18 09:15:58.881378 podb-esxi207 dnsmasq-dhcp[3583083]: DHCPOFFER(tap14fed627-d2) 10.1.0.11 fa:16:3e:f8:f1:92
Oct 18 09:15:58.893205 podb-esxi207 dnsmasq-dhcp[3583083]: DHCPREQUEST(tap14fed627-d2) 10.1.0.11 fa:16:3e:f8:f1:92
Oct 18 09:15:58.893236 podb-esxi207 dnsmasq-dhcp[3583083]: DHCPACK(tap14fed627-d2) 10.1.0.11 fa:16:3e:f8:f1:92 host-10-1-0-11
Oct 18 09:15:59.067871 podb-esxi207 dnsmasq-dhcp[3584179]: DHCPDISCOVER(tap10eb4575-36) fa:16:3e:92:a1:c7
Oct 18 09:15:59.067899 podb-esxi207 dnsmasq-dhcp[3584179]: DHCPOFFER(tap10eb4575-36) 10.1.0.8 fa:16:3e:92:a1:c7
Oct 18 09:15:59.079599 podb-esxi207 dnsmasq-dhcp[3584179]: DHCPREQUEST(tap10eb4575-36) 10.1.0.8 fa:16:3e:92:a1:c7
Oct 18 09:15:59.079627 podb-esxi207 dnsmasq-dhcp[3584179]: DHCPACK(tap10eb4575-36) 10.1.0.8 fa:16:3e:92:a1:c7 host-10-1-0-8
Oct 18 09:15:59.348919 podb-esxi207 dnsmasq[3583083]: read /opt/stack/data/neutron/dhcp/3c4b9f9c-807e-4f87-a2bc-be52c3268909/addn_hosts - 4 names
Oct 18 09:15:59.348967 podb-esxi207 dnsmasq-dhcp[3583083]: read /opt/stack/data/neutron/dhcp/3c4b9f9c-807e-4f87-a2bc-be52c3268909/host
Oct 18 09:15:59.349004 podb-esxi207 dnsmasq-dhcp[3583083]: read /opt/stack/data/neutron/dhcp/3c4b9f9c-807e-4f87-a2bc-be52c3268909/opts
Oct 18 09:16:00.060158 podb-esxi207 dnsmasq[3583513]: read /opt/stack/data/neutron/dhcp/cc4e4d1a-595f-49d2-b7c1-e47720a45eb0/addn_hosts - 2 names
Oct 18 09:16:00.060235 podb-esxi207 dnsmasq-dhcp[3583513]: read /opt/stack/data/neutron/dhcp/cc4e4d1a-595f-49d2-b7c1-e47720a45eb0/host
Oct 18 09:16:00.060345 podb-esxi207 dnsmasq-dhcp[3583513]: read /opt/stack/data/neutron/dhcp/cc4e4d1a-595f-49d2-b7c1-e47720a45eb0/opts
Oct 18 09:16:00.379052 podb-esxi207 dnsmasq-dhcp[3583513]: DHCPDISCOVER(tap47aec1a4-ff) fa:16:3e:75:ae:18 no address available
Oct 18 09:16:00.851856 podb-esxi207 dnsmasq[3584179]: read /opt/stack/data/neutron/dhcp/781c269d-2f32-4bf9-9123-e5f8ab8ecc91/addn_hosts - 4 names
Oct 18 09:16:00.851944 podb-esxi207 dnsmasq-dhcp[3584179]: read /opt/stack/data/neutron/dhcp/781c269d-2f32-4bf9-9123-e5f8ab8ecc91/host
Oct 18 09:16:00.852050 podb-esxi207 dnsmasq-dhcp[3584179]: read /opt/stack/data/neutron/dhcp/781c269d-2f32-4bf9-9123-e5f8ab8ecc91/opts
Oct 18 09:16:01.563740 podb-esxi207 dnsmasq[3585140]: read /opt/stack/data/neutron/dhcp/fbbb1769-e5ea-473d-a072-0d0b16b29e5c/addn_hosts - 2 names
Oct 18 09:16:01.563845 podb-esxi207 dnsmasq-dhcp[3585140]: read /opt/stack/data/neutron/dhcp/fbbb1769-e5ea-473d-a072-0d0b16b29e5c/host
Oct 18 09:16:01.563953 podb-esxi207 dnsmasq-dhcp[3585140]: read /opt/stack/data/neutron/dhcp/fbbb1769-e5ea-473d-a072-0d0b16b29e5c/opts
Oct 18 09:16:01.811726 podb-esxi207 dnsmasq-dhcp[3582396]: DHCPDISCOVER(tap3c43846e-2e) fa:16:3e:bb:3b:5d no address available
Oct 18 09:16:02.777414 podb-esxi207 dnsmasq[3585937]: read /opt/stack/data/neutron/dhcp/1dbf53bb-4553-4798-a90e-44c5beb72970/addn_hosts - 0 names
Oct 18 09:16:02.777474 podb-esxi207 dnsmasq-dhcp[3585937]: read /opt/stack/data/neutron/dhcp/1dbf53bb-4553-4798-a90e-44c5beb72970/host
Oct 18 09:16:02.777522 podb-esxi207 dnsmasq-dhcp[3585937]: read /opt/stack/data/neutron/dhcp/1dbf53bb-4553-4798-a90e-44c5beb72970/opts
Oct 18 09:16:04.108416 podb-esxi207 dnsmasq-dhcp[3583513]: DHCPDISCOVER(tap47aec1a4-ff) fa:16:3e:75:ae:18 no address available
Oct 18 09:16:04.156739 podb-esxi207 dnsmasq-dhcp[3582396]: DHCPDISCOVER(tap3c43846e-2e) fa:16:3e:05:88:11 no address available
Oct 18 09:16:05.005940 podb-esxi207 dnsmasq[3586054]: read /opt/stack/data/neutron/dhcp/fa3c1446-2559-4e64-98d4-ec22495fff60/addn_hosts - 2 names
Oct 18 09:16:05.006037 podb-esxi207 dnsmasq-dhcp[3586054]: read /opt/stack/data/neutron/dhcp/fa3c1446-2559-4e64-98d4-ec22495fff60/host
Oct 18 09:16:05.006130 podb-esxi207 dnsmasq-dhcp[3586054]: read /opt/stack/data/neutron/dhcp/fa3c1446-2559-4e64-98d4-ec22495fff60/opts
Oct 18 09:16:05.719098 podb-esxi207 dnsmasq[3585257]: read /opt/stack/data/neutron/dhcp/84a39a56-ff05-43fd-a4ca-a4986b635993/addn_hosts - 2 names
Oct 18 09:16:05.719208 podb-esxi207 dnsmasq-dhcp[3585257]: read /opt/stack/data/neutron/dhcp/84a39a56-ff05-43fd-a4ca-a4986b635993/host
Oct 18 09:16:05.719314 podb-esxi207 dnsmasq-dhcp[3585257]: read /opt/stack/data/neutron/dhcp/84a39a56-ff05-43fd-a4ca-a4986b635993/opts
Oct 18 09:16:06.440252 podb-esxi207 dnsmasq[3582396]: read /opt/stack/data/neutron/dhcp/feee7f80-2f26-499d-908b-918590079b48/addn_hosts - 4 names
Oct 18 09:16:06.440374 podb-esxi207 dnsmasq-dhcp[3582396]: read /opt/stack/data/neutron/dhcp/feee7f80-2f26-499d-908b-918590079b48/host
Oct 18 09:16:06.440484 podb-esxi207 dnsmasq-dhcp[3582396]: read /opt/stack/data/neutron/dhcp/feee7f80-2f26-499d-908b-918590079b48/opts
Oct 18 09:16:06.668286 podb-esxi207 dnsmasq-dhcp[3582396]: DHCPDISCOVER(tap3c43846e-2e) fa:16:3e:bb:3b:5d
Oct 18 09:16:06.668312 podb-esxi207 dnsmasq-dhcp[3582396]: DHCPOFFER(tap3c43846e-2e) 10.1.0.8 fa:16:3e:bb:3b:5d
Oct 18 09:16:06.687561 podb-esxi207 dnsmasq-dhcp[3582396]: DHCPREQUEST(tap3c43846e-2e) 10.1.0.8 fa:16:3e:bb:3b:5d
Oct 18 09:16:06.687594 podb-esxi207 dnsmasq-dhcp[3582396]: DHCPACK(tap3c43846e-2e) 10.1.0.8 fa:16:3e:bb:3b:5d host-10-1-0-8
Oct 18 09:16:07.161777 podb-esxi207 dnsmasq[3585648]: read /opt/stack/data/neutron/dhcp/7c21a663-e923-423c-8451-db6e1a512a42/addn_hosts - 2 names
Oct 18 09:16:07.161849 podb-esxi207 dnsmasq-dhcp[3585648]: read /opt/stack/data/neutron/dhcp/7c21a663-e923-423c-8451-db6e1a512a42/host
Oct 18 09:16:07.161921 podb-esxi207 dnsmasq-dhcp[3585648]: read /opt/stack/data/neutron/dhcp/7c21a663-e923-423c-8451-db6e1a512a42/opts
Oct 18 09:16:07.685734 podb-esxi207 dnsmasq-dhcp[3582396]: DHCPDISCOVER(tap3c43846e-2e) fa:16:3e:05:88:11 no address available
Oct 18 09:16:07.873914 podb-esxi207 dnsmasq[3585788]: read /opt/stack/data/neutron/dhcp/ccc79a3b-9365-478e-b904-60989eb08e25/addn_hosts - 2 names
Oct 18 09:16:07.873997 podb-esxi207 dnsmasq-dhcp[3585788]: read /opt/stack/data/neutron/dhcp/ccc79a3b-9365-478e-b904-60989eb08e25/host
Oct 18 09:16:07.874110 podb-esxi207 dnsmasq-dhcp[3585788]: read /opt/stack/data/neutron/dhcp/ccc79a3b-9365-478e-b904-60989eb08e25/opts
Oct 18 09:16:08.605500 podb-esxi207 dnsmasq[3584966]: read /opt/stack/data/neutron/dhcp/1eb0bc41-76a4-4617-b692-9ce8d25aefca/addn_hosts - 2 names
Oct 18 09:16:08.605601 podb-esxi207 dnsmasq-dhcp[3584966]: read /opt/stack/data/neutron/dhcp/1eb0bc41-76a4-4617-b692-9ce8d25aefca/host
Oct 18 09:16:08.605707 podb-esxi207 dnsmasq-dhcp[3584966]: read /opt/stack/data/neutron/dhcp/1eb0bc41-76a4-4617-b692-9ce8d25aefca/opts
Oct 18 09:16:09.330133 podb-esxi207 dnsmasq[3583083]: read /opt/stack/data/neutron/dhcp/3c4b9f9c-807e-4f87-a2bc-be52c3268909/addn_hosts - 4 names
Oct 18 09:16:09.330263 podb-esxi207 dnsmasq-dhcp[3583083]: read /opt/stack/data/neutron/dhcp/3c4b9f9c-807e-4f87-a2bc-be52c3268909/host
Oct 18 09:16:09.330369 podb-esxi207 dnsmasq-dhcp[3583083]: read /opt/stack/data/neutron/dhcp/3c4b9f9c-807e-4f87-a2bc-be52c3268909/opts
Oct 18 09:16:10.054026 podb-esxi207 dnsmasq[3583513]: read /opt/stack/data/neutron/dhcp/cc4e4d1a-595f-49d2-b7c1-e47720a45eb0/addn_hosts - 4 names
Oct 18 09:16:10.054156 podb-esxi207 dnsmasq-dhcp[3583513]: read /opt/stack/data/neutron/dhcp/cc4e4d1a-595f-49d2-b7c1-e47720a45eb0/host
Oct 18 09:16:10.054266 podb-esxi207 dnsmasq-dhcp[3583513]: read /opt/stack/data/neutron/dhcp/cc4e4d1a-595f-49d2-b7c1-e47720a45eb0/opts
Oct 18 09:16:10.792123 podb-esxi207 dnsmasq[3584179]: read /opt/stack/data/neutron/dhcp/781c269d-2f32-4bf9-9123-e5f8ab8ecc91/addn_hosts - 4 names
Oct 18 09:16:10.792234 podb-esxi207 dnsmasq-dhcp[3584179]: read /opt/stack/data/neutron/dhcp/781c269d-2f32-4bf9-9123-e5f8ab8ecc91/host
Oct 18 09:16:10.792337 podb-esxi207 dnsmasq-dhcp[3584179]: read /opt/stack/data/neutron/dhcp/781c269d-2f32-4bf9-9123-e5f8ab8ecc91/opts
Oct 18 09:16:11.478117 podb-esxi207 dnsmasq-dhcp[3583513]: DHCPDISCOVER(tap47aec1a4-ff) fa:16:3e:75:ae:18
Oct 18 09:16:11.478142 podb-esxi207 dnsmasq-dhcp[3583513]: DHCPOFFER(tap47aec1a4-ff) 10.1.0.4 fa:16:3e:75:ae:18
Oct 18 09:16:11.503348 podb-esxi207 dnsmasq[3585140]: read /opt/stack/data/neutron/dhcp/fbbb1769-e5ea-473d-a072-0d0b16b29e5c/addn_hosts - 2 names
Oct 18 09:16:11.503426 podb-esxi207 dnsmasq-dhcp[3585140]: read /opt/stack/data/neutron/dhcp/fbbb1769-e5ea-473d-a072-0d0b16b29e5c/host
Oct 18 09:16:11.503516 podb-esxi207 dnsmasq-dhcp[3585140]: read /opt/stack/data/neutron/dhcp/fbbb1769-e5ea-473d-a072-0d0b16b29e5c/opts
Oct 18 09:16:11.509774 podb-esxi207 dnsmasq-dhcp[3583513]: DHCPREQUEST(tap47aec1a4-ff) 10.1.0.4 fa:16:3e:75:ae:18
Oct 18 09:16:11.509807 podb-esxi207 dnsmasq-dhcp[3583513]: DHCPACK(tap47aec1a4-ff) 10.1.0.4 fa:16:3e:75:ae:18 host-10-1-0-4
Oct 18 09:16:11.916622 podb-esxi207 dnsmasq-dhcp[3585937]: DHCPDISCOVER(tap86b3827a-3e) fa:16:3e:d8:72:91 no address available
Oct 18 09:16:13.242473 podb-esxi207 dnsmasq[3586054]: read /opt/stack/data/neutron/dhcp/fa3c1446-2559-4e64-98d4-ec22495fff60/addn_hosts - 2 names
Oct 18 09:16:13.242592 podb-esxi207 dnsmasq-dhcp[3586054]: read /opt/stack/data/neutron/dhcp/fa3c1446-2559-4e64-98d4-ec22495fff60/host
Oct 18 09:16:13.242705 podb-esxi207 dnsmasq-dhcp[3586054]: read /opt/stack/data/neutron/dhcp/fa3c1446-2559-4e64-98d4-ec22495fff60/opts
Oct 18 09:16:13.993963 podb-esxi207 dnsmasq[3585257]: read /opt/stack/data/neutron/dhcp/84a39a56-ff05-43fd-a4ca-a4986b635993/addn_hosts - 2 names
Oct 18 09:16:13.994094 podb-esxi207 dnsmasq-dhcp[3585257]: read /opt/stack/data/neutron/dhcp/84a39a56-ff05-43fd-a4ca-a4986b635993/host
Oct 18 09:16:13.994206 podb-esxi207 dnsmasq-dhcp[3585257]: read /opt/stack/data/neutron/dhcp/84a39a56-ff05-43fd-a4ca-a4986b635993/opts
Oct 18 09:16:14.734773 podb-esxi207 dnsmasq[3582396]: read /opt/stack/data/neutron/dhcp/feee7f80-2f26-499d-908b-918590079b48/addn_hosts - 6 names
Oct 18 09:16:14.734903 podb-esxi207 dnsmasq-dhcp[3582396]: read /opt/stack/data/neutron/dhcp/feee7f80-2f26-499d-908b-918590079b48/host
Oct 18 09:16:14.735014 podb-esxi207 dnsmasq-dhcp[3582396]: read /opt/stack/data/neutron/dhcp/feee7f80-2f26-499d-908b-918590079b48/opts
Oct 18 09:16:15.071022 podb-esxi207 dnsmasq-dhcp[3582396]: DHCPDISCOVER(tap3c43846e-2e) fa:16:3e:05:88:11
Oct 18 09:16:15.071048 podb-esxi207 dnsmasq-dhcp[3582396]: DHCPOFFER(tap3c43846e-2e) 10.1.0.9 fa:16:3e:05:88:11
Oct 18 09:16:15.090275 podb-esxi207 dnsmasq-dhcp[3582396]: DHCPREQUEST(tap3c43846e-2e) 10.1.0.9 fa:16:3e:05:88:11
Oct 18 09:16:15.090305 podb-esxi207 dnsmasq-dhcp[3582396]: DHCPACK(tap3c43846e-2e) 10.1.0.9 fa:16:3e:05:88:11 host-10-1-0-9
Oct 18 09:16:15.307646 podb-esxi207 dnsmasq-dhcp[3585937]: DHCPDISCOVER(tap86b3827a-3e) fa:16:3e:d8:72:91 no address available
Oct 18 09:16:15.470965 podb-esxi207 dnsmasq[3585937]: read /opt/stack/data/neutron/dhcp/1dbf53bb-4553-4798-a90e-44c5beb72970/addn_hosts - 2 names
Oct 18 09:16:15.471042 podb-esxi207 dnsmasq-dhcp[3585937]: read /opt/stack/data/neutron/dhcp/1dbf53bb-4553-4798-a90e-44c5beb72970/host
Oct 18 09:16:15.471094 podb-esxi207 dnsmasq-dhcp[3585937]: read /opt/stack/data/neutron/dhcp/1dbf53bb-4553-4798-a90e-44c5beb72970/opts
Oct 18 09:16:16.205469 podb-esxi207 dnsmasq[3585648]: read /opt/stack/data/neutron/dhcp/7c21a663-e923-423c-8451-db6e1a512a42/addn_hosts - 2 names
Oct 18 09:16:16.205608 podb-esxi207 dnsmasq-dhcp[3585648]: read /opt/stack/data/neutron/dhcp/7c21a663-e923-423c-8451-db6e1a512a42/host
Oct 18 09:16:16.205729 podb-esxi207 dnsmasq-dhcp[3585648]: read /opt/stack/data/neutron/dhcp/7c21a663-e923-423c-8451-db6e1a512a42/opts
Oct 18 09:16:16.945395 podb-esxi207 dnsmasq[3585788]: read /opt/stack/data/neutron/dhcp/ccc79a3b-9365-478e-b904-60989eb08e25/addn_hosts - 2 names
Oct 18 09:16:16.945541 podb-esxi207 dnsmasq-dhcp[3585788]: read /opt/stack/data/neutron/dhcp/ccc79a3b-9365-478e-b904-60989eb08e25/host
Oct 18 09:16:16.945676 podb-esxi207 dnsmasq-dhcp[3585788]: read /opt/stack/data/neutron/dhcp/ccc79a3b-9365-478e-b904-60989eb08e25/opts
Oct 18 09:16:18.200225 podb-esxi207 dnsmasq[3586054]: read /opt/stack/data/neutron/dhcp/fa3c1446-2559-4e64-98d4-ec22495fff60/addn_hosts - 2 names
Oct 18 09:16:18.200375 podb-esxi207 dnsmasq-dhcp[3586054]: read /opt/stack/data/neutron/dhcp/fa3c1446-2559-4e64-98d4-ec22495fff60/host
Oct 18 09:16:18.200499 podb-esxi207 dnsmasq-dhcp[3586054]: read /opt/stack/data/neutron/dhcp/fa3c1446-2559-4e64-98d4-ec22495fff60/opts
Oct 18 09:16:22.541869 podb-esxi207 dnsmasq-dhcp[3585937]: DHCPDISCOVER(tap86b3827a-3e) fa:16:3e:d8:72:91
Oct 18 09:16:22.541899 podb-esxi207 dnsmasq-dhcp[3585937]: DHCPOFFER(tap86b3827a-3e) 10.10.10.151 fa:16:3e:d8:72:91
Oct 18 09:16:22.554206 podb-esxi207 dnsmasq-dhcp[3585937]: DHCPREQUEST(tap86b3827a-3e) 10.10.10.151 fa:16:3e:d8:72:91
Oct 18 09:16:22.554242 podb-esxi207 dnsmasq-dhcp[3585937]: DHCPACK(tap86b3827a-3e) 10.10.10.151 fa:16:3e:d8:72:91 host-10-10-10-151
Oct 18 09:16:48.575767 podb-esxi207 sudo[3587044]:    stack : PWD=/ ; USER=root ; COMMAND=/opt/stack/data/venv/bin/neutron-rootwrap /etc/neutron/rootwrap.conf privsep-helper --config-file /etc/neutron/neutron.conf --config-file /etc/neutron/dhcp_agent.ini --privsep_context neutron.privileged.dhcp_release_cmd --privsep_sock_path /tmp/tmp9fkwfgnv/privsep.sock
Oct 18 09:16:48.576901 podb-esxi207 sudo[3587044]: pam_unix(sudo:session): session opened for user root(uid=0) by (uid=1001)
Oct 18 09:16:49.320991 podb-esxi207 sudo[3587044]: pam_unix(sudo:session): session closed for user root
Oct 18 09:16:49.562888 podb-esxi207 dnsmasq-dhcp[3583083]: DHCPRELEASE(tap14fed627-d2) 10.1.0.11 fa:16:3e:f8:f1:92
Oct 18 09:16:49.578502 podb-esxi207 dnsmasq-dhcp[3583083]: DHCPRELEASE(tap14fed627-d2) 10.1.0.11 fa:16:3e:f8:f1:92 unknown lease
Oct 18 09:16:50.401979 podb-esxi207 dnsmasq[3583083]: read /opt/stack/data/neutron/dhcp/3c4b9f9c-807e-4f87-a2bc-be52c3268909/addn_hosts - 2 names
Oct 18 09:16:50.402098 podb-esxi207 dnsmasq-dhcp[3583083]: read /opt/stack/data/neutron/dhcp/3c4b9f9c-807e-4f87-a2bc-be52c3268909/host
Oct 18 09:16:50.402209 podb-esxi207 dnsmasq-dhcp[3583083]: read /opt/stack/data/neutron/dhcp/3c4b9f9c-807e-4f87-a2bc-be52c3268909/opts
Oct 18 09:16:59.893705 podb-esxi207 dnsmasq-dhcp[3583083]: DHCPRELEASE(tap14fed627-d2) 10.1.0.1 fa:16:3e:d8:f7:5f
Oct 18 09:17:00.717470 podb-esxi207 dnsmasq[3583083]: read /opt/stack/data/neutron/dhcp/3c4b9f9c-807e-4f87-a2bc-be52c3268909/addn_hosts - 0 names
Oct 18 09:17:00.717539 podb-esxi207 dnsmasq-dhcp[3583083]: read /opt/stack/data/neutron/dhcp/3c4b9f9c-807e-4f87-a2bc-be52c3268909/host
Oct 18 09:17:00.717598 podb-esxi207 dnsmasq-dhcp[3583083]: read /opt/stack/data/neutron/dhcp/3c4b9f9c-807e-4f87-a2bc-be52c3268909/opts
Oct 18 09:17:01.529429 podb-esxi207 dnsmasq[3583083]: exiting on receipt of SIGTERM
Oct 18 09:17:02.173380 podb-esxi207 dnsmasq-dhcp[3585648]: DHCPRELEASE(tapf15ab645-92) 10.1.0.1 fa:16:3e:78:c5:f4
Oct 18 09:17:02.997876 podb-esxi207 dnsmasq[3585648]: read /opt/stack/data/neutron/dhcp/7c21a663-e923-423c-8451-db6e1a512a42/addn_hosts - 0 names
Oct 18 09:17:02.997957 podb-esxi207 dnsmasq-dhcp[3585648]: read /opt/stack/data/neutron/dhcp/7c21a663-e923-423c-8451-db6e1a512a42/host
Oct 18 09:17:02.998062 podb-esxi207 dnsmasq-dhcp[3585648]: read /opt/stack/data/neutron/dhcp/7c21a663-e923-423c-8451-db6e1a512a42/opts
Oct 18 09:17:03.812483 podb-esxi207 dnsmasq[3585648]: exiting on receipt of SIGTERM
Oct 18 09:17:09.189327 podb-esxi207 dnsmasq[3587481]: started, version 2.90 cachesize 150
Oct 18 09:17:09.189355 podb-esxi207 dnsmasq[3587481]: DNS service limited to local subnets
Oct 18 09:17:09.189371 podb-esxi207 dnsmasq[3587481]: compile time options: IPv6 GNU-getopt DBus no-UBus i18n IDN2 DHCP DHCPv6 no-Lua TFTP conntrack ipset no-nftset auth cryptohash DNSSEC loop-detect inotify dumpfile
Oct 18 09:17:09.189418 podb-esxi207 dnsmasq-dhcp[3587481]: DHCP, static leases only on 10.1.0.0, lease time 1d
Oct 18 09:17:09.189589 podb-esxi207 dnsmasq[3587481]: reading /etc/resolv.conf
Oct 18 09:17:09.189606 podb-esxi207 dnsmasq[3587481]: using nameserver 127.0.0.53#53
Oct 18 09:17:09.189695 podb-esxi207 dnsmasq[3587481]: read /opt/stack/data/neutron/dhcp/9a8d2e34-46db-4af9-a2ea-831056310189/addn_hosts - 0 names
Oct 18 09:17:09.189749 podb-esxi207 dnsmasq-dhcp[3587481]: read /opt/stack/data/neutron/dhcp/9a8d2e34-46db-4af9-a2ea-831056310189/host
Oct 18 09:17:09.189807 podb-esxi207 dnsmasq-dhcp[3587481]: read /opt/stack/data/neutron/dhcp/9a8d2e34-46db-4af9-a2ea-831056310189/opts
Oct 18 09:17:12.883128 podb-esxi207 dnsmasq[3587768]: started, version 2.90 cachesize 150
Oct 18 09:17:12.883159 podb-esxi207 dnsmasq[3587768]: DNS service limited to local subnets
Oct 18 09:17:12.883174 podb-esxi207 dnsmasq[3587768]: compile time options: IPv6 GNU-getopt DBus no-UBus i18n IDN2 DHCP DHCPv6 no-Lua TFTP conntrack ipset no-nftset auth cryptohash DNSSEC loop-detect inotify dumpfile
Oct 18 09:17:12.883210 podb-esxi207 dnsmasq-dhcp[3587768]: DHCP, static leases only on 10.1.0.0, lease time 1d
Oct 18 09:17:12.883364 podb-esxi207 dnsmasq[3587768]: reading /etc/resolv.conf
Oct 18 09:17:12.883380 podb-esxi207 dnsmasq[3587768]: using nameserver 127.0.0.53#53
Oct 18 09:17:12.883472 podb-esxi207 dnsmasq[3587768]: read /opt/stack/data/neutron/dhcp/e016edf8-6bd1-4fb4-a0cc-a96f48f42ceb/addn_hosts - 0 names
Oct 18 09:17:12.883523 podb-esxi207 dnsmasq-dhcp[3587768]: read /opt/stack/data/neutron/dhcp/e016edf8-6bd1-4fb4-a0cc-a96f48f42ceb/host
Oct 18 09:17:12.883597 podb-esxi207 dnsmasq-dhcp[3587768]: read /opt/stack/data/neutron/dhcp/e016edf8-6bd1-4fb4-a0cc-a96f48f42ceb/opts
Oct 18 09:17:13.923195 podb-esxi207 dnsmasq[3587481]: read /opt/stack/data/neutron/dhcp/9a8d2e34-46db-4af9-a2ea-831056310189/addn_hosts - 2 names
Oct 18 09:17:13.923310 podb-esxi207 dnsmasq-dhcp[3587481]: read /opt/stack/data/neutron/dhcp/9a8d2e34-46db-4af9-a2ea-831056310189/host
Oct 18 09:17:13.923419 podb-esxi207 dnsmasq-dhcp[3587481]: read /opt/stack/data/neutron/dhcp/9a8d2e34-46db-4af9-a2ea-831056310189/opts
Oct 18 09:17:17.358422 podb-esxi207 dnsmasq[3588113]: started, version 2.90 cachesize 150
Oct 18 09:17:17.358451 podb-esxi207 dnsmasq[3588113]: DNS service limited to local subnets
Oct 18 09:17:17.358466 podb-esxi207 dnsmasq[3588113]: compile time options: IPv6 GNU-getopt DBus no-UBus i18n IDN2 DHCP DHCPv6 no-Lua TFTP conntrack ipset no-nftset auth cryptohash DNSSEC loop-detect inotify dumpfile
Oct 18 09:17:17.358510 podb-esxi207 dnsmasq-dhcp[3588113]: DHCP, static leases only on 10.1.0.0, lease time 1d
Oct 18 09:17:17.358663 podb-esxi207 dnsmasq[3588113]: reading /etc/resolv.conf
Oct 18 09:17:17.358680 podb-esxi207 dnsmasq[3588113]: using nameserver 127.0.0.53#53
Oct 18 09:17:17.358813 podb-esxi207 dnsmasq[3588113]: read /opt/stack/data/neutron/dhcp/92dd82b3-d73e-41dd-b8df-4b07a50c7022/addn_hosts - 2 names
Oct 18 09:17:17.358871 podb-esxi207 dnsmasq-dhcp[3588113]: read /opt/stack/data/neutron/dhcp/92dd82b3-d73e-41dd-b8df-4b07a50c7022/host
Oct 18 09:17:17.358951 podb-esxi207 dnsmasq-dhcp[3588113]: read /opt/stack/data/neutron/dhcp/92dd82b3-d73e-41dd-b8df-4b07a50c7022/opts
Oct 18 09:17:18.397131 podb-esxi207 dnsmasq[3587768]: read /opt/stack/data/neutron/dhcp/e016edf8-6bd1-4fb4-a0cc-a96f48f42ceb/addn_hosts - 0 names
Oct 18 09:17:18.397246 podb-esxi207 dnsmasq-dhcp[3587768]: read /opt/stack/data/neutron/dhcp/e016edf8-6bd1-4fb4-a0cc-a96f48f42ceb/host
Oct 18 09:17:18.397349 podb-esxi207 dnsmasq-dhcp[3587768]: read /opt/stack/data/neutron/dhcp/e016edf8-6bd1-4fb4-a0cc-a96f48f42ceb/opts
Oct 18 09:17:19.150821 podb-esxi207 dnsmasq[3587481]: read /opt/stack/data/neutron/dhcp/9a8d2e34-46db-4af9-a2ea-831056310189/addn_hosts - 2 names
Oct 18 09:17:19.150917 podb-esxi207 dnsmasq-dhcp[3587481]: read /opt/stack/data/neutron/dhcp/9a8d2e34-46db-4af9-a2ea-831056310189/host
Oct 18 09:17:19.150989 podb-esxi207 dnsmasq-dhcp[3587481]: read /opt/stack/data/neutron/dhcp/9a8d2e34-46db-4af9-a2ea-831056310189/opts
Oct 18 09:17:19.939118 podb-esxi207 dnsmasq-dhcp[3585937]: DHCPRELEASE(tap86b3827a-3e) 10.10.10.151 fa:16:3e:d8:72:91
Oct 18 09:17:19.956231 podb-esxi207 dnsmasq-dhcp[3585937]: DHCPRELEASE(tap86b3827a-3e) 10.10.10.151 fa:16:3e:d8:72:91 unknown lease
Oct 18 09:17:20.781799 podb-esxi207 dnsmasq[3585937]: read /opt/stack/data/neutron/dhcp/1dbf53bb-4553-4798-a90e-44c5beb72970/addn_hosts - 0 names
Oct 18 09:17:20.781885 podb-esxi207 dnsmasq-dhcp[3585937]: read /opt/stack/data/neutron/dhcp/1dbf53bb-4553-4798-a90e-44c5beb72970/host
Oct 18 09:17:20.781952 podb-esxi207 dnsmasq-dhcp[3585937]: read /opt/stack/data/neutron/dhcp/1dbf53bb-4553-4798-a90e-44c5beb72970/opts
Oct 18 09:17:21.547480 podb-esxi207 dnsmasq[3588113]: exiting on receipt of SIGTERM
Oct 18 09:17:22.695306 podb-esxi207 dnsmasq[3587481]: exiting on receipt of SIGTERM
Oct 18 09:17:23.317439 podb-esxi207 dnsmasq[3587768]: exiting on receipt of SIGTERM
Oct 18 09:17:23.958881 podb-esxi207 dnsmasq-dhcp[3584179]: DHCPRELEASE(tap10eb4575-36) 10.1.0.8 fa:16:3e:92:a1:c7
Oct 18 09:17:23.976193 podb-esxi207 dnsmasq-dhcp[3584179]: DHCPRELEASE(tap10eb4575-36) 10.1.0.8 fa:16:3e:92:a1:c7 unknown lease
Oct 18 09:17:24.799803 podb-esxi207 dnsmasq[3584179]: read /opt/stack/data/neutron/dhcp/781c269d-2f32-4bf9-9123-e5f8ab8ecc91/addn_hosts - 2 names
Oct 18 09:17:24.799916 podb-esxi207 dnsmasq-dhcp[3584179]: read /opt/stack/data/neutron/dhcp/781c269d-2f32-4bf9-9123-e5f8ab8ecc91/host
Oct 18 09:17:24.800025 podb-esxi207 dnsmasq-dhcp[3584179]: read /opt/stack/data/neutron/dhcp/781c269d-2f32-4bf9-9123-e5f8ab8ecc91/opts
Oct 18 09:17:27.760032 podb-esxi207 dnsmasq[3588863]: started, version 2.90 cachesize 150
Oct 18 09:17:27.760060 podb-esxi207 dnsmasq[3588863]: DNS service limited to local subnets
Oct 18 09:17:27.760076 podb-esxi207 dnsmasq[3588863]: compile time options: IPv6 GNU-getopt DBus no-UBus i18n IDN2 DHCP DHCPv6 no-Lua TFTP conntrack ipset no-nftset auth cryptohash DNSSEC loop-detect inotify dumpfile
Oct 18 09:17:27.760124 podb-esxi207 dnsmasq-dhcp[3588863]: DHCP, static leases only on 10.1.0.0, lease time 1d
Oct 18 09:17:27.760278 podb-esxi207 dnsmasq[3588863]: reading /etc/resolv.conf
Oct 18 09:17:27.760295 podb-esxi207 dnsmasq[3588863]: using nameserver 127.0.0.53#53
Oct 18 09:17:27.760386 podb-esxi207 dnsmasq[3588863]: read /opt/stack/data/neutron/dhcp/3eac1d07-4a85-4434-981a-2f2eebb29ed6/addn_hosts - 0 names
Oct 18 09:17:27.760439 podb-esxi207 dnsmasq-dhcp[3588863]: read /opt/stack/data/neutron/dhcp/3eac1d07-4a85-4434-981a-2f2eebb29ed6/host
Oct 18 09:17:27.760504 podb-esxi207 dnsmasq-dhcp[3588863]: read /opt/stack/data/neutron/dhcp/3eac1d07-4a85-4434-981a-2f2eebb29ed6/opts
Oct 18 09:17:30.992131 podb-esxi207 dnsmasq[3589089]: started, version 2.90 cachesize 150
Oct 18 09:17:30.992159 podb-esxi207 dnsmasq[3589089]: DNS service limited to local subnets
Oct 18 09:17:30.992174 podb-esxi207 dnsmasq[3589089]: compile time options: IPv6 GNU-getopt DBus no-UBus i18n IDN2 DHCP DHCPv6 no-Lua TFTP conntrack ipset no-nftset auth cryptohash DNSSEC loop-detect inotify dumpfile
Oct 18 09:17:30.992216 podb-esxi207 dnsmasq-dhcp[3589089]: DHCP, static leases only on 10.1.0.0, lease time 1d
Oct 18 09:17:30.992373 podb-esxi207 dnsmasq[3589089]: reading /etc/resolv.conf
Oct 18 09:17:30.992389 podb-esxi207 dnsmasq[3589089]: using nameserver 127.0.0.53#53
Oct 18 09:17:30.992477 podb-esxi207 dnsmasq[3589089]: read /opt/stack/data/neutron/dhcp/ec88d01b-6017-47ad-a842-973ce9dcba28/addn_hosts - 0 names
Oct 18 09:17:30.992533 podb-esxi207 dnsmasq-dhcp[3589089]: read /opt/stack/data/neutron/dhcp/ec88d01b-6017-47ad-a842-973ce9dcba28/host
Oct 18 09:17:30.992597 podb-esxi207 dnsmasq-dhcp[3589089]: read /opt/stack/data/neutron/dhcp/ec88d01b-6017-47ad-a842-973ce9dcba28/opts
Oct 18 09:17:32.034671 podb-esxi207 dnsmasq[3588863]: read /opt/stack/data/neutron/dhcp/3eac1d07-4a85-4434-981a-2f2eebb29ed6/addn_hosts - 2 names
Oct 18 09:17:32.034808 podb-esxi207 dnsmasq-dhcp[3588863]: read /opt/stack/data/neutron/dhcp/3eac1d07-4a85-4434-981a-2f2eebb29ed6/host
Oct 18 09:17:32.034880 podb-esxi207 dnsmasq-dhcp[3588863]: read /opt/stack/data/neutron/dhcp/3eac1d07-4a85-4434-981a-2f2eebb29ed6/opts
Oct 18 09:17:35.997438 podb-esxi207 dnsmasq[3589488]: started, version 2.90 cachesize 150
Oct 18 09:17:35.997467 podb-esxi207 dnsmasq[3589488]: DNS service limited to local subnets
Oct 18 09:17:35.997483 podb-esxi207 dnsmasq[3589488]: compile time options: IPv6 GNU-getopt DBus no-UBus i18n IDN2 DHCP DHCPv6 no-Lua TFTP conntrack ipset no-nftset auth cryptohash DNSSEC loop-detect inotify dumpfile
Oct 18 09:17:35.997525 podb-esxi207 dnsmasq-dhcp[3589488]: DHCP, static leases only on 10.1.0.0, lease time 1d
Oct 18 09:17:35.997682 podb-esxi207 dnsmasq[3589488]: reading /etc/resolv.conf
Oct 18 09:17:35.997699 podb-esxi207 dnsmasq[3589488]: using nameserver 127.0.0.53#53
Oct 18 09:17:35.997817 podb-esxi207 dnsmasq[3589488]: read /opt/stack/data/neutron/dhcp/066e20d7-fcf7-4195-b9c9-bfe6479b5b28/addn_hosts - 2 names
Oct 18 09:17:35.997876 podb-esxi207 dnsmasq-dhcp[3589488]: read /opt/stack/data/neutron/dhcp/066e20d7-fcf7-4195-b9c9-bfe6479b5b28/host
Oct 18 09:17:35.997943 podb-esxi207 dnsmasq-dhcp[3589488]: read /opt/stack/data/neutron/dhcp/066e20d7-fcf7-4195-b9c9-bfe6479b5b28/opts
Oct 18 09:17:37.038524 podb-esxi207 dnsmasq[3589089]: read /opt/stack/data/neutron/dhcp/ec88d01b-6017-47ad-a842-973ce9dcba28/addn_hosts - 2 names
Oct 18 09:17:37.038635 podb-esxi207 dnsmasq-dhcp[3589089]: read /opt/stack/data/neutron/dhcp/ec88d01b-6017-47ad-a842-973ce9dcba28/host
Oct 18 09:17:37.038786 podb-esxi207 dnsmasq-dhcp[3589089]: read /opt/stack/data/neutron/dhcp/ec88d01b-6017-47ad-a842-973ce9dcba28/opts
Oct 18 09:17:37.796004 podb-esxi207 dnsmasq[3588863]: read /opt/stack/data/neutron/dhcp/3eac1d07-4a85-4434-981a-2f2eebb29ed6/addn_hosts - 2 names
