Oct 18 09:20:14.167673 podb-esxi207 dnsmasq[3597774]: compile time options: IPv6 GNU-getopt DBus no-UBus i18n IDN2 DHCP DHCPv6 no-Lua TFTP conntrack ipset no-nftset auth cryptohash DNSSEC loop-detect inotify dumpfile
Oct 18 09:20:14.167709 podb-esxi207 dnsmasq-dhcp[3597774]: DHCP, static leases only on 10.1.0.0, lease time 1d
Oct 18 09:20:14.167860 podb-esxi207 dnsmasq[3597774]: reading /etc/resolv.conf
Oct 18 09:20:14.167876 podb-esxi207 dnsmasq[3597774]: using nameserver 127.0.0.53#53
Oct 18 09:20:14.167957 podb-esxi207 dnsmasq[3597774]: read /opt/stack/data/neutron/dhcp/de505417-a92e-45c1-bf96-87e616d1a828/addn_hosts - 0 names
Oct 18 09:20:14.168008 podb-esxi207 dnsmasq-dhcp[3597774]: read /opt/stack/data/neutron/dhcp/de505417-a92e-45c1-bf96-87e616d1a828/host
Oct 18 09:20:14.168065 podb-esxi207 dnsmasq-dhcp[3597774]: read /opt/stack/data/neutron/dhcp/de505417-a92e-45c1-bf96-87e616d1a828/opts
Oct 18 09:20:15.674380 podb-esxi207 dnsmasq-dhcp[3593300]: DHCPDISCOVER(tap48542a1b-56) fa:16:3e:73:cb:8f
Oct 18 09:20:15.674407 podb-esxi207 dnsmasq-dhcp[3593300]: DHCPOFFER(tap48542a1b-56) 10.1.0.8 fa:16:3e:73:cb:8f
Oct 18 09:20:15.685701 podb-esxi207 dnsmasq-dhcp[3593300]: DHCPREQUEST(tap48542a1b-56) 10.1.0.8 fa:16:3e:73:cb:8f
Oct 18 09:20:15.685728 podb-esxi207 dnsmasq-dhcp[3593300]: DHCPACK(tap48542a1b-56) 10.1.0.8 fa:16:3e:73:cb:8f host-10-1-0-8
Oct 18 09:20:15.713792 podb-esxi207 dnsmasq[3597774]: read /opt/stack/data/neutron/dhcp/de505417-a92e-45c1-bf96-87e616d1a828/addn_hosts - 2 names
Oct 18 09:20:15.713897 podb-esxi207 dnsmasq-dhcp[3597774]: read /opt/stack/data/neutron/dhcp/de505417-a92e-45c1-bf96-87e616d1a828/host
Oct 18 09:20:15.713975 podb-esxi207 dnsmasq-dhcp[3597774]: read /opt/stack/data/neutron/dhcp/de505417-a92e-45c1-bf96-87e616d1a828/opts
Oct 18 09:20:16.965840 podb-esxi207 dnsmasq[3597774]: read /opt/stack/data/neutron/dhcp/de505417-a92e-45c1-bf96-87e616d1a828/addn_hosts - 2 names
Oct 18 09:20:16.965959 podb-esxi207 dnsmasq-dhcp[3597774]: read /opt/stack/data/neutron/dhcp/de505417-a92e-45c1-bf96-87e616d1a828/host
Oct 18 09:20:16.966079 podb-esxi207 dnsmasq-dhcp[3597774]: read /opt/stack/data/neutron/dhcp/de505417-a92e-45c1-bf96-87e616d1a828/opts
Oct 18 09:20:18.226293 podb-esxi207 dnsmasq[3597774]: read /opt/stack/data/neutron/dhcp/de505417-a92e-45c1-bf96-87e616d1a828/addn_hosts - 2 names
Oct 18 09:20:18.226425 podb-esxi207 dnsmasq-dhcp[3597774]: read /opt/stack/data/neutron/dhcp/de505417-a92e-45c1-bf96-87e616d1a828/host
Oct 18 09:20:18.226536 podb-esxi207 dnsmasq-dhcp[3597774]: read /opt/stack/data/neutron/dhcp/de505417-a92e-45c1-bf96-87e616d1a828/opts
Oct 18 09:20:19.482766 podb-esxi207 dnsmasq[3597774]: read /opt/stack/data/neutron/dhcp/de505417-a92e-45c1-bf96-87e616d1a828/addn_hosts - 4 names
Oct 18 09:20:19.482901 podb-esxi207 dnsmasq-dhcp[3597774]: read /opt/stack/data/neutron/dhcp/de505417-a92e-45c1-bf96-87e616d1a828/host
Oct 18 09:20:19.483015 podb-esxi207 dnsmasq-dhcp[3597774]: read /opt/stack/data/neutron/dhcp/de505417-a92e-45c1-bf96-87e616d1a828/opts
Oct 18 09:20:21.510586 podb-esxi207 dnsmasq[3597774]: read /opt/stack/data/neutron/dhcp/de505417-a92e-45c1-bf96-87e616d1a828/addn_hosts - 6 names
Oct 18 09:20:21.510714 podb-esxi207 dnsmasq-dhcp[3597774]: read /opt/stack/data/neutron/dhcp/de505417-a92e-45c1-bf96-87e616d1a828/host
Oct 18 09:20:21.510858 podb-esxi207 dnsmasq-dhcp[3597774]: read /opt/stack/data/neutron/dhcp/de505417-a92e-45c1-bf96-87e616d1a828/opts
Oct 18 09:20:40.036437 podb-esxi207 dnsmasq-dhcp[3596199]: DHCPDISCOVER(tapc5f4b548-b7) fa:16:3e:0a:5b:9b
Oct 18 09:20:40.036467 podb-esxi207 dnsmasq-dhcp[3596199]: DHCPOFFER(tapc5f4b548-b7) 10.1.1.116 fa:16:3e:0a:5b:9b
Oct 18 09:20:40.142358 podb-esxi207 dnsmasq-dhcp[3596199]: DHCPREQUEST(tapc5f4b548-b7) 10.1.1.116 fa:16:3e:0a:5b:9b
Oct 18 09:20:40.142392 podb-esxi207 dnsmasq-dhcp[3596199]: DHCPACK(tapc5f4b548-b7) 10.1.1.116 fa:16:3e:0a:5b:9b host-10-1-1-116
Oct 18 09:20:40.819096 podb-esxi207 dnsmasq-dhcp[3596199]: DHCPDISCOVER(tapc5f4b548-b7) fa:16:3e:b2:61:64
Oct 18 09:20:40.819124 podb-esxi207 dnsmasq-dhcp[3596199]: DHCPOFFER(tapc5f4b548-b7) 10.1.1.122 fa:16:3e:b2:61:64
Oct 18 09:20:40.824136 podb-esxi207 dnsmasq-dhcp[3596199]: DHCPREQUEST(tapc5f4b548-b7) 10.1.1.122 fa:16:3e:b2:61:64
Oct 18 09:20:40.824164 podb-esxi207 dnsmasq-dhcp[3596199]: DHCPACK(tapc5f4b548-b7) 10.1.1.122 fa:16:3e:b2:61:64 host-10-1-1-122
Oct 18 09:20:41.142618 podb-esxi207 dnsmasq-dhcp[3596325]: DHCPDISCOVER(tap267dd599-d6) fa:16:3e:c8:5e:b8
Oct 18 09:20:41.142642 podb-esxi207 dnsmasq-dhcp[3596325]: DHCPOFFER(tap267dd599-d6) 10.2.2.200 fa:16:3e:c8:5e:b8
Oct 18 09:20:41.150622 podb-esxi207 dnsmasq-dhcp[3596325]: DHCPREQUEST(tap267dd599-d6) 10.2.2.200 fa:16:3e:c8:5e:b8
Oct 18 09:20:41.150650 podb-esxi207 dnsmasq-dhcp[3596325]: DHCPACK(tap267dd599-d6) 10.2.2.200 fa:16:3e:c8:5e:b8 host-10-2-2-200
Oct 18 09:20:41.167062 podb-esxi207 dnsmasq-dhcp[3594509]: DHCPDISCOVER(tap00f0f69b-11) fa:16:3e:13:f2:6c
Oct 18 09:20:41.167087 podb-esxi207 dnsmasq-dhcp[3594509]: DHCPOFFER(tap00f0f69b-11) 10.1.0.5 fa:16:3e:13:f2:6c
Oct 18 09:20:41.175909 podb-esxi207 dnsmasq-dhcp[3594509]: DHCPREQUEST(tap00f0f69b-11) 10.1.0.5 fa:16:3e:13:f2:6c
Oct 18 09:20:41.175934 podb-esxi207 dnsmasq-dhcp[3594509]: DHCPACK(tap00f0f69b-11) 10.1.0.5 fa:16:3e:13:f2:6c host-10-1-0-5
Oct 18 09:20:41.322347 podb-esxi207 dnsmasq-dhcp[3596325]: DHCPDISCOVER(tap267dd599-d6) fa:16:3e:b5:4e:6d
Oct 18 09:20:41.322371 podb-esxi207 dnsmasq-dhcp[3596325]: DHCPOFFER(tap267dd599-d6) 10.2.2.100 fa:16:3e:b5:4e:6d
Oct 18 09:20:41.325761 podb-esxi207 dnsmasq-dhcp[3596325]: DHCPREQUEST(tap267dd599-d6) 10.2.2.100 fa:16:3e:b5:4e:6d
Oct 18 09:20:41.325790 podb-esxi207 dnsmasq-dhcp[3596325]: DHCPACK(tap267dd599-d6) 10.2.2.100 fa:16:3e:b5:4e:6d host-10-2-2-100
Oct 18 09:20:41.501728 podb-esxi207 dnsmasq-dhcp[3596199]: DHCPDISCOVER(tapc5f4b548-b7) fa:16:3e:fc:bc:93
Oct 18 09:20:41.501754 podb-esxi207 dnsmasq-dhcp[3596199]: DHCPOFFER(tapc5f4b548-b7) 10.1.1.85 fa:16:3e:fc:bc:93
Oct 18 09:20:41.506028 podb-esxi207 dnsmasq-dhcp[3596199]: DHCPREQUEST(tapc5f4b548-b7) 10.1.1.85 fa:16:3e:fc:bc:93
Oct 18 09:20:41.506057 podb-esxi207 dnsmasq-dhcp[3596199]: DHCPACK(tapc5f4b548-b7) 10.1.1.85 fa:16:3e:fc:bc:93 host-10-1-1-85
Oct 18 09:20:41.929618 podb-esxi207 dnsmasq-dhcp[3596199]: DHCPDISCOVER(tapc5f4b548-b7) fa:16:3e:15:bb:79
Oct 18 09:20:41.929643 podb-esxi207 dnsmasq-dhcp[3596199]: DHCPOFFER(tapc5f4b548-b7) 10.1.1.16 fa:16:3e:15:bb:79
Oct 18 09:20:41.935975 podb-esxi207 dnsmasq-dhcp[3596199]: DHCPREQUEST(tapc5f4b548-b7) 10.1.1.16 fa:16:3e:15:bb:79
Oct 18 09:20:41.936002 podb-esxi207 dnsmasq-dhcp[3596199]: DHCPACK(tapc5f4b548-b7) 10.1.1.16 fa:16:3e:15:bb:79 host-10-1-1-16
Oct 18 09:20:43.012814 podb-esxi207 dnsmasq-dhcp[3597774]: DHCPDISCOVER(tap45423efe-0a) fa:16:3e:c0:ef:fc
Oct 18 09:20:43.012839 podb-esxi207 dnsmasq-dhcp[3597774]: DHCPOFFER(tap45423efe-0a) 10.1.0.13 fa:16:3e:c0:ef:fc
Oct 18 09:20:43.041575 podb-esxi207 dnsmasq-dhcp[3597774]: DHCPREQUEST(tap45423efe-0a) 10.1.0.13 fa:16:3e:c0:ef:fc
Oct 18 09:20:43.041606 podb-esxi207 dnsmasq-dhcp[3597774]: DHCPACK(tap45423efe-0a) 10.1.0.13 fa:16:3e:c0:ef:fc host-10-1-0-13
Oct 18 09:20:56.121573 podb-esxi207 dnsmasq-dhcp[3596325]: DHCPRELEASE(tap267dd599-d6) 10.2.2.100 fa:16:3e:b5:4e:6d
Oct 18 09:20:56.136561 podb-esxi207 dnsmasq-dhcp[3596325]: DHCPRELEASE(tap267dd599-d6) 10.2.2.100 fa:16:3e:b5:4e:6d unknown lease
Oct 18 09:20:56.958605 podb-esxi207 dnsmasq[3596325]: read /opt/stack/data/neutron/dhcp/1ce1e8c9-407c-4307-ac22-4bd6e81fb23a/addn_hosts - 2 names
Oct 18 09:20:56.958721 podb-esxi207 dnsmasq-dhcp[3596325]: read /opt/stack/data/neutron/dhcp/1ce1e8c9-407c-4307-ac22-4bd6e81fb23a/host
Oct 18 09:20:56.958825 podb-esxi207 dnsmasq-dhcp[3596325]: read /opt/stack/data/neutron/dhcp/1ce1e8c9-407c-4307-ac22-4bd6e81fb23a/opts
Oct 18 09:20:57.192355 podb-esxi207 dnsmasq-dhcp[3594509]: DHCPRELEASE(tap00f0f69b-11) 10.1.0.5 fa:16:3e:13:f2:6c
Oct 18 09:20:57.208128 podb-esxi207 dnsmasq-dhcp[3594509]: DHCPRELEASE(tap00f0f69b-11) 10.1.0.5 fa:16:3e:13:f2:6c unknown lease
Oct 18 09:20:58.030034 podb-esxi207 dnsmasq[3594509]: read /opt/stack/data/neutron/dhcp/975c8973-d1d1-4eb2-a7d5-c76c01fd9357/addn_hosts - 2 names
Oct 18 09:20:58.030116 podb-esxi207 dnsmasq-dhcp[3594509]: read /opt/stack/data/neutron/dhcp/975c8973-d1d1-4eb2-a7d5-c76c01fd9357/host
Oct 18 09:20:58.030198 podb-esxi207 dnsmasq-dhcp[3594509]: read /opt/stack/data/neutron/dhcp/975c8973-d1d1-4eb2-a7d5-c76c01fd9357/opts
Oct 18 09:20:58.258916 podb-esxi207 dnsmasq-dhcp[3596199]: DHCPRELEASE(tapc5f4b548-b7) 10.1.1.116 fa:16:3e:0a:5b:9b
Oct 18 09:20:58.274250 podb-esxi207 dnsmasq-dhcp[3596199]: DHCPRELEASE(tapc5f4b548-b7) 10.1.1.116 fa:16:3e:0a:5b:9b unknown lease
Oct 18 09:20:59.098203 podb-esxi207 dnsmasq[3596199]: read /opt/stack/data/neutron/dhcp/d7389afb-a470-4d77-8a71-c052fcd22a5b/addn_hosts - 6 names
Oct 18 09:20:59.098300 podb-esxi207 dnsmasq-dhcp[3596199]: read /opt/stack/data/neutron/dhcp/d7389afb-a470-4d77-8a71-c052fcd22a5b/host
Oct 18 09:20:59.098349 podb-esxi207 dnsmasq-dhcp[3596199]: read /opt/stack/data/neutron/dhcp/d7389afb-a470-4d77-8a71-c052fcd22a5b/opts
Oct 18 09:20:59.352254 podb-esxi207 dnsmasq-dhcp[3596325]: DHCPRELEASE(tap267dd599-d6) 10.2.2.200 fa:16:3e:c8:5e:b8
Oct 18 09:20:59.369172 podb-esxi207 dnsmasq-dhcp[3596325]: DHCPRELEASE(tap267dd599-d6) 10.2.2.200 fa:16:3e:c8:5e:b8 unknown lease
Oct 18 09:21:00.193412 podb-esxi207 dnsmasq[3596325]: read /opt/stack/data/neutron/dhcp/1ce1e8c9-407c-4307-ac22-4bd6e81fb23a/addn_hosts - 0 names
Oct 18 09:21:00.193511 podb-esxi207 dnsmasq-dhcp[3596325]: read /opt/stack/data/neutron/dhcp/1ce1e8c9-407c-4307-ac22-4bd6e81fb23a/host
Oct 18 09:21:00.193609 podb-esxi207 dnsmasq-dhcp[3596325]: read /opt/stack/data/neutron/dhcp/1ce1e8c9-407c-4307-ac22-4bd6e81fb23a/opts
Oct 18 09:21:00.401607 podb-esxi207 dnsmasq-dhcp[3597774]: DHCPDISCOVER(tap45423efe-0a) fa:16:3e:79:fe:89
Oct 18 09:21:00.401633 podb-esxi207 dnsmasq-dhcp[3597774]: DHCPOFFER(tap45423efe-0a) 10.1.0.6 fa:16:3e:79:fe:89
Oct 18 09:21:00.412377 podb-esxi207 dnsmasq-dhcp[3597774]: DHCPREQUEST(tap45423efe-0a) 10.1.0.6 fa:16:3e:79:fe:89
Oct 18 09:21:00.412411 podb-esxi207 dnsmasq-dhcp[3597774]: DHCPACK(tap45423efe-0a) 10.1.0.6 fa:16:3e:79:fe:89 host-10-1-0-6
Oct 18 09:21:00.438008 podb-esxi207 dnsmasq-dhcp[3596199]: DHCPRELEASE(tapc5f4b548-b7) 10.1.1.16 fa:16:3e:15:bb:79
Oct 18 09:21:00.454607 podb-esxi207 dnsmasq-dhcp[3596199]: DHCPRELEASE(tapc5f4b548-b7) 10.1.1.16 fa:16:3e:15:bb:79 unknown lease
Oct 18 09:21:01.280058 podb-esxi207 dnsmasq[3596199]: read /opt/stack/data/neutron/dhcp/d7389afb-a470-4d77-8a71-c052fcd22a5b/addn_hosts - 4 names
Oct 18 09:21:01.280181 podb-esxi207 dnsmasq-dhcp[3596199]: read /opt/stack/data/neutron/dhcp/d7389afb-a470-4d77-8a71-c052fcd22a5b/host
Oct 18 09:21:01.280280 podb-esxi207 dnsmasq-dhcp[3596199]: read /opt/stack/data/neutron/dhcp/d7389afb-a470-4d77-8a71-c052fcd22a5b/opts
Oct 18 09:21:10.343573 podb-esxi207 dnsmasq-dhcp[3596199]: DHCPRELEASE(tapc5f4b548-b7) 10.1.1.122 fa:16:3e:b2:61:64
Oct 18 09:21:10.360509 podb-esxi207 dnsmasq-dhcp[3596199]: DHCPRELEASE(tapc5f4b548-b7) 10.1.1.122 fa:16:3e:b2:61:64 unknown lease
Oct 18 09:21:11.186353 podb-esxi207 dnsmasq[3596199]: read /opt/stack/data/neutron/dhcp/d7389afb-a470-4d77-8a71-c052fcd22a5b/addn_hosts - 2 names
Oct 18 09:21:11.186451 podb-esxi207 dnsmasq-dhcp[3596199]: read /opt/stack/data/neutron/dhcp/d7389afb-a470-4d77-8a71-c052fcd22a5b/host
Oct 18 09:21:11.186498 podb-esxi207 dnsmasq-dhcp[3596199]: read /opt/stack/data/neutron/dhcp/d7389afb-a470-4d77-8a71-c052fcd22a5b/opts
Oct 18 09:21:11.945114 podb-esxi207 dnsmasq[3596325]: exiting on receipt of SIGTERM
Oct 18 09:21:12.583475 podb-esxi207 dnsmasq[3596199]: exiting on receipt of SIGTERM
Oct 18 09:21:16.215671 podb-esxi207 dnsmasq[3597774]: read /opt/stack/data/neutron/dhcp/de505417-a92e-45c1-bf96-87e616d1a828/addn_hosts - 8 names
Oct 18 09:21:16.215795 podb-esxi207 dnsmasq-dhcp[3597774]: read /opt/stack/data/neutron/dhcp/de505417-a92e-45c1-bf96-87e616d1a828/host
Oct 18 09:21:16.215901 podb-esxi207 dnsmasq-dhcp[3597774]: read /opt/stack/data/neutron/dhcp/de505417-a92e-45c1-bf96-87e616d1a828/opts
Oct 18 09:21:18.350561 podb-esxi207 dnsmasq-dhcp[3597774]: DHCPDISCOVER(tap45423efe-0a) fa:16:3e:c0:ef:fc
Oct 18 09:21:18.350589 podb-esxi207 dnsmasq-dhcp[3597774]: DHCPOFFER(tap45423efe-0a) 10.1.0.13 fa:16:3e:c0:ef:fc
Oct 18 09:21:18.361867 podb-esxi207 dnsmasq-dhcp[3597774]: DHCPREQUEST(tap45423efe-0a) 10.1.0.13 fa:16:3e:c0:ef:fc
Oct 18 09:21:18.361898 podb-esxi207 dnsmasq-dhcp[3597774]: DHCPACK(tap45423efe-0a) 10.1.0.13 fa:16:3e:c0:ef:fc host-10-1-0-13
Oct 18 09:21:21.444299 podb-esxi207 dnsmasq-dhcp[3591755]: DHCPRELEASE(tap8f1eff64-1d) 10.1.0.4 fa:16:3e:8d:b4:56
Oct 18 09:21:21.460282 podb-esxi207 dnsmasq-dhcp[3591755]: DHCPRELEASE(tap8f1eff64-1d) 10.1.0.4 fa:16:3e:8d:b4:56 unknown lease
Oct 18 09:21:22.285769 podb-esxi207 dnsmasq[3591755]: read /opt/stack/data/neutron/dhcp/ac97973f-889c-4d4b-8a19-471ea5288f2a/addn_hosts - 2 names
Oct 18 09:21:22.285864 podb-esxi207 dnsmasq-dhcp[3591755]: read /opt/stack/data/neutron/dhcp/ac97973f-889c-4d4b-8a19-471ea5288f2a/host
Oct 18 09:21:22.285994 podb-esxi207 dnsmasq-dhcp[3591755]: read /opt/stack/data/neutron/dhcp/ac97973f-889c-4d4b-8a19-471ea5288f2a/opts
Oct 18 09:21:27.251457 podb-esxi207 dnsmasq[3594509]: read /opt/stack/data/neutron/dhcp/975c8973-d1d1-4eb2-a7d5-c76c01fd9357/addn_hosts - 0 names
Oct 18 09:21:27.251550 podb-esxi207 dnsmasq-dhcp[3594509]: read /opt/stack/data/neutron/dhcp/975c8973-d1d1-4eb2-a7d5-c76c01fd9357/host
Oct 18 09:21:27.251641 podb-esxi207 dnsmasq-dhcp[3594509]: read /opt/stack/data/neutron/dhcp/975c8973-d1d1-4eb2-a7d5-c76c01fd9357/opts
Oct 18 09:21:28.223256 podb-esxi207 dnsmasq[3594509]: exiting on receipt of SIGTERM
Oct 18 09:21:29.334771 podb-esxi207 dnsmasq[3594749]: read /opt/stack/data/neutron/dhcp/3a494e86-d5ec-450c-8cf6-c03ac50a2cd8/addn_hosts - 0 names
Oct 18 09:21:29.334805 podb-esxi207 dnsmasq-dhcp[3594749]: read /opt/stack/data/neutron/dhcp/3a494e86-d5ec-450c-8cf6-c03ac50a2cd8/host
Oct 18 09:21:29.334834 podb-esxi207 dnsmasq-dhcp[3594749]: read /opt/stack/data/neutron/dhcp/3a494e86-d5ec-450c-8cf6-c03ac50a2cd8/opts
Oct 18 09:21:29.582335 podb-esxi207 dnsmasq[3594749]: exiting on receipt of SIGTERM
Oct 18 09:21:30.421229 podb-esxi207 dnsmasq-dhcp[3591755]: DHCPRELEASE(tap8f1eff64-1d) 10.1.0.1 fa:16:3e:33:07:9a
Oct 18 09:21:31.242404 podb-esxi207 dnsmasq[3591755]: read /opt/stack/data/neutron/dhcp/ac97973f-889c-4d4b-8a19-471ea5288f2a/addn_hosts - 0 names
Oct 18 09:21:31.242465 podb-esxi207 dnsmasq-dhcp[3591755]: read /opt/stack/data/neutron/dhcp/ac97973f-889c-4d4b-8a19-471ea5288f2a/host
Oct 18 09:21:31.242517 podb-esxi207 dnsmasq-dhcp[3591755]: read /opt/stack/data/neutron/dhcp/ac97973f-889c-4d4b-8a19-471ea5288f2a/opts
Oct 18 09:21:33.995627 podb-esxi207 dnsmasq[3600585]: started, version 2.90 cachesize 150
Oct 18 09:21:33.995652 podb-esxi207 dnsmasq[3600585]: DNS service limited to local subnets
Oct 18 09:21:33.995667 podb-esxi207 dnsmasq[3600585]: compile time options: IPv6 GNU-getopt DBus no-UBus i18n IDN2 DHCP DHCPv6 no-Lua TFTP conntrack ipset no-nftset auth cryptohash DNSSEC loop-detect inotify dumpfile
Oct 18 09:21:33.995701 podb-esxi207 dnsmasq-dhcp[3600585]: DHCP, static leases only on 10.1.0.0, lease time 1d
Oct 18 09:21:33.995846 podb-esxi207 dnsmasq[3600585]: reading /etc/resolv.conf
Oct 18 09:21:33.995862 podb-esxi207 dnsmasq[3600585]: using nameserver 127.0.0.53#53
Oct 18 09:21:33.995944 podb-esxi207 dnsmasq[3600585]: read /opt/stack/data/neutron/dhcp/c09dfc05-8c4e-402f-8f49-8c18748621f3/addn_hosts - 0 names
Oct 18 09:21:33.995994 podb-esxi207 dnsmasq-dhcp[3600585]: read /opt/stack/data/neutron/dhcp/c09dfc05-8c4e-402f-8f49-8c18748621f3/host
Oct 18 09:21:33.996051 podb-esxi207 dnsmasq-dhcp[3600585]: read /opt/stack/data/neutron/dhcp/c09dfc05-8c4e-402f-8f49-8c18748621f3/opts
Oct 18 09:21:37.584165 podb-esxi207 dnsmasq[3600957]: started, version 2.90 cachesize 150
Oct 18 09:21:37.584190 podb-esxi207 dnsmasq[3600957]: DNS service limited to local subnets
Oct 18 09:21:37.584205 podb-esxi207 dnsmasq[3600957]: compile time options: IPv6 GNU-getopt DBus no-UBus i18n IDN2 DHCP DHCPv6 no-Lua TFTP conntrack ipset no-nftset auth cryptohash DNSSEC loop-detect inotify dumpfile
Oct 18 09:21:37.584239 podb-esxi207 dnsmasq-dhcp[3600957]: DHCP, static leases only on 10.1.0.0, lease time 1d
Oct 18 09:21:37.584386 podb-esxi207 dnsmasq[3600957]: reading /etc/resolv.conf
Oct 18 09:21:37.584402 podb-esxi207 dnsmasq[3600957]: using nameserver 127.0.0.53#53
Oct 18 09:21:37.584506 podb-esxi207 dnsmasq[3600957]: read /opt/stack/data/neutron/dhcp/308f51c7-a3b6-4a59-b808-0f9422b9da49/addn_hosts - 2 names
Oct 18 09:21:37.584576 podb-esxi207 dnsmasq-dhcp[3600957]: read /opt/stack/data/neutron/dhcp/308f51c7-a3b6-4a59-b808-0f9422b9da49/host
Oct 18 09:21:37.584641 podb-esxi207 dnsmasq-dhcp[3600957]: read /opt/stack/data/neutron/dhcp/308f51c7-a3b6-4a59-b808-0f9422b9da49/opts
Oct 18 09:21:38.619670 podb-esxi207 dnsmasq[3600585]: read /opt/stack/data/neutron/dhcp/c09dfc05-8c4e-402f-8f49-8c18748621f3/addn_hosts - 2 names
Oct 18 09:21:38.619775 podb-esxi207 dnsmasq-dhcp[3600585]: read /opt/stack/data/neutron/dhcp/c09dfc05-8c4e-402f-8f49-8c18748621f3/host
Oct 18 09:21:38.619880 podb-esxi207 dnsmasq-dhcp[3600585]: read /opt/stack/data/neutron/dhcp/c09dfc05-8c4e-402f-8f49-8c18748621f3/opts
Oct 18 09:21:38.859038 podb-esxi207 dnsmasq[3591755]: exiting on receipt of SIGTERM
Oct 18 09:21:38.876331 podb-esxi207 dnsmasq-dhcp[3593300]: DHCPDISCOVER(tap48542a1b-56) fa:16:3e:73:cb:8f
Oct 18 09:21:38.876364 podb-esxi207 dnsmasq-dhcp[3593300]: DHCPOFFER(tap48542a1b-56) 10.1.0.8 fa:16:3e:73:cb:8f
Oct 18 09:21:38.888173 podb-esxi207 dnsmasq-dhcp[3593300]: DHCPREQUEST(tap48542a1b-56) 10.1.0.8 fa:16:3e:73:cb:8f
Oct 18 09:21:38.888210 podb-esxi207 dnsmasq-dhcp[3593300]: DHCPACK(tap48542a1b-56) 10.1.0.8 fa:16:3e:73:cb:8f host-10-1-0-8
Oct 18 09:21:39.023921 podb-esxi207 dnsmasq-dhcp[3597774]: DHCPDISCOVER(tap45423efe-0a) fa:16:3e:1a:a2:59
Oct 18 09:21:39.023947 podb-esxi207 dnsmasq-dhcp[3597774]: DHCPOFFER(tap45423efe-0a) 10.1.0.14 fa:16:3e:1a:a2:59
Oct 18 09:21:39.038545 podb-esxi207 dnsmasq-dhcp[3597774]: DHCPREQUEST(tap45423efe-0a) 10.1.0.14 fa:16:3e:1a:a2:59
Oct 18 09:21:39.038584 podb-esxi207 dnsmasq-dhcp[3597774]: DHCPACK(tap45423efe-0a) 10.1.0.14 fa:16:3e:1a:a2:59 host-10-1-0-14
Oct 18 09:21:40.992038 podb-esxi207 dnsmasq[3600957]: read /opt/stack/data/neutron/dhcp/308f51c7-a3b6-4a59-b808-0f9422b9da49/addn_hosts - 2 names
Oct 18 09:21:40.992123 podb-esxi207 dnsmasq-dhcp[3600957]: read /opt/stack/data/neutron/dhcp/308f51c7-a3b6-4a59-b808-0f9422b9da49/host
Oct 18 09:21:40.992225 podb-esxi207 dnsmasq-dhcp[3600957]: read /opt/stack/data/neutron/dhcp/308f51c7-a3b6-4a59-b808-0f9422b9da49/opts
Oct 18 09:21:41.742548 podb-esxi207 dnsmasq[3600585]: read /opt/stack/data/neutron/dhcp/c09dfc05-8c4e-402f-8f49-8c18748621f3/addn_hosts - 2 names
Oct 18 09:21:41.742699 podb-esxi207 dnsmasq-dhcp[3600585]: read /opt/stack/data/neutron/dhcp/c09dfc05-8c4e-402f-8f49-8c18748621f3/host
Oct 18 09:21:41.742834 podb-esxi207 dnsmasq-dhcp[3600585]: read /opt/stack/data/neutron/dhcp/c09dfc05-8c4e-402f-8f49-8c18748621f3/opts
Oct 18 09:21:43.010481 podb-esxi207 dnsmasq[3600957]: read /opt/stack/data/neutron/dhcp/308f51c7-a3b6-4a59-b808-0f9422b9da49/addn_hosts - 2 names
Oct 18 09:21:43.010590 podb-esxi207 dnsmasq-dhcp[3600957]: read /opt/stack/data/neutron/dhcp/308f51c7-a3b6-4a59-b808-0f9422b9da49/host
Oct 18 09:21:43.010691 podb-esxi207 dnsmasq-dhcp[3600957]: read /opt/stack/data/neutron/dhcp/308f51c7-a3b6-4a59-b808-0f9422b9da49/opts
Oct 18 09:21:43.765082 podb-esxi207 dnsmasq[3600585]: read /opt/stack/data/neutron/dhcp/c09dfc05-8c4e-402f-8f49-8c18748621f3/addn_hosts - 2 names
Oct 18 09:21:43.765163 podb-esxi207 dnsmasq-dhcp[3600585]: read /opt/stack/data/neutron/dhcp/c09dfc05-8c4e-402f-8f49-8c18748621f3/host
Oct 18 09:21:43.765269 podb-esxi207 dnsmasq-dhcp[3600585]: read /opt/stack/data/neutron/dhcp/c09dfc05-8c4e-402f-8f49-8c18748621f3/opts
Oct 18 09:21:45.016090 podb-esxi207 dnsmasq[3600957]: read /opt/stack/data/neutron/dhcp/308f51c7-a3b6-4a59-b808-0f9422b9da49/addn_hosts - 2 names
Oct 18 09:21:45.016188 podb-esxi207 dnsmasq-dhcp[3600957]: read /opt/stack/data/neutron/dhcp/308f51c7-a3b6-4a59-b808-0f9422b9da49/host
Oct 18 09:21:45.016301 podb-esxi207 dnsmasq-dhcp[3600957]: read /opt/stack/data/neutron/dhcp/308f51c7-a3b6-4a59-b808-0f9422b9da49/opts
Oct 18 09:21:45.775241 podb-esxi207 dnsmasq[3600585]: read /opt/stack/data/neutron/dhcp/c09dfc05-8c4e-402f-8f49-8c18748621f3/addn_hosts - 4 names
Oct 18 09:21:45.775347 podb-esxi207 dnsmasq-dhcp[3600585]: read /opt/stack/data/neutron/dhcp/c09dfc05-8c4e-402f-8f49-8c18748621f3/host
Oct 18 09:21:45.775420 podb-esxi207 dnsmasq-dhcp[3600585]: read /opt/stack/data/neutron/dhcp/c09dfc05-8c4e-402f-8f49-8c18748621f3/opts
Oct 18 09:21:47.029881 podb-esxi207 dnsmasq[3600957]: read /opt/stack/data/neutron/dhcp/308f51c7-a3b6-4a59-b808-0f9422b9da49/addn_hosts - 4 names
Oct 18 09:21:47.030005 podb-esxi207 dnsmasq-dhcp[3600957]: read /opt/stack/data/neutron/dhcp/308f51c7-a3b6-4a59-b808-0f9422b9da49/host
Oct 18 09:21:47.030113 podb-esxi207 dnsmasq-dhcp[3600957]: read /opt/stack/data/neutron/dhcp/308f51c7-a3b6-4a59-b808-0f9422b9da49/opts
Oct 18 09:21:56.194948 podb-esxi207 dnsmasq[3600957]: read /opt/stack/data/neutron/dhcp/308f51c7-a3b6-4a59-b808-0f9422b9da49/addn_hosts - 6 names
Oct 18 09:21:56.195042 podb-esxi207 dnsmasq-dhcp[3600957]: read /opt/stack/data/neutron/dhcp/308f51c7-a3b6-4a59-b808-0f9422b9da49/host
Oct 18 09:21:56.195149 podb-esxi207 dnsmasq-dhcp[3600957]: read /opt/stack/data/neutron/dhcp/308f51c7-a3b6-4a59-b808-0f9422b9da49/opts
Oct 18 09:22:03.537921 podb-esxi207 dnsmasq-dhcp[3600585]: DHCPDISCOVER(tap90c00ebf-de) fa:16:3e:70:5c:c8
Oct 18 09:22:03.537952 podb-esxi207 dnsmasq-dhcp[3600585]: DHCPOFFER(tap90c00ebf-de) 10.1.0.11 fa:16:3e:70:5c:c8
Oct 18 09:22:03.549896 podb-esxi207 dnsmasq-dhcp[3600585]: DHCPREQUEST(tap90c00ebf-de) 10.1.0.11 fa:16:3e:70:5c:c8
Oct 18 09:22:03.549926 podb-esxi207 dnsmasq-dhcp[3600585]: DHCPACK(tap90c00ebf-de) 10.1.0.11 fa:16:3e:70:5c:c8 host-10-1-0-11
Oct 18 09:22:04.139183 podb-esxi207 dnsmasq-dhcp[3600957]: DHCPDISCOVER(tap050368b7-ea) fa:16:3e:26:bb:e1
Oct 18 09:22:04.139208 podb-esxi207 dnsmasq-dhcp[3600957]: DHCPOFFER(tap050368b7-ea) 10.1.0.9 fa:16:3e:26:bb:e1
Oct 18 09:22:04.150593 podb-esxi207 dnsmasq-dhcp[3600957]: DHCPREQUEST(tap050368b7-ea) 10.1.0.9 fa:16:3e:26:bb:e1
Oct 18 09:22:04.150619 podb-esxi207 dnsmasq-dhcp[3600957]: DHCPACK(tap050368b7-ea) 10.1.0.9 fa:16:3e:26:bb:e1 host-10-1-0-9
Oct 18 09:22:07.049271 podb-esxi207 dnsmasq[3600957]: read /opt/stack/data/neutron/dhcp/308f51c7-a3b6-4a59-b808-0f9422b9da49/addn_hosts - 4 names
Oct 18 09:22:07.049429 podb-esxi207 dnsmasq-dhcp[3600957]: read /opt/stack/data/neutron/dhcp/308f51c7-a3b6-4a59-b808-0f9422b9da49/host
Oct 18 09:22:07.049535 podb-esxi207 dnsmasq-dhcp[3600957]: read /opt/stack/data/neutron/dhcp/308f51c7-a3b6-4a59-b808-0f9422b9da49/opts
Oct 18 09:22:33.677854 podb-esxi207 dnsmasq-dhcp[3600957]: DHCPRELEASE(tap050368b7-ea) 10.1.0.9 fa:16:3e:26:bb:e1
Oct 18 09:22:33.693572 podb-esxi207 dnsmasq-dhcp[3600957]: DHCPRELEASE(tap050368b7-ea) 10.1.0.9 fa:16:3e:26:bb:e1 unknown lease
Oct 18 09:22:34.519488 podb-esxi207 dnsmasq[3600957]: read /opt/stack/data/neutron/dhcp/308f51c7-a3b6-4a59-b808-0f9422b9da49/addn_hosts - 2 names
Oct 18 09:22:34.519600 podb-esxi207 dnsmasq-dhcp[3600957]: read /opt/stack/data/neutron/dhcp/308f51c7-a3b6-4a59-b808-0f9422b9da49/host
Oct 18 09:22:34.519729 podb-esxi207 dnsmasq-dhcp[3600957]: read /opt/stack/data/neutron/dhcp/308f51c7-a3b6-4a59-b808-0f9422b9da49/opts
Oct 18 09:22:39.248365 podb-esxi207 dnsmasq-dhcp[3600957]: DHCPRELEASE(tap050368b7-ea) 10.1.0.1 fa:16:3e:74:8c:d2
Oct 18 09:22:40.070977 podb-esxi207 dnsmasq[3600957]: read /opt/stack/data/neutron/dhcp/308f51c7-a3b6-4a59-b808-0f9422b9da49/addn_hosts - 0 names
Oct 18 09:22:40.071046 podb-esxi207 dnsmasq-dhcp[3600957]: read /opt/stack/data/neutron/dhcp/308f51c7-a3b6-4a59-b808-0f9422b9da49/host
Oct 18 09:22:40.071135 podb-esxi207 dnsmasq-dhcp[3600957]: read /opt/stack/data/neutron/dhcp/308f51c7-a3b6-4a59-b808-0f9422b9da49/opts
Oct 18 09:22:40.816784 podb-esxi207 dnsmasq[3600957]: exiting on receipt of SIGTERM
Oct 18 09:22:44.594772 podb-esxi207 dnsmasq[3602406]: started, version 2.90 cachesize 150
Oct 18 09:22:44.594798 podb-esxi207 dnsmasq[3602406]: DNS service limited to local subnets
Oct 18 09:22:44.594813 podb-esxi207 dnsmasq[3602406]: compile time options: IPv6 GNU-getopt DBus no-UBus i18n IDN2 DHCP DHCPv6 no-Lua TFTP conntrack ipset no-nftset auth cryptohash DNSSEC loop-detect inotify dumpfile
Oct 18 09:22:44.594853 podb-esxi207 dnsmasq-dhcp[3602406]: DHCP, static leases only on 10.1.0.0, lease time 1d
Oct 18 09:22:44.595002 podb-esxi207 dnsmasq[3602406]: reading /etc/resolv.conf
Oct 18 09:22:44.595018 podb-esxi207 dnsmasq[3602406]: using nameserver 127.0.0.53#53
Oct 18 09:22:44.595103 podb-esxi207 dnsmasq[3602406]: read /opt/stack/data/neutron/dhcp/c396a17f-cb65-43d1-abc8-dd8bd57d2952/addn_hosts - 0 names
Oct 18 09:22:44.595153 podb-esxi207 dnsmasq-dhcp[3602406]: read /opt/stack/data/neutron/dhcp/c396a17f-cb65-43d1-abc8-dd8bd57d2952/host
Oct 18 09:22:44.595208 podb-esxi207 dnsmasq-dhcp[3602406]: read /opt/stack/data/neutron/dhcp/c396a17f-cb65-43d1-abc8-dd8bd57d2952/opts
Oct 18 09:22:45.133956 podb-esxi207 dnsmasq-dhcp[3593300]: DHCPRELEASE(tap48542a1b-56) 10.1.0.8 fa:16:3e:73:cb:8f
Oct 18 09:22:45.149225 podb-esxi207 dnsmasq-dhcp[3593300]: DHCPRELEASE(tap48542a1b-56) 10.1.0.8 fa:16:3e:73:cb:8f unknown lease
Oct 18 09:22:45.973826 podb-esxi207 dnsmasq[3593300]: read /opt/stack/data/neutron/dhcp/6e7e3e36-2160-4133-bf7a-ad01c1e0f765/addn_hosts - 4 names
Oct 18 09:22:45.973922 podb-esxi207 dnsmasq-dhcp[3593300]: read /opt/stack/data/neutron/dhcp/6e7e3e36-2160-4133-bf7a-ad01c1e0f765/host
Oct 18 09:22:45.974041 podb-esxi207 dnsmasq-dhcp[3593300]: read /opt/stack/data/neutron/dhcp/6e7e3e36-2160-4133-bf7a-ad01c1e0f765/opts
Oct 18 09:22:47.230106 podb-esxi207 dnsmasq[3602406]: read /opt/stack/data/neutron/dhcp/c396a17f-cb65-43d1-abc8-dd8bd57d2952/addn_hosts - 2 names
Oct 18 09:22:47.230193 podb-esxi207 dnsmasq-dhcp[3602406]: read /opt/stack/data/neutron/dhcp/c396a17f-cb65-43d1-abc8-dd8bd57d2952/host
Oct 18 09:22:47.230264 podb-esxi207 dnsmasq-dhcp[3602406]: read /opt/stack/data/neutron/dhcp/c396a17f-cb65-43d1-abc8-dd8bd57d2952/opts
Oct 18 09:22:48.490296 podb-esxi207 dnsmasq[3602406]: read /opt/stack/data/neutron/dhcp/c396a17f-cb65-43d1-abc8-dd8bd57d2952/addn_hosts - 2 names
Oct 18 09:22:48.490409 podb-esxi207 dnsmasq-dhcp[3602406]: read /opt/stack/data/neutron/dhcp/c396a17f-cb65-43d1-abc8-dd8bd57d2952/host
Oct 18 09:22:48.490522 podb-esxi207 dnsmasq-dhcp[3602406]: read /opt/stack/data/neutron/dhcp/c396a17f-cb65-43d1-abc8-dd8bd57d2952/opts
Oct 18 09:22:49.766153 podb-esxi207 dnsmasq[3602406]: read /opt/stack/data/neutron/dhcp/c396a17f-cb65-43d1-abc8-dd8bd57d2952/addn_hosts - 2 names
Oct 18 09:22:49.766236 podb-esxi207 dnsmasq-dhcp[3602406]: read /opt/stack/data/neutron/dhcp/c396a17f-cb65-43d1-abc8-dd8bd57d2952/host
Oct 18 09:22:49.766305 podb-esxi207 dnsmasq-dhcp[3602406]: read /opt/stack/data/neutron/dhcp/c396a17f-cb65-43d1-abc8-dd8bd57d2952/opts
Oct 18 09:22:51.025999 podb-esxi207 dnsmasq[3602406]: read /opt/stack/data/neutron/dhcp/c396a17f-cb65-43d1-abc8-dd8bd57d2952/addn_hosts - 4 names
Oct 18 09:22:51.026116 podb-esxi207 dnsmasq-dhcp[3602406]: read /opt/stack/data/neutron/dhcp/c396a17f-cb65-43d1-abc8-dd8bd57d2952/host
Oct 18 09:22:51.026216 podb-esxi207 dnsmasq-dhcp[3602406]: read /opt/stack/data/neutron/dhcp/c396a17f-cb65-43d1-abc8-dd8bd57d2952/opts
Oct 18 09:22:59.348011 podb-esxi207 dnsmasq-dhcp[3597774]: DHCPREQUEST(tap45423efe-0a) 10.1.0.14 fa:16:3e:1a:a2:59
Oct 18 09:22:59.348041 podb-esxi207 dnsmasq-dhcp[3597774]: DHCPACK(tap45423efe-0a) 10.1.0.14 fa:16:3e:1a:a2:59 host-10-1-0-14
Oct 18 09:23:09.078284 podb-esxi207 dnsmasq[3593300]: read /opt/stack/data/neutron/dhcp/6e7e3e36-2160-4133-bf7a-ad01c1e0f765/addn_hosts - 6 names
Oct 18 09:23:09.078400 podb-esxi207 dnsmasq-dhcp[3593300]: read /opt/stack/data/neutron/dhcp/6e7e3e36-2160-4133-bf7a-ad01c1e0f765/host
Oct 18 09:23:09.078510 podb-esxi207 dnsmasq-dhcp[3593300]: read /opt/stack/data/neutron/dhcp/6e7e3e36-2160-4133-bf7a-ad01c1e0f765/opts
Oct 18 09:23:13.147947 podb-esxi207 dnsmasq-dhcp[3602406]: DHCPDISCOVER(tapb0e370c3-35) fa:16:3e:f9:03:dd
Oct 18 09:23:13.147974 podb-esxi207 dnsmasq-dhcp[3602406]: DHCPOFFER(tapb0e370c3-35) 10.1.0.9 fa:16:3e:f9:03:dd
Oct 18 09:23:13.159557 podb-esxi207 dnsmasq-dhcp[3602406]: DHCPREQUEST(tapb0e370c3-35) 10.1.0.9 fa:16:3e:f9:03:dd
Oct 18 09:23:13.159594 podb-esxi207 dnsmasq-dhcp[3602406]: DHCPACK(tapb0e370c3-35) 10.1.0.9 fa:16:3e:f9:03:dd host-10-1-0-9
Oct 18 09:24:01.374106 podb-esxi207 dnsmasq-dhcp[3600585]: DHCPRELEASE(tap90c00ebf-de) 10.1.0.11 fa:16:3e:70:5c:c8
Oct 18 09:24:01.389584 podb-esxi207 dnsmasq-dhcp[3600585]: DHCPRELEASE(tap90c00ebf-de) 10.1.0.11 fa:16:3e:70:5c:c8 unknown lease
Oct 18 09:24:02.212008 podb-esxi207 dnsmasq[3600585]: read /opt/stack/data/neutron/dhcp/c09dfc05-8c4e-402f-8f49-8c18748621f3/addn_hosts - 2 names
Oct 18 09:24:02.212095 podb-esxi207 dnsmasq-dhcp[3600585]: read /opt/stack/data/neutron/dhcp/c09dfc05-8c4e-402f-8f49-8c18748621f3/host
Oct 18 09:24:02.212165 podb-esxi207 dnsmasq-dhcp[3600585]: read /opt/stack/data/neutron/dhcp/c09dfc05-8c4e-402f-8f49-8c18748621f3/opts
Oct 18 09:24:03.082856 podb-esxi207 dnsmasq-dhcp[3597774]: DHCPRELEASE(tap45423efe-0a) 10.1.0.14 fa:16:3e:1a:a2:59
Oct 18 09:24:03.097995 podb-esxi207 dnsmasq-dhcp[3597774]: DHCPRELEASE(tap45423efe-0a) 10.1.0.14 fa:16:3e:1a:a2:59 unknown lease
Oct 18 09:24:03.919883 podb-esxi207 dnsmasq[3597774]: read /opt/stack/data/neutron/dhcp/de505417-a92e-45c1-bf96-87e616d1a828/addn_hosts - 6 names
Oct 18 09:24:03.920013 podb-esxi207 dnsmasq-dhcp[3597774]: read /opt/stack/data/neutron/dhcp/de505417-a92e-45c1-bf96-87e616d1a828/host
Oct 18 09:24:03.920119 podb-esxi207 dnsmasq-dhcp[3597774]: read /opt/stack/data/neutron/dhcp/de505417-a92e-45c1-bf96-87e616d1a828/opts
Oct 18 09:24:05.683357 podb-esxi207 dnsmasq-dhcp[3593300]: DHCPDISCOVER(tap48542a1b-56) fa:16:3e:eb:f9:e5
Oct 18 09:24:05.683383 podb-esxi207 dnsmasq-dhcp[3593300]: DHCPOFFER(tap48542a1b-56) 10.1.0.10 fa:16:3e:eb:f9:e5
Oct 18 09:24:05.694038 podb-esxi207 dnsmasq-dhcp[3593300]: DHCPREQUEST(tap48542a1b-56) 10.1.0.10 fa:16:3e:eb:f9:e5
Oct 18 09:24:05.694069 podb-esxi207 dnsmasq-dhcp[3593300]: DHCPACK(tap48542a1b-56) 10.1.0.10 fa:16:3e:eb:f9:e5 host-10-1-0-10
Oct 18 09:24:10.201097 podb-esxi207 dnsmasq[3602406]: read /opt/stack/data/neutron/dhcp/c396a17f-cb65-43d1-abc8-dd8bd57d2952/addn_hosts - 6 names
Oct 18 09:24:10.201219 podb-esxi207 dnsmasq-dhcp[3602406]: read /opt/stack/data/neutron/dhcp/c396a17f-cb65-43d1-abc8-dd8bd57d2952/host
Oct 18 09:24:10.201332 podb-esxi207 dnsmasq-dhcp[3602406]: read /opt/stack/data/neutron/dhcp/c396a17f-cb65-43d1-abc8-dd8bd57d2952/opts
Oct 18 09:24:17.790496 podb-esxi207 dnsmasq[3600585]: read /opt/stack/data/neutron/dhcp/c09dfc05-8c4e-402f-8f49-8c18748621f3/addn_hosts - 0 names
Oct 18 09:24:17.790578 podb-esxi207 dnsmasq-dhcp[3600585]: read /opt/stack/data/neutron/dhcp/c09dfc05-8c4e-402f-8f49-8c18748621f3/host
Oct 18 09:24:17.790634 podb-esxi207 dnsmasq-dhcp[3600585]: read /opt/stack/data/neutron/dhcp/c09dfc05-8c4e-402f-8f49-8c18748621f3/opts
Oct 18 09:24:18.862928 podb-esxi207 dnsmasq[3600585]: exiting on receipt of SIGTERM
Oct 18 09:24:22.626962 podb-esxi207 dnsmasq-dhcp[3597774]: DHCPRELEASE(tap45423efe-0a) 10.1.0.6 fa:16:3e:79:fe:89
Oct 18 09:24:22.642191 podb-esxi207 dnsmasq-dhcp[3597774]: DHCPRELEASE(tap45423efe-0a) 10.1.0.6 fa:16:3e:79:fe:89 unknown lease
Oct 18 09:24:23.469330 podb-esxi207 dnsmasq[3597774]: read /opt/stack/data/neutron/dhcp/de505417-a92e-45c1-bf96-87e616d1a828/addn_hosts - 4 names
Oct 18 09:24:23.469444 podb-esxi207 dnsmasq-dhcp[3597774]: read /opt/stack/data/neutron/dhcp/de505417-a92e-45c1-bf96-87e616d1a828/host
Oct 18 09:24:23.469549 podb-esxi207 dnsmasq-dhcp[3597774]: read /opt/stack/data/neutron/dhcp/de505417-a92e-45c1-bf96-87e616d1a828/opts
Oct 18 09:24:29.631501 podb-esxi207 dnsmasq-dhcp[3597774]: DHCPRELEASE(tap45423efe-0a) 10.1.0.13 fa:16:3e:c0:ef:fc
Oct 18 09:24:29.645508 podb-esxi207 dnsmasq-dhcp[3597774]: DHCPRELEASE(tap45423efe-0a) 10.1.0.13 fa:16:3e:c0:ef:fc unknown lease
Oct 18 09:24:30.466979 podb-esxi207 dnsmasq[3597774]: read /opt/stack/data/neutron/dhcp/de505417-a92e-45c1-bf96-87e616d1a828/addn_hosts - 2 names
Oct 18 09:24:30.467060 podb-esxi207 dnsmasq-dhcp[3597774]: read /opt/stack/data/neutron/dhcp/de505417-a92e-45c1-bf96-87e616d1a828/host
Oct 18 09:24:30.467140 podb-esxi207 dnsmasq-dhcp[3597774]: read /opt/stack/data/neutron/dhcp/de505417-a92e-45c1-bf96-87e616d1a828/opts
Oct 18 09:24:32.502838 podb-esxi207 dnsmasq-dhcp[3602406]: DHCPDISCOVER(tapb0e370c3-35) fa:16:3e:fc:9b:2e
Oct 18 09:24:32.502866 podb-esxi207 dnsmasq-dhcp[3602406]: DHCPOFFER(tapb0e370c3-35) 10.1.0.8 fa:16:3e:fc:9b:2e
Oct 18 09:24:32.512773 podb-esxi207 dnsmasq-dhcp[3602406]: DHCPREQUEST(tapb0e370c3-35) 10.1.0.8 fa:16:3e:fc:9b:2e
Oct 18 09:24:32.512808 podb-esxi207 dnsmasq-dhcp[3602406]: DHCPACK(tapb0e370c3-35) 10.1.0.8 fa:16:3e:fc:9b:2e host-10-1-0-8
Oct 18 09:24:34.899000 podb-esxi207 dnsmasq[3597774]: read /opt/stack/data/neutron/dhcp/de505417-a92e-45c1-bf96-87e616d1a828/addn_hosts - 0 names
Oct 18 09:24:34.899079 podb-esxi207 dnsmasq-dhcp[3597774]: read /opt/stack/data/neutron/dhcp/de505417-a92e-45c1-bf96-87e616d1a828/host
Oct 18 09:24:34.899133 podb-esxi207 dnsmasq-dhcp[3597774]: read /opt/stack/data/neutron/dhcp/de505417-a92e-45c1-bf96-87e616d1a828/opts
Oct 18 09:24:35.876496 podb-esxi207 dnsmasq[3597774]: exiting on receipt of SIGTERM
Oct 18 09:24:39.791998 podb-esxi207 dnsmasq[3605141]: started, version 2.90 cachesize 150
Oct 18 09:24:39.792023 podb-esxi207 dnsmasq[3605141]: DNS service limited to local subnets
Oct 18 09:24:39.792039 podb-esxi207 dnsmasq[3605141]: compile time options: IPv6 GNU-getopt DBus no-UBus i18n IDN2 DHCP DHCPv6 no-Lua TFTP conntrack ipset no-nftset auth cryptohash DNSSEC loop-detect inotify dumpfile
Oct 18 09:24:39.792074 podb-esxi207 dnsmasq-dhcp[3605141]: DHCP, static leases only on 10.1.0.0, lease time 1d
Oct 18 09:24:39.792229 podb-esxi207 dnsmasq[3605141]: reading /etc/resolv.conf
Oct 18 09:24:39.792247 podb-esxi207 dnsmasq[3605141]: using nameserver 127.0.0.53#53
Oct 18 09:24:39.792329 podb-esxi207 dnsmasq[3605141]: read /opt/stack/data/neutron/dhcp/1f227227-8fa9-4c99-83b2-f07792c490c5/addn_hosts - 0 names
Oct 18 09:24:39.792382 podb-esxi207 dnsmasq-dhcp[3605141]: read /opt/stack/data/neutron/dhcp/1f227227-8fa9-4c99-83b2-f07792c490c5/host
Oct 18 09:24:39.792451 podb-esxi207 dnsmasq-dhcp[3605141]: read /opt/stack/data/neutron/dhcp/1f227227-8fa9-4c99-83b2-f07792c490c5/opts
Oct 18 09:24:41.333770 podb-esxi207 dnsmasq[3605141]: read /opt/stack/data/neutron/dhcp/1f227227-8fa9-4c99-83b2-f07792c490c5/addn_hosts - 2 names
Oct 18 09:24:41.333848 podb-esxi207 dnsmasq-dhcp[3605141]: read /opt/stack/data/neutron/dhcp/1f227227-8fa9-4c99-83b2-f07792c490c5/host
Oct 18 09:24:41.333937 podb-esxi207 dnsmasq-dhcp[3605141]: read /opt/stack/data/neutron/dhcp/1f227227-8fa9-4c99-83b2-f07792c490c5/opts
Oct 18 09:24:42.589618 podb-esxi207 dnsmasq[3605141]: read /opt/stack/data/neutron/dhcp/1f227227-8fa9-4c99-83b2-f07792c490c5/addn_hosts - 2 names
Oct 18 09:24:42.589735 podb-esxi207 dnsmasq-dhcp[3605141]: read /opt/stack/data/neutron/dhcp/1f227227-8fa9-4c99-83b2-f07792c490c5/host
Oct 18 09:24:42.589845 podb-esxi207 dnsmasq-dhcp[3605141]: read /opt/stack/data/neutron/dhcp/1f227227-8fa9-4c99-83b2-f07792c490c5/opts
Oct 18 09:24:43.842185 podb-esxi207 dnsmasq[3605141]: read /opt/stack/data/neutron/dhcp/1f227227-8fa9-4c99-83b2-f07792c490c5/addn_hosts - 2 names
Oct 18 09:24:43.842275 podb-esxi207 dnsmasq-dhcp[3605141]: read /opt/stack/data/neutron/dhcp/1f227227-8fa9-4c99-83b2-f07792c490c5/host
Oct 18 09:24:43.842366 podb-esxi207 dnsmasq-dhcp[3605141]: read /opt/stack/data/neutron/dhcp/1f227227-8fa9-4c99-83b2-f07792c490c5/opts
Oct 18 09:24:46.274567 podb-esxi207 dnsmasq[3605141]: read /opt/stack/data/neutron/dhcp/1f227227-8fa9-4c99-83b2-f07792c490c5/addn_hosts - 4 names
Oct 18 09:24:46.274700 podb-esxi207 dnsmasq-dhcp[3605141]: read /opt/stack/data/neutron/dhcp/1f227227-8fa9-4c99-83b2-f07792c490c5/host
Oct 18 09:24:46.274870 podb-esxi207 dnsmasq-dhcp[3605141]: read /opt/stack/data/neutron/dhcp/1f227227-8fa9-4c99-83b2-f07792c490c5/opts
Oct 18 09:24:47.500936 podb-esxi207 dnsmasq-dhcp[3593300]: DHCPRELEASE(tap48542a1b-56) 10.1.0.10 fa:16:3e:eb:f9:e5
Oct 18 09:24:47.517178 podb-esxi207 dnsmasq-dhcp[3593300]: DHCPRELEASE(tap48542a1b-56) 10.1.0.10 fa:16:3e:eb:f9:e5 unknown lease
Oct 18 09:24:48.343566 podb-esxi207 dnsmasq[3593300]: read /opt/stack/data/neutron/dhcp/6e7e3e36-2160-4133-bf7a-ad01c1e0f765/addn_hosts - 4 names
Oct 18 09:24:48.343709 podb-esxi207 dnsmasq-dhcp[3593300]: read /opt/stack/data/neutron/dhcp/6e7e3e36-2160-4133-bf7a-ad01c1e0f765/host
Oct 18 09:24:48.343820 podb-esxi207 dnsmasq-dhcp[3593300]: read /opt/stack/data/neutron/dhcp/6e7e3e36-2160-4133-bf7a-ad01c1e0f765/opts
Oct 18 09:25:02.099785 podb-esxi207 dnsmasq-dhcp[3593300]: DHCPRELEASE(tap48542a1b-56) 10.1.0.7 fa:16:3e:e2:4f:66
Oct 18 09:25:02.115529 podb-esxi207 dnsmasq-dhcp[3593300]: DHCPRELEASE(tap48542a1b-56) 10.1.0.7 fa:16:3e:e2:4f:66 unknown lease
Oct 18 09:25:02.937346 podb-esxi207 dnsmasq[3593300]: read /opt/stack/data/neutron/dhcp/6e7e3e36-2160-4133-bf7a-ad01c1e0f765/addn_hosts - 2 names
Oct 18 09:25:02.937452 podb-esxi207 dnsmasq-dhcp[3593300]: read /opt/stack/data/neutron/dhcp/6e7e3e36-2160-4133-bf7a-ad01c1e0f765/host
Oct 18 09:25:02.937598 podb-esxi207 dnsmasq-dhcp[3593300]: read /opt/stack/data/neutron/dhcp/6e7e3e36-2160-4133-bf7a-ad01c1e0f765/opts
Oct 18 09:25:07.347422 podb-esxi207 dnsmasq-dhcp[3593300]: DHCPRELEASE(tap48542a1b-56) 10.1.0.1 fa:16:3e:79:74:d0
Oct 18 09:25:08.169576 podb-esxi207 dnsmasq[3593300]: read /opt/stack/data/neutron/dhcp/6e7e3e36-2160-4133-bf7a-ad01c1e0f765/addn_hosts - 0 names
Oct 18 09:25:08.169641 podb-esxi207 dnsmasq-dhcp[3593300]: read /opt/stack/data/neutron/dhcp/6e7e3e36-2160-4133-bf7a-ad01c1e0f765/host
Oct 18 09:25:08.169699 podb-esxi207 dnsmasq-dhcp[3593300]: read /opt/stack/data/neutron/dhcp/6e7e3e36-2160-4133-bf7a-ad01c1e0f765/opts
Oct 18 09:25:08.894287 podb-esxi207 dnsmasq[3593300]: exiting on receipt of SIGTERM
Oct 18 09:25:11.168034 podb-esxi207 dnsmasq-dhcp[3605141]: DHCPDISCOVER(tape007af18-13) fa:16:3e:c5:5e:14
Oct 18 09:25:11.168068 podb-esxi207 dnsmasq-dhcp[3605141]: DHCPOFFER(tape007af18-13) 10.1.0.10 fa:16:3e:c5:5e:14
Oct 18 09:25:11.180500 podb-esxi207 dnsmasq-dhcp[3605141]: DHCPREQUEST(tape007af18-13) 10.1.0.10 fa:16:3e:c5:5e:14
Oct 18 09:25:11.180539 podb-esxi207 dnsmasq-dhcp[3605141]: DHCPACK(tape007af18-13) 10.1.0.10 fa:16:3e:c5:5e:14 host-10-1-0-10
Oct 18 09:25:12.411178 podb-esxi207 dnsmasq[3606192]: started, version 2.90 cachesize 150
Oct 18 09:25:12.411204 podb-esxi207 dnsmasq[3606192]: DNS service limited to local subnets
Oct 18 09:25:12.411218 podb-esxi207 dnsmasq[3606192]: compile time options: IPv6 GNU-getopt DBus no-UBus i18n IDN2 DHCP DHCPv6 no-Lua TFTP conntrack ipset no-nftset auth cryptohash DNSSEC loop-detect inotify dumpfile
Oct 18 09:25:12.411253 podb-esxi207 dnsmasq-dhcp[3606192]: DHCP, static leases only on 10.1.0.0, lease time 1d
Oct 18 09:25:12.411402 podb-esxi207 dnsmasq[3606192]: reading /etc/resolv.conf
Oct 18 09:25:12.411418 podb-esxi207 dnsmasq[3606192]: using nameserver 127.0.0.53#53
Oct 18 09:25:12.411502 podb-esxi207 dnsmasq[3606192]: read /opt/stack/data/neutron/dhcp/01864b1c-ae2d-4c0f-b225-ca0276285318/addn_hosts - 0 names
Oct 18 09:25:12.411551 podb-esxi207 dnsmasq-dhcp[3606192]: read /opt/stack/data/neutron/dhcp/01864b1c-ae2d-4c0f-b225-ca0276285318/host
Oct 18 09:25:12.411620 podb-esxi207 dnsmasq-dhcp[3606192]: read /opt/stack/data/neutron/dhcp/01864b1c-ae2d-4c0f-b225-ca0276285318/opts
Oct 18 09:25:12.944273 podb-esxi207 dnsmasq-dhcp[3602406]: DHCPRELEASE(tapb0e370c3-35) 10.1.0.8 fa:16:3e:fc:9b:2e
Oct 18 09:25:12.958784 podb-esxi207 dnsmasq-dhcp[3602406]: DHCPRELEASE(tapb0e370c3-35) 10.1.0.8 fa:16:3e:fc:9b:2e unknown lease
Oct 18 09:25:13.782628 podb-esxi207 dnsmasq[3602406]: read /opt/stack/data/neutron/dhcp/c396a17f-cb65-43d1-abc8-dd8bd57d2952/addn_hosts - 4 names
Oct 18 09:25:13.782723 podb-esxi207 dnsmasq-dhcp[3602406]: read /opt/stack/data/neutron/dhcp/c396a17f-cb65-43d1-abc8-dd8bd57d2952/host
Oct 18 09:25:13.782830 podb-esxi207 dnsmasq-dhcp[3602406]: read /opt/stack/data/neutron/dhcp/c396a17f-cb65-43d1-abc8-dd8bd57d2952/opts
Oct 18 09:25:15.045593 podb-esxi207 dnsmasq[3606192]: read /opt/stack/data/neutron/dhcp/01864b1c-ae2d-4c0f-b225-ca0276285318/addn_hosts - 2 names
Oct 18 09:25:15.045681 podb-esxi207 dnsmasq-dhcp[3606192]: read /opt/stack/data/neutron/dhcp/01864b1c-ae2d-4c0f-b225-ca0276285318/host
Oct 18 09:25:15.045748 podb-esxi207 dnsmasq-dhcp[3606192]: read /opt/stack/data/neutron/dhcp/01864b1c-ae2d-4c0f-b225-ca0276285318/opts
Oct 18 09:25:16.294272 podb-esxi207 dnsmasq[3606192]: read /opt/stack/data/neutron/dhcp/01864b1c-ae2d-4c0f-b225-ca0276285318/addn_hosts - 2 names
Oct 18 09:25:16.294390 podb-esxi207 dnsmasq-dhcp[3606192]: read /opt/stack/data/neutron/dhcp/01864b1c-ae2d-4c0f-b225-ca0276285318/host
Oct 18 09:25:16.294515 podb-esxi207 dnsmasq-dhcp[3606192]: read /opt/stack/data/neutron/dhcp/01864b1c-ae2d-4c0f-b225-ca0276285318/opts
Oct 18 09:25:17.567083 podb-esxi207 dnsmasq[3606192]: read /opt/stack/data/neutron/dhcp/01864b1c-ae2d-4c0f-b225-ca0276285318/addn_hosts - 2 names
Oct 18 09:25:17.567180 podb-esxi207 dnsmasq-dhcp[3606192]: read /opt/stack/data/neutron/dhcp/01864b1c-ae2d-4c0f-b225-ca0276285318/host
Oct 18 09:25:17.567277 podb-esxi207 dnsmasq-dhcp[3606192]: read /opt/stack/data/neutron/dhcp/01864b1c-ae2d-4c0f-b225-ca0276285318/opts
Oct 18 09:25:37.425134 podb-esxi207 dnsmasq[3606192]: read /opt/stack/data/neutron/dhcp/01864b1c-ae2d-4c0f-b225-ca0276285318/addn_hosts - 4 names
Oct 18 09:25:37.425273 podb-esxi207 dnsmasq-dhcp[3606192]: read /opt/stack/data/neutron/dhcp/01864b1c-ae2d-4c0f-b225-ca0276285318/host
Oct 18 09:25:37.425397 podb-esxi207 dnsmasq-dhcp[3606192]: read /opt/stack/data/neutron/dhcp/01864b1c-ae2d-4c0f-b225-ca0276285318/opts
Oct 18 09:25:48.373589 podb-esxi207 dnsmasq-dhcp[3602406]: DHCPRELEASE(tapb0e370c3-35) 10.1.0.9 fa:16:3e:f9:03:dd
Oct 18 09:25:48.388575 podb-esxi207 dnsmasq-dhcp[3602406]: DHCPRELEASE(tapb0e370c3-35) 10.1.0.9 fa:16:3e:f9:03:dd unknown lease
Oct 18 09:25:49.211883 podb-esxi207 dnsmasq[3602406]: read /opt/stack/data/neutron/dhcp/c396a17f-cb65-43d1-abc8-dd8bd57d2952/addn_hosts - 2 names
Oct 18 09:25:49.211966 podb-esxi207 dnsmasq-dhcp[3602406]: read /opt/stack/data/neutron/dhcp/c396a17f-cb65-43d1-abc8-dd8bd57d2952/host
Oct 18 09:25:49.212072 podb-esxi207 dnsmasq-dhcp[3602406]: read /opt/stack/data/neutron/dhcp/c396a17f-cb65-43d1-abc8-dd8bd57d2952/opts
Oct 18 09:25:59.781924 podb-esxi207 dnsmasq[3602406]: read /opt/stack/data/neutron/dhcp/c396a17f-cb65-43d1-abc8-dd8bd57d2952/addn_hosts - 4 names
Oct 18 09:25:59.782035 podb-esxi207 dnsmasq-dhcp[3602406]: read /opt/stack/data/neutron/dhcp/c396a17f-cb65-43d1-abc8-dd8bd57d2952/host
Oct 18 09:25:59.782141 podb-esxi207 dnsmasq-dhcp[3602406]: read /opt/stack/data/neutron/dhcp/c396a17f-cb65-43d1-abc8-dd8bd57d2952/opts
Oct 18 09:26:06.296972 podb-esxi207 dnsmasq-dhcp[3606192]: DHCPDISCOVER(tap8d7d6147-b3) fa:16:3e:06:fd:26
Oct 18 09:26:06.297001 podb-esxi207 dnsmasq-dhcp[3606192]: DHCPOFFER(tap8d7d6147-b3) 10.1.0.5 fa:16:3e:06:fd:26
Oct 18 09:26:06.308959 podb-esxi207 dnsmasq-dhcp[3606192]: DHCPREQUEST(tap8d7d6147-b3) 10.1.0.5 fa:16:3e:06:fd:26
Oct 18 09:26:06.308996 podb-esxi207 dnsmasq-dhcp[3606192]: DHCPACK(tap8d7d6147-b3) 10.1.0.5 fa:16:3e:06:fd:26 host-10-1-0-5
Oct 18 09:26:22.302177 podb-esxi207 dnsmasq-dhcp[3602406]: DHCPDISCOVER(tapb0e370c3-35) fa:16:3e:b4:70:ff
Oct 18 09:26:22.302205 podb-esxi207 dnsmasq-dhcp[3602406]: DHCPOFFER(tapb0e370c3-35) 10.1.0.11 fa:16:3e:b4:70:ff
Oct 18 09:26:22.313232 podb-esxi207 dnsmasq-dhcp[3602406]: DHCPREQUEST(tapb0e370c3-35) 10.1.0.11 fa:16:3e:b4:70:ff
Oct 18 09:26:22.313265 podb-esxi207 dnsmasq-dhcp[3602406]: DHCPACK(tapb0e370c3-35) 10.1.0.11 fa:16:3e:b4:70:ff host-10-1-0-11
Oct 18 09:26:53.776829 podb-esxi207 dnsmasq-dhcp[3605141]: DHCPREQUEST(tape007af18-13) 10.1.0.10 fa:16:3e:c5:5e:14
Oct 18 09:26:53.776865 podb-esxi207 dnsmasq-dhcp[3605141]: DHCPACK(tape007af18-13) 10.1.0.10 fa:16:3e:c5:5e:14 host-10-1-0-10
Oct 18 09:27:37.625398 podb-esxi207 dnsmasq-dhcp[3606192]: DHCPDISCOVER(tap8d7d6147-b3) fa:16:3e:06:fd:26
Oct 18 09:27:37.625424 podb-esxi207 dnsmasq-dhcp[3606192]: DHCPOFFER(tap8d7d6147-b3) 10.1.0.5 fa:16:3e:06:fd:26
Oct 18 09:27:37.637273 podb-esxi207 dnsmasq-dhcp[3606192]: DHCPREQUEST(tap8d7d6147-b3) 10.1.0.5 fa:16:3e:06:fd:26
Oct 18 09:27:37.637301 podb-esxi207 dnsmasq-dhcp[3606192]: DHCPACK(tap8d7d6147-b3) 10.1.0.5 fa:16:3e:06:fd:26 host-10-1-0-5
Oct 18 09:27:43.509695 podb-esxi207 dnsmasq-dhcp[3602406]: DHCPRELEASE(tapb0e370c3-35) 10.1.0.11 fa:16:3e:b4:70:ff
Oct 18 09:27:43.527241 podb-esxi207 dnsmasq-dhcp[3602406]: DHCPRELEASE(tapb0e370c3-35) 10.1.0.11 fa:16:3e:b4:70:ff unknown lease
Oct 18 09:27:44.349722 podb-esxi207 dnsmasq[3602406]: read /opt/stack/data/neutron/dhcp/c396a17f-cb65-43d1-abc8-dd8bd57d2952/addn_hosts - 2 names
Oct 18 09:27:44.349850 podb-esxi207 dnsmasq-dhcp[3602406]: read /opt/stack/data/neutron/dhcp/c396a17f-cb65-43d1-abc8-dd8bd57d2952/host
Oct 18 09:27:44.349951 podb-esxi207 dnsmasq-dhcp[3602406]: read /opt/stack/data/neutron/dhcp/c396a17f-cb65-43d1-abc8-dd8bd57d2952/opts
Oct 18 09:27:55.711379 podb-esxi207 dnsmasq[3602406]: read /opt/stack/data/neutron/dhcp/c396a17f-cb65-43d1-abc8-dd8bd57d2952/addn_hosts - 4 names
Oct 18 09:27:55.711476 podb-esxi207 dnsmasq-dhcp[3602406]: read /opt/stack/data/neutron/dhcp/c396a17f-cb65-43d1-abc8-dd8bd57d2952/host
Oct 18 09:27:55.711547 podb-esxi207 dnsmasq-dhcp[3602406]: read /opt/stack/data/neutron/dhcp/c396a17f-cb65-43d1-abc8-dd8bd57d2952/opts
Oct 18 09:27:58.191607 podb-esxi207 dnsmasq-dhcp[3605141]: DHCPRELEASE(tape007af18-13) 10.1.0.10 fa:16:3e:c5:5e:14
Oct 18 09:27:58.208392 podb-esxi207 dnsmasq-dhcp[3605141]: DHCPRELEASE(tape007af18-13) 10.1.0.10 fa:16:3e:c5:5e:14 unknown lease
Oct 18 09:27:59.032749 podb-esxi207 dnsmasq[3605141]: read /opt/stack/data/neutron/dhcp/1f227227-8fa9-4c99-83b2-f07792c490c5/addn_hosts - 2 names
Oct 18 09:27:59.032869 podb-esxi207 dnsmasq-dhcp[3605141]: read /opt/stack/data/neutron/dhcp/1f227227-8fa9-4c99-83b2-f07792c490c5/host
Oct 18 09:27:59.032984 podb-esxi207 dnsmasq-dhcp[3605141]: read /opt/stack/data/neutron/dhcp/1f227227-8fa9-4c99-83b2-f07792c490c5/opts
Oct 18 09:28:09.970855 podb-esxi207 dnsmasq[3605141]: read /opt/stack/data/neutron/dhcp/1f227227-8fa9-4c99-83b2-f07792c490c5/addn_hosts - 4 names
Oct 18 09:28:09.970947 podb-esxi207 dnsmasq-dhcp[3605141]: read /opt/stack/data/neutron/dhcp/1f227227-8fa9-4c99-83b2-f07792c490c5/host
Oct 18 09:28:09.971018 podb-esxi207 dnsmasq-dhcp[3605141]: read /opt/stack/data/neutron/dhcp/1f227227-8fa9-4c99-83b2-f07792c490c5/opts
Oct 18 09:28:14.674485 podb-esxi207 dnsmasq-dhcp[3606192]: DHCPRELEASE(tap8d7d6147-b3) 10.1.0.5 fa:16:3e:06:fd:26
Oct 18 09:28:14.690148 podb-esxi207 dnsmasq-dhcp[3606192]: DHCPRELEASE(tap8d7d6147-b3) 10.1.0.5 fa:16:3e:06:fd:26 unknown lease
Oct 18 09:28:15.513306 podb-esxi207 dnsmasq[3606192]: read /opt/stack/data/neutron/dhcp/01864b1c-ae2d-4c0f-b225-ca0276285318/addn_hosts - 2 names
Oct 18 09:28:15.513408 podb-esxi207 dnsmasq-dhcp[3606192]: read /opt/stack/data/neutron/dhcp/01864b1c-ae2d-4c0f-b225-ca0276285318/host
Oct 18 09:28:15.513515 podb-esxi207 dnsmasq-dhcp[3606192]: read /opt/stack/data/neutron/dhcp/01864b1c-ae2d-4c0f-b225-ca0276285318/opts
Oct 18 09:28:22.268769 podb-esxi207 dnsmasq[3606192]: read /opt/stack/data/neutron/dhcp/01864b1c-ae2d-4c0f-b225-ca0276285318/addn_hosts - 0 names
Oct 18 09:28:22.268880 podb-esxi207 dnsmasq-dhcp[3606192]: read /opt/stack/data/neutron/dhcp/01864b1c-ae2d-4c0f-b225-ca0276285318/host
Oct 18 09:28:22.268998 podb-esxi207 dnsmasq-dhcp[3606192]: read /opt/stack/data/neutron/dhcp/01864b1c-ae2d-4c0f-b225-ca0276285318/opts
Oct 18 09:28:22.863966 podb-esxi207 dnsmasq-dhcp[3602406]: DHCPDISCOVER(tapb0e370c3-35) fa:16:3e:af:43:6d
Oct 18 09:28:22.863990 podb-esxi207 dnsmasq-dhcp[3602406]: DHCPOFFER(tapb0e370c3-35) 10.1.0.5 fa:16:3e:af:43:6d
Oct 18 09:28:22.889072 podb-esxi207 dnsmasq-dhcp[3602406]: DHCPREQUEST(tapb0e370c3-35) 10.1.0.5 fa:16:3e:af:43:6d
Oct 18 09:28:22.889103 podb-esxi207 dnsmasq-dhcp[3602406]: DHCPACK(tapb0e370c3-35) 10.1.0.5 fa:16:3e:af:43:6d host-10-1-0-5
Oct 18 09:28:23.010362 podb-esxi207 dnsmasq[3606192]: exiting on receipt of SIGTERM
Oct 18 09:28:26.636848 podb-esxi207 dnsmasq[3609928]: started, version 2.90 cachesize 150
Oct 18 09:28:26.636870 podb-esxi207 dnsmasq[3609928]: DNS service limited to local subnets
Oct 18 09:28:26.636885 podb-esxi207 dnsmasq[3609928]: compile time options: IPv6 GNU-getopt DBus no-UBus i18n IDN2 DHCP DHCPv6 no-Lua TFTP conntrack ipset no-nftset auth cryptohash DNSSEC loop-detect inotify dumpfile
Oct 18 09:28:26.636921 podb-esxi207 dnsmasq-dhcp[3609928]: DHCP, static leases only on 10.1.0.0, lease time 1d
Oct 18 09:28:26.637361 podb-esxi207 dnsmasq[3609928]: reading /etc/resolv.conf
Oct 18 09:28:26.637378 podb-esxi207 dnsmasq[3609928]: using nameserver 127.0.0.53#53
Oct 18 09:28:26.637469 podb-esxi207 dnsmasq[3609928]: read /opt/stack/data/neutron/dhcp/b2a492a1-f5bd-49ee-824b-9f8c50761e89/addn_hosts - 0 names
Oct 18 09:28:26.637518 podb-esxi207 dnsmasq-dhcp[3609928]: read /opt/stack/data/neutron/dhcp/b2a492a1-f5bd-49ee-824b-9f8c50761e89/host
Oct 18 09:28:26.637583 podb-esxi207 dnsmasq-dhcp[3609928]: read /opt/stack/data/neutron/dhcp/b2a492a1-f5bd-49ee-824b-9f8c50761e89/opts
