Oct 18 10:02:57.057588 podb-esxi207 dnsmasq-dhcp[3637771]: DHCPRELEASE(tapb54dcd1d-ea) 10.1.0.10 fa:16:3e:6c:f4:54
Oct 18 10:02:57.073197 podb-esxi207 dnsmasq-dhcp[3637771]: DHCPRELEASE(tapb54dcd1d-ea) 10.1.0.10 fa:16:3e:6c:f4:54 unknown lease
Oct 18 10:02:57.897415 podb-esxi207 dnsmasq[3637771]: read /opt/stack/data/neutron/dhcp/c9496482-3a0e-4516-b50d-65076f073936/addn_hosts - 4 names
Oct 18 10:02:57.897525 podb-esxi207 dnsmasq-dhcp[3637771]: read /opt/stack/data/neutron/dhcp/c9496482-3a0e-4516-b50d-65076f073936/host
Oct 18 10:02:57.897628 podb-esxi207 dnsmasq-dhcp[3637771]: read /opt/stack/data/neutron/dhcp/c9496482-3a0e-4516-b50d-65076f073936/opts
Oct 18 10:03:22.463974 podb-esxi207 dnsmasq-dhcp[3638968]: DHCPRELEASE(tapcc2d082a-1c) 10.1.0.5 fa:16:3e:58:c8:ff
Oct 18 10:03:22.482997 podb-esxi207 dnsmasq-dhcp[3638968]: DHCPRELEASE(tapcc2d082a-1c) 10.1.0.5 fa:16:3e:58:c8:ff unknown lease
Oct 18 10:03:23.308285 podb-esxi207 dnsmasq[3638968]: read /opt/stack/data/neutron/dhcp/65ce2ead-a14b-4c5c-a153-5036d63fa274/addn_hosts - 2 names
Oct 18 10:03:23.308414 podb-esxi207 dnsmasq-dhcp[3638968]: read /opt/stack/data/neutron/dhcp/65ce2ead-a14b-4c5c-a153-5036d63fa274/host
Oct 18 10:03:23.308523 podb-esxi207 dnsmasq-dhcp[3638968]: read /opt/stack/data/neutron/dhcp/65ce2ead-a14b-4c5c-a153-5036d63fa274/opts
Oct 18 10:03:43.211815 podb-esxi207 dnsmasq-dhcp[3637771]: DHCPRELEASE(tapb54dcd1d-ea) 10.1.0.9 fa:16:3e:82:9d:87
Oct 18 10:03:43.227018 podb-esxi207 dnsmasq-dhcp[3637771]: DHCPRELEASE(tapb54dcd1d-ea) 10.1.0.9 fa:16:3e:82:9d:87 unknown lease
Oct 18 10:03:44.051212 podb-esxi207 dnsmasq[3637771]: read /opt/stack/data/neutron/dhcp/c9496482-3a0e-4516-b50d-65076f073936/addn_hosts - 2 names
Oct 18 10:03:44.051350 podb-esxi207 dnsmasq-dhcp[3637771]: read /opt/stack/data/neutron/dhcp/c9496482-3a0e-4516-b50d-65076f073936/host
Oct 18 10:03:44.051464 podb-esxi207 dnsmasq-dhcp[3637771]: read /opt/stack/data/neutron/dhcp/c9496482-3a0e-4516-b50d-65076f073936/opts
Oct 18 10:03:46.934805 podb-esxi207 dnsmasq[3638968]: read /opt/stack/data/neutron/dhcp/65ce2ead-a14b-4c5c-a153-5036d63fa274/addn_hosts - 0 names
Oct 18 10:03:46.934880 podb-esxi207 dnsmasq-dhcp[3638968]: read /opt/stack/data/neutron/dhcp/65ce2ead-a14b-4c5c-a153-5036d63fa274/host
Oct 18 10:03:46.934932 podb-esxi207 dnsmasq-dhcp[3638968]: read /opt/stack/data/neutron/dhcp/65ce2ead-a14b-4c5c-a153-5036d63fa274/opts
Oct 18 10:03:47.997313 podb-esxi207 dnsmasq[3638968]: exiting on receipt of SIGTERM
Oct 18 10:03:48.606911 podb-esxi207 dnsmasq-dhcp[3639345]: DHCPRELEASE(tap51891dda-c6) 10.1.0.1 fa:16:3e:bd:55:0a
Oct 18 10:03:49.432067 podb-esxi207 dnsmasq[3639345]: read /opt/stack/data/neutron/dhcp/eaa02dbe-2fae-4a1a-b396-89f18b21479e/addn_hosts - 0 names
Oct 18 10:03:49.432149 podb-esxi207 dnsmasq-dhcp[3639345]: read /opt/stack/data/neutron/dhcp/eaa02dbe-2fae-4a1a-b396-89f18b21479e/host
Oct 18 10:03:49.432245 podb-esxi207 dnsmasq-dhcp[3639345]: read /opt/stack/data/neutron/dhcp/eaa02dbe-2fae-4a1a-b396-89f18b21479e/opts
Oct 18 10:03:50.319407 podb-esxi207 dnsmasq[3639345]: exiting on receipt of SIGTERM
Oct 18 10:03:52.023010 podb-esxi207 dnsmasq[3637771]: read /opt/stack/data/neutron/dhcp/c9496482-3a0e-4516-b50d-65076f073936/addn_hosts - 0 names
Oct 18 10:03:52.023087 podb-esxi207 dnsmasq-dhcp[3637771]: read /opt/stack/data/neutron/dhcp/c9496482-3a0e-4516-b50d-65076f073936/host
Oct 18 10:03:52.023140 podb-esxi207 dnsmasq-dhcp[3637771]: read /opt/stack/data/neutron/dhcp/c9496482-3a0e-4516-b50d-65076f073936/opts
Oct 18 10:03:54.916806 podb-esxi207 dnsmasq[3642199]: started, version 2.90 cachesize 150
Oct 18 10:03:54.916830 podb-esxi207 dnsmasq[3642199]: DNS service limited to local subnets
Oct 18 10:03:54.916847 podb-esxi207 dnsmasq[3642199]: compile time options: IPv6 GNU-getopt DBus no-UBus i18n IDN2 DHCP DHCPv6 no-Lua TFTP conntrack ipset no-nftset auth cryptohash DNSSEC loop-detect inotify dumpfile
Oct 18 10:03:54.916890 podb-esxi207 dnsmasq-dhcp[3642199]: DHCP, static leases only on 10.1.0.0, lease time 1d
Oct 18 10:03:54.917052 podb-esxi207 dnsmasq[3642199]: reading /etc/resolv.conf
Oct 18 10:03:54.917069 podb-esxi207 dnsmasq[3642199]: using nameserver 127.0.0.53#53
Oct 18 10:03:54.917157 podb-esxi207 dnsmasq[3642199]: read /opt/stack/data/neutron/dhcp/6f39aacf-08eb-47ea-8189-0f861bcb75c5/addn_hosts - 0 names
Oct 18 10:03:54.917211 podb-esxi207 dnsmasq-dhcp[3642199]: read /opt/stack/data/neutron/dhcp/6f39aacf-08eb-47ea-8189-0f861bcb75c5/host
Oct 18 10:03:54.917272 podb-esxi207 dnsmasq-dhcp[3642199]: read /opt/stack/data/neutron/dhcp/6f39aacf-08eb-47ea-8189-0f861bcb75c5/opts
Oct 18 10:03:56.465357 podb-esxi207 dnsmasq[3638061]: read /opt/stack/data/neutron/dhcp/c9a8e265-db65-4899-a97c-4f23b5c4d295/addn_hosts - 0 names
Oct 18 10:03:56.465458 podb-esxi207 dnsmasq-dhcp[3638061]: read /opt/stack/data/neutron/dhcp/c9a8e265-db65-4899-a97c-4f23b5c4d295/host
Oct 18 10:03:56.465547 podb-esxi207 dnsmasq-dhcp[3638061]: read /opt/stack/data/neutron/dhcp/c9a8e265-db65-4899-a97c-4f23b5c4d295/opts
Oct 18 10:03:57.712962 podb-esxi207 dnsmasq[3642199]: read /opt/stack/data/neutron/dhcp/6f39aacf-08eb-47ea-8189-0f861bcb75c5/addn_hosts - 2 names
Oct 18 10:03:57.713076 podb-esxi207 dnsmasq-dhcp[3642199]: read /opt/stack/data/neutron/dhcp/6f39aacf-08eb-47ea-8189-0f861bcb75c5/host
Oct 18 10:03:57.713198 podb-esxi207 dnsmasq-dhcp[3642199]: read /opt/stack/data/neutron/dhcp/6f39aacf-08eb-47ea-8189-0f861bcb75c5/opts
Oct 18 10:03:58.473399 podb-esxi207 dnsmasq[3637771]: exiting on receipt of SIGTERM
Oct 18 10:04:02.246710 podb-esxi207 dnsmasq[3642639]: started, version 2.90 cachesize 150
Oct 18 10:04:02.246736 podb-esxi207 dnsmasq[3642639]: DNS service limited to local subnets
Oct 18 10:04:02.246787 podb-esxi207 dnsmasq[3642639]: compile time options: IPv6 GNU-getopt DBus no-UBus i18n IDN2 DHCP DHCPv6 no-Lua TFTP conntrack ipset no-nftset auth cryptohash DNSSEC loop-detect inotify dumpfile
Oct 18 10:04:02.246838 podb-esxi207 dnsmasq-dhcp[3642639]: DHCP, static leases only on 10.1.0.0, lease time 1d
Oct 18 10:04:02.247011 podb-esxi207 dnsmasq[3642639]: reading /etc/resolv.conf
Oct 18 10:04:02.247027 podb-esxi207 dnsmasq[3642639]: using nameserver 127.0.0.53#53
Oct 18 10:04:02.247164 podb-esxi207 dnsmasq[3642639]: read /opt/stack/data/neutron/dhcp/eb534fb8-b3b9-4a5c-a1af-954399aab880/addn_hosts - 2 names
Oct 18 10:04:02.247229 podb-esxi207 dnsmasq-dhcp[3642639]: read /opt/stack/data/neutron/dhcp/eb534fb8-b3b9-4a5c-a1af-954399aab880/host
Oct 18 10:04:02.247310 podb-esxi207 dnsmasq-dhcp[3642639]: read /opt/stack/data/neutron/dhcp/eb534fb8-b3b9-4a5c-a1af-954399aab880/opts
Oct 18 10:04:02.275693 podb-esxi207 dnsmasq[3638061]: exiting on receipt of SIGTERM
Oct 18 10:04:03.392678 podb-esxi207 dnsmasq[3642199]: read /opt/stack/data/neutron/dhcp/6f39aacf-08eb-47ea-8189-0f861bcb75c5/addn_hosts - 2 names
Oct 18 10:04:03.392804 podb-esxi207 dnsmasq-dhcp[3642199]: read /opt/stack/data/neutron/dhcp/6f39aacf-08eb-47ea-8189-0f861bcb75c5/host
Oct 18 10:04:03.392922 podb-esxi207 dnsmasq-dhcp[3642199]: read /opt/stack/data/neutron/dhcp/6f39aacf-08eb-47ea-8189-0f861bcb75c5/opts
Oct 18 10:04:05.158212 podb-esxi207 dnsmasq[3642639]: read /opt/stack/data/neutron/dhcp/eb534fb8-b3b9-4a5c-a1af-954399aab880/addn_hosts - 2 names
Oct 18 10:04:05.158327 podb-esxi207 dnsmasq-dhcp[3642639]: read /opt/stack/data/neutron/dhcp/eb534fb8-b3b9-4a5c-a1af-954399aab880/host
Oct 18 10:04:05.158442 podb-esxi207 dnsmasq-dhcp[3642639]: read /opt/stack/data/neutron/dhcp/eb534fb8-b3b9-4a5c-a1af-954399aab880/opts
Oct 18 10:04:05.917820 podb-esxi207 dnsmasq[3642199]: read /opt/stack/data/neutron/dhcp/6f39aacf-08eb-47ea-8189-0f861bcb75c5/addn_hosts - 2 names
Oct 18 10:04:05.917960 podb-esxi207 dnsmasq-dhcp[3642199]: read /opt/stack/data/neutron/dhcp/6f39aacf-08eb-47ea-8189-0f861bcb75c5/host
Oct 18 10:04:05.918074 podb-esxi207 dnsmasq-dhcp[3642199]: read /opt/stack/data/neutron/dhcp/6f39aacf-08eb-47ea-8189-0f861bcb75c5/opts
Oct 18 10:04:07.180290 podb-esxi207 dnsmasq[3642639]: read /opt/stack/data/neutron/dhcp/eb534fb8-b3b9-4a5c-a1af-954399aab880/addn_hosts - 2 names
Oct 18 10:04:07.180383 podb-esxi207 dnsmasq-dhcp[3642639]: read /opt/stack/data/neutron/dhcp/eb534fb8-b3b9-4a5c-a1af-954399aab880/host
Oct 18 10:04:07.180456 podb-esxi207 dnsmasq-dhcp[3642639]: read /opt/stack/data/neutron/dhcp/eb534fb8-b3b9-4a5c-a1af-954399aab880/opts
Oct 18 10:04:07.935171 podb-esxi207 dnsmasq[3642199]: read /opt/stack/data/neutron/dhcp/6f39aacf-08eb-47ea-8189-0f861bcb75c5/addn_hosts - 4 names
Oct 18 10:04:07.935300 podb-esxi207 dnsmasq-dhcp[3642199]: read /opt/stack/data/neutron/dhcp/6f39aacf-08eb-47ea-8189-0f861bcb75c5/host
Oct 18 10:04:07.935415 podb-esxi207 dnsmasq-dhcp[3642199]: read /opt/stack/data/neutron/dhcp/6f39aacf-08eb-47ea-8189-0f861bcb75c5/opts
Oct 18 10:04:09.197627 podb-esxi207 dnsmasq[3642639]: read /opt/stack/data/neutron/dhcp/eb534fb8-b3b9-4a5c-a1af-954399aab880/addn_hosts - 2 names
Oct 18 10:04:09.197751 podb-esxi207 dnsmasq-dhcp[3642639]: read /opt/stack/data/neutron/dhcp/eb534fb8-b3b9-4a5c-a1af-954399aab880/host
Oct 18 10:04:09.197877 podb-esxi207 dnsmasq-dhcp[3642639]: read /opt/stack/data/neutron/dhcp/eb534fb8-b3b9-4a5c-a1af-954399aab880/opts
Oct 18 10:04:27.727296 podb-esxi207 dnsmasq-dhcp[3642199]: DHCPDISCOVER(tapc599f978-2e) fa:16:3e:b5:4e:f6
Oct 18 10:04:27.727322 podb-esxi207 dnsmasq-dhcp[3642199]: DHCPOFFER(tapc599f978-2e) 10.1.0.6 fa:16:3e:b5:4e:f6
Oct 18 10:04:27.736011 podb-esxi207 dnsmasq-dhcp[3642199]: DHCPREQUEST(tapc599f978-2e) 10.1.0.6 fa:16:3e:b5:4e:f6
Oct 18 10:04:27.736035 podb-esxi207 dnsmasq-dhcp[3642199]: DHCPACK(tapc599f978-2e) 10.1.0.6 fa:16:3e:b5:4e:f6 host-10-1-0-6
Oct 18 10:04:36.146247 podb-esxi207 dnsmasq[3642966]: started, version 2.90 cachesize 150
Oct 18 10:04:36.146272 podb-esxi207 dnsmasq[3642966]: DNS service limited to local subnets
Oct 18 10:04:36.146287 podb-esxi207 dnsmasq[3642966]: compile time options: IPv6 GNU-getopt DBus no-UBus i18n IDN2 DHCP DHCPv6 no-Lua TFTP conntrack ipset no-nftset auth cryptohash DNSSEC loop-detect inotify dumpfile
Oct 18 10:04:36.146331 podb-esxi207 dnsmasq-dhcp[3642966]: DHCP, static leases only on 10.1.0.0, lease time 1d
Oct 18 10:04:36.146486 podb-esxi207 dnsmasq[3642966]: reading /etc/resolv.conf
Oct 18 10:04:36.146502 podb-esxi207 dnsmasq[3642966]: using nameserver 127.0.0.53#53
Oct 18 10:04:36.146588 podb-esxi207 dnsmasq[3642966]: read /opt/stack/data/neutron/dhcp/46a9a867-322f-48b0-b9d9-9fed76c32add/addn_hosts - 0 names
Oct 18 10:04:36.146639 podb-esxi207 dnsmasq-dhcp[3642966]: read /opt/stack/data/neutron/dhcp/46a9a867-322f-48b0-b9d9-9fed76c32add/host
Oct 18 10:04:36.146704 podb-esxi207 dnsmasq-dhcp[3642966]: read /opt/stack/data/neutron/dhcp/46a9a867-322f-48b0-b9d9-9fed76c32add/opts
Oct 18 10:04:37.693750 podb-esxi207 dnsmasq[3642966]: read /opt/stack/data/neutron/dhcp/46a9a867-322f-48b0-b9d9-9fed76c32add/addn_hosts - 2 names
Oct 18 10:04:37.693837 podb-esxi207 dnsmasq-dhcp[3642966]: read /opt/stack/data/neutron/dhcp/46a9a867-322f-48b0-b9d9-9fed76c32add/host
Oct 18 10:04:37.693950 podb-esxi207 dnsmasq-dhcp[3642966]: read /opt/stack/data/neutron/dhcp/46a9a867-322f-48b0-b9d9-9fed76c32add/opts
Oct 18 10:04:40.575713 podb-esxi207 dnsmasq[3643602]: started, version 2.90 cachesize 150
Oct 18 10:04:40.575740 podb-esxi207 dnsmasq[3643602]: DNS service limited to local subnets
Oct 18 10:04:40.575756 podb-esxi207 dnsmasq[3643602]: compile time options: IPv6 GNU-getopt DBus no-UBus i18n IDN2 DHCP DHCPv6 no-Lua TFTP conntrack ipset no-nftset auth cryptohash DNSSEC loop-detect inotify dumpfile
Oct 18 10:04:40.575792 podb-esxi207 dnsmasq-dhcp[3643602]: DHCP, static leases only on 10.1.0.0, lease time 1d
Oct 18 10:04:40.575948 podb-esxi207 dnsmasq[3643602]: reading /etc/resolv.conf
Oct 18 10:04:40.575965 podb-esxi207 dnsmasq[3643602]: using nameserver 127.0.0.53#53
Oct 18 10:04:40.576068 podb-esxi207 dnsmasq[3643602]: read /opt/stack/data/neutron/dhcp/ced67218-9e15-4812-921e-f9ca8c2924b5/addn_hosts - 2 names
Oct 18 10:04:40.576134 podb-esxi207 dnsmasq-dhcp[3643602]: read /opt/stack/data/neutron/dhcp/ced67218-9e15-4812-921e-f9ca8c2924b5/host
Oct 18 10:04:40.576200 podb-esxi207 dnsmasq-dhcp[3643602]: read /opt/stack/data/neutron/dhcp/ced67218-9e15-4812-921e-f9ca8c2924b5/opts
Oct 18 10:04:41.619224 podb-esxi207 dnsmasq[3642966]: read /opt/stack/data/neutron/dhcp/46a9a867-322f-48b0-b9d9-9fed76c32add/addn_hosts - 2 names
Oct 18 10:04:41.619335 podb-esxi207 dnsmasq-dhcp[3642966]: read /opt/stack/data/neutron/dhcp/46a9a867-322f-48b0-b9d9-9fed76c32add/host
Oct 18 10:04:41.619443 podb-esxi207 dnsmasq-dhcp[3642966]: read /opt/stack/data/neutron/dhcp/46a9a867-322f-48b0-b9d9-9fed76c32add/opts
Oct 18 10:04:42.885082 podb-esxi207 dnsmasq[3643602]: read /opt/stack/data/neutron/dhcp/ced67218-9e15-4812-921e-f9ca8c2924b5/addn_hosts - 2 names
Oct 18 10:04:42.885206 podb-esxi207 dnsmasq-dhcp[3643602]: read /opt/stack/data/neutron/dhcp/ced67218-9e15-4812-921e-f9ca8c2924b5/host
Oct 18 10:04:42.885297 podb-esxi207 dnsmasq-dhcp[3643602]: read /opt/stack/data/neutron/dhcp/ced67218-9e15-4812-921e-f9ca8c2924b5/opts
Oct 18 10:04:44.152291 podb-esxi207 dnsmasq[3642966]: read /opt/stack/data/neutron/dhcp/46a9a867-322f-48b0-b9d9-9fed76c32add/addn_hosts - 2 names
Oct 18 10:04:44.152374 podb-esxi207 dnsmasq-dhcp[3642966]: read /opt/stack/data/neutron/dhcp/46a9a867-322f-48b0-b9d9-9fed76c32add/host
Oct 18 10:04:44.152507 podb-esxi207 dnsmasq-dhcp[3642966]: read /opt/stack/data/neutron/dhcp/46a9a867-322f-48b0-b9d9-9fed76c32add/opts
Oct 18 10:04:44.904125 podb-esxi207 dnsmasq[3643602]: read /opt/stack/data/neutron/dhcp/ced67218-9e15-4812-921e-f9ca8c2924b5/addn_hosts - 2 names
Oct 18 10:04:44.904243 podb-esxi207 dnsmasq-dhcp[3643602]: read /opt/stack/data/neutron/dhcp/ced67218-9e15-4812-921e-f9ca8c2924b5/host
Oct 18 10:04:44.904353 podb-esxi207 dnsmasq-dhcp[3643602]: read /opt/stack/data/neutron/dhcp/ced67218-9e15-4812-921e-f9ca8c2924b5/opts
Oct 18 10:04:46.152754 podb-esxi207 dnsmasq[3643602]: read /opt/stack/data/neutron/dhcp/ced67218-9e15-4812-921e-f9ca8c2924b5/addn_hosts - 2 names
Oct 18 10:04:46.152849 podb-esxi207 dnsmasq-dhcp[3643602]: read /opt/stack/data/neutron/dhcp/ced67218-9e15-4812-921e-f9ca8c2924b5/host
Oct 18 10:04:46.152971 podb-esxi207 dnsmasq-dhcp[3643602]: read /opt/stack/data/neutron/dhcp/ced67218-9e15-4812-921e-f9ca8c2924b5/opts
Oct 18 10:05:58.268164 podb-esxi207 dnsmasq-dhcp[3642199]: DHCPRELEASE(tapc599f978-2e) 10.1.0.6 fa:16:3e:b5:4e:f6
Oct 18 10:05:58.284714 podb-esxi207 dnsmasq-dhcp[3642199]: DHCPRELEASE(tapc599f978-2e) 10.1.0.6 fa:16:3e:b5:4e:f6 unknown lease
Oct 18 10:05:59.110285 podb-esxi207 dnsmasq[3642199]: read /opt/stack/data/neutron/dhcp/6f39aacf-08eb-47ea-8189-0f861bcb75c5/addn_hosts - 2 names
Oct 18 10:05:59.110459 podb-esxi207 dnsmasq-dhcp[3642199]: read /opt/stack/data/neutron/dhcp/6f39aacf-08eb-47ea-8189-0f861bcb75c5/host
Oct 18 10:05:59.110593 podb-esxi207 dnsmasq-dhcp[3642199]: read /opt/stack/data/neutron/dhcp/6f39aacf-08eb-47ea-8189-0f861bcb75c5/opts
Oct 18 10:06:03.248735 podb-esxi207 dnsmasq[3642966]: read /opt/stack/data/neutron/dhcp/46a9a867-322f-48b0-b9d9-9fed76c32add/addn_hosts - 0 names
Oct 18 10:06:03.248811 podb-esxi207 dnsmasq-dhcp[3642966]: read /opt/stack/data/neutron/dhcp/46a9a867-322f-48b0-b9d9-9fed76c32add/host
Oct 18 10:06:03.248866 podb-esxi207 dnsmasq-dhcp[3642966]: read /opt/stack/data/neutron/dhcp/46a9a867-322f-48b0-b9d9-9fed76c32add/opts
Oct 18 10:06:04.041918 podb-esxi207 dnsmasq[3642199]: read /opt/stack/data/neutron/dhcp/6f39aacf-08eb-47ea-8189-0f861bcb75c5/addn_hosts - 0 names
Oct 18 10:06:04.042073 podb-esxi207 dnsmasq-dhcp[3642199]: read /opt/stack/data/neutron/dhcp/6f39aacf-08eb-47ea-8189-0f861bcb75c5/host
Oct 18 10:06:04.042197 podb-esxi207 dnsmasq-dhcp[3642199]: read /opt/stack/data/neutron/dhcp/6f39aacf-08eb-47ea-8189-0f861bcb75c5/opts
Oct 18 10:06:04.848774 podb-esxi207 dnsmasq[3642966]: exiting on receipt of SIGTERM
Oct 18 10:06:05.962391 podb-esxi207 dnsmasq-dhcp[3643602]: DHCPRELEASE(tapd344e46e-88) 10.1.0.1 fa:16:3e:d0:35:c1
Oct 18 10:06:06.786781 podb-esxi207 dnsmasq[3643602]: read /opt/stack/data/neutron/dhcp/ced67218-9e15-4812-921e-f9ca8c2924b5/addn_hosts - 0 names
Oct 18 10:06:06.786887 podb-esxi207 dnsmasq-dhcp[3643602]: read /opt/stack/data/neutron/dhcp/ced67218-9e15-4812-921e-f9ca8c2924b5/host
Oct 18 10:06:06.786942 podb-esxi207 dnsmasq-dhcp[3643602]: read /opt/stack/data/neutron/dhcp/ced67218-9e15-4812-921e-f9ca8c2924b5/opts
Oct 18 10:06:07.037579 podb-esxi207 dnsmasq-dhcp[3642639]: DHCPRELEASE(tap43c75a56-0c) 10.1.0.1 fa:16:3e:56:4b:a2
Oct 18 10:06:07.861187 podb-esxi207 dnsmasq[3642639]: read /opt/stack/data/neutron/dhcp/eb534fb8-b3b9-4a5c-a1af-954399aab880/addn_hosts - 0 names
Oct 18 10:06:07.861273 podb-esxi207 dnsmasq-dhcp[3642639]: read /opt/stack/data/neutron/dhcp/eb534fb8-b3b9-4a5c-a1af-954399aab880/host
Oct 18 10:06:07.861352 podb-esxi207 dnsmasq-dhcp[3642639]: read /opt/stack/data/neutron/dhcp/eb534fb8-b3b9-4a5c-a1af-954399aab880/opts
Oct 18 10:06:08.105971 podb-esxi207 dnsmasq[3642199]: exiting on receipt of SIGTERM
Oct 18 10:06:08.703565 podb-esxi207 dnsmasq[3643602]: exiting on receipt of SIGTERM
Oct 18 10:06:09.328133 podb-esxi207 dnsmasq[3642639]: exiting on receipt of SIGTERM
Oct 18 10:06:12.571995 podb-esxi207 dnsmasq[3644566]: started, version 2.90 cachesize 150
Oct 18 10:06:12.572027 podb-esxi207 dnsmasq[3644566]: DNS service limited to local subnets
Oct 18 10:06:12.572042 podb-esxi207 dnsmasq[3644566]: compile time options: IPv6 GNU-getopt DBus no-UBus i18n IDN2 DHCP DHCPv6 no-Lua TFTP conntrack ipset no-nftset auth cryptohash DNSSEC loop-detect inotify dumpfile
Oct 18 10:06:12.572088 podb-esxi207 dnsmasq-dhcp[3644566]: DHCP, static leases only on 10.1.0.0, lease time 1d
Oct 18 10:06:12.572243 podb-esxi207 dnsmasq[3644566]: reading /etc/resolv.conf
Oct 18 10:06:12.572260 podb-esxi207 dnsmasq[3644566]: using nameserver 127.0.0.53#53
Oct 18 10:06:12.572356 podb-esxi207 dnsmasq[3644566]: read /opt/stack/data/neutron/dhcp/81906d6b-687e-45fc-98d9-09d15015d9a1/addn_hosts - 0 names
Oct 18 10:06:12.572411 podb-esxi207 dnsmasq-dhcp[3644566]: read /opt/stack/data/neutron/dhcp/81906d6b-687e-45fc-98d9-09d15015d9a1/host
Oct 18 10:06:12.572477 podb-esxi207 dnsmasq-dhcp[3644566]: read /opt/stack/data/neutron/dhcp/81906d6b-687e-45fc-98d9-09d15015d9a1/opts
Oct 18 10:06:15.820643 podb-esxi207 dnsmasq[3644795]: started, version 2.90 cachesize 150
Oct 18 10:06:15.820673 podb-esxi207 dnsmasq[3644795]: DNS service limited to local subnets
Oct 18 10:06:15.820688 podb-esxi207 dnsmasq[3644795]: compile time options: IPv6 GNU-getopt DBus no-UBus i18n IDN2 DHCP DHCPv6 no-Lua TFTP conntrack ipset no-nftset auth cryptohash DNSSEC loop-detect inotify dumpfile
Oct 18 10:06:15.820724 podb-esxi207 dnsmasq-dhcp[3644795]: DHCP, static leases only on 10.1.0.0, lease time 1d
Oct 18 10:06:15.820877 podb-esxi207 dnsmasq[3644795]: reading /etc/resolv.conf
Oct 18 10:06:15.820894 podb-esxi207 dnsmasq[3644795]: using nameserver 127.0.0.53#53
Oct 18 10:06:15.820985 podb-esxi207 dnsmasq[3644795]: read /opt/stack/data/neutron/dhcp/5323daec-668b-4e84-9bea-22fe616d7ef2/addn_hosts - 0 names
Oct 18 10:06:15.821038 podb-esxi207 dnsmasq-dhcp[3644795]: read /opt/stack/data/neutron/dhcp/5323daec-668b-4e84-9bea-22fe616d7ef2/host
Oct 18 10:06:15.821104 podb-esxi207 dnsmasq-dhcp[3644795]: read /opt/stack/data/neutron/dhcp/5323daec-668b-4e84-9bea-22fe616d7ef2/opts
Oct 18 10:06:16.861084 podb-esxi207 dnsmasq[3644566]: read /opt/stack/data/neutron/dhcp/81906d6b-687e-45fc-98d9-09d15015d9a1/addn_hosts - 2 names
Oct 18 10:06:16.861176 podb-esxi207 dnsmasq-dhcp[3644566]: read /opt/stack/data/neutron/dhcp/81906d6b-687e-45fc-98d9-09d15015d9a1/host
Oct 18 10:06:16.861291 podb-esxi207 dnsmasq-dhcp[3644566]: read /opt/stack/data/neutron/dhcp/81906d6b-687e-45fc-98d9-09d15015d9a1/opts
Oct 18 10:06:18.631028 podb-esxi207 dnsmasq[3644795]: read /opt/stack/data/neutron/dhcp/5323daec-668b-4e84-9bea-22fe616d7ef2/addn_hosts - 2 names
Oct 18 10:06:18.631121 podb-esxi207 dnsmasq-dhcp[3644795]: read /opt/stack/data/neutron/dhcp/5323daec-668b-4e84-9bea-22fe616d7ef2/host
Oct 18 10:06:18.631189 podb-esxi207 dnsmasq-dhcp[3644795]: read /opt/stack/data/neutron/dhcp/5323daec-668b-4e84-9bea-22fe616d7ef2/opts
Oct 18 10:06:19.385483 podb-esxi207 dnsmasq[3644566]: read /opt/stack/data/neutron/dhcp/81906d6b-687e-45fc-98d9-09d15015d9a1/addn_hosts - 2 names
Oct 18 10:06:19.385574 podb-esxi207 dnsmasq-dhcp[3644566]: read /opt/stack/data/neutron/dhcp/81906d6b-687e-45fc-98d9-09d15015d9a1/host
Oct 18 10:06:19.385691 podb-esxi207 dnsmasq-dhcp[3644566]: read /opt/stack/data/neutron/dhcp/81906d6b-687e-45fc-98d9-09d15015d9a1/opts
Oct 18 10:06:20.666556 podb-esxi207 dnsmasq[3644795]: read /opt/stack/data/neutron/dhcp/5323daec-668b-4e84-9bea-22fe616d7ef2/addn_hosts - 2 names
Oct 18 10:06:20.666672 podb-esxi207 dnsmasq-dhcp[3644795]: read /opt/stack/data/neutron/dhcp/5323daec-668b-4e84-9bea-22fe616d7ef2/host
Oct 18 10:06:20.666835 podb-esxi207 dnsmasq-dhcp[3644795]: read /opt/stack/data/neutron/dhcp/5323daec-668b-4e84-9bea-22fe616d7ef2/opts
Oct 18 10:06:21.427928 podb-esxi207 dnsmasq[3644566]: read /opt/stack/data/neutron/dhcp/81906d6b-687e-45fc-98d9-09d15015d9a1/addn_hosts - 2 names
Oct 18 10:06:21.428026 podb-esxi207 dnsmasq-dhcp[3644566]: read /opt/stack/data/neutron/dhcp/81906d6b-687e-45fc-98d9-09d15015d9a1/host
Oct 18 10:06:21.428150 podb-esxi207 dnsmasq-dhcp[3644566]: read /opt/stack/data/neutron/dhcp/81906d6b-687e-45fc-98d9-09d15015d9a1/opts
Oct 18 10:06:22.687608 podb-esxi207 dnsmasq[3644795]: read /opt/stack/data/neutron/dhcp/5323daec-668b-4e84-9bea-22fe616d7ef2/addn_hosts - 2 names
Oct 18 10:06:22.687724 podb-esxi207 dnsmasq-dhcp[3644795]: read /opt/stack/data/neutron/dhcp/5323daec-668b-4e84-9bea-22fe616d7ef2/host
Oct 18 10:06:22.687844 podb-esxi207 dnsmasq-dhcp[3644795]: read /opt/stack/data/neutron/dhcp/5323daec-668b-4e84-9bea-22fe616d7ef2/opts
Oct 18 10:06:23.946117 podb-esxi207 dnsmasq[3644566]: read /opt/stack/data/neutron/dhcp/81906d6b-687e-45fc-98d9-09d15015d9a1/addn_hosts - 4 names
Oct 18 10:06:23.946248 podb-esxi207 dnsmasq-dhcp[3644566]: read /opt/stack/data/neutron/dhcp/81906d6b-687e-45fc-98d9-09d15015d9a1/host
Oct 18 10:06:23.946361 podb-esxi207 dnsmasq-dhcp[3644566]: read /opt/stack/data/neutron/dhcp/81906d6b-687e-45fc-98d9-09d15015d9a1/opts
Oct 18 10:06:44.795929 podb-esxi207 dnsmasq-dhcp[3644566]: DHCPDISCOVER(tap7f20aabc-a9) fa:16:3e:07:61:81
Oct 18 10:06:44.795957 podb-esxi207 dnsmasq-dhcp[3644566]: DHCPOFFER(tap7f20aabc-a9) 10.1.0.8 fa:16:3e:07:61:81
Oct 18 10:06:44.806682 podb-esxi207 dnsmasq-dhcp[3644566]: DHCPREQUEST(tap7f20aabc-a9) 10.1.0.8 fa:16:3e:07:61:81
Oct 18 10:06:44.806717 podb-esxi207 dnsmasq-dhcp[3644566]: DHCPACK(tap7f20aabc-a9) 10.1.0.8 fa:16:3e:07:61:81 host-10-1-0-8
Oct 18 10:09:07.061046 podb-esxi207 dnsmasq[3644566]: read /opt/stack/data/neutron/dhcp/81906d6b-687e-45fc-98d9-09d15015d9a1/addn_hosts - 6 names
Oct 18 10:09:07.061155 podb-esxi207 dnsmasq-dhcp[3644566]: read /opt/stack/data/neutron/dhcp/81906d6b-687e-45fc-98d9-09d15015d9a1/host
Oct 18 10:09:07.061267 podb-esxi207 dnsmasq-dhcp[3644566]: read /opt/stack/data/neutron/dhcp/81906d6b-687e-45fc-98d9-09d15015d9a1/opts
Oct 18 10:09:29.920637 podb-esxi207 dnsmasq-dhcp[3644566]: DHCPDISCOVER(tap7f20aabc-a9) fa:16:3e:f2:7d:4a
Oct 18 10:09:29.920666 podb-esxi207 dnsmasq-dhcp[3644566]: DHCPOFFER(tap7f20aabc-a9) 10.1.0.13 fa:16:3e:f2:7d:4a
Oct 18 10:09:29.929507 podb-esxi207 dnsmasq-dhcp[3644566]: DHCPREQUEST(tap7f20aabc-a9) 10.1.0.13 fa:16:3e:f2:7d:4a
Oct 18 10:09:29.929541 podb-esxi207 dnsmasq-dhcp[3644566]: DHCPACK(tap7f20aabc-a9) 10.1.0.13 fa:16:3e:f2:7d:4a host-10-1-0-13
Oct 18 10:10:53.210440 podb-esxi207 dnsmasq-dhcp[3644566]: DHCPRELEASE(tap7f20aabc-a9) 10.1.0.13 fa:16:3e:f2:7d:4a
Oct 18 10:10:53.226602 podb-esxi207 dnsmasq-dhcp[3644566]: DHCPRELEASE(tap7f20aabc-a9) 10.1.0.13 fa:16:3e:f2:7d:4a unknown lease
Oct 18 10:10:54.051968 podb-esxi207 dnsmasq[3644566]: read /opt/stack/data/neutron/dhcp/81906d6b-687e-45fc-98d9-09d15015d9a1/addn_hosts - 4 names
Oct 18 10:10:54.052070 podb-esxi207 dnsmasq-dhcp[3644566]: read /opt/stack/data/neutron/dhcp/81906d6b-687e-45fc-98d9-09d15015d9a1/host
Oct 18 10:10:54.052176 podb-esxi207 dnsmasq-dhcp[3644566]: read /opt/stack/data/neutron/dhcp/81906d6b-687e-45fc-98d9-09d15015d9a1/opts
Oct 18 10:12:32.287359 podb-esxi207 dnsmasq-dhcp[3644566]: DHCPRELEASE(tap7f20aabc-a9) 10.1.0.8 fa:16:3e:07:61:81
Oct 18 10:12:32.305411 podb-esxi207 dnsmasq-dhcp[3644566]: DHCPRELEASE(tap7f20aabc-a9) 10.1.0.8 fa:16:3e:07:61:81 unknown lease
Oct 18 10:12:33.130235 podb-esxi207 dnsmasq[3644566]: read /opt/stack/data/neutron/dhcp/81906d6b-687e-45fc-98d9-09d15015d9a1/addn_hosts - 2 names
Oct 18 10:12:33.130351 podb-esxi207 dnsmasq-dhcp[3644566]: read /opt/stack/data/neutron/dhcp/81906d6b-687e-45fc-98d9-09d15015d9a1/host
Oct 18 10:12:33.130473 podb-esxi207 dnsmasq-dhcp[3644566]: read /opt/stack/data/neutron/dhcp/81906d6b-687e-45fc-98d9-09d15015d9a1/opts
Oct 18 10:12:45.791955 podb-esxi207 dnsmasq[3644566]: read /opt/stack/data/neutron/dhcp/81906d6b-687e-45fc-98d9-09d15015d9a1/addn_hosts - 4 names
Oct 18 10:12:45.792053 podb-esxi207 dnsmasq-dhcp[3644566]: read /opt/stack/data/neutron/dhcp/81906d6b-687e-45fc-98d9-09d15015d9a1/host
Oct 18 10:12:45.792171 podb-esxi207 dnsmasq-dhcp[3644566]: read /opt/stack/data/neutron/dhcp/81906d6b-687e-45fc-98d9-09d15015d9a1/opts
Oct 18 10:13:08.293298 podb-esxi207 dnsmasq-dhcp[3644566]: DHCPDISCOVER(tap7f20aabc-a9) fa:16:3e:b5:5c:eb
Oct 18 10:13:08.293329 podb-esxi207 dnsmasq-dhcp[3644566]: DHCPOFFER(tap7f20aabc-a9) 10.1.0.3 fa:16:3e:b5:5c:eb
Oct 18 10:13:08.304089 podb-esxi207 dnsmasq-dhcp[3644566]: DHCPREQUEST(tap7f20aabc-a9) 10.1.0.3 fa:16:3e:b5:5c:eb
Oct 18 10:13:08.304125 podb-esxi207 dnsmasq-dhcp[3644566]: DHCPACK(tap7f20aabc-a9) 10.1.0.3 fa:16:3e:b5:5c:eb host-10-1-0-3
Oct 18 10:14:32.253393 podb-esxi207 dnsmasq-dhcp[3644566]: DHCPRELEASE(tap7f20aabc-a9) 10.1.0.3 fa:16:3e:b5:5c:eb
Oct 18 10:14:32.269843 podb-esxi207 dnsmasq-dhcp[3644566]: DHCPRELEASE(tap7f20aabc-a9) 10.1.0.3 fa:16:3e:b5:5c:eb unknown lease
Oct 18 10:14:33.095499 podb-esxi207 dnsmasq[3644566]: read /opt/stack/data/neutron/dhcp/81906d6b-687e-45fc-98d9-09d15015d9a1/addn_hosts - 2 names
Oct 18 10:14:33.095590 podb-esxi207 dnsmasq-dhcp[3644566]: read /opt/stack/data/neutron/dhcp/81906d6b-687e-45fc-98d9-09d15015d9a1/host
Oct 18 10:14:33.095680 podb-esxi207 dnsmasq-dhcp[3644566]: read /opt/stack/data/neutron/dhcp/81906d6b-687e-45fc-98d9-09d15015d9a1/opts
Oct 18 10:14:39.269767 podb-esxi207 dnsmasq[3644566]: read /opt/stack/data/neutron/dhcp/81906d6b-687e-45fc-98d9-09d15015d9a1/addn_hosts - 0 names
Oct 18 10:14:39.269842 podb-esxi207 dnsmasq-dhcp[3644566]: read /opt/stack/data/neutron/dhcp/81906d6b-687e-45fc-98d9-09d15015d9a1/host
Oct 18 10:14:39.269957 podb-esxi207 dnsmasq-dhcp[3644566]: read /opt/stack/data/neutron/dhcp/81906d6b-687e-45fc-98d9-09d15015d9a1/opts
Oct 18 10:14:40.557833 podb-esxi207 dnsmasq[3644566]: exiting on receipt of SIGTERM
Oct 18 10:14:41.683914 podb-esxi207 dnsmasq[3644795]: read /opt/stack/data/neutron/dhcp/5323daec-668b-4e84-9bea-22fe616d7ef2/addn_hosts - 0 names
Oct 18 10:14:41.683995 podb-esxi207 dnsmasq-dhcp[3644795]: read /opt/stack/data/neutron/dhcp/5323daec-668b-4e84-9bea-22fe616d7ef2/host
Oct 18 10:14:41.684050 podb-esxi207 dnsmasq-dhcp[3644795]: read /opt/stack/data/neutron/dhcp/5323daec-668b-4e84-9bea-22fe616d7ef2/opts
Oct 18 10:14:42.597702 podb-esxi207 dnsmasq[3644795]: exiting on receipt of SIGTERM
