Oct 18 09:45:13.070667 podb-esxi207 dnsmasq[3625580]: compile time options: IPv6 GNU-getopt DBus no-UBus i18n IDN2 DHCP DHCPv6 no-Lua TFTP conntrack ipset no-nftset auth cryptohash DNSSEC loop-detect inotify dumpfile
Oct 18 09:45:13.070703 podb-esxi207 dnsmasq-dhcp[3625580]: DHCP, static leases only on 10.1.0.0, lease time 1d
Oct 18 09:45:13.070878 podb-esxi207 dnsmasq[3625580]: reading /etc/resolv.conf
Oct 18 09:45:13.070895 podb-esxi207 dnsmasq[3625580]: using nameserver 127.0.0.53#53
Oct 18 09:45:13.070982 podb-esxi207 dnsmasq[3625580]: read /opt/stack/data/neutron/dhcp/f1d1f565-ad0f-4445-b725-32caeb98c78a/addn_hosts - 0 names
Oct 18 09:45:13.071036 podb-esxi207 dnsmasq-dhcp[3625580]: read /opt/stack/data/neutron/dhcp/f1d1f565-ad0f-4445-b725-32caeb98c78a/host
Oct 18 09:45:13.071094 podb-esxi207 dnsmasq-dhcp[3625580]: read /opt/stack/data/neutron/dhcp/f1d1f565-ad0f-4445-b725-32caeb98c78a/opts
Oct 18 09:45:13.607604 podb-esxi207 dnsmasq-dhcp[3622892]: DHCPRELEASE(tap316378dc-33) 10.1.0.13 fa:16:3e:7a:e4:d0
Oct 18 09:45:13.624246 podb-esxi207 dnsmasq-dhcp[3622892]: DHCPRELEASE(tap316378dc-33) 10.1.0.13 fa:16:3e:7a:e4:d0 unknown lease
Oct 18 09:45:14.449501 podb-esxi207 dnsmasq[3622892]: read /opt/stack/data/neutron/dhcp/f6f98762-a74e-4a1e-9840-d714cf33c48f/addn_hosts - 2 names
Oct 18 09:45:14.449593 podb-esxi207 dnsmasq-dhcp[3622892]: read /opt/stack/data/neutron/dhcp/f6f98762-a74e-4a1e-9840-d714cf33c48f/host
Oct 18 09:45:14.449669 podb-esxi207 dnsmasq-dhcp[3622892]: read /opt/stack/data/neutron/dhcp/f6f98762-a74e-4a1e-9840-d714cf33c48f/opts
Oct 18 09:45:15.718412 podb-esxi207 dnsmasq[3625580]: read /opt/stack/data/neutron/dhcp/f1d1f565-ad0f-4445-b725-32caeb98c78a/addn_hosts - 2 names
Oct 18 09:45:15.718510 podb-esxi207 dnsmasq-dhcp[3625580]: read /opt/stack/data/neutron/dhcp/f1d1f565-ad0f-4445-b725-32caeb98c78a/host
Oct 18 09:45:15.718581 podb-esxi207 dnsmasq-dhcp[3625580]: read /opt/stack/data/neutron/dhcp/f1d1f565-ad0f-4445-b725-32caeb98c78a/opts
Oct 18 09:45:18.670359 podb-esxi207 dnsmasq[3625983]: started, version 2.90 cachesize 150
Oct 18 09:45:18.670384 podb-esxi207 dnsmasq[3625983]: DNS service limited to local subnets
Oct 18 09:45:18.670399 podb-esxi207 dnsmasq[3625983]: compile time options: IPv6 GNU-getopt DBus no-UBus i18n IDN2 DHCP DHCPv6 no-Lua TFTP conntrack ipset no-nftset auth cryptohash DNSSEC loop-detect inotify dumpfile
Oct 18 09:45:18.670443 podb-esxi207 dnsmasq-dhcp[3625983]: DHCP, static leases only on 10.1.0.0, lease time 1d
Oct 18 09:45:18.671335 podb-esxi207 dnsmasq[3625983]: reading /etc/resolv.conf
Oct 18 09:45:18.671354 podb-esxi207 dnsmasq[3625983]: using nameserver 127.0.0.53#53
Oct 18 09:45:18.671478 podb-esxi207 dnsmasq[3625983]: read /opt/stack/data/neutron/dhcp/8b21a265-399f-4b66-9ed3-37bbc2b1c47f/addn_hosts - 2 names
Oct 18 09:45:18.671539 podb-esxi207 dnsmasq-dhcp[3625983]: read /opt/stack/data/neutron/dhcp/8b21a265-399f-4b66-9ed3-37bbc2b1c47f/host
Oct 18 09:45:18.671615 podb-esxi207 dnsmasq-dhcp[3625983]: read /opt/stack/data/neutron/dhcp/8b21a265-399f-4b66-9ed3-37bbc2b1c47f/opts
Oct 18 09:45:19.715914 podb-esxi207 dnsmasq[3625580]: read /opt/stack/data/neutron/dhcp/f1d1f565-ad0f-4445-b725-32caeb98c78a/addn_hosts - 2 names
Oct 18 09:45:19.716013 podb-esxi207 dnsmasq-dhcp[3625580]: read /opt/stack/data/neutron/dhcp/f1d1f565-ad0f-4445-b725-32caeb98c78a/host
Oct 18 09:45:19.716105 podb-esxi207 dnsmasq-dhcp[3625580]: read /opt/stack/data/neutron/dhcp/f1d1f565-ad0f-4445-b725-32caeb98c78a/opts
Oct 18 09:45:20.977806 podb-esxi207 dnsmasq[3625983]: read /opt/stack/data/neutron/dhcp/8b21a265-399f-4b66-9ed3-37bbc2b1c47f/addn_hosts - 2 names
Oct 18 09:45:20.977921 podb-esxi207 dnsmasq-dhcp[3625983]: read /opt/stack/data/neutron/dhcp/8b21a265-399f-4b66-9ed3-37bbc2b1c47f/host
Oct 18 09:45:20.978031 podb-esxi207 dnsmasq-dhcp[3625983]: read /opt/stack/data/neutron/dhcp/8b21a265-399f-4b66-9ed3-37bbc2b1c47f/opts
Oct 18 09:45:22.243250 podb-esxi207 dnsmasq[3625580]: read /opt/stack/data/neutron/dhcp/f1d1f565-ad0f-4445-b725-32caeb98c78a/addn_hosts - 2 names
Oct 18 09:45:22.243342 podb-esxi207 dnsmasq-dhcp[3625580]: read /opt/stack/data/neutron/dhcp/f1d1f565-ad0f-4445-b725-32caeb98c78a/host
Oct 18 09:45:22.243458 podb-esxi207 dnsmasq-dhcp[3625580]: read /opt/stack/data/neutron/dhcp/f1d1f565-ad0f-4445-b725-32caeb98c78a/opts
Oct 18 09:45:23.022356 podb-esxi207 dnsmasq[3625983]: read /opt/stack/data/neutron/dhcp/8b21a265-399f-4b66-9ed3-37bbc2b1c47f/addn_hosts - 2 names
Oct 18 09:45:23.022440 podb-esxi207 dnsmasq-dhcp[3625983]: read /opt/stack/data/neutron/dhcp/8b21a265-399f-4b66-9ed3-37bbc2b1c47f/host
Oct 18 09:45:23.022542 podb-esxi207 dnsmasq-dhcp[3625983]: read /opt/stack/data/neutron/dhcp/8b21a265-399f-4b66-9ed3-37bbc2b1c47f/opts
Oct 18 09:45:24.300251 podb-esxi207 dnsmasq[3625580]: read /opt/stack/data/neutron/dhcp/f1d1f565-ad0f-4445-b725-32caeb98c78a/addn_hosts - 4 names
Oct 18 09:45:24.300414 podb-esxi207 dnsmasq-dhcp[3625580]: read /opt/stack/data/neutron/dhcp/f1d1f565-ad0f-4445-b725-32caeb98c78a/host
Oct 18 09:45:24.300529 podb-esxi207 dnsmasq-dhcp[3625580]: read /opt/stack/data/neutron/dhcp/f1d1f565-ad0f-4445-b725-32caeb98c78a/opts
Oct 18 09:45:25.074017 podb-esxi207 dnsmasq[3625983]: read /opt/stack/data/neutron/dhcp/8b21a265-399f-4b66-9ed3-37bbc2b1c47f/addn_hosts - 2 names
Oct 18 09:45:25.074115 podb-esxi207 dnsmasq-dhcp[3625983]: read /opt/stack/data/neutron/dhcp/8b21a265-399f-4b66-9ed3-37bbc2b1c47f/host
Oct 18 09:45:25.074213 podb-esxi207 dnsmasq-dhcp[3625983]: read /opt/stack/data/neutron/dhcp/8b21a265-399f-4b66-9ed3-37bbc2b1c47f/opts
Oct 18 09:45:46.599940 podb-esxi207 dnsmasq[3625580]: read /opt/stack/data/neutron/dhcp/f1d1f565-ad0f-4445-b725-32caeb98c78a/addn_hosts - 2 names
Oct 18 09:45:46.600092 podb-esxi207 dnsmasq-dhcp[3625580]: read /opt/stack/data/neutron/dhcp/f1d1f565-ad0f-4445-b725-32caeb98c78a/host
Oct 18 09:45:46.600211 podb-esxi207 dnsmasq-dhcp[3625580]: read /opt/stack/data/neutron/dhcp/f1d1f565-ad0f-4445-b725-32caeb98c78a/opts
Oct 18 09:45:47.360896 podb-esxi207 dnsmasq[3622892]: read /opt/stack/data/neutron/dhcp/f6f98762-a74e-4a1e-9840-d714cf33c48f/addn_hosts - 4 names
Oct 18 09:45:47.361014 podb-esxi207 dnsmasq-dhcp[3622892]: read /opt/stack/data/neutron/dhcp/f6f98762-a74e-4a1e-9840-d714cf33c48f/host
Oct 18 09:45:47.361128 podb-esxi207 dnsmasq-dhcp[3622892]: read /opt/stack/data/neutron/dhcp/f6f98762-a74e-4a1e-9840-d714cf33c48f/opts
Oct 18 09:46:13.301372 podb-esxi207 dnsmasq-dhcp[3622892]: DHCPDISCOVER(tap316378dc-33) fa:16:3e:b8:61:f6
Oct 18 09:46:13.301401 podb-esxi207 dnsmasq-dhcp[3622892]: DHCPOFFER(tap316378dc-33) 10.1.0.13 fa:16:3e:b8:61:f6
Oct 18 09:46:13.315744 podb-esxi207 dnsmasq-dhcp[3622892]: DHCPREQUEST(tap316378dc-33) 10.1.0.13 fa:16:3e:b8:61:f6
Oct 18 09:46:13.315771 podb-esxi207 dnsmasq-dhcp[3622892]: DHCPACK(tap316378dc-33) 10.1.0.13 fa:16:3e:b8:61:f6 host-10-1-0-13
Oct 18 09:46:51.666980 podb-esxi207 dnsmasq-dhcp[3622892]: DHCPRELEASE(tap316378dc-33) 10.1.0.13 fa:16:3e:b8:61:f6
Oct 18 09:46:51.684075 podb-esxi207 dnsmasq-dhcp[3622892]: DHCPRELEASE(tap316378dc-33) 10.1.0.13 fa:16:3e:b8:61:f6 unknown lease
Oct 18 09:46:52.508188 podb-esxi207 dnsmasq[3622892]: read /opt/stack/data/neutron/dhcp/f6f98762-a74e-4a1e-9840-d714cf33c48f/addn_hosts - 2 names
Oct 18 09:46:52.508275 podb-esxi207 dnsmasq-dhcp[3622892]: read /opt/stack/data/neutron/dhcp/f6f98762-a74e-4a1e-9840-d714cf33c48f/host
Oct 18 09:46:52.508349 podb-esxi207 dnsmasq-dhcp[3622892]: read /opt/stack/data/neutron/dhcp/f6f98762-a74e-4a1e-9840-d714cf33c48f/opts
Oct 18 09:47:01.889581 podb-esxi207 dnsmasq[3625580]: read /opt/stack/data/neutron/dhcp/f1d1f565-ad0f-4445-b725-32caeb98c78a/addn_hosts - 0 names
Oct 18 09:47:01.889654 podb-esxi207 dnsmasq-dhcp[3625580]: read /opt/stack/data/neutron/dhcp/f1d1f565-ad0f-4445-b725-32caeb98c78a/host
Oct 18 09:47:01.889739 podb-esxi207 dnsmasq-dhcp[3625580]: read /opt/stack/data/neutron/dhcp/f1d1f565-ad0f-4445-b725-32caeb98c78a/opts
Oct 18 09:47:03.236246 podb-esxi207 dnsmasq[3625580]: exiting on receipt of SIGTERM
Oct 18 09:47:03.838605 podb-esxi207 dnsmasq-dhcp[3625983]: DHCPRELEASE(tap7af751df-95) 10.1.0.1 fa:16:3e:a5:19:46
Oct 18 09:47:04.663386 podb-esxi207 dnsmasq[3625983]: read /opt/stack/data/neutron/dhcp/8b21a265-399f-4b66-9ed3-37bbc2b1c47f/addn_hosts - 0 names
Oct 18 09:47:04.663476 podb-esxi207 dnsmasq-dhcp[3625983]: read /opt/stack/data/neutron/dhcp/8b21a265-399f-4b66-9ed3-37bbc2b1c47f/host
Oct 18 09:47:04.663532 podb-esxi207 dnsmasq-dhcp[3625983]: read /opt/stack/data/neutron/dhcp/8b21a265-399f-4b66-9ed3-37bbc2b1c47f/opts
Oct 18 09:47:05.434936 podb-esxi207 dnsmasq[3622892]: read /opt/stack/data/neutron/dhcp/f6f98762-a74e-4a1e-9840-d714cf33c48f/addn_hosts - 4 names
Oct 18 09:47:05.435037 podb-esxi207 dnsmasq-dhcp[3622892]: read /opt/stack/data/neutron/dhcp/f6f98762-a74e-4a1e-9840-d714cf33c48f/host
Oct 18 09:47:05.435108 podb-esxi207 dnsmasq-dhcp[3622892]: read /opt/stack/data/neutron/dhcp/f6f98762-a74e-4a1e-9840-d714cf33c48f/opts
Oct 18 09:47:06.720588 podb-esxi207 dnsmasq[3625983]: exiting on receipt of SIGTERM
Oct 18 09:47:12.915104 podb-esxi207 dnsmasq[3627639]: started, version 2.90 cachesize 150
Oct 18 09:47:12.915135 podb-esxi207 dnsmasq[3627639]: DNS service limited to local subnets
Oct 18 09:47:12.915151 podb-esxi207 dnsmasq[3627639]: compile time options: IPv6 GNU-getopt DBus no-UBus i18n IDN2 DHCP DHCPv6 no-Lua TFTP conntrack ipset no-nftset auth cryptohash DNSSEC loop-detect inotify dumpfile
Oct 18 09:47:12.915189 podb-esxi207 dnsmasq-dhcp[3627639]: DHCP, static leases only on 10.1.0.0, lease time 1d
Oct 18 09:47:12.915341 podb-esxi207 dnsmasq[3627639]: reading /etc/resolv.conf
Oct 18 09:47:12.915358 podb-esxi207 dnsmasq[3627639]: using nameserver 127.0.0.53#53
Oct 18 09:47:12.915443 podb-esxi207 dnsmasq[3627639]: read /opt/stack/data/neutron/dhcp/48ac4c74-7753-4416-a024-56c122ebbe9f/addn_hosts - 0 names
Oct 18 09:47:12.915498 podb-esxi207 dnsmasq-dhcp[3627639]: read /opt/stack/data/neutron/dhcp/48ac4c74-7753-4416-a024-56c122ebbe9f/host
Oct 18 09:47:12.915563 podb-esxi207 dnsmasq-dhcp[3627639]: read /opt/stack/data/neutron/dhcp/48ac4c74-7753-4416-a024-56c122ebbe9f/opts
Oct 18 09:47:14.471861 podb-esxi207 dnsmasq[3627639]: read /opt/stack/data/neutron/dhcp/48ac4c74-7753-4416-a024-56c122ebbe9f/addn_hosts - 2 names
Oct 18 09:47:14.471904 podb-esxi207 dnsmasq-dhcp[3627639]: read /opt/stack/data/neutron/dhcp/48ac4c74-7753-4416-a024-56c122ebbe9f/host
Oct 18 09:47:14.471933 podb-esxi207 dnsmasq-dhcp[3627639]: read /opt/stack/data/neutron/dhcp/48ac4c74-7753-4416-a024-56c122ebbe9f/opts
Oct 18 09:47:15.757799 podb-esxi207 dnsmasq[3627639]: read /opt/stack/data/neutron/dhcp/48ac4c74-7753-4416-a024-56c122ebbe9f/addn_hosts - 2 names
Oct 18 09:47:15.757891 podb-esxi207 dnsmasq-dhcp[3627639]: read /opt/stack/data/neutron/dhcp/48ac4c74-7753-4416-a024-56c122ebbe9f/host
Oct 18 09:47:15.757965 podb-esxi207 dnsmasq-dhcp[3627639]: read /opt/stack/data/neutron/dhcp/48ac4c74-7753-4416-a024-56c122ebbe9f/opts
Oct 18 09:47:17.028570 podb-esxi207 dnsmasq[3627639]: read /opt/stack/data/neutron/dhcp/48ac4c74-7753-4416-a024-56c122ebbe9f/addn_hosts - 2 names
Oct 18 09:47:17.028687 podb-esxi207 dnsmasq-dhcp[3627639]: read /opt/stack/data/neutron/dhcp/48ac4c74-7753-4416-a024-56c122ebbe9f/host
Oct 18 09:47:17.028808 podb-esxi207 dnsmasq-dhcp[3627639]: read /opt/stack/data/neutron/dhcp/48ac4c74-7753-4416-a024-56c122ebbe9f/opts
Oct 18 09:47:22.188302 podb-esxi207 dnsmasq[3627639]: read /opt/stack/data/neutron/dhcp/48ac4c74-7753-4416-a024-56c122ebbe9f/addn_hosts - 4 names
Oct 18 09:47:22.188418 podb-esxi207 dnsmasq-dhcp[3627639]: read /opt/stack/data/neutron/dhcp/48ac4c74-7753-4416-a024-56c122ebbe9f/host
Oct 18 09:47:22.188525 podb-esxi207 dnsmasq-dhcp[3627639]: read /opt/stack/data/neutron/dhcp/48ac4c74-7753-4416-a024-56c122ebbe9f/opts
Oct 18 09:47:34.362648 podb-esxi207 dnsmasq[3627639]: read /opt/stack/data/neutron/dhcp/48ac4c74-7753-4416-a024-56c122ebbe9f/addn_hosts - 2 names
Oct 18 09:47:34.362734 podb-esxi207 dnsmasq-dhcp[3627639]: read /opt/stack/data/neutron/dhcp/48ac4c74-7753-4416-a024-56c122ebbe9f/host
Oct 18 09:47:34.362855 podb-esxi207 dnsmasq-dhcp[3627639]: read /opt/stack/data/neutron/dhcp/48ac4c74-7753-4416-a024-56c122ebbe9f/opts
Oct 18 09:47:36.487244 podb-esxi207 dnsmasq-dhcp[3622892]: DHCPDISCOVER(tap316378dc-33) fa:16:3e:0c:a2:c2
Oct 18 09:47:36.487274 podb-esxi207 dnsmasq-dhcp[3622892]: DHCPOFFER(tap316378dc-33) 10.1.0.10 fa:16:3e:0c:a2:c2
Oct 18 09:47:36.495386 podb-esxi207 dnsmasq-dhcp[3622892]: DHCPREQUEST(tap316378dc-33) 10.1.0.10 fa:16:3e:0c:a2:c2
Oct 18 09:47:36.495424 podb-esxi207 dnsmasq-dhcp[3622892]: DHCPACK(tap316378dc-33) 10.1.0.10 fa:16:3e:0c:a2:c2 host-10-1-0-10
Oct 18 09:47:43.919505 podb-esxi207 dnsmasq[3627639]: read /opt/stack/data/neutron/dhcp/48ac4c74-7753-4416-a024-56c122ebbe9f/addn_hosts - 4 names
Oct 18 09:47:43.919604 podb-esxi207 dnsmasq-dhcp[3627639]: read /opt/stack/data/neutron/dhcp/48ac4c74-7753-4416-a024-56c122ebbe9f/host
Oct 18 09:47:43.919679 podb-esxi207 dnsmasq-dhcp[3627639]: read /opt/stack/data/neutron/dhcp/48ac4c74-7753-4416-a024-56c122ebbe9f/opts
Oct 18 09:47:57.418912 podb-esxi207 dnsmasq[3627639]: read /opt/stack/data/neutron/dhcp/48ac4c74-7753-4416-a024-56c122ebbe9f/addn_hosts - 2 names
Oct 18 09:47:57.419020 podb-esxi207 dnsmasq-dhcp[3627639]: read /opt/stack/data/neutron/dhcp/48ac4c74-7753-4416-a024-56c122ebbe9f/host
Oct 18 09:47:57.419141 podb-esxi207 dnsmasq-dhcp[3627639]: read /opt/stack/data/neutron/dhcp/48ac4c74-7753-4416-a024-56c122ebbe9f/opts
Oct 18 09:48:38.895411 podb-esxi207 dnsmasq[3627639]: read /opt/stack/data/neutron/dhcp/48ac4c74-7753-4416-a024-56c122ebbe9f/addn_hosts - 0 names
Oct 18 09:48:38.895514 podb-esxi207 dnsmasq-dhcp[3627639]: read /opt/stack/data/neutron/dhcp/48ac4c74-7753-4416-a024-56c122ebbe9f/host
Oct 18 09:48:38.895608 podb-esxi207 dnsmasq-dhcp[3627639]: read /opt/stack/data/neutron/dhcp/48ac4c74-7753-4416-a024-56c122ebbe9f/opts
Oct 18 09:48:40.043856 podb-esxi207 dnsmasq[3627639]: exiting on receipt of SIGTERM
Oct 18 09:48:44.630636 podb-esxi207 dnsmasq[3629366]: started, version 2.90 cachesize 150
Oct 18 09:48:44.630666 podb-esxi207 dnsmasq[3629366]: DNS service limited to local subnets
Oct 18 09:48:44.630682 podb-esxi207 dnsmasq[3629366]: compile time options: IPv6 GNU-getopt DBus no-UBus i18n IDN2 DHCP DHCPv6 no-Lua TFTP conntrack ipset no-nftset auth cryptohash DNSSEC loop-detect inotify dumpfile
Oct 18 09:48:44.630728 podb-esxi207 dnsmasq-dhcp[3629366]: DHCP, static leases only on 10.1.0.0, lease time 1d
Oct 18 09:48:44.630908 podb-esxi207 dnsmasq[3629366]: reading /etc/resolv.conf
Oct 18 09:48:44.630930 podb-esxi207 dnsmasq[3629366]: using nameserver 127.0.0.53#53
Oct 18 09:48:44.631018 podb-esxi207 dnsmasq[3629366]: read /opt/stack/data/neutron/dhcp/93357ac8-6fb0-48b0-8b91-41caca821bec/addn_hosts - 0 names
Oct 18 09:48:44.631073 podb-esxi207 dnsmasq-dhcp[3629366]: read /opt/stack/data/neutron/dhcp/93357ac8-6fb0-48b0-8b91-41caca821bec/host
Oct 18 09:48:44.631132 podb-esxi207 dnsmasq-dhcp[3629366]: read /opt/stack/data/neutron/dhcp/93357ac8-6fb0-48b0-8b91-41caca821bec/opts
Oct 18 09:48:48.342875 podb-esxi207 dnsmasq[3629600]: started, version 2.90 cachesize 150
Oct 18 09:48:48.342905 podb-esxi207 dnsmasq[3629600]: DNS service limited to local subnets
Oct 18 09:48:48.342920 podb-esxi207 dnsmasq[3629600]: compile time options: IPv6 GNU-getopt DBus no-UBus i18n IDN2 DHCP DHCPv6 no-Lua TFTP conntrack ipset no-nftset auth cryptohash DNSSEC loop-detect inotify dumpfile
Oct 18 09:48:48.342957 podb-esxi207 dnsmasq-dhcp[3629600]: DHCP, static leases only on 10.1.0.0, lease time 1d
Oct 18 09:48:48.343110 podb-esxi207 dnsmasq[3629600]: reading /etc/resolv.conf
Oct 18 09:48:48.343127 podb-esxi207 dnsmasq[3629600]: using nameserver 127.0.0.53#53
Oct 18 09:48:48.343219 podb-esxi207 dnsmasq[3629600]: read /opt/stack/data/neutron/dhcp/3c8b9717-d3d4-4e24-96f0-eb6df30ac449/addn_hosts - 0 names
Oct 18 09:48:48.343273 podb-esxi207 dnsmasq-dhcp[3629600]: read /opt/stack/data/neutron/dhcp/3c8b9717-d3d4-4e24-96f0-eb6df30ac449/host
Oct 18 09:48:48.343339 podb-esxi207 dnsmasq-dhcp[3629600]: read /opt/stack/data/neutron/dhcp/3c8b9717-d3d4-4e24-96f0-eb6df30ac449/opts
Oct 18 09:48:49.384136 podb-esxi207 dnsmasq[3629366]: read /opt/stack/data/neutron/dhcp/93357ac8-6fb0-48b0-8b91-41caca821bec/addn_hosts - 2 names
Oct 18 09:48:49.384255 podb-esxi207 dnsmasq-dhcp[3629366]: read /opt/stack/data/neutron/dhcp/93357ac8-6fb0-48b0-8b91-41caca821bec/host
Oct 18 09:48:49.384372 podb-esxi207 dnsmasq-dhcp[3629366]: read /opt/stack/data/neutron/dhcp/93357ac8-6fb0-48b0-8b91-41caca821bec/opts
Oct 18 09:48:50.140635 podb-esxi207 dnsmasq[3622892]: read /opt/stack/data/neutron/dhcp/f6f98762-a74e-4a1e-9840-d714cf33c48f/addn_hosts - 6 names
Oct 18 09:48:50.140781 podb-esxi207 dnsmasq-dhcp[3622892]: read /opt/stack/data/neutron/dhcp/f6f98762-a74e-4a1e-9840-d714cf33c48f/host
Oct 18 09:48:50.140892 podb-esxi207 dnsmasq-dhcp[3622892]: read /opt/stack/data/neutron/dhcp/f6f98762-a74e-4a1e-9840-d714cf33c48f/opts
Oct 18 09:48:51.914126 podb-esxi207 dnsmasq[3629600]: read /opt/stack/data/neutron/dhcp/3c8b9717-d3d4-4e24-96f0-eb6df30ac449/addn_hosts - 2 names
Oct 18 09:48:51.914240 podb-esxi207 dnsmasq-dhcp[3629600]: read /opt/stack/data/neutron/dhcp/3c8b9717-d3d4-4e24-96f0-eb6df30ac449/host
Oct 18 09:48:51.914354 podb-esxi207 dnsmasq-dhcp[3629600]: read /opt/stack/data/neutron/dhcp/3c8b9717-d3d4-4e24-96f0-eb6df30ac449/opts
Oct 18 09:48:52.671104 podb-esxi207 dnsmasq[3629366]: read /opt/stack/data/neutron/dhcp/93357ac8-6fb0-48b0-8b91-41caca821bec/addn_hosts - 2 names
Oct 18 09:48:52.671181 podb-esxi207 dnsmasq-dhcp[3629366]: read /opt/stack/data/neutron/dhcp/93357ac8-6fb0-48b0-8b91-41caca821bec/host
Oct 18 09:48:52.671254 podb-esxi207 dnsmasq-dhcp[3629366]: read /opt/stack/data/neutron/dhcp/93357ac8-6fb0-48b0-8b91-41caca821bec/opts
Oct 18 09:48:53.926650 podb-esxi207 dnsmasq[3629600]: read /opt/stack/data/neutron/dhcp/3c8b9717-d3d4-4e24-96f0-eb6df30ac449/addn_hosts - 2 names
Oct 18 09:48:53.926765 podb-esxi207 dnsmasq-dhcp[3629600]: read /opt/stack/data/neutron/dhcp/3c8b9717-d3d4-4e24-96f0-eb6df30ac449/host
Oct 18 09:48:53.926885 podb-esxi207 dnsmasq-dhcp[3629600]: read /opt/stack/data/neutron/dhcp/3c8b9717-d3d4-4e24-96f0-eb6df30ac449/opts
Oct 18 09:48:54.675438 podb-esxi207 dnsmasq[3629366]: read /opt/stack/data/neutron/dhcp/93357ac8-6fb0-48b0-8b91-41caca821bec/addn_hosts - 2 names
Oct 18 09:48:54.675558 podb-esxi207 dnsmasq-dhcp[3629366]: read /opt/stack/data/neutron/dhcp/93357ac8-6fb0-48b0-8b91-41caca821bec/host
Oct 18 09:48:54.675674 podb-esxi207 dnsmasq-dhcp[3629366]: read /opt/stack/data/neutron/dhcp/93357ac8-6fb0-48b0-8b91-41caca821bec/opts
Oct 18 09:48:55.943039 podb-esxi207 dnsmasq[3629600]: read /opt/stack/data/neutron/dhcp/3c8b9717-d3d4-4e24-96f0-eb6df30ac449/addn_hosts - 2 names
Oct 18 09:48:55.943157 podb-esxi207 dnsmasq-dhcp[3629600]: read /opt/stack/data/neutron/dhcp/3c8b9717-d3d4-4e24-96f0-eb6df30ac449/host
Oct 18 09:48:55.943264 podb-esxi207 dnsmasq-dhcp[3629600]: read /opt/stack/data/neutron/dhcp/3c8b9717-d3d4-4e24-96f0-eb6df30ac449/opts
Oct 18 09:49:00.203460 podb-esxi207 dnsmasq[3629366]: read /opt/stack/data/neutron/dhcp/93357ac8-6fb0-48b0-8b91-41caca821bec/addn_hosts - 4 names
Oct 18 09:49:00.203621 podb-esxi207 dnsmasq-dhcp[3629366]: read /opt/stack/data/neutron/dhcp/93357ac8-6fb0-48b0-8b91-41caca821bec/host
Oct 18 09:49:00.203732 podb-esxi207 dnsmasq-dhcp[3629366]: read /opt/stack/data/neutron/dhcp/93357ac8-6fb0-48b0-8b91-41caca821bec/opts
Oct 18 09:49:16.871606 podb-esxi207 dnsmasq-dhcp[3622892]: DHCPDISCOVER(tap316378dc-33) fa:16:3e:d9:da:8d
Oct 18 09:49:16.871635 podb-esxi207 dnsmasq-dhcp[3622892]: DHCPOFFER(tap316378dc-33) 10.1.0.13 fa:16:3e:d9:da:8d
Oct 18 09:49:16.878946 podb-esxi207 dnsmasq-dhcp[3622892]: DHCPREQUEST(tap316378dc-33) 10.1.0.13 fa:16:3e:d9:da:8d
Oct 18 09:49:16.878973 podb-esxi207 dnsmasq-dhcp[3622892]: DHCPACK(tap316378dc-33) 10.1.0.13 fa:16:3e:d9:da:8d host-10-1-0-13
Oct 18 09:49:22.888580 podb-esxi207 dnsmasq-dhcp[3629366]: DHCPDISCOVER(tapf809fb4b-b3) fa:16:3e:e2:dc:c0
Oct 18 09:49:22.888610 podb-esxi207 dnsmasq-dhcp[3629366]: DHCPOFFER(tapf809fb4b-b3) 10.1.0.14 fa:16:3e:e2:dc:c0
Oct 18 09:49:22.900467 podb-esxi207 dnsmasq-dhcp[3629366]: DHCPREQUEST(tapf809fb4b-b3) 10.1.0.14 fa:16:3e:e2:dc:c0
Oct 18 09:49:22.900505 podb-esxi207 dnsmasq-dhcp[3629366]: DHCPACK(tapf809fb4b-b3) 10.1.0.14 fa:16:3e:e2:dc:c0 host-10-1-0-14
Oct 18 09:50:01.419135 podb-esxi207 dnsmasq-dhcp[3622892]: DHCPRELEASE(tap316378dc-33) 10.1.0.13 fa:16:3e:d9:da:8d
Oct 18 09:50:01.435254 podb-esxi207 dnsmasq-dhcp[3622892]: DHCPRELEASE(tap316378dc-33) 10.1.0.13 fa:16:3e:d9:da:8d unknown lease
Oct 18 09:50:02.260708 podb-esxi207 dnsmasq[3622892]: read /opt/stack/data/neutron/dhcp/f6f98762-a74e-4a1e-9840-d714cf33c48f/addn_hosts - 4 names
Oct 18 09:50:02.260804 podb-esxi207 dnsmasq-dhcp[3622892]: read /opt/stack/data/neutron/dhcp/f6f98762-a74e-4a1e-9840-d714cf33c48f/host
Oct 18 09:50:02.260906 podb-esxi207 dnsmasq-dhcp[3622892]: read /opt/stack/data/neutron/dhcp/f6f98762-a74e-4a1e-9840-d714cf33c48f/opts
Oct 18 09:50:35.959278 podb-esxi207 dnsmasq-dhcp[3622892]: DHCPRELEASE(tap316378dc-33) 10.1.0.10 fa:16:3e:0c:a2:c2
Oct 18 09:50:35.976561 podb-esxi207 dnsmasq-dhcp[3622892]: DHCPRELEASE(tap316378dc-33) 10.1.0.10 fa:16:3e:0c:a2:c2 unknown lease
Oct 18 09:50:36.801081 podb-esxi207 dnsmasq[3622892]: read /opt/stack/data/neutron/dhcp/f6f98762-a74e-4a1e-9840-d714cf33c48f/addn_hosts - 2 names
Oct 18 09:50:36.801181 podb-esxi207 dnsmasq-dhcp[3622892]: read /opt/stack/data/neutron/dhcp/f6f98762-a74e-4a1e-9840-d714cf33c48f/host
Oct 18 09:50:36.801285 podb-esxi207 dnsmasq-dhcp[3622892]: read /opt/stack/data/neutron/dhcp/f6f98762-a74e-4a1e-9840-d714cf33c48f/opts
Oct 18 09:50:49.706284 podb-esxi207 dnsmasq-dhcp[3629366]: DHCPRELEASE(tapf809fb4b-b3) 10.1.0.14 fa:16:3e:e2:dc:c0
Oct 18 09:50:49.721647 podb-esxi207 dnsmasq-dhcp[3629366]: DHCPRELEASE(tapf809fb4b-b3) 10.1.0.14 fa:16:3e:e2:dc:c0 unknown lease
Oct 18 09:50:50.547350 podb-esxi207 dnsmasq[3629366]: read /opt/stack/data/neutron/dhcp/93357ac8-6fb0-48b0-8b91-41caca821bec/addn_hosts - 2 names
Oct 18 09:50:50.547471 podb-esxi207 dnsmasq-dhcp[3629366]: read /opt/stack/data/neutron/dhcp/93357ac8-6fb0-48b0-8b91-41caca821bec/host
Oct 18 09:50:50.547586 podb-esxi207 dnsmasq-dhcp[3629366]: read /opt/stack/data/neutron/dhcp/93357ac8-6fb0-48b0-8b91-41caca821bec/opts
Oct 18 09:50:57.153491 podb-esxi207 dnsmasq[3622892]: read /opt/stack/data/neutron/dhcp/f6f98762-a74e-4a1e-9840-d714cf33c48f/addn_hosts - 0 names
Oct 18 09:50:57.153563 podb-esxi207 dnsmasq-dhcp[3622892]: read /opt/stack/data/neutron/dhcp/f6f98762-a74e-4a1e-9840-d714cf33c48f/host
Oct 18 09:50:57.153674 podb-esxi207 dnsmasq-dhcp[3622892]: read /opt/stack/data/neutron/dhcp/f6f98762-a74e-4a1e-9840-d714cf33c48f/opts
Oct 18 09:50:58.191187 podb-esxi207 dnsmasq[3622892]: exiting on receipt of SIGTERM
Oct 18 09:50:59.310510 podb-esxi207 dnsmasq[3623162]: read /opt/stack/data/neutron/dhcp/9e1852eb-123b-482a-b3a4-665fb01f12d5/addn_hosts - 0 names
Oct 18 09:50:59.310574 podb-esxi207 dnsmasq-dhcp[3623162]: read /opt/stack/data/neutron/dhcp/9e1852eb-123b-482a-b3a4-665fb01f12d5/host
Oct 18 09:50:59.310642 podb-esxi207 dnsmasq-dhcp[3623162]: read /opt/stack/data/neutron/dhcp/9e1852eb-123b-482a-b3a4-665fb01f12d5/opts
Oct 18 09:51:00.129028 podb-esxi207 dnsmasq[3623162]: exiting on receipt of SIGTERM
Oct 18 09:51:01.963403 podb-esxi207 dnsmasq[3629366]: read /opt/stack/data/neutron/dhcp/93357ac8-6fb0-48b0-8b91-41caca821bec/addn_hosts - 0 names
Oct 18 09:51:01.963484 podb-esxi207 dnsmasq-dhcp[3629366]: read /opt/stack/data/neutron/dhcp/93357ac8-6fb0-48b0-8b91-41caca821bec/host
Oct 18 09:51:01.963565 podb-esxi207 dnsmasq-dhcp[3629366]: read /opt/stack/data/neutron/dhcp/93357ac8-6fb0-48b0-8b91-41caca821bec/opts
Oct 18 09:51:03.044216 podb-esxi207 dnsmasq[3629366]: exiting on receipt of SIGTERM
Oct 18 09:51:04.154994 podb-esxi207 dnsmasq[3629600]: read /opt/stack/data/neutron/dhcp/3c8b9717-d3d4-4e24-96f0-eb6df30ac449/addn_hosts - 0 names
Oct 18 09:51:04.155067 podb-esxi207 dnsmasq-dhcp[3629600]: read /opt/stack/data/neutron/dhcp/3c8b9717-d3d4-4e24-96f0-eb6df30ac449/host
Oct 18 09:51:04.155129 podb-esxi207 dnsmasq-dhcp[3629600]: read /opt/stack/data/neutron/dhcp/3c8b9717-d3d4-4e24-96f0-eb6df30ac449/opts
Oct 18 09:51:05.196572 podb-esxi207 dnsmasq[3629600]: exiting on receipt of SIGTERM
Oct 18 09:51:15.537551 podb-esxi207 dnsmasq[3631635]: started, version 2.90 cachesize 150
Oct 18 09:51:15.537580 podb-esxi207 dnsmasq[3631635]: DNS service limited to local subnets
Oct 18 09:51:15.537595 podb-esxi207 dnsmasq[3631635]: compile time options: IPv6 GNU-getopt DBus no-UBus i18n IDN2 DHCP DHCPv6 no-Lua TFTP conntrack ipset no-nftset auth cryptohash DNSSEC loop-detect inotify dumpfile
Oct 18 09:51:15.537632 podb-esxi207 dnsmasq-dhcp[3631635]: DHCP, static leases only on 10.1.0.0, lease time 1d
Oct 18 09:51:15.537787 podb-esxi207 dnsmasq[3631635]: reading /etc/resolv.conf
Oct 18 09:51:15.537805 podb-esxi207 dnsmasq[3631635]: using nameserver 127.0.0.53#53
Oct 18 09:51:15.537897 podb-esxi207 dnsmasq[3631635]: read /opt/stack/data/neutron/dhcp/13ece772-c176-401a-a093-b00645b89ca3/addn_hosts - 0 names
Oct 18 09:51:15.537948 podb-esxi207 dnsmasq-dhcp[3631635]: read /opt/stack/data/neutron/dhcp/13ece772-c176-401a-a093-b00645b89ca3/host
Oct 18 09:51:15.538009 podb-esxi207 dnsmasq-dhcp[3631635]: read /opt/stack/data/neutron/dhcp/13ece772-c176-401a-a093-b00645b89ca3/opts
Oct 18 09:51:17.079859 podb-esxi207 dnsmasq[3631635]: read /opt/stack/data/neutron/dhcp/13ece772-c176-401a-a093-b00645b89ca3/addn_hosts - 2 names
Oct 18 09:51:17.079987 podb-esxi207 dnsmasq-dhcp[3631635]: read /opt/stack/data/neutron/dhcp/13ece772-c176-401a-a093-b00645b89ca3/host
Oct 18 09:51:17.080082 podb-esxi207 dnsmasq-dhcp[3631635]: read /opt/stack/data/neutron/dhcp/13ece772-c176-401a-a093-b00645b89ca3/opts
Oct 18 09:51:18.333122 podb-esxi207 dnsmasq[3631635]: read /opt/stack/data/neutron/dhcp/13ece772-c176-401a-a093-b00645b89ca3/addn_hosts - 2 names
Oct 18 09:51:18.333226 podb-esxi207 dnsmasq-dhcp[3631635]: read /opt/stack/data/neutron/dhcp/13ece772-c176-401a-a093-b00645b89ca3/host
Oct 18 09:51:18.333319 podb-esxi207 dnsmasq-dhcp[3631635]: read /opt/stack/data/neutron/dhcp/13ece772-c176-401a-a093-b00645b89ca3/opts
Oct 18 09:51:19.596619 podb-esxi207 dnsmasq[3631635]: read /opt/stack/data/neutron/dhcp/13ece772-c176-401a-a093-b00645b89ca3/addn_hosts - 2 names
Oct 18 09:51:19.596735 podb-esxi207 dnsmasq-dhcp[3631635]: read /opt/stack/data/neutron/dhcp/13ece772-c176-401a-a093-b00645b89ca3/host
Oct 18 09:51:19.596849 podb-esxi207 dnsmasq-dhcp[3631635]: read /opt/stack/data/neutron/dhcp/13ece772-c176-401a-a093-b00645b89ca3/opts
Oct 18 09:52:13.845603 podb-esxi207 dnsmasq[3632278]: started, version 2.90 cachesize 150
Oct 18 09:52:13.845629 podb-esxi207 dnsmasq[3632278]: DNS service limited to local subnets
Oct 18 09:52:13.845644 podb-esxi207 dnsmasq[3632278]: compile time options: IPv6 GNU-getopt DBus no-UBus i18n IDN2 DHCP DHCPv6 no-Lua TFTP conntrack ipset no-nftset auth cryptohash DNSSEC loop-detect inotify dumpfile
Oct 18 09:52:13.845685 podb-esxi207 dnsmasq-dhcp[3632278]: DHCP, static leases only on 10.1.0.0, lease time 1d
Oct 18 09:52:13.845841 podb-esxi207 dnsmasq[3632278]: reading /etc/resolv.conf
Oct 18 09:52:13.845858 podb-esxi207 dnsmasq[3632278]: using nameserver 127.0.0.53#53
Oct 18 09:52:13.845945 podb-esxi207 dnsmasq[3632278]: read /opt/stack/data/neutron/dhcp/e3e38429-0cf6-4b98-9d97-5b35c9c03c47/addn_hosts - 0 names
Oct 18 09:52:13.845999 podb-esxi207 dnsmasq-dhcp[3632278]: read /opt/stack/data/neutron/dhcp/e3e38429-0cf6-4b98-9d97-5b35c9c03c47/host
Oct 18 09:52:13.846067 podb-esxi207 dnsmasq-dhcp[3632278]: read /opt/stack/data/neutron/dhcp/e3e38429-0cf6-4b98-9d97-5b35c9c03c47/opts
Oct 18 09:52:15.396272 podb-esxi207 dnsmasq[3632278]: read /opt/stack/data/neutron/dhcp/e3e38429-0cf6-4b98-9d97-5b35c9c03c47/addn_hosts - 2 names
Oct 18 09:52:15.396388 podb-esxi207 dnsmasq-dhcp[3632278]: read /opt/stack/data/neutron/dhcp/e3e38429-0cf6-4b98-9d97-5b35c9c03c47/host
Oct 18 09:52:15.396504 podb-esxi207 dnsmasq-dhcp[3632278]: read /opt/stack/data/neutron/dhcp/e3e38429-0cf6-4b98-9d97-5b35c9c03c47/opts
Oct 18 09:52:18.255140 podb-esxi207 dnsmasq[3632568]: started, version 2.90 cachesize 150
Oct 18 09:52:18.255170 podb-esxi207 dnsmasq[3632568]: DNS service limited to local subnets
Oct 18 09:52:18.255186 podb-esxi207 dnsmasq[3632568]: compile time options: IPv6 GNU-getopt DBus no-UBus i18n IDN2 DHCP DHCPv6 no-Lua TFTP conntrack ipset no-nftset auth cryptohash DNSSEC loop-detect inotify dumpfile
Oct 18 09:52:18.255228 podb-esxi207 dnsmasq-dhcp[3632568]: DHCP, static leases only on 10.1.0.0, lease time 1d
Oct 18 09:52:18.255385 podb-esxi207 dnsmasq[3632568]: reading /etc/resolv.conf
Oct 18 09:52:18.255402 podb-esxi207 dnsmasq[3632568]: using nameserver 127.0.0.53#53
Oct 18 09:52:18.255491 podb-esxi207 dnsmasq[3632568]: read /opt/stack/data/neutron/dhcp/9b7949e3-2f03-4a3c-ab40-603b045f5129/addn_hosts - 0 names
Oct 18 09:52:18.255543 podb-esxi207 dnsmasq-dhcp[3632568]: read /opt/stack/data/neutron/dhcp/9b7949e3-2f03-4a3c-ab40-603b045f5129/host
Oct 18 09:52:18.255601 podb-esxi207 dnsmasq-dhcp[3632568]: read /opt/stack/data/neutron/dhcp/9b7949e3-2f03-4a3c-ab40-603b045f5129/opts
Oct 18 09:52:19.304340 podb-esxi207 dnsmasq[3632278]: read /opt/stack/data/neutron/dhcp/e3e38429-0cf6-4b98-9d97-5b35c9c03c47/addn_hosts - 2 names
Oct 18 09:52:19.304388 podb-esxi207 dnsmasq-dhcp[3632278]: read /opt/stack/data/neutron/dhcp/e3e38429-0cf6-4b98-9d97-5b35c9c03c47/host
Oct 18 09:52:19.304422 podb-esxi207 dnsmasq-dhcp[3632278]: read /opt/stack/data/neutron/dhcp/e3e38429-0cf6-4b98-9d97-5b35c9c03c47/opts
Oct 18 09:52:20.573072 podb-esxi207 dnsmasq[3632568]: read /opt/stack/data/neutron/dhcp/9b7949e3-2f03-4a3c-ab40-603b045f5129/addn_hosts - 2 names
Oct 18 09:52:20.573191 podb-esxi207 dnsmasq-dhcp[3632568]: read /opt/stack/data/neutron/dhcp/9b7949e3-2f03-4a3c-ab40-603b045f5129/host
Oct 18 09:52:20.573308 podb-esxi207 dnsmasq-dhcp[3632568]: read /opt/stack/data/neutron/dhcp/9b7949e3-2f03-4a3c-ab40-603b045f5129/opts
Oct 18 09:52:21.830516 podb-esxi207 dnsmasq[3632278]: read /opt/stack/data/neutron/dhcp/e3e38429-0cf6-4b98-9d97-5b35c9c03c47/addn_hosts - 2 names
Oct 18 09:52:21.830635 podb-esxi207 dnsmasq-dhcp[3632278]: read /opt/stack/data/neutron/dhcp/e3e38429-0cf6-4b98-9d97-5b35c9c03c47/host
Oct 18 09:52:21.830770 podb-esxi207 dnsmasq-dhcp[3632278]: read /opt/stack/data/neutron/dhcp/e3e38429-0cf6-4b98-9d97-5b35c9c03c47/opts
Oct 18 09:52:22.578881 podb-esxi207 dnsmasq[3632568]: read /opt/stack/data/neutron/dhcp/9b7949e3-2f03-4a3c-ab40-603b045f5129/addn_hosts - 2 names
Oct 18 09:52:22.578977 podb-esxi207 dnsmasq-dhcp[3632568]: read /opt/stack/data/neutron/dhcp/9b7949e3-2f03-4a3c-ab40-603b045f5129/host
Oct 18 09:52:22.579047 podb-esxi207 dnsmasq-dhcp[3632568]: read /opt/stack/data/neutron/dhcp/9b7949e3-2f03-4a3c-ab40-603b045f5129/opts
Oct 18 09:52:23.836415 podb-esxi207 dnsmasq[3632568]: read /opt/stack/data/neutron/dhcp/9b7949e3-2f03-4a3c-ab40-603b045f5129/addn_hosts - 2 names
Oct 18 09:52:23.836509 podb-esxi207 dnsmasq-dhcp[3632568]: read /opt/stack/data/neutron/dhcp/9b7949e3-2f03-4a3c-ab40-603b045f5129/host
Oct 18 09:52:23.836622 podb-esxi207 dnsmasq-dhcp[3632568]: read /opt/stack/data/neutron/dhcp/9b7949e3-2f03-4a3c-ab40-603b045f5129/opts
Oct 18 09:52:25.613688 podb-esxi207 dnsmasq[3631635]: read /opt/stack/data/neutron/dhcp/13ece772-c176-401a-a093-b00645b89ca3/addn_hosts - 4 names
Oct 18 09:52:25.613834 podb-esxi207 dnsmasq-dhcp[3631635]: read /opt/stack/data/neutron/dhcp/13ece772-c176-401a-a093-b00645b89ca3/host
Oct 18 09:52:25.613956 podb-esxi207 dnsmasq-dhcp[3631635]: read /opt/stack/data/neutron/dhcp/13ece772-c176-401a-a093-b00645b89ca3/opts
Oct 18 09:52:27.818007 podb-esxi207 dnsmasq[3632278]: read /opt/stack/data/neutron/dhcp/e3e38429-0cf6-4b98-9d97-5b35c9c03c47/addn_hosts - 4 names
Oct 18 09:52:27.818152 podb-esxi207 dnsmasq-dhcp[3632278]: read /opt/stack/data/neutron/dhcp/e3e38429-0cf6-4b98-9d97-5b35c9c03c47/host
Oct 18 09:52:27.818272 podb-esxi207 dnsmasq-dhcp[3632278]: read /opt/stack/data/neutron/dhcp/e3e38429-0cf6-4b98-9d97-5b35c9c03c47/opts
Oct 18 09:52:48.696106 podb-esxi207 dnsmasq-dhcp[3631635]: DHCPDISCOVER(tapbe0373a2-c2) fa:16:3e:8b:03:68
Oct 18 09:52:48.696135 podb-esxi207 dnsmasq-dhcp[3631635]: DHCPOFFER(tapbe0373a2-c2) 10.1.0.14 fa:16:3e:8b:03:68
Oct 18 09:52:48.706996 podb-esxi207 dnsmasq-dhcp[3631635]: DHCPREQUEST(tapbe0373a2-c2) 10.1.0.14 fa:16:3e:8b:03:68
Oct 18 09:52:48.707031 podb-esxi207 dnsmasq-dhcp[3631635]: DHCPACK(tapbe0373a2-c2) 10.1.0.14 fa:16:3e:8b:03:68 host-10-1-0-14
Oct 18 09:52:49.741463 podb-esxi207 dnsmasq-dhcp[3632278]: DHCPDISCOVER(tap28981aa6-06) fa:16:3e:2e:07:95
Oct 18 09:52:49.741492 podb-esxi207 dnsmasq-dhcp[3632278]: DHCPOFFER(tap28981aa6-06) 10.1.0.13 fa:16:3e:2e:07:95
Oct 18 09:52:49.755634 podb-esxi207 dnsmasq-dhcp[3632278]: DHCPREQUEST(tap28981aa6-06) 10.1.0.13 fa:16:3e:2e:07:95
Oct 18 09:52:49.755665 podb-esxi207 dnsmasq-dhcp[3632278]: DHCPACK(tap28981aa6-06) 10.1.0.13 fa:16:3e:2e:07:95 host-10-1-0-13
Oct 18 09:54:30.278632 podb-esxi207 dnsmasq-dhcp[3632278]: DHCPREQUEST(tap28981aa6-06) 10.1.0.13 fa:16:3e:2e:07:95
Oct 18 09:54:30.278667 podb-esxi207 dnsmasq-dhcp[3632278]: DHCPACK(tap28981aa6-06) 10.1.0.13 fa:16:3e:2e:07:95 host-10-1-0-13
Oct 18 09:55:48.712750 podb-esxi207 dnsmasq-dhcp[3632278]: DHCPRELEASE(tap28981aa6-06) 10.1.0.13 fa:16:3e:2e:07:95
Oct 18 09:55:48.729686 podb-esxi207 dnsmasq-dhcp[3632278]: DHCPRELEASE(tap28981aa6-06) 10.1.0.13 fa:16:3e:2e:07:95 unknown lease
Oct 18 09:55:49.554634 podb-esxi207 dnsmasq[3632278]: read /opt/stack/data/neutron/dhcp/e3e38429-0cf6-4b98-9d97-5b35c9c03c47/addn_hosts - 2 names
Oct 18 09:55:49.554801 podb-esxi207 dnsmasq-dhcp[3632278]: read /opt/stack/data/neutron/dhcp/e3e38429-0cf6-4b98-9d97-5b35c9c03c47/host
Oct 18 09:55:49.554925 podb-esxi207 dnsmasq-dhcp[3632278]: read /opt/stack/data/neutron/dhcp/e3e38429-0cf6-4b98-9d97-5b35c9c03c47/opts
Oct 18 09:56:02.865367 podb-esxi207 dnsmasq[3632278]: read /opt/stack/data/neutron/dhcp/e3e38429-0cf6-4b98-9d97-5b35c9c03c47/addn_hosts - 4 names
Oct 18 09:56:02.865504 podb-esxi207 dnsmasq-dhcp[3632278]: read /opt/stack/data/neutron/dhcp/e3e38429-0cf6-4b98-9d97-5b35c9c03c47/host
Oct 18 09:56:02.865619 podb-esxi207 dnsmasq-dhcp[3632278]: read /opt/stack/data/neutron/dhcp/e3e38429-0cf6-4b98-9d97-5b35c9c03c47/opts
Oct 18 09:56:20.361937 podb-esxi207 dnsmasq-dhcp[3631635]: DHCPRELEASE(tapbe0373a2-c2) 10.1.0.14 fa:16:3e:8b:03:68
Oct 18 09:56:20.377236 podb-esxi207 dnsmasq-dhcp[3631635]: DHCPRELEASE(tapbe0373a2-c2) 10.1.0.14 fa:16:3e:8b:03:68 unknown lease
Oct 18 09:56:21.200196 podb-esxi207 dnsmasq[3631635]: read /opt/stack/data/neutron/dhcp/13ece772-c176-401a-a093-b00645b89ca3/addn_hosts - 2 names
Oct 18 09:56:21.200296 podb-esxi207 dnsmasq-dhcp[3631635]: read /opt/stack/data/neutron/dhcp/13ece772-c176-401a-a093-b00645b89ca3/host
Oct 18 09:56:21.200378 podb-esxi207 dnsmasq-dhcp[3631635]: read /opt/stack/data/neutron/dhcp/13ece772-c176-401a-a093-b00645b89ca3/opts
Oct 18 09:56:25.423199 podb-esxi207 dnsmasq-dhcp[3632278]: DHCPDISCOVER(tap28981aa6-06) fa:16:3e:5d:a1:ed
Oct 18 09:56:25.423227 podb-esxi207 dnsmasq-dhcp[3632278]: DHCPOFFER(tap28981aa6-06) 10.1.0.12 fa:16:3e:5d:a1:ed
Oct 18 09:56:25.435551 podb-esxi207 dnsmasq-dhcp[3632278]: DHCPREQUEST(tap28981aa6-06) 10.1.0.12 fa:16:3e:5d:a1:ed
Oct 18 09:56:25.435583 podb-esxi207 dnsmasq-dhcp[3632278]: DHCPACK(tap28981aa6-06) 10.1.0.12 fa:16:3e:5d:a1:ed host-10-1-0-12
Oct 18 09:57:28.628269 podb-esxi207 dnsmasq-dhcp[3632278]: DHCPREQUEST(tap28981aa6-06) 10.1.0.12 fa:16:3e:5d:a1:ed
Oct 18 09:57:28.628300 podb-esxi207 dnsmasq-dhcp[3632278]: DHCPACK(tap28981aa6-06) 10.1.0.12 fa:16:3e:5d:a1:ed host-10-1-0-12
Oct 18 09:58:41.014233 podb-esxi207 dnsmasq-dhcp[3632278]: DHCPRELEASE(tap28981aa6-06) 10.1.0.12 fa:16:3e:5d:a1:ed
Oct 18 09:58:41.031629 podb-esxi207 dnsmasq-dhcp[3632278]: DHCPRELEASE(tap28981aa6-06) 10.1.0.12 fa:16:3e:5d:a1:ed unknown lease
Oct 18 09:58:41.861231 podb-esxi207 dnsmasq[3632278]: read /opt/stack/data/neutron/dhcp/e3e38429-0cf6-4b98-9d97-5b35c9c03c47/addn_hosts - 2 names
Oct 18 09:58:41.861349 podb-esxi207 dnsmasq-dhcp[3632278]: read /opt/stack/data/neutron/dhcp/e3e38429-0cf6-4b98-9d97-5b35c9c03c47/host
Oct 18 09:58:41.861469 podb-esxi207 dnsmasq-dhcp[3632278]: read /opt/stack/data/neutron/dhcp/e3e38429-0cf6-4b98-9d97-5b35c9c03c47/opts
Oct 18 09:58:46.747534 podb-esxi207 dnsmasq[3632278]: read /opt/stack/data/neutron/dhcp/e3e38429-0cf6-4b98-9d97-5b35c9c03c47/addn_hosts - 0 names
Oct 18 09:58:46.747659 podb-esxi207 dnsmasq-dhcp[3632278]: read /opt/stack/data/neutron/dhcp/e3e38429-0cf6-4b98-9d97-5b35c9c03c47/host
Oct 18 09:58:46.747761 podb-esxi207 dnsmasq-dhcp[3632278]: read /opt/stack/data/neutron/dhcp/e3e38429-0cf6-4b98-9d97-5b35c9c03c47/opts
Oct 18 09:58:47.781463 podb-esxi207 dnsmasq[3632278]: exiting on receipt of SIGTERM
Oct 18 09:58:48.899373 podb-esxi207 dnsmasq[3632568]: read /opt/stack/data/neutron/dhcp/9b7949e3-2f03-4a3c-ab40-603b045f5129/addn_hosts - 0 names
Oct 18 09:58:48.899446 podb-esxi207 dnsmasq-dhcp[3632568]: read /opt/stack/data/neutron/dhcp/9b7949e3-2f03-4a3c-ab40-603b045f5129/host
Oct 18 09:58:48.899498 podb-esxi207 dnsmasq-dhcp[3632568]: read /opt/stack/data/neutron/dhcp/9b7949e3-2f03-4a3c-ab40-603b045f5129/opts
Oct 18 09:58:49.660516 podb-esxi207 dnsmasq[3632568]: exiting on receipt of SIGTERM
Oct 18 09:58:54.173214 podb-esxi207 dnsmasq[3637771]: started, version 2.90 cachesize 150
Oct 18 09:58:54.173241 podb-esxi207 dnsmasq[3637771]: DNS service limited to local subnets
Oct 18 09:58:54.173256 podb-esxi207 dnsmasq[3637771]: compile time options: IPv6 GNU-getopt DBus no-UBus i18n IDN2 DHCP DHCPv6 no-Lua TFTP conntrack ipset no-nftset auth cryptohash DNSSEC loop-detect inotify dumpfile
Oct 18 09:58:54.173297 podb-esxi207 dnsmasq-dhcp[3637771]: DHCP, static leases only on 10.1.0.0, lease time 1d
Oct 18 09:58:54.173451 podb-esxi207 dnsmasq[3637771]: reading /etc/resolv.conf
Oct 18 09:58:54.173468 podb-esxi207 dnsmasq[3637771]: using nameserver 127.0.0.53#53
Oct 18 09:58:54.173557 podb-esxi207 dnsmasq[3637771]: read /opt/stack/data/neutron/dhcp/c9496482-3a0e-4516-b50d-65076f073936/addn_hosts - 0 names
Oct 18 09:58:54.173615 podb-esxi207 dnsmasq-dhcp[3637771]: read /opt/stack/data/neutron/dhcp/c9496482-3a0e-4516-b50d-65076f073936/host
Oct 18 09:58:54.173673 podb-esxi207 dnsmasq-dhcp[3637771]: read /opt/stack/data/neutron/dhcp/c9496482-3a0e-4516-b50d-65076f073936/opts
Oct 18 09:58:55.716204 podb-esxi207 dnsmasq[3637771]: read /opt/stack/data/neutron/dhcp/c9496482-3a0e-4516-b50d-65076f073936/addn_hosts - 2 names
Oct 18 09:58:55.716343 podb-esxi207 dnsmasq-dhcp[3637771]: read /opt/stack/data/neutron/dhcp/c9496482-3a0e-4516-b50d-65076f073936/host
Oct 18 09:58:55.716433 podb-esxi207 dnsmasq-dhcp[3637771]: read /opt/stack/data/neutron/dhcp/c9496482-3a0e-4516-b50d-65076f073936/opts
Oct 18 09:58:58.564847 podb-esxi207 dnsmasq[3638061]: started, version 2.90 cachesize 150
Oct 18 09:58:58.564877 podb-esxi207 dnsmasq[3638061]: DNS service limited to local subnets
Oct 18 09:58:58.564892 podb-esxi207 dnsmasq[3638061]: compile time options: IPv6 GNU-getopt DBus no-UBus i18n IDN2 DHCP DHCPv6 no-Lua TFTP conntrack ipset no-nftset auth cryptohash DNSSEC loop-detect inotify dumpfile
Oct 18 09:58:58.564935 podb-esxi207 dnsmasq-dhcp[3638061]: DHCP, static leases only on 10.1.0.0, lease time 1d
Oct 18 09:58:58.565092 podb-esxi207 dnsmasq[3638061]: reading /etc/resolv.conf
Oct 18 09:58:58.565113 podb-esxi207 dnsmasq[3638061]: using nameserver 127.0.0.53#53
Oct 18 09:58:58.565202 podb-esxi207 dnsmasq[3638061]: read /opt/stack/data/neutron/dhcp/c9a8e265-db65-4899-a97c-4f23b5c4d295/addn_hosts - 0 names
Oct 18 09:58:58.565254 podb-esxi207 dnsmasq-dhcp[3638061]: read /opt/stack/data/neutron/dhcp/c9a8e265-db65-4899-a97c-4f23b5c4d295/host
Oct 18 09:58:58.565320 podb-esxi207 dnsmasq-dhcp[3638061]: read /opt/stack/data/neutron/dhcp/c9a8e265-db65-4899-a97c-4f23b5c4d295/opts
Oct 18 09:58:59.607972 podb-esxi207 dnsmasq[3637771]: read /opt/stack/data/neutron/dhcp/c9496482-3a0e-4516-b50d-65076f073936/addn_hosts - 2 names
Oct 18 09:58:59.608065 podb-esxi207 dnsmasq-dhcp[3637771]: read /opt/stack/data/neutron/dhcp/c9496482-3a0e-4516-b50d-65076f073936/host
Oct 18 09:58:59.608172 podb-esxi207 dnsmasq-dhcp[3637771]: read /opt/stack/data/neutron/dhcp/c9496482-3a0e-4516-b50d-65076f073936/opts
Oct 18 09:59:00.861853 podb-esxi207 dnsmasq[3638061]: read /opt/stack/data/neutron/dhcp/c9a8e265-db65-4899-a97c-4f23b5c4d295/addn_hosts - 2 names
Oct 18 09:59:00.861958 podb-esxi207 dnsmasq-dhcp[3638061]: read /opt/stack/data/neutron/dhcp/c9a8e265-db65-4899-a97c-4f23b5c4d295/host
Oct 18 09:59:00.862081 podb-esxi207 dnsmasq-dhcp[3638061]: read /opt/stack/data/neutron/dhcp/c9a8e265-db65-4899-a97c-4f23b5c4d295/opts
Oct 18 09:59:02.128079 podb-esxi207 dnsmasq[3637771]: read /opt/stack/data/neutron/dhcp/c9496482-3a0e-4516-b50d-65076f073936/addn_hosts - 2 names
Oct 18 09:59:02.128182 podb-esxi207 dnsmasq-dhcp[3637771]: read /opt/stack/data/neutron/dhcp/c9496482-3a0e-4516-b50d-65076f073936/host
Oct 18 09:59:02.128290 podb-esxi207 dnsmasq-dhcp[3637771]: read /opt/stack/data/neutron/dhcp/c9496482-3a0e-4516-b50d-65076f073936/opts
Oct 18 09:59:02.877984 podb-esxi207 dnsmasq[3638061]: read /opt/stack/data/neutron/dhcp/c9a8e265-db65-4899-a97c-4f23b5c4d295/addn_hosts - 2 names
Oct 18 09:59:02.878098 podb-esxi207 dnsmasq-dhcp[3638061]: read /opt/stack/data/neutron/dhcp/c9a8e265-db65-4899-a97c-4f23b5c4d295/host
Oct 18 09:59:02.878210 podb-esxi207 dnsmasq-dhcp[3638061]: read /opt/stack/data/neutron/dhcp/c9a8e265-db65-4899-a97c-4f23b5c4d295/opts
Oct 18 09:59:04.126150 podb-esxi207 dnsmasq[3638061]: read /opt/stack/data/neutron/dhcp/c9a8e265-db65-4899-a97c-4f23b5c4d295/addn_hosts - 2 names
Oct 18 09:59:04.126252 podb-esxi207 dnsmasq-dhcp[3638061]: read /opt/stack/data/neutron/dhcp/c9a8e265-db65-4899-a97c-4f23b5c4d295/host
Oct 18 09:59:04.126369 podb-esxi207 dnsmasq-dhcp[3638061]: read /opt/stack/data/neutron/dhcp/c9a8e265-db65-4899-a97c-4f23b5c4d295/opts
Oct 18 09:59:05.394614 podb-esxi207 dnsmasq[3637771]: read /opt/stack/data/neutron/dhcp/c9496482-3a0e-4516-b50d-65076f073936/addn_hosts - 4 names
Oct 18 09:59:05.394780 podb-esxi207 dnsmasq-dhcp[3637771]: read /opt/stack/data/neutron/dhcp/c9496482-3a0e-4516-b50d-65076f073936/host
Oct 18 09:59:05.394900 podb-esxi207 dnsmasq-dhcp[3637771]: read /opt/stack/data/neutron/dhcp/c9496482-3a0e-4516-b50d-65076f073936/opts
Oct 18 09:59:27.427368 podb-esxi207 dnsmasq[3631635]: read /opt/stack/data/neutron/dhcp/13ece772-c176-401a-a093-b00645b89ca3/addn_hosts - 0 names
Oct 18 09:59:27.427458 podb-esxi207 dnsmasq-dhcp[3631635]: read /opt/stack/data/neutron/dhcp/13ece772-c176-401a-a093-b00645b89ca3/host
Oct 18 09:59:27.427539 podb-esxi207 dnsmasq-dhcp[3631635]: read /opt/stack/data/neutron/dhcp/13ece772-c176-401a-a093-b00645b89ca3/opts
Oct 18 09:59:28.297665 podb-esxi207 dnsmasq[3631635]: exiting on receipt of SIGTERM
Oct 18 09:59:31.054262 podb-esxi207 dnsmasq-dhcp[3637771]: DHCPDISCOVER(tapb54dcd1d-ea) fa:16:3e:82:9d:87
Oct 18 09:59:31.054295 podb-esxi207 dnsmasq-dhcp[3637771]: DHCPOFFER(tapb54dcd1d-ea) 10.1.0.9 fa:16:3e:82:9d:87
Oct 18 09:59:31.064929 podb-esxi207 dnsmasq-dhcp[3637771]: DHCPREQUEST(tapb54dcd1d-ea) 10.1.0.9 fa:16:3e:82:9d:87
Oct 18 09:59:31.064967 podb-esxi207 dnsmasq-dhcp[3637771]: DHCPACK(tapb54dcd1d-ea) 10.1.0.9 fa:16:3e:82:9d:87 host-10-1-0-9
Oct 18 10:00:14.184815 podb-esxi207 dnsmasq[3638968]: started, version 2.90 cachesize 150
Oct 18 10:00:14.184844 podb-esxi207 dnsmasq[3638968]: DNS service limited to local subnets
Oct 18 10:00:14.184859 podb-esxi207 dnsmasq[3638968]: compile time options: IPv6 GNU-getopt DBus no-UBus i18n IDN2 DHCP DHCPv6 no-Lua TFTP conntrack ipset no-nftset auth cryptohash DNSSEC loop-detect inotify dumpfile
Oct 18 10:00:14.184894 podb-esxi207 dnsmasq-dhcp[3638968]: DHCP, static leases only on 10.1.0.0, lease time 1d
Oct 18 10:00:14.185049 podb-esxi207 dnsmasq[3638968]: reading /etc/resolv.conf
Oct 18 10:00:14.185065 podb-esxi207 dnsmasq[3638968]: using nameserver 127.0.0.53#53
Oct 18 10:00:14.185157 podb-esxi207 dnsmasq[3638968]: read /opt/stack/data/neutron/dhcp/65ce2ead-a14b-4c5c-a153-5036d63fa274/addn_hosts - 0 names
Oct 18 10:00:14.185210 podb-esxi207 dnsmasq-dhcp[3638968]: read /opt/stack/data/neutron/dhcp/65ce2ead-a14b-4c5c-a153-5036d63fa274/host
Oct 18 10:00:14.185278 podb-esxi207 dnsmasq-dhcp[3638968]: read /opt/stack/data/neutron/dhcp/65ce2ead-a14b-4c5c-a153-5036d63fa274/opts
Oct 18 10:00:16.240286 podb-esxi207 dnsmasq[3638968]: read /opt/stack/data/neutron/dhcp/65ce2ead-a14b-4c5c-a153-5036d63fa274/addn_hosts - 2 names
Oct 18 10:00:16.240380 podb-esxi207 dnsmasq-dhcp[3638968]: read /opt/stack/data/neutron/dhcp/65ce2ead-a14b-4c5c-a153-5036d63fa274/host
Oct 18 10:00:16.240495 podb-esxi207 dnsmasq-dhcp[3638968]: read /opt/stack/data/neutron/dhcp/65ce2ead-a14b-4c5c-a153-5036d63fa274/opts
Oct 18 10:00:19.257330 podb-esxi207 dnsmasq[3639345]: started, version 2.90 cachesize 150
Oct 18 10:00:19.257361 podb-esxi207 dnsmasq[3639345]: DNS service limited to local subnets
Oct 18 10:00:19.257376 podb-esxi207 dnsmasq[3639345]: compile time options: IPv6 GNU-getopt DBus no-UBus i18n IDN2 DHCP DHCPv6 no-Lua TFTP conntrack ipset no-nftset auth cryptohash DNSSEC loop-detect inotify dumpfile
Oct 18 10:00:19.257416 podb-esxi207 dnsmasq-dhcp[3639345]: DHCP, static leases only on 10.1.0.0, lease time 1d
Oct 18 10:00:19.257579 podb-esxi207 dnsmasq[3639345]: reading /etc/resolv.conf
Oct 18 10:00:19.257595 podb-esxi207 dnsmasq[3639345]: using nameserver 127.0.0.53#53
Oct 18 10:00:19.257702 podb-esxi207 dnsmasq[3639345]: read /opt/stack/data/neutron/dhcp/eaa02dbe-2fae-4a1a-b396-89f18b21479e/addn_hosts - 2 names
Oct 18 10:00:19.257766 podb-esxi207 dnsmasq-dhcp[3639345]: read /opt/stack/data/neutron/dhcp/eaa02dbe-2fae-4a1a-b396-89f18b21479e/host
Oct 18 10:00:19.257833 podb-esxi207 dnsmasq-dhcp[3639345]: read /opt/stack/data/neutron/dhcp/eaa02dbe-2fae-4a1a-b396-89f18b21479e/opts
Oct 18 10:00:20.334897 podb-esxi207 dnsmasq[3638968]: read /opt/stack/data/neutron/dhcp/65ce2ead-a14b-4c5c-a153-5036d63fa274/addn_hosts - 2 names
Oct 18 10:00:20.334995 podb-esxi207 dnsmasq-dhcp[3638968]: read /opt/stack/data/neutron/dhcp/65ce2ead-a14b-4c5c-a153-5036d63fa274/host
Oct 18 10:00:20.335069 podb-esxi207 dnsmasq-dhcp[3638968]: read /opt/stack/data/neutron/dhcp/65ce2ead-a14b-4c5c-a153-5036d63fa274/opts
Oct 18 10:00:21.597336 podb-esxi207 dnsmasq[3639345]: read /opt/stack/data/neutron/dhcp/eaa02dbe-2fae-4a1a-b396-89f18b21479e/addn_hosts - 2 names
Oct 18 10:00:21.597427 podb-esxi207 dnsmasq-dhcp[3639345]: read /opt/stack/data/neutron/dhcp/eaa02dbe-2fae-4a1a-b396-89f18b21479e/host
Oct 18 10:00:21.597525 podb-esxi207 dnsmasq-dhcp[3639345]: read /opt/stack/data/neutron/dhcp/eaa02dbe-2fae-4a1a-b396-89f18b21479e/opts
Oct 18 10:00:22.851845 podb-esxi207 dnsmasq[3638968]: read /opt/stack/data/neutron/dhcp/65ce2ead-a14b-4c5c-a153-5036d63fa274/addn_hosts - 2 names
Oct 18 10:00:22.851948 podb-esxi207 dnsmasq-dhcp[3638968]: read /opt/stack/data/neutron/dhcp/65ce2ead-a14b-4c5c-a153-5036d63fa274/host
Oct 18 10:00:22.852043 podb-esxi207 dnsmasq-dhcp[3638968]: read /opt/stack/data/neutron/dhcp/65ce2ead-a14b-4c5c-a153-5036d63fa274/opts
Oct 18 10:00:23.584601 podb-esxi207 dnsmasq[3639345]: read /opt/stack/data/neutron/dhcp/eaa02dbe-2fae-4a1a-b396-89f18b21479e/addn_hosts - 2 names
Oct 18 10:00:23.584716 podb-esxi207 dnsmasq-dhcp[3639345]: read /opt/stack/data/neutron/dhcp/eaa02dbe-2fae-4a1a-b396-89f18b21479e/host
Oct 18 10:00:23.584831 podb-esxi207 dnsmasq-dhcp[3639345]: read /opt/stack/data/neutron/dhcp/eaa02dbe-2fae-4a1a-b396-89f18b21479e/opts
Oct 18 10:00:24.838414 podb-esxi207 dnsmasq[3639345]: read /opt/stack/data/neutron/dhcp/eaa02dbe-2fae-4a1a-b396-89f18b21479e/addn_hosts - 2 names
Oct 18 10:00:24.838504 podb-esxi207 dnsmasq-dhcp[3639345]: read /opt/stack/data/neutron/dhcp/eaa02dbe-2fae-4a1a-b396-89f18b21479e/host
Oct 18 10:00:24.838604 podb-esxi207 dnsmasq-dhcp[3639345]: read /opt/stack/data/neutron/dhcp/eaa02dbe-2fae-4a1a-b396-89f18b21479e/opts
Oct 18 10:00:50.810465 podb-esxi207 dnsmasq[3638968]: read /opt/stack/data/neutron/dhcp/65ce2ead-a14b-4c5c-a153-5036d63fa274/addn_hosts - 4 names
Oct 18 10:00:50.810597 podb-esxi207 dnsmasq-dhcp[3638968]: read /opt/stack/data/neutron/dhcp/65ce2ead-a14b-4c5c-a153-5036d63fa274/host
Oct 18 10:00:50.810708 podb-esxi207 dnsmasq-dhcp[3638968]: read /opt/stack/data/neutron/dhcp/65ce2ead-a14b-4c5c-a153-5036d63fa274/opts
Oct 18 10:01:10.666314 podb-esxi207 dnsmasq[3637771]: read /opt/stack/data/neutron/dhcp/c9496482-3a0e-4516-b50d-65076f073936/addn_hosts - 6 names
Oct 18 10:01:10.666440 podb-esxi207 dnsmasq-dhcp[3637771]: read /opt/stack/data/neutron/dhcp/c9496482-3a0e-4516-b50d-65076f073936/host
Oct 18 10:01:10.666543 podb-esxi207 dnsmasq-dhcp[3637771]: read /opt/stack/data/neutron/dhcp/c9496482-3a0e-4516-b50d-65076f073936/opts
Oct 18 10:01:18.392527 podb-esxi207 dnsmasq-dhcp[3638968]: DHCPDISCOVER(tapcc2d082a-1c) fa:16:3e:58:c8:ff
Oct 18 10:01:18.392557 podb-esxi207 dnsmasq-dhcp[3638968]: DHCPOFFER(tapcc2d082a-1c) 10.1.0.5 fa:16:3e:58:c8:ff
Oct 18 10:01:18.403990 podb-esxi207 dnsmasq-dhcp[3638968]: DHCPREQUEST(tapcc2d082a-1c) 10.1.0.5 fa:16:3e:58:c8:ff
Oct 18 10:01:18.404024 podb-esxi207 dnsmasq-dhcp[3638968]: DHCPACK(tapcc2d082a-1c) 10.1.0.5 fa:16:3e:58:c8:ff host-10-1-0-5
Oct 18 10:01:38.420410 podb-esxi207 dnsmasq-dhcp[3637771]: DHCPDISCOVER(tapb54dcd1d-ea) fa:16:3e:6c:f4:54
Oct 18 10:01:38.420436 podb-esxi207 dnsmasq-dhcp[3637771]: DHCPOFFER(tapb54dcd1d-ea) 10.1.0.10 fa:16:3e:6c:f4:54
Oct 18 10:01:38.432893 podb-esxi207 dnsmasq-dhcp[3637771]: DHCPREQUEST(tapb54dcd1d-ea) 10.1.0.10 fa:16:3e:6c:f4:54
Oct 18 10:01:38.432926 podb-esxi207 dnsmasq-dhcp[3637771]: DHCPACK(tapb54dcd1d-ea) 10.1.0.10 fa:16:3e:6c:f4:54 host-10-1-0-10
