Oct 17 19:28:56.143977 podb-esxi207 systemd[1]: Starting Devstack devstack@n-api.service...
Oct 17 19:28:56.155306 podb-esxi207 devstack@n-api.service[2880552]: [uWSGI] getting INI configuration from /etc/nova/nova-api-uwsgi.ini
Oct 17 19:28:56.157532 podb-esxi207 devstack@n-api.service[2880552]: *** Starting uWSGI 2.0.20-debian (64bit) on [Fri Oct 17 19:28:56 2025] ***
Oct 17 19:28:56.157532 podb-esxi207 devstack@n-api.service[2880552]: compiled with version: 11.2.0 on 21 March 2022 11:00:44
Oct 17 19:28:56.157532 podb-esxi207 devstack@n-api.service[2880552]: os: Linux-5.15.0-157-generic #167-Ubuntu SMP Wed Sep 17 21:35:53 UTC 2025
Oct 17 19:28:56.157532 podb-esxi207 devstack@n-api.service[2880552]: nodename: podb-esxi207
Oct 17 19:28:56.157532 podb-esxi207 devstack@n-api.service[2880552]: machine: x86_64
Oct 17 19:28:56.157532 podb-esxi207 devstack@n-api.service[2880552]: clock source: unix
Oct 17 19:28:56.157532 podb-esxi207 devstack@n-api.service[2880552]: pcre jit disabled
Oct 17 19:28:56.157532 podb-esxi207 devstack@n-api.service[2880552]: detected number of CPU cores: 152
Oct 17 19:28:56.157532 podb-esxi207 devstack@n-api.service[2880552]: current working directory: /
Oct 17 19:28:56.157532 podb-esxi207 devstack@n-api.service[2880552]: detected binary path: /usr/bin/uwsgi-core
Oct 17 19:28:56.157532 podb-esxi207 devstack@n-api.service[2880552]: your processes number limit is 1029247
Oct 17 19:28:56.157532 podb-esxi207 devstack@n-api.service[2880552]: your memory page size is 4096 bytes
Oct 17 19:28:56.157532 podb-esxi207 devstack@n-api.service[2880552]: detected max file descriptor number: 2048
Oct 17 19:28:56.157532 podb-esxi207 devstack@n-api.service[2880552]: lock engine: pthread robust mutexes
Oct 17 19:28:56.158762 podb-esxi207 devstack@n-api.service[2880552]: thunder lock: enabled
Oct 17 19:28:56.158762 podb-esxi207 devstack@n-api.service[2880552]: uwsgi socket 0 bound to UNIX address /var/run/uwsgi/nova-api.socket fd 4
Oct 17 19:28:56.158762 podb-esxi207 devstack@n-api.service[2880552]: Python version: 3.10.12 (main, Aug 15 2025, 14:32:43) [GCC 11.4.0]
Oct 17 19:28:56.158762 podb-esxi207 devstack@n-api.service[2880552]: PEP 405 virtualenv detected: /opt/stack/data/venv
Oct 17 19:28:56.158762 podb-esxi207 devstack@n-api.service[2880552]: Set PythonHome to /opt/stack/data/venv
Oct 17 19:28:56.198520 podb-esxi207 devstack@n-api.service[2880552]: Python main interpreter initialized at 0x5645ffae8390
Oct 17 19:28:56.198520 podb-esxi207 devstack@n-api.service[2880552]: python threads support enabled
Oct 17 19:28:56.198520 podb-esxi207 devstack@n-api.service[2880552]: your server socket listen backlog is limited to 100 connections
Oct 17 19:28:56.198520 podb-esxi207 devstack@n-api.service[2880552]: your mercy for graceful operations on workers is 80 seconds
Oct 17 19:28:56.199004 podb-esxi207 devstack@n-api.service[2880552]: mapped 671795 bytes (656 KB) for 4 cores
Oct 17 19:28:56.199004 podb-esxi207 devstack@n-api.service[2880552]: *** Operational MODE: preforking ***
Oct 17 19:28:56.199154 podb-esxi207 devstack@n-api.service[2880552]: *** uWSGI is running in multiple interpreter mode ***
Oct 17 19:28:56.199154 podb-esxi207 devstack@n-api.service[2880552]: spawned uWSGI master process (pid: 2880552)
Oct 17 19:28:56.199389 podb-esxi207 systemd[1]: Started Devstack devstack@n-api.service.
Oct 17 19:28:56.199963 podb-esxi207 devstack@n-api.service[2880552]: spawned uWSGI worker 1 (pid: 2880561, cores: 1)
Oct 17 19:28:56.199963 podb-esxi207 devstack@n-api.service[2880552]: spawned uWSGI worker 2 (pid: 2880562, cores: 1)
Oct 17 19:28:56.200144 podb-esxi207 devstack@n-api.service[2880552]: spawned uWSGI worker 3 (pid: 2880563, cores: 1)
Oct 17 19:28:56.200266 podb-esxi207 devstack@n-api.service[2880552]: spawned uWSGI worker 4 (pid: 2880564, cores: 1)
Oct 17 19:28:56.200366 podb-esxi207 devstack@n-api.service[2880552]: running "unix_signal:15 gracefully_kill_them_all" (master-start)...
Oct 17 19:28:59.605632 podb-esxi207 devstack@n-api.service[2880562]: WSGI app 0 (mountpoint='') ready in 3 seconds on interpreter 0x5645ffae8390 pid: 2880562 (default app)
Oct 17 19:28:59.606516 podb-esxi207 devstack@n-api.service[2880563]: WSGI app 0 (mountpoint='') ready in 3 seconds on interpreter 0x5645ffae8390 pid: 2880563 (default app)
Oct 17 19:28:59.606972 podb-esxi207 devstack@n-api.service[2880561]: WSGI app 0 (mountpoint='') ready in 3 seconds on interpreter 0x5645ffae8390 pid: 2880561 (default app)
Oct 17 19:28:59.609027 podb-esxi207 devstack@n-api.service[2880564]: WSGI app 0 (mountpoint='') ready in 3 seconds on interpreter 0x5645ffae8390 pid: 2880564 (default app)
Oct 17 19:28:59.611666 podb-esxi207 devstack@n-api.service[2880562]: [pid: 2880562|app: 0|req: 1/1] 172.25.66.207 () {50 vars in 792 bytes} [Fri Oct 17 19:28:59 2025] GET /compute/v2.1/ => generated 391 bytes in 5 msecs (HTTP/1.1 200) 9 headers in 357 bytes (1 switches on core 0)
Oct 17 19:30:12.201073 podb-esxi207 devstack@n-api.service[2880563]: [pid: 2880563|app: 0|req: 1/2] 172.25.66.207 () {54 vars in 935 bytes} [Fri Oct 17 19:30:12 2025] GET /compute/v2.1 => generated 391 bytes in 14 msecs (HTTP/1.1 200) 9 headers in 357 bytes (1 switches on core 0)
Oct 17 19:30:12.980111 podb-esxi207 devstack@n-api.service[2880561]: [pid: 2880561|app: 0|req: 1/3] 172.25.66.207 () {60 vars in 1296 bytes} [Fri Oct 17 19:30:12 2025] GET /compute/v2.1/flavors/detail?is_public=True => generated 15 bytes in 771 msecs (HTTP/1.1 200) 9 headers in 358 bytes (1 switches on core 0)
Oct 17 19:30:14.450755 podb-esxi207 devstack@n-api.service[2880564]: [pid: 2880564|app: 0|req: 1/4] 172.25.66.207 () {54 vars in 935 bytes} [Fri Oct 17 19:30:14 2025] GET /compute/v2.1 => generated 391 bytes in 14 msecs (HTTP/1.1 200) 9 headers in 357 bytes (1 switches on core 0)
Oct 17 19:30:15.213293 podb-esxi207 devstack@n-api.service[2880562]: [pid: 2880562|app: 0|req: 2/5] 172.25.66.207 () {64 vars in 1287 bytes} [Fri Oct 17 19:30:14 2025] POST /compute/v2.1/flavors => generated 411 bytes in 754 msecs (HTTP/1.1 200) 9 headers in 359 bytes (1 switches on core 0)
Oct 17 19:30:15.387953 podb-esxi207 devstack@n-api.service[2880563]: [pid: 2880563|app: 0|req: 2/6] 172.25.66.207 () {64 vars in 1340 bytes} [Fri Oct 17 19:30:15 2025] POST /compute/v2.1/flavors/c1/os-extra_specs => generated 43 bytes in 162 msecs (HTTP/1.1 200) 9 headers in 358 bytes (1 switches on core 0)
Oct 17 19:30:16.928857 podb-esxi207 devstack@n-api.service[2880561]: [pid: 2880561|app: 0|req: 2/7] 172.25.66.207 () {54 vars in 935 bytes} [Fri Oct 17 19:30:16 2025] GET /compute/v2.1 => generated 391 bytes in 13 msecs (HTTP/1.1 200) 9 headers in 357 bytes (1 switches on core 0)
Oct 17 19:30:17.669383 podb-esxi207 devstack@n-api.service[2880564]: [pid: 2880564|app: 0|req: 2/8] 172.25.66.207 () {64 vars in 1287 bytes} [Fri Oct 17 19:30:16 2025] POST /compute/v2.1/flavors => generated 408 bytes in 732 msecs (HTTP/1.1 200) 9 headers in 359 bytes (1 switches on core 0)
Oct 17 19:30:17.731773 podb-esxi207 devstack@n-api.service[2880562]: [pid: 2880562|app: 0|req: 3/9] 172.25.66.207 () {64 vars in 1340 bytes} [Fri Oct 17 19:30:17 2025] POST /compute/v2.1/flavors/d1/os-extra_specs => generated 43 bytes in 53 msecs (HTTP/1.1 200) 9 headers in 358 bytes (1 switches on core 0)
Oct 17 19:30:19.308159 podb-esxi207 devstack@n-api.service[2880563]: [pid: 2880563|app: 0|req: 3/10] 172.25.66.207 () {54 vars in 935 bytes} [Fri Oct 17 19:30:19 2025] GET /compute/v2.1 => generated 391 bytes in 13 msecs (HTTP/1.1 200) 9 headers in 357 bytes (1 switches on core 0)
Oct 17 19:30:19.601040 podb-esxi207 devstack@n-api.service[2880561]: [pid: 2880561|app: 0|req: 3/11] 172.25.66.207 () {64 vars in 1287 bytes} [Fri Oct 17 19:30:19 2025] POST /compute/v2.1/flavors => generated 408 bytes in 284 msecs (HTTP/1.1 200) 9 headers in 359 bytes (1 switches on core 0)
Oct 17 19:30:19.667152 podb-esxi207 devstack@n-api.service[2880564]: [pid: 2880564|app: 0|req: 3/12] 172.25.66.207 () {64 vars in 1340 bytes} [Fri Oct 17 19:30:19 2025] POST /compute/v2.1/flavors/d2/os-extra_specs => generated 43 bytes in 53 msecs (HTTP/1.1 200) 9 headers in 358 bytes (1 switches on core 0)
Oct 17 19:30:21.195869 podb-esxi207 devstack@n-api.service[2880562]: [pid: 2880562|app: 0|req: 4/13] 172.25.66.207 () {54 vars in 935 bytes} [Fri Oct 17 19:30:21 2025] GET /compute/v2.1 => generated 391 bytes in 12 msecs (HTTP/1.1 200) 9 headers in 357 bytes (1 switches on core 0)
Oct 17 19:30:21.793839 podb-esxi207 devstack@n-api.service[2880563]: [pid: 2880563|app: 0|req: 4/14] 172.25.66.207 () {64 vars in 1287 bytes} [Fri Oct 17 19:30:21 2025] POST /compute/v2.1/flavors => generated 408 bytes in 594 msecs (HTTP/1.1 200) 9 headers in 359 bytes (1 switches on core 0)
Oct 17 19:30:21.855530 podb-esxi207 devstack@n-api.service[2880561]: [pid: 2880561|app: 0|req: 4/15] 172.25.66.207 () {64 vars in 1340 bytes} [Fri Oct 17 19:30:21 2025] POST /compute/v2.1/flavors/d3/os-extra_specs => generated 43 bytes in 48 msecs (HTTP/1.1 200) 9 headers in 358 bytes (1 switches on core 0)
Oct 17 19:30:23.399559 podb-esxi207 devstack@n-api.service[2880564]: [pid: 2880564|app: 0|req: 4/16] 172.25.66.207 () {54 vars in 935 bytes} [Fri Oct 17 19:30:23 2025] GET /compute/v2.1 => generated 391 bytes in 5 msecs (HTTP/1.1 200) 9 headers in 357 bytes (1 switches on core 0)
Oct 17 19:30:23.667957 podb-esxi207 devstack@n-api.service[2880562]: [pid: 2880562|app: 0|req: 5/17] 172.25.66.207 () {64 vars in 1287 bytes} [Fri Oct 17 19:30:23 2025] POST /compute/v2.1/flavors => generated 408 bytes in 260 msecs (HTTP/1.1 200) 9 headers in 359 bytes (1 switches on core 0)
Oct 17 19:30:23.720650 podb-esxi207 devstack@n-api.service[2880563]: [pid: 2880563|app: 0|req: 5/18] 172.25.66.207 () {64 vars in 1340 bytes} [Fri Oct 17 19:30:23 2025] POST /compute/v2.1/flavors/d4/os-extra_specs => generated 43 bytes in 41 msecs (HTTP/1.1 200) 9 headers in 358 bytes (1 switches on core 0)
Oct 17 19:30:25.209309 podb-esxi207 devstack@n-api.service[2880561]: [pid: 2880561|app: 0|req: 5/19] 172.25.66.207 () {54 vars in 935 bytes} [Fri Oct 17 19:30:25 2025] GET /compute/v2.1 => generated 391 bytes in 12 msecs (HTTP/1.1 200) 9 headers in 357 bytes (1 switches on core 0)
Oct 17 19:30:25.606459 podb-esxi207 devstack@n-api.service[2880564]: [pid: 2880564|app: 0|req: 5/20] 172.25.66.207 () {60 vars in 1296 bytes} [Fri Oct 17 19:30:25 2025] GET /compute/v2.1/flavors/detail?is_public=True => generated 2126 bytes in 393 msecs (HTTP/1.1 200) 9 headers in 360 bytes (1 switches on core 0)
Oct 17 19:30:27.059654 podb-esxi207 devstack@n-api.service[2880562]: [pid: 2880562|app: 0|req: 6/21] 172.25.66.207 () {54 vars in 935 bytes} [Fri Oct 17 19:30:27 2025] GET /compute/v2.1 => generated 391 bytes in 12 msecs (HTTP/1.1 200) 9 headers in 357 bytes (1 switches on core 0)
Oct 17 19:30:27.373702 podb-esxi207 devstack@n-api.service[2880563]: [pid: 2880563|app: 0|req: 6/22] 172.25.66.207 () {64 vars in 1287 bytes} [Fri Oct 17 19:30:27 2025] POST /compute/v2.1/flavors => generated 406 bytes in 305 msecs (HTTP/1.1 200) 9 headers in 359 bytes (1 switches on core 0)
Oct 17 19:30:27.428936 podb-esxi207 devstack@n-api.service[2880561]: [pid: 2880561|app: 0|req: 6/23] 172.25.66.207 () {64 vars in 1337 bytes} [Fri Oct 17 19:30:27 2025] POST /compute/v2.1/flavors/1/os-extra_specs => generated 43 bytes in 43 msecs (HTTP/1.1 200) 9 headers in 358 bytes (1 switches on core 0)
Oct 17 19:30:28.942017 podb-esxi207 devstack@n-api.service[2880564]: [pid: 2880564|app: 0|req: 6/24] 172.25.66.207 () {54 vars in 935 bytes} [Fri Oct 17 19:30:28 2025] GET /compute/v2.1 => generated 391 bytes in 12 msecs (HTTP/1.1 200) 9 headers in 357 bytes (1 switches on core 0)
Oct 17 19:30:29.186074 podb-esxi207 devstack@n-api.service[2880562]: [pid: 2880562|app: 0|req: 7/25] 172.25.66.207 () {64 vars in 1287 bytes} [Fri Oct 17 19:30:28 2025] POST /compute/v2.1/flavors => generated 409 bytes in 236 msecs (HTTP/1.1 200) 9 headers in 359 bytes (1 switches on core 0)
Oct 17 19:30:29.249759 podb-esxi207 devstack@n-api.service[2880563]: [pid: 2880563|app: 0|req: 7/26] 172.25.66.207 () {64 vars in 1337 bytes} [Fri Oct 17 19:30:29 2025] POST /compute/v2.1/flavors/2/os-extra_specs => generated 43 bytes in 51 msecs (HTTP/1.1 200) 9 headers in 358 bytes (1 switches on core 0)
Oct 17 19:30:30.762496 podb-esxi207 devstack@n-api.service[2880561]: [pid: 2880561|app: 0|req: 7/27] 172.25.66.207 () {54 vars in 935 bytes} [Fri Oct 17 19:30:30 2025] GET /compute/v2.1 => generated 391 bytes in 12 msecs (HTTP/1.1 200) 9 headers in 357 bytes (1 switches on core 0)
Oct 17 19:30:31.107230 podb-esxi207 devstack@n-api.service[2880564]: [pid: 2880564|app: 0|req: 7/28] 172.25.66.207 () {64 vars in 1287 bytes} [Fri Oct 17 19:30:30 2025] POST /compute/v2.1/flavors => generated 410 bytes in 341 msecs (HTTP/1.1 200) 9 headers in 359 bytes (1 switches on core 0)
Oct 17 19:30:31.163139 podb-esxi207 devstack@n-api.service[2880562]: [pid: 2880562|app: 0|req: 8/29] 172.25.66.207 () {64 vars in 1337 bytes} [Fri Oct 17 19:30:31 2025] POST /compute/v2.1/flavors/3/os-extra_specs => generated 43 bytes in 44 msecs (HTTP/1.1 200) 9 headers in 358 bytes (1 switches on core 0)
Oct 17 19:30:32.777450 podb-esxi207 devstack@n-api.service[2880563]: [pid: 2880563|app: 0|req: 8/30] 172.25.66.207 () {54 vars in 935 bytes} [Fri Oct 17 19:30:32 2025] GET /compute/v2.1 => generated 391 bytes in 12 msecs (HTTP/1.1 200) 9 headers in 357 bytes (1 switches on core 0)
Oct 17 19:30:33.138560 podb-esxi207 devstack@n-api.service[2880561]: [pid: 2880561|app: 0|req: 8/31] 172.25.66.207 () {64 vars in 1287 bytes} [Fri Oct 17 19:30:32 2025] POST /compute/v2.1/flavors => generated 409 bytes in 352 msecs (HTTP/1.1 200) 9 headers in 359 bytes (1 switches on core 0)
Oct 17 19:30:33.187405 podb-esxi207 devstack@n-api.service[2880564]: [pid: 2880564|app: 0|req: 8/32] 172.25.66.207 () {64 vars in 1337 bytes} [Fri Oct 17 19:30:33 2025] POST /compute/v2.1/flavors/4/os-extra_specs => generated 43 bytes in 36 msecs (HTTP/1.1 200) 9 headers in 358 bytes (1 switches on core 0)
Oct 17 19:30:34.633607 podb-esxi207 devstack@n-api.service[2880562]: [pid: 2880562|app: 0|req: 9/33] 172.25.66.207 () {54 vars in 935 bytes} [Fri Oct 17 19:30:34 2025] GET /compute/v2.1 => generated 391 bytes in 12 msecs (HTTP/1.1 200) 9 headers in 357 bytes (1 switches on core 0)
Oct 17 19:30:35.019037 podb-esxi207 devstack@n-api.service[2880563]: [pid: 2880563|app: 0|req: 9/34] 172.25.66.207 () {64 vars in 1287 bytes} [Fri Oct 17 19:30:34 2025] POST /compute/v2.1/flavors => generated 412 bytes in 381 msecs (HTTP/1.1 200) 9 headers in 359 bytes (1 switches on core 0)
Oct 17 19:30:35.077431 podb-esxi207 devstack@n-api.service[2880561]: [pid: 2880561|app: 0|req: 9/35] 172.25.66.207 () {64 vars in 1337 bytes} [Fri Oct 17 19:30:35 2025] POST /compute/v2.1/flavors/5/os-extra_specs => generated 43 bytes in 46 msecs (HTTP/1.1 200) 9 headers in 358 bytes (1 switches on core 0)
Oct 17 19:30:46.927645 podb-esxi207 devstack@n-api.service[2880564]: [pid: 2880564|app: 0|req: 9/36] 172.25.66.207 () {54 vars in 935 bytes} [Fri Oct 17 19:30:46 2025] GET /compute/v2.1 => generated 391 bytes in 11 msecs (HTTP/1.1 200) 9 headers in 357 bytes (1 switches on core 0)
Oct 17 19:30:47.349610 podb-esxi207 devstack@n-api.service[2880562]: [pid: 2880562|app: 0|req: 10/37] 172.25.66.207 () {60 vars in 1333 bytes} [Fri Oct 17 19:30:46 2025] GET /compute/v2.1/os-services?binary=nova-compute&host=podb-esxi207 => generated 255 bytes in 413 msecs (HTTP/1.1 200) 9 headers in 359 bytes (1 switches on core 0)
Oct 17 19:31:14.352013 podb-esxi207 devstack@n-api.service[2880563]: [pid: 2880563|app: 0|req: 10/38] 172.25.66.207 () {54 vars in 935 bytes} [Fri Oct 17 19:31:14 2025] GET /compute/v2.1 => generated 391 bytes in 12 msecs (HTTP/1.1 200) 9 headers in 357 bytes (1 switches on core 0)
Oct 17 19:31:14.710406 podb-esxi207 devstack@n-api.service[2880561]: [pid: 2880561|app: 0|req: 10/39] 172.25.66.207 () {60 vars in 1296 bytes} [Fri Oct 17 19:31:14 2025] GET /compute/v2.1/flavors/detail?is_public=True => generated 4242 bytes in 350 msecs (HTTP/1.1 200) 9 headers in 360 bytes (1 switches on core 0)
Oct 17 19:31:18.273679 podb-esxi207 devstack@n-api.service[2880564]: [pid: 2880564|app: 0|req: 10/40] 172.25.66.207 () {54 vars in 935 bytes} [Fri Oct 17 19:31:18 2025] GET /compute/v2.1 => generated 391 bytes in 13 msecs (HTTP/1.1 200) 9 headers in 357 bytes (1 switches on core 0)
Oct 17 19:31:18.638824 podb-esxi207 devstack@n-api.service[2880562]: [pid: 2880562|app: 0|req: 11/41] 172.25.66.207 () {64 vars in 1287 bytes} [Fri Oct 17 19:31:18 2025] POST /compute/v2.1/flavors => generated 409 bytes in 362 msecs (HTTP/1.1 200) 9 headers in 359 bytes (1 switches on core 0)
Oct 17 19:31:18.690601 podb-esxi207 devstack@n-api.service[2880563]: [pid: 2880563|app: 0|req: 11/42] 172.25.66.207 () {64 vars in 1340 bytes} [Fri Oct 17 19:31:18 2025] POST /compute/v2.1/flavors/42/os-extra_specs => generated 43 bytes in 40 msecs (HTTP/1.1 200) 9 headers in 358 bytes (1 switches on core 0)
Oct 17 19:31:22.145936 podb-esxi207 devstack@n-api.service[2880561]: [pid: 2880561|app: 0|req: 11/43] 172.25.66.207 () {54 vars in 935 bytes} [Fri Oct 17 19:31:22 2025] GET /compute/v2.1 => generated 391 bytes in 12 msecs (HTTP/1.1 200) 9 headers in 357 bytes (1 switches on core 0)
Oct 17 19:31:22.596975 podb-esxi207 devstack@n-api.service[2880564]: [pid: 2880564|app: 0|req: 11/44] 172.25.66.207 () {64 vars in 1287 bytes} [Fri Oct 17 19:31:22 2025] POST /compute/v2.1/flavors => generated 410 bytes in 447 msecs (HTTP/1.1 200) 9 headers in 359 bytes (1 switches on core 0)
Oct 17 19:31:22.648449 podb-esxi207 devstack@n-api.service[2880562]: [pid: 2880562|app: 0|req: 12/45] 172.25.66.207 () {64 vars in 1340 bytes} [Fri Oct 17 19:31:22 2025] POST /compute/v2.1/flavors/84/os-extra_specs => generated 43 bytes in 40 msecs (HTTP/1.1 200) 9 headers in 358 bytes (1 switches on core 0)
Oct 17 19:37:43.810084 podb-esxi207 devstack@n-api.service[2880563]: [pid: 2880563|app: 0|req: 12/46] 172.25.66.207 () {54 vars in 935 bytes} [Fri Oct 17 19:37:43 2025] GET /compute/v2.1 => generated 391 bytes in 12 msecs (HTTP/1.1 200) 9 headers in 357 bytes (1 switches on core 0)
Oct 17 19:37:43.999305 podb-esxi207 devstack@n-api.service[2880561]: [pid: 2880561|app: 0|req: 12/47] 172.25.66.207 () {60 vars in 1294 bytes} [Fri Oct 17 19:37:43 2025] GET /compute/v2.1/servers/detail?deleted=False => generated 15 bytes in 179 msecs (HTTP/1.1 200) 9 headers in 358 bytes (1 switches on core 0)
Oct 17 19:38:27.091614 podb-esxi207 devstack@n-api.service[2880564]: [pid: 2880564|app: 0|req: 12/48] 172.25.66.207 () {60 vars in 1163 bytes} [Fri Oct 17 19:38:26 2025] POST /compute/v2.1/os-keypairs => generated 386 bytes in 290 msecs (HTTP/1.1 200) 9 headers in 357 bytes (1 switches on core 0)
Oct 17 19:38:29.649278 podb-esxi207 devstack@n-api.service[2880562]: [pid: 2880562|app: 0|req: 13/49] 172.25.66.207 () {60 vars in 1151 bytes} [Fri Oct 17 19:38:28 2025] POST /compute/v2.1/servers => generated 410 bytes in 1082 msecs (HTTP/1.1 202) 10 headers in 453 bytes (1 switches on core 0)
Oct 17 19:38:29.902914 podb-esxi207 devstack@n-api.service[2880563]: [pid: 2880563|app: 0|req: 13/50] 172.25.66.207 () {58 vars in 1240 bytes} [Fri Oct 17 19:38:29 2025] GET /compute/v2.1/servers/59dd07c6-9586-47d0-8a0d-2e1ce78a0a52 => generated 1251 bytes in 243 msecs (HTTP/1.1 200) 9 headers in 358 bytes (1 switches on core 0)
Oct 17 19:38:31.571265 podb-esxi207 devstack@n-api.service[2880561]: [pid: 2880561|app: 0|req: 13/51] 172.25.66.207 () {58 vars in 1240 bytes} [Fri Oct 17 19:38:30 2025] GET /compute/v2.1/servers/59dd07c6-9586-47d0-8a0d-2e1ce78a0a52 => generated 1247 bytes in 642 msecs (HTTP/1.1 200) 9 headers in 358 bytes (1 switches on core 0)
Oct 17 19:38:33.060491 podb-esxi207 devstack@n-api.service[2880564]: [pid: 2880564|app: 0|req: 13/52] 172.25.66.207 () {58 vars in 1240 bytes} [Fri Oct 17 19:38:32 2025] GET /compute/v2.1/servers/59dd07c6-9586-47d0-8a0d-2e1ce78a0a52 => generated 1303 bytes in 462 msecs (HTTP/1.1 200) 9 headers in 358 bytes (1 switches on core 0)
Oct 17 19:38:33.108429 podb-esxi207 devstack@n-api.service[2880562]: [pid: 2880562|app: 0|req: 14/53] 172.25.66.207 () {62 vars in 1204 bytes} [Fri Oct 17 19:38:33 2025] POST /compute/v2.1/os-keypairs => generated 401 bytes in 88 msecs (HTTP/1.1 201) 9 headers in 364 bytes (1 switches on core 0)
Oct 17 19:38:34.290269 podb-esxi207 devstack@n-api.service[2880563]: [pid: 2880563|app: 0|req: 14/54] 172.25.66.207 () {58 vars in 1240 bytes} [Fri Oct 17 19:38:34 2025] GET /compute/v2.1/servers/59dd07c6-9586-47d0-8a0d-2e1ce78a0a52 => generated 1311 bytes in 204 msecs (HTTP/1.1 200) 9 headers in 358 bytes (1 switches on core 0)
Oct 17 19:38:35.551386 podb-esxi207 devstack@n-api.service[2880561]: [pid: 2880561|app: 0|req: 14/55] 172.25.66.207 () {62 vars in 1192 bytes} [Fri Oct 17 19:38:34 2025] POST /compute/v2.1/servers => generated 32 bytes in 922 msecs (HTTP/1.1 202) 9 headers in 364 bytes (1 switches on core 0)
Oct 17 19:38:35.827741 podb-esxi207 devstack@n-api.service[2880562]: [pid: 2880562|app: 0|req: 15/56] 172.25.66.207 () {60 vars in 1170 bytes} [Fri Oct 17 19:38:35 2025] GET /compute/v2.1/servers => generated 687 bytes in 270 msecs (HTTP/1.1 200) 9 headers in 359 bytes (1 switches on core 0)
Oct 17 19:38:35.868295 podb-esxi207 devstack@n-api.service[2880564]: [pid: 2880564|app: 0|req: 14/57] 172.25.66.207 () {58 vars in 1240 bytes} [Fri Oct 17 19:38:35 2025] GET /compute/v2.1/servers/59dd07c6-9586-47d0-8a0d-2e1ce78a0a52 => generated 1389 bytes in 551 msecs (HTTP/1.1 200) 9 headers in 358 bytes (1 switches on core 0)
Oct 17 19:38:35.946289 podb-esxi207 devstack@n-api.service[2880563]: [pid: 2880563|app: 0|req: 15/58] 172.25.66.207 () {60 vars in 1281 bytes} [Fri Oct 17 19:38:35 2025] GET /compute/v2.1/servers/7c35033d-1261-4c58-8772-b7500d67967d => generated 1339 bytes in 107 msecs (HTTP/1.1 200) 9 headers in 360 bytes (1 switches on core 0)
Oct 17 19:38:36.314168 podb-esxi207 devstack@n-api.service[2880561]: [pid: 2880561|app: 0|req: 15/59] 172.25.66.207 () {64 vars in 1321 bytes} [Fri Oct 17 19:38:36 2025] POST /compute/v2.1/os-server-external-events => generated 179 bytes in 122 msecs (HTTP/1.1 200) 9 headers in 357 bytes (1 switches on core 0)
Oct 17 19:38:36.788272 podb-esxi207 devstack@n-api.service[2880562]: [pid: 2880562|app: 0|req: 16/60] 172.25.66.207 () {60 vars in 1163 bytes} [Fri Oct 17 19:38:36 2025] POST /compute/v2.1/os-keypairs => generated 386 bytes in 118 msecs (HTTP/1.1 200) 9 headers in 357 bytes (1 switches on core 0)
Oct 17 19:38:37.079376 podb-esxi207 devstack@n-api.service[2880561]: [pid: 2880561|app: 0|req: 16/61] 172.25.66.207 () {60 vars in 1281 bytes} [Fri Oct 17 19:38:36 2025] GET /compute/v2.1/servers/7c35033d-1261-4c58-8772-b7500d67967d => generated 1343 bytes in 105 msecs (HTTP/1.1 200) 9 headers in 360 bytes (1 switches on core 0)
Oct 17 19:38:37.161798 podb-esxi207 devstack@n-api.service[2880563]: [pid: 2880563|app: 0|req: 16/62] 172.25.66.207 () {58 vars in 1240 bytes} [Fri Oct 17 19:38:36 2025] GET /compute/v2.1/servers/59dd07c6-9586-47d0-8a0d-2e1ce78a0a52 => generated 1377 bytes in 266 msecs (HTTP/1.1 200) 9 headers in 358 bytes (1 switches on core 0)
Oct 17 19:38:37.359205 podb-esxi207 devstack@n-api.service[2880564]: [pid: 2880564|app: 0|req: 15/63] 172.25.66.207 () {60 vars in 1151 bytes} [Fri Oct 17 19:38:36 2025] POST /compute/v2.1/servers => generated 384 bytes in 668 msecs (HTTP/1.1 202) 10 headers in 453 bytes (1 switches on core 0)
Oct 17 19:38:37.458731 podb-esxi207 devstack@n-api.service[2880562]: [pid: 2880562|app: 0|req: 17/64] 172.25.66.207 () {58 vars in 1240 bytes} [Fri Oct 17 19:38:37 2025] GET /compute/v2.1/servers/0bc98fa2-22b4-46c2-a398-4a7572d6adc8 => generated 1220 bytes in 89 msecs (HTTP/1.1 200) 9 headers in 358 bytes (1 switches on core 0)
Oct 17 19:38:38.352253 podb-esxi207 devstack@n-api.service[2880564]: [pid: 2880564|app: 0|req: 16/65] 172.25.66.207 () {58 vars in 1240 bytes} [Fri Oct 17 19:38:38 2025] GET /compute/v2.1/servers/59dd07c6-9586-47d0-8a0d-2e1ce78a0a52 => generated 1377 bytes in 163 msecs (HTTP/1.1 200) 9 headers in 358 bytes (1 switches on core 0)
Oct 17 19:38:38.495743 podb-esxi207 devstack@n-api.service[2880563]: [pid: 2880563|app: 0|req: 17/66] 172.25.66.207 () {60 vars in 1281 bytes} [Fri Oct 17 19:38:38 2025] GET /compute/v2.1/servers/7c35033d-1261-4c58-8772-b7500d67967d => generated 1335 bytes in 384 msecs (HTTP/1.1 200) 9 headers in 360 bytes (1 switches on core 0)
Oct 17 19:38:38.607125 podb-esxi207 devstack@n-api.service[2880561]: [pid: 2880561|app: 0|req: 17/67] 172.25.66.207 () {60 vars in 1151 bytes} [Fri Oct 17 19:38:38 2025] POST /compute/v2.1/servers => generated 412 bytes in 569 msecs (HTTP/1.1 202) 10 headers in 453 bytes (1 switches on core 0)
Oct 17 19:38:38.609988 podb-esxi207 devstack@n-api.service[2880562]: [pid: 2880562|app: 0|req: 18/68] 172.25.66.207 () {58 vars in 1240 bytes} [Fri Oct 17 19:38:38 2025] GET /compute/v2.1/servers/0bc98fa2-22b4-46c2-a398-4a7572d6adc8 => generated 1224 bytes in 123 msecs (HTTP/1.1 200) 9 headers in 358 bytes (1 switches on core 0)
Oct 17 19:38:38.702619 podb-esxi207 devstack@n-api.service[2880564]: [pid: 2880564|app: 0|req: 17/69] 172.25.66.207 () {58 vars in 1240 bytes} [Fri Oct 17 19:38:38 2025] GET /compute/v2.1/servers/716cca39-aa39-43b3-9841-b78bd3734e69 => generated 1246 bytes in 85 msecs (HTTP/1.1 200) 9 headers in 358 bytes (1 switches on core 0)
Oct 17 19:38:39.527426 podb-esxi207 devstack@n-api.service[2880563]: [pid: 2880563|app: 0|req: 18/70] 172.25.66.207 () {58 vars in 1240 bytes} [Fri Oct 17 19:38:39 2025] GET /compute/v2.1/servers/59dd07c6-9586-47d0-8a0d-2e1ce78a0a52 => generated 1377 bytes in 149 msecs (HTTP/1.1 200) 9 headers in 358 bytes (1 switches on core 0)
Oct 17 19:38:39.612048 podb-esxi207 devstack@n-api.service[2880561]: [pid: 2880561|app: 0|req: 18/71] 172.25.66.207 () {60 vars in 1281 bytes} [Fri Oct 17 19:38:39 2025] GET /compute/v2.1/servers/7c35033d-1261-4c58-8772-b7500d67967d => generated 1335 bytes in 94 msecs (HTTP/1.1 200) 9 headers in 360 bytes (1 switches on core 0)
Oct 17 19:38:39.730299 podb-esxi207 devstack@n-api.service[2880562]: [pid: 2880562|app: 0|req: 19/72] 172.25.66.207 () {58 vars in 1240 bytes} [Fri Oct 17 19:38:39 2025] GET /compute/v2.1/servers/0bc98fa2-22b4-46c2-a398-4a7572d6adc8 => generated 1216 bytes in 94 msecs (HTTP/1.1 200) 9 headers in 358 bytes (1 switches on core 0)
Oct 17 19:38:39.823189 podb-esxi207 devstack@n-api.service[2880564]: [pid: 2880564|app: 0|req: 18/73] 172.25.66.207 () {58 vars in 1240 bytes} [Fri Oct 17 19:38:39 2025] GET /compute/v2.1/servers/716cca39-aa39-43b3-9841-b78bd3734e69 => generated 1250 bytes in 93 msecs (HTTP/1.1 200) 9 headers in 358 bytes (1 switches on core 0)
Oct 17 19:38:40.725483 podb-esxi207 devstack@n-api.service[2880561]: [pid: 2880561|app: 0|req: 19/74] 172.25.66.207 () {60 vars in 1281 bytes} [Fri Oct 17 19:38:40 2025] GET /compute/v2.1/servers/7c35033d-1261-4c58-8772-b7500d67967d => generated 1335 bytes in 83 msecs (HTTP/1.1 200) 9 headers in 360 bytes (1 switches on core 0)
Oct 17 19:38:40.726526 podb-esxi207 devstack@n-api.service[2880563]: [pid: 2880563|app: 0|req: 19/75] 172.25.66.207 () {58 vars in 1240 bytes} [Fri Oct 17 19:38:40 2025] GET /compute/v2.1/servers/59dd07c6-9586-47d0-8a0d-2e1ce78a0a52 => generated 1377 bytes in 172 msecs (HTTP/1.1 200) 9 headers in 358 bytes (1 switches on core 0)
Oct 17 19:38:40.851593 podb-esxi207 devstack@n-api.service[2880562]: [pid: 2880562|app: 0|req: 20/76] 172.25.66.207 () {58 vars in 1240 bytes} [Fri Oct 17 19:38:40 2025] GET /compute/v2.1/servers/0bc98fa2-22b4-46c2-a398-4a7572d6adc8 => generated 1216 bytes in 95 msecs (HTTP/1.1 200) 9 headers in 358 bytes (1 switches on core 0)
Oct 17 19:38:40.937439 podb-esxi207 devstack@n-api.service[2880564]: [pid: 2880564|app: 0|req: 19/77] 172.25.66.207 () {58 vars in 1240 bytes} [Fri Oct 17 19:38:40 2025] GET /compute/v2.1/servers/716cca39-aa39-43b3-9841-b78bd3734e69 => generated 1242 bytes in 88 msecs (HTTP/1.1 200) 9 headers in 358 bytes (1 switches on core 0)
Oct 17 19:38:41.858896 podb-esxi207 devstack@n-api.service[2880563]: [pid: 2880563|app: 0|req: 20/78] 172.25.66.207 () {60 vars in 1281 bytes} [Fri Oct 17 19:38:41 2025] GET /compute/v2.1/servers/7c35033d-1261-4c58-8772-b7500d67967d => generated 1391 bytes in 103 msecs (HTTP/1.1 200) 9 headers in 360 bytes (2 switches on core 0)
Oct 17 19:38:41.918062 podb-esxi207 devstack@n-api.service[2880561]: [pid: 2880561|app: 0|req: 20/79] 172.25.66.207 () {58 vars in 1240 bytes} [Fri Oct 17 19:38:41 2025] GET /compute/v2.1/servers/59dd07c6-9586-47d0-8a0d-2e1ce78a0a52 => generated 1377 bytes in 165 msecs (HTTP/1.1 200) 9 headers in 358 bytes (1 switches on core 0)
Oct 17 19:38:41.970426 podb-esxi207 devstack@n-api.service[2880562]: [pid: 2880562|app: 0|req: 21/80] 172.25.66.207 () {58 vars in 1240 bytes} [Fri Oct 17 19:38:41 2025] GET /compute/v2.1/servers/0bc98fa2-22b4-46c2-a398-4a7572d6adc8 => generated 1216 bytes in 93 msecs (HTTP/1.1 200) 9 headers in 358 bytes (1 switches on core 0)
Oct 17 19:38:42.057167 podb-esxi207 devstack@n-api.service[2880564]: [pid: 2880564|app: 0|req: 20/81] 172.25.66.207 () {58 vars in 1240 bytes} [Fri Oct 17 19:38:41 2025] GET /compute/v2.1/servers/716cca39-aa39-43b3-9841-b78bd3734e69 => generated 1242 bytes in 95 msecs (HTTP/1.1 200) 9 headers in 358 bytes (1 switches on core 0)
Oct 17 19:38:42.326545 podb-esxi207 devstack@n-api.service[2880563]: [pid: 2880563|app: 0|req: 21/82] 172.25.66.207 () {64 vars in 1321 bytes} [Fri Oct 17 19:38:42 2025] POST /compute/v2.1/os-server-external-events => generated 179 bytes in 88 msecs (HTTP/1.1 200) 9 headers in 357 bytes (1 switches on core 0)
Oct 17 19:38:42.990474 podb-esxi207 devstack@n-api.service[2880561]: [pid: 2880561|app: 0|req: 21/83] 172.25.66.207 () {60 vars in 1281 bytes} [Fri Oct 17 19:38:42 2025] GET /compute/v2.1/servers/7c35033d-1261-4c58-8772-b7500d67967d => generated 1391 bytes in 102 msecs (HTTP/1.1 200) 9 headers in 360 bytes (1 switches on core 0)
Oct 17 19:38:43.073355 podb-esxi207 devstack@n-api.service[2880564]: [pid: 2880564|app: 0|req: 21/84] 172.25.66.207 () {58 vars in 1240 bytes} [Fri Oct 17 19:38:42 2025] GET /compute/v2.1/servers/0bc98fa2-22b4-46c2-a398-4a7572d6adc8 => generated 1216 bytes in 77 msecs (HTTP/1.1 200) 9 headers in 358 bytes (1 switches on core 0)
Oct 17 19:38:43.138358 podb-esxi207 devstack@n-api.service[2880562]: [pid: 2880562|app: 0|req: 22/85] 172.25.66.207 () {58 vars in 1240 bytes} [Fri Oct 17 19:38:42 2025] GET /compute/v2.1/servers/59dd07c6-9586-47d0-8a0d-2e1ce78a0a52 => generated 1377 bytes in 193 msecs (HTTP/1.1 200) 9 headers in 358 bytes (1 switches on core 0)
Oct 17 19:38:43.174369 podb-esxi207 devstack@n-api.service[2880563]: [pid: 2880563|app: 0|req: 22/86] 172.25.66.207 () {58 vars in 1240 bytes} [Fri Oct 17 19:38:43 2025] GET /compute/v2.1/servers/716cca39-aa39-43b3-9841-b78bd3734e69 => generated 1242 bytes in 91 msecs (HTTP/1.1 200) 9 headers in 358 bytes (1 switches on core 0)
Oct 17 19:38:43.670839 podb-esxi207 devstack@n-api.service[2880561]: [pid: 2880561|app: 0|req: 22/87] 172.25.66.207 () {64 vars in 1321 bytes} [Fri Oct 17 19:38:43 2025] POST /compute/v2.1/os-server-external-events => generated 183 bytes in 85 msecs (HTTP/1.1 200) 9 headers in 357 bytes (1 switches on core 0)
Oct 17 19:38:44.181942 podb-esxi207 devstack@n-api.service[2880562]: [pid: 2880562|app: 0|req: 23/88] 172.25.66.207 () {58 vars in 1240 bytes} [Fri Oct 17 19:38:44 2025] GET /compute/v2.1/servers/0bc98fa2-22b4-46c2-a398-4a7572d6adc8 => generated 1272 bytes in 82 msecs (HTTP/1.1 200) 9 headers in 358 bytes (1 switches on core 0)
Oct 17 19:38:44.258647 podb-esxi207 devstack@n-api.service[2880564]: [pid: 2880564|app: 0|req: 22/89] 172.25.66.207 () {60 vars in 1281 bytes} [Fri Oct 17 19:38:44 2025] GET /compute/v2.1/servers/7c35033d-1261-4c58-8772-b7500d67967d => generated 1466 bytes in 238 msecs (HTTP/1.1 200) 9 headers in 360 bytes (1 switches on core 0)
Oct 17 19:38:44.285157 podb-esxi207 devstack@n-api.service[2880561]: [pid: 2880561|app: 0|req: 23/90] 172.25.66.207 () {58 vars in 1240 bytes} [Fri Oct 17 19:38:44 2025] GET /compute/v2.1/servers/716cca39-aa39-43b3-9841-b78bd3734e69 => generated 1242 bytes in 85 msecs (HTTP/1.1 200) 9 headers in 358 bytes (1 switches on core 0)
Oct 17 19:38:44.354166 podb-esxi207 devstack@n-api.service[2880563]: [pid: 2880563|app: 0|req: 23/91] 172.25.66.207 () {58 vars in 1240 bytes} [Fri Oct 17 19:38:44 2025] GET /compute/v2.1/servers/59dd07c6-9586-47d0-8a0d-2e1ce78a0a52 => generated 1377 bytes in 190 msecs (HTTP/1.1 200) 9 headers in 358 bytes (1 switches on core 0)
Oct 17 19:38:44.778222 podb-esxi207 devstack@n-api.service[2880562]: [pid: 2880562|app: 0|req: 24/92] 172.25.66.207 () {64 vars in 1321 bytes} [Fri Oct 17 19:38:44 2025] POST /compute/v2.1/os-server-external-events => generated 179 bytes in 87 msecs (HTTP/1.1 200) 9 headers in 357 bytes (1 switches on core 0)
Oct 17 19:38:45.302042 podb-esxi207 devstack@n-api.service[2880564]: [pid: 2880564|app: 0|req: 23/93] 172.25.66.207 () {58 vars in 1240 bytes} [Fri Oct 17 19:38:45 2025] GET /compute/v2.1/servers/0bc98fa2-22b4-46c2-a398-4a7572d6adc8 => generated 1272 bytes in 95 msecs (HTTP/1.1 200) 9 headers in 358 bytes (1 switches on core 0)
Oct 17 19:38:45.409997 podb-esxi207 devstack@n-api.service[2880563]: [pid: 2880563|app: 0|req: 24/94] 172.25.66.207 () {58 vars in 1240 bytes} [Fri Oct 17 19:38:45 2025] GET /compute/v2.1/servers/716cca39-aa39-43b3-9841-b78bd3734e69 => generated 1242 bytes in 100 msecs (HTTP/1.1 200) 9 headers in 358 bytes (1 switches on core 0)
Oct 17 19:38:45.489083 podb-esxi207 devstack@n-api.service[2880561]: [pid: 2880561|app: 0|req: 24/95] 172.25.66.207 () {60 vars in 1281 bytes} [Fri Oct 17 19:38:45 2025] GET /compute/v2.1/servers/7c35033d-1261-4c58-8772-b7500d67967d => generated 1464 bytes in 199 msecs (HTTP/1.1 200) 9 headers in 360 bytes (1 switches on core 0)
Oct 17 19:38:45.535273 podb-esxi207 devstack@n-api.service[2880562]: [pid: 2880562|app: 0|req: 25/96] 172.25.66.207 () {58 vars in 1240 bytes} [Fri Oct 17 19:38:45 2025] GET /compute/v2.1/servers/59dd07c6-9586-47d0-8a0d-2e1ce78a0a52 => generated 1377 bytes in 154 msecs (HTTP/1.1 200) 9 headers in 358 bytes (1 switches on core 0)
Oct 17 19:38:46.424332 podb-esxi207 devstack@n-api.service[2880564]: [pid: 2880564|app: 0|req: 24/97] 172.25.66.207 () {58 vars in 1240 bytes} [Fri Oct 17 19:38:46 2025] GET /compute/v2.1/servers/0bc98fa2-22b4-46c2-a398-4a7572d6adc8 => generated 1280 bytes in 97 msecs (HTTP/1.1 200) 9 headers in 358 bytes (1 switches on core 0)
Oct 17 19:38:46.543662 podb-esxi207 devstack@n-api.service[2880563]: [pid: 2880563|app: 0|req: 25/98] 172.25.66.207 () {58 vars in 1240 bytes} [Fri Oct 17 19:38:46 2025] GET /compute/v2.1/servers/716cca39-aa39-43b3-9841-b78bd3734e69 => generated 1298 bytes in 108 msecs (HTTP/1.1 200) 9 headers in 358 bytes (1 switches on core 0)
Oct 17 19:38:46.678618 podb-esxi207 devstack@n-api.service[2880561]: [pid: 2880561|app: 0|req: 25/99] 172.25.66.207 () {60 vars in 1281 bytes} [Fri Oct 17 19:38:46 2025] GET /compute/v2.1/servers/7c35033d-1261-4c58-8772-b7500d67967d => generated 1464 bytes in 159 msecs (HTTP/1.1 200) 9 headers in 360 bytes (1 switches on core 0)
Oct 17 19:38:46.707076 podb-esxi207 devstack@n-api.service[2880562]: [pid: 2880562|app: 0|req: 26/100] 172.25.66.207 () {58 vars in 1240 bytes} [Fri Oct 17 19:38:46 2025] GET /compute/v2.1/servers/59dd07c6-9586-47d0-8a0d-2e1ce78a0a52 => generated 1565 bytes in 146 msecs (HTTP/1.1 200) 9 headers in 358 bytes (1 switches on core 0)
Oct 17 19:38:46.853853 podb-esxi207 devstack@n-api.service[2880564]: [pid: 2880564|app: 0|req: 25/101] 172.25.66.207 () {58 vars in 1279 bytes} [Fri Oct 17 19:38:46 2025] GET /compute/v2.1/servers/59dd07c6-9586-47d0-8a0d-2e1ce78a0a52/os-interface => generated 282 bytes in 121 msecs (HTTP/1.1 200) 9 headers in 357 bytes (1 switches on core 0)
Oct 17 19:38:47.157208 podb-esxi207 devstack@n-api.service[2880563]: [pid: 2880563|app: 0|req: 26/102] 172.25.66.207 () {64 vars in 1321 bytes} [Fri Oct 17 19:38:47 2025] POST /compute/v2.1/os-server-external-events => generated 179 bytes in 41 msecs (HTTP/1.1 200) 9 headers in 357 bytes (1 switches on core 0)
Oct 17 19:38:47.635435 podb-esxi207 devstack@n-api.service[2880561]: [pid: 2880561|app: 0|req: 26/103] 172.25.66.207 () {58 vars in 1240 bytes} [Fri Oct 17 19:38:47 2025] GET /compute/v2.1/servers/0bc98fa2-22b4-46c2-a398-4a7572d6adc8 => generated 1332 bytes in 186 msecs (HTTP/1.1 200) 9 headers in 358 bytes (1 switches on core 0)
Oct 17 19:38:47.636215 podb-esxi207 devstack@n-api.service[2880562]: [pid: 2880562|app: 0|req: 27/104] 172.25.66.207 () {64 vars in 1321 bytes} [Fri Oct 17 19:38:47 2025] POST /compute/v2.1/os-server-external-events => generated 183 bytes in 88 msecs (HTTP/1.1 200) 9 headers in 357 bytes (1 switches on core 0)
Oct 17 19:38:47.655746 podb-esxi207 devstack@n-api.service[2880564]: [pid: 2880564|app: 0|req: 26/105] 172.25.66.207 () {58 vars in 1240 bytes} [Fri Oct 17 19:38:47 2025] GET /compute/v2.1/servers/716cca39-aa39-43b3-9841-b78bd3734e69 => generated 1298 bytes in 86 msecs (HTTP/1.1 200) 9 headers in 358 bytes (1 switches on core 0)
Oct 17 19:38:47.791980 podb-esxi207 devstack@n-api.service[2880561]: [pid: 2880561|app: 0|req: 27/106] 172.25.66.207 () {64 vars in 1321 bytes} [Fri Oct 17 19:38:47 2025] POST /compute/v2.1/os-server-external-events => generated 179 bytes in 81 msecs (HTTP/1.1 200) 9 headers in 357 bytes (1 switches on core 0)
Oct 17 19:38:47.874892 podb-esxi207 devstack@n-api.service[2880563]: [pid: 2880563|app: 0|req: 27/107] 172.25.66.207 () {60 vars in 1281 bytes} [Fri Oct 17 19:38:47 2025] GET /compute/v2.1/servers/7c35033d-1261-4c58-8772-b7500d67967d => generated 1464 bytes in 166 msecs (HTTP/1.1 200) 9 headers in 360 bytes (1 switches on core 0)
Oct 17 19:38:48.768811 podb-esxi207 devstack@n-api.service[2880564]: [pid: 2880564|app: 0|req: 27/108] 172.25.66.207 () {58 vars in 1240 bytes} [Fri Oct 17 19:38:48 2025] GET /compute/v2.1/servers/716cca39-aa39-43b3-9841-b78bd3734e69 => generated 1306 bytes in 89 msecs (HTTP/1.1 200) 9 headers in 358 bytes (1 switches on core 0)
Oct 17 19:38:48.834567 podb-esxi207 devstack@n-api.service[2880562]: [pid: 2880562|app: 0|req: 28/109] 172.25.66.207 () {58 vars in 1240 bytes} [Fri Oct 17 19:38:48 2025] GET /compute/v2.1/servers/0bc98fa2-22b4-46c2-a398-4a7572d6adc8 => generated 1320 bytes in 174 msecs (HTTP/1.1 200) 9 headers in 358 bytes (1 switches on core 0)
Oct 17 19:38:49.051053 podb-esxi207 devstack@n-api.service[2880561]: [pid: 2880561|app: 0|req: 28/110] 172.25.66.207 () {60 vars in 1281 bytes} [Fri Oct 17 19:38:48 2025] GET /compute/v2.1/servers/7c35033d-1261-4c58-8772-b7500d67967d => generated 1464 bytes in 147 msecs (HTTP/1.1 200) 9 headers in 360 bytes (1 switches on core 0)
Oct 17 19:38:49.637150 podb-esxi207 devstack@n-api.service[2880563]: [pid: 2880563|app: 0|req: 28/111] 172.25.66.207 () {64 vars in 1321 bytes} [Fri Oct 17 19:38:49 2025] POST /compute/v2.1/os-server-external-events => generated 179 bytes in 97 msecs (HTTP/1.1 200) 9 headers in 357 bytes (1 switches on core 0)
Oct 17 19:38:49.971953 podb-esxi207 devstack@n-api.service[2880564]: [pid: 2880564|app: 0|req: 28/112] 172.25.66.207 () {58 vars in 1240 bytes} [Fri Oct 17 19:38:49 2025] GET /compute/v2.1/servers/716cca39-aa39-43b3-9841-b78bd3734e69 => generated 1383 bytes in 177 msecs (HTTP/1.1 200) 9 headers in 358 bytes (1 switches on core 0)
Oct 17 19:38:49.978460 podb-esxi207 devstack@n-api.service[2880561]: [pid: 2880561|app: 0|req: 29/113] 172.25.66.207 () {64 vars in 1321 bytes} [Fri Oct 17 19:38:49 2025] POST /compute/v2.1/os-server-external-events => generated 183 bytes in 36 msecs (HTTP/1.1 200) 9 headers in 357 bytes (1 switches on core 0)
Oct 17 19:38:49.990901 podb-esxi207 devstack@n-api.service[2880562]: [pid: 2880562|app: 0|req: 29/114] 172.25.66.207 () {58 vars in 1240 bytes} [Fri Oct 17 19:38:49 2025] GET /compute/v2.1/servers/0bc98fa2-22b4-46c2-a398-4a7572d6adc8 => generated 1320 bytes in 128 msecs (HTTP/1.1 200) 9 headers in 358 bytes (1 switches on core 0)
Oct 17 19:38:50.227925 podb-esxi207 devstack@n-api.service[2880563]: [pid: 2880563|app: 0|req: 29/115] 172.25.66.207 () {60 vars in 1281 bytes} [Fri Oct 17 19:38:50 2025] GET /compute/v2.1/servers/7c35033d-1261-4c58-8772-b7500d67967d => generated 1464 bytes in 147 msecs (HTTP/1.1 200) 9 headers in 360 bytes (1 switches on core 0)
Oct 17 19:38:51.136395 podb-esxi207 devstack@n-api.service[2880564]: [pid: 2880564|app: 0|req: 29/116] 172.25.66.207 () {58 vars in 1240 bytes} [Fri Oct 17 19:38:50 2025] GET /compute/v2.1/servers/716cca39-aa39-43b3-9841-b78bd3734e69 => generated 1371 bytes in 139 msecs (HTTP/1.1 200) 9 headers in 358 bytes (1 switches on core 0)
Oct 17 19:38:51.159044 podb-esxi207 devstack@n-api.service[2880561]: [pid: 2880561|app: 0|req: 30/117] 172.25.66.207 () {58 vars in 1240 bytes} [Fri Oct 17 19:38:51 2025] GET /compute/v2.1/servers/0bc98fa2-22b4-46c2-a398-4a7572d6adc8 => generated 1320 bytes in 143 msecs (HTTP/1.1 200) 9 headers in 358 bytes (1 switches on core 0)
Oct 17 19:38:51.368170 podb-esxi207 devstack@n-api.service[2880563]: [pid: 2880563|app: 0|req: 30/118] 172.25.66.207 () {64 vars in 1321 bytes} [Fri Oct 17 19:38:51 2025] POST /compute/v2.1/os-server-external-events => generated 183 bytes in 41 msecs (HTTP/1.1 200) 9 headers in 357 bytes (1 switches on core 0)
Oct 17 19:38:51.450970 podb-esxi207 devstack@n-api.service[2880562]: [pid: 2880562|app: 0|req: 30/119] 172.25.66.207 () {60 vars in 1281 bytes} [Fri Oct 17 19:38:51 2025] GET /compute/v2.1/servers/7c35033d-1261-4c58-8772-b7500d67967d => generated 1464 bytes in 195 msecs (HTTP/1.1 200) 9 headers in 360 bytes (1 switches on core 0)
Oct 17 19:38:52.305993 podb-esxi207 devstack@n-api.service[2880564]: [pid: 2880564|app: 0|req: 30/120] 172.25.66.207 () {58 vars in 1240 bytes} [Fri Oct 17 19:38:52 2025] GET /compute/v2.1/servers/716cca39-aa39-43b3-9841-b78bd3734e69 => generated 1371 bytes in 146 msecs (HTTP/1.1 200) 9 headers in 358 bytes (1 switches on core 0)
Oct 17 19:38:52.326793 podb-esxi207 devstack@n-api.service[2880561]: [pid: 2880561|app: 0|req: 31/121] 172.25.66.207 () {58 vars in 1240 bytes} [Fri Oct 17 19:38:52 2025] GET /compute/v2.1/servers/0bc98fa2-22b4-46c2-a398-4a7572d6adc8 => generated 1320 bytes in 143 msecs (HTTP/1.1 200) 9 headers in 358 bytes (1 switches on core 0)
Oct 17 19:38:52.658357 podb-esxi207 devstack@n-api.service[2880563]: [pid: 2880563|app: 0|req: 31/122] 172.25.66.207 () {60 vars in 1281 bytes} [Fri Oct 17 19:38:52 2025] GET /compute/v2.1/servers/7c35033d-1261-4c58-8772-b7500d67967d => generated 1649 bytes in 179 msecs (HTTP/1.1 200) 9 headers in 360 bytes (1 switches on core 0)
Oct 17 19:38:52.832940 podb-esxi207 devstack@n-api.service[2880562]: [pid: 2880562|app: 0|req: 31/123] 172.25.66.207 () {60 vars in 1281 bytes} [Fri Oct 17 19:38:52 2025] GET /compute/v2.1/servers/a828b651-5e20-4bcc-a098-57403f8e9390 => generated 1649 bytes in 148 msecs (HTTP/1.1 200) 9 headers in 360 bytes (1 switches on core 0)
Oct 17 19:38:52.967792 podb-esxi207 devstack@n-api.service[2880564]: [pid: 2880564|app: 0|req: 31/124] 172.25.66.207 () {60 vars in 1320 bytes} [Fri Oct 17 19:38:52 2025] GET /compute/v2.1/servers/7c35033d-1261-4c58-8772-b7500d67967d/os-interface => generated 282 bytes in 107 msecs (HTTP/1.1 200) 9 headers in 359 bytes (1 switches on core 0)
Oct 17 19:38:53.460573 podb-esxi207 devstack@n-api.service[2880562]: [pid: 2880562|app: 0|req: 32/125] 172.25.66.207 () {64 vars in 1321 bytes} [Fri Oct 17 19:38:53 2025] POST /compute/v2.1/os-server-external-events => generated 179 bytes in 36 msecs (HTTP/1.1 200) 9 headers in 357 bytes (1 switches on core 0)
Oct 17 19:38:53.524878 podb-esxi207 devstack@n-api.service[2880561]: [pid: 2880561|app: 0|req: 32/126] 172.25.66.207 () {58 vars in 1240 bytes} [Fri Oct 17 19:38:53 2025] GET /compute/v2.1/servers/716cca39-aa39-43b3-9841-b78bd3734e69 => generated 1371 bytes in 194 msecs (HTTP/1.1 200) 9 headers in 358 bytes (1 switches on core 0)
Oct 17 19:38:53.525952 podb-esxi207 devstack@n-api.service[2880563]: [pid: 2880563|app: 0|req: 32/127] 172.25.66.207 () {58 vars in 1240 bytes} [Fri Oct 17 19:38:53 2025] GET /compute/v2.1/servers/0bc98fa2-22b4-46c2-a398-4a7572d6adc8 => generated 1320 bytes in 175 msecs (HTTP/1.1 200) 9 headers in 358 bytes (1 switches on core 0)
Oct 17 19:38:54.592904 podb-esxi207 devstack@n-api.service[2880564]: [pid: 2880564|app: 0|req: 32/128] 172.25.66.207 () {64 vars in 1321 bytes} [Fri Oct 17 19:38:54 2025] POST /compute/v2.1/os-server-external-events => generated 183 bytes in 64 msecs (HTTP/1.1 200) 9 headers in 357 bytes (1 switches on core 0)
Oct 17 19:38:54.660012 podb-esxi207 devstack@n-api.service[2880562]: [pid: 2880562|app: 0|req: 33/129] 172.25.66.207 () {58 vars in 1240 bytes} [Fri Oct 17 19:38:54 2025] GET /compute/v2.1/servers/716cca39-aa39-43b3-9841-b78bd3734e69 => generated 1371 bytes in 111 msecs (HTTP/1.1 200) 9 headers in 358 bytes (2 switches on core 0)
Oct 17 19:38:54.669642 podb-esxi207 devstack@n-api.service[2880561]: [pid: 2880561|app: 0|req: 33/130] 172.25.66.207 () {58 vars in 1240 bytes} [Fri Oct 17 19:38:54 2025] GET /compute/v2.1/servers/0bc98fa2-22b4-46c2-a398-4a7572d6adc8 => generated 1502 bytes in 120 msecs (HTTP/1.1 200) 9 headers in 358 bytes (1 switches on core 0)
Oct 17 19:38:55.825421 podb-esxi207 devstack@n-api.service[2880563]: [pid: 2880563|app: 0|req: 33/131] 172.25.66.207 () {58 vars in 1240 bytes} [Fri Oct 17 19:38:55 2025] GET /compute/v2.1/servers/716cca39-aa39-43b3-9841-b78bd3734e69 => generated 1371 bytes in 140 msecs (HTTP/1.1 200) 9 headers in 358 bytes (1 switches on core 0)
Oct 17 19:38:56.997047 podb-esxi207 devstack@n-api.service[2880564]: [pid: 2880564|app: 0|req: 33/132] 172.25.66.207 () {58 vars in 1240 bytes} [Fri Oct 17 19:38:56 2025] GET /compute/v2.1/servers/716cca39-aa39-43b3-9841-b78bd3734e69 => generated 1371 bytes in 148 msecs (HTTP/1.1 200) 9 headers in 358 bytes (1 switches on core 0)
Oct 17 19:38:58.158536 podb-esxi207 devstack@n-api.service[2880562]: [pid: 2880562|app: 0|req: 34/133] 172.25.66.207 () {58 vars in 1240 bytes} [Fri Oct 17 19:38:58 2025] GET /compute/v2.1/servers/716cca39-aa39-43b3-9841-b78bd3734e69 => generated 1553 bytes in 137 msecs (HTTP/1.1 200) 9 headers in 358 bytes (1 switches on core 0)
Oct 17 19:38:58.291641 podb-esxi207 devstack@n-api.service[2880561]: [pid: 2880561|app: 0|req: 34/134] 172.25.66.207 () {58 vars in 1279 bytes} [Fri Oct 17 19:38:58 2025] GET /compute/v2.1/servers/716cca39-aa39-43b3-9841-b78bd3734e69/os-interface => generated 282 bytes in 109 msecs (HTTP/1.1 200) 9 headers in 357 bytes (1 switches on core 0)
Oct 17 19:38:58.969645 podb-esxi207 devstack@n-api.service[2880564]: [pid: 2880564|app: 0|req: 34/135] 172.25.66.207 () {64 vars in 1321 bytes} [Fri Oct 17 19:38:58 2025] POST /compute/v2.1/os-server-external-events => generated 179 bytes in 41 msecs (HTTP/1.1 200) 9 headers in 357 bytes (1 switches on core 0)
Oct 17 19:39:00.568438 podb-esxi207 devstack@n-api.service[2880563]: [pid: 2880563|app: 0|req: 34/136] 172.25.66.207 () {60 vars in 1327 bytes} [Fri Oct 17 19:38:58 2025] POST /compute/v2.1/servers/0bc98fa2-22b4-46c2-a398-4a7572d6adc8/os-volume_attachments => generated 194 bytes in 2359 msecs (HTTP/1.1 200) 9 headers in 357 bytes (1 switches on core 0)
Oct 17 19:39:11.476676 podb-esxi207 devstack@n-api.service[2880562]: [pid: 2880562|app: 0|req: 35/137] 172.25.66.207 () {58 vars in 1243 bytes} [Fri Oct 17 19:39:11 2025] DELETE /compute/v2.1/servers/0bc98fa2-22b4-46c2-a398-4a7572d6adc8 => generated 0 bytes in 133 msecs (HTTP/1.1 204) 9 headers in 363 bytes (1 switches on core 0)
Oct 17 19:39:11.647735 podb-esxi207 devstack@n-api.service[2880561]: [pid: 2880561|app: 0|req: 35/138] 172.25.66.207 () {58 vars in 1240 bytes} [Fri Oct 17 19:39:11 2025] GET /compute/v2.1/servers/0bc98fa2-22b4-46c2-a398-4a7572d6adc8 => generated 1554 bytes in 166 msecs (HTTP/1.1 200) 9 headers in 358 bytes (2 switches on core 0)
Oct 17 19:39:12.851564 podb-esxi207 devstack@n-api.service[2880564]: [pid: 2880564|app: 0|req: 35/139] 172.25.66.207 () {58 vars in 1240 bytes} [Fri Oct 17 19:39:12 2025] GET /compute/v2.1/servers/0bc98fa2-22b4-46c2-a398-4a7572d6adc8 => generated 1554 bytes in 178 msecs (HTTP/1.1 200) 9 headers in 358 bytes (1 switches on core 0)
Oct 17 19:39:14.017435 podb-esxi207 devstack@n-api.service[2880563]: [pid: 2880563|app: 0|req: 35/140] 172.25.66.207 () {58 vars in 1240 bytes} [Fri Oct 17 19:39:13 2025] GET /compute/v2.1/servers/0bc98fa2-22b4-46c2-a398-4a7572d6adc8 => generated 1554 bytes in 147 msecs (HTTP/1.1 200) 9 headers in 358 bytes (1 switches on core 0)
Oct 17 19:39:14.621311 podb-esxi207 devstack@n-api.service[2880562]: [pid: 2880562|app: 0|req: 36/141] 172.25.66.207 () {64 vars in 1321 bytes} [Fri Oct 17 19:39:14 2025] POST /compute/v2.1/os-server-external-events => generated 183 bytes in 38 msecs (HTTP/1.1 200) 9 headers in 357 bytes (1 switches on core 0)
Oct 17 19:39:15.135161 podb-esxi207 devstack@n-api.service[2880561]: [pid: 2880561|app: 0|req: 36/142] 172.25.66.207 () {58 vars in 1240 bytes} [Fri Oct 17 19:39:15 2025] GET /compute/v2.1/servers/0bc98fa2-22b4-46c2-a398-4a7572d6adc8 => generated 1347 bytes in 93 msecs (HTTP/1.1 200) 9 headers in 358 bytes (1 switches on core 0)
Oct 17 19:39:16.247072 podb-esxi207 devstack@n-api.service[2880564]: [pid: 2880564|app: 0|req: 36/143] 172.25.66.207 () {58 vars in 1240 bytes} [Fri Oct 17 19:39:16 2025] GET /compute/v2.1/servers/0bc98fa2-22b4-46c2-a398-4a7572d6adc8 => generated 1347 bytes in 94 msecs (HTTP/1.1 200) 9 headers in 358 bytes (1 switches on core 0)
