Oct 17 20:07:25.098943 podb-esxi207 dnsmasq-dhcp[2945916]: read /opt/stack/data/neutron/dhcp/607e2853-ebd2-44bd-a0ae-7ca2190055a4/opts
Oct 17 20:07:25.871587 podb-esxi207 dnsmasq[2945299]: read /opt/stack/data/neutron/dhcp/910e7c09-725d-417b-af59-29341dac5a6c/addn_hosts - 2 names
Oct 17 20:07:25.871702 podb-esxi207 dnsmasq-dhcp[2945299]: read /opt/stack/data/neutron/dhcp/910e7c09-725d-417b-af59-29341dac5a6c/host
Oct 17 20:07:25.871820 podb-esxi207 dnsmasq-dhcp[2945299]: read /opt/stack/data/neutron/dhcp/910e7c09-725d-417b-af59-29341dac5a6c/opts
Oct 17 20:07:27.135351 podb-esxi207 dnsmasq[2945589]: read /opt/stack/data/neutron/dhcp/9a2e8d79-7dca-4e80-95f8-086609cbd0e4/addn_hosts - 2 names
Oct 17 20:07:27.135482 podb-esxi207 dnsmasq-dhcp[2945589]: read /opt/stack/data/neutron/dhcp/9a2e8d79-7dca-4e80-95f8-086609cbd0e4/host
Oct 17 20:07:27.135592 podb-esxi207 dnsmasq-dhcp[2945589]: read /opt/stack/data/neutron/dhcp/9a2e8d79-7dca-4e80-95f8-086609cbd0e4/opts
Oct 17 20:07:27.893591 podb-esxi207 dnsmasq[2945916]: read /opt/stack/data/neutron/dhcp/607e2853-ebd2-44bd-a0ae-7ca2190055a4/addn_hosts - 2 names
Oct 17 20:07:27.893765 podb-esxi207 dnsmasq-dhcp[2945916]: read /opt/stack/data/neutron/dhcp/607e2853-ebd2-44bd-a0ae-7ca2190055a4/host
Oct 17 20:07:27.893902 podb-esxi207 dnsmasq-dhcp[2945916]: read /opt/stack/data/neutron/dhcp/607e2853-ebd2-44bd-a0ae-7ca2190055a4/opts
Oct 17 20:07:28.648412 podb-esxi207 dnsmasq[2945299]: read /opt/stack/data/neutron/dhcp/910e7c09-725d-417b-af59-29341dac5a6c/addn_hosts - 4 names
Oct 17 20:07:28.648544 podb-esxi207 dnsmasq-dhcp[2945299]: read /opt/stack/data/neutron/dhcp/910e7c09-725d-417b-af59-29341dac5a6c/host
Oct 17 20:07:28.648686 podb-esxi207 dnsmasq-dhcp[2945299]: read /opt/stack/data/neutron/dhcp/910e7c09-725d-417b-af59-29341dac5a6c/opts
Oct 17 20:07:29.905727 podb-esxi207 dnsmasq[2945589]: read /opt/stack/data/neutron/dhcp/9a2e8d79-7dca-4e80-95f8-086609cbd0e4/addn_hosts - 4 names
Oct 17 20:07:29.905860 podb-esxi207 dnsmasq-dhcp[2945589]: read /opt/stack/data/neutron/dhcp/9a2e8d79-7dca-4e80-95f8-086609cbd0e4/host
Oct 17 20:07:29.905969 podb-esxi207 dnsmasq-dhcp[2945589]: read /opt/stack/data/neutron/dhcp/9a2e8d79-7dca-4e80-95f8-086609cbd0e4/opts
Oct 17 20:07:39.728450 podb-esxi207 dnsmasq[2945589]: read /opt/stack/data/neutron/dhcp/9a2e8d79-7dca-4e80-95f8-086609cbd0e4/addn_hosts - 2 names
Oct 17 20:07:39.728576 podb-esxi207 dnsmasq-dhcp[2945589]: read /opt/stack/data/neutron/dhcp/9a2e8d79-7dca-4e80-95f8-086609cbd0e4/host
Oct 17 20:07:39.728750 podb-esxi207 dnsmasq-dhcp[2945589]: read /opt/stack/data/neutron/dhcp/9a2e8d79-7dca-4e80-95f8-086609cbd0e4/opts
Oct 17 20:07:49.358681 podb-esxi207 dnsmasq[2945589]: read /opt/stack/data/neutron/dhcp/9a2e8d79-7dca-4e80-95f8-086609cbd0e4/addn_hosts - 4 names
Oct 17 20:07:49.358808 podb-esxi207 dnsmasq-dhcp[2945589]: read /opt/stack/data/neutron/dhcp/9a2e8d79-7dca-4e80-95f8-086609cbd0e4/host
Oct 17 20:07:49.358921 podb-esxi207 dnsmasq-dhcp[2945589]: read /opt/stack/data/neutron/dhcp/9a2e8d79-7dca-4e80-95f8-086609cbd0e4/opts
Oct 17 20:07:50.096012 podb-esxi207 dnsmasq-dhcp[2945299]: DHCPDISCOVER(tap5572c76a-2f) fa:16:3e:08:40:09
Oct 17 20:07:50.096045 podb-esxi207 dnsmasq-dhcp[2945299]: DHCPOFFER(tap5572c76a-2f) 10.1.0.14 fa:16:3e:08:40:09
Oct 17 20:07:50.110475 podb-esxi207 dnsmasq-dhcp[2945299]: DHCPREQUEST(tap5572c76a-2f) 10.1.0.14 fa:16:3e:08:40:09
Oct 17 20:07:50.110513 podb-esxi207 dnsmasq-dhcp[2945299]: DHCPACK(tap5572c76a-2f) 10.1.0.14 fa:16:3e:08:40:09 host-10-1-0-14
Oct 17 20:08:02.968834 podb-esxi207 dnsmasq[2945589]: read /opt/stack/data/neutron/dhcp/9a2e8d79-7dca-4e80-95f8-086609cbd0e4/addn_hosts - 2 names
Oct 17 20:08:02.968927 podb-esxi207 dnsmasq-dhcp[2945589]: read /opt/stack/data/neutron/dhcp/9a2e8d79-7dca-4e80-95f8-086609cbd0e4/host
Oct 17 20:08:02.968997 podb-esxi207 dnsmasq-dhcp[2945589]: read /opt/stack/data/neutron/dhcp/9a2e8d79-7dca-4e80-95f8-086609cbd0e4/opts
Oct 17 20:08:13.273576 podb-esxi207 dnsmasq[2947004]: started, version 2.90 cachesize 150
Oct 17 20:08:13.273601 podb-esxi207 dnsmasq[2947004]: DNS service limited to local subnets
Oct 17 20:08:13.273617 podb-esxi207 dnsmasq[2947004]: compile time options: IPv6 GNU-getopt DBus no-UBus i18n IDN2 DHCP DHCPv6 no-Lua TFTP conntrack ipset no-nftset auth cryptohash DNSSEC loop-detect inotify dumpfile
Oct 17 20:08:13.273653 podb-esxi207 dnsmasq-dhcp[2947004]: DHCP, static leases only on 10.1.0.0, lease time 1d
Oct 17 20:08:13.273807 podb-esxi207 dnsmasq[2947004]: reading /etc/resolv.conf
Oct 17 20:08:13.273824 podb-esxi207 dnsmasq[2947004]: using nameserver 127.0.0.53#53
Oct 17 20:08:13.273916 podb-esxi207 dnsmasq[2947004]: read /opt/stack/data/neutron/dhcp/fe9a7df1-052c-4ec7-a25a-854b237970d2/addn_hosts - 0 names
Oct 17 20:08:13.273974 podb-esxi207 dnsmasq-dhcp[2947004]: read /opt/stack/data/neutron/dhcp/fe9a7df1-052c-4ec7-a25a-854b237970d2/host
Oct 17 20:08:13.274033 podb-esxi207 dnsmasq-dhcp[2947004]: read /opt/stack/data/neutron/dhcp/fe9a7df1-052c-4ec7-a25a-854b237970d2/opts
Oct 17 20:08:17.153547 podb-esxi207 dnsmasq[2947288]: started, version 2.90 cachesize 150
Oct 17 20:08:17.153572 podb-esxi207 dnsmasq[2947288]: DNS service limited to local subnets
Oct 17 20:08:17.153587 podb-esxi207 dnsmasq[2947288]: compile time options: IPv6 GNU-getopt DBus no-UBus i18n IDN2 DHCP DHCPv6 no-Lua TFTP conntrack ipset no-nftset auth cryptohash DNSSEC loop-detect inotify dumpfile
Oct 17 20:08:17.153625 podb-esxi207 dnsmasq-dhcp[2947288]: DHCP, static leases only on 10.1.0.0, lease time 1d
Oct 17 20:08:17.153788 podb-esxi207 dnsmasq[2947288]: reading /etc/resolv.conf
Oct 17 20:08:17.153805 podb-esxi207 dnsmasq[2947288]: using nameserver 127.0.0.53#53
Oct 17 20:08:17.153899 podb-esxi207 dnsmasq[2947288]: read /opt/stack/data/neutron/dhcp/6addd2fa-66ea-4e1e-bb04-7ae6f66ef98c/addn_hosts - 0 names
Oct 17 20:08:17.153951 podb-esxi207 dnsmasq-dhcp[2947288]: read /opt/stack/data/neutron/dhcp/6addd2fa-66ea-4e1e-bb04-7ae6f66ef98c/host
Oct 17 20:08:17.154009 podb-esxi207 dnsmasq-dhcp[2947288]: read /opt/stack/data/neutron/dhcp/6addd2fa-66ea-4e1e-bb04-7ae6f66ef98c/opts
Oct 17 20:08:18.261134 podb-esxi207 dnsmasq[2947004]: read /opt/stack/data/neutron/dhcp/fe9a7df1-052c-4ec7-a25a-854b237970d2/addn_hosts - 2 names
Oct 17 20:08:18.261220 podb-esxi207 dnsmasq-dhcp[2947004]: read /opt/stack/data/neutron/dhcp/fe9a7df1-052c-4ec7-a25a-854b237970d2/host
Oct 17 20:08:18.261315 podb-esxi207 dnsmasq-dhcp[2947004]: read /opt/stack/data/neutron/dhcp/fe9a7df1-052c-4ec7-a25a-854b237970d2/opts
Oct 17 20:08:20.061706 podb-esxi207 dnsmasq[2947288]: read /opt/stack/data/neutron/dhcp/6addd2fa-66ea-4e1e-bb04-7ae6f66ef98c/addn_hosts - 2 names
Oct 17 20:08:20.061814 podb-esxi207 dnsmasq-dhcp[2947288]: read /opt/stack/data/neutron/dhcp/6addd2fa-66ea-4e1e-bb04-7ae6f66ef98c/host
Oct 17 20:08:20.061925 podb-esxi207 dnsmasq-dhcp[2947288]: read /opt/stack/data/neutron/dhcp/6addd2fa-66ea-4e1e-bb04-7ae6f66ef98c/opts
Oct 17 20:08:20.834022 podb-esxi207 dnsmasq[2947004]: read /opt/stack/data/neutron/dhcp/fe9a7df1-052c-4ec7-a25a-854b237970d2/addn_hosts - 2 names
Oct 17 20:08:20.834113 podb-esxi207 dnsmasq-dhcp[2947004]: read /opt/stack/data/neutron/dhcp/fe9a7df1-052c-4ec7-a25a-854b237970d2/host
Oct 17 20:08:20.834209 podb-esxi207 dnsmasq-dhcp[2947004]: read /opt/stack/data/neutron/dhcp/fe9a7df1-052c-4ec7-a25a-854b237970d2/opts
Oct 17 20:08:22.129472 podb-esxi207 dnsmasq[2947288]: read /opt/stack/data/neutron/dhcp/6addd2fa-66ea-4e1e-bb04-7ae6f66ef98c/addn_hosts - 2 names
Oct 17 20:08:22.129590 podb-esxi207 dnsmasq-dhcp[2947288]: read /opt/stack/data/neutron/dhcp/6addd2fa-66ea-4e1e-bb04-7ae6f66ef98c/host
Oct 17 20:08:22.129684 podb-esxi207 dnsmasq-dhcp[2947288]: read /opt/stack/data/neutron/dhcp/6addd2fa-66ea-4e1e-bb04-7ae6f66ef98c/opts
Oct 17 20:08:22.873537 podb-esxi207 dnsmasq[2947004]: read /opt/stack/data/neutron/dhcp/fe9a7df1-052c-4ec7-a25a-854b237970d2/addn_hosts - 2 names
Oct 17 20:08:22.873635 podb-esxi207 dnsmasq-dhcp[2947004]: read /opt/stack/data/neutron/dhcp/fe9a7df1-052c-4ec7-a25a-854b237970d2/host
Oct 17 20:08:22.873720 podb-esxi207 dnsmasq-dhcp[2947004]: read /opt/stack/data/neutron/dhcp/fe9a7df1-052c-4ec7-a25a-854b237970d2/opts
Oct 17 20:08:24.122874 podb-esxi207 dnsmasq[2947288]: read /opt/stack/data/neutron/dhcp/6addd2fa-66ea-4e1e-bb04-7ae6f66ef98c/addn_hosts - 2 names
Oct 17 20:08:24.122974 podb-esxi207 dnsmasq-dhcp[2947288]: read /opt/stack/data/neutron/dhcp/6addd2fa-66ea-4e1e-bb04-7ae6f66ef98c/host
Oct 17 20:08:24.123078 podb-esxi207 dnsmasq-dhcp[2947288]: read /opt/stack/data/neutron/dhcp/6addd2fa-66ea-4e1e-bb04-7ae6f66ef98c/opts
Oct 17 20:08:47.355901 podb-esxi207 dnsmasq[2945589]: read /opt/stack/data/neutron/dhcp/9a2e8d79-7dca-4e80-95f8-086609cbd0e4/addn_hosts - 0 names
Oct 17 20:08:47.355975 podb-esxi207 dnsmasq-dhcp[2945589]: read /opt/stack/data/neutron/dhcp/9a2e8d79-7dca-4e80-95f8-086609cbd0e4/host
Oct 17 20:08:47.356069 podb-esxi207 dnsmasq-dhcp[2945589]: read /opt/stack/data/neutron/dhcp/9a2e8d79-7dca-4e80-95f8-086609cbd0e4/opts
Oct 17 20:08:48.908896 podb-esxi207 dnsmasq[2945589]: exiting on receipt of SIGTERM
Oct 17 20:08:53.384579 podb-esxi207 dnsmasq[2947004]: read /opt/stack/data/neutron/dhcp/fe9a7df1-052c-4ec7-a25a-854b237970d2/addn_hosts - 4 names
Oct 17 20:08:53.384783 podb-esxi207 dnsmasq-dhcp[2947004]: read /opt/stack/data/neutron/dhcp/fe9a7df1-052c-4ec7-a25a-854b237970d2/host
Oct 17 20:08:53.384901 podb-esxi207 dnsmasq-dhcp[2947004]: read /opt/stack/data/neutron/dhcp/fe9a7df1-052c-4ec7-a25a-854b237970d2/opts
Oct 17 20:09:22.027915 podb-esxi207 dnsmasq-dhcp[2947004]: DHCPDISCOVER(tap4b5d32b1-d2) fa:16:3e:67:c5:24
Oct 17 20:09:22.027947 podb-esxi207 dnsmasq-dhcp[2947004]: DHCPOFFER(tap4b5d32b1-d2) 10.1.0.12 fa:16:3e:67:c5:24
Oct 17 20:09:22.040133 podb-esxi207 dnsmasq-dhcp[2947004]: DHCPREQUEST(tap4b5d32b1-d2) 10.1.0.12 fa:16:3e:67:c5:24
Oct 17 20:09:22.040165 podb-esxi207 dnsmasq-dhcp[2947004]: DHCPACK(tap4b5d32b1-d2) 10.1.0.12 fa:16:3e:67:c5:24 host-10-1-0-12
Oct 17 20:09:47.576031 podb-esxi207 dnsmasq-dhcp[2945299]: DHCPREQUEST(tap5572c76a-2f) 10.1.0.14 fa:16:3e:08:40:09
Oct 17 20:09:47.576063 podb-esxi207 dnsmasq-dhcp[2945299]: DHCPACK(tap5572c76a-2f) 10.1.0.14 fa:16:3e:08:40:09 host-10-1-0-14
Oct 17 20:10:57.132178 podb-esxi207 dnsmasq-dhcp[2945299]: DHCPRELEASE(tap5572c76a-2f) 10.1.0.14 fa:16:3e:08:40:09
Oct 17 20:10:57.148324 podb-esxi207 dnsmasq-dhcp[2945299]: DHCPRELEASE(tap5572c76a-2f) 10.1.0.14 fa:16:3e:08:40:09 unknown lease
Oct 17 20:10:57.971292 podb-esxi207 dnsmasq[2945299]: read /opt/stack/data/neutron/dhcp/910e7c09-725d-417b-af59-29341dac5a6c/addn_hosts - 2 names
Oct 17 20:10:57.971366 podb-esxi207 dnsmasq-dhcp[2945299]: read /opt/stack/data/neutron/dhcp/910e7c09-725d-417b-af59-29341dac5a6c/host
Oct 17 20:10:57.971436 podb-esxi207 dnsmasq-dhcp[2945299]: read /opt/stack/data/neutron/dhcp/910e7c09-725d-417b-af59-29341dac5a6c/opts
Oct 17 20:11:11.094266 podb-esxi207 dnsmasq[2945299]: read /opt/stack/data/neutron/dhcp/910e7c09-725d-417b-af59-29341dac5a6c/addn_hosts - 4 names
Oct 17 20:11:11.094385 podb-esxi207 dnsmasq-dhcp[2945299]: read /opt/stack/data/neutron/dhcp/910e7c09-725d-417b-af59-29341dac5a6c/host
Oct 17 20:11:11.094503 podb-esxi207 dnsmasq-dhcp[2945299]: read /opt/stack/data/neutron/dhcp/910e7c09-725d-417b-af59-29341dac5a6c/opts
Oct 17 20:11:31.383406 podb-esxi207 dnsmasq-dhcp[2947004]: DHCPRELEASE(tap4b5d32b1-d2) 10.1.0.12 fa:16:3e:67:c5:24
Oct 17 20:11:31.397185 podb-esxi207 dnsmasq-dhcp[2947004]: DHCPRELEASE(tap4b5d32b1-d2) 10.1.0.12 fa:16:3e:67:c5:24 unknown lease
Oct 17 20:11:32.219102 podb-esxi207 dnsmasq[2947004]: read /opt/stack/data/neutron/dhcp/fe9a7df1-052c-4ec7-a25a-854b237970d2/addn_hosts - 2 names
Oct 17 20:11:32.219205 podb-esxi207 dnsmasq-dhcp[2947004]: read /opt/stack/data/neutron/dhcp/fe9a7df1-052c-4ec7-a25a-854b237970d2/host
Oct 17 20:11:32.219318 podb-esxi207 dnsmasq-dhcp[2947004]: read /opt/stack/data/neutron/dhcp/fe9a7df1-052c-4ec7-a25a-854b237970d2/opts
Oct 17 20:11:35.365202 podb-esxi207 dnsmasq-dhcp[2945299]: DHCPDISCOVER(tap5572c76a-2f) fa:16:3e:c6:03:a4
Oct 17 20:11:35.365230 podb-esxi207 dnsmasq-dhcp[2945299]: DHCPOFFER(tap5572c76a-2f) 10.1.0.9 fa:16:3e:c6:03:a4
Oct 17 20:11:35.375823 podb-esxi207 dnsmasq-dhcp[2945299]: DHCPREQUEST(tap5572c76a-2f) 10.1.0.9 fa:16:3e:c6:03:a4
Oct 17 20:11:35.375855 podb-esxi207 dnsmasq-dhcp[2945299]: DHCPACK(tap5572c76a-2f) 10.1.0.9 fa:16:3e:c6:03:a4 host-10-1-0-9
Oct 17 20:11:48.794504 podb-esxi207 dnsmasq[2947004]: read /opt/stack/data/neutron/dhcp/fe9a7df1-052c-4ec7-a25a-854b237970d2/addn_hosts - 0 names
Oct 17 20:11:48.794579 podb-esxi207 dnsmasq-dhcp[2947004]: read /opt/stack/data/neutron/dhcp/fe9a7df1-052c-4ec7-a25a-854b237970d2/host
Oct 17 20:11:48.794664 podb-esxi207 dnsmasq-dhcp[2947004]: read /opt/stack/data/neutron/dhcp/fe9a7df1-052c-4ec7-a25a-854b237970d2/opts
Oct 17 20:11:49.883987 podb-esxi207 dnsmasq[2947004]: exiting on receipt of SIGTERM
Oct 17 20:11:51.001063 podb-esxi207 dnsmasq[2947288]: read /opt/stack/data/neutron/dhcp/6addd2fa-66ea-4e1e-bb04-7ae6f66ef98c/addn_hosts - 0 names
Oct 17 20:11:51.001143 podb-esxi207 dnsmasq-dhcp[2947288]: read /opt/stack/data/neutron/dhcp/6addd2fa-66ea-4e1e-bb04-7ae6f66ef98c/host
Oct 17 20:11:51.001250 podb-esxi207 dnsmasq-dhcp[2947288]: read /opt/stack/data/neutron/dhcp/6addd2fa-66ea-4e1e-bb04-7ae6f66ef98c/opts
Oct 17 20:11:51.760522 podb-esxi207 dnsmasq[2947288]: exiting on receipt of SIGTERM
Oct 17 20:11:55.233964 podb-esxi207 dnsmasq[2950557]: started, version 2.90 cachesize 150
Oct 17 20:11:55.233992 podb-esxi207 dnsmasq[2950557]: DNS service limited to local subnets
Oct 17 20:11:55.234007 podb-esxi207 dnsmasq[2950557]: compile time options: IPv6 GNU-getopt DBus no-UBus i18n IDN2 DHCP DHCPv6 no-Lua TFTP conntrack ipset no-nftset auth cryptohash DNSSEC loop-detect inotify dumpfile
Oct 17 20:11:55.234052 podb-esxi207 dnsmasq-dhcp[2950557]: DHCP, static leases only on 10.1.0.0, lease time 1d
Oct 17 20:11:55.234212 podb-esxi207 dnsmasq[2950557]: reading /etc/resolv.conf
Oct 17 20:11:55.234228 podb-esxi207 dnsmasq[2950557]: using nameserver 127.0.0.53#53
Oct 17 20:11:55.234327 podb-esxi207 dnsmasq[2950557]: read /opt/stack/data/neutron/dhcp/50488e84-9051-4e7c-9d28-39bb8416e929/addn_hosts - 0 names
Oct 17 20:11:55.234381 podb-esxi207 dnsmasq-dhcp[2950557]: read /opt/stack/data/neutron/dhcp/50488e84-9051-4e7c-9d28-39bb8416e929/host
Oct 17 20:11:55.234438 podb-esxi207 dnsmasq-dhcp[2950557]: read /opt/stack/data/neutron/dhcp/50488e84-9051-4e7c-9d28-39bb8416e929/opts
Oct 17 20:11:58.431216 podb-esxi207 dnsmasq[2950840]: started, version 2.90 cachesize 150
Oct 17 20:11:58.431243 podb-esxi207 dnsmasq[2950840]: DNS service limited to local subnets
Oct 17 20:11:58.431258 podb-esxi207 dnsmasq[2950840]: compile time options: IPv6 GNU-getopt DBus no-UBus i18n IDN2 DHCP DHCPv6 no-Lua TFTP conntrack ipset no-nftset auth cryptohash DNSSEC loop-detect inotify dumpfile
Oct 17 20:11:58.431299 podb-esxi207 dnsmasq-dhcp[2950840]: DHCP, static leases only on 10.1.0.0, lease time 1d
Oct 17 20:11:58.431450 podb-esxi207 dnsmasq[2950840]: reading /etc/resolv.conf
Oct 17 20:11:58.431468 podb-esxi207 dnsmasq[2950840]: using nameserver 127.0.0.53#53
Oct 17 20:11:58.431578 podb-esxi207 dnsmasq[2950840]: read /opt/stack/data/neutron/dhcp/edbfc463-8ce5-4f2b-ae2a-15f70c4feed3/addn_hosts - 2 names
Oct 17 20:11:58.431633 podb-esxi207 dnsmasq-dhcp[2950840]: read /opt/stack/data/neutron/dhcp/edbfc463-8ce5-4f2b-ae2a-15f70c4feed3/host
Oct 17 20:11:58.431699 podb-esxi207 dnsmasq-dhcp[2950840]: read /opt/stack/data/neutron/dhcp/edbfc463-8ce5-4f2b-ae2a-15f70c4feed3/opts
Oct 17 20:11:59.472686 podb-esxi207 dnsmasq[2950557]: read /opt/stack/data/neutron/dhcp/50488e84-9051-4e7c-9d28-39bb8416e929/addn_hosts - 2 names
Oct 17 20:11:59.472788 podb-esxi207 dnsmasq-dhcp[2950557]: read /opt/stack/data/neutron/dhcp/50488e84-9051-4e7c-9d28-39bb8416e929/host
Oct 17 20:11:59.472857 podb-esxi207 dnsmasq-dhcp[2950557]: read /opt/stack/data/neutron/dhcp/50488e84-9051-4e7c-9d28-39bb8416e929/opts
Oct 17 20:12:03.383461 podb-esxi207 dnsmasq[2951193]: started, version 2.90 cachesize 150
Oct 17 20:12:03.383485 podb-esxi207 dnsmasq[2951193]: DNS service limited to local subnets
Oct 17 20:12:03.383501 podb-esxi207 dnsmasq[2951193]: compile time options: IPv6 GNU-getopt DBus no-UBus i18n IDN2 DHCP DHCPv6 no-Lua TFTP conntrack ipset no-nftset auth cryptohash DNSSEC loop-detect inotify dumpfile
Oct 17 20:12:03.383536 podb-esxi207 dnsmasq-dhcp[2951193]: DHCP, static leases only on 10.1.0.0, lease time 1d
Oct 17 20:12:03.383687 podb-esxi207 dnsmasq[2951193]: reading /etc/resolv.conf
Oct 17 20:12:03.383705 podb-esxi207 dnsmasq[2951193]: using nameserver 127.0.0.53#53
Oct 17 20:12:03.383820 podb-esxi207 dnsmasq[2951193]: read /opt/stack/data/neutron/dhcp/d183c87f-23e2-4e8c-8920-74a8e365be72/addn_hosts - 2 names
Oct 17 20:12:03.383876 podb-esxi207 dnsmasq-dhcp[2951193]: read /opt/stack/data/neutron/dhcp/d183c87f-23e2-4e8c-8920-74a8e365be72/host
Oct 17 20:12:03.383944 podb-esxi207 dnsmasq-dhcp[2951193]: read /opt/stack/data/neutron/dhcp/d183c87f-23e2-4e8c-8920-74a8e365be72/opts
Oct 17 20:12:04.423855 podb-esxi207 dnsmasq[2950840]: read /opt/stack/data/neutron/dhcp/edbfc463-8ce5-4f2b-ae2a-15f70c4feed3/addn_hosts - 2 names
Oct 17 20:12:04.423984 podb-esxi207 dnsmasq-dhcp[2950840]: read /opt/stack/data/neutron/dhcp/edbfc463-8ce5-4f2b-ae2a-15f70c4feed3/host
Oct 17 20:12:04.424102 podb-esxi207 dnsmasq-dhcp[2950840]: read /opt/stack/data/neutron/dhcp/edbfc463-8ce5-4f2b-ae2a-15f70c4feed3/opts
Oct 17 20:12:05.199694 podb-esxi207 dnsmasq[2950557]: read /opt/stack/data/neutron/dhcp/50488e84-9051-4e7c-9d28-39bb8416e929/addn_hosts - 2 names
Oct 17 20:12:05.199809 podb-esxi207 dnsmasq-dhcp[2950557]: read /opt/stack/data/neutron/dhcp/50488e84-9051-4e7c-9d28-39bb8416e929/host
Oct 17 20:12:05.199930 podb-esxi207 dnsmasq-dhcp[2950557]: read /opt/stack/data/neutron/dhcp/50488e84-9051-4e7c-9d28-39bb8416e929/opts
Oct 17 20:12:06.952926 podb-esxi207 dnsmasq[2951193]: read /opt/stack/data/neutron/dhcp/d183c87f-23e2-4e8c-8920-74a8e365be72/addn_hosts - 2 names
Oct 17 20:12:06.953021 podb-esxi207 dnsmasq-dhcp[2951193]: read /opt/stack/data/neutron/dhcp/d183c87f-23e2-4e8c-8920-74a8e365be72/host
Oct 17 20:12:06.953129 podb-esxi207 dnsmasq-dhcp[2951193]: read /opt/stack/data/neutron/dhcp/d183c87f-23e2-4e8c-8920-74a8e365be72/opts
Oct 17 20:12:07.678874 podb-esxi207 dnsmasq[2950840]: read /opt/stack/data/neutron/dhcp/edbfc463-8ce5-4f2b-ae2a-15f70c4feed3/addn_hosts - 2 names
Oct 17 20:12:07.678967 podb-esxi207 dnsmasq-dhcp[2950840]: read /opt/stack/data/neutron/dhcp/edbfc463-8ce5-4f2b-ae2a-15f70c4feed3/host
Oct 17 20:12:07.679035 podb-esxi207 dnsmasq-dhcp[2950840]: read /opt/stack/data/neutron/dhcp/edbfc463-8ce5-4f2b-ae2a-15f70c4feed3/opts
Oct 17 20:12:08.403231 podb-esxi207 dnsmasq[2950557]: read /opt/stack/data/neutron/dhcp/50488e84-9051-4e7c-9d28-39bb8416e929/addn_hosts - 2 names
Oct 17 20:12:08.403317 podb-esxi207 dnsmasq-dhcp[2950557]: read /opt/stack/data/neutron/dhcp/50488e84-9051-4e7c-9d28-39bb8416e929/host
Oct 17 20:12:08.403423 podb-esxi207 dnsmasq-dhcp[2950557]: read /opt/stack/data/neutron/dhcp/50488e84-9051-4e7c-9d28-39bb8416e929/opts
Oct 17 20:12:09.640200 podb-esxi207 dnsmasq[2951193]: read /opt/stack/data/neutron/dhcp/d183c87f-23e2-4e8c-8920-74a8e365be72/addn_hosts - 2 names
Oct 17 20:12:09.640302 podb-esxi207 dnsmasq-dhcp[2951193]: read /opt/stack/data/neutron/dhcp/d183c87f-23e2-4e8c-8920-74a8e365be72/host
Oct 17 20:12:09.640409 podb-esxi207 dnsmasq-dhcp[2951193]: read /opt/stack/data/neutron/dhcp/d183c87f-23e2-4e8c-8920-74a8e365be72/opts
Oct 17 20:12:10.371730 podb-esxi207 dnsmasq[2950840]: read /opt/stack/data/neutron/dhcp/edbfc463-8ce5-4f2b-ae2a-15f70c4feed3/addn_hosts - 2 names
Oct 17 20:12:10.371819 podb-esxi207 dnsmasq-dhcp[2950840]: read /opt/stack/data/neutron/dhcp/edbfc463-8ce5-4f2b-ae2a-15f70c4feed3/host
Oct 17 20:12:10.371932 podb-esxi207 dnsmasq-dhcp[2950840]: read /opt/stack/data/neutron/dhcp/edbfc463-8ce5-4f2b-ae2a-15f70c4feed3/opts
Oct 17 20:12:11.625223 podb-esxi207 dnsmasq[2951193]: read /opt/stack/data/neutron/dhcp/d183c87f-23e2-4e8c-8920-74a8e365be72/addn_hosts - 2 names
Oct 17 20:12:11.625332 podb-esxi207 dnsmasq-dhcp[2951193]: read /opt/stack/data/neutron/dhcp/d183c87f-23e2-4e8c-8920-74a8e365be72/host
Oct 17 20:12:11.625439 podb-esxi207 dnsmasq-dhcp[2951193]: read /opt/stack/data/neutron/dhcp/d183c87f-23e2-4e8c-8920-74a8e365be72/opts
Oct 17 20:12:12.357492 podb-esxi207 dnsmasq[2950840]: read /opt/stack/data/neutron/dhcp/edbfc463-8ce5-4f2b-ae2a-15f70c4feed3/addn_hosts - 4 names
Oct 17 20:12:12.357638 podb-esxi207 dnsmasq-dhcp[2950840]: read /opt/stack/data/neutron/dhcp/edbfc463-8ce5-4f2b-ae2a-15f70c4feed3/host
Oct 17 20:12:12.357744 podb-esxi207 dnsmasq-dhcp[2950840]: read /opt/stack/data/neutron/dhcp/edbfc463-8ce5-4f2b-ae2a-15f70c4feed3/opts
Oct 17 20:12:30.936339 podb-esxi207 dnsmasq-dhcp[2950840]: DHCPDISCOVER(tapa71b55dd-2b) fa:16:3e:35:c9:ff
Oct 17 20:12:30.936367 podb-esxi207 dnsmasq-dhcp[2950840]: DHCPOFFER(tapa71b55dd-2b) 10.1.0.9 fa:16:3e:35:c9:ff
Oct 17 20:12:30.946251 podb-esxi207 dnsmasq-dhcp[2950840]: DHCPREQUEST(tapa71b55dd-2b) 10.1.0.9 fa:16:3e:35:c9:ff
Oct 17 20:12:30.946278 podb-esxi207 dnsmasq-dhcp[2950840]: DHCPACK(tapa71b55dd-2b) 10.1.0.9 fa:16:3e:35:c9:ff host-10-1-0-9
Oct 17 20:12:37.830967 podb-esxi207 dnsmasq-dhcp[2945299]: DHCPREQUEST(tap5572c76a-2f) 10.1.0.9 fa:16:3e:c6:03:a4
Oct 17 20:12:37.830996 podb-esxi207 dnsmasq-dhcp[2945299]: DHCPACK(tap5572c76a-2f) 10.1.0.9 fa:16:3e:c6:03:a4 host-10-1-0-9
Oct 17 20:13:29.031135 podb-esxi207 dnsmasq[2952367]: started, version 2.90 cachesize 150
Oct 17 20:13:29.031147 podb-esxi207 dnsmasq[2952367]: DNS service limited to local subnets
Oct 17 20:13:29.031154 podb-esxi207 dnsmasq[2952367]: compile time options: IPv6 GNU-getopt DBus no-UBus i18n IDN2 DHCP DHCPv6 no-Lua TFTP conntrack ipset no-nftset auth cryptohash DNSSEC loop-detect inotify dumpfile
Oct 17 20:13:29.031171 podb-esxi207 dnsmasq-dhcp[2952367]: DHCP, static leases only on 10.1.0.0, lease time 1d
Oct 17 20:13:29.031236 podb-esxi207 dnsmasq[2952367]: reading /etc/resolv.conf
Oct 17 20:13:29.031242 podb-esxi207 dnsmasq[2952367]: using nameserver 127.0.0.53#53
Oct 17 20:13:29.031281 podb-esxi207 dnsmasq[2952367]: read /opt/stack/data/neutron/dhcp/2e03733a-af45-4f40-b014-c766cab392f1/addn_hosts - 0 names
Oct 17 20:13:29.031303 podb-esxi207 dnsmasq-dhcp[2952367]: read /opt/stack/data/neutron/dhcp/2e03733a-af45-4f40-b014-c766cab392f1/host
Oct 17 20:13:29.031330 podb-esxi207 dnsmasq-dhcp[2952367]: read /opt/stack/data/neutron/dhcp/2e03733a-af45-4f40-b014-c766cab392f1/opts
Oct 17 20:13:30.581016 podb-esxi207 dnsmasq[2952367]: read /opt/stack/data/neutron/dhcp/2e03733a-af45-4f40-b014-c766cab392f1/addn_hosts - 2 names
Oct 17 20:13:30.581090 podb-esxi207 dnsmasq-dhcp[2952367]: read /opt/stack/data/neutron/dhcp/2e03733a-af45-4f40-b014-c766cab392f1/host
Oct 17 20:13:30.581187 podb-esxi207 dnsmasq-dhcp[2952367]: read /opt/stack/data/neutron/dhcp/2e03733a-af45-4f40-b014-c766cab392f1/opts
Oct 17 20:13:34.103389 podb-esxi207 dnsmasq[2952755]: started, version 2.90 cachesize 150
Oct 17 20:13:34.103413 podb-esxi207 dnsmasq[2952755]: DNS service limited to local subnets
Oct 17 20:13:34.103428 podb-esxi207 dnsmasq[2952755]: compile time options: IPv6 GNU-getopt DBus no-UBus i18n IDN2 DHCP DHCPv6 no-Lua TFTP conntrack ipset no-nftset auth cryptohash DNSSEC loop-detect inotify dumpfile
Oct 17 20:13:34.103471 podb-esxi207 dnsmasq-dhcp[2952755]: DHCP, static leases only on 10.1.0.0, lease time 1d
Oct 17 20:13:34.103626 podb-esxi207 dnsmasq[2952755]: reading /etc/resolv.conf
Oct 17 20:13:34.103643 podb-esxi207 dnsmasq[2952755]: using nameserver 127.0.0.53#53
Oct 17 20:13:34.103756 podb-esxi207 dnsmasq[2952755]: read /opt/stack/data/neutron/dhcp/af329aac-a989-4e11-bbec-3a5fdbdf44bb/addn_hosts - 2 names
Oct 17 20:13:34.104007 podb-esxi207 dnsmasq-dhcp[2952755]: read /opt/stack/data/neutron/dhcp/af329aac-a989-4e11-bbec-3a5fdbdf44bb/host
Oct 17 20:13:34.104075 podb-esxi207 dnsmasq-dhcp[2952755]: read /opt/stack/data/neutron/dhcp/af329aac-a989-4e11-bbec-3a5fdbdf44bb/opts
Oct 17 20:13:35.148142 podb-esxi207 dnsmasq[2952367]: read /opt/stack/data/neutron/dhcp/2e03733a-af45-4f40-b014-c766cab392f1/addn_hosts - 2 names
Oct 17 20:13:35.148173 podb-esxi207 dnsmasq-dhcp[2952367]: read /opt/stack/data/neutron/dhcp/2e03733a-af45-4f40-b014-c766cab392f1/host
Oct 17 20:13:35.148195 podb-esxi207 dnsmasq-dhcp[2952367]: read /opt/stack/data/neutron/dhcp/2e03733a-af45-4f40-b014-c766cab392f1/opts
Oct 17 20:13:36.426559 podb-esxi207 dnsmasq[2952755]: read /opt/stack/data/neutron/dhcp/af329aac-a989-4e11-bbec-3a5fdbdf44bb/addn_hosts - 2 names
Oct 17 20:13:36.426677 podb-esxi207 dnsmasq-dhcp[2952755]: read /opt/stack/data/neutron/dhcp/af329aac-a989-4e11-bbec-3a5fdbdf44bb/host
Oct 17 20:13:36.426807 podb-esxi207 dnsmasq-dhcp[2952755]: read /opt/stack/data/neutron/dhcp/af329aac-a989-4e11-bbec-3a5fdbdf44bb/opts
Oct 17 20:13:37.684866 podb-esxi207 dnsmasq[2950557]: read /opt/stack/data/neutron/dhcp/50488e84-9051-4e7c-9d28-39bb8416e929/addn_hosts - 4 names
Oct 17 20:13:37.684981 podb-esxi207 dnsmasq-dhcp[2950557]: read /opt/stack/data/neutron/dhcp/50488e84-9051-4e7c-9d28-39bb8416e929/host
Oct 17 20:13:37.685052 podb-esxi207 dnsmasq-dhcp[2950557]: read /opt/stack/data/neutron/dhcp/50488e84-9051-4e7c-9d28-39bb8416e929/opts
Oct 17 20:13:38.436790 podb-esxi207 dnsmasq[2952367]: read /opt/stack/data/neutron/dhcp/2e03733a-af45-4f40-b014-c766cab392f1/addn_hosts - 2 names
Oct 17 20:13:38.436905 podb-esxi207 dnsmasq-dhcp[2952367]: read /opt/stack/data/neutron/dhcp/2e03733a-af45-4f40-b014-c766cab392f1/host
Oct 17 20:13:38.436982 podb-esxi207 dnsmasq-dhcp[2952367]: read /opt/stack/data/neutron/dhcp/2e03733a-af45-4f40-b014-c766cab392f1/opts
Oct 17 20:13:39.195700 podb-esxi207 dnsmasq[2952755]: read /opt/stack/data/neutron/dhcp/af329aac-a989-4e11-bbec-3a5fdbdf44bb/addn_hosts - 2 names
Oct 17 20:13:39.195793 podb-esxi207 dnsmasq-dhcp[2952755]: read /opt/stack/data/neutron/dhcp/af329aac-a989-4e11-bbec-3a5fdbdf44bb/host
Oct 17 20:13:39.195888 podb-esxi207 dnsmasq-dhcp[2952755]: read /opt/stack/data/neutron/dhcp/af329aac-a989-4e11-bbec-3a5fdbdf44bb/opts
Oct 17 20:13:40.460172 podb-esxi207 dnsmasq[2952367]: read /opt/stack/data/neutron/dhcp/2e03733a-af45-4f40-b014-c766cab392f1/addn_hosts - 4 names
Oct 17 20:13:40.460327 podb-esxi207 dnsmasq-dhcp[2952367]: read /opt/stack/data/neutron/dhcp/2e03733a-af45-4f40-b014-c766cab392f1/host
Oct 17 20:13:40.460435 podb-esxi207 dnsmasq-dhcp[2952367]: read /opt/stack/data/neutron/dhcp/2e03733a-af45-4f40-b014-c766cab392f1/opts
Oct 17 20:13:41.221991 podb-esxi207 dnsmasq[2952755]: read /opt/stack/data/neutron/dhcp/af329aac-a989-4e11-bbec-3a5fdbdf44bb/addn_hosts - 2 names
Oct 17 20:13:41.222124 podb-esxi207 dnsmasq-dhcp[2952755]: read /opt/stack/data/neutron/dhcp/af329aac-a989-4e11-bbec-3a5fdbdf44bb/host
Oct 17 20:13:41.222234 podb-esxi207 dnsmasq-dhcp[2952755]: read /opt/stack/data/neutron/dhcp/af329aac-a989-4e11-bbec-3a5fdbdf44bb/opts
Oct 17 20:13:56.321643 podb-esxi207 dnsmasq-dhcp[2945299]: DHCPRELEASE(tap5572c76a-2f) 10.1.0.9 fa:16:3e:c6:03:a4
Oct 17 20:13:56.333564 podb-esxi207 dnsmasq-dhcp[2945299]: DHCPRELEASE(tap5572c76a-2f) 10.1.0.9 fa:16:3e:c6:03:a4 unknown lease
Oct 17 20:13:57.155373 podb-esxi207 dnsmasq[2945299]: read /opt/stack/data/neutron/dhcp/910e7c09-725d-417b-af59-29341dac5a6c/addn_hosts - 2 names
Oct 17 20:13:57.155446 podb-esxi207 dnsmasq-dhcp[2945299]: read /opt/stack/data/neutron/dhcp/910e7c09-725d-417b-af59-29341dac5a6c/host
Oct 17 20:13:57.155540 podb-esxi207 dnsmasq-dhcp[2945299]: read /opt/stack/data/neutron/dhcp/910e7c09-725d-417b-af59-29341dac5a6c/opts
Oct 17 20:14:01.473278 podb-esxi207 dnsmasq-dhcp[2952367]: DHCPDISCOVER(tap1b897450-ca) fa:16:3e:6c:b9:f2
Oct 17 20:14:01.473306 podb-esxi207 dnsmasq-dhcp[2952367]: DHCPOFFER(tap1b897450-ca) 10.1.0.13 fa:16:3e:6c:b9:f2
Oct 17 20:14:01.487362 podb-esxi207 dnsmasq-dhcp[2952367]: DHCPREQUEST(tap1b897450-ca) 10.1.0.13 fa:16:3e:6c:b9:f2
Oct 17 20:14:01.487395 podb-esxi207 dnsmasq-dhcp[2952367]: DHCPACK(tap1b897450-ca) 10.1.0.13 fa:16:3e:6c:b9:f2 host-10-1-0-13
Oct 17 20:14:02.088450 podb-esxi207 dnsmasq-dhcp[2950557]: DHCPDISCOVER(tap9cb71b89-55) fa:16:3e:05:b4:33
Oct 17 20:14:02.088481 podb-esxi207 dnsmasq-dhcp[2950557]: DHCPOFFER(tap9cb71b89-55) 10.1.0.5 fa:16:3e:05:b4:33
Oct 17 20:14:02.098738 podb-esxi207 dnsmasq-dhcp[2950557]: DHCPREQUEST(tap9cb71b89-55) 10.1.0.5 fa:16:3e:05:b4:33
Oct 17 20:14:02.098775 podb-esxi207 dnsmasq-dhcp[2950557]: DHCPACK(tap9cb71b89-55) 10.1.0.5 fa:16:3e:05:b4:33 host-10-1-0-5
Oct 17 20:14:02.355727 podb-esxi207 dnsmasq[2945299]: read /opt/stack/data/neutron/dhcp/910e7c09-725d-417b-af59-29341dac5a6c/addn_hosts - 0 names
Oct 17 20:14:02.355856 podb-esxi207 dnsmasq-dhcp[2945299]: read /opt/stack/data/neutron/dhcp/910e7c09-725d-417b-af59-29341dac5a6c/host
Oct 17 20:14:02.355955 podb-esxi207 dnsmasq-dhcp[2945299]: read /opt/stack/data/neutron/dhcp/910e7c09-725d-417b-af59-29341dac5a6c/opts
Oct 17 20:14:03.449679 podb-esxi207 dnsmasq[2945299]: exiting on receipt of SIGTERM
Oct 17 20:14:04.069919 podb-esxi207 dnsmasq-dhcp[2945916]: DHCPRELEASE(tap3403ece9-37) 10.1.0.1 fa:16:3e:7b:db:3a
Oct 17 20:14:04.894918 podb-esxi207 dnsmasq[2945916]: read /opt/stack/data/neutron/dhcp/607e2853-ebd2-44bd-a0ae-7ca2190055a4/addn_hosts - 0 names
Oct 17 20:14:04.894996 podb-esxi207 dnsmasq-dhcp[2945916]: read /opt/stack/data/neutron/dhcp/607e2853-ebd2-44bd-a0ae-7ca2190055a4/host
Oct 17 20:14:04.895072 podb-esxi207 dnsmasq-dhcp[2945916]: read /opt/stack/data/neutron/dhcp/607e2853-ebd2-44bd-a0ae-7ca2190055a4/opts
Oct 17 20:14:05.639583 podb-esxi207 dnsmasq[2945916]: exiting on receipt of SIGTERM
Oct 17 20:14:10.395536 podb-esxi207 dnsmasq[2953587]: started, version 2.90 cachesize 150
Oct 17 20:14:10.395561 podb-esxi207 dnsmasq[2953587]: DNS service limited to local subnets
Oct 17 20:14:10.395577 podb-esxi207 dnsmasq[2953587]: compile time options: IPv6 GNU-getopt DBus no-UBus i18n IDN2 DHCP DHCPv6 no-Lua TFTP conntrack ipset no-nftset auth cryptohash DNSSEC loop-detect inotify dumpfile
Oct 17 20:14:10.395615 podb-esxi207 dnsmasq-dhcp[2953587]: DHCP, static leases only on 10.1.0.0, lease time 1d
Oct 17 20:14:10.395775 podb-esxi207 dnsmasq[2953587]: reading /etc/resolv.conf
Oct 17 20:14:10.395792 podb-esxi207 dnsmasq[2953587]: using nameserver 127.0.0.53#53
Oct 17 20:14:10.395875 podb-esxi207 dnsmasq[2953587]: read /opt/stack/data/neutron/dhcp/e1b4bb29-0f2e-44ab-9307-8754de1379a2/addn_hosts - 0 names
Oct 17 20:14:10.395927 podb-esxi207 dnsmasq-dhcp[2953587]: read /opt/stack/data/neutron/dhcp/e1b4bb29-0f2e-44ab-9307-8754de1379a2/host
Oct 17 20:14:10.395995 podb-esxi207 dnsmasq-dhcp[2953587]: read /opt/stack/data/neutron/dhcp/e1b4bb29-0f2e-44ab-9307-8754de1379a2/opts
Oct 17 20:14:11.944190 podb-esxi207 dnsmasq[2953587]: read /opt/stack/data/neutron/dhcp/e1b4bb29-0f2e-44ab-9307-8754de1379a2/addn_hosts - 2 names
Oct 17 20:14:11.944307 podb-esxi207 dnsmasq-dhcp[2953587]: read /opt/stack/data/neutron/dhcp/e1b4bb29-0f2e-44ab-9307-8754de1379a2/host
Oct 17 20:14:11.944416 podb-esxi207 dnsmasq-dhcp[2953587]: read /opt/stack/data/neutron/dhcp/e1b4bb29-0f2e-44ab-9307-8754de1379a2/opts
Oct 17 20:14:14.880605 podb-esxi207 dnsmasq[2954274]: started, version 2.90 cachesize 150
Oct 17 20:14:14.880659 podb-esxi207 dnsmasq[2954274]: DNS service limited to local subnets
Oct 17 20:14:14.880675 podb-esxi207 dnsmasq[2954274]: compile time options: IPv6 GNU-getopt DBus no-UBus i18n IDN2 DHCP DHCPv6 no-Lua TFTP conntrack ipset no-nftset auth cryptohash DNSSEC loop-detect inotify dumpfile
Oct 17 20:14:14.880713 podb-esxi207 dnsmasq-dhcp[2954274]: DHCP, static leases only on 10.1.0.0, lease time 1d
Oct 17 20:14:14.880866 podb-esxi207 dnsmasq[2954274]: reading /etc/resolv.conf
Oct 17 20:14:14.880882 podb-esxi207 dnsmasq[2954274]: using nameserver 127.0.0.53#53
Oct 17 20:14:14.881002 podb-esxi207 dnsmasq[2954274]: read /opt/stack/data/neutron/dhcp/efa5bd0b-1aa2-4293-b007-35641a36c371/addn_hosts - 2 names
Oct 17 20:14:14.881061 podb-esxi207 dnsmasq-dhcp[2954274]: read /opt/stack/data/neutron/dhcp/efa5bd0b-1aa2-4293-b007-35641a36c371/host
Oct 17 20:14:14.881132 podb-esxi207 dnsmasq-dhcp[2954274]: read /opt/stack/data/neutron/dhcp/efa5bd0b-1aa2-4293-b007-35641a36c371/opts
Oct 17 20:14:15.924839 podb-esxi207 dnsmasq[2953587]: read /opt/stack/data/neutron/dhcp/e1b4bb29-0f2e-44ab-9307-8754de1379a2/addn_hosts - 2 names
Oct 17 20:14:15.924930 podb-esxi207 dnsmasq-dhcp[2953587]: read /opt/stack/data/neutron/dhcp/e1b4bb29-0f2e-44ab-9307-8754de1379a2/host
Oct 17 20:14:15.925025 podb-esxi207 dnsmasq-dhcp[2953587]: read /opt/stack/data/neutron/dhcp/e1b4bb29-0f2e-44ab-9307-8754de1379a2/opts
Oct 17 20:14:17.179656 podb-esxi207 dnsmasq[2954274]: read /opt/stack/data/neutron/dhcp/efa5bd0b-1aa2-4293-b007-35641a36c371/addn_hosts - 2 names
Oct 17 20:14:17.179756 podb-esxi207 dnsmasq-dhcp[2954274]: read /opt/stack/data/neutron/dhcp/efa5bd0b-1aa2-4293-b007-35641a36c371/host
Oct 17 20:14:17.179881 podb-esxi207 dnsmasq-dhcp[2954274]: read /opt/stack/data/neutron/dhcp/efa5bd0b-1aa2-4293-b007-35641a36c371/opts
Oct 17 20:14:17.948183 podb-esxi207 dnsmasq[2950840]: read /opt/stack/data/neutron/dhcp/edbfc463-8ce5-4f2b-ae2a-15f70c4feed3/addn_hosts - 6 names
Oct 17 20:14:17.948333 podb-esxi207 dnsmasq-dhcp[2950840]: read /opt/stack/data/neutron/dhcp/edbfc463-8ce5-4f2b-ae2a-15f70c4feed3/host
Oct 17 20:14:17.948462 podb-esxi207 dnsmasq-dhcp[2950840]: read /opt/stack/data/neutron/dhcp/edbfc463-8ce5-4f2b-ae2a-15f70c4feed3/opts
Oct 17 20:14:19.712858 podb-esxi207 dnsmasq[2953587]: read /opt/stack/data/neutron/dhcp/e1b4bb29-0f2e-44ab-9307-8754de1379a2/addn_hosts - 2 names
Oct 17 20:14:19.712905 podb-esxi207 dnsmasq-dhcp[2953587]: read /opt/stack/data/neutron/dhcp/e1b4bb29-0f2e-44ab-9307-8754de1379a2/host
Oct 17 20:14:19.712941 podb-esxi207 dnsmasq-dhcp[2953587]: read /opt/stack/data/neutron/dhcp/e1b4bb29-0f2e-44ab-9307-8754de1379a2/opts
Oct 17 20:14:20.474330 podb-esxi207 dnsmasq[2954274]: read /opt/stack/data/neutron/dhcp/efa5bd0b-1aa2-4293-b007-35641a36c371/addn_hosts - 2 names
Oct 17 20:14:20.474451 podb-esxi207 dnsmasq-dhcp[2954274]: read /opt/stack/data/neutron/dhcp/efa5bd0b-1aa2-4293-b007-35641a36c371/host
Oct 17 20:14:20.474576 podb-esxi207 dnsmasq-dhcp[2954274]: read /opt/stack/data/neutron/dhcp/efa5bd0b-1aa2-4293-b007-35641a36c371/opts
Oct 17 20:14:21.735453 podb-esxi207 dnsmasq[2954274]: read /opt/stack/data/neutron/dhcp/efa5bd0b-1aa2-4293-b007-35641a36c371/addn_hosts - 2 names
Oct 17 20:14:21.735549 podb-esxi207 dnsmasq-dhcp[2954274]: read /opt/stack/data/neutron/dhcp/efa5bd0b-1aa2-4293-b007-35641a36c371/host
Oct 17 20:14:21.735676 podb-esxi207 dnsmasq-dhcp[2954274]: read /opt/stack/data/neutron/dhcp/efa5bd0b-1aa2-4293-b007-35641a36c371/opts
Oct 17 20:14:22.492095 podb-esxi207 dnsmasq[2953587]: read /opt/stack/data/neutron/dhcp/e1b4bb29-0f2e-44ab-9307-8754de1379a2/addn_hosts - 4 names
Oct 17 20:14:22.492241 podb-esxi207 dnsmasq-dhcp[2953587]: read /opt/stack/data/neutron/dhcp/e1b4bb29-0f2e-44ab-9307-8754de1379a2/host
Oct 17 20:14:22.492343 podb-esxi207 dnsmasq-dhcp[2953587]: read /opt/stack/data/neutron/dhcp/e1b4bb29-0f2e-44ab-9307-8754de1379a2/opts
Oct 17 20:14:38.873271 podb-esxi207 dnsmasq-dhcp[2950840]: DHCPDISCOVER(tapa71b55dd-2b) fa:16:3e:6f:1e:7e
Oct 17 20:14:38.873296 podb-esxi207 dnsmasq-dhcp[2950840]: DHCPOFFER(tapa71b55dd-2b) 10.1.0.12 fa:16:3e:6f:1e:7e
Oct 17 20:14:38.883188 podb-esxi207 dnsmasq-dhcp[2950840]: DHCPREQUEST(tapa71b55dd-2b) 10.1.0.12 fa:16:3e:6f:1e:7e
Oct 17 20:14:38.883213 podb-esxi207 dnsmasq-dhcp[2950840]: DHCPACK(tapa71b55dd-2b) 10.1.0.12 fa:16:3e:6f:1e:7e host-10-1-0-12
Oct 17 20:14:44.943938 podb-esxi207 dnsmasq-dhcp[2953587]: DHCPDISCOVER(tap24bdffe1-02) fa:16:3e:69:62:28
Oct 17 20:14:44.943967 podb-esxi207 dnsmasq-dhcp[2953587]: DHCPOFFER(tap24bdffe1-02) 10.1.0.14 fa:16:3e:69:62:28
Oct 17 20:14:44.954647 podb-esxi207 dnsmasq-dhcp[2953587]: DHCPREQUEST(tap24bdffe1-02) 10.1.0.14 fa:16:3e:69:62:28
Oct 17 20:14:44.954679 podb-esxi207 dnsmasq-dhcp[2953587]: DHCPACK(tap24bdffe1-02) 10.1.0.14 fa:16:3e:69:62:28 host-10-1-0-14
Oct 17 20:15:53.665680 podb-esxi207 dnsmasq-dhcp[2950840]: DHCPRELEASE(tapa71b55dd-2b) 10.1.0.12 fa:16:3e:6f:1e:7e
Oct 17 20:15:53.682889 podb-esxi207 dnsmasq-dhcp[2950840]: DHCPRELEASE(tapa71b55dd-2b) 10.1.0.12 fa:16:3e:6f:1e:7e unknown lease
Oct 17 20:15:54.510309 podb-esxi207 dnsmasq[2950840]: read /opt/stack/data/neutron/dhcp/edbfc463-8ce5-4f2b-ae2a-15f70c4feed3/addn_hosts - 4 names
Oct 17 20:15:54.510440 podb-esxi207 dnsmasq-dhcp[2950840]: read /opt/stack/data/neutron/dhcp/edbfc463-8ce5-4f2b-ae2a-15f70c4feed3/host
Oct 17 20:15:54.510554 podb-esxi207 dnsmasq-dhcp[2950840]: read /opt/stack/data/neutron/dhcp/edbfc463-8ce5-4f2b-ae2a-15f70c4feed3/opts
Oct 17 20:16:18.463663 podb-esxi207 dnsmasq-dhcp[2952367]: DHCPRELEASE(tap1b897450-ca) 10.1.0.13 fa:16:3e:6c:b9:f2
Oct 17 20:16:18.481658 podb-esxi207 dnsmasq-dhcp[2952367]: DHCPRELEASE(tap1b897450-ca) 10.1.0.13 fa:16:3e:6c:b9:f2 unknown lease
Oct 17 20:16:19.306959 podb-esxi207 dnsmasq[2952367]: read /opt/stack/data/neutron/dhcp/2e03733a-af45-4f40-b014-c766cab392f1/addn_hosts - 2 names
Oct 17 20:16:19.307091 podb-esxi207 dnsmasq-dhcp[2952367]: read /opt/stack/data/neutron/dhcp/2e03733a-af45-4f40-b014-c766cab392f1/host
Oct 17 20:16:19.307204 podb-esxi207 dnsmasq-dhcp[2952367]: read /opt/stack/data/neutron/dhcp/2e03733a-af45-4f40-b014-c766cab392f1/opts
Oct 17 20:16:24.211612 podb-esxi207 dnsmasq[2952367]: read /opt/stack/data/neutron/dhcp/2e03733a-af45-4f40-b014-c766cab392f1/addn_hosts - 0 names
Oct 17 20:16:24.211689 podb-esxi207 dnsmasq-dhcp[2952367]: read /opt/stack/data/neutron/dhcp/2e03733a-af45-4f40-b014-c766cab392f1/host
Oct 17 20:16:24.211765 podb-esxi207 dnsmasq-dhcp[2952367]: read /opt/stack/data/neutron/dhcp/2e03733a-af45-4f40-b014-c766cab392f1/opts
Oct 17 20:16:25.255305 podb-esxi207 dnsmasq[2952367]: exiting on receipt of SIGTERM
Oct 17 20:16:25.873521 podb-esxi207 dnsmasq-dhcp[2952755]: DHCPRELEASE(tapbb09163a-f8) 10.1.0.1 fa:16:3e:ee:6c:81
Oct 17 20:16:26.700160 podb-esxi207 dnsmasq[2952755]: read /opt/stack/data/neutron/dhcp/af329aac-a989-4e11-bbec-3a5fdbdf44bb/addn_hosts - 0 names
Oct 17 20:16:26.700278 podb-esxi207 dnsmasq-dhcp[2952755]: read /opt/stack/data/neutron/dhcp/af329aac-a989-4e11-bbec-3a5fdbdf44bb/host
Oct 17 20:16:26.700375 podb-esxi207 dnsmasq-dhcp[2952755]: read /opt/stack/data/neutron/dhcp/af329aac-a989-4e11-bbec-3a5fdbdf44bb/opts
Oct 17 20:16:26.962409 podb-esxi207 dnsmasq[2952755]: exiting on receipt of SIGTERM
Oct 17 20:16:43.124556 podb-esxi207 dnsmasq-dhcp[2953587]: DHCPRELEASE(tap24bdffe1-02) 10.1.0.14 fa:16:3e:69:62:28
Oct 17 20:16:43.140961 podb-esxi207 dnsmasq-dhcp[2953587]: DHCPRELEASE(tap24bdffe1-02) 10.1.0.14 fa:16:3e:69:62:28 unknown lease
Oct 17 20:16:43.969074 podb-esxi207 dnsmasq[2953587]: read /opt/stack/data/neutron/dhcp/e1b4bb29-0f2e-44ab-9307-8754de1379a2/addn_hosts - 2 names
Oct 17 20:16:43.969211 podb-esxi207 dnsmasq-dhcp[2953587]: read /opt/stack/data/neutron/dhcp/e1b4bb29-0f2e-44ab-9307-8754de1379a2/host
Oct 17 20:16:43.969326 podb-esxi207 dnsmasq-dhcp[2953587]: read /opt/stack/data/neutron/dhcp/e1b4bb29-0f2e-44ab-9307-8754de1379a2/opts
Oct 17 20:17:23.335076 podb-esxi207 dnsmasq[2953587]: read /opt/stack/data/neutron/dhcp/e1b4bb29-0f2e-44ab-9307-8754de1379a2/addn_hosts - 0 names
Oct 17 20:17:23.335158 podb-esxi207 dnsmasq-dhcp[2953587]: read /opt/stack/data/neutron/dhcp/e1b4bb29-0f2e-44ab-9307-8754de1379a2/host
Oct 17 20:17:23.335263 podb-esxi207 dnsmasq-dhcp[2953587]: read /opt/stack/data/neutron/dhcp/e1b4bb29-0f2e-44ab-9307-8754de1379a2/opts
Oct 17 20:17:24.484544 podb-esxi207 dnsmasq[2953587]: exiting on receipt of SIGTERM
Oct 17 20:17:25.098396 podb-esxi207 dnsmasq-dhcp[2954274]: DHCPRELEASE(tap4f70096b-d5) 10.1.0.1 fa:16:3e:13:d5:92
Oct 17 20:17:25.921147 podb-esxi207 dnsmasq[2954274]: read /opt/stack/data/neutron/dhcp/efa5bd0b-1aa2-4293-b007-35641a36c371/addn_hosts - 0 names
Oct 17 20:17:25.921222 podb-esxi207 dnsmasq-dhcp[2954274]: read /opt/stack/data/neutron/dhcp/efa5bd0b-1aa2-4293-b007-35641a36c371/host
Oct 17 20:17:25.921317 podb-esxi207 dnsmasq-dhcp[2954274]: read /opt/stack/data/neutron/dhcp/efa5bd0b-1aa2-4293-b007-35641a36c371/opts
Oct 17 20:17:26.693968 podb-esxi207 dnsmasq[2954274]: exiting on receipt of SIGTERM
Oct 17 20:17:31.133006 podb-esxi207 dnsmasq[2956709]: started, version 2.90 cachesize 150
Oct 17 20:17:31.133036 podb-esxi207 dnsmasq[2956709]: DNS service limited to local subnets
Oct 17 20:17:31.133050 podb-esxi207 dnsmasq[2956709]: compile time options: IPv6 GNU-getopt DBus no-UBus i18n IDN2 DHCP DHCPv6 no-Lua TFTP conntrack ipset no-nftset auth cryptohash DNSSEC loop-detect inotify dumpfile
Oct 17 20:17:31.133085 podb-esxi207 dnsmasq-dhcp[2956709]: DHCP, static leases only on 10.1.0.0, lease time 1d
Oct 17 20:17:31.133239 podb-esxi207 dnsmasq[2956709]: reading /etc/resolv.conf
Oct 17 20:17:31.133256 podb-esxi207 dnsmasq[2956709]: using nameserver 127.0.0.53#53
Oct 17 20:17:31.133339 podb-esxi207 dnsmasq[2956709]: read /opt/stack/data/neutron/dhcp/ffc8c3db-d84f-4f4e-8b31-3c0891e1e103/addn_hosts - 0 names
Oct 17 20:17:31.133391 podb-esxi207 dnsmasq-dhcp[2956709]: read /opt/stack/data/neutron/dhcp/ffc8c3db-d84f-4f4e-8b31-3c0891e1e103/host
Oct 17 20:17:31.133478 podb-esxi207 dnsmasq-dhcp[2956709]: read /opt/stack/data/neutron/dhcp/ffc8c3db-d84f-4f4e-8b31-3c0891e1e103/opts
Oct 17 20:17:32.679771 podb-esxi207 dnsmasq[2956709]: read /opt/stack/data/neutron/dhcp/ffc8c3db-d84f-4f4e-8b31-3c0891e1e103/addn_hosts - 2 names
Oct 17 20:17:32.679891 podb-esxi207 dnsmasq-dhcp[2956709]: read /opt/stack/data/neutron/dhcp/ffc8c3db-d84f-4f4e-8b31-3c0891e1e103/host
Oct 17 20:17:32.680008 podb-esxi207 dnsmasq-dhcp[2956709]: read /opt/stack/data/neutron/dhcp/ffc8c3db-d84f-4f4e-8b31-3c0891e1e103/opts
Oct 17 20:17:35.562799 podb-esxi207 dnsmasq[2957034]: started, version 2.90 cachesize 150
Oct 17 20:17:35.562830 podb-esxi207 dnsmasq[2957034]: DNS service limited to local subnets
Oct 17 20:17:35.562846 podb-esxi207 dnsmasq[2957034]: compile time options: IPv6 GNU-getopt DBus no-UBus i18n IDN2 DHCP DHCPv6 no-Lua TFTP conntrack ipset no-nftset auth cryptohash DNSSEC loop-detect inotify dumpfile
Oct 17 20:17:35.562887 podb-esxi207 dnsmasq-dhcp[2957034]: DHCP, static leases only on 10.1.0.0, lease time 1d
Oct 17 20:17:35.563041 podb-esxi207 dnsmasq[2957034]: reading /etc/resolv.conf
Oct 17 20:17:35.563057 podb-esxi207 dnsmasq[2957034]: using nameserver 127.0.0.53#53
Oct 17 20:17:35.563147 podb-esxi207 dnsmasq[2957034]: read /opt/stack/data/neutron/dhcp/84c6d177-26a9-4fed-b941-74c271fe9707/addn_hosts - 0 names
Oct 17 20:17:35.563203 podb-esxi207 dnsmasq-dhcp[2957034]: read /opt/stack/data/neutron/dhcp/84c6d177-26a9-4fed-b941-74c271fe9707/host
Oct 17 20:17:35.563261 podb-esxi207 dnsmasq-dhcp[2957034]: read /opt/stack/data/neutron/dhcp/84c6d177-26a9-4fed-b941-74c271fe9707/opts
Oct 17 20:17:36.607752 podb-esxi207 dnsmasq[2956709]: read /opt/stack/data/neutron/dhcp/ffc8c3db-d84f-4f4e-8b31-3c0891e1e103/addn_hosts - 2 names
Oct 17 20:17:36.607842 podb-esxi207 dnsmasq-dhcp[2956709]: read /opt/stack/data/neutron/dhcp/ffc8c3db-d84f-4f4e-8b31-3c0891e1e103/host
Oct 17 20:17:36.607914 podb-esxi207 dnsmasq-dhcp[2956709]: read /opt/stack/data/neutron/dhcp/ffc8c3db-d84f-4f4e-8b31-3c0891e1e103/opts
Oct 17 20:17:37.918863 podb-esxi207 dnsmasq[2957034]: read /opt/stack/data/neutron/dhcp/84c6d177-26a9-4fed-b941-74c271fe9707/addn_hosts - 2 names
Oct 17 20:17:37.918996 podb-esxi207 dnsmasq-dhcp[2957034]: read /opt/stack/data/neutron/dhcp/84c6d177-26a9-4fed-b941-74c271fe9707/host
Oct 17 20:17:37.919117 podb-esxi207 dnsmasq-dhcp[2957034]: read /opt/stack/data/neutron/dhcp/84c6d177-26a9-4fed-b941-74c271fe9707/opts
Oct 17 20:17:38.677752 podb-esxi207 dnsmasq-dhcp[2950840]: DHCPRELEASE(tapa71b55dd-2b) 10.1.0.9 fa:16:3e:35:c9:ff
Oct 17 20:17:38.695136 podb-esxi207 dnsmasq-dhcp[2950840]: DHCPRELEASE(tapa71b55dd-2b) 10.1.0.9 fa:16:3e:35:c9:ff unknown lease
Oct 17 20:17:39.520799 podb-esxi207 dnsmasq[2950840]: read /opt/stack/data/neutron/dhcp/edbfc463-8ce5-4f2b-ae2a-15f70c4feed3/addn_hosts - 2 names
Oct 17 20:17:39.520887 podb-esxi207 dnsmasq-dhcp[2950840]: read /opt/stack/data/neutron/dhcp/edbfc463-8ce5-4f2b-ae2a-15f70c4feed3/host
Oct 17 20:17:39.520958 podb-esxi207 dnsmasq-dhcp[2950840]: read /opt/stack/data/neutron/dhcp/edbfc463-8ce5-4f2b-ae2a-15f70c4feed3/opts
Oct 17 20:17:40.271520 podb-esxi207 dnsmasq[2956709]: read /opt/stack/data/neutron/dhcp/ffc8c3db-d84f-4f4e-8b31-3c0891e1e103/addn_hosts - 2 names
Oct 17 20:17:40.271633 podb-esxi207 dnsmasq-dhcp[2956709]: read /opt/stack/data/neutron/dhcp/ffc8c3db-d84f-4f4e-8b31-3c0891e1e103/host
Oct 17 20:17:40.271732 podb-esxi207 dnsmasq-dhcp[2956709]: read /opt/stack/data/neutron/dhcp/ffc8c3db-d84f-4f4e-8b31-3c0891e1e103/opts
Oct 17 20:17:41.040159 podb-esxi207 dnsmasq[2957034]: read /opt/stack/data/neutron/dhcp/84c6d177-26a9-4fed-b941-74c271fe9707/addn_hosts - 2 names
Oct 17 20:17:41.040254 podb-esxi207 dnsmasq-dhcp[2957034]: read /opt/stack/data/neutron/dhcp/84c6d177-26a9-4fed-b941-74c271fe9707/host
Oct 17 20:17:41.040389 podb-esxi207 dnsmasq-dhcp[2957034]: read /opt/stack/data/neutron/dhcp/84c6d177-26a9-4fed-b941-74c271fe9707/opts
Oct 17 20:17:41.795637 podb-esxi207 dnsmasq-dhcp[2950557]: DHCPRELEASE(tap9cb71b89-55) 10.1.0.5 fa:16:3e:05:b4:33
Oct 17 20:17:41.811827 podb-esxi207 dnsmasq-dhcp[2950557]: DHCPRELEASE(tap9cb71b89-55) 10.1.0.5 fa:16:3e:05:b4:33 unknown lease
Oct 17 20:17:42.637353 podb-esxi207 dnsmasq[2950557]: read /opt/stack/data/neutron/dhcp/50488e84-9051-4e7c-9d28-39bb8416e929/addn_hosts - 2 names
Oct 17 20:17:42.637437 podb-esxi207 dnsmasq-dhcp[2950557]: read /opt/stack/data/neutron/dhcp/50488e84-9051-4e7c-9d28-39bb8416e929/host
Oct 17 20:17:42.637509 podb-esxi207 dnsmasq-dhcp[2950557]: read /opt/stack/data/neutron/dhcp/50488e84-9051-4e7c-9d28-39bb8416e929/opts
Oct 17 20:17:43.384272 podb-esxi207 dnsmasq[2957034]: read /opt/stack/data/neutron/dhcp/84c6d177-26a9-4fed-b941-74c271fe9707/addn_hosts - 2 names
Oct 17 20:17:43.384390 podb-esxi207 dnsmasq-dhcp[2957034]: read /opt/stack/data/neutron/dhcp/84c6d177-26a9-4fed-b941-74c271fe9707/host
Oct 17 20:17:43.384504 podb-esxi207 dnsmasq-dhcp[2957034]: read /opt/stack/data/neutron/dhcp/84c6d177-26a9-4fed-b941-74c271fe9707/opts
Oct 17 20:17:49.361955 podb-esxi207 dnsmasq[2950840]: read /opt/stack/data/neutron/dhcp/edbfc463-8ce5-4f2b-ae2a-15f70c4feed3/addn_hosts - 4 names
Oct 17 20:17:49.361997 podb-esxi207 dnsmasq-dhcp[2950840]: read /opt/stack/data/neutron/dhcp/edbfc463-8ce5-4f2b-ae2a-15f70c4feed3/host
Oct 17 20:17:49.362027 podb-esxi207 dnsmasq-dhcp[2950840]: read /opt/stack/data/neutron/dhcp/edbfc463-8ce5-4f2b-ae2a-15f70c4feed3/opts
Oct 17 20:18:01.556278 podb-esxi207 dnsmasq[2956709]: read /opt/stack/data/neutron/dhcp/ffc8c3db-d84f-4f4e-8b31-3c0891e1e103/addn_hosts - 4 names
Oct 17 20:18:01.556394 podb-esxi207 dnsmasq-dhcp[2956709]: read /opt/stack/data/neutron/dhcp/ffc8c3db-d84f-4f4e-8b31-3c0891e1e103/host
Oct 17 20:18:01.556498 podb-esxi207 dnsmasq-dhcp[2956709]: read /opt/stack/data/neutron/dhcp/ffc8c3db-d84f-4f4e-8b31-3c0891e1e103/opts
Oct 17 20:18:11.941736 podb-esxi207 dnsmasq-dhcp[2950840]: DHCPDISCOVER(tapa71b55dd-2b) fa:16:3e:01:c5:7a
Oct 17 20:18:11.941762 podb-esxi207 dnsmasq-dhcp[2950840]: DHCPOFFER(tapa71b55dd-2b) 10.1.0.5 fa:16:3e:01:c5:7a
Oct 17 20:18:11.952695 podb-esxi207 dnsmasq-dhcp[2950840]: DHCPREQUEST(tapa71b55dd-2b) 10.1.0.5 fa:16:3e:01:c5:7a
Oct 17 20:18:11.952724 podb-esxi207 dnsmasq-dhcp[2950840]: DHCPACK(tapa71b55dd-2b) 10.1.0.5 fa:16:3e:01:c5:7a host-10-1-0-5
Oct 17 20:18:31.995383 podb-esxi207 dnsmasq-dhcp[2956709]: DHCPDISCOVER(tap6137e4b7-93) fa:16:3e:9e:1d:24
Oct 17 20:18:31.995409 podb-esxi207 dnsmasq-dhcp[2956709]: DHCPOFFER(tap6137e4b7-93) 10.1.0.8 fa:16:3e:9e:1d:24
Oct 17 20:18:32.006673 podb-esxi207 dnsmasq-dhcp[2956709]: DHCPREQUEST(tap6137e4b7-93) 10.1.0.8 fa:16:3e:9e:1d:24
Oct 17 20:18:32.006698 podb-esxi207 dnsmasq-dhcp[2956709]: DHCPACK(tap6137e4b7-93) 10.1.0.8 fa:16:3e:9e:1d:24 host-10-1-0-8
Oct 17 20:19:45.312819 podb-esxi207 dnsmasq-dhcp[2950840]: DHCPRELEASE(tapa71b55dd-2b) 10.1.0.5 fa:16:3e:01:c5:7a
Oct 17 20:19:45.328697 podb-esxi207 dnsmasq-dhcp[2950840]: DHCPRELEASE(tapa71b55dd-2b) 10.1.0.5 fa:16:3e:01:c5:7a unknown lease
Oct 17 20:19:46.152091 podb-esxi207 dnsmasq[2950840]: read /opt/stack/data/neutron/dhcp/edbfc463-8ce5-4f2b-ae2a-15f70c4feed3/addn_hosts - 2 names
Oct 17 20:19:46.152197 podb-esxi207 dnsmasq-dhcp[2950840]: read /opt/stack/data/neutron/dhcp/edbfc463-8ce5-4f2b-ae2a-15f70c4feed3/host
Oct 17 20:19:46.152303 podb-esxi207 dnsmasq-dhcp[2950840]: read /opt/stack/data/neutron/dhcp/edbfc463-8ce5-4f2b-ae2a-15f70c4feed3/opts
Oct 17 20:19:48.375618 podb-esxi207 dnsmasq-dhcp[2956709]: DHCPREQUEST(tap6137e4b7-93) 10.1.0.8 fa:16:3e:9e:1d:24
Oct 17 20:19:48.375652 podb-esxi207 dnsmasq-dhcp[2956709]: DHCPACK(tap6137e4b7-93) 10.1.0.8 fa:16:3e:9e:1d:24 host-10-1-0-8
Oct 17 20:19:50.852782 podb-esxi207 dnsmasq-dhcp[2950840]: DHCPRELEASE(tapa71b55dd-2b) 10.1.0.1 fa:16:3e:8b:1f:cb
Oct 17 20:19:51.675996 podb-esxi207 dnsmasq[2950840]: read /opt/stack/data/neutron/dhcp/edbfc463-8ce5-4f2b-ae2a-15f70c4feed3/addn_hosts - 0 names
Oct 17 20:19:51.676072 podb-esxi207 dnsmasq-dhcp[2950840]: read /opt/stack/data/neutron/dhcp/edbfc463-8ce5-4f2b-ae2a-15f70c4feed3/host
Oct 17 20:19:51.676181 podb-esxi207 dnsmasq-dhcp[2950840]: read /opt/stack/data/neutron/dhcp/edbfc463-8ce5-4f2b-ae2a-15f70c4feed3/opts
Oct 17 20:19:52.424892 podb-esxi207 dnsmasq[2950840]: exiting on receipt of SIGTERM
Oct 17 20:19:53.020827 podb-esxi207 dnsmasq-dhcp[2951193]: DHCPRELEASE(tap45377fa0-8d) 10.1.0.1 fa:16:3e:90:04:03
Oct 17 20:19:53.843908 podb-esxi207 dnsmasq[2951193]: read /opt/stack/data/neutron/dhcp/d183c87f-23e2-4e8c-8920-74a8e365be72/addn_hosts - 0 names
Oct 17 20:19:53.843979 podb-esxi207 dnsmasq-dhcp[2951193]: read /opt/stack/data/neutron/dhcp/d183c87f-23e2-4e8c-8920-74a8e365be72/host
