Oct 17 20:59:23.176656 podb-esxi207 dnsmasq[2993304]: read /opt/stack/data/neutron/dhcp/876cf4e0-bf6d-461c-bebb-9a776860dcab/addn_hosts - 2 names
Oct 17 20:59:23.176761 podb-esxi207 dnsmasq-dhcp[2993304]: read /opt/stack/data/neutron/dhcp/876cf4e0-bf6d-461c-bebb-9a776860dcab/host
Oct 17 20:59:23.176813 podb-esxi207 dnsmasq-dhcp[2993304]: read /opt/stack/data/neutron/dhcp/876cf4e0-bf6d-461c-bebb-9a776860dcab/opts
Oct 17 20:59:24.437093 podb-esxi207 dnsmasq[2997776]: read /opt/stack/data/neutron/dhcp/aafe73e6-0530-42a8-b3cf-f4c2308187ad/addn_hosts - 2 names
Oct 17 20:59:24.437207 podb-esxi207 dnsmasq-dhcp[2997776]: read /opt/stack/data/neutron/dhcp/aafe73e6-0530-42a8-b3cf-f4c2308187ad/host
Oct 17 20:59:24.437315 podb-esxi207 dnsmasq-dhcp[2997776]: read /opt/stack/data/neutron/dhcp/aafe73e6-0530-42a8-b3cf-f4c2308187ad/opts
Oct 17 20:59:25.181944 podb-esxi207 dnsmasq-dhcp[2993162]: DHCPRELEASE(tapfdd79869-08) 10.1.1.27 fa:16:3e:18:b2:08
Oct 17 20:59:25.199001 podb-esxi207 dnsmasq-dhcp[2993162]: DHCPRELEASE(tapfdd79869-08) 10.1.1.27 fa:16:3e:18:b2:08 unknown lease
Oct 17 20:59:26.022884 podb-esxi207 dnsmasq[2993162]: read /opt/stack/data/neutron/dhcp/e1f3ae5b-ea30-4052-859c-a959be5cf259/addn_hosts - 4 names
Oct 17 20:59:26.022973 podb-esxi207 dnsmasq-dhcp[2993162]: read /opt/stack/data/neutron/dhcp/e1f3ae5b-ea30-4052-859c-a959be5cf259/host
Oct 17 20:59:26.023045 podb-esxi207 dnsmasq-dhcp[2993162]: read /opt/stack/data/neutron/dhcp/e1f3ae5b-ea30-4052-859c-a959be5cf259/opts
Oct 17 20:59:26.249557 podb-esxi207 dnsmasq-dhcp[2993304]: DHCPRELEASE(tap9123a5dc-0c) 10.2.2.200 fa:16:3e:fb:55:91
Oct 17 20:59:26.262650 podb-esxi207 dnsmasq-dhcp[2993304]: DHCPRELEASE(tap9123a5dc-0c) 10.2.2.200 fa:16:3e:fb:55:91 unknown lease
Oct 17 20:59:27.083851 podb-esxi207 dnsmasq[2993304]: read /opt/stack/data/neutron/dhcp/876cf4e0-bf6d-461c-bebb-9a776860dcab/addn_hosts - 0 names
Oct 17 20:59:27.083907 podb-esxi207 dnsmasq-dhcp[2993304]: read /opt/stack/data/neutron/dhcp/876cf4e0-bf6d-461c-bebb-9a776860dcab/host
Oct 17 20:59:27.083957 podb-esxi207 dnsmasq-dhcp[2993304]: read /opt/stack/data/neutron/dhcp/876cf4e0-bf6d-461c-bebb-9a776860dcab/opts
Oct 17 20:59:27.819241 podb-esxi207 dnsmasq[2997776]: read /opt/stack/data/neutron/dhcp/aafe73e6-0530-42a8-b3cf-f4c2308187ad/addn_hosts - 2 names
Oct 17 20:59:27.819337 podb-esxi207 dnsmasq-dhcp[2997776]: read /opt/stack/data/neutron/dhcp/aafe73e6-0530-42a8-b3cf-f4c2308187ad/host
Oct 17 20:59:27.819459 podb-esxi207 dnsmasq-dhcp[2997776]: read /opt/stack/data/neutron/dhcp/aafe73e6-0530-42a8-b3cf-f4c2308187ad/opts
Oct 17 20:59:29.056861 podb-esxi207 dnsmasq[2997776]: read /opt/stack/data/neutron/dhcp/aafe73e6-0530-42a8-b3cf-f4c2308187ad/addn_hosts - 2 names
Oct 17 20:59:29.056935 podb-esxi207 dnsmasq-dhcp[2997776]: read /opt/stack/data/neutron/dhcp/aafe73e6-0530-42a8-b3cf-f4c2308187ad/host
Oct 17 20:59:29.057010 podb-esxi207 dnsmasq-dhcp[2997776]: read /opt/stack/data/neutron/dhcp/aafe73e6-0530-42a8-b3cf-f4c2308187ad/opts
Oct 17 20:59:30.298843 podb-esxi207 dnsmasq[2997776]: read /opt/stack/data/neutron/dhcp/aafe73e6-0530-42a8-b3cf-f4c2308187ad/addn_hosts - 4 names
Oct 17 20:59:30.298994 podb-esxi207 dnsmasq-dhcp[2997776]: read /opt/stack/data/neutron/dhcp/aafe73e6-0530-42a8-b3cf-f4c2308187ad/host
Oct 17 20:59:30.299108 podb-esxi207 dnsmasq-dhcp[2997776]: read /opt/stack/data/neutron/dhcp/aafe73e6-0530-42a8-b3cf-f4c2308187ad/opts
Oct 17 20:59:49.359687 podb-esxi207 dnsmasq-dhcp[2997776]: DHCPDISCOVER(tap9f7a9357-6d) fa:16:3e:6e:4f:5f
Oct 17 20:59:49.359718 podb-esxi207 dnsmasq-dhcp[2997776]: DHCPOFFER(tap9f7a9357-6d) 10.1.0.6 fa:16:3e:6e:4f:5f
Oct 17 20:59:49.371955 podb-esxi207 dnsmasq-dhcp[2997776]: DHCPREQUEST(tap9f7a9357-6d) 10.1.0.6 fa:16:3e:6e:4f:5f
Oct 17 20:59:49.371987 podb-esxi207 dnsmasq-dhcp[2997776]: DHCPACK(tap9f7a9357-6d) 10.1.0.6 fa:16:3e:6e:4f:5f host-10-1-0-6
Oct 17 20:59:56.844006 podb-esxi207 dnsmasq-dhcp[2993162]: DHCPRELEASE(tapfdd79869-08) 10.1.1.118 fa:16:3e:e6:a5:32
Oct 17 20:59:56.861356 podb-esxi207 dnsmasq-dhcp[2993162]: DHCPRELEASE(tapfdd79869-08) 10.1.1.118 fa:16:3e:e6:a5:32 unknown lease
Oct 17 20:59:57.687598 podb-esxi207 dnsmasq[2993162]: read /opt/stack/data/neutron/dhcp/e1f3ae5b-ea30-4052-859c-a959be5cf259/addn_hosts - 2 names
Oct 17 20:59:57.687703 podb-esxi207 dnsmasq-dhcp[2993162]: read /opt/stack/data/neutron/dhcp/e1f3ae5b-ea30-4052-859c-a959be5cf259/host
Oct 17 20:59:57.687809 podb-esxi207 dnsmasq-dhcp[2993162]: read /opt/stack/data/neutron/dhcp/e1f3ae5b-ea30-4052-859c-a959be5cf259/opts
Oct 17 20:59:58.947050 podb-esxi207 dnsmasq[2993304]: exiting on receipt of SIGTERM
Oct 17 20:59:59.569592 podb-esxi207 dnsmasq[2993162]: exiting on receipt of SIGTERM
Oct 17 21:00:17.925651 podb-esxi207 dnsmasq[2991701]: read /opt/stack/data/neutron/dhcp/05d23a66-a9d3-4b37-8783-78862c266662/addn_hosts - 0 names
Oct 17 21:00:17.925732 podb-esxi207 dnsmasq-dhcp[2991701]: read /opt/stack/data/neutron/dhcp/05d23a66-a9d3-4b37-8783-78862c266662/host
Oct 17 21:00:17.925846 podb-esxi207 dnsmasq-dhcp[2991701]: read /opt/stack/data/neutron/dhcp/05d23a66-a9d3-4b37-8783-78862c266662/opts
Oct 17 21:00:18.775278 podb-esxi207 dnsmasq[2991701]: exiting on receipt of SIGTERM
Oct 17 21:00:19.890301 podb-esxi207 dnsmasq[2991998]: read /opt/stack/data/neutron/dhcp/05764acf-4002-4f48-b66e-95fcf4d009ae/addn_hosts - 0 names
Oct 17 21:00:19.890372 podb-esxi207 dnsmasq-dhcp[2991998]: read /opt/stack/data/neutron/dhcp/05764acf-4002-4f48-b66e-95fcf4d009ae/host
Oct 17 21:00:19.890452 podb-esxi207 dnsmasq-dhcp[2991998]: read /opt/stack/data/neutron/dhcp/05764acf-4002-4f48-b66e-95fcf4d009ae/opts
Oct 17 21:00:20.639266 podb-esxi207 dnsmasq[2991998]: exiting on receipt of SIGTERM
Oct 17 21:00:24.363625 podb-esxi207 dnsmasq[2999178]: started, version 2.90 cachesize 150
Oct 17 21:00:24.363652 podb-esxi207 dnsmasq[2999178]: DNS service limited to local subnets
Oct 17 21:00:24.363667 podb-esxi207 dnsmasq[2999178]: compile time options: IPv6 GNU-getopt DBus no-UBus i18n IDN2 DHCP DHCPv6 no-Lua TFTP conntrack ipset no-nftset auth cryptohash DNSSEC loop-detect inotify dumpfile
Oct 17 21:00:24.363707 podb-esxi207 dnsmasq-dhcp[2999178]: DHCP, static leases only on 10.1.0.0, lease time 1d
Oct 17 21:00:24.363853 podb-esxi207 dnsmasq[2999178]: reading /etc/resolv.conf
Oct 17 21:00:24.363869 podb-esxi207 dnsmasq[2999178]: using nameserver 127.0.0.53#53
Oct 17 21:00:24.363954 podb-esxi207 dnsmasq[2999178]: read /opt/stack/data/neutron/dhcp/8bfa147e-cb7c-4518-a1ef-dafe27cbf12e/addn_hosts - 0 names
Oct 17 21:00:24.364004 podb-esxi207 dnsmasq-dhcp[2999178]: read /opt/stack/data/neutron/dhcp/8bfa147e-cb7c-4518-a1ef-dafe27cbf12e/host
Oct 17 21:00:24.364060 podb-esxi207 dnsmasq-dhcp[2999178]: read /opt/stack/data/neutron/dhcp/8bfa147e-cb7c-4518-a1ef-dafe27cbf12e/opts
Oct 17 21:00:25.905594 podb-esxi207 dnsmasq[2999178]: read /opt/stack/data/neutron/dhcp/8bfa147e-cb7c-4518-a1ef-dafe27cbf12e/addn_hosts - 2 names
Oct 17 21:00:25.905677 podb-esxi207 dnsmasq-dhcp[2999178]: read /opt/stack/data/neutron/dhcp/8bfa147e-cb7c-4518-a1ef-dafe27cbf12e/host
Oct 17 21:00:25.905749 podb-esxi207 dnsmasq-dhcp[2999178]: read /opt/stack/data/neutron/dhcp/8bfa147e-cb7c-4518-a1ef-dafe27cbf12e/opts
Oct 17 21:00:27.140024 podb-esxi207 dnsmasq[2999178]: read /opt/stack/data/neutron/dhcp/8bfa147e-cb7c-4518-a1ef-dafe27cbf12e/addn_hosts - 2 names
Oct 17 21:00:27.140117 podb-esxi207 dnsmasq-dhcp[2999178]: read /opt/stack/data/neutron/dhcp/8bfa147e-cb7c-4518-a1ef-dafe27cbf12e/host
Oct 17 21:00:27.140205 podb-esxi207 dnsmasq-dhcp[2999178]: read /opt/stack/data/neutron/dhcp/8bfa147e-cb7c-4518-a1ef-dafe27cbf12e/opts
Oct 17 21:00:28.368911 podb-esxi207 dnsmasq[2999178]: read /opt/stack/data/neutron/dhcp/8bfa147e-cb7c-4518-a1ef-dafe27cbf12e/addn_hosts - 2 names
Oct 17 21:00:28.369011 podb-esxi207 dnsmasq-dhcp[2999178]: read /opt/stack/data/neutron/dhcp/8bfa147e-cb7c-4518-a1ef-dafe27cbf12e/host
Oct 17 21:00:28.369098 podb-esxi207 dnsmasq-dhcp[2999178]: read /opt/stack/data/neutron/dhcp/8bfa147e-cb7c-4518-a1ef-dafe27cbf12e/opts
Oct 17 21:00:30.216330 podb-esxi207 dnsmasq[2999178]: read /opt/stack/data/neutron/dhcp/8bfa147e-cb7c-4518-a1ef-dafe27cbf12e/addn_hosts - 4 names
Oct 17 21:00:30.216426 podb-esxi207 dnsmasq-dhcp[2999178]: read /opt/stack/data/neutron/dhcp/8bfa147e-cb7c-4518-a1ef-dafe27cbf12e/host
Oct 17 21:00:30.216516 podb-esxi207 dnsmasq-dhcp[2999178]: read /opt/stack/data/neutron/dhcp/8bfa147e-cb7c-4518-a1ef-dafe27cbf12e/opts
Oct 17 21:00:44.176224 podb-esxi207 dnsmasq-dhcp[2994069]: DHCPDISCOVER(tap6ed4b086-2c) fa:16:3e:d0:cd:14
Oct 17 21:00:44.176249 podb-esxi207 dnsmasq-dhcp[2994069]: DHCPOFFER(tap6ed4b086-2c) 10.1.0.4 fa:16:3e:d0:cd:14
Oct 17 21:00:44.185303 podb-esxi207 dnsmasq-dhcp[2994069]: DHCPREQUEST(tap6ed4b086-2c) 10.1.0.4 fa:16:3e:d0:cd:14
Oct 17 21:00:44.185324 podb-esxi207 dnsmasq-dhcp[2994069]: DHCPACK(tap6ed4b086-2c) 10.1.0.4 fa:16:3e:d0:cd:14 host-10-1-0-4
Oct 17 21:00:53.808740 podb-esxi207 dnsmasq-dhcp[2999178]: DHCPDISCOVER(tap032b0513-d1) fa:16:3e:df:4c:5d
Oct 17 21:00:53.808769 podb-esxi207 dnsmasq-dhcp[2999178]: DHCPOFFER(tap032b0513-d1) 10.1.0.4 fa:16:3e:df:4c:5d
Oct 17 21:00:53.822229 podb-esxi207 dnsmasq-dhcp[2999178]: DHCPREQUEST(tap032b0513-d1) 10.1.0.4 fa:16:3e:df:4c:5d
Oct 17 21:00:53.822259 podb-esxi207 dnsmasq-dhcp[2999178]: DHCPACK(tap032b0513-d1) 10.1.0.4 fa:16:3e:df:4c:5d host-10-1-0-4
Oct 17 21:00:55.356655 podb-esxi207 dnsmasq-dhcp[2996631]: DHCPREQUEST(tapd349714a-4a) 10.1.0.5 fa:16:3e:3a:fe:09
Oct 17 21:00:55.356684 podb-esxi207 dnsmasq-dhcp[2996631]: DHCPACK(tapd349714a-4a) 10.1.0.5 fa:16:3e:3a:fe:09 host-10-1-0-5
Oct 17 21:01:02.834567 podb-esxi207 dnsmasq[2997776]: read /opt/stack/data/neutron/dhcp/aafe73e6-0530-42a8-b3cf-f4c2308187ad/addn_hosts - 6 names
Oct 17 21:01:02.834709 podb-esxi207 dnsmasq-dhcp[2997776]: read /opt/stack/data/neutron/dhcp/aafe73e6-0530-42a8-b3cf-f4c2308187ad/host
Oct 17 21:01:02.834827 podb-esxi207 dnsmasq-dhcp[2997776]: read /opt/stack/data/neutron/dhcp/aafe73e6-0530-42a8-b3cf-f4c2308187ad/opts
Oct 17 21:01:26.897542 podb-esxi207 dnsmasq-dhcp[2997776]: DHCPDISCOVER(tap9f7a9357-6d) fa:16:3e:fc:6d:56
Oct 17 21:01:26.897571 podb-esxi207 dnsmasq-dhcp[2997776]: DHCPOFFER(tap9f7a9357-6d) 10.1.0.8 fa:16:3e:fc:6d:56
Oct 17 21:01:26.907484 podb-esxi207 dnsmasq-dhcp[2997776]: DHCPREQUEST(tap9f7a9357-6d) 10.1.0.8 fa:16:3e:fc:6d:56
Oct 17 21:01:26.907508 podb-esxi207 dnsmasq-dhcp[2997776]: DHCPACK(tap9f7a9357-6d) 10.1.0.8 fa:16:3e:fc:6d:56 host-10-1-0-8
Oct 17 21:01:53.690383 podb-esxi207 dnsmasq-dhcp[2994069]: DHCPRELEASE(tap6ed4b086-2c) 10.1.0.4 fa:16:3e:d0:cd:14
Oct 17 21:01:53.707290 podb-esxi207 dnsmasq-dhcp[2994069]: DHCPRELEASE(tap6ed4b086-2c) 10.1.0.4 fa:16:3e:d0:cd:14 unknown lease
Oct 17 21:01:54.535462 podb-esxi207 dnsmasq[2994069]: read /opt/stack/data/neutron/dhcp/2c98925d-cd13-4e6a-8c10-897c00c177fe/addn_hosts - 4 names
Oct 17 21:01:54.535573 podb-esxi207 dnsmasq-dhcp[2994069]: read /opt/stack/data/neutron/dhcp/2c98925d-cd13-4e6a-8c10-897c00c177fe/host
Oct 17 21:01:54.535686 podb-esxi207 dnsmasq-dhcp[2994069]: read /opt/stack/data/neutron/dhcp/2c98925d-cd13-4e6a-8c10-897c00c177fe/opts
Oct 17 21:02:05.103262 podb-esxi207 dnsmasq-dhcp[2997776]: DHCPRELEASE(tap9f7a9357-6d) 10.1.0.8 fa:16:3e:fc:6d:56
Oct 17 21:02:05.120066 podb-esxi207 dnsmasq-dhcp[2997776]: DHCPRELEASE(tap9f7a9357-6d) 10.1.0.8 fa:16:3e:fc:6d:56 unknown lease
Oct 17 21:02:05.964524 podb-esxi207 dnsmasq[2997776]: read /opt/stack/data/neutron/dhcp/aafe73e6-0530-42a8-b3cf-f4c2308187ad/addn_hosts - 4 names
Oct 17 21:02:05.964660 podb-esxi207 dnsmasq-dhcp[2997776]: read /opt/stack/data/neutron/dhcp/aafe73e6-0530-42a8-b3cf-f4c2308187ad/host
Oct 17 21:02:05.964768 podb-esxi207 dnsmasq-dhcp[2997776]: read /opt/stack/data/neutron/dhcp/aafe73e6-0530-42a8-b3cf-f4c2308187ad/opts
Oct 17 21:02:11.984777 podb-esxi207 dnsmasq-dhcp[2996631]: DHCPRELEASE(tapd349714a-4a) 10.1.0.5 fa:16:3e:3a:fe:09
Oct 17 21:02:12.001892 podb-esxi207 dnsmasq-dhcp[2996631]: DHCPRELEASE(tapd349714a-4a) 10.1.0.5 fa:16:3e:3a:fe:09 unknown lease
Oct 17 21:02:12.829538 podb-esxi207 dnsmasq[2996631]: read /opt/stack/data/neutron/dhcp/2df22007-bda2-4374-bc93-a53221c3f5e9/addn_hosts - 2 names
Oct 17 21:02:12.829657 podb-esxi207 dnsmasq-dhcp[2996631]: read /opt/stack/data/neutron/dhcp/2df22007-bda2-4374-bc93-a53221c3f5e9/host
Oct 17 21:02:12.829781 podb-esxi207 dnsmasq-dhcp[2996631]: read /opt/stack/data/neutron/dhcp/2df22007-bda2-4374-bc93-a53221c3f5e9/opts
Oct 17 21:02:22.361294 podb-esxi207 dnsmasq[2996631]: read /opt/stack/data/neutron/dhcp/2df22007-bda2-4374-bc93-a53221c3f5e9/addn_hosts - 0 names
Oct 17 21:02:22.361375 podb-esxi207 dnsmasq-dhcp[2996631]: read /opt/stack/data/neutron/dhcp/2df22007-bda2-4374-bc93-a53221c3f5e9/host
Oct 17 21:02:22.361497 podb-esxi207 dnsmasq-dhcp[2996631]: read /opt/stack/data/neutron/dhcp/2df22007-bda2-4374-bc93-a53221c3f5e9/opts
Oct 17 21:02:23.359886 podb-esxi207 dnsmasq[2996631]: exiting on receipt of SIGTERM
Oct 17 21:02:27.439519 podb-esxi207 dnsmasq[3001512]: started, version 2.90 cachesize 150
Oct 17 21:02:27.439547 podb-esxi207 dnsmasq[3001512]: DNS service limited to local subnets
Oct 17 21:02:27.439562 podb-esxi207 dnsmasq[3001512]: compile time options: IPv6 GNU-getopt DBus no-UBus i18n IDN2 DHCP DHCPv6 no-Lua TFTP conntrack ipset no-nftset auth cryptohash DNSSEC loop-detect inotify dumpfile
Oct 17 21:02:27.439598 podb-esxi207 dnsmasq-dhcp[3001512]: DHCP, static leases only on 10.1.0.0, lease time 1d
Oct 17 21:02:27.439752 podb-esxi207 dnsmasq[3001512]: reading /etc/resolv.conf
Oct 17 21:02:27.439769 podb-esxi207 dnsmasq[3001512]: using nameserver 127.0.0.53#53
Oct 17 21:02:27.439862 podb-esxi207 dnsmasq[3001512]: read /opt/stack/data/neutron/dhcp/83f0199c-21d0-41e5-81c1-fc1829807e0a/addn_hosts - 0 names
Oct 17 21:02:27.439913 podb-esxi207 dnsmasq-dhcp[3001512]: read /opt/stack/data/neutron/dhcp/83f0199c-21d0-41e5-81c1-fc1829807e0a/host
Oct 17 21:02:27.439981 podb-esxi207 dnsmasq-dhcp[3001512]: read /opt/stack/data/neutron/dhcp/83f0199c-21d0-41e5-81c1-fc1829807e0a/opts
Oct 17 21:02:29.007070 podb-esxi207 dnsmasq[3001512]: read /opt/stack/data/neutron/dhcp/83f0199c-21d0-41e5-81c1-fc1829807e0a/addn_hosts - 2 names
Oct 17 21:02:29.007156 podb-esxi207 dnsmasq-dhcp[3001512]: read /opt/stack/data/neutron/dhcp/83f0199c-21d0-41e5-81c1-fc1829807e0a/host
Oct 17 21:02:29.007252 podb-esxi207 dnsmasq-dhcp[3001512]: read /opt/stack/data/neutron/dhcp/83f0199c-21d0-41e5-81c1-fc1829807e0a/opts
Oct 17 21:02:30.269650 podb-esxi207 dnsmasq[3001512]: read /opt/stack/data/neutron/dhcp/83f0199c-21d0-41e5-81c1-fc1829807e0a/addn_hosts - 2 names
Oct 17 21:02:30.269759 podb-esxi207 dnsmasq-dhcp[3001512]: read /opt/stack/data/neutron/dhcp/83f0199c-21d0-41e5-81c1-fc1829807e0a/host
Oct 17 21:02:30.269866 podb-esxi207 dnsmasq-dhcp[3001512]: read /opt/stack/data/neutron/dhcp/83f0199c-21d0-41e5-81c1-fc1829807e0a/opts
Oct 17 21:02:31.524386 podb-esxi207 dnsmasq[3001512]: read /opt/stack/data/neutron/dhcp/83f0199c-21d0-41e5-81c1-fc1829807e0a/addn_hosts - 2 names
Oct 17 21:02:31.524477 podb-esxi207 dnsmasq-dhcp[3001512]: read /opt/stack/data/neutron/dhcp/83f0199c-21d0-41e5-81c1-fc1829807e0a/host
Oct 17 21:02:31.524566 podb-esxi207 dnsmasq-dhcp[3001512]: read /opt/stack/data/neutron/dhcp/83f0199c-21d0-41e5-81c1-fc1829807e0a/opts
Oct 17 21:02:34.577500 podb-esxi207 dnsmasq-dhcp[2999178]: DHCPREQUEST(tap032b0513-d1) 10.1.0.4 fa:16:3e:df:4c:5d
Oct 17 21:02:34.577531 podb-esxi207 dnsmasq-dhcp[2999178]: DHCPACK(tap032b0513-d1) 10.1.0.4 fa:16:3e:df:4c:5d host-10-1-0-4
Oct 17 21:02:37.316501 podb-esxi207 dnsmasq[2994069]: read /opt/stack/data/neutron/dhcp/2c98925d-cd13-4e6a-8c10-897c00c177fe/addn_hosts - 6 names
Oct 17 21:02:37.316629 podb-esxi207 dnsmasq-dhcp[2994069]: read /opt/stack/data/neutron/dhcp/2c98925d-cd13-4e6a-8c10-897c00c177fe/host
Oct 17 21:02:37.316744 podb-esxi207 dnsmasq-dhcp[2994069]: read /opt/stack/data/neutron/dhcp/2c98925d-cd13-4e6a-8c10-897c00c177fe/opts
Oct 17 21:02:44.182923 podb-esxi207 dnsmasq-dhcp[2997776]: DHCPRELEASE(tap9f7a9357-6d) 10.1.0.6 fa:16:3e:6e:4f:5f
Oct 17 21:02:44.199610 podb-esxi207 dnsmasq-dhcp[2997776]: DHCPRELEASE(tap9f7a9357-6d) 10.1.0.6 fa:16:3e:6e:4f:5f unknown lease
Oct 17 21:02:45.025764 podb-esxi207 dnsmasq[2997776]: read /opt/stack/data/neutron/dhcp/aafe73e6-0530-42a8-b3cf-f4c2308187ad/addn_hosts - 2 names
Oct 17 21:02:45.025906 podb-esxi207 dnsmasq-dhcp[2997776]: read /opt/stack/data/neutron/dhcp/aafe73e6-0530-42a8-b3cf-f4c2308187ad/host
Oct 17 21:02:45.026021 podb-esxi207 dnsmasq-dhcp[2997776]: read /opt/stack/data/neutron/dhcp/aafe73e6-0530-42a8-b3cf-f4c2308187ad/opts
Oct 17 21:02:56.415005 podb-esxi207 dnsmasq[2997776]: read /opt/stack/data/neutron/dhcp/aafe73e6-0530-42a8-b3cf-f4c2308187ad/addn_hosts - 4 names
Oct 17 21:02:56.415135 podb-esxi207 dnsmasq-dhcp[2997776]: read /opt/stack/data/neutron/dhcp/aafe73e6-0530-42a8-b3cf-f4c2308187ad/host
Oct 17 21:02:56.415254 podb-esxi207 dnsmasq-dhcp[2997776]: read /opt/stack/data/neutron/dhcp/aafe73e6-0530-42a8-b3cf-f4c2308187ad/opts
Oct 17 21:03:16.934915 podb-esxi207 dnsmasq[3001512]: read /opt/stack/data/neutron/dhcp/83f0199c-21d0-41e5-81c1-fc1829807e0a/addn_hosts - 4 names
Oct 17 21:03:16.935030 podb-esxi207 dnsmasq-dhcp[3001512]: read /opt/stack/data/neutron/dhcp/83f0199c-21d0-41e5-81c1-fc1829807e0a/host
Oct 17 21:03:16.935134 podb-esxi207 dnsmasq-dhcp[3001512]: read /opt/stack/data/neutron/dhcp/83f0199c-21d0-41e5-81c1-fc1829807e0a/opts
Oct 17 21:03:20.211172 podb-esxi207 dnsmasq-dhcp[2997776]: DHCPDISCOVER(tap9f7a9357-6d) fa:16:3e:7d:db:da
Oct 17 21:03:20.211197 podb-esxi207 dnsmasq-dhcp[2997776]: DHCPOFFER(tap9f7a9357-6d) 10.1.0.4 fa:16:3e:7d:db:da
Oct 17 21:03:20.222608 podb-esxi207 dnsmasq-dhcp[2997776]: DHCPREQUEST(tap9f7a9357-6d) 10.1.0.4 fa:16:3e:7d:db:da
Oct 17 21:03:20.222639 podb-esxi207 dnsmasq-dhcp[2997776]: DHCPACK(tap9f7a9357-6d) 10.1.0.4 fa:16:3e:7d:db:da host-10-1-0-4
Oct 17 21:03:49.583480 podb-esxi207 dnsmasq[3001512]: read /opt/stack/data/neutron/dhcp/83f0199c-21d0-41e5-81c1-fc1829807e0a/addn_hosts - 6 names
Oct 17 21:03:49.583611 podb-esxi207 dnsmasq-dhcp[3001512]: read /opt/stack/data/neutron/dhcp/83f0199c-21d0-41e5-81c1-fc1829807e0a/host
Oct 17 21:03:49.583725 podb-esxi207 dnsmasq-dhcp[3001512]: read /opt/stack/data/neutron/dhcp/83f0199c-21d0-41e5-81c1-fc1829807e0a/opts
Oct 17 21:03:53.349951 podb-esxi207 dnsmasq-dhcp[2999178]: DHCPRELEASE(tap032b0513-d1) 10.1.0.4 fa:16:3e:df:4c:5d
Oct 17 21:03:53.365707 podb-esxi207 dnsmasq-dhcp[2999178]: DHCPRELEASE(tap032b0513-d1) 10.1.0.4 fa:16:3e:df:4c:5d unknown lease
Oct 17 21:03:54.188293 podb-esxi207 dnsmasq[2999178]: read /opt/stack/data/neutron/dhcp/8bfa147e-cb7c-4518-a1ef-dafe27cbf12e/addn_hosts - 2 names
Oct 17 21:03:54.188369 podb-esxi207 dnsmasq-dhcp[2999178]: read /opt/stack/data/neutron/dhcp/8bfa147e-cb7c-4518-a1ef-dafe27cbf12e/host
Oct 17 21:03:54.188455 podb-esxi207 dnsmasq-dhcp[2999178]: read /opt/stack/data/neutron/dhcp/8bfa147e-cb7c-4518-a1ef-dafe27cbf12e/opts
Oct 17 21:04:01.564040 podb-esxi207 dnsmasq-dhcp[3001512]: DHCPDISCOVER(tapf628178b-e7) fa:16:3e:38:7b:1b
Oct 17 21:04:01.564070 podb-esxi207 dnsmasq-dhcp[3001512]: DHCPOFFER(tapf628178b-e7) 10.1.0.6 fa:16:3e:38:7b:1b
Oct 17 21:04:01.583897 podb-esxi207 dnsmasq-dhcp[3001512]: DHCPREQUEST(tapf628178b-e7) 10.1.0.6 fa:16:3e:38:7b:1b
Oct 17 21:04:01.583933 podb-esxi207 dnsmasq-dhcp[3001512]: DHCPACK(tapf628178b-e7) 10.1.0.6 fa:16:3e:38:7b:1b host-10-1-0-6
Oct 17 21:04:04.808531 podb-esxi207 dnsmasq[3001512]: read /opt/stack/data/neutron/dhcp/83f0199c-21d0-41e5-81c1-fc1829807e0a/addn_hosts - 8 names
Oct 17 21:04:04.808690 podb-esxi207 dnsmasq-dhcp[3001512]: read /opt/stack/data/neutron/dhcp/83f0199c-21d0-41e5-81c1-fc1829807e0a/host
Oct 17 21:04:04.808800 podb-esxi207 dnsmasq-dhcp[3001512]: read /opt/stack/data/neutron/dhcp/83f0199c-21d0-41e5-81c1-fc1829807e0a/opts
Oct 17 21:04:07.156219 podb-esxi207 dnsmasq[2999178]: read /opt/stack/data/neutron/dhcp/8bfa147e-cb7c-4518-a1ef-dafe27cbf12e/addn_hosts - 4 names
Oct 17 21:04:07.156314 podb-esxi207 dnsmasq-dhcp[2999178]: read /opt/stack/data/neutron/dhcp/8bfa147e-cb7c-4518-a1ef-dafe27cbf12e/host
Oct 17 21:04:07.156425 podb-esxi207 dnsmasq-dhcp[2999178]: read /opt/stack/data/neutron/dhcp/8bfa147e-cb7c-4518-a1ef-dafe27cbf12e/opts
Oct 17 21:04:08.083597 podb-esxi207 dnsmasq-dhcp[2994069]: DHCPDISCOVER(tap6ed4b086-2c) fa:16:3e:a0:4f:84
Oct 17 21:04:08.083626 podb-esxi207 dnsmasq-dhcp[2994069]: DHCPOFFER(tap6ed4b086-2c) 10.1.0.8 fa:16:3e:a0:4f:84
Oct 17 21:04:08.095360 podb-esxi207 dnsmasq-dhcp[2994069]: DHCPREQUEST(tap6ed4b086-2c) 10.1.0.8 fa:16:3e:a0:4f:84
Oct 17 21:04:08.095394 podb-esxi207 dnsmasq-dhcp[2994069]: DHCPACK(tap6ed4b086-2c) 10.1.0.8 fa:16:3e:a0:4f:84 host-10-1-0-8
Oct 17 21:04:12.182218 podb-esxi207 dnsmasq-dhcp[3001512]: DHCPDISCOVER(tapf628178b-e7) fa:16:3e:ed:46:ed
Oct 17 21:04:12.182246 podb-esxi207 dnsmasq-dhcp[3001512]: DHCPOFFER(tapf628178b-e7) 10.1.0.8 fa:16:3e:ed:46:ed
Oct 17 21:04:12.191045 podb-esxi207 dnsmasq-dhcp[3001512]: DHCPREQUEST(tapf628178b-e7) 10.1.0.8 fa:16:3e:ed:46:ed
Oct 17 21:04:12.191079 podb-esxi207 dnsmasq-dhcp[3001512]: DHCPACK(tapf628178b-e7) 10.1.0.8 fa:16:3e:ed:46:ed host-10-1-0-8
Oct 17 21:04:25.310771 podb-esxi207 dnsmasq-dhcp[3001512]: DHCPDISCOVER(tapf628178b-e7) fa:16:3e:36:2a:80
Oct 17 21:04:25.310802 podb-esxi207 dnsmasq-dhcp[3001512]: DHCPOFFER(tapf628178b-e7) 10.1.0.4 fa:16:3e:36:2a:80
Oct 17 21:04:25.319763 podb-esxi207 dnsmasq-dhcp[3001512]: DHCPREQUEST(tapf628178b-e7) 10.1.0.4 fa:16:3e:36:2a:80
Oct 17 21:04:25.319796 podb-esxi207 dnsmasq-dhcp[3001512]: DHCPACK(tapf628178b-e7) 10.1.0.4 fa:16:3e:36:2a:80 host-10-1-0-4
Oct 17 21:04:28.677274 podb-esxi207 dnsmasq-dhcp[2999178]: DHCPDISCOVER(tap032b0513-d1) fa:16:3e:cd:d6:39
Oct 17 21:04:28.677299 podb-esxi207 dnsmasq-dhcp[2999178]: DHCPOFFER(tap032b0513-d1) 10.1.0.14 fa:16:3e:cd:d6:39
Oct 17 21:04:28.687836 podb-esxi207 dnsmasq-dhcp[2999178]: DHCPREQUEST(tap032b0513-d1) 10.1.0.14 fa:16:3e:cd:d6:39
Oct 17 21:04:28.687868 podb-esxi207 dnsmasq-dhcp[2999178]: DHCPACK(tap032b0513-d1) 10.1.0.14 fa:16:3e:cd:d6:39 host-10-1-0-14
Oct 17 21:04:47.892340 podb-esxi207 dnsmasq-dhcp[2994069]: DHCPRELEASE(tap6ed4b086-2c) 10.1.0.8 fa:16:3e:a0:4f:84
Oct 17 21:04:47.908442 podb-esxi207 dnsmasq-dhcp[2994069]: DHCPRELEASE(tap6ed4b086-2c) 10.1.0.8 fa:16:3e:a0:4f:84 unknown lease
Oct 17 21:04:48.733309 podb-esxi207 dnsmasq[2994069]: read /opt/stack/data/neutron/dhcp/2c98925d-cd13-4e6a-8c10-897c00c177fe/addn_hosts - 4 names
Oct 17 21:04:48.733437 podb-esxi207 dnsmasq-dhcp[2994069]: read /opt/stack/data/neutron/dhcp/2c98925d-cd13-4e6a-8c10-897c00c177fe/host
Oct 17 21:04:48.733545 podb-esxi207 dnsmasq-dhcp[2994069]: read /opt/stack/data/neutron/dhcp/2c98925d-cd13-4e6a-8c10-897c00c177fe/opts
Oct 17 21:04:52.744555 podb-esxi207 dnsmasq-dhcp[2997776]: DHCPRELEASE(tap9f7a9357-6d) 10.1.0.4 fa:16:3e:7d:db:da
Oct 17 21:04:52.761954 podb-esxi207 dnsmasq-dhcp[2997776]: DHCPRELEASE(tap9f7a9357-6d) 10.1.0.4 fa:16:3e:7d:db:da unknown lease
Oct 17 21:04:53.585845 podb-esxi207 dnsmasq[2997776]: read /opt/stack/data/neutron/dhcp/aafe73e6-0530-42a8-b3cf-f4c2308187ad/addn_hosts - 2 names
Oct 17 21:04:53.585925 podb-esxi207 dnsmasq-dhcp[2997776]: read /opt/stack/data/neutron/dhcp/aafe73e6-0530-42a8-b3cf-f4c2308187ad/host
Oct 17 21:04:53.585991 podb-esxi207 dnsmasq-dhcp[2997776]: read /opt/stack/data/neutron/dhcp/aafe73e6-0530-42a8-b3cf-f4c2308187ad/opts
Oct 17 21:05:03.933721 podb-esxi207 dnsmasq[2997776]: read /opt/stack/data/neutron/dhcp/aafe73e6-0530-42a8-b3cf-f4c2308187ad/addn_hosts - 4 names
Oct 17 21:05:03.933808 podb-esxi207 dnsmasq-dhcp[2997776]: read /opt/stack/data/neutron/dhcp/aafe73e6-0530-42a8-b3cf-f4c2308187ad/host
Oct 17 21:05:03.933914 podb-esxi207 dnsmasq-dhcp[2997776]: read /opt/stack/data/neutron/dhcp/aafe73e6-0530-42a8-b3cf-f4c2308187ad/opts
Oct 17 21:05:17.969475 podb-esxi207 dnsmasq-dhcp[2994069]: DHCPRELEASE(tap6ed4b086-2c) 10.1.0.5 fa:16:3e:b7:3c:f3
Oct 17 21:05:17.986185 podb-esxi207 dnsmasq-dhcp[2994069]: DHCPRELEASE(tap6ed4b086-2c) 10.1.0.5 fa:16:3e:b7:3c:f3 unknown lease
Oct 17 21:05:18.808048 podb-esxi207 dnsmasq[2994069]: read /opt/stack/data/neutron/dhcp/2c98925d-cd13-4e6a-8c10-897c00c177fe/addn_hosts - 2 names
Oct 17 21:05:18.808129 podb-esxi207 dnsmasq-dhcp[2994069]: read /opt/stack/data/neutron/dhcp/2c98925d-cd13-4e6a-8c10-897c00c177fe/host
Oct 17 21:05:18.808234 podb-esxi207 dnsmasq-dhcp[2994069]: read /opt/stack/data/neutron/dhcp/2c98925d-cd13-4e6a-8c10-897c00c177fe/opts
Oct 17 21:05:23.422034 podb-esxi207 dnsmasq-dhcp[2994069]: DHCPRELEASE(tap6ed4b086-2c) 10.1.0.1 fa:16:3e:9c:b7:ca
Oct 17 21:05:24.243196 podb-esxi207 dnsmasq[2994069]: read /opt/stack/data/neutron/dhcp/2c98925d-cd13-4e6a-8c10-897c00c177fe/addn_hosts - 0 names
Oct 17 21:05:24.243270 podb-esxi207 dnsmasq-dhcp[2994069]: read /opt/stack/data/neutron/dhcp/2c98925d-cd13-4e6a-8c10-897c00c177fe/host
Oct 17 21:05:24.243320 podb-esxi207 dnsmasq-dhcp[2994069]: read /opt/stack/data/neutron/dhcp/2c98925d-cd13-4e6a-8c10-897c00c177fe/opts
Oct 17 21:05:24.981212 podb-esxi207 dnsmasq[2994069]: exiting on receipt of SIGTERM
Oct 17 21:05:25.142064 podb-esxi207 dnsmasq-dhcp[2997776]: DHCPDISCOVER(tap9f7a9357-6d) fa:16:3e:ad:97:a8
Oct 17 21:05:25.142092 podb-esxi207 dnsmasq-dhcp[2997776]: DHCPOFFER(tap9f7a9357-6d) 10.1.0.11 fa:16:3e:ad:97:a8
Oct 17 21:05:25.156827 podb-esxi207 dnsmasq-dhcp[2997776]: DHCPREQUEST(tap9f7a9357-6d) 10.1.0.11 fa:16:3e:ad:97:a8
Oct 17 21:05:25.156853 podb-esxi207 dnsmasq-dhcp[2997776]: DHCPACK(tap9f7a9357-6d) 10.1.0.11 fa:16:3e:ad:97:a8 host-10-1-0-11
Oct 17 21:05:28.949830 podb-esxi207 dnsmasq[3005265]: started, version 2.90 cachesize 150
Oct 17 21:05:28.949860 podb-esxi207 dnsmasq[3005265]: DNS service limited to local subnets
Oct 17 21:05:28.949877 podb-esxi207 dnsmasq[3005265]: compile time options: IPv6 GNU-getopt DBus no-UBus i18n IDN2 DHCP DHCPv6 no-Lua TFTP conntrack ipset no-nftset auth cryptohash DNSSEC loop-detect inotify dumpfile
Oct 17 21:05:28.949925 podb-esxi207 dnsmasq-dhcp[3005265]: DHCP, static leases only on 10.1.0.0, lease time 1d
Oct 17 21:05:28.950080 podb-esxi207 dnsmasq[3005265]: reading /etc/resolv.conf
Oct 17 21:05:28.950098 podb-esxi207 dnsmasq[3005265]: using nameserver 127.0.0.53#53
Oct 17 21:05:28.950188 podb-esxi207 dnsmasq[3005265]: read /opt/stack/data/neutron/dhcp/92f37cee-2452-4943-8376-053ad58d66e6/addn_hosts - 0 names
Oct 17 21:05:28.950241 podb-esxi207 dnsmasq-dhcp[3005265]: read /opt/stack/data/neutron/dhcp/92f37cee-2452-4943-8376-053ad58d66e6/host
Oct 17 21:05:28.950299 podb-esxi207 dnsmasq-dhcp[3005265]: read /opt/stack/data/neutron/dhcp/92f37cee-2452-4943-8376-053ad58d66e6/opts
Oct 17 21:05:30.500584 podb-esxi207 dnsmasq[3005265]: read /opt/stack/data/neutron/dhcp/92f37cee-2452-4943-8376-053ad58d66e6/addn_hosts - 2 names
Oct 17 21:05:30.500684 podb-esxi207 dnsmasq-dhcp[3005265]: read /opt/stack/data/neutron/dhcp/92f37cee-2452-4943-8376-053ad58d66e6/host
Oct 17 21:05:30.500750 podb-esxi207 dnsmasq-dhcp[3005265]: read /opt/stack/data/neutron/dhcp/92f37cee-2452-4943-8376-053ad58d66e6/opts
Oct 17 21:05:31.746765 podb-esxi207 dnsmasq[3005265]: read /opt/stack/data/neutron/dhcp/92f37cee-2452-4943-8376-053ad58d66e6/addn_hosts - 2 names
Oct 17 21:05:31.746860 podb-esxi207 dnsmasq-dhcp[3005265]: read /opt/stack/data/neutron/dhcp/92f37cee-2452-4943-8376-053ad58d66e6/host
Oct 17 21:05:31.746981 podb-esxi207 dnsmasq-dhcp[3005265]: read /opt/stack/data/neutron/dhcp/92f37cee-2452-4943-8376-053ad58d66e6/opts
Oct 17 21:05:33.003831 podb-esxi207 dnsmasq[3005265]: read /opt/stack/data/neutron/dhcp/92f37cee-2452-4943-8376-053ad58d66e6/addn_hosts - 2 names
Oct 17 21:05:33.003964 podb-esxi207 dnsmasq-dhcp[3005265]: read /opt/stack/data/neutron/dhcp/92f37cee-2452-4943-8376-053ad58d66e6/host
Oct 17 21:05:33.004080 podb-esxi207 dnsmasq-dhcp[3005265]: read /opt/stack/data/neutron/dhcp/92f37cee-2452-4943-8376-053ad58d66e6/opts
Oct 17 21:05:35.508834 podb-esxi207 dnsmasq[3005265]: read /opt/stack/data/neutron/dhcp/92f37cee-2452-4943-8376-053ad58d66e6/addn_hosts - 4 names
Oct 17 21:05:35.508950 podb-esxi207 dnsmasq-dhcp[3005265]: read /opt/stack/data/neutron/dhcp/92f37cee-2452-4943-8376-053ad58d66e6/host
Oct 17 21:05:35.509024 podb-esxi207 dnsmasq-dhcp[3005265]: read /opt/stack/data/neutron/dhcp/92f37cee-2452-4943-8376-053ad58d66e6/opts
Oct 17 21:05:56.977297 podb-esxi207 dnsmasq-dhcp[2999178]: DHCPREQUEST(tap032b0513-d1) 10.1.0.14 fa:16:3e:cd:d6:39
Oct 17 21:05:56.977330 podb-esxi207 dnsmasq-dhcp[2999178]: DHCPACK(tap032b0513-d1) 10.1.0.14 fa:16:3e:cd:d6:39 host-10-1-0-14
Oct 17 21:05:57.972471 podb-esxi207 dnsmasq-dhcp[3005265]: DHCPDISCOVER(tap6d150747-38) fa:16:3e:f8:e6:96
Oct 17 21:05:57.972500 podb-esxi207 dnsmasq-dhcp[3005265]: DHCPOFFER(tap6d150747-38) 10.1.0.9 fa:16:3e:f8:e6:96
Oct 17 21:05:57.974846 podb-esxi207 dnsmasq[3005265]: read /opt/stack/data/neutron/dhcp/92f37cee-2452-4943-8376-053ad58d66e6/addn_hosts - 6 names
Oct 17 21:05:57.974930 podb-esxi207 dnsmasq-dhcp[3005265]: read /opt/stack/data/neutron/dhcp/92f37cee-2452-4943-8376-053ad58d66e6/host
Oct 17 21:05:57.975004 podb-esxi207 dnsmasq-dhcp[3005265]: read /opt/stack/data/neutron/dhcp/92f37cee-2452-4943-8376-053ad58d66e6/opts
Oct 17 21:05:57.983433 podb-esxi207 dnsmasq-dhcp[3005265]: DHCPREQUEST(tap6d150747-38) 10.1.0.9 fa:16:3e:f8:e6:96
Oct 17 21:05:57.983457 podb-esxi207 dnsmasq-dhcp[3005265]: DHCPACK(tap6d150747-38) 10.1.0.9 fa:16:3e:f8:e6:96 host-10-1-0-9
Oct 17 21:06:04.801465 podb-esxi207 dnsmasq[3001512]: read /opt/stack/data/neutron/dhcp/83f0199c-21d0-41e5-81c1-fc1829807e0a/addn_hosts - 10 names
Oct 17 21:06:04.801630 podb-esxi207 dnsmasq-dhcp[3001512]: read /opt/stack/data/neutron/dhcp/83f0199c-21d0-41e5-81c1-fc1829807e0a/host
Oct 17 21:06:04.801732 podb-esxi207 dnsmasq-dhcp[3001512]: read /opt/stack/data/neutron/dhcp/83f0199c-21d0-41e5-81c1-fc1829807e0a/opts
Oct 17 21:06:21.215940 podb-esxi207 dnsmasq[3001512]: read /opt/stack/data/neutron/dhcp/83f0199c-21d0-41e5-81c1-fc1829807e0a/addn_hosts - 12 names
Oct 17 21:06:21.216082 podb-esxi207 dnsmasq-dhcp[3001512]: read /opt/stack/data/neutron/dhcp/83f0199c-21d0-41e5-81c1-fc1829807e0a/host
Oct 17 21:06:21.216192 podb-esxi207 dnsmasq-dhcp[3001512]: read /opt/stack/data/neutron/dhcp/83f0199c-21d0-41e5-81c1-fc1829807e0a/opts
Oct 17 21:06:30.534547 podb-esxi207 dnsmasq-dhcp[3001512]: DHCPDISCOVER(tapf628178b-e7) fa:16:3e:2c:94:be
Oct 17 21:06:30.534581 podb-esxi207 dnsmasq-dhcp[3001512]: DHCPOFFER(tapf628178b-e7) 10.1.0.3 fa:16:3e:2c:94:be
Oct 17 21:06:30.545109 podb-esxi207 dnsmasq-dhcp[3001512]: DHCPREQUEST(tapf628178b-e7) 10.1.0.3 fa:16:3e:2c:94:be
Oct 17 21:06:30.545134 podb-esxi207 dnsmasq-dhcp[3001512]: DHCPACK(tapf628178b-e7) 10.1.0.3 fa:16:3e:2c:94:be host-10-1-0-3
Oct 17 21:06:42.836389 podb-esxi207 dnsmasq-dhcp[2999178]: DHCPRELEASE(tap032b0513-d1) 10.1.0.14 fa:16:3e:cd:d6:39
Oct 17 21:06:42.852307 podb-esxi207 dnsmasq-dhcp[2999178]: DHCPRELEASE(tap032b0513-d1) 10.1.0.14 fa:16:3e:cd:d6:39 unknown lease
Oct 17 21:06:43.150854 podb-esxi207 dnsmasq-dhcp[3001512]: DHCPDISCOVER(tapf628178b-e7) fa:16:3e:08:08:5f
Oct 17 21:06:43.150885 podb-esxi207 dnsmasq-dhcp[3001512]: DHCPOFFER(tapf628178b-e7) 10.1.0.5 fa:16:3e:08:08:5f
Oct 17 21:06:43.160154 podb-esxi207 dnsmasq-dhcp[3001512]: DHCPREQUEST(tapf628178b-e7) 10.1.0.5 fa:16:3e:08:08:5f
Oct 17 21:06:43.160187 podb-esxi207 dnsmasq-dhcp[3001512]: DHCPACK(tapf628178b-e7) 10.1.0.5 fa:16:3e:08:08:5f host-10-1-0-5
Oct 17 21:06:43.674224 podb-esxi207 dnsmasq[2999178]: read /opt/stack/data/neutron/dhcp/8bfa147e-cb7c-4518-a1ef-dafe27cbf12e/addn_hosts - 2 names
Oct 17 21:06:43.674311 podb-esxi207 dnsmasq-dhcp[2999178]: read /opt/stack/data/neutron/dhcp/8bfa147e-cb7c-4518-a1ef-dafe27cbf12e/host
Oct 17 21:06:43.674382 podb-esxi207 dnsmasq-dhcp[2999178]: read /opt/stack/data/neutron/dhcp/8bfa147e-cb7c-4518-a1ef-dafe27cbf12e/opts
Oct 17 21:06:57.726837 podb-esxi207 dnsmasq[2999178]: read /opt/stack/data/neutron/dhcp/8bfa147e-cb7c-4518-a1ef-dafe27cbf12e/addn_hosts - 0 names
Oct 17 21:06:57.726926 podb-esxi207 dnsmasq-dhcp[2999178]: read /opt/stack/data/neutron/dhcp/8bfa147e-cb7c-4518-a1ef-dafe27cbf12e/host
Oct 17 21:06:57.727005 podb-esxi207 dnsmasq-dhcp[2999178]: read /opt/stack/data/neutron/dhcp/8bfa147e-cb7c-4518-a1ef-dafe27cbf12e/opts
Oct 17 21:06:58.767806 podb-esxi207 dnsmasq[2999178]: exiting on receipt of SIGTERM
Oct 17 21:06:59.388659 podb-esxi207 dnsmasq-dhcp[2997776]: DHCPRELEASE(tap9f7a9357-6d) 10.1.0.11 fa:16:3e:ad:97:a8
Oct 17 21:06:59.405549 podb-esxi207 dnsmasq-dhcp[2997776]: DHCPRELEASE(tap9f7a9357-6d) 10.1.0.11 fa:16:3e:ad:97:a8 unknown lease
Oct 17 21:07:00.232275 podb-esxi207 dnsmasq[2997776]: read /opt/stack/data/neutron/dhcp/aafe73e6-0530-42a8-b3cf-f4c2308187ad/addn_hosts - 2 names
Oct 17 21:07:00.232360 podb-esxi207 dnsmasq-dhcp[2997776]: read /opt/stack/data/neutron/dhcp/aafe73e6-0530-42a8-b3cf-f4c2308187ad/host
Oct 17 21:07:00.232439 podb-esxi207 dnsmasq-dhcp[2997776]: read /opt/stack/data/neutron/dhcp/aafe73e6-0530-42a8-b3cf-f4c2308187ad/opts
Oct 17 21:07:03.626246 podb-esxi207 dnsmasq[3007257]: started, version 2.90 cachesize 150
Oct 17 21:07:03.626272 podb-esxi207 dnsmasq[3007257]: DNS service limited to local subnets
Oct 17 21:07:03.626287 podb-esxi207 dnsmasq[3007257]: compile time options: IPv6 GNU-getopt DBus no-UBus i18n IDN2 DHCP DHCPv6 no-Lua TFTP conntrack ipset no-nftset auth cryptohash DNSSEC loop-detect inotify dumpfile
Oct 17 21:07:03.626323 podb-esxi207 dnsmasq-dhcp[3007257]: DHCP, static leases only on 10.1.0.0, lease time 1d
Oct 17 21:07:03.626469 podb-esxi207 dnsmasq[3007257]: reading /etc/resolv.conf
Oct 17 21:07:03.626486 podb-esxi207 dnsmasq[3007257]: using nameserver 127.0.0.53#53
Oct 17 21:07:03.626571 podb-esxi207 dnsmasq[3007257]: read /opt/stack/data/neutron/dhcp/ec45f224-d6ce-4ca7-a6be-ffbcd8d87c62/addn_hosts - 0 names
Oct 17 21:07:03.626619 podb-esxi207 dnsmasq-dhcp[3007257]: read /opt/stack/data/neutron/dhcp/ec45f224-d6ce-4ca7-a6be-ffbcd8d87c62/host
Oct 17 21:07:03.626675 podb-esxi207 dnsmasq-dhcp[3007257]: read /opt/stack/data/neutron/dhcp/ec45f224-d6ce-4ca7-a6be-ffbcd8d87c62/opts
Oct 17 21:07:04.666791 podb-esxi207 dnsmasq[3005265]: read /opt/stack/data/neutron/dhcp/92f37cee-2452-4943-8376-053ad58d66e6/addn_hosts - 8 names
Oct 17 21:07:04.666924 podb-esxi207 dnsmasq-dhcp[3005265]: read /opt/stack/data/neutron/dhcp/92f37cee-2452-4943-8376-053ad58d66e6/host
Oct 17 21:07:04.667033 podb-esxi207 dnsmasq-dhcp[3005265]: read /opt/stack/data/neutron/dhcp/92f37cee-2452-4943-8376-053ad58d66e6/opts
Oct 17 21:07:05.916459 podb-esxi207 dnsmasq[3007257]: read /opt/stack/data/neutron/dhcp/ec45f224-d6ce-4ca7-a6be-ffbcd8d87c62/addn_hosts - 2 names
Oct 17 21:07:05.916539 podb-esxi207 dnsmasq-dhcp[3007257]: read /opt/stack/data/neutron/dhcp/ec45f224-d6ce-4ca7-a6be-ffbcd8d87c62/host
Oct 17 21:07:05.916605 podb-esxi207 dnsmasq-dhcp[3007257]: read /opt/stack/data/neutron/dhcp/ec45f224-d6ce-4ca7-a6be-ffbcd8d87c62/opts
Oct 17 21:07:07.165171 podb-esxi207 dnsmasq[3007257]: read /opt/stack/data/neutron/dhcp/ec45f224-d6ce-4ca7-a6be-ffbcd8d87c62/addn_hosts - 2 names
Oct 17 21:07:07.165290 podb-esxi207 dnsmasq-dhcp[3007257]: read /opt/stack/data/neutron/dhcp/ec45f224-d6ce-4ca7-a6be-ffbcd8d87c62/host
Oct 17 21:07:07.165394 podb-esxi207 dnsmasq-dhcp[3007257]: read /opt/stack/data/neutron/dhcp/ec45f224-d6ce-4ca7-a6be-ffbcd8d87c62/opts
Oct 17 21:07:08.409842 podb-esxi207 dnsmasq[3007257]: read /opt/stack/data/neutron/dhcp/ec45f224-d6ce-4ca7-a6be-ffbcd8d87c62/addn_hosts - 2 names
Oct 17 21:07:08.409916 podb-esxi207 dnsmasq-dhcp[3007257]: read /opt/stack/data/neutron/dhcp/ec45f224-d6ce-4ca7-a6be-ffbcd8d87c62/host
Oct 17 21:07:08.409988 podb-esxi207 dnsmasq-dhcp[3007257]: read /opt/stack/data/neutron/dhcp/ec45f224-d6ce-4ca7-a6be-ffbcd8d87c62/opts
Oct 17 21:07:09.961723 podb-esxi207 dnsmasq[3007257]: read /opt/stack/data/neutron/dhcp/ec45f224-d6ce-4ca7-a6be-ffbcd8d87c62/addn_hosts - 4 names
Oct 17 21:07:09.961859 podb-esxi207 dnsmasq-dhcp[3007257]: read /opt/stack/data/neutron/dhcp/ec45f224-d6ce-4ca7-a6be-ffbcd8d87c62/host
Oct 17 21:07:09.961977 podb-esxi207 dnsmasq-dhcp[3007257]: read /opt/stack/data/neutron/dhcp/ec45f224-d6ce-4ca7-a6be-ffbcd8d87c62/opts
Oct 17 21:07:22.239311 podb-esxi207 dnsmasq[2997776]: read /opt/stack/data/neutron/dhcp/aafe73e6-0530-42a8-b3cf-f4c2308187ad/addn_hosts - 0 names
Oct 17 21:07:22.239380 podb-esxi207 dnsmasq-dhcp[2997776]: read /opt/stack/data/neutron/dhcp/aafe73e6-0530-42a8-b3cf-f4c2308187ad/host
Oct 17 21:07:22.239432 podb-esxi207 dnsmasq-dhcp[2997776]: read /opt/stack/data/neutron/dhcp/aafe73e6-0530-42a8-b3cf-f4c2308187ad/opts
Oct 17 21:07:22.969963 podb-esxi207 dnsmasq[2997776]: exiting on receipt of SIGTERM
Oct 17 21:07:24.932156 podb-esxi207 dnsmasq-dhcp[3005265]: DHCPDISCOVER(tap6d150747-38) fa:16:3e:1b:76:dd
Oct 17 21:07:24.932189 podb-esxi207 dnsmasq-dhcp[3005265]: DHCPOFFER(tap6d150747-38) 10.1.0.8 fa:16:3e:1b:76:dd
Oct 17 21:07:24.942765 podb-esxi207 dnsmasq-dhcp[3005265]: DHCPREQUEST(tap6d150747-38) 10.1.0.8 fa:16:3e:1b:76:dd
Oct 17 21:07:24.942796 podb-esxi207 dnsmasq-dhcp[3005265]: DHCPACK(tap6d150747-38) 10.1.0.8 fa:16:3e:1b:76:dd host-10-1-0-8
Oct 17 21:07:25.883088 podb-esxi207 dnsmasq[3005265]: read /opt/stack/data/neutron/dhcp/92f37cee-2452-4943-8376-053ad58d66e6/addn_hosts - 10 names
Oct 17 21:07:25.883294 podb-esxi207 dnsmasq-dhcp[3005265]: read /opt/stack/data/neutron/dhcp/92f37cee-2452-4943-8376-053ad58d66e6/host
Oct 17 21:07:25.883448 podb-esxi207 dnsmasq-dhcp[3005265]: read /opt/stack/data/neutron/dhcp/92f37cee-2452-4943-8376-053ad58d66e6/opts
Oct 17 21:07:32.385885 podb-esxi207 dnsmasq-dhcp[3007257]: DHCPDISCOVER(tap9199440b-f7) fa:16:3e:c5:1b:a2
Oct 17 21:07:32.385913 podb-esxi207 dnsmasq-dhcp[3007257]: DHCPOFFER(tap9199440b-f7) 10.1.0.8 fa:16:3e:c5:1b:a2
Oct 17 21:07:32.395442 podb-esxi207 dnsmasq-dhcp[3007257]: DHCPREQUEST(tap9199440b-f7) 10.1.0.8 fa:16:3e:c5:1b:a2
Oct 17 21:07:32.395473 podb-esxi207 dnsmasq-dhcp[3007257]: DHCPACK(tap9199440b-f7) 10.1.0.8 fa:16:3e:c5:1b:a2 host-10-1-0-8
Oct 17 21:07:56.227954 podb-esxi207 dnsmasq-dhcp[3001512]: DHCPREQUEST(tapf628178b-e7) 10.1.0.3 fa:16:3e:2c:94:be
Oct 17 21:07:56.227988 podb-esxi207 dnsmasq-dhcp[3001512]: DHCPACK(tapf628178b-e7) 10.1.0.3 fa:16:3e:2c:94:be host-10-1-0-3
Oct 17 21:08:10.227286 podb-esxi207 dnsmasq[2898360]: read /opt/stack/data/neutron/dhcp/8bbb63cc-93aa-443a-8b80-e12b71ef844d/addn_hosts - 2 names
Oct 17 21:08:10.227363 podb-esxi207 dnsmasq-dhcp[2898360]: read /opt/stack/data/neutron/dhcp/8bbb63cc-93aa-443a-8b80-e12b71ef844d/host
Oct 17 21:08:10.227412 podb-esxi207 dnsmasq-dhcp[2898360]: read /opt/stack/data/neutron/dhcp/8bbb63cc-93aa-443a-8b80-e12b71ef844d/opts
Oct 17 21:08:36.524824 podb-esxi207 dnsmasq-dhcp[3001512]: DHCPREQUEST(tapf628178b-e7) 10.1.0.5 fa:16:3e:08:08:5f
Oct 17 21:08:36.524855 podb-esxi207 dnsmasq-dhcp[3001512]: DHCPACK(tapf628178b-e7) 10.1.0.5 fa:16:3e:08:08:5f host-10-1-0-5
Oct 17 21:09:03.227842 podb-esxi207 dnsmasq[2898360]: read /opt/stack/data/neutron/dhcp/8bbb63cc-93aa-443a-8b80-e12b71ef844d/addn_hosts - 0 names
Oct 17 21:09:03.227904 podb-esxi207 dnsmasq-dhcp[2898360]: read /opt/stack/data/neutron/dhcp/8bbb63cc-93aa-443a-8b80-e12b71ef844d/host
Oct 17 21:09:03.227962 podb-esxi207 dnsmasq-dhcp[2898360]: read /opt/stack/data/neutron/dhcp/8bbb63cc-93aa-443a-8b80-e12b71ef844d/opts
Oct 17 21:09:08.352675 podb-esxi207 dnsmasq-dhcp[3007257]: DHCPREQUEST(tap9199440b-f7) 10.1.0.8 fa:16:3e:c5:1b:a2
Oct 17 21:09:08.352707 podb-esxi207 dnsmasq-dhcp[3007257]: DHCPACK(tap9199440b-f7) 10.1.0.8 fa:16:3e:c5:1b:a2 host-10-1-0-8
Oct 17 21:09:16.900862 podb-esxi207 dnsmasq[3005265]: read /opt/stack/data/neutron/dhcp/92f37cee-2452-4943-8376-053ad58d66e6/addn_hosts - 8 names
Oct 17 21:09:16.900902 podb-esxi207 dnsmasq-dhcp[3005265]: read /opt/stack/data/neutron/dhcp/92f37cee-2452-4943-8376-053ad58d66e6/host
Oct 17 21:09:16.900926 podb-esxi207 dnsmasq-dhcp[3005265]: read /opt/stack/data/neutron/dhcp/92f37cee-2452-4943-8376-053ad58d66e6/opts
Oct 17 21:09:39.957475 podb-esxi207 dnsmasq-dhcp[3005265]: DHCPRELEASE(tap6d150747-38) 10.1.0.8 fa:16:3e:1b:76:dd
Oct 17 21:09:39.974327 podb-esxi207 dnsmasq-dhcp[3005265]: DHCPRELEASE(tap6d150747-38) 10.1.0.8 fa:16:3e:1b:76:dd unknown lease
Oct 17 21:09:40.797640 podb-esxi207 dnsmasq[3005265]: read /opt/stack/data/neutron/dhcp/92f37cee-2452-4943-8376-053ad58d66e6/addn_hosts - 6 names
Oct 17 21:09:40.797760 podb-esxi207 dnsmasq-dhcp[3005265]: read /opt/stack/data/neutron/dhcp/92f37cee-2452-4943-8376-053ad58d66e6/host
Oct 17 21:09:40.797866 podb-esxi207 dnsmasq-dhcp[3005265]: read /opt/stack/data/neutron/dhcp/92f37cee-2452-4943-8376-053ad58d66e6/opts
Oct 17 21:09:47.950138 podb-esxi207 dnsmasq[3005265]: read /opt/stack/data/neutron/dhcp/92f37cee-2452-4943-8376-053ad58d66e6/addn_hosts - 4 names
Oct 17 21:09:47.950325 podb-esxi207 dnsmasq-dhcp[3005265]: read /opt/stack/data/neutron/dhcp/92f37cee-2452-4943-8376-053ad58d66e6/host
Oct 17 21:09:47.950444 podb-esxi207 dnsmasq-dhcp[3005265]: read /opt/stack/data/neutron/dhcp/92f37cee-2452-4943-8376-053ad58d66e6/opts
Oct 17 21:10:07.554058 podb-esxi207 dnsmasq[3001512]: read /opt/stack/data/neutron/dhcp/83f0199c-21d0-41e5-81c1-fc1829807e0a/addn_hosts - 14 names
Oct 17 21:10:07.554241 podb-esxi207 dnsmasq-dhcp[3001512]: read /opt/stack/data/neutron/dhcp/83f0199c-21d0-41e5-81c1-fc1829807e0a/host
Oct 17 21:10:07.554341 podb-esxi207 dnsmasq-dhcp[3001512]: read /opt/stack/data/neutron/dhcp/83f0199c-21d0-41e5-81c1-fc1829807e0a/opts
Oct 17 21:10:15.393182 podb-esxi207 dnsmasq-dhcp[3005265]: DHCPRELEASE(tap6d150747-38) 10.1.0.9 fa:16:3e:f8:e6:96
Oct 17 21:10:15.409464 podb-esxi207 dnsmasq-dhcp[3005265]: DHCPRELEASE(tap6d150747-38) 10.1.0.9 fa:16:3e:f8:e6:96 unknown lease
Oct 17 21:10:16.234408 podb-esxi207 dnsmasq[3005265]: read /opt/stack/data/neutron/dhcp/92f37cee-2452-4943-8376-053ad58d66e6/addn_hosts - 2 names
Oct 17 21:10:16.234533 podb-esxi207 dnsmasq-dhcp[3005265]: read /opt/stack/data/neutron/dhcp/92f37cee-2452-4943-8376-053ad58d66e6/host
Oct 17 21:10:16.234652 podb-esxi207 dnsmasq-dhcp[3005265]: read /opt/stack/data/neutron/dhcp/92f37cee-2452-4943-8376-053ad58d66e6/opts
Oct 17 21:10:20.782454 podb-esxi207 dnsmasq[3005265]: read /opt/stack/data/neutron/dhcp/92f37cee-2452-4943-8376-053ad58d66e6/addn_hosts - 0 names
Oct 17 21:10:20.782534 podb-esxi207 dnsmasq-dhcp[3005265]: read /opt/stack/data/neutron/dhcp/92f37cee-2452-4943-8376-053ad58d66e6/host
Oct 17 21:10:20.782636 podb-esxi207 dnsmasq-dhcp[3005265]: read /opt/stack/data/neutron/dhcp/92f37cee-2452-4943-8376-053ad58d66e6/opts
Oct 17 21:10:21.797275 podb-esxi207 dnsmasq[3005265]: exiting on receipt of SIGTERM
Oct 17 21:10:26.017952 podb-esxi207 dnsmasq[3011236]: started, version 2.90 cachesize 150
Oct 17 21:10:26.017977 podb-esxi207 dnsmasq[3011236]: DNS service limited to local subnets
Oct 17 21:10:26.017993 podb-esxi207 dnsmasq[3011236]: compile time options: IPv6 GNU-getopt DBus no-UBus i18n IDN2 DHCP DHCPv6 no-Lua TFTP conntrack ipset no-nftset auth cryptohash DNSSEC loop-detect inotify dumpfile
Oct 17 21:10:26.018030 podb-esxi207 dnsmasq-dhcp[3011236]: DHCP, static leases only on 10.1.0.0, lease time 1d
Oct 17 21:10:26.018185 podb-esxi207 dnsmasq[3011236]: reading /etc/resolv.conf
Oct 17 21:10:26.018201 podb-esxi207 dnsmasq[3011236]: using nameserver 127.0.0.53#53
Oct 17 21:10:26.018292 podb-esxi207 dnsmasq[3011236]: read /opt/stack/data/neutron/dhcp/e1602b03-7f18-420d-83d4-07244e7757bc/addn_hosts - 0 names
Oct 17 21:10:26.018358 podb-esxi207 dnsmasq-dhcp[3011236]: read /opt/stack/data/neutron/dhcp/e1602b03-7f18-420d-83d4-07244e7757bc/host
Oct 17 21:10:26.018426 podb-esxi207 dnsmasq-dhcp[3011236]: read /opt/stack/data/neutron/dhcp/e1602b03-7f18-420d-83d4-07244e7757bc/opts
Oct 17 21:10:27.571074 podb-esxi207 dnsmasq[3011236]: read /opt/stack/data/neutron/dhcp/e1602b03-7f18-420d-83d4-07244e7757bc/addn_hosts - 2 names
Oct 17 21:10:27.571155 podb-esxi207 dnsmasq-dhcp[3011236]: read /opt/stack/data/neutron/dhcp/e1602b03-7f18-420d-83d4-07244e7757bc/host
Oct 17 21:10:27.571261 podb-esxi207 dnsmasq-dhcp[3011236]: read /opt/stack/data/neutron/dhcp/e1602b03-7f18-420d-83d4-07244e7757bc/opts
Oct 17 21:10:28.866736 podb-esxi207 dnsmasq[3011236]: read /opt/stack/data/neutron/dhcp/e1602b03-7f18-420d-83d4-07244e7757bc/addn_hosts - 2 names
Oct 17 21:10:28.866847 podb-esxi207 dnsmasq-dhcp[3011236]: read /opt/stack/data/neutron/dhcp/e1602b03-7f18-420d-83d4-07244e7757bc/host
Oct 17 21:10:28.866974 podb-esxi207 dnsmasq-dhcp[3011236]: read /opt/stack/data/neutron/dhcp/e1602b03-7f18-420d-83d4-07244e7757bc/opts
Oct 17 21:10:30.123110 podb-esxi207 dnsmasq[3011236]: read /opt/stack/data/neutron/dhcp/e1602b03-7f18-420d-83d4-07244e7757bc/addn_hosts - 2 names
Oct 17 21:10:30.123245 podb-esxi207 dnsmasq-dhcp[3011236]: read /opt/stack/data/neutron/dhcp/e1602b03-7f18-420d-83d4-07244e7757bc/host
Oct 17 21:10:30.123370 podb-esxi207 dnsmasq-dhcp[3011236]: read /opt/stack/data/neutron/dhcp/e1602b03-7f18-420d-83d4-07244e7757bc/opts
Oct 17 21:10:32.089192 podb-esxi207 dnsmasq[3011236]: read /opt/stack/data/neutron/dhcp/e1602b03-7f18-420d-83d4-07244e7757bc/addn_hosts - 4 names
Oct 17 21:10:32.089328 podb-esxi207 dnsmasq-dhcp[3011236]: read /opt/stack/data/neutron/dhcp/e1602b03-7f18-420d-83d4-07244e7757bc/host
Oct 17 21:10:32.089453 podb-esxi207 dnsmasq-dhcp[3011236]: read /opt/stack/data/neutron/dhcp/e1602b03-7f18-420d-83d4-07244e7757bc/opts
Oct 17 21:10:34.433792 podb-esxi207 dnsmasq[3011236]: read /opt/stack/data/neutron/dhcp/e1602b03-7f18-420d-83d4-07244e7757bc/addn_hosts - 6 names
Oct 17 21:10:34.433943 podb-esxi207 dnsmasq-dhcp[3011236]: read /opt/stack/data/neutron/dhcp/e1602b03-7f18-420d-83d4-07244e7757bc/host
Oct 17 21:10:34.434062 podb-esxi207 dnsmasq-dhcp[3011236]: read /opt/stack/data/neutron/dhcp/e1602b03-7f18-420d-83d4-07244e7757bc/opts
Oct 17 21:10:41.889051 podb-esxi207 dnsmasq[3001512]: read /opt/stack/data/neutron/dhcp/83f0199c-21d0-41e5-81c1-fc1829807e0a/addn_hosts - 12 names
Oct 17 21:10:41.889085 podb-esxi207 dnsmasq-dhcp[3001512]: read /opt/stack/data/neutron/dhcp/83f0199c-21d0-41e5-81c1-fc1829807e0a/host
Oct 17 21:10:41.889106 podb-esxi207 dnsmasq-dhcp[3001512]: read /opt/stack/data/neutron/dhcp/83f0199c-21d0-41e5-81c1-fc1829807e0a/opts
Oct 17 21:10:48.173724 podb-esxi207 dnsmasq-dhcp[3007257]: DHCPREQUEST(tap9199440b-f7) 10.1.0.8 fa:16:3e:c5:1b:a2
Oct 17 21:10:48.173755 podb-esxi207 dnsmasq-dhcp[3007257]: DHCPACK(tap9199440b-f7) 10.1.0.8 fa:16:3e:c5:1b:a2 host-10-1-0-8
Oct 17 21:10:55.042162 podb-esxi207 dnsmasq-dhcp[3011236]: DHCPDISCOVER(tap41c307b9-9b) fa:16:3e:cf:a3:79
Oct 17 21:10:55.042192 podb-esxi207 dnsmasq-dhcp[3011236]: DHCPOFFER(tap41c307b9-9b) 10.1.0.10 fa:16:3e:cf:a3:79
Oct 17 21:10:55.054471 podb-esxi207 dnsmasq-dhcp[3011236]: DHCPREQUEST(tap41c307b9-9b) 10.1.0.10 fa:16:3e:cf:a3:79
Oct 17 21:10:55.054504 podb-esxi207 dnsmasq-dhcp[3011236]: DHCPACK(tap41c307b9-9b) 10.1.0.10 fa:16:3e:cf:a3:79 host-10-1-0-10
Oct 17 21:11:09.998763 podb-esxi207 dnsmasq-dhcp[3011236]: DHCPDISCOVER(tap41c307b9-9b) fa:16:3e:d6:54:78
Oct 17 21:11:09.998788 podb-esxi207 dnsmasq-dhcp[3011236]: DHCPOFFER(tap41c307b9-9b) 10.1.0.4 fa:16:3e:d6:54:78
Oct 17 21:11:10.014081 podb-esxi207 dnsmasq-dhcp[3011236]: DHCPREQUEST(tap41c307b9-9b) 10.1.0.4 fa:16:3e:d6:54:78
Oct 17 21:11:10.014111 podb-esxi207 dnsmasq-dhcp[3011236]: DHCPACK(tap41c307b9-9b) 10.1.0.4 fa:16:3e:d6:54:78 host-10-1-0-4
Oct 17 21:11:25.589074 podb-esxi207 dnsmasq-dhcp[3007257]: DHCPRELEASE(tap9199440b-f7) 10.1.0.8 fa:16:3e:c5:1b:a2
Oct 17 21:11:25.605709 podb-esxi207 dnsmasq-dhcp[3007257]: DHCPRELEASE(tap9199440b-f7) 10.1.0.8 fa:16:3e:c5:1b:a2 unknown lease
Oct 17 21:11:26.428296 podb-esxi207 dnsmasq[3007257]: read /opt/stack/data/neutron/dhcp/ec45f224-d6ce-4ca7-a6be-ffbcd8d87c62/addn_hosts - 2 names
Oct 17 21:11:26.428397 podb-esxi207 dnsmasq-dhcp[3007257]: read /opt/stack/data/neutron/dhcp/ec45f224-d6ce-4ca7-a6be-ffbcd8d87c62/host
Oct 17 21:11:26.428521 podb-esxi207 dnsmasq-dhcp[3007257]: read /opt/stack/data/neutron/dhcp/ec45f224-d6ce-4ca7-a6be-ffbcd8d87c62/opts
Oct 17 21:11:31.696277 podb-esxi207 dnsmasq-dhcp[3011236]: DHCPDISCOVER(tap41c307b9-9b) fa:16:3e:cf:a3:79
Oct 17 21:11:31.696305 podb-esxi207 dnsmasq-dhcp[3011236]: DHCPOFFER(tap41c307b9-9b) 10.1.0.10 fa:16:3e:cf:a3:79
Oct 17 21:11:31.705151 podb-esxi207 dnsmasq-dhcp[3011236]: DHCPREQUEST(tap41c307b9-9b) 10.1.0.10 fa:16:3e:cf:a3:79
Oct 17 21:11:31.705181 podb-esxi207 dnsmasq-dhcp[3011236]: DHCPACK(tap41c307b9-9b) 10.1.0.10 fa:16:3e:cf:a3:79 host-10-1-0-10
Oct 17 21:11:37.075886 podb-esxi207 dnsmasq[3007257]: read /opt/stack/data/neutron/dhcp/ec45f224-d6ce-4ca7-a6be-ffbcd8d87c62/addn_hosts - 4 names
Oct 17 21:11:37.075968 podb-esxi207 dnsmasq-dhcp[3007257]: read /opt/stack/data/neutron/dhcp/ec45f224-d6ce-4ca7-a6be-ffbcd8d87c62/host
Oct 17 21:11:37.076071 podb-esxi207 dnsmasq-dhcp[3007257]: read /opt/stack/data/neutron/dhcp/ec45f224-d6ce-4ca7-a6be-ffbcd8d87c62/opts
Oct 17 21:11:39.940361 podb-esxi207 dnsmasq[3011236]: read /opt/stack/data/neutron/dhcp/e1602b03-7f18-420d-83d4-07244e7757bc/addn_hosts - 8 names
Oct 17 21:11:39.940453 podb-esxi207 dnsmasq-dhcp[3011236]: read /opt/stack/data/neutron/dhcp/e1602b03-7f18-420d-83d4-07244e7757bc/host
Oct 17 21:11:39.940546 podb-esxi207 dnsmasq-dhcp[3011236]: read /opt/stack/data/neutron/dhcp/e1602b03-7f18-420d-83d4-07244e7757bc/opts
Oct 17 21:11:41.948784 podb-esxi207 dnsmasq-dhcp[3001512]: DHCPRELEASE(tapf628178b-e7) 10.1.0.5 fa:16:3e:08:08:5f
Oct 17 21:11:41.964738 podb-esxi207 dnsmasq-dhcp[3001512]: DHCPRELEASE(tapf628178b-e7) 10.1.0.5 fa:16:3e:08:08:5f unknown lease
Oct 17 21:11:42.787156 podb-esxi207 dnsmasq[3001512]: read /opt/stack/data/neutron/dhcp/83f0199c-21d0-41e5-81c1-fc1829807e0a/addn_hosts - 10 names
Oct 17 21:11:42.787311 podb-esxi207 dnsmasq-dhcp[3001512]: read /opt/stack/data/neutron/dhcp/83f0199c-21d0-41e5-81c1-fc1829807e0a/host
Oct 17 21:11:42.787406 podb-esxi207 dnsmasq-dhcp[3001512]: read /opt/stack/data/neutron/dhcp/83f0199c-21d0-41e5-81c1-fc1829807e0a/opts
