Oct 17 19:29:13.713679 podb-esxi207 systemd[1]: Started Devstack devstack@q-dhcp.service.
Oct 17 19:29:14.152875 podb-esxi207 neutron-dhcp-agent[2883414]: This program is using eventlet and has been monkey_patched
Oct 17 19:29:31.196237 podb-esxi207 sudo[2885201]:    stack : PWD=/ ; USER=root ; COMMAND=/opt/stack/data/venv/bin/neutron-rootwrap /etc/neutron/rootwrap.conf privsep-helper --config-file /etc/neutron/neutron.conf --config-file /etc/neutron/dhcp_agent.ini --privsep_context neutron.privileged.default --privsep_sock_path /tmp/tmpd8n0pzkt/privsep.sock
Oct 17 19:29:31.197431 podb-esxi207 sudo[2885201]: pam_unix(sudo:session): session opened for user root(uid=0) by (uid=1001)
Oct 17 19:29:31.971524 podb-esxi207 sudo[2885201]: pam_unix(sudo:session): session closed for user root
Oct 17 19:29:33.016621 podb-esxi207 sudo[2885249]:    stack : PWD=/ ; USER=root ; COMMAND=/opt/stack/data/venv/bin/neutron-rootwrap /etc/neutron/rootwrap.conf privsep-helper --config-file /etc/neutron/neutron.conf --config-file /etc/neutron/dhcp_agent.ini --privsep_context neutron.privileged.namespace_cmd --privsep_sock_path /tmp/tmpt7c0v78h/privsep.sock
Oct 17 19:29:33.017694 podb-esxi207 sudo[2885249]: pam_unix(sudo:session): session opened for user root(uid=0) by (uid=1001)
Oct 17 19:29:33.792326 podb-esxi207 sudo[2885249]: pam_unix(sudo:session): session closed for user root
Oct 17 19:29:34.878481 podb-esxi207 sudo[2885295]:    stack : PWD=/ ; USER=root ; COMMAND=/opt/stack/data/venv/bin/neutron-rootwrap /etc/neutron/rootwrap.conf privsep-helper --config-file /etc/neutron/neutron.conf --config-file /etc/neutron/dhcp_agent.ini --privsep_context neutron.privileged.link_cmd --privsep_sock_path /tmp/tmpk9aaln9g/privsep.sock
Oct 17 19:29:34.879753 podb-esxi207 sudo[2885295]: pam_unix(sudo:session): session opened for user root(uid=0) by (uid=1001)
Oct 17 19:29:35.667485 podb-esxi207 sudo[2885295]: pam_unix(sudo:session): session closed for user root
Oct 17 19:29:38.211892 podb-esxi207 sudo[2885440]:    stack : PWD=/ ; USER=root ; COMMAND=/opt/stack/data/venv/bin/neutron-rootwrap-daemon /etc/neutron/rootwrap.conf
Oct 17 19:29:38.213040 podb-esxi207 sudo[2885440]: pam_unix(sudo:session): session opened for user root(uid=0) by (uid=1001)
Oct 17 19:29:38.497946 podb-esxi207 dnsmasq[2885454]: started, version 2.90 cachesize 150
Oct 17 19:29:38.497974 podb-esxi207 dnsmasq[2885454]: DNS service limited to local subnets
Oct 17 19:29:38.497990 podb-esxi207 dnsmasq[2885454]: compile time options: IPv6 GNU-getopt DBus no-UBus i18n IDN2 DHCP DHCPv6 no-Lua TFTP conntrack ipset no-nftset auth cryptohash DNSSEC loop-detect inotify dumpfile
Oct 17 19:29:38.498026 podb-esxi207 dnsmasq-dhcp[2885454]: DHCP, static leases only on 10.1.0.0, lease time 1d
Oct 17 19:29:38.498194 podb-esxi207 dnsmasq[2885454]: reading /etc/resolv.conf
Oct 17 19:29:38.498210 podb-esxi207 dnsmasq[2885454]: using nameserver 127.0.0.53#53
Oct 17 19:29:38.498291 podb-esxi207 dnsmasq[2885454]: read /opt/stack/data/neutron/dhcp/c50f64a5-d1e3-46c5-a873-76ccb98744a4/addn_hosts - 0 names
Oct 17 19:29:38.498345 podb-esxi207 dnsmasq-dhcp[2885454]: read /opt/stack/data/neutron/dhcp/c50f64a5-d1e3-46c5-a873-76ccb98744a4/host
Oct 17 19:29:38.498409 podb-esxi207 dnsmasq-dhcp[2885454]: read /opt/stack/data/neutron/dhcp/c50f64a5-d1e3-46c5-a873-76ccb98744a4/opts
Oct 17 19:29:40.042930 podb-esxi207 dnsmasq[2885454]: read /opt/stack/data/neutron/dhcp/c50f64a5-d1e3-46c5-a873-76ccb98744a4/addn_hosts - 0 names
Oct 17 19:29:40.042993 podb-esxi207 dnsmasq-dhcp[2885454]: read /opt/stack/data/neutron/dhcp/c50f64a5-d1e3-46c5-a873-76ccb98744a4/host
Oct 17 19:29:40.043071 podb-esxi207 dnsmasq-dhcp[2885454]: read /opt/stack/data/neutron/dhcp/c50f64a5-d1e3-46c5-a873-76ccb98744a4/opts
Oct 17 19:29:43.427836 podb-esxi207 dnsmasq[2885454]: read /opt/stack/data/neutron/dhcp/c50f64a5-d1e3-46c5-a873-76ccb98744a4/addn_hosts - 2 names
Oct 17 19:29:43.427945 podb-esxi207 dnsmasq-dhcp[2885454]: read /opt/stack/data/neutron/dhcp/c50f64a5-d1e3-46c5-a873-76ccb98744a4/host
Oct 17 19:29:43.428049 podb-esxi207 dnsmasq-dhcp[2885454]: read /opt/stack/data/neutron/dhcp/c50f64a5-d1e3-46c5-a873-76ccb98744a4/opts
Oct 17 19:29:44.675380 podb-esxi207 dnsmasq[2885454]: read /opt/stack/data/neutron/dhcp/c50f64a5-d1e3-46c5-a873-76ccb98744a4/addn_hosts - 2 names
Oct 17 19:29:44.675492 podb-esxi207 dnsmasq-dhcp[2885454]: read /opt/stack/data/neutron/dhcp/c50f64a5-d1e3-46c5-a873-76ccb98744a4/host
Oct 17 19:29:44.675599 podb-esxi207 dnsmasq-dhcp[2885454]: read /opt/stack/data/neutron/dhcp/c50f64a5-d1e3-46c5-a873-76ccb98744a4/opts
Oct 17 19:31:37.617844 podb-esxi207 dnsmasq[2898360]: started, version 2.90 cachesize 150
Oct 17 19:31:37.617870 podb-esxi207 dnsmasq[2898360]: DNS service limited to local subnets
Oct 17 19:31:37.617886 podb-esxi207 dnsmasq[2898360]: compile time options: IPv6 GNU-getopt DBus no-UBus i18n IDN2 DHCP DHCPv6 no-Lua TFTP conntrack ipset no-nftset auth cryptohash DNSSEC loop-detect inotify dumpfile
Oct 17 19:31:37.617922 podb-esxi207 dnsmasq-dhcp[2898360]: DHCP, static leases only on 192.168.233.0, lease time 1d
Oct 17 19:31:37.618082 podb-esxi207 dnsmasq[2898360]: reading /etc/resolv.conf
Oct 17 19:31:37.618099 podb-esxi207 dnsmasq[2898360]: using nameserver 127.0.0.53#53
Oct 17 19:31:37.618180 podb-esxi207 dnsmasq[2898360]: read /opt/stack/data/neutron/dhcp/8bbb63cc-93aa-443a-8b80-e12b71ef844d/addn_hosts - 0 names
Oct 17 19:31:37.618232 podb-esxi207 dnsmasq-dhcp[2898360]: read /opt/stack/data/neutron/dhcp/8bbb63cc-93aa-443a-8b80-e12b71ef844d/host
Oct 17 19:31:37.618300 podb-esxi207 dnsmasq-dhcp[2898360]: read /opt/stack/data/neutron/dhcp/8bbb63cc-93aa-443a-8b80-e12b71ef844d/opts
Oct 17 19:31:39.159369 podb-esxi207 dnsmasq[2898360]: read /opt/stack/data/neutron/dhcp/8bbb63cc-93aa-443a-8b80-e12b71ef844d/addn_hosts - 0 names
Oct 17 19:31:39.159439 podb-esxi207 dnsmasq-dhcp[2898360]: read /opt/stack/data/neutron/dhcp/8bbb63cc-93aa-443a-8b80-e12b71ef844d/host
Oct 17 19:31:39.159491 podb-esxi207 dnsmasq-dhcp[2898360]: read /opt/stack/data/neutron/dhcp/8bbb63cc-93aa-443a-8b80-e12b71ef844d/opts
Oct 17 19:38:16.737986 podb-esxi207 dnsmasq[2904659]: started, version 2.90 cachesize 150
Oct 17 19:38:16.738015 podb-esxi207 dnsmasq[2904659]: DNS service limited to local subnets
Oct 17 19:38:16.738031 podb-esxi207 dnsmasq[2904659]: compile time options: IPv6 GNU-getopt DBus no-UBus i18n IDN2 DHCP DHCPv6 no-Lua TFTP conntrack ipset no-nftset auth cryptohash DNSSEC loop-detect inotify dumpfile
Oct 17 19:38:16.738074 podb-esxi207 dnsmasq-dhcp[2904659]: DHCP, static leases only on 10.1.0.0, lease time 1d
Oct 17 19:38:16.738235 podb-esxi207 dnsmasq[2904659]: reading /etc/resolv.conf
Oct 17 19:38:16.738252 podb-esxi207 dnsmasq[2904659]: using nameserver 127.0.0.53#53
Oct 17 19:38:16.738344 podb-esxi207 dnsmasq[2904659]: read /opt/stack/data/neutron/dhcp/6387eeee-88a6-422a-90e6-0f2c1127c48f/addn_hosts - 0 names
Oct 17 19:38:16.738399 podb-esxi207 dnsmasq-dhcp[2904659]: read /opt/stack/data/neutron/dhcp/6387eeee-88a6-422a-90e6-0f2c1127c48f/host
Oct 17 19:38:16.738459 podb-esxi207 dnsmasq-dhcp[2904659]: read /opt/stack/data/neutron/dhcp/6387eeee-88a6-422a-90e6-0f2c1127c48f/opts
Oct 17 19:38:19.382596 podb-esxi207 dnsmasq[2905086]: started, version 2.90 cachesize 150
Oct 17 19:38:19.382626 podb-esxi207 dnsmasq[2905086]: DNS service limited to local subnets
Oct 17 19:38:19.382641 podb-esxi207 dnsmasq[2905086]: compile time options: IPv6 GNU-getopt DBus no-UBus i18n IDN2 DHCP DHCPv6 no-Lua TFTP conntrack ipset no-nftset auth cryptohash DNSSEC loop-detect inotify dumpfile
Oct 17 19:38:19.382682 podb-esxi207 dnsmasq-dhcp[2905086]: DHCP, static leases only on 10.1.0.0, lease time 1d
Oct 17 19:38:19.382839 podb-esxi207 dnsmasq[2905086]: reading /etc/resolv.conf
Oct 17 19:38:19.382855 podb-esxi207 dnsmasq[2905086]: using nameserver 127.0.0.53#53
Oct 17 19:38:19.382969 podb-esxi207 dnsmasq[2905086]: read /opt/stack/data/neutron/dhcp/e00ba5e2-29f3-4a34-958c-a3df481e1c9c/addn_hosts - 2 names
Oct 17 19:38:19.383026 podb-esxi207 dnsmasq-dhcp[2905086]: read /opt/stack/data/neutron/dhcp/e00ba5e2-29f3-4a34-958c-a3df481e1c9c/host
Oct 17 19:38:19.383106 podb-esxi207 dnsmasq-dhcp[2905086]: read /opt/stack/data/neutron/dhcp/e00ba5e2-29f3-4a34-958c-a3df481e1c9c/opts
Oct 17 19:38:22.183133 podb-esxi207 dnsmasq[2905585]: started, version 2.90 cachesize 150
Oct 17 19:38:22.183158 podb-esxi207 dnsmasq[2905585]: DNS service limited to local subnets
Oct 17 19:38:22.183173 podb-esxi207 dnsmasq[2905585]: compile time options: IPv6 GNU-getopt DBus no-UBus i18n IDN2 DHCP DHCPv6 no-Lua TFTP conntrack ipset no-nftset auth cryptohash DNSSEC loop-detect inotify dumpfile
Oct 17 19:38:22.183214 podb-esxi207 dnsmasq-dhcp[2905585]: DHCP, static leases only on 10.1.0.0, lease time 1d
Oct 17 19:38:22.183365 podb-esxi207 dnsmasq[2905585]: reading /etc/resolv.conf
Oct 17 19:38:22.183382 podb-esxi207 dnsmasq[2905585]: using nameserver 127.0.0.53#53
Oct 17 19:38:22.183496 podb-esxi207 dnsmasq[2905585]: read /opt/stack/data/neutron/dhcp/3a7d7ac7-4acb-4256-8e40-db19666a91ce/addn_hosts - 2 names
Oct 17 19:38:22.183551 podb-esxi207 dnsmasq-dhcp[2905585]: read /opt/stack/data/neutron/dhcp/3a7d7ac7-4acb-4256-8e40-db19666a91ce/host
Oct 17 19:38:22.183618 podb-esxi207 dnsmasq-dhcp[2905585]: read /opt/stack/data/neutron/dhcp/3a7d7ac7-4acb-4256-8e40-db19666a91ce/opts
Oct 17 19:38:26.595331 podb-esxi207 dnsmasq[2906328]: started, version 2.90 cachesize 150
Oct 17 19:38:26.595360 podb-esxi207 dnsmasq[2906328]: DNS service limited to local subnets
Oct 17 19:38:26.595375 podb-esxi207 dnsmasq[2906328]: compile time options: IPv6 GNU-getopt DBus no-UBus i18n IDN2 DHCP DHCPv6 no-Lua TFTP conntrack ipset no-nftset auth cryptohash DNSSEC loop-detect inotify dumpfile
Oct 17 19:38:26.595419 podb-esxi207 dnsmasq-dhcp[2906328]: DHCP, static leases only on 10.1.0.0, lease time 1d
Oct 17 19:38:26.595577 podb-esxi207 dnsmasq[2906328]: reading /etc/resolv.conf
Oct 17 19:38:26.595593 podb-esxi207 dnsmasq[2906328]: using nameserver 127.0.0.53#53
Oct 17 19:38:26.595706 podb-esxi207 dnsmasq[2906328]: read /opt/stack/data/neutron/dhcp/d7f7bdcd-c3b8-4d96-9c1c-acf2a14b2367/addn_hosts - 2 names
Oct 17 19:38:26.595780 podb-esxi207 dnsmasq-dhcp[2906328]: read /opt/stack/data/neutron/dhcp/d7f7bdcd-c3b8-4d96-9c1c-acf2a14b2367/host
Oct 17 19:38:26.595848 podb-esxi207 dnsmasq-dhcp[2906328]: read /opt/stack/data/neutron/dhcp/d7f7bdcd-c3b8-4d96-9c1c-acf2a14b2367/opts
Oct 17 19:38:29.816207 podb-esxi207 dnsmasq[2906691]: started, version 2.90 cachesize 150
Oct 17 19:38:29.816236 podb-esxi207 dnsmasq[2906691]: DNS service limited to local subnets
Oct 17 19:38:29.816251 podb-esxi207 dnsmasq[2906691]: compile time options: IPv6 GNU-getopt DBus no-UBus i18n IDN2 DHCP DHCPv6 no-Lua TFTP conntrack ipset no-nftset auth cryptohash DNSSEC loop-detect inotify dumpfile
Oct 17 19:38:29.816294 podb-esxi207 dnsmasq-dhcp[2906691]: DHCP, static leases only on 10.1.0.0, lease time 1d
Oct 17 19:38:29.816460 podb-esxi207 dnsmasq[2906691]: reading /etc/resolv.conf
Oct 17 19:38:29.816477 podb-esxi207 dnsmasq[2906691]: using nameserver 127.0.0.53#53
Oct 17 19:38:29.816594 podb-esxi207 dnsmasq[2906691]: read /opt/stack/data/neutron/dhcp/9006f36d-5719-436d-9344-bb61b8d0e51c/addn_hosts - 2 names
Oct 17 19:38:29.816675 podb-esxi207 dnsmasq-dhcp[2906691]: read /opt/stack/data/neutron/dhcp/9006f36d-5719-436d-9344-bb61b8d0e51c/host
Oct 17 19:38:29.816749 podb-esxi207 dnsmasq-dhcp[2906691]: read /opt/stack/data/neutron/dhcp/9006f36d-5719-436d-9344-bb61b8d0e51c/opts
Oct 17 19:38:31.874241 podb-esxi207 dnsmasq[2905086]: read /opt/stack/data/neutron/dhcp/e00ba5e2-29f3-4a34-958c-a3df481e1c9c/addn_hosts - 2 names
Oct 17 19:38:31.874333 podb-esxi207 dnsmasq-dhcp[2905086]: read /opt/stack/data/neutron/dhcp/e00ba5e2-29f3-4a34-958c-a3df481e1c9c/host
Oct 17 19:38:31.874441 podb-esxi207 dnsmasq-dhcp[2905086]: read /opt/stack/data/neutron/dhcp/e00ba5e2-29f3-4a34-958c-a3df481e1c9c/opts
Oct 17 19:38:34.138769 podb-esxi207 dnsmasq[2906328]: read /opt/stack/data/neutron/dhcp/d7f7bdcd-c3b8-4d96-9c1c-acf2a14b2367/addn_hosts - 2 names
Oct 17 19:38:34.138859 podb-esxi207 dnsmasq-dhcp[2906328]: read /opt/stack/data/neutron/dhcp/d7f7bdcd-c3b8-4d96-9c1c-acf2a14b2367/host
Oct 17 19:38:34.138986 podb-esxi207 dnsmasq-dhcp[2906328]: read /opt/stack/data/neutron/dhcp/d7f7bdcd-c3b8-4d96-9c1c-acf2a14b2367/opts
Oct 17 19:38:34.887141 podb-esxi207 dnsmasq[2904659]: read /opt/stack/data/neutron/dhcp/6387eeee-88a6-422a-90e6-0f2c1127c48f/addn_hosts - 2 names
Oct 17 19:38:34.887229 podb-esxi207 dnsmasq-dhcp[2904659]: read /opt/stack/data/neutron/dhcp/6387eeee-88a6-422a-90e6-0f2c1127c48f/host
Oct 17 19:38:34.887330 podb-esxi207 dnsmasq-dhcp[2904659]: read /opt/stack/data/neutron/dhcp/6387eeee-88a6-422a-90e6-0f2c1127c48f/opts
Oct 17 19:38:36.139648 podb-esxi207 dnsmasq[2906691]: read /opt/stack/data/neutron/dhcp/9006f36d-5719-436d-9344-bb61b8d0e51c/addn_hosts - 2 names
Oct 17 19:38:36.139767 podb-esxi207 dnsmasq-dhcp[2906691]: read /opt/stack/data/neutron/dhcp/9006f36d-5719-436d-9344-bb61b8d0e51c/host
Oct 17 19:38:36.139892 podb-esxi207 dnsmasq-dhcp[2906691]: read /opt/stack/data/neutron/dhcp/9006f36d-5719-436d-9344-bb61b8d0e51c/opts
Oct 17 19:38:39.615904 podb-esxi207 dnsmasq[2907690]: started, version 2.90 cachesize 150
Oct 17 19:38:39.615930 podb-esxi207 dnsmasq[2907690]: DNS service limited to local subnets
Oct 17 19:38:39.615945 podb-esxi207 dnsmasq[2907690]: compile time options: IPv6 GNU-getopt DBus no-UBus i18n IDN2 DHCP DHCPv6 no-Lua TFTP conntrack ipset no-nftset auth cryptohash DNSSEC loop-detect inotify dumpfile
Oct 17 19:38:39.615985 podb-esxi207 dnsmasq-dhcp[2907690]: DHCP, static leases only on 10.1.0.0, lease time 1d
Oct 17 19:38:39.616140 podb-esxi207 dnsmasq[2907690]: reading /etc/resolv.conf
Oct 17 19:38:39.616156 podb-esxi207 dnsmasq[2907690]: using nameserver 127.0.0.53#53
Oct 17 19:38:39.616270 podb-esxi207 dnsmasq[2907690]: read /opt/stack/data/neutron/dhcp/b6968e3d-b39e-4e92-bc5b-8c946970dc89/addn_hosts - 2 names
Oct 17 19:38:39.616327 podb-esxi207 dnsmasq-dhcp[2907690]: read /opt/stack/data/neutron/dhcp/b6968e3d-b39e-4e92-bc5b-8c946970dc89/host
Oct 17 19:38:39.616394 podb-esxi207 dnsmasq-dhcp[2907690]: read /opt/stack/data/neutron/dhcp/b6968e3d-b39e-4e92-bc5b-8c946970dc89/opts
Oct 17 19:38:40.152142 podb-esxi207 dnsmasq[2905086]: read /opt/stack/data/neutron/dhcp/e00ba5e2-29f3-4a34-958c-a3df481e1c9c/addn_hosts - 2 names
Oct 17 19:38:40.152254 podb-esxi207 dnsmasq-dhcp[2905086]: read /opt/stack/data/neutron/dhcp/e00ba5e2-29f3-4a34-958c-a3df481e1c9c/host
Oct 17 19:38:40.152366 podb-esxi207 dnsmasq-dhcp[2905086]: read /opt/stack/data/neutron/dhcp/e00ba5e2-29f3-4a34-958c-a3df481e1c9c/opts
Oct 17 19:38:40.899674 podb-esxi207 dnsmasq[2905585]: read /opt/stack/data/neutron/dhcp/3a7d7ac7-4acb-4256-8e40-db19666a91ce/addn_hosts - 2 names
Oct 17 19:38:40.899799 podb-esxi207 dnsmasq-dhcp[2905585]: read /opt/stack/data/neutron/dhcp/3a7d7ac7-4acb-4256-8e40-db19666a91ce/host
Oct 17 19:38:40.899912 podb-esxi207 dnsmasq-dhcp[2905585]: read /opt/stack/data/neutron/dhcp/3a7d7ac7-4acb-4256-8e40-db19666a91ce/opts
Oct 17 19:38:42.167247 podb-esxi207 dnsmasq[2906328]: read /opt/stack/data/neutron/dhcp/d7f7bdcd-c3b8-4d96-9c1c-acf2a14b2367/addn_hosts - 2 names
Oct 17 19:38:42.167386 podb-esxi207 dnsmasq-dhcp[2906328]: read /opt/stack/data/neutron/dhcp/d7f7bdcd-c3b8-4d96-9c1c-acf2a14b2367/host
Oct 17 19:38:42.167502 podb-esxi207 dnsmasq-dhcp[2906328]: read /opt/stack/data/neutron/dhcp/d7f7bdcd-c3b8-4d96-9c1c-acf2a14b2367/opts
Oct 17 19:38:42.909049 podb-esxi207 dnsmasq[2904659]: read /opt/stack/data/neutron/dhcp/6387eeee-88a6-422a-90e6-0f2c1127c48f/addn_hosts - 2 names
Oct 17 19:38:42.909143 podb-esxi207 dnsmasq-dhcp[2904659]: read /opt/stack/data/neutron/dhcp/6387eeee-88a6-422a-90e6-0f2c1127c48f/host
Oct 17 19:38:42.909256 podb-esxi207 dnsmasq-dhcp[2904659]: read /opt/stack/data/neutron/dhcp/6387eeee-88a6-422a-90e6-0f2c1127c48f/opts
Oct 17 19:38:46.275221 podb-esxi207 dnsmasq[2908003]: started, version 2.90 cachesize 150
Oct 17 19:38:46.275248 podb-esxi207 dnsmasq[2908003]: DNS service limited to local subnets
Oct 17 19:38:46.275263 podb-esxi207 dnsmasq[2908003]: compile time options: IPv6 GNU-getopt DBus no-UBus i18n IDN2 DHCP DHCPv6 no-Lua TFTP conntrack ipset no-nftset auth cryptohash DNSSEC loop-detect inotify dumpfile
Oct 17 19:38:46.275299 podb-esxi207 dnsmasq-dhcp[2908003]: DHCP, static leases only on 10.1.0.0, lease time 1d
Oct 17 19:38:46.275455 podb-esxi207 dnsmasq[2908003]: reading /etc/resolv.conf
Oct 17 19:38:46.275473 podb-esxi207 dnsmasq[2908003]: using nameserver 127.0.0.53#53
Oct 17 19:38:46.275587 podb-esxi207 dnsmasq[2908003]: read /opt/stack/data/neutron/dhcp/250d5e40-fb06-465f-b338-dca61e2a479c/addn_hosts - 2 names
Oct 17 19:38:46.275644 podb-esxi207 dnsmasq-dhcp[2908003]: read /opt/stack/data/neutron/dhcp/250d5e40-fb06-465f-b338-dca61e2a479c/host
Oct 17 19:38:46.275710 podb-esxi207 dnsmasq-dhcp[2908003]: read /opt/stack/data/neutron/dhcp/250d5e40-fb06-465f-b338-dca61e2a479c/opts
Oct 17 19:38:49.327713 podb-esxi207 dnsmasq[2908170]: started, version 2.90 cachesize 150
Oct 17 19:38:49.327738 podb-esxi207 dnsmasq[2908170]: DNS service limited to local subnets
Oct 17 19:38:49.327752 podb-esxi207 dnsmasq[2908170]: compile time options: IPv6 GNU-getopt DBus no-UBus i18n IDN2 DHCP DHCPv6 no-Lua TFTP conntrack ipset no-nftset auth cryptohash DNSSEC loop-detect inotify dumpfile
Oct 17 19:38:49.327792 podb-esxi207 dnsmasq-dhcp[2908170]: DHCP, static leases only on 10.1.0.0, lease time 1d
Oct 17 19:38:49.327939 podb-esxi207 dnsmasq[2908170]: reading /etc/resolv.conf
Oct 17 19:38:49.327954 podb-esxi207 dnsmasq[2908170]: using nameserver 127.0.0.53#53
Oct 17 19:38:49.328062 podb-esxi207 dnsmasq[2908170]: read /opt/stack/data/neutron/dhcp/70d8d8ed-49be-4740-a262-73042cfb7ff4/addn_hosts - 2 names
Oct 17 19:38:49.328115 podb-esxi207 dnsmasq-dhcp[2908170]: read /opt/stack/data/neutron/dhcp/70d8d8ed-49be-4740-a262-73042cfb7ff4/host
Oct 17 19:38:49.328194 podb-esxi207 dnsmasq-dhcp[2908170]: read /opt/stack/data/neutron/dhcp/70d8d8ed-49be-4740-a262-73042cfb7ff4/opts
Oct 17 19:38:49.855934 podb-esxi207 dnsmasq[2905086]: read /opt/stack/data/neutron/dhcp/e00ba5e2-29f3-4a34-958c-a3df481e1c9c/addn_hosts - 2 names
Oct 17 19:38:49.856013 podb-esxi207 dnsmasq-dhcp[2905086]: read /opt/stack/data/neutron/dhcp/e00ba5e2-29f3-4a34-958c-a3df481e1c9c/host
Oct 17 19:38:49.856083 podb-esxi207 dnsmasq-dhcp[2905086]: read /opt/stack/data/neutron/dhcp/e00ba5e2-29f3-4a34-958c-a3df481e1c9c/opts
Oct 17 19:38:50.574682 podb-esxi207 dnsmasq[2905585]: read /opt/stack/data/neutron/dhcp/3a7d7ac7-4acb-4256-8e40-db19666a91ce/addn_hosts - 2 names
Oct 17 19:38:50.574780 podb-esxi207 dnsmasq-dhcp[2905585]: read /opt/stack/data/neutron/dhcp/3a7d7ac7-4acb-4256-8e40-db19666a91ce/host
Oct 17 19:38:50.574865 podb-esxi207 dnsmasq-dhcp[2905585]: read /opt/stack/data/neutron/dhcp/3a7d7ac7-4acb-4256-8e40-db19666a91ce/opts
Oct 17 19:38:51.805253 podb-esxi207 dnsmasq[2906328]: read /opt/stack/data/neutron/dhcp/d7f7bdcd-c3b8-4d96-9c1c-acf2a14b2367/addn_hosts - 2 names
Oct 17 19:38:51.805372 podb-esxi207 dnsmasq-dhcp[2906328]: read /opt/stack/data/neutron/dhcp/d7f7bdcd-c3b8-4d96-9c1c-acf2a14b2367/host
Oct 17 19:38:51.805478 podb-esxi207 dnsmasq-dhcp[2906328]: read /opt/stack/data/neutron/dhcp/d7f7bdcd-c3b8-4d96-9c1c-acf2a14b2367/opts
Oct 17 19:38:55.064069 podb-esxi207 dnsmasq[2908427]: started, version 2.90 cachesize 150
Oct 17 19:38:55.064091 podb-esxi207 dnsmasq[2908427]: DNS service limited to local subnets
Oct 17 19:38:55.064106 podb-esxi207 dnsmasq[2908427]: compile time options: IPv6 GNU-getopt DBus no-UBus i18n IDN2 DHCP DHCPv6 no-Lua TFTP conntrack ipset no-nftset auth cryptohash DNSSEC loop-detect inotify dumpfile
Oct 17 19:38:55.064145 podb-esxi207 dnsmasq-dhcp[2908427]: DHCP, static leases only on 10.1.0.0, lease time 1d
Oct 17 19:38:55.064289 podb-esxi207 dnsmasq[2908427]: reading /etc/resolv.conf
Oct 17 19:38:55.064305 podb-esxi207 dnsmasq[2908427]: using nameserver 127.0.0.53#53
Oct 17 19:38:55.064418 podb-esxi207 dnsmasq[2908427]: read /opt/stack/data/neutron/dhcp/89749634-39fe-4666-918d-069f6cceae61/addn_hosts - 4 names
Oct 17 19:38:55.064479 podb-esxi207 dnsmasq-dhcp[2908427]: read /opt/stack/data/neutron/dhcp/89749634-39fe-4666-918d-069f6cceae61/host
Oct 17 19:38:55.064551 podb-esxi207 dnsmasq-dhcp[2908427]: read /opt/stack/data/neutron/dhcp/89749634-39fe-4666-918d-069f6cceae61/opts
Oct 17 19:38:57.593728 podb-esxi207 dnsmasq[2908538]: started, version 2.90 cachesize 150
Oct 17 19:38:57.593751 podb-esxi207 dnsmasq[2908538]: DNS service limited to local subnets
Oct 17 19:38:57.593766 podb-esxi207 dnsmasq[2908538]: compile time options: IPv6 GNU-getopt DBus no-UBus i18n IDN2 DHCP DHCPv6 no-Lua TFTP conntrack ipset no-nftset auth cryptohash DNSSEC loop-detect inotify dumpfile
Oct 17 19:38:57.593800 podb-esxi207 dnsmasq-dhcp[2908538]: DHCP, static leases only on 10.1.0.0, lease time 1d
Oct 17 19:38:57.593946 podb-esxi207 dnsmasq[2908538]: reading /etc/resolv.conf
Oct 17 19:38:57.593961 podb-esxi207 dnsmasq[2908538]: using nameserver 127.0.0.53#53
Oct 17 19:38:57.594077 podb-esxi207 dnsmasq[2908538]: read /opt/stack/data/neutron/dhcp/603e96f8-2e06-42c7-943f-7c2f80fecae9/addn_hosts - 4 names
Oct 17 19:38:57.594137 podb-esxi207 dnsmasq-dhcp[2908538]: read /opt/stack/data/neutron/dhcp/603e96f8-2e06-42c7-943f-7c2f80fecae9/host
Oct 17 19:38:57.594200 podb-esxi207 dnsmasq-dhcp[2908538]: read /opt/stack/data/neutron/dhcp/603e96f8-2e06-42c7-943f-7c2f80fecae9/opts
Oct 17 19:38:57.620278 podb-esxi207 dnsmasq[2904659]: exiting on receipt of SIGTERM
Oct 17 19:38:58.222519 podb-esxi207 dnsmasq[2905585]: exiting on receipt of SIGTERM
Oct 17 19:39:00.374577 podb-esxi207 dnsmasq[2907690]: read /opt/stack/data/neutron/dhcp/b6968e3d-b39e-4e92-bc5b-8c946970dc89/addn_hosts - 2 names
Oct 17 19:39:00.374652 podb-esxi207 dnsmasq-dhcp[2907690]: read /opt/stack/data/neutron/dhcp/b6968e3d-b39e-4e92-bc5b-8c946970dc89/host
Oct 17 19:39:00.374728 podb-esxi207 dnsmasq-dhcp[2907690]: read /opt/stack/data/neutron/dhcp/b6968e3d-b39e-4e92-bc5b-8c946970dc89/opts
Oct 17 19:39:00.893656 podb-esxi207 dnsmasq-dhcp[2905086]: DHCPDISCOVER(tapade8fc9b-e9) fa:16:3e:e0:cd:84 no address available
Oct 17 19:39:01.604536 podb-esxi207 dnsmasq[2908003]: read /opt/stack/data/neutron/dhcp/250d5e40-fb06-465f-b338-dca61e2a479c/addn_hosts - 2 names
Oct 17 19:39:01.604561 podb-esxi207 dnsmasq-dhcp[2908003]: read /opt/stack/data/neutron/dhcp/250d5e40-fb06-465f-b338-dca61e2a479c/host
Oct 17 19:39:01.604582 podb-esxi207 dnsmasq-dhcp[2908003]: read /opt/stack/data/neutron/dhcp/250d5e40-fb06-465f-b338-dca61e2a479c/opts
Oct 17 19:39:02.835548 podb-esxi207 dnsmasq[2908170]: read /opt/stack/data/neutron/dhcp/70d8d8ed-49be-4740-a262-73042cfb7ff4/addn_hosts - 2 names
Oct 17 19:39:02.835629 podb-esxi207 dnsmasq-dhcp[2908170]: read /opt/stack/data/neutron/dhcp/70d8d8ed-49be-4740-a262-73042cfb7ff4/host
Oct 17 19:39:02.835730 podb-esxi207 dnsmasq-dhcp[2908170]: read /opt/stack/data/neutron/dhcp/70d8d8ed-49be-4740-a262-73042cfb7ff4/opts
Oct 17 19:39:03.953812 podb-esxi207 dnsmasq-dhcp[2905086]: DHCPDISCOVER(tapade8fc9b-e9) fa:16:3e:e0:cd:84 no address available
Oct 17 19:39:04.059743 podb-esxi207 dnsmasq[2908427]: read /opt/stack/data/neutron/dhcp/89749634-39fe-4666-918d-069f6cceae61/addn_hosts - 4 names
Oct 17 19:39:04.059821 podb-esxi207 dnsmasq-dhcp[2908427]: read /opt/stack/data/neutron/dhcp/89749634-39fe-4666-918d-069f6cceae61/host
Oct 17 19:39:04.059928 podb-esxi207 dnsmasq-dhcp[2908427]: read /opt/stack/data/neutron/dhcp/89749634-39fe-4666-918d-069f6cceae61/opts
Oct 17 19:39:04.074395 podb-esxi207 dnsmasq-dhcp[2906328]: DHCPDISCOVER(tap79f5418e-5b) fa:16:3e:dc:80:d4 no address available
Oct 17 19:39:05.281503 podb-esxi207 dnsmasq[2908538]: read /opt/stack/data/neutron/dhcp/603e96f8-2e06-42c7-943f-7c2f80fecae9/addn_hosts - 4 names
Oct 17 19:39:05.281607 podb-esxi207 dnsmasq-dhcp[2908538]: read /opt/stack/data/neutron/dhcp/603e96f8-2e06-42c7-943f-7c2f80fecae9/host
Oct 17 19:39:05.281693 podb-esxi207 dnsmasq-dhcp[2908538]: read /opt/stack/data/neutron/dhcp/603e96f8-2e06-42c7-943f-7c2f80fecae9/opts
Oct 17 19:39:05.993177 podb-esxi207 dnsmasq-dhcp[2906328]: DHCPDISCOVER(tap79f5418e-5b) fa:16:3e:cf:b7:cc no address available
Oct 17 19:39:08.508818 podb-esxi207 dnsmasq-dhcp[2906328]: DHCPDISCOVER(tap79f5418e-5b) fa:16:3e:dc:80:d4 no address available
Oct 17 19:39:08.529628 podb-esxi207 dnsmasq[2906691]: read /opt/stack/data/neutron/dhcp/9006f36d-5719-436d-9344-bb61b8d0e51c/addn_hosts - 2 names
Oct 17 19:39:08.529660 podb-esxi207 dnsmasq-dhcp[2906691]: read /opt/stack/data/neutron/dhcp/9006f36d-5719-436d-9344-bb61b8d0e51c/host
Oct 17 19:39:08.529683 podb-esxi207 dnsmasq-dhcp[2906691]: read /opt/stack/data/neutron/dhcp/9006f36d-5719-436d-9344-bb61b8d0e51c/opts
Oct 17 19:39:09.255506 podb-esxi207 dnsmasq[2907690]: read /opt/stack/data/neutron/dhcp/b6968e3d-b39e-4e92-bc5b-8c946970dc89/addn_hosts - 2 names
Oct 17 19:39:09.255611 podb-esxi207 dnsmasq-dhcp[2907690]: read /opt/stack/data/neutron/dhcp/b6968e3d-b39e-4e92-bc5b-8c946970dc89/host
Oct 17 19:39:09.255722 podb-esxi207 dnsmasq-dhcp[2907690]: read /opt/stack/data/neutron/dhcp/b6968e3d-b39e-4e92-bc5b-8c946970dc89/opts
Oct 17 19:39:09.472003 podb-esxi207 dnsmasq-dhcp[2906328]: DHCPDISCOVER(tap79f5418e-5b) fa:16:3e:cf:b7:cc no address available
Oct 17 19:39:09.978745 podb-esxi207 dnsmasq[2908003]: read /opt/stack/data/neutron/dhcp/250d5e40-fb06-465f-b338-dca61e2a479c/addn_hosts - 2 names
Oct 17 19:39:09.978794 podb-esxi207 dnsmasq-dhcp[2908003]: read /opt/stack/data/neutron/dhcp/250d5e40-fb06-465f-b338-dca61e2a479c/host
Oct 17 19:39:09.978834 podb-esxi207 dnsmasq-dhcp[2908003]: read /opt/stack/data/neutron/dhcp/250d5e40-fb06-465f-b338-dca61e2a479c/opts
Oct 17 19:39:10.534341 podb-esxi207 dnsmasq-dhcp[2908538]: DHCPDISCOVER(tapc93614aa-f8) fa:16:3e:e5:ea:85
Oct 17 19:39:10.534367 podb-esxi207 dnsmasq-dhcp[2908538]: DHCPOFFER(tapc93614aa-f8) 10.1.0.11 fa:16:3e:e5:ea:85
Oct 17 19:39:10.545687 podb-esxi207 dnsmasq-dhcp[2908538]: DHCPREQUEST(tapc93614aa-f8) 10.1.0.11 fa:16:3e:e5:ea:85
Oct 17 19:39:10.545715 podb-esxi207 dnsmasq-dhcp[2908538]: DHCPACK(tapc93614aa-f8) 10.1.0.11 fa:16:3e:e5:ea:85 host-10-1-0-11
Oct 17 19:39:10.789073 podb-esxi207 dnsmasq[2908170]: read /opt/stack/data/neutron/dhcp/70d8d8ed-49be-4740-a262-73042cfb7ff4/addn_hosts - 2 names
Oct 17 19:39:10.789173 podb-esxi207 dnsmasq-dhcp[2908170]: read /opt/stack/data/neutron/dhcp/70d8d8ed-49be-4740-a262-73042cfb7ff4/host
Oct 17 19:39:10.789283 podb-esxi207 dnsmasq-dhcp[2908170]: read /opt/stack/data/neutron/dhcp/70d8d8ed-49be-4740-a262-73042cfb7ff4/opts
Oct 17 19:39:11.527977 podb-esxi207 dnsmasq[2905086]: read /opt/stack/data/neutron/dhcp/e00ba5e2-29f3-4a34-958c-a3df481e1c9c/addn_hosts - 4 names
Oct 17 19:39:11.528089 podb-esxi207 dnsmasq-dhcp[2905086]: read /opt/stack/data/neutron/dhcp/e00ba5e2-29f3-4a34-958c-a3df481e1c9c/host
Oct 17 19:39:11.528194 podb-esxi207 dnsmasq-dhcp[2905086]: read /opt/stack/data/neutron/dhcp/e00ba5e2-29f3-4a34-958c-a3df481e1c9c/opts
Oct 17 19:39:12.140256 podb-esxi207 dnsmasq-dhcp[2908427]: DHCPDISCOVER(tapa9d9a97f-dc) fa:16:3e:f0:0a:08
Oct 17 19:39:12.140280 podb-esxi207 dnsmasq-dhcp[2908427]: DHCPOFFER(tapa9d9a97f-dc) 10.1.0.6 fa:16:3e:f0:0a:08
Oct 17 19:39:12.153343 podb-esxi207 dnsmasq-dhcp[2908427]: DHCPREQUEST(tapa9d9a97f-dc) 10.1.0.6 fa:16:3e:f0:0a:08
Oct 17 19:39:12.153371 podb-esxi207 dnsmasq-dhcp[2908427]: DHCPACK(tapa9d9a97f-dc) 10.1.0.6 fa:16:3e:f0:0a:08 host-10-1-0-6
Oct 17 19:39:12.249962 podb-esxi207 dnsmasq-dhcp[2905086]: DHCPDISCOVER(tapade8fc9b-e9) fa:16:3e:e0:cd:84
Oct 17 19:39:12.249990 podb-esxi207 dnsmasq-dhcp[2905086]: DHCPOFFER(tapade8fc9b-e9) 10.1.0.8 fa:16:3e:e0:cd:84
Oct 17 19:39:12.274134 podb-esxi207 dnsmasq-dhcp[2905086]: DHCPREQUEST(tapade8fc9b-e9) 10.1.0.8 fa:16:3e:e0:cd:84
Oct 17 19:39:12.274169 podb-esxi207 dnsmasq-dhcp[2905086]: DHCPACK(tapade8fc9b-e9) 10.1.0.8 fa:16:3e:e0:cd:84 host-10-1-0-8
Oct 17 19:39:12.763853 podb-esxi207 dnsmasq[2906691]: read /opt/stack/data/neutron/dhcp/9006f36d-5719-436d-9344-bb61b8d0e51c/addn_hosts - 2 names
Oct 17 19:39:12.763958 podb-esxi207 dnsmasq-dhcp[2906691]: read /opt/stack/data/neutron/dhcp/9006f36d-5719-436d-9344-bb61b8d0e51c/host
Oct 17 19:39:12.764069 podb-esxi207 dnsmasq-dhcp[2906691]: read /opt/stack/data/neutron/dhcp/9006f36d-5719-436d-9344-bb61b8d0e51c/opts
Oct 17 19:39:13.507903 podb-esxi207 dnsmasq[2907690]: read /opt/stack/data/neutron/dhcp/b6968e3d-b39e-4e92-bc5b-8c946970dc89/addn_hosts - 2 names
Oct 17 19:39:13.508033 podb-esxi207 dnsmasq-dhcp[2907690]: read /opt/stack/data/neutron/dhcp/b6968e3d-b39e-4e92-bc5b-8c946970dc89/host
Oct 17 19:39:13.508142 podb-esxi207 dnsmasq-dhcp[2907690]: read /opt/stack/data/neutron/dhcp/b6968e3d-b39e-4e92-bc5b-8c946970dc89/opts
Oct 17 19:39:14.250762 podb-esxi207 dnsmasq[2908003]: read /opt/stack/data/neutron/dhcp/250d5e40-fb06-465f-b338-dca61e2a479c/addn_hosts - 2 names
Oct 17 19:39:14.250894 podb-esxi207 dnsmasq-dhcp[2908003]: read /opt/stack/data/neutron/dhcp/250d5e40-fb06-465f-b338-dca61e2a479c/host
Oct 17 19:39:14.251003 podb-esxi207 dnsmasq-dhcp[2908003]: read /opt/stack/data/neutron/dhcp/250d5e40-fb06-465f-b338-dca61e2a479c/opts
Oct 17 19:39:14.993558 podb-esxi207 dnsmasq[2908170]: read /opt/stack/data/neutron/dhcp/70d8d8ed-49be-4740-a262-73042cfb7ff4/addn_hosts - 2 names
Oct 17 19:39:14.993661 podb-esxi207 dnsmasq-dhcp[2908170]: read /opt/stack/data/neutron/dhcp/70d8d8ed-49be-4740-a262-73042cfb7ff4/host
Oct 17 19:39:14.993771 podb-esxi207 dnsmasq-dhcp[2908170]: read /opt/stack/data/neutron/dhcp/70d8d8ed-49be-4740-a262-73042cfb7ff4/opts
Oct 17 19:39:15.734782 podb-esxi207 dnsmasq[2906328]: read /opt/stack/data/neutron/dhcp/d7f7bdcd-c3b8-4d96-9c1c-acf2a14b2367/addn_hosts - 4 names
Oct 17 19:39:15.734932 podb-esxi207 dnsmasq-dhcp[2906328]: read /opt/stack/data/neutron/dhcp/d7f7bdcd-c3b8-4d96-9c1c-acf2a14b2367/host
Oct 17 19:39:15.735040 podb-esxi207 dnsmasq-dhcp[2906328]: read /opt/stack/data/neutron/dhcp/d7f7bdcd-c3b8-4d96-9c1c-acf2a14b2367/opts
Oct 17 19:39:16.982749 podb-esxi207 dnsmasq-dhcp[2906328]: DHCPDISCOVER(tap79f5418e-5b) fa:16:3e:dc:80:d4
Oct 17 19:39:16.982781 podb-esxi207 dnsmasq-dhcp[2906328]: DHCPOFFER(tap79f5418e-5b) 10.1.0.5 fa:16:3e:dc:80:d4
Oct 17 19:39:16.985187 podb-esxi207 dnsmasq[2908538]: read /opt/stack/data/neutron/dhcp/603e96f8-2e06-42c7-943f-7c2f80fecae9/addn_hosts - 4 names
Oct 17 19:39:16.985345 podb-esxi207 dnsmasq-dhcp[2908538]: read /opt/stack/data/neutron/dhcp/603e96f8-2e06-42c7-943f-7c2f80fecae9/host
Oct 17 19:39:16.985473 podb-esxi207 dnsmasq-dhcp[2908538]: read /opt/stack/data/neutron/dhcp/603e96f8-2e06-42c7-943f-7c2f80fecae9/opts
Oct 17 19:39:17.005605 podb-esxi207 dnsmasq-dhcp[2906328]: DHCPREQUEST(tap79f5418e-5b) 10.1.0.5 fa:16:3e:dc:80:d4
Oct 17 19:39:17.005644 podb-esxi207 dnsmasq-dhcp[2906328]: DHCPACK(tap79f5418e-5b) 10.1.0.5 fa:16:3e:dc:80:d4 host-10-1-0-5
Oct 17 19:39:17.735686 podb-esxi207 dnsmasq[2908427]: read /opt/stack/data/neutron/dhcp/89749634-39fe-4666-918d-069f6cceae61/addn_hosts - 4 names
Oct 17 19:39:17.735823 podb-esxi207 dnsmasq-dhcp[2908427]: read /opt/stack/data/neutron/dhcp/89749634-39fe-4666-918d-069f6cceae61/host
Oct 17 19:39:17.735944 podb-esxi207 dnsmasq-dhcp[2908427]: read /opt/stack/data/neutron/dhcp/89749634-39fe-4666-918d-069f6cceae61/opts
Oct 17 19:39:18.086415 podb-esxi207 dnsmasq-dhcp[2906328]: DHCPDISCOVER(tap79f5418e-5b) fa:16:3e:cf:b7:cc no address available
Oct 17 19:39:18.476963 podb-esxi207 dnsmasq[2906328]: read /opt/stack/data/neutron/dhcp/d7f7bdcd-c3b8-4d96-9c1c-acf2a14b2367/addn_hosts - 6 names
Oct 17 19:39:18.477072 podb-esxi207 dnsmasq-dhcp[2906328]: read /opt/stack/data/neutron/dhcp/d7f7bdcd-c3b8-4d96-9c1c-acf2a14b2367/host
Oct 17 19:39:18.477179 podb-esxi207 dnsmasq-dhcp[2906328]: read /opt/stack/data/neutron/dhcp/d7f7bdcd-c3b8-4d96-9c1c-acf2a14b2367/opts
Oct 17 19:39:19.729885 podb-esxi207 dnsmasq[2908538]: read /opt/stack/data/neutron/dhcp/603e96f8-2e06-42c7-943f-7c2f80fecae9/addn_hosts - 4 names
Oct 17 19:39:19.730023 podb-esxi207 dnsmasq-dhcp[2908538]: read /opt/stack/data/neutron/dhcp/603e96f8-2e06-42c7-943f-7c2f80fecae9/host
Oct 17 19:39:19.730133 podb-esxi207 dnsmasq-dhcp[2908538]: read /opt/stack/data/neutron/dhcp/603e96f8-2e06-42c7-943f-7c2f80fecae9/opts
Oct 17 19:39:20.480233 podb-esxi207 dnsmasq[2908427]: read /opt/stack/data/neutron/dhcp/89749634-39fe-4666-918d-069f6cceae61/addn_hosts - 4 names
Oct 17 19:39:20.480349 podb-esxi207 dnsmasq-dhcp[2908427]: read /opt/stack/data/neutron/dhcp/89749634-39fe-4666-918d-069f6cceae61/host
Oct 17 19:39:20.480464 podb-esxi207 dnsmasq-dhcp[2908427]: read /opt/stack/data/neutron/dhcp/89749634-39fe-4666-918d-069f6cceae61/opts
Oct 17 19:39:21.734152 podb-esxi207 dnsmasq[2908538]: read /opt/stack/data/neutron/dhcp/603e96f8-2e06-42c7-943f-7c2f80fecae9/addn_hosts - 4 names
Oct 17 19:39:21.734291 podb-esxi207 dnsmasq-dhcp[2908538]: read /opt/stack/data/neutron/dhcp/603e96f8-2e06-42c7-943f-7c2f80fecae9/host
Oct 17 19:39:21.734431 podb-esxi207 dnsmasq-dhcp[2908538]: read /opt/stack/data/neutron/dhcp/603e96f8-2e06-42c7-943f-7c2f80fecae9/opts
Oct 17 19:39:22.484062 podb-esxi207 dnsmasq[2908427]: read /opt/stack/data/neutron/dhcp/89749634-39fe-4666-918d-069f6cceae61/addn_hosts - 4 names
Oct 17 19:39:22.484185 podb-esxi207 dnsmasq-dhcp[2908427]: read /opt/stack/data/neutron/dhcp/89749634-39fe-4666-918d-069f6cceae61/host
Oct 17 19:39:22.484312 podb-esxi207 dnsmasq-dhcp[2908427]: read /opt/stack/data/neutron/dhcp/89749634-39fe-4666-918d-069f6cceae61/opts
Oct 17 19:39:23.238128 podb-esxi207 sudo[2909329]:    stack : PWD=/ ; USER=root ; COMMAND=/opt/stack/data/venv/bin/neutron-rootwrap /etc/neutron/rootwrap.conf privsep-helper --config-file /etc/neutron/neutron.conf --config-file /etc/neutron/dhcp_agent.ini --privsep_context neutron.privileged.dhcp_release_cmd --privsep_sock_path /tmp/tmp7xdo8rhq/privsep.sock
Oct 17 19:39:23.239289 podb-esxi207 sudo[2909329]: pam_unix(sudo:session): session opened for user root(uid=0) by (uid=1001)
Oct 17 19:39:24.017076 podb-esxi207 sudo[2909329]: pam_unix(sudo:session): session closed for user root
Oct 17 19:39:24.263290 podb-esxi207 dnsmasq-dhcp[2908538]: DHCPRELEASE(tapc93614aa-f8) 10.1.0.11 fa:16:3e:e5:ea:85
Oct 17 19:39:24.279170 podb-esxi207 dnsmasq-dhcp[2908538]: DHCPRELEASE(tapc93614aa-f8) 10.1.0.11 fa:16:3e:e5:ea:85 unknown lease
Oct 17 19:39:25.106946 podb-esxi207 dnsmasq[2908538]: read /opt/stack/data/neutron/dhcp/603e96f8-2e06-42c7-943f-7c2f80fecae9/addn_hosts - 2 names
Oct 17 19:39:25.107078 podb-esxi207 dnsmasq-dhcp[2908538]: read /opt/stack/data/neutron/dhcp/603e96f8-2e06-42c7-943f-7c2f80fecae9/host
Oct 17 19:39:25.107198 podb-esxi207 dnsmasq-dhcp[2908538]: read /opt/stack/data/neutron/dhcp/603e96f8-2e06-42c7-943f-7c2f80fecae9/opts
Oct 17 19:39:30.791053 podb-esxi207 dnsmasq-dhcp[2908538]: DHCPRELEASE(tapc93614aa-f8) 10.1.0.1 fa:16:3e:d5:4e:64
Oct 17 19:39:31.616381 podb-esxi207 dnsmasq[2908538]: read /opt/stack/data/neutron/dhcp/603e96f8-2e06-42c7-943f-7c2f80fecae9/addn_hosts - 0 names
Oct 17 19:39:31.616492 podb-esxi207 dnsmasq-dhcp[2908538]: read /opt/stack/data/neutron/dhcp/603e96f8-2e06-42c7-943f-7c2f80fecae9/host
Oct 17 19:39:31.616593 podb-esxi207 dnsmasq-dhcp[2908538]: read /opt/stack/data/neutron/dhcp/603e96f8-2e06-42c7-943f-7c2f80fecae9/opts
Oct 17 19:39:32.473078 podb-esxi207 dnsmasq[2908538]: exiting on receipt of SIGTERM
Oct 17 19:39:34.312639 podb-esxi207 dnsmasq-dhcp[2906328]: DHCPDISCOVER(tap79f5418e-5b) fa:16:3e:cf:b7:cc
Oct 17 19:39:34.312670 podb-esxi207 dnsmasq-dhcp[2906328]: DHCPOFFER(tap79f5418e-5b) 10.1.0.4 fa:16:3e:cf:b7:cc
Oct 17 19:39:34.334877 podb-esxi207 dnsmasq-dhcp[2906328]: DHCPREQUEST(tap79f5418e-5b) 10.1.0.4 fa:16:3e:cf:b7:cc
Oct 17 19:39:34.334916 podb-esxi207 dnsmasq-dhcp[2906328]: DHCPACK(tap79f5418e-5b) 10.1.0.4 fa:16:3e:cf:b7:cc host-10-1-0-4
Oct 17 19:39:36.530613 podb-esxi207 dnsmasq[2909499]: started, version 2.90 cachesize 150
Oct 17 19:39:36.530638 podb-esxi207 dnsmasq[2909499]: DNS service limited to local subnets
Oct 17 19:39:36.530654 podb-esxi207 dnsmasq[2909499]: compile time options: IPv6 GNU-getopt DBus no-UBus i18n IDN2 DHCP DHCPv6 no-Lua TFTP conntrack ipset no-nftset auth cryptohash DNSSEC loop-detect inotify dumpfile
Oct 17 19:39:36.530704 podb-esxi207 dnsmasq-dhcp[2909499]: DHCP, static leases only on 10.1.0.0, lease time 1d
Oct 17 19:39:36.530859 podb-esxi207 dnsmasq[2909499]: reading /etc/resolv.conf
Oct 17 19:39:36.530876 podb-esxi207 dnsmasq[2909499]: using nameserver 127.0.0.53#53
Oct 17 19:39:36.530967 podb-esxi207 dnsmasq[2909499]: read /opt/stack/data/neutron/dhcp/01bddcdd-3278-4116-9e0f-eac5cbecf5df/addn_hosts - 0 names
Oct 17 19:39:36.531022 podb-esxi207 dnsmasq-dhcp[2909499]: read /opt/stack/data/neutron/dhcp/01bddcdd-3278-4116-9e0f-eac5cbecf5df/host
Oct 17 19:39:36.531082 podb-esxi207 dnsmasq-dhcp[2909499]: read /opt/stack/data/neutron/dhcp/01bddcdd-3278-4116-9e0f-eac5cbecf5df/opts
Oct 17 19:39:38.077779 podb-esxi207 dnsmasq[2909499]: read /opt/stack/data/neutron/dhcp/01bddcdd-3278-4116-9e0f-eac5cbecf5df/addn_hosts - 2 names
Oct 17 19:39:38.077882 podb-esxi207 dnsmasq-dhcp[2909499]: read /opt/stack/data/neutron/dhcp/01bddcdd-3278-4116-9e0f-eac5cbecf5df/host
Oct 17 19:39:38.077983 podb-esxi207 dnsmasq-dhcp[2909499]: read /opt/stack/data/neutron/dhcp/01bddcdd-3278-4116-9e0f-eac5cbecf5df/opts
Oct 17 19:39:41.005346 podb-esxi207 dnsmasq[2909803]: started, version 2.90 cachesize 150
Oct 17 19:39:41.005370 podb-esxi207 dnsmasq[2909803]: DNS service limited to local subnets
Oct 17 19:39:41.005384 podb-esxi207 dnsmasq[2909803]: compile time options: IPv6 GNU-getopt DBus no-UBus i18n IDN2 DHCP DHCPv6 no-Lua TFTP conntrack ipset no-nftset auth cryptohash DNSSEC loop-detect inotify dumpfile
Oct 17 19:39:41.005419 podb-esxi207 dnsmasq-dhcp[2909803]: DHCP, static leases only on 10.1.0.0, lease time 1d
Oct 17 19:39:41.005569 podb-esxi207 dnsmasq[2909803]: reading /etc/resolv.conf
Oct 17 19:39:41.005585 podb-esxi207 dnsmasq[2909803]: using nameserver 127.0.0.53#53
Oct 17 19:39:41.005672 podb-esxi207 dnsmasq[2909803]: read /opt/stack/data/neutron/dhcp/c9fffa74-782a-4fdf-a0a7-b95e92122866/addn_hosts - 0 names
Oct 17 19:39:41.005725 podb-esxi207 dnsmasq-dhcp[2909803]: read /opt/stack/data/neutron/dhcp/c9fffa74-782a-4fdf-a0a7-b95e92122866/host
Oct 17 19:39:41.005780 podb-esxi207 dnsmasq-dhcp[2909803]: read /opt/stack/data/neutron/dhcp/c9fffa74-782a-4fdf-a0a7-b95e92122866/opts
Oct 17 19:39:42.051826 podb-esxi207 dnsmasq[2909499]: read /opt/stack/data/neutron/dhcp/01bddcdd-3278-4116-9e0f-eac5cbecf5df/addn_hosts - 2 names
Oct 17 19:39:42.051915 podb-esxi207 dnsmasq-dhcp[2909499]: read /opt/stack/data/neutron/dhcp/01bddcdd-3278-4116-9e0f-eac5cbecf5df/host
Oct 17 19:39:42.052019 podb-esxi207 dnsmasq-dhcp[2909499]: read /opt/stack/data/neutron/dhcp/01bddcdd-3278-4116-9e0f-eac5cbecf5df/opts
Oct 17 19:39:43.276751 podb-esxi207 dnsmasq[2909803]: read /opt/stack/data/neutron/dhcp/c9fffa74-782a-4fdf-a0a7-b95e92122866/addn_hosts - 2 names
Oct 17 19:39:43.276825 podb-esxi207 dnsmasq-dhcp[2909803]: read /opt/stack/data/neutron/dhcp/c9fffa74-782a-4fdf-a0a7-b95e92122866/host
Oct 17 19:39:43.276914 podb-esxi207 dnsmasq-dhcp[2909803]: read /opt/stack/data/neutron/dhcp/c9fffa74-782a-4fdf-a0a7-b95e92122866/opts
Oct 17 19:39:44.499320 podb-esxi207 dnsmasq[2909499]: read /opt/stack/data/neutron/dhcp/01bddcdd-3278-4116-9e0f-eac5cbecf5df/addn_hosts - 2 names
Oct 17 19:39:44.499404 podb-esxi207 dnsmasq-dhcp[2909499]: read /opt/stack/data/neutron/dhcp/01bddcdd-3278-4116-9e0f-eac5cbecf5df/host
Oct 17 19:39:44.499473 podb-esxi207 dnsmasq-dhcp[2909499]: read /opt/stack/data/neutron/dhcp/01bddcdd-3278-4116-9e0f-eac5cbecf5df/opts
Oct 17 19:39:45.227837 podb-esxi207 dnsmasq[2909803]: read /opt/stack/data/neutron/dhcp/c9fffa74-782a-4fdf-a0a7-b95e92122866/addn_hosts - 2 names
Oct 17 19:39:45.227915 podb-esxi207 dnsmasq-dhcp[2909803]: read /opt/stack/data/neutron/dhcp/c9fffa74-782a-4fdf-a0a7-b95e92122866/host
Oct 17 19:39:45.227983 podb-esxi207 dnsmasq-dhcp[2909803]: read /opt/stack/data/neutron/dhcp/c9fffa74-782a-4fdf-a0a7-b95e92122866/opts
Oct 17 19:39:46.450193 podb-esxi207 dnsmasq[2909803]: read /opt/stack/data/neutron/dhcp/c9fffa74-782a-4fdf-a0a7-b95e92122866/addn_hosts - 2 names
Oct 17 19:39:46.450294 podb-esxi207 dnsmasq-dhcp[2909803]: read /opt/stack/data/neutron/dhcp/c9fffa74-782a-4fdf-a0a7-b95e92122866/host
Oct 17 19:39:46.450397 podb-esxi207 dnsmasq-dhcp[2909803]: read /opt/stack/data/neutron/dhcp/c9fffa74-782a-4fdf-a0a7-b95e92122866/opts
Oct 17 19:40:08.413135 podb-esxi207 dnsmasq[2910738]: started, version 2.90 cachesize 150
Oct 17 19:40:08.413162 podb-esxi207 dnsmasq[2910738]: DNS service limited to local subnets
Oct 17 19:40:08.413176 podb-esxi207 dnsmasq[2910738]: compile time options: IPv6 GNU-getopt DBus no-UBus i18n IDN2 DHCP DHCPv6 no-Lua TFTP conntrack ipset no-nftset auth cryptohash DNSSEC loop-detect inotify dumpfile
Oct 17 19:40:08.413221 podb-esxi207 dnsmasq-dhcp[2910738]: DHCP, static leases only on 10.1.1.0, lease time 1d
Oct 17 19:40:08.413367 podb-esxi207 dnsmasq[2910738]: reading /etc/resolv.conf
Oct 17 19:40:08.413383 podb-esxi207 dnsmasq[2910738]: using nameserver 127.0.0.53#53
Oct 17 19:40:08.413465 podb-esxi207 dnsmasq[2910738]: read /opt/stack/data/neutron/dhcp/c25aa612-6ae7-46ff-b556-91f6ecc2b2b4/addn_hosts - 0 names
Oct 17 19:40:08.413513 podb-esxi207 dnsmasq-dhcp[2910738]: read /opt/stack/data/neutron/dhcp/c25aa612-6ae7-46ff-b556-91f6ecc2b2b4/host
Oct 17 19:40:08.413575 podb-esxi207 dnsmasq-dhcp[2910738]: read /opt/stack/data/neutron/dhcp/c25aa612-6ae7-46ff-b556-91f6ecc2b2b4/opts
Oct 17 19:40:11.438988 podb-esxi207 dnsmasq[2910792]: started, version 2.90 cachesize 150
Oct 17 19:40:11.439013 podb-esxi207 dnsmasq[2910792]: DNS service limited to local subnets
Oct 17 19:40:11.439028 podb-esxi207 dnsmasq[2910792]: compile time options: IPv6 GNU-getopt DBus no-UBus i18n IDN2 DHCP DHCPv6 no-Lua TFTP conntrack ipset no-nftset auth cryptohash DNSSEC loop-detect inotify dumpfile
Oct 17 19:40:11.439068 podb-esxi207 dnsmasq-dhcp[2910792]: DHCP, static leases only on 10.2.2.0, lease time 1d
Oct 17 19:40:11.439213 podb-esxi207 dnsmasq[2910792]: reading /etc/resolv.conf
Oct 17 19:40:11.439229 podb-esxi207 dnsmasq[2910792]: using nameserver 127.0.0.53#53
Oct 17 19:40:11.439405 podb-esxi207 dnsmasq[2910792]: read /opt/stack/data/neutron/dhcp/796cbf42-9ab7-4046-a90d-459b5d13cb74/addn_hosts - 0 names
Oct 17 19:40:11.439458 podb-esxi207 dnsmasq-dhcp[2910792]: read /opt/stack/data/neutron/dhcp/796cbf42-9ab7-4046-a90d-459b5d13cb74/host
Oct 17 19:40:11.439523 podb-esxi207 dnsmasq-dhcp[2910792]: read /opt/stack/data/neutron/dhcp/796cbf42-9ab7-4046-a90d-459b5d13cb74/opts
Oct 17 19:40:12.475497 podb-esxi207 dnsmasq[2910738]: read /opt/stack/data/neutron/dhcp/c25aa612-6ae7-46ff-b556-91f6ecc2b2b4/addn_hosts - 4 names
Oct 17 19:40:12.475576 podb-esxi207 dnsmasq-dhcp[2910738]: read /opt/stack/data/neutron/dhcp/c25aa612-6ae7-46ff-b556-91f6ecc2b2b4/host
Oct 17 19:40:12.475621 podb-esxi207 dnsmasq-dhcp[2910738]: read /opt/stack/data/neutron/dhcp/c25aa612-6ae7-46ff-b556-91f6ecc2b2b4/opts
Oct 17 19:40:14.199909 podb-esxi207 dnsmasq[2910792]: read /opt/stack/data/neutron/dhcp/796cbf42-9ab7-4046-a90d-459b5d13cb74/addn_hosts - 0 names
Oct 17 19:40:14.199966 podb-esxi207 dnsmasq-dhcp[2910792]: read /opt/stack/data/neutron/dhcp/796cbf42-9ab7-4046-a90d-459b5d13cb74/host
Oct 17 19:40:14.200015 podb-esxi207 dnsmasq-dhcp[2910792]: read /opt/stack/data/neutron/dhcp/796cbf42-9ab7-4046-a90d-459b5d13cb74/opts
Oct 17 19:40:14.923525 podb-esxi207 dnsmasq[2910738]: read /opt/stack/data/neutron/dhcp/c25aa612-6ae7-46ff-b556-91f6ecc2b2b4/addn_hosts - 4 names
Oct 17 19:40:14.923603 podb-esxi207 dnsmasq-dhcp[2910738]: read /opt/stack/data/neutron/dhcp/c25aa612-6ae7-46ff-b556-91f6ecc2b2b4/host
Oct 17 19:40:14.923675 podb-esxi207 dnsmasq-dhcp[2910738]: read /opt/stack/data/neutron/dhcp/c25aa612-6ae7-46ff-b556-91f6ecc2b2b4/opts
Oct 17 19:40:16.149203 podb-esxi207 dnsmasq[2909499]: read /opt/stack/data/neutron/dhcp/01bddcdd-3278-4116-9e0f-eac5cbecf5df/addn_hosts - 4 names
Oct 17 19:40:16.149304 podb-esxi207 dnsmasq-dhcp[2909499]: read /opt/stack/data/neutron/dhcp/01bddcdd-3278-4116-9e0f-eac5cbecf5df/host
Oct 17 19:40:16.149396 podb-esxi207 dnsmasq-dhcp[2909499]: read /opt/stack/data/neutron/dhcp/01bddcdd-3278-4116-9e0f-eac5cbecf5df/opts
Oct 17 19:40:16.879192 podb-esxi207 dnsmasq[2910738]: read /opt/stack/data/neutron/dhcp/c25aa612-6ae7-46ff-b556-91f6ecc2b2b4/addn_hosts - 4 names
Oct 17 19:40:16.879300 podb-esxi207 dnsmasq-dhcp[2910738]: read /opt/stack/data/neutron/dhcp/c25aa612-6ae7-46ff-b556-91f6ecc2b2b4/host
Oct 17 19:40:16.879381 podb-esxi207 dnsmasq-dhcp[2910738]: read /opt/stack/data/neutron/dhcp/c25aa612-6ae7-46ff-b556-91f6ecc2b2b4/opts
Oct 17 19:40:17.601177 podb-esxi207 dnsmasq[2910792]: read /opt/stack/data/neutron/dhcp/796cbf42-9ab7-4046-a90d-459b5d13cb74/addn_hosts - 2 names
Oct 17 19:40:17.601269 podb-esxi207 dnsmasq-dhcp[2910792]: read /opt/stack/data/neutron/dhcp/796cbf42-9ab7-4046-a90d-459b5d13cb74/host
Oct 17 19:40:17.601330 podb-esxi207 dnsmasq-dhcp[2910792]: read /opt/stack/data/neutron/dhcp/796cbf42-9ab7-4046-a90d-459b5d13cb74/opts
Oct 17 19:40:18.834625 podb-esxi207 dnsmasq[2910738]: read /opt/stack/data/neutron/dhcp/c25aa612-6ae7-46ff-b556-91f6ecc2b2b4/addn_hosts - 6 names
Oct 17 19:40:18.834769 podb-esxi207 dnsmasq-dhcp[2910738]: read /opt/stack/data/neutron/dhcp/c25aa612-6ae7-46ff-b556-91f6ecc2b2b4/host
Oct 17 19:40:18.834856 podb-esxi207 dnsmasq-dhcp[2910738]: read /opt/stack/data/neutron/dhcp/c25aa612-6ae7-46ff-b556-91f6ecc2b2b4/opts
Oct 17 19:40:19.585866 podb-esxi207 dnsmasq[2910792]: read /opt/stack/data/neutron/dhcp/796cbf42-9ab7-4046-a90d-459b5d13cb74/addn_hosts - 4 names
Oct 17 19:40:19.585990 podb-esxi207 dnsmasq-dhcp[2910792]: read /opt/stack/data/neutron/dhcp/796cbf42-9ab7-4046-a90d-459b5d13cb74/host
Oct 17 19:40:19.586077 podb-esxi207 dnsmasq-dhcp[2910792]: read /opt/stack/data/neutron/dhcp/796cbf42-9ab7-4046-a90d-459b5d13cb74/opts
Oct 17 19:40:20.845102 podb-esxi207 dnsmasq[2910738]: read /opt/stack/data/neutron/dhcp/c25aa612-6ae7-46ff-b556-91f6ecc2b2b4/addn_hosts - 8 names
Oct 17 19:40:20.845210 podb-esxi207 dnsmasq-dhcp[2910738]: read /opt/stack/data/neutron/dhcp/c25aa612-6ae7-46ff-b556-91f6ecc2b2b4/host
Oct 17 19:40:20.845284 podb-esxi207 dnsmasq-dhcp[2910738]: read /opt/stack/data/neutron/dhcp/c25aa612-6ae7-46ff-b556-91f6ecc2b2b4/opts
Oct 17 19:40:39.198844 podb-esxi207 dnsmasq-dhcp[2905086]: DHCPRELEASE(tapade8fc9b-e9) 10.1.0.8 fa:16:3e:e0:cd:84
Oct 17 19:40:39.215832 podb-esxi207 dnsmasq-dhcp[2905086]: DHCPRELEASE(tapade8fc9b-e9) 10.1.0.8 fa:16:3e:e0:cd:84 unknown lease
Oct 17 19:40:40.042240 podb-esxi207 dnsmasq[2905086]: read /opt/stack/data/neutron/dhcp/e00ba5e2-29f3-4a34-958c-a3df481e1c9c/addn_hosts - 2 names
Oct 17 19:40:40.042364 podb-esxi207 dnsmasq-dhcp[2905086]: read /opt/stack/data/neutron/dhcp/e00ba5e2-29f3-4a34-958c-a3df481e1c9c/host
Oct 17 19:40:40.042478 podb-esxi207 dnsmasq-dhcp[2905086]: read /opt/stack/data/neutron/dhcp/e00ba5e2-29f3-4a34-958c-a3df481e1c9c/opts
Oct 17 19:40:44.588070 podb-esxi207 dnsmasq-dhcp[2905086]: DHCPRELEASE(tapade8fc9b-e9) 10.1.0.1 fa:16:3e:b4:0f:0c
Oct 17 19:40:45.412681 podb-esxi207 dnsmasq[2905086]: read /opt/stack/data/neutron/dhcp/e00ba5e2-29f3-4a34-958c-a3df481e1c9c/addn_hosts - 0 names
Oct 17 19:40:45.412879 podb-esxi207 dnsmasq-dhcp[2905086]: read /opt/stack/data/neutron/dhcp/e00ba5e2-29f3-4a34-958c-a3df481e1c9c/host
Oct 17 19:40:45.412938 podb-esxi207 dnsmasq-dhcp[2905086]: read /opt/stack/data/neutron/dhcp/e00ba5e2-29f3-4a34-958c-a3df481e1c9c/opts
Oct 17 19:40:46.270581 podb-esxi207 dnsmasq[2905086]: exiting on receipt of SIGTERM
Oct 17 19:40:46.964683 podb-esxi207 dnsmasq-dhcp[2906691]: DHCPRELEASE(tape3c53522-02) 10.1.0.1 fa:16:3e:5f:ab:2b
Oct 17 19:40:47.795102 podb-esxi207 dnsmasq[2906691]: read /opt/stack/data/neutron/dhcp/9006f36d-5719-436d-9344-bb61b8d0e51c/addn_hosts - 0 names
Oct 17 19:40:47.795215 podb-esxi207 dnsmasq-dhcp[2906691]: read /opt/stack/data/neutron/dhcp/9006f36d-5719-436d-9344-bb61b8d0e51c/host
Oct 17 19:40:47.795308 podb-esxi207 dnsmasq-dhcp[2906691]: read /opt/stack/data/neutron/dhcp/9006f36d-5719-436d-9344-bb61b8d0e51c/opts
Oct 17 19:40:48.559914 podb-esxi207 dnsmasq[2906691]: exiting on receipt of SIGTERM
Oct 17 19:40:49.237397 podb-esxi207 dnsmasq-dhcp[2908003]: DHCPRELEASE(tapbbb6389e-d0) 10.1.0.1 fa:16:3e:cf:af:ce
Oct 17 19:40:50.059812 podb-esxi207 dnsmasq[2908003]: read /opt/stack/data/neutron/dhcp/250d5e40-fb06-465f-b338-dca61e2a479c/addn_hosts - 0 names
Oct 17 19:40:50.059885 podb-esxi207 dnsmasq-dhcp[2908003]: read /opt/stack/data/neutron/dhcp/250d5e40-fb06-465f-b338-dca61e2a479c/host
Oct 17 19:40:50.059940 podb-esxi207 dnsmasq-dhcp[2908003]: read /opt/stack/data/neutron/dhcp/250d5e40-fb06-465f-b338-dca61e2a479c/opts
Oct 17 19:40:50.311128 podb-esxi207 dnsmasq[2908003]: exiting on receipt of SIGTERM
Oct 17 19:40:55.492191 podb-esxi207 dnsmasq[2912360]: started, version 2.90 cachesize 150
Oct 17 19:40:55.492216 podb-esxi207 dnsmasq[2912360]: DNS service limited to local subnets
Oct 17 19:40:55.492231 podb-esxi207 dnsmasq[2912360]: compile time options: IPv6 GNU-getopt DBus no-UBus i18n IDN2 DHCP DHCPv6 no-Lua TFTP conntrack ipset no-nftset auth cryptohash DNSSEC loop-detect inotify dumpfile
Oct 17 19:40:55.492268 podb-esxi207 dnsmasq-dhcp[2912360]: DHCP, static leases only on 10.1.0.0, lease time 1d
Oct 17 19:40:55.492424 podb-esxi207 dnsmasq[2912360]: reading /etc/resolv.conf
Oct 17 19:40:55.492440 podb-esxi207 dnsmasq[2912360]: using nameserver 127.0.0.53#53
Oct 17 19:40:55.492519 podb-esxi207 dnsmasq[2912360]: read /opt/stack/data/neutron/dhcp/0eac7bfa-31c4-45be-8d49-2640c1a10b03/addn_hosts - 0 names
Oct 17 19:40:55.492569 podb-esxi207 dnsmasq-dhcp[2912360]: read /opt/stack/data/neutron/dhcp/0eac7bfa-31c4-45be-8d49-2640c1a10b03/host
