Oct 17 19:40:55.492672 podb-esxi207 dnsmasq-dhcp[2912360]: read /opt/stack/data/neutron/dhcp/0eac7bfa-31c4-45be-8d49-2640c1a10b03/opts
Oct 17 19:40:57.040466 podb-esxi207 dnsmasq[2912360]: read /opt/stack/data/neutron/dhcp/0eac7bfa-31c4-45be-8d49-2640c1a10b03/addn_hosts - 2 names
Oct 17 19:40:57.040583 podb-esxi207 dnsmasq-dhcp[2912360]: read /opt/stack/data/neutron/dhcp/0eac7bfa-31c4-45be-8d49-2640c1a10b03/host
Oct 17 19:40:57.040784 podb-esxi207 dnsmasq-dhcp[2912360]: read /opt/stack/data/neutron/dhcp/0eac7bfa-31c4-45be-8d49-2640c1a10b03/opts
Oct 17 19:41:00.398570 podb-esxi207 dnsmasq[2913001]: started, version 2.90 cachesize 150
Oct 17 19:41:00.398598 podb-esxi207 dnsmasq[2913001]: DNS service limited to local subnets
Oct 17 19:41:00.398613 podb-esxi207 dnsmasq[2913001]: compile time options: IPv6 GNU-getopt DBus no-UBus i18n IDN2 DHCP DHCPv6 no-Lua TFTP conntrack ipset no-nftset auth cryptohash DNSSEC loop-detect inotify dumpfile
Oct 17 19:41:00.398659 podb-esxi207 dnsmasq-dhcp[2913001]: DHCP, static leases only on 10.1.0.0, lease time 1d
Oct 17 19:41:00.398807 podb-esxi207 dnsmasq[2913001]: reading /etc/resolv.conf
Oct 17 19:41:00.398824 podb-esxi207 dnsmasq[2913001]: using nameserver 127.0.0.53#53
Oct 17 19:41:00.398908 podb-esxi207 dnsmasq[2913001]: read /opt/stack/data/neutron/dhcp/ef1b8107-1343-4ff2-855e-6bf00329d449/addn_hosts - 0 names
Oct 17 19:41:00.398958 podb-esxi207 dnsmasq-dhcp[2913001]: read /opt/stack/data/neutron/dhcp/ef1b8107-1343-4ff2-855e-6bf00329d449/host
Oct 17 19:41:00.399014 podb-esxi207 dnsmasq-dhcp[2913001]: read /opt/stack/data/neutron/dhcp/ef1b8107-1343-4ff2-855e-6bf00329d449/opts
Oct 17 19:41:00.929286 podb-esxi207 dnsmasq[2912360]: read /opt/stack/data/neutron/dhcp/0eac7bfa-31c4-45be-8d49-2640c1a10b03/addn_hosts - 2 names
Oct 17 19:41:00.929365 podb-esxi207 dnsmasq-dhcp[2912360]: read /opt/stack/data/neutron/dhcp/0eac7bfa-31c4-45be-8d49-2640c1a10b03/host
Oct 17 19:41:00.929474 podb-esxi207 dnsmasq-dhcp[2912360]: read /opt/stack/data/neutron/dhcp/0eac7bfa-31c4-45be-8d49-2640c1a10b03/opts
Oct 17 19:41:02.658355 podb-esxi207 dnsmasq[2913001]: read /opt/stack/data/neutron/dhcp/ef1b8107-1343-4ff2-855e-6bf00329d449/addn_hosts - 2 names
Oct 17 19:41:02.658425 podb-esxi207 dnsmasq-dhcp[2913001]: read /opt/stack/data/neutron/dhcp/ef1b8107-1343-4ff2-855e-6bf00329d449/host
Oct 17 19:41:02.658492 podb-esxi207 dnsmasq-dhcp[2913001]: read /opt/stack/data/neutron/dhcp/ef1b8107-1343-4ff2-855e-6bf00329d449/opts
Oct 17 19:41:03.389368 podb-esxi207 dnsmasq[2912360]: read /opt/stack/data/neutron/dhcp/0eac7bfa-31c4-45be-8d49-2640c1a10b03/addn_hosts - 2 names
Oct 17 19:41:03.389470 podb-esxi207 dnsmasq-dhcp[2912360]: read /opt/stack/data/neutron/dhcp/0eac7bfa-31c4-45be-8d49-2640c1a10b03/host
Oct 17 19:41:03.389573 podb-esxi207 dnsmasq-dhcp[2912360]: read /opt/stack/data/neutron/dhcp/0eac7bfa-31c4-45be-8d49-2640c1a10b03/opts
Oct 17 19:41:04.610904 podb-esxi207 dnsmasq[2913001]: read /opt/stack/data/neutron/dhcp/ef1b8107-1343-4ff2-855e-6bf00329d449/addn_hosts - 2 names
Oct 17 19:41:04.611006 podb-esxi207 dnsmasq-dhcp[2913001]: read /opt/stack/data/neutron/dhcp/ef1b8107-1343-4ff2-855e-6bf00329d449/host
Oct 17 19:41:04.611106 podb-esxi207 dnsmasq-dhcp[2913001]: read /opt/stack/data/neutron/dhcp/ef1b8107-1343-4ff2-855e-6bf00329d449/opts
Oct 17 19:41:05.839698 podb-esxi207 dnsmasq[2913001]: read /opt/stack/data/neutron/dhcp/ef1b8107-1343-4ff2-855e-6bf00329d449/addn_hosts - 2 names
Oct 17 19:41:05.839775 podb-esxi207 dnsmasq-dhcp[2913001]: read /opt/stack/data/neutron/dhcp/ef1b8107-1343-4ff2-855e-6bf00329d449/host
Oct 17 19:41:05.839850 podb-esxi207 dnsmasq-dhcp[2913001]: read /opt/stack/data/neutron/dhcp/ef1b8107-1343-4ff2-855e-6bf00329d449/opts
Oct 17 19:41:09.117823 podb-esxi207 dnsmasq[2912360]: read /opt/stack/data/neutron/dhcp/0eac7bfa-31c4-45be-8d49-2640c1a10b03/addn_hosts - 4 names
Oct 17 19:41:09.117911 podb-esxi207 dnsmasq-dhcp[2912360]: read /opt/stack/data/neutron/dhcp/0eac7bfa-31c4-45be-8d49-2640c1a10b03/host
Oct 17 19:41:09.118026 podb-esxi207 dnsmasq-dhcp[2912360]: read /opt/stack/data/neutron/dhcp/0eac7bfa-31c4-45be-8d49-2640c1a10b03/opts
Oct 17 19:41:12.812565 podb-esxi207 dnsmasq-dhcp[2908427]: DHCPRELEASE(tapa9d9a97f-dc) 10.1.0.6 fa:16:3e:f0:0a:08
Oct 17 19:41:12.828701 podb-esxi207 dnsmasq-dhcp[2908427]: DHCPRELEASE(tapa9d9a97f-dc) 10.1.0.6 fa:16:3e:f0:0a:08 unknown lease
Oct 17 19:41:13.651760 podb-esxi207 dnsmasq[2908427]: read /opt/stack/data/neutron/dhcp/89749634-39fe-4666-918d-069f6cceae61/addn_hosts - 2 names
Oct 17 19:41:13.651843 podb-esxi207 dnsmasq-dhcp[2908427]: read /opt/stack/data/neutron/dhcp/89749634-39fe-4666-918d-069f6cceae61/host
Oct 17 19:41:13.651958 podb-esxi207 dnsmasq-dhcp[2908427]: read /opt/stack/data/neutron/dhcp/89749634-39fe-4666-918d-069f6cceae61/opts
Oct 17 19:41:17.790465 podb-esxi207 dnsmasq-dhcp[2909499]: DHCPDISCOVER(tapbab5fa1d-35) fa:16:3e:6e:35:0b
Oct 17 19:41:17.790494 podb-esxi207 dnsmasq-dhcp[2909499]: DHCPOFFER(tapbab5fa1d-35) 10.1.0.10 fa:16:3e:6e:35:0b
Oct 17 19:41:17.904437 podb-esxi207 dnsmasq-dhcp[2909499]: DHCPREQUEST(tapbab5fa1d-35) 10.1.0.10 fa:16:3e:6e:35:0b
Oct 17 19:41:17.904473 podb-esxi207 dnsmasq-dhcp[2909499]: DHCPACK(tapbab5fa1d-35) 10.1.0.10 fa:16:3e:6e:35:0b host-10-1-0-10
Oct 17 19:41:18.297450 podb-esxi207 dnsmasq-dhcp[2910738]: DHCPDISCOVER(tap518f91c7-f3) fa:16:3e:73:e3:b1
Oct 17 19:41:18.297478 podb-esxi207 dnsmasq-dhcp[2910738]: DHCPOFFER(tap518f91c7-f3) 10.1.1.211 fa:16:3e:73:e3:b1
Oct 17 19:41:18.301565 podb-esxi207 dnsmasq-dhcp[2910738]: DHCPREQUEST(tap518f91c7-f3) 10.1.1.211 fa:16:3e:73:e3:b1
Oct 17 19:41:18.301589 podb-esxi207 dnsmasq-dhcp[2910738]: DHCPACK(tap518f91c7-f3) 10.1.1.211 fa:16:3e:73:e3:b1 host-10-1-1-211
Oct 17 19:41:18.635907 podb-esxi207 dnsmasq-dhcp[2910738]: DHCPDISCOVER(tap518f91c7-f3) fa:16:3e:29:dd:57
Oct 17 19:41:18.635933 podb-esxi207 dnsmasq-dhcp[2910738]: DHCPOFFER(tap518f91c7-f3) 10.1.1.200 fa:16:3e:29:dd:57
Oct 17 19:41:18.644327 podb-esxi207 dnsmasq-dhcp[2910738]: DHCPREQUEST(tap518f91c7-f3) 10.1.1.200 fa:16:3e:29:dd:57
Oct 17 19:41:18.644351 podb-esxi207 dnsmasq-dhcp[2910738]: DHCPACK(tap518f91c7-f3) 10.1.1.200 fa:16:3e:29:dd:57 host-10-1-1-200
Oct 17 19:41:19.315992 podb-esxi207 dnsmasq-dhcp[2910792]: DHCPDISCOVER(tapefe1307f-0d) fa:16:3e:80:57:95
Oct 17 19:41:19.316019 podb-esxi207 dnsmasq-dhcp[2910792]: DHCPOFFER(tapefe1307f-0d) 10.2.2.200 fa:16:3e:80:57:95
Oct 17 19:41:19.329365 podb-esxi207 dnsmasq-dhcp[2910792]: DHCPREQUEST(tapefe1307f-0d) 10.2.2.200 fa:16:3e:80:57:95
Oct 17 19:41:19.329390 podb-esxi207 dnsmasq-dhcp[2910792]: DHCPACK(tapefe1307f-0d) 10.2.2.200 fa:16:3e:80:57:95 host-10-2-2-200
Oct 17 19:41:19.452577 podb-esxi207 dnsmasq-dhcp[2910792]: DHCPDISCOVER(tapefe1307f-0d) fa:16:3e:46:c3:51
Oct 17 19:41:19.452603 podb-esxi207 dnsmasq-dhcp[2910792]: DHCPOFFER(tapefe1307f-0d) 10.2.2.100 fa:16:3e:46:c3:51
Oct 17 19:41:19.455840 podb-esxi207 dnsmasq-dhcp[2910792]: DHCPREQUEST(tapefe1307f-0d) 10.2.2.100 fa:16:3e:46:c3:51
Oct 17 19:41:19.455863 podb-esxi207 dnsmasq-dhcp[2910792]: DHCPACK(tapefe1307f-0d) 10.2.2.100 fa:16:3e:46:c3:51 host-10-2-2-100
Oct 17 19:41:19.600258 podb-esxi207 dnsmasq-dhcp[2910738]: DHCPDISCOVER(tap518f91c7-f3) fa:16:3e:f8:5b:8a
Oct 17 19:41:19.600281 podb-esxi207 dnsmasq-dhcp[2910738]: DHCPOFFER(tap518f91c7-f3) 10.1.1.94 fa:16:3e:f8:5b:8a
Oct 17 19:41:19.605886 podb-esxi207 dnsmasq-dhcp[2910738]: DHCPREQUEST(tap518f91c7-f3) 10.1.1.94 fa:16:3e:f8:5b:8a
Oct 17 19:41:19.605909 podb-esxi207 dnsmasq-dhcp[2910738]: DHCPACK(tap518f91c7-f3) 10.1.1.94 fa:16:3e:f8:5b:8a host-10-1-1-94
Oct 17 19:41:19.907558 podb-esxi207 dnsmasq-dhcp[2910738]: DHCPDISCOVER(tap518f91c7-f3) fa:16:3e:88:4c:26
Oct 17 19:41:19.907583 podb-esxi207 dnsmasq-dhcp[2910738]: DHCPOFFER(tap518f91c7-f3) 10.1.1.225 fa:16:3e:88:4c:26
Oct 17 19:41:19.916020 podb-esxi207 dnsmasq-dhcp[2910738]: DHCPREQUEST(tap518f91c7-f3) 10.1.1.225 fa:16:3e:88:4c:26
Oct 17 19:41:19.916043 podb-esxi207 dnsmasq-dhcp[2910738]: DHCPACK(tap518f91c7-f3) 10.1.1.225 fa:16:3e:88:4c:26 host-10-1-1-225
Oct 17 19:41:23.093623 podb-esxi207 dnsmasq-dhcp[2908427]: DHCPRELEASE(tapa9d9a97f-dc) 10.1.0.1 fa:16:3e:41:f4:0f
Oct 17 19:41:23.917145 podb-esxi207 dnsmasq[2908427]: read /opt/stack/data/neutron/dhcp/89749634-39fe-4666-918d-069f6cceae61/addn_hosts - 0 names
Oct 17 19:41:23.917253 podb-esxi207 dnsmasq-dhcp[2908427]: read /opt/stack/data/neutron/dhcp/89749634-39fe-4666-918d-069f6cceae61/host
Oct 17 19:41:23.917343 podb-esxi207 dnsmasq-dhcp[2908427]: read /opt/stack/data/neutron/dhcp/89749634-39fe-4666-918d-069f6cceae61/opts
Oct 17 19:41:24.644545 podb-esxi207 dnsmasq[2908427]: exiting on receipt of SIGTERM
Oct 17 19:41:27.898291 podb-esxi207 dnsmasq[2913784]: started, version 2.90 cachesize 150
Oct 17 19:41:27.898313 podb-esxi207 dnsmasq[2913784]: DNS service limited to local subnets
Oct 17 19:41:27.898329 podb-esxi207 dnsmasq[2913784]: compile time options: IPv6 GNU-getopt DBus no-UBus i18n IDN2 DHCP DHCPv6 no-Lua TFTP conntrack ipset no-nftset auth cryptohash DNSSEC loop-detect inotify dumpfile
Oct 17 19:41:27.898363 podb-esxi207 dnsmasq-dhcp[2913784]: DHCP, static leases only on 10.1.0.0, lease time 1d
Oct 17 19:41:27.898508 podb-esxi207 dnsmasq[2913784]: reading /etc/resolv.conf
Oct 17 19:41:27.898525 podb-esxi207 dnsmasq[2913784]: using nameserver 127.0.0.53#53
Oct 17 19:41:27.898601 podb-esxi207 dnsmasq[2913784]: read /opt/stack/data/neutron/dhcp/bccacf5f-7304-48d9-a41c-9c720682387f/addn_hosts - 0 names
Oct 17 19:41:27.898650 podb-esxi207 dnsmasq-dhcp[2913784]: read /opt/stack/data/neutron/dhcp/bccacf5f-7304-48d9-a41c-9c720682387f/host
Oct 17 19:41:27.898714 podb-esxi207 dnsmasq-dhcp[2913784]: read /opt/stack/data/neutron/dhcp/bccacf5f-7304-48d9-a41c-9c720682387f/opts
Oct 17 19:41:29.441568 podb-esxi207 dnsmasq[2913784]: read /opt/stack/data/neutron/dhcp/bccacf5f-7304-48d9-a41c-9c720682387f/addn_hosts - 2 names
Oct 17 19:41:29.441696 podb-esxi207 dnsmasq-dhcp[2913784]: read /opt/stack/data/neutron/dhcp/bccacf5f-7304-48d9-a41c-9c720682387f/host
Oct 17 19:41:29.441801 podb-esxi207 dnsmasq-dhcp[2913784]: read /opt/stack/data/neutron/dhcp/bccacf5f-7304-48d9-a41c-9c720682387f/opts
Oct 17 19:41:30.664850 podb-esxi207 dnsmasq[2913784]: read /opt/stack/data/neutron/dhcp/bccacf5f-7304-48d9-a41c-9c720682387f/addn_hosts - 2 names
Oct 17 19:41:30.664944 podb-esxi207 dnsmasq-dhcp[2913784]: read /opt/stack/data/neutron/dhcp/bccacf5f-7304-48d9-a41c-9c720682387f/host
Oct 17 19:41:30.665040 podb-esxi207 dnsmasq-dhcp[2913784]: read /opt/stack/data/neutron/dhcp/bccacf5f-7304-48d9-a41c-9c720682387f/opts
Oct 17 19:41:31.900367 podb-esxi207 dnsmasq[2913784]: read /opt/stack/data/neutron/dhcp/bccacf5f-7304-48d9-a41c-9c720682387f/addn_hosts - 2 names
Oct 17 19:41:31.900440 podb-esxi207 dnsmasq-dhcp[2913784]: read /opt/stack/data/neutron/dhcp/bccacf5f-7304-48d9-a41c-9c720682387f/host
Oct 17 19:41:31.900511 podb-esxi207 dnsmasq-dhcp[2913784]: read /opt/stack/data/neutron/dhcp/bccacf5f-7304-48d9-a41c-9c720682387f/opts
Oct 17 19:41:34.725413 podb-esxi207 dnsmasq[2913784]: read /opt/stack/data/neutron/dhcp/bccacf5f-7304-48d9-a41c-9c720682387f/addn_hosts - 4 names
Oct 17 19:41:34.725536 podb-esxi207 dnsmasq-dhcp[2913784]: read /opt/stack/data/neutron/dhcp/bccacf5f-7304-48d9-a41c-9c720682387f/host
Oct 17 19:41:34.725660 podb-esxi207 dnsmasq-dhcp[2913784]: read /opt/stack/data/neutron/dhcp/bccacf5f-7304-48d9-a41c-9c720682387f/opts
Oct 17 19:41:35.468088 podb-esxi207 dnsmasq-dhcp[2910792]: DHCPRELEASE(tapefe1307f-0d) 10.2.2.200 fa:16:3e:80:57:95
Oct 17 19:41:35.483423 podb-esxi207 dnsmasq-dhcp[2910792]: DHCPRELEASE(tapefe1307f-0d) 10.2.2.200 fa:16:3e:80:57:95 unknown lease
Oct 17 19:41:36.227155 podb-esxi207 dnsmasq-dhcp[2912360]: DHCPDISCOVER(tap3e63218d-54) fa:16:3e:40:7f:f8
Oct 17 19:41:36.227185 podb-esxi207 dnsmasq-dhcp[2912360]: DHCPOFFER(tap3e63218d-54) 10.1.0.4 fa:16:3e:40:7f:f8
Oct 17 19:41:36.237209 podb-esxi207 dnsmasq-dhcp[2912360]: DHCPREQUEST(tap3e63218d-54) 10.1.0.4 fa:16:3e:40:7f:f8
Oct 17 19:41:36.237243 podb-esxi207 dnsmasq-dhcp[2912360]: DHCPACK(tap3e63218d-54) 10.1.0.4 fa:16:3e:40:7f:f8 host-10-1-0-4
Oct 17 19:41:36.304417 podb-esxi207 dnsmasq[2910792]: read /opt/stack/data/neutron/dhcp/796cbf42-9ab7-4046-a90d-459b5d13cb74/addn_hosts - 2 names
Oct 17 19:41:36.304529 podb-esxi207 dnsmasq-dhcp[2910792]: read /opt/stack/data/neutron/dhcp/796cbf42-9ab7-4046-a90d-459b5d13cb74/host
Oct 17 19:41:36.304584 podb-esxi207 dnsmasq-dhcp[2910792]: read /opt/stack/data/neutron/dhcp/796cbf42-9ab7-4046-a90d-459b5d13cb74/opts
Oct 17 19:41:36.528540 podb-esxi207 dnsmasq-dhcp[2910738]: DHCPRELEASE(tap518f91c7-f3) 10.1.1.211 fa:16:3e:73:e3:b1
Oct 17 19:41:36.543664 podb-esxi207 dnsmasq-dhcp[2910738]: DHCPRELEASE(tap518f91c7-f3) 10.1.1.211 fa:16:3e:73:e3:b1 unknown lease
Oct 17 19:41:37.366574 podb-esxi207 dnsmasq[2910738]: read /opt/stack/data/neutron/dhcp/c25aa612-6ae7-46ff-b556-91f6ecc2b2b4/addn_hosts - 6 names
Oct 17 19:41:37.366686 podb-esxi207 dnsmasq-dhcp[2910738]: read /opt/stack/data/neutron/dhcp/c25aa612-6ae7-46ff-b556-91f6ecc2b2b4/host
Oct 17 19:41:37.366772 podb-esxi207 dnsmasq-dhcp[2910738]: read /opt/stack/data/neutron/dhcp/c25aa612-6ae7-46ff-b556-91f6ecc2b2b4/opts
Oct 17 19:41:37.591751 podb-esxi207 dnsmasq-dhcp[2909499]: DHCPRELEASE(tapbab5fa1d-35) 10.1.0.10 fa:16:3e:6e:35:0b
Oct 17 19:41:37.607421 podb-esxi207 dnsmasq-dhcp[2909499]: DHCPRELEASE(tapbab5fa1d-35) 10.1.0.10 fa:16:3e:6e:35:0b unknown lease
Oct 17 19:41:38.431886 podb-esxi207 dnsmasq[2909499]: read /opt/stack/data/neutron/dhcp/01bddcdd-3278-4116-9e0f-eac5cbecf5df/addn_hosts - 2 names
Oct 17 19:41:38.432010 podb-esxi207 dnsmasq-dhcp[2909499]: read /opt/stack/data/neutron/dhcp/01bddcdd-3278-4116-9e0f-eac5cbecf5df/host
Oct 17 19:41:38.432130 podb-esxi207 dnsmasq-dhcp[2909499]: read /opt/stack/data/neutron/dhcp/01bddcdd-3278-4116-9e0f-eac5cbecf5df/opts
Oct 17 19:41:38.661753 podb-esxi207 dnsmasq-dhcp[2910792]: DHCPRELEASE(tapefe1307f-0d) 10.2.2.100 fa:16:3e:46:c3:51
Oct 17 19:41:38.676993 podb-esxi207 dnsmasq-dhcp[2910792]: DHCPRELEASE(tapefe1307f-0d) 10.2.2.100 fa:16:3e:46:c3:51 unknown lease
Oct 17 19:41:39.498274 podb-esxi207 dnsmasq[2910792]: read /opt/stack/data/neutron/dhcp/796cbf42-9ab7-4046-a90d-459b5d13cb74/addn_hosts - 0 names
Oct 17 19:41:39.498358 podb-esxi207 dnsmasq-dhcp[2910792]: read /opt/stack/data/neutron/dhcp/796cbf42-9ab7-4046-a90d-459b5d13cb74/host
Oct 17 19:41:39.498445 podb-esxi207 dnsmasq-dhcp[2910792]: read /opt/stack/data/neutron/dhcp/796cbf42-9ab7-4046-a90d-459b5d13cb74/opts
Oct 17 19:41:39.716530 podb-esxi207 dnsmasq-dhcp[2910738]: DHCPRELEASE(tap518f91c7-f3) 10.1.1.225 fa:16:3e:88:4c:26
Oct 17 19:41:39.732015 podb-esxi207 dnsmasq-dhcp[2910738]: DHCPRELEASE(tap518f91c7-f3) 10.1.1.225 fa:16:3e:88:4c:26 unknown lease
Oct 17 19:41:40.554356 podb-esxi207 dnsmasq[2910738]: read /opt/stack/data/neutron/dhcp/c25aa612-6ae7-46ff-b556-91f6ecc2b2b4/addn_hosts - 4 names
Oct 17 19:41:40.554447 podb-esxi207 dnsmasq-dhcp[2910738]: read /opt/stack/data/neutron/dhcp/c25aa612-6ae7-46ff-b556-91f6ecc2b2b4/host
Oct 17 19:41:40.554537 podb-esxi207 dnsmasq-dhcp[2910738]: read /opt/stack/data/neutron/dhcp/c25aa612-6ae7-46ff-b556-91f6ecc2b2b4/opts
Oct 17 19:41:43.740352 podb-esxi207 dnsmasq-dhcp[2906328]: DHCPRELEASE(tap79f5418e-5b) 10.1.0.4 fa:16:3e:cf:b7:cc
Oct 17 19:41:43.757985 podb-esxi207 dnsmasq-dhcp[2906328]: DHCPRELEASE(tap79f5418e-5b) 10.1.0.4 fa:16:3e:cf:b7:cc unknown lease
Oct 17 19:41:44.583844 podb-esxi207 dnsmasq[2906328]: read /opt/stack/data/neutron/dhcp/d7f7bdcd-c3b8-4d96-9c1c-acf2a14b2367/addn_hosts - 4 names
Oct 17 19:41:44.583964 podb-esxi207 dnsmasq-dhcp[2906328]: read /opt/stack/data/neutron/dhcp/d7f7bdcd-c3b8-4d96-9c1c-acf2a14b2367/host
Oct 17 19:41:44.584081 podb-esxi207 dnsmasq-dhcp[2906328]: read /opt/stack/data/neutron/dhcp/d7f7bdcd-c3b8-4d96-9c1c-acf2a14b2367/opts
Oct 17 19:41:44.812639 podb-esxi207 dnsmasq-dhcp[2906328]: DHCPRELEASE(tap79f5418e-5b) 10.1.0.5 fa:16:3e:dc:80:d4
Oct 17 19:41:44.828600 podb-esxi207 dnsmasq-dhcp[2906328]: DHCPRELEASE(tap79f5418e-5b) 10.1.0.5 fa:16:3e:dc:80:d4 unknown lease
Oct 17 19:41:45.651229 podb-esxi207 dnsmasq[2906328]: read /opt/stack/data/neutron/dhcp/d7f7bdcd-c3b8-4d96-9c1c-acf2a14b2367/addn_hosts - 2 names
Oct 17 19:41:45.651312 podb-esxi207 dnsmasq-dhcp[2906328]: read /opt/stack/data/neutron/dhcp/d7f7bdcd-c3b8-4d96-9c1c-acf2a14b2367/host
Oct 17 19:41:45.651400 podb-esxi207 dnsmasq-dhcp[2906328]: read /opt/stack/data/neutron/dhcp/d7f7bdcd-c3b8-4d96-9c1c-acf2a14b2367/opts
Oct 17 19:41:55.971565 podb-esxi207 dnsmasq-dhcp[2910738]: DHCPRELEASE(tap518f91c7-f3) 10.1.1.200 fa:16:3e:29:dd:57
Oct 17 19:41:55.989119 podb-esxi207 dnsmasq-dhcp[2910738]: DHCPRELEASE(tap518f91c7-f3) 10.1.1.200 fa:16:3e:29:dd:57 unknown lease
Oct 17 19:41:56.811910 podb-esxi207 dnsmasq[2910738]: read /opt/stack/data/neutron/dhcp/c25aa612-6ae7-46ff-b556-91f6ecc2b2b4/addn_hosts - 2 names
Oct 17 19:41:56.812033 podb-esxi207 dnsmasq-dhcp[2910738]: read /opt/stack/data/neutron/dhcp/c25aa612-6ae7-46ff-b556-91f6ecc2b2b4/host
Oct 17 19:41:56.812109 podb-esxi207 dnsmasq-dhcp[2910738]: read /opt/stack/data/neutron/dhcp/c25aa612-6ae7-46ff-b556-91f6ecc2b2b4/opts
Oct 17 19:41:58.061699 podb-esxi207 dnsmasq[2910792]: exiting on receipt of SIGTERM
Oct 17 19:41:58.666045 podb-esxi207 dnsmasq[2910738]: exiting on receipt of SIGTERM
Oct 17 19:41:59.214518 podb-esxi207 dnsmasq-dhcp[2913784]: DHCPDISCOVER(tap424f9ff6-25) fa:16:3e:b4:79:02
Oct 17 19:41:59.214549 podb-esxi207 dnsmasq-dhcp[2913784]: DHCPOFFER(tap424f9ff6-25) 10.1.0.7 fa:16:3e:b4:79:02
Oct 17 19:41:59.228281 podb-esxi207 dnsmasq-dhcp[2913784]: DHCPREQUEST(tap424f9ff6-25) 10.1.0.7 fa:16:3e:b4:79:02
Oct 17 19:41:59.228320 podb-esxi207 dnsmasq-dhcp[2913784]: DHCPACK(tap424f9ff6-25) 10.1.0.7 fa:16:3e:b4:79:02 host-10-1-0-7
Oct 17 19:41:59.277773 podb-esxi207 dnsmasq-dhcp[2906328]: DHCPRELEASE(tap79f5418e-5b) 10.1.0.1 fa:16:3e:89:12:dd
Oct 17 19:42:00.101851 podb-esxi207 dnsmasq[2906328]: read /opt/stack/data/neutron/dhcp/d7f7bdcd-c3b8-4d96-9c1c-acf2a14b2367/addn_hosts - 0 names
Oct 17 19:42:00.101930 podb-esxi207 dnsmasq-dhcp[2906328]: read /opt/stack/data/neutron/dhcp/d7f7bdcd-c3b8-4d96-9c1c-acf2a14b2367/host
Oct 17 19:42:00.102028 podb-esxi207 dnsmasq-dhcp[2906328]: read /opt/stack/data/neutron/dhcp/d7f7bdcd-c3b8-4d96-9c1c-acf2a14b2367/opts
Oct 17 19:42:00.343857 podb-esxi207 dnsmasq[2906328]: exiting on receipt of SIGTERM
Oct 17 19:42:00.951378 podb-esxi207 dnsmasq-dhcp[2907690]: DHCPRELEASE(tap844ca4f8-8f) 10.1.0.1 fa:16:3e:1a:7c:f1
Oct 17 19:42:01.774894 podb-esxi207 dnsmasq[2907690]: read /opt/stack/data/neutron/dhcp/b6968e3d-b39e-4e92-bc5b-8c946970dc89/addn_hosts - 0 names
Oct 17 19:42:01.774988 podb-esxi207 dnsmasq-dhcp[2907690]: read /opt/stack/data/neutron/dhcp/b6968e3d-b39e-4e92-bc5b-8c946970dc89/host
Oct 17 19:42:01.775078 podb-esxi207 dnsmasq-dhcp[2907690]: read /opt/stack/data/neutron/dhcp/b6968e3d-b39e-4e92-bc5b-8c946970dc89/opts
Oct 17 19:42:02.017088 podb-esxi207 dnsmasq[2907690]: exiting on receipt of SIGTERM
Oct 17 19:42:02.628862 podb-esxi207 dnsmasq-dhcp[2908170]: DHCPRELEASE(tap71716f7f-9b) 10.1.0.1 fa:16:3e:22:4f:b8
Oct 17 19:42:03.453478 podb-esxi207 dnsmasq[2908170]: read /opt/stack/data/neutron/dhcp/70d8d8ed-49be-4740-a262-73042cfb7ff4/addn_hosts - 0 names
Oct 17 19:42:03.453601 podb-esxi207 dnsmasq-dhcp[2908170]: read /opt/stack/data/neutron/dhcp/70d8d8ed-49be-4740-a262-73042cfb7ff4/host
Oct 17 19:42:03.453696 podb-esxi207 dnsmasq-dhcp[2908170]: read /opt/stack/data/neutron/dhcp/70d8d8ed-49be-4740-a262-73042cfb7ff4/opts
Oct 17 19:42:04.206953 podb-esxi207 dnsmasq[2908170]: exiting on receipt of SIGTERM
Oct 17 19:42:09.151752 podb-esxi207 dnsmasq[2915336]: started, version 2.90 cachesize 150
Oct 17 19:42:09.151776 podb-esxi207 dnsmasq[2915336]: DNS service limited to local subnets
Oct 17 19:42:09.151792 podb-esxi207 dnsmasq[2915336]: compile time options: IPv6 GNU-getopt DBus no-UBus i18n IDN2 DHCP DHCPv6 no-Lua TFTP conntrack ipset no-nftset auth cryptohash DNSSEC loop-detect inotify dumpfile
Oct 17 19:42:09.151838 podb-esxi207 dnsmasq-dhcp[2915336]: DHCP, static leases only on 10.1.0.0, lease time 1d
Oct 17 19:42:09.151996 podb-esxi207 dnsmasq[2915336]: reading /etc/resolv.conf
Oct 17 19:42:09.152013 podb-esxi207 dnsmasq[2915336]: using nameserver 127.0.0.53#53
Oct 17 19:42:09.152100 podb-esxi207 dnsmasq[2915336]: read /opt/stack/data/neutron/dhcp/b3b5b595-92fc-42a7-b054-8f46114d2f77/addn_hosts - 0 names
Oct 17 19:42:09.152155 podb-esxi207 dnsmasq-dhcp[2915336]: read /opt/stack/data/neutron/dhcp/b3b5b595-92fc-42a7-b054-8f46114d2f77/host
Oct 17 19:42:09.152223 podb-esxi207 dnsmasq-dhcp[2915336]: read /opt/stack/data/neutron/dhcp/b3b5b595-92fc-42a7-b054-8f46114d2f77/opts
Oct 17 19:42:10.704226 podb-esxi207 dnsmasq[2915336]: read /opt/stack/data/neutron/dhcp/b3b5b595-92fc-42a7-b054-8f46114d2f77/addn_hosts - 2 names
Oct 17 19:42:10.704354 podb-esxi207 dnsmasq-dhcp[2915336]: read /opt/stack/data/neutron/dhcp/b3b5b595-92fc-42a7-b054-8f46114d2f77/host
Oct 17 19:42:10.704458 podb-esxi207 dnsmasq-dhcp[2915336]: read /opt/stack/data/neutron/dhcp/b3b5b595-92fc-42a7-b054-8f46114d2f77/opts
Oct 17 19:42:13.631789 podb-esxi207 dnsmasq[2915703]: started, version 2.90 cachesize 150
Oct 17 19:42:13.631818 podb-esxi207 dnsmasq[2915703]: DNS service limited to local subnets
Oct 17 19:42:13.631833 podb-esxi207 dnsmasq[2915703]: compile time options: IPv6 GNU-getopt DBus no-UBus i18n IDN2 DHCP DHCPv6 no-Lua TFTP conntrack ipset no-nftset auth cryptohash DNSSEC loop-detect inotify dumpfile
Oct 17 19:42:13.631873 podb-esxi207 dnsmasq-dhcp[2915703]: DHCP, static leases only on 10.1.0.0, lease time 1d
Oct 17 19:42:13.632028 podb-esxi207 dnsmasq[2915703]: reading /etc/resolv.conf
Oct 17 19:42:13.632044 podb-esxi207 dnsmasq[2915703]: using nameserver 127.0.0.53#53
Oct 17 19:42:13.632155 podb-esxi207 dnsmasq[2915703]: read /opt/stack/data/neutron/dhcp/f7af9fee-20b5-4875-b45a-ca88078bc6cb/addn_hosts - 2 names
Oct 17 19:42:13.632228 podb-esxi207 dnsmasq-dhcp[2915703]: read /opt/stack/data/neutron/dhcp/f7af9fee-20b5-4875-b45a-ca88078bc6cb/host
Oct 17 19:42:13.632294 podb-esxi207 dnsmasq-dhcp[2915703]: read /opt/stack/data/neutron/dhcp/f7af9fee-20b5-4875-b45a-ca88078bc6cb/opts
Oct 17 19:42:14.669567 podb-esxi207 dnsmasq[2915336]: read /opt/stack/data/neutron/dhcp/b3b5b595-92fc-42a7-b054-8f46114d2f77/addn_hosts - 2 names
Oct 17 19:42:14.669698 podb-esxi207 dnsmasq-dhcp[2915336]: read /opt/stack/data/neutron/dhcp/b3b5b595-92fc-42a7-b054-8f46114d2f77/host
Oct 17 19:42:14.669814 podb-esxi207 dnsmasq-dhcp[2915336]: read /opt/stack/data/neutron/dhcp/b3b5b595-92fc-42a7-b054-8f46114d2f77/opts
Oct 17 19:42:15.453257 podb-esxi207 dnsmasq[2909499]: read /opt/stack/data/neutron/dhcp/01bddcdd-3278-4116-9e0f-eac5cbecf5df/addn_hosts - 0 names
Oct 17 19:42:15.453365 podb-esxi207 dnsmasq-dhcp[2909499]: read /opt/stack/data/neutron/dhcp/01bddcdd-3278-4116-9e0f-eac5cbecf5df/host
Oct 17 19:42:15.453455 podb-esxi207 dnsmasq-dhcp[2909499]: read /opt/stack/data/neutron/dhcp/01bddcdd-3278-4116-9e0f-eac5cbecf5df/opts
Oct 17 19:42:18.326994 podb-esxi207 dnsmasq[2916025]: started, version 2.90 cachesize 150
Oct 17 19:42:18.327022 podb-esxi207 dnsmasq[2916025]: DNS service limited to local subnets
Oct 17 19:42:18.327038 podb-esxi207 dnsmasq[2916025]: compile time options: IPv6 GNU-getopt DBus no-UBus i18n IDN2 DHCP DHCPv6 no-Lua TFTP conntrack ipset no-nftset auth cryptohash DNSSEC loop-detect inotify dumpfile
Oct 17 19:42:18.327080 podb-esxi207 dnsmasq-dhcp[2916025]: DHCP, static leases only on 10.1.0.0, lease time 1d
Oct 17 19:42:18.327233 podb-esxi207 dnsmasq[2916025]: reading /etc/resolv.conf
Oct 17 19:42:18.327250 podb-esxi207 dnsmasq[2916025]: using nameserver 127.0.0.53#53
Oct 17 19:42:18.327363 podb-esxi207 dnsmasq[2916025]: read /opt/stack/data/neutron/dhcp/2168b426-bacc-46e1-ac14-e99316cc52bf/addn_hosts - 2 names
Oct 17 19:42:18.327432 podb-esxi207 dnsmasq-dhcp[2916025]: read /opt/stack/data/neutron/dhcp/2168b426-bacc-46e1-ac14-e99316cc52bf/host
Oct 17 19:42:18.327499 podb-esxi207 dnsmasq-dhcp[2916025]: read /opt/stack/data/neutron/dhcp/2168b426-bacc-46e1-ac14-e99316cc52bf/opts
Oct 17 19:42:19.364551 podb-esxi207 dnsmasq[2915703]: read /opt/stack/data/neutron/dhcp/f7af9fee-20b5-4875-b45a-ca88078bc6cb/addn_hosts - 2 names
Oct 17 19:42:19.364679 podb-esxi207 dnsmasq-dhcp[2915703]: read /opt/stack/data/neutron/dhcp/f7af9fee-20b5-4875-b45a-ca88078bc6cb/host
Oct 17 19:42:19.364761 podb-esxi207 dnsmasq-dhcp[2915703]: read /opt/stack/data/neutron/dhcp/f7af9fee-20b5-4875-b45a-ca88078bc6cb/opts
Oct 17 19:42:20.107309 podb-esxi207 dnsmasq[2909803]: read /opt/stack/data/neutron/dhcp/c9fffa74-782a-4fdf-a0a7-b95e92122866/addn_hosts - 0 names
Oct 17 19:42:20.107404 podb-esxi207 dnsmasq-dhcp[2909803]: read /opt/stack/data/neutron/dhcp/c9fffa74-782a-4fdf-a0a7-b95e92122866/host
Oct 17 19:42:20.107500 podb-esxi207 dnsmasq-dhcp[2909803]: read /opt/stack/data/neutron/dhcp/c9fffa74-782a-4fdf-a0a7-b95e92122866/opts
Oct 17 19:42:21.863334 podb-esxi207 dnsmasq[2915336]: read /opt/stack/data/neutron/dhcp/b3b5b595-92fc-42a7-b054-8f46114d2f77/addn_hosts - 2 names
Oct 17 19:42:21.863435 podb-esxi207 dnsmasq-dhcp[2915336]: read /opt/stack/data/neutron/dhcp/b3b5b595-92fc-42a7-b054-8f46114d2f77/host
Oct 17 19:42:21.863509 podb-esxi207 dnsmasq-dhcp[2915336]: read /opt/stack/data/neutron/dhcp/b3b5b595-92fc-42a7-b054-8f46114d2f77/opts
Oct 17 19:42:22.103294 podb-esxi207 dnsmasq[2909499]: exiting on receipt of SIGTERM
Oct 17 19:42:25.357052 podb-esxi207 dnsmasq[2916526]: started, version 2.90 cachesize 150
Oct 17 19:42:25.357082 podb-esxi207 dnsmasq[2916526]: DNS service limited to local subnets
Oct 17 19:42:25.357097 podb-esxi207 dnsmasq[2916526]: compile time options: IPv6 GNU-getopt DBus no-UBus i18n IDN2 DHCP DHCPv6 no-Lua TFTP conntrack ipset no-nftset auth cryptohash DNSSEC loop-detect inotify dumpfile
Oct 17 19:42:25.357133 podb-esxi207 dnsmasq-dhcp[2916526]: DHCP, static leases only on 10.1.0.0, lease time 1d
Oct 17 19:42:25.357288 podb-esxi207 dnsmasq[2916526]: reading /etc/resolv.conf
Oct 17 19:42:25.357305 podb-esxi207 dnsmasq[2916526]: using nameserver 127.0.0.53#53
Oct 17 19:42:25.357428 podb-esxi207 dnsmasq[2916526]: read /opt/stack/data/neutron/dhcp/21e39bed-c394-4348-b9ad-03966e892f41/addn_hosts - 2 names
Oct 17 19:42:25.357486 podb-esxi207 dnsmasq-dhcp[2916526]: read /opt/stack/data/neutron/dhcp/21e39bed-c394-4348-b9ad-03966e892f41/host
Oct 17 19:42:25.357554 podb-esxi207 dnsmasq-dhcp[2916526]: read /opt/stack/data/neutron/dhcp/21e39bed-c394-4348-b9ad-03966e892f41/opts
Oct 17 19:42:26.401957 podb-esxi207 dnsmasq[2916025]: read /opt/stack/data/neutron/dhcp/2168b426-bacc-46e1-ac14-e99316cc52bf/addn_hosts - 2 names
Oct 17 19:42:26.402055 podb-esxi207 dnsmasq-dhcp[2916025]: read /opt/stack/data/neutron/dhcp/2168b426-bacc-46e1-ac14-e99316cc52bf/host
Oct 17 19:42:26.402162 podb-esxi207 dnsmasq-dhcp[2916025]: read /opt/stack/data/neutron/dhcp/2168b426-bacc-46e1-ac14-e99316cc52bf/opts
Oct 17 19:42:27.156793 podb-esxi207 dnsmasq[2915703]: read /opt/stack/data/neutron/dhcp/f7af9fee-20b5-4875-b45a-ca88078bc6cb/addn_hosts - 2 names
Oct 17 19:42:27.156885 podb-esxi207 dnsmasq-dhcp[2915703]: read /opt/stack/data/neutron/dhcp/f7af9fee-20b5-4875-b45a-ca88078bc6cb/host
Oct 17 19:42:27.156959 podb-esxi207 dnsmasq-dhcp[2915703]: read /opt/stack/data/neutron/dhcp/f7af9fee-20b5-4875-b45a-ca88078bc6cb/opts
Oct 17 19:42:27.396290 podb-esxi207 dnsmasq[2909803]: exiting on receipt of SIGTERM
Oct 17 19:42:30.659340 podb-esxi207 dnsmasq[2916830]: started, version 2.90 cachesize 150
Oct 17 19:42:30.659369 podb-esxi207 dnsmasq[2916830]: DNS service limited to local subnets
Oct 17 19:42:30.659385 podb-esxi207 dnsmasq[2916830]: compile time options: IPv6 GNU-getopt DBus no-UBus i18n IDN2 DHCP DHCPv6 no-Lua TFTP conntrack ipset no-nftset auth cryptohash DNSSEC loop-detect inotify dumpfile
Oct 17 19:42:30.659423 podb-esxi207 dnsmasq-dhcp[2916830]: DHCP, static leases only on 10.1.0.0, lease time 1d
Oct 17 19:42:30.659574 podb-esxi207 dnsmasq[2916830]: reading /etc/resolv.conf
Oct 17 19:42:30.659590 podb-esxi207 dnsmasq[2916830]: using nameserver 127.0.0.53#53
Oct 17 19:42:30.659705 podb-esxi207 dnsmasq[2916830]: read /opt/stack/data/neutron/dhcp/a2567ea9-009d-49d1-983b-2c567c10ee4f/addn_hosts - 2 names
Oct 17 19:42:30.659770 podb-esxi207 dnsmasq-dhcp[2916830]: read /opt/stack/data/neutron/dhcp/a2567ea9-009d-49d1-983b-2c567c10ee4f/host
Oct 17 19:42:30.659839 podb-esxi207 dnsmasq-dhcp[2916830]: read /opt/stack/data/neutron/dhcp/a2567ea9-009d-49d1-983b-2c567c10ee4f/opts
Oct 17 19:42:32.205973 podb-esxi207 dnsmasq[2915336]: read /opt/stack/data/neutron/dhcp/b3b5b595-92fc-42a7-b054-8f46114d2f77/addn_hosts - 4 names
Oct 17 19:42:32.206143 podb-esxi207 dnsmasq-dhcp[2915336]: read /opt/stack/data/neutron/dhcp/b3b5b595-92fc-42a7-b054-8f46114d2f77/host
Oct 17 19:42:32.206242 podb-esxi207 dnsmasq-dhcp[2915336]: read /opt/stack/data/neutron/dhcp/b3b5b595-92fc-42a7-b054-8f46114d2f77/opts
Oct 17 19:42:33.457947 podb-esxi207 dnsmasq[2916526]: read /opt/stack/data/neutron/dhcp/21e39bed-c394-4348-b9ad-03966e892f41/addn_hosts - 2 names
Oct 17 19:42:33.458026 podb-esxi207 dnsmasq-dhcp[2916526]: read /opt/stack/data/neutron/dhcp/21e39bed-c394-4348-b9ad-03966e892f41/host
Oct 17 19:42:33.458094 podb-esxi207 dnsmasq-dhcp[2916526]: read /opt/stack/data/neutron/dhcp/21e39bed-c394-4348-b9ad-03966e892f41/opts
Oct 17 19:42:34.193385 podb-esxi207 dnsmasq[2916025]: read /opt/stack/data/neutron/dhcp/2168b426-bacc-46e1-ac14-e99316cc52bf/addn_hosts - 2 names
Oct 17 19:42:34.193481 podb-esxi207 dnsmasq-dhcp[2916025]: read /opt/stack/data/neutron/dhcp/2168b426-bacc-46e1-ac14-e99316cc52bf/host
Oct 17 19:42:34.193595 podb-esxi207 dnsmasq-dhcp[2916025]: read /opt/stack/data/neutron/dhcp/2168b426-bacc-46e1-ac14-e99316cc52bf/opts
Oct 17 19:42:34.924318 podb-esxi207 dnsmasq[2915703]: read /opt/stack/data/neutron/dhcp/f7af9fee-20b5-4875-b45a-ca88078bc6cb/addn_hosts - 2 names
Oct 17 19:42:34.924416 podb-esxi207 dnsmasq-dhcp[2915703]: read /opt/stack/data/neutron/dhcp/f7af9fee-20b5-4875-b45a-ca88078bc6cb/host
Oct 17 19:42:34.924499 podb-esxi207 dnsmasq-dhcp[2915703]: read /opt/stack/data/neutron/dhcp/f7af9fee-20b5-4875-b45a-ca88078bc6cb/opts
Oct 17 19:42:35.149411 podb-esxi207 dnsmasq-dhcp[2912360]: DHCPRELEASE(tap3e63218d-54) 10.1.0.4 fa:16:3e:40:7f:f8
Oct 17 19:42:35.165426 podb-esxi207 dnsmasq-dhcp[2912360]: DHCPRELEASE(tap3e63218d-54) 10.1.0.4 fa:16:3e:40:7f:f8 unknown lease
Oct 17 19:42:35.988358 podb-esxi207 dnsmasq[2912360]: read /opt/stack/data/neutron/dhcp/0eac7bfa-31c4-45be-8d49-2640c1a10b03/addn_hosts - 2 names
Oct 17 19:42:35.988456 podb-esxi207 dnsmasq-dhcp[2912360]: read /opt/stack/data/neutron/dhcp/0eac7bfa-31c4-45be-8d49-2640c1a10b03/host
Oct 17 19:42:35.988555 podb-esxi207 dnsmasq-dhcp[2912360]: read /opt/stack/data/neutron/dhcp/0eac7bfa-31c4-45be-8d49-2640c1a10b03/opts
Oct 17 19:42:37.228697 podb-esxi207 dnsmasq[2916830]: read /opt/stack/data/neutron/dhcp/a2567ea9-009d-49d1-983b-2c567c10ee4f/addn_hosts - 2 names
Oct 17 19:42:37.228795 podb-esxi207 dnsmasq-dhcp[2916830]: read /opt/stack/data/neutron/dhcp/a2567ea9-009d-49d1-983b-2c567c10ee4f/host
Oct 17 19:42:37.228861 podb-esxi207 dnsmasq-dhcp[2916830]: read /opt/stack/data/neutron/dhcp/a2567ea9-009d-49d1-983b-2c567c10ee4f/opts
Oct 17 19:42:38.472447 podb-esxi207 dnsmasq[2916526]: read /opt/stack/data/neutron/dhcp/21e39bed-c394-4348-b9ad-03966e892f41/addn_hosts - 2 names
Oct 17 19:42:38.472547 podb-esxi207 dnsmasq-dhcp[2916526]: read /opt/stack/data/neutron/dhcp/21e39bed-c394-4348-b9ad-03966e892f41/host
Oct 17 19:42:38.472662 podb-esxi207 dnsmasq-dhcp[2916526]: read /opt/stack/data/neutron/dhcp/21e39bed-c394-4348-b9ad-03966e892f41/opts
Oct 17 19:42:39.203200 podb-esxi207 dnsmasq[2916025]: read /opt/stack/data/neutron/dhcp/2168b426-bacc-46e1-ac14-e99316cc52bf/addn_hosts - 2 names
Oct 17 19:42:39.203276 podb-esxi207 dnsmasq-dhcp[2916025]: read /opt/stack/data/neutron/dhcp/2168b426-bacc-46e1-ac14-e99316cc52bf/host
Oct 17 19:42:39.203394 podb-esxi207 dnsmasq-dhcp[2916025]: read /opt/stack/data/neutron/dhcp/2168b426-bacc-46e1-ac14-e99316cc52bf/opts
Oct 17 19:42:39.939617 podb-esxi207 dnsmasq[2916830]: read /opt/stack/data/neutron/dhcp/a2567ea9-009d-49d1-983b-2c567c10ee4f/addn_hosts - 2 names
Oct 17 19:42:39.939753 podb-esxi207 dnsmasq-dhcp[2916830]: read /opt/stack/data/neutron/dhcp/a2567ea9-009d-49d1-983b-2c567c10ee4f/host
Oct 17 19:42:39.939865 podb-esxi207 dnsmasq-dhcp[2916830]: read /opt/stack/data/neutron/dhcp/a2567ea9-009d-49d1-983b-2c567c10ee4f/opts
Oct 17 19:42:41.188164 podb-esxi207 dnsmasq[2916526]: read /opt/stack/data/neutron/dhcp/21e39bed-c394-4348-b9ad-03966e892f41/addn_hosts - 2 names
Oct 17 19:42:41.188286 podb-esxi207 dnsmasq-dhcp[2916526]: read /opt/stack/data/neutron/dhcp/21e39bed-c394-4348-b9ad-03966e892f41/host
Oct 17 19:42:41.188390 podb-esxi207 dnsmasq-dhcp[2916526]: read /opt/stack/data/neutron/dhcp/21e39bed-c394-4348-b9ad-03966e892f41/opts
Oct 17 19:42:41.921360 podb-esxi207 dnsmasq[2912360]: read /opt/stack/data/neutron/dhcp/0eac7bfa-31c4-45be-8d49-2640c1a10b03/addn_hosts - 0 names
Oct 17 19:42:41.921450 podb-esxi207 dnsmasq-dhcp[2912360]: read /opt/stack/data/neutron/dhcp/0eac7bfa-31c4-45be-8d49-2640c1a10b03/host
Oct 17 19:42:41.921533 podb-esxi207 dnsmasq-dhcp[2912360]: read /opt/stack/data/neutron/dhcp/0eac7bfa-31c4-45be-8d49-2640c1a10b03/opts
Oct 17 19:42:42.658506 podb-esxi207 dnsmasq[2916830]: read /opt/stack/data/neutron/dhcp/a2567ea9-009d-49d1-983b-2c567c10ee4f/addn_hosts - 2 names
Oct 17 19:42:42.658603 podb-esxi207 dnsmasq-dhcp[2916830]: read /opt/stack/data/neutron/dhcp/a2567ea9-009d-49d1-983b-2c567c10ee4f/host
Oct 17 19:42:42.658711 podb-esxi207 dnsmasq-dhcp[2916830]: read /opt/stack/data/neutron/dhcp/a2567ea9-009d-49d1-983b-2c567c10ee4f/opts
Oct 17 19:42:43.402532 podb-esxi207 dnsmasq[2913001]: read /opt/stack/data/neutron/dhcp/ef1b8107-1343-4ff2-855e-6bf00329d449/addn_hosts - 0 names
Oct 17 19:42:43.402619 podb-esxi207 dnsmasq-dhcp[2913001]: read /opt/stack/data/neutron/dhcp/ef1b8107-1343-4ff2-855e-6bf00329d449/host
Oct 17 19:42:43.402694 podb-esxi207 dnsmasq-dhcp[2913001]: read /opt/stack/data/neutron/dhcp/ef1b8107-1343-4ff2-855e-6bf00329d449/opts
Oct 17 19:42:44.155194 podb-esxi207 dnsmasq[2912360]: exiting on receipt of SIGTERM
Oct 17 19:42:44.762973 podb-esxi207 dnsmasq[2913001]: exiting on receipt of SIGTERM
Oct 17 19:42:48.012352 podb-esxi207 dnsmasq[2917430]: started, version 2.90 cachesize 150
Oct 17 19:42:48.012382 podb-esxi207 dnsmasq[2917430]: DNS service limited to local subnets
Oct 17 19:42:48.012398 podb-esxi207 dnsmasq[2917430]: compile time options: IPv6 GNU-getopt DBus no-UBus i18n IDN2 DHCP DHCPv6 no-Lua TFTP conntrack ipset no-nftset auth cryptohash DNSSEC loop-detect inotify dumpfile
Oct 17 19:42:48.012434 podb-esxi207 dnsmasq-dhcp[2917430]: DHCP, static leases only on 10.1.0.0, lease time 1d
Oct 17 19:42:48.012588 podb-esxi207 dnsmasq[2917430]: reading /etc/resolv.conf
Oct 17 19:42:48.012604 podb-esxi207 dnsmasq[2917430]: using nameserver 127.0.0.53#53
Oct 17 19:42:48.012716 podb-esxi207 dnsmasq[2917430]: read /opt/stack/data/neutron/dhcp/9cd1fcd8-b630-47f8-8d18-788ec7aab316/addn_hosts - 0 names
Oct 17 19:42:48.012773 podb-esxi207 dnsmasq-dhcp[2917430]: read /opt/stack/data/neutron/dhcp/9cd1fcd8-b630-47f8-8d18-788ec7aab316/host
Oct 17 19:42:48.012840 podb-esxi207 dnsmasq-dhcp[2917430]: read /opt/stack/data/neutron/dhcp/9cd1fcd8-b630-47f8-8d18-788ec7aab316/opts
Oct 17 19:42:49.052775 podb-esxi207 dnsmasq[2915336]: read /opt/stack/data/neutron/dhcp/b3b5b595-92fc-42a7-b054-8f46114d2f77/addn_hosts - 2 names
Oct 17 19:42:49.052867 podb-esxi207 dnsmasq-dhcp[2915336]: read /opt/stack/data/neutron/dhcp/b3b5b595-92fc-42a7-b054-8f46114d2f77/host
Oct 17 19:42:49.052936 podb-esxi207 dnsmasq-dhcp[2915336]: read /opt/stack/data/neutron/dhcp/b3b5b595-92fc-42a7-b054-8f46114d2f77/opts
Oct 17 19:42:50.320139 podb-esxi207 dnsmasq[2917430]: read /opt/stack/data/neutron/dhcp/9cd1fcd8-b630-47f8-8d18-788ec7aab316/addn_hosts - 2 names
Oct 17 19:42:50.320224 podb-esxi207 dnsmasq-dhcp[2917430]: read /opt/stack/data/neutron/dhcp/9cd1fcd8-b630-47f8-8d18-788ec7aab316/host
Oct 17 19:42:50.320293 podb-esxi207 dnsmasq-dhcp[2917430]: read /opt/stack/data/neutron/dhcp/9cd1fcd8-b630-47f8-8d18-788ec7aab316/opts
Oct 17 19:42:51.640577 podb-esxi207 dnsmasq[2915336]: read /opt/stack/data/neutron/dhcp/b3b5b595-92fc-42a7-b054-8f46114d2f77/addn_hosts - 0 names
Oct 17 19:42:51.640685 podb-esxi207 dnsmasq-dhcp[2915336]: read /opt/stack/data/neutron/dhcp/b3b5b595-92fc-42a7-b054-8f46114d2f77/host
Oct 17 19:42:51.640785 podb-esxi207 dnsmasq-dhcp[2915336]: read /opt/stack/data/neutron/dhcp/b3b5b595-92fc-42a7-b054-8f46114d2f77/opts
Oct 17 19:42:52.402004 podb-esxi207 dnsmasq[2917430]: read /opt/stack/data/neutron/dhcp/9cd1fcd8-b630-47f8-8d18-788ec7aab316/addn_hosts - 2 names
Oct 17 19:42:52.402116 podb-esxi207 dnsmasq-dhcp[2917430]: read /opt/stack/data/neutron/dhcp/9cd1fcd8-b630-47f8-8d18-788ec7aab316/host
Oct 17 19:42:52.402219 podb-esxi207 dnsmasq-dhcp[2917430]: read /opt/stack/data/neutron/dhcp/9cd1fcd8-b630-47f8-8d18-788ec7aab316/opts
Oct 17 19:42:55.246813 podb-esxi207 dnsmasq[2917657]: started, version 2.90 cachesize 150
Oct 17 19:42:55.246843 podb-esxi207 dnsmasq[2917657]: DNS service limited to local subnets
Oct 17 19:42:55.246859 podb-esxi207 dnsmasq[2917657]: compile time options: IPv6 GNU-getopt DBus no-UBus i18n IDN2 DHCP DHCPv6 no-Lua TFTP conntrack ipset no-nftset auth cryptohash DNSSEC loop-detect inotify dumpfile
Oct 17 19:42:55.246895 podb-esxi207 dnsmasq-dhcp[2917657]: DHCP, static leases only on 10.1.1.0, lease time 1d
Oct 17 19:42:55.247047 podb-esxi207 dnsmasq[2917657]: reading /etc/resolv.conf
Oct 17 19:42:55.247065 podb-esxi207 dnsmasq[2917657]: using nameserver 127.0.0.53#53
Oct 17 19:42:55.247199 podb-esxi207 dnsmasq[2917657]: read /opt/stack/data/neutron/dhcp/f5faa73e-cbe6-434f-aee1-b2ecebb54c5c/addn_hosts - 4 names
Oct 17 19:42:55.247262 podb-esxi207 dnsmasq-dhcp[2917657]: read /opt/stack/data/neutron/dhcp/f5faa73e-cbe6-434f-aee1-b2ecebb54c5c/host
Oct 17 19:42:55.247317 podb-esxi207 dnsmasq-dhcp[2917657]: read /opt/stack/data/neutron/dhcp/f5faa73e-cbe6-434f-aee1-b2ecebb54c5c/opts
Oct 17 19:42:55.279641 podb-esxi207 dnsmasq-dhcp[2915703]: DHCPRELEASE(tap166b414b-2d) 10.1.0.1 fa:16:3e:04:66:97
Oct 17 19:42:56.103574 podb-esxi207 dnsmasq[2915703]: read /opt/stack/data/neutron/dhcp/f7af9fee-20b5-4875-b45a-ca88078bc6cb/addn_hosts - 0 names
Oct 17 19:42:56.103651 podb-esxi207 dnsmasq-dhcp[2915703]: read /opt/stack/data/neutron/dhcp/f7af9fee-20b5-4875-b45a-ca88078bc6cb/host
Oct 17 19:42:56.103761 podb-esxi207 dnsmasq-dhcp[2915703]: read /opt/stack/data/neutron/dhcp/f7af9fee-20b5-4875-b45a-ca88078bc6cb/opts
Oct 17 19:42:59.464571 podb-esxi207 dnsmasq[2917849]: started, version 2.90 cachesize 150
Oct 17 19:42:59.464595 podb-esxi207 dnsmasq[2917849]: DNS service limited to local subnets
Oct 17 19:42:59.464635 podb-esxi207 dnsmasq[2917849]: compile time options: IPv6 GNU-getopt DBus no-UBus i18n IDN2 DHCP DHCPv6 no-Lua TFTP conntrack ipset no-nftset auth cryptohash DNSSEC loop-detect inotify dumpfile
Oct 17 19:42:59.464673 podb-esxi207 dnsmasq-dhcp[2917849]: DHCP, static leases only on 10.2.2.0, lease time 1d
Oct 17 19:42:59.464828 podb-esxi207 dnsmasq[2917849]: reading /etc/resolv.conf
Oct 17 19:42:59.464844 podb-esxi207 dnsmasq[2917849]: using nameserver 127.0.0.53#53
Oct 17 19:42:59.464940 podb-esxi207 dnsmasq[2917849]: read /opt/stack/data/neutron/dhcp/57cc6f00-0da5-439b-a6a3-db630f595753/addn_hosts - 0 names
Oct 17 19:42:59.464992 podb-esxi207 dnsmasq-dhcp[2917849]: read /opt/stack/data/neutron/dhcp/57cc6f00-0da5-439b-a6a3-db630f595753/host
Oct 17 19:42:59.465066 podb-esxi207 dnsmasq-dhcp[2917849]: read /opt/stack/data/neutron/dhcp/57cc6f00-0da5-439b-a6a3-db630f595753/opts
Oct 17 19:42:59.492437 podb-esxi207 dnsmasq[2915336]: exiting on receipt of SIGTERM
Oct 17 19:43:00.600876 podb-esxi207 dnsmasq[2917430]: read /opt/stack/data/neutron/dhcp/9cd1fcd8-b630-47f8-8d18-788ec7aab316/addn_hosts - 2 names
Oct 17 19:43:00.600973 podb-esxi207 dnsmasq-dhcp[2917430]: read /opt/stack/data/neutron/dhcp/9cd1fcd8-b630-47f8-8d18-788ec7aab316/host
Oct 17 19:43:00.601073 podb-esxi207 dnsmasq-dhcp[2917430]: read /opt/stack/data/neutron/dhcp/9cd1fcd8-b630-47f8-8d18-788ec7aab316/opts
Oct 17 19:43:00.848667 podb-esxi207 dnsmasq-dhcp[2916025]: DHCPRELEASE(tapf6ba5a0b-85) 10.1.0.1 fa:16:3e:92:d2:f3
Oct 17 19:43:01.675220 podb-esxi207 dnsmasq[2916025]: read /opt/stack/data/neutron/dhcp/2168b426-bacc-46e1-ac14-e99316cc52bf/addn_hosts - 0 names
Oct 17 19:43:01.675300 podb-esxi207 dnsmasq-dhcp[2916025]: read /opt/stack/data/neutron/dhcp/2168b426-bacc-46e1-ac14-e99316cc52bf/host
Oct 17 19:43:01.675355 podb-esxi207 dnsmasq-dhcp[2916025]: read /opt/stack/data/neutron/dhcp/2168b426-bacc-46e1-ac14-e99316cc52bf/opts
Oct 17 19:43:02.940775 podb-esxi207 dnsmasq[2917657]: read /opt/stack/data/neutron/dhcp/f5faa73e-cbe6-434f-aee1-b2ecebb54c5c/addn_hosts - 4 names
Oct 17 19:43:02.940867 podb-esxi207 dnsmasq-dhcp[2917657]: read /opt/stack/data/neutron/dhcp/f5faa73e-cbe6-434f-aee1-b2ecebb54c5c/host
Oct 17 19:43:02.940916 podb-esxi207 dnsmasq-dhcp[2917657]: read /opt/stack/data/neutron/dhcp/f5faa73e-cbe6-434f-aee1-b2ecebb54c5c/opts
Oct 17 19:43:03.194891 podb-esxi207 dnsmasq[2915703]: exiting on receipt of SIGTERM
Oct 17 19:43:05.316160 podb-esxi207 dnsmasq[2917849]: read /opt/stack/data/neutron/dhcp/57cc6f00-0da5-439b-a6a3-db630f595753/addn_hosts - 4 names
Oct 17 19:43:05.316254 podb-esxi207 dnsmasq-dhcp[2917849]: read /opt/stack/data/neutron/dhcp/57cc6f00-0da5-439b-a6a3-db630f595753/host
Oct 17 19:43:05.316330 podb-esxi207 dnsmasq-dhcp[2917849]: read /opt/stack/data/neutron/dhcp/57cc6f00-0da5-439b-a6a3-db630f595753/opts
Oct 17 19:43:08.166671 podb-esxi207 dnsmasq[2918771]: started, version 2.90 cachesize 150
Oct 17 19:43:08.166695 podb-esxi207 dnsmasq[2918771]: DNS service limited to local subnets
Oct 17 19:43:08.166710 podb-esxi207 dnsmasq[2918771]: compile time options: IPv6 GNU-getopt DBus no-UBus i18n IDN2 DHCP DHCPv6 no-Lua TFTP conntrack ipset no-nftset auth cryptohash DNSSEC loop-detect inotify dumpfile
Oct 17 19:43:08.166745 podb-esxi207 dnsmasq-dhcp[2918771]: DHCP, static leases only on 10.1.0.0, lease time 1d
Oct 17 19:43:08.166898 podb-esxi207 dnsmasq[2918771]: reading /etc/resolv.conf
Oct 17 19:43:08.166914 podb-esxi207 dnsmasq[2918771]: using nameserver 127.0.0.53#53
Oct 17 19:43:08.167028 podb-esxi207 dnsmasq[2918771]: read /opt/stack/data/neutron/dhcp/a9bd2a9d-6ab1-4b8f-9643-3de6ee4d6abd/addn_hosts - 2 names
Oct 17 19:43:08.167083 podb-esxi207 dnsmasq-dhcp[2918771]: read /opt/stack/data/neutron/dhcp/a9bd2a9d-6ab1-4b8f-9643-3de6ee4d6abd/host
Oct 17 19:43:08.167149 podb-esxi207 dnsmasq-dhcp[2918771]: read /opt/stack/data/neutron/dhcp/a9bd2a9d-6ab1-4b8f-9643-3de6ee4d6abd/opts
Oct 17 19:43:08.701220 podb-esxi207 dnsmasq[2917430]: read /opt/stack/data/neutron/dhcp/9cd1fcd8-b630-47f8-8d18-788ec7aab316/addn_hosts - 4 names
Oct 17 19:43:08.701353 podb-esxi207 dnsmasq-dhcp[2917430]: read /opt/stack/data/neutron/dhcp/9cd1fcd8-b630-47f8-8d18-788ec7aab316/host
Oct 17 19:43:08.701460 podb-esxi207 dnsmasq-dhcp[2917430]: read /opt/stack/data/neutron/dhcp/9cd1fcd8-b630-47f8-8d18-788ec7aab316/opts
Oct 17 19:43:11.583572 podb-esxi207 dnsmasq[2918924]: started, version 2.90 cachesize 150
Oct 17 19:43:11.583595 podb-esxi207 dnsmasq[2918924]: DNS service limited to local subnets
Oct 17 19:43:11.583609 podb-esxi207 dnsmasq[2918924]: compile time options: IPv6 GNU-getopt DBus no-UBus i18n IDN2 DHCP DHCPv6 no-Lua TFTP conntrack ipset no-nftset auth cryptohash DNSSEC loop-detect inotify dumpfile
Oct 17 19:43:11.583643 podb-esxi207 dnsmasq-dhcp[2918924]: DHCP, static leases only on 10.1.0.0, lease time 1d
Oct 17 19:43:11.583791 podb-esxi207 dnsmasq[2918924]: reading /etc/resolv.conf
Oct 17 19:43:11.583807 podb-esxi207 dnsmasq[2918924]: using nameserver 127.0.0.53#53
Oct 17 19:43:11.583915 podb-esxi207 dnsmasq[2918924]: read /opt/stack/data/neutron/dhcp/0fc08dbd-68c1-4d5f-a891-763aba89a42b/addn_hosts - 2 names
Oct 17 19:43:11.583968 podb-esxi207 dnsmasq-dhcp[2918924]: read /opt/stack/data/neutron/dhcp/0fc08dbd-68c1-4d5f-a891-763aba89a42b/host
Oct 17 19:43:11.584040 podb-esxi207 dnsmasq-dhcp[2918924]: read /opt/stack/data/neutron/dhcp/0fc08dbd-68c1-4d5f-a891-763aba89a42b/opts
Oct 17 19:43:12.111127 podb-esxi207 dnsmasq[2916526]: read /opt/stack/data/neutron/dhcp/21e39bed-c394-4348-b9ad-03966e892f41/addn_hosts - 4 names
Oct 17 19:43:12.111244 podb-esxi207 dnsmasq-dhcp[2916526]: read /opt/stack/data/neutron/dhcp/21e39bed-c394-4348-b9ad-03966e892f41/host
Oct 17 19:43:12.111349 podb-esxi207 dnsmasq-dhcp[2916526]: read /opt/stack/data/neutron/dhcp/21e39bed-c394-4348-b9ad-03966e892f41/opts
Oct 17 19:43:12.341141 podb-esxi207 dnsmasq[2916025]: exiting on receipt of SIGTERM
Oct 17 19:43:13.458457 podb-esxi207 dnsmasq[2917657]: read /opt/stack/data/neutron/dhcp/f5faa73e-cbe6-434f-aee1-b2ecebb54c5c/addn_hosts - 4 names
Oct 17 19:43:13.458565 podb-esxi207 dnsmasq-dhcp[2917657]: read /opt/stack/data/neutron/dhcp/f5faa73e-cbe6-434f-aee1-b2ecebb54c5c/host
Oct 17 19:43:13.458644 podb-esxi207 dnsmasq-dhcp[2917657]: read /opt/stack/data/neutron/dhcp/f5faa73e-cbe6-434f-aee1-b2ecebb54c5c/opts
Oct 17 19:43:15.203594 podb-esxi207 dnsmasq[2918771]: read /opt/stack/data/neutron/dhcp/a9bd2a9d-6ab1-4b8f-9643-3de6ee4d6abd/addn_hosts - 2 names
Oct 17 19:43:15.203684 podb-esxi207 dnsmasq-dhcp[2918771]: read /opt/stack/data/neutron/dhcp/a9bd2a9d-6ab1-4b8f-9643-3de6ee4d6abd/host
Oct 17 19:43:15.203789 podb-esxi207 dnsmasq-dhcp[2918771]: read /opt/stack/data/neutron/dhcp/a9bd2a9d-6ab1-4b8f-9643-3de6ee4d6abd/opts
Oct 17 19:43:17.746139 podb-esxi207 dnsmasq-dhcp[2917430]: DHCPDISCOVER(tap5fd52e59-52) fa:16:3e:6b:c6:ed
Oct 17 19:43:17.746166 podb-esxi207 dnsmasq-dhcp[2917430]: DHCPOFFER(tap5fd52e59-52) 10.1.0.8 fa:16:3e:6b:c6:ed
Oct 17 19:43:17.757693 podb-esxi207 dnsmasq-dhcp[2917430]: DHCPREQUEST(tap5fd52e59-52) 10.1.0.8 fa:16:3e:6b:c6:ed
Oct 17 19:43:17.757718 podb-esxi207 dnsmasq-dhcp[2917430]: DHCPACK(tap5fd52e59-52) 10.1.0.8 fa:16:3e:6b:c6:ed host-10-1-0-8
Oct 17 19:43:17.964021 podb-esxi207 dnsmasq[2919169]: started, version 2.90 cachesize 150
Oct 17 19:43:17.964048 podb-esxi207 dnsmasq[2919169]: DNS service limited to local subnets
Oct 17 19:43:17.964064 podb-esxi207 dnsmasq[2919169]: compile time options: IPv6 GNU-getopt DBus no-UBus i18n IDN2 DHCP DHCPv6 no-Lua TFTP conntrack ipset no-nftset auth cryptohash DNSSEC loop-detect inotify dumpfile
Oct 17 19:43:17.964097 podb-esxi207 dnsmasq-dhcp[2919169]: DHCP, static leases only on 10.10.10.0, lease time 1d
Oct 17 19:43:17.964243 podb-esxi207 dnsmasq[2919169]: reading /etc/resolv.conf
Oct 17 19:43:17.964259 podb-esxi207 dnsmasq[2919169]: using nameserver 127.0.0.53#53
Oct 17 19:43:17.964341 podb-esxi207 dnsmasq[2919169]: read /opt/stack/data/neutron/dhcp/85480378-536e-419d-9eeb-bcfc49f637df/addn_hosts - 0 names
Oct 17 19:43:17.964392 podb-esxi207 dnsmasq-dhcp[2919169]: read /opt/stack/data/neutron/dhcp/85480378-536e-419d-9eeb-bcfc49f637df/host
Oct 17 19:43:17.964449 podb-esxi207 dnsmasq-dhcp[2919169]: read /opt/stack/data/neutron/dhcp/85480378-536e-419d-9eeb-bcfc49f637df/opts
Oct 17 19:43:18.498022 podb-esxi207 dnsmasq[2917849]: read /opt/stack/data/neutron/dhcp/57cc6f00-0da5-439b-a6a3-db630f595753/addn_hosts - 4 names
Oct 17 19:43:18.498110 podb-esxi207 dnsmasq-dhcp[2917849]: read /opt/stack/data/neutron/dhcp/57cc6f00-0da5-439b-a6a3-db630f595753/host
Oct 17 19:43:18.498160 podb-esxi207 dnsmasq-dhcp[2917849]: read /opt/stack/data/neutron/dhcp/57cc6f00-0da5-439b-a6a3-db630f595753/opts
Oct 17 19:43:19.758575 podb-esxi207 dnsmasq[2918924]: read /opt/stack/data/neutron/dhcp/0fc08dbd-68c1-4d5f-a891-763aba89a42b/addn_hosts - 2 names
Oct 17 19:43:19.758668 podb-esxi207 dnsmasq-dhcp[2918924]: read /opt/stack/data/neutron/dhcp/0fc08dbd-68c1-4d5f-a891-763aba89a42b/host
Oct 17 19:43:19.758774 podb-esxi207 dnsmasq-dhcp[2918924]: read /opt/stack/data/neutron/dhcp/0fc08dbd-68c1-4d5f-a891-763aba89a42b/opts
Oct 17 19:43:20.512076 podb-esxi207 dnsmasq[2917657]: read /opt/stack/data/neutron/dhcp/f5faa73e-cbe6-434f-aee1-b2ecebb54c5c/addn_hosts - 4 names
Oct 17 19:43:20.512142 podb-esxi207 dnsmasq-dhcp[2917657]: read /opt/stack/data/neutron/dhcp/f5faa73e-cbe6-434f-aee1-b2ecebb54c5c/host
Oct 17 19:43:20.512204 podb-esxi207 dnsmasq-dhcp[2917657]: read /opt/stack/data/neutron/dhcp/f5faa73e-cbe6-434f-aee1-b2ecebb54c5c/opts
Oct 17 19:43:21.767563 podb-esxi207 dnsmasq[2918771]: read /opt/stack/data/neutron/dhcp/a9bd2a9d-6ab1-4b8f-9643-3de6ee4d6abd/addn_hosts - 2 names
Oct 17 19:43:21.767673 podb-esxi207 dnsmasq-dhcp[2918771]: read /opt/stack/data/neutron/dhcp/a9bd2a9d-6ab1-4b8f-9643-3de6ee4d6abd/host
Oct 17 19:43:21.767787 podb-esxi207 dnsmasq-dhcp[2918771]: read /opt/stack/data/neutron/dhcp/a9bd2a9d-6ab1-4b8f-9643-3de6ee4d6abd/opts
Oct 17 19:43:22.520788 podb-esxi207 dnsmasq[2917430]: read /opt/stack/data/neutron/dhcp/9cd1fcd8-b630-47f8-8d18-788ec7aab316/addn_hosts - 6 names
Oct 17 19:43:22.520898 podb-esxi207 dnsmasq-dhcp[2917430]: read /opt/stack/data/neutron/dhcp/9cd1fcd8-b630-47f8-8d18-788ec7aab316/host
Oct 17 19:43:22.520969 podb-esxi207 dnsmasq-dhcp[2917430]: read /opt/stack/data/neutron/dhcp/9cd1fcd8-b630-47f8-8d18-788ec7aab316/opts
Oct 17 19:43:23.771867 podb-esxi207 dnsmasq[2919169]: read /opt/stack/data/neutron/dhcp/85480378-536e-419d-9eeb-bcfc49f637df/addn_hosts - 0 names
Oct 17 19:43:23.771938 podb-esxi207 dnsmasq-dhcp[2919169]: read /opt/stack/data/neutron/dhcp/85480378-536e-419d-9eeb-bcfc49f637df/host
Oct 17 19:43:23.772008 podb-esxi207 dnsmasq-dhcp[2919169]: read /opt/stack/data/neutron/dhcp/85480378-536e-419d-9eeb-bcfc49f637df/opts
Oct 17 19:43:24.505671 podb-esxi207 dnsmasq[2917849]: read /opt/stack/data/neutron/dhcp/57cc6f00-0da5-439b-a6a3-db630f595753/addn_hosts - 4 names
