Oct 15 04:39:27.163945 devstack-u2204-93-55 systemd[1]: Starting Devstack devstack@n-api.service...
Oct 15 04:39:27.181300 devstack-u2204-93-55 devstack@n-api.service[1429633]: [uWSGI] getting INI configuration from /etc/nova/nova-api-uwsgi.ini
Oct 15 04:39:27.184991 devstack-u2204-93-55 devstack@n-api.service[1429633]: *** Starting uWSGI 2.0.20-debian (64bit) on [Wed Oct 15 04:39:27 2025] ***
Oct 15 04:39:27.184991 devstack-u2204-93-55 devstack@n-api.service[1429633]: compiled with version: 11.2.0 on 21 March 2022 11:00:44
Oct 15 04:39:27.184991 devstack-u2204-93-55 devstack@n-api.service[1429633]: os: Linux-6.8.0-85-generic #85~22.04.1-Ubuntu SMP PREEMPT_DYNAMIC Fri Sep 19 16:18:59 UTC 2
Oct 15 04:39:27.184991 devstack-u2204-93-55 devstack@n-api.service[1429633]: nodename: devstack-u2204-93-55
Oct 15 04:39:27.184991 devstack-u2204-93-55 devstack@n-api.service[1429633]: machine: x86_64
Oct 15 04:39:27.184991 devstack-u2204-93-55 devstack@n-api.service[1429633]: clock source: unix
Oct 15 04:39:27.184991 devstack-u2204-93-55 devstack@n-api.service[1429633]: pcre jit disabled
Oct 15 04:39:27.184991 devstack-u2204-93-55 devstack@n-api.service[1429633]: detected number of CPU cores: 8
Oct 15 04:39:27.184991 devstack-u2204-93-55 devstack@n-api.service[1429633]: current working directory: /
Oct 15 04:39:27.184991 devstack-u2204-93-55 devstack@n-api.service[1429633]: detected binary path: /usr/bin/uwsgi-core
Oct 15 04:39:27.184991 devstack-u2204-93-55 devstack@n-api.service[1429633]: your processes number limit is 95421
Oct 15 04:39:27.186280 devstack-u2204-93-55 devstack@n-api.service[1429633]: your memory page size is 4096 bytes
Oct 15 04:39:27.186280 devstack-u2204-93-55 devstack@n-api.service[1429633]: detected max file descriptor number: 2048
Oct 15 04:39:27.186280 devstack-u2204-93-55 devstack@n-api.service[1429633]: lock engine: pthread robust mutexes
Oct 15 04:39:27.186280 devstack-u2204-93-55 devstack@n-api.service[1429633]: thunder lock: enabled
Oct 15 04:39:27.186280 devstack-u2204-93-55 devstack@n-api.service[1429633]: uwsgi socket 0 bound to UNIX address /var/run/uwsgi/nova-api.socket fd 4
Oct 15 04:39:27.186280 devstack-u2204-93-55 devstack@n-api.service[1429633]: Python version: 3.10.12 (main, Aug 15 2025, 14:32:43) [GCC 11.4.0]
Oct 15 04:39:27.186280 devstack-u2204-93-55 devstack@n-api.service[1429633]: PEP 405 virtualenv detected: /opt/stack/data/venv
Oct 15 04:39:27.186280 devstack-u2204-93-55 devstack@n-api.service[1429633]: Set PythonHome to /opt/stack/data/venv
Oct 15 04:39:27.241246 devstack-u2204-93-55 devstack@n-api.service[1429633]: Python main interpreter initialized at 0x58c63c43c390
Oct 15 04:39:27.241246 devstack-u2204-93-55 devstack@n-api.service[1429633]: python threads support enabled
Oct 15 04:39:27.241246 devstack-u2204-93-55 devstack@n-api.service[1429633]: your server socket listen backlog is limited to 100 connections
Oct 15 04:39:27.241246 devstack-u2204-93-55 devstack@n-api.service[1429633]: your mercy for graceful operations on workers is 80 seconds
Oct 15 04:39:27.242028 devstack-u2204-93-55 devstack@n-api.service[1429633]: mapped 403077 bytes (393 KB) for 2 cores
Oct 15 04:39:27.242028 devstack-u2204-93-55 devstack@n-api.service[1429633]: *** Operational MODE: preforking ***
Oct 15 04:39:27.242253 devstack-u2204-93-55 devstack@n-api.service[1429633]: *** uWSGI is running in multiple interpreter mode ***
Oct 15 04:39:27.242253 devstack-u2204-93-55 devstack@n-api.service[1429633]: spawned uWSGI master process (pid: 1429633)
Oct 15 04:39:27.242588 devstack-u2204-93-55 systemd[1]: Started Devstack devstack@n-api.service.
Oct 15 04:39:27.242987 devstack-u2204-93-55 devstack@n-api.service[1429633]: spawned uWSGI worker 1 (pid: 1429634, cores: 1)
Oct 15 04:39:27.243240 devstack-u2204-93-55 devstack@n-api.service[1429633]: spawned uWSGI worker 2 (pid: 1429635, cores: 1)
Oct 15 04:39:27.243449 devstack-u2204-93-55 devstack@n-api.service[1429633]: running "unix_signal:15 gracefully_kill_them_all" (master-start)...
Oct 15 04:39:32.145706 devstack-u2204-93-55 devstack@n-api.service[1429634]: WSGI app 0 (mountpoint='') ready in 5 seconds on interpreter 0x58c63c43c390 pid: 1429634 (default app)
Oct 15 04:39:32.153643 devstack-u2204-93-55 devstack@n-api.service[1429634]: [pid: 1429634|app: 0|req: 1/1] 172.25.93.55 () {50 vars in 788 bytes} [Wed Oct 15 04:39:32 2025] GET /compute/v2.1/ => generated 390 bytes in 7 msecs (HTTP/1.1 200) 9 headers in 357 bytes (1 switches on core 0)
Oct 15 04:39:32.190482 devstack-u2204-93-55 devstack@n-api.service[1429635]: WSGI app 0 (mountpoint='') ready in 5 seconds on interpreter 0x58c63c43c390 pid: 1429635 (default app)
Oct 15 04:41:23.357250 devstack-u2204-93-55 devstack@n-api.service[1429634]: [pid: 1429634|app: 0|req: 2/2] 172.25.93.55 () {54 vars in 931 bytes} [Wed Oct 15 04:41:23 2025] GET /compute/v2.1 => generated 390 bytes in 10 msecs (HTTP/1.1 200) 9 headers in 357 bytes (1 switches on core 0)
Oct 15 04:41:24.645939 devstack-u2204-93-55 devstack@n-api.service[1429635]: [pid: 1429635|app: 0|req: 1/3] 172.25.93.55 () {60 vars in 1292 bytes} [Wed Oct 15 04:41:23 2025] GET /compute/v2.1/flavors/detail?is_public=True => generated 15 bytes in 1282 msecs (HTTP/1.1 200) 9 headers in 358 bytes (2 switches on core 0)
Oct 15 04:41:27.148112 devstack-u2204-93-55 devstack@n-api.service[1429634]: [pid: 1429634|app: 0|req: 3/4] 172.25.93.55 () {54 vars in 931 bytes} [Wed Oct 15 04:41:27 2025] GET /compute/v2.1 => generated 390 bytes in 15 msecs (HTTP/1.1 200) 9 headers in 357 bytes (1 switches on core 0)
Oct 15 04:41:27.854843 devstack-u2204-93-55 devstack@n-api.service[1429635]: [pid: 1429635|app: 0|req: 2/5] 172.25.93.55 () {64 vars in 1283 bytes} [Wed Oct 15 04:41:27 2025] POST /compute/v2.1/flavors => generated 409 bytes in 697 msecs (HTTP/1.1 200) 9 headers in 359 bytes (1 switches on core 0)
Oct 15 04:41:28.085926 devstack-u2204-93-55 devstack@n-api.service[1429634]: [pid: 1429634|app: 0|req: 4/6] 172.25.93.55 () {64 vars in 1336 bytes} [Wed Oct 15 04:41:27 2025] POST /compute/v2.1/flavors/c1/os-extra_specs => generated 43 bytes in 222 msecs (HTTP/1.1 200) 9 headers in 358 bytes (1 switches on core 0)
Oct 15 04:41:30.495345 devstack-u2204-93-55 devstack@n-api.service[1429635]: [pid: 1429635|app: 0|req: 3/7] 172.25.93.55 () {54 vars in 931 bytes} [Wed Oct 15 04:41:30 2025] GET /compute/v2.1 => generated 390 bytes in 15 msecs (HTTP/1.1 200) 9 headers in 357 bytes (1 switches on core 0)
Oct 15 04:41:31.679247 devstack-u2204-93-55 devstack@n-api.service[1429634]: [pid: 1429634|app: 0|req: 5/8] 172.25.93.55 () {64 vars in 1283 bytes} [Wed Oct 15 04:41:30 2025] POST /compute/v2.1/flavors => generated 406 bytes in 1174 msecs (HTTP/1.1 200) 9 headers in 359 bytes (1 switches on core 0)
Oct 15 04:41:31.757828 devstack-u2204-93-55 devstack@n-api.service[1429635]: [pid: 1429635|app: 0|req: 4/9] 172.25.93.55 () {64 vars in 1336 bytes} [Wed Oct 15 04:41:31 2025] POST /compute/v2.1/flavors/d1/os-extra_specs => generated 43 bytes in 64 msecs (HTTP/1.1 200) 9 headers in 358 bytes (1 switches on core 0)
Oct 15 04:41:34.340422 devstack-u2204-93-55 devstack@n-api.service[1429634]: [pid: 1429634|app: 0|req: 6/10] 172.25.93.55 () {54 vars in 931 bytes} [Wed Oct 15 04:41:34 2025] GET /compute/v2.1 => generated 390 bytes in 13 msecs (HTTP/1.1 200) 9 headers in 357 bytes (1 switches on core 0)
Oct 15 04:41:35.096108 devstack-u2204-93-55 devstack@n-api.service[1429635]: [pid: 1429635|app: 0|req: 5/11] 172.25.93.55 () {64 vars in 1283 bytes} [Wed Oct 15 04:41:34 2025] POST /compute/v2.1/flavors => generated 406 bytes in 744 msecs (HTTP/1.1 200) 9 headers in 359 bytes (1 switches on core 0)
Oct 15 04:41:35.154690 devstack-u2204-93-55 devstack@n-api.service[1429634]: [pid: 1429634|app: 0|req: 7/12] 172.25.93.55 () {64 vars in 1336 bytes} [Wed Oct 15 04:41:35 2025] POST /compute/v2.1/flavors/d2/os-extra_specs => generated 43 bytes in 46 msecs (HTTP/1.1 200) 9 headers in 358 bytes (1 switches on core 0)
Oct 15 04:41:37.645693 devstack-u2204-93-55 devstack@n-api.service[1429635]: [pid: 1429635|app: 0|req: 6/13] 172.25.93.55 () {54 vars in 931 bytes} [Wed Oct 15 04:41:37 2025] GET /compute/v2.1 => generated 390 bytes in 9 msecs (HTTP/1.1 200) 9 headers in 357 bytes (2 switches on core 0)
Oct 15 04:41:38.371574 devstack-u2204-93-55 devstack@n-api.service[1429634]: [pid: 1429634|app: 0|req: 8/14] 172.25.93.55 () {64 vars in 1283 bytes} [Wed Oct 15 04:41:37 2025] POST /compute/v2.1/flavors => generated 406 bytes in 718 msecs (HTTP/1.1 200) 9 headers in 359 bytes (1 switches on core 0)
Oct 15 04:41:38.435687 devstack-u2204-93-55 devstack@n-api.service[1429635]: [pid: 1429635|app: 0|req: 7/15] 172.25.93.55 () {64 vars in 1336 bytes} [Wed Oct 15 04:41:38 2025] POST /compute/v2.1/flavors/d3/os-extra_specs => generated 43 bytes in 51 msecs (HTTP/1.1 200) 9 headers in 358 bytes (1 switches on core 0)
Oct 15 04:41:40.880178 devstack-u2204-93-55 devstack@n-api.service[1429634]: [pid: 1429634|app: 0|req: 9/16] 172.25.93.55 () {54 vars in 931 bytes} [Wed Oct 15 04:41:40 2025] GET /compute/v2.1 => generated 390 bytes in 17 msecs (HTTP/1.1 200) 9 headers in 357 bytes (1 switches on core 0)
Oct 15 04:41:41.614269 devstack-u2204-93-55 devstack@n-api.service[1429635]: [pid: 1429635|app: 0|req: 8/17] 172.25.93.55 () {64 vars in 1283 bytes} [Wed Oct 15 04:41:40 2025] POST /compute/v2.1/flavors => generated 406 bytes in 725 msecs (HTTP/1.1 200) 9 headers in 359 bytes (2 switches on core 0)
Oct 15 04:41:41.683814 devstack-u2204-93-55 devstack@n-api.service[1429634]: [pid: 1429634|app: 0|req: 10/18] 172.25.93.55 () {64 vars in 1336 bytes} [Wed Oct 15 04:41:41 2025] POST /compute/v2.1/flavors/d4/os-extra_specs => generated 43 bytes in 53 msecs (HTTP/1.1 200) 9 headers in 358 bytes (1 switches on core 0)
Oct 15 04:41:44.098351 devstack-u2204-93-55 devstack@n-api.service[1429635]: [pid: 1429635|app: 0|req: 9/19] 172.25.93.55 () {54 vars in 931 bytes} [Wed Oct 15 04:41:44 2025] GET /compute/v2.1 => generated 390 bytes in 10 msecs (HTTP/1.1 200) 9 headers in 357 bytes (1 switches on core 0)
Oct 15 04:41:44.810114 devstack-u2204-93-55 devstack@n-api.service[1429634]: [pid: 1429634|app: 0|req: 11/20] 172.25.93.55 () {60 vars in 1292 bytes} [Wed Oct 15 04:41:44 2025] GET /compute/v2.1/flavors/detail?is_public=True => generated 2116 bytes in 705 msecs (HTTP/1.1 200) 9 headers in 360 bytes (1 switches on core 0)
Oct 15 04:41:47.234348 devstack-u2204-93-55 devstack@n-api.service[1429635]: [pid: 1429635|app: 0|req: 10/21] 172.25.93.55 () {54 vars in 931 bytes} [Wed Oct 15 04:41:47 2025] GET /compute/v2.1 => generated 390 bytes in 15 msecs (HTTP/1.1 200) 9 headers in 357 bytes (1 switches on core 0)
Oct 15 04:41:47.874391 devstack-u2204-93-55 devstack@n-api.service[1429634]: [pid: 1429634|app: 0|req: 12/22] 172.25.93.55 () {64 vars in 1283 bytes} [Wed Oct 15 04:41:47 2025] POST /compute/v2.1/flavors => generated 404 bytes in 630 msecs (HTTP/1.1 200) 9 headers in 359 bytes (1 switches on core 0)
Oct 15 04:41:47.935667 devstack-u2204-93-55 devstack@n-api.service[1429635]: [pid: 1429635|app: 0|req: 11/23] 172.25.93.55 () {64 vars in 1333 bytes} [Wed Oct 15 04:41:47 2025] POST /compute/v2.1/flavors/1/os-extra_specs => generated 43 bytes in 52 msecs (HTTP/1.1 200) 9 headers in 358 bytes (1 switches on core 0)
Oct 15 04:41:50.423621 devstack-u2204-93-55 devstack@n-api.service[1429634]: [pid: 1429634|app: 0|req: 13/24] 172.25.93.55 () {54 vars in 931 bytes} [Wed Oct 15 04:41:50 2025] GET /compute/v2.1 => generated 390 bytes in 13 msecs (HTTP/1.1 200) 9 headers in 357 bytes (1 switches on core 0)
Oct 15 04:41:51.155341 devstack-u2204-93-55 devstack@n-api.service[1429635]: [pid: 1429635|app: 0|req: 12/25] 172.25.93.55 () {64 vars in 1283 bytes} [Wed Oct 15 04:41:50 2025] POST /compute/v2.1/flavors => generated 407 bytes in 724 msecs (HTTP/1.1 200) 9 headers in 359 bytes (1 switches on core 0)
Oct 15 04:41:51.228456 devstack-u2204-93-55 devstack@n-api.service[1429634]: [pid: 1429634|app: 0|req: 14/26] 172.25.93.55 () {64 vars in 1333 bytes} [Wed Oct 15 04:41:51 2025] POST /compute/v2.1/flavors/2/os-extra_specs => generated 43 bytes in 63 msecs (HTTP/1.1 200) 9 headers in 358 bytes (1 switches on core 0)
Oct 15 04:41:53.752053 devstack-u2204-93-55 devstack@n-api.service[1429635]: [pid: 1429635|app: 0|req: 13/27] 172.25.93.55 () {54 vars in 931 bytes} [Wed Oct 15 04:41:53 2025] GET /compute/v2.1 => generated 390 bytes in 14 msecs (HTTP/1.1 200) 9 headers in 357 bytes (1 switches on core 0)
Oct 15 04:41:54.507555 devstack-u2204-93-55 devstack@n-api.service[1429634]: [pid: 1429634|app: 0|req: 15/28] 172.25.93.55 () {64 vars in 1283 bytes} [Wed Oct 15 04:41:53 2025] POST /compute/v2.1/flavors => generated 408 bytes in 744 msecs (HTTP/1.1 200) 9 headers in 359 bytes (1 switches on core 0)
Oct 15 04:41:54.576666 devstack-u2204-93-55 devstack@n-api.service[1429635]: [pid: 1429635|app: 0|req: 14/29] 172.25.93.55 () {64 vars in 1333 bytes} [Wed Oct 15 04:41:54 2025] POST /compute/v2.1/flavors/3/os-extra_specs => generated 43 bytes in 56 msecs (HTTP/1.1 200) 9 headers in 358 bytes (1 switches on core 0)
Oct 15 04:41:57.042898 devstack-u2204-93-55 devstack@n-api.service[1429634]: [pid: 1429634|app: 0|req: 16/30] 172.25.93.55 () {54 vars in 931 bytes} [Wed Oct 15 04:41:57 2025] GET /compute/v2.1 => generated 390 bytes in 13 msecs (HTTP/1.1 200) 9 headers in 357 bytes (2 switches on core 0)
Oct 15 04:41:57.741754 devstack-u2204-93-55 devstack@n-api.service[1429635]: [pid: 1429635|app: 0|req: 15/31] 172.25.93.55 () {64 vars in 1283 bytes} [Wed Oct 15 04:41:57 2025] POST /compute/v2.1/flavors => generated 407 bytes in 693 msecs (HTTP/1.1 200) 9 headers in 359 bytes (1 switches on core 0)
Oct 15 04:41:57.803581 devstack-u2204-93-55 devstack@n-api.service[1429634]: [pid: 1429634|app: 0|req: 17/32] 172.25.93.55 () {64 vars in 1333 bytes} [Wed Oct 15 04:41:57 2025] POST /compute/v2.1/flavors/4/os-extra_specs => generated 43 bytes in 45 msecs (HTTP/1.1 200) 9 headers in 358 bytes (1 switches on core 0)
Oct 15 04:42:00.114603 devstack-u2204-93-55 devstack@n-api.service[1429635]: [pid: 1429635|app: 0|req: 16/33] 172.25.93.55 () {54 vars in 931 bytes} [Wed Oct 15 04:42:00 2025] GET /compute/v2.1 => generated 390 bytes in 6 msecs (HTTP/1.1 200) 9 headers in 357 bytes (2 switches on core 0)
Oct 15 04:42:00.734939 devstack-u2204-93-55 devstack@n-api.service[1429634]: [pid: 1429634|app: 0|req: 18/34] 172.25.93.55 () {64 vars in 1283 bytes} [Wed Oct 15 04:42:00 2025] POST /compute/v2.1/flavors => generated 410 bytes in 615 msecs (HTTP/1.1 200) 9 headers in 359 bytes (2 switches on core 0)
Oct 15 04:42:00.814395 devstack-u2204-93-55 devstack@n-api.service[1429635]: [pid: 1429635|app: 0|req: 17/35] 172.25.93.55 () {64 vars in 1333 bytes} [Wed Oct 15 04:42:00 2025] POST /compute/v2.1/flavors/5/os-extra_specs => generated 43 bytes in 61 msecs (HTTP/1.1 200) 9 headers in 358 bytes (1 switches on core 0)
Oct 15 04:42:14.653414 devstack-u2204-93-55 devstack@n-api.service[1429634]: [pid: 1429634|app: 0|req: 19/36] 172.25.93.55 () {54 vars in 931 bytes} [Wed Oct 15 04:42:14 2025] GET /compute/v2.1 => generated 390 bytes in 6 msecs (HTTP/1.1 200) 9 headers in 357 bytes (2 switches on core 0)
Oct 15 04:42:15.264853 devstack-u2204-93-55 devstack@n-api.service[1429635]: [pid: 1429635|app: 0|req: 18/37] 172.25.93.55 () {60 vars in 1345 bytes} [Wed Oct 15 04:42:14 2025] GET /compute/v2.1/os-services?binary=nova-compute&host=devstack-u2204-93-55 => generated 263 bytes in 606 msecs (HTTP/1.1 200) 9 headers in 359 bytes (1 switches on core 0)
Oct 15 04:42:56.914601 devstack-u2204-93-55 devstack@n-api.service[1429634]: [pid: 1429634|app: 0|req: 20/38] 172.25.93.55 () {54 vars in 931 bytes} [Wed Oct 15 04:42:56 2025] GET /compute/v2.1 => generated 390 bytes in 15 msecs (HTTP/1.1 200) 9 headers in 357 bytes (1 switches on core 0)
Oct 15 04:42:57.582466 devstack-u2204-93-55 devstack@n-api.service[1429635]: [pid: 1429635|app: 0|req: 19/39] 172.25.93.55 () {60 vars in 1292 bytes} [Wed Oct 15 04:42:56 2025] GET /compute/v2.1/flavors/detail?is_public=True => generated 4222 bytes in 661 msecs (HTTP/1.1 200) 9 headers in 360 bytes (1 switches on core 0)
Oct 15 04:43:03.040007 devstack-u2204-93-55 devstack@n-api.service[1429634]: [pid: 1429634|app: 0|req: 21/40] 172.25.93.55 () {54 vars in 931 bytes} [Wed Oct 15 04:43:03 2025] GET /compute/v2.1 => generated 390 bytes in 14 msecs (HTTP/1.1 200) 9 headers in 357 bytes (1 switches on core 0)
Oct 15 04:43:03.701589 devstack-u2204-93-55 devstack@n-api.service[1429635]: [pid: 1429635|app: 0|req: 20/41] 172.25.93.55 () {64 vars in 1283 bytes} [Wed Oct 15 04:43:03 2025] POST /compute/v2.1/flavors => generated 407 bytes in 655 msecs (HTTP/1.1 200) 9 headers in 359 bytes (1 switches on core 0)
Oct 15 04:43:03.775961 devstack-u2204-93-55 devstack@n-api.service[1429634]: [pid: 1429634|app: 0|req: 22/42] 172.25.93.55 () {64 vars in 1336 bytes} [Wed Oct 15 04:43:03 2025] POST /compute/v2.1/flavors/42/os-extra_specs => generated 43 bytes in 58 msecs (HTTP/1.1 200) 9 headers in 358 bytes (1 switches on core 0)
Oct 15 04:43:08.900960 devstack-u2204-93-55 devstack@n-api.service[1429635]: [pid: 1429635|app: 0|req: 21/43] 172.25.93.55 () {54 vars in 931 bytes} [Wed Oct 15 04:43:08 2025] GET /compute/v2.1 => generated 390 bytes in 17 msecs (HTTP/1.1 200) 9 headers in 357 bytes (1 switches on core 0)
Oct 15 04:43:09.545387 devstack-u2204-93-55 devstack@n-api.service[1429634]: [pid: 1429634|app: 0|req: 23/44] 172.25.93.55 () {64 vars in 1283 bytes} [Wed Oct 15 04:43:08 2025] POST /compute/v2.1/flavors => generated 408 bytes in 635 msecs (HTTP/1.1 200) 9 headers in 359 bytes (1 switches on core 0)
Oct 15 04:43:09.599477 devstack-u2204-93-55 devstack@n-api.service[1429635]: [pid: 1429635|app: 0|req: 22/45] 172.25.93.55 () {64 vars in 1336 bytes} [Wed Oct 15 04:43:09 2025] POST /compute/v2.1/flavors/84/os-extra_specs => generated 43 bytes in 43 msecs (HTTP/1.1 200) 9 headers in 358 bytes (1 switches on core 0)
Oct 15 04:45:06.693705 devstack-u2204-93-55 devstack@n-api.service[1429634]: [pid: 1429634|app: 0|req: 24/46] 172.25.93.55 () {54 vars in 931 bytes} [Wed Oct 15 04:45:06 2025] GET /compute/v2.1 => generated 390 bytes in 14 msecs (HTTP/1.1 200) 9 headers in 357 bytes (1 switches on core 0)
Oct 15 04:45:07.467806 devstack-u2204-93-55 devstack@n-api.service[1429635]: [pid: 1429635|app: 0|req: 23/47] 172.25.93.55 () {60 vars in 1290 bytes} [Wed Oct 15 04:45:06 2025] GET /compute/v2.1/servers/detail?deleted=False => generated 15 bytes in 762 msecs (HTTP/1.1 200) 9 headers in 358 bytes (1 switches on core 0)
Oct 15 04:46:04.693891 devstack-u2204-93-55 devstack@n-api.service[1429634]: [pid: 1429634|app: 0|req: 25/48] 172.25.93.55 () {60 vars in 1159 bytes} [Wed Oct 15 04:46:04 2025] POST /compute/v2.1/os-keypairs => generated 386 bytes in 263 msecs (HTTP/1.1 200) 9 headers in 357 bytes (1 switches on core 0)
Oct 15 04:46:08.639711 devstack-u2204-93-55 devstack@n-api.service[1429635]: [pid: 1429635|app: 0|req: 24/49] 172.25.93.55 () {60 vars in 1147 bytes} [Wed Oct 15 04:46:07 2025] POST /compute/v2.1/servers => generated 408 bytes in 1458 msecs (HTTP/1.1 202) 10 headers in 452 bytes (1 switches on core 0)
Oct 15 04:46:08.892643 devstack-u2204-93-55 devstack@n-api.service[1429634]: [pid: 1429634|app: 0|req: 26/50] 172.25.93.55 () {58 vars in 1236 bytes} [Wed Oct 15 04:46:08 2025] GET /compute/v2.1/servers/0a7dcdf0-2305-4475-8409-f55a40851d15 => generated 1259 bytes in 247 msecs (HTTP/1.1 200) 9 headers in 358 bytes (1 switches on core 0)
Oct 15 04:46:10.088208 devstack-u2204-93-55 devstack@n-api.service[1429635]: [pid: 1429635|app: 0|req: 25/51] 172.25.93.55 () {58 vars in 1236 bytes} [Wed Oct 15 04:46:09 2025] GET /compute/v2.1/servers/0a7dcdf0-2305-4475-8409-f55a40851d15 => generated 1259 bytes in 180 msecs (HTTP/1.1 200) 9 headers in 358 bytes (2 switches on core 0)
Oct 15 04:46:10.232708 devstack-u2204-93-55 devstack@n-api.service[1429634]: [pid: 1429634|app: 0|req: 27/52] 172.25.93.55 () {60 vars in 1159 bytes} [Wed Oct 15 04:46:10 2025] POST /compute/v2.1/os-keypairs => generated 403 bytes in 57 msecs (HTTP/1.1 200) 9 headers in 357 bytes (1 switches on core 0)
Oct 15 04:46:11.081993 devstack-u2204-93-55 devstack@n-api.service[1429635]: [pid: 1429635|app: 0|req: 26/53] 172.25.93.55 () {60 vars in 1147 bytes} [Wed Oct 15 04:46:10 2025] POST /compute/v2.1/servers => generated 382 bytes in 760 msecs (HTTP/1.1 202) 10 headers in 452 bytes (1 switches on core 0)
Oct 15 04:46:11.177031 devstack-u2204-93-55 devstack@n-api.service[1429634]: [pid: 1429634|app: 0|req: 28/54] 172.25.93.55 () {58 vars in 1236 bytes} [Wed Oct 15 04:46:11 2025] GET /compute/v2.1/servers/93a8f567-0d30-49c5-aca9-4c06bdb50f46 => generated 1260 bytes in 91 msecs (HTTP/1.1 200) 9 headers in 358 bytes (1 switches on core 0)
Oct 15 04:46:11.274148 devstack-u2204-93-55 devstack@n-api.service[1429635]: [pid: 1429635|app: 0|req: 27/55] 172.25.93.55 () {58 vars in 1236 bytes} [Wed Oct 15 04:46:11 2025] GET /compute/v2.1/servers/0a7dcdf0-2305-4475-8409-f55a40851d15 => generated 1255 bytes in 165 msecs (HTTP/1.1 200) 9 headers in 358 bytes (1 switches on core 0)
Oct 15 04:46:12.487557 devstack-u2204-93-55 devstack@n-api.service[1429635]: [pid: 1429635|app: 0|req: 28/56] 172.25.93.55 () {58 vars in 1236 bytes} [Wed Oct 15 04:46:12 2025] GET /compute/v2.1/servers/0a7dcdf0-2305-4475-8409-f55a40851d15 => generated 1311 bytes in 194 msecs (HTTP/1.1 200) 9 headers in 358 bytes (1 switches on core 0)
Oct 15 04:46:12.545089 devstack-u2204-93-55 devstack@n-api.service[1429634]: [pid: 1429634|app: 0|req: 29/57] 172.25.93.55 () {58 vars in 1236 bytes} [Wed Oct 15 04:46:12 2025] GET /compute/v2.1/servers/93a8f567-0d30-49c5-aca9-4c06bdb50f46 => generated 1264 bytes in 342 msecs (HTTP/1.1 200) 9 headers in 358 bytes (1 switches on core 0)
Oct 15 04:46:13.638975 devstack-u2204-93-55 devstack@n-api.service[1429635]: [pid: 1429635|app: 0|req: 29/58] 172.25.93.55 () {58 vars in 1236 bytes} [Wed Oct 15 04:46:13 2025] GET /compute/v2.1/servers/0a7dcdf0-2305-4475-8409-f55a40851d15 => generated 1311 bytes in 136 msecs (HTTP/1.1 200) 9 headers in 358 bytes (1 switches on core 0)
Oct 15 04:46:13.680296 devstack-u2204-93-55 devstack@n-api.service[1429634]: [pid: 1429634|app: 0|req: 30/59] 172.25.93.55 () {58 vars in 1236 bytes} [Wed Oct 15 04:46:13 2025] GET /compute/v2.1/servers/93a8f567-0d30-49c5-aca9-4c06bdb50f46 => generated 1256 bytes in 113 msecs (HTTP/1.1 200) 9 headers in 358 bytes (1 switches on core 0)
Oct 15 04:46:14.772230 devstack-u2204-93-55 devstack@n-api.service[1429635]: [pid: 1429635|app: 0|req: 30/60] 172.25.93.55 () {58 vars in 1236 bytes} [Wed Oct 15 04:46:14 2025] GET /compute/v2.1/servers/0a7dcdf0-2305-4475-8409-f55a40851d15 => generated 1319 bytes in 113 msecs (HTTP/1.1 200) 9 headers in 358 bytes (1 switches on core 0)
Oct 15 04:46:14.883057 devstack-u2204-93-55 devstack@n-api.service[1429634]: [pid: 1429634|app: 0|req: 31/61] 172.25.93.55 () {58 vars in 1236 bytes} [Wed Oct 15 04:46:14 2025] GET /compute/v2.1/servers/93a8f567-0d30-49c5-aca9-4c06bdb50f46 => generated 1312 bytes in 170 msecs (HTTP/1.1 200) 9 headers in 358 bytes (1 switches on core 0)
Oct 15 04:46:16.040490 devstack-u2204-93-55 devstack@n-api.service[1429634]: [pid: 1429634|app: 0|req: 32/62] 172.25.93.55 () {58 vars in 1236 bytes} [Wed Oct 15 04:46:15 2025] GET /compute/v2.1/servers/93a8f567-0d30-49c5-aca9-4c06bdb50f46 => generated 1320 bytes in 139 msecs (HTTP/1.1 200) 9 headers in 358 bytes (1 switches on core 0)
Oct 15 04:46:16.154466 devstack-u2204-93-55 devstack@n-api.service[1429635]: [pid: 1429635|app: 0|req: 31/63] 172.25.93.55 () {58 vars in 1236 bytes} [Wed Oct 15 04:46:15 2025] GET /compute/v2.1/servers/0a7dcdf0-2305-4475-8409-f55a40851d15 => generated 1385 bytes in 360 msecs (HTTP/1.1 200) 9 headers in 358 bytes (2 switches on core 0)
Oct 15 04:46:17.076866 devstack-u2204-93-55 devstack@n-api.service[1429634]: [pid: 1429634|app: 0|req: 33/64] 172.25.93.55 () {64 vars in 1317 bytes} [Wed Oct 15 04:46:16 2025] POST /compute/v2.1/os-server-external-events => generated 179 bytes in 146 msecs (HTTP/1.1 200) 9 headers in 357 bytes (1 switches on core 0)
Oct 15 04:46:17.178417 devstack-u2204-93-55 devstack@n-api.service[1429635]: [pid: 1429635|app: 0|req: 32/65] 172.25.93.55 () {58 vars in 1236 bytes} [Wed Oct 15 04:46:17 2025] GET /compute/v2.1/servers/93a8f567-0d30-49c5-aca9-4c06bdb50f46 => generated 1320 bytes in 114 msecs (HTTP/1.1 200) 9 headers in 358 bytes (1 switches on core 0)
Oct 15 04:46:17.392765 devstack-u2204-93-55 devstack@n-api.service[1429634]: [pid: 1429634|app: 0|req: 34/66] 172.25.93.55 () {58 vars in 1236 bytes} [Wed Oct 15 04:46:17 2025] GET /compute/v2.1/servers/0a7dcdf0-2305-4475-8409-f55a40851d15 => generated 1385 bytes in 217 msecs (HTTP/1.1 200) 9 headers in 358 bytes (1 switches on core 0)
Oct 15 04:46:18.357655 devstack-u2204-93-55 devstack@n-api.service[1429635]: [pid: 1429635|app: 0|req: 33/67] 172.25.93.55 () {58 vars in 1236 bytes} [Wed Oct 15 04:46:18 2025] GET /compute/v2.1/servers/93a8f567-0d30-49c5-aca9-4c06bdb50f46 => generated 1330 bytes in 155 msecs (HTTP/1.1 200) 9 headers in 358 bytes (1 switches on core 0)
Oct 15 04:46:18.642168 devstack-u2204-93-55 devstack@n-api.service[1429634]: [pid: 1429634|app: 0|req: 35/68] 172.25.93.55 () {58 vars in 1236 bytes} [Wed Oct 15 04:46:18 2025] GET /compute/v2.1/servers/0a7dcdf0-2305-4475-8409-f55a40851d15 => generated 1385 bytes in 231 msecs (HTTP/1.1 200) 9 headers in 358 bytes (1 switches on core 0)
Oct 15 04:46:19.723394 devstack-u2204-93-55 devstack@n-api.service[1429635]: [pid: 1429635|app: 0|req: 34/69] 172.25.93.55 () {58 vars in 1236 bytes} [Wed Oct 15 04:46:19 2025] GET /compute/v2.1/servers/93a8f567-0d30-49c5-aca9-4c06bdb50f46 => generated 1360 bytes in 334 msecs (HTTP/1.1 200) 9 headers in 358 bytes (2 switches on core 0)
Oct 15 04:46:19.967610 devstack-u2204-93-55 devstack@n-api.service[1429634]: [pid: 1429634|app: 0|req: 36/70] 172.25.93.55 () {58 vars in 1236 bytes} [Wed Oct 15 04:46:19 2025] GET /compute/v2.1/servers/0a7dcdf0-2305-4475-8409-f55a40851d15 => generated 1385 bytes in 306 msecs (HTTP/1.1 200) 9 headers in 358 bytes (2 switches on core 0)
Oct 15 04:46:20.328126 devstack-u2204-93-55 devstack@n-api.service[1429635]: [pid: 1429635|app: 0|req: 35/71] 172.25.93.55 () {64 vars in 1317 bytes} [Wed Oct 15 04:46:20 2025] POST /compute/v2.1/os-server-external-events => generated 179 bytes in 240 msecs (HTTP/1.1 200) 9 headers in 357 bytes (1 switches on core 0)
Oct 15 04:46:21.005974 devstack-u2204-93-55 devstack@n-api.service[1429634]: [pid: 1429634|app: 0|req: 37/72] 172.25.93.55 () {58 vars in 1236 bytes} [Wed Oct 15 04:46:20 2025] GET /compute/v2.1/servers/93a8f567-0d30-49c5-aca9-4c06bdb50f46 => generated 1360 bytes in 260 msecs (HTTP/1.1 200) 9 headers in 358 bytes (1 switches on core 0)
Oct 15 04:46:21.288013 devstack-u2204-93-55 devstack@n-api.service[1429635]: [pid: 1429635|app: 0|req: 36/73] 172.25.93.55 () {58 vars in 1236 bytes} [Wed Oct 15 04:46:20 2025] GET /compute/v2.1/servers/0a7dcdf0-2305-4475-8409-f55a40851d15 => generated 1385 bytes in 291 msecs (HTTP/1.1 200) 9 headers in 358 bytes (2 switches on core 0)
Oct 15 04:46:22.251763 devstack-u2204-93-55 devstack@n-api.service[1429634]: [pid: 1429634|app: 0|req: 38/74] 172.25.93.55 () {58 vars in 1236 bytes} [Wed Oct 15 04:46:22 2025] GET /compute/v2.1/servers/93a8f567-0d30-49c5-aca9-4c06bdb50f46 => generated 1360 bytes in 224 msecs (HTTP/1.1 200) 9 headers in 358 bytes (1 switches on core 0)
Oct 15 04:46:22.806237 devstack-u2204-93-55 devstack@n-api.service[1429635]: [pid: 1429635|app: 0|req: 37/75] 172.25.93.55 () {58 vars in 1236 bytes} [Wed Oct 15 04:46:22 2025] GET /compute/v2.1/servers/0a7dcdf0-2305-4475-8409-f55a40851d15 => generated 1385 bytes in 494 msecs (HTTP/1.1 200) 9 headers in 358 bytes (1 switches on core 0)
Oct 15 04:46:23.494696 devstack-u2204-93-55 devstack@n-api.service[1429634]: [pid: 1429634|app: 0|req: 39/76] 172.25.93.55 () {58 vars in 1236 bytes} [Wed Oct 15 04:46:23 2025] GET /compute/v2.1/servers/93a8f567-0d30-49c5-aca9-4c06bdb50f46 => generated 1360 bytes in 216 msecs (HTTP/1.1 200) 9 headers in 358 bytes (1 switches on core 0)
Oct 15 04:46:24.072136 devstack-u2204-93-55 devstack@n-api.service[1429635]: [pid: 1429635|app: 0|req: 38/77] 172.25.93.55 () {58 vars in 1236 bytes} [Wed Oct 15 04:46:23 2025] GET /compute/v2.1/servers/0a7dcdf0-2305-4475-8409-f55a40851d15 => generated 1385 bytes in 252 msecs (HTTP/1.1 200) 9 headers in 358 bytes (2 switches on core 0)
Oct 15 04:46:24.726430 devstack-u2204-93-55 devstack@n-api.service[1429634]: [pid: 1429634|app: 0|req: 40/78] 172.25.93.55 () {58 vars in 1236 bytes} [Wed Oct 15 04:46:24 2025] GET /compute/v2.1/servers/93a8f567-0d30-49c5-aca9-4c06bdb50f46 => generated 1360 bytes in 208 msecs (HTTP/1.1 200) 9 headers in 358 bytes (1 switches on core 0)
Oct 15 04:46:25.090052 devstack-u2204-93-55 devstack@n-api.service[1429635]: [pid: 1429635|app: 0|req: 39/79] 172.25.93.55 () {64 vars in 1317 bytes} [Wed Oct 15 04:46:24 2025] POST /compute/v2.1/os-server-external-events => generated 183 bytes in 133 msecs (HTTP/1.1 200) 9 headers in 357 bytes (1 switches on core 0)
Oct 15 04:46:25.562079 devstack-u2204-93-55 devstack@n-api.service[1429634]: [pid: 1429634|app: 0|req: 41/80] 172.25.93.55 () {58 vars in 1236 bytes} [Wed Oct 15 04:46:25 2025] GET /compute/v2.1/servers/0a7dcdf0-2305-4475-8409-f55a40851d15 => generated 1385 bytes in 460 msecs (HTTP/1.1 200) 9 headers in 358 bytes (1 switches on core 0)
Oct 15 04:46:26.100527 devstack-u2204-93-55 devstack@n-api.service[1429635]: [pid: 1429635|app: 0|req: 40/81] 172.25.93.55 () {58 vars in 1236 bytes} [Wed Oct 15 04:46:25 2025] GET /compute/v2.1/servers/93a8f567-0d30-49c5-aca9-4c06bdb50f46 => generated 1360 bytes in 351 msecs (HTTP/1.1 200) 9 headers in 358 bytes (1 switches on core 0)
Oct 15 04:46:26.896343 devstack-u2204-93-55 devstack@n-api.service[1429634]: [pid: 1429634|app: 0|req: 42/82] 172.25.93.55 () {58 vars in 1236 bytes} [Wed Oct 15 04:46:26 2025] GET /compute/v2.1/servers/0a7dcdf0-2305-4475-8409-f55a40851d15 => generated 1385 bytes in 306 msecs (HTTP/1.1 200) 9 headers in 358 bytes (2 switches on core 0)
Oct 15 04:46:27.147875 devstack-u2204-93-55 devstack@n-api.service[1429635]: [pid: 1429635|app: 0|req: 41/83] 172.25.93.55 () {64 vars in 1317 bytes} [Wed Oct 15 04:46:27 2025] POST /compute/v2.1/os-server-external-events => generated 183 bytes in 37 msecs (HTTP/1.1 200) 9 headers in 357 bytes (1 switches on core 0)
Oct 15 04:46:27.361355 devstack-u2204-93-55 devstack@n-api.service[1429634]: [pid: 1429634|app: 0|req: 43/84] 172.25.93.55 () {58 vars in 1236 bytes} [Wed Oct 15 04:46:27 2025] GET /compute/v2.1/servers/93a8f567-0d30-49c5-aca9-4c06bdb50f46 => generated 1360 bytes in 245 msecs (HTTP/1.1 200) 9 headers in 358 bytes (1 switches on core 0)
Oct 15 04:46:28.289402 devstack-u2204-93-55 devstack@n-api.service[1429635]: [pid: 1429635|app: 0|req: 42/85] 172.25.93.55 () {58 vars in 1236 bytes} [Wed Oct 15 04:46:27 2025] GET /compute/v2.1/servers/0a7dcdf0-2305-4475-8409-f55a40851d15 => generated 1385 bytes in 370 msecs (HTTP/1.1 200) 9 headers in 358 bytes (2 switches on core 0)
Oct 15 04:46:28.603825 devstack-u2204-93-55 devstack@n-api.service[1429634]: [pid: 1429634|app: 0|req: 44/86] 172.25.93.55 () {58 vars in 1236 bytes} [Wed Oct 15 04:46:28 2025] GET /compute/v2.1/servers/93a8f567-0d30-49c5-aca9-4c06bdb50f46 => generated 1360 bytes in 216 msecs (HTTP/1.1 200) 9 headers in 358 bytes (1 switches on core 0)
Oct 15 04:46:29.687619 devstack-u2204-93-55 devstack@n-api.service[1429635]: [pid: 1429635|app: 0|req: 43/87] 172.25.93.55 () {58 vars in 1236 bytes} [Wed Oct 15 04:46:29 2025] GET /compute/v2.1/servers/0a7dcdf0-2305-4475-8409-f55a40851d15 => generated 1385 bytes in 383 msecs (HTTP/1.1 200) 9 headers in 358 bytes (2 switches on core 0)
Oct 15 04:46:29.841926 devstack-u2204-93-55 devstack@n-api.service[1429634]: [pid: 1429634|app: 0|req: 45/88] 172.25.93.55 () {58 vars in 1236 bytes} [Wed Oct 15 04:46:29 2025] GET /compute/v2.1/servers/93a8f567-0d30-49c5-aca9-4c06bdb50f46 => generated 1360 bytes in 209 msecs (HTTP/1.1 200) 9 headers in 358 bytes (1 switches on core 0)
Oct 15 04:46:31.039405 devstack-u2204-93-55 devstack@n-api.service[1429634]: [pid: 1429634|app: 0|req: 46/89] 172.25.93.55 () {58 vars in 1236 bytes} [Wed Oct 15 04:46:30 2025] GET /compute/v2.1/servers/93a8f567-0d30-49c5-aca9-4c06bdb50f46 => generated 1544 bytes in 183 msecs (HTTP/1.1 200) 9 headers in 358 bytes (2 switches on core 0)
Oct 15 04:46:31.044126 devstack-u2204-93-55 devstack@n-api.service[1429635]: [pid: 1429635|app: 0|req: 44/90] 172.25.93.55 () {58 vars in 1236 bytes} [Wed Oct 15 04:46:30 2025] GET /compute/v2.1/servers/0a7dcdf0-2305-4475-8409-f55a40851d15 => generated 1385 bytes in 336 msecs (HTTP/1.1 200) 9 headers in 358 bytes (1 switches on core 0)
Oct 15 04:46:31.306070 devstack-u2204-93-55 devstack@n-api.service[1429634]: [pid: 1429634|app: 0|req: 47/91] 172.25.93.55 () {58 vars in 1236 bytes} [Wed Oct 15 04:46:31 2025] GET /compute/v2.1/servers/93a8f567-0d30-49c5-aca9-4c06bdb50f46 => generated 1544 bytes in 254 msecs (HTTP/1.1 200) 9 headers in 358 bytes (2 switches on core 0)
Oct 15 04:46:31.494185 devstack-u2204-93-55 devstack@n-api.service[1429635]: [pid: 1429635|app: 0|req: 45/92] 172.25.93.55 () {58 vars in 1125 bytes} [Wed Oct 15 04:46:31 2025] GET /compute/v2.1/servers => generated 344 bytes in 169 msecs (HTTP/1.1 200) 9 headers in 357 bytes (1 switches on core 0)
Oct 15 04:46:31.723196 devstack-u2204-93-55 devstack@n-api.service[1429634]: [pid: 1429634|app: 0|req: 48/93] 172.25.93.55 () {58 vars in 1236 bytes} [Wed Oct 15 04:46:31 2025] GET /compute/v2.1/servers/93a8f567-0d30-49c5-aca9-4c06bdb50f46 => generated 1544 bytes in 214 msecs (HTTP/1.1 200) 9 headers in 358 bytes (1 switches on core 0)
Oct 15 04:46:32.318048 devstack-u2204-93-55 devstack@n-api.service[1429635]: [pid: 1429635|app: 0|req: 46/94] 172.25.93.55 () {58 vars in 1236 bytes} [Wed Oct 15 04:46:32 2025] GET /compute/v2.1/servers/0a7dcdf0-2305-4475-8409-f55a40851d15 => generated 1586 bytes in 258 msecs (HTTP/1.1 200) 9 headers in 358 bytes (2 switches on core 0)
Oct 15 04:46:32.619802 devstack-u2204-93-55 devstack@n-api.service[1429634]: [pid: 1429634|app: 0|req: 49/95] 172.25.93.55 () {58 vars in 1275 bytes} [Wed Oct 15 04:46:32 2025] GET /compute/v2.1/servers/0a7dcdf0-2305-4475-8409-f55a40851d15/os-interface => generated 283 bytes in 285 msecs (HTTP/1.1 200) 9 headers in 357 bytes (1 switches on core 0)
Oct 15 04:46:33.995186 devstack-u2204-93-55 devstack@n-api.service[1429634]: [pid: 1429634|app: 0|req: 50/96] 172.25.93.55 () {64 vars in 1317 bytes} [Wed Oct 15 04:46:33 2025] POST /compute/v2.1/os-server-external-events => generated 179 bytes in 42 msecs (HTTP/1.1 200) 9 headers in 357 bytes (1 switches on core 0)
Oct 15 04:46:34.044870 devstack-u2204-93-55 devstack@n-api.service[1429635]: [pid: 1429635|app: 0|req: 47/97] 172.25.93.55 () {58 vars in 1239 bytes} [Wed Oct 15 04:46:33 2025] DELETE /compute/v2.1/servers/93a8f567-0d30-49c5-aca9-4c06bdb50f46 => generated 0 bytes in 288 msecs (HTTP/1.1 204) 9 headers in 363 bytes (1 switches on core 0)
Oct 15 04:46:34.349447 devstack-u2204-93-55 devstack@n-api.service[1429634]: [pid: 1429634|app: 0|req: 51/98] 172.25.93.55 () {58 vars in 1236 bytes} [Wed Oct 15 04:46:34 2025] GET /compute/v2.1/servers/93a8f567-0d30-49c5-aca9-4c06bdb50f46 => generated 1550 bytes in 301 msecs (HTTP/1.1 200) 9 headers in 358 bytes (1 switches on core 0)
Oct 15 04:46:35.643803 devstack-u2204-93-55 devstack@n-api.service[1429635]: [pid: 1429635|app: 0|req: 48/99] 172.25.93.55 () {58 vars in 1236 bytes} [Wed Oct 15 04:46:35 2025] GET /compute/v2.1/servers/93a8f567-0d30-49c5-aca9-4c06bdb50f46 => generated 1550 bytes in 273 msecs (HTTP/1.1 200) 9 headers in 358 bytes (1 switches on core 0)
Oct 15 04:46:36.954135 devstack-u2204-93-55 devstack@n-api.service[1429634]: [pid: 1429634|app: 0|req: 52/100] 172.25.93.55 () {58 vars in 1236 bytes} [Wed Oct 15 04:46:36 2025] GET /compute/v2.1/servers/93a8f567-0d30-49c5-aca9-4c06bdb50f46 => generated 1550 bytes in 293 msecs (HTTP/1.1 200) 9 headers in 358 bytes (1 switches on core 0)
Oct 15 04:46:37.257422 devstack-u2204-93-55 devstack@n-api.service[1429635]: [pid: 1429635|app: 0|req: 49/101] 172.25.93.55 () {64 vars in 1317 bytes} [Wed Oct 15 04:46:37 2025] POST /compute/v2.1/os-server-external-events => generated 183 bytes in 42 msecs (HTTP/1.1 200) 9 headers in 357 bytes (1 switches on core 0)
Oct 15 04:46:38.081786 devstack-u2204-93-55 devstack@n-api.service[1429634]: [pid: 1429634|app: 0|req: 53/102] 172.25.93.55 () {58 vars in 1236 bytes} [Wed Oct 15 04:46:37 2025] GET /compute/v2.1/servers/93a8f567-0d30-49c5-aca9-4c06bdb50f46 => generated 1341 bytes in 101 msecs (HTTP/1.1 200) 9 headers in 358 bytes (1 switches on core 0)
Oct 15 04:46:39.236028 devstack-u2204-93-55 devstack@n-api.service[1429635]: [pid: 1429635|app: 0|req: 50/103] 172.25.93.55 () {58 vars in 1236 bytes} [Wed Oct 15 04:46:39 2025] GET /compute/v2.1/servers/93a8f567-0d30-49c5-aca9-4c06bdb50f46 => generated 1346 bytes in 136 msecs (HTTP/1.1 200) 9 headers in 358 bytes (2 switches on core 0)
Oct 15 04:46:40.356201 devstack-u2204-93-55 devstack@n-api.service[1429634]: [pid: 1429634|app: 0|req: 54/104] 172.25.93.55 () {58 vars in 1236 bytes} [Wed Oct 15 04:46:40 2025] GET /compute/v2.1/servers/93a8f567-0d30-49c5-aca9-4c06bdb50f46 => generated 1346 bytes in 106 msecs (HTTP/1.1 200) 9 headers in 358 bytes (1 switches on core 0)
Oct 15 04:46:41.442331 devstack-u2204-93-55 devstack@n-api.service[1429635]: [pid: 1429635|app: 0|req: 51/105] 172.25.93.55 () {58 vars in 1236 bytes} [Wed Oct 15 04:46:41 2025] GET /compute/v2.1/servers/93a8f567-0d30-49c5-aca9-4c06bdb50f46 => generated 111 bytes in 62 msecs (HTTP/1.1 404) 9 headers in 379 bytes (1 switches on core 0)
Oct 15 04:46:41.488977 devstack-u2204-93-55 devstack@n-api.service[1429634]: [pid: 1429634|app: 0|req: 55/106] 172.25.93.55 () {58 vars in 1272 bytes} [Wed Oct 15 04:46:41 2025] DELETE /compute/v2.1/os-keypairs/tempest-TestMinimumBasicScenario-1999876286 => generated 0 bytes in 42 msecs (HTTP/1.1 202) 9 headers in 361 bytes (2 switches on core 0)
Oct 15 04:46:45.473964 devstack-u2204-93-55 devstack@n-api.service[1429635]: [pid: 1429635|app: 0|req: 52/107] 172.25.93.55 () {60 vars in 1159 bytes} [Wed Oct 15 04:46:45 2025] POST /compute/v2.1/os-keypairs => generated 402 bytes in 85 msecs (HTTP/1.1 200) 9 headers in 357 bytes (1 switches on core 0)
Oct 15 04:46:46.839444 devstack-u2204-93-55 devstack@n-api.service[1429634]: [pid: 1429634|app: 0|req: 56/108] 172.25.93.55 () {60 vars in 1147 bytes} [Wed Oct 15 04:46:45 2025] POST /compute/v2.1/servers => generated 382 bytes in 1178 msecs (HTTP/1.1 202) 10 headers in 452 bytes (1 switches on core 0)
Oct 15 04:46:46.938130 devstack-u2204-93-55 devstack@n-api.service[1429635]: [pid: 1429635|app: 0|req: 53/109] 172.25.93.55 () {58 vars in 1236 bytes} [Wed Oct 15 04:46:46 2025] GET /compute/v2.1/servers/1a5e52c5-6b51-4d43-bd46-49754363aebd => generated 1260 bytes in 92 msecs (HTTP/1.1 200) 9 headers in 358 bytes (1 switches on core 0)
Oct 15 04:46:48.108423 devstack-u2204-93-55 devstack@n-api.service[1429634]: [pid: 1429634|app: 0|req: 57/110] 172.25.93.55 () {58 vars in 1236 bytes} [Wed Oct 15 04:46:47 2025] GET /compute/v2.1/servers/1a5e52c5-6b51-4d43-bd46-49754363aebd => generated 1264 bytes in 141 msecs (HTTP/1.1 200) 9 headers in 358 bytes (1 switches on core 0)
Oct 15 04:46:49.254701 devstack-u2204-93-55 devstack@n-api.service[1429635]: [pid: 1429635|app: 0|req: 54/111] 172.25.93.55 () {58 vars in 1236 bytes} [Wed Oct 15 04:46:49 2025] GET /compute/v2.1/servers/1a5e52c5-6b51-4d43-bd46-49754363aebd => generated 1312 bytes in 115 msecs (HTTP/1.1 200) 9 headers in 358 bytes (1 switches on core 0)
Oct 15 04:46:50.407751 devstack-u2204-93-55 devstack@n-api.service[1429634]: [pid: 1429634|app: 0|req: 58/112] 172.25.93.55 () {58 vars in 1236 bytes} [Wed Oct 15 04:46:50 2025] GET /compute/v2.1/servers/1a5e52c5-6b51-4d43-bd46-49754363aebd => generated 1312 bytes in 131 msecs (HTTP/1.1 200) 9 headers in 358 bytes (1 switches on core 0)
Oct 15 04:46:51.555679 devstack-u2204-93-55 devstack@n-api.service[1429635]: [pid: 1429635|app: 0|req: 55/113] 172.25.93.55 () {58 vars in 1236 bytes} [Wed Oct 15 04:46:51 2025] GET /compute/v2.1/servers/1a5e52c5-6b51-4d43-bd46-49754363aebd => generated 1320 bytes in 131 msecs (HTTP/1.1 200) 9 headers in 358 bytes (1 switches on core 0)
Oct 15 04:46:52.899914 devstack-u2204-93-55 devstack@n-api.service[1429634]: [pid: 1429634|app: 0|req: 59/114] 172.25.93.55 () {58 vars in 1236 bytes} [Wed Oct 15 04:46:52 2025] GET /compute/v2.1/servers/1a5e52c5-6b51-4d43-bd46-49754363aebd => generated 1372 bytes in 313 msecs (HTTP/1.1 200) 9 headers in 358 bytes (1 switches on core 0)
Oct 15 04:46:53.032851 devstack-u2204-93-55 devstack@n-api.service[1429635]: [pid: 1429635|app: 0|req: 56/115] 172.25.93.55 () {64 vars in 1317 bytes} [Wed Oct 15 04:46:52 2025] POST /compute/v2.1/os-server-external-events => generated 179 bytes in 41 msecs (HTTP/1.1 200) 9 headers in 357 bytes (1 switches on core 0)
Oct 15 04:46:54.148049 devstack-u2204-93-55 devstack@n-api.service[1429634]: [pid: 1429634|app: 0|req: 60/116] 172.25.93.55 () {58 vars in 1236 bytes} [Wed Oct 15 04:46:53 2025] GET /compute/v2.1/servers/1a5e52c5-6b51-4d43-bd46-49754363aebd => generated 1360 bytes in 223 msecs (HTTP/1.1 200) 9 headers in 358 bytes (1 switches on core 0)
Oct 15 04:46:55.491319 devstack-u2204-93-55 devstack@n-api.service[1429635]: [pid: 1429635|app: 0|req: 57/117] 172.25.93.55 () {58 vars in 1236 bytes} [Wed Oct 15 04:46:55 2025] GET /compute/v2.1/servers/1a5e52c5-6b51-4d43-bd46-49754363aebd => generated 1360 bytes in 315 msecs (HTTP/1.1 200) 9 headers in 358 bytes (1 switches on core 0)
Oct 15 04:46:56.748429 devstack-u2204-93-55 devstack@n-api.service[1429634]: [pid: 1429634|app: 0|req: 61/118] 172.25.93.55 () {58 vars in 1236 bytes} [Wed Oct 15 04:46:56 2025] GET /compute/v2.1/servers/1a5e52c5-6b51-4d43-bd46-49754363aebd => generated 1360 bytes in 239 msecs (HTTP/1.1 200) 9 headers in 358 bytes (1 switches on core 0)
Oct 15 04:46:58.033149 devstack-u2204-93-55 devstack@n-api.service[1429635]: [pid: 1429635|app: 0|req: 58/119] 172.25.93.55 () {58 vars in 1236 bytes} [Wed Oct 15 04:46:57 2025] GET /compute/v2.1/servers/1a5e52c5-6b51-4d43-bd46-49754363aebd => generated 1360 bytes in 257 msecs (HTTP/1.1 200) 9 headers in 358 bytes (1 switches on core 0)
Oct 15 04:46:59.347426 devstack-u2204-93-55 devstack@n-api.service[1429634]: [pid: 1429634|app: 0|req: 62/120] 172.25.93.55 () {58 vars in 1236 bytes} [Wed Oct 15 04:46:59 2025] GET /compute/v2.1/servers/1a5e52c5-6b51-4d43-bd46-49754363aebd => generated 1360 bytes in 289 msecs (HTTP/1.1 200) 9 headers in 358 bytes (2 switches on core 0)
Oct 15 04:46:59.467653 devstack-u2204-93-55 devstack@n-api.service[1429635]: [pid: 1429635|app: 0|req: 59/121] 172.25.93.55 () {64 vars in 1317 bytes} [Wed Oct 15 04:46:59 2025] POST /compute/v2.1/os-server-external-events => generated 183 bytes in 50 msecs (HTTP/1.1 200) 9 headers in 357 bytes (2 switches on core 0)
Oct 15 04:47:00.600394 devstack-u2204-93-55 devstack@n-api.service[1429634]: [pid: 1429634|app: 0|req: 63/122] 172.25.93.55 () {58 vars in 1236 bytes} [Wed Oct 15 04:47:00 2025] GET /compute/v2.1/servers/1a5e52c5-6b51-4d43-bd46-49754363aebd => generated 1360 bytes in 224 msecs (HTTP/1.1 200) 9 headers in 358 bytes (1 switches on core 0)
Oct 15 04:47:01.865385 devstack-u2204-93-55 devstack@n-api.service[1429635]: [pid: 1429635|app: 0|req: 60/123] 172.25.93.55 () {58 vars in 1236 bytes} [Wed Oct 15 04:47:01 2025] GET /compute/v2.1/servers/1a5e52c5-6b51-4d43-bd46-49754363aebd => generated 1360 bytes in 244 msecs (HTTP/1.1 200) 9 headers in 358 bytes (1 switches on core 0)
Oct 15 04:47:03.114662 devstack-u2204-93-55 devstack@n-api.service[1429634]: [pid: 1429634|app: 0|req: 64/124] 172.25.93.55 () {58 vars in 1236 bytes} [Wed Oct 15 04:47:02 2025] GET /compute/v2.1/servers/1a5e52c5-6b51-4d43-bd46-49754363aebd => generated 1360 bytes in 221 msecs (HTTP/1.1 200) 9 headers in 358 bytes (1 switches on core 0)
Oct 15 04:47:04.458740 devstack-u2204-93-55 devstack@n-api.service[1429635]: [pid: 1429635|app: 0|req: 61/125] 172.25.93.55 () {58 vars in 1236 bytes} [Wed Oct 15 04:47:04 2025] GET /compute/v2.1/servers/1a5e52c5-6b51-4d43-bd46-49754363aebd => generated 1544 bytes in 315 msecs (HTTP/1.1 200) 9 headers in 358 bytes (1 switches on core 0)
Oct 15 04:47:04.790661 devstack-u2204-93-55 devstack@n-api.service[1429634]: [pid: 1429634|app: 0|req: 65/126] 172.25.93.55 () {58 vars in 1236 bytes} [Wed Oct 15 04:47:04 2025] GET /compute/v2.1/servers/1a5e52c5-6b51-4d43-bd46-49754363aebd => generated 1544 bytes in 307 msecs (HTTP/1.1 200) 9 headers in 358 bytes (1 switches on core 0)
Oct 15 04:47:04.947965 devstack-u2204-93-55 devstack@n-api.service[1429635]: [pid: 1429635|app: 0|req: 62/127] 172.25.93.55 () {58 vars in 1125 bytes} [Wed Oct 15 04:47:04 2025] GET /compute/v2.1/servers => generated 345 bytes in 126 msecs (HTTP/1.1 200) 9 headers in 357 bytes (1 switches on core 0)
Oct 15 04:47:05.169967 devstack-u2204-93-55 devstack@n-api.service[1429634]: [pid: 1429634|app: 0|req: 66/128] 172.25.93.55 () {58 vars in 1236 bytes} [Wed Oct 15 04:47:04 2025] GET /compute/v2.1/servers/1a5e52c5-6b51-4d43-bd46-49754363aebd => generated 1544 bytes in 213 msecs (HTTP/1.1 200) 9 headers in 358 bytes (1 switches on core 0)
Oct 15 04:47:07.154731 devstack-u2204-93-55 devstack@n-api.service[1429635]: [pid: 1429635|app: 0|req: 63/129] 172.25.93.55 () {58 vars in 1239 bytes} [Wed Oct 15 04:47:06 2025] DELETE /compute/v2.1/servers/1a5e52c5-6b51-4d43-bd46-49754363aebd => generated 0 bytes in 185 msecs (HTTP/1.1 204) 9 headers in 363 bytes (1 switches on core 0)
Oct 15 04:47:07.394078 devstack-u2204-93-55 devstack@n-api.service[1429634]: [pid: 1429634|app: 0|req: 67/130] 172.25.93.55 () {58 vars in 1236 bytes} [Wed Oct 15 04:47:07 2025] GET /compute/v2.1/servers/1a5e52c5-6b51-4d43-bd46-49754363aebd => generated 1550 bytes in 233 msecs (HTTP/1.1 200) 9 headers in 358 bytes (1 switches on core 0)
Oct 15 04:47:08.657251 devstack-u2204-93-55 devstack@n-api.service[1429635]: [pid: 1429635|app: 0|req: 64/131] 172.25.93.55 () {58 vars in 1236 bytes} [Wed Oct 15 04:47:08 2025] GET /compute/v2.1/servers/1a5e52c5-6b51-4d43-bd46-49754363aebd => generated 1550 bytes in 235 msecs (HTTP/1.1 200) 9 headers in 358 bytes (1 switches on core 0)
Oct 15 04:47:09.944173 devstack-u2204-93-55 devstack@n-api.service[1429634]: [pid: 1429634|app: 0|req: 68/132] 172.25.93.55 () {58 vars in 1236 bytes} [Wed Oct 15 04:47:09 2025] GET /compute/v2.1/servers/1a5e52c5-6b51-4d43-bd46-49754363aebd => generated 1550 bytes in 259 msecs (HTTP/1.1 200) 9 headers in 358 bytes (1 switches on core 0)
Oct 15 04:47:10.336463 devstack-u2204-93-55 devstack@n-api.service[1429635]: [pid: 1429635|app: 0|req: 65/133] 172.25.93.55 () {64 vars in 1317 bytes} [Wed Oct 15 04:47:10 2025] POST /compute/v2.1/os-server-external-events => generated 183 bytes in 49 msecs (HTTP/1.1 200) 9 headers in 357 bytes (2 switches on core 0)
Oct 15 04:47:11.103951 devstack-u2204-93-55 devstack@n-api.service[1429634]: [pid: 1429634|app: 0|req: 69/134] 172.25.93.55 () {58 vars in 1236 bytes} [Wed Oct 15 04:47:10 2025] GET /compute/v2.1/servers/1a5e52c5-6b51-4d43-bd46-49754363aebd => generated 1341 bytes in 137 msecs (HTTP/1.1 200) 9 headers in 358 bytes (1 switches on core 0)
Oct 15 04:47:12.355136 devstack-u2204-93-55 devstack@n-api.service[1429635]: [pid: 1429635|app: 0|req: 66/135] 172.25.93.55 () {58 vars in 1236 bytes} [Wed Oct 15 04:47:12 2025] GET /compute/v2.1/servers/1a5e52c5-6b51-4d43-bd46-49754363aebd => generated 1346 bytes in 225 msecs (HTTP/1.1 200) 9 headers in 358 bytes (1 switches on core 0)
Oct 15 04:47:13.518330 devstack-u2204-93-55 devstack@n-api.service[1429634]: [pid: 1429634|app: 0|req: 70/136] 172.25.93.55 () {58 vars in 1236 bytes} [Wed Oct 15 04:47:13 2025] GET /compute/v2.1/servers/1a5e52c5-6b51-4d43-bd46-49754363aebd => generated 1346 bytes in 141 msecs (HTTP/1.1 200) 9 headers in 358 bytes (1 switches on core 0)
Oct 15 04:47:14.596275 devstack-u2204-93-55 devstack@n-api.service[1429635]: [pid: 1429635|app: 0|req: 67/137] 172.25.93.55 () {58 vars in 1236 bytes} [Wed Oct 15 04:47:14 2025] GET /compute/v2.1/servers/1a5e52c5-6b51-4d43-bd46-49754363aebd => generated 111 bytes in 47 msecs (HTTP/1.1 404) 9 headers in 379 bytes (2 switches on core 0)
Oct 15 04:47:14.644019 devstack-u2204-93-55 devstack@n-api.service[1429634]: [pid: 1429634|app: 0|req: 71/138] 172.25.93.55 () {58 vars in 1269 bytes} [Wed Oct 15 04:47:14 2025] DELETE /compute/v2.1/os-keypairs/tempest-TestMinimumBasicScenario-571608998 => generated 0 bytes in 43 msecs (HTTP/1.1 202) 9 headers in 361 bytes (1 switches on core 0)
Oct 15 04:47:39.338579 devstack-u2204-93-55 devstack@n-api.service[1429635]: [pid: 1429635|app: 0|req: 68/139] 172.25.93.55 () {58 vars in 1236 bytes} [Wed Oct 15 04:47:39 2025] GET /compute/v2.1/servers/0a7dcdf0-2305-4475-8409-f55a40851d15 => generated 1705 bytes in 258 msecs (HTTP/1.1 200) 9 headers in 358 bytes (1 switches on core 0)
Oct 15 04:47:39.569237 devstack-u2204-93-55 devstack@n-api.service[1429634]: [pid: 1429634|app: 0|req: 72/140] 172.25.93.55 () {58 vars in 1125 bytes} [Wed Oct 15 04:47:39 2025] GET /compute/v2.1/servers => generated 360 bytes in 205 msecs (HTTP/1.1 200) 9 headers in 357 bytes (2 switches on core 0)
Oct 15 04:47:41.509065 devstack-u2204-93-55 devstack@n-api.service[1429635]: [pid: 1429635|app: 0|req: 69/141] 172.25.93.55 () {58 vars in 1239 bytes} [Wed Oct 15 04:47:41 2025] DELETE /compute/v2.1/servers/0a7dcdf0-2305-4475-8409-f55a40851d15 => generated 0 bytes in 182 msecs (HTTP/1.1 204) 9 headers in 363 bytes (1 switches on core 0)
