Oct 15 04:45:27.089605 devstack-u2204-93-55 devstack@placement-api.service[1431060]: DEBUG placement.requestlog [req-ee73253b-4ee6-4131-8cd7-ad5b88fff9b1 req-4bef8144-743d-4182-9157-0ec98df385cb None None] Starting request: 172.25.93.55 "GET /placement/resource_providers/e4cc83e1-0186-4d81-9c0d-b879b45f2f8d/allocations" {{(pid=1431060) __call__ /opt/stack/placement/placement/requestlog.py:55}}
Oct 15 04:45:27.115133 devstack-u2204-93-55 devstack@placement-api.service[1431060]: INFO placement.requestlog [req-ee73253b-4ee6-4131-8cd7-ad5b88fff9b1 req-4bef8144-743d-4182-9157-0ec98df385cb service nova] 172.25.93.55 "GET /placement/resource_providers/e4cc83e1-0186-4d81-9c0d-b879b45f2f8d/allocations" status: 200 len: 54 microversion: 1.0
Oct 15 04:45:27.115759 devstack-u2204-93-55 devstack@placement-api.service[1431060]: [pid: 1431060|app: 0|req: 10/20] 172.25.93.55 () {58 vars in 1398 bytes} [Wed Oct 15 04:45:27 2025] GET /placement/resource_providers/e4cc83e1-0186-4d81-9c0d-b879b45f2f8d/allocations => generated 54 bytes in 27 msecs (HTTP/1.1 200) 6 headers in 223 bytes (1 switches on core 0)
Oct 15 04:45:37.073222 devstack-u2204-93-55 devstack@placement-api.service[1431059]: DEBUG dbcounter [-] [1431059] Writing DB stats placement:SELECT=2 {{(pid=1431059) stat_writer /opt/stack/data/venv/lib/python3.10/site-packages/dbcounter.py:115}}
Oct 15 04:45:37.111671 devstack-u2204-93-55 devstack@placement-api.service[1431060]: DEBUG dbcounter [-] [1431060] Writing DB stats placement:SELECT=2 {{(pid=1431060) stat_writer /opt/stack/data/venv/lib/python3.10/site-packages/dbcounter.py:115}}
Oct 15 04:46:08.708022 devstack-u2204-93-55 devstack@placement-api.service[1431059]: DEBUG placement.requestlog [req-ad29b2ff-de32-4fe7-b647-ed38cae0b3e9 req-f0e77d5a-71dd-46b4-8f1a-bb071468f16b None None] Starting request: 172.25.93.55 "GET /placement/allocation_candidates?limit=1000&resources=DISK_GB%3A1%2CMEMORY_MB%3A192%2CVCPU%3A1&root_required=%21COMPUTE_STATUS_DISABLED" {{(pid=1431059) __call__ /opt/stack/placement/placement/requestlog.py:55}}
Oct 15 04:46:09.020610 devstack-u2204-93-55 devstack@placement-api.service[1431059]: DEBUG placement.objects.research_context [req-ad29b2ff-de32-4fe7-b647-ed38cae0b3e9 req-f0e77d5a-71dd-46b4-8f1a-bb071468f16b service nova] getting providers with 1 DISK_GB {{(pid=1431059) __init__ /opt/stack/placement/placement/objects/research_context.py:137}}
Oct 15 04:46:09.030655 devstack-u2204-93-55 devstack@placement-api.service[1431059]: DEBUG placement.objects.research_context [req-ad29b2ff-de32-4fe7-b647-ed38cae0b3e9 req-f0e77d5a-71dd-46b4-8f1a-bb071468f16b service nova] getting providers with 192 MEMORY_MB {{(pid=1431059) __init__ /opt/stack/placement/placement/objects/research_context.py:137}}
Oct 15 04:46:09.038189 devstack-u2204-93-55 devstack@placement-api.service[1431059]: DEBUG placement.objects.research_context [req-ad29b2ff-de32-4fe7-b647-ed38cae0b3e9 req-f0e77d5a-71dd-46b4-8f1a-bb071468f16b service nova] getting providers with 1 VCPU {{(pid=1431059) __init__ /opt/stack/placement/placement/objects/research_context.py:137}}
Oct 15 04:46:09.044094 devstack-u2204-93-55 devstack@placement-api.service[1431059]: DEBUG placement.objects.research_context [req-ad29b2ff-de32-4fe7-b647-ed38cae0b3e9 req-f0e77d5a-71dd-46b4-8f1a-bb071468f16b service nova] found 1 providers with available 1 DISK_GB {{(pid=1431059) get_provider_ids_matching /opt/stack/placement/placement/objects/research_context.py:569}}
Oct 15 04:46:09.044094 devstack-u2204-93-55 devstack@placement-api.service[1431059]: DEBUG placement.objects.research_context [req-ad29b2ff-de32-4fe7-b647-ed38cae0b3e9 req-f0e77d5a-71dd-46b4-8f1a-bb071468f16b service nova] found 1 providers with available 192 MEMORY_MB {{(pid=1431059) get_provider_ids_matching /opt/stack/placement/placement/objects/research_context.py:569}}
Oct 15 04:46:09.044094 devstack-u2204-93-55 devstack@placement-api.service[1431059]: DEBUG placement.objects.research_context [req-ad29b2ff-de32-4fe7-b647-ed38cae0b3e9 req-f0e77d5a-71dd-46b4-8f1a-bb071468f16b service nova] found 1 providers after filtering by previous result {{(pid=1431059) get_provider_ids_matching /opt/stack/placement/placement/objects/research_context.py:600}}
Oct 15 04:46:09.044094 devstack-u2204-93-55 devstack@placement-api.service[1431059]: DEBUG placement.objects.research_context [req-ad29b2ff-de32-4fe7-b647-ed38cae0b3e9 req-f0e77d5a-71dd-46b4-8f1a-bb071468f16b service nova] found 1 providers with available 1 VCPU {{(pid=1431059) get_provider_ids_matching /opt/stack/placement/placement/objects/research_context.py:569}}
Oct 15 04:46:09.045294 devstack-u2204-93-55 devstack@placement-api.service[1431059]: DEBUG placement.objects.research_context [req-ad29b2ff-de32-4fe7-b647-ed38cae0b3e9 req-f0e77d5a-71dd-46b4-8f1a-bb071468f16b service nova] found 1 providers after filtering by previous result {{(pid=1431059) get_provider_ids_matching /opt/stack/placement/placement/objects/research_context.py:600}}
Oct 15 04:46:09.058592 devstack-u2204-93-55 devstack@placement-api.service[1431059]: DEBUG placement.objects.allocation_candidate [req-ad29b2ff-de32-4fe7-b647-ed38cae0b3e9 req-f0e77d5a-71dd-46b4-8f1a-bb071468f16b service nova] RequestGroup(use_same_provider=False, resources={DISK_GB:1, MEMORY_MB:192, VCPU:1}, traits=(), aggregates=[]) (suffix '') returned 1 matches {{(pid=1431059) _get_by_requests /opt/stack/placement/placement/objects/allocation_candidate.py:157}}
Oct 15 04:46:09.059724 devstack-u2204-93-55 devstack@placement-api.service[1431059]: DEBUG placement.objects.allocation_candidate [req-ad29b2ff-de32-4fe7-b647-ed38cae0b3e9 req-f0e77d5a-71dd-46b4-8f1a-bb071468f16b service nova] Merging candidates yields 1 allocation requests and 1 provider summaries {{(pid=1431059) _merge_candidates /opt/stack/placement/placement/objects/allocation_candidate.py:841}}
Oct 15 04:46:09.062242 devstack-u2204-93-55 devstack@placement-api.service[1431059]: INFO placement.requestlog [req-ad29b2ff-de32-4fe7-b647-ed38cae0b3e9 req-f0e77d5a-71dd-46b4-8f1a-bb071468f16b service nova] 172.25.93.55 "GET /placement/allocation_candidates?limit=1000&resources=DISK_GB%3A1%2CMEMORY_MB%3A192%2CVCPU%3A1&root_required=%21COMPUTE_STATUS_DISABLED" status: 200 len: 2128 microversion: 1.36
Oct 15 04:46:09.062846 devstack-u2204-93-55 devstack@placement-api.service[1431059]: [pid: 1431059|app: 0|req: 11/21] 172.25.93.55 () {60 vars in 1511 bytes} [Wed Oct 15 04:46:08 2025] GET /placement/allocation_candidates?limit=1000&resources=DISK_GB%3A1%2CMEMORY_MB%3A192%2CVCPU%3A1&root_required=%21COMPUTE_STATUS_DISABLED => generated 2128 bytes in 355 msecs (HTTP/1.1 200) 8 headers in 297 bytes (2 switches on core 0)
Oct 15 04:46:09.177069 devstack-u2204-93-55 devstack@placement-api.service[1431060]: DEBUG placement.requestlog [req-ad29b2ff-de32-4fe7-b647-ed38cae0b3e9 req-dfa00c18-9455-4a2d-8622-4e03dd766e6b None None] Starting request: 172.25.93.55 "GET /placement/allocations/0a7dcdf0-2305-4475-8409-f55a40851d15" {{(pid=1431060) __call__ /opt/stack/placement/placement/requestlog.py:55}}
Oct 15 04:46:09.187311 devstack-u2204-93-55 devstack@placement-api.service[1431060]: INFO placement.requestlog [req-ad29b2ff-de32-4fe7-b647-ed38cae0b3e9 req-dfa00c18-9455-4a2d-8622-4e03dd766e6b service nova] 172.25.93.55 "GET /placement/allocations/0a7dcdf0-2305-4475-8409-f55a40851d15" status: 200 len: 19 microversion: 1.28
Oct 15 04:46:09.188273 devstack-u2204-93-55 devstack@placement-api.service[1431060]: [pid: 1431060|app: 0|req: 11/22] 172.25.93.55 () {60 vars in 1387 bytes} [Wed Oct 15 04:46:09 2025] GET /placement/allocations/0a7dcdf0-2305-4475-8409-f55a40851d15 => generated 19 bytes in 14 msecs (HTTP/1.1 200) 8 headers in 295 bytes (1 switches on core 0)
Oct 15 04:46:09.196087 devstack-u2204-93-55 devstack@placement-api.service[1431059]: DEBUG placement.requestlog [req-ad29b2ff-de32-4fe7-b647-ed38cae0b3e9 req-f31068ac-d99f-4988-898c-eebe630bf3aa None None] Starting request: 172.25.93.55 "PUT /placement/allocations/0a7dcdf0-2305-4475-8409-f55a40851d15" {{(pid=1431059) __call__ /opt/stack/placement/placement/requestlog.py:55}}
Oct 15 04:46:09.330700 devstack-u2204-93-55 devstack@placement-api.service[1431059]: DEBUG placement.handlers.allocation [req-ad29b2ff-de32-4fe7-b647-ed38cae0b3e9 req-f31068ac-d99f-4988-898c-eebe630bf3aa service nova] Successfully wrote allocations [<placement.objects.allocation.Allocation object at 0x75ad85a876d0>, <placement.objects.allocation.Allocation object at 0x75ad8630af20>, <placement.objects.allocation.Allocation object at 0x75ad86309f30>] {{(pid=1431059) _update_consumers_and_create_allocations /opt/stack/placement/placement/handlers/allocation.py:462}}
Oct 15 04:46:09.340920 devstack-u2204-93-55 devstack@placement-api.service[1431059]: INFO placement.requestlog [req-ad29b2ff-de32-4fe7-b647-ed38cae0b3e9 req-f31068ac-d99f-4988-898c-eebe630bf3aa service nova] 172.25.93.55 "PUT /placement/allocations/0a7dcdf0-2305-4475-8409-f55a40851d15" status: 204 len: 0 microversion: 1.36
Oct 15 04:46:09.341174 devstack-u2204-93-55 devstack@placement-api.service[1431059]: [pid: 1431059|app: 0|req: 12/23] 172.25.93.55 () {64 vars in 1440 bytes} [Wed Oct 15 04:46:09 2025] PUT /placement/allocations/0a7dcdf0-2305-4475-8409-f55a40851d15 => generated 0 bytes in 145 msecs (HTTP/1.1 204) 5 headers in 199 bytes (2 switches on core 0)
Oct 15 04:46:11.157643 devstack-u2204-93-55 devstack@placement-api.service[1431060]: DEBUG placement.requestlog [req-71df8a97-972c-4b51-bfc7-1792dc84b142 req-1c1edb65-7625-4b05-9bcd-e83e79d7f4f3 None None] Starting request: 172.25.93.55 "GET /placement/allocation_candidates?limit=1000&resources=DISK_GB%3A1%2CMEMORY_MB%3A192%2CVCPU%3A1&root_required=%21COMPUTE_STATUS_DISABLED" {{(pid=1431060) __call__ /opt/stack/placement/placement/requestlog.py:55}}
Oct 15 04:46:11.199521 devstack-u2204-93-55 devstack@placement-api.service[1431060]: DEBUG placement.objects.research_context [req-71df8a97-972c-4b51-bfc7-1792dc84b142 req-1c1edb65-7625-4b05-9bcd-e83e79d7f4f3 service nova] getting providers with 1 DISK_GB {{(pid=1431060) __init__ /opt/stack/placement/placement/objects/research_context.py:137}}
Oct 15 04:46:11.206891 devstack-u2204-93-55 devstack@placement-api.service[1431060]: DEBUG placement.objects.research_context [req-71df8a97-972c-4b51-bfc7-1792dc84b142 req-1c1edb65-7625-4b05-9bcd-e83e79d7f4f3 service nova] getting providers with 192 MEMORY_MB {{(pid=1431060) __init__ /opt/stack/placement/placement/objects/research_context.py:137}}
Oct 15 04:46:11.214142 devstack-u2204-93-55 devstack@placement-api.service[1431060]: DEBUG placement.objects.research_context [req-71df8a97-972c-4b51-bfc7-1792dc84b142 req-1c1edb65-7625-4b05-9bcd-e83e79d7f4f3 service nova] getting providers with 1 VCPU {{(pid=1431060) __init__ /opt/stack/placement/placement/objects/research_context.py:137}}
Oct 15 04:46:11.216510 devstack-u2204-93-55 devstack@placement-api.service[1431060]: DEBUG placement.objects.research_context [req-71df8a97-972c-4b51-bfc7-1792dc84b142 req-1c1edb65-7625-4b05-9bcd-e83e79d7f4f3 service nova] found 1 providers with available 1 DISK_GB {{(pid=1431060) get_provider_ids_matching /opt/stack/placement/placement/objects/research_context.py:569}}
Oct 15 04:46:11.216981 devstack-u2204-93-55 devstack@placement-api.service[1431060]: DEBUG placement.objects.research_context [req-71df8a97-972c-4b51-bfc7-1792dc84b142 req-1c1edb65-7625-4b05-9bcd-e83e79d7f4f3 service nova] found 1 providers with available 192 MEMORY_MB {{(pid=1431060) get_provider_ids_matching /opt/stack/placement/placement/objects/research_context.py:569}}
Oct 15 04:46:11.217825 devstack-u2204-93-55 devstack@placement-api.service[1431060]: DEBUG placement.objects.research_context [req-71df8a97-972c-4b51-bfc7-1792dc84b142 req-1c1edb65-7625-4b05-9bcd-e83e79d7f4f3 service nova] found 1 providers after filtering by previous result {{(pid=1431060) get_provider_ids_matching /opt/stack/placement/placement/objects/research_context.py:600}}
Oct 15 04:46:11.218282 devstack-u2204-93-55 devstack@placement-api.service[1431060]: DEBUG placement.objects.research_context [req-71df8a97-972c-4b51-bfc7-1792dc84b142 req-1c1edb65-7625-4b05-9bcd-e83e79d7f4f3 service nova] found 1 providers with available 1 VCPU {{(pid=1431060) get_provider_ids_matching /opt/stack/placement/placement/objects/research_context.py:569}}
Oct 15 04:46:11.219604 devstack-u2204-93-55 devstack@placement-api.service[1431060]: DEBUG placement.objects.research_context [req-71df8a97-972c-4b51-bfc7-1792dc84b142 req-1c1edb65-7625-4b05-9bcd-e83e79d7f4f3 service nova] found 1 providers after filtering by previous result {{(pid=1431060) get_provider_ids_matching /opt/stack/placement/placement/objects/research_context.py:600}}
Oct 15 04:46:11.239465 devstack-u2204-93-55 devstack@placement-api.service[1431060]: DEBUG placement.objects.allocation_candidate [req-71df8a97-972c-4b51-bfc7-1792dc84b142 req-1c1edb65-7625-4b05-9bcd-e83e79d7f4f3 service nova] RequestGroup(use_same_provider=False, resources={DISK_GB:1, MEMORY_MB:192, VCPU:1}, traits=(), aggregates=[]) (suffix '') returned 1 matches {{(pid=1431060) _get_by_requests /opt/stack/placement/placement/objects/allocation_candidate.py:157}}
Oct 15 04:46:11.243292 devstack-u2204-93-55 devstack@placement-api.service[1431060]: DEBUG placement.objects.allocation_candidate [req-71df8a97-972c-4b51-bfc7-1792dc84b142 req-1c1edb65-7625-4b05-9bcd-e83e79d7f4f3 service nova] Merging candidates yields 1 allocation requests and 1 provider summaries {{(pid=1431060) _merge_candidates /opt/stack/placement/placement/objects/allocation_candidate.py:841}}
Oct 15 04:46:11.243292 devstack-u2204-93-55 devstack@placement-api.service[1431060]: INFO placement.requestlog [req-71df8a97-972c-4b51-bfc7-1792dc84b142 req-1c1edb65-7625-4b05-9bcd-e83e79d7f4f3 service nova] 172.25.93.55 "GET /placement/allocation_candidates?limit=1000&resources=DISK_GB%3A1%2CMEMORY_MB%3A192%2CVCPU%3A1&root_required=%21COMPUTE_STATUS_DISABLED" status: 200 len: 2130 microversion: 1.36
Oct 15 04:46:11.243292 devstack-u2204-93-55 devstack@placement-api.service[1431060]: [pid: 1431060|app: 0|req: 12/24] 172.25.93.55 () {60 vars in 1511 bytes} [Wed Oct 15 04:46:11 2025] GET /placement/allocation_candidates?limit=1000&resources=DISK_GB%3A1%2CMEMORY_MB%3A192%2CVCPU%3A1&root_required=%21COMPUTE_STATUS_DISABLED => generated 2130 bytes in 86 msecs (HTTP/1.1 200) 8 headers in 297 bytes (1 switches on core 0)
Oct 15 04:46:11.345083 devstack-u2204-93-55 devstack@placement-api.service[1431059]: DEBUG placement.requestlog [req-ad29b2ff-de32-4fe7-b647-ed38cae0b3e9 req-de0a1833-a208-4b28-bbef-7ab52529c1f0 None None] Starting request: 172.25.93.55 "GET /placement/allocations/0a7dcdf0-2305-4475-8409-f55a40851d15" {{(pid=1431059) __call__ /opt/stack/placement/placement/requestlog.py:55}}
Oct 15 04:46:11.372595 devstack-u2204-93-55 devstack@placement-api.service[1431060]: DEBUG placement.requestlog [req-71df8a97-972c-4b51-bfc7-1792dc84b142 req-1edf9047-eb3c-41e2-9319-e187b3f7a5b5 None None] Starting request: 172.25.93.55 "GET /placement/allocations/93a8f567-0d30-49c5-aca9-4c06bdb50f46" {{(pid=1431060) __call__ /opt/stack/placement/placement/requestlog.py:55}}
Oct 15 04:46:11.373575 devstack-u2204-93-55 devstack@placement-api.service[1431059]: INFO placement.requestlog [req-ad29b2ff-de32-4fe7-b647-ed38cae0b3e9 req-de0a1833-a208-4b28-bbef-7ab52529c1f0 service nova] 172.25.93.55 "GET /placement/allocations/0a7dcdf0-2305-4475-8409-f55a40851d15" status: 200 len: 257 microversion: 1.28
Oct 15 04:46:11.374350 devstack-u2204-93-55 devstack@placement-api.service[1431059]: [pid: 1431059|app: 0|req: 13/25] 172.25.93.55 () {60 vars in 1385 bytes} [Wed Oct 15 04:46:11 2025] GET /placement/allocations/0a7dcdf0-2305-4475-8409-f55a40851d15 => generated 257 bytes in 30 msecs (HTTP/1.1 200) 8 headers in 296 bytes (1 switches on core 0)
Oct 15 04:46:11.386514 devstack-u2204-93-55 devstack@placement-api.service[1431060]: INFO placement.requestlog [req-71df8a97-972c-4b51-bfc7-1792dc84b142 req-1edf9047-eb3c-41e2-9319-e187b3f7a5b5 service nova] 172.25.93.55 "GET /placement/allocations/93a8f567-0d30-49c5-aca9-4c06bdb50f46" status: 200 len: 19 microversion: 1.28
Oct 15 04:46:11.389655 devstack-u2204-93-55 devstack@placement-api.service[1431060]: [pid: 1431060|app: 0|req: 13/26] 172.25.93.55 () {60 vars in 1387 bytes} [Wed Oct 15 04:46:11 2025] GET /placement/allocations/93a8f567-0d30-49c5-aca9-4c06bdb50f46 => generated 19 bytes in 18 msecs (HTTP/1.1 200) 8 headers in 295 bytes (2 switches on core 0)
Oct 15 04:46:11.393920 devstack-u2204-93-55 devstack@placement-api.service[1431059]: DEBUG placement.requestlog [req-71df8a97-972c-4b51-bfc7-1792dc84b142 req-06c28ed1-4aea-4ad0-90b0-cd0b37921742 None None] Starting request: 172.25.93.55 "PUT /placement/allocations/93a8f567-0d30-49c5-aca9-4c06bdb50f46" {{(pid=1431059) __call__ /opt/stack/placement/placement/requestlog.py:55}}
Oct 15 04:46:11.410416 devstack-u2204-93-55 devstack@placement-api.service[1431060]: DEBUG placement.requestlog [None req-0109b9b8-c9af-4abf-b748-578eb5d56908 None None] Starting request: 172.25.93.55 "GET /placement/resource_providers/dd1c78a2-f3cf-4c30-894e-8247df652db5/aggregates" {{(pid=1431060) __call__ /opt/stack/placement/placement/requestlog.py:55}}
Oct 15 04:46:11.465373 devstack-u2204-93-55 devstack@placement-api.service[1431059]: DEBUG placement.handlers.allocation [req-71df8a97-972c-4b51-bfc7-1792dc84b142 req-06c28ed1-4aea-4ad0-90b0-cd0b37921742 service nova] Successfully wrote allocations [<placement.objects.allocation.Allocation object at 0x75ad8590a050>, <placement.objects.allocation.Allocation object at 0x75ad85909cf0>, <placement.objects.allocation.Allocation object at 0x75ad8590a6e0>] {{(pid=1431059) _update_consumers_and_create_allocations /opt/stack/placement/placement/handlers/allocation.py:462}}
Oct 15 04:46:11.470244 devstack-u2204-93-55 devstack@placement-api.service[1431059]: INFO placement.requestlog [req-71df8a97-972c-4b51-bfc7-1792dc84b142 req-06c28ed1-4aea-4ad0-90b0-cd0b37921742 service nova] 172.25.93.55 "PUT /placement/allocations/93a8f567-0d30-49c5-aca9-4c06bdb50f46" status: 204 len: 0 microversion: 1.36
Oct 15 04:46:11.471334 devstack-u2204-93-55 devstack@placement-api.service[1431059]: [pid: 1431059|app: 0|req: 14/27] 172.25.93.55 () {64 vars in 1440 bytes} [Wed Oct 15 04:46:11 2025] PUT /placement/allocations/93a8f567-0d30-49c5-aca9-4c06bdb50f46 => generated 0 bytes in 78 msecs (HTTP/1.1 204) 5 headers in 199 bytes (1 switches on core 0)
Oct 15 04:46:11.481719 devstack-u2204-93-55 devstack@placement-api.service[1431060]: INFO placement.requestlog [None req-0109b9b8-c9af-4abf-b748-578eb5d56908 service placement] 172.25.93.55 "GET /placement/resource_providers/dd1c78a2-f3cf-4c30-894e-8247df652db5/aggregates" status: 404 len: 235 microversion: 1.1
Oct 15 04:46:11.482568 devstack-u2204-93-55 devstack@placement-api.service[1431060]: [pid: 1431060|app: 0|req: 14/28] 172.25.93.55 () {58 vars in 1369 bytes} [Wed Oct 15 04:46:11 2025] GET /placement/resource_providers/dd1c78a2-f3cf-4c30-894e-8247df652db5/aggregates => generated 235 bytes in 73 msecs (HTTP/1.1 404) 5 headers in 202 bytes (1 switches on core 0)
Oct 15 04:46:11.490292 devstack-u2204-93-55 devstack@placement-api.service[1431059]: DEBUG placement.requestlog [None req-0b69202a-bfe4-4fb8-80dd-5be92e6c12f9 None None] Starting request: 172.25.93.55 "DELETE /placement/resource_providers/dd1c78a2-f3cf-4c30-894e-8247df652db5" {{(pid=1431059) __call__ /opt/stack/placement/placement/requestlog.py:55}}
Oct 15 04:46:11.500107 devstack-u2204-93-55 devstack@placement-api.service[1431059]: DEBUG placement.wsgi_wrapper [None req-0b69202a-bfe4-4fb8-80dd-5be92e6c12f9 service placement] Placement API returning an error response: No resource provider with uuid dd1c78a2-f3cf-4c30-894e-8247df652db5 found for delete {{(pid=1431059) call_func /opt/stack/placement/placement/wsgi_wrapper.py:31}}
Oct 15 04:46:11.501547 devstack-u2204-93-55 devstack@placement-api.service[1431059]: INFO placement.requestlog [None req-0b69202a-bfe4-4fb8-80dd-5be92e6c12f9 service placement] 172.25.93.55 "DELETE /placement/resource_providers/dd1c78a2-f3cf-4c30-894e-8247df652db5" status: 404 len: 246 microversion: 1.1
Oct 15 04:46:11.502056 devstack-u2204-93-55 devstack@placement-api.service[1431059]: [pid: 1431059|app: 0|req: 15/29] 172.25.93.55 () {60 vars in 1358 bytes} [Wed Oct 15 04:46:11 2025] DELETE /placement/resource_providers/dd1c78a2-f3cf-4c30-894e-8247df652db5 => generated 246 bytes in 12 msecs (HTTP/1.1 404) 6 headers in 231 bytes (1 switches on core 0)
Oct 15 04:46:12.375219 devstack-u2204-93-55 devstack@placement-api.service[1431060]: DEBUG placement.requestlog [None req-8248799c-01e2-4872-9f4d-6095d008d871 None None] Starting request: 172.25.93.55 "GET /placement/resource_providers/dff5f811-9a70-47d8-bb95-80d0399749bc/aggregates" {{(pid=1431060) __call__ /opt/stack/placement/placement/requestlog.py:55}}
Oct 15 04:46:12.424100 devstack-u2204-93-55 devstack@placement-api.service[1431059]: DEBUG placement.requestlog [req-ad29b2ff-de32-4fe7-b647-ed38cae0b3e9 req-e7b267f5-f34f-4d0f-b313-d55628bc5276 None None] Starting request: 172.25.93.55 "GET /placement/resource_providers/e4cc83e1-0186-4d81-9c0d-b879b45f2f8d/allocations" {{(pid=1431059) __call__ /opt/stack/placement/placement/requestlog.py:55}}
Oct 15 04:46:12.453470 devstack-u2204-93-55 devstack@placement-api.service[1431059]: INFO placement.requestlog [req-ad29b2ff-de32-4fe7-b647-ed38cae0b3e9 req-e7b267f5-f34f-4d0f-b313-d55628bc5276 service nova] 172.25.93.55 "GET /placement/resource_providers/e4cc83e1-0186-4d81-9c0d-b879b45f2f8d/allocations" status: 200 len: 252 microversion: 1.0
Oct 15 04:46:12.455040 devstack-u2204-93-55 devstack@placement-api.service[1431059]: [pid: 1431059|app: 0|req: 16/30] 172.25.93.55 () {58 vars in 1398 bytes} [Wed Oct 15 04:46:12 2025] GET /placement/resource_providers/e4cc83e1-0186-4d81-9c0d-b879b45f2f8d/allocations => generated 252 bytes in 34 msecs (HTTP/1.1 200) 6 headers in 224 bytes (1 switches on core 0)
Oct 15 04:46:12.461360 devstack-u2204-93-55 devstack@placement-api.service[1431059]: DEBUG placement.requestlog [req-ad29b2ff-de32-4fe7-b647-ed38cae0b3e9 req-0b129002-81ef-4a36-bf6c-c014b0993499 None None] Starting request: 172.25.93.55 "GET /placement/allocations/0a7dcdf0-2305-4475-8409-f55a40851d15" {{(pid=1431059) __call__ /opt/stack/placement/placement/requestlog.py:55}}
Oct 15 04:46:12.465815 devstack-u2204-93-55 devstack@placement-api.service[1431060]: INFO placement.requestlog [None req-8248799c-01e2-4872-9f4d-6095d008d871 service placement] 172.25.93.55 "GET /placement/resource_providers/dff5f811-9a70-47d8-bb95-80d0399749bc/aggregates" status: 404 len: 235 microversion: 1.1
Oct 15 04:46:12.466785 devstack-u2204-93-55 devstack@placement-api.service[1431060]: [pid: 1431060|app: 0|req: 15/31] 172.25.93.55 () {58 vars in 1369 bytes} [Wed Oct 15 04:46:12 2025] GET /placement/resource_providers/dff5f811-9a70-47d8-bb95-80d0399749bc/aggregates => generated 235 bytes in 93 msecs (HTTP/1.1 404) 5 headers in 202 bytes (2 switches on core 0)
Oct 15 04:46:12.475138 devstack-u2204-93-55 devstack@placement-api.service[1431060]: DEBUG placement.requestlog [None req-37b7928d-d111-4bdf-8cbb-7f5edb30f258 None None] Starting request: 172.25.93.55 "DELETE /placement/resource_providers/dff5f811-9a70-47d8-bb95-80d0399749bc" {{(pid=1431060) __call__ /opt/stack/placement/placement/requestlog.py:55}}
Oct 15 04:46:12.477885 devstack-u2204-93-55 devstack@placement-api.service[1431059]: INFO placement.requestlog [req-ad29b2ff-de32-4fe7-b647-ed38cae0b3e9 req-0b129002-81ef-4a36-bf6c-c014b0993499 service nova] 172.25.93.55 "GET /placement/allocations/0a7dcdf0-2305-4475-8409-f55a40851d15" status: 200 len: 257 microversion: 1.28
Oct 15 04:46:12.479993 devstack-u2204-93-55 devstack@placement-api.service[1431059]: [pid: 1431059|app: 0|req: 17/32] 172.25.93.55 () {60 vars in 1385 bytes} [Wed Oct 15 04:46:12 2025] GET /placement/allocations/0a7dcdf0-2305-4475-8409-f55a40851d15 => generated 257 bytes in 19 msecs (HTTP/1.1 200) 8 headers in 296 bytes (2 switches on core 0)
Oct 15 04:46:12.485296 devstack-u2204-93-55 devstack@placement-api.service[1431060]: DEBUG placement.wsgi_wrapper [None req-37b7928d-d111-4bdf-8cbb-7f5edb30f258 service placement] Placement API returning an error response: No resource provider with uuid dff5f811-9a70-47d8-bb95-80d0399749bc found for delete {{(pid=1431060) call_func /opt/stack/placement/placement/wsgi_wrapper.py:31}}
Oct 15 04:46:12.485863 devstack-u2204-93-55 devstack@placement-api.service[1431060]: INFO placement.requestlog [None req-37b7928d-d111-4bdf-8cbb-7f5edb30f258 service placement] 172.25.93.55 "DELETE /placement/resource_providers/dff5f811-9a70-47d8-bb95-80d0399749bc" status: 404 len: 246 microversion: 1.1
Oct 15 04:46:12.486120 devstack-u2204-93-55 devstack@placement-api.service[1431060]: [pid: 1431060|app: 0|req: 16/33] 172.25.93.55 () {60 vars in 1358 bytes} [Wed Oct 15 04:46:12 2025] DELETE /placement/resource_providers/dff5f811-9a70-47d8-bb95-80d0399749bc => generated 246 bytes in 11 msecs (HTTP/1.1 404) 6 headers in 231 bytes (1 switches on core 0)
Oct 15 04:46:12.487332 devstack-u2204-93-55 devstack@placement-api.service[1431059]: DEBUG placement.requestlog [req-ad29b2ff-de32-4fe7-b647-ed38cae0b3e9 req-144b9250-cecb-4477-ac38-c8608e07f400 None None] Starting request: 172.25.93.55 "GET /placement/allocations/93a8f567-0d30-49c5-aca9-4c06bdb50f46" {{(pid=1431059) __call__ /opt/stack/placement/placement/requestlog.py:55}}
Oct 15 04:46:12.500441 devstack-u2204-93-55 devstack@placement-api.service[1431059]: INFO placement.requestlog [req-ad29b2ff-de32-4fe7-b647-ed38cae0b3e9 req-144b9250-cecb-4477-ac38-c8608e07f400 service nova] 172.25.93.55 "GET /placement/allocations/93a8f567-0d30-49c5-aca9-4c06bdb50f46" status: 200 len: 257 microversion: 1.28
Oct 15 04:46:12.501256 devstack-u2204-93-55 devstack@placement-api.service[1431059]: [pid: 1431059|app: 0|req: 18/34] 172.25.93.55 () {60 vars in 1385 bytes} [Wed Oct 15 04:46:12 2025] GET /placement/allocations/93a8f567-0d30-49c5-aca9-4c06bdb50f46 => generated 257 bytes in 14 msecs (HTTP/1.1 200) 8 headers in 296 bytes (1 switches on core 0)
Oct 15 04:46:12.996006 devstack-u2204-93-55 devstack@placement-api.service[1431060]: DEBUG placement.requestlog [req-71df8a97-972c-4b51-bfc7-1792dc84b142 req-e9a89183-da2c-4843-98de-a44ba165a394 None None] Starting request: 172.25.93.55 "GET /placement/allocations/93a8f567-0d30-49c5-aca9-4c06bdb50f46" {{(pid=1431060) __call__ /opt/stack/placement/placement/requestlog.py:55}}
Oct 15 04:46:13.022039 devstack-u2204-93-55 devstack@placement-api.service[1431060]: INFO placement.requestlog [req-71df8a97-972c-4b51-bfc7-1792dc84b142 req-e9a89183-da2c-4843-98de-a44ba165a394 service nova] 172.25.93.55 "GET /placement/allocations/93a8f567-0d30-49c5-aca9-4c06bdb50f46" status: 200 len: 257 microversion: 1.28
Oct 15 04:46:13.022039 devstack-u2204-93-55 devstack@placement-api.service[1431060]: [pid: 1431060|app: 0|req: 17/35] 172.25.93.55 () {60 vars in 1385 bytes} [Wed Oct 15 04:46:12 2025] GET /placement/allocations/93a8f567-0d30-49c5-aca9-4c06bdb50f46 => generated 257 bytes in 27 msecs (HTTP/1.1 200) 8 headers in 296 bytes (2 switches on core 0)
Oct 15 04:46:14.584419 devstack-u2204-93-55 devstack@placement-api.service[1431059]: DEBUG placement.requestlog [req-71df8a97-972c-4b51-bfc7-1792dc84b142 req-4cb4dcdd-e74b-4f0b-9f09-74cfd56965df None None] Starting request: 172.25.93.55 "GET /placement/resource_providers/e4cc83e1-0186-4d81-9c0d-b879b45f2f8d/allocations" {{(pid=1431059) __call__ /opt/stack/placement/placement/requestlog.py:55}}
Oct 15 04:46:14.610466 devstack-u2204-93-55 devstack@placement-api.service[1431059]: INFO placement.requestlog [req-71df8a97-972c-4b51-bfc7-1792dc84b142 req-4cb4dcdd-e74b-4f0b-9f09-74cfd56965df service nova] 172.25.93.55 "GET /placement/resource_providers/e4cc83e1-0186-4d81-9c0d-b879b45f2f8d/allocations" status: 200 len: 252 microversion: 1.0
Oct 15 04:46:14.611557 devstack-u2204-93-55 devstack@placement-api.service[1431059]: [pid: 1431059|app: 0|req: 19/36] 172.25.93.55 () {58 vars in 1398 bytes} [Wed Oct 15 04:46:14 2025] GET /placement/resource_providers/e4cc83e1-0186-4d81-9c0d-b879b45f2f8d/allocations => generated 252 bytes in 28 msecs (HTTP/1.1 200) 6 headers in 224 bytes (1 switches on core 0)
Oct 15 04:46:14.612132 devstack-u2204-93-55 devstack@placement-api.service[1431060]: DEBUG placement.requestlog [None req-261394f6-60fc-4cb5-a312-ef34f858e8c3 None None] Starting request: 172.25.93.55 "GET /placement/resource_providers/c0ce0917-8041-4482-81c5-f49c47e5ab30/aggregates" {{(pid=1431060) __call__ /opt/stack/placement/placement/requestlog.py:55}}
Oct 15 04:46:14.618190 devstack-u2204-93-55 devstack@placement-api.service[1431059]: DEBUG placement.requestlog [req-71df8a97-972c-4b51-bfc7-1792dc84b142 req-d0ff1865-c815-4f82-8611-7f402bf91d1c None None] Starting request: 172.25.93.55 "GET /placement/allocations/0a7dcdf0-2305-4475-8409-f55a40851d15" {{(pid=1431059) __call__ /opt/stack/placement/placement/requestlog.py:55}}
Oct 15 04:46:14.628470 devstack-u2204-93-55 devstack@placement-api.service[1431060]: INFO placement.requestlog [None req-261394f6-60fc-4cb5-a312-ef34f858e8c3 service placement] 172.25.93.55 "GET /placement/resource_providers/c0ce0917-8041-4482-81c5-f49c47e5ab30/aggregates" status: 404 len: 235 microversion: 1.1
Oct 15 04:46:14.628470 devstack-u2204-93-55 devstack@placement-api.service[1431060]: [pid: 1431060|app: 0|req: 18/37] 172.25.93.55 () {58 vars in 1369 bytes} [Wed Oct 15 04:46:14 2025] GET /placement/resource_providers/c0ce0917-8041-4482-81c5-f49c47e5ab30/aggregates => generated 235 bytes in 18 msecs (HTTP/1.1 404) 5 headers in 202 bytes (1 switches on core 0)
Oct 15 04:46:14.637492 devstack-u2204-93-55 devstack@placement-api.service[1431060]: DEBUG placement.requestlog [None req-cf3e73bb-2bcb-4dde-a27f-5e37777d8890 None None] Starting request: 172.25.93.55 "DELETE /placement/resource_providers/c0ce0917-8041-4482-81c5-f49c47e5ab30" {{(pid=1431060) __call__ /opt/stack/placement/placement/requestlog.py:55}}
Oct 15 04:46:14.637922 devstack-u2204-93-55 devstack@placement-api.service[1431059]: INFO placement.requestlog [req-71df8a97-972c-4b51-bfc7-1792dc84b142 req-d0ff1865-c815-4f82-8611-7f402bf91d1c service nova] 172.25.93.55 "GET /placement/allocations/0a7dcdf0-2305-4475-8409-f55a40851d15" status: 200 len: 257 microversion: 1.28
Oct 15 04:46:14.637922 devstack-u2204-93-55 devstack@placement-api.service[1431059]: [pid: 1431059|app: 0|req: 20/38] 172.25.93.55 () {60 vars in 1385 bytes} [Wed Oct 15 04:46:14 2025] GET /placement/allocations/0a7dcdf0-2305-4475-8409-f55a40851d15 => generated 257 bytes in 19 msecs (HTTP/1.1 200) 8 headers in 296 bytes (1 switches on core 0)
Oct 15 04:46:14.641547 devstack-u2204-93-55 devstack@placement-api.service[1431059]: DEBUG placement.requestlog [req-71df8a97-972c-4b51-bfc7-1792dc84b142 req-5da3398f-445c-434a-975b-a278979131a8 None None] Starting request: 172.25.93.55 "GET /placement/allocations/93a8f567-0d30-49c5-aca9-4c06bdb50f46" {{(pid=1431059) __call__ /opt/stack/placement/placement/requestlog.py:55}}
Oct 15 04:46:14.649216 devstack-u2204-93-55 devstack@placement-api.service[1431060]: DEBUG placement.wsgi_wrapper [None req-cf3e73bb-2bcb-4dde-a27f-5e37777d8890 service placement] Placement API returning an error response: No resource provider with uuid c0ce0917-8041-4482-81c5-f49c47e5ab30 found for delete {{(pid=1431060) call_func /opt/stack/placement/placement/wsgi_wrapper.py:31}}
Oct 15 04:46:14.650536 devstack-u2204-93-55 devstack@placement-api.service[1431060]: INFO placement.requestlog [None req-cf3e73bb-2bcb-4dde-a27f-5e37777d8890 service placement] 172.25.93.55 "DELETE /placement/resource_providers/c0ce0917-8041-4482-81c5-f49c47e5ab30" status: 404 len: 246 microversion: 1.1
Oct 15 04:46:14.651377 devstack-u2204-93-55 devstack@placement-api.service[1431060]: [pid: 1431060|app: 0|req: 19/39] 172.25.93.55 () {60 vars in 1358 bytes} [Wed Oct 15 04:46:14 2025] DELETE /placement/resource_providers/c0ce0917-8041-4482-81c5-f49c47e5ab30 => generated 246 bytes in 17 msecs (HTTP/1.1 404) 6 headers in 231 bytes (2 switches on core 0)
Oct 15 04:46:14.654383 devstack-u2204-93-55 devstack@placement-api.service[1431059]: INFO placement.requestlog [req-71df8a97-972c-4b51-bfc7-1792dc84b142 req-5da3398f-445c-434a-975b-a278979131a8 service nova] 172.25.93.55 "GET /placement/allocations/93a8f567-0d30-49c5-aca9-4c06bdb50f46" status: 200 len: 257 microversion: 1.28
Oct 15 04:46:14.657358 devstack-u2204-93-55 devstack@placement-api.service[1431059]: [pid: 1431059|app: 0|req: 21/40] 172.25.93.55 () {60 vars in 1385 bytes} [Wed Oct 15 04:46:14 2025] GET /placement/allocations/93a8f567-0d30-49c5-aca9-4c06bdb50f46 => generated 257 bytes in 16 msecs (HTTP/1.1 200) 8 headers in 296 bytes (1 switches on core 0)
Oct 15 04:46:16.602871 devstack-u2204-93-55 devstack@placement-api.service[1431060]: DEBUG placement.requestlog [None req-a022b84a-bf78-406a-9d3d-b14fa2325165 None None] Starting request: 172.25.93.55 "GET /placement/resource_providers/d88d005f-409b-4488-bb9c-bfd6e7a239f4/aggregates" {{(pid=1431060) __call__ /opt/stack/placement/placement/requestlog.py:55}}
Oct 15 04:46:16.621373 devstack-u2204-93-55 devstack@placement-api.service[1431060]: INFO placement.requestlog [None req-a022b84a-bf78-406a-9d3d-b14fa2325165 service placement] 172.25.93.55 "GET /placement/resource_providers/d88d005f-409b-4488-bb9c-bfd6e7a239f4/aggregates" status: 404 len: 235 microversion: 1.1
Oct 15 04:46:16.621796 devstack-u2204-93-55 devstack@placement-api.service[1431060]: [pid: 1431060|app: 0|req: 20/41] 172.25.93.55 () {58 vars in 1369 bytes} [Wed Oct 15 04:46:16 2025] GET /placement/resource_providers/d88d005f-409b-4488-bb9c-bfd6e7a239f4/aggregates => generated 235 bytes in 19 msecs (HTTP/1.1 404) 5 headers in 202 bytes (1 switches on core 0)
Oct 15 04:46:16.634227 devstack-u2204-93-55 devstack@placement-api.service[1431059]: DEBUG placement.requestlog [None req-6e97ff03-45f5-4e6a-a200-ca50b3ee607e None None] Starting request: 172.25.93.55 "DELETE /placement/resource_providers/d88d005f-409b-4488-bb9c-bfd6e7a239f4" {{(pid=1431059) __call__ /opt/stack/placement/placement/requestlog.py:55}}
Oct 15 04:46:16.773877 devstack-u2204-93-55 devstack@placement-api.service[1431059]: DEBUG placement.wsgi_wrapper [None req-6e97ff03-45f5-4e6a-a200-ca50b3ee607e service placement] Placement API returning an error response: No resource provider with uuid d88d005f-409b-4488-bb9c-bfd6e7a239f4 found for delete {{(pid=1431059) call_func /opt/stack/placement/placement/wsgi_wrapper.py:31}}
Oct 15 04:46:16.773877 devstack-u2204-93-55 devstack@placement-api.service[1431059]: INFO placement.requestlog [None req-6e97ff03-45f5-4e6a-a200-ca50b3ee607e service placement] 172.25.93.55 "DELETE /placement/resource_providers/d88d005f-409b-4488-bb9c-bfd6e7a239f4" status: 404 len: 246 microversion: 1.1
Oct 15 04:46:16.773877 devstack-u2204-93-55 devstack@placement-api.service[1431059]: [pid: 1431059|app: 0|req: 22/42] 172.25.93.55 () {60 vars in 1358 bytes} [Wed Oct 15 04:46:16 2025] DELETE /placement/resource_providers/d88d005f-409b-4488-bb9c-bfd6e7a239f4 => generated 246 bytes in 140 msecs (HTTP/1.1 404) 6 headers in 231 bytes (1 switches on core 0)
Oct 15 04:46:18.790238 devstack-u2204-93-55 devstack@placement-api.service[1431060]: DEBUG placement.requestlog [None req-b394b8b0-2570-4a8c-a8a0-e99567490b37 None None] Starting request: 172.25.93.55 "GET /placement/resource_providers/96f2c117-31a5-46af-980d-00d73c15d7e3/aggregates" {{(pid=1431060) __call__ /opt/stack/placement/placement/requestlog.py:55}}
Oct 15 04:46:18.803272 devstack-u2204-93-55 devstack@placement-api.service[1431060]: INFO placement.requestlog [None req-b394b8b0-2570-4a8c-a8a0-e99567490b37 service placement] 172.25.93.55 "GET /placement/resource_providers/96f2c117-31a5-46af-980d-00d73c15d7e3/aggregates" status: 404 len: 235 microversion: 1.1
Oct 15 04:46:18.804135 devstack-u2204-93-55 devstack@placement-api.service[1431060]: [pid: 1431060|app: 0|req: 21/43] 172.25.93.55 () {58 vars in 1369 bytes} [Wed Oct 15 04:46:18 2025] GET /placement/resource_providers/96f2c117-31a5-46af-980d-00d73c15d7e3/aggregates => generated 235 bytes in 16 msecs (HTTP/1.1 404) 5 headers in 202 bytes (1 switches on core 0)
Oct 15 04:46:18.810786 devstack-u2204-93-55 devstack@placement-api.service[1431059]: DEBUG placement.requestlog [None req-97bdf235-2933-4338-8f38-631dc908d4ba None None] Starting request: 172.25.93.55 "DELETE /placement/resource_providers/96f2c117-31a5-46af-980d-00d73c15d7e3" {{(pid=1431059) __call__ /opt/stack/placement/placement/requestlog.py:55}}
Oct 15 04:46:18.823159 devstack-u2204-93-55 devstack@placement-api.service[1431059]: DEBUG placement.wsgi_wrapper [None req-97bdf235-2933-4338-8f38-631dc908d4ba service placement] Placement API returning an error response: No resource provider with uuid 96f2c117-31a5-46af-980d-00d73c15d7e3 found for delete {{(pid=1431059) call_func /opt/stack/placement/placement/wsgi_wrapper.py:31}}
Oct 15 04:46:18.823159 devstack-u2204-93-55 devstack@placement-api.service[1431059]: INFO placement.requestlog [None req-97bdf235-2933-4338-8f38-631dc908d4ba service placement] 172.25.93.55 "DELETE /placement/resource_providers/96f2c117-31a5-46af-980d-00d73c15d7e3" status: 404 len: 246 microversion: 1.1
Oct 15 04:46:18.824964 devstack-u2204-93-55 devstack@placement-api.service[1431059]: [pid: 1431059|app: 0|req: 23/44] 172.25.93.55 () {60 vars in 1358 bytes} [Wed Oct 15 04:46:18 2025] DELETE /placement/resource_providers/96f2c117-31a5-46af-980d-00d73c15d7e3 => generated 246 bytes in 14 msecs (HTTP/1.1 404) 6 headers in 231 bytes (1 switches on core 0)
Oct 15 04:46:20.831019 devstack-u2204-93-55 devstack@placement-api.service[1431060]: DEBUG placement.requestlog [None req-a1ca9d95-0c17-40e8-b54d-f03c62cdeb04 None None] Starting request: 172.25.93.55 "GET /placement/resource_providers/03443c20-ed0e-4ebf-8123-5aa0c9a25c35/aggregates" {{(pid=1431060) __call__ /opt/stack/placement/placement/requestlog.py:55}}
Oct 15 04:46:20.846751 devstack-u2204-93-55 devstack@placement-api.service[1431060]: INFO placement.requestlog [None req-a1ca9d95-0c17-40e8-b54d-f03c62cdeb04 service placement] 172.25.93.55 "GET /placement/resource_providers/03443c20-ed0e-4ebf-8123-5aa0c9a25c35/aggregates" status: 404 len: 235 microversion: 1.1
Oct 15 04:46:20.847945 devstack-u2204-93-55 devstack@placement-api.service[1431060]: [pid: 1431060|app: 0|req: 22/45] 172.25.93.55 () {58 vars in 1369 bytes} [Wed Oct 15 04:46:20 2025] GET /placement/resource_providers/03443c20-ed0e-4ebf-8123-5aa0c9a25c35/aggregates => generated 235 bytes in 18 msecs (HTTP/1.1 404) 5 headers in 202 bytes (2 switches on core 0)
Oct 15 04:46:20.859274 devstack-u2204-93-55 devstack@placement-api.service[1431059]: DEBUG placement.requestlog [None req-18ab2402-0735-4221-94c4-195be4257999 None None] Starting request: 172.25.93.55 "DELETE /placement/resource_providers/03443c20-ed0e-4ebf-8123-5aa0c9a25c35" {{(pid=1431059) __call__ /opt/stack/placement/placement/requestlog.py:55}}
Oct 15 04:46:20.870207 devstack-u2204-93-55 devstack@placement-api.service[1431059]: DEBUG placement.wsgi_wrapper [None req-18ab2402-0735-4221-94c4-195be4257999 service placement] Placement API returning an error response: No resource provider with uuid 03443c20-ed0e-4ebf-8123-5aa0c9a25c35 found for delete {{(pid=1431059) call_func /opt/stack/placement/placement/wsgi_wrapper.py:31}}
Oct 15 04:46:20.871384 devstack-u2204-93-55 devstack@placement-api.service[1431059]: INFO placement.requestlog [None req-18ab2402-0735-4221-94c4-195be4257999 service placement] 172.25.93.55 "DELETE /placement/resource_providers/03443c20-ed0e-4ebf-8123-5aa0c9a25c35" status: 404 len: 246 microversion: 1.1
Oct 15 04:46:20.873619 devstack-u2204-93-55 devstack@placement-api.service[1431059]: [pid: 1431059|app: 0|req: 24/46] 172.25.93.55 () {60 vars in 1358 bytes} [Wed Oct 15 04:46:20 2025] DELETE /placement/resource_providers/03443c20-ed0e-4ebf-8123-5aa0c9a25c35 => generated 246 bytes in 14 msecs (HTTP/1.1 404) 6 headers in 231 bytes (1 switches on core 0)
Oct 15 04:46:30.841804 devstack-u2204-93-55 devstack@placement-api.service[1431060]: DEBUG dbcounter [-] [1431060] Writing DB stats placement:SELECT=23 {{(pid=1431060) stat_writer /opt/stack/data/venv/lib/python3.10/site-packages/dbcounter.py:115}}
Oct 15 04:46:30.870271 devstack-u2204-93-55 devstack@placement-api.service[1431059]: DEBUG dbcounter [-] [1431059] Writing DB stats placement:SELECT=45,placement:INSERT=12,placement:DELETE=4,placement:UPDATE=4 {{(pid=1431059) stat_writer /opt/stack/data/venv/lib/python3.10/site-packages/dbcounter.py:115}}
Oct 15 04:46:30.970165 devstack-u2204-93-55 devstack@placement-api.service[1431060]: DEBUG placement.requestlog [req-fa9ee32a-3746-4afb-b6c3-684f4386c166 req-d5ca2495-a737-46e9-9295-0fdc4bdeb65c None None] Starting request: 172.25.93.55 "GET /placement/resource_providers/e4cc83e1-0186-4d81-9c0d-b879b45f2f8d/allocations" {{(pid=1431060) __call__ /opt/stack/placement/placement/requestlog.py:55}}
Oct 15 04:46:31.319014 devstack-u2204-93-55 devstack@placement-api.service[1431060]: INFO placement.requestlog [req-fa9ee32a-3746-4afb-b6c3-684f4386c166 req-d5ca2495-a737-46e9-9295-0fdc4bdeb65c service nova] 172.25.93.55 "GET /placement/resource_providers/e4cc83e1-0186-4d81-9c0d-b879b45f2f8d/allocations" status: 200 len: 252 microversion: 1.0
Oct 15 04:46:31.319014 devstack-u2204-93-55 devstack@placement-api.service[1431060]: [pid: 1431060|app: 0|req: 23/47] 172.25.93.55 () {58 vars in 1398 bytes} [Wed Oct 15 04:46:30 2025] GET /placement/resource_providers/e4cc83e1-0186-4d81-9c0d-b879b45f2f8d/allocations => generated 252 bytes in 349 msecs (HTTP/1.1 200) 6 headers in 224 bytes (2 switches on core 0)
Oct 15 04:46:31.341270 devstack-u2204-93-55 devstack@placement-api.service[1431059]: DEBUG placement.requestlog [req-fa9ee32a-3746-4afb-b6c3-684f4386c166 req-eb636422-2edf-4877-8875-05e8546401a9 None None] Starting request: 172.25.93.55 "GET /placement/resource_providers?in_tree=e4cc83e1-0186-4d81-9c0d-b879b45f2f8d" {{(pid=1431059) __call__ /opt/stack/placement/placement/requestlog.py:55}}
Oct 15 04:46:31.366114 devstack-u2204-93-55 devstack@placement-api.service[1431059]: INFO placement.requestlog [req-fa9ee32a-3746-4afb-b6c3-684f4386c166 req-eb636422-2edf-4877-8875-05e8546401a9 service nova] 172.25.93.55 "GET /placement/resource_providers?in_tree=e4cc83e1-0186-4d81-9c0d-b879b45f2f8d" status: 200 len: 869 microversion: 1.14
Oct 15 04:46:31.366829 devstack-u2204-93-55 devstack@placement-api.service[1431059]: [pid: 1431059|app: 0|req: 25/48] 172.25.93.55 () {60 vars in 1384 bytes} [Wed Oct 15 04:46:31 2025] GET /placement/resource_providers?in_tree=e4cc83e1-0186-4d81-9c0d-b879b45f2f8d => generated 869 bytes in 26 msecs (HTTP/1.1 200) 6 headers in 225 bytes (1 switches on core 0)
Oct 15 04:46:31.377856 devstack-u2204-93-55 devstack@placement-api.service[1431060]: DEBUG placement.requestlog [req-fa9ee32a-3746-4afb-b6c3-684f4386c166 req-7f4a2d05-ca29-492e-b55b-af05afdc9cbe None None] Starting request: 172.25.93.55 "GET /placement/resource_providers/e4cc83e1-0186-4d81-9c0d-b879b45f2f8d/inventories" {{(pid=1431060) __call__ /opt/stack/placement/placement/requestlog.py:55}}
Oct 15 04:46:31.394082 devstack-u2204-93-55 devstack@placement-api.service[1431060]: INFO placement.requestlog [req-fa9ee32a-3746-4afb-b6c3-684f4386c166 req-7f4a2d05-ca29-492e-b55b-af05afdc9cbe service nova] 172.25.93.55 "GET /placement/resource_providers/e4cc83e1-0186-4d81-9c0d-b879b45f2f8d/inventories" status: 200 len: 404 microversion: 1.0
Oct 15 04:46:31.395466 devstack-u2204-93-55 devstack@placement-api.service[1431060]: [pid: 1431060|app: 0|req: 24/49] 172.25.93.55 () {58 vars in 1398 bytes} [Wed Oct 15 04:46:31 2025] GET /placement/resource_providers/e4cc83e1-0186-4d81-9c0d-b879b45f2f8d/inventories => generated 404 bytes in 17 msecs (HTTP/1.1 200) 6 headers in 224 bytes (1 switches on core 0)
Oct 15 04:46:31.403595 devstack-u2204-93-55 devstack@placement-api.service[1431059]: DEBUG placement.requestlog [req-fa9ee32a-3746-4afb-b6c3-684f4386c166 req-f0ab8908-ae80-4cae-b54c-47bd4d5737b1 None None] Starting request: 172.25.93.55 "GET /placement/resource_providers/e4cc83e1-0186-4d81-9c0d-b879b45f2f8d/aggregates" {{(pid=1431059) __call__ /opt/stack/placement/placement/requestlog.py:55}}
Oct 15 04:46:31.418479 devstack-u2204-93-55 devstack@placement-api.service[1431059]: INFO placement.requestlog [req-fa9ee32a-3746-4afb-b6c3-684f4386c166 req-f0ab8908-ae80-4cae-b54c-47bd4d5737b1 service nova] 172.25.93.55 "GET /placement/resource_providers/e4cc83e1-0186-4d81-9c0d-b879b45f2f8d/aggregates" status: 200 len: 53 microversion: 1.19
Oct 15 04:46:31.419572 devstack-u2204-93-55 devstack@placement-api.service[1431059]: [pid: 1431059|app: 0|req: 26/50] 172.25.93.55 () {60 vars in 1439 bytes} [Wed Oct 15 04:46:31 2025] GET /placement/resource_providers/e4cc83e1-0186-4d81-9c0d-b879b45f2f8d/aggregates => generated 53 bytes in 16 msecs (HTTP/1.1 200) 8 headers in 295 bytes (1 switches on core 0)
Oct 15 04:46:31.431425 devstack-u2204-93-55 devstack@placement-api.service[1431060]: DEBUG placement.requestlog [req-fa9ee32a-3746-4afb-b6c3-684f4386c166 req-d1e77199-242e-4492-8a00-d40fb66d7155 None None] Starting request: 172.25.93.55 "GET /placement/resource_providers/e4cc83e1-0186-4d81-9c0d-b879b45f2f8d/traits" {{(pid=1431060) __call__ /opt/stack/placement/placement/requestlog.py:55}}
Oct 15 04:46:31.461308 devstack-u2204-93-55 devstack@placement-api.service[1431060]: INFO placement.requestlog [req-fa9ee32a-3746-4afb-b6c3-684f4386c166 req-d1e77199-242e-4492-8a00-d40fb66d7155 service nova] 172.25.93.55 "GET /placement/resource_providers/e4cc83e1-0186-4d81-9c0d-b879b45f2f8d/traits" status: 200 len: 1658 microversion: 1.6
Oct 15 04:46:31.461308 devstack-u2204-93-55 devstack@placement-api.service[1431060]: [pid: 1431060|app: 0|req: 25/51] 172.25.93.55 () {60 vars in 1426 bytes} [Wed Oct 15 04:46:31 2025] GET /placement/resource_providers/e4cc83e1-0186-4d81-9c0d-b879b45f2f8d/traits => generated 1658 bytes in 31 msecs (HTTP/1.1 200) 6 headers in 225 bytes (1 switches on core 0)
Oct 15 04:46:31.468662 devstack-u2204-93-55 devstack@placement-api.service[1431059]: DEBUG placement.requestlog [req-fa9ee32a-3746-4afb-b6c3-684f4386c166 req-33565171-ab77-4a4e-a3fc-b5a8e77ea27d None None] Starting request: 172.25.93.55 "GET /placement/resource_providers/e4cc83e1-0186-4d81-9c0d-b879b45f2f8d/allocations" {{(pid=1431059) __call__ /opt/stack/placement/placement/requestlog.py:55}}
Oct 15 04:46:31.485749 devstack-u2204-93-55 devstack@placement-api.service[1431059]: INFO placement.requestlog [req-fa9ee32a-3746-4afb-b6c3-684f4386c166 req-33565171-ab77-4a4e-a3fc-b5a8e77ea27d service nova] 172.25.93.55 "GET /placement/resource_providers/e4cc83e1-0186-4d81-9c0d-b879b45f2f8d/allocations" status: 200 len: 252 microversion: 1.0
Oct 15 04:46:31.485749 devstack-u2204-93-55 devstack@placement-api.service[1431059]: [pid: 1431059|app: 0|req: 27/52] 172.25.93.55 () {58 vars in 1398 bytes} [Wed Oct 15 04:46:31 2025] GET /placement/resource_providers/e4cc83e1-0186-4d81-9c0d-b879b45f2f8d/allocations => generated 252 bytes in 18 msecs (HTTP/1.1 200) 6 headers in 224 bytes (1 switches on core 0)
Oct 15 04:46:31.498816 devstack-u2204-93-55 devstack@placement-api.service[1431060]: DEBUG placement.requestlog [req-fa9ee32a-3746-4afb-b6c3-684f4386c166 req-25e3fca4-c02a-4df9-ab64-ad394d9e7c41 None None] Starting request: 172.25.93.55 "GET /placement/allocations/0a7dcdf0-2305-4475-8409-f55a40851d15" {{(pid=1431060) __call__ /opt/stack/placement/placement/requestlog.py:55}}
Oct 15 04:46:31.531465 devstack-u2204-93-55 devstack@placement-api.service[1431060]: INFO placement.requestlog [req-fa9ee32a-3746-4afb-b6c3-684f4386c166 req-25e3fca4-c02a-4df9-ab64-ad394d9e7c41 service nova] 172.25.93.55 "GET /placement/allocations/0a7dcdf0-2305-4475-8409-f55a40851d15" status: 200 len: 257 microversion: 1.28
Oct 15 04:46:31.531465 devstack-u2204-93-55 devstack@placement-api.service[1431060]: [pid: 1431060|app: 0|req: 26/53] 172.25.93.55 () {60 vars in 1385 bytes} [Wed Oct 15 04:46:31 2025] GET /placement/allocations/0a7dcdf0-2305-4475-8409-f55a40851d15 => generated 257 bytes in 33 msecs (HTTP/1.1 200) 8 headers in 296 bytes (1 switches on core 0)
Oct 15 04:46:31.536331 devstack-u2204-93-55 devstack@placement-api.service[1431059]: DEBUG placement.requestlog [req-fa9ee32a-3746-4afb-b6c3-684f4386c166 req-61bfb718-2fe9-448e-88f9-44257aad4ee6 None None] Starting request: 172.25.93.55 "GET /placement/allocations/93a8f567-0d30-49c5-aca9-4c06bdb50f46" {{(pid=1431059) __call__ /opt/stack/placement/placement/requestlog.py:55}}
Oct 15 04:46:31.556593 devstack-u2204-93-55 devstack@placement-api.service[1431059]: INFO placement.requestlog [req-fa9ee32a-3746-4afb-b6c3-684f4386c166 req-61bfb718-2fe9-448e-88f9-44257aad4ee6 service nova] 172.25.93.55 "GET /placement/allocations/93a8f567-0d30-49c5-aca9-4c06bdb50f46" status: 200 len: 257 microversion: 1.28
Oct 15 04:46:31.557006 devstack-u2204-93-55 devstack@placement-api.service[1431059]: [pid: 1431059|app: 0|req: 28/54] 172.25.93.55 () {60 vars in 1385 bytes} [Wed Oct 15 04:46:31 2025] GET /placement/allocations/93a8f567-0d30-49c5-aca9-4c06bdb50f46 => generated 257 bytes in 22 msecs (HTTP/1.1 200) 8 headers in 296 bytes (1 switches on core 0)
Oct 15 04:46:32.600976 devstack-u2204-93-55 devstack@placement-api.service[1431060]: DEBUG placement.requestlog [None req-055e64fc-8198-4283-8a0f-3fd05c3893c8 None None] Starting request: 172.25.93.55 "GET /placement/resource_providers/8ccafb42-7bc4-4252-accb-7371dc935642/aggregates" {{(pid=1431060) __call__ /opt/stack/placement/placement/requestlog.py:55}}
