2025-10-14 19:17:12.328 1007357 INFO os_brick.initiator.connectors.iscsi [req-8d0697d5-b74c-461c-b3af-048de5ae91ce bfaef238f3d348a9999824ab549619bf 9092c26e26804af9bfdc3b1f96e80d83 - - default default] Trying to connect to iSCSI portal 172.25.59.221:3260
2025-10-14 19:17:12.330 1025819 DEBUG oslo_concurrency.processutils [-] Running cmd (subprocess): iscsiadm -m node -T iqn.2016-04.com.open-iscsi:d78edfece0b6.hbsd-target -p 172.25.59.221:3260 [00;33m{{(pid=1025819) execute /opt/stack/data/venv/lib/python3.10/site-packages/oslo_concurrency/processutils.py:349}}[00m
2025-10-14 19:17:12.351 1025819 DEBUG oslo_concurrency.processutils [-] CMD "iscsiadm -m node -T iqn.2016-04.com.open-iscsi:d78edfece0b6.hbsd-target -p 172.25.59.221:3260" returned: 21 in 0.021s [00;33m{{(pid=1025819) execute /opt/stack/data/venv/lib/python3.10/site-packages/oslo_concurrency/processutils.py:372}}[00m
2025-10-14 19:17:12.352 1025819 DEBUG oslo.privsep.daemon [-] privsep: reply[a4914582-0f64-4b0f-9f53-60689ddb1670]: (4, ('', 'iscsiadm: No records found\n')) [00;33m{{(pid=1025819) _call_back /opt/stack/data/venv/lib/python3.10/site-packages/oslo_privsep/daemon.py:503}}[00m
2025-10-14 19:17:12.354 1007357 DEBUG os_brick.initiator.connectors.iscsi [req-8d0697d5-b74c-461c-b3af-048de5ae91ce bfaef238f3d348a9999824ab549619bf 9092c26e26804af9bfdc3b1f96e80d83 - - default default] iscsiadm (): stdout= stderr=iscsiadm: No records found
 [00;33m{{(pid=1007357) _run_iscsiadm /opt/stack/data/venv/lib/python3.10/site-packages/os_brick/initiator/connectors/iscsi.py:1065}}[00m
2025-10-14 19:17:12.357 1025819 DEBUG oslo_concurrency.processutils [-] Running cmd (subprocess): iscsiadm -m node -T iqn.2016-04.com.open-iscsi:d78edfece0b6.hbsd-target -p 172.25.59.221:3260 --interface default --op new [00;33m{{(pid=1025819) execute /opt/stack/data/venv/lib/python3.10/site-packages/oslo_concurrency/processutils.py:349}}[00m
2025-10-14 19:17:12.381 1025819 DEBUG oslo_concurrency.processutils [-] CMD "iscsiadm -m node -T iqn.2016-04.com.open-iscsi:d78edfece0b6.hbsd-target -p 172.25.59.221:3260 --interface default --op new" returned: 0 in 0.025s [00;33m{{(pid=1025819) execute /opt/stack/data/venv/lib/python3.10/site-packages/oslo_concurrency/processutils.py:372}}[00m
2025-10-14 19:17:12.383 1025819 DEBUG oslo.privsep.daemon [-] privsep: reply[187cbbd8-7569-450c-bc5b-1460bfca8c5b]: (4, ('New iSCSI node [tcp:[hw=,ip=,net_if=,iscsi_if=default] 172.25.59.221,3260,-1 iqn.2016-04.com.open-iscsi:d78edfece0b6.hbsd-target] added\n', 'iscsiadm: config file line 337 do not has value\niscsiadm: config file line 337 do not has value\niscsiadm: config file line 337 do not has value\niscsiadm: config file line 337 do not has value\n')) [00;33m{{(pid=1025819) _call_back /opt/stack/data/venv/lib/python3.10/site-packages/oslo_privsep/daemon.py:503}}[00m
2025-10-14 19:17:12.385 1007357 DEBUG os_brick.initiator.connectors.iscsi [req-8d0697d5-b74c-461c-b3af-048de5ae91ce bfaef238f3d348a9999824ab549619bf 9092c26e26804af9bfdc3b1f96e80d83 - - default default] iscsiadm ('--interface', 'default', '--op', 'new'): stdout=New iSCSI node [tcp:[hw=,ip=,net_if=,iscsi_if=default] 172.25.59.221,3260,-1 iqn.2016-04.com.open-iscsi:d78edfece0b6.hbsd-target] added
 stderr=iscsiadm: config file line 337 do not has value
iscsiadm: config file line 337 do not has value
iscsiadm: config file line 337 do not has value
iscsiadm: config file line 337 do not has value
 [00;33m{{(pid=1007357) _run_iscsiadm /opt/stack/data/venv/lib/python3.10/site-packages/os_brick/initiator/connectors/iscsi.py:1065}}[00m
2025-10-14 19:17:12.385 1007357 DEBUG os_brick.initiator.connectors.iscsi [req-8d0697d5-b74c-461c-b3af-048de5ae91ce bfaef238f3d348a9999824ab549619bf 9092c26e26804af9bfdc3b1f96e80d83 - - default default] Retrying to connect to iSCSI portal 172.25.59.221:3260 [00;33m{{(pid=1007357) _connect_to_iscsi_portal_unsafe /opt/stack/data/venv/lib/python3.10/site-packages/os_brick/initiator/connectors/iscsi.py:1131}}[00m
2025-10-14 19:17:12.387 1007357 DEBUG os_brick.utils [req-8d0697d5-b74c-461c-b3af-048de5ae91ce bfaef238f3d348a9999824ab549619bf 9092c26e26804af9bfdc3b1f96e80d83 - - default default] Finished call to 'os_brick.initiator.connectors.iscsi.ISCSIConnector._connect_to_iscsi_portal_unsafe' after 0.058(s), this was the 1st time calling it. [00;33m{{(pid=1007357) log_it /opt/stack/data/venv/lib/python3.10/site-packages/tenacity/after.py:44}}[00m
2025-10-14 19:17:12.388 1007357 DEBUG os_brick.utils [req-8d0697d5-b74c-461c-b3af-048de5ae91ce bfaef238f3d348a9999824ab549619bf 9092c26e26804af9bfdc3b1f96e80d83 - - default default] Retrying os_brick.initiator.connectors.iscsi.ISCSIConnector._connect_to_iscsi_portal_unsafe in 1.0 seconds as it raised BrickException: An unknown exception occurred.. [00;33m{{(pid=1007357) log_it /opt/stack/data/venv/lib/python3.10/site-packages/tenacity/before_sleep.py:65}}[00m
2025-10-14 19:17:13.389 1007357 INFO os_brick.initiator.connectors.iscsi [req-8d0697d5-b74c-461c-b3af-048de5ae91ce bfaef238f3d348a9999824ab549619bf 9092c26e26804af9bfdc3b1f96e80d83 - - default default] Trying to connect to iSCSI portal 172.25.59.221:3260
2025-10-14 19:17:13.391 1025819 DEBUG oslo_concurrency.processutils [-] Running cmd (subprocess): iscsiadm -m node -T iqn.2016-04.com.open-iscsi:d78edfece0b6.hbsd-target -p 172.25.59.221:3260 [00;33m{{(pid=1025819) execute /opt/stack/data/venv/lib/python3.10/site-packages/oslo_concurrency/processutils.py:349}}[00m
2025-10-14 19:17:13.413 1025819 DEBUG oslo_concurrency.processutils [-] CMD "iscsiadm -m node -T iqn.2016-04.com.open-iscsi:d78edfece0b6.hbsd-target -p 172.25.59.221:3260" returned: 0 in 0.021s [00;33m{{(pid=1025819) execute /opt/stack/data/venv/lib/python3.10/site-packages/oslo_concurrency/processutils.py:372}}[00m
2025-10-14 19:17:13.414 1025819 DEBUG oslo.privsep.daemon [-] privsep: reply[9e4299ac-5327-4f20-8cdc-ac430a00acb6]: (4, ('# BEGIN RECORD 2.1.5\nnode.name = iqn.2016-04.com.open-iscsi:d78edfece0b6.hbsd-target\nnode.tpgt = -1\nnode.startup = manual\nnode.leading_login = No\niface.iscsi_ifacename = default\niface.net_ifacename = <empty>\niface.ipaddress = <empty>\niface.prefix_len = 0\niface.hwaddress = <empty>\niface.transport_name = tcp\niface.initiatorname = <empty>\niface.state = <empty>\niface.vlan_id = 0\niface.vlan_priority = 0\niface.vlan_state = <empty>\niface.iface_num = 0\niface.mtu = 0\niface.port = 0\niface.bootproto = <empty>\niface.subnet_mask = <empty>\niface.gateway = <empty>\niface.dhcp_alt_client_id_state = <empty>\niface.dhcp_alt_client_id = <empty>\niface.dhcp_dns = <empty>\niface.dhcp_learn_iqn = <empty>\niface.dhcp_req_vendor_id_state = <empty>\niface.dhcp_vendor_id_state = <empty>\niface.dhcp_vendor_id = <empty>\niface.dhcp_slp_da = <empty>\niface.fragmentation = <empty>\niface.gratuitous_arp = <empty>\niface.incoming_forwarding = <empty>\niface.tos_state = <empty>\niface.tos = 0\niface.ttl = 0\niface.delayed_ack = <empty>\niface.tcp_nagle = <empty>\niface.tcp_wsf_state = <empty>\niface.tcp_wsf = 0\niface.tcp_timer_scale = 0\niface.tcp_timestamp = <empty>\niface.redirect = <empty>\niface.def_task_mgmt_timeout = 0\niface.header_digest = <empty>\niface.data_digest = <empty>\niface.immediate_data = <empty>\niface.initial_r2t = <empty>\niface.data_seq_inorder = <empty>\niface.data_pdu_inorder = <empty>\niface.erl = 0\niface.max_receive_data_len = 0\niface.first_burst_len = 0\niface.max_outstanding_r2t = 0\niface.max_burst_len = 0\niface.chap_auth = <empty>\niface.bidi_chap = <empty>\niface.strict_login_compliance = <empty>\niface.discovery_auth = <empty>\niface.discovery_logout = <empty>\nnode.discovery_address = <empty>\nnode.discovery_port = 0\nnode.discovery_type = static\nnode.session.initial_cmdsn = 0\nnode.session.initial_login_retry_max = 8\nnode.session.xmit_thread_priority = -20\nnode.session.cmds_max = 128\nnode.session.queue_depth = 32\nnode.session.nr_sessions = 1\nnode.session.auth.authmethod = None\nnode.session.auth.username = <empty>\nnode.session.auth.password = <empty>\nnode.session.auth.username_in = <empty>\nnode.session.auth.password_in = <empty>\nnode.session.auth.chap_algs = SHA3-256,SHA256\nnode.session.timeo.replacement_timeout = 120\nnode.session.err_timeo.abort_timeout = 15\nnode.session.err_timeo.lu_reset_timeout = 30\nnode.session.err_timeo.tgt_reset_timeout = 30\nnode.session.err_timeo.host_reset_timeout = 60\nnode.session.iscsi.FastAbort = Yes\nnode.session.iscsi.InitialR2T = No\nnode.session.iscsi.ImmediateData = Yes\nnode.session.iscsi.FirstBurstLength = 262144\nnode.session.iscsi.MaxBurstLength = 16776192\nnode.session.iscsi.DefaultTime2Retain = 0\nnode.session.iscsi.DefaultTime2Wait = 2\nnode.session.iscsi.MaxConnections = 1\nnode.session.iscsi.MaxOutstandingR2T = 1\nnode.session.iscsi.ERL = 0\nnode.session.scan = auto\nnode.session.reopen_max = 0\nnode.conn[0].address = 172.25.59.221\nnode.conn[0].port = 3260\nnode.conn[0].startup = manual\nnode.conn[0].tcp.window_size = 524288\nnode.conn[0].tcp.type_of_service = 0\nnode.conn[0].timeo.logout_timeout = 15\nnode.conn[0].timeo.login_timeout = 15\nnode.conn[0].timeo.auth_timeout = 45\nnode.conn[0].timeo.noop_out_interval = 5\nnode.conn[0].timeo.noop_out_timeout = 5\nnode.conn[0].iscsi.MaxXmitDataSegmentLength = 0\nnode.conn[0].iscsi.MaxRecvDataSegmentLength = 262144\nnode.conn[0].iscsi.HeaderDigest = None\nnode.conn[0].iscsi.DataDigest = None\nnode.conn[0].iscsi.IFMarker = No\nnode.conn[0].iscsi.OFMarker = No\n# END RECORD\n', '')) [00;33m{{(pid=1025819) _call_back /opt/stack/data/venv/lib/python3.10/site-packages/oslo_privsep/daemon.py:503}}[00m
2025-10-14 19:17:13.418 1007357 DEBUG os_brick.initiator.connectors.iscsi [req-8d0697d5-b74c-461c-b3af-048de5ae91ce bfaef238f3d348a9999824ab549619bf 9092c26e26804af9bfdc3b1f96e80d83 - - default default] iscsiadm (): stdout=# BEGIN RECORD 2.1.5
node.name = iqn.2016-04.com.open-iscsi:d78edfece0b6.hbsd-target
node.tpgt = -1
node.startup = manual
node.leading_login = No
iface.iscsi_ifacename = default
iface.net_ifacename = <empty>
iface.ipaddress = <empty>
iface.prefix_len = 0
iface.hwaddress = <empty>
iface.transport_name = tcp
iface.initiatorname = <empty>
iface.state = <empty>
iface.vlan_id = 0
iface.vlan_priority = 0
iface.vlan_state = <empty>
iface.iface_num = 0
iface.mtu = 0
iface.port = 0
iface.bootproto = <empty>
iface.subnet_mask = <empty>
iface.gateway = <empty>
iface.dhcp_alt_client_id_state = <empty>
iface.dhcp_alt_client_id = <empty>
iface.dhcp_dns = <empty>
iface.dhcp_learn_iqn = <empty>
iface.dhcp_req_vendor_id_state = <empty>
iface.dhcp_vendor_id_state = <empty>
iface.dhcp_vendor_id = <empty>
iface.dhcp_slp_da = <empty>
iface.fragmentation = <empty>
iface.gratuitous_arp = <empty>
iface.incoming_forwarding = <empty>
iface.tos_state = <empty>
iface.tos = 0
iface.ttl = 0
iface.delayed_ack = <empty>
iface.tcp_nagle = <empty>
iface.tcp_wsf_state = <empty>
iface.tcp_wsf = 0
iface.tcp_timer_scale = 0
iface.tcp_timestamp = <empty>
iface.redirect = <empty>
iface.def_task_mgmt_timeout = 0
iface.header_digest = <empty>
iface.data_digest = <empty>
iface.immediate_data = <empty>
iface.initial_r2t = <empty>
iface.data_seq_inorder = <empty>
iface.data_pdu_inorder = <empty>
iface.erl = 0
iface.max_receive_data_len = 0
iface.first_burst_len = 0
iface.max_outstanding_r2t = 0
iface.max_burst_len = 0
iface.chap_auth = <empty>
iface.bidi_chap = <empty>
iface.strict_login_compliance = <empty>
iface.discovery_auth = <empty>
iface.discovery_logout = <empty>
node.discovery_address = <empty>
node.discovery_port = 0
node.discovery_type = static
node.session.initial_cmdsn = 0
node.session.initial_login_retry_max = 8
node.session.xmit_thread_priority = -20
node.session.cmds_max = 128
node.session.queue_depth = 32
node.session.nr_sessions = 1
node.session.auth.authmethod = None
node.session.auth.username = <empty>
node.session.auth.password = ***
node.session.auth.username_in = <empty>
node.session.auth.password_in = <empty>
node.session.auth.chap_algs = SHA3-256,SHA256
node.session.timeo.replacement_timeout = 120
node.session.err_timeo.abort_timeout = 15
node.session.err_timeo.lu_reset_timeout = 30
node.session.err_timeo.tgt_reset_timeout = 30
node.session.err_timeo.host_reset_timeout = 60
node.session.iscsi.FastAbort = Yes
node.session.iscsi.InitialR2T = No
node.session.iscsi.ImmediateData = Yes
node.session.iscsi.FirstBurstLength = 262144
node.session.iscsi.MaxBurstLength = 16776192
node.session.iscsi.DefaultTime2Retain = 0
node.session.iscsi.DefaultTime2Wait = 2
node.session.iscsi.MaxConnections = 1
node.session.iscsi.MaxOutstandingR2T = 1
node.session.iscsi.ERL = 0
node.session.scan = auto
node.session.reopen_max = 0
node.conn[0].address = 172.25.59.221
node.conn[0].port = 3260
node.conn[0].startup = manual
node.conn[0].tcp.window_size = 524288
node.conn[0].tcp.type_of_service = 0
node.conn[0].timeo.logout_timeout = 15
node.conn[0].timeo.login_timeout = 15
node.conn[0].timeo.auth_timeout = 45
node.conn[0].timeo.noop_out_interval = 5
node.conn[0].timeo.noop_out_timeout = 5
node.conn[0].iscsi.MaxXmitDataSegmentLength = 0
node.conn[0].iscsi.MaxRecvDataSegmentLength = 262144
node.conn[0].iscsi.HeaderDigest = None
node.conn[0].iscsi.DataDigest = None
node.conn[0].iscsi.IFMarker = No
node.conn[0].iscsi.OFMarker = No
# END RECORD
 stderr= [00;33m{{(pid=1007357) _run_iscsiadm /opt/stack/data/venv/lib/python3.10/site-packages/os_brick/initiator/connectors/iscsi.py:1065}}[00m
2025-10-14 19:17:13.421 1025819 DEBUG oslo_concurrency.processutils [-] Running cmd (subprocess): iscsiadm -m node -T iqn.2016-04.com.open-iscsi:d78edfece0b6.hbsd-target -p 172.25.59.221:3260 --op update -n node.session.scan -v manual [00;33m{{(pid=1025819) execute /opt/stack/data/venv/lib/python3.10/site-packages/oslo_concurrency/processutils.py:349}}[00m
2025-10-14 19:17:13.442 1025819 DEBUG oslo_concurrency.processutils [-] CMD "iscsiadm -m node -T iqn.2016-04.com.open-iscsi:d78edfece0b6.hbsd-target -p 172.25.59.221:3260 --op update -n node.session.scan -v manual" returned: 0 in 0.021s [00;33m{{(pid=1025819) execute /opt/stack/data/venv/lib/python3.10/site-packages/oslo_concurrency/processutils.py:372}}[00m
2025-10-14 19:17:13.443 1025819 DEBUG oslo.privsep.daemon [-] privsep: reply[33ed9691-5089-44b1-ba79-b5b79dcfdca5]: (4, ('', '')) [00;33m{{(pid=1025819) _call_back /opt/stack/data/venv/lib/python3.10/site-packages/oslo_privsep/daemon.py:503}}[00m
2025-10-14 19:17:13.444 1007357 DEBUG os_brick.initiator.connectors.iscsi [req-8d0697d5-b74c-461c-b3af-048de5ae91ce bfaef238f3d348a9999824ab549619bf 9092c26e26804af9bfdc3b1f96e80d83 - - default default] iscsiadm ('--op', 'update', '-n', 'node.session.scan', '-v', 'manual'): stdout= stderr= [00;33m{{(pid=1007357) _run_iscsiadm /opt/stack/data/venv/lib/python3.10/site-packages/os_brick/initiator/connectors/iscsi.py:1065}}[00m
2025-10-14 19:17:13.446 1025819 DEBUG oslo_concurrency.processutils [-] Running cmd (subprocess): iscsiadm -m session [00;33m{{(pid=1025819) execute /opt/stack/data/venv/lib/python3.10/site-packages/oslo_concurrency/processutils.py:349}}[00m
2025-10-14 19:17:13.465 1025819 DEBUG oslo_concurrency.processutils [-] CMD "iscsiadm -m session" returned: 21 in 0.019s [00;33m{{(pid=1025819) execute /opt/stack/data/venv/lib/python3.10/site-packages/oslo_concurrency/processutils.py:372}}[00m
2025-10-14 19:17:13.466 1025819 DEBUG oslo.privsep.daemon [-] privsep: reply[d989c835-42da-4e13-9bcd-52e2255111b1]: (4, ('', 'iscsiadm: No active sessions.\n')) [00;33m{{(pid=1025819) _call_back /opt/stack/data/venv/lib/python3.10/site-packages/oslo_privsep/daemon.py:503}}[00m
2025-10-14 19:17:13.468 1007357 DEBUG os_brick.initiator.connectors.iscsi [req-8d0697d5-b74c-461c-b3af-048de5ae91ce bfaef238f3d348a9999824ab549619bf 9092c26e26804af9bfdc3b1f96e80d83 - - default default] iscsiadm ('-m', 'session'): stdout= stderr=iscsiadm: No active sessions.
 [00;33m{{(pid=1007357) _run_iscsiadm_bare /opt/stack/data/venv/lib/python3.10/site-packages/os_brick/initiator/connectors/iscsi.py:1221}}[00m
2025-10-14 19:17:13.469 1007357 DEBUG os_brick.initiator.connectors.iscsi [req-8d0697d5-b74c-461c-b3af-048de5ae91ce bfaef238f3d348a9999824ab549619bf 9092c26e26804af9bfdc3b1f96e80d83 - - default default] iscsi session list stdout= stderr=iscsiadm: No active sessions.
 [00;33m{{(pid=1007357) _run_iscsi_session /opt/stack/data/venv/lib/python3.10/site-packages/os_brick/initiator/connectors/iscsi.py:1210}}[00m
2025-10-14 19:17:13.470 1007357 WARNING os_brick.initiator.connectors.iscsi [req-8d0697d5-b74c-461c-b3af-048de5ae91ce bfaef238f3d348a9999824ab549619bf 9092c26e26804af9bfdc3b1f96e80d83 - - default default] iscsiadm stderr output when getting sessions: iscsiadm: No active sessions.

2025-10-14 19:17:13.472 1025819 DEBUG oslo_concurrency.processutils [-] Running cmd (subprocess): iscsiadm -m node -T iqn.2016-04.com.open-iscsi:d78edfece0b6.hbsd-target -p 172.25.59.221:3260 --login [00;33m{{(pid=1025819) execute /opt/stack/data/venv/lib/python3.10/site-packages/oslo_concurrency/processutils.py:349}}[00m
2025-10-14 19:17:14.524 1025819 DEBUG oslo_concurrency.processutils [-] CMD "iscsiadm -m node -T iqn.2016-04.com.open-iscsi:d78edfece0b6.hbsd-target -p 172.25.59.221:3260 --login" returned: 0 in 1.052s [00;33m{{(pid=1025819) execute /opt/stack/data/venv/lib/python3.10/site-packages/oslo_concurrency/processutils.py:372}}[00m
2025-10-14 19:17:14.525 1025819 DEBUG oslo.privsep.daemon [-] privsep: reply[a366aba1-59de-40fd-aa30-11d9200e77b6]: (4, ('Logging in to [iface: default, target: iqn.2016-04.com.open-iscsi:d78edfece0b6.hbsd-target, portal: 172.25.59.221,3260]\nLogin to [iface: default, target: iqn.2016-04.com.open-iscsi:d78edfece0b6.hbsd-target, portal: 172.25.59.221,3260] successful.\n', '')) [00;33m{{(pid=1025819) _call_back /opt/stack/data/venv/lib/python3.10/site-packages/oslo_privsep/daemon.py:503}}[00m
2025-10-14 19:17:14.527 1007357 DEBUG os_brick.initiator.connectors.iscsi [req-8d0697d5-b74c-461c-b3af-048de5ae91ce bfaef238f3d348a9999824ab549619bf 9092c26e26804af9bfdc3b1f96e80d83 - - default default] iscsiadm ('--login',): stdout=Logging in to [iface: default, target: iqn.2016-04.com.open-iscsi:d78edfece0b6.hbsd-target, portal: 172.25.59.221,3260]
Login to [iface: default, target: iqn.2016-04.com.open-iscsi:d78edfece0b6.hbsd-target, portal: 172.25.59.221,3260] successful.
 stderr= [00;33m{{(pid=1007357) _run_iscsiadm /opt/stack/data/venv/lib/python3.10/site-packages/os_brick/initiator/connectors/iscsi.py:1065}}[00m
2025-10-14 19:17:14.529 1025819 DEBUG oslo_concurrency.processutils [-] Running cmd (subprocess): iscsiadm -m node -T iqn.2016-04.com.open-iscsi:d78edfece0b6.hbsd-target -p 172.25.59.221:3260 --op update -n node.startup -v automatic [00;33m{{(pid=1025819) execute /opt/stack/data/venv/lib/python3.10/site-packages/oslo_concurrency/processutils.py:349}}[00m
2025-10-14 19:17:14.552 1025819 DEBUG oslo_concurrency.processutils [-] CMD "iscsiadm -m node -T iqn.2016-04.com.open-iscsi:d78edfece0b6.hbsd-target -p 172.25.59.221:3260 --op update -n node.startup -v automatic" returned: 0 in 0.023s [00;33m{{(pid=1025819) execute /opt/stack/data/venv/lib/python3.10/site-packages/oslo_concurrency/processutils.py:372}}[00m
2025-10-14 19:17:14.553 1025819 DEBUG oslo.privsep.daemon [-] privsep: reply[8e340b2a-13be-4d37-8688-88717a057ba4]: (4, ('', '')) [00;33m{{(pid=1025819) _call_back /opt/stack/data/venv/lib/python3.10/site-packages/oslo_privsep/daemon.py:503}}[00m
2025-10-14 19:17:14.555 1007357 DEBUG os_brick.initiator.connectors.iscsi [req-8d0697d5-b74c-461c-b3af-048de5ae91ce bfaef238f3d348a9999824ab549619bf 9092c26e26804af9bfdc3b1f96e80d83 - - default default] iscsiadm ('--op', 'update', '-n', 'node.startup', '-v', 'automatic'): stdout= stderr= [00;33m{{(pid=1007357) _run_iscsiadm /opt/stack/data/venv/lib/python3.10/site-packages/os_brick/initiator/connectors/iscsi.py:1065}}[00m
2025-10-14 19:17:14.556 1025819 DEBUG oslo_concurrency.processutils [-] Running cmd (subprocess): iscsiadm -m session [00;33m{{(pid=1025819) execute /opt/stack/data/venv/lib/python3.10/site-packages/oslo_concurrency/processutils.py:349}}[00m
2025-10-14 19:17:14.579 1025819 DEBUG oslo_concurrency.processutils [-] CMD "iscsiadm -m session" returned: 0 in 0.023s [00;33m{{(pid=1025819) execute /opt/stack/data/venv/lib/python3.10/site-packages/oslo_concurrency/processutils.py:372}}[00m
2025-10-14 19:17:14.581 1025819 DEBUG oslo.privsep.daemon [-] privsep: reply[9246951f-0973-4517-93a5-8ee0fb5a59f0]: (4, ('tcp: [27] 172.25.59.221:3260,257 iqn.2016-04.com.open-iscsi:d78edfece0b6.hbsd-target (non-flash)\n', '')) [00;33m{{(pid=1025819) _call_back /opt/stack/data/venv/lib/python3.10/site-packages/oslo_privsep/daemon.py:503}}[00m
2025-10-14 19:17:14.582 1007357 DEBUG os_brick.initiator.connectors.iscsi [req-8d0697d5-b74c-461c-b3af-048de5ae91ce bfaef238f3d348a9999824ab549619bf 9092c26e26804af9bfdc3b1f96e80d83 - - default default] iscsiadm ('-m', 'session'): stdout=tcp: [27] 172.25.59.221:3260,257 iqn.2016-04.com.open-iscsi:d78edfece0b6.hbsd-target (non-flash)
 stderr= [00;33m{{(pid=1007357) _run_iscsiadm_bare /opt/stack/data/venv/lib/python3.10/site-packages/os_brick/initiator/connectors/iscsi.py:1221}}[00m
2025-10-14 19:17:14.582 1007357 DEBUG os_brick.initiator.connectors.iscsi [req-8d0697d5-b74c-461c-b3af-048de5ae91ce bfaef238f3d348a9999824ab549619bf 9092c26e26804af9bfdc3b1f96e80d83 - - default default] iscsi session list stdout=tcp: [27] 172.25.59.221:3260,257 iqn.2016-04.com.open-iscsi:d78edfece0b6.hbsd-target (non-flash)
 stderr= [00;33m{{(pid=1007357) _run_iscsi_session /opt/stack/data/venv/lib/python3.10/site-packages/os_brick/initiator/connectors/iscsi.py:1210}}[00m
2025-10-14 19:17:14.583 1007357 DEBUG os_brick.initiator.connectors.base [req-8d0697d5-b74c-461c-b3af-048de5ae91ce bfaef238f3d348a9999824ab549619bf 9092c26e26804af9bfdc3b1f96e80d83 - - default default] Lock "connect_to_iscsi_portal-172.25.59.221:3260-iqn.2016-04.com.open-iscsi:d78edfece0b6.hbsd-target" "released" by "os_brick.initiator.connectors.iscsi.ISCSIConnector._connect_to_iscsi_portal_unsafe" :: held 2.256s [00;33m{{(pid=1007357) inner /opt/stack/data/venv/lib/python3.10/site-packages/os_brick/initiator/connectors/base.py:87}}[00m
2025-10-14 19:17:14.584 1007357 DEBUG os_brick.initiator.connectors.iscsi [req-8d0697d5-b74c-461c-b3af-048de5ae91ce bfaef238f3d348a9999824ab549619bf 9092c26e26804af9bfdc3b1f96e80d83 - - default default] Connected to 172.25.59.221:3260 [00;33m{{(pid=1007357) _connect_vol /opt/stack/data/venv/lib/python3.10/site-packages/os_brick/initiator/connectors/iscsi.py:659}}[00m
2025-10-14 19:17:14.585 1007357 DEBUG os_brick.initiator.linuxscsi [req-8d0697d5-b74c-461c-b3af-048de5ae91ce bfaef238f3d348a9999824ab549619bf 9092c26e26804af9bfdc3b1f96e80d83 - - default default] HCTL ('33', '-', '-', 1) found on session 27 with lun 1 [00;33m{{(pid=1007357) get_hctl /opt/stack/data/venv/lib/python3.10/site-packages/os_brick/initiator/linuxscsi.py:788}}[00m
2025-10-14 19:17:14.586 1007357 DEBUG os_brick.initiator.linuxscsi [req-8d0697d5-b74c-461c-b3af-048de5ae91ce bfaef238f3d348a9999824ab549619bf 9092c26e26804af9bfdc3b1f96e80d83 - - default default] Scanning host 33 c: -, t: -, l: 1) [00;33m{{(pid=1007357) scan_iscsi /opt/stack/data/venv/lib/python3.10/site-packages/os_brick/initiator/linuxscsi.py:814}}[00m
2025-10-14 19:17:14.587 1007357 DEBUG ovsdbapp.backend.ovs_idl.vlog [-] [POLLIN] on fd 24 [00;33m{{(pid=1007357) __log_wakeup /opt/stack/data/venv/lib/python3.10/site-packages/ovs/poller.py:263}}[00m
2025-10-14 19:17:14.588 1025819 DEBUG oslo_concurrency.processutils [-] Running cmd (subprocess): tee -a /sys/class/scsi_host/host33/scan [00;33m{{(pid=1025819) execute /opt/stack/data/venv/lib/python3.10/site-packages/oslo_concurrency/processutils.py:349}}[00m
2025-10-14 19:17:14.624 1025819 DEBUG oslo_concurrency.processutils [-] CMD "tee -a /sys/class/scsi_host/host33/scan" returned: 0 in 0.036s [00;33m{{(pid=1025819) execute /opt/stack/data/venv/lib/python3.10/site-packages/oslo_concurrency/processutils.py:372}}[00m
2025-10-14 19:17:14.626 1025819 DEBUG oslo.privsep.daemon [-] privsep: reply[cb8fd74a-6c7f-46cd-a9d2-f7fb95f6e845]: (4, ('- - 1', '')) [00;33m{{(pid=1025819) _call_back /opt/stack/data/venv/lib/python3.10/site-packages/oslo_privsep/daemon.py:503}}[00m
2025-10-14 19:17:14.630 1007357 DEBUG os_brick.initiator.linuxscsi [req-8d0697d5-b74c-461c-b3af-048de5ae91ce bfaef238f3d348a9999824ab549619bf 9092c26e26804af9bfdc3b1f96e80d83 - - default default] Searching for a device in session 27 and hctl ['33', '*', '*', 1] yield: sdb [00;33m{{(pid=1007357) device_name_by_hctl /opt/stack/data/venv/lib/python3.10/site-packages/os_brick/initiator/linuxscsi.py:808}}[00m
2025-10-14 19:17:14.631 1007357 DEBUG os_brick.initiator.connectors.iscsi [req-8d0697d5-b74c-461c-b3af-048de5ae91ce bfaef238f3d348a9999824ab549619bf 9092c26e26804af9bfdc3b1f96e80d83 - - default default] Connected to sdb using {'target_portal': '172.25.59.221:3260', 'target_iqn': 'iqn.2016-04.com.open-iscsi:d78edfece0b6.hbsd-target', 'target_discovered': False, 'target_lun': 1, 'qos_specs': None, 'access_mode': 'rw', 'encrypted': False, 'cacheable': False, 'enforce_multipath': True} [00;33m{{(pid=1007357) _connect_vol /opt/stack/data/venv/lib/python3.10/site-packages/os_brick/initiator/connectors/iscsi.py:687}}[00m
2025-10-14 19:17:15.636 1007357 DEBUG os_brick.initiator.connectors.base [req-8d0697d5-b74c-461c-b3af-048de5ae91ce bfaef238f3d348a9999824ab549619bf 9092c26e26804af9bfdc3b1f96e80d83 - - default default] Lock "connect_volume" "released" by "os_brick.initiator.connectors.iscsi.ISCSIConnector.connect_volume" :: held 3.333s [00;33m{{(pid=1007357) inner /opt/stack/data/venv/lib/python3.10/site-packages/os_brick/initiator/connectors/base.py:87}}[00m
2025-10-14 19:17:15.637 1007357 DEBUG os_brick.initiator.connectors.iscsi [req-8d0697d5-b74c-461c-b3af-048de5ae91ce bfaef238f3d348a9999824ab549619bf 9092c26e26804af9bfdc3b1f96e80d83 - - default default] <== connect_volume: return (3335ms) {'type': 'block', 'scsi_wwn': '360060e8008757e000050757e000055f6', 'path': '/dev/sdb'} [00;33m{{(pid=1007357) trace_logging_wrapper /opt/stack/data/venv/lib/python3.10/site-packages/os_brick/utils.py:204}}[00m
2025-10-14 19:17:15.638 1007357 DEBUG nova.virt.libvirt.volume.iscsi [req-8d0697d5-b74c-461c-b3af-048de5ae91ce bfaef238f3d348a9999824ab549619bf 9092c26e26804af9bfdc3b1f96e80d83 - - default default] [instance: 68b626eb-270c-4030-bc13-de4102ff60f2] Attached iSCSI volume {'type': 'block', 'scsi_wwn': '360060e8008757e000050757e000055f6', 'path': '/dev/sdb'} [00;33m{{(pid=1007357) connect_volume /opt/stack/nova/nova/virt/libvirt/volume/iscsi.py:66}}[00m
2025-10-14 19:17:15.648 1007357 DEBUG nova.objects.instance [req-8d0697d5-b74c-461c-b3af-048de5ae91ce bfaef238f3d348a9999824ab549619bf 9092c26e26804af9bfdc3b1f96e80d83 - - default default] Lazy-loading 'flavor' on Instance uuid 68b626eb-270c-4030-bc13-de4102ff60f2 [00;33m{{(pid=1007357) obj_load_attr /opt/stack/nova/nova/objects/instance.py:1141}}[00m
2025-10-14 19:17:15.851 1007357 DEBUG ovsdbapp.backend.ovs_idl.vlog [-] [POLLIN] on fd 24 [00;33m{{(pid=1007357) __log_wakeup /opt/stack/data/venv/lib/python3.10/site-packages/ovs/poller.py:263}}[00m
2025-10-14 19:17:16.165 1007357 DEBUG nova.virt.libvirt.guest [req-8d0697d5-b74c-461c-b3af-048de5ae91ce bfaef238f3d348a9999824ab549619bf 9092c26e26804af9bfdc3b1f96e80d83 - - default default] attach device xml: <disk type="block" device="disk">
  <driver name="qemu" type="raw" cache="none" io="native"/>
  <alias name="ua-9d919178-5206-499e-b16a-ad651bc7b3fb"/>
  <source dev="/dev/sdb"/>
  <target dev="vdb" bus="virtio"/>
  <serial>9d919178-5206-499e-b16a-ad651bc7b3fb</serial>
</disk>
 [00;33m{{(pid=1007357) attach_device /opt/stack/nova/nova/virt/libvirt/guest.py:336}}[00m
2025-10-14 19:17:18.054 1007357 DEBUG nova.virt.libvirt.driver [req-8d0697d5-b74c-461c-b3af-048de5ae91ce bfaef238f3d348a9999824ab549619bf 9092c26e26804af9bfdc3b1f96e80d83 - - default default] No BDM found with device name vda, not building metadata. [00;33m{{(pid=1007357) _build_disk_metadata /opt/stack/nova/nova/virt/libvirt/driver.py:12818}}[00m
2025-10-14 19:17:18.055 1007357 DEBUG nova.virt.libvirt.driver [req-8d0697d5-b74c-461c-b3af-048de5ae91ce bfaef238f3d348a9999824ab549619bf 9092c26e26804af9bfdc3b1f96e80d83 - - default default] No BDM found with device name vdb, not building metadata. [00;33m{{(pid=1007357) _build_disk_metadata /opt/stack/nova/nova/virt/libvirt/driver.py:12818}}[00m
2025-10-14 19:17:18.056 1007357 DEBUG nova.virt.libvirt.driver [req-8d0697d5-b74c-461c-b3af-048de5ae91ce bfaef238f3d348a9999824ab549619bf 9092c26e26804af9bfdc3b1f96e80d83 - - default default] No VIF found with MAC fa:16:3e:9b:fe:aa, not building metadata [00;33m{{(pid=1007357) _build_interface_metadata /opt/stack/nova/nova/virt/libvirt/driver.py:12794}}[00m
2025-10-14 19:17:19.678 1007357 DEBUG oslo_concurrency.lockutils [req-8d0697d5-b74c-461c-b3af-048de5ae91ce bfaef238f3d348a9999824ab549619bf 9092c26e26804af9bfdc3b1f96e80d83 - - default default] Lock "68b626eb-270c-4030-bc13-de4102ff60f2" "released" by "nova.compute.manager.ComputeManager.attach_volume.<locals>.do_attach_volume" :: held 17.710s [00;33m{{(pid=1007357) inner /opt/stack/data/venv/lib/python3.10/site-packages/oslo_concurrency/lockutils.py:424}}[00m
2025-10-14 19:17:20.236 1007357 DEBUG oslo_concurrency.lockutils [req-ddf34e96-4f98-48c2-9ee8-ed09302989e4 bfaef238f3d348a9999824ab549619bf 9092c26e26804af9bfdc3b1f96e80d83 - - default default] Acquiring lock "68b626eb-270c-4030-bc13-de4102ff60f2" by "nova.compute.manager.ComputeManager.reserve_block_device_name.<locals>.do_reserve" [00;33m{{(pid=1007357) inner /opt/stack/data/venv/lib/python3.10/site-packages/oslo_concurrency/lockutils.py:405}}[00m
2025-10-14 19:17:20.237 1007357 DEBUG oslo_concurrency.lockutils [req-ddf34e96-4f98-48c2-9ee8-ed09302989e4 bfaef238f3d348a9999824ab549619bf 9092c26e26804af9bfdc3b1f96e80d83 - - default default] Lock "68b626eb-270c-4030-bc13-de4102ff60f2" acquired by "nova.compute.manager.ComputeManager.reserve_block_device_name.<locals>.do_reserve" :: waited 0.001s [00;33m{{(pid=1007357) inner /opt/stack/data/venv/lib/python3.10/site-packages/oslo_concurrency/lockutils.py:410}}[00m
2025-10-14 19:17:20.748 1007357 DEBUG nova.objects.instance [req-ddf34e96-4f98-48c2-9ee8-ed09302989e4 bfaef238f3d348a9999824ab549619bf 9092c26e26804af9bfdc3b1f96e80d83 - - default default] Lazy-loading 'flavor' on Instance uuid 68b626eb-270c-4030-bc13-de4102ff60f2 [00;33m{{(pid=1007357) obj_load_attr /opt/stack/nova/nova/objects/instance.py:1141}}[00m
2025-10-14 19:17:20.859 1007357 DEBUG ovsdbapp.backend.ovs_idl.vlog [-] 4995-ms timeout [00;33m{{(pid=1007357) __log_wakeup /opt/stack/data/venv/lib/python3.10/site-packages/ovs/poller.py:248}}[00m
2025-10-14 19:17:20.860 1007357 DEBUG ovsdbapp.backend.ovs_idl.vlog [-] 0-ms timeout [00;33m{{(pid=1007357) __log_wakeup /opt/stack/data/venv/lib/python3.10/site-packages/ovs/poller.py:248}}[00m
2025-10-14 19:17:20.861 1007357 DEBUG ovsdbapp.backend.ovs_idl.vlog [-] tcp:127.0.0.1:6640: idle 5003 ms, sending inactivity probe [00;33m{{(pid=1007357) run /opt/stack/data/venv/lib/python3.10/site-packages/ovs/reconnect.py:117}}[00m
2025-10-14 19:17:20.861 1007357 DEBUG ovsdbapp.backend.ovs_idl.vlog [-] tcp:127.0.0.1:6640: entering IDLE [00;33m{{(pid=1007357) _transition /opt/stack/data/venv/lib/python3.10/site-packages/ovs/reconnect.py:519}}[00m
2025-10-14 19:17:20.862 1007357 DEBUG ovsdbapp.backend.ovs_idl.vlog [-] [POLLIN] on fd 24 [00;33m{{(pid=1007357) __log_wakeup /opt/stack/data/venv/lib/python3.10/site-packages/ovs/poller.py:263}}[00m
2025-10-14 19:17:20.864 1007357 DEBUG ovsdbapp.backend.ovs_idl.vlog [-] tcp:127.0.0.1:6640: entering ACTIVE [00;33m{{(pid=1007357) _transition /opt/stack/data/venv/lib/python3.10/site-packages/ovs/reconnect.py:519}}[00m
2025-10-14 19:17:21.762 1007357 DEBUG oslo_concurrency.lockutils [req-ddf34e96-4f98-48c2-9ee8-ed09302989e4 bfaef238f3d348a9999824ab549619bf 9092c26e26804af9bfdc3b1f96e80d83 - - default default] Lock "68b626eb-270c-4030-bc13-de4102ff60f2" "released" by "nova.compute.manager.ComputeManager.reserve_block_device_name.<locals>.do_reserve" :: held 1.525s [00;33m{{(pid=1007357) inner /opt/stack/data/venv/lib/python3.10/site-packages/oslo_concurrency/lockutils.py:424}}[00m
2025-10-14 19:17:22.950 1007357 DEBUG oslo_concurrency.lockutils [req-ddf34e96-4f98-48c2-9ee8-ed09302989e4 bfaef238f3d348a9999824ab549619bf 9092c26e26804af9bfdc3b1f96e80d83 - - default default] Acquiring lock "68b626eb-270c-4030-bc13-de4102ff60f2" by "nova.compute.manager.ComputeManager.attach_volume.<locals>.do_attach_volume" [00;33m{{(pid=1007357) inner /opt/stack/data/venv/lib/python3.10/site-packages/oslo_concurrency/lockutils.py:405}}[00m
2025-10-14 19:17:22.951 1007357 DEBUG oslo_concurrency.lockutils [req-ddf34e96-4f98-48c2-9ee8-ed09302989e4 bfaef238f3d348a9999824ab549619bf 9092c26e26804af9bfdc3b1f96e80d83 - - default default] Lock "68b626eb-270c-4030-bc13-de4102ff60f2" acquired by "nova.compute.manager.ComputeManager.attach_volume.<locals>.do_attach_volume" :: waited 0.001s [00;33m{{(pid=1007357) inner /opt/stack/data/venv/lib/python3.10/site-packages/oslo_concurrency/lockutils.py:410}}[00m
2025-10-14 19:17:22.952 1007357 INFO nova.compute.manager [req-ddf34e96-4f98-48c2-9ee8-ed09302989e4 bfaef238f3d348a9999824ab549619bf 9092c26e26804af9bfdc3b1f96e80d83 - - default default] [instance: 68b626eb-270c-4030-bc13-de4102ff60f2] Attaching volume 0e9ab8b2-2544-4236-8cf7-c08ec8d0add0 to /dev/vdc
2025-10-14 19:17:23.040 1007357 DEBUG os_brick.utils [req-ddf34e96-4f98-48c2-9ee8-ed09302989e4 bfaef238f3d348a9999824ab549619bf 9092c26e26804af9bfdc3b1f96e80d83 - - default default] ==> get_connector_properties: call "{'root_helper': 'sudo nova-rootwrap /etc/nova/rootwrap.conf', 'my_ip': '172.25.93.55', 'multipath': False, 'enforce_multipath': True, 'host': 'devstack-u2204-93-55', 'execute': None}" [00;33m{{(pid=1007357) trace_logging_wrapper /opt/stack/data/venv/lib/python3.10/site-packages/os_brick/utils.py:177}}[00m
2025-10-14 19:17:23.042 1025819 DEBUG oslo_concurrency.processutils [-] Running cmd (subprocess): cat /etc/iscsi/initiatorname.iscsi [00;33m{{(pid=1025819) execute /opt/stack/data/venv/lib/python3.10/site-packages/oslo_concurrency/processutils.py:349}}[00m
2025-10-14 19:17:23.058 1025819 DEBUG oslo_concurrency.processutils [-] CMD "cat /etc/iscsi/initiatorname.iscsi" returned: 0 in 0.015s [00;33m{{(pid=1025819) execute /opt/stack/data/venv/lib/python3.10/site-packages/oslo_concurrency/processutils.py:372}}[00m
2025-10-14 19:17:23.059 1025819 DEBUG oslo.privsep.daemon [-] privsep: reply[0c738cd3-4dc3-4197-ad34-75c9168d2aae]: (4, ('InitiatorName=iqn.2016-04.com.open-iscsi:18e4c149ff5e\n', '')) [00;33m{{(pid=1025819) _call_back /opt/stack/data/venv/lib/python3.10/site-packages/oslo_privsep/daemon.py:503}}[00m
2025-10-14 19:17:23.063 1025819 DEBUG oslo_concurrency.processutils [-] Running cmd (subprocess): findmnt -v / -n -o SOURCE [00;33m{{(pid=1025819) execute /opt/stack/data/venv/lib/python3.10/site-packages/oslo_concurrency/processutils.py:349}}[00m
2025-10-14 19:17:23.082 1025819 DEBUG oslo_concurrency.processutils [-] CMD "findmnt -v / -n -o SOURCE" returned: 0 in 0.019s [00;33m{{(pid=1025819) execute /opt/stack/data/venv/lib/python3.10/site-packages/oslo_concurrency/processutils.py:372}}[00m
2025-10-14 19:17:23.083 1025819 DEBUG oslo.privsep.daemon [-] privsep: reply[370a2146-d5d7-43b8-a718-d6e3ba3252a0]: (4, ('/dev/sda2\n', '')) [00;33m{{(pid=1025819) _call_back /opt/stack/data/venv/lib/python3.10/site-packages/oslo_privsep/daemon.py:503}}[00m
2025-10-14 19:17:23.086 1025819 DEBUG oslo_concurrency.processutils [-] Running cmd (subprocess): blkid /dev/sda2 -s UUID -o value [00;33m{{(pid=1025819) execute /opt/stack/data/venv/lib/python3.10/site-packages/oslo_concurrency/processutils.py:349}}[00m
2025-10-14 19:17:23.104 1025819 DEBUG oslo_concurrency.processutils [-] CMD "blkid /dev/sda2 -s UUID -o value" returned: 0 in 0.017s [00;33m{{(pid=1025819) execute /opt/stack/data/venv/lib/python3.10/site-packages/oslo_concurrency/processutils.py:372}}[00m
2025-10-14 19:17:23.105 1025819 DEBUG oslo.privsep.daemon [-] privsep: reply[00a690b6-2dd9-4e0f-b7ae-500201bef93d]: (4, ('849a1340-77d5-4de3-852c-cf0210ca78af\n', '')) [00;33m{{(pid=1025819) _call_back /opt/stack/data/venv/lib/python3.10/site-packages/oslo_privsep/daemon.py:503}}[00m
2025-10-14 19:17:23.108 1025819 DEBUG oslo.privsep.daemon [-] privsep: reply[d56ca387-31ad-4867-9730-274e61867dac]: (4, '89b11b42-6ca2-76fb-88b9-4b0fae22b322') [00;33m{{(pid=1025819) _call_back /opt/stack/data/venv/lib/python3.10/site-packages/oslo_privsep/daemon.py:503}}[00m
2025-10-14 19:17:23.109 1007357 DEBUG oslo_concurrency.processutils [req-ddf34e96-4f98-48c2-9ee8-ed09302989e4 bfaef238f3d348a9999824ab549619bf 9092c26e26804af9bfdc3b1f96e80d83 - - default default] Running cmd (subprocess): nvme version [00;33m{{(pid=1007357) execute /opt/stack/data/venv/lib/python3.10/site-packages/oslo_concurrency/processutils.py:349}}[00m
2025-10-14 19:17:23.145 1007357 DEBUG oslo_concurrency.processutils [req-ddf34e96-4f98-48c2-9ee8-ed09302989e4 bfaef238f3d348a9999824ab549619bf 9092c26e26804af9bfdc3b1f96e80d83 - - default default] 'nvme version' failed. Not Retrying. [00;33m{{(pid=1007357) execute /opt/stack/data/venv/lib/python3.10/site-packages/oslo_concurrency/processutils.py:423}}[00m
2025-10-14 19:17:23.148 1007357 DEBUG os_brick.initiator.connectors.nvmeof [req-ddf34e96-4f98-48c2-9ee8-ed09302989e4 bfaef238f3d348a9999824ab549619bf 9092c26e26804af9bfdc3b1f96e80d83 - - default default] nvme not present on system [00;33m{{(pid=1007357) nvme_present /opt/stack/data/venv/lib/python3.10/site-packages/os_brick/initiator/connectors/nvmeof.py:784}}[00m
2025-10-14 19:17:23.152 1025819 DEBUG oslo_concurrency.processutils [-] Running cmd (subprocess): nvme show-hostnqn [00;33m{{(pid=1025819) execute /opt/stack/data/venv/lib/python3.10/site-packages/oslo_concurrency/processutils.py:349}}[00m
2025-10-14 19:17:23.164 1025819 DEBUG oslo_concurrency.processutils [-] 'nvme show-hostnqn' failed. Not Retrying. [00;33m{{(pid=1025819) execute /opt/stack/data/venv/lib/python3.10/site-packages/oslo_concurrency/processutils.py:423}}[00m
2025-10-14 19:17:23.165 1025819 WARNING os_brick.privileged.nvmeof [-] Could not generate host nqn: [Errno 2] No such file or directory: 'nvme'
2025-10-14 19:17:23.165 1025819 DEBUG oslo.privsep.daemon [-] privsep: reply[66924fdc-55f8-4808-8ecd-61c0c38011f5]: (4, '') [00;33m{{(pid=1025819) _call_back /opt/stack/data/venv/lib/python3.10/site-packages/oslo_privsep/daemon.py:503}}[00m
2025-10-14 19:17:23.171 1007357 DEBUG os_brick.initiator.connectors.lightos [req-ddf34e96-4f98-48c2-9ee8-ed09302989e4 bfaef238f3d348a9999824ab549619bf 9092c26e26804af9bfdc3b1f96e80d83 - - default default] LIGHTOS: [Errno 111] ECONNREFUSED [00;33m{{(pid=1007357) find_dsc /opt/stack/data/venv/lib/python3.10/site-packages/os_brick/initiator/connectors/lightos.py:135}}[00m
2025-10-14 19:17:23.174 1007357 INFO os_brick.initiator.connectors.lightos [req-ddf34e96-4f98-48c2-9ee8-ed09302989e4 bfaef238f3d348a9999824ab549619bf 9092c26e26804af9bfdc3b1f96e80d83 - - default default] Current host hostNQN  and IP(s) are ['172.25.93.55', 'fe80::387c:9d0a:2c22:5c64', '192.168.122.1', '172.24.5.1', 'fe80::a494:9dff:fe29:a34c', 'fe80::fc16:3eff:fe9b:feaa'] 
2025-10-14 19:17:23.174 1007357 DEBUG os_brick.initiator.connectors.lightos [req-ddf34e96-4f98-48c2-9ee8-ed09302989e4 bfaef238f3d348a9999824ab549619bf 9092c26e26804af9bfdc3b1f96e80d83 - - default default] LIGHTOS: did not find dsc, continuing anyway. [00;33m{{(pid=1007357) get_connector_properties /opt/stack/data/venv/lib/python3.10/site-packages/os_brick/initiator/connectors/lightos.py:112}}[00m
2025-10-14 19:17:23.175 1007357 DEBUG os_brick.initiator.connectors.lightos [req-ddf34e96-4f98-48c2-9ee8-ed09302989e4 bfaef238f3d348a9999824ab549619bf 9092c26e26804af9bfdc3b1f96e80d83 - - default default] LIGHTOS: no hostnqn found. [00;33m{{(pid=1007357) get_connector_properties /opt/stack/data/venv/lib/python3.10/site-packages/os_brick/initiator/connectors/lightos.py:121}}[00m
2025-10-14 19:17:23.176 1007357 DEBUG os_brick.utils [req-ddf34e96-4f98-48c2-9ee8-ed09302989e4 bfaef238f3d348a9999824ab549619bf 9092c26e26804af9bfdc3b1f96e80d83 - - default default] <== get_connector_properties: return (134ms) {'platform': 'x86_64', 'os_type': 'linux', 'ip': '172.25.93.55', 'host': 'devstack-u2204-93-55', 'multipath': False, 'enforce_multipath': True, 'initiator': 'iqn.2016-04.com.open-iscsi:18e4c149ff5e', 'do_local_attach': False, 'uuid': '849a1340-77d5-4de3-852c-cf0210ca78af', 'system uuid': '89b11b42-6ca2-76fb-88b9-4b0fae22b322', 'nvme_native_multipath': False} [00;33m{{(pid=1007357) trace_logging_wrapper /opt/stack/data/venv/lib/python3.10/site-packages/os_brick/utils.py:204}}[00m
2025-10-14 19:17:23.177 1007357 DEBUG nova.virt.block_device [req-ddf34e96-4f98-48c2-9ee8-ed09302989e4 bfaef238f3d348a9999824ab549619bf 9092c26e26804af9bfdc3b1f96e80d83 - - default default] [instance: 68b626eb-270c-4030-bc13-de4102ff60f2] Updating existing volume attachment record: 00a763fb-f853-41d2-9845-a23c6c5e82fd [00;33m{{(pid=1007357) _volume_attach /opt/stack/nova/nova/virt/block_device.py:666}}[00m
2025-10-14 19:17:24.167 1007357 DEBUG oslo_service.periodic_task [req-19bd0e7b-c7d4-4622-8e96-24644ba9f786 - - - - - -] Running periodic task ComputeManager._cleanup_expired_console_auth_tokens [00;33m{{(pid=1007357) run_periodic_tasks /opt/stack/data/venv/lib/python3.10/site-packages/oslo_service/periodic_task.py:210}}[00m
2025-10-14 19:17:25.857 1007357 DEBUG ovsdbapp.backend.ovs_idl.vlog [-] [POLLIN] on fd 24 [00;33m{{(pid=1007357) __log_wakeup /opt/stack/data/venv/lib/python3.10/site-packages/ovs/poller.py:263}}[00m
2025-10-14 19:17:26.676 1007357 DEBUG oslo_service.periodic_task [req-19bd0e7b-c7d4-4622-8e96-24644ba9f786 - - - - - -] Running periodic task ComputeManager._poll_volume_usage [00;33m{{(pid=1007357) run_periodic_tasks /opt/stack/data/venv/lib/python3.10/site-packages/oslo_service/periodic_task.py:210}}[00m
2025-10-14 19:17:27.168 1007357 DEBUG oslo_service.periodic_task [req-19bd0e7b-c7d4-4622-8e96-24644ba9f786 - - - - - -] Running periodic task ComputeManager._poll_rescued_instances [00;33m{{(pid=1007357) run_periodic_tasks /opt/stack/data/venv/lib/python3.10/site-packages/oslo_service/periodic_task.py:210}}[00m
2025-10-14 19:17:27.169 1007357 DEBUG oslo_service.periodic_task [req-19bd0e7b-c7d4-4622-8e96-24644ba9f786 - - - - - -] Running periodic task ComputeManager._poll_unconfirmed_resizes [00;33m{{(pid=1007357) run_periodic_tasks /opt/stack/data/venv/lib/python3.10/site-packages/oslo_service/periodic_task.py:210}}[00m
2025-10-14 19:17:28.169 1007357 DEBUG oslo_service.periodic_task [req-19bd0e7b-c7d4-4622-8e96-24644ba9f786 - - - - - -] Running periodic task ComputeManager._poll_rebooting_instances [00;33m{{(pid=1007357) run_periodic_tasks /opt/stack/data/venv/lib/python3.10/site-packages/oslo_service/periodic_task.py:210}}[00m
2025-10-14 19:17:29.159 1007357 DEBUG oslo_service.periodic_task [req-19bd0e7b-c7d4-4622-8e96-24644ba9f786 - - - - - -] Running periodic task ComputeManager._check_instance_build_time [00;33m{{(pid=1007357) run_periodic_tasks /opt/stack/data/venv/lib/python3.10/site-packages/oslo_service/periodic_task.py:210}}[00m
2025-10-14 19:17:29.165 1007357 DEBUG oslo_service.periodic_task [req-19bd0e7b-c7d4-4622-8e96-24644ba9f786 - - - - - -] Running periodic task ComputeManager._reclaim_queued_deletes [00;33m{{(pid=1007357) run_periodic_tasks /opt/stack/data/venv/lib/python3.10/site-packages/oslo_service/periodic_task.py:210}}[00m
2025-10-14 19:17:29.166 1007357 DEBUG nova.compute.manager [req-19bd0e7b-c7d4-4622-8e96-24644ba9f786 - - - - - -] CONF.reclaim_instance_interval <= 0, skipping... [00;33m{{(pid=1007357) _reclaim_queued_deletes /opt/stack/nova/nova/compute/manager.py:11184}}[00m
2025-10-14 19:17:29.167 1007357 DEBUG oslo_service.periodic_task [req-19bd0e7b-c7d4-4622-8e96-24644ba9f786 - - - - - -] Running periodic task ComputeManager.update_available_resource [00;33m{{(pid=1007357) run_periodic_tasks /opt/stack/data/venv/lib/python3.10/site-packages/oslo_service/periodic_task.py:210}}[00m
2025-10-14 19:17:29.681 1007357 DEBUG oslo_concurrency.lockutils [req-19bd0e7b-c7d4-4622-8e96-24644ba9f786 - - - - - -] Acquiring lock "compute_resources" by "nova.compute.resource_tracker.ResourceTracker.clean_compute_node_cache" [00;33m{{(pid=1007357) inner /opt/stack/data/venv/lib/python3.10/site-packages/oslo_concurrency/lockutils.py:405}}[00m
2025-10-14 19:17:29.683 1007357 DEBUG oslo_concurrency.lockutils [req-19bd0e7b-c7d4-4622-8e96-24644ba9f786 - - - - - -] Lock "compute_resources" acquired by "nova.compute.resource_tracker.ResourceTracker.clean_compute_node_cache" :: waited 0.002s [00;33m{{(pid=1007357) inner /opt/stack/data/venv/lib/python3.10/site-packages/oslo_concurrency/lockutils.py:410}}[00m
2025-10-14 19:17:29.683 1007357 DEBUG oslo_concurrency.lockutils [req-19bd0e7b-c7d4-4622-8e96-24644ba9f786 - - - - - -] Lock "compute_resources" "released" by "nova.compute.resource_tracker.ResourceTracker.clean_compute_node_cache" :: held 0.001s [00;33m{{(pid=1007357) inner /opt/stack/data/venv/lib/python3.10/site-packages/oslo_concurrency/lockutils.py:424}}[00m
2025-10-14 19:17:29.684 1007357 DEBUG nova.compute.resource_tracker [req-19bd0e7b-c7d4-4622-8e96-24644ba9f786 - - - - - -] Auditing locally available compute resources for devstack-u2204-93-55 (node: devstack-u2204-93-55) [00;33m{{(pid=1007357) update_available_resource /opt/stack/nova/nova/compute/resource_tracker.py:907}}[00m
2025-10-14 19:17:30.746 1007357 DEBUG oslo_concurrency.processutils [req-19bd0e7b-c7d4-4622-8e96-24644ba9f786 - - - - - -] Running cmd (subprocess): /opt/stack/data/venv/bin/python3.10 -m oslo_concurrency.prlimit --as=1073741824 --cpu=30 -- env LC_ALL=C LANG=C qemu-img info /opt/stack/data/nova/instances/68b626eb-270c-4030-bc13-de4102ff60f2/disk --force-share --output=json [00;33m{{(pid=1007357) execute /opt/stack/data/venv/lib/python3.10/site-packages/oslo_concurrency/processutils.py:349}}[00m
2025-10-14 19:17:30.853 1007357 DEBUG oslo_concurrency.processutils [req-19bd0e7b-c7d4-4622-8e96-24644ba9f786 - - - - - -] CMD "/opt/stack/data/venv/bin/python3.10 -m oslo_concurrency.prlimit --as=1073741824 --cpu=30 -- env LC_ALL=C LANG=C qemu-img info /opt/stack/data/nova/instances/68b626eb-270c-4030-bc13-de4102ff60f2/disk --force-share --output=json" returned: 0 in 0.106s [00;33m{{(pid=1007357) execute /opt/stack/data/venv/lib/python3.10/site-packages/oslo_concurrency/processutils.py:372}}[00m
2025-10-14 19:17:30.857 1007357 DEBUG oslo_concurrency.processutils [req-19bd0e7b-c7d4-4622-8e96-24644ba9f786 - - - - - -] Running cmd (subprocess): /opt/stack/data/venv/bin/python3.10 -m oslo_concurrency.prlimit --as=1073741824 --cpu=30 -- env LC_ALL=C LANG=C qemu-img info /opt/stack/data/nova/instances/68b626eb-270c-4030-bc13-de4102ff60f2/disk --force-share --output=json [00;33m{{(pid=1007357) execute /opt/stack/data/venv/lib/python3.10/site-packages/oslo_concurrency/processutils.py:349}}[00m
2025-10-14 19:17:30.873 1007357 DEBUG ovsdbapp.backend.ovs_idl.vlog [-] [POLLIN] on fd 24 [00;33m{{(pid=1007357) __log_wakeup /opt/stack/data/venv/lib/python3.10/site-packages/ovs/poller.py:263}}[00m
2025-10-14 19:17:30.964 1007357 DEBUG oslo_concurrency.processutils [req-19bd0e7b-c7d4-4622-8e96-24644ba9f786 - - - - - -] CMD "/opt/stack/data/venv/bin/python3.10 -m oslo_concurrency.prlimit --as=1073741824 --cpu=30 -- env LC_ALL=C LANG=C qemu-img info /opt/stack/data/nova/instances/68b626eb-270c-4030-bc13-de4102ff60f2/disk --force-share --output=json" returned: 0 in 0.107s [00;33m{{(pid=1007357) execute /opt/stack/data/venv/lib/python3.10/site-packages/oslo_concurrency/processutils.py:372}}[00m
2025-10-14 19:17:30.966 1007357 DEBUG nova.virt.libvirt.driver [req-19bd0e7b-c7d4-4622-8e96-24644ba9f786 - - - - - -] skipping disk /dev/sdb (vdb) as it is a volume [00;33m{{(pid=1007357) _get_instance_disk_info_from_config /opt/stack/nova/nova/virt/libvirt/driver.py:11941}}[00m
2025-10-14 19:17:31.213 1007357 DEBUG oslo_concurrency.processutils [req-19bd0e7b-c7d4-4622-8e96-24644ba9f786 - - - - - -] Running cmd (subprocess): env LANG=C uptime [00;33m{{(pid=1007357) execute /opt/stack/data/venv/lib/python3.10/site-packages/oslo_concurrency/processutils.py:349}}[00m
2025-10-14 19:17:31.248 1007357 DEBUG oslo_concurrency.processutils [req-19bd0e7b-c7d4-4622-8e96-24644ba9f786 - - - - - -] CMD "env LANG=C uptime" returned: 0 in 0.035s [00;33m{{(pid=1007357) execute /opt/stack/data/venv/lib/python3.10/site-packages/oslo_concurrency/processutils.py:372}}[00m
