Oct 14 19:34:48.667905 devstack-u2204-93-55 devstack@placement-api.service[999699]: INFO placement.requestlog [req-ecf457df-3687-4091-8b3a-dbdbec0d7a63 req-b18dd600-31c0-4794-bc39-f2206b95a4d0 service nova] 172.25.93.55 "GET /placement/allocations/538d931c-a56d-4f89-873c-32a18c9094dc" status: 200 len: 257 microversion: 1.28
Oct 14 19:34:48.668610 devstack-u2204-93-55 devstack@placement-api.service[999699]: [pid: 999699|app: 0|req: 89/179] 172.25.93.55 () {60 vars in 1385 bytes} [Tue Oct 14 19:34:48 2025] GET /placement/allocations/538d931c-a56d-4f89-873c-32a18c9094dc => generated 257 bytes in 24 msecs (HTTP/1.1 200) 8 headers in 296 bytes (1 switches on core 0)
Oct 14 19:34:48.678670 devstack-u2204-93-55 devstack@placement-api.service[999698]: DEBUG placement.requestlog [req-ecf457df-3687-4091-8b3a-dbdbec0d7a63 req-75aa7096-40e8-4380-9223-37232515e45b None None] Starting request: 172.25.93.55 "GET /placement/allocations/68b626eb-270c-4030-bc13-de4102ff60f2" {{(pid=999698) __call__ /opt/stack/placement/placement/requestlog.py:55}}
Oct 14 19:34:48.702862 devstack-u2204-93-55 devstack@placement-api.service[999698]: INFO placement.requestlog [req-ecf457df-3687-4091-8b3a-dbdbec0d7a63 req-75aa7096-40e8-4380-9223-37232515e45b service nova] 172.25.93.55 "GET /placement/allocations/68b626eb-270c-4030-bc13-de4102ff60f2" status: 200 len: 257 microversion: 1.28
Oct 14 19:34:48.703552 devstack-u2204-93-55 devstack@placement-api.service[999698]: [pid: 999698|app: 0|req: 91/180] 172.25.93.55 () {60 vars in 1385 bytes} [Tue Oct 14 19:34:48 2025] GET /placement/allocations/68b626eb-270c-4030-bc13-de4102ff60f2 => generated 257 bytes in 26 msecs (HTTP/1.1 200) 8 headers in 296 bytes (2 switches on core 0)
Oct 14 19:34:58.664654 devstack-u2204-93-55 devstack@placement-api.service[999699]: DEBUG dbcounter [-] [999699] Writing DB stats placement:SELECT=5 {{(pid=999699) stat_writer /opt/stack/data/venv/lib/python3.10/site-packages/dbcounter.py:115}}
Oct 14 19:34:58.698904 devstack-u2204-93-55 devstack@placement-api.service[999698]: DEBUG dbcounter [-] [999698] Writing DB stats placement:SELECT=5 {{(pid=999698) stat_writer /opt/stack/data/venv/lib/python3.10/site-packages/dbcounter.py:115}}
Oct 14 19:35:35.898566 devstack-u2204-93-55 devstack@placement-api.service[999699]: DEBUG placement.requestlog [req-0c9721d0-c737-481f-8636-3c6d7d2c5caf req-4d52d119-0ee9-4544-b6e4-b7c9873c52bd None None] Starting request: 172.25.93.55 "GET /placement/resource_providers/c0ac2922-bea6-40dc-bf8a-5850ef4ddbce/allocations" {{(pid=999699) __call__ /opt/stack/placement/placement/requestlog.py:55}}
Oct 14 19:35:35.928545 devstack-u2204-93-55 devstack@placement-api.service[999699]: INFO placement.requestlog [req-0c9721d0-c737-481f-8636-3c6d7d2c5caf req-4d52d119-0ee9-4544-b6e4-b7c9873c52bd service nova] 172.25.93.55 "GET /placement/resource_providers/c0ac2922-bea6-40dc-bf8a-5850ef4ddbce/allocations" status: 200 len: 252 microversion: 1.0
Oct 14 19:35:35.929338 devstack-u2204-93-55 devstack@placement-api.service[999699]: [pid: 999699|app: 0|req: 90/181] 172.25.93.55 () {58 vars in 1398 bytes} [Tue Oct 14 19:35:35 2025] GET /placement/resource_providers/c0ac2922-bea6-40dc-bf8a-5850ef4ddbce/allocations => generated 252 bytes in 32 msecs (HTTP/1.1 200) 6 headers in 224 bytes (1 switches on core 0)
Oct 14 19:35:35.939575 devstack-u2204-93-55 devstack@placement-api.service[999698]: DEBUG placement.requestlog [req-0c9721d0-c737-481f-8636-3c6d7d2c5caf req-ad93ace8-5755-4719-92cb-6f36487bcf11 None None] Starting request: 172.25.93.55 "GET /placement/allocations/538d931c-a56d-4f89-873c-32a18c9094dc" {{(pid=999698) __call__ /opt/stack/placement/placement/requestlog.py:55}}
Oct 14 19:35:35.962609 devstack-u2204-93-55 devstack@placement-api.service[999698]: INFO placement.requestlog [req-0c9721d0-c737-481f-8636-3c6d7d2c5caf req-ad93ace8-5755-4719-92cb-6f36487bcf11 service nova] 172.25.93.55 "GET /placement/allocations/538d931c-a56d-4f89-873c-32a18c9094dc" status: 200 len: 257 microversion: 1.28
Oct 14 19:35:35.963098 devstack-u2204-93-55 devstack@placement-api.service[999698]: [pid: 999698|app: 0|req: 92/182] 172.25.93.55 () {60 vars in 1385 bytes} [Tue Oct 14 19:35:35 2025] GET /placement/allocations/538d931c-a56d-4f89-873c-32a18c9094dc => generated 257 bytes in 24 msecs (HTTP/1.1 200) 8 headers in 296 bytes (1 switches on core 0)
Oct 14 19:35:35.973138 devstack-u2204-93-55 devstack@placement-api.service[999699]: DEBUG placement.requestlog [req-0c9721d0-c737-481f-8636-3c6d7d2c5caf req-0cbce7ec-1b28-4cf3-a7e4-61d9b82d4df0 None None] Starting request: 172.25.93.55 "GET /placement/allocations/68b626eb-270c-4030-bc13-de4102ff60f2" {{(pid=999699) __call__ /opt/stack/placement/placement/requestlog.py:55}}
Oct 14 19:35:35.999878 devstack-u2204-93-55 devstack@placement-api.service[999699]: INFO placement.requestlog [req-0c9721d0-c737-481f-8636-3c6d7d2c5caf req-0cbce7ec-1b28-4cf3-a7e4-61d9b82d4df0 service nova] 172.25.93.55 "GET /placement/allocations/68b626eb-270c-4030-bc13-de4102ff60f2" status: 200 len: 257 microversion: 1.28
Oct 14 19:35:36.000453 devstack-u2204-93-55 devstack@placement-api.service[999699]: [pid: 999699|app: 0|req: 91/183] 172.25.93.55 () {60 vars in 1385 bytes} [Tue Oct 14 19:35:35 2025] GET /placement/allocations/68b626eb-270c-4030-bc13-de4102ff60f2 => generated 257 bytes in 28 msecs (HTTP/1.1 200) 8 headers in 296 bytes (1 switches on core 0)
Oct 14 19:35:37.054473 devstack-u2204-93-55 devstack@placement-api.service[999698]: DEBUG placement.requestlog [req-0c9721d0-c737-481f-8636-3c6d7d2c5caf req-81e75610-cc62-4794-9234-365e77d9fb10 None None] Starting request: 172.25.93.55 "DELETE /placement/allocations/538d931c-a56d-4f89-873c-32a18c9094dc" {{(pid=999698) __call__ /opt/stack/placement/placement/requestlog.py:55}}
Oct 14 19:35:37.104384 devstack-u2204-93-55 devstack@placement-api.service[999698]: DEBUG placement.handlers.allocation [req-0c9721d0-c737-481f-8636-3c6d7d2c5caf req-81e75610-cc62-4794-9234-365e77d9fb10 service nova] Successfully deleted allocations [<placement.objects.allocation.Allocation object at 0x7957b4115420>, <placement.objects.allocation.Allocation object at 0x7957b4116260>, <placement.objects.allocation.Allocation object at 0x7957b4117730>] {{(pid=999698) delete_allocations /opt/stack/placement/placement/handlers/allocation.py:627}}
Oct 14 19:35:37.105260 devstack-u2204-93-55 devstack@placement-api.service[999698]: INFO placement.requestlog [req-0c9721d0-c737-481f-8636-3c6d7d2c5caf req-81e75610-cc62-4794-9234-365e77d9fb10 service nova] 172.25.93.55 "DELETE /placement/allocations/538d931c-a56d-4f89-873c-32a18c9094dc" status: 204 len: 0 microversion: 1.0
Oct 14 19:35:37.105919 devstack-u2204-93-55 devstack@placement-api.service[999698]: [pid: 999698|app: 0|req: 93/184] 172.25.93.55 () {60 vars in 1363 bytes} [Tue Oct 14 19:35:37 2025] DELETE /placement/allocations/538d931c-a56d-4f89-873c-32a18c9094dc => generated 0 bytes in 52 msecs (HTTP/1.1 204) 5 headers in 198 bytes (1 switches on core 0)
Oct 14 19:35:45.995366 devstack-u2204-93-55 devstack@placement-api.service[999699]: DEBUG dbcounter [-] [999699] Writing DB stats placement:SELECT=5 {{(pid=999699) stat_writer /opt/stack/data/venv/lib/python3.10/site-packages/dbcounter.py:115}}
Oct 14 19:35:47.098569 devstack-u2204-93-55 devstack@placement-api.service[999698]: DEBUG dbcounter [-] [999698] Writing DB stats placement:SELECT=5,placement:DELETE=2 {{(pid=999698) stat_writer /opt/stack/data/venv/lib/python3.10/site-packages/dbcounter.py:115}}
Oct 14 19:35:49.313973 devstack-u2204-93-55 devstack@placement-api.service[999699]: DEBUG placement.requestlog [req-c9fd540d-ba9d-4ada-8a7f-d2a8c8006b95 req-85e239e5-ca9d-43ea-a060-7637870a8730 None None] Starting request: 172.25.93.55 "GET /placement/resource_providers/c0ac2922-bea6-40dc-bf8a-5850ef4ddbce/allocations" {{(pid=999699) __call__ /opt/stack/placement/placement/requestlog.py:55}}
Oct 14 19:35:49.344044 devstack-u2204-93-55 devstack@placement-api.service[999699]: INFO placement.requestlog [req-c9fd540d-ba9d-4ada-8a7f-d2a8c8006b95 req-85e239e5-ca9d-43ea-a060-7637870a8730 service nova] 172.25.93.55 "GET /placement/resource_providers/c0ac2922-bea6-40dc-bf8a-5850ef4ddbce/allocations" status: 200 len: 152 microversion: 1.0
Oct 14 19:35:49.344619 devstack-u2204-93-55 devstack@placement-api.service[999699]: [pid: 999699|app: 0|req: 92/185] 172.25.93.55 () {58 vars in 1398 bytes} [Tue Oct 14 19:35:49 2025] GET /placement/resource_providers/c0ac2922-bea6-40dc-bf8a-5850ef4ddbce/allocations => generated 152 bytes in 32 msecs (HTTP/1.1 200) 6 headers in 224 bytes (1 switches on core 0)
Oct 14 19:35:49.359359 devstack-u2204-93-55 devstack@placement-api.service[999698]: DEBUG placement.requestlog [req-c9fd540d-ba9d-4ada-8a7f-d2a8c8006b95 req-f12b0725-8caf-4409-ad7e-f0af79a902bc None None] Starting request: 172.25.93.55 "GET /placement/resource_providers/c0ac2922-bea6-40dc-bf8a-5850ef4ddbce/allocations" {{(pid=999698) __call__ /opt/stack/placement/placement/requestlog.py:55}}
Oct 14 19:35:49.389280 devstack-u2204-93-55 devstack@placement-api.service[999698]: INFO placement.requestlog [req-c9fd540d-ba9d-4ada-8a7f-d2a8c8006b95 req-f12b0725-8caf-4409-ad7e-f0af79a902bc service nova] 172.25.93.55 "GET /placement/resource_providers/c0ac2922-bea6-40dc-bf8a-5850ef4ddbce/allocations" status: 200 len: 152 microversion: 1.0
Oct 14 19:35:49.389731 devstack-u2204-93-55 devstack@placement-api.service[999698]: [pid: 999698|app: 0|req: 94/186] 172.25.93.55 () {58 vars in 1398 bytes} [Tue Oct 14 19:35:49 2025] GET /placement/resource_providers/c0ac2922-bea6-40dc-bf8a-5850ef4ddbce/allocations => generated 152 bytes in 31 msecs (HTTP/1.1 200) 6 headers in 224 bytes (1 switches on core 0)
Oct 14 19:35:49.398942 devstack-u2204-93-55 devstack@placement-api.service[999699]: DEBUG placement.requestlog [req-c9fd540d-ba9d-4ada-8a7f-d2a8c8006b95 req-9f875b05-6532-48f3-b915-6219347dc0d9 None None] Starting request: 172.25.93.55 "GET /placement/allocations/68b626eb-270c-4030-bc13-de4102ff60f2" {{(pid=999699) __call__ /opt/stack/placement/placement/requestlog.py:55}}
Oct 14 19:35:49.421023 devstack-u2204-93-55 devstack@placement-api.service[999699]: INFO placement.requestlog [req-c9fd540d-ba9d-4ada-8a7f-d2a8c8006b95 req-9f875b05-6532-48f3-b915-6219347dc0d9 service nova] 172.25.93.55 "GET /placement/allocations/68b626eb-270c-4030-bc13-de4102ff60f2" status: 200 len: 257 microversion: 1.28
Oct 14 19:35:49.421676 devstack-u2204-93-55 devstack@placement-api.service[999699]: [pid: 999699|app: 0|req: 93/187] 172.25.93.55 () {60 vars in 1385 bytes} [Tue Oct 14 19:35:49 2025] GET /placement/allocations/68b626eb-270c-4030-bc13-de4102ff60f2 => generated 257 bytes in 24 msecs (HTTP/1.1 200) 8 headers in 296 bytes (1 switches on core 0)
Oct 14 19:35:59.386532 devstack-u2204-93-55 devstack@placement-api.service[999698]: DEBUG dbcounter [-] [999698] Writing DB stats placement:SELECT=3 {{(pid=999698) stat_writer /opt/stack/data/venv/lib/python3.10/site-packages/dbcounter.py:115}}
Oct 14 19:35:59.416009 devstack-u2204-93-55 devstack@placement-api.service[999699]: DEBUG dbcounter [-] [999699] Writing DB stats placement:SELECT=5 {{(pid=999699) stat_writer /opt/stack/data/venv/lib/python3.10/site-packages/dbcounter.py:115}}
Oct 14 19:36:50.308649 devstack-u2204-93-55 devstack@placement-api.service[999698]: DEBUG placement.requestlog [req-56a6b058-68b0-4167-b8b6-bcb44e85c5fb req-cebf911b-ccfe-4d72-b2a8-262b5c0feedd None None] Starting request: 172.25.93.55 "GET /placement/resource_providers/c0ac2922-bea6-40dc-bf8a-5850ef4ddbce/allocations" {{(pid=999698) __call__ /opt/stack/placement/placement/requestlog.py:55}}
Oct 14 19:36:50.341547 devstack-u2204-93-55 devstack@placement-api.service[999698]: INFO placement.requestlog [req-56a6b058-68b0-4167-b8b6-bcb44e85c5fb req-cebf911b-ccfe-4d72-b2a8-262b5c0feedd service nova] 172.25.93.55 "GET /placement/resource_providers/c0ac2922-bea6-40dc-bf8a-5850ef4ddbce/allocations" status: 200 len: 152 microversion: 1.0
Oct 14 19:36:50.341968 devstack-u2204-93-55 devstack@placement-api.service[999698]: [pid: 999698|app: 0|req: 95/188] 172.25.93.55 () {58 vars in 1398 bytes} [Tue Oct 14 19:36:50 2025] GET /placement/resource_providers/c0ac2922-bea6-40dc-bf8a-5850ef4ddbce/allocations => generated 152 bytes in 35 msecs (HTTP/1.1 200) 6 headers in 224 bytes (1 switches on core 0)
Oct 14 19:36:50.356679 devstack-u2204-93-55 devstack@placement-api.service[999699]: DEBUG placement.requestlog [req-56a6b058-68b0-4167-b8b6-bcb44e85c5fb req-53cad784-99c8-4ea0-82b0-f2c2cb89457b None None] Starting request: 172.25.93.55 "GET /placement/resource_providers/c0ac2922-bea6-40dc-bf8a-5850ef4ddbce/allocations" {{(pid=999699) __call__ /opt/stack/placement/placement/requestlog.py:55}}
Oct 14 19:36:50.384299 devstack-u2204-93-55 devstack@placement-api.service[999699]: INFO placement.requestlog [req-56a6b058-68b0-4167-b8b6-bcb44e85c5fb req-53cad784-99c8-4ea0-82b0-f2c2cb89457b service nova] 172.25.93.55 "GET /placement/resource_providers/c0ac2922-bea6-40dc-bf8a-5850ef4ddbce/allocations" status: 200 len: 152 microversion: 1.0
Oct 14 19:36:50.384849 devstack-u2204-93-55 devstack@placement-api.service[999699]: [pid: 999699|app: 0|req: 94/189] 172.25.93.55 () {58 vars in 1398 bytes} [Tue Oct 14 19:36:50 2025] GET /placement/resource_providers/c0ac2922-bea6-40dc-bf8a-5850ef4ddbce/allocations => generated 152 bytes in 29 msecs (HTTP/1.1 200) 6 headers in 224 bytes (1 switches on core 0)
Oct 14 19:36:50.392665 devstack-u2204-93-55 devstack@placement-api.service[999698]: DEBUG placement.requestlog [req-56a6b058-68b0-4167-b8b6-bcb44e85c5fb req-7cd0c24d-ea50-4d6a-acb0-9934c55e8beb None None] Starting request: 172.25.93.55 "GET /placement/allocations/68b626eb-270c-4030-bc13-de4102ff60f2" {{(pid=999698) __call__ /opt/stack/placement/placement/requestlog.py:55}}
Oct 14 19:36:50.414667 devstack-u2204-93-55 devstack@placement-api.service[999698]: INFO placement.requestlog [req-56a6b058-68b0-4167-b8b6-bcb44e85c5fb req-7cd0c24d-ea50-4d6a-acb0-9934c55e8beb service nova] 172.25.93.55 "GET /placement/allocations/68b626eb-270c-4030-bc13-de4102ff60f2" status: 200 len: 257 microversion: 1.28
Oct 14 19:36:50.415217 devstack-u2204-93-55 devstack@placement-api.service[999698]: [pid: 999698|app: 0|req: 96/190] 172.25.93.55 () {60 vars in 1385 bytes} [Tue Oct 14 19:36:50 2025] GET /placement/allocations/68b626eb-270c-4030-bc13-de4102ff60f2 => generated 257 bytes in 23 msecs (HTTP/1.1 200) 8 headers in 296 bytes (1 switches on core 0)
Oct 14 19:37:00.381305 devstack-u2204-93-55 devstack@placement-api.service[999699]: DEBUG dbcounter [-] [999699] Writing DB stats placement:SELECT=3 {{(pid=999699) stat_writer /opt/stack/data/venv/lib/python3.10/site-packages/dbcounter.py:115}}
Oct 14 19:37:00.411093 devstack-u2204-93-55 devstack@placement-api.service[999698]: DEBUG dbcounter [-] [999698] Writing DB stats placement:SELECT=5 {{(pid=999698) stat_writer /opt/stack/data/venv/lib/python3.10/site-packages/dbcounter.py:115}}
Oct 14 19:37:37.256774 devstack-u2204-93-55 devstack@placement-api.service[999699]: DEBUG placement.requestlog [req-28bce694-c2e4-4bec-a764-8dcb85a54d5e req-86573e41-e3d2-4a3a-967e-8e8392ed5fa9 None None] Starting request: 172.25.93.55 "GET /placement/resource_providers/c0ac2922-bea6-40dc-bf8a-5850ef4ddbce/allocations" {{(pid=999699) __call__ /opt/stack/placement/placement/requestlog.py:55}}
Oct 14 19:37:37.291248 devstack-u2204-93-55 devstack@placement-api.service[999699]: INFO placement.requestlog [req-28bce694-c2e4-4bec-a764-8dcb85a54d5e req-86573e41-e3d2-4a3a-967e-8e8392ed5fa9 service nova] 172.25.93.55 "GET /placement/resource_providers/c0ac2922-bea6-40dc-bf8a-5850ef4ddbce/allocations" status: 200 len: 152 microversion: 1.0
Oct 14 19:37:37.291796 devstack-u2204-93-55 devstack@placement-api.service[999699]: [pid: 999699|app: 0|req: 95/191] 172.25.93.55 () {58 vars in 1398 bytes} [Tue Oct 14 19:37:37 2025] GET /placement/resource_providers/c0ac2922-bea6-40dc-bf8a-5850ef4ddbce/allocations => generated 152 bytes in 37 msecs (HTTP/1.1 200) 6 headers in 224 bytes (1 switches on core 0)
Oct 14 19:37:37.304159 devstack-u2204-93-55 devstack@placement-api.service[999698]: DEBUG placement.requestlog [req-28bce694-c2e4-4bec-a764-8dcb85a54d5e req-563327ff-3e8d-490c-84c5-0c1ce5cc41a6 None None] Starting request: 172.25.93.55 "GET /placement/allocations/68b626eb-270c-4030-bc13-de4102ff60f2" {{(pid=999698) __call__ /opt/stack/placement/placement/requestlog.py:55}}
Oct 14 19:37:37.331871 devstack-u2204-93-55 devstack@placement-api.service[999698]: INFO placement.requestlog [req-28bce694-c2e4-4bec-a764-8dcb85a54d5e req-563327ff-3e8d-490c-84c5-0c1ce5cc41a6 service nova] 172.25.93.55 "GET /placement/allocations/68b626eb-270c-4030-bc13-de4102ff60f2" status: 200 len: 257 microversion: 1.28
Oct 14 19:37:37.332412 devstack-u2204-93-55 devstack@placement-api.service[999698]: [pid: 999698|app: 0|req: 97/192] 172.25.93.55 () {60 vars in 1385 bytes} [Tue Oct 14 19:37:37 2025] GET /placement/allocations/68b626eb-270c-4030-bc13-de4102ff60f2 => generated 257 bytes in 30 msecs (HTTP/1.1 200) 8 headers in 296 bytes (1 switches on core 0)
Oct 14 19:37:38.383287 devstack-u2204-93-55 devstack@placement-api.service[999699]: DEBUG placement.requestlog [req-28bce694-c2e4-4bec-a764-8dcb85a54d5e req-431cc30b-9a7a-4ffd-9928-af592a799397 None None] Starting request: 172.25.93.55 "DELETE /placement/allocations/68b626eb-270c-4030-bc13-de4102ff60f2" {{(pid=999699) __call__ /opt/stack/placement/placement/requestlog.py:55}}
Oct 14 19:37:38.476129 devstack-u2204-93-55 devstack@placement-api.service[999699]: DEBUG placement.handlers.allocation [req-28bce694-c2e4-4bec-a764-8dcb85a54d5e req-431cc30b-9a7a-4ffd-9928-af592a799397 service nova] Successfully deleted allocations [<placement.objects.allocation.Allocation object at 0x7957b4149780>, <placement.objects.allocation.Allocation object at 0x7957b4149660>, <placement.objects.allocation.Allocation object at 0x7957b4149600>] {{(pid=999699) delete_allocations /opt/stack/placement/placement/handlers/allocation.py:627}}
Oct 14 19:37:38.477390 devstack-u2204-93-55 devstack@placement-api.service[999699]: INFO placement.requestlog [req-28bce694-c2e4-4bec-a764-8dcb85a54d5e req-431cc30b-9a7a-4ffd-9928-af592a799397 service nova] 172.25.93.55 "DELETE /placement/allocations/68b626eb-270c-4030-bc13-de4102ff60f2" status: 204 len: 0 microversion: 1.0
Oct 14 19:37:38.478238 devstack-u2204-93-55 devstack@placement-api.service[999699]: [pid: 999699|app: 0|req: 96/193] 172.25.93.55 () {60 vars in 1363 bytes} [Tue Oct 14 19:37:38 2025] DELETE /placement/allocations/68b626eb-270c-4030-bc13-de4102ff60f2 => generated 0 bytes in 96 msecs (HTTP/1.1 204) 5 headers in 198 bytes (1 switches on core 0)
Oct 14 19:37:45.257968 devstack-u2204-93-55 devstack@placement-api.service[999698]: DEBUG placement.requestlog [req-f931b34b-d498-4524-80c2-18dcf19ae8b5 req-310b9b43-989b-4001-a405-e596585d69fd None None] Starting request: 172.25.93.55 "GET /placement/allocation_candidates?limit=1000&resources=DISK_GB%3A1%2CMEMORY_MB%3A192%2CVCPU%3A1&root_required=%21COMPUTE_STATUS_DISABLED" {{(pid=999698) __call__ /opt/stack/placement/placement/requestlog.py:55}}
Oct 14 19:37:45.385602 devstack-u2204-93-55 devstack@placement-api.service[999698]: DEBUG placement.objects.research_context [req-f931b34b-d498-4524-80c2-18dcf19ae8b5 req-310b9b43-989b-4001-a405-e596585d69fd service nova] getting providers with 1 DISK_GB {{(pid=999698) __init__ /opt/stack/placement/placement/objects/research_context.py:137}}
Oct 14 19:37:45.392460 devstack-u2204-93-55 devstack@placement-api.service[999698]: DEBUG placement.objects.research_context [req-f931b34b-d498-4524-80c2-18dcf19ae8b5 req-310b9b43-989b-4001-a405-e596585d69fd service nova] getting providers with 192 MEMORY_MB {{(pid=999698) __init__ /opt/stack/placement/placement/objects/research_context.py:137}}
Oct 14 19:37:45.397993 devstack-u2204-93-55 devstack@placement-api.service[999698]: DEBUG placement.objects.research_context [req-f931b34b-d498-4524-80c2-18dcf19ae8b5 req-310b9b43-989b-4001-a405-e596585d69fd service nova] getting providers with 1 VCPU {{(pid=999698) __init__ /opt/stack/placement/placement/objects/research_context.py:137}}
Oct 14 19:37:45.404719 devstack-u2204-93-55 devstack@placement-api.service[999698]: DEBUG placement.objects.research_context [req-f931b34b-d498-4524-80c2-18dcf19ae8b5 req-310b9b43-989b-4001-a405-e596585d69fd service nova] found 1 providers with available 1 DISK_GB {{(pid=999698) get_provider_ids_matching /opt/stack/placement/placement/objects/research_context.py:569}}
Oct 14 19:37:45.405223 devstack-u2204-93-55 devstack@placement-api.service[999698]: DEBUG placement.objects.research_context [req-f931b34b-d498-4524-80c2-18dcf19ae8b5 req-310b9b43-989b-4001-a405-e596585d69fd service nova] found 1 providers with available 192 MEMORY_MB {{(pid=999698) get_provider_ids_matching /opt/stack/placement/placement/objects/research_context.py:569}}
Oct 14 19:37:45.405223 devstack-u2204-93-55 devstack@placement-api.service[999698]: DEBUG placement.objects.research_context [req-f931b34b-d498-4524-80c2-18dcf19ae8b5 req-310b9b43-989b-4001-a405-e596585d69fd service nova] found 1 providers after filtering by previous result {{(pid=999698) get_provider_ids_matching /opt/stack/placement/placement/objects/research_context.py:600}}
Oct 14 19:37:45.405679 devstack-u2204-93-55 devstack@placement-api.service[999698]: DEBUG placement.objects.research_context [req-f931b34b-d498-4524-80c2-18dcf19ae8b5 req-310b9b43-989b-4001-a405-e596585d69fd service nova] found 1 providers with available 1 VCPU {{(pid=999698) get_provider_ids_matching /opt/stack/placement/placement/objects/research_context.py:569}}
Oct 14 19:37:45.405679 devstack-u2204-93-55 devstack@placement-api.service[999698]: DEBUG placement.objects.research_context [req-f931b34b-d498-4524-80c2-18dcf19ae8b5 req-310b9b43-989b-4001-a405-e596585d69fd service nova] found 1 providers after filtering by previous result {{(pid=999698) get_provider_ids_matching /opt/stack/placement/placement/objects/research_context.py:600}}
Oct 14 19:37:45.418279 devstack-u2204-93-55 devstack@placement-api.service[999698]: DEBUG placement.objects.allocation_candidate [req-f931b34b-d498-4524-80c2-18dcf19ae8b5 req-310b9b43-989b-4001-a405-e596585d69fd service nova] RequestGroup(use_same_provider=False, resources={DISK_GB:1, MEMORY_MB:192, VCPU:1}, traits=(), aggregates=[]) (suffix '') returned 1 matches {{(pid=999698) _get_by_requests /opt/stack/placement/placement/objects/allocation_candidate.py:157}}
Oct 14 19:37:45.418572 devstack-u2204-93-55 devstack@placement-api.service[999698]: DEBUG placement.objects.allocation_candidate [req-f931b34b-d498-4524-80c2-18dcf19ae8b5 req-310b9b43-989b-4001-a405-e596585d69fd service nova] Merging candidates yields 1 allocation requests and 1 provider summaries {{(pid=999698) _merge_candidates /opt/stack/placement/placement/objects/allocation_candidate.py:841}}
Oct 14 19:37:45.420288 devstack-u2204-93-55 devstack@placement-api.service[999698]: INFO placement.requestlog [req-f931b34b-d498-4524-80c2-18dcf19ae8b5 req-310b9b43-989b-4001-a405-e596585d69fd service nova] 172.25.93.55 "GET /placement/allocation_candidates?limit=1000&resources=DISK_GB%3A1%2CMEMORY_MB%3A192%2CVCPU%3A1&root_required=%21COMPUTE_STATUS_DISABLED" status: 200 len: 2128 microversion: 1.36
Oct 14 19:37:45.420619 devstack-u2204-93-55 devstack@placement-api.service[999698]: [pid: 999698|app: 0|req: 98/194] 172.25.93.55 () {60 vars in 1511 bytes} [Tue Oct 14 19:37:45 2025] GET /placement/allocation_candidates?limit=1000&resources=DISK_GB%3A1%2CMEMORY_MB%3A192%2CVCPU%3A1&root_required=%21COMPUTE_STATUS_DISABLED => generated 2128 bytes in 164 msecs (HTTP/1.1 200) 8 headers in 297 bytes (1 switches on core 0)
Oct 14 19:37:45.458896 devstack-u2204-93-55 devstack@placement-api.service[999699]: DEBUG placement.requestlog [req-f931b34b-d498-4524-80c2-18dcf19ae8b5 req-4dd6346b-4436-480e-a6c5-1f56c06da5b1 None None] Starting request: 172.25.93.55 "GET /placement/allocations/1b932908-b450-4dc7-8b1a-aa5cfbf9f635" {{(pid=999699) __call__ /opt/stack/placement/placement/requestlog.py:55}}
Oct 14 19:37:45.476398 devstack-u2204-93-55 devstack@placement-api.service[999699]: INFO placement.requestlog [req-f931b34b-d498-4524-80c2-18dcf19ae8b5 req-4dd6346b-4436-480e-a6c5-1f56c06da5b1 service nova] 172.25.93.55 "GET /placement/allocations/1b932908-b450-4dc7-8b1a-aa5cfbf9f635" status: 200 len: 19 microversion: 1.28
Oct 14 19:37:45.476844 devstack-u2204-93-55 devstack@placement-api.service[999699]: [pid: 999699|app: 0|req: 97/195] 172.25.93.55 () {60 vars in 1387 bytes} [Tue Oct 14 19:37:45 2025] GET /placement/allocations/1b932908-b450-4dc7-8b1a-aa5cfbf9f635 => generated 19 bytes in 19 msecs (HTTP/1.1 200) 8 headers in 295 bytes (1 switches on core 0)
Oct 14 19:37:45.487970 devstack-u2204-93-55 devstack@placement-api.service[999698]: DEBUG placement.requestlog [req-f931b34b-d498-4524-80c2-18dcf19ae8b5 req-9b140a87-07d0-4a79-95a4-3b30d33cc759 None None] Starting request: 172.25.93.55 "PUT /placement/allocations/1b932908-b450-4dc7-8b1a-aa5cfbf9f635" {{(pid=999698) __call__ /opt/stack/placement/placement/requestlog.py:55}}
Oct 14 19:37:45.596346 devstack-u2204-93-55 devstack@placement-api.service[999698]: DEBUG placement.handlers.allocation [req-f931b34b-d498-4524-80c2-18dcf19ae8b5 req-9b140a87-07d0-4a79-95a4-3b30d33cc759 service nova] Successfully wrote allocations [<placement.objects.allocation.Allocation object at 0x7957b408bee0>, <placement.objects.allocation.Allocation object at 0x7957b408b5b0>, <placement.objects.allocation.Allocation object at 0x7957aff00280>] {{(pid=999698) _update_consumers_and_create_allocations /opt/stack/placement/placement/handlers/allocation.py:462}}
Oct 14 19:37:45.604206 devstack-u2204-93-55 devstack@placement-api.service[999698]: INFO placement.requestlog [req-f931b34b-d498-4524-80c2-18dcf19ae8b5 req-9b140a87-07d0-4a79-95a4-3b30d33cc759 service nova] 172.25.93.55 "PUT /placement/allocations/1b932908-b450-4dc7-8b1a-aa5cfbf9f635" status: 204 len: 0 microversion: 1.36
Oct 14 19:37:45.604995 devstack-u2204-93-55 devstack@placement-api.service[999698]: [pid: 999698|app: 0|req: 99/196] 172.25.93.55 () {64 vars in 1440 bytes} [Tue Oct 14 19:37:45 2025] PUT /placement/allocations/1b932908-b450-4dc7-8b1a-aa5cfbf9f635 => generated 0 bytes in 118 msecs (HTTP/1.1 204) 5 headers in 199 bytes (1 switches on core 0)
Oct 14 19:37:47.007816 devstack-u2204-93-55 devstack@placement-api.service[999699]: DEBUG placement.requestlog [req-f931b34b-d498-4524-80c2-18dcf19ae8b5 req-e426501f-5889-4e95-9ff3-5e6627e6e792 None None] Starting request: 172.25.93.55 "GET /placement/allocations/1b932908-b450-4dc7-8b1a-aa5cfbf9f635" {{(pid=999699) __call__ /opt/stack/placement/placement/requestlog.py:55}}
Oct 14 19:37:47.027268 devstack-u2204-93-55 devstack@placement-api.service[999699]: INFO placement.requestlog [req-f931b34b-d498-4524-80c2-18dcf19ae8b5 req-e426501f-5889-4e95-9ff3-5e6627e6e792 service nova] 172.25.93.55 "GET /placement/allocations/1b932908-b450-4dc7-8b1a-aa5cfbf9f635" status: 200 len: 257 microversion: 1.28
Oct 14 19:37:47.027739 devstack-u2204-93-55 devstack@placement-api.service[999699]: [pid: 999699|app: 0|req: 98/197] 172.25.93.55 () {60 vars in 1385 bytes} [Tue Oct 14 19:37:47 2025] GET /placement/allocations/1b932908-b450-4dc7-8b1a-aa5cfbf9f635 => generated 257 bytes in 21 msecs (HTTP/1.1 200) 8 headers in 296 bytes (1 switches on core 0)
Oct 14 19:37:48.069959 devstack-u2204-93-55 devstack@placement-api.service[999698]: DEBUG placement.requestlog [req-f931b34b-d498-4524-80c2-18dcf19ae8b5 req-ef32fa1b-dd6d-488a-8145-08608cc30672 None None] Starting request: 172.25.93.55 "GET /placement/resource_providers/c0ac2922-bea6-40dc-bf8a-5850ef4ddbce/allocations" {{(pid=999698) __call__ /opt/stack/placement/placement/requestlog.py:55}}
Oct 14 19:37:48.100176 devstack-u2204-93-55 devstack@placement-api.service[999698]: INFO placement.requestlog [req-f931b34b-d498-4524-80c2-18dcf19ae8b5 req-ef32fa1b-dd6d-488a-8145-08608cc30672 service nova] 172.25.93.55 "GET /placement/resource_providers/c0ac2922-bea6-40dc-bf8a-5850ef4ddbce/allocations" status: 200 len: 152 microversion: 1.0
Oct 14 19:37:48.100724 devstack-u2204-93-55 devstack@placement-api.service[999698]: [pid: 999698|app: 0|req: 100/198] 172.25.93.55 () {58 vars in 1398 bytes} [Tue Oct 14 19:37:48 2025] GET /placement/resource_providers/c0ac2922-bea6-40dc-bf8a-5850ef4ddbce/allocations => generated 152 bytes in 32 msecs (HTTP/1.1 200) 6 headers in 224 bytes (1 switches on core 0)
Oct 14 19:37:48.109523 devstack-u2204-93-55 devstack@placement-api.service[999699]: DEBUG placement.requestlog [req-f931b34b-d498-4524-80c2-18dcf19ae8b5 req-919f24a2-be11-46b4-a861-2bf515348255 None None] Starting request: 172.25.93.55 "GET /placement/allocations/1b932908-b450-4dc7-8b1a-aa5cfbf9f635" {{(pid=999699) __call__ /opt/stack/placement/placement/requestlog.py:55}}
Oct 14 19:37:48.128861 devstack-u2204-93-55 devstack@placement-api.service[999699]: INFO placement.requestlog [req-f931b34b-d498-4524-80c2-18dcf19ae8b5 req-919f24a2-be11-46b4-a861-2bf515348255 service nova] 172.25.93.55 "GET /placement/allocations/1b932908-b450-4dc7-8b1a-aa5cfbf9f635" status: 200 len: 257 microversion: 1.28
Oct 14 19:37:48.129357 devstack-u2204-93-55 devstack@placement-api.service[999699]: [pid: 999699|app: 0|req: 99/199] 172.25.93.55 () {60 vars in 1385 bytes} [Tue Oct 14 19:37:48 2025] GET /placement/allocations/1b932908-b450-4dc7-8b1a-aa5cfbf9f635 => generated 257 bytes in 21 msecs (HTTP/1.1 200) 8 headers in 296 bytes (1 switches on core 0)
Oct 14 19:37:50.533674 devstack-u2204-93-55 devstack@placement-api.service[999698]: DEBUG placement.requestlog [req-d8b9cd16-d969-4008-8340-899874f2ea33 req-26af6aa1-f513-4624-bfd4-b63028bec20f None None] Starting request: 172.25.93.55 "GET /placement/resource_providers/c0ac2922-bea6-40dc-bf8a-5850ef4ddbce/allocations" {{(pid=999698) __call__ /opt/stack/placement/placement/requestlog.py:55}}
Oct 14 19:37:50.563962 devstack-u2204-93-55 devstack@placement-api.service[999698]: INFO placement.requestlog [req-d8b9cd16-d969-4008-8340-899874f2ea33 req-26af6aa1-f513-4624-bfd4-b63028bec20f service nova] 172.25.93.55 "GET /placement/resource_providers/c0ac2922-bea6-40dc-bf8a-5850ef4ddbce/allocations" status: 200 len: 152 microversion: 1.0
Oct 14 19:37:50.564427 devstack-u2204-93-55 devstack@placement-api.service[999698]: [pid: 999698|app: 0|req: 101/200] 172.25.93.55 () {58 vars in 1398 bytes} [Tue Oct 14 19:37:50 2025] GET /placement/resource_providers/c0ac2922-bea6-40dc-bf8a-5850ef4ddbce/allocations => generated 152 bytes in 32 msecs (HTTP/1.1 200) 6 headers in 224 bytes (1 switches on core 0)
Oct 14 19:37:50.588369 devstack-u2204-93-55 devstack@placement-api.service[999699]: DEBUG placement.requestlog [req-d8b9cd16-d969-4008-8340-899874f2ea33 req-992bbc9e-09dd-4db5-9b2f-cbfa97e6fe84 None None] Starting request: 172.25.93.55 "GET /placement/resource_providers/c0ac2922-bea6-40dc-bf8a-5850ef4ddbce/allocations" {{(pid=999699) __call__ /opt/stack/placement/placement/requestlog.py:55}}
Oct 14 19:37:50.615133 devstack-u2204-93-55 devstack@placement-api.service[999699]: INFO placement.requestlog [req-d8b9cd16-d969-4008-8340-899874f2ea33 req-992bbc9e-09dd-4db5-9b2f-cbfa97e6fe84 service nova] 172.25.93.55 "GET /placement/resource_providers/c0ac2922-bea6-40dc-bf8a-5850ef4ddbce/allocations" status: 200 len: 152 microversion: 1.0
Oct 14 19:37:50.615543 devstack-u2204-93-55 devstack@placement-api.service[999699]: [pid: 999699|app: 0|req: 100/201] 172.25.93.55 () {58 vars in 1398 bytes} [Tue Oct 14 19:37:50 2025] GET /placement/resource_providers/c0ac2922-bea6-40dc-bf8a-5850ef4ddbce/allocations => generated 152 bytes in 28 msecs (HTTP/1.1 200) 6 headers in 224 bytes (1 switches on core 0)
Oct 14 19:37:50.623281 devstack-u2204-93-55 devstack@placement-api.service[999698]: DEBUG placement.requestlog [req-d8b9cd16-d969-4008-8340-899874f2ea33 req-ea6079bb-d361-41dd-9370-f876407850b5 None None] Starting request: 172.25.93.55 "GET /placement/allocations/1b932908-b450-4dc7-8b1a-aa5cfbf9f635" {{(pid=999698) __call__ /opt/stack/placement/placement/requestlog.py:55}}
Oct 14 19:37:50.649449 devstack-u2204-93-55 devstack@placement-api.service[999698]: INFO placement.requestlog [req-d8b9cd16-d969-4008-8340-899874f2ea33 req-ea6079bb-d361-41dd-9370-f876407850b5 service nova] 172.25.93.55 "GET /placement/allocations/1b932908-b450-4dc7-8b1a-aa5cfbf9f635" status: 200 len: 257 microversion: 1.28
Oct 14 19:37:50.650042 devstack-u2204-93-55 devstack@placement-api.service[999698]: [pid: 999698|app: 0|req: 102/202] 172.25.93.55 () {60 vars in 1385 bytes} [Tue Oct 14 19:37:50 2025] GET /placement/allocations/1b932908-b450-4dc7-8b1a-aa5cfbf9f635 => generated 257 bytes in 28 msecs (HTTP/1.1 200) 8 headers in 296 bytes (1 switches on core 0)
Oct 14 19:38:00.612896 devstack-u2204-93-55 devstack@placement-api.service[999699]: DEBUG dbcounter [-] [999699] Writing DB stats placement:SELECT=14,placement:DELETE=2 {{(pid=999699) stat_writer /opt/stack/data/venv/lib/python3.10/site-packages/dbcounter.py:115}}
Oct 14 19:38:00.645690 devstack-u2204-93-55 devstack@placement-api.service[999698]: DEBUG dbcounter [-] [999698] Writing DB stats placement:SELECT=28,placement:INSERT=4,placement:DELETE=2,placement:UPDATE=2 {{(pid=999698) stat_writer /opt/stack/data/venv/lib/python3.10/site-packages/dbcounter.py:115}}
Oct 14 19:38:52.299240 devstack-u2204-93-55 devstack@placement-api.service[999699]: DEBUG placement.requestlog [req-a06e7f2c-bb8f-4fbf-8928-887a2bde4886 req-8e45c3f5-d75a-4e31-b9f3-137e282c55cb None None] Starting request: 172.25.93.55 "GET /placement/resource_providers/c0ac2922-bea6-40dc-bf8a-5850ef4ddbce/allocations" {{(pid=999699) __call__ /opt/stack/placement/placement/requestlog.py:55}}
Oct 14 19:38:52.469169 devstack-u2204-93-55 devstack@placement-api.service[999699]: INFO placement.requestlog [req-a06e7f2c-bb8f-4fbf-8928-887a2bde4886 req-8e45c3f5-d75a-4e31-b9f3-137e282c55cb service nova] 172.25.93.55 "GET /placement/resource_providers/c0ac2922-bea6-40dc-bf8a-5850ef4ddbce/allocations" status: 200 len: 152 microversion: 1.0
Oct 14 19:38:52.469906 devstack-u2204-93-55 devstack@placement-api.service[999699]: [pid: 999699|app: 0|req: 101/203] 172.25.93.55 () {58 vars in 1398 bytes} [Tue Oct 14 19:38:52 2025] GET /placement/resource_providers/c0ac2922-bea6-40dc-bf8a-5850ef4ddbce/allocations => generated 152 bytes in 173 msecs (HTTP/1.1 200) 6 headers in 224 bytes (1 switches on core 0)
Oct 14 19:38:52.485922 devstack-u2204-93-55 devstack@placement-api.service[999698]: DEBUG placement.requestlog [req-a06e7f2c-bb8f-4fbf-8928-887a2bde4886 req-041d1b9e-ce59-4472-95ca-8a433c502bd9 None None] Starting request: 172.25.93.55 "GET /placement/resource_providers?in_tree=c0ac2922-bea6-40dc-bf8a-5850ef4ddbce" {{(pid=999698) __call__ /opt/stack/placement/placement/requestlog.py:55}}
Oct 14 19:38:52.518144 devstack-u2204-93-55 devstack@placement-api.service[999698]: INFO placement.requestlog [req-a06e7f2c-bb8f-4fbf-8928-887a2bde4886 req-041d1b9e-ce59-4472-95ca-8a433c502bd9 service nova] 172.25.93.55 "GET /placement/resource_providers?in_tree=c0ac2922-bea6-40dc-bf8a-5850ef4ddbce" status: 200 len: 869 microversion: 1.14
Oct 14 19:38:52.518530 devstack-u2204-93-55 devstack@placement-api.service[999698]: [pid: 999698|app: 0|req: 103/204] 172.25.93.55 () {60 vars in 1384 bytes} [Tue Oct 14 19:38:52 2025] GET /placement/resource_providers?in_tree=c0ac2922-bea6-40dc-bf8a-5850ef4ddbce => generated 869 bytes in 34 msecs (HTTP/1.1 200) 6 headers in 225 bytes (1 switches on core 0)
Oct 14 19:38:52.526443 devstack-u2204-93-55 devstack@placement-api.service[999699]: DEBUG placement.requestlog [req-a06e7f2c-bb8f-4fbf-8928-887a2bde4886 req-ef280b5e-1f15-43c3-9fcc-874972a2137e None None] Starting request: 172.25.93.55 "GET /placement/resource_providers/c0ac2922-bea6-40dc-bf8a-5850ef4ddbce/inventories" {{(pid=999699) __call__ /opt/stack/placement/placement/requestlog.py:55}}
Oct 14 19:38:52.554883 devstack-u2204-93-55 devstack@placement-api.service[999699]: INFO placement.requestlog [req-a06e7f2c-bb8f-4fbf-8928-887a2bde4886 req-ef280b5e-1f15-43c3-9fcc-874972a2137e service nova] 172.25.93.55 "GET /placement/resource_providers/c0ac2922-bea6-40dc-bf8a-5850ef4ddbce/inventories" status: 200 len: 404 microversion: 1.0
Oct 14 19:38:52.555313 devstack-u2204-93-55 devstack@placement-api.service[999699]: [pid: 999699|app: 0|req: 102/205] 172.25.93.55 () {58 vars in 1398 bytes} [Tue Oct 14 19:38:52 2025] GET /placement/resource_providers/c0ac2922-bea6-40dc-bf8a-5850ef4ddbce/inventories => generated 404 bytes in 30 msecs (HTTP/1.1 200) 6 headers in 224 bytes (1 switches on core 0)
Oct 14 19:38:52.566849 devstack-u2204-93-55 devstack@placement-api.service[999698]: DEBUG placement.requestlog [req-a06e7f2c-bb8f-4fbf-8928-887a2bde4886 req-00496eec-0c2c-45e5-b781-37b3c83b3541 None None] Starting request: 172.25.93.55 "GET /placement/resource_providers/c0ac2922-bea6-40dc-bf8a-5850ef4ddbce/aggregates" {{(pid=999698) __call__ /opt/stack/placement/placement/requestlog.py:55}}
Oct 14 19:38:52.590244 devstack-u2204-93-55 devstack@placement-api.service[999698]: INFO placement.requestlog [req-a06e7f2c-bb8f-4fbf-8928-887a2bde4886 req-00496eec-0c2c-45e5-b781-37b3c83b3541 service nova] 172.25.93.55 "GET /placement/resource_providers/c0ac2922-bea6-40dc-bf8a-5850ef4ddbce/aggregates" status: 200 len: 53 microversion: 1.19
Oct 14 19:38:52.590815 devstack-u2204-93-55 devstack@placement-api.service[999698]: [pid: 999698|app: 0|req: 104/206] 172.25.93.55 () {60 vars in 1439 bytes} [Tue Oct 14 19:38:52 2025] GET /placement/resource_providers/c0ac2922-bea6-40dc-bf8a-5850ef4ddbce/aggregates => generated 53 bytes in 25 msecs (HTTP/1.1 200) 8 headers in 295 bytes (1 switches on core 0)
Oct 14 19:38:52.602152 devstack-u2204-93-55 devstack@placement-api.service[999699]: DEBUG placement.requestlog [req-a06e7f2c-bb8f-4fbf-8928-887a2bde4886 req-93fc6615-f116-45fc-a64a-ef3f40060f49 None None] Starting request: 172.25.93.55 "GET /placement/resource_providers/c0ac2922-bea6-40dc-bf8a-5850ef4ddbce/traits" {{(pid=999699) __call__ /opt/stack/placement/placement/requestlog.py:55}}
Oct 14 19:38:52.649973 devstack-u2204-93-55 devstack@placement-api.service[999699]: INFO placement.requestlog [req-a06e7f2c-bb8f-4fbf-8928-887a2bde4886 req-93fc6615-f116-45fc-a64a-ef3f40060f49 service nova] 172.25.93.55 "GET /placement/resource_providers/c0ac2922-bea6-40dc-bf8a-5850ef4ddbce/traits" status: 200 len: 1658 microversion: 1.6
Oct 14 19:38:52.650658 devstack-u2204-93-55 devstack@placement-api.service[999699]: [pid: 999699|app: 0|req: 103/207] 172.25.93.55 () {60 vars in 1426 bytes} [Tue Oct 14 19:38:52 2025] GET /placement/resource_providers/c0ac2922-bea6-40dc-bf8a-5850ef4ddbce/traits => generated 1658 bytes in 49 msecs (HTTP/1.1 200) 6 headers in 225 bytes (2 switches on core 0)
Oct 14 19:38:52.664104 devstack-u2204-93-55 devstack@placement-api.service[999698]: DEBUG placement.requestlog [req-a06e7f2c-bb8f-4fbf-8928-887a2bde4886 req-93dbc734-5e99-4238-b363-32f6f3bd1819 None None] Starting request: 172.25.93.55 "GET /placement/resource_providers/c0ac2922-bea6-40dc-bf8a-5850ef4ddbce/allocations" {{(pid=999698) __call__ /opt/stack/placement/placement/requestlog.py:55}}
Oct 14 19:38:52.695359 devstack-u2204-93-55 devstack@placement-api.service[999698]: INFO placement.requestlog [req-a06e7f2c-bb8f-4fbf-8928-887a2bde4886 req-93dbc734-5e99-4238-b363-32f6f3bd1819 service nova] 172.25.93.55 "GET /placement/resource_providers/c0ac2922-bea6-40dc-bf8a-5850ef4ddbce/allocations" status: 200 len: 152 microversion: 1.0
Oct 14 19:38:52.695926 devstack-u2204-93-55 devstack@placement-api.service[999698]: [pid: 999698|app: 0|req: 105/208] 172.25.93.55 () {58 vars in 1398 bytes} [Tue Oct 14 19:38:52 2025] GET /placement/resource_providers/c0ac2922-bea6-40dc-bf8a-5850ef4ddbce/allocations => generated 152 bytes in 33 msecs (HTTP/1.1 200) 6 headers in 224 bytes (1 switches on core 0)
Oct 14 19:38:52.704082 devstack-u2204-93-55 devstack@placement-api.service[999699]: DEBUG placement.requestlog [req-a06e7f2c-bb8f-4fbf-8928-887a2bde4886 req-bc0d4e14-c7f1-4b1c-996e-59ff0b066192 None None] Starting request: 172.25.93.55 "GET /placement/allocations/1b932908-b450-4dc7-8b1a-aa5cfbf9f635" {{(pid=999699) __call__ /opt/stack/placement/placement/requestlog.py:55}}
Oct 14 19:38:52.726640 devstack-u2204-93-55 devstack@placement-api.service[999699]: INFO placement.requestlog [req-a06e7f2c-bb8f-4fbf-8928-887a2bde4886 req-bc0d4e14-c7f1-4b1c-996e-59ff0b066192 service nova] 172.25.93.55 "GET /placement/allocations/1b932908-b450-4dc7-8b1a-aa5cfbf9f635" status: 200 len: 257 microversion: 1.28
Oct 14 19:38:52.727220 devstack-u2204-93-55 devstack@placement-api.service[999699]: [pid: 999699|app: 0|req: 104/209] 172.25.93.55 () {60 vars in 1385 bytes} [Tue Oct 14 19:38:52 2025] GET /placement/allocations/1b932908-b450-4dc7-8b1a-aa5cfbf9f635 => generated 257 bytes in 24 msecs (HTTP/1.1 200) 8 headers in 296 bytes (1 switches on core 0)
Oct 14 19:39:02.693177 devstack-u2204-93-55 devstack@placement-api.service[999698]: DEBUG dbcounter [-] [999698] Writing DB stats placement:SELECT=7 {{(pid=999698) stat_writer /opt/stack/data/venv/lib/python3.10/site-packages/dbcounter.py:115}}
Oct 14 19:39:02.722563 devstack-u2204-93-55 devstack@placement-api.service[999699]: DEBUG dbcounter [-] [999699] Writing DB stats placement:SELECT=11 {{(pid=999699) stat_writer /opt/stack/data/venv/lib/python3.10/site-packages/dbcounter.py:115}}
Oct 14 19:39:54.294020 devstack-u2204-93-55 devstack@placement-api.service[999698]: DEBUG placement.requestlog [req-35859d22-a33d-4a3a-8453-b316b829ac06 req-d3e4f8ad-0fae-4fa4-9752-ab939eada6c9 None None] Starting request: 172.25.93.55 "GET /placement/resource_providers/c0ac2922-bea6-40dc-bf8a-5850ef4ddbce/allocations" {{(pid=999698) __call__ /opt/stack/placement/placement/requestlog.py:55}}
Oct 14 19:39:54.326471 devstack-u2204-93-55 devstack@placement-api.service[999698]: INFO placement.requestlog [req-35859d22-a33d-4a3a-8453-b316b829ac06 req-d3e4f8ad-0fae-4fa4-9752-ab939eada6c9 service nova] 172.25.93.55 "GET /placement/resource_providers/c0ac2922-bea6-40dc-bf8a-5850ef4ddbce/allocations" status: 200 len: 152 microversion: 1.0
Oct 14 19:39:54.326983 devstack-u2204-93-55 devstack@placement-api.service[999698]: [pid: 999698|app: 0|req: 106/210] 172.25.93.55 () {58 vars in 1398 bytes} [Tue Oct 14 19:39:54 2025] GET /placement/resource_providers/c0ac2922-bea6-40dc-bf8a-5850ef4ddbce/allocations => generated 152 bytes in 34 msecs (HTTP/1.1 200) 6 headers in 224 bytes (1 switches on core 0)
Oct 14 19:39:54.341601 devstack-u2204-93-55 devstack@placement-api.service[999699]: DEBUG placement.requestlog [req-35859d22-a33d-4a3a-8453-b316b829ac06 req-2a95c3e4-a5e8-4e91-af36-808d5b766e40 None None] Starting request: 172.25.93.55 "GET /placement/resource_providers/c0ac2922-bea6-40dc-bf8a-5850ef4ddbce/allocations" {{(pid=999699) __call__ /opt/stack/placement/placement/requestlog.py:55}}
Oct 14 19:39:54.372691 devstack-u2204-93-55 devstack@placement-api.service[999699]: INFO placement.requestlog [req-35859d22-a33d-4a3a-8453-b316b829ac06 req-2a95c3e4-a5e8-4e91-af36-808d5b766e40 service nova] 172.25.93.55 "GET /placement/resource_providers/c0ac2922-bea6-40dc-bf8a-5850ef4ddbce/allocations" status: 200 len: 152 microversion: 1.0
Oct 14 19:39:54.373117 devstack-u2204-93-55 devstack@placement-api.service[999699]: [pid: 999699|app: 0|req: 105/211] 172.25.93.55 () {58 vars in 1398 bytes} [Tue Oct 14 19:39:54 2025] GET /placement/resource_providers/c0ac2922-bea6-40dc-bf8a-5850ef4ddbce/allocations => generated 152 bytes in 33 msecs (HTTP/1.1 200) 6 headers in 224 bytes (1 switches on core 0)
Oct 14 19:39:54.382543 devstack-u2204-93-55 devstack@placement-api.service[999698]: DEBUG placement.requestlog [req-35859d22-a33d-4a3a-8453-b316b829ac06 req-ac8190c2-85df-4aad-91fe-135a8b076e6e None None] Starting request: 172.25.93.55 "GET /placement/allocations/1b932908-b450-4dc7-8b1a-aa5cfbf9f635" {{(pid=999698) __call__ /opt/stack/placement/placement/requestlog.py:55}}
Oct 14 19:39:54.405444 devstack-u2204-93-55 devstack@placement-api.service[999698]: INFO placement.requestlog [req-35859d22-a33d-4a3a-8453-b316b829ac06 req-ac8190c2-85df-4aad-91fe-135a8b076e6e service nova] 172.25.93.55 "GET /placement/allocations/1b932908-b450-4dc7-8b1a-aa5cfbf9f635" status: 200 len: 257 microversion: 1.28
Oct 14 19:39:54.406365 devstack-u2204-93-55 devstack@placement-api.service[999698]: [pid: 999698|app: 0|req: 107/212] 172.25.93.55 () {60 vars in 1385 bytes} [Tue Oct 14 19:39:54 2025] GET /placement/allocations/1b932908-b450-4dc7-8b1a-aa5cfbf9f635 => generated 257 bytes in 25 msecs (HTTP/1.1 200) 8 headers in 296 bytes (1 switches on core 0)
Oct 14 19:40:04.369786 devstack-u2204-93-55 devstack@placement-api.service[999699]: DEBUG dbcounter [-] [999699] Writing DB stats placement:SELECT=3 {{(pid=999699) stat_writer /opt/stack/data/venv/lib/python3.10/site-packages/dbcounter.py:115}}
Oct 14 19:40:04.400882 devstack-u2204-93-55 devstack@placement-api.service[999698]: DEBUG dbcounter [-] [999698] Writing DB stats placement:SELECT=5 {{(pid=999698) stat_writer /opt/stack/data/venv/lib/python3.10/site-packages/dbcounter.py:115}}
Oct 14 19:40:08.546149 devstack-u2204-93-55 devstack@placement-api.service[999699]: DEBUG placement.requestlog [req-8c829c53-fef1-494c-a673-f93603430be8 req-70e6315b-fa48-4c59-bf73-e247640e107c None None] Starting request: 172.25.93.55 "GET /placement/resource_providers/c0ac2922-bea6-40dc-bf8a-5850ef4ddbce/allocations" {{(pid=999699) __call__ /opt/stack/placement/placement/requestlog.py:55}}
Oct 14 19:40:08.573726 devstack-u2204-93-55 devstack@placement-api.service[999699]: INFO placement.requestlog [req-8c829c53-fef1-494c-a673-f93603430be8 req-70e6315b-fa48-4c59-bf73-e247640e107c service nova] 172.25.93.55 "GET /placement/resource_providers/c0ac2922-bea6-40dc-bf8a-5850ef4ddbce/allocations" status: 200 len: 152 microversion: 1.0
Oct 14 19:40:08.574157 devstack-u2204-93-55 devstack@placement-api.service[999699]: [pid: 999699|app: 0|req: 106/213] 172.25.93.55 () {58 vars in 1398 bytes} [Tue Oct 14 19:40:08 2025] GET /placement/resource_providers/c0ac2922-bea6-40dc-bf8a-5850ef4ddbce/allocations => generated 152 bytes in 29 msecs (HTTP/1.1 200) 6 headers in 224 bytes (1 switches on core 0)
Oct 14 19:40:08.584154 devstack-u2204-93-55 devstack@placement-api.service[999698]: DEBUG placement.requestlog [req-8c829c53-fef1-494c-a673-f93603430be8 req-826df205-8269-4202-ba45-5613c7021d25 None None] Starting request: 172.25.93.55 "GET /placement/allocations/1b932908-b450-4dc7-8b1a-aa5cfbf9f635" {{(pid=999698) __call__ /opt/stack/placement/placement/requestlog.py:55}}
Oct 14 19:40:08.607846 devstack-u2204-93-55 devstack@placement-api.service[999698]: INFO placement.requestlog [req-8c829c53-fef1-494c-a673-f93603430be8 req-826df205-8269-4202-ba45-5613c7021d25 service nova] 172.25.93.55 "GET /placement/allocations/1b932908-b450-4dc7-8b1a-aa5cfbf9f635" status: 200 len: 257 microversion: 1.28
Oct 14 19:40:08.608343 devstack-u2204-93-55 devstack@placement-api.service[999698]: [pid: 999698|app: 0|req: 108/214] 172.25.93.55 () {60 vars in 1385 bytes} [Tue Oct 14 19:40:08 2025] GET /placement/allocations/1b932908-b450-4dc7-8b1a-aa5cfbf9f635 => generated 257 bytes in 25 msecs (HTTP/1.1 200) 8 headers in 296 bytes (1 switches on core 0)
Oct 14 19:40:09.661661 devstack-u2204-93-55 devstack@placement-api.service[999699]: DEBUG placement.requestlog [req-8c829c53-fef1-494c-a673-f93603430be8 req-cef68b55-8646-47a4-a464-d8aee000360a None None] Starting request: 172.25.93.55 "DELETE /placement/allocations/1b932908-b450-4dc7-8b1a-aa5cfbf9f635" {{(pid=999699) __call__ /opt/stack/placement/placement/requestlog.py:55}}
Oct 14 19:40:09.699365 devstack-u2204-93-55 devstack@placement-api.service[999699]: DEBUG placement.handlers.allocation [req-8c829c53-fef1-494c-a673-f93603430be8 req-cef68b55-8646-47a4-a464-d8aee000360a service nova] Successfully deleted allocations [<placement.objects.allocation.Allocation object at 0x7957b40715a0>, <placement.objects.allocation.Allocation object at 0x7957b4070a30>, <placement.objects.allocation.Allocation object at 0x7957b4070430>] {{(pid=999699) delete_allocations /opt/stack/placement/placement/handlers/allocation.py:627}}
Oct 14 19:40:09.700213 devstack-u2204-93-55 devstack@placement-api.service[999699]: INFO placement.requestlog [req-8c829c53-fef1-494c-a673-f93603430be8 req-cef68b55-8646-47a4-a464-d8aee000360a service nova] 172.25.93.55 "DELETE /placement/allocations/1b932908-b450-4dc7-8b1a-aa5cfbf9f635" status: 204 len: 0 microversion: 1.0
Oct 14 19:40:09.700860 devstack-u2204-93-55 devstack@placement-api.service[999699]: [pid: 999699|app: 0|req: 107/215] 172.25.93.55 () {60 vars in 1363 bytes} [Tue Oct 14 19:40:09 2025] DELETE /placement/allocations/1b932908-b450-4dc7-8b1a-aa5cfbf9f635 => generated 0 bytes in 40 msecs (HTTP/1.1 204) 5 headers in 198 bytes (1 switches on core 0)
Oct 14 19:40:14.774381 devstack-u2204-93-55 devstack@placement-api.service[999698]: DEBUG placement.requestlog [None req-2be026eb-e09a-4599-bce1-afb25ab3353d None None] Starting request: 172.25.93.55 "GET /placement/resource_providers/1a1f3113-a693-42e7-be84-a64225ba5f5b/aggregates" {{(pid=999698) __call__ /opt/stack/placement/placement/requestlog.py:55}}
Oct 14 19:40:14.864140 devstack-u2204-93-55 devstack@placement-api.service[999698]: INFO placement.requestlog [None req-2be026eb-e09a-4599-bce1-afb25ab3353d service placement] 172.25.93.55 "GET /placement/resource_providers/1a1f3113-a693-42e7-be84-a64225ba5f5b/aggregates" status: 404 len: 235 microversion: 1.1
