Oct 17 20:19:53.844057 podb-esxi207 dnsmasq-dhcp[2951193]: read /opt/stack/data/neutron/dhcp/d183c87f-23e2-4e8c-8920-74a8e365be72/opts
Oct 17 20:19:54.098180 podb-esxi207 dnsmasq[2951193]: exiting on receipt of SIGTERM
Oct 17 20:20:33.455849 podb-esxi207 dnsmasq-dhcp[2956709]: DHCPRELEASE(tap6137e4b7-93) 10.1.0.8 fa:16:3e:9e:1d:24
Oct 17 20:20:33.473374 podb-esxi207 dnsmasq-dhcp[2956709]: DHCPRELEASE(tap6137e4b7-93) 10.1.0.8 fa:16:3e:9e:1d:24 unknown lease
Oct 17 20:20:34.297459 podb-esxi207 dnsmasq[2956709]: read /opt/stack/data/neutron/dhcp/ffc8c3db-d84f-4f4e-8b31-3c0891e1e103/addn_hosts - 2 names
Oct 17 20:20:34.297571 podb-esxi207 dnsmasq-dhcp[2956709]: read /opt/stack/data/neutron/dhcp/ffc8c3db-d84f-4f4e-8b31-3c0891e1e103/host
Oct 17 20:20:34.297685 podb-esxi207 dnsmasq-dhcp[2956709]: read /opt/stack/data/neutron/dhcp/ffc8c3db-d84f-4f4e-8b31-3c0891e1e103/opts
Oct 17 20:20:41.061240 podb-esxi207 dnsmasq[2956709]: read /opt/stack/data/neutron/dhcp/ffc8c3db-d84f-4f4e-8b31-3c0891e1e103/addn_hosts - 0 names
Oct 17 20:20:41.061403 podb-esxi207 dnsmasq-dhcp[2956709]: read /opt/stack/data/neutron/dhcp/ffc8c3db-d84f-4f4e-8b31-3c0891e1e103/host
Oct 17 20:20:41.061460 podb-esxi207 dnsmasq-dhcp[2956709]: read /opt/stack/data/neutron/dhcp/ffc8c3db-d84f-4f4e-8b31-3c0891e1e103/opts
Oct 17 20:20:42.324533 podb-esxi207 dnsmasq[2956709]: exiting on receipt of SIGTERM
Oct 17 20:20:43.433977 podb-esxi207 dnsmasq[2957034]: read /opt/stack/data/neutron/dhcp/84c6d177-26a9-4fed-b941-74c271fe9707/addn_hosts - 0 names
Oct 17 20:20:43.434079 podb-esxi207 dnsmasq-dhcp[2957034]: read /opt/stack/data/neutron/dhcp/84c6d177-26a9-4fed-b941-74c271fe9707/host
Oct 17 20:20:43.434175 podb-esxi207 dnsmasq-dhcp[2957034]: read /opt/stack/data/neutron/dhcp/84c6d177-26a9-4fed-b941-74c271fe9707/opts
Oct 17 20:20:44.348622 podb-esxi207 dnsmasq[2957034]: exiting on receipt of SIGTERM
Oct 17 20:21:23.186079 podb-esxi207 dnsmasq[2950557]: read /opt/stack/data/neutron/dhcp/50488e84-9051-4e7c-9d28-39bb8416e929/addn_hosts - 0 names
Oct 17 20:21:23.186160 podb-esxi207 dnsmasq-dhcp[2950557]: read /opt/stack/data/neutron/dhcp/50488e84-9051-4e7c-9d28-39bb8416e929/host
Oct 17 20:21:23.186264 podb-esxi207 dnsmasq-dhcp[2950557]: read /opt/stack/data/neutron/dhcp/50488e84-9051-4e7c-9d28-39bb8416e929/opts
Oct 17 20:21:24.411413 podb-esxi207 dnsmasq[2950557]: exiting on receipt of SIGTERM
Oct 17 20:21:28.526401 podb-esxi207 dnsmasq[2959880]: started, version 2.90 cachesize 150
Oct 17 20:21:28.526427 podb-esxi207 dnsmasq[2959880]: DNS service limited to local subnets
Oct 17 20:21:28.526441 podb-esxi207 dnsmasq[2959880]: compile time options: IPv6 GNU-getopt DBus no-UBus i18n IDN2 DHCP DHCPv6 no-Lua TFTP conntrack ipset no-nftset auth cryptohash DNSSEC loop-detect inotify dumpfile
Oct 17 20:21:28.526483 podb-esxi207 dnsmasq-dhcp[2959880]: DHCP, static leases only on 10.1.0.0, lease time 1d
Oct 17 20:21:28.526637 podb-esxi207 dnsmasq[2959880]: reading /etc/resolv.conf
Oct 17 20:21:28.526654 podb-esxi207 dnsmasq[2959880]: using nameserver 127.0.0.53#53
Oct 17 20:21:28.526746 podb-esxi207 dnsmasq[2959880]: read /opt/stack/data/neutron/dhcp/b35bc85e-235d-45f1-a4ef-0035b68aca15/addn_hosts - 0 names
Oct 17 20:21:28.526797 podb-esxi207 dnsmasq-dhcp[2959880]: read /opt/stack/data/neutron/dhcp/b35bc85e-235d-45f1-a4ef-0035b68aca15/host
Oct 17 20:21:28.526855 podb-esxi207 dnsmasq-dhcp[2959880]: read /opt/stack/data/neutron/dhcp/b35bc85e-235d-45f1-a4ef-0035b68aca15/opts
Oct 17 20:21:30.073122 podb-esxi207 dnsmasq[2959880]: read /opt/stack/data/neutron/dhcp/b35bc85e-235d-45f1-a4ef-0035b68aca15/addn_hosts - 2 names
Oct 17 20:21:30.073227 podb-esxi207 dnsmasq-dhcp[2959880]: read /opt/stack/data/neutron/dhcp/b35bc85e-235d-45f1-a4ef-0035b68aca15/host
Oct 17 20:21:30.073336 podb-esxi207 dnsmasq-dhcp[2959880]: read /opt/stack/data/neutron/dhcp/b35bc85e-235d-45f1-a4ef-0035b68aca15/opts
Oct 17 20:21:32.883071 podb-esxi207 dnsmasq[2960183]: started, version 2.90 cachesize 150
Oct 17 20:21:32.883095 podb-esxi207 dnsmasq[2960183]: DNS service limited to local subnets
Oct 17 20:21:32.883111 podb-esxi207 dnsmasq[2960183]: compile time options: IPv6 GNU-getopt DBus no-UBus i18n IDN2 DHCP DHCPv6 no-Lua TFTP conntrack ipset no-nftset auth cryptohash DNSSEC loop-detect inotify dumpfile
Oct 17 20:21:32.883149 podb-esxi207 dnsmasq-dhcp[2960183]: DHCP, static leases only on 10.1.0.0, lease time 1d
Oct 17 20:21:32.883304 podb-esxi207 dnsmasq[2960183]: reading /etc/resolv.conf
Oct 17 20:21:32.883320 podb-esxi207 dnsmasq[2960183]: using nameserver 127.0.0.53#53
Oct 17 20:21:32.883436 podb-esxi207 dnsmasq[2960183]: read /opt/stack/data/neutron/dhcp/101d4a30-1a91-48dc-a845-8f411ca2d70c/addn_hosts - 2 names
Oct 17 20:21:32.883496 podb-esxi207 dnsmasq-dhcp[2960183]: read /opt/stack/data/neutron/dhcp/101d4a30-1a91-48dc-a845-8f411ca2d70c/host
Oct 17 20:21:32.883571 podb-esxi207 dnsmasq-dhcp[2960183]: read /opt/stack/data/neutron/dhcp/101d4a30-1a91-48dc-a845-8f411ca2d70c/opts
Oct 17 20:21:33.926871 podb-esxi207 dnsmasq[2959880]: read /opt/stack/data/neutron/dhcp/b35bc85e-235d-45f1-a4ef-0035b68aca15/addn_hosts - 2 names
Oct 17 20:21:33.926988 podb-esxi207 dnsmasq-dhcp[2959880]: read /opt/stack/data/neutron/dhcp/b35bc85e-235d-45f1-a4ef-0035b68aca15/host
Oct 17 20:21:33.927105 podb-esxi207 dnsmasq-dhcp[2959880]: read /opt/stack/data/neutron/dhcp/b35bc85e-235d-45f1-a4ef-0035b68aca15/opts
Oct 17 20:21:35.194021 podb-esxi207 dnsmasq[2960183]: read /opt/stack/data/neutron/dhcp/101d4a30-1a91-48dc-a845-8f411ca2d70c/addn_hosts - 2 names
Oct 17 20:21:35.194115 podb-esxi207 dnsmasq-dhcp[2960183]: read /opt/stack/data/neutron/dhcp/101d4a30-1a91-48dc-a845-8f411ca2d70c/host
Oct 17 20:21:35.194231 podb-esxi207 dnsmasq-dhcp[2960183]: read /opt/stack/data/neutron/dhcp/101d4a30-1a91-48dc-a845-8f411ca2d70c/opts
Oct 17 20:21:36.441675 podb-esxi207 dnsmasq[2959880]: read /opt/stack/data/neutron/dhcp/b35bc85e-235d-45f1-a4ef-0035b68aca15/addn_hosts - 2 names
Oct 17 20:21:36.441759 podb-esxi207 dnsmasq-dhcp[2959880]: read /opt/stack/data/neutron/dhcp/b35bc85e-235d-45f1-a4ef-0035b68aca15/host
Oct 17 20:21:36.441859 podb-esxi207 dnsmasq-dhcp[2959880]: read /opt/stack/data/neutron/dhcp/b35bc85e-235d-45f1-a4ef-0035b68aca15/opts
Oct 17 20:21:37.184415 podb-esxi207 dnsmasq[2960183]: read /opt/stack/data/neutron/dhcp/101d4a30-1a91-48dc-a845-8f411ca2d70c/addn_hosts - 2 names
Oct 17 20:21:37.184561 podb-esxi207 dnsmasq-dhcp[2960183]: read /opt/stack/data/neutron/dhcp/101d4a30-1a91-48dc-a845-8f411ca2d70c/host
Oct 17 20:21:37.184688 podb-esxi207 dnsmasq-dhcp[2960183]: read /opt/stack/data/neutron/dhcp/101d4a30-1a91-48dc-a845-8f411ca2d70c/opts
Oct 17 20:21:38.425717 podb-esxi207 dnsmasq[2960183]: read /opt/stack/data/neutron/dhcp/101d4a30-1a91-48dc-a845-8f411ca2d70c/addn_hosts - 2 names
Oct 17 20:21:38.425835 podb-esxi207 dnsmasq-dhcp[2960183]: read /opt/stack/data/neutron/dhcp/101d4a30-1a91-48dc-a845-8f411ca2d70c/host
Oct 17 20:21:38.425953 podb-esxi207 dnsmasq-dhcp[2960183]: read /opt/stack/data/neutron/dhcp/101d4a30-1a91-48dc-a845-8f411ca2d70c/opts
Oct 17 20:21:39.661997 podb-esxi207 dnsmasq[2959880]: read /opt/stack/data/neutron/dhcp/b35bc85e-235d-45f1-a4ef-0035b68aca15/addn_hosts - 4 names
Oct 17 20:21:39.662133 podb-esxi207 dnsmasq-dhcp[2959880]: read /opt/stack/data/neutron/dhcp/b35bc85e-235d-45f1-a4ef-0035b68aca15/host
Oct 17 20:21:39.662254 podb-esxi207 dnsmasq-dhcp[2959880]: read /opt/stack/data/neutron/dhcp/b35bc85e-235d-45f1-a4ef-0035b68aca15/opts
Oct 17 20:22:01.960925 podb-esxi207 dnsmasq-dhcp[2959880]: DHCPDISCOVER(tap233cbb24-2c) fa:16:3e:03:bb:c9
Oct 17 20:22:01.960952 podb-esxi207 dnsmasq-dhcp[2959880]: DHCPOFFER(tap233cbb24-2c) 10.1.0.13 fa:16:3e:03:bb:c9
Oct 17 20:22:01.971506 podb-esxi207 dnsmasq-dhcp[2959880]: DHCPREQUEST(tap233cbb24-2c) 10.1.0.13 fa:16:3e:03:bb:c9
Oct 17 20:22:01.971539 podb-esxi207 dnsmasq-dhcp[2959880]: DHCPACK(tap233cbb24-2c) 10.1.0.13 fa:16:3e:03:bb:c9 host-10-1-0-13
Oct 17 20:23:58.513558 podb-esxi207 dnsmasq[2959880]: read /opt/stack/data/neutron/dhcp/b35bc85e-235d-45f1-a4ef-0035b68aca15/addn_hosts - 6 names
Oct 17 20:23:58.513657 podb-esxi207 dnsmasq-dhcp[2959880]: read /opt/stack/data/neutron/dhcp/b35bc85e-235d-45f1-a4ef-0035b68aca15/host
Oct 17 20:23:58.513728 podb-esxi207 dnsmasq-dhcp[2959880]: read /opt/stack/data/neutron/dhcp/b35bc85e-235d-45f1-a4ef-0035b68aca15/opts
Oct 17 20:24:27.272838 podb-esxi207 dnsmasq-dhcp[2959880]: DHCPDISCOVER(tap233cbb24-2c) fa:16:3e:b0:44:4f
Oct 17 20:24:27.272866 podb-esxi207 dnsmasq-dhcp[2959880]: DHCPOFFER(tap233cbb24-2c) 10.1.0.11 fa:16:3e:b0:44:4f
Oct 17 20:24:27.284967 podb-esxi207 dnsmasq-dhcp[2959880]: DHCPREQUEST(tap233cbb24-2c) 10.1.0.11 fa:16:3e:b0:44:4f
Oct 17 20:24:27.284998 podb-esxi207 dnsmasq-dhcp[2959880]: DHCPACK(tap233cbb24-2c) 10.1.0.11 fa:16:3e:b0:44:4f host-10-1-0-11
Oct 17 20:25:44.272896 podb-esxi207 dnsmasq-dhcp[2959880]: DHCPRELEASE(tap233cbb24-2c) 10.1.0.11 fa:16:3e:b0:44:4f
Oct 17 20:25:44.290833 podb-esxi207 dnsmasq-dhcp[2959880]: DHCPRELEASE(tap233cbb24-2c) 10.1.0.11 fa:16:3e:b0:44:4f unknown lease
Oct 17 20:25:45.115628 podb-esxi207 dnsmasq[2959880]: read /opt/stack/data/neutron/dhcp/b35bc85e-235d-45f1-a4ef-0035b68aca15/addn_hosts - 4 names
Oct 17 20:25:45.115772 podb-esxi207 dnsmasq-dhcp[2959880]: read /opt/stack/data/neutron/dhcp/b35bc85e-235d-45f1-a4ef-0035b68aca15/host
Oct 17 20:25:45.115889 podb-esxi207 dnsmasq-dhcp[2959880]: read /opt/stack/data/neutron/dhcp/b35bc85e-235d-45f1-a4ef-0035b68aca15/opts
Oct 17 20:26:34.985617 podb-esxi207 dnsmasq-dhcp[2959880]: DHCPRELEASE(tap233cbb24-2c) 10.1.0.13 fa:16:3e:03:bb:c9
Oct 17 20:26:35.003112 podb-esxi207 dnsmasq-dhcp[2959880]: DHCPRELEASE(tap233cbb24-2c) 10.1.0.13 fa:16:3e:03:bb:c9 unknown lease
Oct 17 20:26:35.831588 podb-esxi207 dnsmasq[2959880]: read /opt/stack/data/neutron/dhcp/b35bc85e-235d-45f1-a4ef-0035b68aca15/addn_hosts - 2 names
Oct 17 20:26:35.831676 podb-esxi207 dnsmasq-dhcp[2959880]: read /opt/stack/data/neutron/dhcp/b35bc85e-235d-45f1-a4ef-0035b68aca15/host
Oct 17 20:26:35.831749 podb-esxi207 dnsmasq-dhcp[2959880]: read /opt/stack/data/neutron/dhcp/b35bc85e-235d-45f1-a4ef-0035b68aca15/opts
Oct 17 20:26:45.236315 podb-esxi207 dnsmasq[2959880]: read /opt/stack/data/neutron/dhcp/b35bc85e-235d-45f1-a4ef-0035b68aca15/addn_hosts - 0 names
Oct 17 20:26:45.236394 podb-esxi207 dnsmasq-dhcp[2959880]: read /opt/stack/data/neutron/dhcp/b35bc85e-235d-45f1-a4ef-0035b68aca15/host
Oct 17 20:26:45.236497 podb-esxi207 dnsmasq-dhcp[2959880]: read /opt/stack/data/neutron/dhcp/b35bc85e-235d-45f1-a4ef-0035b68aca15/opts
Oct 17 20:26:46.146363 podb-esxi207 dnsmasq[2959880]: exiting on receipt of SIGTERM
Oct 17 20:26:46.859186 podb-esxi207 dnsmasq-dhcp[2960183]: DHCPRELEASE(tap87191265-15) 10.1.0.1 fa:16:3e:51:06:f7
Oct 17 20:26:47.683719 podb-esxi207 dnsmasq[2960183]: read /opt/stack/data/neutron/dhcp/101d4a30-1a91-48dc-a845-8f411ca2d70c/addn_hosts - 0 names
Oct 17 20:26:47.683801 podb-esxi207 dnsmasq-dhcp[2960183]: read /opt/stack/data/neutron/dhcp/101d4a30-1a91-48dc-a845-8f411ca2d70c/host
Oct 17 20:26:47.683872 podb-esxi207 dnsmasq-dhcp[2960183]: read /opt/stack/data/neutron/dhcp/101d4a30-1a91-48dc-a845-8f411ca2d70c/opts
Oct 17 20:26:48.439810 podb-esxi207 dnsmasq[2960183]: exiting on receipt of SIGTERM
Oct 17 20:26:52.918277 podb-esxi207 dnsmasq[2963541]: started, version 2.90 cachesize 150
Oct 17 20:26:52.918307 podb-esxi207 dnsmasq[2963541]: DNS service limited to local subnets
Oct 17 20:26:52.918322 podb-esxi207 dnsmasq[2963541]: compile time options: IPv6 GNU-getopt DBus no-UBus i18n IDN2 DHCP DHCPv6 no-Lua TFTP conntrack ipset no-nftset auth cryptohash DNSSEC loop-detect inotify dumpfile
Oct 17 20:26:52.918359 podb-esxi207 dnsmasq-dhcp[2963541]: DHCP, static leases only on 10.1.0.0, lease time 1d
Oct 17 20:26:52.918513 podb-esxi207 dnsmasq[2963541]: reading /etc/resolv.conf
Oct 17 20:26:52.918530 podb-esxi207 dnsmasq[2963541]: using nameserver 127.0.0.53#53
Oct 17 20:26:52.918612 podb-esxi207 dnsmasq[2963541]: read /opt/stack/data/neutron/dhcp/6ef809cd-9d78-4b28-9f0e-7569f5454c04/addn_hosts - 0 names
Oct 17 20:26:52.918666 podb-esxi207 dnsmasq-dhcp[2963541]: read /opt/stack/data/neutron/dhcp/6ef809cd-9d78-4b28-9f0e-7569f5454c04/host
Oct 17 20:26:52.918737 podb-esxi207 dnsmasq-dhcp[2963541]: read /opt/stack/data/neutron/dhcp/6ef809cd-9d78-4b28-9f0e-7569f5454c04/opts
Oct 17 20:26:54.467364 podb-esxi207 dnsmasq[2963541]: read /opt/stack/data/neutron/dhcp/6ef809cd-9d78-4b28-9f0e-7569f5454c04/addn_hosts - 2 names
Oct 17 20:26:54.467461 podb-esxi207 dnsmasq-dhcp[2963541]: read /opt/stack/data/neutron/dhcp/6ef809cd-9d78-4b28-9f0e-7569f5454c04/host
Oct 17 20:26:54.467560 podb-esxi207 dnsmasq-dhcp[2963541]: read /opt/stack/data/neutron/dhcp/6ef809cd-9d78-4b28-9f0e-7569f5454c04/opts
Oct 17 20:26:57.382913 podb-esxi207 dnsmasq[2963884]: started, version 2.90 cachesize 150
Oct 17 20:26:57.382942 podb-esxi207 dnsmasq[2963884]: DNS service limited to local subnets
Oct 17 20:26:57.382958 podb-esxi207 dnsmasq[2963884]: compile time options: IPv6 GNU-getopt DBus no-UBus i18n IDN2 DHCP DHCPv6 no-Lua TFTP conntrack ipset no-nftset auth cryptohash DNSSEC loop-detect inotify dumpfile
Oct 17 20:26:57.382993 podb-esxi207 dnsmasq-dhcp[2963884]: DHCP, static leases only on 10.1.0.0, lease time 1d
Oct 17 20:26:57.383151 podb-esxi207 dnsmasq[2963884]: reading /etc/resolv.conf
Oct 17 20:26:57.383167 podb-esxi207 dnsmasq[2963884]: using nameserver 127.0.0.53#53
Oct 17 20:26:57.383274 podb-esxi207 dnsmasq[2963884]: read /opt/stack/data/neutron/dhcp/89d9e91f-ec26-4eec-a523-2c02c8518bc5/addn_hosts - 2 names
Oct 17 20:26:57.383338 podb-esxi207 dnsmasq-dhcp[2963884]: read /opt/stack/data/neutron/dhcp/89d9e91f-ec26-4eec-a523-2c02c8518bc5/host
Oct 17 20:26:57.383405 podb-esxi207 dnsmasq-dhcp[2963884]: read /opt/stack/data/neutron/dhcp/89d9e91f-ec26-4eec-a523-2c02c8518bc5/opts
Oct 17 20:26:58.427552 podb-esxi207 dnsmasq[2963541]: read /opt/stack/data/neutron/dhcp/6ef809cd-9d78-4b28-9f0e-7569f5454c04/addn_hosts - 2 names
Oct 17 20:26:58.427635 podb-esxi207 dnsmasq-dhcp[2963541]: read /opt/stack/data/neutron/dhcp/6ef809cd-9d78-4b28-9f0e-7569f5454c04/host
Oct 17 20:26:58.427710 podb-esxi207 dnsmasq-dhcp[2963541]: read /opt/stack/data/neutron/dhcp/6ef809cd-9d78-4b28-9f0e-7569f5454c04/opts
Oct 17 20:26:59.688050 podb-esxi207 dnsmasq[2963884]: read /opt/stack/data/neutron/dhcp/89d9e91f-ec26-4eec-a523-2c02c8518bc5/addn_hosts - 2 names
Oct 17 20:26:59.688157 podb-esxi207 dnsmasq-dhcp[2963884]: read /opt/stack/data/neutron/dhcp/89d9e91f-ec26-4eec-a523-2c02c8518bc5/host
Oct 17 20:26:59.688268 podb-esxi207 dnsmasq-dhcp[2963884]: read /opt/stack/data/neutron/dhcp/89d9e91f-ec26-4eec-a523-2c02c8518bc5/opts
Oct 17 20:27:00.953980 podb-esxi207 dnsmasq[2963541]: read /opt/stack/data/neutron/dhcp/6ef809cd-9d78-4b28-9f0e-7569f5454c04/addn_hosts - 2 names
Oct 17 20:27:00.954108 podb-esxi207 dnsmasq-dhcp[2963541]: read /opt/stack/data/neutron/dhcp/6ef809cd-9d78-4b28-9f0e-7569f5454c04/host
Oct 17 20:27:00.954201 podb-esxi207 dnsmasq-dhcp[2963541]: read /opt/stack/data/neutron/dhcp/6ef809cd-9d78-4b28-9f0e-7569f5454c04/opts
Oct 17 20:27:01.709403 podb-esxi207 dnsmasq[2963884]: read /opt/stack/data/neutron/dhcp/89d9e91f-ec26-4eec-a523-2c02c8518bc5/addn_hosts - 2 names
Oct 17 20:27:01.709510 podb-esxi207 dnsmasq-dhcp[2963884]: read /opt/stack/data/neutron/dhcp/89d9e91f-ec26-4eec-a523-2c02c8518bc5/host
Oct 17 20:27:01.709628 podb-esxi207 dnsmasq-dhcp[2963884]: read /opt/stack/data/neutron/dhcp/89d9e91f-ec26-4eec-a523-2c02c8518bc5/opts
Oct 17 20:27:02.966156 podb-esxi207 dnsmasq[2963884]: read /opt/stack/data/neutron/dhcp/89d9e91f-ec26-4eec-a523-2c02c8518bc5/addn_hosts - 2 names
Oct 17 20:27:02.966294 podb-esxi207 dnsmasq-dhcp[2963884]: read /opt/stack/data/neutron/dhcp/89d9e91f-ec26-4eec-a523-2c02c8518bc5/host
Oct 17 20:27:02.966410 podb-esxi207 dnsmasq-dhcp[2963884]: read /opt/stack/data/neutron/dhcp/89d9e91f-ec26-4eec-a523-2c02c8518bc5/opts
Oct 17 20:27:21.440834 podb-esxi207 dnsmasq[2963541]: read /opt/stack/data/neutron/dhcp/6ef809cd-9d78-4b28-9f0e-7569f5454c04/addn_hosts - 4 names
Oct 17 20:27:21.440905 podb-esxi207 dnsmasq-dhcp[2963541]: read /opt/stack/data/neutron/dhcp/6ef809cd-9d78-4b28-9f0e-7569f5454c04/host
Oct 17 20:27:21.440967 podb-esxi207 dnsmasq-dhcp[2963541]: read /opt/stack/data/neutron/dhcp/6ef809cd-9d78-4b28-9f0e-7569f5454c04/opts
Oct 17 20:27:48.723409 podb-esxi207 dnsmasq-dhcp[2963541]: DHCPDISCOVER(tap4103ca8e-2e) fa:16:3e:e7:eb:22
Oct 17 20:27:48.723438 podb-esxi207 dnsmasq-dhcp[2963541]: DHCPOFFER(tap4103ca8e-2e) 10.1.0.10 fa:16:3e:e7:eb:22
Oct 17 20:27:48.736843 podb-esxi207 dnsmasq-dhcp[2963541]: DHCPREQUEST(tap4103ca8e-2e) 10.1.0.10 fa:16:3e:e7:eb:22
Oct 17 20:27:48.736878 podb-esxi207 dnsmasq-dhcp[2963541]: DHCPACK(tap4103ca8e-2e) 10.1.0.10 fa:16:3e:e7:eb:22 host-10-1-0-10
Oct 17 20:28:44.280362 podb-esxi207 dnsmasq[2963541]: read /opt/stack/data/neutron/dhcp/6ef809cd-9d78-4b28-9f0e-7569f5454c04/addn_hosts - 6 names
Oct 17 20:28:44.280466 podb-esxi207 dnsmasq-dhcp[2963541]: read /opt/stack/data/neutron/dhcp/6ef809cd-9d78-4b28-9f0e-7569f5454c04/host
Oct 17 20:28:44.280540 podb-esxi207 dnsmasq-dhcp[2963541]: read /opt/stack/data/neutron/dhcp/6ef809cd-9d78-4b28-9f0e-7569f5454c04/opts
Oct 17 20:29:36.879680 podb-esxi207 dnsmasq-dhcp[2963541]: DHCPDISCOVER(tap4103ca8e-2e) fa:16:3e:e7:21:79
Oct 17 20:29:36.879711 podb-esxi207 dnsmasq-dhcp[2963541]: DHCPOFFER(tap4103ca8e-2e) 10.1.0.5 fa:16:3e:e7:21:79
Oct 17 20:29:36.893223 podb-esxi207 dnsmasq-dhcp[2963541]: DHCPREQUEST(tap4103ca8e-2e) 10.1.0.5 fa:16:3e:e7:21:79
Oct 17 20:29:36.893263 podb-esxi207 dnsmasq-dhcp[2963541]: DHCPACK(tap4103ca8e-2e) 10.1.0.5 fa:16:3e:e7:21:79 host-10-1-0-5
Oct 17 20:30:33.061427 podb-esxi207 dnsmasq-dhcp[2963541]: DHCPRELEASE(tap4103ca8e-2e) 10.1.0.5 fa:16:3e:e7:21:79
Oct 17 20:30:33.077746 podb-esxi207 dnsmasq-dhcp[2963541]: DHCPRELEASE(tap4103ca8e-2e) 10.1.0.5 fa:16:3e:e7:21:79 unknown lease
Oct 17 20:30:33.905153 podb-esxi207 dnsmasq[2963541]: read /opt/stack/data/neutron/dhcp/6ef809cd-9d78-4b28-9f0e-7569f5454c04/addn_hosts - 4 names
Oct 17 20:30:33.905284 podb-esxi207 dnsmasq-dhcp[2963541]: read /opt/stack/data/neutron/dhcp/6ef809cd-9d78-4b28-9f0e-7569f5454c04/host
Oct 17 20:30:33.905391 podb-esxi207 dnsmasq-dhcp[2963541]: read /opt/stack/data/neutron/dhcp/6ef809cd-9d78-4b28-9f0e-7569f5454c04/opts
Oct 17 20:31:05.143033 podb-esxi207 dnsmasq[2966622]: started, version 2.90 cachesize 150
Oct 17 20:31:05.143053 podb-esxi207 dnsmasq[2966622]: DNS service limited to local subnets
Oct 17 20:31:05.143069 podb-esxi207 dnsmasq[2966622]: compile time options: IPv6 GNU-getopt DBus no-UBus i18n IDN2 DHCP DHCPv6 no-Lua TFTP conntrack ipset no-nftset auth cryptohash DNSSEC loop-detect inotify dumpfile
Oct 17 20:31:05.143106 podb-esxi207 dnsmasq-dhcp[2966622]: DHCP, static leases only on 10.1.0.0, lease time 1d
Oct 17 20:31:05.143268 podb-esxi207 dnsmasq[2966622]: reading /etc/resolv.conf
Oct 17 20:31:05.143286 podb-esxi207 dnsmasq[2966622]: using nameserver 127.0.0.53#53
Oct 17 20:31:05.143387 podb-esxi207 dnsmasq[2966622]: read /opt/stack/data/neutron/dhcp/f19a1991-46c8-4a3e-ac57-b717ded11040/addn_hosts - 0 names
Oct 17 20:31:05.143442 podb-esxi207 dnsmasq-dhcp[2966622]: read /opt/stack/data/neutron/dhcp/f19a1991-46c8-4a3e-ac57-b717ded11040/host
Oct 17 20:31:05.143502 podb-esxi207 dnsmasq-dhcp[2966622]: read /opt/stack/data/neutron/dhcp/f19a1991-46c8-4a3e-ac57-b717ded11040/opts
Oct 17 20:31:06.690426 podb-esxi207 dnsmasq[2966622]: read /opt/stack/data/neutron/dhcp/f19a1991-46c8-4a3e-ac57-b717ded11040/addn_hosts - 2 names
Oct 17 20:31:06.690556 podb-esxi207 dnsmasq-dhcp[2966622]: read /opt/stack/data/neutron/dhcp/f19a1991-46c8-4a3e-ac57-b717ded11040/host
Oct 17 20:31:06.690671 podb-esxi207 dnsmasq-dhcp[2966622]: read /opt/stack/data/neutron/dhcp/f19a1991-46c8-4a3e-ac57-b717ded11040/opts
Oct 17 20:31:09.659021 podb-esxi207 dnsmasq[2966929]: started, version 2.90 cachesize 150
Oct 17 20:31:09.659050 podb-esxi207 dnsmasq[2966929]: DNS service limited to local subnets
Oct 17 20:31:09.659066 podb-esxi207 dnsmasq[2966929]: compile time options: IPv6 GNU-getopt DBus no-UBus i18n IDN2 DHCP DHCPv6 no-Lua TFTP conntrack ipset no-nftset auth cryptohash DNSSEC loop-detect inotify dumpfile
Oct 17 20:31:09.659101 podb-esxi207 dnsmasq-dhcp[2966929]: DHCP, static leases only on 10.1.0.0, lease time 1d
Oct 17 20:31:09.659253 podb-esxi207 dnsmasq[2966929]: reading /etc/resolv.conf
Oct 17 20:31:09.659269 podb-esxi207 dnsmasq[2966929]: using nameserver 127.0.0.53#53
Oct 17 20:31:09.659355 podb-esxi207 dnsmasq[2966929]: read /opt/stack/data/neutron/dhcp/18f09514-64ef-4a22-a61a-184fb591d408/addn_hosts - 0 names
Oct 17 20:31:09.659406 podb-esxi207 dnsmasq-dhcp[2966929]: read /opt/stack/data/neutron/dhcp/18f09514-64ef-4a22-a61a-184fb591d408/host
Oct 17 20:31:09.659463 podb-esxi207 dnsmasq-dhcp[2966929]: read /opt/stack/data/neutron/dhcp/18f09514-64ef-4a22-a61a-184fb591d408/opts
Oct 17 20:31:10.701903 podb-esxi207 dnsmasq[2966622]: read /opt/stack/data/neutron/dhcp/f19a1991-46c8-4a3e-ac57-b717ded11040/addn_hosts - 2 names
Oct 17 20:31:10.702014 podb-esxi207 dnsmasq-dhcp[2966622]: read /opt/stack/data/neutron/dhcp/f19a1991-46c8-4a3e-ac57-b717ded11040/host
Oct 17 20:31:10.702126 podb-esxi207 dnsmasq-dhcp[2966622]: read /opt/stack/data/neutron/dhcp/f19a1991-46c8-4a3e-ac57-b717ded11040/opts
Oct 17 20:31:11.961909 podb-esxi207 dnsmasq[2966929]: read /opt/stack/data/neutron/dhcp/18f09514-64ef-4a22-a61a-184fb591d408/addn_hosts - 2 names
Oct 17 20:31:11.962049 podb-esxi207 dnsmasq-dhcp[2966929]: read /opt/stack/data/neutron/dhcp/18f09514-64ef-4a22-a61a-184fb591d408/host
Oct 17 20:31:11.962160 podb-esxi207 dnsmasq-dhcp[2966929]: read /opt/stack/data/neutron/dhcp/18f09514-64ef-4a22-a61a-184fb591d408/opts
Oct 17 20:31:13.218729 podb-esxi207 dnsmasq[2966622]: read /opt/stack/data/neutron/dhcp/f19a1991-46c8-4a3e-ac57-b717ded11040/addn_hosts - 2 names
Oct 17 20:31:13.218814 podb-esxi207 dnsmasq-dhcp[2966622]: read /opt/stack/data/neutron/dhcp/f19a1991-46c8-4a3e-ac57-b717ded11040/host
Oct 17 20:31:13.218912 podb-esxi207 dnsmasq-dhcp[2966622]: read /opt/stack/data/neutron/dhcp/f19a1991-46c8-4a3e-ac57-b717ded11040/opts
Oct 17 20:31:13.968496 podb-esxi207 dnsmasq[2966929]: read /opt/stack/data/neutron/dhcp/18f09514-64ef-4a22-a61a-184fb591d408/addn_hosts - 2 names
Oct 17 20:31:13.968631 podb-esxi207 dnsmasq-dhcp[2966929]: read /opt/stack/data/neutron/dhcp/18f09514-64ef-4a22-a61a-184fb591d408/host
Oct 17 20:31:13.968750 podb-esxi207 dnsmasq-dhcp[2966929]: read /opt/stack/data/neutron/dhcp/18f09514-64ef-4a22-a61a-184fb591d408/opts
Oct 17 20:31:15.233570 podb-esxi207 dnsmasq[2966929]: read /opt/stack/data/neutron/dhcp/18f09514-64ef-4a22-a61a-184fb591d408/addn_hosts - 2 names
Oct 17 20:31:15.233659 podb-esxi207 dnsmasq-dhcp[2966929]: read /opt/stack/data/neutron/dhcp/18f09514-64ef-4a22-a61a-184fb591d408/host
Oct 17 20:31:15.233774 podb-esxi207 dnsmasq-dhcp[2966929]: read /opt/stack/data/neutron/dhcp/18f09514-64ef-4a22-a61a-184fb591d408/opts
Oct 17 20:31:24.475055 podb-esxi207 dnsmasq-dhcp[2963541]: DHCPRELEASE(tap4103ca8e-2e) 10.1.0.10 fa:16:3e:e7:eb:22
Oct 17 20:31:24.491298 podb-esxi207 dnsmasq-dhcp[2963541]: DHCPRELEASE(tap4103ca8e-2e) 10.1.0.10 fa:16:3e:e7:eb:22 unknown lease
Oct 17 20:31:25.317404 podb-esxi207 dnsmasq[2963541]: read /opt/stack/data/neutron/dhcp/6ef809cd-9d78-4b28-9f0e-7569f5454c04/addn_hosts - 2 names
Oct 17 20:31:25.317496 podb-esxi207 dnsmasq-dhcp[2963541]: read /opt/stack/data/neutron/dhcp/6ef809cd-9d78-4b28-9f0e-7569f5454c04/host
Oct 17 20:31:25.317568 podb-esxi207 dnsmasq-dhcp[2963541]: read /opt/stack/data/neutron/dhcp/6ef809cd-9d78-4b28-9f0e-7569f5454c04/opts
Oct 17 20:32:00.266084 podb-esxi207 dnsmasq[2963541]: read /opt/stack/data/neutron/dhcp/6ef809cd-9d78-4b28-9f0e-7569f5454c04/addn_hosts - 4 names
Oct 17 20:32:00.266179 podb-esxi207 dnsmasq-dhcp[2963541]: read /opt/stack/data/neutron/dhcp/6ef809cd-9d78-4b28-9f0e-7569f5454c04/host
Oct 17 20:32:00.266270 podb-esxi207 dnsmasq-dhcp[2963541]: read /opt/stack/data/neutron/dhcp/6ef809cd-9d78-4b28-9f0e-7569f5454c04/opts
Oct 17 20:32:26.456386 podb-esxi207 dnsmasq[2966622]: read /opt/stack/data/neutron/dhcp/f19a1991-46c8-4a3e-ac57-b717ded11040/addn_hosts - 0 names
Oct 17 20:32:26.456459 podb-esxi207 dnsmasq-dhcp[2966622]: read /opt/stack/data/neutron/dhcp/f19a1991-46c8-4a3e-ac57-b717ded11040/host
Oct 17 20:32:26.456534 podb-esxi207 dnsmasq-dhcp[2966622]: read /opt/stack/data/neutron/dhcp/f19a1991-46c8-4a3e-ac57-b717ded11040/opts
Oct 17 20:32:27.313254 podb-esxi207 dnsmasq[2966622]: exiting on receipt of SIGTERM
Oct 17 20:32:28.366696 podb-esxi207 dnsmasq-dhcp[2963541]: DHCPDISCOVER(tap4103ca8e-2e) fa:16:3e:be:61:1e
Oct 17 20:32:28.366720 podb-esxi207 dnsmasq-dhcp[2963541]: DHCPOFFER(tap4103ca8e-2e) 10.1.0.5 fa:16:3e:be:61:1e
Oct 17 20:32:28.377625 podb-esxi207 dnsmasq-dhcp[2963541]: DHCPREQUEST(tap4103ca8e-2e) 10.1.0.5 fa:16:3e:be:61:1e
Oct 17 20:32:28.377655 podb-esxi207 dnsmasq-dhcp[2963541]: DHCPACK(tap4103ca8e-2e) 10.1.0.5 fa:16:3e:be:61:1e host-10-1-0-5
Oct 17 20:32:28.417837 podb-esxi207 dnsmasq[2966929]: read /opt/stack/data/neutron/dhcp/18f09514-64ef-4a22-a61a-184fb591d408/addn_hosts - 0 names
Oct 17 20:32:28.417900 podb-esxi207 dnsmasq-dhcp[2966929]: read /opt/stack/data/neutron/dhcp/18f09514-64ef-4a22-a61a-184fb591d408/host
Oct 17 20:32:28.417954 podb-esxi207 dnsmasq-dhcp[2966929]: read /opt/stack/data/neutron/dhcp/18f09514-64ef-4a22-a61a-184fb591d408/opts
Oct 17 20:32:29.177595 podb-esxi207 dnsmasq[2966929]: exiting on receipt of SIGTERM
Oct 17 20:33:16.427333 podb-esxi207 dnsmasq-dhcp[2963541]: DHCPRELEASE(tap4103ca8e-2e) 10.1.0.5 fa:16:3e:be:61:1e
Oct 17 20:33:16.444631 podb-esxi207 dnsmasq-dhcp[2963541]: DHCPRELEASE(tap4103ca8e-2e) 10.1.0.5 fa:16:3e:be:61:1e unknown lease
Oct 17 20:33:17.269254 podb-esxi207 dnsmasq[2963541]: read /opt/stack/data/neutron/dhcp/6ef809cd-9d78-4b28-9f0e-7569f5454c04/addn_hosts - 2 names
Oct 17 20:33:17.269387 podb-esxi207 dnsmasq-dhcp[2963541]: read /opt/stack/data/neutron/dhcp/6ef809cd-9d78-4b28-9f0e-7569f5454c04/host
Oct 17 20:33:17.269490 podb-esxi207 dnsmasq-dhcp[2963541]: read /opt/stack/data/neutron/dhcp/6ef809cd-9d78-4b28-9f0e-7569f5454c04/opts
Oct 17 20:33:28.996443 podb-esxi207 dnsmasq[2963541]: read /opt/stack/data/neutron/dhcp/6ef809cd-9d78-4b28-9f0e-7569f5454c04/addn_hosts - 4 names
Oct 17 20:33:28.996580 podb-esxi207 dnsmasq-dhcp[2963541]: read /opt/stack/data/neutron/dhcp/6ef809cd-9d78-4b28-9f0e-7569f5454c04/host
Oct 17 20:33:28.996700 podb-esxi207 dnsmasq-dhcp[2963541]: read /opt/stack/data/neutron/dhcp/6ef809cd-9d78-4b28-9f0e-7569f5454c04/opts
Oct 17 20:33:59.636102 podb-esxi207 dnsmasq-dhcp[2963541]: DHCPDISCOVER(tap4103ca8e-2e) fa:16:3e:86:f9:2d
Oct 17 20:33:59.636132 podb-esxi207 dnsmasq-dhcp[2963541]: DHCPOFFER(tap4103ca8e-2e) 10.1.0.4 fa:16:3e:86:f9:2d
Oct 17 20:33:59.644180 podb-esxi207 dnsmasq-dhcp[2963541]: DHCPREQUEST(tap4103ca8e-2e) 10.1.0.4 fa:16:3e:86:f9:2d
Oct 17 20:33:59.644215 podb-esxi207 dnsmasq-dhcp[2963541]: DHCPACK(tap4103ca8e-2e) 10.1.0.4 fa:16:3e:86:f9:2d host-10-1-0-4
Oct 17 20:35:05.254578 podb-esxi207 dnsmasq[2963541]: read /opt/stack/data/neutron/dhcp/6ef809cd-9d78-4b28-9f0e-7569f5454c04/addn_hosts - 6 names
Oct 17 20:35:05.254733 podb-esxi207 dnsmasq-dhcp[2963541]: read /opt/stack/data/neutron/dhcp/6ef809cd-9d78-4b28-9f0e-7569f5454c04/host
Oct 17 20:35:05.254808 podb-esxi207 dnsmasq-dhcp[2963541]: read /opt/stack/data/neutron/dhcp/6ef809cd-9d78-4b28-9f0e-7569f5454c04/opts
Oct 17 20:35:37.691412 podb-esxi207 dnsmasq-dhcp[2963541]: DHCPDISCOVER(tap4103ca8e-2e) fa:16:3e:c8:32:92
Oct 17 20:35:37.691445 podb-esxi207 dnsmasq-dhcp[2963541]: DHCPOFFER(tap4103ca8e-2e) 10.1.0.3 fa:16:3e:c8:32:92
Oct 17 20:35:37.703375 podb-esxi207 dnsmasq-dhcp[2963541]: DHCPREQUEST(tap4103ca8e-2e) 10.1.0.3 fa:16:3e:c8:32:92
Oct 17 20:35:37.703412 podb-esxi207 dnsmasq-dhcp[2963541]: DHCPACK(tap4103ca8e-2e) 10.1.0.3 fa:16:3e:c8:32:92 host-10-1-0-3
Oct 17 20:36:25.036705 podb-esxi207 dnsmasq-dhcp[2963541]: DHCPRELEASE(tap4103ca8e-2e) 10.1.0.3 fa:16:3e:c8:32:92
Oct 17 20:36:25.052677 podb-esxi207 dnsmasq-dhcp[2963541]: DHCPRELEASE(tap4103ca8e-2e) 10.1.0.3 fa:16:3e:c8:32:92 unknown lease
Oct 17 20:36:25.877888 podb-esxi207 dnsmasq[2963541]: read /opt/stack/data/neutron/dhcp/6ef809cd-9d78-4b28-9f0e-7569f5454c04/addn_hosts - 4 names
Oct 17 20:36:25.877977 podb-esxi207 dnsmasq-dhcp[2963541]: read /opt/stack/data/neutron/dhcp/6ef809cd-9d78-4b28-9f0e-7569f5454c04/host
Oct 17 20:36:25.878046 podb-esxi207 dnsmasq-dhcp[2963541]: read /opt/stack/data/neutron/dhcp/6ef809cd-9d78-4b28-9f0e-7569f5454c04/opts
Oct 17 20:37:14.186001 podb-esxi207 dnsmasq-dhcp[2963541]: DHCPRELEASE(tap4103ca8e-2e) 10.1.0.4 fa:16:3e:86:f9:2d
Oct 17 20:37:14.203082 podb-esxi207 dnsmasq-dhcp[2963541]: DHCPRELEASE(tap4103ca8e-2e) 10.1.0.4 fa:16:3e:86:f9:2d unknown lease
Oct 17 20:37:15.029658 podb-esxi207 dnsmasq[2963541]: read /opt/stack/data/neutron/dhcp/6ef809cd-9d78-4b28-9f0e-7569f5454c04/addn_hosts - 2 names
Oct 17 20:37:15.029777 podb-esxi207 dnsmasq-dhcp[2963541]: read /opt/stack/data/neutron/dhcp/6ef809cd-9d78-4b28-9f0e-7569f5454c04/host
Oct 17 20:37:15.029885 podb-esxi207 dnsmasq-dhcp[2963541]: read /opt/stack/data/neutron/dhcp/6ef809cd-9d78-4b28-9f0e-7569f5454c04/opts
Oct 17 20:37:27.299806 podb-esxi207 dnsmasq[2963541]: read /opt/stack/data/neutron/dhcp/6ef809cd-9d78-4b28-9f0e-7569f5454c04/addn_hosts - 0 names
Oct 17 20:37:27.299904 podb-esxi207 dnsmasq-dhcp[2963541]: read /opt/stack/data/neutron/dhcp/6ef809cd-9d78-4b28-9f0e-7569f5454c04/host
Oct 17 20:37:27.300002 podb-esxi207 dnsmasq-dhcp[2963541]: read /opt/stack/data/neutron/dhcp/6ef809cd-9d78-4b28-9f0e-7569f5454c04/opts
Oct 17 20:37:28.342905 podb-esxi207 dnsmasq[2963541]: exiting on receipt of SIGTERM
Oct 17 20:37:28.966973 podb-esxi207 dnsmasq-dhcp[2963884]: DHCPRELEASE(tape7fa813f-26) 10.1.0.1 fa:16:3e:41:e8:1a
Oct 17 20:37:29.792021 podb-esxi207 dnsmasq[2963884]: read /opt/stack/data/neutron/dhcp/89d9e91f-ec26-4eec-a523-2c02c8518bc5/addn_hosts - 0 names
Oct 17 20:37:29.792092 podb-esxi207 dnsmasq-dhcp[2963884]: read /opt/stack/data/neutron/dhcp/89d9e91f-ec26-4eec-a523-2c02c8518bc5/host
Oct 17 20:37:29.792146 podb-esxi207 dnsmasq-dhcp[2963884]: read /opt/stack/data/neutron/dhcp/89d9e91f-ec26-4eec-a523-2c02c8518bc5/opts
Oct 17 20:37:30.042607 podb-esxi207 dnsmasq[2963884]: exiting on receipt of SIGTERM
