Oct 17 19:49:31.995575 podb-esxi207 dnsmasq-dhcp[2922456]: read /opt/stack/data/neutron/dhcp/a8aec668-0aaa-4d28-a648-24103a7f1e78/opts
Oct 17 19:49:34.294213 podb-esxi207 dnsmasq[2929860]: read /opt/stack/data/neutron/dhcp/29e1690f-f5b4-477b-b21a-d97aeb41edc9/addn_hosts - 4 names
Oct 17 19:49:34.294347 podb-esxi207 dnsmasq-dhcp[2929860]: read /opt/stack/data/neutron/dhcp/29e1690f-f5b4-477b-b21a-d97aeb41edc9/host
Oct 17 19:49:34.294472 podb-esxi207 dnsmasq-dhcp[2929860]: read /opt/stack/data/neutron/dhcp/29e1690f-f5b4-477b-b21a-d97aeb41edc9/opts
Oct 17 19:49:53.219315 podb-esxi207 dnsmasq-dhcp[2925894]: DHCPDISCOVER(tap5871f46a-5d) fa:16:3e:9d:3f:3c
Oct 17 19:49:53.219342 podb-esxi207 dnsmasq-dhcp[2925894]: DHCPOFFER(tap5871f46a-5d) 10.1.0.9 fa:16:3e:9d:3f:3c
Oct 17 19:49:53.229476 podb-esxi207 dnsmasq-dhcp[2925894]: DHCPREQUEST(tap5871f46a-5d) 10.1.0.9 fa:16:3e:9d:3f:3c
Oct 17 19:49:53.229504 podb-esxi207 dnsmasq-dhcp[2925894]: DHCPACK(tap5871f46a-5d) 10.1.0.9 fa:16:3e:9d:3f:3c host-10-1-0-9
Oct 17 19:49:55.798586 podb-esxi207 dnsmasq-dhcp[2926480]: DHCPREQUEST(tap120d85f7-f2) 10.1.0.11 fa:16:3e:76:58:61
Oct 17 19:49:55.798622 podb-esxi207 dnsmasq-dhcp[2926480]: DHCPACK(tap120d85f7-f2) 10.1.0.11 fa:16:3e:76:58:61 host-10-1-0-11
Oct 17 19:49:58.562260 podb-esxi207 dnsmasq-dhcp[2929860]: DHCPDISCOVER(tapf65e078f-b4) fa:16:3e:8f:08:9f
Oct 17 19:49:58.562289 podb-esxi207 dnsmasq-dhcp[2929860]: DHCPOFFER(tapf65e078f-b4) 10.1.0.5 fa:16:3e:8f:08:9f
Oct 17 19:49:58.572942 podb-esxi207 dnsmasq-dhcp[2929860]: DHCPREQUEST(tapf65e078f-b4) 10.1.0.5 fa:16:3e:8f:08:9f
Oct 17 19:49:58.572989 podb-esxi207 dnsmasq-dhcp[2929860]: DHCPACK(tapf65e078f-b4) 10.1.0.5 fa:16:3e:8f:08:9f host-10-1-0-5
Oct 17 19:50:26.867982 podb-esxi207 dnsmasq-dhcp[2922456]: DHCPDISCOVER(tapb1eac490-f5) fa:16:3e:b2:13:2a
Oct 17 19:50:26.868008 podb-esxi207 dnsmasq-dhcp[2922456]: DHCPOFFER(tapb1eac490-f5) 10.1.0.3 fa:16:3e:b2:13:2a
Oct 17 19:50:26.878959 podb-esxi207 dnsmasq-dhcp[2922456]: DHCPREQUEST(tapb1eac490-f5) 10.1.0.3 fa:16:3e:b2:13:2a
Oct 17 19:50:26.878988 podb-esxi207 dnsmasq-dhcp[2922456]: DHCPACK(tapb1eac490-f5) 10.1.0.3 fa:16:3e:b2:13:2a host-10-1-0-3
Oct 17 19:50:33.895722 podb-esxi207 dnsmasq-dhcp[2926480]: DHCPRELEASE(tap120d85f7-f2) 10.1.0.11 fa:16:3e:76:58:61
Oct 17 19:50:33.912415 podb-esxi207 dnsmasq-dhcp[2926480]: DHCPRELEASE(tap120d85f7-f2) 10.1.0.11 fa:16:3e:76:58:61 unknown lease
Oct 17 19:50:34.746322 podb-esxi207 dnsmasq[2926480]: read /opt/stack/data/neutron/dhcp/72ba7379-0a82-41e3-a17a-54fe2a76a0c6/addn_hosts - 2 names
Oct 17 19:50:34.746414 podb-esxi207 dnsmasq-dhcp[2926480]: read /opt/stack/data/neutron/dhcp/72ba7379-0a82-41e3-a17a-54fe2a76a0c6/host
Oct 17 19:50:34.746506 podb-esxi207 dnsmasq-dhcp[2926480]: read /opt/stack/data/neutron/dhcp/72ba7379-0a82-41e3-a17a-54fe2a76a0c6/opts
Oct 17 19:50:46.011948 podb-esxi207 dnsmasq[2926480]: read /opt/stack/data/neutron/dhcp/72ba7379-0a82-41e3-a17a-54fe2a76a0c6/addn_hosts - 4 names
Oct 17 19:50:46.012099 podb-esxi207 dnsmasq-dhcp[2926480]: read /opt/stack/data/neutron/dhcp/72ba7379-0a82-41e3-a17a-54fe2a76a0c6/host
Oct 17 19:50:46.012228 podb-esxi207 dnsmasq-dhcp[2926480]: read /opt/stack/data/neutron/dhcp/72ba7379-0a82-41e3-a17a-54fe2a76a0c6/opts
Oct 17 19:50:55.826056 podb-esxi207 dnsmasq[2929860]: read /opt/stack/data/neutron/dhcp/29e1690f-f5b4-477b-b21a-d97aeb41edc9/addn_hosts - 6 names
Oct 17 19:50:55.826157 podb-esxi207 dnsmasq-dhcp[2929860]: read /opt/stack/data/neutron/dhcp/29e1690f-f5b4-477b-b21a-d97aeb41edc9/host
Oct 17 19:50:55.826226 podb-esxi207 dnsmasq-dhcp[2929860]: read /opt/stack/data/neutron/dhcp/29e1690f-f5b4-477b-b21a-d97aeb41edc9/opts
Oct 17 19:51:08.204425 podb-esxi207 dnsmasq-dhcp[2922456]: DHCPRELEASE(tapb1eac490-f5) 10.1.0.3 fa:16:3e:b2:13:2a
Oct 17 19:51:08.219933 podb-esxi207 dnsmasq-dhcp[2922456]: DHCPRELEASE(tapb1eac490-f5) 10.1.0.3 fa:16:3e:b2:13:2a unknown lease
Oct 17 19:51:09.044001 podb-esxi207 dnsmasq[2922456]: read /opt/stack/data/neutron/dhcp/a8aec668-0aaa-4d28-a648-24103a7f1e78/addn_hosts - 4 names
Oct 17 19:51:09.044111 podb-esxi207 dnsmasq-dhcp[2922456]: read /opt/stack/data/neutron/dhcp/a8aec668-0aaa-4d28-a648-24103a7f1e78/host
Oct 17 19:51:09.044216 podb-esxi207 dnsmasq-dhcp[2922456]: read /opt/stack/data/neutron/dhcp/a8aec668-0aaa-4d28-a648-24103a7f1e78/opts
Oct 17 19:51:12.040301 podb-esxi207 dnsmasq-dhcp[2926480]: DHCPDISCOVER(tap120d85f7-f2) fa:16:3e:48:a0:09
Oct 17 19:51:12.040330 podb-esxi207 dnsmasq-dhcp[2926480]: DHCPOFFER(tap120d85f7-f2) 10.1.0.8 fa:16:3e:48:a0:09
Oct 17 19:51:12.051540 podb-esxi207 dnsmasq-dhcp[2926480]: DHCPREQUEST(tap120d85f7-f2) 10.1.0.8 fa:16:3e:48:a0:09
Oct 17 19:51:12.051575 podb-esxi207 dnsmasq-dhcp[2926480]: DHCPACK(tap120d85f7-f2) 10.1.0.8 fa:16:3e:48:a0:09 host-10-1-0-8
Oct 17 19:51:16.440871 podb-esxi207 dnsmasq-dhcp[2925894]: DHCPREQUEST(tap5871f46a-5d) 10.1.0.9 fa:16:3e:9d:3f:3c
Oct 17 19:51:16.440903 podb-esxi207 dnsmasq-dhcp[2925894]: DHCPACK(tap5871f46a-5d) 10.1.0.9 fa:16:3e:9d:3f:3c host-10-1-0-9
Oct 17 19:51:19.165052 podb-esxi207 dnsmasq-dhcp[2929860]: DHCPDISCOVER(tapf65e078f-b4) fa:16:3e:b0:dd:0f
Oct 17 19:51:19.165080 podb-esxi207 dnsmasq-dhcp[2929860]: DHCPOFFER(tapf65e078f-b4) 10.1.0.8 fa:16:3e:b0:dd:0f
Oct 17 19:51:19.174830 podb-esxi207 dnsmasq-dhcp[2929860]: DHCPREQUEST(tapf65e078f-b4) 10.1.0.8 fa:16:3e:b0:dd:0f
Oct 17 19:51:19.174860 podb-esxi207 dnsmasq-dhcp[2929860]: DHCPACK(tapf65e078f-b4) 10.1.0.8 fa:16:3e:b0:dd:0f host-10-1-0-8
Oct 17 19:51:22.849160 podb-esxi207 dnsmasq-dhcp[2922456]: DHCPRELEASE(tapb1eac490-f5) 10.1.0.9 fa:16:3e:1e:8c:ee
Oct 17 19:51:22.863374 podb-esxi207 dnsmasq-dhcp[2922456]: DHCPRELEASE(tapb1eac490-f5) 10.1.0.9 fa:16:3e:1e:8c:ee unknown lease
Oct 17 19:51:23.688702 podb-esxi207 dnsmasq[2922456]: read /opt/stack/data/neutron/dhcp/a8aec668-0aaa-4d28-a648-24103a7f1e78/addn_hosts - 2 names
Oct 17 19:51:23.688791 podb-esxi207 dnsmasq-dhcp[2922456]: read /opt/stack/data/neutron/dhcp/a8aec668-0aaa-4d28-a648-24103a7f1e78/host
Oct 17 19:51:23.688860 podb-esxi207 dnsmasq-dhcp[2922456]: read /opt/stack/data/neutron/dhcp/a8aec668-0aaa-4d28-a648-24103a7f1e78/opts
Oct 17 19:51:28.757114 podb-esxi207 dnsmasq[2922456]: read /opt/stack/data/neutron/dhcp/a8aec668-0aaa-4d28-a648-24103a7f1e78/addn_hosts - 0 names
Oct 17 19:51:28.757234 podb-esxi207 dnsmasq-dhcp[2922456]: read /opt/stack/data/neutron/dhcp/a8aec668-0aaa-4d28-a648-24103a7f1e78/host
Oct 17 19:51:28.757321 podb-esxi207 dnsmasq-dhcp[2922456]: read /opt/stack/data/neutron/dhcp/a8aec668-0aaa-4d28-a648-24103a7f1e78/opts
Oct 17 19:51:29.707479 podb-esxi207 dnsmasq[2922456]: exiting on receipt of SIGTERM
Oct 17 19:51:33.754830 podb-esxi207 dnsmasq[2932379]: started, version 2.90 cachesize 150
Oct 17 19:51:33.754860 podb-esxi207 dnsmasq[2932379]: DNS service limited to local subnets
Oct 17 19:51:33.754875 podb-esxi207 dnsmasq[2932379]: compile time options: IPv6 GNU-getopt DBus no-UBus i18n IDN2 DHCP DHCPv6 no-Lua TFTP conntrack ipset no-nftset auth cryptohash DNSSEC loop-detect inotify dumpfile
Oct 17 19:51:33.754910 podb-esxi207 dnsmasq-dhcp[2932379]: DHCP, static leases only on 10.1.0.0, lease time 1d
Oct 17 19:51:33.755068 podb-esxi207 dnsmasq[2932379]: reading /etc/resolv.conf
Oct 17 19:51:33.755085 podb-esxi207 dnsmasq[2932379]: using nameserver 127.0.0.53#53
Oct 17 19:51:33.755172 podb-esxi207 dnsmasq[2932379]: read /opt/stack/data/neutron/dhcp/8a87b343-4267-482c-adc1-5b2abc4b21af/addn_hosts - 0 names
Oct 17 19:51:33.755227 podb-esxi207 dnsmasq-dhcp[2932379]: read /opt/stack/data/neutron/dhcp/8a87b343-4267-482c-adc1-5b2abc4b21af/host
Oct 17 19:51:33.755301 podb-esxi207 dnsmasq-dhcp[2932379]: read /opt/stack/data/neutron/dhcp/8a87b343-4267-482c-adc1-5b2abc4b21af/opts
Oct 17 19:51:35.302159 podb-esxi207 dnsmasq[2932379]: read /opt/stack/data/neutron/dhcp/8a87b343-4267-482c-adc1-5b2abc4b21af/addn_hosts - 2 names
Oct 17 19:51:35.302254 podb-esxi207 dnsmasq-dhcp[2932379]: read /opt/stack/data/neutron/dhcp/8a87b343-4267-482c-adc1-5b2abc4b21af/host
Oct 17 19:51:35.302375 podb-esxi207 dnsmasq-dhcp[2932379]: read /opt/stack/data/neutron/dhcp/8a87b343-4267-482c-adc1-5b2abc4b21af/opts
Oct 17 19:51:36.566204 podb-esxi207 dnsmasq[2932379]: read /opt/stack/data/neutron/dhcp/8a87b343-4267-482c-adc1-5b2abc4b21af/addn_hosts - 2 names
Oct 17 19:51:36.566333 podb-esxi207 dnsmasq-dhcp[2932379]: read /opt/stack/data/neutron/dhcp/8a87b343-4267-482c-adc1-5b2abc4b21af/host
Oct 17 19:51:36.566459 podb-esxi207 dnsmasq-dhcp[2932379]: read /opt/stack/data/neutron/dhcp/8a87b343-4267-482c-adc1-5b2abc4b21af/opts
Oct 17 19:51:37.830151 podb-esxi207 dnsmasq[2932379]: read /opt/stack/data/neutron/dhcp/8a87b343-4267-482c-adc1-5b2abc4b21af/addn_hosts - 2 names
Oct 17 19:51:37.830273 podb-esxi207 dnsmasq-dhcp[2932379]: read /opt/stack/data/neutron/dhcp/8a87b343-4267-482c-adc1-5b2abc4b21af/host
Oct 17 19:51:37.830393 podb-esxi207 dnsmasq-dhcp[2932379]: read /opt/stack/data/neutron/dhcp/8a87b343-4267-482c-adc1-5b2abc4b21af/opts
Oct 17 19:51:54.527842 podb-esxi207 dnsmasq-dhcp[2925894]: DHCPRELEASE(tap5871f46a-5d) 10.1.0.9 fa:16:3e:9d:3f:3c
Oct 17 19:51:54.544123 podb-esxi207 dnsmasq-dhcp[2925894]: DHCPRELEASE(tap5871f46a-5d) 10.1.0.9 fa:16:3e:9d:3f:3c unknown lease
Oct 17 19:51:55.366894 podb-esxi207 dnsmasq[2925894]: read /opt/stack/data/neutron/dhcp/5f3aa6fb-2132-4142-9d21-4ecf9384aaa2/addn_hosts - 2 names
Oct 17 19:51:55.366970 podb-esxi207 dnsmasq-dhcp[2925894]: read /opt/stack/data/neutron/dhcp/5f3aa6fb-2132-4142-9d21-4ecf9384aaa2/host
Oct 17 19:51:55.367038 podb-esxi207 dnsmasq-dhcp[2925894]: read /opt/stack/data/neutron/dhcp/5f3aa6fb-2132-4142-9d21-4ecf9384aaa2/opts
Oct 17 19:51:56.597721 podb-esxi207 dnsmasq[2932379]: read /opt/stack/data/neutron/dhcp/8a87b343-4267-482c-adc1-5b2abc4b21af/addn_hosts - 4 names
Oct 17 19:51:56.597843 podb-esxi207 dnsmasq-dhcp[2932379]: read /opt/stack/data/neutron/dhcp/8a87b343-4267-482c-adc1-5b2abc4b21af/host
Oct 17 19:51:56.597951 podb-esxi207 dnsmasq-dhcp[2932379]: read /opt/stack/data/neutron/dhcp/8a87b343-4267-482c-adc1-5b2abc4b21af/opts
Oct 17 19:51:57.401121 podb-esxi207 dnsmasq-dhcp[2929860]: DHCPRELEASE(tapf65e078f-b4) 10.1.0.8 fa:16:3e:b0:dd:0f
Oct 17 19:51:57.418169 podb-esxi207 dnsmasq-dhcp[2929860]: DHCPRELEASE(tapf65e078f-b4) 10.1.0.8 fa:16:3e:b0:dd:0f unknown lease
Oct 17 19:51:58.243750 podb-esxi207 dnsmasq[2929860]: read /opt/stack/data/neutron/dhcp/29e1690f-f5b4-477b-b21a-d97aeb41edc9/addn_hosts - 4 names
Oct 17 19:51:58.243840 podb-esxi207 dnsmasq-dhcp[2929860]: read /opt/stack/data/neutron/dhcp/29e1690f-f5b4-477b-b21a-d97aeb41edc9/host
Oct 17 19:51:58.243912 podb-esxi207 dnsmasq-dhcp[2929860]: read /opt/stack/data/neutron/dhcp/29e1690f-f5b4-477b-b21a-d97aeb41edc9/opts
Oct 17 19:52:09.465097 podb-esxi207 dnsmasq[2925894]: read /opt/stack/data/neutron/dhcp/5f3aa6fb-2132-4142-9d21-4ecf9384aaa2/addn_hosts - 0 names
Oct 17 19:52:09.465172 podb-esxi207 dnsmasq-dhcp[2925894]: read /opt/stack/data/neutron/dhcp/5f3aa6fb-2132-4142-9d21-4ecf9384aaa2/host
Oct 17 19:52:09.465228 podb-esxi207 dnsmasq-dhcp[2925894]: read /opt/stack/data/neutron/dhcp/5f3aa6fb-2132-4142-9d21-4ecf9384aaa2/opts
Oct 17 19:52:10.525143 podb-esxi207 dnsmasq[2925894]: exiting on receipt of SIGTERM
Oct 17 19:52:29.579551 podb-esxi207 dnsmasq-dhcp[2932379]: DHCPDISCOVER(tap875eb982-65) fa:16:3e:6f:9e:4b
Oct 17 19:52:29.579580 podb-esxi207 dnsmasq-dhcp[2932379]: DHCPOFFER(tap875eb982-65) 10.1.0.6 fa:16:3e:6f:9e:4b
Oct 17 19:52:29.592643 podb-esxi207 dnsmasq-dhcp[2932379]: DHCPREQUEST(tap875eb982-65) 10.1.0.6 fa:16:3e:6f:9e:4b
Oct 17 19:52:29.592678 podb-esxi207 dnsmasq-dhcp[2932379]: DHCPACK(tap875eb982-65) 10.1.0.6 fa:16:3e:6f:9e:4b host-10-1-0-6
Oct 17 19:52:33.321342 podb-esxi207 dnsmasq-dhcp[2929860]: DHCPRELEASE(tapf65e078f-b4) 10.1.0.5 fa:16:3e:8f:08:9f
Oct 17 19:52:33.338927 podb-esxi207 dnsmasq-dhcp[2929860]: DHCPRELEASE(tapf65e078f-b4) 10.1.0.5 fa:16:3e:8f:08:9f unknown lease
Oct 17 19:52:34.169050 podb-esxi207 dnsmasq[2929860]: read /opt/stack/data/neutron/dhcp/29e1690f-f5b4-477b-b21a-d97aeb41edc9/addn_hosts - 2 names
Oct 17 19:52:34.169143 podb-esxi207 dnsmasq-dhcp[2929860]: read /opt/stack/data/neutron/dhcp/29e1690f-f5b4-477b-b21a-d97aeb41edc9/host
Oct 17 19:52:34.169212 podb-esxi207 dnsmasq-dhcp[2929860]: read /opt/stack/data/neutron/dhcp/29e1690f-f5b4-477b-b21a-d97aeb41edc9/opts
Oct 17 19:52:45.884542 podb-esxi207 dnsmasq[2929860]: read /opt/stack/data/neutron/dhcp/29e1690f-f5b4-477b-b21a-d97aeb41edc9/addn_hosts - 4 names
Oct 17 19:52:45.884670 podb-esxi207 dnsmasq-dhcp[2929860]: read /opt/stack/data/neutron/dhcp/29e1690f-f5b4-477b-b21a-d97aeb41edc9/host
Oct 17 19:52:45.884795 podb-esxi207 dnsmasq-dhcp[2929860]: read /opt/stack/data/neutron/dhcp/29e1690f-f5b4-477b-b21a-d97aeb41edc9/opts
Oct 17 19:53:10.999166 podb-esxi207 dnsmasq-dhcp[2929860]: DHCPDISCOVER(tapf65e078f-b4) fa:16:3e:a8:14:48
Oct 17 19:53:10.999193 podb-esxi207 dnsmasq-dhcp[2929860]: DHCPOFFER(tapf65e078f-b4) 10.1.0.10 fa:16:3e:a8:14:48
Oct 17 19:53:11.012780 podb-esxi207 dnsmasq-dhcp[2929860]: DHCPREQUEST(tapf65e078f-b4) 10.1.0.10 fa:16:3e:a8:14:48
Oct 17 19:53:11.012811 podb-esxi207 dnsmasq-dhcp[2929860]: DHCPACK(tapf65e078f-b4) 10.1.0.10 fa:16:3e:a8:14:48 host-10-1-0-10
Oct 17 19:53:11.545198 podb-esxi207 dnsmasq-dhcp[2926480]: DHCPRELEASE(tap120d85f7-f2) 10.1.0.8 fa:16:3e:48:a0:09
Oct 17 19:53:11.561377 podb-esxi207 dnsmasq-dhcp[2926480]: DHCPRELEASE(tap120d85f7-f2) 10.1.0.8 fa:16:3e:48:a0:09 unknown lease
Oct 17 19:53:12.389436 podb-esxi207 dnsmasq[2926480]: read /opt/stack/data/neutron/dhcp/72ba7379-0a82-41e3-a17a-54fe2a76a0c6/addn_hosts - 2 names
Oct 17 19:53:12.389562 podb-esxi207 dnsmasq-dhcp[2926480]: read /opt/stack/data/neutron/dhcp/72ba7379-0a82-41e3-a17a-54fe2a76a0c6/host
Oct 17 19:53:12.389666 podb-esxi207 dnsmasq-dhcp[2926480]: read /opt/stack/data/neutron/dhcp/72ba7379-0a82-41e3-a17a-54fe2a76a0c6/opts
Oct 17 19:53:47.016594 podb-esxi207 dnsmasq[2926480]: read /opt/stack/data/neutron/dhcp/72ba7379-0a82-41e3-a17a-54fe2a76a0c6/addn_hosts - 0 names
Oct 17 19:53:47.016811 podb-esxi207 dnsmasq-dhcp[2926480]: read /opt/stack/data/neutron/dhcp/72ba7379-0a82-41e3-a17a-54fe2a76a0c6/host
Oct 17 19:53:47.016940 podb-esxi207 dnsmasq-dhcp[2926480]: read /opt/stack/data/neutron/dhcp/72ba7379-0a82-41e3-a17a-54fe2a76a0c6/opts
Oct 17 19:53:48.073698 podb-esxi207 dnsmasq[2926480]: exiting on receipt of SIGTERM
Oct 17 19:54:08.395948 podb-esxi207 dnsmasq-dhcp[2932379]: DHCPDISCOVER(tap875eb982-65) fa:16:3e:6f:9e:4b
Oct 17 19:54:08.395974 podb-esxi207 dnsmasq-dhcp[2932379]: DHCPOFFER(tap875eb982-65) 10.1.0.6 fa:16:3e:6f:9e:4b
Oct 17 19:54:08.407723 podb-esxi207 dnsmasq-dhcp[2932379]: DHCPREQUEST(tap875eb982-65) 10.1.0.6 fa:16:3e:6f:9e:4b
Oct 17 19:54:08.407752 podb-esxi207 dnsmasq-dhcp[2932379]: DHCPACK(tap875eb982-65) 10.1.0.6 fa:16:3e:6f:9e:4b host-10-1-0-6
Oct 17 19:54:35.028597 podb-esxi207 dnsmasq-dhcp[2929860]: DHCPRELEASE(tapf65e078f-b4) 10.1.0.10 fa:16:3e:a8:14:48
Oct 17 19:54:35.046148 podb-esxi207 dnsmasq-dhcp[2929860]: DHCPRELEASE(tapf65e078f-b4) 10.1.0.10 fa:16:3e:a8:14:48 unknown lease
Oct 17 19:54:35.873437 podb-esxi207 dnsmasq[2929860]: read /opt/stack/data/neutron/dhcp/29e1690f-f5b4-477b-b21a-d97aeb41edc9/addn_hosts - 2 names
Oct 17 19:54:35.873578 podb-esxi207 dnsmasq-dhcp[2929860]: read /opt/stack/data/neutron/dhcp/29e1690f-f5b4-477b-b21a-d97aeb41edc9/host
Oct 17 19:54:35.873690 podb-esxi207 dnsmasq-dhcp[2929860]: read /opt/stack/data/neutron/dhcp/29e1690f-f5b4-477b-b21a-d97aeb41edc9/opts
Oct 17 19:54:46.508661 podb-esxi207 dnsmasq[2929860]: read /opt/stack/data/neutron/dhcp/29e1690f-f5b4-477b-b21a-d97aeb41edc9/addn_hosts - 4 names
Oct 17 19:54:46.508809 podb-esxi207 dnsmasq-dhcp[2929860]: read /opt/stack/data/neutron/dhcp/29e1690f-f5b4-477b-b21a-d97aeb41edc9/host
Oct 17 19:54:46.508922 podb-esxi207 dnsmasq-dhcp[2929860]: read /opt/stack/data/neutron/dhcp/29e1690f-f5b4-477b-b21a-d97aeb41edc9/opts
Oct 17 19:54:51.579810 podb-esxi207 dnsmasq-dhcp[2932379]: DHCPRELEASE(tap875eb982-65) 10.1.0.6 fa:16:3e:6f:9e:4b
Oct 17 19:54:51.595846 podb-esxi207 dnsmasq-dhcp[2932379]: DHCPRELEASE(tap875eb982-65) 10.1.0.6 fa:16:3e:6f:9e:4b unknown lease
Oct 17 19:54:52.423322 podb-esxi207 dnsmasq[2932379]: read /opt/stack/data/neutron/dhcp/8a87b343-4267-482c-adc1-5b2abc4b21af/addn_hosts - 2 names
Oct 17 19:54:52.423438 podb-esxi207 dnsmasq-dhcp[2932379]: read /opt/stack/data/neutron/dhcp/8a87b343-4267-482c-adc1-5b2abc4b21af/host
Oct 17 19:54:52.423553 podb-esxi207 dnsmasq-dhcp[2932379]: read /opt/stack/data/neutron/dhcp/8a87b343-4267-482c-adc1-5b2abc4b21af/opts
Oct 17 19:54:59.384812 podb-esxi207 dnsmasq[2932379]: read /opt/stack/data/neutron/dhcp/8a87b343-4267-482c-adc1-5b2abc4b21af/addn_hosts - 0 names
Oct 17 19:54:59.384974 podb-esxi207 dnsmasq-dhcp[2932379]: read /opt/stack/data/neutron/dhcp/8a87b343-4267-482c-adc1-5b2abc4b21af/host
Oct 17 19:54:59.385067 podb-esxi207 dnsmasq-dhcp[2932379]: read /opt/stack/data/neutron/dhcp/8a87b343-4267-482c-adc1-5b2abc4b21af/opts
Oct 17 19:55:00.248370 podb-esxi207 dnsmasq[2932379]: exiting on receipt of SIGTERM
Oct 17 19:55:04.158924 podb-esxi207 dnsmasq[2935922]: started, version 2.90 cachesize 150
Oct 17 19:55:04.158948 podb-esxi207 dnsmasq[2935922]: DNS service limited to local subnets
Oct 17 19:55:04.158962 podb-esxi207 dnsmasq[2935922]: compile time options: IPv6 GNU-getopt DBus no-UBus i18n IDN2 DHCP DHCPv6 no-Lua TFTP conntrack ipset no-nftset auth cryptohash DNSSEC loop-detect inotify dumpfile
Oct 17 19:55:04.158996 podb-esxi207 dnsmasq-dhcp[2935922]: DHCP, static leases only on 10.1.0.0, lease time 1d
Oct 17 19:55:04.159149 podb-esxi207 dnsmasq[2935922]: reading /etc/resolv.conf
Oct 17 19:55:04.159166 podb-esxi207 dnsmasq[2935922]: using nameserver 127.0.0.53#53
Oct 17 19:55:04.159238 podb-esxi207 dnsmasq[2935922]: read /opt/stack/data/neutron/dhcp/5c56d329-d578-43cc-9586-315ccc9a74ca/addn_hosts - 0 names
Oct 17 19:55:04.159292 podb-esxi207 dnsmasq-dhcp[2935922]: read /opt/stack/data/neutron/dhcp/5c56d329-d578-43cc-9586-315ccc9a74ca/host
Oct 17 19:55:04.159354 podb-esxi207 dnsmasq-dhcp[2935922]: read /opt/stack/data/neutron/dhcp/5c56d329-d578-43cc-9586-315ccc9a74ca/opts
Oct 17 19:55:05.707808 podb-esxi207 dnsmasq[2935922]: read /opt/stack/data/neutron/dhcp/5c56d329-d578-43cc-9586-315ccc9a74ca/addn_hosts - 2 names
Oct 17 19:55:05.707912 podb-esxi207 dnsmasq-dhcp[2935922]: read /opt/stack/data/neutron/dhcp/5c56d329-d578-43cc-9586-315ccc9a74ca/host
Oct 17 19:55:05.708019 podb-esxi207 dnsmasq-dhcp[2935922]: read /opt/stack/data/neutron/dhcp/5c56d329-d578-43cc-9586-315ccc9a74ca/opts
Oct 17 19:55:06.951876 podb-esxi207 dnsmasq[2935922]: read /opt/stack/data/neutron/dhcp/5c56d329-d578-43cc-9586-315ccc9a74ca/addn_hosts - 2 names
Oct 17 19:55:06.951978 podb-esxi207 dnsmasq-dhcp[2935922]: read /opt/stack/data/neutron/dhcp/5c56d329-d578-43cc-9586-315ccc9a74ca/host
Oct 17 19:55:06.952081 podb-esxi207 dnsmasq-dhcp[2935922]: read /opt/stack/data/neutron/dhcp/5c56d329-d578-43cc-9586-315ccc9a74ca/opts
Oct 17 19:55:07.596588 podb-esxi207 dnsmasq-dhcp[2929860]: DHCPDISCOVER(tapf65e078f-b4) fa:16:3e:73:19:d7
Oct 17 19:55:07.596630 podb-esxi207 dnsmasq-dhcp[2929860]: DHCPOFFER(tapf65e078f-b4) 10.1.0.12 fa:16:3e:73:19:d7
Oct 17 19:55:07.607208 podb-esxi207 dnsmasq-dhcp[2929860]: DHCPREQUEST(tapf65e078f-b4) 10.1.0.12 fa:16:3e:73:19:d7
Oct 17 19:55:07.607245 podb-esxi207 dnsmasq-dhcp[2929860]: DHCPACK(tapf65e078f-b4) 10.1.0.12 fa:16:3e:73:19:d7 host-10-1-0-12
Oct 17 19:55:08.191136 podb-esxi207 dnsmasq[2935922]: read /opt/stack/data/neutron/dhcp/5c56d329-d578-43cc-9586-315ccc9a74ca/addn_hosts - 2 names
Oct 17 19:55:08.191264 podb-esxi207 dnsmasq-dhcp[2935922]: read /opt/stack/data/neutron/dhcp/5c56d329-d578-43cc-9586-315ccc9a74ca/host
Oct 17 19:55:08.191372 podb-esxi207 dnsmasq-dhcp[2935922]: read /opt/stack/data/neutron/dhcp/5c56d329-d578-43cc-9586-315ccc9a74ca/opts
Oct 17 19:55:27.444606 podb-esxi207 dnsmasq[2935922]: read /opt/stack/data/neutron/dhcp/5c56d329-d578-43cc-9586-315ccc9a74ca/addn_hosts - 4 names
Oct 17 19:55:27.444809 podb-esxi207 dnsmasq-dhcp[2935922]: read /opt/stack/data/neutron/dhcp/5c56d329-d578-43cc-9586-315ccc9a74ca/host
Oct 17 19:55:27.444894 podb-esxi207 dnsmasq-dhcp[2935922]: read /opt/stack/data/neutron/dhcp/5c56d329-d578-43cc-9586-315ccc9a74ca/opts
Oct 17 19:55:47.112864 podb-esxi207 dnsmasq[2935922]: read /opt/stack/data/neutron/dhcp/5c56d329-d578-43cc-9586-315ccc9a74ca/addn_hosts - 6 names
Oct 17 19:55:47.112957 podb-esxi207 dnsmasq-dhcp[2935922]: read /opt/stack/data/neutron/dhcp/5c56d329-d578-43cc-9586-315ccc9a74ca/host
Oct 17 19:55:47.113031 podb-esxi207 dnsmasq-dhcp[2935922]: read /opt/stack/data/neutron/dhcp/5c56d329-d578-43cc-9586-315ccc9a74ca/opts
Oct 17 19:55:55.658312 podb-esxi207 dnsmasq-dhcp[2935922]: DHCPDISCOVER(tap463835e2-fb) fa:16:3e:6f:ae:2e
Oct 17 19:55:55.658338 podb-esxi207 dnsmasq-dhcp[2935922]: DHCPOFFER(tap463835e2-fb) 10.1.0.7 fa:16:3e:6f:ae:2e
Oct 17 19:55:55.671119 podb-esxi207 dnsmasq-dhcp[2935922]: DHCPREQUEST(tap463835e2-fb) 10.1.0.7 fa:16:3e:6f:ae:2e
Oct 17 19:55:55.671150 podb-esxi207 dnsmasq-dhcp[2935922]: DHCPACK(tap463835e2-fb) 10.1.0.7 fa:16:3e:6f:ae:2e host-10-1-0-7
Oct 17 19:56:01.506178 podb-esxi207 dnsmasq[2935922]: read /opt/stack/data/neutron/dhcp/5c56d329-d578-43cc-9586-315ccc9a74ca/addn_hosts - 8 names
Oct 17 19:56:01.506292 podb-esxi207 dnsmasq-dhcp[2935922]: read /opt/stack/data/neutron/dhcp/5c56d329-d578-43cc-9586-315ccc9a74ca/host
Oct 17 19:56:01.506395 podb-esxi207 dnsmasq-dhcp[2935922]: read /opt/stack/data/neutron/dhcp/5c56d329-d578-43cc-9586-315ccc9a74ca/opts
Oct 17 19:56:09.600000 podb-esxi207 dnsmasq-dhcp[2935922]: DHCPDISCOVER(tap463835e2-fb) fa:16:3e:21:2a:7b
Oct 17 19:56:09.600029 podb-esxi207 dnsmasq-dhcp[2935922]: DHCPOFFER(tap463835e2-fb) 10.1.0.6 fa:16:3e:21:2a:7b
Oct 17 19:56:09.609083 podb-esxi207 dnsmasq-dhcp[2935922]: DHCPREQUEST(tap463835e2-fb) 10.1.0.6 fa:16:3e:21:2a:7b
Oct 17 19:56:09.609115 podb-esxi207 dnsmasq-dhcp[2935922]: DHCPACK(tap463835e2-fb) 10.1.0.6 fa:16:3e:21:2a:7b host-10-1-0-6
Oct 17 19:56:27.559213 podb-esxi207 dnsmasq-dhcp[2935922]: DHCPDISCOVER(tap463835e2-fb) fa:16:3e:a5:1f:68
Oct 17 19:56:27.559242 podb-esxi207 dnsmasq-dhcp[2935922]: DHCPOFFER(tap463835e2-fb) 10.1.0.12 fa:16:3e:a5:1f:68
Oct 17 19:56:27.567765 podb-esxi207 dnsmasq-dhcp[2935922]: DHCPREQUEST(tap463835e2-fb) 10.1.0.12 fa:16:3e:a5:1f:68
Oct 17 19:56:27.567797 podb-esxi207 dnsmasq-dhcp[2935922]: DHCPACK(tap463835e2-fb) 10.1.0.12 fa:16:3e:a5:1f:68 host-10-1-0-12
Oct 17 19:57:09.599975 podb-esxi207 dnsmasq-dhcp[2929860]: DHCPRELEASE(tapf65e078f-b4) 10.1.0.12 fa:16:3e:73:19:d7
Oct 17 19:57:09.619525 podb-esxi207 dnsmasq-dhcp[2929860]: DHCPRELEASE(tapf65e078f-b4) 10.1.0.12 fa:16:3e:73:19:d7 unknown lease
Oct 17 19:57:10.446506 podb-esxi207 dnsmasq[2929860]: read /opt/stack/data/neutron/dhcp/29e1690f-f5b4-477b-b21a-d97aeb41edc9/addn_hosts - 2 names
Oct 17 19:57:10.446636 podb-esxi207 dnsmasq-dhcp[2929860]: read /opt/stack/data/neutron/dhcp/29e1690f-f5b4-477b-b21a-d97aeb41edc9/host
Oct 17 19:57:10.446711 podb-esxi207 dnsmasq-dhcp[2929860]: read /opt/stack/data/neutron/dhcp/29e1690f-f5b4-477b-b21a-d97aeb41edc9/opts
Oct 17 19:57:43.432521 podb-esxi207 dnsmasq[2935922]: read /opt/stack/data/neutron/dhcp/5c56d329-d578-43cc-9586-315ccc9a74ca/addn_hosts - 10 names
Oct 17 19:57:43.432716 podb-esxi207 dnsmasq-dhcp[2935922]: read /opt/stack/data/neutron/dhcp/5c56d329-d578-43cc-9586-315ccc9a74ca/host
Oct 17 19:57:43.432809 podb-esxi207 dnsmasq-dhcp[2935922]: read /opt/stack/data/neutron/dhcp/5c56d329-d578-43cc-9586-315ccc9a74ca/opts
Oct 17 19:57:52.801898 podb-esxi207 dnsmasq[2938367]: started, version 2.90 cachesize 150
Oct 17 19:57:52.801923 podb-esxi207 dnsmasq[2938367]: DNS service limited to local subnets
Oct 17 19:57:52.801938 podb-esxi207 dnsmasq[2938367]: compile time options: IPv6 GNU-getopt DBus no-UBus i18n IDN2 DHCP DHCPv6 no-Lua TFTP conntrack ipset no-nftset auth cryptohash DNSSEC loop-detect inotify dumpfile
Oct 17 19:57:52.801974 podb-esxi207 dnsmasq-dhcp[2938367]: DHCP, static leases only on 10.1.0.0, lease time 1d
Oct 17 19:57:52.802132 podb-esxi207 dnsmasq[2938367]: reading /etc/resolv.conf
Oct 17 19:57:52.802147 podb-esxi207 dnsmasq[2938367]: using nameserver 127.0.0.53#53
Oct 17 19:57:52.802244 podb-esxi207 dnsmasq[2938367]: read /opt/stack/data/neutron/dhcp/555dfccf-684b-4d57-95af-a7c914b5a2eb/addn_hosts - 0 names
Oct 17 19:57:52.802296 podb-esxi207 dnsmasq-dhcp[2938367]: read /opt/stack/data/neutron/dhcp/555dfccf-684b-4d57-95af-a7c914b5a2eb/host
Oct 17 19:57:52.802355 podb-esxi207 dnsmasq-dhcp[2938367]: read /opt/stack/data/neutron/dhcp/555dfccf-684b-4d57-95af-a7c914b5a2eb/opts
Oct 17 19:57:54.348568 podb-esxi207 dnsmasq[2938367]: read /opt/stack/data/neutron/dhcp/555dfccf-684b-4d57-95af-a7c914b5a2eb/addn_hosts - 2 names
Oct 17 19:57:54.348705 podb-esxi207 dnsmasq-dhcp[2938367]: read /opt/stack/data/neutron/dhcp/555dfccf-684b-4d57-95af-a7c914b5a2eb/host
Oct 17 19:57:54.348823 podb-esxi207 dnsmasq-dhcp[2938367]: read /opt/stack/data/neutron/dhcp/555dfccf-684b-4d57-95af-a7c914b5a2eb/opts
Oct 17 19:57:57.304306 podb-esxi207 dnsmasq[2938692]: started, version 2.90 cachesize 150
Oct 17 19:57:57.304330 podb-esxi207 dnsmasq[2938692]: DNS service limited to local subnets
Oct 17 19:57:57.304345 podb-esxi207 dnsmasq[2938692]: compile time options: IPv6 GNU-getopt DBus no-UBus i18n IDN2 DHCP DHCPv6 no-Lua TFTP conntrack ipset no-nftset auth cryptohash DNSSEC loop-detect inotify dumpfile
Oct 17 19:57:57.304379 podb-esxi207 dnsmasq-dhcp[2938692]: DHCP, static leases only on 10.1.0.0, lease time 1d
Oct 17 19:57:57.304524 podb-esxi207 dnsmasq[2938692]: reading /etc/resolv.conf
Oct 17 19:57:57.304540 podb-esxi207 dnsmasq[2938692]: using nameserver 127.0.0.53#53
Oct 17 19:57:57.304634 podb-esxi207 dnsmasq[2938692]: read /opt/stack/data/neutron/dhcp/5c4d053b-332d-41e6-96c3-3346f3d3da20/addn_hosts - 0 names
Oct 17 19:57:57.304687 podb-esxi207 dnsmasq-dhcp[2938692]: read /opt/stack/data/neutron/dhcp/5c4d053b-332d-41e6-96c3-3346f3d3da20/host
Oct 17 19:57:57.304751 podb-esxi207 dnsmasq-dhcp[2938692]: read /opt/stack/data/neutron/dhcp/5c4d053b-332d-41e6-96c3-3346f3d3da20/opts
Oct 17 19:57:57.836023 podb-esxi207 dnsmasq[2929860]: read /opt/stack/data/neutron/dhcp/29e1690f-f5b4-477b-b21a-d97aeb41edc9/addn_hosts - 0 names
Oct 17 19:57:57.836092 podb-esxi207 dnsmasq-dhcp[2929860]: read /opt/stack/data/neutron/dhcp/29e1690f-f5b4-477b-b21a-d97aeb41edc9/host
Oct 17 19:57:57.836165 podb-esxi207 dnsmasq-dhcp[2929860]: read /opt/stack/data/neutron/dhcp/29e1690f-f5b4-477b-b21a-d97aeb41edc9/opts
Oct 17 19:57:59.082176 podb-esxi207 dnsmasq[2938367]: read /opt/stack/data/neutron/dhcp/555dfccf-684b-4d57-95af-a7c914b5a2eb/addn_hosts - 2 names
Oct 17 19:57:59.082266 podb-esxi207 dnsmasq-dhcp[2938367]: read /opt/stack/data/neutron/dhcp/555dfccf-684b-4d57-95af-a7c914b5a2eb/host
Oct 17 19:57:59.082376 podb-esxi207 dnsmasq-dhcp[2938367]: read /opt/stack/data/neutron/dhcp/555dfccf-684b-4d57-95af-a7c914b5a2eb/opts
Oct 17 19:58:00.332712 podb-esxi207 dnsmasq[2938692]: read /opt/stack/data/neutron/dhcp/5c4d053b-332d-41e6-96c3-3346f3d3da20/addn_hosts - 2 names
Oct 17 19:58:00.332799 podb-esxi207 dnsmasq-dhcp[2938692]: read /opt/stack/data/neutron/dhcp/5c4d053b-332d-41e6-96c3-3346f3d3da20/host
Oct 17 19:58:00.332865 podb-esxi207 dnsmasq-dhcp[2938692]: read /opt/stack/data/neutron/dhcp/5c4d053b-332d-41e6-96c3-3346f3d3da20/opts
Oct 17 19:58:00.565101 podb-esxi207 dnsmasq[2929860]: exiting on receipt of SIGTERM
Oct 17 19:58:02.183873 podb-esxi207 dnsmasq[2935922]: read /opt/stack/data/neutron/dhcp/5c56d329-d578-43cc-9586-315ccc9a74ca/addn_hosts - 12 names
Oct 17 19:58:02.184001 podb-esxi207 dnsmasq-dhcp[2935922]: read /opt/stack/data/neutron/dhcp/5c56d329-d578-43cc-9586-315ccc9a74ca/host
Oct 17 19:58:02.184104 podb-esxi207 dnsmasq-dhcp[2935922]: read /opt/stack/data/neutron/dhcp/5c56d329-d578-43cc-9586-315ccc9a74ca/opts
Oct 17 19:58:02.924240 podb-esxi207 dnsmasq[2938367]: read /opt/stack/data/neutron/dhcp/555dfccf-684b-4d57-95af-a7c914b5a2eb/addn_hosts - 2 names
Oct 17 19:58:02.924344 podb-esxi207 dnsmasq-dhcp[2938367]: read /opt/stack/data/neutron/dhcp/555dfccf-684b-4d57-95af-a7c914b5a2eb/host
Oct 17 19:58:02.924451 podb-esxi207 dnsmasq-dhcp[2938367]: read /opt/stack/data/neutron/dhcp/555dfccf-684b-4d57-95af-a7c914b5a2eb/opts
Oct 17 19:58:03.668254 podb-esxi207 dnsmasq[2938692]: read /opt/stack/data/neutron/dhcp/5c4d053b-332d-41e6-96c3-3346f3d3da20/addn_hosts - 2 names
Oct 17 19:58:03.668309 podb-esxi207 dnsmasq-dhcp[2938692]: read /opt/stack/data/neutron/dhcp/5c4d053b-332d-41e6-96c3-3346f3d3da20/host
Oct 17 19:58:03.668359 podb-esxi207 dnsmasq-dhcp[2938692]: read /opt/stack/data/neutron/dhcp/5c4d053b-332d-41e6-96c3-3346f3d3da20/opts
Oct 17 19:58:04.916277 podb-esxi207 dnsmasq[2938367]: read /opt/stack/data/neutron/dhcp/555dfccf-684b-4d57-95af-a7c914b5a2eb/addn_hosts - 4 names
Oct 17 19:58:04.916378 podb-esxi207 dnsmasq-dhcp[2938367]: read /opt/stack/data/neutron/dhcp/555dfccf-684b-4d57-95af-a7c914b5a2eb/host
Oct 17 19:58:04.916454 podb-esxi207 dnsmasq-dhcp[2938367]: read /opt/stack/data/neutron/dhcp/555dfccf-684b-4d57-95af-a7c914b5a2eb/opts
Oct 17 19:58:05.660575 podb-esxi207 dnsmasq[2938692]: read /opt/stack/data/neutron/dhcp/5c4d053b-332d-41e6-96c3-3346f3d3da20/addn_hosts - 2 names
Oct 17 19:58:05.660703 podb-esxi207 dnsmasq-dhcp[2938692]: read /opt/stack/data/neutron/dhcp/5c4d053b-332d-41e6-96c3-3346f3d3da20/host
Oct 17 19:58:05.660781 podb-esxi207 dnsmasq-dhcp[2938692]: read /opt/stack/data/neutron/dhcp/5c4d053b-332d-41e6-96c3-3346f3d3da20/opts
Oct 17 19:58:08.096320 podb-esxi207 dnsmasq-dhcp[2935922]: DHCPDISCOVER(tap463835e2-fb) fa:16:3e:82:bf:25
Oct 17 19:58:08.096351 podb-esxi207 dnsmasq-dhcp[2935922]: DHCPOFFER(tap463835e2-fb) 10.1.0.13 fa:16:3e:82:bf:25
Oct 17 19:58:08.108219 podb-esxi207 dnsmasq-dhcp[2935922]: DHCPREQUEST(tap463835e2-fb) 10.1.0.13 fa:16:3e:82:bf:25
Oct 17 19:58:08.108256 podb-esxi207 dnsmasq-dhcp[2935922]: DHCPACK(tap463835e2-fb) 10.1.0.13 fa:16:3e:82:bf:25 host-10-1-0-13
Oct 17 19:58:22.505221 podb-esxi207 dnsmasq-dhcp[2935922]: DHCPDISCOVER(tap463835e2-fb) fa:16:3e:b2:ee:78
Oct 17 19:58:22.505250 podb-esxi207 dnsmasq-dhcp[2935922]: DHCPOFFER(tap463835e2-fb) 10.1.0.3 fa:16:3e:b2:ee:78
Oct 17 19:58:22.514322 podb-esxi207 dnsmasq-dhcp[2935922]: DHCPREQUEST(tap463835e2-fb) 10.1.0.3 fa:16:3e:b2:ee:78
Oct 17 19:58:22.514351 podb-esxi207 dnsmasq-dhcp[2935922]: DHCPACK(tap463835e2-fb) 10.1.0.3 fa:16:3e:b2:ee:78 host-10-1-0-3
Oct 17 19:58:25.652373 podb-esxi207 dnsmasq[2938367]: read /opt/stack/data/neutron/dhcp/555dfccf-684b-4d57-95af-a7c914b5a2eb/addn_hosts - 2 names
Oct 17 19:58:25.652511 podb-esxi207 dnsmasq-dhcp[2938367]: read /opt/stack/data/neutron/dhcp/555dfccf-684b-4d57-95af-a7c914b5a2eb/host
Oct 17 19:58:25.652642 podb-esxi207 dnsmasq-dhcp[2938367]: read /opt/stack/data/neutron/dhcp/555dfccf-684b-4d57-95af-a7c914b5a2eb/opts
Oct 17 19:59:13.658964 podb-esxi207 dnsmasq-dhcp[2935922]: DHCPREQUEST(tap463835e2-fb) 10.1.0.13 fa:16:3e:82:bf:25
Oct 17 19:59:13.658997 podb-esxi207 dnsmasq-dhcp[2935922]: DHCPACK(tap463835e2-fb) 10.1.0.13 fa:16:3e:82:bf:25 host-10-1-0-13
Oct 17 19:59:44.237926 podb-esxi207 dnsmasq-dhcp[2935922]: DHCPREQUEST(tap463835e2-fb) 10.1.0.3 fa:16:3e:b2:ee:78
Oct 17 19:59:44.237959 podb-esxi207 dnsmasq-dhcp[2935922]: DHCPACK(tap463835e2-fb) 10.1.0.3 fa:16:3e:b2:ee:78 host-10-1-0-3
Oct 17 20:02:04.967128 podb-esxi207 dnsmasq-dhcp[2935922]: DHCPRELEASE(tap463835e2-fb) 10.1.0.3 fa:16:3e:b2:ee:78
Oct 17 20:02:04.984480 podb-esxi207 dnsmasq-dhcp[2935922]: DHCPRELEASE(tap463835e2-fb) 10.1.0.3 fa:16:3e:b2:ee:78 unknown lease
Oct 17 20:02:05.811632 podb-esxi207 dnsmasq[2935922]: read /opt/stack/data/neutron/dhcp/5c56d329-d578-43cc-9586-315ccc9a74ca/addn_hosts - 10 names
Oct 17 20:02:05.811782 podb-esxi207 dnsmasq-dhcp[2935922]: read /opt/stack/data/neutron/dhcp/5c56d329-d578-43cc-9586-315ccc9a74ca/host
Oct 17 20:02:05.811893 podb-esxi207 dnsmasq-dhcp[2935922]: read /opt/stack/data/neutron/dhcp/5c56d329-d578-43cc-9586-315ccc9a74ca/opts
Oct 17 20:02:08.795109 podb-esxi207 dnsmasq[2938367]: read /opt/stack/data/neutron/dhcp/555dfccf-684b-4d57-95af-a7c914b5a2eb/addn_hosts - 0 names
Oct 17 20:02:08.795233 podb-esxi207 dnsmasq-dhcp[2938367]: read /opt/stack/data/neutron/dhcp/555dfccf-684b-4d57-95af-a7c914b5a2eb/host
Oct 17 20:02:08.795312 podb-esxi207 dnsmasq-dhcp[2938367]: read /opt/stack/data/neutron/dhcp/555dfccf-684b-4d57-95af-a7c914b5a2eb/opts
Oct 17 20:02:09.599717 podb-esxi207 dnsmasq[2938367]: exiting on receipt of SIGTERM
Oct 17 20:02:10.714111 podb-esxi207 dnsmasq[2938692]: read /opt/stack/data/neutron/dhcp/5c4d053b-332d-41e6-96c3-3346f3d3da20/addn_hosts - 0 names
Oct 17 20:02:10.714182 podb-esxi207 dnsmasq-dhcp[2938692]: read /opt/stack/data/neutron/dhcp/5c4d053b-332d-41e6-96c3-3346f3d3da20/host
Oct 17 20:02:10.714237 podb-esxi207 dnsmasq-dhcp[2938692]: read /opt/stack/data/neutron/dhcp/5c4d053b-332d-41e6-96c3-3346f3d3da20/opts
Oct 17 20:02:11.526740 podb-esxi207 dnsmasq[2938692]: exiting on receipt of SIGTERM
Oct 17 20:02:12.179930 podb-esxi207 dnsmasq-dhcp[2935922]: DHCPRELEASE(tap463835e2-fb) 10.1.0.13 fa:16:3e:82:bf:25
Oct 17 20:02:12.196512 podb-esxi207 dnsmasq-dhcp[2935922]: DHCPRELEASE(tap463835e2-fb) 10.1.0.13 fa:16:3e:82:bf:25 unknown lease
Oct 17 20:02:13.022126 podb-esxi207 dnsmasq[2935922]: read /opt/stack/data/neutron/dhcp/5c56d329-d578-43cc-9586-315ccc9a74ca/addn_hosts - 8 names
Oct 17 20:02:13.022286 podb-esxi207 dnsmasq-dhcp[2935922]: read /opt/stack/data/neutron/dhcp/5c56d329-d578-43cc-9586-315ccc9a74ca/host
Oct 17 20:02:13.022385 podb-esxi207 dnsmasq-dhcp[2935922]: read /opt/stack/data/neutron/dhcp/5c56d329-d578-43cc-9586-315ccc9a74ca/opts
Oct 17 20:02:26.961602 podb-esxi207 dnsmasq-dhcp[2935922]: DHCPRELEASE(tap463835e2-fb) 10.1.0.12 fa:16:3e:a5:1f:68
Oct 17 20:02:26.979156 podb-esxi207 dnsmasq-dhcp[2935922]: DHCPRELEASE(tap463835e2-fb) 10.1.0.12 fa:16:3e:a5:1f:68 unknown lease
Oct 17 20:02:27.807660 podb-esxi207 dnsmasq[2935922]: read /opt/stack/data/neutron/dhcp/5c56d329-d578-43cc-9586-315ccc9a74ca/addn_hosts - 6 names
Oct 17 20:02:27.807770 podb-esxi207 dnsmasq-dhcp[2935922]: read /opt/stack/data/neutron/dhcp/5c56d329-d578-43cc-9586-315ccc9a74ca/host
Oct 17 20:02:27.807889 podb-esxi207 dnsmasq-dhcp[2935922]: read /opt/stack/data/neutron/dhcp/5c56d329-d578-43cc-9586-315ccc9a74ca/opts
Oct 17 20:02:34.316872 podb-esxi207 dnsmasq-dhcp[2935922]: DHCPRELEASE(tap463835e2-fb) 10.1.0.6 fa:16:3e:21:2a:7b
Oct 17 20:02:34.333481 podb-esxi207 dnsmasq-dhcp[2935922]: DHCPRELEASE(tap463835e2-fb) 10.1.0.6 fa:16:3e:21:2a:7b unknown lease
Oct 17 20:02:35.161469 podb-esxi207 dnsmasq[2935922]: read /opt/stack/data/neutron/dhcp/5c56d329-d578-43cc-9586-315ccc9a74ca/addn_hosts - 4 names
Oct 17 20:02:35.161610 podb-esxi207 dnsmasq-dhcp[2935922]: read /opt/stack/data/neutron/dhcp/5c56d329-d578-43cc-9586-315ccc9a74ca/host
Oct 17 20:02:35.161709 podb-esxi207 dnsmasq-dhcp[2935922]: read /opt/stack/data/neutron/dhcp/5c56d329-d578-43cc-9586-315ccc9a74ca/opts
Oct 17 20:02:42.295259 podb-esxi207 dnsmasq-dhcp[2935922]: DHCPRELEASE(tap463835e2-fb) 10.1.0.7 fa:16:3e:6f:ae:2e
Oct 17 20:02:42.312842 podb-esxi207 dnsmasq-dhcp[2935922]: DHCPRELEASE(tap463835e2-fb) 10.1.0.7 fa:16:3e:6f:ae:2e unknown lease
Oct 17 20:02:43.138138 podb-esxi207 dnsmasq[2935922]: read /opt/stack/data/neutron/dhcp/5c56d329-d578-43cc-9586-315ccc9a74ca/addn_hosts - 2 names
Oct 17 20:02:43.138227 podb-esxi207 dnsmasq-dhcp[2935922]: read /opt/stack/data/neutron/dhcp/5c56d329-d578-43cc-9586-315ccc9a74ca/host
Oct 17 20:02:43.138302 podb-esxi207 dnsmasq-dhcp[2935922]: read /opt/stack/data/neutron/dhcp/5c56d329-d578-43cc-9586-315ccc9a74ca/opts
Oct 17 20:02:46.601532 podb-esxi207 dnsmasq[2942169]: started, version 2.90 cachesize 150
Oct 17 20:02:46.601559 podb-esxi207 dnsmasq[2942169]: DNS service limited to local subnets
Oct 17 20:02:46.601574 podb-esxi207 dnsmasq[2942169]: compile time options: IPv6 GNU-getopt DBus no-UBus i18n IDN2 DHCP DHCPv6 no-Lua TFTP conntrack ipset no-nftset auth cryptohash DNSSEC loop-detect inotify dumpfile
Oct 17 20:02:46.601610 podb-esxi207 dnsmasq-dhcp[2942169]: DHCP, static leases only on 10.1.0.0, lease time 1d
Oct 17 20:02:46.601763 podb-esxi207 dnsmasq[2942169]: reading /etc/resolv.conf
Oct 17 20:02:46.601780 podb-esxi207 dnsmasq[2942169]: using nameserver 127.0.0.53#53
Oct 17 20:02:46.601867 podb-esxi207 dnsmasq[2942169]: read /opt/stack/data/neutron/dhcp/46746daa-5874-4486-8d6c-c1d3e9ba51bb/addn_hosts - 0 names
Oct 17 20:02:46.601921 podb-esxi207 dnsmasq-dhcp[2942169]: read /opt/stack/data/neutron/dhcp/46746daa-5874-4486-8d6c-c1d3e9ba51bb/host
Oct 17 20:02:46.601979 podb-esxi207 dnsmasq-dhcp[2942169]: read /opt/stack/data/neutron/dhcp/46746daa-5874-4486-8d6c-c1d3e9ba51bb/opts
Oct 17 20:02:49.900006 podb-esxi207 dnsmasq[2942410]: started, version 2.90 cachesize 150
Oct 17 20:02:49.900030 podb-esxi207 dnsmasq[2942410]: DNS service limited to local subnets
Oct 17 20:02:49.900045 podb-esxi207 dnsmasq[2942410]: compile time options: IPv6 GNU-getopt DBus no-UBus i18n IDN2 DHCP DHCPv6 no-Lua TFTP conntrack ipset no-nftset auth cryptohash DNSSEC loop-detect inotify dumpfile
Oct 17 20:02:49.900091 podb-esxi207 dnsmasq-dhcp[2942410]: DHCP, static leases only on 10.1.0.0, lease time 1d
Oct 17 20:02:49.900246 podb-esxi207 dnsmasq[2942410]: reading /etc/resolv.conf
Oct 17 20:02:49.900262 podb-esxi207 dnsmasq[2942410]: using nameserver 127.0.0.53#53
Oct 17 20:02:49.900378 podb-esxi207 dnsmasq[2942410]: read /opt/stack/data/neutron/dhcp/cb70036f-0ead-462f-85c7-6a5e4757a3c0/addn_hosts - 2 names
Oct 17 20:02:49.900443 podb-esxi207 dnsmasq-dhcp[2942410]: read /opt/stack/data/neutron/dhcp/cb70036f-0ead-462f-85c7-6a5e4757a3c0/host
Oct 17 20:02:49.900509 podb-esxi207 dnsmasq-dhcp[2942410]: read /opt/stack/data/neutron/dhcp/cb70036f-0ead-462f-85c7-6a5e4757a3c0/opts
Oct 17 20:02:50.935758 podb-esxi207 dnsmasq[2942169]: read /opt/stack/data/neutron/dhcp/46746daa-5874-4486-8d6c-c1d3e9ba51bb/addn_hosts - 2 names
Oct 17 20:02:50.935837 podb-esxi207 dnsmasq-dhcp[2942169]: read /opt/stack/data/neutron/dhcp/46746daa-5874-4486-8d6c-c1d3e9ba51bb/host
Oct 17 20:02:50.935926 podb-esxi207 dnsmasq-dhcp[2942169]: read /opt/stack/data/neutron/dhcp/46746daa-5874-4486-8d6c-c1d3e9ba51bb/opts
Oct 17 20:02:52.714790 podb-esxi207 dnsmasq[2942410]: read /opt/stack/data/neutron/dhcp/cb70036f-0ead-462f-85c7-6a5e4757a3c0/addn_hosts - 2 names
Oct 17 20:02:52.714904 podb-esxi207 dnsmasq-dhcp[2942410]: read /opt/stack/data/neutron/dhcp/cb70036f-0ead-462f-85c7-6a5e4757a3c0/host
Oct 17 20:02:52.715014 podb-esxi207 dnsmasq-dhcp[2942410]: read /opt/stack/data/neutron/dhcp/cb70036f-0ead-462f-85c7-6a5e4757a3c0/opts
Oct 17 20:02:53.467731 podb-esxi207 dnsmasq[2942169]: read /opt/stack/data/neutron/dhcp/46746daa-5874-4486-8d6c-c1d3e9ba51bb/addn_hosts - 2 names
Oct 17 20:02:53.467864 podb-esxi207 dnsmasq-dhcp[2942169]: read /opt/stack/data/neutron/dhcp/46746daa-5874-4486-8d6c-c1d3e9ba51bb/host
Oct 17 20:02:53.467978 podb-esxi207 dnsmasq-dhcp[2942169]: read /opt/stack/data/neutron/dhcp/46746daa-5874-4486-8d6c-c1d3e9ba51bb/opts
Oct 17 20:02:54.749905 podb-esxi207 dnsmasq[2942410]: read /opt/stack/data/neutron/dhcp/cb70036f-0ead-462f-85c7-6a5e4757a3c0/addn_hosts - 2 names
Oct 17 20:02:54.750022 podb-esxi207 dnsmasq-dhcp[2942410]: read /opt/stack/data/neutron/dhcp/cb70036f-0ead-462f-85c7-6a5e4757a3c0/host
Oct 17 20:02:54.750148 podb-esxi207 dnsmasq-dhcp[2942410]: read /opt/stack/data/neutron/dhcp/cb70036f-0ead-462f-85c7-6a5e4757a3c0/opts
Oct 17 20:02:55.509904 podb-esxi207 dnsmasq[2942169]: read /opt/stack/data/neutron/dhcp/46746daa-5874-4486-8d6c-c1d3e9ba51bb/addn_hosts - 2 names
Oct 17 20:02:55.510012 podb-esxi207 dnsmasq-dhcp[2942169]: read /opt/stack/data/neutron/dhcp/46746daa-5874-4486-8d6c-c1d3e9ba51bb/host
Oct 17 20:02:55.510124 podb-esxi207 dnsmasq-dhcp[2942169]: read /opt/stack/data/neutron/dhcp/46746daa-5874-4486-8d6c-c1d3e9ba51bb/opts
Oct 17 20:02:56.762822 podb-esxi207 dnsmasq[2942410]: read /opt/stack/data/neutron/dhcp/cb70036f-0ead-462f-85c7-6a5e4757a3c0/addn_hosts - 2 names
Oct 17 20:02:56.762933 podb-esxi207 dnsmasq-dhcp[2942410]: read /opt/stack/data/neutron/dhcp/cb70036f-0ead-462f-85c7-6a5e4757a3c0/host
Oct 17 20:02:56.763042 podb-esxi207 dnsmasq-dhcp[2942410]: read /opt/stack/data/neutron/dhcp/cb70036f-0ead-462f-85c7-6a5e4757a3c0/opts
Oct 17 20:03:24.202697 podb-esxi207 dnsmasq[2935922]: read /opt/stack/data/neutron/dhcp/5c56d329-d578-43cc-9586-315ccc9a74ca/addn_hosts - 0 names
Oct 17 20:03:24.202767 podb-esxi207 dnsmasq-dhcp[2935922]: read /opt/stack/data/neutron/dhcp/5c56d329-d578-43cc-9586-315ccc9a74ca/host
Oct 17 20:03:24.202823 podb-esxi207 dnsmasq-dhcp[2935922]: read /opt/stack/data/neutron/dhcp/5c56d329-d578-43cc-9586-315ccc9a74ca/opts
Oct 17 20:03:25.151480 podb-esxi207 dnsmasq[2935922]: exiting on receipt of SIGTERM
Oct 17 20:03:27.760431 podb-esxi207 dnsmasq[2942169]: read /opt/stack/data/neutron/dhcp/46746daa-5874-4486-8d6c-c1d3e9ba51bb/addn_hosts - 4 names
Oct 17 20:03:27.760565 podb-esxi207 dnsmasq-dhcp[2942169]: read /opt/stack/data/neutron/dhcp/46746daa-5874-4486-8d6c-c1d3e9ba51bb/host
Oct 17 20:03:27.760711 podb-esxi207 dnsmasq-dhcp[2942169]: read /opt/stack/data/neutron/dhcp/46746daa-5874-4486-8d6c-c1d3e9ba51bb/opts
Oct 17 20:03:50.612077 podb-esxi207 dnsmasq-dhcp[2942169]: DHCPDISCOVER(tapf00b658c-80) fa:16:3e:58:8a:b7
Oct 17 20:03:50.612103 podb-esxi207 dnsmasq-dhcp[2942169]: DHCPOFFER(tapf00b658c-80) 10.1.0.6 fa:16:3e:58:8a:b7
Oct 17 20:03:50.625465 podb-esxi207 dnsmasq-dhcp[2942169]: DHCPREQUEST(tapf00b658c-80) 10.1.0.6 fa:16:3e:58:8a:b7
Oct 17 20:03:50.625504 podb-esxi207 dnsmasq-dhcp[2942169]: DHCPACK(tapf00b658c-80) 10.1.0.6 fa:16:3e:58:8a:b7 host-10-1-0-6
Oct 17 20:05:34.676714 podb-esxi207 dnsmasq-dhcp[2942169]: DHCPRELEASE(tapf00b658c-80) 10.1.0.6 fa:16:3e:58:8a:b7
Oct 17 20:05:34.691930 podb-esxi207 dnsmasq-dhcp[2942169]: DHCPRELEASE(tapf00b658c-80) 10.1.0.6 fa:16:3e:58:8a:b7 unknown lease
Oct 17 20:05:35.518347 podb-esxi207 dnsmasq[2942169]: read /opt/stack/data/neutron/dhcp/46746daa-5874-4486-8d6c-c1d3e9ba51bb/addn_hosts - 2 names
Oct 17 20:05:35.518458 podb-esxi207 dnsmasq-dhcp[2942169]: read /opt/stack/data/neutron/dhcp/46746daa-5874-4486-8d6c-c1d3e9ba51bb/host
Oct 17 20:05:35.518572 podb-esxi207 dnsmasq-dhcp[2942169]: read /opt/stack/data/neutron/dhcp/46746daa-5874-4486-8d6c-c1d3e9ba51bb/opts
Oct 17 20:05:51.775253 podb-esxi207 dnsmasq[2942169]: read /opt/stack/data/neutron/dhcp/46746daa-5874-4486-8d6c-c1d3e9ba51bb/addn_hosts - 0 names
Oct 17 20:05:51.775333 podb-esxi207 dnsmasq-dhcp[2942169]: read /opt/stack/data/neutron/dhcp/46746daa-5874-4486-8d6c-c1d3e9ba51bb/host
Oct 17 20:05:51.775432 podb-esxi207 dnsmasq-dhcp[2942169]: read /opt/stack/data/neutron/dhcp/46746daa-5874-4486-8d6c-c1d3e9ba51bb/opts
Oct 17 20:05:52.847620 podb-esxi207 dnsmasq[2942169]: exiting on receipt of SIGTERM
Oct 17 20:05:53.462361 podb-esxi207 dnsmasq-dhcp[2942410]: DHCPRELEASE(tapd74584bb-2a) 10.1.0.1 fa:16:3e:51:cb:87
Oct 17 20:05:54.286593 podb-esxi207 dnsmasq[2942410]: read /opt/stack/data/neutron/dhcp/cb70036f-0ead-462f-85c7-6a5e4757a3c0/addn_hosts - 0 names
Oct 17 20:05:54.286680 podb-esxi207 dnsmasq-dhcp[2942410]: read /opt/stack/data/neutron/dhcp/cb70036f-0ead-462f-85c7-6a5e4757a3c0/host
Oct 17 20:05:54.286778 podb-esxi207 dnsmasq-dhcp[2942410]: read /opt/stack/data/neutron/dhcp/cb70036f-0ead-462f-85c7-6a5e4757a3c0/opts
Oct 17 20:05:55.064110 podb-esxi207 dnsmasq[2942410]: exiting on receipt of SIGTERM
Oct 17 20:07:05.651355 podb-esxi207 dnsmasq[2898360]: read /opt/stack/data/neutron/dhcp/8bbb63cc-93aa-443a-8b80-e12b71ef844d/addn_hosts - 2 names
Oct 17 20:07:05.651475 podb-esxi207 dnsmasq-dhcp[2898360]: read /opt/stack/data/neutron/dhcp/8bbb63cc-93aa-443a-8b80-e12b71ef844d/host
Oct 17 20:07:05.651563 podb-esxi207 dnsmasq-dhcp[2898360]: read /opt/stack/data/neutron/dhcp/8bbb63cc-93aa-443a-8b80-e12b71ef844d/opts
Oct 17 20:07:11.366101 podb-esxi207 dnsmasq[2945299]: started, version 2.90 cachesize 150
Oct 17 20:07:11.366127 podb-esxi207 dnsmasq[2945299]: DNS service limited to local subnets
Oct 17 20:07:11.366142 podb-esxi207 dnsmasq[2945299]: compile time options: IPv6 GNU-getopt DBus no-UBus i18n IDN2 DHCP DHCPv6 no-Lua TFTP conntrack ipset no-nftset auth cryptohash DNSSEC loop-detect inotify dumpfile
Oct 17 20:07:11.366177 podb-esxi207 dnsmasq-dhcp[2945299]: DHCP, static leases only on 10.1.0.0, lease time 1d
Oct 17 20:07:11.366333 podb-esxi207 dnsmasq[2945299]: reading /etc/resolv.conf
Oct 17 20:07:11.366349 podb-esxi207 dnsmasq[2945299]: using nameserver 127.0.0.53#53
Oct 17 20:07:11.366439 podb-esxi207 dnsmasq[2945299]: read /opt/stack/data/neutron/dhcp/910e7c09-725d-417b-af59-29341dac5a6c/addn_hosts - 0 names
Oct 17 20:07:11.366496 podb-esxi207 dnsmasq-dhcp[2945299]: read /opt/stack/data/neutron/dhcp/910e7c09-725d-417b-af59-29341dac5a6c/host
Oct 17 20:07:11.366553 podb-esxi207 dnsmasq-dhcp[2945299]: read /opt/stack/data/neutron/dhcp/910e7c09-725d-417b-af59-29341dac5a6c/opts
Oct 17 20:07:14.669840 podb-esxi207 dnsmasq[2945589]: started, version 2.90 cachesize 150
Oct 17 20:07:14.669870 podb-esxi207 dnsmasq[2945589]: DNS service limited to local subnets
Oct 17 20:07:14.669884 podb-esxi207 dnsmasq[2945589]: compile time options: IPv6 GNU-getopt DBus no-UBus i18n IDN2 DHCP DHCPv6 no-Lua TFTP conntrack ipset no-nftset auth cryptohash DNSSEC loop-detect inotify dumpfile
Oct 17 20:07:14.669920 podb-esxi207 dnsmasq-dhcp[2945589]: DHCP, static leases only on 10.1.0.0, lease time 1d
Oct 17 20:07:14.670076 podb-esxi207 dnsmasq[2945589]: reading /etc/resolv.conf
Oct 17 20:07:14.670093 podb-esxi207 dnsmasq[2945589]: using nameserver 127.0.0.53#53
Oct 17 20:07:14.670184 podb-esxi207 dnsmasq[2945589]: read /opt/stack/data/neutron/dhcp/9a2e8d79-7dca-4e80-95f8-086609cbd0e4/addn_hosts - 0 names
Oct 17 20:07:14.670234 podb-esxi207 dnsmasq-dhcp[2945589]: read /opt/stack/data/neutron/dhcp/9a2e8d79-7dca-4e80-95f8-086609cbd0e4/host
Oct 17 20:07:14.670300 podb-esxi207 dnsmasq-dhcp[2945589]: read /opt/stack/data/neutron/dhcp/9a2e8d79-7dca-4e80-95f8-086609cbd0e4/opts
Oct 17 20:07:17.435747 podb-esxi207 dnsmasq[2945916]: started, version 2.90 cachesize 150
Oct 17 20:07:17.435773 podb-esxi207 dnsmasq[2945916]: DNS service limited to local subnets
Oct 17 20:07:17.435788 podb-esxi207 dnsmasq[2945916]: compile time options: IPv6 GNU-getopt DBus no-UBus i18n IDN2 DHCP DHCPv6 no-Lua TFTP conntrack ipset no-nftset auth cryptohash DNSSEC loop-detect inotify dumpfile
Oct 17 20:07:17.435826 podb-esxi207 dnsmasq-dhcp[2945916]: DHCP, static leases only on 10.1.0.0, lease time 1d
Oct 17 20:07:17.435982 podb-esxi207 dnsmasq[2945916]: reading /etc/resolv.conf
Oct 17 20:07:17.435999 podb-esxi207 dnsmasq[2945916]: using nameserver 127.0.0.53#53
Oct 17 20:07:17.436116 podb-esxi207 dnsmasq[2945916]: read /opt/stack/data/neutron/dhcp/607e2853-ebd2-44bd-a0ae-7ca2190055a4/addn_hosts - 2 names
Oct 17 20:07:17.436174 podb-esxi207 dnsmasq-dhcp[2945916]: read /opt/stack/data/neutron/dhcp/607e2853-ebd2-44bd-a0ae-7ca2190055a4/host
Oct 17 20:07:17.436244 podb-esxi207 dnsmasq-dhcp[2945916]: read /opt/stack/data/neutron/dhcp/607e2853-ebd2-44bd-a0ae-7ca2190055a4/opts
Oct 17 20:07:18.476784 podb-esxi207 dnsmasq[2945299]: read /opt/stack/data/neutron/dhcp/910e7c09-725d-417b-af59-29341dac5a6c/addn_hosts - 2 names
Oct 17 20:07:18.476876 podb-esxi207 dnsmasq-dhcp[2945299]: read /opt/stack/data/neutron/dhcp/910e7c09-725d-417b-af59-29341dac5a6c/host
Oct 17 20:07:18.476944 podb-esxi207 dnsmasq-dhcp[2945299]: read /opt/stack/data/neutron/dhcp/910e7c09-725d-417b-af59-29341dac5a6c/opts
Oct 17 20:07:20.252259 podb-esxi207 dnsmasq[2945589]: read /opt/stack/data/neutron/dhcp/9a2e8d79-7dca-4e80-95f8-086609cbd0e4/addn_hosts - 2 names
Oct 17 20:07:20.252382 podb-esxi207 dnsmasq-dhcp[2945589]: read /opt/stack/data/neutron/dhcp/9a2e8d79-7dca-4e80-95f8-086609cbd0e4/host
Oct 17 20:07:20.252462 podb-esxi207 dnsmasq-dhcp[2945589]: read /opt/stack/data/neutron/dhcp/9a2e8d79-7dca-4e80-95f8-086609cbd0e4/opts
Oct 17 20:07:20.998197 podb-esxi207 dnsmasq[2898360]: read /opt/stack/data/neutron/dhcp/8bbb63cc-93aa-443a-8b80-e12b71ef844d/addn_hosts - 0 names
Oct 17 20:07:20.998268 podb-esxi207 dnsmasq-dhcp[2898360]: read /opt/stack/data/neutron/dhcp/8bbb63cc-93aa-443a-8b80-e12b71ef844d/host
Oct 17 20:07:20.998347 podb-esxi207 dnsmasq-dhcp[2898360]: read /opt/stack/data/neutron/dhcp/8bbb63cc-93aa-443a-8b80-e12b71ef844d/opts
Oct 17 20:07:22.264782 podb-esxi207 dnsmasq[2945916]: read /opt/stack/data/neutron/dhcp/607e2853-ebd2-44bd-a0ae-7ca2190055a4/addn_hosts - 2 names
Oct 17 20:07:22.264874 podb-esxi207 dnsmasq-dhcp[2945916]: read /opt/stack/data/neutron/dhcp/607e2853-ebd2-44bd-a0ae-7ca2190055a4/host
Oct 17 20:07:22.264943 podb-esxi207 dnsmasq-dhcp[2945916]: read /opt/stack/data/neutron/dhcp/607e2853-ebd2-44bd-a0ae-7ca2190055a4/opts
Oct 17 20:07:23.034010 podb-esxi207 dnsmasq[2945299]: read /opt/stack/data/neutron/dhcp/910e7c09-725d-417b-af59-29341dac5a6c/addn_hosts - 2 names
Oct 17 20:07:23.034053 podb-esxi207 dnsmasq-dhcp[2945299]: read /opt/stack/data/neutron/dhcp/910e7c09-725d-417b-af59-29341dac5a6c/host
Oct 17 20:07:23.034082 podb-esxi207 dnsmasq-dhcp[2945299]: read /opt/stack/data/neutron/dhcp/910e7c09-725d-417b-af59-29341dac5a6c/opts
Oct 17 20:07:24.318683 podb-esxi207 dnsmasq[2945589]: read /opt/stack/data/neutron/dhcp/9a2e8d79-7dca-4e80-95f8-086609cbd0e4/addn_hosts - 2 names
Oct 17 20:07:24.318769 podb-esxi207 dnsmasq-dhcp[2945589]: read /opt/stack/data/neutron/dhcp/9a2e8d79-7dca-4e80-95f8-086609cbd0e4/host
Oct 17 20:07:24.318871 podb-esxi207 dnsmasq-dhcp[2945589]: read /opt/stack/data/neutron/dhcp/9a2e8d79-7dca-4e80-95f8-086609cbd0e4/opts
Oct 17 20:07:25.098726 podb-esxi207 dnsmasq[2945916]: read /opt/stack/data/neutron/dhcp/607e2853-ebd2-44bd-a0ae-7ca2190055a4/addn_hosts - 2 names
Oct 17 20:07:25.098834 podb-esxi207 dnsmasq-dhcp[2945916]: read /opt/stack/data/neutron/dhcp/607e2853-ebd2-44bd-a0ae-7ca2190055a4/host
