Oct 17 19:43:24.505782 podb-esxi207 dnsmasq-dhcp[2917849]: read /opt/stack/data/neutron/dhcp/57cc6f00-0da5-439b-a6a3-db630f595753/host
Oct 17 19:43:24.505869 podb-esxi207 dnsmasq-dhcp[2917849]: read /opt/stack/data/neutron/dhcp/57cc6f00-0da5-439b-a6a3-db630f595753/opts
Oct 17 19:43:25.285388 podb-esxi207 dnsmasq[2918924]: read /opt/stack/data/neutron/dhcp/0fc08dbd-68c1-4d5f-a891-763aba89a42b/addn_hosts - 2 names
Oct 17 19:43:25.285465 podb-esxi207 dnsmasq-dhcp[2918924]: read /opt/stack/data/neutron/dhcp/0fc08dbd-68c1-4d5f-a891-763aba89a42b/host
Oct 17 19:43:25.285560 podb-esxi207 dnsmasq-dhcp[2918924]: read /opt/stack/data/neutron/dhcp/0fc08dbd-68c1-4d5f-a891-763aba89a42b/opts
Oct 17 19:43:26.013581 podb-esxi207 dnsmasq[2917657]: read /opt/stack/data/neutron/dhcp/f5faa73e-cbe6-434f-aee1-b2ecebb54c5c/addn_hosts - 6 names
Oct 17 19:43:26.013670 podb-esxi207 dnsmasq-dhcp[2917657]: read /opt/stack/data/neutron/dhcp/f5faa73e-cbe6-434f-aee1-b2ecebb54c5c/host
Oct 17 19:43:26.013724 podb-esxi207 dnsmasq-dhcp[2917657]: read /opt/stack/data/neutron/dhcp/f5faa73e-cbe6-434f-aee1-b2ecebb54c5c/opts
Oct 17 19:43:27.251234 podb-esxi207 dnsmasq[2918771]: read /opt/stack/data/neutron/dhcp/a9bd2a9d-6ab1-4b8f-9643-3de6ee4d6abd/addn_hosts - 2 names
Oct 17 19:43:27.251320 podb-esxi207 dnsmasq-dhcp[2918771]: read /opt/stack/data/neutron/dhcp/a9bd2a9d-6ab1-4b8f-9643-3de6ee4d6abd/host
Oct 17 19:43:27.251390 podb-esxi207 dnsmasq-dhcp[2918771]: read /opt/stack/data/neutron/dhcp/a9bd2a9d-6ab1-4b8f-9643-3de6ee4d6abd/opts
Oct 17 19:43:27.970689 podb-esxi207 dnsmasq[2918924]: read /opt/stack/data/neutron/dhcp/0fc08dbd-68c1-4d5f-a891-763aba89a42b/addn_hosts - 2 names
Oct 17 19:43:27.970790 podb-esxi207 dnsmasq-dhcp[2918924]: read /opt/stack/data/neutron/dhcp/0fc08dbd-68c1-4d5f-a891-763aba89a42b/host
Oct 17 19:43:27.970900 podb-esxi207 dnsmasq-dhcp[2918924]: read /opt/stack/data/neutron/dhcp/0fc08dbd-68c1-4d5f-a891-763aba89a42b/opts
Oct 17 19:43:28.691980 podb-esxi207 dnsmasq[2917657]: read /opt/stack/data/neutron/dhcp/f5faa73e-cbe6-434f-aee1-b2ecebb54c5c/addn_hosts - 8 names
Oct 17 19:43:28.692093 podb-esxi207 dnsmasq-dhcp[2917657]: read /opt/stack/data/neutron/dhcp/f5faa73e-cbe6-434f-aee1-b2ecebb54c5c/host
Oct 17 19:43:28.692172 podb-esxi207 dnsmasq-dhcp[2917657]: read /opt/stack/data/neutron/dhcp/f5faa73e-cbe6-434f-aee1-b2ecebb54c5c/opts
Oct 17 19:43:29.928308 podb-esxi207 dnsmasq[2918771]: read /opt/stack/data/neutron/dhcp/a9bd2a9d-6ab1-4b8f-9643-3de6ee4d6abd/addn_hosts - 4 names
Oct 17 19:43:29.928443 podb-esxi207 dnsmasq-dhcp[2918771]: read /opt/stack/data/neutron/dhcp/a9bd2a9d-6ab1-4b8f-9643-3de6ee4d6abd/host
Oct 17 19:43:29.928545 podb-esxi207 dnsmasq-dhcp[2918771]: read /opt/stack/data/neutron/dhcp/a9bd2a9d-6ab1-4b8f-9643-3de6ee4d6abd/opts
Oct 17 19:43:36.846397 podb-esxi207 dnsmasq-dhcp[2913784]: DHCPREQUEST(tap424f9ff6-25) 10.1.0.7 fa:16:3e:b4:79:02
Oct 17 19:43:36.846426 podb-esxi207 dnsmasq-dhcp[2913784]: DHCPACK(tap424f9ff6-25) 10.1.0.7 fa:16:3e:b4:79:02 host-10-1-0-7
Oct 17 19:43:39.865878 podb-esxi207 dnsmasq-dhcp[2918771]: DHCPDISCOVER(tap1437f67e-d3) fa:16:3e:cb:81:91
Oct 17 19:43:39.865904 podb-esxi207 dnsmasq-dhcp[2918771]: DHCPOFFER(tap1437f67e-d3) 10.1.0.13 fa:16:3e:cb:81:91
Oct 17 19:43:39.874562 podb-esxi207 dnsmasq-dhcp[2918771]: DHCPREQUEST(tap1437f67e-d3) 10.1.0.13 fa:16:3e:cb:81:91
Oct 17 19:43:39.874597 podb-esxi207 dnsmasq-dhcp[2918771]: DHCPACK(tap1437f67e-d3) 10.1.0.13 fa:16:3e:cb:81:91 host-10-1-0-13
Oct 17 19:43:48.335041 podb-esxi207 dnsmasq[2919169]: read /opt/stack/data/neutron/dhcp/85480378-536e-419d-9eeb-bcfc49f637df/addn_hosts - 2 names
Oct 17 19:43:48.335128 podb-esxi207 dnsmasq-dhcp[2919169]: read /opt/stack/data/neutron/dhcp/85480378-536e-419d-9eeb-bcfc49f637df/host
Oct 17 19:43:48.335203 podb-esxi207 dnsmasq-dhcp[2919169]: read /opt/stack/data/neutron/dhcp/85480378-536e-419d-9eeb-bcfc49f637df/opts
Oct 17 19:43:52.839372 podb-esxi207 dnsmasq-dhcp[2919169]: DHCPDISCOVER(tap07bf2959-1f) fa:16:3e:cd:4e:d6
Oct 17 19:43:52.839400 podb-esxi207 dnsmasq-dhcp[2919169]: DHCPOFFER(tap07bf2959-1f) 10.10.10.143 fa:16:3e:cd:4e:d6
Oct 17 19:43:52.846693 podb-esxi207 dnsmasq-dhcp[2919169]: DHCPREQUEST(tap07bf2959-1f) 10.10.10.143 fa:16:3e:cd:4e:d6
Oct 17 19:43:52.846725 podb-esxi207 dnsmasq-dhcp[2919169]: DHCPACK(tap07bf2959-1f) 10.10.10.143 fa:16:3e:cd:4e:d6 host-10-10-10-143
Oct 17 19:43:57.272281 podb-esxi207 dnsmasq-dhcp[2917657]: DHCPDISCOVER(tapf421aedc-32) fa:16:3e:a2:1d:d5
Oct 17 19:43:57.272306 podb-esxi207 dnsmasq-dhcp[2917657]: DHCPOFFER(tapf421aedc-32) 10.1.1.254 fa:16:3e:a2:1d:d5
Oct 17 19:43:57.284413 podb-esxi207 dnsmasq-dhcp[2916526]: DHCPDISCOVER(tap9e0fcbea-79) fa:16:3e:b8:3d:87
Oct 17 19:43:57.284433 podb-esxi207 dnsmasq-dhcp[2916526]: DHCPOFFER(tap9e0fcbea-79) 10.1.0.14 fa:16:3e:b8:3d:87
Oct 17 19:43:57.302497 podb-esxi207 dnsmasq-dhcp[2916526]: DHCPREQUEST(tap9e0fcbea-79) 10.1.0.14 fa:16:3e:b8:3d:87
Oct 17 19:43:57.302530 podb-esxi207 dnsmasq-dhcp[2916526]: DHCPACK(tap9e0fcbea-79) 10.1.0.14 fa:16:3e:b8:3d:87 host-10-1-0-14
Oct 17 19:43:57.304836 podb-esxi207 dnsmasq-dhcp[2917657]: DHCPREQUEST(tapf421aedc-32) 10.1.1.254 fa:16:3e:a2:1d:d5
Oct 17 19:43:57.304864 podb-esxi207 dnsmasq-dhcp[2917657]: DHCPACK(tapf421aedc-32) 10.1.1.254 fa:16:3e:a2:1d:d5 host-10-1-1-254
Oct 17 19:43:57.785156 podb-esxi207 dnsmasq-dhcp[2917657]: DHCPDISCOVER(tapf421aedc-32) fa:16:3e:0f:5c:89
Oct 17 19:43:57.785182 podb-esxi207 dnsmasq-dhcp[2917657]: DHCPOFFER(tapf421aedc-32) 10.1.1.186 fa:16:3e:0f:5c:89
Oct 17 19:43:57.790296 podb-esxi207 dnsmasq-dhcp[2917657]: DHCPREQUEST(tapf421aedc-32) 10.1.1.186 fa:16:3e:0f:5c:89
Oct 17 19:43:57.790325 podb-esxi207 dnsmasq-dhcp[2917657]: DHCPACK(tapf421aedc-32) 10.1.1.186 fa:16:3e:0f:5c:89 host-10-1-1-186
Oct 17 19:43:58.112744 podb-esxi207 dnsmasq-dhcp[2917657]: DHCPDISCOVER(tapf421aedc-32) fa:16:3e:53:8c:f0
Oct 17 19:43:58.112772 podb-esxi207 dnsmasq-dhcp[2917657]: DHCPOFFER(tapf421aedc-32) 10.1.1.117 fa:16:3e:53:8c:f0
Oct 17 19:43:58.118201 podb-esxi207 dnsmasq-dhcp[2917657]: DHCPREQUEST(tapf421aedc-32) 10.1.1.117 fa:16:3e:53:8c:f0
Oct 17 19:43:58.118224 podb-esxi207 dnsmasq-dhcp[2917657]: DHCPACK(tapf421aedc-32) 10.1.1.117 fa:16:3e:53:8c:f0 host-10-1-1-117
Oct 17 19:43:58.440246 podb-esxi207 dnsmasq-dhcp[2917657]: DHCPDISCOVER(tapf421aedc-32) fa:16:3e:21:0f:ee
Oct 17 19:43:58.440271 podb-esxi207 dnsmasq-dhcp[2917657]: DHCPOFFER(tapf421aedc-32) 10.1.1.83 fa:16:3e:21:0f:ee
Oct 17 19:43:58.446207 podb-esxi207 dnsmasq-dhcp[2917657]: DHCPREQUEST(tapf421aedc-32) 10.1.1.83 fa:16:3e:21:0f:ee
Oct 17 19:43:58.446232 podb-esxi207 dnsmasq-dhcp[2917657]: DHCPACK(tapf421aedc-32) 10.1.1.83 fa:16:3e:21:0f:ee host-10-1-1-83
Oct 17 19:43:59.025632 podb-esxi207 dnsmasq-dhcp[2917849]: DHCPDISCOVER(tap8268dcac-00) fa:16:3e:4b:2d:7b
Oct 17 19:43:59.025661 podb-esxi207 dnsmasq-dhcp[2917849]: DHCPOFFER(tap8268dcac-00) 10.2.2.100 fa:16:3e:4b:2d:7b
Oct 17 19:43:59.029630 podb-esxi207 dnsmasq-dhcp[2917849]: DHCPREQUEST(tap8268dcac-00) 10.2.2.100 fa:16:3e:4b:2d:7b
Oct 17 19:43:59.029656 podb-esxi207 dnsmasq-dhcp[2917849]: DHCPACK(tap8268dcac-00) 10.2.2.100 fa:16:3e:4b:2d:7b host-10-2-2-100
Oct 17 19:43:59.106923 podb-esxi207 dnsmasq-dhcp[2917849]: DHCPDISCOVER(tap8268dcac-00) fa:16:3e:ca:10:8c
Oct 17 19:43:59.106948 podb-esxi207 dnsmasq-dhcp[2917849]: DHCPOFFER(tap8268dcac-00) 10.2.2.200 fa:16:3e:ca:10:8c
Oct 17 19:43:59.112874 podb-esxi207 dnsmasq-dhcp[2917849]: DHCPREQUEST(tap8268dcac-00) 10.2.2.200 fa:16:3e:ca:10:8c
Oct 17 19:43:59.112901 podb-esxi207 dnsmasq-dhcp[2917849]: DHCPACK(tap8268dcac-00) 10.2.2.200 fa:16:3e:ca:10:8c host-10-2-2-200
Oct 17 19:44:16.068824 podb-esxi207 dnsmasq[2917430]: read /opt/stack/data/neutron/dhcp/9cd1fcd8-b630-47f8-8d18-788ec7aab316/addn_hosts - 8 names
Oct 17 19:44:16.068935 podb-esxi207 dnsmasq-dhcp[2917430]: read /opt/stack/data/neutron/dhcp/9cd1fcd8-b630-47f8-8d18-788ec7aab316/host
Oct 17 19:44:16.069008 podb-esxi207 dnsmasq-dhcp[2917430]: read /opt/stack/data/neutron/dhcp/9cd1fcd8-b630-47f8-8d18-788ec7aab316/opts
Oct 17 19:44:17.981287 podb-esxi207 dnsmasq-dhcp[2917849]: DHCPRELEASE(tap8268dcac-00) 10.2.2.100 fa:16:3e:4b:2d:7b
Oct 17 19:44:17.998716 podb-esxi207 dnsmasq-dhcp[2917849]: DHCPRELEASE(tap8268dcac-00) 10.2.2.100 fa:16:3e:4b:2d:7b unknown lease
Oct 17 19:44:18.823261 podb-esxi207 dnsmasq[2917849]: read /opt/stack/data/neutron/dhcp/57cc6f00-0da5-439b-a6a3-db630f595753/addn_hosts - 2 names
Oct 17 19:44:18.823387 podb-esxi207 dnsmasq-dhcp[2917849]: read /opt/stack/data/neutron/dhcp/57cc6f00-0da5-439b-a6a3-db630f595753/host
Oct 17 19:44:18.823474 podb-esxi207 dnsmasq-dhcp[2917849]: read /opt/stack/data/neutron/dhcp/57cc6f00-0da5-439b-a6a3-db630f595753/opts
Oct 17 19:44:19.067571 podb-esxi207 dnsmasq-dhcp[2917657]: DHCPRELEASE(tapf421aedc-32) 10.1.1.186 fa:16:3e:0f:5c:89
Oct 17 19:44:19.082913 podb-esxi207 dnsmasq-dhcp[2917657]: DHCPRELEASE(tapf421aedc-32) 10.1.1.186 fa:16:3e:0f:5c:89 unknown lease
Oct 17 19:44:19.908258 podb-esxi207 dnsmasq[2917657]: read /opt/stack/data/neutron/dhcp/f5faa73e-cbe6-434f-aee1-b2ecebb54c5c/addn_hosts - 6 names
Oct 17 19:44:19.908396 podb-esxi207 dnsmasq-dhcp[2917657]: read /opt/stack/data/neutron/dhcp/f5faa73e-cbe6-434f-aee1-b2ecebb54c5c/host
Oct 17 19:44:19.908474 podb-esxi207 dnsmasq-dhcp[2917657]: read /opt/stack/data/neutron/dhcp/f5faa73e-cbe6-434f-aee1-b2ecebb54c5c/opts
Oct 17 19:44:20.156938 podb-esxi207 dnsmasq-dhcp[2916526]: DHCPRELEASE(tap9e0fcbea-79) 10.1.0.14 fa:16:3e:b8:3d:87
Oct 17 19:44:20.175170 podb-esxi207 dnsmasq-dhcp[2916526]: DHCPRELEASE(tap9e0fcbea-79) 10.1.0.14 fa:16:3e:b8:3d:87 unknown lease
Oct 17 19:44:21.003962 podb-esxi207 dnsmasq[2916526]: read /opt/stack/data/neutron/dhcp/21e39bed-c394-4348-b9ad-03966e892f41/addn_hosts - 2 names
Oct 17 19:44:21.004082 podb-esxi207 dnsmasq-dhcp[2916526]: read /opt/stack/data/neutron/dhcp/21e39bed-c394-4348-b9ad-03966e892f41/host
Oct 17 19:44:21.004200 podb-esxi207 dnsmasq-dhcp[2916526]: read /opt/stack/data/neutron/dhcp/21e39bed-c394-4348-b9ad-03966e892f41/opts
Oct 17 19:44:21.252572 podb-esxi207 dnsmasq-dhcp[2917849]: DHCPRELEASE(tap8268dcac-00) 10.2.2.200 fa:16:3e:ca:10:8c
Oct 17 19:44:21.268137 podb-esxi207 dnsmasq-dhcp[2917849]: DHCPRELEASE(tap8268dcac-00) 10.2.2.200 fa:16:3e:ca:10:8c unknown lease
Oct 17 19:44:22.096088 podb-esxi207 dnsmasq[2917849]: read /opt/stack/data/neutron/dhcp/57cc6f00-0da5-439b-a6a3-db630f595753/addn_hosts - 0 names
Oct 17 19:44:22.096179 podb-esxi207 dnsmasq-dhcp[2917849]: read /opt/stack/data/neutron/dhcp/57cc6f00-0da5-439b-a6a3-db630f595753/host
Oct 17 19:44:22.096236 podb-esxi207 dnsmasq-dhcp[2917849]: read /opt/stack/data/neutron/dhcp/57cc6f00-0da5-439b-a6a3-db630f595753/opts
Oct 17 19:44:22.338246 podb-esxi207 dnsmasq-dhcp[2917657]: DHCPRELEASE(tapf421aedc-32) 10.1.1.254 fa:16:3e:a2:1d:d5
Oct 17 19:44:22.356484 podb-esxi207 dnsmasq-dhcp[2917657]: DHCPRELEASE(tapf421aedc-32) 10.1.1.254 fa:16:3e:a2:1d:d5 unknown lease
Oct 17 19:44:23.180887 podb-esxi207 dnsmasq[2917657]: read /opt/stack/data/neutron/dhcp/f5faa73e-cbe6-434f-aee1-b2ecebb54c5c/addn_hosts - 4 names
Oct 17 19:44:23.181041 podb-esxi207 dnsmasq-dhcp[2917657]: read /opt/stack/data/neutron/dhcp/f5faa73e-cbe6-434f-aee1-b2ecebb54c5c/host
Oct 17 19:44:23.181137 podb-esxi207 dnsmasq-dhcp[2917657]: read /opt/stack/data/neutron/dhcp/f5faa73e-cbe6-434f-aee1-b2ecebb54c5c/opts
Oct 17 19:44:30.980528 podb-esxi207 dnsmasq-dhcp[2917657]: DHCPRELEASE(tapf421aedc-32) 10.1.1.117 fa:16:3e:53:8c:f0
Oct 17 19:44:30.997380 podb-esxi207 dnsmasq-dhcp[2917657]: DHCPRELEASE(tapf421aedc-32) 10.1.1.117 fa:16:3e:53:8c:f0 unknown lease
Oct 17 19:44:31.823784 podb-esxi207 dnsmasq[2917657]: read /opt/stack/data/neutron/dhcp/f5faa73e-cbe6-434f-aee1-b2ecebb54c5c/addn_hosts - 2 names
Oct 17 19:44:31.823907 podb-esxi207 dnsmasq-dhcp[2917657]: read /opt/stack/data/neutron/dhcp/f5faa73e-cbe6-434f-aee1-b2ecebb54c5c/host
Oct 17 19:44:31.824021 podb-esxi207 dnsmasq-dhcp[2917657]: read /opt/stack/data/neutron/dhcp/f5faa73e-cbe6-434f-aee1-b2ecebb54c5c/opts
Oct 17 19:44:32.575663 podb-esxi207 dnsmasq[2917849]: exiting on receipt of SIGTERM
Oct 17 19:44:33.686025 podb-esxi207 dnsmasq[2917657]: exiting on receipt of SIGTERM
Oct 17 19:44:38.505255 podb-esxi207 dnsmasq-dhcp[2917430]: DHCPDISCOVER(tap5fd52e59-52) fa:16:3e:35:02:49
Oct 17 19:44:38.505282 podb-esxi207 dnsmasq-dhcp[2917430]: DHCPOFFER(tap5fd52e59-52) 10.1.0.5 fa:16:3e:35:02:49
Oct 17 19:44:38.516431 podb-esxi207 dnsmasq-dhcp[2917430]: DHCPREQUEST(tap5fd52e59-52) 10.1.0.5 fa:16:3e:35:02:49
Oct 17 19:44:38.516462 podb-esxi207 dnsmasq-dhcp[2917430]: DHCPACK(tap5fd52e59-52) 10.1.0.5 fa:16:3e:35:02:49 host-10-1-0-5
Oct 17 19:44:39.232265 podb-esxi207 dnsmasq[2917430]: read /opt/stack/data/neutron/dhcp/9cd1fcd8-b630-47f8-8d18-788ec7aab316/addn_hosts - 10 names
Oct 17 19:44:39.232418 podb-esxi207 dnsmasq-dhcp[2917430]: read /opt/stack/data/neutron/dhcp/9cd1fcd8-b630-47f8-8d18-788ec7aab316/host
Oct 17 19:44:39.232532 podb-esxi207 dnsmasq-dhcp[2917430]: read /opt/stack/data/neutron/dhcp/9cd1fcd8-b630-47f8-8d18-788ec7aab316/opts
Oct 17 19:44:39.980086 podb-esxi207 dnsmasq-dhcp[2913784]: DHCPRELEASE(tap424f9ff6-25) 10.1.0.7 fa:16:3e:b4:79:02
Oct 17 19:44:39.998059 podb-esxi207 dnsmasq-dhcp[2913784]: DHCPRELEASE(tap424f9ff6-25) 10.1.0.7 fa:16:3e:b4:79:02 unknown lease
Oct 17 19:44:40.823164 podb-esxi207 dnsmasq[2913784]: read /opt/stack/data/neutron/dhcp/bccacf5f-7304-48d9-a41c-9c720682387f/addn_hosts - 2 names
Oct 17 19:44:40.823328 podb-esxi207 dnsmasq-dhcp[2913784]: read /opt/stack/data/neutron/dhcp/bccacf5f-7304-48d9-a41c-9c720682387f/host
Oct 17 19:44:40.823473 podb-esxi207 dnsmasq-dhcp[2913784]: read /opt/stack/data/neutron/dhcp/bccacf5f-7304-48d9-a41c-9c720682387f/opts
Oct 17 19:44:49.953080 podb-esxi207 dnsmasq-dhcp[2916526]: DHCPRELEASE(tap9e0fcbea-79) 10.1.0.1 fa:16:3e:b5:6a:08
Oct 17 19:44:50.776592 podb-esxi207 dnsmasq[2916526]: read /opt/stack/data/neutron/dhcp/21e39bed-c394-4348-b9ad-03966e892f41/addn_hosts - 0 names
Oct 17 19:44:50.776689 podb-esxi207 dnsmasq-dhcp[2916526]: read /opt/stack/data/neutron/dhcp/21e39bed-c394-4348-b9ad-03966e892f41/host
Oct 17 19:44:50.776748 podb-esxi207 dnsmasq-dhcp[2916526]: read /opt/stack/data/neutron/dhcp/21e39bed-c394-4348-b9ad-03966e892f41/opts
Oct 17 19:44:51.569101 podb-esxi207 dnsmasq[2916526]: exiting on receipt of SIGTERM
Oct 17 19:44:52.197287 podb-esxi207 dnsmasq-dhcp[2916830]: DHCPRELEASE(tap105fa385-aa) 10.1.0.1 fa:16:3e:ae:42:e3
Oct 17 19:44:53.020035 podb-esxi207 dnsmasq[2916830]: read /opt/stack/data/neutron/dhcp/a2567ea9-009d-49d1-983b-2c567c10ee4f/addn_hosts - 0 names
Oct 17 19:44:53.020106 podb-esxi207 dnsmasq-dhcp[2916830]: read /opt/stack/data/neutron/dhcp/a2567ea9-009d-49d1-983b-2c567c10ee4f/host
Oct 17 19:44:53.020179 podb-esxi207 dnsmasq-dhcp[2916830]: read /opt/stack/data/neutron/dhcp/a2567ea9-009d-49d1-983b-2c567c10ee4f/opts
Oct 17 19:44:53.779178 podb-esxi207 dnsmasq[2913784]: read /opt/stack/data/neutron/dhcp/bccacf5f-7304-48d9-a41c-9c720682387f/addn_hosts - 0 names
Oct 17 19:44:53.779248 podb-esxi207 dnsmasq-dhcp[2913784]: read /opt/stack/data/neutron/dhcp/bccacf5f-7304-48d9-a41c-9c720682387f/host
Oct 17 19:44:53.779330 podb-esxi207 dnsmasq-dhcp[2913784]: read /opt/stack/data/neutron/dhcp/bccacf5f-7304-48d9-a41c-9c720682387f/opts
Oct 17 19:44:55.041768 podb-esxi207 dnsmasq[2916830]: exiting on receipt of SIGTERM
Oct 17 19:44:55.658237 podb-esxi207 dnsmasq[2913784]: exiting on receipt of SIGTERM
Oct 17 19:44:59.482070 podb-esxi207 dnsmasq[2922456]: started, version 2.90 cachesize 150
Oct 17 19:44:59.482095 podb-esxi207 dnsmasq[2922456]: DNS service limited to local subnets
Oct 17 19:44:59.482110 podb-esxi207 dnsmasq[2922456]: compile time options: IPv6 GNU-getopt DBus no-UBus i18n IDN2 DHCP DHCPv6 no-Lua TFTP conntrack ipset no-nftset auth cryptohash DNSSEC loop-detect inotify dumpfile
Oct 17 19:44:59.482147 podb-esxi207 dnsmasq-dhcp[2922456]: DHCP, static leases only on 10.1.0.0, lease time 1d
Oct 17 19:44:59.482314 podb-esxi207 dnsmasq[2922456]: reading /etc/resolv.conf
Oct 17 19:44:59.482329 podb-esxi207 dnsmasq[2922456]: using nameserver 127.0.0.53#53
Oct 17 19:44:59.482427 podb-esxi207 dnsmasq[2922456]: read /opt/stack/data/neutron/dhcp/a8aec668-0aaa-4d28-a648-24103a7f1e78/addn_hosts - 0 names
Oct 17 19:44:59.482481 podb-esxi207 dnsmasq-dhcp[2922456]: read /opt/stack/data/neutron/dhcp/a8aec668-0aaa-4d28-a648-24103a7f1e78/host
Oct 17 19:44:59.482542 podb-esxi207 dnsmasq-dhcp[2922456]: read /opt/stack/data/neutron/dhcp/a8aec668-0aaa-4d28-a648-24103a7f1e78/opts
Oct 17 19:45:02.662458 podb-esxi207 dnsmasq[2923099]: started, version 2.90 cachesize 150
Oct 17 19:45:02.662486 podb-esxi207 dnsmasq[2923099]: DNS service limited to local subnets
Oct 17 19:45:02.662502 podb-esxi207 dnsmasq[2923099]: compile time options: IPv6 GNU-getopt DBus no-UBus i18n IDN2 DHCP DHCPv6 no-Lua TFTP conntrack ipset no-nftset auth cryptohash DNSSEC loop-detect inotify dumpfile
Oct 17 19:45:02.662538 podb-esxi207 dnsmasq-dhcp[2923099]: DHCP, static leases only on 10.1.0.0, lease time 1d
Oct 17 19:45:02.662695 podb-esxi207 dnsmasq[2923099]: reading /etc/resolv.conf
Oct 17 19:45:02.662712 podb-esxi207 dnsmasq[2923099]: using nameserver 127.0.0.53#53
Oct 17 19:45:02.662829 podb-esxi207 dnsmasq[2923099]: read /opt/stack/data/neutron/dhcp/f8d2a76e-a143-4c71-b8f1-8bf19ce22efd/addn_hosts - 2 names
Oct 17 19:45:02.662887 podb-esxi207 dnsmasq-dhcp[2923099]: read /opt/stack/data/neutron/dhcp/f8d2a76e-a143-4c71-b8f1-8bf19ce22efd/host
Oct 17 19:45:02.662953 podb-esxi207 dnsmasq-dhcp[2923099]: read /opt/stack/data/neutron/dhcp/f8d2a76e-a143-4c71-b8f1-8bf19ce22efd/opts
Oct 17 19:45:03.705911 podb-esxi207 dnsmasq[2922456]: read /opt/stack/data/neutron/dhcp/a8aec668-0aaa-4d28-a648-24103a7f1e78/addn_hosts - 2 names
Oct 17 19:45:03.706046 podb-esxi207 dnsmasq-dhcp[2922456]: read /opt/stack/data/neutron/dhcp/a8aec668-0aaa-4d28-a648-24103a7f1e78/host
Oct 17 19:45:03.706154 podb-esxi207 dnsmasq-dhcp[2922456]: read /opt/stack/data/neutron/dhcp/a8aec668-0aaa-4d28-a648-24103a7f1e78/opts
Oct 17 19:45:04.458816 podb-esxi207 dnsmasq-dhcp[2919169]: DHCPRELEASE(tap07bf2959-1f) 10.10.10.143 fa:16:3e:cd:4e:d6
Oct 17 19:45:04.474265 podb-esxi207 dnsmasq-dhcp[2919169]: DHCPRELEASE(tap07bf2959-1f) 10.10.10.143 fa:16:3e:cd:4e:d6 unknown lease
Oct 17 19:45:05.298797 podb-esxi207 dnsmasq[2919169]: read /opt/stack/data/neutron/dhcp/85480378-536e-419d-9eeb-bcfc49f637df/addn_hosts - 0 names
Oct 17 19:45:05.298858 podb-esxi207 dnsmasq-dhcp[2919169]: read /opt/stack/data/neutron/dhcp/85480378-536e-419d-9eeb-bcfc49f637df/host
Oct 17 19:45:05.298939 podb-esxi207 dnsmasq-dhcp[2919169]: read /opt/stack/data/neutron/dhcp/85480378-536e-419d-9eeb-bcfc49f637df/opts
Oct 17 19:45:06.564388 podb-esxi207 dnsmasq[2923099]: read /opt/stack/data/neutron/dhcp/f8d2a76e-a143-4c71-b8f1-8bf19ce22efd/addn_hosts - 4 names
Oct 17 19:45:06.564512 podb-esxi207 dnsmasq-dhcp[2923099]: read /opt/stack/data/neutron/dhcp/f8d2a76e-a143-4c71-b8f1-8bf19ce22efd/host
Oct 17 19:45:06.564644 podb-esxi207 dnsmasq-dhcp[2923099]: read /opt/stack/data/neutron/dhcp/f8d2a76e-a143-4c71-b8f1-8bf19ce22efd/opts
Oct 17 19:45:07.331872 podb-esxi207 dnsmasq[2922456]: read /opt/stack/data/neutron/dhcp/a8aec668-0aaa-4d28-a648-24103a7f1e78/addn_hosts - 2 names
Oct 17 19:45:07.331958 podb-esxi207 dnsmasq-dhcp[2922456]: read /opt/stack/data/neutron/dhcp/a8aec668-0aaa-4d28-a648-24103a7f1e78/host
Oct 17 19:45:07.332058 podb-esxi207 dnsmasq-dhcp[2922456]: read /opt/stack/data/neutron/dhcp/a8aec668-0aaa-4d28-a648-24103a7f1e78/opts
Oct 17 19:45:08.593144 podb-esxi207 dnsmasq[2923099]: read /opt/stack/data/neutron/dhcp/f8d2a76e-a143-4c71-b8f1-8bf19ce22efd/addn_hosts - 4 names
Oct 17 19:45:08.593253 podb-esxi207 dnsmasq-dhcp[2923099]: read /opt/stack/data/neutron/dhcp/f8d2a76e-a143-4c71-b8f1-8bf19ce22efd/host
Oct 17 19:45:08.593358 podb-esxi207 dnsmasq-dhcp[2923099]: read /opt/stack/data/neutron/dhcp/f8d2a76e-a143-4c71-b8f1-8bf19ce22efd/opts
Oct 17 19:45:09.345254 podb-esxi207 dnsmasq[2922456]: read /opt/stack/data/neutron/dhcp/a8aec668-0aaa-4d28-a648-24103a7f1e78/addn_hosts - 2 names
Oct 17 19:45:09.345356 podb-esxi207 dnsmasq-dhcp[2922456]: read /opt/stack/data/neutron/dhcp/a8aec668-0aaa-4d28-a648-24103a7f1e78/host
Oct 17 19:45:09.345472 podb-esxi207 dnsmasq-dhcp[2922456]: read /opt/stack/data/neutron/dhcp/a8aec668-0aaa-4d28-a648-24103a7f1e78/opts
Oct 17 19:45:10.578782 podb-esxi207 dnsmasq[2923099]: read /opt/stack/data/neutron/dhcp/f8d2a76e-a143-4c71-b8f1-8bf19ce22efd/addn_hosts - 4 names
Oct 17 19:45:10.578864 podb-esxi207 dnsmasq-dhcp[2923099]: read /opt/stack/data/neutron/dhcp/f8d2a76e-a143-4c71-b8f1-8bf19ce22efd/host
Oct 17 19:45:10.578978 podb-esxi207 dnsmasq-dhcp[2923099]: read /opt/stack/data/neutron/dhcp/f8d2a76e-a143-4c71-b8f1-8bf19ce22efd/opts
Oct 17 19:45:11.273823 podb-esxi207 dnsmasq[2922456]: read /opt/stack/data/neutron/dhcp/a8aec668-0aaa-4d28-a648-24103a7f1e78/addn_hosts - 4 names
Oct 17 19:45:11.273943 podb-esxi207 dnsmasq-dhcp[2922456]: read /opt/stack/data/neutron/dhcp/a8aec668-0aaa-4d28-a648-24103a7f1e78/host
Oct 17 19:45:11.274044 podb-esxi207 dnsmasq-dhcp[2922456]: read /opt/stack/data/neutron/dhcp/a8aec668-0aaa-4d28-a648-24103a7f1e78/opts
Oct 17 19:45:11.490696 podb-esxi207 dnsmasq-dhcp[2918771]: DHCPRELEASE(tap1437f67e-d3) 10.1.0.13 fa:16:3e:cb:81:91
Oct 17 19:45:11.506223 podb-esxi207 dnsmasq-dhcp[2918771]: DHCPRELEASE(tap1437f67e-d3) 10.1.0.13 fa:16:3e:cb:81:91 unknown lease
Oct 17 19:45:12.339274 podb-esxi207 dnsmasq[2918771]: read /opt/stack/data/neutron/dhcp/a9bd2a9d-6ab1-4b8f-9643-3de6ee4d6abd/addn_hosts - 2 names
Oct 17 19:45:12.339376 podb-esxi207 dnsmasq-dhcp[2918771]: read /opt/stack/data/neutron/dhcp/a9bd2a9d-6ab1-4b8f-9643-3de6ee4d6abd/host
Oct 17 19:45:12.339490 podb-esxi207 dnsmasq-dhcp[2918771]: read /opt/stack/data/neutron/dhcp/a9bd2a9d-6ab1-4b8f-9643-3de6ee4d6abd/opts
Oct 17 19:45:13.582480 podb-esxi207 dnsmasq[2923099]: read /opt/stack/data/neutron/dhcp/f8d2a76e-a143-4c71-b8f1-8bf19ce22efd/addn_hosts - 4 names
Oct 17 19:45:13.582629 podb-esxi207 dnsmasq-dhcp[2923099]: read /opt/stack/data/neutron/dhcp/f8d2a76e-a143-4c71-b8f1-8bf19ce22efd/host
Oct 17 19:45:13.582750 podb-esxi207 dnsmasq-dhcp[2923099]: read /opt/stack/data/neutron/dhcp/f8d2a76e-a143-4c71-b8f1-8bf19ce22efd/opts
Oct 17 19:45:14.825593 podb-esxi207 dnsmasq[2923099]: read /opt/stack/data/neutron/dhcp/f8d2a76e-a143-4c71-b8f1-8bf19ce22efd/addn_hosts - 6 names
Oct 17 19:45:14.825711 podb-esxi207 dnsmasq-dhcp[2923099]: read /opt/stack/data/neutron/dhcp/f8d2a76e-a143-4c71-b8f1-8bf19ce22efd/host
Oct 17 19:45:14.825818 podb-esxi207 dnsmasq-dhcp[2923099]: read /opt/stack/data/neutron/dhcp/f8d2a76e-a143-4c71-b8f1-8bf19ce22efd/opts
Oct 17 19:45:16.075318 podb-esxi207 dnsmasq[2919169]: exiting on receipt of SIGTERM
Oct 17 19:45:19.840858 podb-esxi207 dnsmasq-dhcp[2918771]: DHCPRELEASE(tap1437f67e-d3) 10.1.0.1 fa:16:3e:f1:bb:dc
Oct 17 19:45:20.664544 podb-esxi207 dnsmasq[2918771]: read /opt/stack/data/neutron/dhcp/a9bd2a9d-6ab1-4b8f-9643-3de6ee4d6abd/addn_hosts - 0 names
Oct 17 19:45:20.664655 podb-esxi207 dnsmasq-dhcp[2918771]: read /opt/stack/data/neutron/dhcp/a9bd2a9d-6ab1-4b8f-9643-3de6ee4d6abd/host
Oct 17 19:45:20.664709 podb-esxi207 dnsmasq-dhcp[2918771]: read /opt/stack/data/neutron/dhcp/a9bd2a9d-6ab1-4b8f-9643-3de6ee4d6abd/opts
Oct 17 19:45:21.419364 podb-esxi207 dnsmasq[2918771]: exiting on receipt of SIGTERM
Oct 17 19:45:22.044209 podb-esxi207 dnsmasq-dhcp[2918924]: DHCPRELEASE(tap3d97d03f-44) 10.1.0.1 fa:16:3e:2c:2e:8c
Oct 17 19:45:22.867854 podb-esxi207 dnsmasq[2918924]: read /opt/stack/data/neutron/dhcp/0fc08dbd-68c1-4d5f-a891-763aba89a42b/addn_hosts - 0 names
Oct 17 19:45:22.867926 podb-esxi207 dnsmasq-dhcp[2918924]: read /opt/stack/data/neutron/dhcp/0fc08dbd-68c1-4d5f-a891-763aba89a42b/host
Oct 17 19:45:22.868005 podb-esxi207 dnsmasq-dhcp[2918924]: read /opt/stack/data/neutron/dhcp/0fc08dbd-68c1-4d5f-a891-763aba89a42b/opts
Oct 17 19:45:23.118715 podb-esxi207 dnsmasq[2918924]: exiting on receipt of SIGTERM
Oct 17 19:45:27.462967 podb-esxi207 dnsmasq[2924200]: started, version 2.90 cachesize 150
Oct 17 19:45:27.462992 podb-esxi207 dnsmasq[2924200]: DNS service limited to local subnets
Oct 17 19:45:27.463006 podb-esxi207 dnsmasq[2924200]: compile time options: IPv6 GNU-getopt DBus no-UBus i18n IDN2 DHCP DHCPv6 no-Lua TFTP conntrack ipset no-nftset auth cryptohash DNSSEC loop-detect inotify dumpfile
Oct 17 19:45:27.463045 podb-esxi207 dnsmasq-dhcp[2924200]: DHCP, static leases only on 10.1.0.0, lease time 1d
Oct 17 19:45:27.463191 podb-esxi207 dnsmasq[2924200]: reading /etc/resolv.conf
Oct 17 19:45:27.463206 podb-esxi207 dnsmasq[2924200]: using nameserver 127.0.0.53#53
Oct 17 19:45:27.463289 podb-esxi207 dnsmasq[2924200]: read /opt/stack/data/neutron/dhcp/06b01216-cd14-4a48-842d-527d0846ab67/addn_hosts - 0 names
Oct 17 19:45:27.463338 podb-esxi207 dnsmasq-dhcp[2924200]: read /opt/stack/data/neutron/dhcp/06b01216-cd14-4a48-842d-527d0846ab67/host
Oct 17 19:45:27.463400 podb-esxi207 dnsmasq-dhcp[2924200]: read /opt/stack/data/neutron/dhcp/06b01216-cd14-4a48-842d-527d0846ab67/opts
Oct 17 19:45:29.001635 podb-esxi207 dnsmasq[2924200]: read /opt/stack/data/neutron/dhcp/06b01216-cd14-4a48-842d-527d0846ab67/addn_hosts - 2 names
Oct 17 19:45:29.001714 podb-esxi207 dnsmasq-dhcp[2924200]: read /opt/stack/data/neutron/dhcp/06b01216-cd14-4a48-842d-527d0846ab67/host
Oct 17 19:45:29.001819 podb-esxi207 dnsmasq-dhcp[2924200]: read /opt/stack/data/neutron/dhcp/06b01216-cd14-4a48-842d-527d0846ab67/opts
Oct 17 19:45:30.237468 podb-esxi207 dnsmasq[2924200]: read /opt/stack/data/neutron/dhcp/06b01216-cd14-4a48-842d-527d0846ab67/addn_hosts - 2 names
Oct 17 19:45:30.237541 podb-esxi207 dnsmasq-dhcp[2924200]: read /opt/stack/data/neutron/dhcp/06b01216-cd14-4a48-842d-527d0846ab67/host
Oct 17 19:45:30.237610 podb-esxi207 dnsmasq-dhcp[2924200]: read /opt/stack/data/neutron/dhcp/06b01216-cd14-4a48-842d-527d0846ab67/opts
Oct 17 19:45:31.478358 podb-esxi207 dnsmasq[2924200]: read /opt/stack/data/neutron/dhcp/06b01216-cd14-4a48-842d-527d0846ab67/addn_hosts - 2 names
Oct 17 19:45:31.478446 podb-esxi207 dnsmasq-dhcp[2924200]: read /opt/stack/data/neutron/dhcp/06b01216-cd14-4a48-842d-527d0846ab67/host
Oct 17 19:45:31.478513 podb-esxi207 dnsmasq-dhcp[2924200]: read /opt/stack/data/neutron/dhcp/06b01216-cd14-4a48-842d-527d0846ab67/opts
Oct 17 19:45:31.663963 podb-esxi207 dnsmasq-dhcp[2923099]: DHCPDISCOVER(tapcc7eeea6-fc) fa:16:3e:6a:82:23
Oct 17 19:45:31.663988 podb-esxi207 dnsmasq-dhcp[2923099]: DHCPOFFER(tapcc7eeea6-fc) 10.1.0.8 fa:16:3e:6a:82:23
Oct 17 19:45:31.677270 podb-esxi207 dnsmasq-dhcp[2923099]: DHCPREQUEST(tapcc7eeea6-fc) 10.1.0.8 fa:16:3e:6a:82:23
Oct 17 19:45:31.677300 podb-esxi207 dnsmasq-dhcp[2923099]: DHCPACK(tapcc7eeea6-fc) 10.1.0.8 fa:16:3e:6a:82:23 host-10-1-0-8
Oct 17 19:45:32.719543 podb-esxi207 dnsmasq[2924200]: read /opt/stack/data/neutron/dhcp/06b01216-cd14-4a48-842d-527d0846ab67/addn_hosts - 4 names
Oct 17 19:45:32.719699 podb-esxi207 dnsmasq-dhcp[2924200]: read /opt/stack/data/neutron/dhcp/06b01216-cd14-4a48-842d-527d0846ab67/host
Oct 17 19:45:32.719809 podb-esxi207 dnsmasq-dhcp[2924200]: read /opt/stack/data/neutron/dhcp/06b01216-cd14-4a48-842d-527d0846ab67/opts
Oct 17 19:45:34.544123 podb-esxi207 dnsmasq-dhcp[2922456]: DHCPDISCOVER(tapb1eac490-f5) fa:16:3e:1e:8c:ee
Oct 17 19:45:34.544155 podb-esxi207 dnsmasq-dhcp[2922456]: DHCPOFFER(tapb1eac490-f5) 10.1.0.9 fa:16:3e:1e:8c:ee
Oct 17 19:45:34.556423 podb-esxi207 dnsmasq-dhcp[2922456]: DHCPREQUEST(tapb1eac490-f5) 10.1.0.9 fa:16:3e:1e:8c:ee
Oct 17 19:45:34.556462 podb-esxi207 dnsmasq-dhcp[2922456]: DHCPACK(tapb1eac490-f5) 10.1.0.9 fa:16:3e:1e:8c:ee host-10-1-0-9
Oct 17 19:45:37.957397 podb-esxi207 dnsmasq[2917430]: read /opt/stack/data/neutron/dhcp/9cd1fcd8-b630-47f8-8d18-788ec7aab316/addn_hosts - 8 names
Oct 17 19:45:37.957534 podb-esxi207 dnsmasq-dhcp[2917430]: read /opt/stack/data/neutron/dhcp/9cd1fcd8-b630-47f8-8d18-788ec7aab316/host
Oct 17 19:45:37.957642 podb-esxi207 dnsmasq-dhcp[2917430]: read /opt/stack/data/neutron/dhcp/9cd1fcd8-b630-47f8-8d18-788ec7aab316/opts
Oct 17 19:45:44.390413 podb-esxi207 dnsmasq-dhcp[2923099]: DHCPDISCOVER(tapcc7eeea6-fc) fa:16:3e:e4:2b:e5
Oct 17 19:45:44.390438 podb-esxi207 dnsmasq-dhcp[2923099]: DHCPOFFER(tapcc7eeea6-fc) 10.1.0.13 fa:16:3e:e4:2b:e5
Oct 17 19:45:44.397866 podb-esxi207 dnsmasq-dhcp[2923099]: DHCPREQUEST(tapcc7eeea6-fc) 10.1.0.13 fa:16:3e:e4:2b:e5
Oct 17 19:45:44.397890 podb-esxi207 dnsmasq-dhcp[2923099]: DHCPACK(tapcc7eeea6-fc) 10.1.0.13 fa:16:3e:e4:2b:e5 host-10-1-0-13
Oct 17 19:45:46.663472 podb-esxi207 dnsmasq[2924200]: read /opt/stack/data/neutron/dhcp/06b01216-cd14-4a48-842d-527d0846ab67/addn_hosts - 6 names
Oct 17 19:45:46.663589 podb-esxi207 dnsmasq-dhcp[2924200]: read /opt/stack/data/neutron/dhcp/06b01216-cd14-4a48-842d-527d0846ab67/host
Oct 17 19:45:46.663692 podb-esxi207 dnsmasq-dhcp[2924200]: read /opt/stack/data/neutron/dhcp/06b01216-cd14-4a48-842d-527d0846ab67/opts
Oct 17 19:45:47.387330 podb-esxi207 dnsmasq-dhcp[2917430]: DHCPRELEASE(tap5fd52e59-52) 10.1.0.5 fa:16:3e:35:02:49
Oct 17 19:45:47.400209 podb-esxi207 dnsmasq-dhcp[2917430]: DHCPRELEASE(tap5fd52e59-52) 10.1.0.5 fa:16:3e:35:02:49 unknown lease
Oct 17 19:45:48.221445 podb-esxi207 dnsmasq[2917430]: read /opt/stack/data/neutron/dhcp/9cd1fcd8-b630-47f8-8d18-788ec7aab316/addn_hosts - 6 names
Oct 17 19:45:48.221530 podb-esxi207 dnsmasq-dhcp[2917430]: read /opt/stack/data/neutron/dhcp/9cd1fcd8-b630-47f8-8d18-788ec7aab316/host
Oct 17 19:45:48.221605 podb-esxi207 dnsmasq-dhcp[2917430]: read /opt/stack/data/neutron/dhcp/9cd1fcd8-b630-47f8-8d18-788ec7aab316/opts
Oct 17 19:45:55.019608 podb-esxi207 dnsmasq[2917430]: read /opt/stack/data/neutron/dhcp/9cd1fcd8-b630-47f8-8d18-788ec7aab316/addn_hosts - 4 names
Oct 17 19:45:55.019721 podb-esxi207 dnsmasq-dhcp[2917430]: read /opt/stack/data/neutron/dhcp/9cd1fcd8-b630-47f8-8d18-788ec7aab316/host
Oct 17 19:45:55.019829 podb-esxi207 dnsmasq-dhcp[2917430]: read /opt/stack/data/neutron/dhcp/9cd1fcd8-b630-47f8-8d18-788ec7aab316/opts
Oct 17 19:45:55.458865 podb-esxi207 dnsmasq-dhcp[2924200]: DHCPDISCOVER(tap58b6d900-d4) fa:16:3e:11:5f:d5
Oct 17 19:45:55.458889 podb-esxi207 dnsmasq-dhcp[2924200]: DHCPOFFER(tap58b6d900-d4) 10.1.0.3 fa:16:3e:11:5f:d5
Oct 17 19:45:55.470618 podb-esxi207 dnsmasq-dhcp[2924200]: DHCPREQUEST(tap58b6d900-d4) 10.1.0.3 fa:16:3e:11:5f:d5
Oct 17 19:45:55.470652 podb-esxi207 dnsmasq-dhcp[2924200]: DHCPACK(tap58b6d900-d4) 10.1.0.3 fa:16:3e:11:5f:d5 host-10-1-0-3
Oct 17 19:45:57.545985 podb-esxi207 dnsmasq[2924200]: read /opt/stack/data/neutron/dhcp/06b01216-cd14-4a48-842d-527d0846ab67/addn_hosts - 4 names
Oct 17 19:45:57.546088 podb-esxi207 dnsmasq-dhcp[2924200]: read /opt/stack/data/neutron/dhcp/06b01216-cd14-4a48-842d-527d0846ab67/host
Oct 17 19:45:57.546185 podb-esxi207 dnsmasq-dhcp[2924200]: read /opt/stack/data/neutron/dhcp/06b01216-cd14-4a48-842d-527d0846ab67/opts
Oct 17 19:45:58.979647 podb-esxi207 dnsmasq[2923099]: read /opt/stack/data/neutron/dhcp/f8d2a76e-a143-4c71-b8f1-8bf19ce22efd/addn_hosts - 8 names
Oct 17 19:45:58.979772 podb-esxi207 dnsmasq-dhcp[2923099]: read /opt/stack/data/neutron/dhcp/f8d2a76e-a143-4c71-b8f1-8bf19ce22efd/host
Oct 17 19:45:58.979875 podb-esxi207 dnsmasq-dhcp[2923099]: read /opt/stack/data/neutron/dhcp/f8d2a76e-a143-4c71-b8f1-8bf19ce22efd/opts
Oct 17 19:46:01.507434 podb-esxi207 dnsmasq-dhcp[2923099]: DHCPDISCOVER(tapcc7eeea6-fc) fa:16:3e:6a:82:23
Oct 17 19:46:01.507462 podb-esxi207 dnsmasq-dhcp[2923099]: DHCPOFFER(tapcc7eeea6-fc) 10.1.0.8 fa:16:3e:6a:82:23
Oct 17 19:46:01.522371 podb-esxi207 dnsmasq-dhcp[2923099]: DHCPREQUEST(tapcc7eeea6-fc) 10.1.0.8 fa:16:3e:6a:82:23
Oct 17 19:46:01.522398 podb-esxi207 dnsmasq-dhcp[2923099]: DHCPACK(tapcc7eeea6-fc) 10.1.0.8 fa:16:3e:6a:82:23 host-10-1-0-8
Oct 17 19:46:04.296067 podb-esxi207 dnsmasq-dhcp[2917430]: DHCPRELEASE(tap5fd52e59-52) 10.1.0.8 fa:16:3e:6b:c6:ed
Oct 17 19:46:04.313536 podb-esxi207 dnsmasq-dhcp[2917430]: DHCPRELEASE(tap5fd52e59-52) 10.1.0.8 fa:16:3e:6b:c6:ed unknown lease
Oct 17 19:46:05.142116 podb-esxi207 dnsmasq[2917430]: read /opt/stack/data/neutron/dhcp/9cd1fcd8-b630-47f8-8d18-788ec7aab316/addn_hosts - 2 names
Oct 17 19:46:05.142201 podb-esxi207 dnsmasq-dhcp[2917430]: read /opt/stack/data/neutron/dhcp/9cd1fcd8-b630-47f8-8d18-788ec7aab316/host
Oct 17 19:46:05.142309 podb-esxi207 dnsmasq-dhcp[2917430]: read /opt/stack/data/neutron/dhcp/9cd1fcd8-b630-47f8-8d18-788ec7aab316/opts
Oct 17 19:46:09.568509 podb-esxi207 dnsmasq[2917430]: read /opt/stack/data/neutron/dhcp/9cd1fcd8-b630-47f8-8d18-788ec7aab316/addn_hosts - 0 names
Oct 17 19:46:09.568573 podb-esxi207 dnsmasq-dhcp[2917430]: read /opt/stack/data/neutron/dhcp/9cd1fcd8-b630-47f8-8d18-788ec7aab316/host
Oct 17 19:46:09.568648 podb-esxi207 dnsmasq-dhcp[2917430]: read /opt/stack/data/neutron/dhcp/9cd1fcd8-b630-47f8-8d18-788ec7aab316/opts
Oct 17 19:46:10.354568 podb-esxi207 dnsmasq[2917430]: exiting on receipt of SIGTERM
Oct 17 19:46:13.995380 podb-esxi207 dnsmasq[2925894]: started, version 2.90 cachesize 150
Oct 17 19:46:13.995394 podb-esxi207 dnsmasq[2925894]: DNS service limited to local subnets
Oct 17 19:46:13.995401 podb-esxi207 dnsmasq[2925894]: compile time options: IPv6 GNU-getopt DBus no-UBus i18n IDN2 DHCP DHCPv6 no-Lua TFTP conntrack ipset no-nftset auth cryptohash DNSSEC loop-detect inotify dumpfile
Oct 17 19:46:13.995423 podb-esxi207 dnsmasq-dhcp[2925894]: DHCP, static leases only on 10.1.0.0, lease time 1d
Oct 17 19:46:13.995505 podb-esxi207 dnsmasq[2925894]: reading /etc/resolv.conf
Oct 17 19:46:13.995513 podb-esxi207 dnsmasq[2925894]: using nameserver 127.0.0.53#53
Oct 17 19:46:13.995558 podb-esxi207 dnsmasq[2925894]: read /opt/stack/data/neutron/dhcp/5f3aa6fb-2132-4142-9d21-4ecf9384aaa2/addn_hosts - 0 names
Oct 17 19:46:13.995583 podb-esxi207 dnsmasq-dhcp[2925894]: read /opt/stack/data/neutron/dhcp/5f3aa6fb-2132-4142-9d21-4ecf9384aaa2/host
Oct 17 19:46:13.995612 podb-esxi207 dnsmasq-dhcp[2925894]: read /opt/stack/data/neutron/dhcp/5f3aa6fb-2132-4142-9d21-4ecf9384aaa2/opts
Oct 17 19:46:15.536264 podb-esxi207 dnsmasq[2925894]: read /opt/stack/data/neutron/dhcp/5f3aa6fb-2132-4142-9d21-4ecf9384aaa2/addn_hosts - 2 names
Oct 17 19:46:15.536360 podb-esxi207 dnsmasq-dhcp[2925894]: read /opt/stack/data/neutron/dhcp/5f3aa6fb-2132-4142-9d21-4ecf9384aaa2/host
Oct 17 19:46:15.536468 podb-esxi207 dnsmasq-dhcp[2925894]: read /opt/stack/data/neutron/dhcp/5f3aa6fb-2132-4142-9d21-4ecf9384aaa2/opts
Oct 17 19:46:16.282300 podb-esxi207 dnsmasq[2922456]: read /opt/stack/data/neutron/dhcp/a8aec668-0aaa-4d28-a648-24103a7f1e78/addn_hosts - 6 names
Oct 17 19:46:16.282449 podb-esxi207 dnsmasq-dhcp[2922456]: read /opt/stack/data/neutron/dhcp/a8aec668-0aaa-4d28-a648-24103a7f1e78/host
Oct 17 19:46:16.282554 podb-esxi207 dnsmasq-dhcp[2922456]: read /opt/stack/data/neutron/dhcp/a8aec668-0aaa-4d28-a648-24103a7f1e78/opts
Oct 17 19:46:17.533220 podb-esxi207 dnsmasq[2925894]: read /opt/stack/data/neutron/dhcp/5f3aa6fb-2132-4142-9d21-4ecf9384aaa2/addn_hosts - 2 names
Oct 17 19:46:17.533301 podb-esxi207 dnsmasq-dhcp[2925894]: read /opt/stack/data/neutron/dhcp/5f3aa6fb-2132-4142-9d21-4ecf9384aaa2/host
Oct 17 19:46:17.533394 podb-esxi207 dnsmasq-dhcp[2925894]: read /opt/stack/data/neutron/dhcp/5f3aa6fb-2132-4142-9d21-4ecf9384aaa2/opts
Oct 17 19:46:18.784550 podb-esxi207 dnsmasq[2925894]: read /opt/stack/data/neutron/dhcp/5f3aa6fb-2132-4142-9d21-4ecf9384aaa2/addn_hosts - 2 names
Oct 17 19:46:18.784663 podb-esxi207 dnsmasq-dhcp[2925894]: read /opt/stack/data/neutron/dhcp/5f3aa6fb-2132-4142-9d21-4ecf9384aaa2/host
Oct 17 19:46:18.784740 podb-esxi207 dnsmasq-dhcp[2925894]: read /opt/stack/data/neutron/dhcp/5f3aa6fb-2132-4142-9d21-4ecf9384aaa2/opts
Oct 17 19:46:20.313441 podb-esxi207 dnsmasq[2925894]: read /opt/stack/data/neutron/dhcp/5f3aa6fb-2132-4142-9d21-4ecf9384aaa2/addn_hosts - 4 names
Oct 17 19:46:20.313535 podb-esxi207 dnsmasq-dhcp[2925894]: read /opt/stack/data/neutron/dhcp/5f3aa6fb-2132-4142-9d21-4ecf9384aaa2/host
Oct 17 19:46:20.313627 podb-esxi207 dnsmasq-dhcp[2925894]: read /opt/stack/data/neutron/dhcp/5f3aa6fb-2132-4142-9d21-4ecf9384aaa2/opts
Oct 17 19:46:20.973277 podb-esxi207 dnsmasq-dhcp[2923099]: DHCPDISCOVER(tapcc7eeea6-fc) fa:16:3e:fc:8e:1f
Oct 17 19:46:20.973306 podb-esxi207 dnsmasq-dhcp[2923099]: DHCPOFFER(tapcc7eeea6-fc) 10.1.0.11 fa:16:3e:fc:8e:1f
Oct 17 19:46:20.984767 podb-esxi207 dnsmasq-dhcp[2923099]: DHCPREQUEST(tapcc7eeea6-fc) 10.1.0.11 fa:16:3e:fc:8e:1f
Oct 17 19:46:20.984797 podb-esxi207 dnsmasq-dhcp[2923099]: DHCPACK(tapcc7eeea6-fc) 10.1.0.11 fa:16:3e:fc:8e:1f host-10-1-0-11
Oct 17 19:46:21.054800 podb-esxi207 dnsmasq-dhcp[2924200]: DHCPRELEASE(tap58b6d900-d4) 10.1.0.3 fa:16:3e:11:5f:d5
Oct 17 19:46:21.068417 podb-esxi207 dnsmasq-dhcp[2924200]: DHCPRELEASE(tap58b6d900-d4) 10.1.0.3 fa:16:3e:11:5f:d5 unknown lease
Oct 17 19:46:21.891958 podb-esxi207 dnsmasq[2924200]: read /opt/stack/data/neutron/dhcp/06b01216-cd14-4a48-842d-527d0846ab67/addn_hosts - 2 names
Oct 17 19:46:21.892079 podb-esxi207 dnsmasq-dhcp[2924200]: read /opt/stack/data/neutron/dhcp/06b01216-cd14-4a48-842d-527d0846ab67/host
Oct 17 19:46:21.892201 podb-esxi207 dnsmasq-dhcp[2924200]: read /opt/stack/data/neutron/dhcp/06b01216-cd14-4a48-842d-527d0846ab67/opts
Oct 17 19:46:26.134074 podb-esxi207 dnsmasq[2924200]: read /opt/stack/data/neutron/dhcp/06b01216-cd14-4a48-842d-527d0846ab67/addn_hosts - 0 names
Oct 17 19:46:26.134147 podb-esxi207 dnsmasq-dhcp[2924200]: read /opt/stack/data/neutron/dhcp/06b01216-cd14-4a48-842d-527d0846ab67/host
Oct 17 19:46:26.134226 podb-esxi207 dnsmasq-dhcp[2924200]: read /opt/stack/data/neutron/dhcp/06b01216-cd14-4a48-842d-527d0846ab67/opts
Oct 17 19:46:27.139656 podb-esxi207 dnsmasq[2924200]: exiting on receipt of SIGTERM
Oct 17 19:46:31.058484 podb-esxi207 dnsmasq[2926480]: started, version 2.90 cachesize 150
Oct 17 19:46:31.058507 podb-esxi207 dnsmasq[2926480]: DNS service limited to local subnets
Oct 17 19:46:31.058523 podb-esxi207 dnsmasq[2926480]: compile time options: IPv6 GNU-getopt DBus no-UBus i18n IDN2 DHCP DHCPv6 no-Lua TFTP conntrack ipset no-nftset auth cryptohash DNSSEC loop-detect inotify dumpfile
Oct 17 19:46:31.058557 podb-esxi207 dnsmasq-dhcp[2926480]: DHCP, static leases only on 10.1.0.0, lease time 1d
Oct 17 19:46:31.058706 podb-esxi207 dnsmasq[2926480]: reading /etc/resolv.conf
Oct 17 19:46:31.058722 podb-esxi207 dnsmasq[2926480]: using nameserver 127.0.0.53#53
Oct 17 19:46:31.058799 podb-esxi207 dnsmasq[2926480]: read /opt/stack/data/neutron/dhcp/72ba7379-0a82-41e3-a17a-54fe2a76a0c6/addn_hosts - 0 names
Oct 17 19:46:31.058848 podb-esxi207 dnsmasq-dhcp[2926480]: read /opt/stack/data/neutron/dhcp/72ba7379-0a82-41e3-a17a-54fe2a76a0c6/host
Oct 17 19:46:31.058910 podb-esxi207 dnsmasq-dhcp[2926480]: read /opt/stack/data/neutron/dhcp/72ba7379-0a82-41e3-a17a-54fe2a76a0c6/opts
Oct 17 19:46:33.102256 podb-esxi207 dnsmasq[2926480]: read /opt/stack/data/neutron/dhcp/72ba7379-0a82-41e3-a17a-54fe2a76a0c6/addn_hosts - 2 names
Oct 17 19:46:33.102347 podb-esxi207 dnsmasq-dhcp[2926480]: read /opt/stack/data/neutron/dhcp/72ba7379-0a82-41e3-a17a-54fe2a76a0c6/host
Oct 17 19:46:33.102441 podb-esxi207 dnsmasq-dhcp[2926480]: read /opt/stack/data/neutron/dhcp/72ba7379-0a82-41e3-a17a-54fe2a76a0c6/opts
Oct 17 19:46:34.345033 podb-esxi207 dnsmasq[2926480]: read /opt/stack/data/neutron/dhcp/72ba7379-0a82-41e3-a17a-54fe2a76a0c6/addn_hosts - 2 names
Oct 17 19:46:34.345155 podb-esxi207 dnsmasq-dhcp[2926480]: read /opt/stack/data/neutron/dhcp/72ba7379-0a82-41e3-a17a-54fe2a76a0c6/host
Oct 17 19:46:34.345259 podb-esxi207 dnsmasq-dhcp[2926480]: read /opt/stack/data/neutron/dhcp/72ba7379-0a82-41e3-a17a-54fe2a76a0c6/opts
Oct 17 19:46:35.593460 podb-esxi207 dnsmasq[2926480]: read /opt/stack/data/neutron/dhcp/72ba7379-0a82-41e3-a17a-54fe2a76a0c6/addn_hosts - 2 names
Oct 17 19:46:35.593537 podb-esxi207 dnsmasq-dhcp[2926480]: read /opt/stack/data/neutron/dhcp/72ba7379-0a82-41e3-a17a-54fe2a76a0c6/host
Oct 17 19:46:35.593619 podb-esxi207 dnsmasq-dhcp[2926480]: read /opt/stack/data/neutron/dhcp/72ba7379-0a82-41e3-a17a-54fe2a76a0c6/opts
Oct 17 19:46:37.353091 podb-esxi207 dnsmasq[2926480]: read /opt/stack/data/neutron/dhcp/72ba7379-0a82-41e3-a17a-54fe2a76a0c6/addn_hosts - 4 names
Oct 17 19:46:37.353183 podb-esxi207 dnsmasq-dhcp[2926480]: read /opt/stack/data/neutron/dhcp/72ba7379-0a82-41e3-a17a-54fe2a76a0c6/host
Oct 17 19:46:37.353294 podb-esxi207 dnsmasq-dhcp[2926480]: read /opt/stack/data/neutron/dhcp/72ba7379-0a82-41e3-a17a-54fe2a76a0c6/opts
Oct 17 19:46:37.381112 podb-esxi207 dnsmasq-dhcp[2922456]: DHCPDISCOVER(tapb1eac490-f5) fa:16:3e:3e:c0:21
Oct 17 19:46:37.381138 podb-esxi207 dnsmasq-dhcp[2922456]: DHCPOFFER(tapb1eac490-f5) 10.1.0.14 fa:16:3e:3e:c0:21
Oct 17 19:46:37.394679 podb-esxi207 dnsmasq-dhcp[2922456]: DHCPREQUEST(tapb1eac490-f5) 10.1.0.14 fa:16:3e:3e:c0:21
Oct 17 19:46:37.394708 podb-esxi207 dnsmasq-dhcp[2922456]: DHCPACK(tapb1eac490-f5) 10.1.0.14 fa:16:3e:3e:c0:21 host-10-1-0-14
Oct 17 19:46:43.630419 podb-esxi207 dnsmasq-dhcp[2925894]: DHCPDISCOVER(tap5871f46a-5d) fa:16:3e:c3:5a:6d
Oct 17 19:46:43.630447 podb-esxi207 dnsmasq-dhcp[2925894]: DHCPOFFER(tap5871f46a-5d) 10.1.0.9 fa:16:3e:c3:5a:6d
Oct 17 19:46:43.640642 podb-esxi207 dnsmasq-dhcp[2925894]: DHCPREQUEST(tap5871f46a-5d) 10.1.0.9 fa:16:3e:c3:5a:6d
Oct 17 19:46:43.640677 podb-esxi207 dnsmasq-dhcp[2925894]: DHCPACK(tap5871f46a-5d) 10.1.0.9 fa:16:3e:c3:5a:6d host-10-1-0-9
Oct 17 19:46:58.525562 podb-esxi207 dnsmasq-dhcp[2926480]: DHCPDISCOVER(tap120d85f7-f2) fa:16:3e:76:58:61
Oct 17 19:46:58.525587 podb-esxi207 dnsmasq-dhcp[2926480]: DHCPOFFER(tap120d85f7-f2) 10.1.0.11 fa:16:3e:76:58:61
Oct 17 19:46:58.535236 podb-esxi207 dnsmasq-dhcp[2926480]: DHCPREQUEST(tap120d85f7-f2) 10.1.0.11 fa:16:3e:76:58:61
Oct 17 19:46:58.535260 podb-esxi207 dnsmasq-dhcp[2926480]: DHCPACK(tap120d85f7-f2) 10.1.0.11 fa:16:3e:76:58:61 host-10-1-0-11
Oct 17 19:47:42.097376 podb-esxi207 dnsmasq-dhcp[2923099]: DHCPREQUEST(tapcc7eeea6-fc) 10.1.0.11 fa:16:3e:fc:8e:1f
Oct 17 19:47:42.097407 podb-esxi207 dnsmasq-dhcp[2923099]: DHCPACK(tapcc7eeea6-fc) 10.1.0.11 fa:16:3e:fc:8e:1f host-10-1-0-11
Oct 17 19:47:56.373480 podb-esxi207 dnsmasq-dhcp[2922456]: DHCPDISCOVER(tapb1eac490-f5) fa:16:3e:3e:c0:21
Oct 17 19:47:56.373504 podb-esxi207 dnsmasq-dhcp[2922456]: DHCPOFFER(tapb1eac490-f5) 10.1.0.14 fa:16:3e:3e:c0:21
Oct 17 19:47:56.383241 podb-esxi207 dnsmasq-dhcp[2922456]: DHCPREQUEST(tapb1eac490-f5) 10.1.0.14 fa:16:3e:3e:c0:21
Oct 17 19:47:56.383269 podb-esxi207 dnsmasq-dhcp[2922456]: DHCPACK(tapb1eac490-f5) 10.1.0.14 fa:16:3e:3e:c0:21 host-10-1-0-14
Oct 17 19:48:12.995120 podb-esxi207 dnsmasq-dhcp[2925894]: DHCPREQUEST(tap5871f46a-5d) 10.1.0.9 fa:16:3e:c3:5a:6d
Oct 17 19:48:12.995149 podb-esxi207 dnsmasq-dhcp[2925894]: DHCPACK(tap5871f46a-5d) 10.1.0.9 fa:16:3e:c3:5a:6d host-10-1-0-9
Oct 17 19:48:22.323539 podb-esxi207 dnsmasq-dhcp[2926480]: DHCPREQUEST(tap120d85f7-f2) 10.1.0.11 fa:16:3e:76:58:61
Oct 17 19:48:22.323569 podb-esxi207 dnsmasq-dhcp[2926480]: DHCPACK(tap120d85f7-f2) 10.1.0.11 fa:16:3e:76:58:61 host-10-1-0-11
Oct 17 19:48:49.393854 podb-esxi207 dnsmasq-dhcp[2923099]: DHCPRELEASE(tapcc7eeea6-fc) 10.1.0.11 fa:16:3e:fc:8e:1f
Oct 17 19:48:49.411302 podb-esxi207 dnsmasq-dhcp[2923099]: DHCPRELEASE(tapcc7eeea6-fc) 10.1.0.11 fa:16:3e:fc:8e:1f unknown lease
Oct 17 19:48:50.238886 podb-esxi207 dnsmasq[2923099]: read /opt/stack/data/neutron/dhcp/f8d2a76e-a143-4c71-b8f1-8bf19ce22efd/addn_hosts - 6 names
Oct 17 19:48:50.239010 podb-esxi207 dnsmasq-dhcp[2923099]: read /opt/stack/data/neutron/dhcp/f8d2a76e-a143-4c71-b8f1-8bf19ce22efd/host
Oct 17 19:48:50.239122 podb-esxi207 dnsmasq-dhcp[2923099]: read /opt/stack/data/neutron/dhcp/f8d2a76e-a143-4c71-b8f1-8bf19ce22efd/opts
Oct 17 19:49:01.183932 podb-esxi207 dnsmasq-dhcp[2922456]: DHCPRELEASE(tapb1eac490-f5) 10.1.0.14 fa:16:3e:3e:c0:21
Oct 17 19:49:01.200951 podb-esxi207 dnsmasq-dhcp[2922456]: DHCPRELEASE(tapb1eac490-f5) 10.1.0.14 fa:16:3e:3e:c0:21 unknown lease
Oct 17 19:49:02.030941 podb-esxi207 dnsmasq[2922456]: read /opt/stack/data/neutron/dhcp/a8aec668-0aaa-4d28-a648-24103a7f1e78/addn_hosts - 4 names
Oct 17 19:49:02.031108 podb-esxi207 dnsmasq-dhcp[2922456]: read /opt/stack/data/neutron/dhcp/a8aec668-0aaa-4d28-a648-24103a7f1e78/host
Oct 17 19:49:02.031220 podb-esxi207 dnsmasq-dhcp[2922456]: read /opt/stack/data/neutron/dhcp/a8aec668-0aaa-4d28-a648-24103a7f1e78/opts
Oct 17 19:49:05.659704 podb-esxi207 dnsmasq-dhcp[2923099]: DHCPRELEASE(tapcc7eeea6-fc) 10.1.0.13 fa:16:3e:e4:2b:e5
Oct 17 19:49:05.675205 podb-esxi207 dnsmasq-dhcp[2923099]: DHCPRELEASE(tapcc7eeea6-fc) 10.1.0.13 fa:16:3e:e4:2b:e5 unknown lease
Oct 17 19:49:06.501044 podb-esxi207 dnsmasq[2923099]: read /opt/stack/data/neutron/dhcp/f8d2a76e-a143-4c71-b8f1-8bf19ce22efd/addn_hosts - 4 names
Oct 17 19:49:06.501177 podb-esxi207 dnsmasq-dhcp[2923099]: read /opt/stack/data/neutron/dhcp/f8d2a76e-a143-4c71-b8f1-8bf19ce22efd/host
Oct 17 19:49:06.501291 podb-esxi207 dnsmasq-dhcp[2923099]: read /opt/stack/data/neutron/dhcp/f8d2a76e-a143-4c71-b8f1-8bf19ce22efd/opts
Oct 17 19:49:12.896429 podb-esxi207 dnsmasq-dhcp[2923099]: DHCPRELEASE(tapcc7eeea6-fc) 10.1.0.8 fa:16:3e:6a:82:23
Oct 17 19:49:12.912000 podb-esxi207 dnsmasq-dhcp[2923099]: DHCPRELEASE(tapcc7eeea6-fc) 10.1.0.8 fa:16:3e:6a:82:23 unknown lease
Oct 17 19:49:13.736088 podb-esxi207 dnsmasq[2923099]: read /opt/stack/data/neutron/dhcp/f8d2a76e-a143-4c71-b8f1-8bf19ce22efd/addn_hosts - 2 names
Oct 17 19:49:13.736215 podb-esxi207 dnsmasq-dhcp[2923099]: read /opt/stack/data/neutron/dhcp/f8d2a76e-a143-4c71-b8f1-8bf19ce22efd/host
Oct 17 19:49:13.736332 podb-esxi207 dnsmasq-dhcp[2923099]: read /opt/stack/data/neutron/dhcp/f8d2a76e-a143-4c71-b8f1-8bf19ce22efd/opts
Oct 17 19:49:17.696488 podb-esxi207 dnsmasq-dhcp[2923099]: DHCPRELEASE(tapcc7eeea6-fc) 10.1.0.1 fa:16:3e:3e:e0:f5
Oct 17 19:49:18.519375 podb-esxi207 dnsmasq[2923099]: read /opt/stack/data/neutron/dhcp/f8d2a76e-a143-4c71-b8f1-8bf19ce22efd/addn_hosts - 0 names
Oct 17 19:49:18.519450 podb-esxi207 dnsmasq-dhcp[2923099]: read /opt/stack/data/neutron/dhcp/f8d2a76e-a143-4c71-b8f1-8bf19ce22efd/host
Oct 17 19:49:18.519508 podb-esxi207 dnsmasq-dhcp[2923099]: read /opt/stack/data/neutron/dhcp/f8d2a76e-a143-4c71-b8f1-8bf19ce22efd/opts
Oct 17 19:49:18.760365 podb-esxi207 dnsmasq-dhcp[2925894]: DHCPRELEASE(tap5871f46a-5d) 10.1.0.9 fa:16:3e:c3:5a:6d
Oct 17 19:49:18.780023 podb-esxi207 dnsmasq-dhcp[2925894]: DHCPRELEASE(tap5871f46a-5d) 10.1.0.9 fa:16:3e:c3:5a:6d unknown lease
Oct 17 19:49:19.605947 podb-esxi207 dnsmasq[2925894]: read /opt/stack/data/neutron/dhcp/5f3aa6fb-2132-4142-9d21-4ecf9384aaa2/addn_hosts - 2 names
Oct 17 19:49:19.606085 podb-esxi207 dnsmasq-dhcp[2925894]: read /opt/stack/data/neutron/dhcp/5f3aa6fb-2132-4142-9d21-4ecf9384aaa2/host
Oct 17 19:49:19.606178 podb-esxi207 dnsmasq-dhcp[2925894]: read /opt/stack/data/neutron/dhcp/5f3aa6fb-2132-4142-9d21-4ecf9384aaa2/opts
Oct 17 19:49:20.367204 podb-esxi207 dnsmasq[2923099]: exiting on receipt of SIGTERM
Oct 17 19:49:24.134354 podb-esxi207 dnsmasq[2929860]: started, version 2.90 cachesize 150
Oct 17 19:49:24.134378 podb-esxi207 dnsmasq[2929860]: DNS service limited to local subnets
Oct 17 19:49:24.134394 podb-esxi207 dnsmasq[2929860]: compile time options: IPv6 GNU-getopt DBus no-UBus i18n IDN2 DHCP DHCPv6 no-Lua TFTP conntrack ipset no-nftset auth cryptohash DNSSEC loop-detect inotify dumpfile
Oct 17 19:49:24.134431 podb-esxi207 dnsmasq-dhcp[2929860]: DHCP, static leases only on 10.1.0.0, lease time 1d
Oct 17 19:49:24.134586 podb-esxi207 dnsmasq[2929860]: reading /etc/resolv.conf
Oct 17 19:49:24.134604 podb-esxi207 dnsmasq[2929860]: using nameserver 127.0.0.53#53
Oct 17 19:49:24.134698 podb-esxi207 dnsmasq[2929860]: read /opt/stack/data/neutron/dhcp/29e1690f-f5b4-477b-b21a-d97aeb41edc9/addn_hosts - 0 names
Oct 17 19:49:24.134752 podb-esxi207 dnsmasq-dhcp[2929860]: read /opt/stack/data/neutron/dhcp/29e1690f-f5b4-477b-b21a-d97aeb41edc9/host
Oct 17 19:49:24.134810 podb-esxi207 dnsmasq-dhcp[2929860]: read /opt/stack/data/neutron/dhcp/29e1690f-f5b4-477b-b21a-d97aeb41edc9/opts
Oct 17 19:49:25.682579 podb-esxi207 dnsmasq[2929860]: read /opt/stack/data/neutron/dhcp/29e1690f-f5b4-477b-b21a-d97aeb41edc9/addn_hosts - 2 names
Oct 17 19:49:25.682721 podb-esxi207 dnsmasq-dhcp[2929860]: read /opt/stack/data/neutron/dhcp/29e1690f-f5b4-477b-b21a-d97aeb41edc9/host
Oct 17 19:49:25.682838 podb-esxi207 dnsmasq-dhcp[2929860]: read /opt/stack/data/neutron/dhcp/29e1690f-f5b4-477b-b21a-d97aeb41edc9/opts
Oct 17 19:49:26.963648 podb-esxi207 dnsmasq[2929860]: read /opt/stack/data/neutron/dhcp/29e1690f-f5b4-477b-b21a-d97aeb41edc9/addn_hosts - 2 names
Oct 17 19:49:26.963747 podb-esxi207 dnsmasq-dhcp[2929860]: read /opt/stack/data/neutron/dhcp/29e1690f-f5b4-477b-b21a-d97aeb41edc9/host
Oct 17 19:49:26.963887 podb-esxi207 dnsmasq-dhcp[2929860]: read /opt/stack/data/neutron/dhcp/29e1690f-f5b4-477b-b21a-d97aeb41edc9/opts
Oct 17 19:49:28.233708 podb-esxi207 dnsmasq[2929860]: read /opt/stack/data/neutron/dhcp/29e1690f-f5b4-477b-b21a-d97aeb41edc9/addn_hosts - 2 names
Oct 17 19:49:28.233805 podb-esxi207 dnsmasq-dhcp[2929860]: read /opt/stack/data/neutron/dhcp/29e1690f-f5b4-477b-b21a-d97aeb41edc9/host
Oct 17 19:49:28.233898 podb-esxi207 dnsmasq-dhcp[2929860]: read /opt/stack/data/neutron/dhcp/29e1690f-f5b4-477b-b21a-d97aeb41edc9/opts
Oct 17 19:49:29.702137 podb-esxi207 dnsmasq[2925894]: read /opt/stack/data/neutron/dhcp/5f3aa6fb-2132-4142-9d21-4ecf9384aaa2/addn_hosts - 4 names
Oct 17 19:49:29.702289 podb-esxi207 dnsmasq-dhcp[2925894]: read /opt/stack/data/neutron/dhcp/5f3aa6fb-2132-4142-9d21-4ecf9384aaa2/host
Oct 17 19:49:29.702400 podb-esxi207 dnsmasq-dhcp[2925894]: read /opt/stack/data/neutron/dhcp/5f3aa6fb-2132-4142-9d21-4ecf9384aaa2/opts
Oct 17 19:49:31.995398 podb-esxi207 dnsmasq[2922456]: read /opt/stack/data/neutron/dhcp/a8aec668-0aaa-4d28-a648-24103a7f1e78/addn_hosts - 6 names
Oct 17 19:49:31.995496 podb-esxi207 dnsmasq-dhcp[2922456]: read /opt/stack/data/neutron/dhcp/a8aec668-0aaa-4d28-a648-24103a7f1e78/host
