Oct 17 04:03:38.346670 podb-esxi207 dnsmasq-dhcp[1559942]: DHCPOFFER(tap0b4cae98-0f) 10.1.0.13 fa:16:3e:de:cb:c6
Oct 17 04:03:38.358513 podb-esxi207 dnsmasq-dhcp[1559942]: DHCPREQUEST(tap0b4cae98-0f) 10.1.0.13 fa:16:3e:de:cb:c6
Oct 17 04:03:38.358550 podb-esxi207 dnsmasq-dhcp[1559942]: DHCPACK(tap0b4cae98-0f) 10.1.0.13 fa:16:3e:de:cb:c6 host-10-1-0-13
Oct 17 04:03:41.696205 podb-esxi207 dnsmasq[1554843]: read /opt/stack/data/neutron/dhcp/f57fdcca-550f-488c-bddc-df5f6af0e441/addn_hosts - 0 names
Oct 17 04:03:41.696274 podb-esxi207 dnsmasq-dhcp[1554843]: read /opt/stack/data/neutron/dhcp/f57fdcca-550f-488c-bddc-df5f6af0e441/host
Oct 17 04:03:41.696326 podb-esxi207 dnsmasq-dhcp[1554843]: read /opt/stack/data/neutron/dhcp/f57fdcca-550f-488c-bddc-df5f6af0e441/opts
Oct 17 04:03:42.566460 podb-esxi207 dnsmasq[1554843]: exiting on receipt of SIGTERM
Oct 17 04:03:43.687801 podb-esxi207 dnsmasq[1555167]: read /opt/stack/data/neutron/dhcp/c0d4d420-be70-45f2-a615-fcd35a9e7a3a/addn_hosts - 0 names
Oct 17 04:03:43.687883 podb-esxi207 dnsmasq-dhcp[1555167]: read /opt/stack/data/neutron/dhcp/c0d4d420-be70-45f2-a615-fcd35a9e7a3a/host
Oct 17 04:03:43.687992 podb-esxi207 dnsmasq-dhcp[1555167]: read /opt/stack/data/neutron/dhcp/c0d4d420-be70-45f2-a615-fcd35a9e7a3a/opts
Oct 17 04:03:44.494020 podb-esxi207 dnsmasq[1555167]: exiting on receipt of SIGTERM
Oct 17 04:03:49.069949 podb-esxi207 dnsmasq[1562440]: started, version 2.90 cachesize 150
Oct 17 04:03:49.069977 podb-esxi207 dnsmasq[1562440]: DNS service limited to local subnets
Oct 17 04:03:49.069992 podb-esxi207 dnsmasq[1562440]: compile time options: IPv6 GNU-getopt DBus no-UBus i18n IDN2 DHCP DHCPv6 no-Lua TFTP conntrack ipset no-nftset auth cryptohash DNSSEC loop-detect inotify dumpfile
Oct 17 04:03:49.070033 podb-esxi207 dnsmasq-dhcp[1562440]: DHCP, static leases only on 10.1.0.0, lease time 1d
Oct 17 04:03:49.070190 podb-esxi207 dnsmasq[1562440]: reading /etc/resolv.conf
Oct 17 04:03:49.070206 podb-esxi207 dnsmasq[1562440]: using nameserver 127.0.0.53#53
Oct 17 04:03:49.070312 podb-esxi207 dnsmasq[1562440]: read /opt/stack/data/neutron/dhcp/2c6ea722-b8bb-49f3-848d-6bb647eb82ab/addn_hosts - 0 names
Oct 17 04:03:49.070367 podb-esxi207 dnsmasq-dhcp[1562440]: read /opt/stack/data/neutron/dhcp/2c6ea722-b8bb-49f3-848d-6bb647eb82ab/host
Oct 17 04:03:49.070427 podb-esxi207 dnsmasq-dhcp[1562440]: read /opt/stack/data/neutron/dhcp/2c6ea722-b8bb-49f3-848d-6bb647eb82ab/opts
Oct 17 04:03:50.617843 podb-esxi207 dnsmasq[1562440]: read /opt/stack/data/neutron/dhcp/2c6ea722-b8bb-49f3-848d-6bb647eb82ab/addn_hosts - 2 names
Oct 17 04:03:50.617954 podb-esxi207 dnsmasq-dhcp[1562440]: read /opt/stack/data/neutron/dhcp/2c6ea722-b8bb-49f3-848d-6bb647eb82ab/host
Oct 17 04:03:50.618043 podb-esxi207 dnsmasq-dhcp[1562440]: read /opt/stack/data/neutron/dhcp/2c6ea722-b8bb-49f3-848d-6bb647eb82ab/opts
Oct 17 04:03:53.549687 podb-esxi207 dnsmasq[1562738]: started, version 2.90 cachesize 150
Oct 17 04:03:53.549717 podb-esxi207 dnsmasq[1562738]: DNS service limited to local subnets
Oct 17 04:03:53.549732 podb-esxi207 dnsmasq[1562738]: compile time options: IPv6 GNU-getopt DBus no-UBus i18n IDN2 DHCP DHCPv6 no-Lua TFTP conntrack ipset no-nftset auth cryptohash DNSSEC loop-detect inotify dumpfile
Oct 17 04:03:53.549769 podb-esxi207 dnsmasq-dhcp[1562738]: DHCP, static leases only on 10.1.0.0, lease time 1d
Oct 17 04:03:53.549919 podb-esxi207 dnsmasq[1562738]: reading /etc/resolv.conf
Oct 17 04:03:53.549936 podb-esxi207 dnsmasq[1562738]: using nameserver 127.0.0.53#53
Oct 17 04:03:53.550025 podb-esxi207 dnsmasq[1562738]: read /opt/stack/data/neutron/dhcp/f6388feb-9e46-4e57-87fb-1f145c2b7e2a/addn_hosts - 0 names
Oct 17 04:03:53.550076 podb-esxi207 dnsmasq-dhcp[1562738]: read /opt/stack/data/neutron/dhcp/f6388feb-9e46-4e57-87fb-1f145c2b7e2a/host
Oct 17 04:03:53.550134 podb-esxi207 dnsmasq-dhcp[1562738]: read /opt/stack/data/neutron/dhcp/f6388feb-9e46-4e57-87fb-1f145c2b7e2a/opts
Oct 17 04:03:54.602179 podb-esxi207 dnsmasq[1562440]: read /opt/stack/data/neutron/dhcp/2c6ea722-b8bb-49f3-848d-6bb647eb82ab/addn_hosts - 2 names
Oct 17 04:03:54.602281 podb-esxi207 dnsmasq-dhcp[1562440]: read /opt/stack/data/neutron/dhcp/2c6ea722-b8bb-49f3-848d-6bb647eb82ab/host
Oct 17 04:03:54.602393 podb-esxi207 dnsmasq-dhcp[1562440]: read /opt/stack/data/neutron/dhcp/2c6ea722-b8bb-49f3-848d-6bb647eb82ab/opts
Oct 17 04:03:55.864526 podb-esxi207 dnsmasq[1562738]: read /opt/stack/data/neutron/dhcp/f6388feb-9e46-4e57-87fb-1f145c2b7e2a/addn_hosts - 2 names
Oct 17 04:03:55.864615 podb-esxi207 dnsmasq-dhcp[1562738]: read /opt/stack/data/neutron/dhcp/f6388feb-9e46-4e57-87fb-1f145c2b7e2a/host
Oct 17 04:03:55.864757 podb-esxi207 dnsmasq-dhcp[1562738]: read /opt/stack/data/neutron/dhcp/f6388feb-9e46-4e57-87fb-1f145c2b7e2a/opts
Oct 17 04:03:57.129619 podb-esxi207 dnsmasq[1562440]: read /opt/stack/data/neutron/dhcp/2c6ea722-b8bb-49f3-848d-6bb647eb82ab/addn_hosts - 2 names
Oct 17 04:03:57.129733 podb-esxi207 dnsmasq-dhcp[1562440]: read /opt/stack/data/neutron/dhcp/2c6ea722-b8bb-49f3-848d-6bb647eb82ab/host
Oct 17 04:03:57.129859 podb-esxi207 dnsmasq-dhcp[1562440]: read /opt/stack/data/neutron/dhcp/2c6ea722-b8bb-49f3-848d-6bb647eb82ab/opts
Oct 17 04:03:57.886020 podb-esxi207 dnsmasq[1562738]: read /opt/stack/data/neutron/dhcp/f6388feb-9e46-4e57-87fb-1f145c2b7e2a/addn_hosts - 2 names
Oct 17 04:03:57.886127 podb-esxi207 dnsmasq-dhcp[1562738]: read /opt/stack/data/neutron/dhcp/f6388feb-9e46-4e57-87fb-1f145c2b7e2a/host
Oct 17 04:03:57.886246 podb-esxi207 dnsmasq-dhcp[1562738]: read /opt/stack/data/neutron/dhcp/f6388feb-9e46-4e57-87fb-1f145c2b7e2a/opts
Oct 17 04:03:59.151618 podb-esxi207 dnsmasq[1562738]: read /opt/stack/data/neutron/dhcp/f6388feb-9e46-4e57-87fb-1f145c2b7e2a/addn_hosts - 2 names
Oct 17 04:03:59.151705 podb-esxi207 dnsmasq-dhcp[1562738]: read /opt/stack/data/neutron/dhcp/f6388feb-9e46-4e57-87fb-1f145c2b7e2a/host
Oct 17 04:03:59.151809 podb-esxi207 dnsmasq-dhcp[1562738]: read /opt/stack/data/neutron/dhcp/f6388feb-9e46-4e57-87fb-1f145c2b7e2a/opts
Oct 17 04:04:18.743612 podb-esxi207 dnsmasq[1562440]: read /opt/stack/data/neutron/dhcp/2c6ea722-b8bb-49f3-848d-6bb647eb82ab/addn_hosts - 4 names
Oct 17 04:04:18.743756 podb-esxi207 dnsmasq-dhcp[1562440]: read /opt/stack/data/neutron/dhcp/2c6ea722-b8bb-49f3-848d-6bb647eb82ab/host
Oct 17 04:04:18.743857 podb-esxi207 dnsmasq-dhcp[1562440]: read /opt/stack/data/neutron/dhcp/2c6ea722-b8bb-49f3-848d-6bb647eb82ab/opts
Oct 17 04:04:47.431196 podb-esxi207 dnsmasq-dhcp[1562440]: DHCPDISCOVER(tap1241db4b-91) fa:16:3e:96:68:12
Oct 17 04:04:47.431225 podb-esxi207 dnsmasq-dhcp[1562440]: DHCPOFFER(tap1241db4b-91) 10.1.0.8 fa:16:3e:96:68:12
Oct 17 04:04:47.442410 podb-esxi207 dnsmasq-dhcp[1562440]: DHCPREQUEST(tap1241db4b-91) 10.1.0.8 fa:16:3e:96:68:12
Oct 17 04:04:47.442446 podb-esxi207 dnsmasq-dhcp[1562440]: DHCPACK(tap1241db4b-91) 10.1.0.8 fa:16:3e:96:68:12 host-10-1-0-8
Oct 17 04:04:53.951216 podb-esxi207 dnsmasq-dhcp[1559942]: DHCPRELEASE(tap0b4cae98-0f) 10.1.0.13 fa:16:3e:de:cb:c6
Oct 17 04:04:53.966952 podb-esxi207 dnsmasq-dhcp[1559942]: DHCPRELEASE(tap0b4cae98-0f) 10.1.0.13 fa:16:3e:de:cb:c6 unknown lease
Oct 17 04:04:54.792905 podb-esxi207 dnsmasq[1559942]: read /opt/stack/data/neutron/dhcp/200755a5-8951-4cca-9331-2af3d77756a6/addn_hosts - 4 names
Oct 17 04:04:54.793019 podb-esxi207 dnsmasq-dhcp[1559942]: read /opt/stack/data/neutron/dhcp/200755a5-8951-4cca-9331-2af3d77756a6/host
Oct 17 04:04:54.793090 podb-esxi207 dnsmasq-dhcp[1559942]: read /opt/stack/data/neutron/dhcp/200755a5-8951-4cca-9331-2af3d77756a6/opts
Oct 17 04:05:41.228779 podb-esxi207 dnsmasq[1562440]: read /opt/stack/data/neutron/dhcp/2c6ea722-b8bb-49f3-848d-6bb647eb82ab/addn_hosts - 6 names
Oct 17 04:05:41.228886 podb-esxi207 dnsmasq-dhcp[1562440]: read /opt/stack/data/neutron/dhcp/2c6ea722-b8bb-49f3-848d-6bb647eb82ab/host
Oct 17 04:05:41.228956 podb-esxi207 dnsmasq-dhcp[1562440]: read /opt/stack/data/neutron/dhcp/2c6ea722-b8bb-49f3-848d-6bb647eb82ab/opts
Oct 17 04:05:45.703572 podb-esxi207 dnsmasq[1564257]: started, version 2.90 cachesize 150
Oct 17 04:05:45.703596 podb-esxi207 dnsmasq[1564257]: DNS service limited to local subnets
Oct 17 04:05:45.703611 podb-esxi207 dnsmasq[1564257]: compile time options: IPv6 GNU-getopt DBus no-UBus i18n IDN2 DHCP DHCPv6 no-Lua TFTP conntrack ipset no-nftset auth cryptohash DNSSEC loop-detect inotify dumpfile
Oct 17 04:05:45.703652 podb-esxi207 dnsmasq-dhcp[1564257]: DHCP, static leases only on 10.1.0.0, lease time 1d
Oct 17 04:05:45.703805 podb-esxi207 dnsmasq[1564257]: reading /etc/resolv.conf
Oct 17 04:05:45.703822 podb-esxi207 dnsmasq[1564257]: using nameserver 127.0.0.53#53
Oct 17 04:05:45.703908 podb-esxi207 dnsmasq[1564257]: read /opt/stack/data/neutron/dhcp/80ffed8e-b80f-47bd-8ac9-70be4f0f648c/addn_hosts - 0 names
Oct 17 04:05:45.703961 podb-esxi207 dnsmasq-dhcp[1564257]: read /opt/stack/data/neutron/dhcp/80ffed8e-b80f-47bd-8ac9-70be4f0f648c/host
Oct 17 04:05:45.704028 podb-esxi207 dnsmasq-dhcp[1564257]: read /opt/stack/data/neutron/dhcp/80ffed8e-b80f-47bd-8ac9-70be4f0f648c/opts
Oct 17 04:05:47.269959 podb-esxi207 dnsmasq[1564257]: read /opt/stack/data/neutron/dhcp/80ffed8e-b80f-47bd-8ac9-70be4f0f648c/addn_hosts - 2 names
Oct 17 04:05:47.270083 podb-esxi207 dnsmasq-dhcp[1564257]: read /opt/stack/data/neutron/dhcp/80ffed8e-b80f-47bd-8ac9-70be4f0f648c/host
Oct 17 04:05:47.270206 podb-esxi207 dnsmasq-dhcp[1564257]: read /opt/stack/data/neutron/dhcp/80ffed8e-b80f-47bd-8ac9-70be4f0f648c/opts
Oct 17 04:05:50.155721 podb-esxi207 dnsmasq[1564561]: started, version 2.90 cachesize 150
Oct 17 04:05:50.155772 podb-esxi207 dnsmasq[1564561]: DNS service limited to local subnets
Oct 17 04:05:50.155806 podb-esxi207 dnsmasq[1564561]: compile time options: IPv6 GNU-getopt DBus no-UBus i18n IDN2 DHCP DHCPv6 no-Lua TFTP conntrack ipset no-nftset auth cryptohash DNSSEC loop-detect inotify dumpfile
Oct 17 04:05:50.155876 podb-esxi207 dnsmasq-dhcp[1564561]: DHCP, static leases only on 10.1.0.0, lease time 1d
Oct 17 04:05:50.156103 podb-esxi207 dnsmasq[1564561]: reading /etc/resolv.conf
Oct 17 04:05:50.156120 podb-esxi207 dnsmasq[1564561]: using nameserver 127.0.0.53#53
Oct 17 04:05:50.156218 podb-esxi207 dnsmasq[1564561]: read /opt/stack/data/neutron/dhcp/58c84bd4-fffc-4923-8091-a0050d553a60/addn_hosts - 0 names
Oct 17 04:05:50.156274 podb-esxi207 dnsmasq-dhcp[1564561]: read /opt/stack/data/neutron/dhcp/58c84bd4-fffc-4923-8091-a0050d553a60/host
Oct 17 04:05:50.156355 podb-esxi207 dnsmasq-dhcp[1564561]: read /opt/stack/data/neutron/dhcp/58c84bd4-fffc-4923-8091-a0050d553a60/opts
Oct 17 04:05:51.200549 podb-esxi207 dnsmasq[1564257]: read /opt/stack/data/neutron/dhcp/80ffed8e-b80f-47bd-8ac9-70be4f0f648c/addn_hosts - 2 names
Oct 17 04:05:51.200698 podb-esxi207 dnsmasq-dhcp[1564257]: read /opt/stack/data/neutron/dhcp/80ffed8e-b80f-47bd-8ac9-70be4f0f648c/host
Oct 17 04:05:51.200812 podb-esxi207 dnsmasq-dhcp[1564257]: read /opt/stack/data/neutron/dhcp/80ffed8e-b80f-47bd-8ac9-70be4f0f648c/opts
Oct 17 04:05:52.467845 podb-esxi207 dnsmasq[1564561]: read /opt/stack/data/neutron/dhcp/58c84bd4-fffc-4923-8091-a0050d553a60/addn_hosts - 2 names
Oct 17 04:05:52.467967 podb-esxi207 dnsmasq-dhcp[1564561]: read /opt/stack/data/neutron/dhcp/58c84bd4-fffc-4923-8091-a0050d553a60/host
Oct 17 04:05:52.468079 podb-esxi207 dnsmasq-dhcp[1564561]: read /opt/stack/data/neutron/dhcp/58c84bd4-fffc-4923-8091-a0050d553a60/opts
Oct 17 04:05:53.744973 podb-esxi207 dnsmasq[1564257]: read /opt/stack/data/neutron/dhcp/80ffed8e-b80f-47bd-8ac9-70be4f0f648c/addn_hosts - 2 names
Oct 17 04:05:53.745069 podb-esxi207 dnsmasq-dhcp[1564257]: read /opt/stack/data/neutron/dhcp/80ffed8e-b80f-47bd-8ac9-70be4f0f648c/host
Oct 17 04:05:53.745168 podb-esxi207 dnsmasq-dhcp[1564257]: read /opt/stack/data/neutron/dhcp/80ffed8e-b80f-47bd-8ac9-70be4f0f648c/opts
Oct 17 04:05:54.497863 podb-esxi207 dnsmasq[1564561]: read /opt/stack/data/neutron/dhcp/58c84bd4-fffc-4923-8091-a0050d553a60/addn_hosts - 2 names
Oct 17 04:05:54.497960 podb-esxi207 dnsmasq-dhcp[1564561]: read /opt/stack/data/neutron/dhcp/58c84bd4-fffc-4923-8091-a0050d553a60/host
Oct 17 04:05:54.498071 podb-esxi207 dnsmasq-dhcp[1564561]: read /opt/stack/data/neutron/dhcp/58c84bd4-fffc-4923-8091-a0050d553a60/opts
Oct 17 04:05:55.751114 podb-esxi207 dnsmasq[1564561]: read /opt/stack/data/neutron/dhcp/58c84bd4-fffc-4923-8091-a0050d553a60/addn_hosts - 2 names
Oct 17 04:05:55.751228 podb-esxi207 dnsmasq-dhcp[1564561]: read /opt/stack/data/neutron/dhcp/58c84bd4-fffc-4923-8091-a0050d553a60/host
Oct 17 04:05:55.751341 podb-esxi207 dnsmasq-dhcp[1564561]: read /opt/stack/data/neutron/dhcp/58c84bd4-fffc-4923-8091-a0050d553a60/opts
Oct 17 04:06:00.317883 podb-esxi207 dnsmasq[1564257]: read /opt/stack/data/neutron/dhcp/80ffed8e-b80f-47bd-8ac9-70be4f0f648c/addn_hosts - 4 names
Oct 17 04:06:00.318049 podb-esxi207 dnsmasq-dhcp[1564257]: read /opt/stack/data/neutron/dhcp/80ffed8e-b80f-47bd-8ac9-70be4f0f648c/host
Oct 17 04:06:00.318169 podb-esxi207 dnsmasq-dhcp[1564257]: read /opt/stack/data/neutron/dhcp/80ffed8e-b80f-47bd-8ac9-70be4f0f648c/opts
Oct 17 04:06:23.848168 podb-esxi207 dnsmasq-dhcp[1564257]: DHCPDISCOVER(tap89981638-c8) fa:16:3e:25:a4:a7
Oct 17 04:06:23.848193 podb-esxi207 dnsmasq-dhcp[1564257]: DHCPOFFER(tap89981638-c8) 10.1.0.10 fa:16:3e:25:a4:a7
Oct 17 04:06:23.858778 podb-esxi207 dnsmasq-dhcp[1564257]: DHCPREQUEST(tap89981638-c8) 10.1.0.10 fa:16:3e:25:a4:a7
Oct 17 04:06:23.858813 podb-esxi207 dnsmasq-dhcp[1564257]: DHCPACK(tap89981638-c8) 10.1.0.10 fa:16:3e:25:a4:a7 host-10-1-0-10
Oct 17 04:06:34.821796 podb-esxi207 dnsmasq-dhcp[1562440]: DHCPDISCOVER(tap1241db4b-91) fa:16:3e:7d:7f:d6
Oct 17 04:06:34.821822 podb-esxi207 dnsmasq-dhcp[1562440]: DHCPOFFER(tap1241db4b-91) 10.1.0.13 fa:16:3e:7d:7f:d6
Oct 17 04:06:34.829682 podb-esxi207 dnsmasq-dhcp[1562440]: DHCPREQUEST(tap1241db4b-91) 10.1.0.13 fa:16:3e:7d:7f:d6
Oct 17 04:06:34.829709 podb-esxi207 dnsmasq-dhcp[1562440]: DHCPACK(tap1241db4b-91) 10.1.0.13 fa:16:3e:7d:7f:d6 host-10-1-0-13
Oct 17 04:06:46.779985 podb-esxi207 dnsmasq-dhcp[1559942]: DHCPRELEASE(tap0b4cae98-0f) 10.1.0.3 fa:16:3e:d4:59:20
Oct 17 04:06:46.799181 podb-esxi207 dnsmasq-dhcp[1559942]: DHCPRELEASE(tap0b4cae98-0f) 10.1.0.3 fa:16:3e:d4:59:20 unknown lease
Oct 17 04:06:47.628660 podb-esxi207 dnsmasq[1559942]: read /opt/stack/data/neutron/dhcp/200755a5-8951-4cca-9331-2af3d77756a6/addn_hosts - 2 names
Oct 17 04:06:47.628761 podb-esxi207 dnsmasq-dhcp[1559942]: read /opt/stack/data/neutron/dhcp/200755a5-8951-4cca-9331-2af3d77756a6/host
Oct 17 04:06:47.628833 podb-esxi207 dnsmasq-dhcp[1559942]: read /opt/stack/data/neutron/dhcp/200755a5-8951-4cca-9331-2af3d77756a6/opts
Oct 17 04:06:59.735875 podb-esxi207 dnsmasq[1559942]: read /opt/stack/data/neutron/dhcp/200755a5-8951-4cca-9331-2af3d77756a6/addn_hosts - 4 names
Oct 17 04:06:59.735974 podb-esxi207 dnsmasq-dhcp[1559942]: read /opt/stack/data/neutron/dhcp/200755a5-8951-4cca-9331-2af3d77756a6/host
Oct 17 04:06:59.736091 podb-esxi207 dnsmasq-dhcp[1559942]: read /opt/stack/data/neutron/dhcp/200755a5-8951-4cca-9331-2af3d77756a6/opts
Oct 17 04:07:20.089010 podb-esxi207 dnsmasq-dhcp[1562440]: DHCPRELEASE(tap1241db4b-91) 10.1.0.13 fa:16:3e:7d:7f:d6
Oct 17 04:07:20.104030 podb-esxi207 dnsmasq-dhcp[1562440]: DHCPRELEASE(tap1241db4b-91) 10.1.0.13 fa:16:3e:7d:7f:d6 unknown lease
Oct 17 04:07:20.926317 podb-esxi207 dnsmasq[1562440]: read /opt/stack/data/neutron/dhcp/2c6ea722-b8bb-49f3-848d-6bb647eb82ab/addn_hosts - 4 names
Oct 17 04:07:20.926439 podb-esxi207 dnsmasq-dhcp[1562440]: read /opt/stack/data/neutron/dhcp/2c6ea722-b8bb-49f3-848d-6bb647eb82ab/host
Oct 17 04:07:20.926544 podb-esxi207 dnsmasq-dhcp[1562440]: read /opt/stack/data/neutron/dhcp/2c6ea722-b8bb-49f3-848d-6bb647eb82ab/opts
Oct 17 04:07:25.482752 podb-esxi207 dnsmasq-dhcp[1559942]: DHCPDISCOVER(tap0b4cae98-0f) fa:16:3e:6a:37:50
Oct 17 04:07:25.482778 podb-esxi207 dnsmasq-dhcp[1559942]: DHCPOFFER(tap0b4cae98-0f) 10.1.0.3 fa:16:3e:6a:37:50
Oct 17 04:07:25.494161 podb-esxi207 dnsmasq-dhcp[1559942]: DHCPREQUEST(tap0b4cae98-0f) 10.1.0.3 fa:16:3e:6a:37:50
Oct 17 04:07:25.494192 podb-esxi207 dnsmasq-dhcp[1559942]: DHCPACK(tap0b4cae98-0f) 10.1.0.3 fa:16:3e:6a:37:50 host-10-1-0-3
Oct 17 04:07:43.666076 podb-esxi207 dnsmasq-dhcp[1564257]: DHCPRELEASE(tap89981638-c8) 10.1.0.10 fa:16:3e:25:a4:a7
Oct 17 04:07:43.683121 podb-esxi207 dnsmasq-dhcp[1564257]: DHCPRELEASE(tap89981638-c8) 10.1.0.10 fa:16:3e:25:a4:a7 unknown lease
Oct 17 04:07:44.508445 podb-esxi207 dnsmasq[1564257]: read /opt/stack/data/neutron/dhcp/80ffed8e-b80f-47bd-8ac9-70be4f0f648c/addn_hosts - 2 names
Oct 17 04:07:44.508577 podb-esxi207 dnsmasq-dhcp[1564257]: read /opt/stack/data/neutron/dhcp/80ffed8e-b80f-47bd-8ac9-70be4f0f648c/host
Oct 17 04:07:44.508745 podb-esxi207 dnsmasq-dhcp[1564257]: read /opt/stack/data/neutron/dhcp/80ffed8e-b80f-47bd-8ac9-70be4f0f648c/opts
Oct 17 04:08:06.424680 podb-esxi207 dnsmasq-dhcp[1562440]: DHCPRELEASE(tap1241db4b-91) 10.1.0.8 fa:16:3e:96:68:12
Oct 17 04:08:06.441927 podb-esxi207 dnsmasq-dhcp[1562440]: DHCPRELEASE(tap1241db4b-91) 10.1.0.8 fa:16:3e:96:68:12 unknown lease
Oct 17 04:08:07.271092 podb-esxi207 dnsmasq[1562440]: read /opt/stack/data/neutron/dhcp/2c6ea722-b8bb-49f3-848d-6bb647eb82ab/addn_hosts - 2 names
Oct 17 04:08:07.271219 podb-esxi207 dnsmasq-dhcp[1562440]: read /opt/stack/data/neutron/dhcp/2c6ea722-b8bb-49f3-848d-6bb647eb82ab/host
Oct 17 04:08:07.271341 podb-esxi207 dnsmasq-dhcp[1562440]: read /opt/stack/data/neutron/dhcp/2c6ea722-b8bb-49f3-848d-6bb647eb82ab/opts
Oct 17 04:08:08.734752 podb-esxi207 dnsmasq[1564257]: read /opt/stack/data/neutron/dhcp/80ffed8e-b80f-47bd-8ac9-70be4f0f648c/addn_hosts - 0 names
Oct 17 04:08:08.734851 podb-esxi207 dnsmasq-dhcp[1564257]: read /opt/stack/data/neutron/dhcp/80ffed8e-b80f-47bd-8ac9-70be4f0f648c/host
Oct 17 04:08:08.734957 podb-esxi207 dnsmasq-dhcp[1564257]: read /opt/stack/data/neutron/dhcp/80ffed8e-b80f-47bd-8ac9-70be4f0f648c/opts
Oct 17 04:08:09.600481 podb-esxi207 dnsmasq[1564257]: exiting on receipt of SIGTERM
Oct 17 04:08:10.724819 podb-esxi207 dnsmasq[1564561]: read /opt/stack/data/neutron/dhcp/58c84bd4-fffc-4923-8091-a0050d553a60/addn_hosts - 0 names
Oct 17 04:08:10.724896 podb-esxi207 dnsmasq-dhcp[1564561]: read /opt/stack/data/neutron/dhcp/58c84bd4-fffc-4923-8091-a0050d553a60/host
Oct 17 04:08:10.724950 podb-esxi207 dnsmasq-dhcp[1564561]: read /opt/stack/data/neutron/dhcp/58c84bd4-fffc-4923-8091-a0050d553a60/opts
Oct 17 04:08:11.489204 podb-esxi207 dnsmasq[1564561]: exiting on receipt of SIGTERM
Oct 17 04:08:25.795517 podb-esxi207 dnsmasq[1501494]: read /opt/stack/data/neutron/dhcp/f61ea903-e235-4408-ba1d-7ad4588b989a/addn_hosts - 2 names
Oct 17 04:08:25.795628 podb-esxi207 dnsmasq-dhcp[1501494]: read /opt/stack/data/neutron/dhcp/f61ea903-e235-4408-ba1d-7ad4588b989a/host
Oct 17 04:08:25.795716 podb-esxi207 dnsmasq-dhcp[1501494]: read /opt/stack/data/neutron/dhcp/f61ea903-e235-4408-ba1d-7ad4588b989a/opts
Oct 17 04:08:38.161456 podb-esxi207 dnsmasq[1501494]: read /opt/stack/data/neutron/dhcp/f61ea903-e235-4408-ba1d-7ad4588b989a/addn_hosts - 0 names
Oct 17 04:08:38.161574 podb-esxi207 dnsmasq-dhcp[1501494]: read /opt/stack/data/neutron/dhcp/f61ea903-e235-4408-ba1d-7ad4588b989a/host
Oct 17 04:08:38.161668 podb-esxi207 dnsmasq-dhcp[1501494]: read /opt/stack/data/neutron/dhcp/f61ea903-e235-4408-ba1d-7ad4588b989a/opts
Oct 17 04:09:04.153764 podb-esxi207 dnsmasq-dhcp[1559942]: DHCPRELEASE(tap0b4cae98-0f) 10.1.0.3 fa:16:3e:6a:37:50
Oct 17 04:09:04.171043 podb-esxi207 dnsmasq-dhcp[1559942]: DHCPRELEASE(tap0b4cae98-0f) 10.1.0.3 fa:16:3e:6a:37:50 unknown lease
Oct 17 04:09:04.996727 podb-esxi207 dnsmasq[1559942]: read /opt/stack/data/neutron/dhcp/200755a5-8951-4cca-9331-2af3d77756a6/addn_hosts - 2 names
Oct 17 04:09:04.996829 podb-esxi207 dnsmasq-dhcp[1559942]: read /opt/stack/data/neutron/dhcp/200755a5-8951-4cca-9331-2af3d77756a6/host
Oct 17 04:09:04.996900 podb-esxi207 dnsmasq-dhcp[1559942]: read /opt/stack/data/neutron/dhcp/200755a5-8951-4cca-9331-2af3d77756a6/opts
Oct 17 04:09:09.610613 podb-esxi207 dnsmasq-dhcp[1559942]: DHCPRELEASE(tap0b4cae98-0f) 10.1.0.1 fa:16:3e:b3:1c:5d
Oct 17 04:09:10.437142 podb-esxi207 dnsmasq[1559942]: read /opt/stack/data/neutron/dhcp/200755a5-8951-4cca-9331-2af3d77756a6/addn_hosts - 0 names
Oct 17 04:09:10.437216 podb-esxi207 dnsmasq-dhcp[1559942]: read /opt/stack/data/neutron/dhcp/200755a5-8951-4cca-9331-2af3d77756a6/host
Oct 17 04:09:10.437272 podb-esxi207 dnsmasq-dhcp[1559942]: read /opt/stack/data/neutron/dhcp/200755a5-8951-4cca-9331-2af3d77756a6/opts
Oct 17 04:09:11.192392 podb-esxi207 dnsmasq[1559942]: exiting on receipt of SIGTERM
Oct 17 04:09:11.804860 podb-esxi207 dnsmasq-dhcp[1560231]: DHCPRELEASE(tap6e73fbfa-02) 10.1.0.1 fa:16:3e:c5:fe:b7
Oct 17 04:09:12.630782 podb-esxi207 dnsmasq[1560231]: read /opt/stack/data/neutron/dhcp/9e1d79cd-bcee-4d59-b0e2-92f140e7b917/addn_hosts - 0 names
Oct 17 04:09:12.630857 podb-esxi207 dnsmasq-dhcp[1560231]: read /opt/stack/data/neutron/dhcp/9e1d79cd-bcee-4d59-b0e2-92f140e7b917/host
Oct 17 04:09:12.630912 podb-esxi207 dnsmasq-dhcp[1560231]: read /opt/stack/data/neutron/dhcp/9e1d79cd-bcee-4d59-b0e2-92f140e7b917/opts
Oct 17 04:09:13.390343 podb-esxi207 dnsmasq[1562440]: read /opt/stack/data/neutron/dhcp/2c6ea722-b8bb-49f3-848d-6bb647eb82ab/addn_hosts - 4 names
Oct 17 04:09:13.390496 podb-esxi207 dnsmasq-dhcp[1562440]: read /opt/stack/data/neutron/dhcp/2c6ea722-b8bb-49f3-848d-6bb647eb82ab/host
Oct 17 04:09:13.390619 podb-esxi207 dnsmasq-dhcp[1562440]: read /opt/stack/data/neutron/dhcp/2c6ea722-b8bb-49f3-848d-6bb647eb82ab/opts
Oct 17 04:09:13.639652 podb-esxi207 dnsmasq[1560231]: exiting on receipt of SIGTERM
Oct 17 04:09:41.243366 podb-esxi207 dnsmasq-dhcp[1562440]: DHCPDISCOVER(tap1241db4b-91) fa:16:3e:3a:fd:bd
Oct 17 04:09:41.243393 podb-esxi207 dnsmasq-dhcp[1562440]: DHCPOFFER(tap1241db4b-91) 10.1.0.14 fa:16:3e:3a:fd:bd
Oct 17 04:09:41.255502 podb-esxi207 dnsmasq-dhcp[1562440]: DHCPREQUEST(tap1241db4b-91) 10.1.0.14 fa:16:3e:3a:fd:bd
Oct 17 04:09:41.255537 podb-esxi207 dnsmasq-dhcp[1562440]: DHCPACK(tap1241db4b-91) 10.1.0.14 fa:16:3e:3a:fd:bd host-10-1-0-14
Oct 17 04:10:20.500111 podb-esxi207 dnsmasq-dhcp[1562440]: DHCPRELEASE(tap1241db4b-91) 10.1.0.14 fa:16:3e:3a:fd:bd
Oct 17 04:10:20.515586 podb-esxi207 dnsmasq-dhcp[1562440]: DHCPRELEASE(tap1241db4b-91) 10.1.0.14 fa:16:3e:3a:fd:bd unknown lease
Oct 17 04:10:21.342723 podb-esxi207 dnsmasq[1562440]: read /opt/stack/data/neutron/dhcp/2c6ea722-b8bb-49f3-848d-6bb647eb82ab/addn_hosts - 2 names
Oct 17 04:10:21.342846 podb-esxi207 dnsmasq-dhcp[1562440]: read /opt/stack/data/neutron/dhcp/2c6ea722-b8bb-49f3-848d-6bb647eb82ab/host
Oct 17 04:10:21.342961 podb-esxi207 dnsmasq-dhcp[1562440]: read /opt/stack/data/neutron/dhcp/2c6ea722-b8bb-49f3-848d-6bb647eb82ab/opts
Oct 17 04:10:34.133255 podb-esxi207 dnsmasq[1562440]: read /opt/stack/data/neutron/dhcp/2c6ea722-b8bb-49f3-848d-6bb647eb82ab/addn_hosts - 4 names
Oct 17 04:10:34.133397 podb-esxi207 dnsmasq-dhcp[1562440]: read /opt/stack/data/neutron/dhcp/2c6ea722-b8bb-49f3-848d-6bb647eb82ab/host
Oct 17 04:10:34.133513 podb-esxi207 dnsmasq-dhcp[1562440]: read /opt/stack/data/neutron/dhcp/2c6ea722-b8bb-49f3-848d-6bb647eb82ab/opts
Oct 17 04:11:06.982195 podb-esxi207 dnsmasq-dhcp[1562440]: DHCPDISCOVER(tap1241db4b-91) fa:16:3e:94:f0:69
Oct 17 04:11:06.982219 podb-esxi207 dnsmasq-dhcp[1562440]: DHCPOFFER(tap1241db4b-91) 10.1.0.9 fa:16:3e:94:f0:69
Oct 17 04:11:06.990070 podb-esxi207 dnsmasq-dhcp[1562440]: DHCPREQUEST(tap1241db4b-91) 10.1.0.9 fa:16:3e:94:f0:69
Oct 17 04:11:06.990099 podb-esxi207 dnsmasq-dhcp[1562440]: DHCPACK(tap1241db4b-91) 10.1.0.9 fa:16:3e:94:f0:69 host-10-1-0-9
Oct 17 04:12:11.925756 podb-esxi207 dnsmasq[1562440]: read /opt/stack/data/neutron/dhcp/2c6ea722-b8bb-49f3-848d-6bb647eb82ab/addn_hosts - 6 names
Oct 17 04:12:11.925867 podb-esxi207 dnsmasq-dhcp[1562440]: read /opt/stack/data/neutron/dhcp/2c6ea722-b8bb-49f3-848d-6bb647eb82ab/host
Oct 17 04:12:11.925937 podb-esxi207 dnsmasq-dhcp[1562440]: read /opt/stack/data/neutron/dhcp/2c6ea722-b8bb-49f3-848d-6bb647eb82ab/opts
Oct 17 04:12:44.247010 podb-esxi207 dnsmasq-dhcp[1562440]: DHCPDISCOVER(tap1241db4b-91) fa:16:3e:78:fd:6d
Oct 17 04:12:44.247034 podb-esxi207 dnsmasq-dhcp[1562440]: DHCPOFFER(tap1241db4b-91) 10.1.0.8 fa:16:3e:78:fd:6d
Oct 17 04:12:44.254761 podb-esxi207 dnsmasq-dhcp[1562440]: DHCPREQUEST(tap1241db4b-91) 10.1.0.8 fa:16:3e:78:fd:6d
Oct 17 04:12:44.254791 podb-esxi207 dnsmasq-dhcp[1562440]: DHCPACK(tap1241db4b-91) 10.1.0.8 fa:16:3e:78:fd:6d host-10-1-0-8
Oct 17 04:13:30.444881 podb-esxi207 dnsmasq-dhcp[1562440]: DHCPRELEASE(tap1241db4b-91) 10.1.0.8 fa:16:3e:78:fd:6d
Oct 17 04:13:30.462939 podb-esxi207 dnsmasq-dhcp[1562440]: DHCPRELEASE(tap1241db4b-91) 10.1.0.8 fa:16:3e:78:fd:6d unknown lease
Oct 17 04:13:31.287765 podb-esxi207 dnsmasq[1562440]: read /opt/stack/data/neutron/dhcp/2c6ea722-b8bb-49f3-848d-6bb647eb82ab/addn_hosts - 4 names
Oct 17 04:13:31.287905 podb-esxi207 dnsmasq-dhcp[1562440]: read /opt/stack/data/neutron/dhcp/2c6ea722-b8bb-49f3-848d-6bb647eb82ab/host
Oct 17 04:13:31.288020 podb-esxi207 dnsmasq-dhcp[1562440]: read /opt/stack/data/neutron/dhcp/2c6ea722-b8bb-49f3-848d-6bb647eb82ab/opts
Oct 17 04:13:53.667091 podb-esxi207 dnsmasq-dhcp[1562440]: DHCPRELEASE(tap1241db4b-91) 10.1.0.9 fa:16:3e:94:f0:69
Oct 17 04:13:53.683510 podb-esxi207 dnsmasq-dhcp[1562440]: DHCPRELEASE(tap1241db4b-91) 10.1.0.9 fa:16:3e:94:f0:69 unknown lease
Oct 17 04:13:54.507308 podb-esxi207 dnsmasq[1562440]: read /opt/stack/data/neutron/dhcp/2c6ea722-b8bb-49f3-848d-6bb647eb82ab/addn_hosts - 2 names
Oct 17 04:13:54.507387 podb-esxi207 dnsmasq-dhcp[1562440]: read /opt/stack/data/neutron/dhcp/2c6ea722-b8bb-49f3-848d-6bb647eb82ab/host
Oct 17 04:13:54.507459 podb-esxi207 dnsmasq-dhcp[1562440]: read /opt/stack/data/neutron/dhcp/2c6ea722-b8bb-49f3-848d-6bb647eb82ab/opts
Oct 17 04:14:09.150312 podb-esxi207 dnsmasq[1562440]: read /opt/stack/data/neutron/dhcp/2c6ea722-b8bb-49f3-848d-6bb647eb82ab/addn_hosts - 0 names
Oct 17 04:14:09.150421 podb-esxi207 dnsmasq-dhcp[1562440]: read /opt/stack/data/neutron/dhcp/2c6ea722-b8bb-49f3-848d-6bb647eb82ab/host
Oct 17 04:14:09.150523 podb-esxi207 dnsmasq-dhcp[1562440]: read /opt/stack/data/neutron/dhcp/2c6ea722-b8bb-49f3-848d-6bb647eb82ab/opts
Oct 17 04:14:10.342037 podb-esxi207 dnsmasq[1562440]: exiting on receipt of SIGTERM
Oct 17 04:14:11.463403 podb-esxi207 dnsmasq[1562738]: read /opt/stack/data/neutron/dhcp/f6388feb-9e46-4e57-87fb-1f145c2b7e2a/addn_hosts - 0 names
Oct 17 04:14:11.463507 podb-esxi207 dnsmasq-dhcp[1562738]: read /opt/stack/data/neutron/dhcp/f6388feb-9e46-4e57-87fb-1f145c2b7e2a/host
Oct 17 04:14:11.463605 podb-esxi207 dnsmasq-dhcp[1562738]: read /opt/stack/data/neutron/dhcp/f6388feb-9e46-4e57-87fb-1f145c2b7e2a/opts
Oct 17 04:14:12.223117 podb-esxi207 dnsmasq[1562738]: exiting on receipt of SIGTERM
Oct 17 04:16:14.943160 podb-esxi207 dnsmasq[1571125]: started, version 2.90 cachesize 150
Oct 17 04:16:14.943185 podb-esxi207 dnsmasq[1571125]: DNS service limited to local subnets
Oct 17 04:16:14.943200 podb-esxi207 dnsmasq[1571125]: compile time options: IPv6 GNU-getopt DBus no-UBus i18n IDN2 DHCP DHCPv6 no-Lua TFTP conntrack ipset no-nftset auth cryptohash DNSSEC loop-detect inotify dumpfile
Oct 17 04:16:14.943241 podb-esxi207 dnsmasq-dhcp[1571125]: DHCP, static leases only on 10.1.0.0, lease time 1d
Oct 17 04:16:14.943393 podb-esxi207 dnsmasq[1571125]: reading /etc/resolv.conf
Oct 17 04:16:14.943409 podb-esxi207 dnsmasq[1571125]: using nameserver 127.0.0.53#53
Oct 17 04:16:14.943489 podb-esxi207 dnsmasq[1571125]: read /opt/stack/data/neutron/dhcp/561752b2-4041-4271-8109-2110ac284fa1/addn_hosts - 0 names
Oct 17 04:16:14.943539 podb-esxi207 dnsmasq-dhcp[1571125]: read /opt/stack/data/neutron/dhcp/561752b2-4041-4271-8109-2110ac284fa1/host
Oct 17 04:16:14.943606 podb-esxi207 dnsmasq-dhcp[1571125]: read /opt/stack/data/neutron/dhcp/561752b2-4041-4271-8109-2110ac284fa1/opts
Oct 17 04:16:16.495585 podb-esxi207 dnsmasq[1571125]: read /opt/stack/data/neutron/dhcp/561752b2-4041-4271-8109-2110ac284fa1/addn_hosts - 2 names
Oct 17 04:16:16.495686 podb-esxi207 dnsmasq-dhcp[1571125]: read /opt/stack/data/neutron/dhcp/561752b2-4041-4271-8109-2110ac284fa1/host
Oct 17 04:16:16.495789 podb-esxi207 dnsmasq-dhcp[1571125]: read /opt/stack/data/neutron/dhcp/561752b2-4041-4271-8109-2110ac284fa1/opts
Oct 17 04:16:19.425677 podb-esxi207 dnsmasq[1571502]: started, version 2.90 cachesize 150
Oct 17 04:16:19.425703 podb-esxi207 dnsmasq[1571502]: DNS service limited to local subnets
Oct 17 04:16:19.425718 podb-esxi207 dnsmasq[1571502]: compile time options: IPv6 GNU-getopt DBus no-UBus i18n IDN2 DHCP DHCPv6 no-Lua TFTP conntrack ipset no-nftset auth cryptohash DNSSEC loop-detect inotify dumpfile
Oct 17 04:16:19.425755 podb-esxi207 dnsmasq-dhcp[1571502]: DHCP, static leases only on 10.1.0.0, lease time 1d
Oct 17 04:16:19.425911 podb-esxi207 dnsmasq[1571502]: reading /etc/resolv.conf
Oct 17 04:16:19.425927 podb-esxi207 dnsmasq[1571502]: using nameserver 127.0.0.53#53
Oct 17 04:16:19.426033 podb-esxi207 dnsmasq[1571502]: read /opt/stack/data/neutron/dhcp/35661b51-4183-442b-ad1c-bbd1192db087/addn_hosts - 2 names
Oct 17 04:16:19.426101 podb-esxi207 dnsmasq-dhcp[1571502]: read /opt/stack/data/neutron/dhcp/35661b51-4183-442b-ad1c-bbd1192db087/host
Oct 17 04:16:19.426178 podb-esxi207 dnsmasq-dhcp[1571502]: read /opt/stack/data/neutron/dhcp/35661b51-4183-442b-ad1c-bbd1192db087/opts
Oct 17 04:16:20.469738 podb-esxi207 dnsmasq[1571125]: read /opt/stack/data/neutron/dhcp/561752b2-4041-4271-8109-2110ac284fa1/addn_hosts - 2 names
Oct 17 04:16:20.469852 podb-esxi207 dnsmasq-dhcp[1571125]: read /opt/stack/data/neutron/dhcp/561752b2-4041-4271-8109-2110ac284fa1/host
Oct 17 04:16:20.469962 podb-esxi207 dnsmasq-dhcp[1571125]: read /opt/stack/data/neutron/dhcp/561752b2-4041-4271-8109-2110ac284fa1/opts
Oct 17 04:16:21.727355 podb-esxi207 dnsmasq[1571502]: read /opt/stack/data/neutron/dhcp/35661b51-4183-442b-ad1c-bbd1192db087/addn_hosts - 2 names
Oct 17 04:16:21.727442 podb-esxi207 dnsmasq-dhcp[1571502]: read /opt/stack/data/neutron/dhcp/35661b51-4183-442b-ad1c-bbd1192db087/host
Oct 17 04:16:21.727514 podb-esxi207 dnsmasq-dhcp[1571502]: read /opt/stack/data/neutron/dhcp/35661b51-4183-442b-ad1c-bbd1192db087/opts
Oct 17 04:16:22.981033 podb-esxi207 dnsmasq[1571125]: read /opt/stack/data/neutron/dhcp/561752b2-4041-4271-8109-2110ac284fa1/addn_hosts - 2 names
Oct 17 04:16:22.981139 podb-esxi207 dnsmasq-dhcp[1571125]: read /opt/stack/data/neutron/dhcp/561752b2-4041-4271-8109-2110ac284fa1/host
Oct 17 04:16:22.981245 podb-esxi207 dnsmasq-dhcp[1571125]: read /opt/stack/data/neutron/dhcp/561752b2-4041-4271-8109-2110ac284fa1/opts
Oct 17 04:16:23.722301 podb-esxi207 dnsmasq[1571502]: read /opt/stack/data/neutron/dhcp/35661b51-4183-442b-ad1c-bbd1192db087/addn_hosts - 2 names
Oct 17 04:16:23.722407 podb-esxi207 dnsmasq-dhcp[1571502]: read /opt/stack/data/neutron/dhcp/35661b51-4183-442b-ad1c-bbd1192db087/host
Oct 17 04:16:23.722512 podb-esxi207 dnsmasq-dhcp[1571502]: read /opt/stack/data/neutron/dhcp/35661b51-4183-442b-ad1c-bbd1192db087/opts
Oct 17 04:16:24.971801 podb-esxi207 dnsmasq[1571502]: read /opt/stack/data/neutron/dhcp/35661b51-4183-442b-ad1c-bbd1192db087/addn_hosts - 2 names
Oct 17 04:16:24.971890 podb-esxi207 dnsmasq-dhcp[1571502]: read /opt/stack/data/neutron/dhcp/35661b51-4183-442b-ad1c-bbd1192db087/host
Oct 17 04:16:24.971998 podb-esxi207 dnsmasq-dhcp[1571502]: read /opt/stack/data/neutron/dhcp/35661b51-4183-442b-ad1c-bbd1192db087/opts
Oct 17 04:17:29.774102 podb-esxi207 dnsmasq[1571125]: read /opt/stack/data/neutron/dhcp/561752b2-4041-4271-8109-2110ac284fa1/addn_hosts - 0 names
Oct 17 04:17:29.774200 podb-esxi207 dnsmasq-dhcp[1571125]: read /opt/stack/data/neutron/dhcp/561752b2-4041-4271-8109-2110ac284fa1/host
Oct 17 04:17:29.774291 podb-esxi207 dnsmasq-dhcp[1571125]: read /opt/stack/data/neutron/dhcp/561752b2-4041-4271-8109-2110ac284fa1/opts
Oct 17 04:17:30.593081 podb-esxi207 dnsmasq[1571125]: exiting on receipt of SIGTERM
Oct 17 04:17:31.196077 podb-esxi207 dnsmasq-dhcp[1571502]: DHCPRELEASE(tap8a8f1b60-d7) 10.1.0.1 fa:16:3e:d4:eb:d5
Oct 17 04:17:32.020550 podb-esxi207 dnsmasq[1571502]: read /opt/stack/data/neutron/dhcp/35661b51-4183-442b-ad1c-bbd1192db087/addn_hosts - 0 names
Oct 17 04:17:32.020622 podb-esxi207 dnsmasq-dhcp[1571502]: read /opt/stack/data/neutron/dhcp/35661b51-4183-442b-ad1c-bbd1192db087/host
Oct 17 04:17:32.020714 podb-esxi207 dnsmasq-dhcp[1571502]: read /opt/stack/data/neutron/dhcp/35661b51-4183-442b-ad1c-bbd1192db087/opts
Oct 17 04:17:32.270566 podb-esxi207 dnsmasq[1571502]: exiting on receipt of SIGTERM
