Oct 17 03:15:11.233588 podb-esxi207 systemd[1]: Started Devstack devstack@q-dhcp.service.
Oct 17 03:15:11.668693 podb-esxi207 neutron-dhcp-agent[1486455]: This program is using eventlet and has been monkey_patched
Oct 17 03:15:29.078987 podb-esxi207 sudo[1488579]:    stack : PWD=/ ; USER=root ; COMMAND=/opt/stack/data/venv/bin/neutron-rootwrap /etc/neutron/rootwrap.conf privsep-helper --config-file /etc/neutron/neutron.conf --config-file /etc/neutron/dhcp_agent.ini --privsep_context neutron.privileged.default --privsep_sock_path /tmp/tmpwzxok6ti/privsep.sock
Oct 17 03:15:29.080127 podb-esxi207 sudo[1488579]: pam_unix(sudo:session): session opened for user root(uid=0) by (uid=1001)
Oct 17 03:15:29.873997 podb-esxi207 sudo[1488579]: pam_unix(sudo:session): session closed for user root
Oct 17 03:15:30.916670 podb-esxi207 sudo[1488623]:    stack : PWD=/ ; USER=root ; COMMAND=/opt/stack/data/venv/bin/neutron-rootwrap /etc/neutron/rootwrap.conf privsep-helper --config-file /etc/neutron/neutron.conf --config-file /etc/neutron/dhcp_agent.ini --privsep_context neutron.privileged.namespace_cmd --privsep_sock_path /tmp/tmpscwvb34l/privsep.sock
Oct 17 03:15:30.917790 podb-esxi207 sudo[1488623]: pam_unix(sudo:session): session opened for user root(uid=0) by (uid=1001)
Oct 17 03:15:31.709834 podb-esxi207 sudo[1488623]: pam_unix(sudo:session): session closed for user root
Oct 17 03:15:32.836135 podb-esxi207 sudo[1488667]:    stack : PWD=/ ; USER=root ; COMMAND=/opt/stack/data/venv/bin/neutron-rootwrap /etc/neutron/rootwrap.conf privsep-helper --config-file /etc/neutron/neutron.conf --config-file /etc/neutron/dhcp_agent.ini --privsep_context neutron.privileged.link_cmd --privsep_sock_path /tmp/tmp03qk_bpx/privsep.sock
Oct 17 03:15:32.837253 podb-esxi207 sudo[1488667]: pam_unix(sudo:session): session opened for user root(uid=0) by (uid=1001)
Oct 17 03:15:33.615208 podb-esxi207 sudo[1488667]: pam_unix(sudo:session): session closed for user root
Oct 17 03:15:36.163386 podb-esxi207 sudo[1488780]:    stack : PWD=/ ; USER=root ; COMMAND=/opt/stack/data/venv/bin/neutron-rootwrap-daemon /etc/neutron/rootwrap.conf
Oct 17 03:15:36.164533 podb-esxi207 sudo[1488780]: pam_unix(sudo:session): session opened for user root(uid=0) by (uid=1001)
Oct 17 03:15:36.445032 podb-esxi207 dnsmasq[1488792]: started, version 2.90 cachesize 150
Oct 17 03:15:36.445058 podb-esxi207 dnsmasq[1488792]: DNS service limited to local subnets
Oct 17 03:15:36.445073 podb-esxi207 dnsmasq[1488792]: compile time options: IPv6 GNU-getopt DBus no-UBus i18n IDN2 DHCP DHCPv6 no-Lua TFTP conntrack ipset no-nftset auth cryptohash DNSSEC loop-detect inotify dumpfile
Oct 17 03:15:36.445114 podb-esxi207 dnsmasq-dhcp[1488792]: DHCP, static leases only on 10.1.0.0, lease time 1d
Oct 17 03:15:36.445267 podb-esxi207 dnsmasq[1488792]: reading /etc/resolv.conf
Oct 17 03:15:36.445284 podb-esxi207 dnsmasq[1488792]: using nameserver 127.0.0.53#53
Oct 17 03:15:36.445377 podb-esxi207 dnsmasq[1488792]: read /opt/stack/data/neutron/dhcp/9c7cdc44-9635-40b7-874b-e09e1eba520a/addn_hosts - 0 names
Oct 17 03:15:36.445429 podb-esxi207 dnsmasq-dhcp[1488792]: read /opt/stack/data/neutron/dhcp/9c7cdc44-9635-40b7-874b-e09e1eba520a/host
Oct 17 03:15:36.445493 podb-esxi207 dnsmasq-dhcp[1488792]: read /opt/stack/data/neutron/dhcp/9c7cdc44-9635-40b7-874b-e09e1eba520a/opts
Oct 17 03:15:37.990712 podb-esxi207 dnsmasq[1488792]: read /opt/stack/data/neutron/dhcp/9c7cdc44-9635-40b7-874b-e09e1eba520a/addn_hosts - 0 names
Oct 17 03:15:37.990786 podb-esxi207 dnsmasq-dhcp[1488792]: read /opt/stack/data/neutron/dhcp/9c7cdc44-9635-40b7-874b-e09e1eba520a/host
Oct 17 03:15:37.990855 podb-esxi207 dnsmasq-dhcp[1488792]: read /opt/stack/data/neutron/dhcp/9c7cdc44-9635-40b7-874b-e09e1eba520a/opts
Oct 17 03:15:41.738026 podb-esxi207 dnsmasq[1488792]: read /opt/stack/data/neutron/dhcp/9c7cdc44-9635-40b7-874b-e09e1eba520a/addn_hosts - 2 names
Oct 17 03:15:41.738110 podb-esxi207 dnsmasq-dhcp[1488792]: read /opt/stack/data/neutron/dhcp/9c7cdc44-9635-40b7-874b-e09e1eba520a/host
Oct 17 03:15:41.738202 podb-esxi207 dnsmasq-dhcp[1488792]: read /opt/stack/data/neutron/dhcp/9c7cdc44-9635-40b7-874b-e09e1eba520a/opts
Oct 17 03:15:42.990231 podb-esxi207 dnsmasq[1488792]: read /opt/stack/data/neutron/dhcp/9c7cdc44-9635-40b7-874b-e09e1eba520a/addn_hosts - 2 names
Oct 17 03:15:42.990325 podb-esxi207 dnsmasq-dhcp[1488792]: read /opt/stack/data/neutron/dhcp/9c7cdc44-9635-40b7-874b-e09e1eba520a/host
Oct 17 03:15:42.990410 podb-esxi207 dnsmasq-dhcp[1488792]: read /opt/stack/data/neutron/dhcp/9c7cdc44-9635-40b7-874b-e09e1eba520a/opts
Oct 17 03:17:37.257808 podb-esxi207 dnsmasq[1501494]: started, version 2.90 cachesize 150
Oct 17 03:17:37.257832 podb-esxi207 dnsmasq[1501494]: DNS service limited to local subnets
Oct 17 03:17:37.257848 podb-esxi207 dnsmasq[1501494]: compile time options: IPv6 GNU-getopt DBus no-UBus i18n IDN2 DHCP DHCPv6 no-Lua TFTP conntrack ipset no-nftset auth cryptohash DNSSEC loop-detect inotify dumpfile
Oct 17 03:17:37.257888 podb-esxi207 dnsmasq-dhcp[1501494]: DHCP, static leases only on 192.168.233.0, lease time 1d
Oct 17 03:17:37.258042 podb-esxi207 dnsmasq[1501494]: reading /etc/resolv.conf
Oct 17 03:17:37.258058 podb-esxi207 dnsmasq[1501494]: using nameserver 127.0.0.53#53
Oct 17 03:17:37.258145 podb-esxi207 dnsmasq[1501494]: read /opt/stack/data/neutron/dhcp/f61ea903-e235-4408-ba1d-7ad4588b989a/addn_hosts - 0 names
Oct 17 03:17:37.258195 podb-esxi207 dnsmasq-dhcp[1501494]: read /opt/stack/data/neutron/dhcp/f61ea903-e235-4408-ba1d-7ad4588b989a/host
Oct 17 03:17:37.258265 podb-esxi207 dnsmasq-dhcp[1501494]: read /opt/stack/data/neutron/dhcp/f61ea903-e235-4408-ba1d-7ad4588b989a/opts
Oct 17 03:17:38.801874 podb-esxi207 dnsmasq[1501494]: read /opt/stack/data/neutron/dhcp/f61ea903-e235-4408-ba1d-7ad4588b989a/addn_hosts - 0 names
Oct 17 03:17:38.801945 podb-esxi207 dnsmasq-dhcp[1501494]: read /opt/stack/data/neutron/dhcp/f61ea903-e235-4408-ba1d-7ad4588b989a/host
Oct 17 03:17:38.802026 podb-esxi207 dnsmasq-dhcp[1501494]: read /opt/stack/data/neutron/dhcp/f61ea903-e235-4408-ba1d-7ad4588b989a/opts
Oct 17 03:24:23.263050 podb-esxi207 dnsmasq[1507614]: started, version 2.90 cachesize 150
Oct 17 03:24:23.263074 podb-esxi207 dnsmasq[1507614]: DNS service limited to local subnets
Oct 17 03:24:23.263089 podb-esxi207 dnsmasq[1507614]: compile time options: IPv6 GNU-getopt DBus no-UBus i18n IDN2 DHCP DHCPv6 no-Lua TFTP conntrack ipset no-nftset auth cryptohash DNSSEC loop-detect inotify dumpfile
Oct 17 03:24:23.263132 podb-esxi207 dnsmasq-dhcp[1507614]: DHCP, static leases only on 10.1.0.0, lease time 1d
Oct 17 03:24:23.263290 podb-esxi207 dnsmasq[1507614]: reading /etc/resolv.conf
Oct 17 03:24:23.263306 podb-esxi207 dnsmasq[1507614]: using nameserver 127.0.0.53#53
Oct 17 03:24:23.263394 podb-esxi207 dnsmasq[1507614]: read /opt/stack/data/neutron/dhcp/82c1a9ce-7351-4c3a-a2fd-9e388f5c55ac/addn_hosts - 0 names
Oct 17 03:24:23.263447 podb-esxi207 dnsmasq-dhcp[1507614]: read /opt/stack/data/neutron/dhcp/82c1a9ce-7351-4c3a-a2fd-9e388f5c55ac/host
Oct 17 03:24:23.263505 podb-esxi207 dnsmasq-dhcp[1507614]: read /opt/stack/data/neutron/dhcp/82c1a9ce-7351-4c3a-a2fd-9e388f5c55ac/opts
Oct 17 03:24:26.548989 podb-esxi207 dnsmasq[1508074]: started, version 2.90 cachesize 150
Oct 17 03:24:26.549020 podb-esxi207 dnsmasq[1508074]: DNS service limited to local subnets
Oct 17 03:24:26.549036 podb-esxi207 dnsmasq[1508074]: compile time options: IPv6 GNU-getopt DBus no-UBus i18n IDN2 DHCP DHCPv6 no-Lua TFTP conntrack ipset no-nftset auth cryptohash DNSSEC loop-detect inotify dumpfile
Oct 17 03:24:26.549079 podb-esxi207 dnsmasq-dhcp[1508074]: DHCP, static leases only on 10.1.0.0, lease time 1d
Oct 17 03:24:26.549243 podb-esxi207 dnsmasq[1508074]: reading /etc/resolv.conf
Oct 17 03:24:26.549260 podb-esxi207 dnsmasq[1508074]: using nameserver 127.0.0.53#53
Oct 17 03:24:26.549385 podb-esxi207 dnsmasq[1508074]: read /opt/stack/data/neutron/dhcp/8face959-1ac8-4488-abe3-ce7bd1e08c7f/addn_hosts - 2 names
Oct 17 03:24:26.549452 podb-esxi207 dnsmasq-dhcp[1508074]: read /opt/stack/data/neutron/dhcp/8face959-1ac8-4488-abe3-ce7bd1e08c7f/host
Oct 17 03:24:26.549518 podb-esxi207 dnsmasq-dhcp[1508074]: read /opt/stack/data/neutron/dhcp/8face959-1ac8-4488-abe3-ce7bd1e08c7f/opts
Oct 17 03:24:29.731578 podb-esxi207 dnsmasq[1508698]: started, version 2.90 cachesize 150
Oct 17 03:24:29.731603 podb-esxi207 dnsmasq[1508698]: DNS service limited to local subnets
Oct 17 03:24:29.731620 podb-esxi207 dnsmasq[1508698]: compile time options: IPv6 GNU-getopt DBus no-UBus i18n IDN2 DHCP DHCPv6 no-Lua TFTP conntrack ipset no-nftset auth cryptohash DNSSEC loop-detect inotify dumpfile
Oct 17 03:24:29.731661 podb-esxi207 dnsmasq-dhcp[1508698]: DHCP, static leases only on 10.1.0.0, lease time 1d
Oct 17 03:24:29.731829 podb-esxi207 dnsmasq[1508698]: reading /etc/resolv.conf
Oct 17 03:24:29.731846 podb-esxi207 dnsmasq[1508698]: using nameserver 127.0.0.53#53
Oct 17 03:24:29.731962 podb-esxi207 dnsmasq[1508698]: read /opt/stack/data/neutron/dhcp/5092ed7a-bd70-4038-86fd-05fd28eed14e/addn_hosts - 2 names
Oct 17 03:24:29.732032 podb-esxi207 dnsmasq-dhcp[1508698]: read /opt/stack/data/neutron/dhcp/5092ed7a-bd70-4038-86fd-05fd28eed14e/host
Oct 17 03:24:29.732103 podb-esxi207 dnsmasq-dhcp[1508698]: read /opt/stack/data/neutron/dhcp/5092ed7a-bd70-4038-86fd-05fd28eed14e/opts
Oct 17 03:24:32.950085 podb-esxi207 dnsmasq[1509684]: started, version 2.90 cachesize 150
Oct 17 03:24:32.950108 podb-esxi207 dnsmasq[1509684]: DNS service limited to local subnets
Oct 17 03:24:32.950123 podb-esxi207 dnsmasq[1509684]: compile time options: IPv6 GNU-getopt DBus no-UBus i18n IDN2 DHCP DHCPv6 no-Lua TFTP conntrack ipset no-nftset auth cryptohash DNSSEC loop-detect inotify dumpfile
Oct 17 03:24:32.950159 podb-esxi207 dnsmasq-dhcp[1509684]: DHCP, static leases only on 10.1.0.0, lease time 1d
Oct 17 03:24:32.950308 podb-esxi207 dnsmasq[1509684]: reading /etc/resolv.conf
Oct 17 03:24:32.950325 podb-esxi207 dnsmasq[1509684]: using nameserver 127.0.0.53#53
Oct 17 03:24:32.950438 podb-esxi207 dnsmasq[1509684]: read /opt/stack/data/neutron/dhcp/dcd00fda-80c5-4106-9fa0-01592eaccd83/addn_hosts - 2 names
Oct 17 03:24:32.950494 podb-esxi207 dnsmasq-dhcp[1509684]: read /opt/stack/data/neutron/dhcp/dcd00fda-80c5-4106-9fa0-01592eaccd83/host
Oct 17 03:24:32.950560 podb-esxi207 dnsmasq-dhcp[1509684]: read /opt/stack/data/neutron/dhcp/dcd00fda-80c5-4106-9fa0-01592eaccd83/opts
Oct 17 03:24:33.991400 podb-esxi207 dnsmasq[1507614]: read /opt/stack/data/neutron/dhcp/82c1a9ce-7351-4c3a-a2fd-9e388f5c55ac/addn_hosts - 2 names
Oct 17 03:24:33.991517 podb-esxi207 dnsmasq-dhcp[1507614]: read /opt/stack/data/neutron/dhcp/82c1a9ce-7351-4c3a-a2fd-9e388f5c55ac/host
Oct 17 03:24:33.991641 podb-esxi207 dnsmasq-dhcp[1507614]: read /opt/stack/data/neutron/dhcp/82c1a9ce-7351-4c3a-a2fd-9e388f5c55ac/opts
Oct 17 03:24:37.438863 podb-esxi207 dnsmasq[1510156]: started, version 2.90 cachesize 150
Oct 17 03:24:37.438888 podb-esxi207 dnsmasq[1510156]: DNS service limited to local subnets
Oct 17 03:24:37.438904 podb-esxi207 dnsmasq[1510156]: compile time options: IPv6 GNU-getopt DBus no-UBus i18n IDN2 DHCP DHCPv6 no-Lua TFTP conntrack ipset no-nftset auth cryptohash DNSSEC loop-detect inotify dumpfile
Oct 17 03:24:37.438939 podb-esxi207 dnsmasq-dhcp[1510156]: DHCP, static leases only on 10.1.0.0, lease time 1d
Oct 17 03:24:37.439097 podb-esxi207 dnsmasq[1510156]: reading /etc/resolv.conf
Oct 17 03:24:37.439114 podb-esxi207 dnsmasq[1510156]: using nameserver 127.0.0.53#53
Oct 17 03:24:37.439235 podb-esxi207 dnsmasq[1510156]: read /opt/stack/data/neutron/dhcp/5cf44e97-798c-4bec-9229-980134272cd8/addn_hosts - 2 names
Oct 17 03:24:37.439303 podb-esxi207 dnsmasq-dhcp[1510156]: read /opt/stack/data/neutron/dhcp/5cf44e97-798c-4bec-9229-980134272cd8/host
Oct 17 03:24:37.439383 podb-esxi207 dnsmasq-dhcp[1510156]: read /opt/stack/data/neutron/dhcp/5cf44e97-798c-4bec-9229-980134272cd8/opts
Oct 17 03:24:40.058376 podb-esxi207 dnsmasq[1510276]: started, version 2.90 cachesize 150
Oct 17 03:24:40.058400 podb-esxi207 dnsmasq[1510276]: DNS service limited to local subnets
Oct 17 03:24:40.058415 podb-esxi207 dnsmasq[1510276]: compile time options: IPv6 GNU-getopt DBus no-UBus i18n IDN2 DHCP DHCPv6 no-Lua TFTP conntrack ipset no-nftset auth cryptohash DNSSEC loop-detect inotify dumpfile
Oct 17 03:24:40.058451 podb-esxi207 dnsmasq-dhcp[1510276]: DHCP, static leases only on 10.1.0.0, lease time 1d
Oct 17 03:24:40.058608 podb-esxi207 dnsmasq[1510276]: reading /etc/resolv.conf
Oct 17 03:24:40.058625 podb-esxi207 dnsmasq[1510276]: using nameserver 127.0.0.53#53
Oct 17 03:24:40.058735 podb-esxi207 dnsmasq[1510276]: read /opt/stack/data/neutron/dhcp/6e9d60c2-e13a-4f33-b254-fb4a319a8ecd/addn_hosts - 2 names
Oct 17 03:24:40.058799 podb-esxi207 dnsmasq-dhcp[1510276]: read /opt/stack/data/neutron/dhcp/6e9d60c2-e13a-4f33-b254-fb4a319a8ecd/host
Oct 17 03:24:40.058872 podb-esxi207 dnsmasq-dhcp[1510276]: read /opt/stack/data/neutron/dhcp/6e9d60c2-e13a-4f33-b254-fb4a319a8ecd/opts
Oct 17 03:24:41.599299 podb-esxi207 dnsmasq[1508074]: read /opt/stack/data/neutron/dhcp/8face959-1ac8-4488-abe3-ce7bd1e08c7f/addn_hosts - 2 names
Oct 17 03:24:41.599421 podb-esxi207 dnsmasq-dhcp[1508074]: read /opt/stack/data/neutron/dhcp/8face959-1ac8-4488-abe3-ce7bd1e08c7f/host
Oct 17 03:24:41.599534 podb-esxi207 dnsmasq-dhcp[1508074]: read /opt/stack/data/neutron/dhcp/8face959-1ac8-4488-abe3-ce7bd1e08c7f/opts
Oct 17 03:24:42.857097 podb-esxi207 dnsmasq[1508698]: read /opt/stack/data/neutron/dhcp/5092ed7a-bd70-4038-86fd-05fd28eed14e/addn_hosts - 2 names
Oct 17 03:24:42.857189 podb-esxi207 dnsmasq-dhcp[1508698]: read /opt/stack/data/neutron/dhcp/5092ed7a-bd70-4038-86fd-05fd28eed14e/host
Oct 17 03:24:42.857259 podb-esxi207 dnsmasq-dhcp[1508698]: read /opt/stack/data/neutron/dhcp/5092ed7a-bd70-4038-86fd-05fd28eed14e/opts
Oct 17 03:24:44.152117 podb-esxi207 dnsmasq[1507614]: read /opt/stack/data/neutron/dhcp/82c1a9ce-7351-4c3a-a2fd-9e388f5c55ac/addn_hosts - 2 names
Oct 17 03:24:44.152211 podb-esxi207 dnsmasq-dhcp[1507614]: read /opt/stack/data/neutron/dhcp/82c1a9ce-7351-4c3a-a2fd-9e388f5c55ac/host
Oct 17 03:24:44.152309 podb-esxi207 dnsmasq-dhcp[1507614]: read /opt/stack/data/neutron/dhcp/82c1a9ce-7351-4c3a-a2fd-9e388f5c55ac/opts
Oct 17 03:24:46.385620 podb-esxi207 dnsmasq[1510156]: read /opt/stack/data/neutron/dhcp/5cf44e97-798c-4bec-9229-980134272cd8/addn_hosts - 2 names
Oct 17 03:24:46.385768 podb-esxi207 dnsmasq-dhcp[1510156]: read /opt/stack/data/neutron/dhcp/5cf44e97-798c-4bec-9229-980134272cd8/host
Oct 17 03:24:46.385897 podb-esxi207 dnsmasq-dhcp[1510156]: read /opt/stack/data/neutron/dhcp/5cf44e97-798c-4bec-9229-980134272cd8/opts
Oct 17 03:24:47.641913 podb-esxi207 dnsmasq[1510276]: read /opt/stack/data/neutron/dhcp/6e9d60c2-e13a-4f33-b254-fb4a319a8ecd/addn_hosts - 2 names
Oct 17 03:24:47.642032 podb-esxi207 dnsmasq-dhcp[1510276]: read /opt/stack/data/neutron/dhcp/6e9d60c2-e13a-4f33-b254-fb4a319a8ecd/host
Oct 17 03:24:47.642132 podb-esxi207 dnsmasq-dhcp[1510276]: read /opt/stack/data/neutron/dhcp/6e9d60c2-e13a-4f33-b254-fb4a319a8ecd/opts
Oct 17 03:24:48.901886 podb-esxi207 dnsmasq[1508074]: read /opt/stack/data/neutron/dhcp/8face959-1ac8-4488-abe3-ce7bd1e08c7f/addn_hosts - 2 names
Oct 17 03:24:48.901997 podb-esxi207 dnsmasq-dhcp[1508074]: read /opt/stack/data/neutron/dhcp/8face959-1ac8-4488-abe3-ce7bd1e08c7f/host
Oct 17 03:24:48.902118 podb-esxi207 dnsmasq-dhcp[1508074]: read /opt/stack/data/neutron/dhcp/8face959-1ac8-4488-abe3-ce7bd1e08c7f/opts
Oct 17 03:24:49.651363 podb-esxi207 dnsmasq[1508698]: read /opt/stack/data/neutron/dhcp/5092ed7a-bd70-4038-86fd-05fd28eed14e/addn_hosts - 2 names
Oct 17 03:24:49.651457 podb-esxi207 dnsmasq-dhcp[1508698]: read /opt/stack/data/neutron/dhcp/5092ed7a-bd70-4038-86fd-05fd28eed14e/host
Oct 17 03:24:49.651584 podb-esxi207 dnsmasq-dhcp[1508698]: read /opt/stack/data/neutron/dhcp/5092ed7a-bd70-4038-86fd-05fd28eed14e/opts
Oct 17 03:24:50.393963 podb-esxi207 dnsmasq[1509684]: read /opt/stack/data/neutron/dhcp/dcd00fda-80c5-4106-9fa0-01592eaccd83/addn_hosts - 2 names
Oct 17 03:24:50.394072 podb-esxi207 dnsmasq-dhcp[1509684]: read /opt/stack/data/neutron/dhcp/dcd00fda-80c5-4106-9fa0-01592eaccd83/host
Oct 17 03:24:50.394141 podb-esxi207 dnsmasq-dhcp[1509684]: read /opt/stack/data/neutron/dhcp/dcd00fda-80c5-4106-9fa0-01592eaccd83/opts
Oct 17 03:24:51.145610 podb-esxi207 dnsmasq[1507614]: read /opt/stack/data/neutron/dhcp/82c1a9ce-7351-4c3a-a2fd-9e388f5c55ac/addn_hosts - 2 names
Oct 17 03:24:51.145691 podb-esxi207 dnsmasq-dhcp[1507614]: read /opt/stack/data/neutron/dhcp/82c1a9ce-7351-4c3a-a2fd-9e388f5c55ac/host
Oct 17 03:24:51.145764 podb-esxi207 dnsmasq-dhcp[1507614]: read /opt/stack/data/neutron/dhcp/82c1a9ce-7351-4c3a-a2fd-9e388f5c55ac/opts
Oct 17 03:24:54.973332 podb-esxi207 dnsmasq[1511371]: started, version 2.90 cachesize 150
Oct 17 03:24:54.973356 podb-esxi207 dnsmasq[1511371]: DNS service limited to local subnets
Oct 17 03:24:54.973371 podb-esxi207 dnsmasq[1511371]: compile time options: IPv6 GNU-getopt DBus no-UBus i18n IDN2 DHCP DHCPv6 no-Lua TFTP conntrack ipset no-nftset auth cryptohash DNSSEC loop-detect inotify dumpfile
Oct 17 03:24:54.973416 podb-esxi207 dnsmasq-dhcp[1511371]: DHCP, static leases only on 10.1.0.0, lease time 1d
Oct 17 03:24:54.973567 podb-esxi207 dnsmasq[1511371]: reading /etc/resolv.conf
Oct 17 03:24:54.973583 podb-esxi207 dnsmasq[1511371]: using nameserver 127.0.0.53#53
Oct 17 03:24:54.973692 podb-esxi207 dnsmasq[1511371]: read /opt/stack/data/neutron/dhcp/be325834-7919-483f-9287-59e6f38479af/addn_hosts - 2 names
Oct 17 03:24:54.973745 podb-esxi207 dnsmasq-dhcp[1511371]: read /opt/stack/data/neutron/dhcp/be325834-7919-483f-9287-59e6f38479af/host
Oct 17 03:24:54.973809 podb-esxi207 dnsmasq-dhcp[1511371]: read /opt/stack/data/neutron/dhcp/be325834-7919-483f-9287-59e6f38479af/opts
Oct 17 03:24:57.501817 podb-esxi207 dnsmasq[1511456]: started, version 2.90 cachesize 150
Oct 17 03:24:57.501839 podb-esxi207 dnsmasq[1511456]: DNS service limited to local subnets
Oct 17 03:24:57.501853 podb-esxi207 dnsmasq[1511456]: compile time options: IPv6 GNU-getopt DBus no-UBus i18n IDN2 DHCP DHCPv6 no-Lua TFTP conntrack ipset no-nftset auth cryptohash DNSSEC loop-detect inotify dumpfile
Oct 17 03:24:57.501887 podb-esxi207 dnsmasq-dhcp[1511456]: DHCP, static leases only on 10.1.0.0, lease time 1d
Oct 17 03:24:57.502032 podb-esxi207 dnsmasq[1511456]: reading /etc/resolv.conf
Oct 17 03:24:57.502049 podb-esxi207 dnsmasq[1511456]: using nameserver 127.0.0.53#53
Oct 17 03:24:57.502166 podb-esxi207 dnsmasq[1511456]: read /opt/stack/data/neutron/dhcp/c9d4a335-5e6a-451c-ab5d-9304ef649c82/addn_hosts - 2 names
Oct 17 03:24:57.502228 podb-esxi207 dnsmasq-dhcp[1511456]: read /opt/stack/data/neutron/dhcp/c9d4a335-5e6a-451c-ab5d-9304ef649c82/host
Oct 17 03:24:57.502293 podb-esxi207 dnsmasq-dhcp[1511456]: read /opt/stack/data/neutron/dhcp/c9d4a335-5e6a-451c-ab5d-9304ef649c82/opts
Oct 17 03:25:00.036031 podb-esxi207 dnsmasq[1511528]: started, version 2.90 cachesize 150
Oct 17 03:25:00.036055 podb-esxi207 dnsmasq[1511528]: DNS service limited to local subnets
Oct 17 03:25:00.036070 podb-esxi207 dnsmasq[1511528]: compile time options: IPv6 GNU-getopt DBus no-UBus i18n IDN2 DHCP DHCPv6 no-Lua TFTP conntrack ipset no-nftset auth cryptohash DNSSEC loop-detect inotify dumpfile
Oct 17 03:25:00.036110 podb-esxi207 dnsmasq-dhcp[1511528]: DHCP, static leases only on 10.1.0.0, lease time 1d
Oct 17 03:25:00.036253 podb-esxi207 dnsmasq[1511528]: reading /etc/resolv.conf
Oct 17 03:25:00.036270 podb-esxi207 dnsmasq[1511528]: using nameserver 127.0.0.53#53
Oct 17 03:25:00.036376 podb-esxi207 dnsmasq[1511528]: read /opt/stack/data/neutron/dhcp/f6a7ad5e-c6b8-4dee-8361-8fddbdf90cf0/addn_hosts - 2 names
Oct 17 03:25:00.036429 podb-esxi207 dnsmasq-dhcp[1511528]: read /opt/stack/data/neutron/dhcp/f6a7ad5e-c6b8-4dee-8361-8fddbdf90cf0/host
Oct 17 03:25:00.036503 podb-esxi207 dnsmasq-dhcp[1511528]: read /opt/stack/data/neutron/dhcp/f6a7ad5e-c6b8-4dee-8361-8fddbdf90cf0/opts
Oct 17 03:25:00.567591 podb-esxi207 dnsmasq[1508074]: read /opt/stack/data/neutron/dhcp/8face959-1ac8-4488-abe3-ce7bd1e08c7f/addn_hosts - 2 names
Oct 17 03:25:00.567694 podb-esxi207 dnsmasq-dhcp[1508074]: read /opt/stack/data/neutron/dhcp/8face959-1ac8-4488-abe3-ce7bd1e08c7f/host
Oct 17 03:25:00.567804 podb-esxi207 dnsmasq-dhcp[1508074]: read /opt/stack/data/neutron/dhcp/8face959-1ac8-4488-abe3-ce7bd1e08c7f/opts
Oct 17 03:25:01.292686 podb-esxi207 dnsmasq[1508698]: read /opt/stack/data/neutron/dhcp/5092ed7a-bd70-4038-86fd-05fd28eed14e/addn_hosts - 2 names
Oct 17 03:25:01.292772 podb-esxi207 dnsmasq-dhcp[1508698]: read /opt/stack/data/neutron/dhcp/5092ed7a-bd70-4038-86fd-05fd28eed14e/host
Oct 17 03:25:01.292851 podb-esxi207 dnsmasq-dhcp[1508698]: read /opt/stack/data/neutron/dhcp/5092ed7a-bd70-4038-86fd-05fd28eed14e/opts
Oct 17 03:25:02.014848 podb-esxi207 dnsmasq[1509684]: read /opt/stack/data/neutron/dhcp/dcd00fda-80c5-4106-9fa0-01592eaccd83/addn_hosts - 2 names
Oct 17 03:25:02.014928 podb-esxi207 dnsmasq-dhcp[1509684]: read /opt/stack/data/neutron/dhcp/dcd00fda-80c5-4106-9fa0-01592eaccd83/host
Oct 17 03:25:02.015035 podb-esxi207 dnsmasq-dhcp[1509684]: read /opt/stack/data/neutron/dhcp/dcd00fda-80c5-4106-9fa0-01592eaccd83/opts
Oct 17 03:25:04.745975 podb-esxi207 dnsmasq[1512076]: started, version 2.90 cachesize 150
Oct 17 03:25:04.746000 podb-esxi207 dnsmasq[1512076]: DNS service limited to local subnets
Oct 17 03:25:04.746014 podb-esxi207 dnsmasq[1512076]: compile time options: IPv6 GNU-getopt DBus no-UBus i18n IDN2 DHCP DHCPv6 no-Lua TFTP conntrack ipset no-nftset auth cryptohash DNSSEC loop-detect inotify dumpfile
Oct 17 03:25:04.746053 podb-esxi207 dnsmasq-dhcp[1512076]: DHCP, static leases only on 10.1.0.0, lease time 1d
Oct 17 03:25:04.746203 podb-esxi207 dnsmasq[1512076]: reading /etc/resolv.conf
Oct 17 03:25:04.746218 podb-esxi207 dnsmasq[1512076]: using nameserver 127.0.0.53#53
Oct 17 03:25:04.746327 podb-esxi207 dnsmasq[1512076]: read /opt/stack/data/neutron/dhcp/08b9d941-c267-4dc5-b3f1-387dd6822e96/addn_hosts - 2 names
Oct 17 03:25:04.746395 podb-esxi207 dnsmasq-dhcp[1512076]: read /opt/stack/data/neutron/dhcp/08b9d941-c267-4dc5-b3f1-387dd6822e96/host
Oct 17 03:25:04.746459 podb-esxi207 dnsmasq-dhcp[1512076]: read /opt/stack/data/neutron/dhcp/08b9d941-c267-4dc5-b3f1-387dd6822e96/opts
Oct 17 03:25:06.294719 podb-esxi207 dnsmasq[1511371]: read /opt/stack/data/neutron/dhcp/be325834-7919-483f-9287-59e6f38479af/addn_hosts - 2 names
Oct 17 03:25:06.294820 podb-esxi207 dnsmasq-dhcp[1511371]: read /opt/stack/data/neutron/dhcp/be325834-7919-483f-9287-59e6f38479af/host
Oct 17 03:25:06.294924 podb-esxi207 dnsmasq-dhcp[1511371]: read /opt/stack/data/neutron/dhcp/be325834-7919-483f-9287-59e6f38479af/opts
Oct 17 03:25:07.621152 podb-esxi207 dnsmasq[1511456]: read /opt/stack/data/neutron/dhcp/c9d4a335-5e6a-451c-ab5d-9304ef649c82/addn_hosts - 4 names
Oct 17 03:25:07.621251 podb-esxi207 dnsmasq-dhcp[1511456]: read /opt/stack/data/neutron/dhcp/c9d4a335-5e6a-451c-ab5d-9304ef649c82/host
Oct 17 03:25:07.621345 podb-esxi207 dnsmasq-dhcp[1511456]: read /opt/stack/data/neutron/dhcp/c9d4a335-5e6a-451c-ab5d-9304ef649c82/opts
Oct 17 03:25:08.842375 podb-esxi207 dnsmasq[1511528]: read /opt/stack/data/neutron/dhcp/f6a7ad5e-c6b8-4dee-8361-8fddbdf90cf0/addn_hosts - 2 names
Oct 17 03:25:08.842455 podb-esxi207 dnsmasq-dhcp[1511528]: read /opt/stack/data/neutron/dhcp/f6a7ad5e-c6b8-4dee-8361-8fddbdf90cf0/host
Oct 17 03:25:08.842541 podb-esxi207 dnsmasq-dhcp[1511528]: read /opt/stack/data/neutron/dhcp/f6a7ad5e-c6b8-4dee-8361-8fddbdf90cf0/opts
Oct 17 03:25:09.068453 podb-esxi207 dnsmasq-dhcp[1507614]: DHCPDISCOVER(tap76b35581-dc) fa:16:3e:45:e5:6a no address available
Oct 17 03:25:09.555594 podb-esxi207 dnsmasq[1510156]: read /opt/stack/data/neutron/dhcp/5cf44e97-798c-4bec-9229-980134272cd8/addn_hosts - 2 names
Oct 17 03:25:09.555689 podb-esxi207 dnsmasq-dhcp[1510156]: read /opt/stack/data/neutron/dhcp/5cf44e97-798c-4bec-9229-980134272cd8/host
Oct 17 03:25:09.555788 podb-esxi207 dnsmasq-dhcp[1510156]: read /opt/stack/data/neutron/dhcp/5cf44e97-798c-4bec-9229-980134272cd8/opts
Oct 17 03:25:10.273423 podb-esxi207 dnsmasq[1510276]: read /opt/stack/data/neutron/dhcp/6e9d60c2-e13a-4f33-b254-fb4a319a8ecd/addn_hosts - 2 names
Oct 17 03:25:10.273521 podb-esxi207 dnsmasq-dhcp[1510276]: read /opt/stack/data/neutron/dhcp/6e9d60c2-e13a-4f33-b254-fb4a319a8ecd/host
Oct 17 03:25:10.273627 podb-esxi207 dnsmasq-dhcp[1510276]: read /opt/stack/data/neutron/dhcp/6e9d60c2-e13a-4f33-b254-fb4a319a8ecd/opts
Oct 17 03:25:10.450603 podb-esxi207 dnsmasq-dhcp[1508074]: DHCPDISCOVER(tap6b7812de-a2) fa:16:3e:df:18:66 no address available
Oct 17 03:25:10.996149 podb-esxi207 dnsmasq[1507614]: read /opt/stack/data/neutron/dhcp/82c1a9ce-7351-4c3a-a2fd-9e388f5c55ac/addn_hosts - 4 names
Oct 17 03:25:10.996279 podb-esxi207 dnsmasq-dhcp[1507614]: read /opt/stack/data/neutron/dhcp/82c1a9ce-7351-4c3a-a2fd-9e388f5c55ac/host
Oct 17 03:25:10.996382 podb-esxi207 dnsmasq-dhcp[1507614]: read /opt/stack/data/neutron/dhcp/82c1a9ce-7351-4c3a-a2fd-9e388f5c55ac/opts
Oct 17 03:25:11.223961 podb-esxi207 dnsmasq[1509684]: exiting on receipt of SIGTERM
Oct 17 03:25:12.841213 podb-esxi207 dnsmasq[1512076]: read /opt/stack/data/neutron/dhcp/08b9d941-c267-4dc5-b3f1-387dd6822e96/addn_hosts - 2 names
Oct 17 03:25:12.841282 podb-esxi207 dnsmasq-dhcp[1512076]: read /opt/stack/data/neutron/dhcp/08b9d941-c267-4dc5-b3f1-387dd6822e96/host
Oct 17 03:25:12.841347 podb-esxi207 dnsmasq-dhcp[1512076]: read /opt/stack/data/neutron/dhcp/08b9d941-c267-4dc5-b3f1-387dd6822e96/opts
Oct 17 03:25:13.285722 podb-esxi207 dnsmasq-dhcp[1507614]: DHCPDISCOVER(tap76b35581-dc) fa:16:3e:45:e5:6a
Oct 17 03:25:13.285746 podb-esxi207 dnsmasq-dhcp[1507614]: DHCPOFFER(tap76b35581-dc) 10.1.0.8 fa:16:3e:45:e5:6a
Oct 17 03:25:13.298063 podb-esxi207 dnsmasq-dhcp[1507614]: DHCPREQUEST(tap76b35581-dc) 10.1.0.8 fa:16:3e:45:e5:6a
Oct 17 03:25:13.298093 podb-esxi207 dnsmasq-dhcp[1507614]: DHCPACK(tap76b35581-dc) 10.1.0.8 fa:16:3e:45:e5:6a host-10-1-0-8
Oct 17 03:25:14.833662 podb-esxi207 dnsmasq-dhcp[1508074]: DHCPDISCOVER(tap6b7812de-a2) fa:16:3e:df:18:66 no address available
Oct 17 03:25:15.574961 podb-esxi207 dnsmasq[1511371]: read /opt/stack/data/neutron/dhcp/be325834-7919-483f-9287-59e6f38479af/addn_hosts - 2 names
Oct 17 03:25:15.575046 podb-esxi207 dnsmasq-dhcp[1511371]: read /opt/stack/data/neutron/dhcp/be325834-7919-483f-9287-59e6f38479af/host
Oct 17 03:25:15.575152 podb-esxi207 dnsmasq-dhcp[1511371]: read /opt/stack/data/neutron/dhcp/be325834-7919-483f-9287-59e6f38479af/opts
Oct 17 03:25:16.289798 podb-esxi207 dnsmasq[1511456]: read /opt/stack/data/neutron/dhcp/c9d4a335-5e6a-451c-ab5d-9304ef649c82/addn_hosts - 4 names
Oct 17 03:25:16.289900 podb-esxi207 dnsmasq-dhcp[1511456]: read /opt/stack/data/neutron/dhcp/c9d4a335-5e6a-451c-ab5d-9304ef649c82/host
Oct 17 03:25:16.289996 podb-esxi207 dnsmasq-dhcp[1511456]: read /opt/stack/data/neutron/dhcp/c9d4a335-5e6a-451c-ab5d-9304ef649c82/opts
Oct 17 03:25:17.011930 podb-esxi207 dnsmasq[1508074]: read /opt/stack/data/neutron/dhcp/8face959-1ac8-4488-abe3-ce7bd1e08c7f/addn_hosts - 4 names
Oct 17 03:25:17.012038 podb-esxi207 dnsmasq-dhcp[1508074]: read /opt/stack/data/neutron/dhcp/8face959-1ac8-4488-abe3-ce7bd1e08c7f/host
Oct 17 03:25:17.012138 podb-esxi207 dnsmasq-dhcp[1508074]: read /opt/stack/data/neutron/dhcp/8face959-1ac8-4488-abe3-ce7bd1e08c7f/opts
Oct 17 03:25:17.425604 podb-esxi207 dnsmasq-dhcp[1511456]: DHCPDISCOVER(tapeda17b0e-46) fa:16:3e:dd:ba:37
Oct 17 03:25:17.425634 podb-esxi207 dnsmasq-dhcp[1511456]: DHCPOFFER(tapeda17b0e-46) 10.1.0.13 fa:16:3e:dd:ba:37
Oct 17 03:25:17.436881 podb-esxi207 dnsmasq-dhcp[1511456]: DHCPREQUEST(tapeda17b0e-46) 10.1.0.13 fa:16:3e:dd:ba:37
Oct 17 03:25:17.436913 podb-esxi207 dnsmasq-dhcp[1511456]: DHCPACK(tapeda17b0e-46) 10.1.0.13 fa:16:3e:dd:ba:37 host-10-1-0-13
Oct 17 03:25:17.745698 podb-esxi207 dnsmasq[1511528]: read /opt/stack/data/neutron/dhcp/f6a7ad5e-c6b8-4dee-8361-8fddbdf90cf0/addn_hosts - 2 names
Oct 17 03:25:17.745810 podb-esxi207 dnsmasq-dhcp[1511528]: read /opt/stack/data/neutron/dhcp/f6a7ad5e-c6b8-4dee-8361-8fddbdf90cf0/host
Oct 17 03:25:17.745920 podb-esxi207 dnsmasq-dhcp[1511528]: read /opt/stack/data/neutron/dhcp/f6a7ad5e-c6b8-4dee-8361-8fddbdf90cf0/opts
Oct 17 03:25:18.470086 podb-esxi207 dnsmasq[1510156]: read /opt/stack/data/neutron/dhcp/5cf44e97-798c-4bec-9229-980134272cd8/addn_hosts - 2 names
Oct 17 03:25:18.470194 podb-esxi207 dnsmasq-dhcp[1510156]: read /opt/stack/data/neutron/dhcp/5cf44e97-798c-4bec-9229-980134272cd8/host
Oct 17 03:25:18.470311 podb-esxi207 dnsmasq-dhcp[1510156]: read /opt/stack/data/neutron/dhcp/5cf44e97-798c-4bec-9229-980134272cd8/opts
Oct 17 03:25:19.194026 podb-esxi207 dnsmasq[1510276]: read /opt/stack/data/neutron/dhcp/6e9d60c2-e13a-4f33-b254-fb4a319a8ecd/addn_hosts - 2 names
Oct 17 03:25:19.194126 podb-esxi207 dnsmasq-dhcp[1510276]: read /opt/stack/data/neutron/dhcp/6e9d60c2-e13a-4f33-b254-fb4a319a8ecd/host
Oct 17 03:25:19.194235 podb-esxi207 dnsmasq-dhcp[1510276]: read /opt/stack/data/neutron/dhcp/6e9d60c2-e13a-4f33-b254-fb4a319a8ecd/opts
Oct 17 03:25:19.915162 podb-esxi207 dnsmasq[1508698]: read /opt/stack/data/neutron/dhcp/5092ed7a-bd70-4038-86fd-05fd28eed14e/addn_hosts - 4 names
Oct 17 03:25:19.915284 podb-esxi207 dnsmasq-dhcp[1508698]: read /opt/stack/data/neutron/dhcp/5092ed7a-bd70-4038-86fd-05fd28eed14e/host
Oct 17 03:25:19.915390 podb-esxi207 dnsmasq-dhcp[1508698]: read /opt/stack/data/neutron/dhcp/5092ed7a-bd70-4038-86fd-05fd28eed14e/opts
Oct 17 03:25:21.156204 podb-esxi207 dnsmasq[1511371]: read /opt/stack/data/neutron/dhcp/be325834-7919-483f-9287-59e6f38479af/addn_hosts - 2 names
Oct 17 03:25:21.156308 podb-esxi207 dnsmasq-dhcp[1511371]: read /opt/stack/data/neutron/dhcp/be325834-7919-483f-9287-59e6f38479af/host
Oct 17 03:25:21.156411 podb-esxi207 dnsmasq-dhcp[1511371]: read /opt/stack/data/neutron/dhcp/be325834-7919-483f-9287-59e6f38479af/opts
Oct 17 03:25:21.880291 podb-esxi207 dnsmasq[1511456]: read /opt/stack/data/neutron/dhcp/c9d4a335-5e6a-451c-ab5d-9304ef649c82/addn_hosts - 4 names
Oct 17 03:25:21.880398 podb-esxi207 dnsmasq-dhcp[1511456]: read /opt/stack/data/neutron/dhcp/c9d4a335-5e6a-451c-ab5d-9304ef649c82/host
Oct 17 03:25:21.880504 podb-esxi207 dnsmasq-dhcp[1511456]: read /opt/stack/data/neutron/dhcp/c9d4a335-5e6a-451c-ab5d-9304ef649c82/opts
Oct 17 03:25:22.605718 podb-esxi207 dnsmasq[1512076]: read /opt/stack/data/neutron/dhcp/08b9d941-c267-4dc5-b3f1-387dd6822e96/addn_hosts - 2 names
Oct 17 03:25:22.605816 podb-esxi207 dnsmasq-dhcp[1512076]: read /opt/stack/data/neutron/dhcp/08b9d941-c267-4dc5-b3f1-387dd6822e96/host
Oct 17 03:25:22.605920 podb-esxi207 dnsmasq-dhcp[1512076]: read /opt/stack/data/neutron/dhcp/08b9d941-c267-4dc5-b3f1-387dd6822e96/opts
Oct 17 03:25:22.905659 podb-esxi207 dnsmasq-dhcp[1508074]: DHCPDISCOVER(tap6b7812de-a2) fa:16:3e:df:18:66
Oct 17 03:25:22.905682 podb-esxi207 dnsmasq-dhcp[1508074]: DHCPOFFER(tap6b7812de-a2) 10.1.0.14 fa:16:3e:df:18:66
Oct 17 03:25:22.930103 podb-esxi207 dnsmasq-dhcp[1508074]: DHCPREQUEST(tap6b7812de-a2) 10.1.0.14 fa:16:3e:df:18:66
Oct 17 03:25:22.930130 podb-esxi207 dnsmasq-dhcp[1508074]: DHCPACK(tap6b7812de-a2) 10.1.0.14 fa:16:3e:df:18:66 host-10-1-0-14
Oct 17 03:25:23.329492 podb-esxi207 dnsmasq[1511528]: read /opt/stack/data/neutron/dhcp/f6a7ad5e-c6b8-4dee-8361-8fddbdf90cf0/addn_hosts - 2 names
Oct 17 03:25:23.329599 podb-esxi207 dnsmasq-dhcp[1511528]: read /opt/stack/data/neutron/dhcp/f6a7ad5e-c6b8-4dee-8361-8fddbdf90cf0/host
Oct 17 03:25:23.329705 podb-esxi207 dnsmasq-dhcp[1511528]: read /opt/stack/data/neutron/dhcp/f6a7ad5e-c6b8-4dee-8361-8fddbdf90cf0/opts
Oct 17 03:25:24.564093 podb-esxi207 dnsmasq[1511456]: read /opt/stack/data/neutron/dhcp/c9d4a335-5e6a-451c-ab5d-9304ef649c82/addn_hosts - 4 names
Oct 17 03:25:24.564181 podb-esxi207 dnsmasq-dhcp[1511456]: read /opt/stack/data/neutron/dhcp/c9d4a335-5e6a-451c-ab5d-9304ef649c82/host
Oct 17 03:25:24.564268 podb-esxi207 dnsmasq-dhcp[1511456]: read /opt/stack/data/neutron/dhcp/c9d4a335-5e6a-451c-ab5d-9304ef649c82/opts
Oct 17 03:25:25.288512 podb-esxi207 dnsmasq[1512076]: read /opt/stack/data/neutron/dhcp/08b9d941-c267-4dc5-b3f1-387dd6822e96/addn_hosts - 2 names
Oct 17 03:25:25.288622 podb-esxi207 dnsmasq-dhcp[1512076]: read /opt/stack/data/neutron/dhcp/08b9d941-c267-4dc5-b3f1-387dd6822e96/host
Oct 17 03:25:25.288774 podb-esxi207 dnsmasq-dhcp[1512076]: read /opt/stack/data/neutron/dhcp/08b9d941-c267-4dc5-b3f1-387dd6822e96/opts
Oct 17 03:25:26.017763 podb-esxi207 sudo[1512592]:    stack : PWD=/ ; USER=root ; COMMAND=/opt/stack/data/venv/bin/neutron-rootwrap /etc/neutron/rootwrap.conf privsep-helper --config-file /etc/neutron/neutron.conf --config-file /etc/neutron/dhcp_agent.ini --privsep_context neutron.privileged.dhcp_release_cmd --privsep_sock_path /tmp/tmp2ioi1hjz/privsep.sock
Oct 17 03:25:26.018333 podb-esxi207 sudo[1512592]: pam_unix(sudo:session): session opened for user root(uid=0) by (uid=1001)
Oct 17 03:25:26.737850 podb-esxi207 sudo[1512592]: pam_unix(sudo:session): session closed for user root
Oct 17 03:25:26.982737 podb-esxi207 dnsmasq-dhcp[1511456]: DHCPRELEASE(tapeda17b0e-46) 10.1.0.13 fa:16:3e:dd:ba:37
Oct 17 03:25:26.997985 podb-esxi207 dnsmasq-dhcp[1511456]: DHCPRELEASE(tapeda17b0e-46) 10.1.0.13 fa:16:3e:dd:ba:37 unknown lease
Oct 17 03:25:27.822521 podb-esxi207 dnsmasq[1511456]: read /opt/stack/data/neutron/dhcp/c9d4a335-5e6a-451c-ab5d-9304ef649c82/addn_hosts - 2 names
Oct 17 03:25:27.822611 podb-esxi207 dnsmasq-dhcp[1511456]: read /opt/stack/data/neutron/dhcp/c9d4a335-5e6a-451c-ab5d-9304ef649c82/host
Oct 17 03:25:27.822717 podb-esxi207 dnsmasq-dhcp[1511456]: read /opt/stack/data/neutron/dhcp/c9d4a335-5e6a-451c-ab5d-9304ef649c82/opts
Oct 17 03:25:28.058225 podb-esxi207 dnsmasq-dhcp[1511528]: DHCPRELEASE(tap22a11660-7f) 10.1.0.1 fa:16:3e:9b:3e:b8
Oct 17 03:25:28.256504 podb-esxi207 dnsmasq-dhcp[1508698]: DHCPDISCOVER(tap0542552d-f2) fa:16:3e:11:ff:d9
Oct 17 03:25:28.256533 podb-esxi207 dnsmasq-dhcp[1508698]: DHCPOFFER(tap0542552d-f2) 10.1.0.13 fa:16:3e:11:ff:d9
Oct 17 03:25:28.269723 podb-esxi207 dnsmasq-dhcp[1508698]: DHCPREQUEST(tap0542552d-f2) 10.1.0.13 fa:16:3e:11:ff:d9
Oct 17 03:25:28.269759 podb-esxi207 dnsmasq-dhcp[1508698]: DHCPACK(tap0542552d-f2) 10.1.0.13 fa:16:3e:11:ff:d9 host-10-1-0-13
Oct 17 03:25:28.882318 podb-esxi207 dnsmasq[1511528]: read /opt/stack/data/neutron/dhcp/f6a7ad5e-c6b8-4dee-8361-8fddbdf90cf0/addn_hosts - 0 names
Oct 17 03:25:28.882390 podb-esxi207 dnsmasq-dhcp[1511528]: read /opt/stack/data/neutron/dhcp/f6a7ad5e-c6b8-4dee-8361-8fddbdf90cf0/host
Oct 17 03:25:28.882479 podb-esxi207 dnsmasq-dhcp[1511528]: read /opt/stack/data/neutron/dhcp/f6a7ad5e-c6b8-4dee-8361-8fddbdf90cf0/opts
Oct 17 03:25:29.123530 podb-esxi207 dnsmasq[1511456]: exiting on receipt of SIGTERM
Oct 17 03:25:29.734222 podb-esxi207 dnsmasq-dhcp[1512076]: DHCPRELEASE(tapff756de7-6d) 10.1.0.1 fa:16:3e:ce:67:97
Oct 17 03:25:30.558639 podb-esxi207 dnsmasq[1512076]: read /opt/stack/data/neutron/dhcp/08b9d941-c267-4dc5-b3f1-387dd6822e96/addn_hosts - 0 names
Oct 17 03:25:30.558770 podb-esxi207 dnsmasq-dhcp[1512076]: read /opt/stack/data/neutron/dhcp/08b9d941-c267-4dc5-b3f1-387dd6822e96/host
Oct 17 03:25:30.558868 podb-esxi207 dnsmasq-dhcp[1512076]: read /opt/stack/data/neutron/dhcp/08b9d941-c267-4dc5-b3f1-387dd6822e96/opts
Oct 17 03:25:30.787720 podb-esxi207 dnsmasq[1511528]: exiting on receipt of SIGTERM
Oct 17 03:25:31.395490 podb-esxi207 dnsmasq[1512076]: exiting on receipt of SIGTERM
Oct 17 03:25:35.490324 podb-esxi207 dnsmasq[1513179]: started, version 2.90 cachesize 150
Oct 17 03:25:35.490348 podb-esxi207 dnsmasq[1513179]: DNS service limited to local subnets
Oct 17 03:25:35.490363 podb-esxi207 dnsmasq[1513179]: compile time options: IPv6 GNU-getopt DBus no-UBus i18n IDN2 DHCP DHCPv6 no-Lua TFTP conntrack ipset no-nftset auth cryptohash DNSSEC loop-detect inotify dumpfile
Oct 17 03:25:35.490412 podb-esxi207 dnsmasq-dhcp[1513179]: DHCP, static leases only on 10.1.0.0, lease time 1d
Oct 17 03:25:35.490569 podb-esxi207 dnsmasq[1513179]: reading /etc/resolv.conf
Oct 17 03:25:35.490586 podb-esxi207 dnsmasq[1513179]: using nameserver 127.0.0.53#53
Oct 17 03:25:35.490676 podb-esxi207 dnsmasq[1513179]: read /opt/stack/data/neutron/dhcp/db0c000f-2a87-4860-9b73-20fbb9cb4121/addn_hosts - 0 names
Oct 17 03:25:35.490733 podb-esxi207 dnsmasq-dhcp[1513179]: read /opt/stack/data/neutron/dhcp/db0c000f-2a87-4860-9b73-20fbb9cb4121/host
Oct 17 03:25:35.490805 podb-esxi207 dnsmasq-dhcp[1513179]: read /opt/stack/data/neutron/dhcp/db0c000f-2a87-4860-9b73-20fbb9cb4121/opts
Oct 17 03:25:37.046626 podb-esxi207 dnsmasq[1513179]: read /opt/stack/data/neutron/dhcp/db0c000f-2a87-4860-9b73-20fbb9cb4121/addn_hosts - 2 names
Oct 17 03:25:37.046766 podb-esxi207 dnsmasq-dhcp[1513179]: read /opt/stack/data/neutron/dhcp/db0c000f-2a87-4860-9b73-20fbb9cb4121/host
Oct 17 03:25:37.046875 podb-esxi207 dnsmasq-dhcp[1513179]: read /opt/stack/data/neutron/dhcp/db0c000f-2a87-4860-9b73-20fbb9cb4121/opts
Oct 17 03:25:38.296589 podb-esxi207 dnsmasq[1513179]: read /opt/stack/data/neutron/dhcp/db0c000f-2a87-4860-9b73-20fbb9cb4121/addn_hosts - 2 names
Oct 17 03:25:38.296716 podb-esxi207 dnsmasq-dhcp[1513179]: read /opt/stack/data/neutron/dhcp/db0c000f-2a87-4860-9b73-20fbb9cb4121/host
Oct 17 03:25:38.296788 podb-esxi207 dnsmasq-dhcp[1513179]: read /opt/stack/data/neutron/dhcp/db0c000f-2a87-4860-9b73-20fbb9cb4121/opts
Oct 17 03:25:39.552885 podb-esxi207 dnsmasq[1513179]: read /opt/stack/data/neutron/dhcp/db0c000f-2a87-4860-9b73-20fbb9cb4121/addn_hosts - 2 names
Oct 17 03:25:39.552969 podb-esxi207 dnsmasq-dhcp[1513179]: read /opt/stack/data/neutron/dhcp/db0c000f-2a87-4860-9b73-20fbb9cb4121/host
Oct 17 03:25:39.553036 podb-esxi207 dnsmasq-dhcp[1513179]: read /opt/stack/data/neutron/dhcp/db0c000f-2a87-4860-9b73-20fbb9cb4121/opts
Oct 17 03:25:42.081240 podb-esxi207 dnsmasq[1513179]: read /opt/stack/data/neutron/dhcp/db0c000f-2a87-4860-9b73-20fbb9cb4121/addn_hosts - 4 names
Oct 17 03:25:42.081368 podb-esxi207 dnsmasq-dhcp[1513179]: read /opt/stack/data/neutron/dhcp/db0c000f-2a87-4860-9b73-20fbb9cb4121/host
Oct 17 03:25:42.081487 podb-esxi207 dnsmasq-dhcp[1513179]: read /opt/stack/data/neutron/dhcp/db0c000f-2a87-4860-9b73-20fbb9cb4121/opts
Oct 17 03:26:04.282673 podb-esxi207 dnsmasq-dhcp[1507614]: DHCPRELEASE(tap76b35581-dc) 10.1.0.8 fa:16:3e:45:e5:6a
Oct 17 03:26:04.296856 podb-esxi207 dnsmasq-dhcp[1507614]: DHCPRELEASE(tap76b35581-dc) 10.1.0.8 fa:16:3e:45:e5:6a unknown lease
Oct 17 03:26:05.118767 podb-esxi207 dnsmasq[1507614]: read /opt/stack/data/neutron/dhcp/82c1a9ce-7351-4c3a-a2fd-9e388f5c55ac/addn_hosts - 2 names
Oct 17 03:26:05.118843 podb-esxi207 dnsmasq-dhcp[1507614]: read /opt/stack/data/neutron/dhcp/82c1a9ce-7351-4c3a-a2fd-9e388f5c55ac/host
Oct 17 03:26:05.118915 podb-esxi207 dnsmasq-dhcp[1507614]: read /opt/stack/data/neutron/dhcp/82c1a9ce-7351-4c3a-a2fd-9e388f5c55ac/opts
Oct 17 03:26:05.792672 podb-esxi207 dnsmasq-dhcp[1513179]: DHCPDISCOVER(tapa4169a15-21) fa:16:3e:02:1f:7c
Oct 17 03:26:05.792696 podb-esxi207 dnsmasq-dhcp[1513179]: DHCPOFFER(tapa4169a15-21) 10.1.0.5 fa:16:3e:02:1f:7c
Oct 17 03:26:05.804693 podb-esxi207 dnsmasq-dhcp[1513179]: DHCPREQUEST(tapa4169a15-21) 10.1.0.5 fa:16:3e:02:1f:7c
Oct 17 03:26:05.804717 podb-esxi207 dnsmasq-dhcp[1513179]: DHCPACK(tapa4169a15-21) 10.1.0.5 fa:16:3e:02:1f:7c host-10-1-0-5
Oct 17 03:26:11.687124 podb-esxi207 dnsmasq-dhcp[1513179]: DHCPRELEASE(tapa4169a15-21) 10.1.0.5 fa:16:3e:02:1f:7c
Oct 17 03:26:11.703822 podb-esxi207 dnsmasq-dhcp[1513179]: DHCPRELEASE(tapa4169a15-21) 10.1.0.5 fa:16:3e:02:1f:7c unknown lease
Oct 17 03:26:12.529255 podb-esxi207 dnsmasq[1513179]: read /opt/stack/data/neutron/dhcp/db0c000f-2a87-4860-9b73-20fbb9cb4121/addn_hosts - 2 names
Oct 17 03:26:12.529395 podb-esxi207 dnsmasq-dhcp[1513179]: read /opt/stack/data/neutron/dhcp/db0c000f-2a87-4860-9b73-20fbb9cb4121/host
Oct 17 03:26:12.529511 podb-esxi207 dnsmasq-dhcp[1513179]: read /opt/stack/data/neutron/dhcp/db0c000f-2a87-4860-9b73-20fbb9cb4121/opts
Oct 17 03:26:15.917262 podb-esxi207 dnsmasq[1507614]: read /opt/stack/data/neutron/dhcp/82c1a9ce-7351-4c3a-a2fd-9e388f5c55ac/addn_hosts - 0 names
Oct 17 03:26:15.917346 podb-esxi207 dnsmasq-dhcp[1507614]: read /opt/stack/data/neutron/dhcp/82c1a9ce-7351-4c3a-a2fd-9e388f5c55ac/host
Oct 17 03:26:15.917461 podb-esxi207 dnsmasq-dhcp[1507614]: read /opt/stack/data/neutron/dhcp/82c1a9ce-7351-4c3a-a2fd-9e388f5c55ac/opts
Oct 17 03:26:16.844822 podb-esxi207 dnsmasq[1507614]: exiting on receipt of SIGTERM
Oct 17 03:26:17.460610 podb-esxi207 dnsmasq-dhcp[1510156]: DHCPRELEASE(tap66387cd9-d2) 10.1.0.1 fa:16:3e:4b:0a:be
Oct 17 03:26:18.285794 podb-esxi207 dnsmasq[1510156]: read /opt/stack/data/neutron/dhcp/5cf44e97-798c-4bec-9229-980134272cd8/addn_hosts - 0 names
Oct 17 03:26:18.285871 podb-esxi207 dnsmasq-dhcp[1510156]: read /opt/stack/data/neutron/dhcp/5cf44e97-798c-4bec-9229-980134272cd8/host
Oct 17 03:26:18.285973 podb-esxi207 dnsmasq-dhcp[1510156]: read /opt/stack/data/neutron/dhcp/5cf44e97-798c-4bec-9229-980134272cd8/opts
Oct 17 03:26:19.037929 podb-esxi207 dnsmasq[1510156]: exiting on receipt of SIGTERM
Oct 17 03:26:23.319139 podb-esxi207 dnsmasq[1514084]: started, version 2.90 cachesize 150
Oct 17 03:26:23.319165 podb-esxi207 dnsmasq[1514084]: DNS service limited to local subnets
Oct 17 03:26:23.319180 podb-esxi207 dnsmasq[1514084]: compile time options: IPv6 GNU-getopt DBus no-UBus i18n IDN2 DHCP DHCPv6 no-Lua TFTP conntrack ipset no-nftset auth cryptohash DNSSEC loop-detect inotify dumpfile
Oct 17 03:26:23.319217 podb-esxi207 dnsmasq-dhcp[1514084]: DHCP, static leases only on 10.1.0.0, lease time 1d
Oct 17 03:26:23.319370 podb-esxi207 dnsmasq[1514084]: reading /etc/resolv.conf
Oct 17 03:26:23.319386 podb-esxi207 dnsmasq[1514084]: using nameserver 127.0.0.53#53
Oct 17 03:26:23.319479 podb-esxi207 dnsmasq[1514084]: read /opt/stack/data/neutron/dhcp/adfa9781-d4af-4619-a4e3-77d4c4d19b9f/addn_hosts - 0 names
Oct 17 03:26:23.319530 podb-esxi207 dnsmasq-dhcp[1514084]: read /opt/stack/data/neutron/dhcp/adfa9781-d4af-4619-a4e3-77d4c4d19b9f/host
Oct 17 03:26:23.319599 podb-esxi207 dnsmasq-dhcp[1514084]: read /opt/stack/data/neutron/dhcp/adfa9781-d4af-4619-a4e3-77d4c4d19b9f/opts
Oct 17 03:26:24.870232 podb-esxi207 dnsmasq[1514084]: read /opt/stack/data/neutron/dhcp/adfa9781-d4af-4619-a4e3-77d4c4d19b9f/addn_hosts - 2 names
Oct 17 03:26:24.870352 podb-esxi207 dnsmasq-dhcp[1514084]: read /opt/stack/data/neutron/dhcp/adfa9781-d4af-4619-a4e3-77d4c4d19b9f/host
Oct 17 03:26:24.870463 podb-esxi207 dnsmasq-dhcp[1514084]: read /opt/stack/data/neutron/dhcp/adfa9781-d4af-4619-a4e3-77d4c4d19b9f/opts
Oct 17 03:26:28.277993 podb-esxi207 dnsmasq[1514512]: started, version 2.90 cachesize 150
Oct 17 03:26:28.278018 podb-esxi207 dnsmasq[1514512]: DNS service limited to local subnets
Oct 17 03:26:28.278033 podb-esxi207 dnsmasq[1514512]: compile time options: IPv6 GNU-getopt DBus no-UBus i18n IDN2 DHCP DHCPv6 no-Lua TFTP conntrack ipset no-nftset auth cryptohash DNSSEC loop-detect inotify dumpfile
Oct 17 03:26:28.278068 podb-esxi207 dnsmasq-dhcp[1514512]: DHCP, static leases only on 10.1.0.0, lease time 1d
Oct 17 03:26:28.278221 podb-esxi207 dnsmasq[1514512]: reading /etc/resolv.conf
Oct 17 03:26:28.278239 podb-esxi207 dnsmasq[1514512]: using nameserver 127.0.0.53#53
Oct 17 03:26:28.278338 podb-esxi207 dnsmasq[1514512]: read /opt/stack/data/neutron/dhcp/028e3a83-ac4b-4ae8-9973-b9e957915076/addn_hosts - 0 names
Oct 17 03:26:28.278390 podb-esxi207 dnsmasq-dhcp[1514512]: read /opt/stack/data/neutron/dhcp/028e3a83-ac4b-4ae8-9973-b9e957915076/host
Oct 17 03:26:28.278461 podb-esxi207 dnsmasq-dhcp[1514512]: read /opt/stack/data/neutron/dhcp/028e3a83-ac4b-4ae8-9973-b9e957915076/opts
Oct 17 03:26:29.319135 podb-esxi207 dnsmasq[1513179]: read /opt/stack/data/neutron/dhcp/db0c000f-2a87-4860-9b73-20fbb9cb4121/addn_hosts - 0 names
Oct 17 03:26:29.319209 podb-esxi207 dnsmasq-dhcp[1513179]: read /opt/stack/data/neutron/dhcp/db0c000f-2a87-4860-9b73-20fbb9cb4121/host
Oct 17 03:26:29.319292 podb-esxi207 dnsmasq-dhcp[1513179]: read /opt/stack/data/neutron/dhcp/db0c000f-2a87-4860-9b73-20fbb9cb4121/opts
Oct 17 03:26:30.068753 podb-esxi207 dnsmasq[1514084]: read /opt/stack/data/neutron/dhcp/adfa9781-d4af-4619-a4e3-77d4c4d19b9f/addn_hosts - 2 names
Oct 17 03:26:30.068872 podb-esxi207 dnsmasq-dhcp[1514084]: read /opt/stack/data/neutron/dhcp/adfa9781-d4af-4619-a4e3-77d4c4d19b9f/host
Oct 17 03:26:30.068992 podb-esxi207 dnsmasq-dhcp[1514084]: read /opt/stack/data/neutron/dhcp/adfa9781-d4af-4619-a4e3-77d4c4d19b9f/opts
Oct 17 03:26:33.037525 podb-esxi207 dnsmasq[1515313]: started, version 2.90 cachesize 150
Oct 17 03:26:33.037556 podb-esxi207 dnsmasq[1515313]: DNS service limited to local subnets
Oct 17 03:26:33.037571 podb-esxi207 dnsmasq[1515313]: compile time options: IPv6 GNU-getopt DBus no-UBus i18n IDN2 DHCP DHCPv6 no-Lua TFTP conntrack ipset no-nftset auth cryptohash DNSSEC loop-detect inotify dumpfile
Oct 17 03:26:33.037606 podb-esxi207 dnsmasq-dhcp[1515313]: DHCP, static leases only on 10.1.0.0, lease time 1d
Oct 17 03:26:33.037765 podb-esxi207 dnsmasq[1515313]: reading /etc/resolv.conf
Oct 17 03:26:33.037781 podb-esxi207 dnsmasq[1515313]: using nameserver 127.0.0.53#53
Oct 17 03:26:33.037887 podb-esxi207 dnsmasq[1515313]: read /opt/stack/data/neutron/dhcp/1e117ffb-c3f5-4201-b0ed-e3b88b4fc809/addn_hosts - 2 names
Oct 17 03:26:33.037956 podb-esxi207 dnsmasq-dhcp[1515313]: read /opt/stack/data/neutron/dhcp/1e117ffb-c3f5-4201-b0ed-e3b88b4fc809/host
Oct 17 03:26:33.038021 podb-esxi207 dnsmasq-dhcp[1515313]: read /opt/stack/data/neutron/dhcp/1e117ffb-c3f5-4201-b0ed-e3b88b4fc809/opts
Oct 17 03:26:35.678004 podb-esxi207 dnsmasq[1515528]: started, version 2.90 cachesize 150
Oct 17 03:26:35.678028 podb-esxi207 dnsmasq[1515528]: DNS service limited to local subnets
Oct 17 03:26:35.678043 podb-esxi207 dnsmasq[1515528]: compile time options: IPv6 GNU-getopt DBus no-UBus i18n IDN2 DHCP DHCPv6 no-Lua TFTP conntrack ipset no-nftset auth cryptohash DNSSEC loop-detect inotify dumpfile
Oct 17 03:26:35.678080 podb-esxi207 dnsmasq-dhcp[1515528]: DHCP, static leases only on 10.1.0.0, lease time 1d
Oct 17 03:26:35.678240 podb-esxi207 dnsmasq[1515528]: reading /etc/resolv.conf
Oct 17 03:26:35.678257 podb-esxi207 dnsmasq[1515528]: using nameserver 127.0.0.53#53
Oct 17 03:26:35.678370 podb-esxi207 dnsmasq[1515528]: read /opt/stack/data/neutron/dhcp/d22007c5-429e-4a0d-baa9-8d9c36fdc543/addn_hosts - 2 names
Oct 17 03:26:35.678434 podb-esxi207 dnsmasq-dhcp[1515528]: read /opt/stack/data/neutron/dhcp/d22007c5-429e-4a0d-baa9-8d9c36fdc543/host
Oct 17 03:26:35.678508 podb-esxi207 dnsmasq-dhcp[1515528]: read /opt/stack/data/neutron/dhcp/d22007c5-429e-4a0d-baa9-8d9c36fdc543/opts
Oct 17 03:26:36.719804 podb-esxi207 dnsmasq[1514512]: read /opt/stack/data/neutron/dhcp/028e3a83-ac4b-4ae8-9973-b9e957915076/addn_hosts - 2 names
Oct 17 03:26:36.719910 podb-esxi207 dnsmasq-dhcp[1514512]: read /opt/stack/data/neutron/dhcp/028e3a83-ac4b-4ae8-9973-b9e957915076/host
Oct 17 03:26:36.720027 podb-esxi207 dnsmasq-dhcp[1514512]: read /opt/stack/data/neutron/dhcp/028e3a83-ac4b-4ae8-9973-b9e957915076/opts
Oct 17 03:26:37.506203 podb-esxi207 dnsmasq[1513179]: exiting on receipt of SIGTERM
Oct 17 03:26:38.625159 podb-esxi207 dnsmasq[1514084]: read /opt/stack/data/neutron/dhcp/adfa9781-d4af-4619-a4e3-77d4c4d19b9f/addn_hosts - 2 names
Oct 17 03:26:38.625289 podb-esxi207 dnsmasq-dhcp[1514084]: read /opt/stack/data/neutron/dhcp/adfa9781-d4af-4619-a4e3-77d4c4d19b9f/host
Oct 17 03:26:38.625397 podb-esxi207 dnsmasq-dhcp[1514084]: read /opt/stack/data/neutron/dhcp/adfa9781-d4af-4619-a4e3-77d4c4d19b9f/opts
Oct 17 03:26:41.491269 podb-esxi207 dnsmasq[1515847]: started, version 2.90 cachesize 150
Oct 17 03:26:41.491294 podb-esxi207 dnsmasq[1515847]: DNS service limited to local subnets
Oct 17 03:26:41.491308 podb-esxi207 dnsmasq[1515847]: compile time options: IPv6 GNU-getopt DBus no-UBus i18n IDN2 DHCP DHCPv6 no-Lua TFTP conntrack ipset no-nftset auth cryptohash DNSSEC loop-detect inotify dumpfile
Oct 17 03:26:41.491354 podb-esxi207 dnsmasq-dhcp[1515847]: DHCP, static leases only on 10.1.0.0, lease time 1d
Oct 17 03:26:41.491507 podb-esxi207 dnsmasq[1515847]: reading /etc/resolv.conf
Oct 17 03:26:41.491523 podb-esxi207 dnsmasq[1515847]: using nameserver 127.0.0.53#53
Oct 17 03:26:41.491635 podb-esxi207 dnsmasq[1515847]: read /opt/stack/data/neutron/dhcp/d61067e9-e0c0-4e92-8901-aa07088965e4/addn_hosts - 2 names
Oct 17 03:26:41.491699 podb-esxi207 dnsmasq-dhcp[1515847]: read /opt/stack/data/neutron/dhcp/d61067e9-e0c0-4e92-8901-aa07088965e4/host
Oct 17 03:26:41.491766 podb-esxi207 dnsmasq-dhcp[1515847]: read /opt/stack/data/neutron/dhcp/d61067e9-e0c0-4e92-8901-aa07088965e4/opts
Oct 17 03:26:42.532045 podb-esxi207 dnsmasq[1515313]: read /opt/stack/data/neutron/dhcp/1e117ffb-c3f5-4201-b0ed-e3b88b4fc809/addn_hosts - 2 names
Oct 17 03:26:42.532162 podb-esxi207 dnsmasq-dhcp[1515313]: read /opt/stack/data/neutron/dhcp/1e117ffb-c3f5-4201-b0ed-e3b88b4fc809/host
Oct 17 03:26:42.532276 podb-esxi207 dnsmasq-dhcp[1515313]: read /opt/stack/data/neutron/dhcp/1e117ffb-c3f5-4201-b0ed-e3b88b4fc809/opts
Oct 17 03:26:43.783987 podb-esxi207 dnsmasq[1515528]: read /opt/stack/data/neutron/dhcp/d22007c5-429e-4a0d-baa9-8d9c36fdc543/addn_hosts - 2 names
Oct 17 03:26:43.784091 podb-esxi207 dnsmasq-dhcp[1515528]: read /opt/stack/data/neutron/dhcp/d22007c5-429e-4a0d-baa9-8d9c36fdc543/host
Oct 17 03:26:43.784196 podb-esxi207 dnsmasq-dhcp[1515528]: read /opt/stack/data/neutron/dhcp/d22007c5-429e-4a0d-baa9-8d9c36fdc543/opts
Oct 17 03:26:44.530920 podb-esxi207 dnsmasq[1514512]: read /opt/stack/data/neutron/dhcp/028e3a83-ac4b-4ae8-9973-b9e957915076/addn_hosts - 2 names
Oct 17 03:26:44.531010 podb-esxi207 dnsmasq-dhcp[1514512]: read /opt/stack/data/neutron/dhcp/028e3a83-ac4b-4ae8-9973-b9e957915076/host
