Oct 17 03:26:44.531089 podb-esxi207 dnsmasq-dhcp[1514512]: read /opt/stack/data/neutron/dhcp/028e3a83-ac4b-4ae8-9973-b9e957915076/opts
Oct 17 03:26:46.795474 podb-esxi207 dnsmasq[1515847]: read /opt/stack/data/neutron/dhcp/d61067e9-e0c0-4e92-8901-aa07088965e4/addn_hosts - 2 names
Oct 17 03:26:46.795581 podb-esxi207 dnsmasq-dhcp[1515847]: read /opt/stack/data/neutron/dhcp/d61067e9-e0c0-4e92-8901-aa07088965e4/host
Oct 17 03:26:46.795694 podb-esxi207 dnsmasq-dhcp[1515847]: read /opt/stack/data/neutron/dhcp/d61067e9-e0c0-4e92-8901-aa07088965e4/opts
Oct 17 03:26:47.534413 podb-esxi207 dnsmasq[1515313]: read /opt/stack/data/neutron/dhcp/1e117ffb-c3f5-4201-b0ed-e3b88b4fc809/addn_hosts - 2 names
Oct 17 03:26:47.534499 podb-esxi207 dnsmasq-dhcp[1515313]: read /opt/stack/data/neutron/dhcp/1e117ffb-c3f5-4201-b0ed-e3b88b4fc809/host
Oct 17 03:26:47.534616 podb-esxi207 dnsmasq-dhcp[1515313]: read /opt/stack/data/neutron/dhcp/1e117ffb-c3f5-4201-b0ed-e3b88b4fc809/opts
Oct 17 03:26:48.279005 podb-esxi207 dnsmasq[1515528]: read /opt/stack/data/neutron/dhcp/d22007c5-429e-4a0d-baa9-8d9c36fdc543/addn_hosts - 2 names
Oct 17 03:26:48.279099 podb-esxi207 dnsmasq-dhcp[1515528]: read /opt/stack/data/neutron/dhcp/d22007c5-429e-4a0d-baa9-8d9c36fdc543/host
Oct 17 03:26:48.279220 podb-esxi207 dnsmasq-dhcp[1515528]: read /opt/stack/data/neutron/dhcp/d22007c5-429e-4a0d-baa9-8d9c36fdc543/opts
Oct 17 03:26:49.032309 podb-esxi207 dnsmasq[1514512]: read /opt/stack/data/neutron/dhcp/028e3a83-ac4b-4ae8-9973-b9e957915076/addn_hosts - 2 names
Oct 17 03:26:49.032404 podb-esxi207 dnsmasq-dhcp[1514512]: read /opt/stack/data/neutron/dhcp/028e3a83-ac4b-4ae8-9973-b9e957915076/host
Oct 17 03:26:49.032545 podb-esxi207 dnsmasq-dhcp[1514512]: read /opt/stack/data/neutron/dhcp/028e3a83-ac4b-4ae8-9973-b9e957915076/opts
Oct 17 03:26:49.789066 podb-esxi207 dnsmasq-dhcp[1508074]: DHCPRELEASE(tap6b7812de-a2) 10.1.0.14 fa:16:3e:df:18:66
Oct 17 03:26:49.806188 podb-esxi207 dnsmasq-dhcp[1508074]: DHCPRELEASE(tap6b7812de-a2) 10.1.0.14 fa:16:3e:df:18:66 unknown lease
Oct 17 03:26:50.629608 podb-esxi207 dnsmasq[1508074]: read /opt/stack/data/neutron/dhcp/8face959-1ac8-4488-abe3-ce7bd1e08c7f/addn_hosts - 2 names
Oct 17 03:26:50.629713 podb-esxi207 dnsmasq-dhcp[1508074]: read /opt/stack/data/neutron/dhcp/8face959-1ac8-4488-abe3-ce7bd1e08c7f/host
Oct 17 03:26:50.629789 podb-esxi207 dnsmasq-dhcp[1508074]: read /opt/stack/data/neutron/dhcp/8face959-1ac8-4488-abe3-ce7bd1e08c7f/opts
Oct 17 03:26:51.403769 podb-esxi207 dnsmasq[1515847]: read /opt/stack/data/neutron/dhcp/d61067e9-e0c0-4e92-8901-aa07088965e4/addn_hosts - 2 names
Oct 17 03:26:51.403870 podb-esxi207 dnsmasq-dhcp[1515847]: read /opt/stack/data/neutron/dhcp/d61067e9-e0c0-4e92-8901-aa07088965e4/host
Oct 17 03:26:51.403994 podb-esxi207 dnsmasq-dhcp[1515847]: read /opt/stack/data/neutron/dhcp/d61067e9-e0c0-4e92-8901-aa07088965e4/opts
Oct 17 03:26:52.152178 podb-esxi207 dnsmasq[1514084]: read /opt/stack/data/neutron/dhcp/adfa9781-d4af-4619-a4e3-77d4c4d19b9f/addn_hosts - 4 names
Oct 17 03:26:52.152313 podb-esxi207 dnsmasq-dhcp[1514084]: read /opt/stack/data/neutron/dhcp/adfa9781-d4af-4619-a4e3-77d4c4d19b9f/host
Oct 17 03:26:52.152433 podb-esxi207 dnsmasq-dhcp[1514084]: read /opt/stack/data/neutron/dhcp/adfa9781-d4af-4619-a4e3-77d4c4d19b9f/opts
Oct 17 03:26:52.903305 podb-esxi207 dnsmasq[1515313]: read /opt/stack/data/neutron/dhcp/1e117ffb-c3f5-4201-b0ed-e3b88b4fc809/addn_hosts - 2 names
Oct 17 03:26:52.903417 podb-esxi207 dnsmasq-dhcp[1515313]: read /opt/stack/data/neutron/dhcp/1e117ffb-c3f5-4201-b0ed-e3b88b4fc809/host
Oct 17 03:26:52.903534 podb-esxi207 dnsmasq-dhcp[1515313]: read /opt/stack/data/neutron/dhcp/1e117ffb-c3f5-4201-b0ed-e3b88b4fc809/opts
Oct 17 03:26:53.658510 podb-esxi207 dnsmasq[1515528]: read /opt/stack/data/neutron/dhcp/d22007c5-429e-4a0d-baa9-8d9c36fdc543/addn_hosts - 2 names
Oct 17 03:26:53.658596 podb-esxi207 dnsmasq-dhcp[1515528]: read /opt/stack/data/neutron/dhcp/d22007c5-429e-4a0d-baa9-8d9c36fdc543/host
Oct 17 03:26:53.658704 podb-esxi207 dnsmasq-dhcp[1515528]: read /opt/stack/data/neutron/dhcp/d22007c5-429e-4a0d-baa9-8d9c36fdc543/opts
Oct 17 03:26:54.922783 podb-esxi207 dnsmasq[1515847]: read /opt/stack/data/neutron/dhcp/d61067e9-e0c0-4e92-8901-aa07088965e4/addn_hosts - 2 names
Oct 17 03:26:54.922899 podb-esxi207 dnsmasq-dhcp[1515847]: read /opt/stack/data/neutron/dhcp/d61067e9-e0c0-4e92-8901-aa07088965e4/host
Oct 17 03:26:54.923014 podb-esxi207 dnsmasq-dhcp[1515847]: read /opt/stack/data/neutron/dhcp/d61067e9-e0c0-4e92-8901-aa07088965e4/opts
Oct 17 03:26:55.682006 podb-esxi207 dnsmasq[1514084]: read /opt/stack/data/neutron/dhcp/adfa9781-d4af-4619-a4e3-77d4c4d19b9f/addn_hosts - 6 names
Oct 17 03:26:55.682119 podb-esxi207 dnsmasq-dhcp[1514084]: read /opt/stack/data/neutron/dhcp/adfa9781-d4af-4619-a4e3-77d4c4d19b9f/host
Oct 17 03:26:55.682219 podb-esxi207 dnsmasq-dhcp[1514084]: read /opt/stack/data/neutron/dhcp/adfa9781-d4af-4619-a4e3-77d4c4d19b9f/opts
Oct 17 03:26:55.913030 podb-esxi207 dnsmasq-dhcp[1508074]: DHCPRELEASE(tap6b7812de-a2) 10.1.0.1 fa:16:3e:e5:65:4c
Oct 17 03:26:56.739181 podb-esxi207 dnsmasq[1508074]: read /opt/stack/data/neutron/dhcp/8face959-1ac8-4488-abe3-ce7bd1e08c7f/addn_hosts - 0 names
Oct 17 03:26:56.739213 podb-esxi207 dnsmasq-dhcp[1508074]: read /opt/stack/data/neutron/dhcp/8face959-1ac8-4488-abe3-ce7bd1e08c7f/host
Oct 17 03:26:56.739243 podb-esxi207 dnsmasq-dhcp[1508074]: read /opt/stack/data/neutron/dhcp/8face959-1ac8-4488-abe3-ce7bd1e08c7f/opts
Oct 17 03:26:56.961999 podb-esxi207 dnsmasq-dhcp[1510276]: DHCPRELEASE(tap821943f2-b0) 10.1.0.1 fa:16:3e:43:90:7d
Oct 17 03:26:57.784244 podb-esxi207 dnsmasq[1510276]: read /opt/stack/data/neutron/dhcp/6e9d60c2-e13a-4f33-b254-fb4a319a8ecd/addn_hosts - 0 names
Oct 17 03:26:57.784318 podb-esxi207 dnsmasq-dhcp[1510276]: read /opt/stack/data/neutron/dhcp/6e9d60c2-e13a-4f33-b254-fb4a319a8ecd/host
Oct 17 03:26:57.784401 podb-esxi207 dnsmasq-dhcp[1510276]: read /opt/stack/data/neutron/dhcp/6e9d60c2-e13a-4f33-b254-fb4a319a8ecd/opts
Oct 17 03:26:58.516183 podb-esxi207 dnsmasq-dhcp[1511371]: DHCPRELEASE(tapb3b1982a-69) 10.1.0.1 fa:16:3e:09:0d:3c
Oct 17 03:26:59.336503 podb-esxi207 dnsmasq[1511371]: read /opt/stack/data/neutron/dhcp/be325834-7919-483f-9287-59e6f38479af/addn_hosts - 0 names
Oct 17 03:26:59.336571 podb-esxi207 dnsmasq-dhcp[1511371]: read /opt/stack/data/neutron/dhcp/be325834-7919-483f-9287-59e6f38479af/host
Oct 17 03:26:59.336673 podb-esxi207 dnsmasq-dhcp[1511371]: read /opt/stack/data/neutron/dhcp/be325834-7919-483f-9287-59e6f38479af/opts
Oct 17 03:26:59.571005 podb-esxi207 dnsmasq[1508074]: exiting on receipt of SIGTERM
Oct 17 03:27:00.184022 podb-esxi207 dnsmasq[1510276]: exiting on receipt of SIGTERM
Oct 17 03:27:03.856815 podb-esxi207 dnsmasq[1516639]: started, version 2.90 cachesize 150
Oct 17 03:27:03.856841 podb-esxi207 dnsmasq[1516639]: DNS service limited to local subnets
Oct 17 03:27:03.856856 podb-esxi207 dnsmasq[1516639]: compile time options: IPv6 GNU-getopt DBus no-UBus i18n IDN2 DHCP DHCPv6 no-Lua TFTP conntrack ipset no-nftset auth cryptohash DNSSEC loop-detect inotify dumpfile
Oct 17 03:27:03.856908 podb-esxi207 dnsmasq-dhcp[1516639]: DHCP, static leases only on 10.1.1.0, lease time 1d
Oct 17 03:27:03.857053 podb-esxi207 dnsmasq[1516639]: reading /etc/resolv.conf
Oct 17 03:27:03.857068 podb-esxi207 dnsmasq[1516639]: using nameserver 127.0.0.53#53
Oct 17 03:27:03.857183 podb-esxi207 dnsmasq[1516639]: read /opt/stack/data/neutron/dhcp/d937469b-c24a-4c4c-aeda-58febe7c85d3/addn_hosts - 4 names
Oct 17 03:27:03.857244 podb-esxi207 dnsmasq-dhcp[1516639]: read /opt/stack/data/neutron/dhcp/d937469b-c24a-4c4c-aeda-58febe7c85d3/host
Oct 17 03:27:03.857288 podb-esxi207 dnsmasq-dhcp[1516639]: read /opt/stack/data/neutron/dhcp/d937469b-c24a-4c4c-aeda-58febe7c85d3/opts
Oct 17 03:27:03.880152 podb-esxi207 dnsmasq[1511371]: exiting on receipt of SIGTERM
Oct 17 03:27:05.663204 podb-esxi207 dnsmasq-dhcp[1508698]: DHCPDISCOVER(tap0542552d-f2) fa:16:3e:11:ff:d9
Oct 17 03:27:05.663214 podb-esxi207 dnsmasq-dhcp[1508698]: DHCPOFFER(tap0542552d-f2) 10.1.0.13 fa:16:3e:11:ff:d9
Oct 17 03:27:05.672502 podb-esxi207 dnsmasq-dhcp[1508698]: DHCPREQUEST(tap0542552d-f2) 10.1.0.13 fa:16:3e:11:ff:d9
Oct 17 03:27:05.672517 podb-esxi207 dnsmasq-dhcp[1508698]: DHCPACK(tap0542552d-f2) 10.1.0.13 fa:16:3e:11:ff:d9 host-10-1-0-13
Oct 17 03:27:07.032389 podb-esxi207 dnsmasq[1516946]: started, version 2.90 cachesize 150
Oct 17 03:27:07.032417 podb-esxi207 dnsmasq[1516946]: DNS service limited to local subnets
Oct 17 03:27:07.032431 podb-esxi207 dnsmasq[1516946]: compile time options: IPv6 GNU-getopt DBus no-UBus i18n IDN2 DHCP DHCPv6 no-Lua TFTP conntrack ipset no-nftset auth cryptohash DNSSEC loop-detect inotify dumpfile
Oct 17 03:27:07.032471 podb-esxi207 dnsmasq-dhcp[1516946]: DHCP, static leases only on 10.2.2.0, lease time 1d
Oct 17 03:27:07.032618 podb-esxi207 dnsmasq[1516946]: reading /etc/resolv.conf
Oct 17 03:27:07.032657 podb-esxi207 dnsmasq[1516946]: using nameserver 127.0.0.53#53
Oct 17 03:27:07.032743 podb-esxi207 dnsmasq[1516946]: read /opt/stack/data/neutron/dhcp/76ce9149-f3e2-408a-924e-49e1b99455bb/addn_hosts - 0 names
Oct 17 03:27:07.032793 podb-esxi207 dnsmasq-dhcp[1516946]: read /opt/stack/data/neutron/dhcp/76ce9149-f3e2-408a-924e-49e1b99455bb/host
Oct 17 03:27:07.032850 podb-esxi207 dnsmasq-dhcp[1516946]: read /opt/stack/data/neutron/dhcp/76ce9149-f3e2-408a-924e-49e1b99455bb/opts
Oct 17 03:27:09.307865 podb-esxi207 dnsmasq-dhcp[1514084]: DHCPDISCOVER(tape7ef3070-4a) fa:16:3e:17:99:de
Oct 17 03:27:09.307890 podb-esxi207 dnsmasq-dhcp[1514084]: DHCPOFFER(tape7ef3070-4a) 10.1.0.4 fa:16:3e:17:99:de
Oct 17 03:27:09.318903 podb-esxi207 dnsmasq-dhcp[1514084]: DHCPREQUEST(tape7ef3070-4a) 10.1.0.4 fa:16:3e:17:99:de
Oct 17 03:27:09.318932 podb-esxi207 dnsmasq-dhcp[1514084]: DHCPACK(tape7ef3070-4a) 10.1.0.4 fa:16:3e:17:99:de host-10-1-0-4
Oct 17 03:27:09.634554 podb-esxi207 dnsmasq[1517076]: started, version 2.90 cachesize 150
Oct 17 03:27:09.634580 podb-esxi207 dnsmasq[1517076]: DNS service limited to local subnets
Oct 17 03:27:09.634595 podb-esxi207 dnsmasq[1517076]: compile time options: IPv6 GNU-getopt DBus no-UBus i18n IDN2 DHCP DHCPv6 no-Lua TFTP conntrack ipset no-nftset auth cryptohash DNSSEC loop-detect inotify dumpfile
Oct 17 03:27:09.634636 podb-esxi207 dnsmasq-dhcp[1517076]: DHCP, static leases only on 10.1.0.0, lease time 1d
Oct 17 03:27:09.634787 podb-esxi207 dnsmasq[1517076]: reading /etc/resolv.conf
Oct 17 03:27:09.634803 podb-esxi207 dnsmasq[1517076]: using nameserver 127.0.0.53#53
Oct 17 03:27:09.634910 podb-esxi207 dnsmasq[1517076]: read /opt/stack/data/neutron/dhcp/f29df697-9e9e-42fb-9625-f50289ebc3a6/addn_hosts - 2 names
Oct 17 03:27:09.634967 podb-esxi207 dnsmasq-dhcp[1517076]: read /opt/stack/data/neutron/dhcp/f29df697-9e9e-42fb-9625-f50289ebc3a6/host
Oct 17 03:27:09.635031 podb-esxi207 dnsmasq-dhcp[1517076]: read /opt/stack/data/neutron/dhcp/f29df697-9e9e-42fb-9625-f50289ebc3a6/opts
Oct 17 03:27:12.708484 podb-esxi207 dnsmasq[1517145]: started, version 2.90 cachesize 150
Oct 17 03:27:12.708509 podb-esxi207 dnsmasq[1517145]: DNS service limited to local subnets
Oct 17 03:27:12.708524 podb-esxi207 dnsmasq[1517145]: compile time options: IPv6 GNU-getopt DBus no-UBus i18n IDN2 DHCP DHCPv6 no-Lua TFTP conntrack ipset no-nftset auth cryptohash DNSSEC loop-detect inotify dumpfile
Oct 17 03:27:12.708570 podb-esxi207 dnsmasq-dhcp[1517145]: DHCP, static leases only on 10.1.0.0, lease time 1d
Oct 17 03:27:12.708755 podb-esxi207 dnsmasq[1517145]: reading /etc/resolv.conf
Oct 17 03:27:12.708772 podb-esxi207 dnsmasq[1517145]: using nameserver 127.0.0.53#53
Oct 17 03:27:12.708888 podb-esxi207 dnsmasq[1517145]: read /opt/stack/data/neutron/dhcp/99476eb8-6011-480a-8cc8-0ca5c22908cd/addn_hosts - 2 names
Oct 17 03:27:12.708945 podb-esxi207 dnsmasq-dhcp[1517145]: read /opt/stack/data/neutron/dhcp/99476eb8-6011-480a-8cc8-0ca5c22908cd/host
Oct 17 03:27:12.709011 podb-esxi207 dnsmasq-dhcp[1517145]: read /opt/stack/data/neutron/dhcp/99476eb8-6011-480a-8cc8-0ca5c22908cd/opts
Oct 17 03:27:12.875324 podb-esxi207 dnsmasq-dhcp[1514084]: DHCPDISCOVER(tape7ef3070-4a) fa:16:3e:8f:9d:a5
Oct 17 03:27:12.875348 podb-esxi207 dnsmasq-dhcp[1514084]: DHCPOFFER(tape7ef3070-4a) 10.1.0.8 fa:16:3e:8f:9d:a5
Oct 17 03:27:12.883690 podb-esxi207 dnsmasq-dhcp[1514084]: DHCPREQUEST(tape7ef3070-4a) 10.1.0.8 fa:16:3e:8f:9d:a5
Oct 17 03:27:12.883722 podb-esxi207 dnsmasq-dhcp[1514084]: DHCPACK(tape7ef3070-4a) 10.1.0.8 fa:16:3e:8f:9d:a5 host-10-1-0-8
Oct 17 03:27:13.748877 podb-esxi207 dnsmasq[1516639]: read /opt/stack/data/neutron/dhcp/d937469b-c24a-4c4c-aeda-58febe7c85d3/addn_hosts - 8 names
Oct 17 03:27:13.748983 podb-esxi207 dnsmasq-dhcp[1516639]: read /opt/stack/data/neutron/dhcp/d937469b-c24a-4c4c-aeda-58febe7c85d3/host
Oct 17 03:27:13.749030 podb-esxi207 dnsmasq-dhcp[1516639]: read /opt/stack/data/neutron/dhcp/d937469b-c24a-4c4c-aeda-58febe7c85d3/opts
Oct 17 03:27:16.595215 podb-esxi207 dnsmasq[1517256]: started, version 2.90 cachesize 150
Oct 17 03:27:16.595238 podb-esxi207 dnsmasq[1517256]: DNS service limited to local subnets
Oct 17 03:27:16.595253 podb-esxi207 dnsmasq[1517256]: compile time options: IPv6 GNU-getopt DBus no-UBus i18n IDN2 DHCP DHCPv6 no-Lua TFTP conntrack ipset no-nftset auth cryptohash DNSSEC loop-detect inotify dumpfile
Oct 17 03:27:16.595288 podb-esxi207 dnsmasq-dhcp[1517256]: DHCP, static leases only on 10.10.10.0, lease time 1d
Oct 17 03:27:16.595449 podb-esxi207 dnsmasq[1517256]: reading /etc/resolv.conf
Oct 17 03:27:16.595465 podb-esxi207 dnsmasq[1517256]: using nameserver 127.0.0.53#53
Oct 17 03:27:16.595557 podb-esxi207 dnsmasq[1517256]: read /opt/stack/data/neutron/dhcp/14d60644-14af-4c54-8517-65e2ecda28ad/addn_hosts - 0 names
Oct 17 03:27:16.595608 podb-esxi207 dnsmasq-dhcp[1517256]: read /opt/stack/data/neutron/dhcp/14d60644-14af-4c54-8517-65e2ecda28ad/host
Oct 17 03:27:16.595667 podb-esxi207 dnsmasq-dhcp[1517256]: read /opt/stack/data/neutron/dhcp/14d60644-14af-4c54-8517-65e2ecda28ad/opts
Oct 17 03:27:17.635805 podb-esxi207 dnsmasq[1516946]: read /opt/stack/data/neutron/dhcp/76ce9149-f3e2-408a-924e-49e1b99455bb/addn_hosts - 4 names
Oct 17 03:27:17.635943 podb-esxi207 dnsmasq-dhcp[1516946]: read /opt/stack/data/neutron/dhcp/76ce9149-f3e2-408a-924e-49e1b99455bb/host
Oct 17 03:27:17.636036 podb-esxi207 dnsmasq-dhcp[1516946]: read /opt/stack/data/neutron/dhcp/76ce9149-f3e2-408a-924e-49e1b99455bb/opts
Oct 17 03:27:18.899708 podb-esxi207 dnsmasq[1517076]: read /opt/stack/data/neutron/dhcp/f29df697-9e9e-42fb-9625-f50289ebc3a6/addn_hosts - 4 names
Oct 17 03:27:18.899803 podb-esxi207 dnsmasq-dhcp[1517076]: read /opt/stack/data/neutron/dhcp/f29df697-9e9e-42fb-9625-f50289ebc3a6/host
Oct 17 03:27:18.899879 podb-esxi207 dnsmasq-dhcp[1517076]: read /opt/stack/data/neutron/dhcp/f29df697-9e9e-42fb-9625-f50289ebc3a6/opts
Oct 17 03:27:21.166799 podb-esxi207 dnsmasq[1517145]: read /opt/stack/data/neutron/dhcp/99476eb8-6011-480a-8cc8-0ca5c22908cd/addn_hosts - 2 names
Oct 17 03:27:21.166918 podb-esxi207 dnsmasq-dhcp[1517145]: read /opt/stack/data/neutron/dhcp/99476eb8-6011-480a-8cc8-0ca5c22908cd/host
Oct 17 03:27:21.167088 podb-esxi207 dnsmasq-dhcp[1517145]: read /opt/stack/data/neutron/dhcp/99476eb8-6011-480a-8cc8-0ca5c22908cd/opts
Oct 17 03:27:21.917480 podb-esxi207 dnsmasq[1516639]: read /opt/stack/data/neutron/dhcp/d937469b-c24a-4c4c-aeda-58febe7c85d3/addn_hosts - 8 names
Oct 17 03:27:21.917613 podb-esxi207 dnsmasq-dhcp[1516639]: read /opt/stack/data/neutron/dhcp/d937469b-c24a-4c4c-aeda-58febe7c85d3/host
Oct 17 03:27:21.917711 podb-esxi207 dnsmasq-dhcp[1516639]: read /opt/stack/data/neutron/dhcp/d937469b-c24a-4c4c-aeda-58febe7c85d3/opts
Oct 17 03:27:23.161676 podb-esxi207 dnsmasq[1517256]: read /opt/stack/data/neutron/dhcp/14d60644-14af-4c54-8517-65e2ecda28ad/addn_hosts - 0 names
Oct 17 03:27:23.161773 podb-esxi207 dnsmasq-dhcp[1517256]: read /opt/stack/data/neutron/dhcp/14d60644-14af-4c54-8517-65e2ecda28ad/host
Oct 17 03:27:23.161877 podb-esxi207 dnsmasq-dhcp[1517256]: read /opt/stack/data/neutron/dhcp/14d60644-14af-4c54-8517-65e2ecda28ad/opts
Oct 17 03:27:23.908624 podb-esxi207 dnsmasq[1515528]: read /opt/stack/data/neutron/dhcp/d22007c5-429e-4a0d-baa9-8d9c36fdc543/addn_hosts - 4 names
Oct 17 03:27:23.908776 podb-esxi207 dnsmasq-dhcp[1515528]: read /opt/stack/data/neutron/dhcp/d22007c5-429e-4a0d-baa9-8d9c36fdc543/host
Oct 17 03:27:23.908884 podb-esxi207 dnsmasq-dhcp[1515528]: read /opt/stack/data/neutron/dhcp/d22007c5-429e-4a0d-baa9-8d9c36fdc543/opts
Oct 17 03:27:24.654107 podb-esxi207 dnsmasq[1516946]: read /opt/stack/data/neutron/dhcp/76ce9149-f3e2-408a-924e-49e1b99455bb/addn_hosts - 4 names
Oct 17 03:27:24.654249 podb-esxi207 dnsmasq-dhcp[1516946]: read /opt/stack/data/neutron/dhcp/76ce9149-f3e2-408a-924e-49e1b99455bb/host
Oct 17 03:27:24.654347 podb-esxi207 dnsmasq-dhcp[1516946]: read /opt/stack/data/neutron/dhcp/76ce9149-f3e2-408a-924e-49e1b99455bb/opts
Oct 17 03:27:25.404222 podb-esxi207 dnsmasq[1517076]: read /opt/stack/data/neutron/dhcp/f29df697-9e9e-42fb-9625-f50289ebc3a6/addn_hosts - 4 names
Oct 17 03:27:25.404316 podb-esxi207 dnsmasq-dhcp[1517076]: read /opt/stack/data/neutron/dhcp/f29df697-9e9e-42fb-9625-f50289ebc3a6/host
Oct 17 03:27:25.404412 podb-esxi207 dnsmasq-dhcp[1517076]: read /opt/stack/data/neutron/dhcp/f29df697-9e9e-42fb-9625-f50289ebc3a6/opts
Oct 17 03:27:26.638721 podb-esxi207 dnsmasq[1517145]: read /opt/stack/data/neutron/dhcp/99476eb8-6011-480a-8cc8-0ca5c22908cd/addn_hosts - 2 names
Oct 17 03:27:26.638801 podb-esxi207 dnsmasq-dhcp[1517145]: read /opt/stack/data/neutron/dhcp/99476eb8-6011-480a-8cc8-0ca5c22908cd/host
Oct 17 03:27:26.638905 podb-esxi207 dnsmasq-dhcp[1517145]: read /opt/stack/data/neutron/dhcp/99476eb8-6011-480a-8cc8-0ca5c22908cd/opts
Oct 17 03:27:27.369154 podb-esxi207 dnsmasq[1516639]: read /opt/stack/data/neutron/dhcp/d937469b-c24a-4c4c-aeda-58febe7c85d3/addn_hosts - 8 names
Oct 17 03:27:27.369260 podb-esxi207 dnsmasq-dhcp[1516639]: read /opt/stack/data/neutron/dhcp/d937469b-c24a-4c4c-aeda-58febe7c85d3/host
Oct 17 03:27:27.369333 podb-esxi207 dnsmasq-dhcp[1516639]: read /opt/stack/data/neutron/dhcp/d937469b-c24a-4c4c-aeda-58febe7c85d3/opts
Oct 17 03:27:28.107404 podb-esxi207 dnsmasq[1516946]: read /opt/stack/data/neutron/dhcp/76ce9149-f3e2-408a-924e-49e1b99455bb/addn_hosts - 4 names
Oct 17 03:27:28.107512 podb-esxi207 dnsmasq-dhcp[1516946]: read /opt/stack/data/neutron/dhcp/76ce9149-f3e2-408a-924e-49e1b99455bb/host
Oct 17 03:27:28.107596 podb-esxi207 dnsmasq-dhcp[1516946]: read /opt/stack/data/neutron/dhcp/76ce9149-f3e2-408a-924e-49e1b99455bb/opts
Oct 17 03:27:28.834690 podb-esxi207 dnsmasq[1517076]: read /opt/stack/data/neutron/dhcp/f29df697-9e9e-42fb-9625-f50289ebc3a6/addn_hosts - 4 names
Oct 17 03:27:28.834808 podb-esxi207 dnsmasq-dhcp[1517076]: read /opt/stack/data/neutron/dhcp/f29df697-9e9e-42fb-9625-f50289ebc3a6/host
Oct 17 03:27:28.834921 podb-esxi207 dnsmasq-dhcp[1517076]: read /opt/stack/data/neutron/dhcp/f29df697-9e9e-42fb-9625-f50289ebc3a6/opts
Oct 17 03:27:30.072803 podb-esxi207 dnsmasq[1517145]: read /opt/stack/data/neutron/dhcp/99476eb8-6011-480a-8cc8-0ca5c22908cd/addn_hosts - 2 names
Oct 17 03:27:30.072900 podb-esxi207 dnsmasq-dhcp[1517145]: read /opt/stack/data/neutron/dhcp/99476eb8-6011-480a-8cc8-0ca5c22908cd/host
Oct 17 03:27:30.072974 podb-esxi207 dnsmasq-dhcp[1517145]: read /opt/stack/data/neutron/dhcp/99476eb8-6011-480a-8cc8-0ca5c22908cd/opts
Oct 17 03:27:30.807796 podb-esxi207 dnsmasq[1516639]: read /opt/stack/data/neutron/dhcp/d937469b-c24a-4c4c-aeda-58febe7c85d3/addn_hosts - 8 names
Oct 17 03:27:30.807917 podb-esxi207 dnsmasq-dhcp[1516639]: read /opt/stack/data/neutron/dhcp/d937469b-c24a-4c4c-aeda-58febe7c85d3/host
Oct 17 03:27:30.808002 podb-esxi207 dnsmasq-dhcp[1516639]: read /opt/stack/data/neutron/dhcp/d937469b-c24a-4c4c-aeda-58febe7c85d3/opts
Oct 17 03:27:31.539095 podb-esxi207 dnsmasq[1517076]: read /opt/stack/data/neutron/dhcp/f29df697-9e9e-42fb-9625-f50289ebc3a6/addn_hosts - 4 names
Oct 17 03:27:31.539213 podb-esxi207 dnsmasq-dhcp[1517076]: read /opt/stack/data/neutron/dhcp/f29df697-9e9e-42fb-9625-f50289ebc3a6/host
Oct 17 03:27:31.539321 podb-esxi207 dnsmasq-dhcp[1517076]: read /opt/stack/data/neutron/dhcp/f29df697-9e9e-42fb-9625-f50289ebc3a6/opts
Oct 17 03:27:32.776904 podb-esxi207 dnsmasq[1516639]: read /opt/stack/data/neutron/dhcp/d937469b-c24a-4c4c-aeda-58febe7c85d3/addn_hosts - 8 names
Oct 17 03:27:32.777044 podb-esxi207 dnsmasq-dhcp[1516639]: read /opt/stack/data/neutron/dhcp/d937469b-c24a-4c4c-aeda-58febe7c85d3/host
Oct 17 03:27:32.777138 podb-esxi207 dnsmasq-dhcp[1516639]: read /opt/stack/data/neutron/dhcp/d937469b-c24a-4c4c-aeda-58febe7c85d3/opts
Oct 17 03:27:41.374668 podb-esxi207 dnsmasq-dhcp[1517076]: DHCPDISCOVER(tapd3e47336-f2) fa:16:3e:9d:eb:22
Oct 17 03:27:41.374694 podb-esxi207 dnsmasq-dhcp[1517076]: DHCPOFFER(tapd3e47336-f2) 10.1.0.7 fa:16:3e:9d:eb:22
Oct 17 03:27:41.383027 podb-esxi207 dnsmasq-dhcp[1517076]: DHCPREQUEST(tapd3e47336-f2) 10.1.0.7 fa:16:3e:9d:eb:22
Oct 17 03:27:41.383052 podb-esxi207 dnsmasq-dhcp[1517076]: DHCPACK(tapd3e47336-f2) 10.1.0.7 fa:16:3e:9d:eb:22 host-10-1-0-7
Oct 17 03:27:46.265909 podb-esxi207 dnsmasq-dhcp[1508698]: DHCPRELEASE(tap0542552d-f2) 10.1.0.13 fa:16:3e:11:ff:d9
Oct 17 03:27:46.279621 podb-esxi207 dnsmasq-dhcp[1508698]: DHCPRELEASE(tap0542552d-f2) 10.1.0.13 fa:16:3e:11:ff:d9 unknown lease
Oct 17 03:27:47.101756 podb-esxi207 dnsmasq[1508698]: read /opt/stack/data/neutron/dhcp/5092ed7a-bd70-4038-86fd-05fd28eed14e/addn_hosts - 2 names
Oct 17 03:27:47.101876 podb-esxi207 dnsmasq-dhcp[1508698]: read /opt/stack/data/neutron/dhcp/5092ed7a-bd70-4038-86fd-05fd28eed14e/host
Oct 17 03:27:47.102028 podb-esxi207 dnsmasq-dhcp[1508698]: read /opt/stack/data/neutron/dhcp/5092ed7a-bd70-4038-86fd-05fd28eed14e/opts
Oct 17 03:27:49.397081 podb-esxi207 dnsmasq[1517256]: read /opt/stack/data/neutron/dhcp/14d60644-14af-4c54-8517-65e2ecda28ad/addn_hosts - 2 names
Oct 17 03:27:49.397161 podb-esxi207 dnsmasq-dhcp[1517256]: read /opt/stack/data/neutron/dhcp/14d60644-14af-4c54-8517-65e2ecda28ad/host
Oct 17 03:27:49.397242 podb-esxi207 dnsmasq-dhcp[1517256]: read /opt/stack/data/neutron/dhcp/14d60644-14af-4c54-8517-65e2ecda28ad/opts
Oct 17 03:27:54.361357 podb-esxi207 dnsmasq-dhcp[1508698]: DHCPRELEASE(tap0542552d-f2) 10.1.0.1 fa:16:3e:68:87:d3
Oct 17 03:27:54.611517 podb-esxi207 dnsmasq-dhcp[1517256]: DHCPDISCOVER(tap64ece8b9-91) fa:16:3e:66:ad:fc
Oct 17 03:27:54.611542 podb-esxi207 dnsmasq-dhcp[1517256]: DHCPOFFER(tap64ece8b9-91) 10.10.10.228 fa:16:3e:66:ad:fc
Oct 17 03:27:54.617855 podb-esxi207 dnsmasq-dhcp[1517256]: DHCPREQUEST(tap64ece8b9-91) 10.10.10.228 fa:16:3e:66:ad:fc
Oct 17 03:27:54.617884 podb-esxi207 dnsmasq-dhcp[1517256]: DHCPACK(tap64ece8b9-91) 10.10.10.228 fa:16:3e:66:ad:fc host-10-10-10-228
Oct 17 03:27:55.182596 podb-esxi207 dnsmasq[1508698]: read /opt/stack/data/neutron/dhcp/5092ed7a-bd70-4038-86fd-05fd28eed14e/addn_hosts - 0 names
Oct 17 03:27:55.182690 podb-esxi207 dnsmasq-dhcp[1508698]: read /opt/stack/data/neutron/dhcp/5092ed7a-bd70-4038-86fd-05fd28eed14e/host
Oct 17 03:27:55.182798 podb-esxi207 dnsmasq-dhcp[1508698]: read /opt/stack/data/neutron/dhcp/5092ed7a-bd70-4038-86fd-05fd28eed14e/opts
Oct 17 03:27:55.406230 podb-esxi207 dnsmasq[1508698]: exiting on receipt of SIGTERM
Oct 17 03:27:58.997496 podb-esxi207 dnsmasq[1518878]: started, version 2.90 cachesize 150
Oct 17 03:27:58.997518 podb-esxi207 dnsmasq[1518878]: DNS service limited to local subnets
Oct 17 03:27:58.997532 podb-esxi207 dnsmasq[1518878]: compile time options: IPv6 GNU-getopt DBus no-UBus i18n IDN2 DHCP DHCPv6 no-Lua TFTP conntrack ipset no-nftset auth cryptohash DNSSEC loop-detect inotify dumpfile
Oct 17 03:27:58.997567 podb-esxi207 dnsmasq-dhcp[1518878]: DHCP, static leases only on 10.1.0.0, lease time 1d
Oct 17 03:27:58.997711 podb-esxi207 dnsmasq[1518878]: reading /etc/resolv.conf
Oct 17 03:27:58.997727 podb-esxi207 dnsmasq[1518878]: using nameserver 127.0.0.53#53
Oct 17 03:27:58.997815 podb-esxi207 dnsmasq[1518878]: read /opt/stack/data/neutron/dhcp/7cc34154-c9b9-4f4b-aee4-050ecfe56bd7/addn_hosts - 0 names
Oct 17 03:27:58.997865 podb-esxi207 dnsmasq-dhcp[1518878]: read /opt/stack/data/neutron/dhcp/7cc34154-c9b9-4f4b-aee4-050ecfe56bd7/host
Oct 17 03:27:58.997920 podb-esxi207 dnsmasq-dhcp[1518878]: read /opt/stack/data/neutron/dhcp/7cc34154-c9b9-4f4b-aee4-050ecfe56bd7/opts
Oct 17 03:28:00.384176 podb-esxi207 dnsmasq-dhcp[1516639]: DHCPDISCOVER(tapd1081f90-d1) fa:16:3e:4e:5f:d1
Oct 17 03:28:00.384201 podb-esxi207 dnsmasq-dhcp[1516639]: DHCPOFFER(tapd1081f90-d1) 10.1.1.9 fa:16:3e:4e:5f:d1
Oct 17 03:28:00.399089 podb-esxi207 dnsmasq-dhcp[1515528]: DHCPDISCOVER(tapa598c78a-f9) fa:16:3e:b7:ad:0f
Oct 17 03:28:00.399119 podb-esxi207 dnsmasq-dhcp[1515528]: DHCPOFFER(tapa598c78a-f9) 10.1.0.14 fa:16:3e:b7:ad:0f
Oct 17 03:28:00.500390 podb-esxi207 dnsmasq-dhcp[1515528]: DHCPREQUEST(tapa598c78a-f9) 10.1.0.14 fa:16:3e:b7:ad:0f
Oct 17 03:28:00.500423 podb-esxi207 dnsmasq-dhcp[1515528]: DHCPACK(tapa598c78a-f9) 10.1.0.14 fa:16:3e:b7:ad:0f host-10-1-0-14
Oct 17 03:28:00.541348 podb-esxi207 dnsmasq[1518878]: read /opt/stack/data/neutron/dhcp/7cc34154-c9b9-4f4b-aee4-050ecfe56bd7/addn_hosts - 2 names
Oct 17 03:28:00.541465 podb-esxi207 dnsmasq-dhcp[1518878]: read /opt/stack/data/neutron/dhcp/7cc34154-c9b9-4f4b-aee4-050ecfe56bd7/host
Oct 17 03:28:00.541575 podb-esxi207 dnsmasq-dhcp[1518878]: read /opt/stack/data/neutron/dhcp/7cc34154-c9b9-4f4b-aee4-050ecfe56bd7/opts
Oct 17 03:28:00.611196 podb-esxi207 dnsmasq-dhcp[1516639]: DHCPREQUEST(tapd1081f90-d1) 10.1.1.9 fa:16:3e:4e:5f:d1
Oct 17 03:28:00.611227 podb-esxi207 dnsmasq-dhcp[1516639]: DHCPACK(tapd1081f90-d1) 10.1.1.9 fa:16:3e:4e:5f:d1 host-10-1-1-9
Oct 17 03:28:01.423106 podb-esxi207 dnsmasq-dhcp[1516639]: DHCPDISCOVER(tapd1081f90-d1) fa:16:3e:ed:37:eb
Oct 17 03:28:01.423129 podb-esxi207 dnsmasq-dhcp[1516639]: DHCPOFFER(tapd1081f90-d1) 10.1.1.222 fa:16:3e:ed:37:eb
Oct 17 03:28:01.436669 podb-esxi207 dnsmasq-dhcp[1516639]: DHCPREQUEST(tapd1081f90-d1) 10.1.1.222 fa:16:3e:ed:37:eb
Oct 17 03:28:01.436697 podb-esxi207 dnsmasq-dhcp[1516639]: DHCPACK(tapd1081f90-d1) 10.1.1.222 fa:16:3e:ed:37:eb host-10-1-1-222
Oct 17 03:28:01.452618 podb-esxi207 dnsmasq-dhcp[1516639]: DHCPDISCOVER(tapd1081f90-d1) fa:16:3e:8a:ac:84
Oct 17 03:28:01.452662 podb-esxi207 dnsmasq-dhcp[1516639]: DHCPOFFER(tapd1081f90-d1) 10.1.1.30 fa:16:3e:8a:ac:84
Oct 17 03:28:01.488626 podb-esxi207 dnsmasq-dhcp[1516639]: DHCPREQUEST(tapd1081f90-d1) 10.1.1.30 fa:16:3e:8a:ac:84
Oct 17 03:28:01.488681 podb-esxi207 dnsmasq-dhcp[1516639]: DHCPACK(tapd1081f90-d1) 10.1.1.30 fa:16:3e:8a:ac:84 host-10-1-1-30
Oct 17 03:28:01.662201 podb-esxi207 dnsmasq-dhcp[1516946]: DHCPDISCOVER(tap8b67f27c-02) fa:16:3e:bf:e6:c0
Oct 17 03:28:01.662231 podb-esxi207 dnsmasq-dhcp[1516946]: DHCPOFFER(tap8b67f27c-02) 10.2.2.100 fa:16:3e:bf:e6:c0
Oct 17 03:28:01.670133 podb-esxi207 dnsmasq-dhcp[1516946]: DHCPREQUEST(tap8b67f27c-02) 10.2.2.100 fa:16:3e:bf:e6:c0
Oct 17 03:28:01.670168 podb-esxi207 dnsmasq-dhcp[1516946]: DHCPACK(tap8b67f27c-02) 10.2.2.100 fa:16:3e:bf:e6:c0 host-10-2-2-100
Oct 17 03:28:01.771573 podb-esxi207 dnsmasq-dhcp[1516639]: DHCPDISCOVER(tapd1081f90-d1) fa:16:3e:fc:c4:be
Oct 17 03:28:01.771599 podb-esxi207 dnsmasq-dhcp[1516639]: DHCPOFFER(tapd1081f90-d1) 10.1.1.103 fa:16:3e:fc:c4:be
Oct 17 03:28:01.775243 podb-esxi207 dnsmasq-dhcp[1516639]: DHCPREQUEST(tapd1081f90-d1) 10.1.1.103 fa:16:3e:fc:c4:be
Oct 17 03:28:01.775268 podb-esxi207 dnsmasq-dhcp[1516639]: DHCPACK(tapd1081f90-d1) 10.1.1.103 fa:16:3e:fc:c4:be host-10-1-1-103
Oct 17 03:28:01.775457 podb-esxi207 dnsmasq[1518878]: read /opt/stack/data/neutron/dhcp/7cc34154-c9b9-4f4b-aee4-050ecfe56bd7/addn_hosts - 2 names
Oct 17 03:28:01.775585 podb-esxi207 dnsmasq-dhcp[1518878]: read /opt/stack/data/neutron/dhcp/7cc34154-c9b9-4f4b-aee4-050ecfe56bd7/host
Oct 17 03:28:01.775697 podb-esxi207 dnsmasq-dhcp[1518878]: read /opt/stack/data/neutron/dhcp/7cc34154-c9b9-4f4b-aee4-050ecfe56bd7/opts
Oct 17 03:28:02.503699 podb-esxi207 dnsmasq-dhcp[1516946]: DHCPDISCOVER(tap8b67f27c-02) fa:16:3e:bb:56:64
Oct 17 03:28:02.503724 podb-esxi207 dnsmasq-dhcp[1516946]: DHCPOFFER(tap8b67f27c-02) 10.2.2.200 fa:16:3e:bb:56:64
Oct 17 03:28:02.510550 podb-esxi207 dnsmasq-dhcp[1516946]: DHCPREQUEST(tap8b67f27c-02) 10.2.2.200 fa:16:3e:bb:56:64
Oct 17 03:28:02.510574 podb-esxi207 dnsmasq-dhcp[1516946]: DHCPACK(tap8b67f27c-02) 10.2.2.200 fa:16:3e:bb:56:64 host-10-2-2-200
Oct 17 03:28:02.997968 podb-esxi207 dnsmasq[1518878]: read /opt/stack/data/neutron/dhcp/7cc34154-c9b9-4f4b-aee4-050ecfe56bd7/addn_hosts - 2 names
Oct 17 03:28:02.998070 podb-esxi207 dnsmasq-dhcp[1518878]: read /opt/stack/data/neutron/dhcp/7cc34154-c9b9-4f4b-aee4-050ecfe56bd7/host
Oct 17 03:28:02.998179 podb-esxi207 dnsmasq-dhcp[1518878]: read /opt/stack/data/neutron/dhcp/7cc34154-c9b9-4f4b-aee4-050ecfe56bd7/opts
Oct 17 03:28:04.233363 podb-esxi207 dnsmasq[1518878]: read /opt/stack/data/neutron/dhcp/7cc34154-c9b9-4f4b-aee4-050ecfe56bd7/addn_hosts - 4 names
Oct 17 03:28:04.233490 podb-esxi207 dnsmasq-dhcp[1518878]: read /opt/stack/data/neutron/dhcp/7cc34154-c9b9-4f4b-aee4-050ecfe56bd7/host
Oct 17 03:28:04.233607 podb-esxi207 dnsmasq-dhcp[1518878]: read /opt/stack/data/neutron/dhcp/7cc34154-c9b9-4f4b-aee4-050ecfe56bd7/opts
Oct 17 03:28:23.529821 podb-esxi207 dnsmasq-dhcp[1515528]: DHCPRELEASE(tapa598c78a-f9) 10.1.0.14 fa:16:3e:b7:ad:0f
Oct 17 03:28:23.543576 podb-esxi207 dnsmasq-dhcp[1515528]: DHCPRELEASE(tapa598c78a-f9) 10.1.0.14 fa:16:3e:b7:ad:0f unknown lease
Oct 17 03:28:24.364546 podb-esxi207 dnsmasq[1515528]: read /opt/stack/data/neutron/dhcp/d22007c5-429e-4a0d-baa9-8d9c36fdc543/addn_hosts - 2 names
Oct 17 03:28:24.364627 podb-esxi207 dnsmasq-dhcp[1515528]: read /opt/stack/data/neutron/dhcp/d22007c5-429e-4a0d-baa9-8d9c36fdc543/host
Oct 17 03:28:24.364715 podb-esxi207 dnsmasq-dhcp[1515528]: read /opt/stack/data/neutron/dhcp/d22007c5-429e-4a0d-baa9-8d9c36fdc543/opts
Oct 17 03:28:24.598254 podb-esxi207 dnsmasq-dhcp[1516946]: DHCPRELEASE(tap8b67f27c-02) 10.2.2.100 fa:16:3e:bf:e6:c0
Oct 17 03:28:24.613723 podb-esxi207 dnsmasq-dhcp[1516946]: DHCPRELEASE(tap8b67f27c-02) 10.2.2.100 fa:16:3e:bf:e6:c0 unknown lease
Oct 17 03:28:25.435663 podb-esxi207 dnsmasq[1516946]: read /opt/stack/data/neutron/dhcp/76ce9149-f3e2-408a-924e-49e1b99455bb/addn_hosts - 2 names
Oct 17 03:28:25.435738 podb-esxi207 dnsmasq-dhcp[1516946]: read /opt/stack/data/neutron/dhcp/76ce9149-f3e2-408a-924e-49e1b99455bb/host
Oct 17 03:28:25.435802 podb-esxi207 dnsmasq-dhcp[1516946]: read /opt/stack/data/neutron/dhcp/76ce9149-f3e2-408a-924e-49e1b99455bb/opts
Oct 17 03:28:25.660822 podb-esxi207 dnsmasq-dhcp[1516639]: DHCPRELEASE(tapd1081f90-d1) 10.1.1.30 fa:16:3e:8a:ac:84
Oct 17 03:28:25.676545 podb-esxi207 dnsmasq-dhcp[1516639]: DHCPRELEASE(tapd1081f90-d1) 10.1.1.30 fa:16:3e:8a:ac:84 unknown lease
Oct 17 03:28:26.499622 podb-esxi207 dnsmasq[1516639]: read /opt/stack/data/neutron/dhcp/d937469b-c24a-4c4c-aeda-58febe7c85d3/addn_hosts - 6 names
Oct 17 03:28:26.499741 podb-esxi207 dnsmasq-dhcp[1516639]: read /opt/stack/data/neutron/dhcp/d937469b-c24a-4c4c-aeda-58febe7c85d3/host
Oct 17 03:28:26.499842 podb-esxi207 dnsmasq-dhcp[1516639]: read /opt/stack/data/neutron/dhcp/d937469b-c24a-4c4c-aeda-58febe7c85d3/opts
Oct 17 03:28:26.648792 podb-esxi207 dnsmasq-dhcp[1518878]: DHCPDISCOVER(tapc96943b6-2a) fa:16:3e:8e:ad:cd
Oct 17 03:28:26.648819 podb-esxi207 dnsmasq-dhcp[1518878]: DHCPOFFER(tapc96943b6-2a) 10.1.0.12 fa:16:3e:8e:ad:cd
Oct 17 03:28:26.661464 podb-esxi207 dnsmasq-dhcp[1518878]: DHCPREQUEST(tapc96943b6-2a) 10.1.0.12 fa:16:3e:8e:ad:cd
Oct 17 03:28:26.661489 podb-esxi207 dnsmasq-dhcp[1518878]: DHCPACK(tapc96943b6-2a) 10.1.0.12 fa:16:3e:8e:ad:cd host-10-1-0-12
Oct 17 03:28:27.247587 podb-esxi207 dnsmasq[1518878]: read /opt/stack/data/neutron/dhcp/7cc34154-c9b9-4f4b-aee4-050ecfe56bd7/addn_hosts - 6 names
Oct 17 03:28:27.247752 podb-esxi207 dnsmasq-dhcp[1518878]: read /opt/stack/data/neutron/dhcp/7cc34154-c9b9-4f4b-aee4-050ecfe56bd7/host
Oct 17 03:28:27.247869 podb-esxi207 dnsmasq-dhcp[1518878]: read /opt/stack/data/neutron/dhcp/7cc34154-c9b9-4f4b-aee4-050ecfe56bd7/opts
Oct 17 03:28:27.488415 podb-esxi207 dnsmasq-dhcp[1516946]: DHCPRELEASE(tap8b67f27c-02) 10.2.2.200 fa:16:3e:bb:56:64
Oct 17 03:28:27.502498 podb-esxi207 dnsmasq-dhcp[1516946]: DHCPRELEASE(tap8b67f27c-02) 10.2.2.200 fa:16:3e:bb:56:64 unknown lease
Oct 17 03:28:28.325426 podb-esxi207 dnsmasq[1516946]: read /opt/stack/data/neutron/dhcp/76ce9149-f3e2-408a-924e-49e1b99455bb/addn_hosts - 0 names
Oct 17 03:28:28.325520 podb-esxi207 dnsmasq-dhcp[1516946]: read /opt/stack/data/neutron/dhcp/76ce9149-f3e2-408a-924e-49e1b99455bb/host
Oct 17 03:28:28.325628 podb-esxi207 dnsmasq-dhcp[1516946]: read /opt/stack/data/neutron/dhcp/76ce9149-f3e2-408a-924e-49e1b99455bb/opts
Oct 17 03:28:28.554730 podb-esxi207 dnsmasq-dhcp[1516639]: DHCPRELEASE(tapd1081f90-d1) 10.1.1.103 fa:16:3e:fc:c4:be
Oct 17 03:28:28.571509 podb-esxi207 dnsmasq-dhcp[1516639]: DHCPRELEASE(tapd1081f90-d1) 10.1.1.103 fa:16:3e:fc:c4:be unknown lease
Oct 17 03:28:29.396523 podb-esxi207 dnsmasq[1516639]: read /opt/stack/data/neutron/dhcp/d937469b-c24a-4c4c-aeda-58febe7c85d3/addn_hosts - 4 names
Oct 17 03:28:29.396590 podb-esxi207 dnsmasq-dhcp[1516639]: read /opt/stack/data/neutron/dhcp/d937469b-c24a-4c4c-aeda-58febe7c85d3/host
Oct 17 03:28:29.396617 podb-esxi207 dnsmasq-dhcp[1516639]: read /opt/stack/data/neutron/dhcp/d937469b-c24a-4c4c-aeda-58febe7c85d3/opts
Oct 17 03:28:41.660093 podb-esxi207 dnsmasq-dhcp[1516639]: DHCPRELEASE(tapd1081f90-d1) 10.1.1.9 fa:16:3e:4e:5f:d1
Oct 17 03:28:41.677750 podb-esxi207 dnsmasq-dhcp[1516639]: DHCPRELEASE(tapd1081f90-d1) 10.1.1.9 fa:16:3e:4e:5f:d1 unknown lease
Oct 17 03:28:42.502440 podb-esxi207 dnsmasq[1516639]: read /opt/stack/data/neutron/dhcp/d937469b-c24a-4c4c-aeda-58febe7c85d3/addn_hosts - 2 names
Oct 17 03:28:42.502594 podb-esxi207 dnsmasq-dhcp[1516639]: read /opt/stack/data/neutron/dhcp/d937469b-c24a-4c4c-aeda-58febe7c85d3/host
Oct 17 03:28:42.502689 podb-esxi207 dnsmasq-dhcp[1516639]: read /opt/stack/data/neutron/dhcp/d937469b-c24a-4c4c-aeda-58febe7c85d3/opts
Oct 17 03:28:43.244843 podb-esxi207 dnsmasq[1516946]: exiting on receipt of SIGTERM
Oct 17 03:28:44.368122 podb-esxi207 dnsmasq[1516639]: exiting on receipt of SIGTERM
Oct 17 03:28:58.718865 podb-esxi207 dnsmasq-dhcp[1517256]: DHCPRELEASE(tap64ece8b9-91) 10.10.10.228 fa:16:3e:66:ad:fc
Oct 17 03:28:58.733492 podb-esxi207 dnsmasq-dhcp[1517256]: DHCPRELEASE(tap64ece8b9-91) 10.10.10.228 fa:16:3e:66:ad:fc unknown lease
Oct 17 03:28:59.557522 podb-esxi207 dnsmasq[1517256]: read /opt/stack/data/neutron/dhcp/14d60644-14af-4c54-8517-65e2ecda28ad/addn_hosts - 0 names
Oct 17 03:28:59.557582 podb-esxi207 dnsmasq-dhcp[1517256]: read /opt/stack/data/neutron/dhcp/14d60644-14af-4c54-8517-65e2ecda28ad/host
Oct 17 03:28:59.557637 podb-esxi207 dnsmasq-dhcp[1517256]: read /opt/stack/data/neutron/dhcp/14d60644-14af-4c54-8517-65e2ecda28ad/opts
Oct 17 03:28:59.787891 podb-esxi207 dnsmasq-dhcp[1515528]: DHCPRELEASE(tapa598c78a-f9) 10.1.0.1 fa:16:3e:7f:26:30
Oct 17 03:29:00.612521 podb-esxi207 dnsmasq[1515528]: read /opt/stack/data/neutron/dhcp/d22007c5-429e-4a0d-baa9-8d9c36fdc543/addn_hosts - 0 names
Oct 17 03:29:00.612600 podb-esxi207 dnsmasq-dhcp[1515528]: read /opt/stack/data/neutron/dhcp/d22007c5-429e-4a0d-baa9-8d9c36fdc543/host
Oct 17 03:29:00.612728 podb-esxi207 dnsmasq-dhcp[1515528]: read /opt/stack/data/neutron/dhcp/d22007c5-429e-4a0d-baa9-8d9c36fdc543/opts
Oct 17 03:29:00.870583 podb-esxi207 dnsmasq[1515528]: exiting on receipt of SIGTERM
Oct 17 03:29:01.474332 podb-esxi207 dnsmasq-dhcp[1515847]: DHCPRELEASE(tapc0de0626-88) 10.1.0.1 fa:16:3e:a2:61:70
Oct 17 03:29:02.300476 podb-esxi207 dnsmasq[1515847]: read /opt/stack/data/neutron/dhcp/d61067e9-e0c0-4e92-8901-aa07088965e4/addn_hosts - 0 names
Oct 17 03:29:02.300550 podb-esxi207 dnsmasq-dhcp[1515847]: read /opt/stack/data/neutron/dhcp/d61067e9-e0c0-4e92-8901-aa07088965e4/host
Oct 17 03:29:02.300690 podb-esxi207 dnsmasq-dhcp[1515847]: read /opt/stack/data/neutron/dhcp/d61067e9-e0c0-4e92-8901-aa07088965e4/opts
Oct 17 03:29:02.542570 podb-esxi207 dnsmasq[1515847]: exiting on receipt of SIGTERM
Oct 17 03:29:07.321643 podb-esxi207 dnsmasq[1521030]: started, version 2.90 cachesize 150
Oct 17 03:29:07.321668 podb-esxi207 dnsmasq[1521030]: DNS service limited to local subnets
Oct 17 03:29:07.321683 podb-esxi207 dnsmasq[1521030]: compile time options: IPv6 GNU-getopt DBus no-UBus i18n IDN2 DHCP DHCPv6 no-Lua TFTP conntrack ipset no-nftset auth cryptohash DNSSEC loop-detect inotify dumpfile
Oct 17 03:29:07.321724 podb-esxi207 dnsmasq-dhcp[1521030]: DHCP, static leases only on 10.1.0.0, lease time 1d
Oct 17 03:29:07.321880 podb-esxi207 dnsmasq[1521030]: reading /etc/resolv.conf
Oct 17 03:29:07.321898 podb-esxi207 dnsmasq[1521030]: using nameserver 127.0.0.53#53
Oct 17 03:29:07.321986 podb-esxi207 dnsmasq[1521030]: read /opt/stack/data/neutron/dhcp/52d015a2-486f-4f11-8439-7a42d607e723/addn_hosts - 0 names
Oct 17 03:29:07.322039 podb-esxi207 dnsmasq-dhcp[1521030]: read /opt/stack/data/neutron/dhcp/52d015a2-486f-4f11-8439-7a42d607e723/host
Oct 17 03:29:07.322095 podb-esxi207 dnsmasq-dhcp[1521030]: read /opt/stack/data/neutron/dhcp/52d015a2-486f-4f11-8439-7a42d607e723/opts
Oct 17 03:29:07.859489 podb-esxi207 dnsmasq-dhcp[1517076]: DHCPRELEASE(tapd3e47336-f2) 10.1.0.7 fa:16:3e:9d:eb:22
Oct 17 03:29:07.877006 podb-esxi207 dnsmasq-dhcp[1517076]: DHCPRELEASE(tapd3e47336-f2) 10.1.0.7 fa:16:3e:9d:eb:22 unknown lease
Oct 17 03:29:08.702829 podb-esxi207 dnsmasq[1517076]: read /opt/stack/data/neutron/dhcp/f29df697-9e9e-42fb-9625-f50289ebc3a6/addn_hosts - 2 names
Oct 17 03:29:08.702965 podb-esxi207 dnsmasq-dhcp[1517076]: read /opt/stack/data/neutron/dhcp/f29df697-9e9e-42fb-9625-f50289ebc3a6/host
Oct 17 03:29:08.703093 podb-esxi207 dnsmasq-dhcp[1517076]: read /opt/stack/data/neutron/dhcp/f29df697-9e9e-42fb-9625-f50289ebc3a6/opts
Oct 17 03:29:09.965509 podb-esxi207 dnsmasq[1521030]: read /opt/stack/data/neutron/dhcp/52d015a2-486f-4f11-8439-7a42d607e723/addn_hosts - 2 names
Oct 17 03:29:09.965615 podb-esxi207 dnsmasq-dhcp[1521030]: read /opt/stack/data/neutron/dhcp/52d015a2-486f-4f11-8439-7a42d607e723/host
Oct 17 03:29:09.965720 podb-esxi207 dnsmasq-dhcp[1521030]: read /opt/stack/data/neutron/dhcp/52d015a2-486f-4f11-8439-7a42d607e723/opts
Oct 17 03:29:11.230226 podb-esxi207 dnsmasq[1521030]: read /opt/stack/data/neutron/dhcp/52d015a2-486f-4f11-8439-7a42d607e723/addn_hosts - 2 names
Oct 17 03:29:11.230330 podb-esxi207 dnsmasq-dhcp[1521030]: read /opt/stack/data/neutron/dhcp/52d015a2-486f-4f11-8439-7a42d607e723/host
Oct 17 03:29:11.230438 podb-esxi207 dnsmasq-dhcp[1521030]: read /opt/stack/data/neutron/dhcp/52d015a2-486f-4f11-8439-7a42d607e723/opts
Oct 17 03:29:13.000050 podb-esxi207 dnsmasq[1521030]: read /opt/stack/data/neutron/dhcp/52d015a2-486f-4f11-8439-7a42d607e723/addn_hosts - 2 names
Oct 17 03:29:13.000140 podb-esxi207 dnsmasq-dhcp[1521030]: read /opt/stack/data/neutron/dhcp/52d015a2-486f-4f11-8439-7a42d607e723/host
Oct 17 03:29:13.000264 podb-esxi207 dnsmasq-dhcp[1521030]: read /opt/stack/data/neutron/dhcp/52d015a2-486f-4f11-8439-7a42d607e723/opts
Oct 17 03:29:13.743500 podb-esxi207 dnsmasq[1517256]: exiting on receipt of SIGTERM
Oct 17 03:29:14.858000 podb-esxi207 dnsmasq[1521030]: read /opt/stack/data/neutron/dhcp/52d015a2-486f-4f11-8439-7a42d607e723/addn_hosts - 4 names
Oct 17 03:29:14.858106 podb-esxi207 dnsmasq-dhcp[1521030]: read /opt/stack/data/neutron/dhcp/52d015a2-486f-4f11-8439-7a42d607e723/host
Oct 17 03:29:14.858226 podb-esxi207 dnsmasq-dhcp[1521030]: read /opt/stack/data/neutron/dhcp/52d015a2-486f-4f11-8439-7a42d607e723/opts
Oct 17 03:29:16.091699 podb-esxi207 dnsmasq[1521030]: read /opt/stack/data/neutron/dhcp/52d015a2-486f-4f11-8439-7a42d607e723/addn_hosts - 6 names
Oct 17 03:29:16.091830 podb-esxi207 dnsmasq-dhcp[1521030]: read /opt/stack/data/neutron/dhcp/52d015a2-486f-4f11-8439-7a42d607e723/host
Oct 17 03:29:16.091941 podb-esxi207 dnsmasq-dhcp[1521030]: read /opt/stack/data/neutron/dhcp/52d015a2-486f-4f11-8439-7a42d607e723/opts
Oct 17 03:29:16.834887 podb-esxi207 dnsmasq-dhcp[1514084]: DHCPRELEASE(tape7ef3070-4a) 10.1.0.4 fa:16:3e:17:99:de
Oct 17 03:29:16.853115 podb-esxi207 dnsmasq-dhcp[1514084]: DHCPRELEASE(tape7ef3070-4a) 10.1.0.4 fa:16:3e:17:99:de unknown lease
Oct 17 03:29:17.678083 podb-esxi207 dnsmasq[1514084]: read /opt/stack/data/neutron/dhcp/adfa9781-d4af-4619-a4e3-77d4c4d19b9f/addn_hosts - 4 names
Oct 17 03:29:17.678204 podb-esxi207 dnsmasq-dhcp[1514084]: read /opt/stack/data/neutron/dhcp/adfa9781-d4af-4619-a4e3-77d4c4d19b9f/host
Oct 17 03:29:17.678279 podb-esxi207 dnsmasq-dhcp[1514084]: read /opt/stack/data/neutron/dhcp/adfa9781-d4af-4619-a4e3-77d4c4d19b9f/opts
Oct 17 03:29:17.925216 podb-esxi207 dnsmasq-dhcp[1517076]: DHCPRELEASE(tapd3e47336-f2) 10.1.0.1 fa:16:3e:3f:f9:ab
Oct 17 03:29:18.762943 podb-esxi207 dnsmasq[1517076]: read /opt/stack/data/neutron/dhcp/f29df697-9e9e-42fb-9625-f50289ebc3a6/addn_hosts - 0 names
Oct 17 03:29:18.762990 podb-esxi207 dnsmasq-dhcp[1517076]: read /opt/stack/data/neutron/dhcp/f29df697-9e9e-42fb-9625-f50289ebc3a6/host
Oct 17 03:29:18.763027 podb-esxi207 dnsmasq-dhcp[1517076]: read /opt/stack/data/neutron/dhcp/f29df697-9e9e-42fb-9625-f50289ebc3a6/opts
Oct 17 03:29:19.001501 podb-esxi207 dnsmasq-dhcp[1514084]: DHCPRELEASE(tape7ef3070-4a) 10.1.0.8 fa:16:3e:8f:9d:a5
Oct 17 03:29:19.019442 podb-esxi207 dnsmasq-dhcp[1514084]: DHCPRELEASE(tape7ef3070-4a) 10.1.0.8 fa:16:3e:8f:9d:a5 unknown lease
Oct 17 03:29:19.842983 podb-esxi207 dnsmasq[1514084]: read /opt/stack/data/neutron/dhcp/adfa9781-d4af-4619-a4e3-77d4c4d19b9f/addn_hosts - 2 names
Oct 17 03:29:19.843107 podb-esxi207 dnsmasq-dhcp[1514084]: read /opt/stack/data/neutron/dhcp/adfa9781-d4af-4619-a4e3-77d4c4d19b9f/host
Oct 17 03:29:19.843266 podb-esxi207 dnsmasq-dhcp[1514084]: read /opt/stack/data/neutron/dhcp/adfa9781-d4af-4619-a4e3-77d4c4d19b9f/opts
Oct 17 03:29:20.091408 podb-esxi207 dnsmasq-dhcp[1517145]: DHCPRELEASE(tapee09a62d-46) 10.1.0.1 fa:16:3e:01:81:8f
Oct 17 03:29:20.916254 podb-esxi207 dnsmasq[1517145]: read /opt/stack/data/neutron/dhcp/99476eb8-6011-480a-8cc8-0ca5c22908cd/addn_hosts - 0 names
Oct 17 03:29:20.916323 podb-esxi207 dnsmasq-dhcp[1517145]: read /opt/stack/data/neutron/dhcp/99476eb8-6011-480a-8cc8-0ca5c22908cd/host
Oct 17 03:29:20.916409 podb-esxi207 dnsmasq-dhcp[1517145]: read /opt/stack/data/neutron/dhcp/99476eb8-6011-480a-8cc8-0ca5c22908cd/opts
Oct 17 03:29:21.165550 podb-esxi207 dnsmasq[1517076]: exiting on receipt of SIGTERM
Oct 17 03:29:21.788698 podb-esxi207 dnsmasq[1517145]: exiting on receipt of SIGTERM
Oct 17 03:29:24.990848 podb-esxi207 dnsmasq[1521901]: started, version 2.90 cachesize 150
Oct 17 03:29:24.990871 podb-esxi207 dnsmasq[1521901]: DNS service limited to local subnets
Oct 17 03:29:24.990885 podb-esxi207 dnsmasq[1521901]: compile time options: IPv6 GNU-getopt DBus no-UBus i18n IDN2 DHCP DHCPv6 no-Lua TFTP conntrack ipset no-nftset auth cryptohash DNSSEC loop-detect inotify dumpfile
Oct 17 03:29:24.990920 podb-esxi207 dnsmasq-dhcp[1521901]: DHCP, static leases only on 10.1.0.0, lease time 1d
Oct 17 03:29:24.991064 podb-esxi207 dnsmasq[1521901]: reading /etc/resolv.conf
Oct 17 03:29:24.991080 podb-esxi207 dnsmasq[1521901]: using nameserver 127.0.0.53#53
Oct 17 03:29:24.991163 podb-esxi207 dnsmasq[1521901]: read /opt/stack/data/neutron/dhcp/bd60689b-4475-45cd-a64d-0c89ca86ebe6/addn_hosts - 0 names
Oct 17 03:29:24.991212 podb-esxi207 dnsmasq-dhcp[1521901]: read /opt/stack/data/neutron/dhcp/bd60689b-4475-45cd-a64d-0c89ca86ebe6/host
Oct 17 03:29:24.991271 podb-esxi207 dnsmasq-dhcp[1521901]: read /opt/stack/data/neutron/dhcp/bd60689b-4475-45cd-a64d-0c89ca86ebe6/opts
Oct 17 03:29:28.128701 podb-esxi207 dnsmasq[1522146]: started, version 2.90 cachesize 150
Oct 17 03:29:28.128729 podb-esxi207 dnsmasq[1522146]: DNS service limited to local subnets
Oct 17 03:29:28.128742 podb-esxi207 dnsmasq[1522146]: compile time options: IPv6 GNU-getopt DBus no-UBus i18n IDN2 DHCP DHCPv6 no-Lua TFTP conntrack ipset no-nftset auth cryptohash DNSSEC loop-detect inotify dumpfile
Oct 17 03:29:28.128778 podb-esxi207 dnsmasq-dhcp[1522146]: DHCP, static leases only on 10.1.0.0, lease time 1d
Oct 17 03:29:28.128930 podb-esxi207 dnsmasq[1522146]: reading /etc/resolv.conf
Oct 17 03:29:28.128946 podb-esxi207 dnsmasq[1522146]: using nameserver 127.0.0.53#53
Oct 17 03:29:28.129031 podb-esxi207 dnsmasq[1522146]: read /opt/stack/data/neutron/dhcp/e29e919b-e52b-4d06-9752-d6692b5495c2/addn_hosts - 0 names
Oct 17 03:29:28.129081 podb-esxi207 dnsmasq-dhcp[1522146]: read /opt/stack/data/neutron/dhcp/e29e919b-e52b-4d06-9752-d6692b5495c2/host
Oct 17 03:29:28.129144 podb-esxi207 dnsmasq-dhcp[1522146]: read /opt/stack/data/neutron/dhcp/e29e919b-e52b-4d06-9752-d6692b5495c2/opts
Oct 17 03:29:29.169062 podb-esxi207 dnsmasq[1521901]: read /opt/stack/data/neutron/dhcp/bd60689b-4475-45cd-a64d-0c89ca86ebe6/addn_hosts - 2 names
Oct 17 03:29:29.169165 podb-esxi207 dnsmasq-dhcp[1521901]: read /opt/stack/data/neutron/dhcp/bd60689b-4475-45cd-a64d-0c89ca86ebe6/host
Oct 17 03:29:29.169271 podb-esxi207 dnsmasq-dhcp[1521901]: read /opt/stack/data/neutron/dhcp/bd60689b-4475-45cd-a64d-0c89ca86ebe6/opts
Oct 17 03:29:30.468552 podb-esxi207 dnsmasq[1518878]: read /opt/stack/data/neutron/dhcp/7cc34154-c9b9-4f4b-aee4-050ecfe56bd7/addn_hosts - 8 names
Oct 17 03:29:30.468721 podb-esxi207 dnsmasq-dhcp[1518878]: read /opt/stack/data/neutron/dhcp/7cc34154-c9b9-4f4b-aee4-050ecfe56bd7/host
Oct 17 03:29:30.468823 podb-esxi207 dnsmasq-dhcp[1518878]: read /opt/stack/data/neutron/dhcp/7cc34154-c9b9-4f4b-aee4-050ecfe56bd7/opts
Oct 17 03:29:31.725116 podb-esxi207 dnsmasq[1522146]: read /opt/stack/data/neutron/dhcp/e29e919b-e52b-4d06-9752-d6692b5495c2/addn_hosts - 2 names
Oct 17 03:29:31.725150 podb-esxi207 dnsmasq-dhcp[1522146]: read /opt/stack/data/neutron/dhcp/e29e919b-e52b-4d06-9752-d6692b5495c2/host
Oct 17 03:29:31.725174 podb-esxi207 dnsmasq-dhcp[1522146]: read /opt/stack/data/neutron/dhcp/e29e919b-e52b-4d06-9752-d6692b5495c2/opts
Oct 17 03:29:32.471515 podb-esxi207 dnsmasq[1521901]: read /opt/stack/data/neutron/dhcp/bd60689b-4475-45cd-a64d-0c89ca86ebe6/addn_hosts - 2 names
Oct 17 03:29:32.471596 podb-esxi207 dnsmasq-dhcp[1521901]: read /opt/stack/data/neutron/dhcp/bd60689b-4475-45cd-a64d-0c89ca86ebe6/host
Oct 17 03:29:32.471683 podb-esxi207 dnsmasq-dhcp[1521901]: read /opt/stack/data/neutron/dhcp/bd60689b-4475-45cd-a64d-0c89ca86ebe6/opts
Oct 17 03:29:33.715392 podb-esxi207 dnsmasq[1522146]: read /opt/stack/data/neutron/dhcp/e29e919b-e52b-4d06-9752-d6692b5495c2/addn_hosts - 2 names
Oct 17 03:29:33.715492 podb-esxi207 dnsmasq-dhcp[1522146]: read /opt/stack/data/neutron/dhcp/e29e919b-e52b-4d06-9752-d6692b5495c2/host
Oct 17 03:29:33.715601 podb-esxi207 dnsmasq-dhcp[1522146]: read /opt/stack/data/neutron/dhcp/e29e919b-e52b-4d06-9752-d6692b5495c2/opts
Oct 17 03:29:34.446145 podb-esxi207 dnsmasq[1521901]: read /opt/stack/data/neutron/dhcp/bd60689b-4475-45cd-a64d-0c89ca86ebe6/addn_hosts - 2 names
Oct 17 03:29:34.446239 podb-esxi207 dnsmasq-dhcp[1521901]: read /opt/stack/data/neutron/dhcp/bd60689b-4475-45cd-a64d-0c89ca86ebe6/host
Oct 17 03:29:34.446307 podb-esxi207 dnsmasq-dhcp[1521901]: read /opt/stack/data/neutron/dhcp/bd60689b-4475-45cd-a64d-0c89ca86ebe6/opts
Oct 17 03:29:35.686288 podb-esxi207 dnsmasq[1522146]: read /opt/stack/data/neutron/dhcp/e29e919b-e52b-4d06-9752-d6692b5495c2/addn_hosts - 2 names
Oct 17 03:29:35.686383 podb-esxi207 dnsmasq-dhcp[1522146]: read /opt/stack/data/neutron/dhcp/e29e919b-e52b-4d06-9752-d6692b5495c2/host
Oct 17 03:29:35.686485 podb-esxi207 dnsmasq-dhcp[1522146]: read /opt/stack/data/neutron/dhcp/e29e919b-e52b-4d06-9752-d6692b5495c2/opts
Oct 17 03:29:36.929434 podb-esxi207 dnsmasq[1514084]: read /opt/stack/data/neutron/dhcp/adfa9781-d4af-4619-a4e3-77d4c4d19b9f/addn_hosts - 0 names
Oct 17 03:29:36.929500 podb-esxi207 dnsmasq-dhcp[1514084]: read /opt/stack/data/neutron/dhcp/adfa9781-d4af-4619-a4e3-77d4c4d19b9f/host
Oct 17 03:29:36.929566 podb-esxi207 dnsmasq-dhcp[1514084]: read /opt/stack/data/neutron/dhcp/adfa9781-d4af-4619-a4e3-77d4c4d19b9f/opts
Oct 17 03:29:37.715081 podb-esxi207 dnsmasq[1514084]: exiting on receipt of SIGTERM
Oct 17 03:29:37.715835 podb-esxi207 dnsmasq-dhcp[1521030]: DHCPDISCOVER(tapa7966990-f2) fa:16:3e:3c:de:21
Oct 17 03:29:37.715875 podb-esxi207 dnsmasq-dhcp[1521030]: DHCPOFFER(tapa7966990-f2) 10.1.0.6 fa:16:3e:3c:de:21
Oct 17 03:29:37.726067 podb-esxi207 dnsmasq-dhcp[1521030]: DHCPREQUEST(tapa7966990-f2) 10.1.0.6 fa:16:3e:3c:de:21
Oct 17 03:29:37.726097 podb-esxi207 dnsmasq-dhcp[1521030]: DHCPACK(tapa7966990-f2) 10.1.0.6 fa:16:3e:3c:de:21 host-10-1-0-6
Oct 17 03:29:38.832519 podb-esxi207 dnsmasq[1514512]: read /opt/stack/data/neutron/dhcp/028e3a83-ac4b-4ae8-9973-b9e957915076/addn_hosts - 0 names
Oct 17 03:29:38.832580 podb-esxi207 dnsmasq-dhcp[1514512]: read /opt/stack/data/neutron/dhcp/028e3a83-ac4b-4ae8-9973-b9e957915076/host
Oct 17 03:29:38.832630 podb-esxi207 dnsmasq-dhcp[1514512]: read /opt/stack/data/neutron/dhcp/028e3a83-ac4b-4ae8-9973-b9e957915076/opts
Oct 17 03:29:39.541550 podb-esxi207 dnsmasq[1514512]: exiting on receipt of SIGTERM
Oct 17 03:29:40.143565 podb-esxi207 dnsmasq-dhcp[1515313]: DHCPRELEASE(tapd9933668-0b) 10.1.0.1 fa:16:3e:a9:a2:fc
Oct 17 03:29:40.966927 podb-esxi207 dnsmasq[1515313]: read /opt/stack/data/neutron/dhcp/1e117ffb-c3f5-4201-b0ed-e3b88b4fc809/addn_hosts - 0 names
Oct 17 03:29:40.967014 podb-esxi207 dnsmasq-dhcp[1515313]: read /opt/stack/data/neutron/dhcp/1e117ffb-c3f5-4201-b0ed-e3b88b4fc809/host
Oct 17 03:29:40.967089 podb-esxi207 dnsmasq-dhcp[1515313]: read /opt/stack/data/neutron/dhcp/1e117ffb-c3f5-4201-b0ed-e3b88b4fc809/opts
Oct 17 03:29:41.198679 podb-esxi207 dnsmasq[1515313]: exiting on receipt of SIGTERM
Oct 17 03:29:45.593136 podb-esxi207 dnsmasq[1523396]: started, version 2.90 cachesize 150
Oct 17 03:29:45.593163 podb-esxi207 dnsmasq[1523396]: DNS service limited to local subnets
