Oct 17 03:49:58.760630 podb-esxi207 dnsmasq-dhcp[1544942]: DHCPRELEASE(tap35a9acbe-36) 10.1.0.5 fa:16:3e:b6:59:de
Oct 17 03:49:58.778003 podb-esxi207 dnsmasq-dhcp[1544942]: DHCPRELEASE(tap35a9acbe-36) 10.1.0.5 fa:16:3e:b6:59:de unknown lease
Oct 17 03:49:59.603797 podb-esxi207 dnsmasq[1544942]: read /opt/stack/data/neutron/dhcp/b4cc6599-76e4-482d-8632-d504dbf36d64/addn_hosts - 2 names
Oct 17 03:49:59.603883 podb-esxi207 dnsmasq-dhcp[1544942]: read /opt/stack/data/neutron/dhcp/b4cc6599-76e4-482d-8632-d504dbf36d64/host
Oct 17 03:49:59.603972 podb-esxi207 dnsmasq-dhcp[1544942]: read /opt/stack/data/neutron/dhcp/b4cc6599-76e4-482d-8632-d504dbf36d64/opts
Oct 17 03:50:02.815188 podb-esxi207 dnsmasq[1547877]: read /opt/stack/data/neutron/dhcp/bcd43121-2456-4795-9215-7d4aed1ab7ab/addn_hosts - 2 names
Oct 17 03:50:02.815261 podb-esxi207 dnsmasq-dhcp[1547877]: read /opt/stack/data/neutron/dhcp/bcd43121-2456-4795-9215-7d4aed1ab7ab/host
Oct 17 03:50:02.815354 podb-esxi207 dnsmasq-dhcp[1547877]: read /opt/stack/data/neutron/dhcp/bcd43121-2456-4795-9215-7d4aed1ab7ab/opts
Oct 17 03:50:06.156993 podb-esxi207 dnsmasq[1544942]: read /opt/stack/data/neutron/dhcp/b4cc6599-76e4-482d-8632-d504dbf36d64/addn_hosts - 0 names
Oct 17 03:50:06.157058 podb-esxi207 dnsmasq-dhcp[1544942]: read /opt/stack/data/neutron/dhcp/b4cc6599-76e4-482d-8632-d504dbf36d64/host
Oct 17 03:50:06.157119 podb-esxi207 dnsmasq-dhcp[1544942]: read /opt/stack/data/neutron/dhcp/b4cc6599-76e4-482d-8632-d504dbf36d64/opts
Oct 17 03:50:06.964905 podb-esxi207 dnsmasq[1544942]: exiting on receipt of SIGTERM
Oct 17 03:50:07.573971 podb-esxi207 dnsmasq-dhcp[1545293]: DHCPRELEASE(tap4c16f098-c8) 10.1.0.1 fa:16:3e:0b:81:f1
Oct 17 03:50:08.395969 podb-esxi207 dnsmasq[1545293]: read /opt/stack/data/neutron/dhcp/96b54ac1-f035-43c1-9645-0695edd49ebf/addn_hosts - 0 names
Oct 17 03:50:08.396069 podb-esxi207 dnsmasq-dhcp[1545293]: read /opt/stack/data/neutron/dhcp/96b54ac1-f035-43c1-9645-0695edd49ebf/host
Oct 17 03:50:08.396193 podb-esxi207 dnsmasq-dhcp[1545293]: read /opt/stack/data/neutron/dhcp/96b54ac1-f035-43c1-9645-0695edd49ebf/opts
Oct 17 03:50:08.634321 podb-esxi207 dnsmasq[1545293]: exiting on receipt of SIGTERM
Oct 17 03:50:13.285982 podb-esxi207 dnsmasq[1548537]: started, version 2.90 cachesize 150
Oct 17 03:50:13.286013 podb-esxi207 dnsmasq[1548537]: DNS service limited to local subnets
Oct 17 03:50:13.286028 podb-esxi207 dnsmasq[1548537]: compile time options: IPv6 GNU-getopt DBus no-UBus i18n IDN2 DHCP DHCPv6 no-Lua TFTP conntrack ipset no-nftset auth cryptohash DNSSEC loop-detect inotify dumpfile
Oct 17 03:50:13.286070 podb-esxi207 dnsmasq-dhcp[1548537]: DHCP, static leases only on 10.1.0.0, lease time 1d
Oct 17 03:50:13.286225 podb-esxi207 dnsmasq[1548537]: reading /etc/resolv.conf
Oct 17 03:50:13.286241 podb-esxi207 dnsmasq[1548537]: using nameserver 127.0.0.53#53
Oct 17 03:50:13.286331 podb-esxi207 dnsmasq[1548537]: read /opt/stack/data/neutron/dhcp/6256881a-20a0-4dff-832f-104b7a26007d/addn_hosts - 0 names
Oct 17 03:50:13.286381 podb-esxi207 dnsmasq-dhcp[1548537]: read /opt/stack/data/neutron/dhcp/6256881a-20a0-4dff-832f-104b7a26007d/host
Oct 17 03:50:13.286443 podb-esxi207 dnsmasq-dhcp[1548537]: read /opt/stack/data/neutron/dhcp/6256881a-20a0-4dff-832f-104b7a26007d/opts
Oct 17 03:50:14.331140 podb-esxi207 dnsmasq[1547877]: read /opt/stack/data/neutron/dhcp/bcd43121-2456-4795-9215-7d4aed1ab7ab/addn_hosts - 4 names
Oct 17 03:50:14.331238 podb-esxi207 dnsmasq-dhcp[1547877]: read /opt/stack/data/neutron/dhcp/bcd43121-2456-4795-9215-7d4aed1ab7ab/host
Oct 17 03:50:14.331311 podb-esxi207 dnsmasq-dhcp[1547877]: read /opt/stack/data/neutron/dhcp/bcd43121-2456-4795-9215-7d4aed1ab7ab/opts
Oct 17 03:50:17.272016 podb-esxi207 dnsmasq[1549028]: started, version 2.90 cachesize 150
Oct 17 03:50:17.272040 podb-esxi207 dnsmasq[1549028]: DNS service limited to local subnets
Oct 17 03:50:17.272055 podb-esxi207 dnsmasq[1549028]: compile time options: IPv6 GNU-getopt DBus no-UBus i18n IDN2 DHCP DHCPv6 no-Lua TFTP conntrack ipset no-nftset auth cryptohash DNSSEC loop-detect inotify dumpfile
Oct 17 03:50:17.272110 podb-esxi207 dnsmasq-dhcp[1549028]: DHCP, static leases only on 10.1.0.0, lease time 1d
Oct 17 03:50:17.272262 podb-esxi207 dnsmasq[1549028]: reading /etc/resolv.conf
Oct 17 03:50:17.272282 podb-esxi207 dnsmasq[1549028]: using nameserver 127.0.0.53#53
Oct 17 03:50:17.272396 podb-esxi207 dnsmasq[1549028]: read /opt/stack/data/neutron/dhcp/01d9b2eb-2752-4e12-b703-f0ff6f7be41e/addn_hosts - 2 names
Oct 17 03:50:17.272453 podb-esxi207 dnsmasq-dhcp[1549028]: read /opt/stack/data/neutron/dhcp/01d9b2eb-2752-4e12-b703-f0ff6f7be41e/host
Oct 17 03:50:17.272519 podb-esxi207 dnsmasq-dhcp[1549028]: read /opt/stack/data/neutron/dhcp/01d9b2eb-2752-4e12-b703-f0ff6f7be41e/opts
Oct 17 03:50:18.312694 podb-esxi207 dnsmasq[1548537]: read /opt/stack/data/neutron/dhcp/6256881a-20a0-4dff-832f-104b7a26007d/addn_hosts - 2 names
Oct 17 03:50:18.312770 podb-esxi207 dnsmasq-dhcp[1548537]: read /opt/stack/data/neutron/dhcp/6256881a-20a0-4dff-832f-104b7a26007d/host
Oct 17 03:50:18.312855 podb-esxi207 dnsmasq-dhcp[1548537]: read /opt/stack/data/neutron/dhcp/6256881a-20a0-4dff-832f-104b7a26007d/opts
Oct 17 03:50:20.306031 podb-esxi207 dnsmasq[1549028]: read /opt/stack/data/neutron/dhcp/01d9b2eb-2752-4e12-b703-f0ff6f7be41e/addn_hosts - 2 names
Oct 17 03:50:20.306141 podb-esxi207 dnsmasq-dhcp[1549028]: read /opt/stack/data/neutron/dhcp/01d9b2eb-2752-4e12-b703-f0ff6f7be41e/host
Oct 17 03:50:20.306244 podb-esxi207 dnsmasq-dhcp[1549028]: read /opt/stack/data/neutron/dhcp/01d9b2eb-2752-4e12-b703-f0ff6f7be41e/opts
Oct 17 03:50:21.068182 podb-esxi207 dnsmasq[1548537]: read /opt/stack/data/neutron/dhcp/6256881a-20a0-4dff-832f-104b7a26007d/addn_hosts - 2 names
Oct 17 03:50:21.068288 podb-esxi207 dnsmasq-dhcp[1548537]: read /opt/stack/data/neutron/dhcp/6256881a-20a0-4dff-832f-104b7a26007d/host
Oct 17 03:50:21.068396 podb-esxi207 dnsmasq-dhcp[1548537]: read /opt/stack/data/neutron/dhcp/6256881a-20a0-4dff-832f-104b7a26007d/opts
Oct 17 03:50:22.316079 podb-esxi207 dnsmasq[1549028]: read /opt/stack/data/neutron/dhcp/01d9b2eb-2752-4e12-b703-f0ff6f7be41e/addn_hosts - 2 names
Oct 17 03:50:22.316186 podb-esxi207 dnsmasq-dhcp[1549028]: read /opt/stack/data/neutron/dhcp/01d9b2eb-2752-4e12-b703-f0ff6f7be41e/host
Oct 17 03:50:22.316316 podb-esxi207 dnsmasq-dhcp[1549028]: read /opt/stack/data/neutron/dhcp/01d9b2eb-2752-4e12-b703-f0ff6f7be41e/opts
Oct 17 03:50:23.066015 podb-esxi207 dnsmasq[1548537]: read /opt/stack/data/neutron/dhcp/6256881a-20a0-4dff-832f-104b7a26007d/addn_hosts - 2 names
Oct 17 03:50:23.066132 podb-esxi207 dnsmasq-dhcp[1548537]: read /opt/stack/data/neutron/dhcp/6256881a-20a0-4dff-832f-104b7a26007d/host
Oct 17 03:50:23.066244 podb-esxi207 dnsmasq-dhcp[1548537]: read /opt/stack/data/neutron/dhcp/6256881a-20a0-4dff-832f-104b7a26007d/opts
Oct 17 03:50:24.333317 podb-esxi207 dnsmasq[1549028]: read /opt/stack/data/neutron/dhcp/01d9b2eb-2752-4e12-b703-f0ff6f7be41e/addn_hosts - 2 names
Oct 17 03:50:24.333440 podb-esxi207 dnsmasq-dhcp[1549028]: read /opt/stack/data/neutron/dhcp/01d9b2eb-2752-4e12-b703-f0ff6f7be41e/host
Oct 17 03:50:24.333556 podb-esxi207 dnsmasq-dhcp[1549028]: read /opt/stack/data/neutron/dhcp/01d9b2eb-2752-4e12-b703-f0ff6f7be41e/opts
Oct 17 03:50:25.085883 podb-esxi207 dnsmasq[1548537]: read /opt/stack/data/neutron/dhcp/6256881a-20a0-4dff-832f-104b7a26007d/addn_hosts - 4 names
Oct 17 03:50:25.086012 podb-esxi207 dnsmasq-dhcp[1548537]: read /opt/stack/data/neutron/dhcp/6256881a-20a0-4dff-832f-104b7a26007d/host
Oct 17 03:50:25.086127 podb-esxi207 dnsmasq-dhcp[1548537]: read /opt/stack/data/neutron/dhcp/6256881a-20a0-4dff-832f-104b7a26007d/opts
Oct 17 03:50:26.545087 podb-esxi207 dnsmasq[1547877]: read /opt/stack/data/neutron/dhcp/bcd43121-2456-4795-9215-7d4aed1ab7ab/addn_hosts - 2 names
Oct 17 03:50:26.545198 podb-esxi207 dnsmasq-dhcp[1547877]: read /opt/stack/data/neutron/dhcp/bcd43121-2456-4795-9215-7d4aed1ab7ab/host
Oct 17 03:50:26.545309 podb-esxi207 dnsmasq-dhcp[1547877]: read /opt/stack/data/neutron/dhcp/bcd43121-2456-4795-9215-7d4aed1ab7ab/opts
Oct 17 03:50:45.354242 podb-esxi207 dnsmasq-dhcp[1548537]: DHCPDISCOVER(tapd2eb6db2-36) fa:16:3e:8f:6d:ac
Oct 17 03:50:45.354269 podb-esxi207 dnsmasq-dhcp[1548537]: DHCPOFFER(tapd2eb6db2-36) 10.1.0.6 fa:16:3e:8f:6d:ac
Oct 17 03:50:45.364885 podb-esxi207 dnsmasq-dhcp[1548537]: DHCPREQUEST(tapd2eb6db2-36) 10.1.0.6 fa:16:3e:8f:6d:ac
Oct 17 03:50:45.364924 podb-esxi207 dnsmasq-dhcp[1548537]: DHCPACK(tapd2eb6db2-36) 10.1.0.6 fa:16:3e:8f:6d:ac host-10-1-0-6
Oct 17 03:50:55.753911 podb-esxi207 dnsmasq-dhcp[1543868]: DHCPREQUEST(tap662ebc33-d5) 10.1.0.6 fa:16:3e:c6:b7:fd
Oct 17 03:50:55.753944 podb-esxi207 dnsmasq-dhcp[1543868]: DHCPACK(tap662ebc33-d5) 10.1.0.6 fa:16:3e:c6:b7:fd host-10-1-0-6
Oct 17 03:51:34.396404 podb-esxi207 dnsmasq-dhcp[1543868]: DHCPRELEASE(tap662ebc33-d5) 10.1.0.6 fa:16:3e:c6:b7:fd
Oct 17 03:51:34.411257 podb-esxi207 dnsmasq-dhcp[1543868]: DHCPRELEASE(tap662ebc33-d5) 10.1.0.6 fa:16:3e:c6:b7:fd unknown lease
Oct 17 03:51:35.238611 podb-esxi207 dnsmasq[1543868]: read /opt/stack/data/neutron/dhcp/883bd491-4271-4439-96ee-83a92703544b/addn_hosts - 2 names
Oct 17 03:51:35.238740 podb-esxi207 dnsmasq-dhcp[1543868]: read /opt/stack/data/neutron/dhcp/883bd491-4271-4439-96ee-83a92703544b/host
Oct 17 03:51:35.238855 podb-esxi207 dnsmasq-dhcp[1543868]: read /opt/stack/data/neutron/dhcp/883bd491-4271-4439-96ee-83a92703544b/opts
Oct 17 03:51:40.738595 podb-esxi207 dnsmasq[1547877]: read /opt/stack/data/neutron/dhcp/bcd43121-2456-4795-9215-7d4aed1ab7ab/addn_hosts - 0 names
Oct 17 03:51:40.738707 podb-esxi207 dnsmasq-dhcp[1547877]: read /opt/stack/data/neutron/dhcp/bcd43121-2456-4795-9215-7d4aed1ab7ab/host
Oct 17 03:51:40.738801 podb-esxi207 dnsmasq-dhcp[1547877]: read /opt/stack/data/neutron/dhcp/bcd43121-2456-4795-9215-7d4aed1ab7ab/opts
Oct 17 03:51:41.807688 podb-esxi207 dnsmasq[1547877]: exiting on receipt of SIGTERM
Oct 17 03:52:10.700578 podb-esxi207 dnsmasq[1543868]: read /opt/stack/data/neutron/dhcp/883bd491-4271-4439-96ee-83a92703544b/addn_hosts - 0 names
Oct 17 03:52:10.700719 podb-esxi207 dnsmasq-dhcp[1543868]: read /opt/stack/data/neutron/dhcp/883bd491-4271-4439-96ee-83a92703544b/host
Oct 17 03:52:10.700871 podb-esxi207 dnsmasq-dhcp[1543868]: read /opt/stack/data/neutron/dhcp/883bd491-4271-4439-96ee-83a92703544b/opts
Oct 17 03:52:11.713611 podb-esxi207 dnsmasq[1543868]: exiting on receipt of SIGTERM
Oct 17 03:52:16.022456 podb-esxi207 dnsmasq[1550861]: started, version 2.90 cachesize 150
Oct 17 03:52:16.022488 podb-esxi207 dnsmasq[1550861]: DNS service limited to local subnets
Oct 17 03:52:16.022503 podb-esxi207 dnsmasq[1550861]: compile time options: IPv6 GNU-getopt DBus no-UBus i18n IDN2 DHCP DHCPv6 no-Lua TFTP conntrack ipset no-nftset auth cryptohash DNSSEC loop-detect inotify dumpfile
Oct 17 03:52:16.022545 podb-esxi207 dnsmasq-dhcp[1550861]: DHCP, static leases only on 10.1.0.0, lease time 1d
Oct 17 03:52:16.022707 podb-esxi207 dnsmasq[1550861]: reading /etc/resolv.conf
Oct 17 03:52:16.022724 podb-esxi207 dnsmasq[1550861]: using nameserver 127.0.0.53#53
Oct 17 03:52:16.022811 podb-esxi207 dnsmasq[1550861]: read /opt/stack/data/neutron/dhcp/627f6ddb-7fad-4e0c-afbc-6f1b00df8a1d/addn_hosts - 0 names
Oct 17 03:52:16.022863 podb-esxi207 dnsmasq-dhcp[1550861]: read /opt/stack/data/neutron/dhcp/627f6ddb-7fad-4e0c-afbc-6f1b00df8a1d/host
Oct 17 03:52:16.022921 podb-esxi207 dnsmasq-dhcp[1550861]: read /opt/stack/data/neutron/dhcp/627f6ddb-7fad-4e0c-afbc-6f1b00df8a1d/opts
Oct 17 03:52:17.570030 podb-esxi207 dnsmasq[1550861]: read /opt/stack/data/neutron/dhcp/627f6ddb-7fad-4e0c-afbc-6f1b00df8a1d/addn_hosts - 2 names
Oct 17 03:52:17.570126 podb-esxi207 dnsmasq-dhcp[1550861]: read /opt/stack/data/neutron/dhcp/627f6ddb-7fad-4e0c-afbc-6f1b00df8a1d/host
Oct 17 03:52:17.570221 podb-esxi207 dnsmasq-dhcp[1550861]: read /opt/stack/data/neutron/dhcp/627f6ddb-7fad-4e0c-afbc-6f1b00df8a1d/opts
Oct 17 03:52:18.829865 podb-esxi207 dnsmasq[1550861]: read /opt/stack/data/neutron/dhcp/627f6ddb-7fad-4e0c-afbc-6f1b00df8a1d/addn_hosts - 2 names
Oct 17 03:52:18.830009 podb-esxi207 dnsmasq-dhcp[1550861]: read /opt/stack/data/neutron/dhcp/627f6ddb-7fad-4e0c-afbc-6f1b00df8a1d/host
Oct 17 03:52:18.830145 podb-esxi207 dnsmasq-dhcp[1550861]: read /opt/stack/data/neutron/dhcp/627f6ddb-7fad-4e0c-afbc-6f1b00df8a1d/opts
Oct 17 03:52:20.104693 podb-esxi207 dnsmasq[1550861]: read /opt/stack/data/neutron/dhcp/627f6ddb-7fad-4e0c-afbc-6f1b00df8a1d/addn_hosts - 2 names
Oct 17 03:52:20.104780 podb-esxi207 dnsmasq-dhcp[1550861]: read /opt/stack/data/neutron/dhcp/627f6ddb-7fad-4e0c-afbc-6f1b00df8a1d/host
Oct 17 03:52:20.104891 podb-esxi207 dnsmasq-dhcp[1550861]: read /opt/stack/data/neutron/dhcp/627f6ddb-7fad-4e0c-afbc-6f1b00df8a1d/opts
Oct 17 03:52:23.004851 podb-esxi207 dnsmasq[1550861]: read /opt/stack/data/neutron/dhcp/627f6ddb-7fad-4e0c-afbc-6f1b00df8a1d/addn_hosts - 4 names
Oct 17 03:52:23.004985 podb-esxi207 dnsmasq-dhcp[1550861]: read /opt/stack/data/neutron/dhcp/627f6ddb-7fad-4e0c-afbc-6f1b00df8a1d/host
Oct 17 03:52:23.005099 podb-esxi207 dnsmasq-dhcp[1550861]: read /opt/stack/data/neutron/dhcp/627f6ddb-7fad-4e0c-afbc-6f1b00df8a1d/opts
Oct 17 03:52:33.517263 podb-esxi207 dnsmasq[1548537]: read /opt/stack/data/neutron/dhcp/6256881a-20a0-4dff-832f-104b7a26007d/addn_hosts - 6 names
Oct 17 03:52:33.517405 podb-esxi207 dnsmasq-dhcp[1548537]: read /opt/stack/data/neutron/dhcp/6256881a-20a0-4dff-832f-104b7a26007d/host
Oct 17 03:52:33.517517 podb-esxi207 dnsmasq-dhcp[1548537]: read /opt/stack/data/neutron/dhcp/6256881a-20a0-4dff-832f-104b7a26007d/opts
Oct 17 03:52:46.232739 podb-esxi207 dnsmasq-dhcp[1550861]: DHCPDISCOVER(tap612c8237-5d) fa:16:3e:67:f2:58
Oct 17 03:52:46.232765 podb-esxi207 dnsmasq-dhcp[1550861]: DHCPOFFER(tap612c8237-5d) 10.1.0.13 fa:16:3e:67:f2:58
Oct 17 03:52:46.240787 podb-esxi207 dnsmasq-dhcp[1550861]: DHCPREQUEST(tap612c8237-5d) 10.1.0.13 fa:16:3e:67:f2:58
Oct 17 03:52:46.240818 podb-esxi207 dnsmasq-dhcp[1550861]: DHCPACK(tap612c8237-5d) 10.1.0.13 fa:16:3e:67:f2:58 host-10-1-0-13
Oct 17 03:53:01.670382 podb-esxi207 dnsmasq-dhcp[1548537]: DHCPDISCOVER(tapd2eb6db2-36) fa:16:3e:c0:05:7d
Oct 17 03:53:01.670410 podb-esxi207 dnsmasq-dhcp[1548537]: DHCPOFFER(tapd2eb6db2-36) 10.1.0.3 fa:16:3e:c0:05:7d
Oct 17 03:53:01.678958 podb-esxi207 dnsmasq-dhcp[1548537]: DHCPREQUEST(tapd2eb6db2-36) 10.1.0.3 fa:16:3e:c0:05:7d
Oct 17 03:53:01.678993 podb-esxi207 dnsmasq-dhcp[1548537]: DHCPACK(tapd2eb6db2-36) 10.1.0.3 fa:16:3e:c0:05:7d host-10-1-0-3
Oct 17 03:53:04.651567 podb-esxi207 dnsmasq-dhcp[1545876]: DHCPRELEASE(tap826788ac-91) 10.1.0.7 fa:16:3e:4a:5d:16
Oct 17 03:53:04.667520 podb-esxi207 dnsmasq-dhcp[1545876]: DHCPRELEASE(tap826788ac-91) 10.1.0.7 fa:16:3e:4a:5d:16 unknown lease
Oct 17 03:53:05.492499 podb-esxi207 dnsmasq[1545876]: read /opt/stack/data/neutron/dhcp/3dd11fd3-b640-4386-a495-24963cc6e0e9/addn_hosts - 2 names
Oct 17 03:53:05.492624 podb-esxi207 dnsmasq-dhcp[1545876]: read /opt/stack/data/neutron/dhcp/3dd11fd3-b640-4386-a495-24963cc6e0e9/host
Oct 17 03:53:05.492765 podb-esxi207 dnsmasq-dhcp[1545876]: read /opt/stack/data/neutron/dhcp/3dd11fd3-b640-4386-a495-24963cc6e0e9/opts
Oct 17 03:54:13.847819 podb-esxi207 dnsmasq-dhcp[1550861]: DHCPREQUEST(tap612c8237-5d) 10.1.0.13 fa:16:3e:67:f2:58
Oct 17 03:54:13.847849 podb-esxi207 dnsmasq-dhcp[1550861]: DHCPACK(tap612c8237-5d) 10.1.0.13 fa:16:3e:67:f2:58 host-10-1-0-13
Oct 17 03:54:17.420708 podb-esxi207 dnsmasq-dhcp[1548537]: DHCPRELEASE(tapd2eb6db2-36) 10.1.0.3 fa:16:3e:c0:05:7d
Oct 17 03:54:17.437286 podb-esxi207 dnsmasq-dhcp[1548537]: DHCPRELEASE(tapd2eb6db2-36) 10.1.0.3 fa:16:3e:c0:05:7d unknown lease
Oct 17 03:54:18.263806 podb-esxi207 dnsmasq[1548537]: read /opt/stack/data/neutron/dhcp/6256881a-20a0-4dff-832f-104b7a26007d/addn_hosts - 4 names
Oct 17 03:54:18.263903 podb-esxi207 dnsmasq-dhcp[1548537]: read /opt/stack/data/neutron/dhcp/6256881a-20a0-4dff-832f-104b7a26007d/host
Oct 17 03:54:18.263974 podb-esxi207 dnsmasq-dhcp[1548537]: read /opt/stack/data/neutron/dhcp/6256881a-20a0-4dff-832f-104b7a26007d/opts
Oct 17 03:55:03.412205 podb-esxi207 dnsmasq-dhcp[1548537]: DHCPRELEASE(tapd2eb6db2-36) 10.1.0.6 fa:16:3e:8f:6d:ac
Oct 17 03:55:03.428597 podb-esxi207 dnsmasq-dhcp[1548537]: DHCPRELEASE(tapd2eb6db2-36) 10.1.0.6 fa:16:3e:8f:6d:ac unknown lease
Oct 17 03:55:04.254879 podb-esxi207 dnsmasq[1548537]: read /opt/stack/data/neutron/dhcp/6256881a-20a0-4dff-832f-104b7a26007d/addn_hosts - 2 names
Oct 17 03:55:04.255007 podb-esxi207 dnsmasq-dhcp[1548537]: read /opt/stack/data/neutron/dhcp/6256881a-20a0-4dff-832f-104b7a26007d/host
Oct 17 03:55:04.255126 podb-esxi207 dnsmasq-dhcp[1548537]: read /opt/stack/data/neutron/dhcp/6256881a-20a0-4dff-832f-104b7a26007d/opts
Oct 17 03:55:15.321847 podb-esxi207 dnsmasq[1548537]: read /opt/stack/data/neutron/dhcp/6256881a-20a0-4dff-832f-104b7a26007d/addn_hosts - 0 names
Oct 17 03:55:15.321923 podb-esxi207 dnsmasq-dhcp[1548537]: read /opt/stack/data/neutron/dhcp/6256881a-20a0-4dff-832f-104b7a26007d/host
Oct 17 03:55:15.322022 podb-esxi207 dnsmasq-dhcp[1548537]: read /opt/stack/data/neutron/dhcp/6256881a-20a0-4dff-832f-104b7a26007d/opts
Oct 17 03:55:16.230893 podb-esxi207 dnsmasq[1548537]: exiting on receipt of SIGTERM
Oct 17 03:55:16.859521 podb-esxi207 dnsmasq-dhcp[1549028]: DHCPRELEASE(tapc3749ed7-99) 10.1.0.1 fa:16:3e:8a:02:a7
Oct 17 03:55:17.683156 podb-esxi207 dnsmasq[1549028]: read /opt/stack/data/neutron/dhcp/01d9b2eb-2752-4e12-b703-f0ff6f7be41e/addn_hosts - 0 names
Oct 17 03:55:17.683275 podb-esxi207 dnsmasq-dhcp[1549028]: read /opt/stack/data/neutron/dhcp/01d9b2eb-2752-4e12-b703-f0ff6f7be41e/host
Oct 17 03:55:17.683372 podb-esxi207 dnsmasq-dhcp[1549028]: read /opt/stack/data/neutron/dhcp/01d9b2eb-2752-4e12-b703-f0ff6f7be41e/opts
Oct 17 03:55:18.440812 podb-esxi207 dnsmasq[1549028]: exiting on receipt of SIGTERM
Oct 17 03:55:41.409524 podb-esxi207 dnsmasq-dhcp[1550861]: DHCPREQUEST(tap612c8237-5d) 10.1.0.13 fa:16:3e:67:f2:58
Oct 17 03:55:41.409561 podb-esxi207 dnsmasq-dhcp[1550861]: DHCPACK(tap612c8237-5d) 10.1.0.13 fa:16:3e:67:f2:58 host-10-1-0-13
Oct 17 03:56:19.842737 podb-esxi207 dnsmasq-dhcp[1550861]: DHCPRELEASE(tap612c8237-5d) 10.1.0.13 fa:16:3e:67:f2:58
Oct 17 03:56:19.858924 podb-esxi207 dnsmasq-dhcp[1550861]: DHCPRELEASE(tap612c8237-5d) 10.1.0.13 fa:16:3e:67:f2:58 unknown lease
Oct 17 03:56:20.683262 podb-esxi207 dnsmasq[1550861]: read /opt/stack/data/neutron/dhcp/627f6ddb-7fad-4e0c-afbc-6f1b00df8a1d/addn_hosts - 2 names
Oct 17 03:56:20.683372 podb-esxi207 dnsmasq-dhcp[1550861]: read /opt/stack/data/neutron/dhcp/627f6ddb-7fad-4e0c-afbc-6f1b00df8a1d/host
Oct 17 03:56:20.683494 podb-esxi207 dnsmasq-dhcp[1550861]: read /opt/stack/data/neutron/dhcp/627f6ddb-7fad-4e0c-afbc-6f1b00df8a1d/opts
Oct 17 03:56:31.386775 podb-esxi207 dnsmasq[1550861]: read /opt/stack/data/neutron/dhcp/627f6ddb-7fad-4e0c-afbc-6f1b00df8a1d/addn_hosts - 4 names
Oct 17 03:56:31.386924 podb-esxi207 dnsmasq-dhcp[1550861]: read /opt/stack/data/neutron/dhcp/627f6ddb-7fad-4e0c-afbc-6f1b00df8a1d/host
Oct 17 03:56:31.387034 podb-esxi207 dnsmasq-dhcp[1550861]: read /opt/stack/data/neutron/dhcp/627f6ddb-7fad-4e0c-afbc-6f1b00df8a1d/opts
Oct 17 03:56:53.861793 podb-esxi207 dnsmasq[1545876]: read /opt/stack/data/neutron/dhcp/3dd11fd3-b640-4386-a495-24963cc6e0e9/addn_hosts - 0 names
Oct 17 03:56:53.861862 podb-esxi207 dnsmasq-dhcp[1545876]: read /opt/stack/data/neutron/dhcp/3dd11fd3-b640-4386-a495-24963cc6e0e9/host
Oct 17 03:56:53.861934 podb-esxi207 dnsmasq-dhcp[1545876]: read /opt/stack/data/neutron/dhcp/3dd11fd3-b640-4386-a495-24963cc6e0e9/opts
Oct 17 03:56:54.597879 podb-esxi207 dnsmasq[1545876]: exiting on receipt of SIGTERM
Oct 17 03:56:55.846755 podb-esxi207 dnsmasq-dhcp[1550861]: DHCPDISCOVER(tap612c8237-5d) fa:16:3e:c3:f7:f7
Oct 17 03:56:55.846786 podb-esxi207 dnsmasq-dhcp[1550861]: DHCPOFFER(tap612c8237-5d) 10.1.0.10 fa:16:3e:c3:f7:f7
Oct 17 03:56:55.858300 podb-esxi207 dnsmasq-dhcp[1550861]: DHCPREQUEST(tap612c8237-5d) 10.1.0.10 fa:16:3e:c3:f7:f7
Oct 17 03:56:55.858337 podb-esxi207 dnsmasq-dhcp[1550861]: DHCPACK(tap612c8237-5d) 10.1.0.10 fa:16:3e:c3:f7:f7 host-10-1-0-10
Oct 17 03:56:58.973761 podb-esxi207 dnsmasq[1554843]: started, version 2.90 cachesize 150
Oct 17 03:56:58.973788 podb-esxi207 dnsmasq[1554843]: DNS service limited to local subnets
Oct 17 03:56:58.973802 podb-esxi207 dnsmasq[1554843]: compile time options: IPv6 GNU-getopt DBus no-UBus i18n IDN2 DHCP DHCPv6 no-Lua TFTP conntrack ipset no-nftset auth cryptohash DNSSEC loop-detect inotify dumpfile
Oct 17 03:56:58.973850 podb-esxi207 dnsmasq-dhcp[1554843]: DHCP, static leases only on 10.1.0.0, lease time 1d
Oct 17 03:56:58.974004 podb-esxi207 dnsmasq[1554843]: reading /etc/resolv.conf
Oct 17 03:56:58.974021 podb-esxi207 dnsmasq[1554843]: using nameserver 127.0.0.53#53
Oct 17 03:56:58.974111 podb-esxi207 dnsmasq[1554843]: read /opt/stack/data/neutron/dhcp/f57fdcca-550f-488c-bddc-df5f6af0e441/addn_hosts - 0 names
Oct 17 03:56:58.974163 podb-esxi207 dnsmasq-dhcp[1554843]: read /opt/stack/data/neutron/dhcp/f57fdcca-550f-488c-bddc-df5f6af0e441/host
Oct 17 03:56:58.974234 podb-esxi207 dnsmasq-dhcp[1554843]: read /opt/stack/data/neutron/dhcp/f57fdcca-550f-488c-bddc-df5f6af0e441/opts
Oct 17 03:57:02.246191 podb-esxi207 dnsmasq[1555167]: started, version 2.90 cachesize 150
Oct 17 03:57:02.246220 podb-esxi207 dnsmasq[1555167]: DNS service limited to local subnets
Oct 17 03:57:02.246235 podb-esxi207 dnsmasq[1555167]: compile time options: IPv6 GNU-getopt DBus no-UBus i18n IDN2 DHCP DHCPv6 no-Lua TFTP conntrack ipset no-nftset auth cryptohash DNSSEC loop-detect inotify dumpfile
Oct 17 03:57:02.246279 podb-esxi207 dnsmasq-dhcp[1555167]: DHCP, static leases only on 10.1.0.0, lease time 1d
Oct 17 03:57:02.246434 podb-esxi207 dnsmasq[1555167]: reading /etc/resolv.conf
Oct 17 03:57:02.246451 podb-esxi207 dnsmasq[1555167]: using nameserver 127.0.0.53#53
Oct 17 03:57:02.246537 podb-esxi207 dnsmasq[1555167]: read /opt/stack/data/neutron/dhcp/c0d4d420-be70-45f2-a615-fcd35a9e7a3a/addn_hosts - 0 names
Oct 17 03:57:02.246593 podb-esxi207 dnsmasq-dhcp[1555167]: read /opt/stack/data/neutron/dhcp/c0d4d420-be70-45f2-a615-fcd35a9e7a3a/host
Oct 17 03:57:02.246660 podb-esxi207 dnsmasq-dhcp[1555167]: read /opt/stack/data/neutron/dhcp/c0d4d420-be70-45f2-a615-fcd35a9e7a3a/opts
Oct 17 03:57:03.287893 podb-esxi207 dnsmasq[1554843]: read /opt/stack/data/neutron/dhcp/f57fdcca-550f-488c-bddc-df5f6af0e441/addn_hosts - 2 names
Oct 17 03:57:03.287987 podb-esxi207 dnsmasq-dhcp[1554843]: read /opt/stack/data/neutron/dhcp/f57fdcca-550f-488c-bddc-df5f6af0e441/host
Oct 17 03:57:03.288075 podb-esxi207 dnsmasq-dhcp[1554843]: read /opt/stack/data/neutron/dhcp/f57fdcca-550f-488c-bddc-df5f6af0e441/opts
Oct 17 03:57:05.082102 podb-esxi207 dnsmasq[1555167]: read /opt/stack/data/neutron/dhcp/c0d4d420-be70-45f2-a615-fcd35a9e7a3a/addn_hosts - 2 names
Oct 17 03:57:05.082212 podb-esxi207 dnsmasq-dhcp[1555167]: read /opt/stack/data/neutron/dhcp/c0d4d420-be70-45f2-a615-fcd35a9e7a3a/host
Oct 17 03:57:05.082323 podb-esxi207 dnsmasq-dhcp[1555167]: read /opt/stack/data/neutron/dhcp/c0d4d420-be70-45f2-a615-fcd35a9e7a3a/opts
Oct 17 03:57:05.831196 podb-esxi207 dnsmasq[1554843]: read /opt/stack/data/neutron/dhcp/f57fdcca-550f-488c-bddc-df5f6af0e441/addn_hosts - 2 names
Oct 17 03:57:05.831303 podb-esxi207 dnsmasq-dhcp[1554843]: read /opt/stack/data/neutron/dhcp/f57fdcca-550f-488c-bddc-df5f6af0e441/host
Oct 17 03:57:05.831405 podb-esxi207 dnsmasq-dhcp[1554843]: read /opt/stack/data/neutron/dhcp/f57fdcca-550f-488c-bddc-df5f6af0e441/opts
Oct 17 03:57:07.082870 podb-esxi207 dnsmasq[1555167]: read /opt/stack/data/neutron/dhcp/c0d4d420-be70-45f2-a615-fcd35a9e7a3a/addn_hosts - 2 names
Oct 17 03:57:07.083005 podb-esxi207 dnsmasq-dhcp[1555167]: read /opt/stack/data/neutron/dhcp/c0d4d420-be70-45f2-a615-fcd35a9e7a3a/host
Oct 17 03:57:07.083117 podb-esxi207 dnsmasq-dhcp[1555167]: read /opt/stack/data/neutron/dhcp/c0d4d420-be70-45f2-a615-fcd35a9e7a3a/opts
Oct 17 03:57:07.824790 podb-esxi207 dnsmasq[1554843]: read /opt/stack/data/neutron/dhcp/f57fdcca-550f-488c-bddc-df5f6af0e441/addn_hosts - 2 names
Oct 17 03:57:07.824871 podb-esxi207 dnsmasq-dhcp[1554843]: read /opt/stack/data/neutron/dhcp/f57fdcca-550f-488c-bddc-df5f6af0e441/host
Oct 17 03:57:07.824941 podb-esxi207 dnsmasq-dhcp[1554843]: read /opt/stack/data/neutron/dhcp/f57fdcca-550f-488c-bddc-df5f6af0e441/opts
Oct 17 03:57:09.074162 podb-esxi207 dnsmasq[1555167]: read /opt/stack/data/neutron/dhcp/c0d4d420-be70-45f2-a615-fcd35a9e7a3a/addn_hosts - 2 names
Oct 17 03:57:09.074253 podb-esxi207 dnsmasq-dhcp[1555167]: read /opt/stack/data/neutron/dhcp/c0d4d420-be70-45f2-a615-fcd35a9e7a3a/host
Oct 17 03:57:09.074349 podb-esxi207 dnsmasq-dhcp[1555167]: read /opt/stack/data/neutron/dhcp/c0d4d420-be70-45f2-a615-fcd35a9e7a3a/opts
Oct 17 03:57:10.329946 podb-esxi207 dnsmasq[1554843]: read /opt/stack/data/neutron/dhcp/f57fdcca-550f-488c-bddc-df5f6af0e441/addn_hosts - 4 names
Oct 17 03:57:10.330064 podb-esxi207 dnsmasq-dhcp[1554843]: read /opt/stack/data/neutron/dhcp/f57fdcca-550f-488c-bddc-df5f6af0e441/host
Oct 17 03:57:10.330180 podb-esxi207 dnsmasq-dhcp[1554843]: read /opt/stack/data/neutron/dhcp/f57fdcca-550f-488c-bddc-df5f6af0e441/opts
Oct 17 03:57:33.354280 podb-esxi207 dnsmasq-dhcp[1554843]: DHCPDISCOVER(tap51c3597e-5a) fa:16:3e:4a:27:a1
Oct 17 03:57:33.354305 podb-esxi207 dnsmasq-dhcp[1554843]: DHCPOFFER(tap51c3597e-5a) 10.1.0.6 fa:16:3e:4a:27:a1
Oct 17 03:57:33.366779 podb-esxi207 dnsmasq-dhcp[1554843]: DHCPREQUEST(tap51c3597e-5a) 10.1.0.6 fa:16:3e:4a:27:a1
Oct 17 03:57:33.366812 podb-esxi207 dnsmasq-dhcp[1554843]: DHCPACK(tap51c3597e-5a) 10.1.0.6 fa:16:3e:4a:27:a1 host-10-1-0-6
Oct 17 03:58:06.716574 podb-esxi207 dnsmasq[1556199]: started, version 2.90 cachesize 150
Oct 17 03:58:06.716600 podb-esxi207 dnsmasq[1556199]: DNS service limited to local subnets
Oct 17 03:58:06.716615 podb-esxi207 dnsmasq[1556199]: compile time options: IPv6 GNU-getopt DBus no-UBus i18n IDN2 DHCP DHCPv6 no-Lua TFTP conntrack ipset no-nftset auth cryptohash DNSSEC loop-detect inotify dumpfile
Oct 17 03:58:06.716681 podb-esxi207 dnsmasq-dhcp[1556199]: DHCP, static leases only on 10.1.0.0, lease time 1d
Oct 17 03:58:06.716825 podb-esxi207 dnsmasq[1556199]: reading /etc/resolv.conf
Oct 17 03:58:06.716841 podb-esxi207 dnsmasq[1556199]: using nameserver 127.0.0.53#53
Oct 17 03:58:06.716922 podb-esxi207 dnsmasq[1556199]: read /opt/stack/data/neutron/dhcp/894529cf-4d5d-42b7-ae50-888abeed7e85/addn_hosts - 0 names
Oct 17 03:58:06.716970 podb-esxi207 dnsmasq-dhcp[1556199]: read /opt/stack/data/neutron/dhcp/894529cf-4d5d-42b7-ae50-888abeed7e85/host
Oct 17 03:58:06.717034 podb-esxi207 dnsmasq-dhcp[1556199]: read /opt/stack/data/neutron/dhcp/894529cf-4d5d-42b7-ae50-888abeed7e85/opts
Oct 17 03:58:09.855631 podb-esxi207 dnsmasq[1556500]: started, version 2.90 cachesize 150
Oct 17 03:58:09.855655 podb-esxi207 dnsmasq[1556500]: DNS service limited to local subnets
Oct 17 03:58:09.855670 podb-esxi207 dnsmasq[1556500]: compile time options: IPv6 GNU-getopt DBus no-UBus i18n IDN2 DHCP DHCPv6 no-Lua TFTP conntrack ipset no-nftset auth cryptohash DNSSEC loop-detect inotify dumpfile
Oct 17 03:58:09.855703 podb-esxi207 dnsmasq-dhcp[1556500]: DHCP, static leases only on 10.1.0.0, lease time 1d
Oct 17 03:58:09.855850 podb-esxi207 dnsmasq[1556500]: reading /etc/resolv.conf
Oct 17 03:58:09.855866 podb-esxi207 dnsmasq[1556500]: using nameserver 127.0.0.53#53
Oct 17 03:58:09.855940 podb-esxi207 dnsmasq[1556500]: read /opt/stack/data/neutron/dhcp/82cf97b2-1fa1-4c58-8cda-6e387f00d694/addn_hosts - 0 names
Oct 17 03:58:09.855989 podb-esxi207 dnsmasq-dhcp[1556500]: read /opt/stack/data/neutron/dhcp/82cf97b2-1fa1-4c58-8cda-6e387f00d694/host
Oct 17 03:58:09.856058 podb-esxi207 dnsmasq-dhcp[1556500]: read /opt/stack/data/neutron/dhcp/82cf97b2-1fa1-4c58-8cda-6e387f00d694/opts
Oct 17 03:58:10.894917 podb-esxi207 dnsmasq[1556199]: read /opt/stack/data/neutron/dhcp/894529cf-4d5d-42b7-ae50-888abeed7e85/addn_hosts - 2 names
Oct 17 03:58:10.894994 podb-esxi207 dnsmasq-dhcp[1556199]: read /opt/stack/data/neutron/dhcp/894529cf-4d5d-42b7-ae50-888abeed7e85/host
Oct 17 03:58:10.895097 podb-esxi207 dnsmasq-dhcp[1556199]: read /opt/stack/data/neutron/dhcp/894529cf-4d5d-42b7-ae50-888abeed7e85/opts
Oct 17 03:58:13.125508 podb-esxi207 dnsmasq[1556500]: read /opt/stack/data/neutron/dhcp/82cf97b2-1fa1-4c58-8cda-6e387f00d694/addn_hosts - 2 names
Oct 17 03:58:13.125660 podb-esxi207 dnsmasq-dhcp[1556500]: read /opt/stack/data/neutron/dhcp/82cf97b2-1fa1-4c58-8cda-6e387f00d694/host
Oct 17 03:58:13.125804 podb-esxi207 dnsmasq-dhcp[1556500]: read /opt/stack/data/neutron/dhcp/82cf97b2-1fa1-4c58-8cda-6e387f00d694/opts
Oct 17 03:58:13.852211 podb-esxi207 dnsmasq[1556199]: read /opt/stack/data/neutron/dhcp/894529cf-4d5d-42b7-ae50-888abeed7e85/addn_hosts - 2 names
Oct 17 03:58:13.852315 podb-esxi207 dnsmasq-dhcp[1556199]: read /opt/stack/data/neutron/dhcp/894529cf-4d5d-42b7-ae50-888abeed7e85/host
Oct 17 03:58:13.852424 podb-esxi207 dnsmasq-dhcp[1556199]: read /opt/stack/data/neutron/dhcp/894529cf-4d5d-42b7-ae50-888abeed7e85/opts
Oct 17 03:58:15.074316 podb-esxi207 dnsmasq[1556500]: read /opt/stack/data/neutron/dhcp/82cf97b2-1fa1-4c58-8cda-6e387f00d694/addn_hosts - 2 names
Oct 17 03:58:15.074403 podb-esxi207 dnsmasq-dhcp[1556500]: read /opt/stack/data/neutron/dhcp/82cf97b2-1fa1-4c58-8cda-6e387f00d694/host
Oct 17 03:58:15.074491 podb-esxi207 dnsmasq-dhcp[1556500]: read /opt/stack/data/neutron/dhcp/82cf97b2-1fa1-4c58-8cda-6e387f00d694/opts
Oct 17 03:58:15.798404 podb-esxi207 dnsmasq[1556199]: read /opt/stack/data/neutron/dhcp/894529cf-4d5d-42b7-ae50-888abeed7e85/addn_hosts - 2 names
Oct 17 03:58:15.798486 podb-esxi207 dnsmasq-dhcp[1556199]: read /opt/stack/data/neutron/dhcp/894529cf-4d5d-42b7-ae50-888abeed7e85/host
Oct 17 03:58:15.798594 podb-esxi207 dnsmasq-dhcp[1556199]: read /opt/stack/data/neutron/dhcp/894529cf-4d5d-42b7-ae50-888abeed7e85/opts
Oct 17 03:58:17.031521 podb-esxi207 dnsmasq[1556500]: read /opt/stack/data/neutron/dhcp/82cf97b2-1fa1-4c58-8cda-6e387f00d694/addn_hosts - 2 names
Oct 17 03:58:17.031619 podb-esxi207 dnsmasq-dhcp[1556500]: read /opt/stack/data/neutron/dhcp/82cf97b2-1fa1-4c58-8cda-6e387f00d694/host
Oct 17 03:58:17.031726 podb-esxi207 dnsmasq-dhcp[1556500]: read /opt/stack/data/neutron/dhcp/82cf97b2-1fa1-4c58-8cda-6e387f00d694/opts
Oct 17 03:58:17.757171 podb-esxi207 dnsmasq[1556199]: read /opt/stack/data/neutron/dhcp/894529cf-4d5d-42b7-ae50-888abeed7e85/addn_hosts - 4 names
Oct 17 03:58:17.757290 podb-esxi207 dnsmasq-dhcp[1556199]: read /opt/stack/data/neutron/dhcp/894529cf-4d5d-42b7-ae50-888abeed7e85/host
Oct 17 03:58:17.757393 podb-esxi207 dnsmasq-dhcp[1556199]: read /opt/stack/data/neutron/dhcp/894529cf-4d5d-42b7-ae50-888abeed7e85/opts
Oct 17 03:58:39.644889 podb-esxi207 dnsmasq-dhcp[1556199]: DHCPDISCOVER(tapfb58a086-e3) fa:16:3e:1d:8d:ce
Oct 17 03:58:39.644921 podb-esxi207 dnsmasq-dhcp[1556199]: DHCPOFFER(tapfb58a086-e3) 10.1.0.4 fa:16:3e:1d:8d:ce
Oct 17 03:58:39.658495 podb-esxi207 dnsmasq-dhcp[1556199]: DHCPREQUEST(tapfb58a086-e3) 10.1.0.4 fa:16:3e:1d:8d:ce
Oct 17 03:58:39.658533 podb-esxi207 dnsmasq-dhcp[1556199]: DHCPACK(tapfb58a086-e3) 10.1.0.4 fa:16:3e:1d:8d:ce host-10-1-0-4
Oct 17 03:59:06.150586 podb-esxi207 dnsmasq-dhcp[1550861]: DHCPRELEASE(tap612c8237-5d) 10.1.0.10 fa:16:3e:c3:f7:f7
Oct 17 03:59:06.165986 podb-esxi207 dnsmasq-dhcp[1550861]: DHCPRELEASE(tap612c8237-5d) 10.1.0.10 fa:16:3e:c3:f7:f7 unknown lease
Oct 17 03:59:06.996126 podb-esxi207 dnsmasq[1550861]: read /opt/stack/data/neutron/dhcp/627f6ddb-7fad-4e0c-afbc-6f1b00df8a1d/addn_hosts - 2 names
Oct 17 03:59:06.996259 podb-esxi207 dnsmasq-dhcp[1550861]: read /opt/stack/data/neutron/dhcp/627f6ddb-7fad-4e0c-afbc-6f1b00df8a1d/host
Oct 17 03:59:06.996378 podb-esxi207 dnsmasq-dhcp[1550861]: read /opt/stack/data/neutron/dhcp/627f6ddb-7fad-4e0c-afbc-6f1b00df8a1d/opts
Oct 17 03:59:25.987182 podb-esxi207 dnsmasq[1550861]: read /opt/stack/data/neutron/dhcp/627f6ddb-7fad-4e0c-afbc-6f1b00df8a1d/addn_hosts - 0 names
Oct 17 03:59:25.987253 podb-esxi207 dnsmasq-dhcp[1550861]: read /opt/stack/data/neutron/dhcp/627f6ddb-7fad-4e0c-afbc-6f1b00df8a1d/host
Oct 17 03:59:25.987341 podb-esxi207 dnsmasq-dhcp[1550861]: read /opt/stack/data/neutron/dhcp/627f6ddb-7fad-4e0c-afbc-6f1b00df8a1d/opts
Oct 17 03:59:26.314370 podb-esxi207 dnsmasq-dhcp[1554843]: DHCPREQUEST(tap51c3597e-5a) 10.1.0.6 fa:16:3e:4a:27:a1
Oct 17 03:59:26.314404 podb-esxi207 dnsmasq-dhcp[1554843]: DHCPACK(tap51c3597e-5a) 10.1.0.6 fa:16:3e:4a:27:a1 host-10-1-0-6
Oct 17 03:59:26.766643 podb-esxi207 dnsmasq[1550861]: exiting on receipt of SIGTERM
Oct 17 04:00:39.336385 podb-esxi207 dnsmasq-dhcp[1556199]: DHCPRELEASE(tapfb58a086-e3) 10.1.0.4 fa:16:3e:1d:8d:ce
Oct 17 04:00:39.353434 podb-esxi207 dnsmasq-dhcp[1556199]: DHCPRELEASE(tapfb58a086-e3) 10.1.0.4 fa:16:3e:1d:8d:ce unknown lease
Oct 17 04:00:40.180717 podb-esxi207 dnsmasq[1556199]: read /opt/stack/data/neutron/dhcp/894529cf-4d5d-42b7-ae50-888abeed7e85/addn_hosts - 2 names
Oct 17 04:00:40.180848 podb-esxi207 dnsmasq-dhcp[1556199]: read /opt/stack/data/neutron/dhcp/894529cf-4d5d-42b7-ae50-888abeed7e85/host
Oct 17 04:00:40.180964 podb-esxi207 dnsmasq-dhcp[1556199]: read /opt/stack/data/neutron/dhcp/894529cf-4d5d-42b7-ae50-888abeed7e85/opts
Oct 17 04:00:42.244243 podb-esxi207 dnsmasq-dhcp[1554843]: DHCPRELEASE(tap51c3597e-5a) 10.1.0.6 fa:16:3e:4a:27:a1
Oct 17 04:00:42.261631 podb-esxi207 dnsmasq-dhcp[1554843]: DHCPRELEASE(tap51c3597e-5a) 10.1.0.6 fa:16:3e:4a:27:a1 unknown lease
Oct 17 04:00:43.087303 podb-esxi207 dnsmasq[1554843]: read /opt/stack/data/neutron/dhcp/f57fdcca-550f-488c-bddc-df5f6af0e441/addn_hosts - 2 names
Oct 17 04:00:43.087435 podb-esxi207 dnsmasq-dhcp[1554843]: read /opt/stack/data/neutron/dhcp/f57fdcca-550f-488c-bddc-df5f6af0e441/host
Oct 17 04:00:43.087555 podb-esxi207 dnsmasq-dhcp[1554843]: read /opt/stack/data/neutron/dhcp/f57fdcca-550f-488c-bddc-df5f6af0e441/opts
Oct 17 04:00:52.455615 podb-esxi207 dnsmasq[1558998]: started, version 2.90 cachesize 150
Oct 17 04:00:52.455644 podb-esxi207 dnsmasq[1558998]: DNS service limited to local subnets
Oct 17 04:00:52.455660 podb-esxi207 dnsmasq[1558998]: compile time options: IPv6 GNU-getopt DBus no-UBus i18n IDN2 DHCP DHCPv6 no-Lua TFTP conntrack ipset no-nftset auth cryptohash DNSSEC loop-detect inotify dumpfile
Oct 17 04:00:52.455694 podb-esxi207 dnsmasq-dhcp[1558998]: DHCP, static leases only on 10.1.0.0, lease time 1d
Oct 17 04:00:52.455855 podb-esxi207 dnsmasq[1558998]: reading /etc/resolv.conf
Oct 17 04:00:52.455872 podb-esxi207 dnsmasq[1558998]: using nameserver 127.0.0.53#53
Oct 17 04:00:52.455961 podb-esxi207 dnsmasq[1558998]: read /opt/stack/data/neutron/dhcp/0107694b-15fd-4353-93b1-05121b75c8da/addn_hosts - 0 names
Oct 17 04:00:52.456013 podb-esxi207 dnsmasq-dhcp[1558998]: read /opt/stack/data/neutron/dhcp/0107694b-15fd-4353-93b1-05121b75c8da/host
Oct 17 04:00:52.456074 podb-esxi207 dnsmasq-dhcp[1558998]: read /opt/stack/data/neutron/dhcp/0107694b-15fd-4353-93b1-05121b75c8da/opts
Oct 17 04:00:55.712311 podb-esxi207 dnsmasq[1559243]: started, version 2.90 cachesize 150
Oct 17 04:00:55.712344 podb-esxi207 dnsmasq[1559243]: DNS service limited to local subnets
Oct 17 04:00:55.712362 podb-esxi207 dnsmasq[1559243]: compile time options: IPv6 GNU-getopt DBus no-UBus i18n IDN2 DHCP DHCPv6 no-Lua TFTP conntrack ipset no-nftset auth cryptohash DNSSEC loop-detect inotify dumpfile
Oct 17 04:00:55.712408 podb-esxi207 dnsmasq-dhcp[1559243]: DHCP, static leases only on 10.1.0.0, lease time 1d
Oct 17 04:00:55.712580 podb-esxi207 dnsmasq[1559243]: reading /etc/resolv.conf
Oct 17 04:00:55.712596 podb-esxi207 dnsmasq[1559243]: using nameserver 127.0.0.53#53
Oct 17 04:00:55.712715 podb-esxi207 dnsmasq[1559243]: read /opt/stack/data/neutron/dhcp/c8341d75-ada8-43c7-b7b6-fdc9b5816bdf/addn_hosts - 0 names
Oct 17 04:00:55.712786 podb-esxi207 dnsmasq-dhcp[1559243]: read /opt/stack/data/neutron/dhcp/c8341d75-ada8-43c7-b7b6-fdc9b5816bdf/host
Oct 17 04:00:55.712847 podb-esxi207 dnsmasq-dhcp[1559243]: read /opt/stack/data/neutron/dhcp/c8341d75-ada8-43c7-b7b6-fdc9b5816bdf/opts
Oct 17 04:00:56.750000 podb-esxi207 dnsmasq[1558998]: read /opt/stack/data/neutron/dhcp/0107694b-15fd-4353-93b1-05121b75c8da/addn_hosts - 2 names
Oct 17 04:00:56.750114 podb-esxi207 dnsmasq-dhcp[1558998]: read /opt/stack/data/neutron/dhcp/0107694b-15fd-4353-93b1-05121b75c8da/host
Oct 17 04:00:56.750228 podb-esxi207 dnsmasq-dhcp[1558998]: read /opt/stack/data/neutron/dhcp/0107694b-15fd-4353-93b1-05121b75c8da/opts
Oct 17 04:00:58.536221 podb-esxi207 dnsmasq[1559243]: read /opt/stack/data/neutron/dhcp/c8341d75-ada8-43c7-b7b6-fdc9b5816bdf/addn_hosts - 2 names
Oct 17 04:00:58.543890 podb-esxi207 dnsmasq-dhcp[1559243]: read /opt/stack/data/neutron/dhcp/c8341d75-ada8-43c7-b7b6-fdc9b5816bdf/host
Oct 17 04:00:58.543969 podb-esxi207 dnsmasq-dhcp[1559243]: read /opt/stack/data/neutron/dhcp/c8341d75-ada8-43c7-b7b6-fdc9b5816bdf/opts
Oct 17 04:00:59.309699 podb-esxi207 dnsmasq[1554843]: read /opt/stack/data/neutron/dhcp/f57fdcca-550f-488c-bddc-df5f6af0e441/addn_hosts - 4 names
Oct 17 04:00:59.309825 podb-esxi207 dnsmasq-dhcp[1554843]: read /opt/stack/data/neutron/dhcp/f57fdcca-550f-488c-bddc-df5f6af0e441/host
Oct 17 04:00:59.309961 podb-esxi207 dnsmasq-dhcp[1554843]: read /opt/stack/data/neutron/dhcp/f57fdcca-550f-488c-bddc-df5f6af0e441/opts
Oct 17 04:01:00.059506 podb-esxi207 dnsmasq[1556199]: read /opt/stack/data/neutron/dhcp/894529cf-4d5d-42b7-ae50-888abeed7e85/addn_hosts - 0 names
Oct 17 04:01:00.059583 podb-esxi207 dnsmasq-dhcp[1556199]: read /opt/stack/data/neutron/dhcp/894529cf-4d5d-42b7-ae50-888abeed7e85/host
Oct 17 04:01:00.059661 podb-esxi207 dnsmasq-dhcp[1556199]: read /opt/stack/data/neutron/dhcp/894529cf-4d5d-42b7-ae50-888abeed7e85/opts
Oct 17 04:01:00.817430 podb-esxi207 dnsmasq[1558998]: read /opt/stack/data/neutron/dhcp/0107694b-15fd-4353-93b1-05121b75c8da/addn_hosts - 2 names
Oct 17 04:01:00.817519 podb-esxi207 dnsmasq-dhcp[1558998]: read /opt/stack/data/neutron/dhcp/0107694b-15fd-4353-93b1-05121b75c8da/host
Oct 17 04:01:00.817591 podb-esxi207 dnsmasq-dhcp[1558998]: read /opt/stack/data/neutron/dhcp/0107694b-15fd-4353-93b1-05121b75c8da/opts
Oct 17 04:01:02.083825 podb-esxi207 dnsmasq[1556500]: read /opt/stack/data/neutron/dhcp/82cf97b2-1fa1-4c58-8cda-6e387f00d694/addn_hosts - 0 names
Oct 17 04:01:02.083905 podb-esxi207 dnsmasq-dhcp[1556500]: read /opt/stack/data/neutron/dhcp/82cf97b2-1fa1-4c58-8cda-6e387f00d694/host
Oct 17 04:01:02.084000 podb-esxi207 dnsmasq-dhcp[1556500]: read /opt/stack/data/neutron/dhcp/82cf97b2-1fa1-4c58-8cda-6e387f00d694/opts
Oct 17 04:01:02.845606 podb-esxi207 dnsmasq[1559243]: read /opt/stack/data/neutron/dhcp/c8341d75-ada8-43c7-b7b6-fdc9b5816bdf/addn_hosts - 2 names
Oct 17 04:01:02.845726 podb-esxi207 dnsmasq-dhcp[1559243]: read /opt/stack/data/neutron/dhcp/c8341d75-ada8-43c7-b7b6-fdc9b5816bdf/host
Oct 17 04:01:02.845835 podb-esxi207 dnsmasq-dhcp[1559243]: read /opt/stack/data/neutron/dhcp/c8341d75-ada8-43c7-b7b6-fdc9b5816bdf/opts
Oct 17 04:01:03.098922 podb-esxi207 dnsmasq[1556199]: exiting on receipt of SIGTERM
Oct 17 04:01:04.214364 podb-esxi207 dnsmasq[1558998]: read /opt/stack/data/neutron/dhcp/0107694b-15fd-4353-93b1-05121b75c8da/addn_hosts - 2 names
Oct 17 04:01:04.214447 podb-esxi207 dnsmasq-dhcp[1558998]: read /opt/stack/data/neutron/dhcp/0107694b-15fd-4353-93b1-05121b75c8da/host
Oct 17 04:01:04.214518 podb-esxi207 dnsmasq-dhcp[1558998]: read /opt/stack/data/neutron/dhcp/0107694b-15fd-4353-93b1-05121b75c8da/opts
Oct 17 04:01:07.715538 podb-esxi207 dnsmasq[1559942]: started, version 2.90 cachesize 150
Oct 17 04:01:07.715569 podb-esxi207 dnsmasq[1559942]: DNS service limited to local subnets
Oct 17 04:01:07.715583 podb-esxi207 dnsmasq[1559942]: compile time options: IPv6 GNU-getopt DBus no-UBus i18n IDN2 DHCP DHCPv6 no-Lua TFTP conntrack ipset no-nftset auth cryptohash DNSSEC loop-detect inotify dumpfile
Oct 17 04:01:07.715632 podb-esxi207 dnsmasq-dhcp[1559942]: DHCP, static leases only on 10.1.0.0, lease time 1d
Oct 17 04:01:07.715784 podb-esxi207 dnsmasq[1559942]: reading /etc/resolv.conf
Oct 17 04:01:07.715800 podb-esxi207 dnsmasq[1559942]: using nameserver 127.0.0.53#53
Oct 17 04:01:07.715917 podb-esxi207 dnsmasq[1559942]: read /opt/stack/data/neutron/dhcp/200755a5-8951-4cca-9331-2af3d77756a6/addn_hosts - 2 names
Oct 17 04:01:07.715977 podb-esxi207 dnsmasq-dhcp[1559942]: read /opt/stack/data/neutron/dhcp/200755a5-8951-4cca-9331-2af3d77756a6/host
Oct 17 04:01:07.716044 podb-esxi207 dnsmasq-dhcp[1559942]: read /opt/stack/data/neutron/dhcp/200755a5-8951-4cca-9331-2af3d77756a6/opts
Oct 17 04:01:07.743391 podb-esxi207 dnsmasq[1556500]: exiting on receipt of SIGTERM
Oct 17 04:01:08.859494 podb-esxi207 dnsmasq[1559243]: read /opt/stack/data/neutron/dhcp/c8341d75-ada8-43c7-b7b6-fdc9b5816bdf/addn_hosts - 2 names
Oct 17 04:01:08.859595 podb-esxi207 dnsmasq-dhcp[1559243]: read /opt/stack/data/neutron/dhcp/c8341d75-ada8-43c7-b7b6-fdc9b5816bdf/host
Oct 17 04:01:08.859686 podb-esxi207 dnsmasq-dhcp[1559243]: read /opt/stack/data/neutron/dhcp/c8341d75-ada8-43c7-b7b6-fdc9b5816bdf/opts
Oct 17 04:01:09.614953 podb-esxi207 dnsmasq[1558998]: read /opt/stack/data/neutron/dhcp/0107694b-15fd-4353-93b1-05121b75c8da/addn_hosts - 4 names
Oct 17 04:01:09.615066 podb-esxi207 dnsmasq-dhcp[1558998]: read /opt/stack/data/neutron/dhcp/0107694b-15fd-4353-93b1-05121b75c8da/host
Oct 17 04:01:09.615138 podb-esxi207 dnsmasq-dhcp[1558998]: read /opt/stack/data/neutron/dhcp/0107694b-15fd-4353-93b1-05121b75c8da/opts
Oct 17 04:01:12.860614 podb-esxi207 dnsmasq[1560231]: started, version 2.90 cachesize 150
Oct 17 04:01:12.860650 podb-esxi207 dnsmasq[1560231]: DNS service limited to local subnets
Oct 17 04:01:12.860664 podb-esxi207 dnsmasq[1560231]: compile time options: IPv6 GNU-getopt DBus no-UBus i18n IDN2 DHCP DHCPv6 no-Lua TFTP conntrack ipset no-nftset auth cryptohash DNSSEC loop-detect inotify dumpfile
Oct 17 04:01:12.860699 podb-esxi207 dnsmasq-dhcp[1560231]: DHCP, static leases only on 10.1.0.0, lease time 1d
Oct 17 04:01:12.860847 podb-esxi207 dnsmasq[1560231]: reading /etc/resolv.conf
Oct 17 04:01:12.860863 podb-esxi207 dnsmasq[1560231]: using nameserver 127.0.0.53#53
Oct 17 04:01:12.860973 podb-esxi207 dnsmasq[1560231]: read /opt/stack/data/neutron/dhcp/9e1d79cd-bcee-4d59-b0e2-92f140e7b917/addn_hosts - 2 names
Oct 17 04:01:12.861026 podb-esxi207 dnsmasq-dhcp[1560231]: read /opt/stack/data/neutron/dhcp/9e1d79cd-bcee-4d59-b0e2-92f140e7b917/host
Oct 17 04:01:12.861098 podb-esxi207 dnsmasq-dhcp[1560231]: read /opt/stack/data/neutron/dhcp/9e1d79cd-bcee-4d59-b0e2-92f140e7b917/opts
Oct 17 04:01:13.898386 podb-esxi207 dnsmasq[1559942]: read /opt/stack/data/neutron/dhcp/200755a5-8951-4cca-9331-2af3d77756a6/addn_hosts - 2 names
Oct 17 04:01:13.898455 podb-esxi207 dnsmasq-dhcp[1559942]: read /opt/stack/data/neutron/dhcp/200755a5-8951-4cca-9331-2af3d77756a6/host
Oct 17 04:01:13.898543 podb-esxi207 dnsmasq-dhcp[1559942]: read /opt/stack/data/neutron/dhcp/200755a5-8951-4cca-9331-2af3d77756a6/opts
Oct 17 04:01:15.640839 podb-esxi207 dnsmasq[1560231]: read /opt/stack/data/neutron/dhcp/9e1d79cd-bcee-4d59-b0e2-92f140e7b917/addn_hosts - 2 names
Oct 17 04:01:15.640921 podb-esxi207 dnsmasq-dhcp[1560231]: read /opt/stack/data/neutron/dhcp/9e1d79cd-bcee-4d59-b0e2-92f140e7b917/host
Oct 17 04:01:15.641024 podb-esxi207 dnsmasq-dhcp[1560231]: read /opt/stack/data/neutron/dhcp/9e1d79cd-bcee-4d59-b0e2-92f140e7b917/opts
Oct 17 04:01:16.369055 podb-esxi207 dnsmasq[1559942]: read /opt/stack/data/neutron/dhcp/200755a5-8951-4cca-9331-2af3d77756a6/addn_hosts - 2 names
Oct 17 04:01:16.369125 podb-esxi207 dnsmasq-dhcp[1559942]: read /opt/stack/data/neutron/dhcp/200755a5-8951-4cca-9331-2af3d77756a6/host
Oct 17 04:01:16.369218 podb-esxi207 dnsmasq-dhcp[1559942]: read /opt/stack/data/neutron/dhcp/200755a5-8951-4cca-9331-2af3d77756a6/opts
Oct 17 04:01:17.603114 podb-esxi207 dnsmasq[1560231]: read /opt/stack/data/neutron/dhcp/9e1d79cd-bcee-4d59-b0e2-92f140e7b917/addn_hosts - 2 names
Oct 17 04:01:17.603219 podb-esxi207 dnsmasq-dhcp[1560231]: read /opt/stack/data/neutron/dhcp/9e1d79cd-bcee-4d59-b0e2-92f140e7b917/host
Oct 17 04:01:17.603321 podb-esxi207 dnsmasq-dhcp[1560231]: read /opt/stack/data/neutron/dhcp/9e1d79cd-bcee-4d59-b0e2-92f140e7b917/opts
Oct 17 04:01:18.327835 podb-esxi207 dnsmasq[1559942]: read /opt/stack/data/neutron/dhcp/200755a5-8951-4cca-9331-2af3d77756a6/addn_hosts - 2 names
Oct 17 04:01:18.327921 podb-esxi207 dnsmasq-dhcp[1559942]: read /opt/stack/data/neutron/dhcp/200755a5-8951-4cca-9331-2af3d77756a6/host
Oct 17 04:01:18.328025 podb-esxi207 dnsmasq-dhcp[1559942]: read /opt/stack/data/neutron/dhcp/200755a5-8951-4cca-9331-2af3d77756a6/opts
Oct 17 04:01:19.556320 podb-esxi207 dnsmasq[1560231]: read /opt/stack/data/neutron/dhcp/9e1d79cd-bcee-4d59-b0e2-92f140e7b917/addn_hosts - 2 names
Oct 17 04:01:19.556424 podb-esxi207 dnsmasq-dhcp[1560231]: read /opt/stack/data/neutron/dhcp/9e1d79cd-bcee-4d59-b0e2-92f140e7b917/host
Oct 17 04:01:19.556528 podb-esxi207 dnsmasq-dhcp[1560231]: read /opt/stack/data/neutron/dhcp/9e1d79cd-bcee-4d59-b0e2-92f140e7b917/opts
Oct 17 04:01:20.280273 podb-esxi207 dnsmasq[1559942]: read /opt/stack/data/neutron/dhcp/200755a5-8951-4cca-9331-2af3d77756a6/addn_hosts - 4 names
Oct 17 04:01:20.280408 podb-esxi207 dnsmasq-dhcp[1559942]: read /opt/stack/data/neutron/dhcp/200755a5-8951-4cca-9331-2af3d77756a6/host
Oct 17 04:01:20.280511 podb-esxi207 dnsmasq-dhcp[1559942]: read /opt/stack/data/neutron/dhcp/200755a5-8951-4cca-9331-2af3d77756a6/opts
Oct 17 04:01:22.318417 podb-esxi207 dnsmasq-dhcp[1554843]: DHCPDISCOVER(tap51c3597e-5a) fa:16:3e:ae:9d:f3
Oct 17 04:01:22.318441 podb-esxi207 dnsmasq-dhcp[1554843]: DHCPOFFER(tap51c3597e-5a) 10.1.0.6 fa:16:3e:ae:9d:f3
Oct 17 04:01:22.331688 podb-esxi207 dnsmasq-dhcp[1554843]: DHCPREQUEST(tap51c3597e-5a) 10.1.0.6 fa:16:3e:ae:9d:f3
Oct 17 04:01:22.331721 podb-esxi207 dnsmasq-dhcp[1554843]: DHCPACK(tap51c3597e-5a) 10.1.0.6 fa:16:3e:ae:9d:f3 host-10-1-0-6
Oct 17 04:01:23.718578 podb-esxi207 dnsmasq-dhcp[1558998]: DHCPDISCOVER(tap2fe4c8ec-7c) fa:16:3e:5f:2e:89
Oct 17 04:01:23.718608 podb-esxi207 dnsmasq-dhcp[1558998]: DHCPOFFER(tap2fe4c8ec-7c) 10.1.0.9 fa:16:3e:5f:2e:89
Oct 17 04:01:23.730958 podb-esxi207 dnsmasq-dhcp[1558998]: DHCPREQUEST(tap2fe4c8ec-7c) 10.1.0.9 fa:16:3e:5f:2e:89
Oct 17 04:01:23.730989 podb-esxi207 dnsmasq-dhcp[1558998]: DHCPACK(tap2fe4c8ec-7c) 10.1.0.9 fa:16:3e:5f:2e:89 host-10-1-0-9
Oct 17 04:01:25.866521 podb-esxi207 dnsmasq-dhcp[1558998]: DHCPRELEASE(tap2fe4c8ec-7c) 10.1.0.9 fa:16:3e:5f:2e:89
Oct 17 04:01:25.881667 podb-esxi207 dnsmasq-dhcp[1558998]: DHCPRELEASE(tap2fe4c8ec-7c) 10.1.0.9 fa:16:3e:5f:2e:89 unknown lease
Oct 17 04:01:26.707851 podb-esxi207 dnsmasq[1558998]: read /opt/stack/data/neutron/dhcp/0107694b-15fd-4353-93b1-05121b75c8da/addn_hosts - 2 names
Oct 17 04:01:26.707987 podb-esxi207 dnsmasq-dhcp[1558998]: read /opt/stack/data/neutron/dhcp/0107694b-15fd-4353-93b1-05121b75c8da/host
Oct 17 04:01:26.708107 podb-esxi207 dnsmasq-dhcp[1558998]: read /opt/stack/data/neutron/dhcp/0107694b-15fd-4353-93b1-05121b75c8da/opts
Oct 17 04:01:41.764840 podb-esxi207 dnsmasq-dhcp[1559942]: DHCPDISCOVER(tap0b4cae98-0f) fa:16:3e:d4:59:20
Oct 17 04:01:41.764863 podb-esxi207 dnsmasq-dhcp[1559942]: DHCPOFFER(tap0b4cae98-0f) 10.1.0.3 fa:16:3e:d4:59:20
Oct 17 04:01:41.776355 podb-esxi207 dnsmasq-dhcp[1559942]: DHCPREQUEST(tap0b4cae98-0f) 10.1.0.3 fa:16:3e:d4:59:20
Oct 17 04:01:41.776385 podb-esxi207 dnsmasq-dhcp[1559942]: DHCPACK(tap0b4cae98-0f) 10.1.0.3 fa:16:3e:d4:59:20 host-10-1-0-3
Oct 17 04:02:12.633438 podb-esxi207 dnsmasq[1558998]: read /opt/stack/data/neutron/dhcp/0107694b-15fd-4353-93b1-05121b75c8da/addn_hosts - 0 names
Oct 17 04:02:12.633520 podb-esxi207 dnsmasq-dhcp[1558998]: read /opt/stack/data/neutron/dhcp/0107694b-15fd-4353-93b1-05121b75c8da/host
Oct 17 04:02:12.633594 podb-esxi207 dnsmasq-dhcp[1558998]: read /opt/stack/data/neutron/dhcp/0107694b-15fd-4353-93b1-05121b75c8da/opts
Oct 17 04:02:13.354761 podb-esxi207 dnsmasq[1558998]: exiting on receipt of SIGTERM
Oct 17 04:02:14.449923 podb-esxi207 dnsmasq[1559243]: read /opt/stack/data/neutron/dhcp/c8341d75-ada8-43c7-b7b6-fdc9b5816bdf/addn_hosts - 0 names
Oct 17 04:02:14.450002 podb-esxi207 dnsmasq-dhcp[1559243]: read /opt/stack/data/neutron/dhcp/c8341d75-ada8-43c7-b7b6-fdc9b5816bdf/host
Oct 17 04:02:14.450087 podb-esxi207 dnsmasq-dhcp[1559243]: read /opt/stack/data/neutron/dhcp/c8341d75-ada8-43c7-b7b6-fdc9b5816bdf/opts
Oct 17 04:02:14.674772 podb-esxi207 dnsmasq[1559243]: exiting on receipt of SIGTERM
Oct 17 04:02:23.419502 podb-esxi207 dnsmasq-dhcp[1554843]: DHCPREQUEST(tap51c3597e-5a) 10.1.0.6 fa:16:3e:ae:9d:f3
Oct 17 04:02:23.419532 podb-esxi207 dnsmasq-dhcp[1554843]: DHCPACK(tap51c3597e-5a) 10.1.0.6 fa:16:3e:ae:9d:f3 host-10-1-0-6
Oct 17 04:03:15.749404 podb-esxi207 dnsmasq[1559942]: read /opt/stack/data/neutron/dhcp/200755a5-8951-4cca-9331-2af3d77756a6/addn_hosts - 6 names
Oct 17 04:03:15.749508 podb-esxi207 dnsmasq-dhcp[1559942]: read /opt/stack/data/neutron/dhcp/200755a5-8951-4cca-9331-2af3d77756a6/host
Oct 17 04:03:15.749609 podb-esxi207 dnsmasq-dhcp[1559942]: read /opt/stack/data/neutron/dhcp/200755a5-8951-4cca-9331-2af3d77756a6/opts
Oct 17 04:03:35.682086 podb-esxi207 dnsmasq-dhcp[1554843]: DHCPRELEASE(tap51c3597e-5a) 10.1.0.6 fa:16:3e:ae:9d:f3
Oct 17 04:03:35.698190 podb-esxi207 dnsmasq-dhcp[1554843]: DHCPRELEASE(tap51c3597e-5a) 10.1.0.6 fa:16:3e:ae:9d:f3 unknown lease
Oct 17 04:03:36.521356 podb-esxi207 dnsmasq[1554843]: read /opt/stack/data/neutron/dhcp/f57fdcca-550f-488c-bddc-df5f6af0e441/addn_hosts - 2 names
Oct 17 04:03:36.521437 podb-esxi207 dnsmasq-dhcp[1554843]: read /opt/stack/data/neutron/dhcp/f57fdcca-550f-488c-bddc-df5f6af0e441/host
Oct 17 04:03:36.521505 podb-esxi207 dnsmasq-dhcp[1554843]: read /opt/stack/data/neutron/dhcp/f57fdcca-550f-488c-bddc-df5f6af0e441/opts
Oct 17 04:03:38.346645 podb-esxi207 dnsmasq-dhcp[1559942]: DHCPDISCOVER(tap0b4cae98-0f) fa:16:3e:de:cb:c6
