Oct 17 09:00:19.234472 podb-esxi207 systemd[1]: Starting Devstack devstack@n-api.service...
Oct 17 09:00:19.246031 podb-esxi207 devstack@n-api.service[1990155]: [uWSGI] getting INI configuration from /etc/nova/nova-api-uwsgi.ini
Oct 17 09:00:19.248883 podb-esxi207 devstack@n-api.service[1990155]: *** Starting uWSGI 2.0.20-debian (64bit) on [Fri Oct 17 09:00:19 2025] ***
Oct 17 09:00:19.248883 podb-esxi207 devstack@n-api.service[1990155]: compiled with version: 11.2.0 on 21 March 2022 11:00:44
Oct 17 09:00:19.248883 podb-esxi207 devstack@n-api.service[1990155]: os: Linux-5.15.0-157-generic #167-Ubuntu SMP Wed Sep 17 21:35:53 UTC 2025
Oct 17 09:00:19.248883 podb-esxi207 devstack@n-api.service[1990155]: nodename: podb-esxi207
Oct 17 09:00:19.248883 podb-esxi207 devstack@n-api.service[1990155]: machine: x86_64
Oct 17 09:00:19.248883 podb-esxi207 devstack@n-api.service[1990155]: clock source: unix
Oct 17 09:00:19.248883 podb-esxi207 devstack@n-api.service[1990155]: pcre jit disabled
Oct 17 09:00:19.248883 podb-esxi207 devstack@n-api.service[1990155]: detected number of CPU cores: 152
Oct 17 09:00:19.248883 podb-esxi207 devstack@n-api.service[1990155]: current working directory: /
Oct 17 09:00:19.248883 podb-esxi207 devstack@n-api.service[1990155]: detected binary path: /usr/bin/uwsgi-core
Oct 17 09:00:19.248883 podb-esxi207 devstack@n-api.service[1990155]: your processes number limit is 1029247
Oct 17 09:00:19.248883 podb-esxi207 devstack@n-api.service[1990155]: your memory page size is 4096 bytes
Oct 17 09:00:19.248883 podb-esxi207 devstack@n-api.service[1990155]: detected max file descriptor number: 2048
Oct 17 09:00:19.248883 podb-esxi207 devstack@n-api.service[1990155]: lock engine: pthread robust mutexes
Oct 17 09:00:19.249888 podb-esxi207 devstack@n-api.service[1990155]: thunder lock: enabled
Oct 17 09:00:19.249888 podb-esxi207 devstack@n-api.service[1990155]: uwsgi socket 0 bound to UNIX address /var/run/uwsgi/nova-api.socket fd 4
Oct 17 09:00:19.249888 podb-esxi207 devstack@n-api.service[1990155]: Python version: 3.10.12 (main, Aug 15 2025, 14:32:43) [GCC 11.4.0]
Oct 17 09:00:19.249888 podb-esxi207 devstack@n-api.service[1990155]: PEP 405 virtualenv detected: /opt/stack/data/venv
Oct 17 09:00:19.249888 podb-esxi207 devstack@n-api.service[1990155]: Set PythonHome to /opt/stack/data/venv
Oct 17 09:00:19.290479 podb-esxi207 devstack@n-api.service[1990155]: Python main interpreter initialized at 0x563702651390
Oct 17 09:00:19.290479 podb-esxi207 devstack@n-api.service[1990155]: python threads support enabled
Oct 17 09:00:19.290479 podb-esxi207 devstack@n-api.service[1990155]: your server socket listen backlog is limited to 100 connections
Oct 17 09:00:19.290479 podb-esxi207 devstack@n-api.service[1990155]: your mercy for graceful operations on workers is 80 seconds
Oct 17 09:00:19.290895 podb-esxi207 devstack@n-api.service[1990155]: mapped 671795 bytes (656 KB) for 4 cores
Oct 17 09:00:19.290895 podb-esxi207 devstack@n-api.service[1990155]: *** Operational MODE: preforking ***
Oct 17 09:00:19.291071 podb-esxi207 devstack@n-api.service[1990155]: *** uWSGI is running in multiple interpreter mode ***
Oct 17 09:00:19.291071 podb-esxi207 devstack@n-api.service[1990155]: spawned uWSGI master process (pid: 1990155)
Oct 17 09:00:19.291372 podb-esxi207 systemd[1]: Started Devstack devstack@n-api.service.
Oct 17 09:00:19.291773 podb-esxi207 devstack@n-api.service[1990155]: spawned uWSGI worker 1 (pid: 1990156, cores: 1)
Oct 17 09:00:19.291773 podb-esxi207 devstack@n-api.service[1990155]: spawned uWSGI worker 2 (pid: 1990157, cores: 1)
Oct 17 09:00:19.291939 podb-esxi207 devstack@n-api.service[1990155]: spawned uWSGI worker 3 (pid: 1990158, cores: 1)
Oct 17 09:00:19.292135 podb-esxi207 devstack@n-api.service[1990155]: spawned uWSGI worker 4 (pid: 1990159, cores: 1)
Oct 17 09:00:19.292212 podb-esxi207 devstack@n-api.service[1990155]: running "unix_signal:15 gracefully_kill_them_all" (master-start)...
Oct 17 09:00:22.192800 podb-esxi207 devstack@n-api.service[1990157]: WSGI app 0 (mountpoint='') ready in 3 seconds on interpreter 0x563702651390 pid: 1990157 (default app)
Oct 17 09:00:22.196468 podb-esxi207 devstack@n-api.service[1990157]: [pid: 1990157|app: 0|req: 1/1] 172.25.66.207 () {50 vars in 792 bytes} [Fri Oct 17 09:00:22 2025] GET /compute/v2.1/ => generated 391 bytes in 3 msecs (HTTP/1.1 200) 9 headers in 357 bytes (1 switches on core 0)
Oct 17 09:00:22.204267 podb-esxi207 devstack@n-api.service[1990158]: WSGI app 0 (mountpoint='') ready in 3 seconds on interpreter 0x563702651390 pid: 1990158 (default app)
Oct 17 09:00:22.318618 podb-esxi207 devstack@n-api.service[1990159]: WSGI app 0 (mountpoint='') ready in 3 seconds on interpreter 0x563702651390 pid: 1990159 (default app)
Oct 17 09:00:22.395857 podb-esxi207 devstack@n-api.service[1990156]: WSGI app 0 (mountpoint='') ready in 3 seconds on interpreter 0x563702651390 pid: 1990156 (default app)
Oct 17 09:01:34.673248 podb-esxi207 devstack@n-api.service[1990157]: [pid: 1990157|app: 0|req: 2/2] 172.25.66.207 () {54 vars in 935 bytes} [Fri Oct 17 09:01:34 2025] GET /compute/v2.1 => generated 391 bytes in 12 msecs (HTTP/1.1 200) 9 headers in 357 bytes (1 switches on core 0)
Oct 17 09:01:35.421615 podb-esxi207 devstack@n-api.service[1990158]: [pid: 1990158|app: 0|req: 1/3] 172.25.66.207 () {60 vars in 1296 bytes} [Fri Oct 17 09:01:34 2025] GET /compute/v2.1/flavors/detail?is_public=True => generated 15 bytes in 744 msecs (HTTP/1.1 200) 9 headers in 358 bytes (1 switches on core 0)
Oct 17 09:01:36.923333 podb-esxi207 devstack@n-api.service[1990159]: [pid: 1990159|app: 0|req: 1/4] 172.25.66.207 () {54 vars in 935 bytes} [Fri Oct 17 09:01:36 2025] GET /compute/v2.1 => generated 391 bytes in 13 msecs (HTTP/1.1 200) 9 headers in 357 bytes (1 switches on core 0)
Oct 17 09:01:37.584586 podb-esxi207 devstack@n-api.service[1990156]: [pid: 1990156|app: 0|req: 1/5] 172.25.66.207 () {64 vars in 1287 bytes} [Fri Oct 17 09:01:36 2025] POST /compute/v2.1/flavors => generated 411 bytes in 657 msecs (HTTP/1.1 200) 9 headers in 359 bytes (1 switches on core 0)
Oct 17 09:01:37.758544 podb-esxi207 devstack@n-api.service[1990157]: [pid: 1990157|app: 0|req: 3/6] 172.25.66.207 () {64 vars in 1340 bytes} [Fri Oct 17 09:01:37 2025] POST /compute/v2.1/flavors/c1/os-extra_specs => generated 43 bytes in 161 msecs (HTTP/1.1 200) 9 headers in 358 bytes (2 switches on core 0)
Oct 17 09:01:39.299164 podb-esxi207 devstack@n-api.service[1990158]: [pid: 1990158|app: 0|req: 2/7] 172.25.66.207 () {54 vars in 935 bytes} [Fri Oct 17 09:01:39 2025] GET /compute/v2.1 => generated 391 bytes in 12 msecs (HTTP/1.1 200) 9 headers in 357 bytes (1 switches on core 0)
Oct 17 09:01:39.983716 podb-esxi207 devstack@n-api.service[1990159]: [pid: 1990159|app: 0|req: 2/8] 172.25.66.207 () {64 vars in 1287 bytes} [Fri Oct 17 09:01:39 2025] POST /compute/v2.1/flavors => generated 408 bytes in 680 msecs (HTTP/1.1 200) 9 headers in 359 bytes (1 switches on core 0)
Oct 17 09:01:40.040214 podb-esxi207 devstack@n-api.service[1990156]: [pid: 1990156|app: 0|req: 2/9] 172.25.66.207 () {64 vars in 1340 bytes} [Fri Oct 17 09:01:39 2025] POST /compute/v2.1/flavors/d1/os-extra_specs => generated 43 bytes in 50 msecs (HTTP/1.1 200) 9 headers in 358 bytes (1 switches on core 0)
Oct 17 09:01:41.575443 podb-esxi207 devstack@n-api.service[1990157]: [pid: 1990157|app: 0|req: 4/10] 172.25.66.207 () {54 vars in 935 bytes} [Fri Oct 17 09:01:41 2025] GET /compute/v2.1 => generated 391 bytes in 12 msecs (HTTP/1.1 200) 9 headers in 357 bytes (1 switches on core 0)
Oct 17 09:01:41.864117 podb-esxi207 devstack@n-api.service[1990158]: [pid: 1990158|app: 0|req: 3/11] 172.25.66.207 () {64 vars in 1287 bytes} [Fri Oct 17 09:01:41 2025] POST /compute/v2.1/flavors => generated 408 bytes in 285 msecs (HTTP/1.1 200) 9 headers in 359 bytes (1 switches on core 0)
Oct 17 09:01:41.926701 podb-esxi207 devstack@n-api.service[1990159]: [pid: 1990159|app: 0|req: 3/12] 172.25.66.207 () {64 vars in 1340 bytes} [Fri Oct 17 09:01:41 2025] POST /compute/v2.1/flavors/d2/os-extra_specs => generated 43 bytes in 50 msecs (HTTP/1.1 200) 9 headers in 358 bytes (1 switches on core 0)
Oct 17 09:01:43.480545 podb-esxi207 devstack@n-api.service[1990156]: [pid: 1990156|app: 0|req: 3/13] 172.25.66.207 () {54 vars in 935 bytes} [Fri Oct 17 09:01:43 2025] GET /compute/v2.1 => generated 391 bytes in 11 msecs (HTTP/1.1 200) 9 headers in 357 bytes (1 switches on core 0)
Oct 17 09:01:44.060322 podb-esxi207 devstack@n-api.service[1990157]: [pid: 1990157|app: 0|req: 5/14] 172.25.66.207 () {64 vars in 1287 bytes} [Fri Oct 17 09:01:43 2025] POST /compute/v2.1/flavors => generated 408 bytes in 575 msecs (HTTP/1.1 200) 9 headers in 359 bytes (1 switches on core 0)
Oct 17 09:01:44.119596 podb-esxi207 devstack@n-api.service[1990158]: [pid: 1990158|app: 0|req: 4/15] 172.25.66.207 () {64 vars in 1340 bytes} [Fri Oct 17 09:01:44 2025] POST /compute/v2.1/flavors/d3/os-extra_specs => generated 43 bytes in 47 msecs (HTTP/1.1 200) 9 headers in 358 bytes (1 switches on core 0)
Oct 17 09:01:45.639127 podb-esxi207 devstack@n-api.service[1990159]: [pid: 1990159|app: 0|req: 4/16] 172.25.66.207 () {54 vars in 935 bytes} [Fri Oct 17 09:01:45 2025] GET /compute/v2.1 => generated 391 bytes in 12 msecs (HTTP/1.1 200) 9 headers in 357 bytes (1 switches on core 0)
Oct 17 09:01:45.870202 podb-esxi207 devstack@n-api.service[1990156]: [pid: 1990156|app: 0|req: 4/17] 172.25.66.207 () {64 vars in 1287 bytes} [Fri Oct 17 09:01:45 2025] POST /compute/v2.1/flavors => generated 408 bytes in 227 msecs (HTTP/1.1 200) 9 headers in 359 bytes (1 switches on core 0)
Oct 17 09:01:45.924041 podb-esxi207 devstack@n-api.service[1990157]: [pid: 1990157|app: 0|req: 6/18] 172.25.66.207 () {64 vars in 1340 bytes} [Fri Oct 17 09:01:45 2025] POST /compute/v2.1/flavors/d4/os-extra_specs => generated 43 bytes in 42 msecs (HTTP/1.1 200) 9 headers in 358 bytes (1 switches on core 0)
Oct 17 09:01:47.428480 podb-esxi207 devstack@n-api.service[1990158]: [pid: 1990158|app: 0|req: 5/19] 172.25.66.207 () {54 vars in 935 bytes} [Fri Oct 17 09:01:47 2025] GET /compute/v2.1 => generated 391 bytes in 11 msecs (HTTP/1.1 200) 9 headers in 357 bytes (1 switches on core 0)
Oct 17 09:01:47.827334 podb-esxi207 devstack@n-api.service[1990159]: [pid: 1990159|app: 0|req: 5/20] 172.25.66.207 () {60 vars in 1296 bytes} [Fri Oct 17 09:01:47 2025] GET /compute/v2.1/flavors/detail?is_public=True => generated 2126 bytes in 395 msecs (HTTP/1.1 200) 9 headers in 360 bytes (1 switches on core 0)
Oct 17 09:01:49.350299 podb-esxi207 devstack@n-api.service[1990156]: [pid: 1990156|app: 0|req: 5/21] 172.25.66.207 () {54 vars in 935 bytes} [Fri Oct 17 09:01:49 2025] GET /compute/v2.1 => generated 391 bytes in 11 msecs (HTTP/1.1 200) 9 headers in 357 bytes (1 switches on core 0)
Oct 17 09:01:49.647263 podb-esxi207 devstack@n-api.service[1990157]: [pid: 1990157|app: 0|req: 7/22] 172.25.66.207 () {64 vars in 1287 bytes} [Fri Oct 17 09:01:49 2025] POST /compute/v2.1/flavors => generated 406 bytes in 293 msecs (HTTP/1.1 200) 9 headers in 359 bytes (1 switches on core 0)
Oct 17 09:01:49.699136 podb-esxi207 devstack@n-api.service[1990158]: [pid: 1990158|app: 0|req: 6/23] 172.25.66.207 () {64 vars in 1337 bytes} [Fri Oct 17 09:01:49 2025] POST /compute/v2.1/flavors/1/os-extra_specs => generated 43 bytes in 40 msecs (HTTP/1.1 200) 9 headers in 358 bytes (1 switches on core 0)
Oct 17 09:01:51.217609 podb-esxi207 devstack@n-api.service[1990159]: [pid: 1990159|app: 0|req: 6/24] 172.25.66.207 () {54 vars in 935 bytes} [Fri Oct 17 09:01:51 2025] GET /compute/v2.1 => generated 391 bytes in 11 msecs (HTTP/1.1 200) 9 headers in 357 bytes (1 switches on core 0)
Oct 17 09:01:51.481293 podb-esxi207 devstack@n-api.service[1990156]: [pid: 1990156|app: 0|req: 6/25] 172.25.66.207 () {64 vars in 1287 bytes} [Fri Oct 17 09:01:51 2025] POST /compute/v2.1/flavors => generated 409 bytes in 259 msecs (HTTP/1.1 200) 9 headers in 359 bytes (1 switches on core 0)
Oct 17 09:01:51.534938 podb-esxi207 devstack@n-api.service[1990157]: [pid: 1990157|app: 0|req: 8/26] 172.25.66.207 () {64 vars in 1337 bytes} [Fri Oct 17 09:01:51 2025] POST /compute/v2.1/flavors/2/os-extra_specs => generated 43 bytes in 41 msecs (HTTP/1.1 200) 9 headers in 358 bytes (1 switches on core 0)
Oct 17 09:01:53.036798 podb-esxi207 devstack@n-api.service[1990158]: [pid: 1990158|app: 0|req: 7/27] 172.25.66.207 () {54 vars in 935 bytes} [Fri Oct 17 09:01:53 2025] GET /compute/v2.1 => generated 391 bytes in 11 msecs (HTTP/1.1 200) 9 headers in 357 bytes (1 switches on core 0)
Oct 17 09:01:53.372051 podb-esxi207 devstack@n-api.service[1990159]: [pid: 1990159|app: 0|req: 7/28] 172.25.66.207 () {64 vars in 1287 bytes} [Fri Oct 17 09:01:53 2025] POST /compute/v2.1/flavors => generated 410 bytes in 331 msecs (HTTP/1.1 200) 9 headers in 359 bytes (1 switches on core 0)
Oct 17 09:01:53.424384 podb-esxi207 devstack@n-api.service[1990156]: [pid: 1990156|app: 0|req: 7/29] 172.25.66.207 () {64 vars in 1337 bytes} [Fri Oct 17 09:01:53 2025] POST /compute/v2.1/flavors/3/os-extra_specs => generated 43 bytes in 40 msecs (HTTP/1.1 200) 9 headers in 358 bytes (1 switches on core 0)
Oct 17 09:01:54.944448 podb-esxi207 devstack@n-api.service[1990157]: [pid: 1990157|app: 0|req: 9/30] 172.25.66.207 () {54 vars in 935 bytes} [Fri Oct 17 09:01:54 2025] GET /compute/v2.1 => generated 391 bytes in 11 msecs (HTTP/1.1 200) 9 headers in 357 bytes (1 switches on core 0)
Oct 17 09:01:55.297464 podb-esxi207 devstack@n-api.service[1990158]: [pid: 1990158|app: 0|req: 8/31] 172.25.66.207 () {64 vars in 1287 bytes} [Fri Oct 17 09:01:54 2025] POST /compute/v2.1/flavors => generated 409 bytes in 349 msecs (HTTP/1.1 200) 9 headers in 359 bytes (1 switches on core 0)
Oct 17 09:01:55.347212 podb-esxi207 devstack@n-api.service[1990159]: [pid: 1990159|app: 0|req: 8/32] 172.25.66.207 () {64 vars in 1337 bytes} [Fri Oct 17 09:01:55 2025] POST /compute/v2.1/flavors/4/os-extra_specs => generated 43 bytes in 37 msecs (HTTP/1.1 200) 9 headers in 358 bytes (1 switches on core 0)
Oct 17 09:01:56.823075 podb-esxi207 devstack@n-api.service[1990156]: [pid: 1990156|app: 0|req: 8/33] 172.25.66.207 () {54 vars in 935 bytes} [Fri Oct 17 09:01:56 2025] GET /compute/v2.1 => generated 391 bytes in 11 msecs (HTTP/1.1 200) 9 headers in 357 bytes (1 switches on core 0)
Oct 17 09:01:57.172440 podb-esxi207 devstack@n-api.service[1990157]: [pid: 1990157|app: 0|req: 10/34] 172.25.66.207 () {64 vars in 1287 bytes} [Fri Oct 17 09:01:56 2025] POST /compute/v2.1/flavors => generated 412 bytes in 345 msecs (HTTP/1.1 200) 9 headers in 359 bytes (1 switches on core 0)
Oct 17 09:01:57.224476 podb-esxi207 devstack@n-api.service[1990158]: [pid: 1990158|app: 0|req: 9/35] 172.25.66.207 () {64 vars in 1337 bytes} [Fri Oct 17 09:01:57 2025] POST /compute/v2.1/flavors/5/os-extra_specs => generated 43 bytes in 40 msecs (HTTP/1.1 200) 9 headers in 358 bytes (1 switches on core 0)
Oct 17 09:02:08.851949 podb-esxi207 devstack@n-api.service[1990159]: [pid: 1990159|app: 0|req: 9/36] 172.25.66.207 () {54 vars in 935 bytes} [Fri Oct 17 09:02:08 2025] GET /compute/v2.1 => generated 391 bytes in 11 msecs (HTTP/1.1 200) 9 headers in 357 bytes (1 switches on core 0)
Oct 17 09:02:09.208562 podb-esxi207 devstack@n-api.service[1990156]: [pid: 1990156|app: 0|req: 9/37] 172.25.66.207 () {60 vars in 1333 bytes} [Fri Oct 17 09:02:08 2025] GET /compute/v2.1/os-services?binary=nova-compute&host=podb-esxi207 => generated 255 bytes in 353 msecs (HTTP/1.1 200) 9 headers in 359 bytes (1 switches on core 0)
Oct 17 09:02:36.470394 podb-esxi207 devstack@n-api.service[1990157]: [pid: 1990157|app: 0|req: 11/38] 172.25.66.207 () {54 vars in 935 bytes} [Fri Oct 17 09:02:36 2025] GET /compute/v2.1 => generated 391 bytes in 11 msecs (HTTP/1.1 200) 9 headers in 357 bytes (1 switches on core 0)
Oct 17 09:02:36.829980 podb-esxi207 devstack@n-api.service[1990158]: [pid: 1990158|app: 0|req: 10/39] 172.25.66.207 () {60 vars in 1296 bytes} [Fri Oct 17 09:02:36 2025] GET /compute/v2.1/flavors/detail?is_public=True => generated 4242 bytes in 351 msecs (HTTP/1.1 200) 9 headers in 360 bytes (1 switches on core 0)
Oct 17 09:02:40.524592 podb-esxi207 devstack@n-api.service[1990159]: [pid: 1990159|app: 0|req: 10/40] 172.25.66.207 () {54 vars in 935 bytes} [Fri Oct 17 09:02:40 2025] GET /compute/v2.1 => generated 391 bytes in 12 msecs (HTTP/1.1 200) 9 headers in 357 bytes (1 switches on core 0)
Oct 17 09:02:40.882441 podb-esxi207 devstack@n-api.service[1990156]: [pid: 1990156|app: 0|req: 10/41] 172.25.66.207 () {64 vars in 1287 bytes} [Fri Oct 17 09:02:40 2025] POST /compute/v2.1/flavors => generated 409 bytes in 354 msecs (HTTP/1.1 200) 9 headers in 359 bytes (1 switches on core 0)
Oct 17 09:02:40.933647 podb-esxi207 devstack@n-api.service[1990157]: [pid: 1990157|app: 0|req: 12/42] 172.25.66.207 () {64 vars in 1340 bytes} [Fri Oct 17 09:02:40 2025] POST /compute/v2.1/flavors/42/os-extra_specs => generated 43 bytes in 39 msecs (HTTP/1.1 200) 9 headers in 358 bytes (1 switches on core 0)
Oct 17 09:02:44.532242 podb-esxi207 devstack@n-api.service[1990158]: [pid: 1990158|app: 0|req: 11/43] 172.25.66.207 () {54 vars in 935 bytes} [Fri Oct 17 09:02:44 2025] GET /compute/v2.1 => generated 391 bytes in 11 msecs (HTTP/1.1 200) 9 headers in 357 bytes (1 switches on core 0)
Oct 17 09:02:44.959364 podb-esxi207 devstack@n-api.service[1990159]: [pid: 1990159|app: 0|req: 11/44] 172.25.66.207 () {64 vars in 1287 bytes} [Fri Oct 17 09:02:44 2025] POST /compute/v2.1/flavors => generated 410 bytes in 423 msecs (HTTP/1.1 200) 9 headers in 359 bytes (1 switches on core 0)
Oct 17 09:02:45.012328 podb-esxi207 devstack@n-api.service[1990156]: [pid: 1990156|app: 0|req: 11/45] 172.25.66.207 () {64 vars in 1340 bytes} [Fri Oct 17 09:02:44 2025] POST /compute/v2.1/flavors/84/os-extra_specs => generated 43 bytes in 41 msecs (HTTP/1.1 200) 9 headers in 358 bytes (1 switches on core 0)
Oct 17 09:09:07.191798 podb-esxi207 devstack@n-api.service[1990157]: [pid: 1990157|app: 0|req: 13/46] 172.25.66.207 () {54 vars in 935 bytes} [Fri Oct 17 09:09:07 2025] GET /compute/v2.1 => generated 391 bytes in 11 msecs (HTTP/1.1 200) 9 headers in 357 bytes (1 switches on core 0)
Oct 17 09:09:07.396168 podb-esxi207 devstack@n-api.service[1990158]: [pid: 1990158|app: 0|req: 12/47] 172.25.66.207 () {60 vars in 1294 bytes} [Fri Oct 17 09:09:07 2025] GET /compute/v2.1/servers/detail?deleted=False => generated 15 bytes in 200 msecs (HTTP/1.1 200) 9 headers in 358 bytes (1 switches on core 0)
Oct 17 09:09:46.658139 podb-esxi207 devstack@n-api.service[1990159]: [pid: 1990159|app: 0|req: 12/48] 172.25.66.207 () {60 vars in 1151 bytes} [Fri Oct 17 09:09:45 2025] POST /compute/v2.1/servers => generated 384 bytes in 1131 msecs (HTTP/1.1 202) 10 headers in 453 bytes (1 switches on core 0)
Oct 17 09:09:46.880948 podb-esxi207 devstack@n-api.service[1990156]: [pid: 1990156|app: 0|req: 12/49] 172.25.66.207 () {58 vars in 1240 bytes} [Fri Oct 17 09:09:46 2025] GET /compute/v2.1/servers/e4feba2b-eff0-4d33-93ee-7e5bdfec5689 => generated 1224 bytes in 212 msecs (HTTP/1.1 200) 9 headers in 358 bytes (1 switches on core 0)
Oct 17 09:09:48.145366 podb-esxi207 devstack@n-api.service[1990157]: [pid: 1990157|app: 0|req: 14/50] 172.25.66.207 () {58 vars in 1240 bytes} [Fri Oct 17 09:09:47 2025] GET /compute/v2.1/servers/e4feba2b-eff0-4d33-93ee-7e5bdfec5689 => generated 1224 bytes in 238 msecs (HTTP/1.1 200) 9 headers in 358 bytes (1 switches on core 0)
Oct 17 09:09:49.624710 podb-esxi207 devstack@n-api.service[1990158]: [pid: 1990158|app: 0|req: 13/51] 172.25.66.207 () {58 vars in 1240 bytes} [Fri Oct 17 09:09:49 2025] GET /compute/v2.1/servers/e4feba2b-eff0-4d33-93ee-7e5bdfec5689 => generated 1276 bytes in 454 msecs (HTTP/1.1 200) 9 headers in 358 bytes (1 switches on core 0)
Oct 17 09:09:50.949676 podb-esxi207 devstack@n-api.service[1990159]: [pid: 1990159|app: 0|req: 13/52] 172.25.66.207 () {58 vars in 1240 bytes} [Fri Oct 17 09:09:50 2025] GET /compute/v2.1/servers/e4feba2b-eff0-4d33-93ee-7e5bdfec5689 => generated 1276 bytes in 298 msecs (HTTP/1.1 200) 9 headers in 358 bytes (1 switches on core 0)
Oct 17 09:09:52.090000 podb-esxi207 devstack@n-api.service[1990156]: [pid: 1990156|app: 0|req: 13/53] 172.25.66.207 () {58 vars in 1240 bytes} [Fri Oct 17 09:09:51 2025] GET /compute/v2.1/servers/e4feba2b-eff0-4d33-93ee-7e5bdfec5689 => generated 1284 bytes in 119 msecs (HTTP/1.1 200) 9 headers in 358 bytes (1 switches on core 0)
Oct 17 09:09:52.224278 podb-esxi207 devstack@n-api.service[1990157]: [pid: 1990157|app: 0|req: 15/54] 172.25.66.207 () {60 vars in 1163 bytes} [Fri Oct 17 09:09:51 2025] POST /compute/v2.1/os-keypairs => generated 385 bytes in 229 msecs (HTTP/1.1 200) 9 headers in 357 bytes (1 switches on core 0)
Oct 17 09:09:53.368306 podb-esxi207 devstack@n-api.service[1990158]: [pid: 1990158|app: 0|req: 14/55] 172.25.66.207 () {58 vars in 1240 bytes} [Fri Oct 17 09:09:53 2025] GET /compute/v2.1/servers/e4feba2b-eff0-4d33-93ee-7e5bdfec5689 => generated 1336 bytes in 251 msecs (HTTP/1.1 200) 9 headers in 358 bytes (1 switches on core 0)
Oct 17 09:09:53.957937 podb-esxi207 devstack@n-api.service[1990156]: [pid: 1990156|app: 0|req: 14/56] 172.25.66.207 () {64 vars in 1321 bytes} [Fri Oct 17 09:09:53 2025] POST /compute/v2.1/os-server-external-events => generated 179 bytes in 273 msecs (HTTP/1.1 200) 9 headers in 357 bytes (1 switches on core 0)
Oct 17 09:09:54.153747 podb-esxi207 devstack@n-api.service[1990159]: [pid: 1990159|app: 0|req: 14/57] 172.25.66.207 () {60 vars in 1151 bytes} [Fri Oct 17 09:09:53 2025] POST /compute/v2.1/servers => generated 410 bytes in 661 msecs (HTTP/1.1 202) 10 headers in 453 bytes (1 switches on core 0)
Oct 17 09:09:54.245339 podb-esxi207 devstack@n-api.service[1990157]: [pid: 1990157|app: 0|req: 16/58] 172.25.66.207 () {58 vars in 1240 bytes} [Fri Oct 17 09:09:54 2025] GET /compute/v2.1/servers/4849086c-f020-4271-9a16-7cc171a19a6c => generated 1250 bytes in 82 msecs (HTTP/1.1 200) 9 headers in 358 bytes (1 switches on core 0)
Oct 17 09:09:54.576692 podb-esxi207 devstack@n-api.service[1990158]: [pid: 1990158|app: 0|req: 15/59] 172.25.66.207 () {58 vars in 1240 bytes} [Fri Oct 17 09:09:54 2025] GET /compute/v2.1/servers/e4feba2b-eff0-4d33-93ee-7e5bdfec5689 => generated 1324 bytes in 181 msecs (HTTP/1.1 200) 9 headers in 358 bytes (1 switches on core 0)
Oct 17 09:09:55.233625 podb-esxi207 devstack@n-api.service[1990156]: [pid: 1990156|app: 0|req: 15/60] 172.25.66.207 () {62 vars in 1204 bytes} [Fri Oct 17 09:09:55 2025] POST /compute/v2.1/os-keypairs => generated 400 bytes in 97 msecs (HTTP/1.1 201) 9 headers in 364 bytes (1 switches on core 0)
Oct 17 09:09:55.479937 podb-esxi207 devstack@n-api.service[1990159]: [pid: 1990159|app: 0|req: 15/61] 172.25.66.207 () {58 vars in 1240 bytes} [Fri Oct 17 09:09:55 2025] GET /compute/v2.1/servers/4849086c-f020-4271-9a16-7cc171a19a6c => generated 1254 bytes in 208 msecs (HTTP/1.1 200) 9 headers in 358 bytes (1 switches on core 0)
Oct 17 09:09:55.953901 podb-esxi207 devstack@n-api.service[1990157]: [pid: 1990157|app: 0|req: 17/62] 172.25.66.207 () {58 vars in 1240 bytes} [Fri Oct 17 09:09:55 2025] GET /compute/v2.1/servers/e4feba2b-eff0-4d33-93ee-7e5bdfec5689 => generated 1324 bytes in 351 msecs (HTTP/1.1 200) 9 headers in 358 bytes (1 switches on core 0)
Oct 17 09:09:56.604998 podb-esxi207 devstack@n-api.service[1990156]: [pid: 1990156|app: 0|req: 16/63] 172.25.66.207 () {58 vars in 1240 bytes} [Fri Oct 17 09:09:56 2025] GET /compute/v2.1/servers/4849086c-f020-4271-9a16-7cc171a19a6c => generated 1302 bytes in 100 msecs (HTTP/1.1 200) 9 headers in 358 bytes (1 switches on core 0)
Oct 17 09:09:57.137776 podb-esxi207 devstack@n-api.service[1990159]: [pid: 1990159|app: 0|req: 16/64] 172.25.66.207 () {58 vars in 1240 bytes} [Fri Oct 17 09:09:56 2025] GET /compute/v2.1/servers/e4feba2b-eff0-4d33-93ee-7e5bdfec5689 => generated 1324 bytes in 157 msecs (HTTP/1.1 200) 9 headers in 358 bytes (1 switches on core 0)
Oct 17 09:09:57.316562 podb-esxi207 devstack@n-api.service[1990158]: [pid: 1990158|app: 0|req: 16/65] 172.25.66.207 () {62 vars in 1192 bytes} [Fri Oct 17 09:09:56 2025] POST /compute/v2.1/servers => generated 32 bytes in 949 msecs (HTTP/1.1 202) 9 headers in 364 bytes (1 switches on core 0)
Oct 17 09:09:57.404519 podb-esxi207 devstack@n-api.service[1990157]: [pid: 1990157|app: 0|req: 18/66] 172.25.66.207 () {60 vars in 1170 bytes} [Fri Oct 17 09:09:57 2025] GET /compute/v2.1/servers => generated 685 bytes in 82 msecs (HTTP/1.1 200) 9 headers in 359 bytes (1 switches on core 0)
Oct 17 09:09:57.496397 podb-esxi207 devstack@n-api.service[1990156]: [pid: 1990156|app: 0|req: 17/67] 172.25.66.207 () {60 vars in 1281 bytes} [Fri Oct 17 09:09:57 2025] GET /compute/v2.1/servers/72e823bd-404d-4b66-a6eb-0e8a24e0ceb1 => generated 1337 bytes in 81 msecs (HTTP/1.1 200) 9 headers in 360 bytes (1 switches on core 0)
Oct 17 09:09:57.747161 podb-esxi207 devstack@n-api.service[1990159]: [pid: 1990159|app: 0|req: 17/68] 172.25.66.207 () {58 vars in 1240 bytes} [Fri Oct 17 09:09:57 2025] GET /compute/v2.1/servers/4849086c-f020-4271-9a16-7cc171a19a6c => generated 1302 bytes in 117 msecs (HTTP/1.1 200) 9 headers in 358 bytes (1 switches on core 0)
Oct 17 09:09:58.335618 podb-esxi207 devstack@n-api.service[1990158]: [pid: 1990158|app: 0|req: 17/69] 172.25.66.207 () {58 vars in 1240 bytes} [Fri Oct 17 09:09:58 2025] GET /compute/v2.1/servers/e4feba2b-eff0-4d33-93ee-7e5bdfec5689 => generated 1324 bytes in 174 msecs (HTTP/1.1 200) 9 headers in 358 bytes (1 switches on core 0)
Oct 17 09:09:58.501398 podb-esxi207 devstack@n-api.service[1990157]: [pid: 1990157|app: 0|req: 19/70] 172.25.66.207 () {60 vars in 1163 bytes} [Fri Oct 17 09:09:58 2025] POST /compute/v2.1/os-keypairs => generated 386 bytes in 52 msecs (HTTP/1.1 200) 9 headers in 357 bytes (1 switches on core 0)
Oct 17 09:09:58.633345 podb-esxi207 devstack@n-api.service[1990156]: [pid: 1990156|app: 0|req: 18/71] 172.25.66.207 () {60 vars in 1281 bytes} [Fri Oct 17 09:09:58 2025] GET /compute/v2.1/servers/72e823bd-404d-4b66-a6eb-0e8a24e0ceb1 => generated 1341 bytes in 107 msecs (HTTP/1.1 200) 9 headers in 360 bytes (1 switches on core 0)
Oct 17 09:09:58.850849 podb-esxi207 devstack@n-api.service[1990159]: [pid: 1990159|app: 0|req: 18/72] 172.25.66.207 () {58 vars in 1240 bytes} [Fri Oct 17 09:09:58 2025] GET /compute/v2.1/servers/4849086c-f020-4271-9a16-7cc171a19a6c => generated 1310 bytes in 77 msecs (HTTP/1.1 200) 9 headers in 358 bytes (1 switches on core 0)
Oct 17 09:09:59.576619 podb-esxi207 devstack@n-api.service[1990158]: [pid: 1990158|app: 0|req: 18/73] 172.25.66.207 () {58 vars in 1240 bytes} [Fri Oct 17 09:09:59 2025] GET /compute/v2.1/servers/e4feba2b-eff0-4d33-93ee-7e5bdfec5689 => generated 1324 bytes in 215 msecs (HTTP/1.1 200) 9 headers in 358 bytes (1 switches on core 0)
Oct 17 09:09:59.830001 podb-esxi207 devstack@n-api.service[1990156]: [pid: 1990156|app: 0|req: 19/74] 172.25.66.207 () {60 vars in 1281 bytes} [Fri Oct 17 09:09:59 2025] GET /compute/v2.1/servers/72e823bd-404d-4b66-a6eb-0e8a24e0ceb1 => generated 1333 bytes in 168 msecs (HTTP/1.1 200) 9 headers in 360 bytes (1 switches on core 0)
Oct 17 09:09:59.861121 podb-esxi207 devstack@n-api.service[1990159]: [pid: 1990159|app: 0|req: 19/75] 172.25.66.207 () {64 vars in 1321 bytes} [Fri Oct 17 09:09:59 2025] POST /compute/v2.1/os-server-external-events => generated 179 bytes in 67 msecs (HTTP/1.1 200) 9 headers in 357 bytes (1 switches on core 0)
Oct 17 09:10:00.081439 podb-esxi207 devstack@n-api.service[1990158]: [pid: 1990158|app: 0|req: 19/76] 172.25.66.207 () {58 vars in 1240 bytes} [Fri Oct 17 09:09:59 2025] GET /compute/v2.1/servers/4849086c-f020-4271-9a16-7cc171a19a6c => generated 1388 bytes in 206 msecs (HTTP/1.1 200) 9 headers in 358 bytes (1 switches on core 0)
Oct 17 09:10:00.212402 podb-esxi207 devstack@n-api.service[1990156]: [pid: 1990156|app: 0|req: 20/77] 172.25.66.207 () {64 vars in 1321 bytes} [Fri Oct 17 09:10:00 2025] POST /compute/v2.1/os-server-external-events => generated 183 bytes in 100 msecs (HTTP/1.1 200) 9 headers in 357 bytes (1 switches on core 0)
Oct 17 09:10:00.383490 podb-esxi207 devstack@n-api.service[1990157]: [pid: 1990157|app: 0|req: 20/78] 172.25.66.207 () {60 vars in 1151 bytes} [Fri Oct 17 09:09:59 2025] POST /compute/v2.1/servers => generated 410 bytes in 743 msecs (HTTP/1.1 202) 10 headers in 453 bytes (1 switches on core 0)
Oct 17 09:10:00.501683 podb-esxi207 devstack@n-api.service[1990159]: [pid: 1990159|app: 0|req: 20/79] 172.25.66.207 () {58 vars in 1240 bytes} [Fri Oct 17 09:10:00 2025] GET /compute/v2.1/servers/1ba64a4a-4ef4-46a0-ab66-fabcccf428e5 => generated 1251 bytes in 113 msecs (HTTP/1.1 200) 9 headers in 358 bytes (1 switches on core 0)
Oct 17 09:10:00.772219 podb-esxi207 devstack@n-api.service[1990158]: [pid: 1990158|app: 0|req: 20/80] 172.25.66.207 () {58 vars in 1240 bytes} [Fri Oct 17 09:10:00 2025] GET /compute/v2.1/servers/e4feba2b-eff0-4d33-93ee-7e5bdfec5689 => generated 1324 bytes in 169 msecs (HTTP/1.1 200) 9 headers in 358 bytes (1 switches on core 0)
Oct 17 09:10:00.959780 podb-esxi207 devstack@n-api.service[1990156]: [pid: 1990156|app: 0|req: 21/81] 172.25.66.207 () {60 vars in 1281 bytes} [Fri Oct 17 09:10:00 2025] GET /compute/v2.1/servers/72e823bd-404d-4b66-a6eb-0e8a24e0ceb1 => generated 1333 bytes in 98 msecs (HTTP/1.1 200) 9 headers in 360 bytes (1 switches on core 0)
Oct 17 09:10:01.269901 podb-esxi207 devstack@n-api.service[1990157]: [pid: 1990157|app: 0|req: 21/82] 172.25.66.207 () {58 vars in 1240 bytes} [Fri Oct 17 09:10:01 2025] GET /compute/v2.1/servers/4849086c-f020-4271-9a16-7cc171a19a6c => generated 1376 bytes in 161 msecs (HTTP/1.1 200) 9 headers in 358 bytes (1 switches on core 0)
Oct 17 09:10:01.625719 podb-esxi207 devstack@n-api.service[1990159]: [pid: 1990159|app: 0|req: 21/83] 172.25.66.207 () {58 vars in 1240 bytes} [Fri Oct 17 09:10:01 2025] GET /compute/v2.1/servers/1ba64a4a-4ef4-46a0-ab66-fabcccf428e5 => generated 1255 bytes in 98 msecs (HTTP/1.1 200) 9 headers in 358 bytes (1 switches on core 0)
Oct 17 09:10:01.936490 podb-esxi207 devstack@n-api.service[1990158]: [pid: 1990158|app: 0|req: 21/84] 172.25.66.207 () {58 vars in 1240 bytes} [Fri Oct 17 09:10:01 2025] GET /compute/v2.1/servers/e4feba2b-eff0-4d33-93ee-7e5bdfec5689 => generated 1324 bytes in 139 msecs (HTTP/1.1 200) 9 headers in 358 bytes (1 switches on core 0)
Oct 17 09:10:02.084559 podb-esxi207 devstack@n-api.service[1990156]: [pid: 1990156|app: 0|req: 22/85] 172.25.66.207 () {60 vars in 1281 bytes} [Fri Oct 17 09:10:01 2025] GET /compute/v2.1/servers/72e823bd-404d-4b66-a6eb-0e8a24e0ceb1 => generated 1389 bytes in 96 msecs (HTTP/1.1 200) 9 headers in 360 bytes (1 switches on core 0)
Oct 17 09:10:02.451068 podb-esxi207 devstack@n-api.service[1990157]: [pid: 1990157|app: 0|req: 22/86] 172.25.66.207 () {58 vars in 1240 bytes} [Fri Oct 17 09:10:02 2025] GET /compute/v2.1/servers/4849086c-f020-4271-9a16-7cc171a19a6c => generated 1376 bytes in 155 msecs (HTTP/1.1 200) 9 headers in 358 bytes (1 switches on core 0)
Oct 17 09:10:02.729737 podb-esxi207 devstack@n-api.service[1990159]: [pid: 1990159|app: 0|req: 22/87] 172.25.66.207 () {58 vars in 1240 bytes} [Fri Oct 17 09:10:02 2025] GET /compute/v2.1/servers/1ba64a4a-4ef4-46a0-ab66-fabcccf428e5 => generated 1247 bytes in 81 msecs (HTTP/1.1 200) 9 headers in 358 bytes (1 switches on core 0)
Oct 17 09:10:03.052621 podb-esxi207 devstack@n-api.service[1990156]: [pid: 1990156|app: 0|req: 23/88] 172.25.66.207 () {64 vars in 1321 bytes} [Fri Oct 17 09:10:03 2025] POST /compute/v2.1/os-server-external-events => generated 179 bytes in 50 msecs (HTTP/1.1 200) 9 headers in 357 bytes (1 switches on core 0)
Oct 17 09:10:03.115070 podb-esxi207 devstack@n-api.service[1990158]: [pid: 1990158|app: 0|req: 22/89] 172.25.66.207 () {58 vars in 1240 bytes} [Fri Oct 17 09:10:02 2025] GET /compute/v2.1/servers/e4feba2b-eff0-4d33-93ee-7e5bdfec5689 => generated 1324 bytes in 155 msecs (HTTP/1.1 200) 9 headers in 358 bytes (1 switches on core 0)
Oct 17 09:10:03.265804 podb-esxi207 devstack@n-api.service[1990157]: [pid: 1990157|app: 0|req: 23/90] 172.25.66.207 () {60 vars in 1281 bytes} [Fri Oct 17 09:10:03 2025] GET /compute/v2.1/servers/72e823bd-404d-4b66-a6eb-0e8a24e0ceb1 => generated 1389 bytes in 154 msecs (HTTP/1.1 200) 9 headers in 360 bytes (1 switches on core 0)
Oct 17 09:10:03.626780 podb-esxi207 devstack@n-api.service[1990159]: [pid: 1990159|app: 0|req: 23/91] 172.25.66.207 () {58 vars in 1240 bytes} [Fri Oct 17 09:10:03 2025] GET /compute/v2.1/servers/4849086c-f020-4271-9a16-7cc171a19a6c => generated 1376 bytes in 163 msecs (HTTP/1.1 200) 9 headers in 358 bytes (1 switches on core 0)
Oct 17 09:10:03.849578 podb-esxi207 devstack@n-api.service[1990156]: [pid: 1990156|app: 0|req: 24/92] 172.25.66.207 () {58 vars in 1240 bytes} [Fri Oct 17 09:10:03 2025] GET /compute/v2.1/servers/1ba64a4a-4ef4-46a0-ab66-fabcccf428e5 => generated 1247 bytes in 91 msecs (HTTP/1.1 200) 9 headers in 358 bytes (1 switches on core 0)
Oct 17 09:10:04.304171 podb-esxi207 devstack@n-api.service[1990157]: [pid: 1990157|app: 0|req: 24/93] 172.25.66.207 () {64 vars in 1321 bytes} [Fri Oct 17 09:10:04 2025] POST /compute/v2.1/os-server-external-events => generated 183 bytes in 67 msecs (HTTP/1.1 200) 9 headers in 357 bytes (1 switches on core 0)
Oct 17 09:10:04.306794 podb-esxi207 devstack@n-api.service[1990158]: [pid: 1990158|app: 0|req: 23/94] 172.25.66.207 () {58 vars in 1240 bytes} [Fri Oct 17 09:10:04 2025] GET /compute/v2.1/servers/e4feba2b-eff0-4d33-93ee-7e5bdfec5689 => generated 1508 bytes in 165 msecs (HTTP/1.1 200) 9 headers in 358 bytes (1 switches on core 0)
Oct 17 09:10:04.401564 podb-esxi207 devstack@n-api.service[1990159]: [pid: 1990159|app: 0|req: 24/95] 172.25.66.207 () {60 vars in 1281 bytes} [Fri Oct 17 09:10:04 2025] GET /compute/v2.1/servers/72e823bd-404d-4b66-a6eb-0e8a24e0ceb1 => generated 1397 bytes in 107 msecs (HTTP/1.1 200) 9 headers in 360 bytes (1 switches on core 0)
Oct 17 09:10:04.827977 podb-esxi207 devstack@n-api.service[1990156]: [pid: 1990156|app: 0|req: 25/96] 172.25.66.207 () {58 vars in 1240 bytes} [Fri Oct 17 09:10:04 2025] GET /compute/v2.1/servers/4849086c-f020-4271-9a16-7cc171a19a6c => generated 1376 bytes in 177 msecs (HTTP/1.1 200) 9 headers in 358 bytes (1 switches on core 0)
Oct 17 09:10:04.957945 podb-esxi207 devstack@n-api.service[1990157]: [pid: 1990157|app: 0|req: 25/97] 172.25.66.207 () {58 vars in 1240 bytes} [Fri Oct 17 09:10:04 2025] GET /compute/v2.1/servers/1ba64a4a-4ef4-46a0-ab66-fabcccf428e5 => generated 1303 bytes in 83 msecs (HTTP/1.1 200) 9 headers in 358 bytes (1 switches on core 0)
Oct 17 09:10:05.292384 podb-esxi207 devstack@n-api.service[1990158]: [pid: 1990158|app: 0|req: 24/98] 172.25.66.207 () {64 vars in 1321 bytes} [Fri Oct 17 09:10:05 2025] POST /compute/v2.1/os-server-external-events => generated 179 bytes in 85 msecs (HTTP/1.1 200) 9 headers in 357 bytes (1 switches on core 0)
Oct 17 09:10:05.592668 podb-esxi207 devstack@n-api.service[1990159]: [pid: 1990159|app: 0|req: 25/99] 172.25.66.207 () {60 vars in 1281 bytes} [Fri Oct 17 09:10:05 2025] GET /compute/v2.1/servers/72e823bd-404d-4b66-a6eb-0e8a24e0ceb1 => generated 1474 bytes in 171 msecs (HTTP/1.1 200) 9 headers in 360 bytes (1 switches on core 0)
Oct 17 09:10:06.045484 podb-esxi207 devstack@n-api.service[1990156]: [pid: 1990156|app: 0|req: 26/100] 172.25.66.207 () {58 vars in 1240 bytes} [Fri Oct 17 09:10:05 2025] GET /compute/v2.1/servers/4849086c-f020-4271-9a16-7cc171a19a6c => generated 1376 bytes in 192 msecs (HTTP/1.1 200) 9 headers in 358 bytes (1 switches on core 0)
Oct 17 09:10:06.074000 podb-esxi207 devstack@n-api.service[1990157]: [pid: 1990157|app: 0|req: 26/101] 172.25.66.207 () {58 vars in 1240 bytes} [Fri Oct 17 09:10:05 2025] GET /compute/v2.1/servers/1ba64a4a-4ef4-46a0-ab66-fabcccf428e5 => generated 1303 bytes in 89 msecs (HTTP/1.1 200) 9 headers in 358 bytes (1 switches on core 0)
Oct 17 09:10:06.844304 podb-esxi207 devstack@n-api.service[1990158]: [pid: 1990158|app: 0|req: 25/102] 172.25.66.207 () {60 vars in 1281 bytes} [Fri Oct 17 09:10:06 2025] GET /compute/v2.1/servers/72e823bd-404d-4b66-a6eb-0e8a24e0ceb1 => generated 1462 bytes in 223 msecs (HTTP/1.1 200) 9 headers in 360 bytes (1 switches on core 0)
Oct 17 09:10:07.247708 podb-esxi207 devstack@n-api.service[1990159]: [pid: 1990159|app: 0|req: 26/103] 172.25.66.207 () {58 vars in 1240 bytes} [Fri Oct 17 09:10:07 2025] GET /compute/v2.1/servers/4849086c-f020-4271-9a16-7cc171a19a6c => generated 1376 bytes in 175 msecs (HTTP/1.1 200) 9 headers in 358 bytes (1 switches on core 0)
Oct 17 09:10:07.268836 podb-esxi207 devstack@n-api.service[1990156]: [pid: 1990156|app: 0|req: 27/104] 172.25.66.207 () {58 vars in 1240 bytes} [Fri Oct 17 09:10:07 2025] GET /compute/v2.1/servers/1ba64a4a-4ef4-46a0-ab66-fabcccf428e5 => generated 1379 bytes in 171 msecs (HTTP/1.1 200) 9 headers in 358 bytes (1 switches on core 0)
Oct 17 09:10:07.529920 podb-esxi207 devstack@n-api.service[1990157]: [pid: 1990157|app: 0|req: 27/105] 172.25.66.207 () {64 vars in 1321 bytes} [Fri Oct 17 09:10:07 2025] POST /compute/v2.1/os-server-external-events => generated 179 bytes in 43 msecs (HTTP/1.1 200) 9 headers in 357 bytes (1 switches on core 0)
Oct 17 09:10:07.977707 podb-esxi207 devstack@n-api.service[1990156]: [pid: 1990156|app: 0|req: 28/106] 172.25.66.207 () {64 vars in 1321 bytes} [Fri Oct 17 09:10:07 2025] POST /compute/v2.1/os-server-external-events => generated 183 bytes in 36 msecs (HTTP/1.1 200) 9 headers in 357 bytes (1 switches on core 0)
Oct 17 09:10:08.040988 podb-esxi207 devstack@n-api.service[1990159]: [pid: 1990159|app: 0|req: 27/107] 172.25.66.207 () {60 vars in 1281 bytes} [Fri Oct 17 09:10:07 2025] GET /compute/v2.1/servers/72e823bd-404d-4b66-a6eb-0e8a24e0ceb1 => generated 1462 bytes in 168 msecs (HTTP/1.1 200) 9 headers in 360 bytes (1 switches on core 0)
Oct 17 09:10:08.108338 podb-esxi207 devstack@n-api.service[1990158]: [pid: 1990158|app: 0|req: 26/108] 172.25.66.207 () {60 vars in 1437 bytes} [Fri Oct 17 09:10:07 2025] PUT /compute/v2.1/servers/e4feba2b-eff0-4d33-93ee-7e5bdfec5689/os-volume_attachments/c9b11de4-4d61-4382-bd4c-b9d9cf9d5165 => generated 109 bytes in 275 msecs (HTTP/1.1 404) 9 headers in 379 bytes (2 switches on core 0)
Oct 17 09:10:08.416144 podb-esxi207 devstack@n-api.service[1990157]: [pid: 1990157|app: 0|req: 28/109] 172.25.66.207 () {58 vars in 1240 bytes} [Fri Oct 17 09:10:08 2025] GET /compute/v2.1/servers/4849086c-f020-4271-9a16-7cc171a19a6c => generated 1563 bytes in 143 msecs (HTTP/1.1 200) 9 headers in 358 bytes (1 switches on core 0)
Oct 17 09:10:08.454418 podb-esxi207 devstack@n-api.service[1990156]: [pid: 1990156|app: 0|req: 29/110] 172.25.66.207 () {58 vars in 1240 bytes} [Fri Oct 17 09:10:08 2025] GET /compute/v2.1/servers/1ba64a4a-4ef4-46a0-ab66-fabcccf428e5 => generated 1377 bytes in 165 msecs (HTTP/1.1 200) 9 headers in 358 bytes (1 switches on core 0)
Oct 17 09:10:08.557517 podb-esxi207 devstack@n-api.service[1990159]: [pid: 1990159|app: 0|req: 28/111] 172.25.66.207 () {58 vars in 1279 bytes} [Fri Oct 17 09:10:08 2025] GET /compute/v2.1/servers/4849086c-f020-4271-9a16-7cc171a19a6c/os-interface => generated 282 bytes in 112 msecs (HTTP/1.1 200) 9 headers in 357 bytes (1 switches on core 0)
Oct 17 09:10:09.240372 podb-esxi207 devstack@n-api.service[1990158]: [pid: 1990158|app: 0|req: 27/112] 172.25.66.207 () {60 vars in 1281 bytes} [Fri Oct 17 09:10:09 2025] GET /compute/v2.1/servers/72e823bd-404d-4b66-a6eb-0e8a24e0ceb1 => generated 1462 bytes in 171 msecs (HTTP/1.1 200) 9 headers in 360 bytes (1 switches on core 0)
Oct 17 09:10:09.587788 podb-esxi207 devstack@n-api.service[1990156]: [pid: 1990156|app: 0|req: 30/113] 172.25.66.207 () {64 vars in 1321 bytes} [Fri Oct 17 09:10:09 2025] POST /compute/v2.1/os-server-external-events => generated 179 bytes in 37 msecs (HTTP/1.1 200) 9 headers in 357 bytes (1 switches on core 0)
Oct 17 09:10:09.627348 podb-esxi207 devstack@n-api.service[1990157]: [pid: 1990157|app: 0|req: 29/114] 172.25.66.207 () {58 vars in 1240 bytes} [Fri Oct 17 09:10:09 2025] GET /compute/v2.1/servers/1ba64a4a-4ef4-46a0-ab66-fabcccf428e5 => generated 1377 bytes in 149 msecs (HTTP/1.1 200) 9 headers in 358 bytes (1 switches on core 0)
Oct 17 09:10:10.407511 podb-esxi207 devstack@n-api.service[1990159]: [pid: 1990159|app: 0|req: 29/115] 172.25.66.207 () {60 vars in 1281 bytes} [Fri Oct 17 09:10:10 2025] GET /compute/v2.1/servers/72e823bd-404d-4b66-a6eb-0e8a24e0ceb1 => generated 1462 bytes in 138 msecs (HTTP/1.1 200) 9 headers in 360 bytes (1 switches on core 0)
Oct 17 09:10:10.659579 podb-esxi207 devstack@n-api.service[1990158]: [pid: 1990158|app: 0|req: 28/116] 172.25.66.207 () {64 vars in 1321 bytes} [Fri Oct 17 09:10:10 2025] POST /compute/v2.1/os-server-external-events => generated 183 bytes in 90 msecs (HTTP/1.1 200) 9 headers in 357 bytes (1 switches on core 0)
Oct 17 09:10:10.811928 podb-esxi207 devstack@n-api.service[1990156]: [pid: 1990156|app: 0|req: 31/117] 172.25.66.207 () {58 vars in 1240 bytes} [Fri Oct 17 09:10:10 2025] GET /compute/v2.1/servers/1ba64a4a-4ef4-46a0-ab66-fabcccf428e5 => generated 1377 bytes in 159 msecs (HTTP/1.1 200) 9 headers in 358 bytes (1 switches on core 0)
Oct 17 09:10:11.553995 podb-esxi207 devstack@n-api.service[1990157]: [pid: 1990157|app: 0|req: 30/118] 172.25.66.207 () {58 vars in 1243 bytes} [Fri Oct 17 09:10:11 2025] DELETE /compute/v2.1/servers/e4feba2b-eff0-4d33-93ee-7e5bdfec5689 => generated 0 bytes in 133 msecs (HTTP/1.1 204) 9 headers in 363 bytes (1 switches on core 0)
Oct 17 09:10:11.594442 podb-esxi207 devstack@n-api.service[1990159]: [pid: 1990159|app: 0|req: 30/119] 172.25.66.207 () {60 vars in 1281 bytes} [Fri Oct 17 09:10:11 2025] GET /compute/v2.1/servers/72e823bd-404d-4b66-a6eb-0e8a24e0ceb1 => generated 1462 bytes in 159 msecs (HTTP/1.1 200) 9 headers in 360 bytes (1 switches on core 0)
Oct 17 09:10:11.732593 podb-esxi207 devstack@n-api.service[1990158]: [pid: 1990158|app: 0|req: 29/120] 172.25.66.207 () {58 vars in 1240 bytes} [Fri Oct 17 09:10:11 2025] GET /compute/v2.1/servers/e4feba2b-eff0-4d33-93ee-7e5bdfec5689 => generated 1514 bytes in 173 msecs (HTTP/1.1 200) 9 headers in 358 bytes (1 switches on core 0)
Oct 17 09:10:11.998826 podb-esxi207 devstack@n-api.service[1990156]: [pid: 1990156|app: 0|req: 32/121] 172.25.66.207 () {58 vars in 1240 bytes} [Fri Oct 17 09:10:11 2025] GET /compute/v2.1/servers/1ba64a4a-4ef4-46a0-ab66-fabcccf428e5 => generated 1377 bytes in 163 msecs (HTTP/1.1 200) 9 headers in 358 bytes (1 switches on core 0)
Oct 17 09:10:12.705778 podb-esxi207 devstack@n-api.service[1990159]: [pid: 1990159|app: 0|req: 31/122] 172.25.66.207 () {64 vars in 1321 bytes} [Fri Oct 17 09:10:12 2025] POST /compute/v2.1/os-server-external-events => generated 183 bytes in 35 msecs (HTTP/1.1 200) 9 headers in 357 bytes (1 switches on core 0)
Oct 17 09:10:12.778767 podb-esxi207 devstack@n-api.service[1990157]: [pid: 1990157|app: 0|req: 31/123] 172.25.66.207 () {60 vars in 1281 bytes} [Fri Oct 17 09:10:12 2025] GET /compute/v2.1/servers/72e823bd-404d-4b66-a6eb-0e8a24e0ceb1 => generated 1462 bytes in 156 msecs (HTTP/1.1 200) 9 headers in 360 bytes (1 switches on core 0)
Oct 17 09:10:12.925028 podb-esxi207 devstack@n-api.service[1990158]: [pid: 1990158|app: 0|req: 30/124] 172.25.66.207 () {58 vars in 1240 bytes} [Fri Oct 17 09:10:12 2025] GET /compute/v2.1/servers/e4feba2b-eff0-4d33-93ee-7e5bdfec5689 => generated 1514 bytes in 166 msecs (HTTP/1.1 200) 9 headers in 358 bytes (1 switches on core 0)
Oct 17 09:10:13.205790 podb-esxi207 devstack@n-api.service[1990156]: [pid: 1990156|app: 0|req: 33/125] 172.25.66.207 () {58 vars in 1240 bytes} [Fri Oct 17 09:10:13 2025] GET /compute/v2.1/servers/1ba64a4a-4ef4-46a0-ab66-fabcccf428e5 => generated 1377 bytes in 186 msecs (HTTP/1.1 200) 9 headers in 358 bytes (1 switches on core 0)
Oct 17 09:10:13.991414 podb-esxi207 devstack@n-api.service[1990159]: [pid: 1990159|app: 0|req: 32/126] 172.25.66.207 () {60 vars in 1281 bytes} [Fri Oct 17 09:10:13 2025] GET /compute/v2.1/servers/72e823bd-404d-4b66-a6eb-0e8a24e0ceb1 => generated 1647 bytes in 184 msecs (HTTP/1.1 200) 9 headers in 360 bytes (1 switches on core 0)
Oct 17 09:10:14.126503 podb-esxi207 devstack@n-api.service[1990157]: [pid: 1990157|app: 0|req: 32/127] 172.25.66.207 () {58 vars in 1240 bytes} [Fri Oct 17 09:10:13 2025] GET /compute/v2.1/servers/e4feba2b-eff0-4d33-93ee-7e5bdfec5689 => generated 1514 bytes in 175 msecs (HTTP/1.1 200) 9 headers in 358 bytes (1 switches on core 0)
Oct 17 09:10:14.208016 podb-esxi207 devstack@n-api.service[1990158]: [pid: 1990158|app: 0|req: 31/128] 172.25.66.207 () {60 vars in 1281 bytes} [Fri Oct 17 09:10:14 2025] GET /compute/v2.1/servers/99170439-db78-43c3-931e-2bf5c9354302 => generated 1647 bytes in 183 msecs (HTTP/1.1 200) 9 headers in 360 bytes (1 switches on core 0)
Oct 17 09:10:14.330827 podb-esxi207 devstack@n-api.service[1990156]: [pid: 1990156|app: 0|req: 34/129] 172.25.66.207 () {60 vars in 1320 bytes} [Fri Oct 17 09:10:14 2025] GET /compute/v2.1/servers/72e823bd-404d-4b66-a6eb-0e8a24e0ceb1/os-interface => generated 282 bytes in 109 msecs (HTTP/1.1 200) 9 headers in 359 bytes (1 switches on core 0)
Oct 17 09:10:14.445261 podb-esxi207 devstack@n-api.service[1990159]: [pid: 1990159|app: 0|req: 33/130] 172.25.66.207 () {58 vars in 1240 bytes} [Fri Oct 17 09:10:14 2025] GET /compute/v2.1/servers/1ba64a4a-4ef4-46a0-ab66-fabcccf428e5 => generated 1377 bytes in 215 msecs (HTTP/1.1 200) 9 headers in 358 bytes (1 switches on core 0)
Oct 17 09:10:14.578315 podb-esxi207 devstack@n-api.service[1990157]: [pid: 1990157|app: 0|req: 33/131] 172.25.66.207 () {64 vars in 1321 bytes} [Fri Oct 17 09:10:14 2025] POST /compute/v2.1/os-server-external-events => generated 183 bytes in 35 msecs (HTTP/1.1 200) 9 headers in 357 bytes (1 switches on core 0)
Oct 17 09:10:15.060776 podb-esxi207 devstack@n-api.service[1990158]: [pid: 1990158|app: 0|req: 32/132] 172.25.66.207 () {64 vars in 1321 bytes} [Fri Oct 17 09:10:14 2025] POST /compute/v2.1/os-server-external-events => generated 179 bytes in 72 msecs (HTTP/1.1 200) 9 headers in 357 bytes (1 switches on core 0)
Oct 17 09:10:15.234022 podb-esxi207 devstack@n-api.service[1990156]: [pid: 1990156|app: 0|req: 35/133] 172.25.66.207 () {58 vars in 1240 bytes} [Fri Oct 17 09:10:15 2025] GET /compute/v2.1/servers/e4feba2b-eff0-4d33-93ee-7e5bdfec5689 => generated 1305 bytes in 83 msecs (HTTP/1.1 200) 9 headers in 358 bytes (1 switches on core 0)
Oct 17 09:10:15.588826 podb-esxi207 devstack@n-api.service[1990159]: [pid: 1990159|app: 0|req: 34/134] 172.25.66.207 () {58 vars in 1240 bytes} [Fri Oct 17 09:10:15 2025] GET /compute/v2.1/servers/1ba64a4a-4ef4-46a0-ab66-fabcccf428e5 => generated 1565 bytes in 127 msecs (HTTP/1.1 200) 9 headers in 358 bytes (1 switches on core 0)
Oct 17 09:10:15.694684 podb-esxi207 devstack@n-api.service[1990157]: [pid: 1990157|app: 0|req: 34/135] 172.25.66.207 () {58 vars in 1279 bytes} [Fri Oct 17 09:10:15 2025] GET /compute/v2.1/servers/1ba64a4a-4ef4-46a0-ab66-fabcccf428e5/os-interface => generated 282 bytes in 81 msecs (HTTP/1.1 200) 9 headers in 357 bytes (1 switches on core 0)
Oct 17 09:10:16.402224 podb-esxi207 devstack@n-api.service[1990158]: [pid: 1990158|app: 0|req: 33/136] 172.25.66.207 () {58 vars in 1240 bytes} [Fri Oct 17 09:10:16 2025] GET /compute/v2.1/servers/e4feba2b-eff0-4d33-93ee-7e5bdfec5689 => generated 1310 bytes in 143 msecs (HTTP/1.1 200) 9 headers in 358 bytes (1 switches on core 0)
Oct 17 09:10:17.110663 podb-esxi207 devstack@n-api.service[1990156]: [pid: 1990156|app: 0|req: 36/137] 172.25.66.207 () {64 vars in 1321 bytes} [Fri Oct 17 09:10:17 2025] POST /compute/v2.1/os-server-external-events => generated 179 bytes in 34 msecs (HTTP/1.1 200) 9 headers in 357 bytes (1 switches on core 0)
Oct 17 09:10:17.521807 podb-esxi207 devstack@n-api.service[1990159]: [pid: 1990159|app: 0|req: 35/138] 172.25.66.207 () {58 vars in 1240 bytes} [Fri Oct 17 09:10:17 2025] GET /compute/v2.1/servers/e4feba2b-eff0-4d33-93ee-7e5bdfec5689 => generated 1310 bytes in 95 msecs (HTTP/1.1 200) 9 headers in 358 bytes (1 switches on core 0)
Oct 17 09:10:18.582947 podb-esxi207 devstack@n-api.service[1990157]: [pid: 1990157|app: 0|req: 35/139] 172.25.66.207 () {58 vars in 1240 bytes} [Fri Oct 17 09:10:18 2025] GET /compute/v2.1/servers/e4feba2b-eff0-4d33-93ee-7e5bdfec5689 => generated 111 bytes in 36 msecs (HTTP/1.1 404) 9 headers in 379 bytes (1 switches on core 0)
Oct 17 09:10:33.456044 podb-esxi207 devstack@n-api.service[1990158]: [pid: 1990158|app: 0|req: 34/140] 172.25.66.207 () {62 vars in 1204 bytes} [Fri Oct 17 09:10:33 2025] POST /compute/v2.1/os-keypairs => generated 400 bytes in 75 msecs (HTTP/1.1 201) 9 headers in 364 bytes (1 switches on core 0)
Oct 17 09:10:35.064926 podb-esxi207 devstack@n-api.service[1990156]: [pid: 1990156|app: 0|req: 37/141] 172.25.66.207 () {62 vars in 1192 bytes} [Fri Oct 17 09:10:34 2025] POST /compute/v2.1/servers => generated 409 bytes in 667 msecs (HTTP/1.1 202) 10 headers in 455 bytes (1 switches on core 0)
Oct 17 09:10:35.151501 podb-esxi207 devstack@n-api.service[1990159]: [pid: 1990159|app: 0|req: 36/142] 172.25.66.207 () {60 vars in 1281 bytes} [Fri Oct 17 09:10:35 2025] GET /compute/v2.1/servers/2af2a99a-5459-4d08-a5bc-a364ab8091dc => generated 1327 bytes in 83 msecs (HTTP/1.1 200) 9 headers in 360 bytes (1 switches on core 0)
Oct 17 09:10:36.263630 podb-esxi207 devstack@n-api.service[1990157]: [pid: 1990157|app: 0|req: 36/143] 172.25.66.207 () {60 vars in 1281 bytes} [Fri Oct 17 09:10:36 2025] GET /compute/v2.1/servers/2af2a99a-5459-4d08-a5bc-a364ab8091dc => generated 1331 bytes in 94 msecs (HTTP/1.1 200) 9 headers in 360 bytes (1 switches on core 0)
