Oct 17 09:34:16.838127 podb-esxi207 dnsmasq[2055081]: using nameserver 127.0.0.53#53
Oct 17 09:34:16.838217 podb-esxi207 dnsmasq[2055081]: read /opt/stack/data/neutron/dhcp/988e0724-32f5-4bac-8f77-70c5ab2b68c3/addn_hosts - 0 names
Oct 17 09:34:16.838270 podb-esxi207 dnsmasq-dhcp[2055081]: read /opt/stack/data/neutron/dhcp/988e0724-32f5-4bac-8f77-70c5ab2b68c3/host
Oct 17 09:34:16.838341 podb-esxi207 dnsmasq-dhcp[2055081]: read /opt/stack/data/neutron/dhcp/988e0724-32f5-4bac-8f77-70c5ab2b68c3/opts
Oct 17 09:34:20.512234 podb-esxi207 dnsmasq[2055397]: started, version 2.90 cachesize 150
Oct 17 09:34:20.512360 podb-esxi207 dnsmasq[2055397]: DNS service limited to local subnets
Oct 17 09:34:20.512374 podb-esxi207 dnsmasq[2055397]: compile time options: IPv6 GNU-getopt DBus no-UBus i18n IDN2 DHCP DHCPv6 no-Lua TFTP conntrack ipset no-nftset auth cryptohash DNSSEC loop-detect inotify dumpfile
Oct 17 09:34:20.512419 podb-esxi207 dnsmasq-dhcp[2055397]: DHCP, static leases only on 10.1.0.0, lease time 1d
Oct 17 09:34:20.512577 podb-esxi207 dnsmasq[2055397]: reading /etc/resolv.conf
Oct 17 09:34:20.512589 podb-esxi207 dnsmasq[2055397]: using nameserver 127.0.0.53#53
Oct 17 09:34:20.512690 podb-esxi207 dnsmasq[2055397]: read /opt/stack/data/neutron/dhcp/69cb9621-3056-4bca-9779-60cfd2deb814/addn_hosts - 0 names
Oct 17 09:34:20.512730 podb-esxi207 dnsmasq-dhcp[2055397]: read /opt/stack/data/neutron/dhcp/69cb9621-3056-4bca-9779-60cfd2deb814/host
Oct 17 09:34:20.512799 podb-esxi207 dnsmasq-dhcp[2055397]: read /opt/stack/data/neutron/dhcp/69cb9621-3056-4bca-9779-60cfd2deb814/opts
Oct 17 09:34:21.551657 podb-esxi207 dnsmasq[2055081]: read /opt/stack/data/neutron/dhcp/988e0724-32f5-4bac-8f77-70c5ab2b68c3/addn_hosts - 2 names
Oct 17 09:34:21.551750 podb-esxi207 dnsmasq-dhcp[2055081]: read /opt/stack/data/neutron/dhcp/988e0724-32f5-4bac-8f77-70c5ab2b68c3/host
Oct 17 09:34:21.551839 podb-esxi207 dnsmasq-dhcp[2055081]: read /opt/stack/data/neutron/dhcp/988e0724-32f5-4bac-8f77-70c5ab2b68c3/opts
Oct 17 09:34:23.332541 podb-esxi207 dnsmasq[2055397]: read /opt/stack/data/neutron/dhcp/69cb9621-3056-4bca-9779-60cfd2deb814/addn_hosts - 2 names
Oct 17 09:34:23.332629 podb-esxi207 dnsmasq-dhcp[2055397]: read /opt/stack/data/neutron/dhcp/69cb9621-3056-4bca-9779-60cfd2deb814/host
Oct 17 09:34:23.332756 podb-esxi207 dnsmasq-dhcp[2055397]: read /opt/stack/data/neutron/dhcp/69cb9621-3056-4bca-9779-60cfd2deb814/opts
Oct 17 09:34:24.087834 podb-esxi207 dnsmasq[2055081]: read /opt/stack/data/neutron/dhcp/988e0724-32f5-4bac-8f77-70c5ab2b68c3/addn_hosts - 2 names
Oct 17 09:34:24.087926 podb-esxi207 dnsmasq-dhcp[2055081]: read /opt/stack/data/neutron/dhcp/988e0724-32f5-4bac-8f77-70c5ab2b68c3/host
Oct 17 09:34:24.088027 podb-esxi207 dnsmasq-dhcp[2055081]: read /opt/stack/data/neutron/dhcp/988e0724-32f5-4bac-8f77-70c5ab2b68c3/opts
Oct 17 09:34:25.342013 podb-esxi207 dnsmasq[2055397]: read /opt/stack/data/neutron/dhcp/69cb9621-3056-4bca-9779-60cfd2deb814/addn_hosts - 2 names
Oct 17 09:34:25.342122 podb-esxi207 dnsmasq-dhcp[2055397]: read /opt/stack/data/neutron/dhcp/69cb9621-3056-4bca-9779-60cfd2deb814/host
Oct 17 09:34:25.342227 podb-esxi207 dnsmasq-dhcp[2055397]: read /opt/stack/data/neutron/dhcp/69cb9621-3056-4bca-9779-60cfd2deb814/opts
Oct 17 09:34:25.591243 podb-esxi207 dnsmasq-dhcp[2046624]: DHCPRELEASE(tap4dc0f975-2d) 10.1.0.13 fa:16:3e:3b:d3:78
Oct 17 09:34:25.608739 podb-esxi207 dnsmasq-dhcp[2046624]: DHCPRELEASE(tap4dc0f975-2d) 10.1.0.13 fa:16:3e:3b:d3:78 unknown lease
Oct 17 09:34:26.434328 podb-esxi207 dnsmasq[2046624]: read /opt/stack/data/neutron/dhcp/f4b900c9-c3ac-44eb-8773-a218bf6fe716/addn_hosts - 6 names
Oct 17 09:34:26.434470 podb-esxi207 dnsmasq-dhcp[2046624]: read /opt/stack/data/neutron/dhcp/f4b900c9-c3ac-44eb-8773-a218bf6fe716/host
Oct 17 09:34:26.434585 podb-esxi207 dnsmasq-dhcp[2046624]: read /opt/stack/data/neutron/dhcp/f4b900c9-c3ac-44eb-8773-a218bf6fe716/opts
Oct 17 09:34:27.213437 podb-esxi207 dnsmasq[2055081]: read /opt/stack/data/neutron/dhcp/988e0724-32f5-4bac-8f77-70c5ab2b68c3/addn_hosts - 2 names
Oct 17 09:34:27.213574 podb-esxi207 dnsmasq-dhcp[2055081]: read /opt/stack/data/neutron/dhcp/988e0724-32f5-4bac-8f77-70c5ab2b68c3/host
Oct 17 09:34:27.213680 podb-esxi207 dnsmasq-dhcp[2055081]: read /opt/stack/data/neutron/dhcp/988e0724-32f5-4bac-8f77-70c5ab2b68c3/opts
Oct 17 09:34:28.483511 podb-esxi207 dnsmasq[2055397]: read /opt/stack/data/neutron/dhcp/69cb9621-3056-4bca-9779-60cfd2deb814/addn_hosts - 2 names
Oct 17 09:34:28.483639 podb-esxi207 dnsmasq-dhcp[2055397]: read /opt/stack/data/neutron/dhcp/69cb9621-3056-4bca-9779-60cfd2deb814/host
Oct 17 09:34:28.483750 podb-esxi207 dnsmasq-dhcp[2055397]: read /opt/stack/data/neutron/dhcp/69cb9621-3056-4bca-9779-60cfd2deb814/opts
Oct 17 09:34:29.235763 podb-esxi207 dnsmasq[2055081]: read /opt/stack/data/neutron/dhcp/988e0724-32f5-4bac-8f77-70c5ab2b68c3/addn_hosts - 4 names
Oct 17 09:34:29.235913 podb-esxi207 dnsmasq-dhcp[2055081]: read /opt/stack/data/neutron/dhcp/988e0724-32f5-4bac-8f77-70c5ab2b68c3/host
Oct 17 09:34:29.236008 podb-esxi207 dnsmasq-dhcp[2055081]: read /opt/stack/data/neutron/dhcp/988e0724-32f5-4bac-8f77-70c5ab2b68c3/opts
Oct 17 09:34:31.079400 podb-esxi207 dnsmasq-dhcp[2046624]: DHCPRELEASE(tap4dc0f975-2d) 10.1.0.8 fa:16:3e:e0:d6:39
Oct 17 09:34:31.095283 podb-esxi207 dnsmasq-dhcp[2046624]: DHCPRELEASE(tap4dc0f975-2d) 10.1.0.8 fa:16:3e:e0:d6:39 unknown lease
Oct 17 09:34:31.920931 podb-esxi207 dnsmasq[2046624]: read /opt/stack/data/neutron/dhcp/f4b900c9-c3ac-44eb-8773-a218bf6fe716/addn_hosts - 4 names
Oct 17 09:34:31.921067 podb-esxi207 dnsmasq-dhcp[2046624]: read /opt/stack/data/neutron/dhcp/f4b900c9-c3ac-44eb-8773-a218bf6fe716/host
Oct 17 09:34:31.921181 podb-esxi207 dnsmasq-dhcp[2046624]: read /opt/stack/data/neutron/dhcp/f4b900c9-c3ac-44eb-8773-a218bf6fe716/opts
Oct 17 09:34:38.912074 podb-esxi207 dnsmasq-dhcp[2046624]: DHCPRELEASE(tap4dc0f975-2d) 10.1.0.12 fa:16:3e:7c:00:49
Oct 17 09:34:38.928022 podb-esxi207 dnsmasq-dhcp[2046624]: DHCPRELEASE(tap4dc0f975-2d) 10.1.0.12 fa:16:3e:7c:00:49 unknown lease
Oct 17 09:34:39.752926 podb-esxi207 dnsmasq[2046624]: read /opt/stack/data/neutron/dhcp/f4b900c9-c3ac-44eb-8773-a218bf6fe716/addn_hosts - 2 names
Oct 17 09:34:39.753004 podb-esxi207 dnsmasq-dhcp[2046624]: read /opt/stack/data/neutron/dhcp/f4b900c9-c3ac-44eb-8773-a218bf6fe716/host
Oct 17 09:34:39.753098 podb-esxi207 dnsmasq-dhcp[2046624]: read /opt/stack/data/neutron/dhcp/f4b900c9-c3ac-44eb-8773-a218bf6fe716/opts
Oct 17 09:34:48.454434 podb-esxi207 dnsmasq-dhcp[2055081]: DHCPDISCOVER(tapd9dbdd40-d7) fa:16:3e:20:30:85
Oct 17 09:34:48.454468 podb-esxi207 dnsmasq-dhcp[2055081]: DHCPOFFER(tapd9dbdd40-d7) 10.1.0.8 fa:16:3e:20:30:85
Oct 17 09:34:48.465399 podb-esxi207 dnsmasq-dhcp[2055081]: DHCPREQUEST(tapd9dbdd40-d7) 10.1.0.8 fa:16:3e:20:30:85
Oct 17 09:34:48.465428 podb-esxi207 dnsmasq-dhcp[2055081]: DHCPACK(tapd9dbdd40-d7) 10.1.0.8 fa:16:3e:20:30:85 host-10-1-0-8
Oct 17 09:34:50.209575 podb-esxi207 dnsmasq-dhcp[2046624]: DHCPRELEASE(tap4dc0f975-2d) 10.1.0.1 fa:16:3e:33:d5:0f
Oct 17 09:34:51.032515 podb-esxi207 dnsmasq[2046624]: read /opt/stack/data/neutron/dhcp/f4b900c9-c3ac-44eb-8773-a218bf6fe716/addn_hosts - 0 names
Oct 17 09:34:51.032582 podb-esxi207 dnsmasq-dhcp[2046624]: read /opt/stack/data/neutron/dhcp/f4b900c9-c3ac-44eb-8773-a218bf6fe716/host
Oct 17 09:34:51.032670 podb-esxi207 dnsmasq-dhcp[2046624]: read /opt/stack/data/neutron/dhcp/f4b900c9-c3ac-44eb-8773-a218bf6fe716/opts
Oct 17 09:34:51.291512 podb-esxi207 dnsmasq[2046624]: exiting on receipt of SIGTERM
Oct 17 09:36:40.969217 podb-esxi207 dnsmasq[2055081]: read /opt/stack/data/neutron/dhcp/988e0724-32f5-4bac-8f77-70c5ab2b68c3/addn_hosts - 6 names
Oct 17 09:36:40.969347 podb-esxi207 dnsmasq-dhcp[2055081]: read /opt/stack/data/neutron/dhcp/988e0724-32f5-4bac-8f77-70c5ab2b68c3/host
Oct 17 09:36:40.969455 podb-esxi207 dnsmasq-dhcp[2055081]: read /opt/stack/data/neutron/dhcp/988e0724-32f5-4bac-8f77-70c5ab2b68c3/opts
Oct 17 09:37:07.629610 podb-esxi207 dnsmasq-dhcp[2055081]: DHCPDISCOVER(tapd9dbdd40-d7) fa:16:3e:8e:b3:99
Oct 17 09:37:07.629641 podb-esxi207 dnsmasq-dhcp[2055081]: DHCPOFFER(tapd9dbdd40-d7) 10.1.0.3 fa:16:3e:8e:b3:99
Oct 17 09:37:07.641773 podb-esxi207 dnsmasq-dhcp[2055081]: DHCPREQUEST(tapd9dbdd40-d7) 10.1.0.3 fa:16:3e:8e:b3:99
Oct 17 09:37:07.641809 podb-esxi207 dnsmasq-dhcp[2055081]: DHCPACK(tapd9dbdd40-d7) 10.1.0.3 fa:16:3e:8e:b3:99 host-10-1-0-3
Oct 17 09:38:36.191131 podb-esxi207 dnsmasq-dhcp[2055081]: DHCPRELEASE(tapd9dbdd40-d7) 10.1.0.3 fa:16:3e:8e:b3:99
Oct 17 09:38:36.208324 podb-esxi207 dnsmasq-dhcp[2055081]: DHCPRELEASE(tapd9dbdd40-d7) 10.1.0.3 fa:16:3e:8e:b3:99 unknown lease
Oct 17 09:38:37.039259 podb-esxi207 dnsmasq[2055081]: read /opt/stack/data/neutron/dhcp/988e0724-32f5-4bac-8f77-70c5ab2b68c3/addn_hosts - 4 names
Oct 17 09:38:37.039384 podb-esxi207 dnsmasq-dhcp[2055081]: read /opt/stack/data/neutron/dhcp/988e0724-32f5-4bac-8f77-70c5ab2b68c3/host
Oct 17 09:38:37.039505 podb-esxi207 dnsmasq-dhcp[2055081]: read /opt/stack/data/neutron/dhcp/988e0724-32f5-4bac-8f77-70c5ab2b68c3/opts
Oct 17 09:38:49.602473 podb-esxi207 dnsmasq[2058382]: started, version 2.90 cachesize 150
Oct 17 09:38:49.602498 podb-esxi207 dnsmasq[2058382]: DNS service limited to local subnets
Oct 17 09:38:49.602513 podb-esxi207 dnsmasq[2058382]: compile time options: IPv6 GNU-getopt DBus no-UBus i18n IDN2 DHCP DHCPv6 no-Lua TFTP conntrack ipset no-nftset auth cryptohash DNSSEC loop-detect inotify dumpfile
Oct 17 09:38:49.602550 podb-esxi207 dnsmasq-dhcp[2058382]: DHCP, static leases only on 10.1.0.0, lease time 1d
Oct 17 09:38:49.602704 podb-esxi207 dnsmasq[2058382]: reading /etc/resolv.conf
Oct 17 09:38:49.602721 podb-esxi207 dnsmasq[2058382]: using nameserver 127.0.0.53#53
Oct 17 09:38:49.602808 podb-esxi207 dnsmasq[2058382]: read /opt/stack/data/neutron/dhcp/6207b24b-8755-42f8-9aa4-71ee8c801f1c/addn_hosts - 0 names
Oct 17 09:38:49.602858 podb-esxi207 dnsmasq-dhcp[2058382]: read /opt/stack/data/neutron/dhcp/6207b24b-8755-42f8-9aa4-71ee8c801f1c/host
Oct 17 09:38:49.602921 podb-esxi207 dnsmasq-dhcp[2058382]: read /opt/stack/data/neutron/dhcp/6207b24b-8755-42f8-9aa4-71ee8c801f1c/opts
Oct 17 09:38:51.147015 podb-esxi207 dnsmasq[2058382]: read /opt/stack/data/neutron/dhcp/6207b24b-8755-42f8-9aa4-71ee8c801f1c/addn_hosts - 2 names
Oct 17 09:38:51.147117 podb-esxi207 dnsmasq-dhcp[2058382]: read /opt/stack/data/neutron/dhcp/6207b24b-8755-42f8-9aa4-71ee8c801f1c/host
Oct 17 09:38:51.147226 podb-esxi207 dnsmasq-dhcp[2058382]: read /opt/stack/data/neutron/dhcp/6207b24b-8755-42f8-9aa4-71ee8c801f1c/opts
Oct 17 09:38:54.574389 podb-esxi207 dnsmasq[2058676]: started, version 2.90 cachesize 150
Oct 17 09:38:54.574413 podb-esxi207 dnsmasq[2058676]: DNS service limited to local subnets
Oct 17 09:38:54.574427 podb-esxi207 dnsmasq[2058676]: compile time options: IPv6 GNU-getopt DBus no-UBus i18n IDN2 DHCP DHCPv6 no-Lua TFTP conntrack ipset no-nftset auth cryptohash DNSSEC loop-detect inotify dumpfile
Oct 17 09:38:54.574464 podb-esxi207 dnsmasq-dhcp[2058676]: DHCP, static leases only on 10.1.0.0, lease time 1d
Oct 17 09:38:54.574621 podb-esxi207 dnsmasq[2058676]: reading /etc/resolv.conf
Oct 17 09:38:54.574660 podb-esxi207 dnsmasq[2058676]: using nameserver 127.0.0.53#53
Oct 17 09:38:54.574800 podb-esxi207 dnsmasq[2058676]: read /opt/stack/data/neutron/dhcp/bf9c8dee-0cb3-4e13-9183-3b2c75ca7f2a/addn_hosts - 0 names
Oct 17 09:38:54.574888 podb-esxi207 dnsmasq-dhcp[2058676]: read /opt/stack/data/neutron/dhcp/bf9c8dee-0cb3-4e13-9183-3b2c75ca7f2a/host
Oct 17 09:38:54.574965 podb-esxi207 dnsmasq-dhcp[2058676]: read /opt/stack/data/neutron/dhcp/bf9c8dee-0cb3-4e13-9183-3b2c75ca7f2a/opts
Oct 17 09:38:55.106013 podb-esxi207 dnsmasq[2058382]: read /opt/stack/data/neutron/dhcp/6207b24b-8755-42f8-9aa4-71ee8c801f1c/addn_hosts - 2 names
Oct 17 09:38:55.106101 podb-esxi207 dnsmasq-dhcp[2058382]: read /opt/stack/data/neutron/dhcp/6207b24b-8755-42f8-9aa4-71ee8c801f1c/host
Oct 17 09:38:55.106173 podb-esxi207 dnsmasq-dhcp[2058382]: read /opt/stack/data/neutron/dhcp/6207b24b-8755-42f8-9aa4-71ee8c801f1c/opts
Oct 17 09:38:57.368022 podb-esxi207 dnsmasq[2058676]: read /opt/stack/data/neutron/dhcp/bf9c8dee-0cb3-4e13-9183-3b2c75ca7f2a/addn_hosts - 2 names
Oct 17 09:38:57.368129 podb-esxi207 dnsmasq-dhcp[2058676]: read /opt/stack/data/neutron/dhcp/bf9c8dee-0cb3-4e13-9183-3b2c75ca7f2a/host
Oct 17 09:38:57.368231 podb-esxi207 dnsmasq-dhcp[2058676]: read /opt/stack/data/neutron/dhcp/bf9c8dee-0cb3-4e13-9183-3b2c75ca7f2a/opts
Oct 17 09:38:58.127961 podb-esxi207 dnsmasq[2058382]: read /opt/stack/data/neutron/dhcp/6207b24b-8755-42f8-9aa4-71ee8c801f1c/addn_hosts - 2 names
Oct 17 09:38:58.128056 podb-esxi207 dnsmasq-dhcp[2058382]: read /opt/stack/data/neutron/dhcp/6207b24b-8755-42f8-9aa4-71ee8c801f1c/host
Oct 17 09:38:58.128161 podb-esxi207 dnsmasq-dhcp[2058382]: read /opt/stack/data/neutron/dhcp/6207b24b-8755-42f8-9aa4-71ee8c801f1c/opts
Oct 17 09:38:59.384843 podb-esxi207 dnsmasq[2058676]: read /opt/stack/data/neutron/dhcp/bf9c8dee-0cb3-4e13-9183-3b2c75ca7f2a/addn_hosts - 2 names
Oct 17 09:38:59.384939 podb-esxi207 dnsmasq-dhcp[2058676]: read /opt/stack/data/neutron/dhcp/bf9c8dee-0cb3-4e13-9183-3b2c75ca7f2a/host
Oct 17 09:38:59.385010 podb-esxi207 dnsmasq-dhcp[2058676]: read /opt/stack/data/neutron/dhcp/bf9c8dee-0cb3-4e13-9183-3b2c75ca7f2a/opts
Oct 17 09:39:00.646563 podb-esxi207 dnsmasq[2058676]: read /opt/stack/data/neutron/dhcp/bf9c8dee-0cb3-4e13-9183-3b2c75ca7f2a/addn_hosts - 2 names
Oct 17 09:39:00.646671 podb-esxi207 dnsmasq-dhcp[2058676]: read /opt/stack/data/neutron/dhcp/bf9c8dee-0cb3-4e13-9183-3b2c75ca7f2a/host
Oct 17 09:39:00.646781 podb-esxi207 dnsmasq-dhcp[2058676]: read /opt/stack/data/neutron/dhcp/bf9c8dee-0cb3-4e13-9183-3b2c75ca7f2a/opts
Oct 17 09:39:44.811809 podb-esxi207 dnsmasq-dhcp[2055081]: DHCPRELEASE(tapd9dbdd40-d7) 10.1.0.8 fa:16:3e:20:30:85
Oct 17 09:39:44.829413 podb-esxi207 dnsmasq-dhcp[2055081]: DHCPRELEASE(tapd9dbdd40-d7) 10.1.0.8 fa:16:3e:20:30:85 unknown lease
Oct 17 09:39:45.654751 podb-esxi207 dnsmasq[2055081]: read /opt/stack/data/neutron/dhcp/988e0724-32f5-4bac-8f77-70c5ab2b68c3/addn_hosts - 2 names
Oct 17 09:39:45.654862 podb-esxi207 dnsmasq-dhcp[2055081]: read /opt/stack/data/neutron/dhcp/988e0724-32f5-4bac-8f77-70c5ab2b68c3/host
Oct 17 09:39:45.654979 podb-esxi207 dnsmasq-dhcp[2055081]: read /opt/stack/data/neutron/dhcp/988e0724-32f5-4bac-8f77-70c5ab2b68c3/opts
Oct 17 09:39:46.413456 podb-esxi207 dnsmasq[2058382]: read /opt/stack/data/neutron/dhcp/6207b24b-8755-42f8-9aa4-71ee8c801f1c/addn_hosts - 4 names
Oct 17 09:39:46.413579 podb-esxi207 dnsmasq-dhcp[2058382]: read /opt/stack/data/neutron/dhcp/6207b24b-8755-42f8-9aa4-71ee8c801f1c/host
Oct 17 09:39:46.413705 podb-esxi207 dnsmasq-dhcp[2058382]: read /opt/stack/data/neutron/dhcp/6207b24b-8755-42f8-9aa4-71ee8c801f1c/opts
Oct 17 09:40:05.334875 podb-esxi207 dnsmasq[2055081]: read /opt/stack/data/neutron/dhcp/988e0724-32f5-4bac-8f77-70c5ab2b68c3/addn_hosts - 0 names
Oct 17 09:40:05.334953 podb-esxi207 dnsmasq-dhcp[2055081]: read /opt/stack/data/neutron/dhcp/988e0724-32f5-4bac-8f77-70c5ab2b68c3/host
Oct 17 09:40:05.335024 podb-esxi207 dnsmasq-dhcp[2055081]: read /opt/stack/data/neutron/dhcp/988e0724-32f5-4bac-8f77-70c5ab2b68c3/opts
Oct 17 09:40:06.058042 podb-esxi207 dnsmasq[2055081]: exiting on receipt of SIGTERM
Oct 17 09:40:07.160816 podb-esxi207 dnsmasq[2055397]: read /opt/stack/data/neutron/dhcp/69cb9621-3056-4bca-9779-60cfd2deb814/addn_hosts - 0 names
Oct 17 09:40:07.160876 podb-esxi207 dnsmasq-dhcp[2055397]: read /opt/stack/data/neutron/dhcp/69cb9621-3056-4bca-9779-60cfd2deb814/host
Oct 17 09:40:07.160925 podb-esxi207 dnsmasq-dhcp[2055397]: read /opt/stack/data/neutron/dhcp/69cb9621-3056-4bca-9779-60cfd2deb814/opts
Oct 17 09:40:07.490868 podb-esxi207 dnsmasq[2055397]: exiting on receipt of SIGTERM
Oct 17 09:40:08.820028 podb-esxi207 dnsmasq-dhcp[2058382]: DHCPDISCOVER(tap3e49f214-d7) fa:16:3e:93:be:96
Oct 17 09:40:08.820059 podb-esxi207 dnsmasq-dhcp[2058382]: DHCPOFFER(tap3e49f214-d7) 10.1.0.3 fa:16:3e:93:be:96
Oct 17 09:40:08.831973 podb-esxi207 dnsmasq-dhcp[2058382]: DHCPREQUEST(tap3e49f214-d7) 10.1.0.3 fa:16:3e:93:be:96
Oct 17 09:40:08.832011 podb-esxi207 dnsmasq-dhcp[2058382]: DHCPACK(tap3e49f214-d7) 10.1.0.3 fa:16:3e:93:be:96 host-10-1-0-3
Oct 17 09:40:48.410797 podb-esxi207 dnsmasq[2060097]: started, version 2.90 cachesize 150
Oct 17 09:40:48.410826 podb-esxi207 dnsmasq[2060097]: DNS service limited to local subnets
Oct 17 09:40:48.410842 podb-esxi207 dnsmasq[2060097]: compile time options: IPv6 GNU-getopt DBus no-UBus i18n IDN2 DHCP DHCPv6 no-Lua TFTP conntrack ipset no-nftset auth cryptohash DNSSEC loop-detect inotify dumpfile
Oct 17 09:40:48.410885 podb-esxi207 dnsmasq-dhcp[2060097]: DHCP, static leases only on 10.1.0.0, lease time 1d
Oct 17 09:40:48.411038 podb-esxi207 dnsmasq[2060097]: reading /etc/resolv.conf
Oct 17 09:40:48.411055 podb-esxi207 dnsmasq[2060097]: using nameserver 127.0.0.53#53
Oct 17 09:40:48.411138 podb-esxi207 dnsmasq[2060097]: read /opt/stack/data/neutron/dhcp/14bb2a5a-7b9a-4f17-a1eb-7cb433d3638e/addn_hosts - 0 names
Oct 17 09:40:48.411190 podb-esxi207 dnsmasq-dhcp[2060097]: read /opt/stack/data/neutron/dhcp/14bb2a5a-7b9a-4f17-a1eb-7cb433d3638e/host
Oct 17 09:40:48.411253 podb-esxi207 dnsmasq-dhcp[2060097]: read /opt/stack/data/neutron/dhcp/14bb2a5a-7b9a-4f17-a1eb-7cb433d3638e/opts
Oct 17 09:40:49.959508 podb-esxi207 dnsmasq[2060097]: read /opt/stack/data/neutron/dhcp/14bb2a5a-7b9a-4f17-a1eb-7cb433d3638e/addn_hosts - 2 names
Oct 17 09:40:49.959601 podb-esxi207 dnsmasq-dhcp[2060097]: read /opt/stack/data/neutron/dhcp/14bb2a5a-7b9a-4f17-a1eb-7cb433d3638e/host
Oct 17 09:40:49.959670 podb-esxi207 dnsmasq-dhcp[2060097]: read /opt/stack/data/neutron/dhcp/14bb2a5a-7b9a-4f17-a1eb-7cb433d3638e/opts
Oct 17 09:40:52.877417 podb-esxi207 dnsmasq[2060518]: started, version 2.90 cachesize 150
Oct 17 09:40:52.877439 podb-esxi207 dnsmasq[2060518]: DNS service limited to local subnets
Oct 17 09:40:52.877455 podb-esxi207 dnsmasq[2060518]: compile time options: IPv6 GNU-getopt DBus no-UBus i18n IDN2 DHCP DHCPv6 no-Lua TFTP conntrack ipset no-nftset auth cryptohash DNSSEC loop-detect inotify dumpfile
Oct 17 09:40:52.877495 podb-esxi207 dnsmasq-dhcp[2060518]: DHCP, static leases only on 10.1.0.0, lease time 1d
Oct 17 09:40:52.877651 podb-esxi207 dnsmasq[2060518]: reading /etc/resolv.conf
Oct 17 09:40:52.877667 podb-esxi207 dnsmasq[2060518]: using nameserver 127.0.0.53#53
Oct 17 09:40:52.877785 podb-esxi207 dnsmasq[2060518]: read /opt/stack/data/neutron/dhcp/5242f333-0276-46ba-89f9-b11b4ac9943e/addn_hosts - 2 names
Oct 17 09:40:52.877854 podb-esxi207 dnsmasq-dhcp[2060518]: read /opt/stack/data/neutron/dhcp/5242f333-0276-46ba-89f9-b11b4ac9943e/host
Oct 17 09:40:52.877919 podb-esxi207 dnsmasq-dhcp[2060518]: read /opt/stack/data/neutron/dhcp/5242f333-0276-46ba-89f9-b11b4ac9943e/opts
Oct 17 09:40:53.924531 podb-esxi207 dnsmasq[2060097]: read /opt/stack/data/neutron/dhcp/14bb2a5a-7b9a-4f17-a1eb-7cb433d3638e/addn_hosts - 2 names
Oct 17 09:40:53.924654 podb-esxi207 dnsmasq-dhcp[2060097]: read /opt/stack/data/neutron/dhcp/14bb2a5a-7b9a-4f17-a1eb-7cb433d3638e/host
Oct 17 09:40:53.924777 podb-esxi207 dnsmasq-dhcp[2060097]: read /opt/stack/data/neutron/dhcp/14bb2a5a-7b9a-4f17-a1eb-7cb433d3638e/opts
Oct 17 09:40:55.186311 podb-esxi207 dnsmasq[2060518]: read /opt/stack/data/neutron/dhcp/5242f333-0276-46ba-89f9-b11b4ac9943e/addn_hosts - 2 names
Oct 17 09:40:55.186446 podb-esxi207 dnsmasq-dhcp[2060518]: read /opt/stack/data/neutron/dhcp/5242f333-0276-46ba-89f9-b11b4ac9943e/host
Oct 17 09:40:55.186559 podb-esxi207 dnsmasq-dhcp[2060518]: read /opt/stack/data/neutron/dhcp/5242f333-0276-46ba-89f9-b11b4ac9943e/opts
Oct 17 09:40:56.456334 podb-esxi207 dnsmasq[2060097]: read /opt/stack/data/neutron/dhcp/14bb2a5a-7b9a-4f17-a1eb-7cb433d3638e/addn_hosts - 2 names
Oct 17 09:40:56.456420 podb-esxi207 dnsmasq-dhcp[2060097]: read /opt/stack/data/neutron/dhcp/14bb2a5a-7b9a-4f17-a1eb-7cb433d3638e/host
Oct 17 09:40:56.456511 podb-esxi207 dnsmasq-dhcp[2060097]: read /opt/stack/data/neutron/dhcp/14bb2a5a-7b9a-4f17-a1eb-7cb433d3638e/opts
Oct 17 09:40:57.209781 podb-esxi207 dnsmasq[2060518]: read /opt/stack/data/neutron/dhcp/5242f333-0276-46ba-89f9-b11b4ac9943e/addn_hosts - 2 names
Oct 17 09:40:57.209913 podb-esxi207 dnsmasq-dhcp[2060518]: read /opt/stack/data/neutron/dhcp/5242f333-0276-46ba-89f9-b11b4ac9943e/host
Oct 17 09:40:57.210022 podb-esxi207 dnsmasq-dhcp[2060518]: read /opt/stack/data/neutron/dhcp/5242f333-0276-46ba-89f9-b11b4ac9943e/opts
Oct 17 09:40:58.460043 podb-esxi207 dnsmasq[2060518]: read /opt/stack/data/neutron/dhcp/5242f333-0276-46ba-89f9-b11b4ac9943e/addn_hosts - 2 names
Oct 17 09:40:58.460152 podb-esxi207 dnsmasq-dhcp[2060518]: read /opt/stack/data/neutron/dhcp/5242f333-0276-46ba-89f9-b11b4ac9943e/host
Oct 17 09:40:58.460320 podb-esxi207 dnsmasq-dhcp[2060518]: read /opt/stack/data/neutron/dhcp/5242f333-0276-46ba-89f9-b11b4ac9943e/opts
Oct 17 09:40:59.210715 podb-esxi207 dnsmasq[2060097]: read /opt/stack/data/neutron/dhcp/14bb2a5a-7b9a-4f17-a1eb-7cb433d3638e/addn_hosts - 4 names
Oct 17 09:40:59.210840 podb-esxi207 dnsmasq-dhcp[2060097]: read /opt/stack/data/neutron/dhcp/14bb2a5a-7b9a-4f17-a1eb-7cb433d3638e/host
Oct 17 09:40:59.210952 podb-esxi207 dnsmasq-dhcp[2060097]: read /opt/stack/data/neutron/dhcp/14bb2a5a-7b9a-4f17-a1eb-7cb433d3638e/opts
Oct 17 09:41:23.443388 podb-esxi207 dnsmasq-dhcp[2060097]: DHCPDISCOVER(tap1498df96-41) fa:16:3e:a1:50:24
Oct 17 09:41:23.443421 podb-esxi207 dnsmasq-dhcp[2060097]: DHCPOFFER(tap1498df96-41) 10.1.0.8 fa:16:3e:a1:50:24
Oct 17 09:41:23.455259 podb-esxi207 dnsmasq-dhcp[2060097]: DHCPREQUEST(tap1498df96-41) 10.1.0.8 fa:16:3e:a1:50:24
Oct 17 09:41:23.455294 podb-esxi207 dnsmasq-dhcp[2060097]: DHCPACK(tap1498df96-41) 10.1.0.8 fa:16:3e:a1:50:24 host-10-1-0-8
Oct 17 09:41:38.706126 podb-esxi207 dnsmasq-dhcp[2058382]: DHCPRELEASE(tap3e49f214-d7) 10.1.0.3 fa:16:3e:93:be:96
Oct 17 09:41:38.723475 podb-esxi207 dnsmasq-dhcp[2058382]: DHCPRELEASE(tap3e49f214-d7) 10.1.0.3 fa:16:3e:93:be:96 unknown lease
Oct 17 09:41:39.548317 podb-esxi207 dnsmasq[2058382]: read /opt/stack/data/neutron/dhcp/6207b24b-8755-42f8-9aa4-71ee8c801f1c/addn_hosts - 2 names
Oct 17 09:41:39.548452 podb-esxi207 dnsmasq-dhcp[2058382]: read /opt/stack/data/neutron/dhcp/6207b24b-8755-42f8-9aa4-71ee8c801f1c/host
Oct 17 09:41:39.548569 podb-esxi207 dnsmasq-dhcp[2058382]: read /opt/stack/data/neutron/dhcp/6207b24b-8755-42f8-9aa4-71ee8c801f1c/opts
Oct 17 09:42:44.410180 podb-esxi207 dnsmasq[2058382]: read /opt/stack/data/neutron/dhcp/6207b24b-8755-42f8-9aa4-71ee8c801f1c/addn_hosts - 0 names
Oct 17 09:42:44.410257 podb-esxi207 dnsmasq-dhcp[2058382]: read /opt/stack/data/neutron/dhcp/6207b24b-8755-42f8-9aa4-71ee8c801f1c/host
Oct 17 09:42:44.410362 podb-esxi207 dnsmasq-dhcp[2058382]: read /opt/stack/data/neutron/dhcp/6207b24b-8755-42f8-9aa4-71ee8c801f1c/opts
Oct 17 09:42:45.540746 podb-esxi207 dnsmasq[2058382]: exiting on receipt of SIGTERM
Oct 17 09:42:46.666380 podb-esxi207 dnsmasq[2058676]: read /opt/stack/data/neutron/dhcp/bf9c8dee-0cb3-4e13-9183-3b2c75ca7f2a/addn_hosts - 0 names
Oct 17 09:42:46.666450 podb-esxi207 dnsmasq-dhcp[2058676]: read /opt/stack/data/neutron/dhcp/bf9c8dee-0cb3-4e13-9183-3b2c75ca7f2a/host
Oct 17 09:42:46.666528 podb-esxi207 dnsmasq-dhcp[2058676]: read /opt/stack/data/neutron/dhcp/bf9c8dee-0cb3-4e13-9183-3b2c75ca7f2a/opts
Oct 17 09:42:47.414709 podb-esxi207 dnsmasq[2058676]: exiting on receipt of SIGTERM
Oct 17 09:42:55.955927 podb-esxi207 dnsmasq[2061967]: started, version 2.90 cachesize 150
Oct 17 09:42:55.955955 podb-esxi207 dnsmasq[2061967]: DNS service limited to local subnets
Oct 17 09:42:55.955969 podb-esxi207 dnsmasq[2061967]: compile time options: IPv6 GNU-getopt DBus no-UBus i18n IDN2 DHCP DHCPv6 no-Lua TFTP conntrack ipset no-nftset auth cryptohash DNSSEC loop-detect inotify dumpfile
Oct 17 09:42:55.956005 podb-esxi207 dnsmasq-dhcp[2061967]: DHCP, static leases only on 10.1.0.0, lease time 1d
Oct 17 09:42:55.956156 podb-esxi207 dnsmasq[2061967]: reading /etc/resolv.conf
Oct 17 09:42:55.956172 podb-esxi207 dnsmasq[2061967]: using nameserver 127.0.0.53#53
Oct 17 09:42:55.956258 podb-esxi207 dnsmasq[2061967]: read /opt/stack/data/neutron/dhcp/f67e7e38-9b7b-4fa8-b259-c410882df13d/addn_hosts - 0 names
Oct 17 09:42:55.956308 podb-esxi207 dnsmasq-dhcp[2061967]: read /opt/stack/data/neutron/dhcp/f67e7e38-9b7b-4fa8-b259-c410882df13d/host
Oct 17 09:42:55.956372 podb-esxi207 dnsmasq-dhcp[2061967]: read /opt/stack/data/neutron/dhcp/f67e7e38-9b7b-4fa8-b259-c410882df13d/opts
Oct 17 09:42:57.498401 podb-esxi207 dnsmasq[2061967]: read /opt/stack/data/neutron/dhcp/f67e7e38-9b7b-4fa8-b259-c410882df13d/addn_hosts - 2 names
Oct 17 09:42:57.498512 podb-esxi207 dnsmasq-dhcp[2061967]: read /opt/stack/data/neutron/dhcp/f67e7e38-9b7b-4fa8-b259-c410882df13d/host
Oct 17 09:42:57.498620 podb-esxi207 dnsmasq-dhcp[2061967]: read /opt/stack/data/neutron/dhcp/f67e7e38-9b7b-4fa8-b259-c410882df13d/opts
Oct 17 09:43:00.383560 podb-esxi207 dnsmasq[2062339]: started, version 2.90 cachesize 150
Oct 17 09:43:00.383591 podb-esxi207 dnsmasq[2062339]: DNS service limited to local subnets
Oct 17 09:43:00.383606 podb-esxi207 dnsmasq[2062339]: compile time options: IPv6 GNU-getopt DBus no-UBus i18n IDN2 DHCP DHCPv6 no-Lua TFTP conntrack ipset no-nftset auth cryptohash DNSSEC loop-detect inotify dumpfile
Oct 17 09:43:00.383656 podb-esxi207 dnsmasq-dhcp[2062339]: DHCP, static leases only on 10.1.0.0, lease time 1d
Oct 17 09:43:00.383808 podb-esxi207 dnsmasq[2062339]: reading /etc/resolv.conf
Oct 17 09:43:00.383826 podb-esxi207 dnsmasq[2062339]: using nameserver 127.0.0.53#53
Oct 17 09:43:00.383915 podb-esxi207 dnsmasq[2062339]: read /opt/stack/data/neutron/dhcp/b62ddaa6-6aaf-4774-a667-ad223bc4f5d5/addn_hosts - 0 names
Oct 17 09:43:00.383967 podb-esxi207 dnsmasq-dhcp[2062339]: read /opt/stack/data/neutron/dhcp/b62ddaa6-6aaf-4774-a667-ad223bc4f5d5/host
Oct 17 09:43:00.384028 podb-esxi207 dnsmasq-dhcp[2062339]: read /opt/stack/data/neutron/dhcp/b62ddaa6-6aaf-4774-a667-ad223bc4f5d5/opts
Oct 17 09:43:01.425982 podb-esxi207 dnsmasq[2061967]: read /opt/stack/data/neutron/dhcp/f67e7e38-9b7b-4fa8-b259-c410882df13d/addn_hosts - 2 names
Oct 17 09:43:01.426070 podb-esxi207 dnsmasq-dhcp[2061967]: read /opt/stack/data/neutron/dhcp/f67e7e38-9b7b-4fa8-b259-c410882df13d/host
Oct 17 09:43:01.426167 podb-esxi207 dnsmasq-dhcp[2061967]: read /opt/stack/data/neutron/dhcp/f67e7e38-9b7b-4fa8-b259-c410882df13d/opts
Oct 17 09:43:02.678701 podb-esxi207 dnsmasq[2062339]: read /opt/stack/data/neutron/dhcp/b62ddaa6-6aaf-4774-a667-ad223bc4f5d5/addn_hosts - 2 names
Oct 17 09:43:02.678779 podb-esxi207 dnsmasq-dhcp[2062339]: read /opt/stack/data/neutron/dhcp/b62ddaa6-6aaf-4774-a667-ad223bc4f5d5/host
Oct 17 09:43:02.678853 podb-esxi207 dnsmasq-dhcp[2062339]: read /opt/stack/data/neutron/dhcp/b62ddaa6-6aaf-4774-a667-ad223bc4f5d5/opts
Oct 17 09:43:03.939313 podb-esxi207 dnsmasq[2061967]: read /opt/stack/data/neutron/dhcp/f67e7e38-9b7b-4fa8-b259-c410882df13d/addn_hosts - 2 names
Oct 17 09:43:03.939400 podb-esxi207 dnsmasq-dhcp[2061967]: read /opt/stack/data/neutron/dhcp/f67e7e38-9b7b-4fa8-b259-c410882df13d/host
Oct 17 09:43:03.939530 podb-esxi207 dnsmasq-dhcp[2061967]: read /opt/stack/data/neutron/dhcp/f67e7e38-9b7b-4fa8-b259-c410882df13d/opts
Oct 17 09:43:04.685829 podb-esxi207 dnsmasq[2062339]: read /opt/stack/data/neutron/dhcp/b62ddaa6-6aaf-4774-a667-ad223bc4f5d5/addn_hosts - 2 names
Oct 17 09:43:04.685943 podb-esxi207 dnsmasq-dhcp[2062339]: read /opt/stack/data/neutron/dhcp/b62ddaa6-6aaf-4774-a667-ad223bc4f5d5/host
Oct 17 09:43:04.686050 podb-esxi207 dnsmasq-dhcp[2062339]: read /opt/stack/data/neutron/dhcp/b62ddaa6-6aaf-4774-a667-ad223bc4f5d5/opts
Oct 17 09:43:05.940586 podb-esxi207 dnsmasq[2062339]: read /opt/stack/data/neutron/dhcp/b62ddaa6-6aaf-4774-a667-ad223bc4f5d5/addn_hosts - 2 names
Oct 17 09:43:05.940724 podb-esxi207 dnsmasq-dhcp[2062339]: read /opt/stack/data/neutron/dhcp/b62ddaa6-6aaf-4774-a667-ad223bc4f5d5/host
Oct 17 09:43:05.940833 podb-esxi207 dnsmasq-dhcp[2062339]: read /opt/stack/data/neutron/dhcp/b62ddaa6-6aaf-4774-a667-ad223bc4f5d5/opts
Oct 17 09:43:07.584130 podb-esxi207 dnsmasq[2061967]: read /opt/stack/data/neutron/dhcp/f67e7e38-9b7b-4fa8-b259-c410882df13d/addn_hosts - 4 names
Oct 17 09:43:07.584242 podb-esxi207 dnsmasq-dhcp[2061967]: read /opt/stack/data/neutron/dhcp/f67e7e38-9b7b-4fa8-b259-c410882df13d/host
Oct 17 09:43:07.584330 podb-esxi207 dnsmasq-dhcp[2061967]: read /opt/stack/data/neutron/dhcp/f67e7e38-9b7b-4fa8-b259-c410882df13d/opts
Oct 17 09:43:18.919728 podb-esxi207 dnsmasq-dhcp[2060097]: DHCPRELEASE(tap1498df96-41) 10.1.0.8 fa:16:3e:a1:50:24
Oct 17 09:43:18.935293 podb-esxi207 dnsmasq-dhcp[2060097]: DHCPRELEASE(tap1498df96-41) 10.1.0.8 fa:16:3e:a1:50:24 unknown lease
Oct 17 09:43:19.761246 podb-esxi207 dnsmasq[2060097]: read /opt/stack/data/neutron/dhcp/14bb2a5a-7b9a-4f17-a1eb-7cb433d3638e/addn_hosts - 2 names
Oct 17 09:43:19.761366 podb-esxi207 dnsmasq-dhcp[2060097]: read /opt/stack/data/neutron/dhcp/14bb2a5a-7b9a-4f17-a1eb-7cb433d3638e/host
Oct 17 09:43:19.761480 podb-esxi207 dnsmasq-dhcp[2060097]: read /opt/stack/data/neutron/dhcp/14bb2a5a-7b9a-4f17-a1eb-7cb433d3638e/opts
Oct 17 09:43:27.803506 podb-esxi207 dnsmasq[2007682]: read /opt/stack/data/neutron/dhcp/6ba40612-9acc-43ec-acb5-559f70777d4a/addn_hosts - 2 names
Oct 17 09:43:27.803651 podb-esxi207 dnsmasq-dhcp[2007682]: read /opt/stack/data/neutron/dhcp/6ba40612-9acc-43ec-acb5-559f70777d4a/host
Oct 17 09:43:27.803736 podb-esxi207 dnsmasq-dhcp[2007682]: read /opt/stack/data/neutron/dhcp/6ba40612-9acc-43ec-acb5-559f70777d4a/opts
Oct 17 09:43:34.442299 podb-esxi207 dnsmasq[2060097]: read /opt/stack/data/neutron/dhcp/14bb2a5a-7b9a-4f17-a1eb-7cb433d3638e/addn_hosts - 0 names
Oct 17 09:43:34.442365 podb-esxi207 dnsmasq-dhcp[2060097]: read /opt/stack/data/neutron/dhcp/14bb2a5a-7b9a-4f17-a1eb-7cb433d3638e/host
Oct 17 09:43:34.442451 podb-esxi207 dnsmasq-dhcp[2060097]: read /opt/stack/data/neutron/dhcp/14bb2a5a-7b9a-4f17-a1eb-7cb433d3638e/opts
Oct 17 09:43:35.122084 podb-esxi207 dnsmasq-dhcp[2061967]: DHCPDISCOVER(tap068acdc1-68) fa:16:3e:35:78:59
Oct 17 09:43:35.122115 podb-esxi207 dnsmasq-dhcp[2061967]: DHCPOFFER(tap068acdc1-68) 10.1.0.10 fa:16:3e:35:78:59
Oct 17 09:43:35.150896 podb-esxi207 dnsmasq-dhcp[2061967]: DHCPREQUEST(tap068acdc1-68) 10.1.0.10 fa:16:3e:35:78:59
Oct 17 09:43:35.150930 podb-esxi207 dnsmasq-dhcp[2061967]: DHCPACK(tap068acdc1-68) 10.1.0.10 fa:16:3e:35:78:59 host-10-1-0-10
Oct 17 09:43:35.367425 podb-esxi207 dnsmasq[2060097]: exiting on receipt of SIGTERM
Oct 17 09:43:35.982537 podb-esxi207 dnsmasq-dhcp[2060518]: DHCPRELEASE(tapa2428fa7-24) 10.1.0.1 fa:16:3e:53:f7:7b
Oct 17 09:43:36.807905 podb-esxi207 dnsmasq[2060518]: read /opt/stack/data/neutron/dhcp/5242f333-0276-46ba-89f9-b11b4ac9943e/addn_hosts - 0 names
Oct 17 09:43:36.807970 podb-esxi207 dnsmasq-dhcp[2060518]: read /opt/stack/data/neutron/dhcp/5242f333-0276-46ba-89f9-b11b4ac9943e/host
Oct 17 09:43:36.808031 podb-esxi207 dnsmasq-dhcp[2060518]: read /opt/stack/data/neutron/dhcp/5242f333-0276-46ba-89f9-b11b4ac9943e/opts
Oct 17 09:43:37.061341 podb-esxi207 dnsmasq[2060518]: exiting on receipt of SIGTERM
Oct 17 09:43:39.718042 podb-esxi207 dnsmasq[2007682]: read /opt/stack/data/neutron/dhcp/6ba40612-9acc-43ec-acb5-559f70777d4a/addn_hosts - 0 names
Oct 17 09:43:39.718110 podb-esxi207 dnsmasq-dhcp[2007682]: read /opt/stack/data/neutron/dhcp/6ba40612-9acc-43ec-acb5-559f70777d4a/host
Oct 17 09:43:39.718210 podb-esxi207 dnsmasq-dhcp[2007682]: read /opt/stack/data/neutron/dhcp/6ba40612-9acc-43ec-acb5-559f70777d4a/opts
Oct 17 09:45:13.115296 podb-esxi207 dnsmasq[2061967]: read /opt/stack/data/neutron/dhcp/f67e7e38-9b7b-4fa8-b259-c410882df13d/addn_hosts - 6 names
Oct 17 09:45:13.115437 podb-esxi207 dnsmasq-dhcp[2061967]: read /opt/stack/data/neutron/dhcp/f67e7e38-9b7b-4fa8-b259-c410882df13d/host
Oct 17 09:45:13.115544 podb-esxi207 dnsmasq-dhcp[2061967]: read /opt/stack/data/neutron/dhcp/f67e7e38-9b7b-4fa8-b259-c410882df13d/opts
Oct 17 09:45:36.091541 podb-esxi207 dnsmasq[2064264]: started, version 2.90 cachesize 150
Oct 17 09:45:36.091571 podb-esxi207 dnsmasq[2064264]: DNS service limited to local subnets
Oct 17 09:45:36.091586 podb-esxi207 dnsmasq[2064264]: compile time options: IPv6 GNU-getopt DBus no-UBus i18n IDN2 DHCP DHCPv6 no-Lua TFTP conntrack ipset no-nftset auth cryptohash DNSSEC loop-detect inotify dumpfile
Oct 17 09:45:36.091622 podb-esxi207 dnsmasq-dhcp[2064264]: DHCP, static leases only on 10.1.0.0, lease time 1d
Oct 17 09:45:36.091781 podb-esxi207 dnsmasq[2064264]: reading /etc/resolv.conf
Oct 17 09:45:36.091798 podb-esxi207 dnsmasq[2064264]: using nameserver 127.0.0.53#53
Oct 17 09:45:36.091888 podb-esxi207 dnsmasq[2064264]: read /opt/stack/data/neutron/dhcp/715f59fc-1526-4e1f-b9d6-cd02a942a8f3/addn_hosts - 0 names
Oct 17 09:45:36.091943 podb-esxi207 dnsmasq-dhcp[2064264]: read /opt/stack/data/neutron/dhcp/715f59fc-1526-4e1f-b9d6-cd02a942a8f3/host
Oct 17 09:45:36.092001 podb-esxi207 dnsmasq-dhcp[2064264]: read /opt/stack/data/neutron/dhcp/715f59fc-1526-4e1f-b9d6-cd02a942a8f3/opts
Oct 17 09:45:36.884213 podb-esxi207 dnsmasq-dhcp[2061967]: DHCPDISCOVER(tap068acdc1-68) fa:16:3e:55:8d:6d
Oct 17 09:45:36.884245 podb-esxi207 dnsmasq-dhcp[2061967]: DHCPOFFER(tap068acdc1-68) 10.1.0.4 fa:16:3e:55:8d:6d
Oct 17 09:45:36.895865 podb-esxi207 dnsmasq-dhcp[2061967]: DHCPREQUEST(tap068acdc1-68) 10.1.0.4 fa:16:3e:55:8d:6d
Oct 17 09:45:36.895896 podb-esxi207 dnsmasq-dhcp[2061967]: DHCPACK(tap068acdc1-68) 10.1.0.4 fa:16:3e:55:8d:6d host-10-1-0-4
Oct 17 09:45:37.638376 podb-esxi207 dnsmasq[2064264]: read /opt/stack/data/neutron/dhcp/715f59fc-1526-4e1f-b9d6-cd02a942a8f3/addn_hosts - 2 names
Oct 17 09:45:37.638491 podb-esxi207 dnsmasq-dhcp[2064264]: read /opt/stack/data/neutron/dhcp/715f59fc-1526-4e1f-b9d6-cd02a942a8f3/host
Oct 17 09:45:37.638594 podb-esxi207 dnsmasq-dhcp[2064264]: read /opt/stack/data/neutron/dhcp/715f59fc-1526-4e1f-b9d6-cd02a942a8f3/opts
Oct 17 09:45:38.898951 podb-esxi207 dnsmasq[2064264]: read /opt/stack/data/neutron/dhcp/715f59fc-1526-4e1f-b9d6-cd02a942a8f3/addn_hosts - 2 names
Oct 17 09:45:38.899059 podb-esxi207 dnsmasq-dhcp[2064264]: read /opt/stack/data/neutron/dhcp/715f59fc-1526-4e1f-b9d6-cd02a942a8f3/host
Oct 17 09:45:38.899168 podb-esxi207 dnsmasq-dhcp[2064264]: read /opt/stack/data/neutron/dhcp/715f59fc-1526-4e1f-b9d6-cd02a942a8f3/opts
Oct 17 09:45:40.157404 podb-esxi207 dnsmasq[2064264]: read /opt/stack/data/neutron/dhcp/715f59fc-1526-4e1f-b9d6-cd02a942a8f3/addn_hosts - 2 names
Oct 17 09:45:40.157517 podb-esxi207 dnsmasq-dhcp[2064264]: read /opt/stack/data/neutron/dhcp/715f59fc-1526-4e1f-b9d6-cd02a942a8f3/host
Oct 17 09:45:40.157617 podb-esxi207 dnsmasq-dhcp[2064264]: read /opt/stack/data/neutron/dhcp/715f59fc-1526-4e1f-b9d6-cd02a942a8f3/opts
Oct 17 09:46:48.782411 podb-esxi207 dnsmasq-dhcp[2061967]: DHCPRELEASE(tap068acdc1-68) 10.1.0.4 fa:16:3e:55:8d:6d
Oct 17 09:46:48.800474 podb-esxi207 dnsmasq-dhcp[2061967]: DHCPRELEASE(tap068acdc1-68) 10.1.0.4 fa:16:3e:55:8d:6d unknown lease
Oct 17 09:46:49.626195 podb-esxi207 dnsmasq[2061967]: read /opt/stack/data/neutron/dhcp/f67e7e38-9b7b-4fa8-b259-c410882df13d/addn_hosts - 4 names
Oct 17 09:46:49.626342 podb-esxi207 dnsmasq-dhcp[2061967]: read /opt/stack/data/neutron/dhcp/f67e7e38-9b7b-4fa8-b259-c410882df13d/host
Oct 17 09:46:49.626438 podb-esxi207 dnsmasq-dhcp[2061967]: read /opt/stack/data/neutron/dhcp/f67e7e38-9b7b-4fa8-b259-c410882df13d/opts
Oct 17 09:47:07.743324 podb-esxi207 dnsmasq[2064264]: read /opt/stack/data/neutron/dhcp/715f59fc-1526-4e1f-b9d6-cd02a942a8f3/addn_hosts - 4 names
Oct 17 09:47:07.743441 podb-esxi207 dnsmasq-dhcp[2064264]: read /opt/stack/data/neutron/dhcp/715f59fc-1526-4e1f-b9d6-cd02a942a8f3/host
Oct 17 09:47:07.743554 podb-esxi207 dnsmasq-dhcp[2064264]: read /opt/stack/data/neutron/dhcp/715f59fc-1526-4e1f-b9d6-cd02a942a8f3/opts
Oct 17 09:47:31.196683 podb-esxi207 dnsmasq-dhcp[2064264]: DHCPDISCOVER(tap39766780-bd) fa:16:3e:e7:77:fe
Oct 17 09:47:31.196711 podb-esxi207 dnsmasq-dhcp[2064264]: DHCPOFFER(tap39766780-bd) 10.1.0.4 fa:16:3e:e7:77:fe
Oct 17 09:47:31.207315 podb-esxi207 dnsmasq-dhcp[2064264]: DHCPREQUEST(tap39766780-bd) 10.1.0.4 fa:16:3e:e7:77:fe
Oct 17 09:47:31.207352 podb-esxi207 dnsmasq-dhcp[2064264]: DHCPACK(tap39766780-bd) 10.1.0.4 fa:16:3e:e7:77:fe host-10-1-0-4
Oct 17 09:48:33.132061 podb-esxi207 dnsmasq-dhcp[2061967]: DHCPRELEASE(tap068acdc1-68) 10.1.0.10 fa:16:3e:35:78:59
Oct 17 09:48:33.150171 podb-esxi207 dnsmasq-dhcp[2061967]: DHCPRELEASE(tap068acdc1-68) 10.1.0.10 fa:16:3e:35:78:59 unknown lease
Oct 17 09:48:33.977552 podb-esxi207 dnsmasq[2061967]: read /opt/stack/data/neutron/dhcp/f67e7e38-9b7b-4fa8-b259-c410882df13d/addn_hosts - 2 names
Oct 17 09:48:33.977657 podb-esxi207 dnsmasq-dhcp[2061967]: read /opt/stack/data/neutron/dhcp/f67e7e38-9b7b-4fa8-b259-c410882df13d/host
Oct 17 09:48:33.977763 podb-esxi207 dnsmasq-dhcp[2061967]: read /opt/stack/data/neutron/dhcp/f67e7e38-9b7b-4fa8-b259-c410882df13d/opts
Oct 17 09:48:47.320233 podb-esxi207 dnsmasq[2061967]: read /opt/stack/data/neutron/dhcp/f67e7e38-9b7b-4fa8-b259-c410882df13d/addn_hosts - 4 names
Oct 17 09:48:47.320352 podb-esxi207 dnsmasq-dhcp[2061967]: read /opt/stack/data/neutron/dhcp/f67e7e38-9b7b-4fa8-b259-c410882df13d/host
Oct 17 09:48:47.320465 podb-esxi207 dnsmasq-dhcp[2061967]: read /opt/stack/data/neutron/dhcp/f67e7e38-9b7b-4fa8-b259-c410882df13d/opts
Oct 17 09:49:11.982150 podb-esxi207 dnsmasq-dhcp[2061967]: DHCPDISCOVER(tap068acdc1-68) fa:16:3e:fe:34:93
Oct 17 09:49:11.982177 podb-esxi207 dnsmasq-dhcp[2061967]: DHCPOFFER(tap068acdc1-68) 10.1.0.14 fa:16:3e:fe:34:93
Oct 17 09:49:11.997908 podb-esxi207 dnsmasq-dhcp[2061967]: DHCPREQUEST(tap068acdc1-68) 10.1.0.14 fa:16:3e:fe:34:93
Oct 17 09:49:11.997939 podb-esxi207 dnsmasq-dhcp[2061967]: DHCPACK(tap068acdc1-68) 10.1.0.14 fa:16:3e:fe:34:93 host-10-1-0-14
Oct 17 09:50:37.875429 podb-esxi207 dnsmasq-dhcp[2061967]: DHCPRELEASE(tap068acdc1-68) 10.1.0.14 fa:16:3e:fe:34:93
Oct 17 09:50:37.893178 podb-esxi207 dnsmasq-dhcp[2061967]: DHCPRELEASE(tap068acdc1-68) 10.1.0.14 fa:16:3e:fe:34:93 unknown lease
Oct 17 09:50:38.718407 podb-esxi207 dnsmasq[2061967]: read /opt/stack/data/neutron/dhcp/f67e7e38-9b7b-4fa8-b259-c410882df13d/addn_hosts - 2 names
Oct 17 09:50:38.718511 podb-esxi207 dnsmasq-dhcp[2061967]: read /opt/stack/data/neutron/dhcp/f67e7e38-9b7b-4fa8-b259-c410882df13d/host
Oct 17 09:50:38.718625 podb-esxi207 dnsmasq-dhcp[2061967]: read /opt/stack/data/neutron/dhcp/f67e7e38-9b7b-4fa8-b259-c410882df13d/opts
Oct 17 09:50:44.278047 podb-esxi207 dnsmasq[2061967]: read /opt/stack/data/neutron/dhcp/f67e7e38-9b7b-4fa8-b259-c410882df13d/addn_hosts - 0 names
Oct 17 09:50:44.278142 podb-esxi207 dnsmasq-dhcp[2061967]: read /opt/stack/data/neutron/dhcp/f67e7e38-9b7b-4fa8-b259-c410882df13d/host
Oct 17 09:50:44.278245 podb-esxi207 dnsmasq-dhcp[2061967]: read /opt/stack/data/neutron/dhcp/f67e7e38-9b7b-4fa8-b259-c410882df13d/opts
Oct 17 09:50:45.344762 podb-esxi207 dnsmasq[2061967]: exiting on receipt of SIGTERM
Oct 17 09:50:46.521549 podb-esxi207 dnsmasq[2062339]: read /opt/stack/data/neutron/dhcp/b62ddaa6-6aaf-4774-a667-ad223bc4f5d5/addn_hosts - 0 names
Oct 17 09:50:46.521626 podb-esxi207 dnsmasq-dhcp[2062339]: read /opt/stack/data/neutron/dhcp/b62ddaa6-6aaf-4774-a667-ad223bc4f5d5/host
Oct 17 09:50:46.521682 podb-esxi207 dnsmasq-dhcp[2062339]: read /opt/stack/data/neutron/dhcp/b62ddaa6-6aaf-4774-a667-ad223bc4f5d5/opts
Oct 17 09:50:47.565714 podb-esxi207 dnsmasq[2062339]: exiting on receipt of SIGTERM
Oct 17 09:50:51.148842 podb-esxi207 dnsmasq-dhcp[2064264]: DHCPRELEASE(tap39766780-bd) 10.1.0.4 fa:16:3e:e7:77:fe
Oct 17 09:50:51.166441 podb-esxi207 dnsmasq-dhcp[2064264]: DHCPRELEASE(tap39766780-bd) 10.1.0.4 fa:16:3e:e7:77:fe unknown lease
Oct 17 09:50:51.990832 podb-esxi207 dnsmasq[2064264]: read /opt/stack/data/neutron/dhcp/715f59fc-1526-4e1f-b9d6-cd02a942a8f3/addn_hosts - 2 names
Oct 17 09:50:51.990967 podb-esxi207 dnsmasq-dhcp[2064264]: read /opt/stack/data/neutron/dhcp/715f59fc-1526-4e1f-b9d6-cd02a942a8f3/host
Oct 17 09:50:51.991063 podb-esxi207 dnsmasq-dhcp[2064264]: read /opt/stack/data/neutron/dhcp/715f59fc-1526-4e1f-b9d6-cd02a942a8f3/opts
Oct 17 09:54:49.600846 podb-esxi207 dnsmasq[2064264]: read /opt/stack/data/neutron/dhcp/715f59fc-1526-4e1f-b9d6-cd02a942a8f3/addn_hosts - 0 names
Oct 17 09:54:49.600925 podb-esxi207 dnsmasq-dhcp[2064264]: read /opt/stack/data/neutron/dhcp/715f59fc-1526-4e1f-b9d6-cd02a942a8f3/host
Oct 17 09:54:49.600980 podb-esxi207 dnsmasq-dhcp[2064264]: read /opt/stack/data/neutron/dhcp/715f59fc-1526-4e1f-b9d6-cd02a942a8f3/opts
Oct 17 09:54:50.547202 podb-esxi207 dnsmasq[2064264]: exiting on receipt of SIGTERM
Oct 17 09:54:54.849056 podb-esxi207 dnsmasq[2068999]: started, version 2.90 cachesize 150
Oct 17 09:54:54.849086 podb-esxi207 dnsmasq[2068999]: DNS service limited to local subnets
Oct 17 09:54:54.849101 podb-esxi207 dnsmasq[2068999]: compile time options: IPv6 GNU-getopt DBus no-UBus i18n IDN2 DHCP DHCPv6 no-Lua TFTP conntrack ipset no-nftset auth cryptohash DNSSEC loop-detect inotify dumpfile
Oct 17 09:54:54.849141 podb-esxi207 dnsmasq-dhcp[2068999]: DHCP, static leases only on 10.1.0.0, lease time 1d
Oct 17 09:54:54.849295 podb-esxi207 dnsmasq[2068999]: reading /etc/resolv.conf
Oct 17 09:54:54.849313 podb-esxi207 dnsmasq[2068999]: using nameserver 127.0.0.53#53
Oct 17 09:54:54.849409 podb-esxi207 dnsmasq[2068999]: read /opt/stack/data/neutron/dhcp/18ae8074-c117-482b-9d08-b6aefa481ea4/addn_hosts - 0 names
Oct 17 09:54:54.849460 podb-esxi207 dnsmasq-dhcp[2068999]: read /opt/stack/data/neutron/dhcp/18ae8074-c117-482b-9d08-b6aefa481ea4/host
Oct 17 09:54:54.849525 podb-esxi207 dnsmasq-dhcp[2068999]: read /opt/stack/data/neutron/dhcp/18ae8074-c117-482b-9d08-b6aefa481ea4/opts
Oct 17 09:54:56.395981 podb-esxi207 dnsmasq[2068999]: read /opt/stack/data/neutron/dhcp/18ae8074-c117-482b-9d08-b6aefa481ea4/addn_hosts - 2 names
Oct 17 09:54:56.396063 podb-esxi207 dnsmasq-dhcp[2068999]: read /opt/stack/data/neutron/dhcp/18ae8074-c117-482b-9d08-b6aefa481ea4/host
Oct 17 09:54:56.396174 podb-esxi207 dnsmasq-dhcp[2068999]: read /opt/stack/data/neutron/dhcp/18ae8074-c117-482b-9d08-b6aefa481ea4/opts
Oct 17 09:54:59.807524 podb-esxi207 dnsmasq[2069326]: started, version 2.90 cachesize 150
Oct 17 09:54:59.807554 podb-esxi207 dnsmasq[2069326]: DNS service limited to local subnets
Oct 17 09:54:59.807568 podb-esxi207 dnsmasq[2069326]: compile time options: IPv6 GNU-getopt DBus no-UBus i18n IDN2 DHCP DHCPv6 no-Lua TFTP conntrack ipset no-nftset auth cryptohash DNSSEC loop-detect inotify dumpfile
Oct 17 09:54:59.807603 podb-esxi207 dnsmasq-dhcp[2069326]: DHCP, static leases only on 10.1.0.0, lease time 1d
Oct 17 09:54:59.807755 podb-esxi207 dnsmasq[2069326]: reading /etc/resolv.conf
Oct 17 09:54:59.807771 podb-esxi207 dnsmasq[2069326]: using nameserver 127.0.0.53#53
Oct 17 09:54:59.807874 podb-esxi207 dnsmasq[2069326]: read /opt/stack/data/neutron/dhcp/93be8091-f3ed-48b8-b9a5-8e9da9377f72/addn_hosts - 2 names
Oct 17 09:54:59.807937 podb-esxi207 dnsmasq-dhcp[2069326]: read /opt/stack/data/neutron/dhcp/93be8091-f3ed-48b8-b9a5-8e9da9377f72/host
Oct 17 09:54:59.808014 podb-esxi207 dnsmasq-dhcp[2069326]: read /opt/stack/data/neutron/dhcp/93be8091-f3ed-48b8-b9a5-8e9da9377f72/opts
Oct 17 09:55:00.850382 podb-esxi207 dnsmasq[2068999]: read /opt/stack/data/neutron/dhcp/18ae8074-c117-482b-9d08-b6aefa481ea4/addn_hosts - 2 names
Oct 17 09:55:00.850494 podb-esxi207 dnsmasq-dhcp[2068999]: read /opt/stack/data/neutron/dhcp/18ae8074-c117-482b-9d08-b6aefa481ea4/host
Oct 17 09:55:00.850602 podb-esxi207 dnsmasq-dhcp[2068999]: read /opt/stack/data/neutron/dhcp/18ae8074-c117-482b-9d08-b6aefa481ea4/opts
Oct 17 09:55:02.106124 podb-esxi207 dnsmasq[2069326]: read /opt/stack/data/neutron/dhcp/93be8091-f3ed-48b8-b9a5-8e9da9377f72/addn_hosts - 2 names
Oct 17 09:55:02.106202 podb-esxi207 dnsmasq-dhcp[2069326]: read /opt/stack/data/neutron/dhcp/93be8091-f3ed-48b8-b9a5-8e9da9377f72/host
Oct 17 09:55:02.106272 podb-esxi207 dnsmasq-dhcp[2069326]: read /opt/stack/data/neutron/dhcp/93be8091-f3ed-48b8-b9a5-8e9da9377f72/opts
Oct 17 09:55:03.374867 podb-esxi207 dnsmasq[2068999]: read /opt/stack/data/neutron/dhcp/18ae8074-c117-482b-9d08-b6aefa481ea4/addn_hosts - 2 names
Oct 17 09:55:03.374976 podb-esxi207 dnsmasq-dhcp[2068999]: read /opt/stack/data/neutron/dhcp/18ae8074-c117-482b-9d08-b6aefa481ea4/host
Oct 17 09:55:03.375080 podb-esxi207 dnsmasq-dhcp[2068999]: read /opt/stack/data/neutron/dhcp/18ae8074-c117-482b-9d08-b6aefa481ea4/opts
Oct 17 09:55:04.128524 podb-esxi207 dnsmasq[2069326]: read /opt/stack/data/neutron/dhcp/93be8091-f3ed-48b8-b9a5-8e9da9377f72/addn_hosts - 2 names
Oct 17 09:55:04.128630 podb-esxi207 dnsmasq-dhcp[2069326]: read /opt/stack/data/neutron/dhcp/93be8091-f3ed-48b8-b9a5-8e9da9377f72/host
Oct 17 09:55:04.128767 podb-esxi207 dnsmasq-dhcp[2069326]: read /opt/stack/data/neutron/dhcp/93be8091-f3ed-48b8-b9a5-8e9da9377f72/opts
Oct 17 09:55:05.382045 podb-esxi207 dnsmasq[2069326]: read /opt/stack/data/neutron/dhcp/93be8091-f3ed-48b8-b9a5-8e9da9377f72/addn_hosts - 2 names
Oct 17 09:55:05.382132 podb-esxi207 dnsmasq-dhcp[2069326]: read /opt/stack/data/neutron/dhcp/93be8091-f3ed-48b8-b9a5-8e9da9377f72/host
Oct 17 09:55:05.382241 podb-esxi207 dnsmasq-dhcp[2069326]: read /opt/stack/data/neutron/dhcp/93be8091-f3ed-48b8-b9a5-8e9da9377f72/opts
Oct 17 09:55:06.775635 podb-esxi207 dnsmasq[2068999]: read /opt/stack/data/neutron/dhcp/18ae8074-c117-482b-9d08-b6aefa481ea4/addn_hosts - 4 names
Oct 17 09:55:06.775742 podb-esxi207 dnsmasq-dhcp[2068999]: read /opt/stack/data/neutron/dhcp/18ae8074-c117-482b-9d08-b6aefa481ea4/host
Oct 17 09:55:06.775870 podb-esxi207 dnsmasq-dhcp[2068999]: read /opt/stack/data/neutron/dhcp/18ae8074-c117-482b-9d08-b6aefa481ea4/opts
Oct 17 09:55:28.647183 podb-esxi207 dnsmasq-dhcp[2068999]: DHCPDISCOVER(tap69a48b3c-26) fa:16:3e:74:34:1a
Oct 17 09:55:28.647210 podb-esxi207 dnsmasq-dhcp[2068999]: DHCPOFFER(tap69a48b3c-26) 10.1.0.14 fa:16:3e:74:34:1a
Oct 17 09:55:28.656776 podb-esxi207 dnsmasq-dhcp[2068999]: DHCPREQUEST(tap69a48b3c-26) 10.1.0.14 fa:16:3e:74:34:1a
Oct 17 09:55:28.656802 podb-esxi207 dnsmasq-dhcp[2068999]: DHCPACK(tap69a48b3c-26) 10.1.0.14 fa:16:3e:74:34:1a host-10-1-0-14
Oct 17 09:57:03.263352 podb-esxi207 dnsmasq-dhcp[2068999]: DHCPREQUEST(tap69a48b3c-26) 10.1.0.14 fa:16:3e:74:34:1a
Oct 17 09:57:03.263388 podb-esxi207 dnsmasq-dhcp[2068999]: DHCPACK(tap69a48b3c-26) 10.1.0.14 fa:16:3e:74:34:1a host-10-1-0-14
Oct 17 09:58:11.670279 podb-esxi207 dnsmasq-dhcp[2068999]: DHCPRELEASE(tap69a48b3c-26) 10.1.0.14 fa:16:3e:74:34:1a
Oct 17 09:58:11.687375 podb-esxi207 dnsmasq-dhcp[2068999]: DHCPRELEASE(tap69a48b3c-26) 10.1.0.14 fa:16:3e:74:34:1a unknown lease
Oct 17 09:58:12.513165 podb-esxi207 dnsmasq[2068999]: read /opt/stack/data/neutron/dhcp/18ae8074-c117-482b-9d08-b6aefa481ea4/addn_hosts - 2 names
Oct 17 09:58:12.513286 podb-esxi207 dnsmasq-dhcp[2068999]: read /opt/stack/data/neutron/dhcp/18ae8074-c117-482b-9d08-b6aefa481ea4/host
Oct 17 09:58:12.513408 podb-esxi207 dnsmasq-dhcp[2068999]: read /opt/stack/data/neutron/dhcp/18ae8074-c117-482b-9d08-b6aefa481ea4/opts
Oct 17 09:58:25.416943 podb-esxi207 dnsmasq[2068999]: read /opt/stack/data/neutron/dhcp/18ae8074-c117-482b-9d08-b6aefa481ea4/addn_hosts - 4 names
Oct 17 09:58:25.417039 podb-esxi207 dnsmasq-dhcp[2068999]: read /opt/stack/data/neutron/dhcp/18ae8074-c117-482b-9d08-b6aefa481ea4/host
Oct 17 09:58:25.417111 podb-esxi207 dnsmasq-dhcp[2068999]: read /opt/stack/data/neutron/dhcp/18ae8074-c117-482b-9d08-b6aefa481ea4/opts
Oct 17 09:58:52.155470 podb-esxi207 dnsmasq-dhcp[2068999]: DHCPDISCOVER(tap69a48b3c-26) fa:16:3e:b7:11:6a
Oct 17 09:58:52.155515 podb-esxi207 dnsmasq-dhcp[2068999]: DHCPOFFER(tap69a48b3c-26) 10.1.0.11 fa:16:3e:b7:11:6a
Oct 17 09:58:52.166704 podb-esxi207 dnsmasq-dhcp[2068999]: DHCPREQUEST(tap69a48b3c-26) 10.1.0.11 fa:16:3e:b7:11:6a
Oct 17 09:58:52.166740 podb-esxi207 dnsmasq-dhcp[2068999]: DHCPACK(tap69a48b3c-26) 10.1.0.11 fa:16:3e:b7:11:6a host-10-1-0-11
Oct 17 09:59:50.919725 podb-esxi207 dnsmasq-dhcp[2068999]: DHCPREQUEST(tap69a48b3c-26) 10.1.0.11 fa:16:3e:b7:11:6a
Oct 17 09:59:50.919754 podb-esxi207 dnsmasq-dhcp[2068999]: DHCPACK(tap69a48b3c-26) 10.1.0.11 fa:16:3e:b7:11:6a host-10-1-0-11
Oct 17 10:01:07.378646 podb-esxi207 dnsmasq-dhcp[2068999]: DHCPRELEASE(tap69a48b3c-26) 10.1.0.11 fa:16:3e:b7:11:6a
Oct 17 10:01:07.396230 podb-esxi207 dnsmasq-dhcp[2068999]: DHCPRELEASE(tap69a48b3c-26) 10.1.0.11 fa:16:3e:b7:11:6a unknown lease
Oct 17 10:01:08.222656 podb-esxi207 dnsmasq[2068999]: read /opt/stack/data/neutron/dhcp/18ae8074-c117-482b-9d08-b6aefa481ea4/addn_hosts - 2 names
Oct 17 10:01:08.222739 podb-esxi207 dnsmasq-dhcp[2068999]: read /opt/stack/data/neutron/dhcp/18ae8074-c117-482b-9d08-b6aefa481ea4/host
Oct 17 10:01:08.222813 podb-esxi207 dnsmasq-dhcp[2068999]: read /opt/stack/data/neutron/dhcp/18ae8074-c117-482b-9d08-b6aefa481ea4/opts
Oct 17 10:01:12.703697 podb-esxi207 dnsmasq[2068999]: read /opt/stack/data/neutron/dhcp/18ae8074-c117-482b-9d08-b6aefa481ea4/addn_hosts - 0 names
Oct 17 10:01:12.703822 podb-esxi207 dnsmasq-dhcp[2068999]: read /opt/stack/data/neutron/dhcp/18ae8074-c117-482b-9d08-b6aefa481ea4/host
Oct 17 10:01:12.703925 podb-esxi207 dnsmasq-dhcp[2068999]: read /opt/stack/data/neutron/dhcp/18ae8074-c117-482b-9d08-b6aefa481ea4/opts
Oct 17 10:01:13.786557 podb-esxi207 dnsmasq[2068999]: exiting on receipt of SIGTERM
Oct 17 10:01:14.412869 podb-esxi207 dnsmasq-dhcp[2069326]: DHCPRELEASE(taped7e1d83-60) 10.1.0.1 fa:16:3e:aa:64:13
Oct 17 10:01:15.236689 podb-esxi207 dnsmasq[2069326]: read /opt/stack/data/neutron/dhcp/93be8091-f3ed-48b8-b9a5-8e9da9377f72/addn_hosts - 0 names
Oct 17 10:01:15.236789 podb-esxi207 dnsmasq-dhcp[2069326]: read /opt/stack/data/neutron/dhcp/93be8091-f3ed-48b8-b9a5-8e9da9377f72/host
Oct 17 10:01:15.236888 podb-esxi207 dnsmasq-dhcp[2069326]: read /opt/stack/data/neutron/dhcp/93be8091-f3ed-48b8-b9a5-8e9da9377f72/opts
