Oct 17 10:41:11.381994 podb-esxi207 dnsmasq-dhcp[2108078]: DHCPACK(tape5f9d619-2c) 10.1.0.7 fa:16:3e:24:28:d2 host-10-1-0-7
Oct 17 10:41:20.315171 podb-esxi207 dnsmasq-dhcp[2109524]: DHCPDISCOVER(tap53d17bbe-40) fa:16:3e:37:46:93
Oct 17 10:41:20.315199 podb-esxi207 dnsmasq-dhcp[2109524]: DHCPOFFER(tap53d17bbe-40) 10.1.0.13 fa:16:3e:37:46:93
Oct 17 10:41:20.327582 podb-esxi207 dnsmasq-dhcp[2109524]: DHCPREQUEST(tap53d17bbe-40) 10.1.0.13 fa:16:3e:37:46:93
Oct 17 10:41:20.327609 podb-esxi207 dnsmasq-dhcp[2109524]: DHCPACK(tap53d17bbe-40) 10.1.0.13 fa:16:3e:37:46:93 host-10-1-0-13
Oct 17 10:41:24.314422 podb-esxi207 dnsmasq[2113309]: read /opt/stack/data/neutron/dhcp/1d9551bb-2615-499f-9fcc-c2dffaff96d6/addn_hosts - 6 names
Oct 17 10:41:24.314535 podb-esxi207 dnsmasq-dhcp[2113309]: read /opt/stack/data/neutron/dhcp/1d9551bb-2615-499f-9fcc-c2dffaff96d6/host
Oct 17 10:41:24.314638 podb-esxi207 dnsmasq-dhcp[2113309]: read /opt/stack/data/neutron/dhcp/1d9551bb-2615-499f-9fcc-c2dffaff96d6/opts
Oct 17 10:41:25.691645 podb-esxi207 dnsmasq-dhcp[2113309]: DHCPDISCOVER(tap6be76c7a-d1) fa:16:3e:27:66:32
Oct 17 10:41:25.691673 podb-esxi207 dnsmasq-dhcp[2113309]: DHCPOFFER(tap6be76c7a-d1) 10.1.0.7 fa:16:3e:27:66:32
Oct 17 10:41:25.702490 podb-esxi207 dnsmasq-dhcp[2113309]: DHCPREQUEST(tap6be76c7a-d1) 10.1.0.7 fa:16:3e:27:66:32
Oct 17 10:41:25.702518 podb-esxi207 dnsmasq-dhcp[2113309]: DHCPACK(tap6be76c7a-d1) 10.1.0.7 fa:16:3e:27:66:32 host-10-1-0-7
Oct 17 10:42:05.408048 podb-esxi207 dnsmasq-dhcp[2109524]: DHCPRELEASE(tap53d17bbe-40) 10.1.0.13 fa:16:3e:37:46:93
Oct 17 10:42:05.424136 podb-esxi207 dnsmasq-dhcp[2109524]: DHCPRELEASE(tap53d17bbe-40) 10.1.0.13 fa:16:3e:37:46:93 unknown lease
Oct 17 10:42:06.249118 podb-esxi207 dnsmasq[2109524]: read /opt/stack/data/neutron/dhcp/3df9d19a-85c6-41b4-a10c-084d765e723f/addn_hosts - 2 names
Oct 17 10:42:06.249209 podb-esxi207 dnsmasq-dhcp[2109524]: read /opt/stack/data/neutron/dhcp/3df9d19a-85c6-41b4-a10c-084d765e723f/host
Oct 17 10:42:06.249298 podb-esxi207 dnsmasq-dhcp[2109524]: read /opt/stack/data/neutron/dhcp/3df9d19a-85c6-41b4-a10c-084d765e723f/opts
Oct 17 10:42:21.301978 podb-esxi207 dnsmasq[2109524]: read /opt/stack/data/neutron/dhcp/3df9d19a-85c6-41b4-a10c-084d765e723f/addn_hosts - 0 names
Oct 17 10:42:21.302050 podb-esxi207 dnsmasq-dhcp[2109524]: read /opt/stack/data/neutron/dhcp/3df9d19a-85c6-41b4-a10c-084d765e723f/host
Oct 17 10:42:21.302107 podb-esxi207 dnsmasq-dhcp[2109524]: read /opt/stack/data/neutron/dhcp/3df9d19a-85c6-41b4-a10c-084d765e723f/opts
Oct 17 10:42:22.348547 podb-esxi207 dnsmasq[2109524]: exiting on receipt of SIGTERM
Oct 17 10:42:26.802895 podb-esxi207 dnsmasq[2115179]: started, version 2.90 cachesize 150
Oct 17 10:42:26.802919 podb-esxi207 dnsmasq[2115179]: DNS service limited to local subnets
Oct 17 10:42:26.802934 podb-esxi207 dnsmasq[2115179]: compile time options: IPv6 GNU-getopt DBus no-UBus i18n IDN2 DHCP DHCPv6 no-Lua TFTP conntrack ipset no-nftset auth cryptohash DNSSEC loop-detect inotify dumpfile
Oct 17 10:42:26.802969 podb-esxi207 dnsmasq-dhcp[2115179]: DHCP, static leases only on 10.1.0.0, lease time 1d
Oct 17 10:42:26.803117 podb-esxi207 dnsmasq[2115179]: reading /etc/resolv.conf
Oct 17 10:42:26.803134 podb-esxi207 dnsmasq[2115179]: using nameserver 127.0.0.53#53
Oct 17 10:42:26.803219 podb-esxi207 dnsmasq[2115179]: read /opt/stack/data/neutron/dhcp/350c01e8-63ea-4ecd-b569-2f348dc84a64/addn_hosts - 0 names
Oct 17 10:42:26.803268 podb-esxi207 dnsmasq-dhcp[2115179]: read /opt/stack/data/neutron/dhcp/350c01e8-63ea-4ecd-b569-2f348dc84a64/host
Oct 17 10:42:26.803343 podb-esxi207 dnsmasq-dhcp[2115179]: read /opt/stack/data/neutron/dhcp/350c01e8-63ea-4ecd-b569-2f348dc84a64/opts
Oct 17 10:42:28.348284 podb-esxi207 dnsmasq[2115179]: read /opt/stack/data/neutron/dhcp/350c01e8-63ea-4ecd-b569-2f348dc84a64/addn_hosts - 2 names
Oct 17 10:42:28.348376 podb-esxi207 dnsmasq-dhcp[2115179]: read /opt/stack/data/neutron/dhcp/350c01e8-63ea-4ecd-b569-2f348dc84a64/host
Oct 17 10:42:28.348480 podb-esxi207 dnsmasq-dhcp[2115179]: read /opt/stack/data/neutron/dhcp/350c01e8-63ea-4ecd-b569-2f348dc84a64/opts
Oct 17 10:42:29.598962 podb-esxi207 dnsmasq[2115179]: read /opt/stack/data/neutron/dhcp/350c01e8-63ea-4ecd-b569-2f348dc84a64/addn_hosts - 2 names
Oct 17 10:42:29.599049 podb-esxi207 dnsmasq-dhcp[2115179]: read /opt/stack/data/neutron/dhcp/350c01e8-63ea-4ecd-b569-2f348dc84a64/host
Oct 17 10:42:29.599154 podb-esxi207 dnsmasq-dhcp[2115179]: read /opt/stack/data/neutron/dhcp/350c01e8-63ea-4ecd-b569-2f348dc84a64/opts
Oct 17 10:42:30.853119 podb-esxi207 dnsmasq[2113309]: read /opt/stack/data/neutron/dhcp/1d9551bb-2615-499f-9fcc-c2dffaff96d6/addn_hosts - 8 names
Oct 17 10:42:30.853225 podb-esxi207 dnsmasq-dhcp[2113309]: read /opt/stack/data/neutron/dhcp/1d9551bb-2615-499f-9fcc-c2dffaff96d6/host
Oct 17 10:42:30.853326 podb-esxi207 dnsmasq-dhcp[2113309]: read /opt/stack/data/neutron/dhcp/1d9551bb-2615-499f-9fcc-c2dffaff96d6/opts
Oct 17 10:42:31.612771 podb-esxi207 dnsmasq[2115179]: read /opt/stack/data/neutron/dhcp/350c01e8-63ea-4ecd-b569-2f348dc84a64/addn_hosts - 2 names
Oct 17 10:42:31.612863 podb-esxi207 dnsmasq-dhcp[2115179]: read /opt/stack/data/neutron/dhcp/350c01e8-63ea-4ecd-b569-2f348dc84a64/host
Oct 17 10:42:31.612932 podb-esxi207 dnsmasq-dhcp[2115179]: read /opt/stack/data/neutron/dhcp/350c01e8-63ea-4ecd-b569-2f348dc84a64/opts
Oct 17 10:42:36.915420 podb-esxi207 dnsmasq[2115179]: read /opt/stack/data/neutron/dhcp/350c01e8-63ea-4ecd-b569-2f348dc84a64/addn_hosts - 4 names
Oct 17 10:42:36.915525 podb-esxi207 dnsmasq-dhcp[2115179]: read /opt/stack/data/neutron/dhcp/350c01e8-63ea-4ecd-b569-2f348dc84a64/host
Oct 17 10:42:36.915598 podb-esxi207 dnsmasq-dhcp[2115179]: read /opt/stack/data/neutron/dhcp/350c01e8-63ea-4ecd-b569-2f348dc84a64/opts
Oct 17 10:42:53.495185 podb-esxi207 dnsmasq[2113309]: read /opt/stack/data/neutron/dhcp/1d9551bb-2615-499f-9fcc-c2dffaff96d6/addn_hosts - 10 names
Oct 17 10:42:53.495283 podb-esxi207 dnsmasq-dhcp[2113309]: read /opt/stack/data/neutron/dhcp/1d9551bb-2615-499f-9fcc-c2dffaff96d6/host
Oct 17 10:42:53.495376 podb-esxi207 dnsmasq-dhcp[2113309]: read /opt/stack/data/neutron/dhcp/1d9551bb-2615-499f-9fcc-c2dffaff96d6/opts
Oct 17 10:42:55.952612 podb-esxi207 dnsmasq-dhcp[2113309]: DHCPDISCOVER(tap6be76c7a-d1) fa:16:3e:cc:e0:9a
Oct 17 10:42:55.952661 podb-esxi207 dnsmasq-dhcp[2113309]: DHCPOFFER(tap6be76c7a-d1) 10.1.0.13 fa:16:3e:cc:e0:9a
Oct 17 10:42:55.964132 podb-esxi207 dnsmasq-dhcp[2113309]: DHCPREQUEST(tap6be76c7a-d1) 10.1.0.13 fa:16:3e:cc:e0:9a
Oct 17 10:42:55.964163 podb-esxi207 dnsmasq-dhcp[2113309]: DHCPACK(tap6be76c7a-d1) 10.1.0.13 fa:16:3e:cc:e0:9a host-10-1-0-13
Oct 17 10:43:00.106960 podb-esxi207 dnsmasq-dhcp[2115179]: DHCPDISCOVER(tapf59a974c-0f) fa:16:3e:60:5e:4e
Oct 17 10:43:00.106990 podb-esxi207 dnsmasq-dhcp[2115179]: DHCPOFFER(tapf59a974c-0f) 10.1.0.3 fa:16:3e:60:5e:4e
Oct 17 10:43:00.117561 podb-esxi207 dnsmasq-dhcp[2115179]: DHCPREQUEST(tapf59a974c-0f) 10.1.0.3 fa:16:3e:60:5e:4e
Oct 17 10:43:00.117595 podb-esxi207 dnsmasq-dhcp[2115179]: DHCPACK(tapf59a974c-0f) 10.1.0.3 fa:16:3e:60:5e:4e host-10-1-0-3
Oct 17 10:43:10.969813 podb-esxi207 dnsmasq-dhcp[2108078]: DHCPREQUEST(tape5f9d619-2c) 10.1.0.3 fa:16:3e:f7:2d:cd
Oct 17 10:43:10.969844 podb-esxi207 dnsmasq-dhcp[2108078]: DHCPACK(tape5f9d619-2c) 10.1.0.3 fa:16:3e:f7:2d:cd host-10-1-0-3
Oct 17 10:43:48.927359 podb-esxi207 dnsmasq-dhcp[2108078]: DHCPREQUEST(tape5f9d619-2c) 10.1.0.7 fa:16:3e:24:28:d2
Oct 17 10:43:48.927387 podb-esxi207 dnsmasq-dhcp[2108078]: DHCPACK(tape5f9d619-2c) 10.1.0.7 fa:16:3e:24:28:d2 host-10-1-0-7
Oct 17 10:44:46.801073 podb-esxi207 dnsmasq-dhcp[2115179]: DHCPREQUEST(tapf59a974c-0f) 10.1.0.3 fa:16:3e:60:5e:4e
Oct 17 10:44:46.801107 podb-esxi207 dnsmasq-dhcp[2115179]: DHCPACK(tapf59a974c-0f) 10.1.0.3 fa:16:3e:60:5e:4e host-10-1-0-3
Oct 17 10:44:58.224390 podb-esxi207 dnsmasq[2113309]: read /opt/stack/data/neutron/dhcp/1d9551bb-2615-499f-9fcc-c2dffaff96d6/addn_hosts - 8 names
Oct 17 10:44:58.224499 podb-esxi207 dnsmasq-dhcp[2113309]: read /opt/stack/data/neutron/dhcp/1d9551bb-2615-499f-9fcc-c2dffaff96d6/host
Oct 17 10:44:58.224571 podb-esxi207 dnsmasq-dhcp[2113309]: read /opt/stack/data/neutron/dhcp/1d9551bb-2615-499f-9fcc-c2dffaff96d6/opts
Oct 17 10:45:13.511035 podb-esxi207 dnsmasq-dhcp[2113309]: DHCPRELEASE(tap6be76c7a-d1) 10.1.0.13 fa:16:3e:cc:e0:9a
Oct 17 10:45:13.528220 podb-esxi207 dnsmasq-dhcp[2113309]: DHCPRELEASE(tap6be76c7a-d1) 10.1.0.13 fa:16:3e:cc:e0:9a unknown lease
Oct 17 10:45:14.353985 podb-esxi207 dnsmasq[2113309]: read /opt/stack/data/neutron/dhcp/1d9551bb-2615-499f-9fcc-c2dffaff96d6/addn_hosts - 6 names
Oct 17 10:45:14.354127 podb-esxi207 dnsmasq-dhcp[2113309]: read /opt/stack/data/neutron/dhcp/1d9551bb-2615-499f-9fcc-c2dffaff96d6/host
Oct 17 10:45:14.354233 podb-esxi207 dnsmasq-dhcp[2113309]: read /opt/stack/data/neutron/dhcp/1d9551bb-2615-499f-9fcc-c2dffaff96d6/opts
Oct 17 10:45:21.396744 podb-esxi207 dnsmasq[2113309]: read /opt/stack/data/neutron/dhcp/1d9551bb-2615-499f-9fcc-c2dffaff96d6/addn_hosts - 4 names
Oct 17 10:45:21.396875 podb-esxi207 dnsmasq-dhcp[2113309]: read /opt/stack/data/neutron/dhcp/1d9551bb-2615-499f-9fcc-c2dffaff96d6/host
Oct 17 10:45:21.397012 podb-esxi207 dnsmasq-dhcp[2113309]: read /opt/stack/data/neutron/dhcp/1d9551bb-2615-499f-9fcc-c2dffaff96d6/opts
Oct 17 10:45:26.296925 podb-esxi207 dnsmasq[2108078]: read /opt/stack/data/neutron/dhcp/4c30941e-56f0-4d7d-b781-ddc43106d496/addn_hosts - 14 names
Oct 17 10:45:26.297055 podb-esxi207 dnsmasq-dhcp[2108078]: read /opt/stack/data/neutron/dhcp/4c30941e-56f0-4d7d-b781-ddc43106d496/host
Oct 17 10:45:26.297128 podb-esxi207 dnsmasq-dhcp[2108078]: read /opt/stack/data/neutron/dhcp/4c30941e-56f0-4d7d-b781-ddc43106d496/opts
Oct 17 10:45:37.707462 podb-esxi207 dnsmasq-dhcp[2113309]: DHCPRELEASE(tap6be76c7a-d1) 10.1.0.7 fa:16:3e:27:66:32
Oct 17 10:45:37.725109 podb-esxi207 dnsmasq-dhcp[2113309]: DHCPRELEASE(tap6be76c7a-d1) 10.1.0.7 fa:16:3e:27:66:32 unknown lease
Oct 17 10:45:38.550336 podb-esxi207 dnsmasq[2113309]: read /opt/stack/data/neutron/dhcp/1d9551bb-2615-499f-9fcc-c2dffaff96d6/addn_hosts - 2 names
Oct 17 10:45:38.550425 podb-esxi207 dnsmasq-dhcp[2113309]: read /opt/stack/data/neutron/dhcp/1d9551bb-2615-499f-9fcc-c2dffaff96d6/host
Oct 17 10:45:38.550543 podb-esxi207 dnsmasq-dhcp[2113309]: read /opt/stack/data/neutron/dhcp/1d9551bb-2615-499f-9fcc-c2dffaff96d6/opts
Oct 17 10:45:43.441038 podb-esxi207 dnsmasq[2113309]: read /opt/stack/data/neutron/dhcp/1d9551bb-2615-499f-9fcc-c2dffaff96d6/addn_hosts - 0 names
Oct 17 10:45:43.441119 podb-esxi207 dnsmasq-dhcp[2113309]: read /opt/stack/data/neutron/dhcp/1d9551bb-2615-499f-9fcc-c2dffaff96d6/host
Oct 17 10:45:43.441217 podb-esxi207 dnsmasq-dhcp[2113309]: read /opt/stack/data/neutron/dhcp/1d9551bb-2615-499f-9fcc-c2dffaff96d6/opts
Oct 17 10:45:44.632209 podb-esxi207 dnsmasq[2113309]: exiting on receipt of SIGTERM
Oct 17 10:45:49.152123 podb-esxi207 dnsmasq[2118862]: started, version 2.90 cachesize 150
Oct 17 10:45:49.152153 podb-esxi207 dnsmasq[2118862]: DNS service limited to local subnets
Oct 17 10:45:49.152169 podb-esxi207 dnsmasq[2118862]: compile time options: IPv6 GNU-getopt DBus no-UBus i18n IDN2 DHCP DHCPv6 no-Lua TFTP conntrack ipset no-nftset auth cryptohash DNSSEC loop-detect inotify dumpfile
Oct 17 10:45:49.152207 podb-esxi207 dnsmasq-dhcp[2118862]: DHCP, static leases only on 10.1.0.0, lease time 1d
Oct 17 10:45:49.152365 podb-esxi207 dnsmasq[2118862]: reading /etc/resolv.conf
Oct 17 10:45:49.152382 podb-esxi207 dnsmasq[2118862]: using nameserver 127.0.0.53#53
Oct 17 10:45:49.152475 podb-esxi207 dnsmasq[2118862]: read /opt/stack/data/neutron/dhcp/f06a9418-614a-44ab-b0ca-21dc7ee20806/addn_hosts - 0 names
Oct 17 10:45:49.152528 podb-esxi207 dnsmasq-dhcp[2118862]: read /opt/stack/data/neutron/dhcp/f06a9418-614a-44ab-b0ca-21dc7ee20806/host
Oct 17 10:45:49.152586 podb-esxi207 dnsmasq-dhcp[2118862]: read /opt/stack/data/neutron/dhcp/f06a9418-614a-44ab-b0ca-21dc7ee20806/opts
Oct 17 10:45:51.202948 podb-esxi207 dnsmasq[2118862]: read /opt/stack/data/neutron/dhcp/f06a9418-614a-44ab-b0ca-21dc7ee20806/addn_hosts - 2 names
Oct 17 10:45:51.203030 podb-esxi207 dnsmasq-dhcp[2118862]: read /opt/stack/data/neutron/dhcp/f06a9418-614a-44ab-b0ca-21dc7ee20806/host
Oct 17 10:45:51.203123 podb-esxi207 dnsmasq-dhcp[2118862]: read /opt/stack/data/neutron/dhcp/f06a9418-614a-44ab-b0ca-21dc7ee20806/opts
Oct 17 10:45:52.459268 podb-esxi207 dnsmasq[2118862]: read /opt/stack/data/neutron/dhcp/f06a9418-614a-44ab-b0ca-21dc7ee20806/addn_hosts - 2 names
Oct 17 10:45:52.459347 podb-esxi207 dnsmasq-dhcp[2118862]: read /opt/stack/data/neutron/dhcp/f06a9418-614a-44ab-b0ca-21dc7ee20806/host
Oct 17 10:45:52.459418 podb-esxi207 dnsmasq-dhcp[2118862]: read /opt/stack/data/neutron/dhcp/f06a9418-614a-44ab-b0ca-21dc7ee20806/opts
Oct 17 10:45:53.720132 podb-esxi207 dnsmasq[2118862]: read /opt/stack/data/neutron/dhcp/f06a9418-614a-44ab-b0ca-21dc7ee20806/addn_hosts - 2 names
Oct 17 10:45:53.720246 podb-esxi207 dnsmasq-dhcp[2118862]: read /opt/stack/data/neutron/dhcp/f06a9418-614a-44ab-b0ca-21dc7ee20806/host
Oct 17 10:45:53.720352 podb-esxi207 dnsmasq-dhcp[2118862]: read /opt/stack/data/neutron/dhcp/f06a9418-614a-44ab-b0ca-21dc7ee20806/opts
Oct 17 10:45:55.301790 podb-esxi207 dnsmasq[2118862]: read /opt/stack/data/neutron/dhcp/f06a9418-614a-44ab-b0ca-21dc7ee20806/addn_hosts - 4 names
Oct 17 10:45:55.301944 podb-esxi207 dnsmasq-dhcp[2118862]: read /opt/stack/data/neutron/dhcp/f06a9418-614a-44ab-b0ca-21dc7ee20806/host
Oct 17 10:45:55.302049 podb-esxi207 dnsmasq-dhcp[2118862]: read /opt/stack/data/neutron/dhcp/f06a9418-614a-44ab-b0ca-21dc7ee20806/opts
Oct 17 10:45:56.562136 podb-esxi207 dnsmasq[2108078]: read /opt/stack/data/neutron/dhcp/4c30941e-56f0-4d7d-b781-ddc43106d496/addn_hosts - 12 names
Oct 17 10:45:56.562289 podb-esxi207 dnsmasq-dhcp[2108078]: read /opt/stack/data/neutron/dhcp/4c30941e-56f0-4d7d-b781-ddc43106d496/host
Oct 17 10:45:56.562393 podb-esxi207 dnsmasq-dhcp[2108078]: read /opt/stack/data/neutron/dhcp/4c30941e-56f0-4d7d-b781-ddc43106d496/opts
Oct 17 10:46:01.498238 podb-esxi207 dnsmasq-dhcp[2115179]: DHCPRELEASE(tapf59a974c-0f) 10.1.0.3 fa:16:3e:60:5e:4e
Oct 17 10:46:01.515820 podb-esxi207 dnsmasq-dhcp[2115179]: DHCPRELEASE(tapf59a974c-0f) 10.1.0.3 fa:16:3e:60:5e:4e unknown lease
Oct 17 10:46:02.341846 podb-esxi207 dnsmasq[2115179]: read /opt/stack/data/neutron/dhcp/350c01e8-63ea-4ecd-b569-2f348dc84a64/addn_hosts - 2 names
Oct 17 10:46:02.341953 podb-esxi207 dnsmasq-dhcp[2115179]: read /opt/stack/data/neutron/dhcp/350c01e8-63ea-4ecd-b569-2f348dc84a64/host
Oct 17 10:46:02.342076 podb-esxi207 dnsmasq-dhcp[2115179]: read /opt/stack/data/neutron/dhcp/350c01e8-63ea-4ecd-b569-2f348dc84a64/opts
Oct 17 10:46:10.694079 podb-esxi207 dnsmasq[2118862]: read /opt/stack/data/neutron/dhcp/f06a9418-614a-44ab-b0ca-21dc7ee20806/addn_hosts - 6 names
Oct 17 10:46:10.694188 podb-esxi207 dnsmasq-dhcp[2118862]: read /opt/stack/data/neutron/dhcp/f06a9418-614a-44ab-b0ca-21dc7ee20806/host
Oct 17 10:46:10.694264 podb-esxi207 dnsmasq-dhcp[2118862]: read /opt/stack/data/neutron/dhcp/f06a9418-614a-44ab-b0ca-21dc7ee20806/opts
Oct 17 10:46:11.403680 podb-esxi207 dnsmasq[2115179]: read /opt/stack/data/neutron/dhcp/350c01e8-63ea-4ecd-b569-2f348dc84a64/addn_hosts - 0 names
Oct 17 10:46:11.403739 podb-esxi207 dnsmasq-dhcp[2115179]: read /opt/stack/data/neutron/dhcp/350c01e8-63ea-4ecd-b569-2f348dc84a64/host
Oct 17 10:46:11.403790 podb-esxi207 dnsmasq-dhcp[2115179]: read /opt/stack/data/neutron/dhcp/350c01e8-63ea-4ecd-b569-2f348dc84a64/opts
Oct 17 10:46:12.136316 podb-esxi207 dnsmasq[2115179]: exiting on receipt of SIGTERM
Oct 17 10:46:15.503880 podb-esxi207 dnsmasq[2119861]: started, version 2.90 cachesize 150
Oct 17 10:46:15.503907 podb-esxi207 dnsmasq[2119861]: DNS service limited to local subnets
Oct 17 10:46:15.503921 podb-esxi207 dnsmasq[2119861]: compile time options: IPv6 GNU-getopt DBus no-UBus i18n IDN2 DHCP DHCPv6 no-Lua TFTP conntrack ipset no-nftset auth cryptohash DNSSEC loop-detect inotify dumpfile
Oct 17 10:46:15.503963 podb-esxi207 dnsmasq-dhcp[2119861]: DHCP, static leases only on 10.1.0.0, lease time 1d
Oct 17 10:46:15.504111 podb-esxi207 dnsmasq[2119861]: reading /etc/resolv.conf
Oct 17 10:46:15.504127 podb-esxi207 dnsmasq[2119861]: using nameserver 127.0.0.53#53
Oct 17 10:46:15.504220 podb-esxi207 dnsmasq[2119861]: read /opt/stack/data/neutron/dhcp/5d811d35-a6a6-45c9-8064-2a364c425e3d/addn_hosts - 0 names
Oct 17 10:46:15.504271 podb-esxi207 dnsmasq-dhcp[2119861]: read /opt/stack/data/neutron/dhcp/5d811d35-a6a6-45c9-8064-2a364c425e3d/host
Oct 17 10:46:15.504327 podb-esxi207 dnsmasq-dhcp[2119861]: read /opt/stack/data/neutron/dhcp/5d811d35-a6a6-45c9-8064-2a364c425e3d/opts
Oct 17 10:46:17.047138 podb-esxi207 dnsmasq[2119861]: read /opt/stack/data/neutron/dhcp/5d811d35-a6a6-45c9-8064-2a364c425e3d/addn_hosts - 2 names
Oct 17 10:46:17.047231 podb-esxi207 dnsmasq-dhcp[2119861]: read /opt/stack/data/neutron/dhcp/5d811d35-a6a6-45c9-8064-2a364c425e3d/host
Oct 17 10:46:17.047315 podb-esxi207 dnsmasq-dhcp[2119861]: read /opt/stack/data/neutron/dhcp/5d811d35-a6a6-45c9-8064-2a364c425e3d/opts
Oct 17 10:46:18.285324 podb-esxi207 dnsmasq[2119861]: read /opt/stack/data/neutron/dhcp/5d811d35-a6a6-45c9-8064-2a364c425e3d/addn_hosts - 2 names
Oct 17 10:46:18.285398 podb-esxi207 dnsmasq-dhcp[2119861]: read /opt/stack/data/neutron/dhcp/5d811d35-a6a6-45c9-8064-2a364c425e3d/host
Oct 17 10:46:18.285469 podb-esxi207 dnsmasq-dhcp[2119861]: read /opt/stack/data/neutron/dhcp/5d811d35-a6a6-45c9-8064-2a364c425e3d/opts
Oct 17 10:46:18.910447 podb-esxi207 dnsmasq-dhcp[2118862]: DHCPDISCOVER(tapdfb0c438-74) fa:16:3e:a5:b7:67
Oct 17 10:46:18.910478 podb-esxi207 dnsmasq-dhcp[2118862]: DHCPOFFER(tapdfb0c438-74) 10.1.0.11 fa:16:3e:a5:b7:67
Oct 17 10:46:18.920340 podb-esxi207 dnsmasq-dhcp[2118862]: DHCPREQUEST(tapdfb0c438-74) 10.1.0.11 fa:16:3e:a5:b7:67
Oct 17 10:46:18.920380 podb-esxi207 dnsmasq-dhcp[2118862]: DHCPACK(tapdfb0c438-74) 10.1.0.11 fa:16:3e:a5:b7:67 host-10-1-0-11
Oct 17 10:46:19.526226 podb-esxi207 dnsmasq[2119861]: read /opt/stack/data/neutron/dhcp/5d811d35-a6a6-45c9-8064-2a364c425e3d/addn_hosts - 2 names
Oct 17 10:46:19.526337 podb-esxi207 dnsmasq-dhcp[2119861]: read /opt/stack/data/neutron/dhcp/5d811d35-a6a6-45c9-8064-2a364c425e3d/host
Oct 17 10:46:19.526441 podb-esxi207 dnsmasq-dhcp[2119861]: read /opt/stack/data/neutron/dhcp/5d811d35-a6a6-45c9-8064-2a364c425e3d/opts
Oct 17 10:46:21.236414 podb-esxi207 dnsmasq[2119861]: read /opt/stack/data/neutron/dhcp/5d811d35-a6a6-45c9-8064-2a364c425e3d/addn_hosts - 4 names
Oct 17 10:46:21.236544 podb-esxi207 dnsmasq-dhcp[2119861]: read /opt/stack/data/neutron/dhcp/5d811d35-a6a6-45c9-8064-2a364c425e3d/host
Oct 17 10:46:21.236671 podb-esxi207 dnsmasq-dhcp[2119861]: read /opt/stack/data/neutron/dhcp/5d811d35-a6a6-45c9-8064-2a364c425e3d/opts
Oct 17 10:46:22.526033 podb-esxi207 dnsmasq[2118862]: read /opt/stack/data/neutron/dhcp/f06a9418-614a-44ab-b0ca-21dc7ee20806/addn_hosts - 4 names
Oct 17 10:46:22.526161 podb-esxi207 dnsmasq-dhcp[2118862]: read /opt/stack/data/neutron/dhcp/f06a9418-614a-44ab-b0ca-21dc7ee20806/host
Oct 17 10:46:22.526279 podb-esxi207 dnsmasq-dhcp[2118862]: read /opt/stack/data/neutron/dhcp/f06a9418-614a-44ab-b0ca-21dc7ee20806/opts
Oct 17 10:46:23.652627 podb-esxi207 dnsmasq[2119861]: read /opt/stack/data/neutron/dhcp/5d811d35-a6a6-45c9-8064-2a364c425e3d/addn_hosts - 6 names
Oct 17 10:46:23.652744 podb-esxi207 dnsmasq-dhcp[2119861]: read /opt/stack/data/neutron/dhcp/5d811d35-a6a6-45c9-8064-2a364c425e3d/host
Oct 17 10:46:23.652832 podb-esxi207 dnsmasq-dhcp[2119861]: read /opt/stack/data/neutron/dhcp/5d811d35-a6a6-45c9-8064-2a364c425e3d/opts
Oct 17 10:46:36.458001 podb-esxi207 dnsmasq-dhcp[2108078]: DHCPRELEASE(tape5f9d619-2c) 10.1.0.7 fa:16:3e:24:28:d2
Oct 17 10:46:36.475631 podb-esxi207 dnsmasq-dhcp[2108078]: DHCPRELEASE(tape5f9d619-2c) 10.1.0.7 fa:16:3e:24:28:d2 unknown lease
Oct 17 10:46:37.302014 podb-esxi207 dnsmasq[2108078]: read /opt/stack/data/neutron/dhcp/4c30941e-56f0-4d7d-b781-ddc43106d496/addn_hosts - 10 names
Oct 17 10:46:37.302150 podb-esxi207 dnsmasq-dhcp[2108078]: read /opt/stack/data/neutron/dhcp/4c30941e-56f0-4d7d-b781-ddc43106d496/host
Oct 17 10:46:37.302269 podb-esxi207 dnsmasq-dhcp[2108078]: read /opt/stack/data/neutron/dhcp/4c30941e-56f0-4d7d-b781-ddc43106d496/opts
Oct 17 10:46:43.519675 podb-esxi207 dnsmasq-dhcp[2108078]: DHCPRELEASE(tape5f9d619-2c) 10.1.0.3 fa:16:3e:f7:2d:cd
Oct 17 10:46:43.534502 podb-esxi207 dnsmasq-dhcp[2108078]: DHCPRELEASE(tape5f9d619-2c) 10.1.0.3 fa:16:3e:f7:2d:cd unknown lease
Oct 17 10:46:44.358012 podb-esxi207 dnsmasq[2108078]: read /opt/stack/data/neutron/dhcp/4c30941e-56f0-4d7d-b781-ddc43106d496/addn_hosts - 8 names
Oct 17 10:46:44.358138 podb-esxi207 dnsmasq-dhcp[2108078]: read /opt/stack/data/neutron/dhcp/4c30941e-56f0-4d7d-b781-ddc43106d496/host
Oct 17 10:46:44.358241 podb-esxi207 dnsmasq-dhcp[2108078]: read /opt/stack/data/neutron/dhcp/4c30941e-56f0-4d7d-b781-ddc43106d496/opts
Oct 17 10:46:46.015463 podb-esxi207 dnsmasq-dhcp[2119861]: DHCPDISCOVER(tap41fe9bcb-35) fa:16:3e:87:d7:f2
Oct 17 10:46:46.015494 podb-esxi207 dnsmasq-dhcp[2119861]: DHCPOFFER(tap41fe9bcb-35) 10.1.0.10 fa:16:3e:87:d7:f2
Oct 17 10:46:46.028620 podb-esxi207 dnsmasq-dhcp[2119861]: DHCPREQUEST(tap41fe9bcb-35) 10.1.0.10 fa:16:3e:87:d7:f2
Oct 17 10:46:46.028672 podb-esxi207 dnsmasq-dhcp[2119861]: DHCPACK(tap41fe9bcb-35) 10.1.0.10 fa:16:3e:87:d7:f2 host-10-1-0-10
Oct 17 10:46:58.496027 podb-esxi207 dnsmasq-dhcp[2119861]: DHCPDISCOVER(tap41fe9bcb-35) fa:16:3e:48:bf:fa
Oct 17 10:46:58.496051 podb-esxi207 dnsmasq-dhcp[2119861]: DHCPOFFER(tap41fe9bcb-35) 10.1.0.6 fa:16:3e:48:bf:fa
Oct 17 10:46:58.503682 podb-esxi207 dnsmasq-dhcp[2119861]: DHCPREQUEST(tap41fe9bcb-35) 10.1.0.6 fa:16:3e:48:bf:fa
Oct 17 10:46:58.503707 podb-esxi207 dnsmasq-dhcp[2119861]: DHCPACK(tap41fe9bcb-35) 10.1.0.6 fa:16:3e:48:bf:fa host-10-1-0-6
Oct 17 10:47:19.474776 podb-esxi207 dnsmasq-dhcp[2108078]: DHCPRELEASE(tape5f9d619-2c) 10.1.0.8 fa:16:3e:9b:6a:fb
Oct 17 10:47:19.489583 podb-esxi207 dnsmasq-dhcp[2108078]: DHCPRELEASE(tape5f9d619-2c) 10.1.0.8 fa:16:3e:9b:6a:fb unknown lease
Oct 17 10:47:20.318400 podb-esxi207 dnsmasq[2108078]: read /opt/stack/data/neutron/dhcp/4c30941e-56f0-4d7d-b781-ddc43106d496/addn_hosts - 6 names
Oct 17 10:47:20.318498 podb-esxi207 dnsmasq-dhcp[2108078]: read /opt/stack/data/neutron/dhcp/4c30941e-56f0-4d7d-b781-ddc43106d496/host
Oct 17 10:47:20.318589 podb-esxi207 dnsmasq-dhcp[2108078]: read /opt/stack/data/neutron/dhcp/4c30941e-56f0-4d7d-b781-ddc43106d496/opts
Oct 17 10:47:26.844058 podb-esxi207 dnsmasq-dhcp[2108078]: DHCPRELEASE(tape5f9d619-2c) 10.1.0.9 fa:16:3e:43:47:6f
Oct 17 10:47:26.859960 podb-esxi207 dnsmasq-dhcp[2108078]: DHCPRELEASE(tape5f9d619-2c) 10.1.0.9 fa:16:3e:43:47:6f unknown lease
Oct 17 10:47:27.685651 podb-esxi207 dnsmasq[2108078]: read /opt/stack/data/neutron/dhcp/4c30941e-56f0-4d7d-b781-ddc43106d496/addn_hosts - 4 names
Oct 17 10:47:27.685737 podb-esxi207 dnsmasq-dhcp[2108078]: read /opt/stack/data/neutron/dhcp/4c30941e-56f0-4d7d-b781-ddc43106d496/host
Oct 17 10:47:27.685836 podb-esxi207 dnsmasq-dhcp[2108078]: read /opt/stack/data/neutron/dhcp/4c30941e-56f0-4d7d-b781-ddc43106d496/opts
Oct 17 10:47:27.914290 podb-esxi207 dnsmasq-dhcp[2118862]: DHCPRELEASE(tapdfb0c438-74) 10.1.0.11 fa:16:3e:a5:b7:67
Oct 17 10:47:27.929936 podb-esxi207 dnsmasq-dhcp[2118862]: DHCPRELEASE(tapdfb0c438-74) 10.1.0.11 fa:16:3e:a5:b7:67 unknown lease
Oct 17 10:47:28.752084 podb-esxi207 dnsmasq[2118862]: read /opt/stack/data/neutron/dhcp/f06a9418-614a-44ab-b0ca-21dc7ee20806/addn_hosts - 2 names
Oct 17 10:47:28.752213 podb-esxi207 dnsmasq-dhcp[2118862]: read /opt/stack/data/neutron/dhcp/f06a9418-614a-44ab-b0ca-21dc7ee20806/host
Oct 17 10:47:28.752324 podb-esxi207 dnsmasq-dhcp[2118862]: read /opt/stack/data/neutron/dhcp/f06a9418-614a-44ab-b0ca-21dc7ee20806/opts
Oct 17 10:47:33.037600 podb-esxi207 dnsmasq[2118862]: read /opt/stack/data/neutron/dhcp/f06a9418-614a-44ab-b0ca-21dc7ee20806/addn_hosts - 0 names
Oct 17 10:47:33.037675 podb-esxi207 dnsmasq-dhcp[2118862]: read /opt/stack/data/neutron/dhcp/f06a9418-614a-44ab-b0ca-21dc7ee20806/host
Oct 17 10:47:33.037754 podb-esxi207 dnsmasq-dhcp[2118862]: read /opt/stack/data/neutron/dhcp/f06a9418-614a-44ab-b0ca-21dc7ee20806/opts
Oct 17 10:47:34.110367 podb-esxi207 dnsmasq[2118862]: exiting on receipt of SIGTERM
Oct 17 10:47:34.729254 podb-esxi207 dnsmasq-dhcp[2108078]: DHCPRELEASE(tape5f9d619-2c) 10.1.0.11 fa:16:3e:2f:e8:75
Oct 17 10:47:34.745209 podb-esxi207 dnsmasq-dhcp[2108078]: DHCPRELEASE(tape5f9d619-2c) 10.1.0.11 fa:16:3e:2f:e8:75 unknown lease
Oct 17 10:47:35.567095 podb-esxi207 dnsmasq[2108078]: read /opt/stack/data/neutron/dhcp/4c30941e-56f0-4d7d-b781-ddc43106d496/addn_hosts - 2 names
Oct 17 10:47:35.567183 podb-esxi207 dnsmasq-dhcp[2108078]: read /opt/stack/data/neutron/dhcp/4c30941e-56f0-4d7d-b781-ddc43106d496/host
Oct 17 10:47:35.567288 podb-esxi207 dnsmasq-dhcp[2108078]: read /opt/stack/data/neutron/dhcp/4c30941e-56f0-4d7d-b781-ddc43106d496/opts
Oct 17 10:47:43.499376 podb-esxi207 dnsmasq-dhcp[2119861]: DHCPREQUEST(tap41fe9bcb-35) 10.1.0.10 fa:16:3e:87:d7:f2
Oct 17 10:47:43.499411 podb-esxi207 dnsmasq-dhcp[2119861]: DHCPACK(tap41fe9bcb-35) 10.1.0.10 fa:16:3e:87:d7:f2 host-10-1-0-10
Oct 17 10:47:45.953992 podb-esxi207 dnsmasq[2119861]: read /opt/stack/data/neutron/dhcp/5d811d35-a6a6-45c9-8064-2a364c425e3d/addn_hosts - 8 names
Oct 17 10:47:45.954144 podb-esxi207 dnsmasq-dhcp[2119861]: read /opt/stack/data/neutron/dhcp/5d811d35-a6a6-45c9-8064-2a364c425e3d/host
Oct 17 10:47:45.954236 podb-esxi207 dnsmasq-dhcp[2119861]: read /opt/stack/data/neutron/dhcp/5d811d35-a6a6-45c9-8064-2a364c425e3d/opts
Oct 17 10:47:53.158682 podb-esxi207 dnsmasq[2108078]: read /opt/stack/data/neutron/dhcp/4c30941e-56f0-4d7d-b781-ddc43106d496/addn_hosts - 0 names
Oct 17 10:47:53.158805 podb-esxi207 dnsmasq-dhcp[2108078]: read /opt/stack/data/neutron/dhcp/4c30941e-56f0-4d7d-b781-ddc43106d496/host
Oct 17 10:47:53.158896 podb-esxi207 dnsmasq-dhcp[2108078]: read /opt/stack/data/neutron/dhcp/4c30941e-56f0-4d7d-b781-ddc43106d496/opts
Oct 17 10:47:54.245707 podb-esxi207 dnsmasq[2108078]: exiting on receipt of SIGTERM
Oct 17 10:47:58.431900 podb-esxi207 dnsmasq[2121637]: started, version 2.90 cachesize 150
Oct 17 10:47:58.431925 podb-esxi207 dnsmasq[2121637]: DNS service limited to local subnets
Oct 17 10:47:58.431939 podb-esxi207 dnsmasq[2121637]: compile time options: IPv6 GNU-getopt DBus no-UBus i18n IDN2 DHCP DHCPv6 no-Lua TFTP conntrack ipset no-nftset auth cryptohash DNSSEC loop-detect inotify dumpfile
Oct 17 10:47:58.431981 podb-esxi207 dnsmasq-dhcp[2121637]: DHCP, static leases only on 10.1.0.0, lease time 1d
Oct 17 10:47:58.432141 podb-esxi207 dnsmasq[2121637]: reading /etc/resolv.conf
Oct 17 10:47:58.432158 podb-esxi207 dnsmasq[2121637]: using nameserver 127.0.0.53#53
Oct 17 10:47:58.432248 podb-esxi207 dnsmasq[2121637]: read /opt/stack/data/neutron/dhcp/6114cacd-c207-4f90-8776-ff2d8df98b5c/addn_hosts - 0 names
Oct 17 10:47:58.432301 podb-esxi207 dnsmasq-dhcp[2121637]: read /opt/stack/data/neutron/dhcp/6114cacd-c207-4f90-8776-ff2d8df98b5c/host
Oct 17 10:47:58.432361 podb-esxi207 dnsmasq-dhcp[2121637]: read /opt/stack/data/neutron/dhcp/6114cacd-c207-4f90-8776-ff2d8df98b5c/opts
Oct 17 10:47:59.981045 podb-esxi207 dnsmasq[2121637]: read /opt/stack/data/neutron/dhcp/6114cacd-c207-4f90-8776-ff2d8df98b5c/addn_hosts - 2 names
Oct 17 10:47:59.981122 podb-esxi207 dnsmasq-dhcp[2121637]: read /opt/stack/data/neutron/dhcp/6114cacd-c207-4f90-8776-ff2d8df98b5c/host
Oct 17 10:47:59.981191 podb-esxi207 dnsmasq-dhcp[2121637]: read /opt/stack/data/neutron/dhcp/6114cacd-c207-4f90-8776-ff2d8df98b5c/opts
Oct 17 10:48:01.238484 podb-esxi207 dnsmasq[2121637]: read /opt/stack/data/neutron/dhcp/6114cacd-c207-4f90-8776-ff2d8df98b5c/addn_hosts - 2 names
Oct 17 10:48:01.238568 podb-esxi207 dnsmasq-dhcp[2121637]: read /opt/stack/data/neutron/dhcp/6114cacd-c207-4f90-8776-ff2d8df98b5c/host
Oct 17 10:48:01.238661 podb-esxi207 dnsmasq-dhcp[2121637]: read /opt/stack/data/neutron/dhcp/6114cacd-c207-4f90-8776-ff2d8df98b5c/opts
Oct 17 10:48:02.507540 podb-esxi207 dnsmasq[2121637]: read /opt/stack/data/neutron/dhcp/6114cacd-c207-4f90-8776-ff2d8df98b5c/addn_hosts - 2 names
Oct 17 10:48:02.507645 podb-esxi207 dnsmasq-dhcp[2121637]: read /opt/stack/data/neutron/dhcp/6114cacd-c207-4f90-8776-ff2d8df98b5c/host
Oct 17 10:48:02.507747 podb-esxi207 dnsmasq-dhcp[2121637]: read /opt/stack/data/neutron/dhcp/6114cacd-c207-4f90-8776-ff2d8df98b5c/opts
Oct 17 10:48:05.680295 podb-esxi207 dnsmasq[2121637]: read /opt/stack/data/neutron/dhcp/6114cacd-c207-4f90-8776-ff2d8df98b5c/addn_hosts - 4 names
Oct 17 10:48:05.680349 podb-esxi207 dnsmasq-dhcp[2121637]: read /opt/stack/data/neutron/dhcp/6114cacd-c207-4f90-8776-ff2d8df98b5c/host
Oct 17 10:48:05.680390 podb-esxi207 dnsmasq-dhcp[2121637]: read /opt/stack/data/neutron/dhcp/6114cacd-c207-4f90-8776-ff2d8df98b5c/opts
Oct 17 10:48:11.237468 podb-esxi207 dnsmasq-dhcp[2119861]: DHCPDISCOVER(tap41fe9bcb-35) fa:16:3e:9c:d6:bf
Oct 17 10:48:11.237492 podb-esxi207 dnsmasq-dhcp[2119861]: DHCPOFFER(tap41fe9bcb-35) 10.1.0.11 fa:16:3e:9c:d6:bf
Oct 17 10:48:11.248517 podb-esxi207 dnsmasq-dhcp[2119861]: DHCPREQUEST(tap41fe9bcb-35) 10.1.0.11 fa:16:3e:9c:d6:bf
Oct 17 10:48:11.248549 podb-esxi207 dnsmasq-dhcp[2119861]: DHCPACK(tap41fe9bcb-35) 10.1.0.11 fa:16:3e:9c:d6:bf host-10-1-0-11
Oct 17 10:48:31.624284 podb-esxi207 dnsmasq-dhcp[2121637]: DHCPDISCOVER(tap191d7121-40) fa:16:3e:fa:dd:e1
Oct 17 10:48:31.624314 podb-esxi207 dnsmasq-dhcp[2121637]: DHCPOFFER(tap191d7121-40) 10.1.0.14 fa:16:3e:fa:dd:e1
Oct 17 10:48:31.635268 podb-esxi207 dnsmasq-dhcp[2121637]: DHCPREQUEST(tap191d7121-40) 10.1.0.14 fa:16:3e:fa:dd:e1
Oct 17 10:48:31.635303 podb-esxi207 dnsmasq-dhcp[2121637]: DHCPACK(tap191d7121-40) 10.1.0.14 fa:16:3e:fa:dd:e1 host-10-1-0-14
Oct 17 10:49:41.315490 podb-esxi207 dnsmasq-dhcp[2119861]: DHCPREQUEST(tap41fe9bcb-35) 10.1.0.11 fa:16:3e:9c:d6:bf
Oct 17 10:49:41.315526 podb-esxi207 dnsmasq-dhcp[2119861]: DHCPACK(tap41fe9bcb-35) 10.1.0.11 fa:16:3e:9c:d6:bf host-10-1-0-11
Oct 17 10:49:51.647604 podb-esxi207 dnsmasq[2121637]: read /opt/stack/data/neutron/dhcp/6114cacd-c207-4f90-8776-ff2d8df98b5c/addn_hosts - 6 names
Oct 17 10:49:51.647747 podb-esxi207 dnsmasq-dhcp[2121637]: read /opt/stack/data/neutron/dhcp/6114cacd-c207-4f90-8776-ff2d8df98b5c/host
Oct 17 10:49:51.647842 podb-esxi207 dnsmasq-dhcp[2121637]: read /opt/stack/data/neutron/dhcp/6114cacd-c207-4f90-8776-ff2d8df98b5c/opts
Oct 17 10:50:14.737222 podb-esxi207 dnsmasq-dhcp[2121637]: DHCPDISCOVER(tap191d7121-40) fa:16:3e:bf:5e:a2
Oct 17 10:50:14.737247 podb-esxi207 dnsmasq-dhcp[2121637]: DHCPOFFER(tap191d7121-40) 10.1.0.12 fa:16:3e:bf:5e:a2
Oct 17 10:50:14.747647 podb-esxi207 dnsmasq-dhcp[2121637]: DHCPREQUEST(tap191d7121-40) 10.1.0.12 fa:16:3e:bf:5e:a2
Oct 17 10:50:14.747679 podb-esxi207 dnsmasq-dhcp[2121637]: DHCPACK(tap191d7121-40) 10.1.0.12 fa:16:3e:bf:5e:a2 host-10-1-0-12
Oct 17 10:50:53.505331 podb-esxi207 dnsmasq-dhcp[2121637]: DHCPRELEASE(tap191d7121-40) 10.1.0.12 fa:16:3e:bf:5e:a2
Oct 17 10:50:53.523095 podb-esxi207 dnsmasq-dhcp[2121637]: DHCPRELEASE(tap191d7121-40) 10.1.0.12 fa:16:3e:bf:5e:a2 unknown lease
Oct 17 10:50:54.349858 podb-esxi207 dnsmasq[2121637]: read /opt/stack/data/neutron/dhcp/6114cacd-c207-4f90-8776-ff2d8df98b5c/addn_hosts - 4 names
Oct 17 10:50:54.349976 podb-esxi207 dnsmasq-dhcp[2121637]: read /opt/stack/data/neutron/dhcp/6114cacd-c207-4f90-8776-ff2d8df98b5c/host
Oct 17 10:50:54.350087 podb-esxi207 dnsmasq-dhcp[2121637]: read /opt/stack/data/neutron/dhcp/6114cacd-c207-4f90-8776-ff2d8df98b5c/opts
Oct 17 10:50:57.825249 podb-esxi207 dnsmasq-dhcp[2119861]: DHCPRELEASE(tap41fe9bcb-35) 10.1.0.11 fa:16:3e:9c:d6:bf
Oct 17 10:50:57.842008 podb-esxi207 dnsmasq-dhcp[2119861]: DHCPRELEASE(tap41fe9bcb-35) 10.1.0.11 fa:16:3e:9c:d6:bf unknown lease
Oct 17 10:50:58.667271 podb-esxi207 dnsmasq[2119861]: read /opt/stack/data/neutron/dhcp/5d811d35-a6a6-45c9-8064-2a364c425e3d/addn_hosts - 6 names
Oct 17 10:50:58.667426 podb-esxi207 dnsmasq-dhcp[2119861]: read /opt/stack/data/neutron/dhcp/5d811d35-a6a6-45c9-8064-2a364c425e3d/host
Oct 17 10:50:58.667530 podb-esxi207 dnsmasq-dhcp[2119861]: read /opt/stack/data/neutron/dhcp/5d811d35-a6a6-45c9-8064-2a364c425e3d/opts
Oct 17 10:51:14.199268 podb-esxi207 dnsmasq-dhcp[2119861]: DHCPRELEASE(tap41fe9bcb-35) 10.1.0.6 fa:16:3e:48:bf:fa
Oct 17 10:51:14.215785 podb-esxi207 dnsmasq-dhcp[2119861]: DHCPRELEASE(tap41fe9bcb-35) 10.1.0.6 fa:16:3e:48:bf:fa unknown lease
Oct 17 10:51:15.042485 podb-esxi207 dnsmasq[2119861]: read /opt/stack/data/neutron/dhcp/5d811d35-a6a6-45c9-8064-2a364c425e3d/addn_hosts - 4 names
Oct 17 10:51:15.042576 podb-esxi207 dnsmasq-dhcp[2119861]: read /opt/stack/data/neutron/dhcp/5d811d35-a6a6-45c9-8064-2a364c425e3d/host
Oct 17 10:51:15.042694 podb-esxi207 dnsmasq-dhcp[2119861]: read /opt/stack/data/neutron/dhcp/5d811d35-a6a6-45c9-8064-2a364c425e3d/opts
Oct 17 10:51:21.464244 podb-esxi207 dnsmasq-dhcp[2119861]: DHCPRELEASE(tap41fe9bcb-35) 10.1.0.10 fa:16:3e:87:d7:f2
Oct 17 10:51:21.481356 podb-esxi207 dnsmasq-dhcp[2119861]: DHCPRELEASE(tap41fe9bcb-35) 10.1.0.10 fa:16:3e:87:d7:f2 unknown lease
Oct 17 10:51:22.305919 podb-esxi207 dnsmasq[2119861]: read /opt/stack/data/neutron/dhcp/5d811d35-a6a6-45c9-8064-2a364c425e3d/addn_hosts - 2 names
Oct 17 10:51:22.306022 podb-esxi207 dnsmasq-dhcp[2119861]: read /opt/stack/data/neutron/dhcp/5d811d35-a6a6-45c9-8064-2a364c425e3d/host
Oct 17 10:51:22.306133 podb-esxi207 dnsmasq-dhcp[2119861]: read /opt/stack/data/neutron/dhcp/5d811d35-a6a6-45c9-8064-2a364c425e3d/opts
Oct 17 10:51:28.094510 podb-esxi207 dnsmasq[2119861]: read /opt/stack/data/neutron/dhcp/5d811d35-a6a6-45c9-8064-2a364c425e3d/addn_hosts - 0 names
Oct 17 10:51:28.094573 podb-esxi207 dnsmasq-dhcp[2119861]: read /opt/stack/data/neutron/dhcp/5d811d35-a6a6-45c9-8064-2a364c425e3d/host
Oct 17 10:51:28.094660 podb-esxi207 dnsmasq-dhcp[2119861]: read /opt/stack/data/neutron/dhcp/5d811d35-a6a6-45c9-8064-2a364c425e3d/opts
Oct 17 10:51:29.079782 podb-esxi207 dnsmasq[2119861]: exiting on receipt of SIGTERM
Oct 17 10:51:33.146748 podb-esxi207 dnsmasq[2124609]: started, version 2.90 cachesize 150
Oct 17 10:51:33.146776 podb-esxi207 dnsmasq[2124609]: DNS service limited to local subnets
Oct 17 10:51:33.146792 podb-esxi207 dnsmasq[2124609]: compile time options: IPv6 GNU-getopt DBus no-UBus i18n IDN2 DHCP DHCPv6 no-Lua TFTP conntrack ipset no-nftset auth cryptohash DNSSEC loop-detect inotify dumpfile
Oct 17 10:51:33.146828 podb-esxi207 dnsmasq-dhcp[2124609]: DHCP, static leases only on 10.1.0.0, lease time 1d
Oct 17 10:51:33.146984 podb-esxi207 dnsmasq[2124609]: reading /etc/resolv.conf
Oct 17 10:51:33.147000 podb-esxi207 dnsmasq[2124609]: using nameserver 127.0.0.53#53
Oct 17 10:51:33.147086 podb-esxi207 dnsmasq[2124609]: read /opt/stack/data/neutron/dhcp/4d8d2cde-10bf-4dad-b619-6152d85e3dcf/addn_hosts - 0 names
Oct 17 10:51:33.147136 podb-esxi207 dnsmasq-dhcp[2124609]: read /opt/stack/data/neutron/dhcp/4d8d2cde-10bf-4dad-b619-6152d85e3dcf/host
Oct 17 10:51:33.147202 podb-esxi207 dnsmasq-dhcp[2124609]: read /opt/stack/data/neutron/dhcp/4d8d2cde-10bf-4dad-b619-6152d85e3dcf/opts
Oct 17 10:51:34.692925 podb-esxi207 dnsmasq[2124609]: read /opt/stack/data/neutron/dhcp/4d8d2cde-10bf-4dad-b619-6152d85e3dcf/addn_hosts - 2 names
Oct 17 10:51:34.693035 podb-esxi207 dnsmasq-dhcp[2124609]: read /opt/stack/data/neutron/dhcp/4d8d2cde-10bf-4dad-b619-6152d85e3dcf/host
Oct 17 10:51:34.693107 podb-esxi207 dnsmasq-dhcp[2124609]: read /opt/stack/data/neutron/dhcp/4d8d2cde-10bf-4dad-b619-6152d85e3dcf/opts
Oct 17 10:51:35.953398 podb-esxi207 dnsmasq[2124609]: read /opt/stack/data/neutron/dhcp/4d8d2cde-10bf-4dad-b619-6152d85e3dcf/addn_hosts - 2 names
Oct 17 10:51:35.953505 podb-esxi207 dnsmasq-dhcp[2124609]: read /opt/stack/data/neutron/dhcp/4d8d2cde-10bf-4dad-b619-6152d85e3dcf/host
Oct 17 10:51:35.953614 podb-esxi207 dnsmasq-dhcp[2124609]: read /opt/stack/data/neutron/dhcp/4d8d2cde-10bf-4dad-b619-6152d85e3dcf/opts
Oct 17 10:51:37.210747 podb-esxi207 dnsmasq[2124609]: read /opt/stack/data/neutron/dhcp/4d8d2cde-10bf-4dad-b619-6152d85e3dcf/addn_hosts - 2 names
Oct 17 10:51:37.210860 podb-esxi207 dnsmasq-dhcp[2124609]: read /opt/stack/data/neutron/dhcp/4d8d2cde-10bf-4dad-b619-6152d85e3dcf/host
Oct 17 10:51:37.210969 podb-esxi207 dnsmasq-dhcp[2124609]: read /opt/stack/data/neutron/dhcp/4d8d2cde-10bf-4dad-b619-6152d85e3dcf/opts
Oct 17 10:51:37.966882 podb-esxi207 dnsmasq-dhcp[2121637]: DHCPRELEASE(tap191d7121-40) 10.1.0.14 fa:16:3e:fa:dd:e1
Oct 17 10:51:37.983825 podb-esxi207 dnsmasq-dhcp[2121637]: DHCPRELEASE(tap191d7121-40) 10.1.0.14 fa:16:3e:fa:dd:e1 unknown lease
Oct 17 10:51:38.807586 podb-esxi207 dnsmasq[2121637]: read /opt/stack/data/neutron/dhcp/6114cacd-c207-4f90-8776-ff2d8df98b5c/addn_hosts - 2 names
Oct 17 10:51:38.807678 podb-esxi207 dnsmasq-dhcp[2121637]: read /opt/stack/data/neutron/dhcp/6114cacd-c207-4f90-8776-ff2d8df98b5c/host
Oct 17 10:51:38.807784 podb-esxi207 dnsmasq-dhcp[2121637]: read /opt/stack/data/neutron/dhcp/6114cacd-c207-4f90-8776-ff2d8df98b5c/opts
Oct 17 10:51:40.573177 podb-esxi207 dnsmasq[2124609]: read /opt/stack/data/neutron/dhcp/4d8d2cde-10bf-4dad-b619-6152d85e3dcf/addn_hosts - 4 names
Oct 17 10:51:40.573312 podb-esxi207 dnsmasq-dhcp[2124609]: read /opt/stack/data/neutron/dhcp/4d8d2cde-10bf-4dad-b619-6152d85e3dcf/host
Oct 17 10:51:40.573422 podb-esxi207 dnsmasq-dhcp[2124609]: read /opt/stack/data/neutron/dhcp/4d8d2cde-10bf-4dad-b619-6152d85e3dcf/opts
Oct 17 10:51:49.512203 podb-esxi207 dnsmasq[2121637]: read /opt/stack/data/neutron/dhcp/6114cacd-c207-4f90-8776-ff2d8df98b5c/addn_hosts - 4 names
Oct 17 10:51:49.512302 podb-esxi207 dnsmasq-dhcp[2121637]: read /opt/stack/data/neutron/dhcp/6114cacd-c207-4f90-8776-ff2d8df98b5c/host
Oct 17 10:51:49.512400 podb-esxi207 dnsmasq-dhcp[2121637]: read /opt/stack/data/neutron/dhcp/6114cacd-c207-4f90-8776-ff2d8df98b5c/opts
Oct 17 10:52:05.536988 podb-esxi207 dnsmasq-dhcp[2124609]: DHCPDISCOVER(tapc6e3014b-12) fa:16:3e:96:30:86
Oct 17 10:52:05.537013 podb-esxi207 dnsmasq-dhcp[2124609]: DHCPOFFER(tapc6e3014b-12) 10.1.0.4 fa:16:3e:96:30:86
Oct 17 10:52:05.547702 podb-esxi207 dnsmasq-dhcp[2124609]: DHCPREQUEST(tapc6e3014b-12) 10.1.0.4 fa:16:3e:96:30:86
Oct 17 10:52:05.547731 podb-esxi207 dnsmasq-dhcp[2124609]: DHCPACK(tapc6e3014b-12) 10.1.0.4 fa:16:3e:96:30:86 host-10-1-0-4
Oct 17 10:52:14.588590 podb-esxi207 dnsmasq-dhcp[2121637]: DHCPDISCOVER(tap191d7121-40) fa:16:3e:33:c7:50
Oct 17 10:52:14.588618 podb-esxi207 dnsmasq-dhcp[2121637]: DHCPOFFER(tap191d7121-40) 10.1.0.11 fa:16:3e:33:c7:50
Oct 17 10:52:14.598815 podb-esxi207 dnsmasq-dhcp[2121637]: DHCPREQUEST(tap191d7121-40) 10.1.0.11 fa:16:3e:33:c7:50
Oct 17 10:52:14.598850 podb-esxi207 dnsmasq-dhcp[2121637]: DHCPACK(tap191d7121-40) 10.1.0.11 fa:16:3e:33:c7:50 host-10-1-0-11
Oct 17 10:53:36.820999 podb-esxi207 dnsmasq-dhcp[2124609]: DHCPREQUEST(tapc6e3014b-12) 10.1.0.4 fa:16:3e:96:30:86
Oct 17 10:53:36.821032 podb-esxi207 dnsmasq-dhcp[2124609]: DHCPACK(tapc6e3014b-12) 10.1.0.4 fa:16:3e:96:30:86 host-10-1-0-4
Oct 17 10:53:47.403202 podb-esxi207 dnsmasq-dhcp[2121637]: DHCPRELEASE(tap191d7121-40) 10.1.0.11 fa:16:3e:33:c7:50
Oct 17 10:53:47.422461 podb-esxi207 dnsmasq-dhcp[2121637]: DHCPRELEASE(tap191d7121-40) 10.1.0.11 fa:16:3e:33:c7:50 unknown lease
Oct 17 10:53:48.247780 podb-esxi207 dnsmasq[2121637]: read /opt/stack/data/neutron/dhcp/6114cacd-c207-4f90-8776-ff2d8df98b5c/addn_hosts - 2 names
Oct 17 10:53:48.247917 podb-esxi207 dnsmasq-dhcp[2121637]: read /opt/stack/data/neutron/dhcp/6114cacd-c207-4f90-8776-ff2d8df98b5c/host
Oct 17 10:53:48.248031 podb-esxi207 dnsmasq-dhcp[2121637]: read /opt/stack/data/neutron/dhcp/6114cacd-c207-4f90-8776-ff2d8df98b5c/opts
Oct 17 10:53:59.539988 podb-esxi207 dnsmasq[2121637]: read /opt/stack/data/neutron/dhcp/6114cacd-c207-4f90-8776-ff2d8df98b5c/addn_hosts - 4 names
Oct 17 10:53:59.540113 podb-esxi207 dnsmasq-dhcp[2121637]: read /opt/stack/data/neutron/dhcp/6114cacd-c207-4f90-8776-ff2d8df98b5c/host
Oct 17 10:53:59.540229 podb-esxi207 dnsmasq-dhcp[2121637]: read /opt/stack/data/neutron/dhcp/6114cacd-c207-4f90-8776-ff2d8df98b5c/opts
Oct 17 10:54:25.675075 podb-esxi207 dnsmasq-dhcp[2121637]: DHCPDISCOVER(tap191d7121-40) fa:16:3e:0f:32:6e
Oct 17 10:54:25.675106 podb-esxi207 dnsmasq-dhcp[2121637]: DHCPOFFER(tap191d7121-40) 10.1.0.14 fa:16:3e:0f:32:6e
Oct 17 10:54:25.704152 podb-esxi207 dnsmasq-dhcp[2121637]: DHCPREQUEST(tap191d7121-40) 10.1.0.14 fa:16:3e:0f:32:6e
Oct 17 10:54:25.704190 podb-esxi207 dnsmasq-dhcp[2121637]: DHCPACK(tap191d7121-40) 10.1.0.14 fa:16:3e:0f:32:6e host-10-1-0-14
Oct 17 10:55:12.923419 podb-esxi207 dnsmasq-dhcp[2124609]: DHCPREQUEST(tapc6e3014b-12) 10.1.0.4 fa:16:3e:96:30:86
Oct 17 10:55:12.923452 podb-esxi207 dnsmasq-dhcp[2124609]: DHCPACK(tapc6e3014b-12) 10.1.0.4 fa:16:3e:96:30:86 host-10-1-0-4
Oct 17 10:55:51.610362 podb-esxi207 dnsmasq-dhcp[2124609]: DHCPRELEASE(tapc6e3014b-12) 10.1.0.4 fa:16:3e:96:30:86
Oct 17 10:55:51.627594 podb-esxi207 dnsmasq-dhcp[2124609]: DHCPRELEASE(tapc6e3014b-12) 10.1.0.4 fa:16:3e:96:30:86 unknown lease
Oct 17 10:55:52.455513 podb-esxi207 dnsmasq[2124609]: read /opt/stack/data/neutron/dhcp/4d8d2cde-10bf-4dad-b619-6152d85e3dcf/addn_hosts - 2 names
Oct 17 10:55:52.455603 podb-esxi207 dnsmasq-dhcp[2124609]: read /opt/stack/data/neutron/dhcp/4d8d2cde-10bf-4dad-b619-6152d85e3dcf/host
Oct 17 10:55:52.455718 podb-esxi207 dnsmasq-dhcp[2124609]: read /opt/stack/data/neutron/dhcp/4d8d2cde-10bf-4dad-b619-6152d85e3dcf/opts
Oct 17 10:56:03.687921 podb-esxi207 dnsmasq[2124609]: read /opt/stack/data/neutron/dhcp/4d8d2cde-10bf-4dad-b619-6152d85e3dcf/addn_hosts - 4 names
Oct 17 10:56:03.688033 podb-esxi207 dnsmasq-dhcp[2124609]: read /opt/stack/data/neutron/dhcp/4d8d2cde-10bf-4dad-b619-6152d85e3dcf/host
Oct 17 10:56:03.688146 podb-esxi207 dnsmasq-dhcp[2124609]: read /opt/stack/data/neutron/dhcp/4d8d2cde-10bf-4dad-b619-6152d85e3dcf/opts
Oct 17 10:56:05.953208 podb-esxi207 dnsmasq-dhcp[2121637]: DHCPRELEASE(tap191d7121-40) 10.1.0.14 fa:16:3e:0f:32:6e
Oct 17 10:56:05.969046 podb-esxi207 dnsmasq-dhcp[2121637]: DHCPRELEASE(tap191d7121-40) 10.1.0.14 fa:16:3e:0f:32:6e unknown lease
Oct 17 10:56:06.800351 podb-esxi207 dnsmasq[2121637]: read /opt/stack/data/neutron/dhcp/6114cacd-c207-4f90-8776-ff2d8df98b5c/addn_hosts - 2 names
Oct 17 10:56:06.800464 podb-esxi207 dnsmasq-dhcp[2121637]: read /opt/stack/data/neutron/dhcp/6114cacd-c207-4f90-8776-ff2d8df98b5c/host
Oct 17 10:56:06.800570 podb-esxi207 dnsmasq-dhcp[2121637]: read /opt/stack/data/neutron/dhcp/6114cacd-c207-4f90-8776-ff2d8df98b5c/opts
Oct 17 10:56:27.258295 podb-esxi207 dnsmasq-dhcp[2124609]: DHCPDISCOVER(tapc6e3014b-12) fa:16:3e:b9:2d:18
Oct 17 10:56:27.258323 podb-esxi207 dnsmasq-dhcp[2124609]: DHCPOFFER(tapc6e3014b-12) 10.1.0.10 fa:16:3e:b9:2d:18
Oct 17 10:56:27.268934 podb-esxi207 dnsmasq-dhcp[2124609]: DHCPREQUEST(tapc6e3014b-12) 10.1.0.10 fa:16:3e:b9:2d:18
Oct 17 10:56:27.268969 podb-esxi207 dnsmasq-dhcp[2124609]: DHCPACK(tapc6e3014b-12) 10.1.0.10 fa:16:3e:b9:2d:18 host-10-1-0-10
Oct 17 10:57:36.893147 podb-esxi207 dnsmasq[2121637]: read /opt/stack/data/neutron/dhcp/6114cacd-c207-4f90-8776-ff2d8df98b5c/addn_hosts - 0 names
Oct 17 10:57:36.893209 podb-esxi207 dnsmasq-dhcp[2121637]: read /opt/stack/data/neutron/dhcp/6114cacd-c207-4f90-8776-ff2d8df98b5c/host
Oct 17 10:57:36.893262 podb-esxi207 dnsmasq-dhcp[2121637]: read /opt/stack/data/neutron/dhcp/6114cacd-c207-4f90-8776-ff2d8df98b5c/opts
Oct 17 10:57:38.128030 podb-esxi207 dnsmasq[2121637]: exiting on receipt of SIGTERM
Oct 17 10:58:09.303697 podb-esxi207 dnsmasq[2129335]: started, version 2.90 cachesize 150
Oct 17 10:58:09.303721 podb-esxi207 dnsmasq[2129335]: DNS service limited to local subnets
Oct 17 10:58:09.303736 podb-esxi207 dnsmasq[2129335]: compile time options: IPv6 GNU-getopt DBus no-UBus i18n IDN2 DHCP DHCPv6 no-Lua TFTP conntrack ipset no-nftset auth cryptohash DNSSEC loop-detect inotify dumpfile
Oct 17 10:58:09.303772 podb-esxi207 dnsmasq-dhcp[2129335]: DHCP, static leases only on 10.1.0.0, lease time 1d
Oct 17 10:58:09.303929 podb-esxi207 dnsmasq[2129335]: reading /etc/resolv.conf
Oct 17 10:58:09.303946 podb-esxi207 dnsmasq[2129335]: using nameserver 127.0.0.53#53
Oct 17 10:58:09.304037 podb-esxi207 dnsmasq[2129335]: read /opt/stack/data/neutron/dhcp/cc7732cb-3eb2-48c8-891a-252ddfe80266/addn_hosts - 0 names
Oct 17 10:58:09.304093 podb-esxi207 dnsmasq-dhcp[2129335]: read /opt/stack/data/neutron/dhcp/cc7732cb-3eb2-48c8-891a-252ddfe80266/host
Oct 17 10:58:09.304152 podb-esxi207 dnsmasq-dhcp[2129335]: read /opt/stack/data/neutron/dhcp/cc7732cb-3eb2-48c8-891a-252ddfe80266/opts
Oct 17 10:58:10.853161 podb-esxi207 dnsmasq[2129335]: read /opt/stack/data/neutron/dhcp/cc7732cb-3eb2-48c8-891a-252ddfe80266/addn_hosts - 2 names
Oct 17 10:58:10.853278 podb-esxi207 dnsmasq-dhcp[2129335]: read /opt/stack/data/neutron/dhcp/cc7732cb-3eb2-48c8-891a-252ddfe80266/host
Oct 17 10:58:10.853388 podb-esxi207 dnsmasq-dhcp[2129335]: read /opt/stack/data/neutron/dhcp/cc7732cb-3eb2-48c8-891a-252ddfe80266/opts
Oct 17 10:58:13.845283 podb-esxi207 dnsmasq[2130080]: started, version 2.90 cachesize 150
Oct 17 10:58:13.845311 podb-esxi207 dnsmasq[2130080]: DNS service limited to local subnets
Oct 17 10:58:13.845326 podb-esxi207 dnsmasq[2130080]: compile time options: IPv6 GNU-getopt DBus no-UBus i18n IDN2 DHCP DHCPv6 no-Lua TFTP conntrack ipset no-nftset auth cryptohash DNSSEC loop-detect inotify dumpfile
Oct 17 10:58:13.845362 podb-esxi207 dnsmasq-dhcp[2130080]: DHCP, static leases only on 10.1.0.0, lease time 1d
Oct 17 10:58:13.845590 podb-esxi207 dnsmasq[2130080]: reading /etc/resolv.conf
Oct 17 10:58:13.845607 podb-esxi207 dnsmasq[2130080]: using nameserver 127.0.0.53#53
Oct 17 10:58:13.845725 podb-esxi207 dnsmasq[2130080]: read /opt/stack/data/neutron/dhcp/657e8b6a-94f8-4c5a-ad9e-db563623f56d/addn_hosts - 2 names
Oct 17 10:58:13.845781 podb-esxi207 dnsmasq-dhcp[2130080]: read /opt/stack/data/neutron/dhcp/657e8b6a-94f8-4c5a-ad9e-db563623f56d/host
Oct 17 10:58:13.845855 podb-esxi207 dnsmasq-dhcp[2130080]: read /opt/stack/data/neutron/dhcp/657e8b6a-94f8-4c5a-ad9e-db563623f56d/opts
Oct 17 10:58:14.887725 podb-esxi207 dnsmasq[2129335]: read /opt/stack/data/neutron/dhcp/cc7732cb-3eb2-48c8-891a-252ddfe80266/addn_hosts - 2 names
Oct 17 10:58:14.887817 podb-esxi207 dnsmasq-dhcp[2129335]: read /opt/stack/data/neutron/dhcp/cc7732cb-3eb2-48c8-891a-252ddfe80266/host
Oct 17 10:58:14.887906 podb-esxi207 dnsmasq-dhcp[2129335]: read /opt/stack/data/neutron/dhcp/cc7732cb-3eb2-48c8-891a-252ddfe80266/opts
Oct 17 10:58:16.144986 podb-esxi207 dnsmasq[2130080]: read /opt/stack/data/neutron/dhcp/657e8b6a-94f8-4c5a-ad9e-db563623f56d/addn_hosts - 2 names
Oct 17 10:58:16.145076 podb-esxi207 dnsmasq-dhcp[2130080]: read /opt/stack/data/neutron/dhcp/657e8b6a-94f8-4c5a-ad9e-db563623f56d/host
Oct 17 10:58:16.145147 podb-esxi207 dnsmasq-dhcp[2130080]: read /opt/stack/data/neutron/dhcp/657e8b6a-94f8-4c5a-ad9e-db563623f56d/opts
Oct 17 10:58:17.417887 podb-esxi207 dnsmasq[2129335]: read /opt/stack/data/neutron/dhcp/cc7732cb-3eb2-48c8-891a-252ddfe80266/addn_hosts - 2 names
Oct 17 10:58:17.418013 podb-esxi207 dnsmasq-dhcp[2129335]: read /opt/stack/data/neutron/dhcp/cc7732cb-3eb2-48c8-891a-252ddfe80266/host
Oct 17 10:58:17.418131 podb-esxi207 dnsmasq-dhcp[2129335]: read /opt/stack/data/neutron/dhcp/cc7732cb-3eb2-48c8-891a-252ddfe80266/opts
Oct 17 10:58:20.312044 podb-esxi207 dnsmasq[2130469]: started, version 2.90 cachesize 150
Oct 17 10:58:20.312067 podb-esxi207 dnsmasq[2130469]: DNS service limited to local subnets
Oct 17 10:58:20.312082 podb-esxi207 dnsmasq[2130469]: compile time options: IPv6 GNU-getopt DBus no-UBus i18n IDN2 DHCP DHCPv6 no-Lua TFTP conntrack ipset no-nftset auth cryptohash DNSSEC loop-detect inotify dumpfile
Oct 17 10:58:20.312119 podb-esxi207 dnsmasq-dhcp[2130469]: DHCP, static leases only on 10.1.0.0, lease time 1d
Oct 17 10:58:20.312275 podb-esxi207 dnsmasq[2130469]: reading /etc/resolv.conf
Oct 17 10:58:20.312292 podb-esxi207 dnsmasq[2130469]: using nameserver 127.0.0.53#53
Oct 17 10:58:20.312410 podb-esxi207 dnsmasq[2130469]: read /opt/stack/data/neutron/dhcp/f1875f86-9b0d-4901-ad7d-85c9de27b2a8/addn_hosts - 2 names
Oct 17 10:58:20.312467 podb-esxi207 dnsmasq-dhcp[2130469]: read /opt/stack/data/neutron/dhcp/f1875f86-9b0d-4901-ad7d-85c9de27b2a8/host
Oct 17 10:58:20.312535 podb-esxi207 dnsmasq-dhcp[2130469]: read /opt/stack/data/neutron/dhcp/f1875f86-9b0d-4901-ad7d-85c9de27b2a8/opts
Oct 17 10:58:20.848884 podb-esxi207 dnsmasq[2130080]: read /opt/stack/data/neutron/dhcp/657e8b6a-94f8-4c5a-ad9e-db563623f56d/addn_hosts - 2 names
Oct 17 10:58:20.848974 podb-esxi207 dnsmasq-dhcp[2130080]: read /opt/stack/data/neutron/dhcp/657e8b6a-94f8-4c5a-ad9e-db563623f56d/host
Oct 17 10:58:20.849044 podb-esxi207 dnsmasq-dhcp[2130080]: read /opt/stack/data/neutron/dhcp/657e8b6a-94f8-4c5a-ad9e-db563623f56d/opts
Oct 17 10:58:22.113988 podb-esxi207 dnsmasq[2129335]: read /opt/stack/data/neutron/dhcp/cc7732cb-3eb2-48c8-891a-252ddfe80266/addn_hosts - 4 names
Oct 17 10:58:22.114121 podb-esxi207 dnsmasq-dhcp[2129335]: read /opt/stack/data/neutron/dhcp/cc7732cb-3eb2-48c8-891a-252ddfe80266/host
Oct 17 10:58:22.114233 podb-esxi207 dnsmasq-dhcp[2129335]: read /opt/stack/data/neutron/dhcp/cc7732cb-3eb2-48c8-891a-252ddfe80266/opts
Oct 17 10:58:23.369200 podb-esxi207 dnsmasq[2130469]: read /opt/stack/data/neutron/dhcp/f1875f86-9b0d-4901-ad7d-85c9de27b2a8/addn_hosts - 2 names
Oct 17 10:58:23.369294 podb-esxi207 dnsmasq-dhcp[2130469]: read /opt/stack/data/neutron/dhcp/f1875f86-9b0d-4901-ad7d-85c9de27b2a8/host
Oct 17 10:58:23.369379 podb-esxi207 dnsmasq-dhcp[2130469]: read /opt/stack/data/neutron/dhcp/f1875f86-9b0d-4901-ad7d-85c9de27b2a8/opts
Oct 17 10:58:24.144988 podb-esxi207 dnsmasq[2130080]: read /opt/stack/data/neutron/dhcp/657e8b6a-94f8-4c5a-ad9e-db563623f56d/addn_hosts - 2 names
