Oct 17 10:29:55.554662 podb-esxi207 dnsmasq-dhcp[2093880]: read /opt/stack/data/neutron/dhcp/30352531-44e0-4ba0-86ec-76e2beed1519/opts
Oct 17 10:29:58.372736 podb-esxi207 dnsmasq[2095376]: started, version 2.90 cachesize 150
Oct 17 10:29:58.372761 podb-esxi207 dnsmasq[2095376]: DNS service limited to local subnets
Oct 17 10:29:58.372776 podb-esxi207 dnsmasq[2095376]: compile time options: IPv6 GNU-getopt DBus no-UBus i18n IDN2 DHCP DHCPv6 no-Lua TFTP conntrack ipset no-nftset auth cryptohash DNSSEC loop-detect inotify dumpfile
Oct 17 10:29:58.372811 podb-esxi207 dnsmasq-dhcp[2095376]: DHCP, static leases only on 10.1.0.0, lease time 1d
Oct 17 10:29:58.372967 podb-esxi207 dnsmasq[2095376]: reading /etc/resolv.conf
Oct 17 10:29:58.372983 podb-esxi207 dnsmasq[2095376]: using nameserver 127.0.0.53#53
Oct 17 10:29:58.373094 podb-esxi207 dnsmasq[2095376]: read /opt/stack/data/neutron/dhcp/af22d929-85d3-44d6-8b57-2a502acdcaf3/addn_hosts - 2 names
Oct 17 10:29:58.373159 podb-esxi207 dnsmasq-dhcp[2095376]: read /opt/stack/data/neutron/dhcp/af22d929-85d3-44d6-8b57-2a502acdcaf3/host
Oct 17 10:29:58.373225 podb-esxi207 dnsmasq-dhcp[2095376]: read /opt/stack/data/neutron/dhcp/af22d929-85d3-44d6-8b57-2a502acdcaf3/opts
Oct 17 10:29:58.907204 podb-esxi207 dnsmasq[2094531]: read /opt/stack/data/neutron/dhcp/c5480355-ad6e-499f-8541-f2df595ad6d9/addn_hosts - 2 names
Oct 17 10:29:58.907317 podb-esxi207 dnsmasq-dhcp[2094531]: read /opt/stack/data/neutron/dhcp/c5480355-ad6e-499f-8541-f2df595ad6d9/host
Oct 17 10:29:58.907420 podb-esxi207 dnsmasq-dhcp[2094531]: read /opt/stack/data/neutron/dhcp/c5480355-ad6e-499f-8541-f2df595ad6d9/opts
Oct 17 10:30:00.678066 podb-esxi207 dnsmasq[2095376]: read /opt/stack/data/neutron/dhcp/af22d929-85d3-44d6-8b57-2a502acdcaf3/addn_hosts - 4 names
Oct 17 10:30:00.678177 podb-esxi207 dnsmasq-dhcp[2095376]: read /opt/stack/data/neutron/dhcp/af22d929-85d3-44d6-8b57-2a502acdcaf3/host
Oct 17 10:30:00.678290 podb-esxi207 dnsmasq-dhcp[2095376]: read /opt/stack/data/neutron/dhcp/af22d929-85d3-44d6-8b57-2a502acdcaf3/opts
Oct 17 10:30:01.429950 podb-esxi207 dnsmasq[2094531]: read /opt/stack/data/neutron/dhcp/c5480355-ad6e-499f-8541-f2df595ad6d9/addn_hosts - 2 names
Oct 17 10:30:01.430082 podb-esxi207 dnsmasq-dhcp[2094531]: read /opt/stack/data/neutron/dhcp/c5480355-ad6e-499f-8541-f2df595ad6d9/host
Oct 17 10:30:01.430192 podb-esxi207 dnsmasq-dhcp[2094531]: read /opt/stack/data/neutron/dhcp/c5480355-ad6e-499f-8541-f2df595ad6d9/opts
Oct 17 10:30:02.186014 podb-esxi207 dnsmasq[2091136]: read /opt/stack/data/neutron/dhcp/0cad8331-afcc-466b-a61c-9c4f3271b734/addn_hosts - 4 names
Oct 17 10:30:02.186114 podb-esxi207 dnsmasq-dhcp[2091136]: read /opt/stack/data/neutron/dhcp/0cad8331-afcc-466b-a61c-9c4f3271b734/host
Oct 17 10:30:02.186186 podb-esxi207 dnsmasq-dhcp[2091136]: read /opt/stack/data/neutron/dhcp/0cad8331-afcc-466b-a61c-9c4f3271b734/opts
Oct 17 10:30:02.348566 podb-esxi207 dnsmasq-dhcp[2090215]: DHCPDISCOVER(tapad5ff54a-3c) fa:16:3e:ba:43:39
Oct 17 10:30:02.348592 podb-esxi207 dnsmasq-dhcp[2090215]: DHCPOFFER(tapad5ff54a-3c) 10.1.0.14 fa:16:3e:ba:43:39
Oct 17 10:30:02.372880 podb-esxi207 dnsmasq-dhcp[2090215]: DHCPREQUEST(tapad5ff54a-3c) 10.1.0.14 fa:16:3e:ba:43:39
Oct 17 10:30:02.372913 podb-esxi207 dnsmasq-dhcp[2090215]: DHCPACK(tapad5ff54a-3c) 10.1.0.14 fa:16:3e:ba:43:39 host-10-1-0-14
Oct 17 10:30:03.343972 podb-esxi207 dnsmasq-dhcp[2091136]: DHCPDISCOVER(tap31917d36-0b) fa:16:3e:e1:03:3d
Oct 17 10:30:03.343997 podb-esxi207 dnsmasq-dhcp[2091136]: DHCPOFFER(tap31917d36-0b) 10.1.0.5 fa:16:3e:e1:03:3d
Oct 17 10:30:03.368577 podb-esxi207 dnsmasq-dhcp[2091136]: DHCPREQUEST(tap31917d36-0b) 10.1.0.5 fa:16:3e:e1:03:3d
Oct 17 10:30:03.368615 podb-esxi207 dnsmasq-dhcp[2091136]: DHCPACK(tap31917d36-0b) 10.1.0.5 fa:16:3e:e1:03:3d host-10-1-0-5
Oct 17 10:30:03.458424 podb-esxi207 dnsmasq[2095376]: read /opt/stack/data/neutron/dhcp/af22d929-85d3-44d6-8b57-2a502acdcaf3/addn_hosts - 4 names
Oct 17 10:30:03.458554 podb-esxi207 dnsmasq-dhcp[2095376]: read /opt/stack/data/neutron/dhcp/af22d929-85d3-44d6-8b57-2a502acdcaf3/host
Oct 17 10:30:03.458669 podb-esxi207 dnsmasq-dhcp[2095376]: read /opt/stack/data/neutron/dhcp/af22d929-85d3-44d6-8b57-2a502acdcaf3/opts
Oct 17 10:30:04.223832 podb-esxi207 dnsmasq[2094691]: read /opt/stack/data/neutron/dhcp/871eb934-0361-49ba-9be1-a44a501292de/addn_hosts - 2 names
Oct 17 10:30:04.223914 podb-esxi207 dnsmasq-dhcp[2094691]: read /opt/stack/data/neutron/dhcp/871eb934-0361-49ba-9be1-a44a501292de/host
Oct 17 10:30:04.224010 podb-esxi207 dnsmasq-dhcp[2094691]: read /opt/stack/data/neutron/dhcp/871eb934-0361-49ba-9be1-a44a501292de/opts
Oct 17 10:30:04.981012 podb-esxi207 dnsmasq[2094775]: read /opt/stack/data/neutron/dhcp/704fbee8-342d-4f28-9316-8e97dd32e74f/addn_hosts - 2 names
Oct 17 10:30:04.981096 podb-esxi207 dnsmasq-dhcp[2094775]: read /opt/stack/data/neutron/dhcp/704fbee8-342d-4f28-9316-8e97dd32e74f/host
Oct 17 10:30:04.981236 podb-esxi207 dnsmasq-dhcp[2094775]: read /opt/stack/data/neutron/dhcp/704fbee8-342d-4f28-9316-8e97dd32e74f/opts
Oct 17 10:30:08.361861 podb-esxi207 dnsmasq[2095914]: started, version 2.90 cachesize 150
Oct 17 10:30:08.361885 podb-esxi207 dnsmasq[2095914]: DNS service limited to local subnets
Oct 17 10:30:08.361900 podb-esxi207 dnsmasq[2095914]: compile time options: IPv6 GNU-getopt DBus no-UBus i18n IDN2 DHCP DHCPv6 no-Lua TFTP conntrack ipset no-nftset auth cryptohash DNSSEC loop-detect inotify dumpfile
Oct 17 10:30:08.361941 podb-esxi207 dnsmasq-dhcp[2095914]: DHCP, static leases only on 10.1.1.0, lease time 1d
Oct 17 10:30:08.362096 podb-esxi207 dnsmasq[2095914]: reading /etc/resolv.conf
Oct 17 10:30:08.362113 podb-esxi207 dnsmasq[2095914]: using nameserver 127.0.0.53#53
Oct 17 10:30:08.362231 podb-esxi207 dnsmasq[2095914]: read /opt/stack/data/neutron/dhcp/9b1b2021-bd63-41b0-975d-0ffca4227498/addn_hosts - 4 names
Oct 17 10:30:08.362292 podb-esxi207 dnsmasq-dhcp[2095914]: read /opt/stack/data/neutron/dhcp/9b1b2021-bd63-41b0-975d-0ffca4227498/host
Oct 17 10:30:08.362347 podb-esxi207 dnsmasq-dhcp[2095914]: read /opt/stack/data/neutron/dhcp/9b1b2021-bd63-41b0-975d-0ffca4227498/opts
Oct 17 10:30:08.902087 podb-esxi207 dnsmasq[2094691]: read /opt/stack/data/neutron/dhcp/871eb934-0361-49ba-9be1-a44a501292de/addn_hosts - 2 names
Oct 17 10:30:08.902194 podb-esxi207 dnsmasq-dhcp[2094691]: read /opt/stack/data/neutron/dhcp/871eb934-0361-49ba-9be1-a44a501292de/host
Oct 17 10:30:08.902311 podb-esxi207 dnsmasq-dhcp[2094691]: read /opt/stack/data/neutron/dhcp/871eb934-0361-49ba-9be1-a44a501292de/opts
Oct 17 10:30:09.661769 podb-esxi207 dnsmasq[2094775]: read /opt/stack/data/neutron/dhcp/704fbee8-342d-4f28-9316-8e97dd32e74f/addn_hosts - 2 names
Oct 17 10:30:09.661862 podb-esxi207 dnsmasq-dhcp[2094775]: read /opt/stack/data/neutron/dhcp/704fbee8-342d-4f28-9316-8e97dd32e74f/host
Oct 17 10:30:09.661973 podb-esxi207 dnsmasq-dhcp[2094775]: read /opt/stack/data/neutron/dhcp/704fbee8-342d-4f28-9316-8e97dd32e74f/opts
Oct 17 10:30:11.438137 podb-esxi207 dnsmasq[2095914]: read /opt/stack/data/neutron/dhcp/9b1b2021-bd63-41b0-975d-0ffca4227498/addn_hosts - 4 names
Oct 17 10:30:11.438234 podb-esxi207 dnsmasq-dhcp[2095914]: read /opt/stack/data/neutron/dhcp/9b1b2021-bd63-41b0-975d-0ffca4227498/host
Oct 17 10:30:11.438326 podb-esxi207 dnsmasq-dhcp[2095914]: read /opt/stack/data/neutron/dhcp/9b1b2021-bd63-41b0-975d-0ffca4227498/opts
Oct 17 10:30:14.292938 podb-esxi207 dnsmasq[2096011]: started, version 2.90 cachesize 150
Oct 17 10:30:14.292967 podb-esxi207 dnsmasq[2096011]: DNS service limited to local subnets
Oct 17 10:30:14.292981 podb-esxi207 dnsmasq[2096011]: compile time options: IPv6 GNU-getopt DBus no-UBus i18n IDN2 DHCP DHCPv6 no-Lua TFTP conntrack ipset no-nftset auth cryptohash DNSSEC loop-detect inotify dumpfile
Oct 17 10:30:14.293017 podb-esxi207 dnsmasq-dhcp[2096011]: DHCP, static leases only on 10.2.2.0, lease time 1d
Oct 17 10:30:14.293169 podb-esxi207 dnsmasq[2096011]: reading /etc/resolv.conf
Oct 17 10:30:14.293185 podb-esxi207 dnsmasq[2096011]: using nameserver 127.0.0.53#53
Oct 17 10:30:14.293286 podb-esxi207 dnsmasq[2096011]: read /opt/stack/data/neutron/dhcp/5b9404b5-74a8-461a-8982-5a67faff074a/addn_hosts - 0 names
Oct 17 10:30:14.293337 podb-esxi207 dnsmasq-dhcp[2096011]: read /opt/stack/data/neutron/dhcp/5b9404b5-74a8-461a-8982-5a67faff074a/host
Oct 17 10:30:14.293398 podb-esxi207 dnsmasq-dhcp[2096011]: read /opt/stack/data/neutron/dhcp/5b9404b5-74a8-461a-8982-5a67faff074a/opts
Oct 17 10:30:14.829847 podb-esxi207 dnsmasq[2095376]: read /opt/stack/data/neutron/dhcp/af22d929-85d3-44d6-8b57-2a502acdcaf3/addn_hosts - 4 names
Oct 17 10:30:14.829965 podb-esxi207 dnsmasq-dhcp[2095376]: read /opt/stack/data/neutron/dhcp/af22d929-85d3-44d6-8b57-2a502acdcaf3/host
Oct 17 10:30:14.830075 podb-esxi207 dnsmasq-dhcp[2095376]: read /opt/stack/data/neutron/dhcp/af22d929-85d3-44d6-8b57-2a502acdcaf3/opts
Oct 17 10:30:16.099872 podb-esxi207 dnsmasq[2095914]: read /opt/stack/data/neutron/dhcp/9b1b2021-bd63-41b0-975d-0ffca4227498/addn_hosts - 4 names
Oct 17 10:30:16.099977 podb-esxi207 dnsmasq-dhcp[2095914]: read /opt/stack/data/neutron/dhcp/9b1b2021-bd63-41b0-975d-0ffca4227498/host
Oct 17 10:30:16.100068 podb-esxi207 dnsmasq-dhcp[2095914]: read /opt/stack/data/neutron/dhcp/9b1b2021-bd63-41b0-975d-0ffca4227498/opts
Oct 17 10:30:16.855066 podb-esxi207 dnsmasq[2094691]: read /opt/stack/data/neutron/dhcp/871eb934-0361-49ba-9be1-a44a501292de/addn_hosts - 4 names
Oct 17 10:30:16.855226 podb-esxi207 dnsmasq-dhcp[2094691]: read /opt/stack/data/neutron/dhcp/871eb934-0361-49ba-9be1-a44a501292de/host
Oct 17 10:30:16.855333 podb-esxi207 dnsmasq-dhcp[2094691]: read /opt/stack/data/neutron/dhcp/871eb934-0361-49ba-9be1-a44a501292de/opts
Oct 17 10:30:18.115956 podb-esxi207 dnsmasq[2096011]: read /opt/stack/data/neutron/dhcp/5b9404b5-74a8-461a-8982-5a67faff074a/addn_hosts - 4 names
Oct 17 10:30:18.116047 podb-esxi207 dnsmasq-dhcp[2096011]: read /opt/stack/data/neutron/dhcp/5b9404b5-74a8-461a-8982-5a67faff074a/host
Oct 17 10:30:18.116108 podb-esxi207 dnsmasq-dhcp[2096011]: read /opt/stack/data/neutron/dhcp/5b9404b5-74a8-461a-8982-5a67faff074a/opts
Oct 17 10:30:18.861294 podb-esxi207 dnsmasq[2095376]: read /opt/stack/data/neutron/dhcp/af22d929-85d3-44d6-8b57-2a502acdcaf3/addn_hosts - 4 names
Oct 17 10:30:18.861385 podb-esxi207 dnsmasq-dhcp[2095376]: read /opt/stack/data/neutron/dhcp/af22d929-85d3-44d6-8b57-2a502acdcaf3/host
Oct 17 10:30:18.861489 podb-esxi207 dnsmasq-dhcp[2095376]: read /opt/stack/data/neutron/dhcp/af22d929-85d3-44d6-8b57-2a502acdcaf3/opts
Oct 17 10:30:20.108989 podb-esxi207 dnsmasq[2095914]: read /opt/stack/data/neutron/dhcp/9b1b2021-bd63-41b0-975d-0ffca4227498/addn_hosts - 4 names
Oct 17 10:30:20.109112 podb-esxi207 dnsmasq-dhcp[2095914]: read /opt/stack/data/neutron/dhcp/9b1b2021-bd63-41b0-975d-0ffca4227498/host
Oct 17 10:30:20.109220 podb-esxi207 dnsmasq-dhcp[2095914]: read /opt/stack/data/neutron/dhcp/9b1b2021-bd63-41b0-975d-0ffca4227498/opts
Oct 17 10:30:20.851931 podb-esxi207 dnsmasq[2096011]: read /opt/stack/data/neutron/dhcp/5b9404b5-74a8-461a-8982-5a67faff074a/addn_hosts - 4 names
Oct 17 10:30:20.852043 podb-esxi207 dnsmasq-dhcp[2096011]: read /opt/stack/data/neutron/dhcp/5b9404b5-74a8-461a-8982-5a67faff074a/host
Oct 17 10:30:20.852130 podb-esxi207 dnsmasq-dhcp[2096011]: read /opt/stack/data/neutron/dhcp/5b9404b5-74a8-461a-8982-5a67faff074a/opts
Oct 17 10:30:22.099570 podb-esxi207 dnsmasq[2095914]: read /opt/stack/data/neutron/dhcp/9b1b2021-bd63-41b0-975d-0ffca4227498/addn_hosts - 6 names
Oct 17 10:30:22.099687 podb-esxi207 dnsmasq-dhcp[2095914]: read /opt/stack/data/neutron/dhcp/9b1b2021-bd63-41b0-975d-0ffca4227498/host
Oct 17 10:30:22.099767 podb-esxi207 dnsmasq-dhcp[2095914]: read /opt/stack/data/neutron/dhcp/9b1b2021-bd63-41b0-975d-0ffca4227498/opts
Oct 17 10:30:22.847583 podb-esxi207 dnsmasq[2096011]: read /opt/stack/data/neutron/dhcp/5b9404b5-74a8-461a-8982-5a67faff074a/addn_hosts - 4 names
Oct 17 10:30:22.847677 podb-esxi207 dnsmasq-dhcp[2096011]: read /opt/stack/data/neutron/dhcp/5b9404b5-74a8-461a-8982-5a67faff074a/host
Oct 17 10:30:22.847752 podb-esxi207 dnsmasq-dhcp[2096011]: read /opt/stack/data/neutron/dhcp/5b9404b5-74a8-461a-8982-5a67faff074a/opts
Oct 17 10:30:24.096183 podb-esxi207 dnsmasq[2095914]: read /opt/stack/data/neutron/dhcp/9b1b2021-bd63-41b0-975d-0ffca4227498/addn_hosts - 8 names
Oct 17 10:30:24.096295 podb-esxi207 dnsmasq-dhcp[2095914]: read /opt/stack/data/neutron/dhcp/9b1b2021-bd63-41b0-975d-0ffca4227498/host
Oct 17 10:30:24.096373 podb-esxi207 dnsmasq-dhcp[2095914]: read /opt/stack/data/neutron/dhcp/9b1b2021-bd63-41b0-975d-0ffca4227498/opts
Oct 17 10:30:25.098768 podb-esxi207 dnsmasq-dhcp[2095376]: DHCPDISCOVER(tap393b3459-85) fa:16:3e:f8:ed:75
Oct 17 10:30:25.098794 podb-esxi207 dnsmasq-dhcp[2095376]: DHCPOFFER(tap393b3459-85) 10.1.0.10 fa:16:3e:f8:ed:75
Oct 17 10:30:25.112092 podb-esxi207 dnsmasq-dhcp[2095376]: DHCPREQUEST(tap393b3459-85) 10.1.0.10 fa:16:3e:f8:ed:75
Oct 17 10:30:25.112126 podb-esxi207 dnsmasq-dhcp[2095376]: DHCPACK(tap393b3459-85) 10.1.0.10 fa:16:3e:f8:ed:75 host-10-1-0-10
Oct 17 10:31:16.943087 podb-esxi207 dnsmasq-dhcp[2090215]: DHCPRELEASE(tapad5ff54a-3c) 10.1.0.14 fa:16:3e:ba:43:39
Oct 17 10:31:16.960824 podb-esxi207 dnsmasq-dhcp[2090215]: DHCPRELEASE(tapad5ff54a-3c) 10.1.0.14 fa:16:3e:ba:43:39 unknown lease
Oct 17 10:31:17.787052 podb-esxi207 dnsmasq[2090215]: read /opt/stack/data/neutron/dhcp/fb98bbe2-763c-42ef-9371-8882113d483b/addn_hosts - 2 names
Oct 17 10:31:17.787159 podb-esxi207 dnsmasq-dhcp[2090215]: read /opt/stack/data/neutron/dhcp/fb98bbe2-763c-42ef-9371-8882113d483b/host
Oct 17 10:31:17.787263 podb-esxi207 dnsmasq-dhcp[2090215]: read /opt/stack/data/neutron/dhcp/fb98bbe2-763c-42ef-9371-8882113d483b/opts
Oct 17 10:31:27.260239 podb-esxi207 dnsmasq[2090215]: read /opt/stack/data/neutron/dhcp/fb98bbe2-763c-42ef-9371-8882113d483b/addn_hosts - 0 names
Oct 17 10:31:27.260312 podb-esxi207 dnsmasq-dhcp[2090215]: read /opt/stack/data/neutron/dhcp/fb98bbe2-763c-42ef-9371-8882113d483b/host
Oct 17 10:31:27.260364 podb-esxi207 dnsmasq-dhcp[2090215]: read /opt/stack/data/neutron/dhcp/fb98bbe2-763c-42ef-9371-8882113d483b/opts
Oct 17 10:31:27.997671 podb-esxi207 dnsmasq[2090215]: exiting on receipt of SIGTERM
Oct 17 10:31:28.607664 podb-esxi207 dnsmasq-dhcp[2092982]: DHCPRELEASE(tap5ad36253-25) 10.1.0.1 fa:16:3e:48:e6:00
Oct 17 10:31:29.429676 podb-esxi207 dnsmasq[2092982]: read /opt/stack/data/neutron/dhcp/d1577a77-91a0-4395-8417-f9aafa48903d/addn_hosts - 0 names
Oct 17 10:31:29.429745 podb-esxi207 dnsmasq-dhcp[2092982]: read /opt/stack/data/neutron/dhcp/d1577a77-91a0-4395-8417-f9aafa48903d/host
Oct 17 10:31:29.429815 podb-esxi207 dnsmasq-dhcp[2092982]: read /opt/stack/data/neutron/dhcp/d1577a77-91a0-4395-8417-f9aafa48903d/opts
Oct 17 10:31:29.669887 podb-esxi207 dnsmasq[2092982]: exiting on receipt of SIGTERM
Oct 17 10:31:33.477467 podb-esxi207 dnsmasq[2097794]: started, version 2.90 cachesize 150
Oct 17 10:31:33.477494 podb-esxi207 dnsmasq[2097794]: DNS service limited to local subnets
Oct 17 10:31:33.477508 podb-esxi207 dnsmasq[2097794]: compile time options: IPv6 GNU-getopt DBus no-UBus i18n IDN2 DHCP DHCPv6 no-Lua TFTP conntrack ipset no-nftset auth cryptohash DNSSEC loop-detect inotify dumpfile
Oct 17 10:31:33.477548 podb-esxi207 dnsmasq-dhcp[2097794]: DHCP, static leases only on 10.1.0.0, lease time 1d
Oct 17 10:31:33.477694 podb-esxi207 dnsmasq[2097794]: reading /etc/resolv.conf
Oct 17 10:31:33.477710 podb-esxi207 dnsmasq[2097794]: using nameserver 127.0.0.53#53
Oct 17 10:31:33.477793 podb-esxi207 dnsmasq[2097794]: read /opt/stack/data/neutron/dhcp/141f6168-7347-4db2-9ac6-85deba595afd/addn_hosts - 0 names
Oct 17 10:31:33.477840 podb-esxi207 dnsmasq-dhcp[2097794]: read /opt/stack/data/neutron/dhcp/141f6168-7347-4db2-9ac6-85deba595afd/host
Oct 17 10:31:33.477894 podb-esxi207 dnsmasq-dhcp[2097794]: read /opt/stack/data/neutron/dhcp/141f6168-7347-4db2-9ac6-85deba595afd/opts
Oct 17 10:31:36.566125 podb-esxi207 dnsmasq[2098138]: started, version 2.90 cachesize 150
Oct 17 10:31:36.566151 podb-esxi207 dnsmasq[2098138]: DNS service limited to local subnets
Oct 17 10:31:36.566165 podb-esxi207 dnsmasq[2098138]: compile time options: IPv6 GNU-getopt DBus no-UBus i18n IDN2 DHCP DHCPv6 no-Lua TFTP conntrack ipset no-nftset auth cryptohash DNSSEC loop-detect inotify dumpfile
Oct 17 10:31:36.566204 podb-esxi207 dnsmasq-dhcp[2098138]: DHCP, static leases only on 10.1.0.0, lease time 1d
Oct 17 10:31:36.566348 podb-esxi207 dnsmasq[2098138]: reading /etc/resolv.conf
Oct 17 10:31:36.566365 podb-esxi207 dnsmasq[2098138]: using nameserver 127.0.0.53#53
Oct 17 10:31:36.566471 podb-esxi207 dnsmasq[2098138]: read /opt/stack/data/neutron/dhcp/d9016ddc-6e02-4da2-ab91-9ea822779007/addn_hosts - 2 names
Oct 17 10:31:36.566525 podb-esxi207 dnsmasq-dhcp[2098138]: read /opt/stack/data/neutron/dhcp/d9016ddc-6e02-4da2-ab91-9ea822779007/host
Oct 17 10:31:36.566601 podb-esxi207 dnsmasq-dhcp[2098138]: read /opt/stack/data/neutron/dhcp/d9016ddc-6e02-4da2-ab91-9ea822779007/opts
Oct 17 10:31:37.609312 podb-esxi207 dnsmasq[2097794]: read /opt/stack/data/neutron/dhcp/141f6168-7347-4db2-9ac6-85deba595afd/addn_hosts - 2 names
Oct 17 10:31:37.609408 podb-esxi207 dnsmasq-dhcp[2097794]: read /opt/stack/data/neutron/dhcp/141f6168-7347-4db2-9ac6-85deba595afd/host
Oct 17 10:31:37.609517 podb-esxi207 dnsmasq-dhcp[2097794]: read /opt/stack/data/neutron/dhcp/141f6168-7347-4db2-9ac6-85deba595afd/opts
Oct 17 10:31:38.935420 podb-esxi207 dnsmasq-dhcp[2095914]: DHCPDISCOVER(tap7f912dcc-65) fa:16:3e:a7:41:aa
Oct 17 10:31:38.935445 podb-esxi207 dnsmasq-dhcp[2095914]: DHCPOFFER(tap7f912dcc-65) 10.1.1.59 fa:16:3e:a7:41:aa
Oct 17 10:31:39.022500 podb-esxi207 dnsmasq-dhcp[2095914]: DHCPREQUEST(tap7f912dcc-65) 10.1.1.59 fa:16:3e:a7:41:aa
Oct 17 10:31:39.022528 podb-esxi207 dnsmasq-dhcp[2095914]: DHCPACK(tap7f912dcc-65) 10.1.1.59 fa:16:3e:a7:41:aa host-10-1-1-59
Oct 17 10:31:39.410175 podb-esxi207 dnsmasq-dhcp[2095914]: DHCPDISCOVER(tap7f912dcc-65) fa:16:3e:b7:ab:dc
Oct 17 10:31:39.410200 podb-esxi207 dnsmasq-dhcp[2095914]: DHCPOFFER(tap7f912dcc-65) 10.1.1.19 fa:16:3e:b7:ab:dc
Oct 17 10:31:39.413829 podb-esxi207 dnsmasq-dhcp[2095914]: DHCPREQUEST(tap7f912dcc-65) 10.1.1.19 fa:16:3e:b7:ab:dc
Oct 17 10:31:39.413856 podb-esxi207 dnsmasq-dhcp[2095914]: DHCPACK(tap7f912dcc-65) 10.1.1.19 fa:16:3e:b7:ab:dc host-10-1-1-19
Oct 17 10:31:39.579924 podb-esxi207 dnsmasq-dhcp[2096011]: DHCPDISCOVER(tapa1bdacb7-69) fa:16:3e:d8:76:2c
Oct 17 10:31:39.579952 podb-esxi207 dnsmasq-dhcp[2096011]: DHCPOFFER(tapa1bdacb7-69) 10.2.2.200 fa:16:3e:d8:76:2c
Oct 17 10:31:39.584079 podb-esxi207 dnsmasq-dhcp[2096011]: DHCPREQUEST(tapa1bdacb7-69) 10.2.2.200 fa:16:3e:d8:76:2c
Oct 17 10:31:39.584103 podb-esxi207 dnsmasq-dhcp[2096011]: DHCPACK(tapa1bdacb7-69) 10.2.2.200 fa:16:3e:d8:76:2c host-10-2-2-200
Oct 17 10:31:39.831970 podb-esxi207 dnsmasq-dhcp[2094691]: DHCPDISCOVER(tap11825016-f4) fa:16:3e:d8:e9:0a
Oct 17 10:31:39.831995 podb-esxi207 dnsmasq-dhcp[2094691]: DHCPOFFER(tap11825016-f4) 10.1.0.13 fa:16:3e:d8:e9:0a
Oct 17 10:31:39.837697 podb-esxi207 dnsmasq-dhcp[2094691]: DHCPREQUEST(tap11825016-f4) 10.1.0.13 fa:16:3e:d8:e9:0a
Oct 17 10:31:39.837727 podb-esxi207 dnsmasq-dhcp[2094691]: DHCPACK(tap11825016-f4) 10.1.0.13 fa:16:3e:d8:e9:0a host-10-1-0-13
Oct 17 10:31:40.251833 podb-esxi207 dnsmasq-dhcp[2096011]: DHCPDISCOVER(tapa1bdacb7-69) fa:16:3e:31:5e:b3
Oct 17 10:31:40.251876 podb-esxi207 dnsmasq-dhcp[2096011]: DHCPOFFER(tapa1bdacb7-69) 10.2.2.100 fa:16:3e:31:5e:b3
Oct 17 10:31:40.256228 podb-esxi207 dnsmasq-dhcp[2096011]: DHCPREQUEST(tapa1bdacb7-69) 10.2.2.100 fa:16:3e:31:5e:b3
Oct 17 10:31:40.256253 podb-esxi207 dnsmasq-dhcp[2096011]: DHCPACK(tapa1bdacb7-69) 10.2.2.100 fa:16:3e:31:5e:b3 host-10-2-2-100
Oct 17 10:31:40.728017 podb-esxi207 dnsmasq-dhcp[2095914]: DHCPDISCOVER(tap7f912dcc-65) fa:16:3e:30:a8:0a
Oct 17 10:31:40.728044 podb-esxi207 dnsmasq-dhcp[2095914]: DHCPOFFER(tap7f912dcc-65) 10.1.1.31 fa:16:3e:30:a8:0a
Oct 17 10:31:40.733784 podb-esxi207 dnsmasq-dhcp[2095914]: DHCPREQUEST(tap7f912dcc-65) 10.1.1.31 fa:16:3e:30:a8:0a
Oct 17 10:31:40.733818 podb-esxi207 dnsmasq-dhcp[2095914]: DHCPACK(tap7f912dcc-65) 10.1.1.31 fa:16:3e:30:a8:0a host-10-1-1-31
Oct 17 10:31:40.822368 podb-esxi207 dnsmasq-dhcp[2095914]: DHCPDISCOVER(tap7f912dcc-65) fa:16:3e:46:66:8d
Oct 17 10:31:40.822392 podb-esxi207 dnsmasq-dhcp[2095914]: DHCPOFFER(tap7f912dcc-65) 10.1.1.149 fa:16:3e:46:66:8d
Oct 17 10:31:40.827869 podb-esxi207 dnsmasq-dhcp[2095914]: DHCPREQUEST(tap7f912dcc-65) 10.1.1.149 fa:16:3e:46:66:8d
Oct 17 10:31:40.827899 podb-esxi207 dnsmasq-dhcp[2095914]: DHCPACK(tap7f912dcc-65) 10.1.1.149 fa:16:3e:46:66:8d host-10-1-1-149
Oct 17 10:31:40.919561 podb-esxi207 dnsmasq[2098459]: started, version 2.90 cachesize 150
Oct 17 10:31:40.919586 podb-esxi207 dnsmasq[2098459]: DNS service limited to local subnets
Oct 17 10:31:40.919600 podb-esxi207 dnsmasq[2098459]: compile time options: IPv6 GNU-getopt DBus no-UBus i18n IDN2 DHCP DHCPv6 no-Lua TFTP conntrack ipset no-nftset auth cryptohash DNSSEC loop-detect inotify dumpfile
Oct 17 10:31:40.919634 podb-esxi207 dnsmasq-dhcp[2098459]: DHCP, static leases only on 10.1.0.0, lease time 1d
Oct 17 10:31:40.919779 podb-esxi207 dnsmasq[2098459]: reading /etc/resolv.conf
Oct 17 10:31:40.919795 podb-esxi207 dnsmasq[2098459]: using nameserver 127.0.0.53#53
Oct 17 10:31:40.919893 podb-esxi207 dnsmasq[2098459]: read /opt/stack/data/neutron/dhcp/2a2ca697-07ed-45a0-92b6-20d071bcf0e8/addn_hosts - 2 names
Oct 17 10:31:40.919955 podb-esxi207 dnsmasq-dhcp[2098459]: read /opt/stack/data/neutron/dhcp/2a2ca697-07ed-45a0-92b6-20d071bcf0e8/host
Oct 17 10:31:40.920020 podb-esxi207 dnsmasq-dhcp[2098459]: read /opt/stack/data/neutron/dhcp/2a2ca697-07ed-45a0-92b6-20d071bcf0e8/opts
Oct 17 10:31:41.956795 podb-esxi207 dnsmasq[2098138]: read /opt/stack/data/neutron/dhcp/d9016ddc-6e02-4da2-ab91-9ea822779007/addn_hosts - 2 names
Oct 17 10:31:41.956874 podb-esxi207 dnsmasq-dhcp[2098138]: read /opt/stack/data/neutron/dhcp/d9016ddc-6e02-4da2-ab91-9ea822779007/host
Oct 17 10:31:41.956942 podb-esxi207 dnsmasq-dhcp[2098138]: read /opt/stack/data/neutron/dhcp/d9016ddc-6e02-4da2-ab91-9ea822779007/opts
Oct 17 10:31:42.720705 podb-esxi207 dnsmasq[2097794]: read /opt/stack/data/neutron/dhcp/141f6168-7347-4db2-9ac6-85deba595afd/addn_hosts - 2 names
Oct 17 10:31:42.720775 podb-esxi207 dnsmasq-dhcp[2097794]: read /opt/stack/data/neutron/dhcp/141f6168-7347-4db2-9ac6-85deba595afd/host
Oct 17 10:31:42.720848 podb-esxi207 dnsmasq-dhcp[2097794]: read /opt/stack/data/neutron/dhcp/141f6168-7347-4db2-9ac6-85deba595afd/opts
Oct 17 10:31:44.474779 podb-esxi207 dnsmasq[2098459]: read /opt/stack/data/neutron/dhcp/2a2ca697-07ed-45a0-92b6-20d071bcf0e8/addn_hosts - 2 names
Oct 17 10:31:44.474872 podb-esxi207 dnsmasq-dhcp[2098459]: read /opt/stack/data/neutron/dhcp/2a2ca697-07ed-45a0-92b6-20d071bcf0e8/host
Oct 17 10:31:44.474956 podb-esxi207 dnsmasq-dhcp[2098459]: read /opt/stack/data/neutron/dhcp/2a2ca697-07ed-45a0-92b6-20d071bcf0e8/opts
Oct 17 10:31:45.213334 podb-esxi207 dnsmasq[2098138]: read /opt/stack/data/neutron/dhcp/d9016ddc-6e02-4da2-ab91-9ea822779007/addn_hosts - 2 names
Oct 17 10:31:45.213432 podb-esxi207 dnsmasq-dhcp[2098138]: read /opt/stack/data/neutron/dhcp/d9016ddc-6e02-4da2-ab91-9ea822779007/host
Oct 17 10:31:45.213536 podb-esxi207 dnsmasq-dhcp[2098138]: read /opt/stack/data/neutron/dhcp/d9016ddc-6e02-4da2-ab91-9ea822779007/opts
Oct 17 10:31:45.450690 podb-esxi207 dnsmasq-dhcp[2091136]: DHCPRELEASE(tap31917d36-0b) 10.1.0.5 fa:16:3e:e1:03:3d
Oct 17 10:31:45.467087 podb-esxi207 dnsmasq-dhcp[2091136]: DHCPRELEASE(tap31917d36-0b) 10.1.0.5 fa:16:3e:e1:03:3d unknown lease
Oct 17 10:31:46.290223 podb-esxi207 dnsmasq[2091136]: read /opt/stack/data/neutron/dhcp/0cad8331-afcc-466b-a61c-9c4f3271b734/addn_hosts - 2 names
Oct 17 10:31:46.290295 podb-esxi207 dnsmasq-dhcp[2091136]: read /opt/stack/data/neutron/dhcp/0cad8331-afcc-466b-a61c-9c4f3271b734/host
Oct 17 10:31:46.290402 podb-esxi207 dnsmasq-dhcp[2091136]: read /opt/stack/data/neutron/dhcp/0cad8331-afcc-466b-a61c-9c4f3271b734/opts
Oct 17 10:31:47.027248 podb-esxi207 dnsmasq[2097794]: read /opt/stack/data/neutron/dhcp/141f6168-7347-4db2-9ac6-85deba595afd/addn_hosts - 2 names
Oct 17 10:31:47.027348 podb-esxi207 dnsmasq-dhcp[2097794]: read /opt/stack/data/neutron/dhcp/141f6168-7347-4db2-9ac6-85deba595afd/host
Oct 17 10:31:47.027451 podb-esxi207 dnsmasq-dhcp[2097794]: read /opt/stack/data/neutron/dhcp/141f6168-7347-4db2-9ac6-85deba595afd/opts
Oct 17 10:31:48.280856 podb-esxi207 dnsmasq[2098459]: read /opt/stack/data/neutron/dhcp/2a2ca697-07ed-45a0-92b6-20d071bcf0e8/addn_hosts - 2 names
Oct 17 10:31:48.280931 podb-esxi207 dnsmasq-dhcp[2098459]: read /opt/stack/data/neutron/dhcp/2a2ca697-07ed-45a0-92b6-20d071bcf0e8/host
Oct 17 10:31:48.281016 podb-esxi207 dnsmasq-dhcp[2098459]: read /opt/stack/data/neutron/dhcp/2a2ca697-07ed-45a0-92b6-20d071bcf0e8/opts
Oct 17 10:31:49.044967 podb-esxi207 dnsmasq[2098138]: read /opt/stack/data/neutron/dhcp/d9016ddc-6e02-4da2-ab91-9ea822779007/addn_hosts - 2 names
Oct 17 10:31:49.045059 podb-esxi207 dnsmasq-dhcp[2098138]: read /opt/stack/data/neutron/dhcp/d9016ddc-6e02-4da2-ab91-9ea822779007/host
Oct 17 10:31:49.045168 podb-esxi207 dnsmasq-dhcp[2098138]: read /opt/stack/data/neutron/dhcp/d9016ddc-6e02-4da2-ab91-9ea822779007/opts
Oct 17 10:31:49.302115 podb-esxi207 dnsmasq-dhcp[2091136]: DHCPRELEASE(tap31917d36-0b) 10.1.0.1 fa:16:3e:c6:dc:33
Oct 17 10:31:50.127562 podb-esxi207 dnsmasq[2091136]: read /opt/stack/data/neutron/dhcp/0cad8331-afcc-466b-a61c-9c4f3271b734/addn_hosts - 0 names
Oct 17 10:31:50.127627 podb-esxi207 dnsmasq-dhcp[2091136]: read /opt/stack/data/neutron/dhcp/0cad8331-afcc-466b-a61c-9c4f3271b734/host
Oct 17 10:31:50.127724 podb-esxi207 dnsmasq-dhcp[2091136]: read /opt/stack/data/neutron/dhcp/0cad8331-afcc-466b-a61c-9c4f3271b734/opts
Oct 17 10:31:51.395251 podb-esxi207 dnsmasq[2098459]: read /opt/stack/data/neutron/dhcp/2a2ca697-07ed-45a0-92b6-20d071bcf0e8/addn_hosts - 2 names
Oct 17 10:31:51.395371 podb-esxi207 dnsmasq-dhcp[2098459]: read /opt/stack/data/neutron/dhcp/2a2ca697-07ed-45a0-92b6-20d071bcf0e8/host
Oct 17 10:31:51.395472 podb-esxi207 dnsmasq-dhcp[2098459]: read /opt/stack/data/neutron/dhcp/2a2ca697-07ed-45a0-92b6-20d071bcf0e8/opts
Oct 17 10:31:51.665220 podb-esxi207 dnsmasq-dhcp[2093880]: DHCPRELEASE(tapef7adc91-e1) 10.1.0.1 fa:16:3e:80:09:bd
Oct 17 10:31:52.489940 podb-esxi207 dnsmasq[2093880]: read /opt/stack/data/neutron/dhcp/30352531-44e0-4ba0-86ec-76e2beed1519/addn_hosts - 0 names
Oct 17 10:31:52.490046 podb-esxi207 dnsmasq-dhcp[2093880]: read /opt/stack/data/neutron/dhcp/30352531-44e0-4ba0-86ec-76e2beed1519/host
Oct 17 10:31:52.490114 podb-esxi207 dnsmasq-dhcp[2093880]: read /opt/stack/data/neutron/dhcp/30352531-44e0-4ba0-86ec-76e2beed1519/opts
Oct 17 10:31:52.746456 podb-esxi207 dnsmasq[2091136]: exiting on receipt of SIGTERM
Oct 17 10:31:53.917891 podb-esxi207 dnsmasq-dhcp[2094531]: DHCPRELEASE(tapd9273c72-33) 10.1.0.1 fa:16:3e:01:5b:9c
Oct 17 10:31:54.741938 podb-esxi207 dnsmasq[2094531]: read /opt/stack/data/neutron/dhcp/c5480355-ad6e-499f-8541-f2df595ad6d9/addn_hosts - 0 names
Oct 17 10:31:54.742012 podb-esxi207 dnsmasq-dhcp[2094531]: read /opt/stack/data/neutron/dhcp/c5480355-ad6e-499f-8541-f2df595ad6d9/host
Oct 17 10:31:54.742083 podb-esxi207 dnsmasq-dhcp[2094531]: read /opt/stack/data/neutron/dhcp/c5480355-ad6e-499f-8541-f2df595ad6d9/opts
Oct 17 10:31:55.504048 podb-esxi207 dnsmasq[2097794]: read /opt/stack/data/neutron/dhcp/141f6168-7347-4db2-9ac6-85deba595afd/addn_hosts - 4 names
Oct 17 10:31:55.504183 podb-esxi207 dnsmasq-dhcp[2097794]: read /opt/stack/data/neutron/dhcp/141f6168-7347-4db2-9ac6-85deba595afd/host
Oct 17 10:31:55.504306 podb-esxi207 dnsmasq-dhcp[2097794]: read /opt/stack/data/neutron/dhcp/141f6168-7347-4db2-9ac6-85deba595afd/opts
Oct 17 10:31:55.763401 podb-esxi207 dnsmasq[2093880]: exiting on receipt of SIGTERM
Oct 17 10:31:56.885004 podb-esxi207 dnsmasq[2094531]: exiting on receipt of SIGTERM
Oct 17 10:31:58.008275 podb-esxi207 dnsmasq[2097794]: read /opt/stack/data/neutron/dhcp/141f6168-7347-4db2-9ac6-85deba595afd/addn_hosts - 6 names
Oct 17 10:31:58.008324 podb-esxi207 dnsmasq-dhcp[2097794]: read /opt/stack/data/neutron/dhcp/141f6168-7347-4db2-9ac6-85deba595afd/host
Oct 17 10:31:58.008351 podb-esxi207 dnsmasq-dhcp[2097794]: read /opt/stack/data/neutron/dhcp/141f6168-7347-4db2-9ac6-85deba595afd/opts
Oct 17 10:31:58.269588 podb-esxi207 dnsmasq-dhcp[2095914]: DHCPRELEASE(tap7f912dcc-65) 10.1.1.149 fa:16:3e:46:66:8d
Oct 17 10:31:58.287331 podb-esxi207 dnsmasq-dhcp[2095914]: DHCPRELEASE(tap7f912dcc-65) 10.1.1.149 fa:16:3e:46:66:8d unknown lease
Oct 17 10:31:59.122167 podb-esxi207 dnsmasq[2095914]: read /opt/stack/data/neutron/dhcp/9b1b2021-bd63-41b0-975d-0ffca4227498/addn_hosts - 6 names
Oct 17 10:31:59.122293 podb-esxi207 dnsmasq-dhcp[2095914]: read /opt/stack/data/neutron/dhcp/9b1b2021-bd63-41b0-975d-0ffca4227498/host
Oct 17 10:31:59.122387 podb-esxi207 dnsmasq-dhcp[2095914]: read /opt/stack/data/neutron/dhcp/9b1b2021-bd63-41b0-975d-0ffca4227498/opts
Oct 17 10:32:02.099748 podb-esxi207 dnsmasq[2099831]: started, version 2.90 cachesize 150
Oct 17 10:32:02.099773 podb-esxi207 dnsmasq[2099831]: DNS service limited to local subnets
Oct 17 10:32:02.099788 podb-esxi207 dnsmasq[2099831]: compile time options: IPv6 GNU-getopt DBus no-UBus i18n IDN2 DHCP DHCPv6 no-Lua TFTP conntrack ipset no-nftset auth cryptohash DNSSEC loop-detect inotify dumpfile
Oct 17 10:32:02.099825 podb-esxi207 dnsmasq-dhcp[2099831]: DHCP, static leases only on 10.1.0.0, lease time 1d
Oct 17 10:32:02.099982 podb-esxi207 dnsmasq[2099831]: reading /etc/resolv.conf
Oct 17 10:32:02.099999 podb-esxi207 dnsmasq[2099831]: using nameserver 127.0.0.53#53
Oct 17 10:32:02.100121 podb-esxi207 dnsmasq[2099831]: read /opt/stack/data/neutron/dhcp/369eaf0c-0e8e-46af-9539-39aced851da5/addn_hosts - 2 names
Oct 17 10:32:02.100176 podb-esxi207 dnsmasq-dhcp[2099831]: read /opt/stack/data/neutron/dhcp/369eaf0c-0e8e-46af-9539-39aced851da5/host
Oct 17 10:32:02.100242 podb-esxi207 dnsmasq-dhcp[2099831]: read /opt/stack/data/neutron/dhcp/369eaf0c-0e8e-46af-9539-39aced851da5/opts
Oct 17 10:32:02.635534 podb-esxi207 dnsmasq-dhcp[2094691]: DHCPRELEASE(tap11825016-f4) 10.1.0.13 fa:16:3e:d8:e9:0a
Oct 17 10:32:02.653106 podb-esxi207 dnsmasq-dhcp[2094691]: DHCPRELEASE(tap11825016-f4) 10.1.0.13 fa:16:3e:d8:e9:0a unknown lease
Oct 17 10:32:03.479168 podb-esxi207 dnsmasq[2094691]: read /opt/stack/data/neutron/dhcp/871eb934-0361-49ba-9be1-a44a501292de/addn_hosts - 2 names
Oct 17 10:32:03.479256 podb-esxi207 dnsmasq-dhcp[2094691]: read /opt/stack/data/neutron/dhcp/871eb934-0361-49ba-9be1-a44a501292de/host
Oct 17 10:32:03.479357 podb-esxi207 dnsmasq-dhcp[2094691]: read /opt/stack/data/neutron/dhcp/871eb934-0361-49ba-9be1-a44a501292de/opts
Oct 17 10:32:03.748021 podb-esxi207 dnsmasq-dhcp[2096011]: DHCPRELEASE(tapa1bdacb7-69) 10.2.2.100 fa:16:3e:31:5e:b3
Oct 17 10:32:03.766284 podb-esxi207 dnsmasq-dhcp[2096011]: DHCPRELEASE(tapa1bdacb7-69) 10.2.2.100 fa:16:3e:31:5e:b3 unknown lease
Oct 17 10:32:04.592982 podb-esxi207 dnsmasq[2096011]: read /opt/stack/data/neutron/dhcp/5b9404b5-74a8-461a-8982-5a67faff074a/addn_hosts - 2 names
Oct 17 10:32:04.593094 podb-esxi207 dnsmasq-dhcp[2096011]: read /opt/stack/data/neutron/dhcp/5b9404b5-74a8-461a-8982-5a67faff074a/host
Oct 17 10:32:04.593177 podb-esxi207 dnsmasq-dhcp[2096011]: read /opt/stack/data/neutron/dhcp/5b9404b5-74a8-461a-8982-5a67faff074a/opts
Oct 17 10:32:04.847561 podb-esxi207 dnsmasq-dhcp[2095914]: DHCPRELEASE(tap7f912dcc-65) 10.1.1.31 fa:16:3e:30:a8:0a
Oct 17 10:32:04.865025 podb-esxi207 dnsmasq-dhcp[2095914]: DHCPRELEASE(tap7f912dcc-65) 10.1.1.31 fa:16:3e:30:a8:0a unknown lease
Oct 17 10:32:05.691798 podb-esxi207 dnsmasq[2095914]: read /opt/stack/data/neutron/dhcp/9b1b2021-bd63-41b0-975d-0ffca4227498/addn_hosts - 4 names
Oct 17 10:32:05.691920 podb-esxi207 dnsmasq-dhcp[2095914]: read /opt/stack/data/neutron/dhcp/9b1b2021-bd63-41b0-975d-0ffca4227498/host
Oct 17 10:32:05.692014 podb-esxi207 dnsmasq-dhcp[2095914]: read /opt/stack/data/neutron/dhcp/9b1b2021-bd63-41b0-975d-0ffca4227498/opts
Oct 17 10:32:06.970571 podb-esxi207 dnsmasq[2099831]: read /opt/stack/data/neutron/dhcp/369eaf0c-0e8e-46af-9539-39aced851da5/addn_hosts - 4 names
Oct 17 10:32:06.970671 podb-esxi207 dnsmasq-dhcp[2099831]: read /opt/stack/data/neutron/dhcp/369eaf0c-0e8e-46af-9539-39aced851da5/host
Oct 17 10:32:06.970770 podb-esxi207 dnsmasq-dhcp[2099831]: read /opt/stack/data/neutron/dhcp/369eaf0c-0e8e-46af-9539-39aced851da5/opts
Oct 17 10:32:07.733582 podb-esxi207 dnsmasq-dhcp[2096011]: DHCPRELEASE(tapa1bdacb7-69) 10.2.2.200 fa:16:3e:d8:76:2c
Oct 17 10:32:07.748415 podb-esxi207 dnsmasq-dhcp[2096011]: DHCPRELEASE(tapa1bdacb7-69) 10.2.2.200 fa:16:3e:d8:76:2c unknown lease
Oct 17 10:32:08.569763 podb-esxi207 dnsmasq[2096011]: read /opt/stack/data/neutron/dhcp/5b9404b5-74a8-461a-8982-5a67faff074a/addn_hosts - 0 names
Oct 17 10:32:08.569856 podb-esxi207 dnsmasq-dhcp[2096011]: read /opt/stack/data/neutron/dhcp/5b9404b5-74a8-461a-8982-5a67faff074a/host
Oct 17 10:32:08.569954 podb-esxi207 dnsmasq-dhcp[2096011]: read /opt/stack/data/neutron/dhcp/5b9404b5-74a8-461a-8982-5a67faff074a/opts
Oct 17 10:32:09.299064 podb-esxi207 dnsmasq[2099831]: read /opt/stack/data/neutron/dhcp/369eaf0c-0e8e-46af-9539-39aced851da5/addn_hosts - 4 names
Oct 17 10:32:09.299178 podb-esxi207 dnsmasq-dhcp[2099831]: read /opt/stack/data/neutron/dhcp/369eaf0c-0e8e-46af-9539-39aced851da5/host
Oct 17 10:32:09.299293 podb-esxi207 dnsmasq-dhcp[2099831]: read /opt/stack/data/neutron/dhcp/369eaf0c-0e8e-46af-9539-39aced851da5/opts
Oct 17 10:32:10.563248 podb-esxi207 dnsmasq[2099831]: read /opt/stack/data/neutron/dhcp/369eaf0c-0e8e-46af-9539-39aced851da5/addn_hosts - 4 names
Oct 17 10:32:10.563356 podb-esxi207 dnsmasq-dhcp[2099831]: read /opt/stack/data/neutron/dhcp/369eaf0c-0e8e-46af-9539-39aced851da5/host
Oct 17 10:32:10.563462 podb-esxi207 dnsmasq-dhcp[2099831]: read /opt/stack/data/neutron/dhcp/369eaf0c-0e8e-46af-9539-39aced851da5/opts
Oct 17 10:32:11.809564 podb-esxi207 dnsmasq[2099831]: read /opt/stack/data/neutron/dhcp/369eaf0c-0e8e-46af-9539-39aced851da5/addn_hosts - 4 names
Oct 17 10:32:11.809670 podb-esxi207 dnsmasq-dhcp[2099831]: read /opt/stack/data/neutron/dhcp/369eaf0c-0e8e-46af-9539-39aced851da5/host
Oct 17 10:32:11.809777 podb-esxi207 dnsmasq-dhcp[2099831]: read /opt/stack/data/neutron/dhcp/369eaf0c-0e8e-46af-9539-39aced851da5/opts
Oct 17 10:32:18.556144 podb-esxi207 dnsmasq-dhcp[2097794]: DHCPDISCOVER(tap0d13b183-b5) fa:16:3e:3d:73:1d
Oct 17 10:32:18.556174 podb-esxi207 dnsmasq-dhcp[2097794]: DHCPOFFER(tap0d13b183-b5) 10.1.0.8 fa:16:3e:3d:73:1d
Oct 17 10:32:18.566660 podb-esxi207 dnsmasq-dhcp[2097794]: DHCPREQUEST(tap0d13b183-b5) 10.1.0.8 fa:16:3e:3d:73:1d
Oct 17 10:32:18.566694 podb-esxi207 dnsmasq-dhcp[2097794]: DHCPACK(tap0d13b183-b5) 10.1.0.8 fa:16:3e:3d:73:1d host-10-1-0-8
Oct 17 10:32:21.917063 podb-esxi207 dnsmasq-dhcp[2097794]: DHCPDISCOVER(tap0d13b183-b5) fa:16:3e:45:36:96
Oct 17 10:32:21.917092 podb-esxi207 dnsmasq-dhcp[2097794]: DHCPOFFER(tap0d13b183-b5) 10.1.0.7 fa:16:3e:45:36:96
Oct 17 10:32:21.925293 podb-esxi207 dnsmasq-dhcp[2097794]: DHCPREQUEST(tap0d13b183-b5) 10.1.0.7 fa:16:3e:45:36:96
Oct 17 10:32:21.925321 podb-esxi207 dnsmasq-dhcp[2097794]: DHCPACK(tap0d13b183-b5) 10.1.0.7 fa:16:3e:45:36:96 host-10-1-0-7
Oct 17 10:32:26.042115 podb-esxi207 dnsmasq-dhcp[2099831]: DHCPDISCOVER(tapa8c1293f-5f) fa:16:3e:be:ba:91
Oct 17 10:32:26.042141 podb-esxi207 dnsmasq-dhcp[2099831]: DHCPOFFER(tapa8c1293f-5f) 10.1.0.14 fa:16:3e:be:ba:91
Oct 17 10:32:26.060947 podb-esxi207 dnsmasq-dhcp[2099831]: DHCPREQUEST(tapa8c1293f-5f) 10.1.0.14 fa:16:3e:be:ba:91
Oct 17 10:32:26.060978 podb-esxi207 dnsmasq-dhcp[2099831]: DHCPACK(tapa8c1293f-5f) 10.1.0.14 fa:16:3e:be:ba:91 host-10-1-0-14
Oct 17 10:32:38.806460 podb-esxi207 dnsmasq-dhcp[2095914]: DHCPRELEASE(tap7f912dcc-65) 10.1.1.59 fa:16:3e:a7:41:aa
Oct 17 10:32:38.823932 podb-esxi207 dnsmasq-dhcp[2095914]: DHCPRELEASE(tap7f912dcc-65) 10.1.1.59 fa:16:3e:a7:41:aa unknown lease
Oct 17 10:32:39.649365 podb-esxi207 dnsmasq[2095914]: read /opt/stack/data/neutron/dhcp/9b1b2021-bd63-41b0-975d-0ffca4227498/addn_hosts - 2 names
Oct 17 10:32:39.649475 podb-esxi207 dnsmasq-dhcp[2095914]: read /opt/stack/data/neutron/dhcp/9b1b2021-bd63-41b0-975d-0ffca4227498/host
Oct 17 10:32:39.649523 podb-esxi207 dnsmasq-dhcp[2095914]: read /opt/stack/data/neutron/dhcp/9b1b2021-bd63-41b0-975d-0ffca4227498/opts
Oct 17 10:32:40.410388 podb-esxi207 dnsmasq[2096011]: exiting on receipt of SIGTERM
Oct 17 10:32:41.525364 podb-esxi207 dnsmasq[2095914]: exiting on receipt of SIGTERM
Oct 17 10:32:55.542967 podb-esxi207 dnsmasq-dhcp[2099831]: DHCPRELEASE(tapa8c1293f-5f) 10.1.0.14 fa:16:3e:be:ba:91
Oct 17 10:32:55.559542 podb-esxi207 dnsmasq-dhcp[2099831]: DHCPRELEASE(tapa8c1293f-5f) 10.1.0.14 fa:16:3e:be:ba:91 unknown lease
Oct 17 10:32:56.385521 podb-esxi207 dnsmasq[2099831]: read /opt/stack/data/neutron/dhcp/369eaf0c-0e8e-46af-9539-39aced851da5/addn_hosts - 2 names
Oct 17 10:32:56.385567 podb-esxi207 dnsmasq-dhcp[2099831]: read /opt/stack/data/neutron/dhcp/369eaf0c-0e8e-46af-9539-39aced851da5/host
Oct 17 10:32:56.385597 podb-esxi207 dnsmasq-dhcp[2099831]: read /opt/stack/data/neutron/dhcp/369eaf0c-0e8e-46af-9539-39aced851da5/opts
Oct 17 10:33:02.443167 podb-esxi207 dnsmasq-dhcp[2095376]: DHCPRELEASE(tap393b3459-85) 10.1.0.10 fa:16:3e:f8:ed:75
Oct 17 10:33:02.460217 podb-esxi207 dnsmasq-dhcp[2095376]: DHCPRELEASE(tap393b3459-85) 10.1.0.10 fa:16:3e:f8:ed:75 unknown lease
Oct 17 10:33:03.284741 podb-esxi207 dnsmasq[2095376]: read /opt/stack/data/neutron/dhcp/af22d929-85d3-44d6-8b57-2a502acdcaf3/addn_hosts - 2 names
Oct 17 10:33:03.284847 podb-esxi207 dnsmasq-dhcp[2095376]: read /opt/stack/data/neutron/dhcp/af22d929-85d3-44d6-8b57-2a502acdcaf3/host
Oct 17 10:33:03.284961 podb-esxi207 dnsmasq-dhcp[2095376]: read /opt/stack/data/neutron/dhcp/af22d929-85d3-44d6-8b57-2a502acdcaf3/opts
Oct 17 10:33:03.550404 podb-esxi207 dnsmasq-dhcp[2094691]: DHCPRELEASE(tap11825016-f4) 10.1.0.1 fa:16:3e:53:13:17
Oct 17 10:33:04.371570 podb-esxi207 dnsmasq[2094691]: read /opt/stack/data/neutron/dhcp/871eb934-0361-49ba-9be1-a44a501292de/addn_hosts - 0 names
Oct 17 10:33:04.371659 podb-esxi207 dnsmasq-dhcp[2094691]: read /opt/stack/data/neutron/dhcp/871eb934-0361-49ba-9be1-a44a501292de/host
Oct 17 10:33:04.371744 podb-esxi207 dnsmasq-dhcp[2094691]: read /opt/stack/data/neutron/dhcp/871eb934-0361-49ba-9be1-a44a501292de/opts
Oct 17 10:33:04.631718 podb-esxi207 dnsmasq[2094691]: exiting on receipt of SIGTERM
Oct 17 10:33:05.251568 podb-esxi207 dnsmasq-dhcp[2094775]: DHCPRELEASE(tap6d1558fe-90) 10.1.0.1 fa:16:3e:e5:41:21
Oct 17 10:33:06.075753 podb-esxi207 dnsmasq[2094775]: read /opt/stack/data/neutron/dhcp/704fbee8-342d-4f28-9316-8e97dd32e74f/addn_hosts - 0 names
Oct 17 10:33:06.075812 podb-esxi207 dnsmasq-dhcp[2094775]: read /opt/stack/data/neutron/dhcp/704fbee8-342d-4f28-9316-8e97dd32e74f/host
Oct 17 10:33:06.075856 podb-esxi207 dnsmasq-dhcp[2094775]: read /opt/stack/data/neutron/dhcp/704fbee8-342d-4f28-9316-8e97dd32e74f/opts
Oct 17 10:33:06.841573 podb-esxi207 dnsmasq[2094775]: exiting on receipt of SIGTERM
Oct 17 10:33:11.649763 podb-esxi207 dnsmasq[2101515]: started, version 2.90 cachesize 150
Oct 17 10:33:11.649786 podb-esxi207 dnsmasq[2101515]: DNS service limited to local subnets
Oct 17 10:33:11.649800 podb-esxi207 dnsmasq[2101515]: compile time options: IPv6 GNU-getopt DBus no-UBus i18n IDN2 DHCP DHCPv6 no-Lua TFTP conntrack ipset no-nftset auth cryptohash DNSSEC loop-detect inotify dumpfile
Oct 17 10:33:11.649836 podb-esxi207 dnsmasq-dhcp[2101515]: DHCP, static leases only on 10.1.0.0, lease time 1d
Oct 17 10:33:11.649991 podb-esxi207 dnsmasq[2101515]: reading /etc/resolv.conf
Oct 17 10:33:11.650008 podb-esxi207 dnsmasq[2101515]: using nameserver 127.0.0.53#53
Oct 17 10:33:11.650107 podb-esxi207 dnsmasq[2101515]: read /opt/stack/data/neutron/dhcp/63ec1078-36c1-4d8c-ab59-cbceea3cdef0/addn_hosts - 0 names
Oct 17 10:33:11.650158 podb-esxi207 dnsmasq-dhcp[2101515]: read /opt/stack/data/neutron/dhcp/63ec1078-36c1-4d8c-ab59-cbceea3cdef0/host
Oct 17 10:33:11.650216 podb-esxi207 dnsmasq-dhcp[2101515]: read /opt/stack/data/neutron/dhcp/63ec1078-36c1-4d8c-ab59-cbceea3cdef0/opts
Oct 17 10:33:13.200273 podb-esxi207 dnsmasq[2101515]: read /opt/stack/data/neutron/dhcp/63ec1078-36c1-4d8c-ab59-cbceea3cdef0/addn_hosts - 2 names
Oct 17 10:33:13.200407 podb-esxi207 dnsmasq-dhcp[2101515]: read /opt/stack/data/neutron/dhcp/63ec1078-36c1-4d8c-ab59-cbceea3cdef0/host
Oct 17 10:33:13.200518 podb-esxi207 dnsmasq-dhcp[2101515]: read /opt/stack/data/neutron/dhcp/63ec1078-36c1-4d8c-ab59-cbceea3cdef0/opts
Oct 17 10:33:13.976915 podb-esxi207 dnsmasq-dhcp[2099831]: DHCPRELEASE(tapa8c1293f-5f) 10.1.0.1 fa:16:3e:67:4a:69
Oct 17 10:33:14.803147 podb-esxi207 dnsmasq[2099831]: read /opt/stack/data/neutron/dhcp/369eaf0c-0e8e-46af-9539-39aced851da5/addn_hosts - 0 names
Oct 17 10:33:14.803267 podb-esxi207 dnsmasq-dhcp[2099831]: read /opt/stack/data/neutron/dhcp/369eaf0c-0e8e-46af-9539-39aced851da5/host
Oct 17 10:33:14.803375 podb-esxi207 dnsmasq-dhcp[2099831]: read /opt/stack/data/neutron/dhcp/369eaf0c-0e8e-46af-9539-39aced851da5/opts
Oct 17 10:33:15.564767 podb-esxi207 dnsmasq[2101515]: read /opt/stack/data/neutron/dhcp/63ec1078-36c1-4d8c-ab59-cbceea3cdef0/addn_hosts - 2 names
Oct 17 10:33:15.564877 podb-esxi207 dnsmasq-dhcp[2101515]: read /opt/stack/data/neutron/dhcp/63ec1078-36c1-4d8c-ab59-cbceea3cdef0/host
Oct 17 10:33:15.564952 podb-esxi207 dnsmasq-dhcp[2101515]: read /opt/stack/data/neutron/dhcp/63ec1078-36c1-4d8c-ab59-cbceea3cdef0/opts
Oct 17 10:33:16.326671 podb-esxi207 dnsmasq[2099831]: exiting on receipt of SIGTERM
Oct 17 10:33:17.444948 podb-esxi207 dnsmasq[2101515]: read /opt/stack/data/neutron/dhcp/63ec1078-36c1-4d8c-ab59-cbceea3cdef0/addn_hosts - 2 names
Oct 17 10:33:17.445028 podb-esxi207 dnsmasq-dhcp[2101515]: read /opt/stack/data/neutron/dhcp/63ec1078-36c1-4d8c-ab59-cbceea3cdef0/host
Oct 17 10:33:17.445099 podb-esxi207 dnsmasq-dhcp[2101515]: read /opt/stack/data/neutron/dhcp/63ec1078-36c1-4d8c-ab59-cbceea3cdef0/opts
Oct 17 10:33:20.899748 podb-esxi207 dnsmasq[2101954]: started, version 2.90 cachesize 150
Oct 17 10:33:20.899773 podb-esxi207 dnsmasq[2101954]: DNS service limited to local subnets
Oct 17 10:33:20.899788 podb-esxi207 dnsmasq[2101954]: compile time options: IPv6 GNU-getopt DBus no-UBus i18n IDN2 DHCP DHCPv6 no-Lua TFTP conntrack ipset no-nftset auth cryptohash DNSSEC loop-detect inotify dumpfile
Oct 17 10:33:20.899835 podb-esxi207 dnsmasq-dhcp[2101954]: DHCP, static leases only on 10.1.0.0, lease time 1d
Oct 17 10:33:20.899985 podb-esxi207 dnsmasq[2101954]: reading /etc/resolv.conf
Oct 17 10:33:20.900002 podb-esxi207 dnsmasq[2101954]: using nameserver 127.0.0.53#53
Oct 17 10:33:20.900120 podb-esxi207 dnsmasq[2101954]: read /opt/stack/data/neutron/dhcp/43e44a19-5243-4bf7-b6f1-f8fa5e0834ad/addn_hosts - 2 names
Oct 17 10:33:20.900185 podb-esxi207 dnsmasq-dhcp[2101954]: read /opt/stack/data/neutron/dhcp/43e44a19-5243-4bf7-b6f1-f8fa5e0834ad/host
Oct 17 10:33:20.900251 podb-esxi207 dnsmasq-dhcp[2101954]: read /opt/stack/data/neutron/dhcp/43e44a19-5243-4bf7-b6f1-f8fa5e0834ad/opts
Oct 17 10:33:21.434808 podb-esxi207 dnsmasq[2101515]: read /opt/stack/data/neutron/dhcp/63ec1078-36c1-4d8c-ab59-cbceea3cdef0/addn_hosts - 4 names
Oct 17 10:33:21.434912 podb-esxi207 dnsmasq-dhcp[2101515]: read /opt/stack/data/neutron/dhcp/63ec1078-36c1-4d8c-ab59-cbceea3cdef0/host
Oct 17 10:33:21.434992 podb-esxi207 dnsmasq-dhcp[2101515]: read /opt/stack/data/neutron/dhcp/63ec1078-36c1-4d8c-ab59-cbceea3cdef0/opts
Oct 17 10:33:24.958136 podb-esxi207 dnsmasq[2102357]: started, version 2.90 cachesize 150
Oct 17 10:33:24.958165 podb-esxi207 dnsmasq[2102357]: DNS service limited to local subnets
Oct 17 10:33:24.958179 podb-esxi207 dnsmasq[2102357]: compile time options: IPv6 GNU-getopt DBus no-UBus i18n IDN2 DHCP DHCPv6 no-Lua TFTP conntrack ipset no-nftset auth cryptohash DNSSEC loop-detect inotify dumpfile
Oct 17 10:33:24.958215 podb-esxi207 dnsmasq-dhcp[2102357]: DHCP, static leases only on 10.1.0.0, lease time 1d
Oct 17 10:33:24.958371 podb-esxi207 dnsmasq[2102357]: reading /etc/resolv.conf
Oct 17 10:33:24.958389 podb-esxi207 dnsmasq[2102357]: using nameserver 127.0.0.53#53
Oct 17 10:33:24.958506 podb-esxi207 dnsmasq[2102357]: read /opt/stack/data/neutron/dhcp/5309b92e-2afd-46ba-a630-62754def26be/addn_hosts - 2 names
Oct 17 10:33:24.958570 podb-esxi207 dnsmasq-dhcp[2102357]: read /opt/stack/data/neutron/dhcp/5309b92e-2afd-46ba-a630-62754def26be/host
Oct 17 10:33:24.958639 podb-esxi207 dnsmasq-dhcp[2102357]: read /opt/stack/data/neutron/dhcp/5309b92e-2afd-46ba-a630-62754def26be/opts
Oct 17 10:33:25.999096 podb-esxi207 dnsmasq[2101954]: read /opt/stack/data/neutron/dhcp/43e44a19-5243-4bf7-b6f1-f8fa5e0834ad/addn_hosts - 2 names
Oct 17 10:33:25.999204 podb-esxi207 dnsmasq-dhcp[2101954]: read /opt/stack/data/neutron/dhcp/43e44a19-5243-4bf7-b6f1-f8fa5e0834ad/host
Oct 17 10:33:25.999295 podb-esxi207 dnsmasq-dhcp[2101954]: read /opt/stack/data/neutron/dhcp/43e44a19-5243-4bf7-b6f1-f8fa5e0834ad/opts
Oct 17 10:33:27.778377 podb-esxi207 dnsmasq[2102357]: read /opt/stack/data/neutron/dhcp/5309b92e-2afd-46ba-a630-62754def26be/addn_hosts - 2 names
Oct 17 10:33:27.778474 podb-esxi207 dnsmasq-dhcp[2102357]: read /opt/stack/data/neutron/dhcp/5309b92e-2afd-46ba-a630-62754def26be/host
Oct 17 10:33:27.778579 podb-esxi207 dnsmasq-dhcp[2102357]: read /opt/stack/data/neutron/dhcp/5309b92e-2afd-46ba-a630-62754def26be/opts
Oct 17 10:33:28.534674 podb-esxi207 dnsmasq[2101954]: read /opt/stack/data/neutron/dhcp/43e44a19-5243-4bf7-b6f1-f8fa5e0834ad/addn_hosts - 2 names
Oct 17 10:33:28.534771 podb-esxi207 dnsmasq-dhcp[2101954]: read /opt/stack/data/neutron/dhcp/43e44a19-5243-4bf7-b6f1-f8fa5e0834ad/host
Oct 17 10:33:28.534881 podb-esxi207 dnsmasq-dhcp[2101954]: read /opt/stack/data/neutron/dhcp/43e44a19-5243-4bf7-b6f1-f8fa5e0834ad/opts
Oct 17 10:33:29.802939 podb-esxi207 dnsmasq[2102357]: read /opt/stack/data/neutron/dhcp/5309b92e-2afd-46ba-a630-62754def26be/addn_hosts - 2 names
Oct 17 10:33:29.803031 podb-esxi207 dnsmasq-dhcp[2102357]: read /opt/stack/data/neutron/dhcp/5309b92e-2afd-46ba-a630-62754def26be/host
Oct 17 10:33:29.803140 podb-esxi207 dnsmasq-dhcp[2102357]: read /opt/stack/data/neutron/dhcp/5309b92e-2afd-46ba-a630-62754def26be/opts
Oct 17 10:33:30.557854 podb-esxi207 dnsmasq[2101954]: read /opt/stack/data/neutron/dhcp/43e44a19-5243-4bf7-b6f1-f8fa5e0834ad/addn_hosts - 2 names
Oct 17 10:33:30.557967 podb-esxi207 dnsmasq-dhcp[2101954]: read /opt/stack/data/neutron/dhcp/43e44a19-5243-4bf7-b6f1-f8fa5e0834ad/host
Oct 17 10:33:30.558082 podb-esxi207 dnsmasq-dhcp[2101954]: read /opt/stack/data/neutron/dhcp/43e44a19-5243-4bf7-b6f1-f8fa5e0834ad/opts
Oct 17 10:33:31.814282 podb-esxi207 dnsmasq[2102357]: read /opt/stack/data/neutron/dhcp/5309b92e-2afd-46ba-a630-62754def26be/addn_hosts - 2 names
Oct 17 10:33:31.814393 podb-esxi207 dnsmasq-dhcp[2102357]: read /opt/stack/data/neutron/dhcp/5309b92e-2afd-46ba-a630-62754def26be/host
Oct 17 10:33:31.814498 podb-esxi207 dnsmasq-dhcp[2102357]: read /opt/stack/data/neutron/dhcp/5309b92e-2afd-46ba-a630-62754def26be/opts
Oct 17 10:33:33.357587 podb-esxi207 dnsmasq-dhcp[2095376]: DHCPRELEASE(tap393b3459-85) 10.1.0.1 fa:16:3e:99:d0:bb
Oct 17 10:33:34.180714 podb-esxi207 dnsmasq[2095376]: read /opt/stack/data/neutron/dhcp/af22d929-85d3-44d6-8b57-2a502acdcaf3/addn_hosts - 0 names
Oct 17 10:33:34.180794 podb-esxi207 dnsmasq-dhcp[2095376]: read /opt/stack/data/neutron/dhcp/af22d929-85d3-44d6-8b57-2a502acdcaf3/host
Oct 17 10:33:34.180850 podb-esxi207 dnsmasq-dhcp[2095376]: read /opt/stack/data/neutron/dhcp/af22d929-85d3-44d6-8b57-2a502acdcaf3/opts
Oct 17 10:33:34.415911 podb-esxi207 dnsmasq[2095376]: exiting on receipt of SIGTERM
Oct 17 10:33:38.578881 podb-esxi207 dnsmasq[2102648]: started, version 2.90 cachesize 150
Oct 17 10:33:38.578905 podb-esxi207 dnsmasq[2102648]: DNS service limited to local subnets
Oct 17 10:33:38.578920 podb-esxi207 dnsmasq[2102648]: compile time options: IPv6 GNU-getopt DBus no-UBus i18n IDN2 DHCP DHCPv6 no-Lua TFTP conntrack ipset no-nftset auth cryptohash DNSSEC loop-detect inotify dumpfile
Oct 17 10:33:38.578954 podb-esxi207 dnsmasq-dhcp[2102648]: DHCP, static leases only on 10.1.0.0, lease time 1d
Oct 17 10:33:38.579101 podb-esxi207 dnsmasq[2102648]: reading /etc/resolv.conf
Oct 17 10:33:38.579117 podb-esxi207 dnsmasq[2102648]: using nameserver 127.0.0.53#53
Oct 17 10:33:38.579199 podb-esxi207 dnsmasq[2102648]: read /opt/stack/data/neutron/dhcp/9e527faa-8321-415e-b27d-36292273ee29/addn_hosts - 0 names
Oct 17 10:33:38.579247 podb-esxi207 dnsmasq-dhcp[2102648]: read /opt/stack/data/neutron/dhcp/9e527faa-8321-415e-b27d-36292273ee29/host
Oct 17 10:33:38.579309 podb-esxi207 dnsmasq-dhcp[2102648]: read /opt/stack/data/neutron/dhcp/9e527faa-8321-415e-b27d-36292273ee29/opts
Oct 17 10:33:40.119303 podb-esxi207 dnsmasq[2102648]: read /opt/stack/data/neutron/dhcp/9e527faa-8321-415e-b27d-36292273ee29/addn_hosts - 2 names
Oct 17 10:33:40.119384 podb-esxi207 dnsmasq-dhcp[2102648]: read /opt/stack/data/neutron/dhcp/9e527faa-8321-415e-b27d-36292273ee29/host
Oct 17 10:33:40.119468 podb-esxi207 dnsmasq-dhcp[2102648]: read /opt/stack/data/neutron/dhcp/9e527faa-8321-415e-b27d-36292273ee29/opts
Oct 17 10:33:41.367997 podb-esxi207 dnsmasq[2102648]: read /opt/stack/data/neutron/dhcp/9e527faa-8321-415e-b27d-36292273ee29/addn_hosts - 2 names
Oct 17 10:33:41.368092 podb-esxi207 dnsmasq-dhcp[2102648]: read /opt/stack/data/neutron/dhcp/9e527faa-8321-415e-b27d-36292273ee29/host
Oct 17 10:33:41.368193 podb-esxi207 dnsmasq-dhcp[2102648]: read /opt/stack/data/neutron/dhcp/9e527faa-8321-415e-b27d-36292273ee29/opts
Oct 17 10:33:43.113834 podb-esxi207 dnsmasq[2102648]: read /opt/stack/data/neutron/dhcp/9e527faa-8321-415e-b27d-36292273ee29/addn_hosts - 2 names
