Oct 17 10:58:24.145075 podb-esxi207 dnsmasq-dhcp[2130080]: read /opt/stack/data/neutron/dhcp/657e8b6a-94f8-4c5a-ad9e-db563623f56d/host
Oct 17 10:58:24.145149 podb-esxi207 dnsmasq-dhcp[2130080]: read /opt/stack/data/neutron/dhcp/657e8b6a-94f8-4c5a-ad9e-db563623f56d/opts
Oct 17 10:58:25.397825 podb-esxi207 dnsmasq[2130469]: read /opt/stack/data/neutron/dhcp/f1875f86-9b0d-4901-ad7d-85c9de27b2a8/addn_hosts - 2 names
Oct 17 10:58:25.397930 podb-esxi207 dnsmasq-dhcp[2130469]: read /opt/stack/data/neutron/dhcp/f1875f86-9b0d-4901-ad7d-85c9de27b2a8/host
Oct 17 10:58:25.398040 podb-esxi207 dnsmasq-dhcp[2130469]: read /opt/stack/data/neutron/dhcp/f1875f86-9b0d-4901-ad7d-85c9de27b2a8/opts
Oct 17 10:58:26.660579 podb-esxi207 dnsmasq[2130469]: read /opt/stack/data/neutron/dhcp/f1875f86-9b0d-4901-ad7d-85c9de27b2a8/addn_hosts - 2 names
Oct 17 10:58:26.660691 podb-esxi207 dnsmasq-dhcp[2130469]: read /opt/stack/data/neutron/dhcp/f1875f86-9b0d-4901-ad7d-85c9de27b2a8/host
Oct 17 10:58:26.660798 podb-esxi207 dnsmasq-dhcp[2130469]: read /opt/stack/data/neutron/dhcp/f1875f86-9b0d-4901-ad7d-85c9de27b2a8/opts
Oct 17 10:58:34.602408 podb-esxi207 dnsmasq[2130469]: read /opt/stack/data/neutron/dhcp/f1875f86-9b0d-4901-ad7d-85c9de27b2a8/addn_hosts - 4 names
Oct 17 10:58:34.602530 podb-esxi207 dnsmasq-dhcp[2130469]: read /opt/stack/data/neutron/dhcp/f1875f86-9b0d-4901-ad7d-85c9de27b2a8/host
Oct 17 10:58:34.602637 podb-esxi207 dnsmasq-dhcp[2130469]: read /opt/stack/data/neutron/dhcp/f1875f86-9b0d-4901-ad7d-85c9de27b2a8/opts
Oct 17 10:58:45.147146 podb-esxi207 dnsmasq-dhcp[2129335]: DHCPDISCOVER(tapa4d7a4e7-3f) fa:16:3e:4b:d0:c3
Oct 17 10:58:45.147170 podb-esxi207 dnsmasq-dhcp[2129335]: DHCPOFFER(tapa4d7a4e7-3f) 10.1.0.3 fa:16:3e:4b:d0:c3
Oct 17 10:58:45.157786 podb-esxi207 dnsmasq-dhcp[2129335]: DHCPREQUEST(tapa4d7a4e7-3f) 10.1.0.3 fa:16:3e:4b:d0:c3
Oct 17 10:58:45.157816 podb-esxi207 dnsmasq-dhcp[2129335]: DHCPACK(tapa4d7a4e7-3f) 10.1.0.3 fa:16:3e:4b:d0:c3 host-10-1-0-3
Oct 17 10:58:48.285480 podb-esxi207 dnsmasq[2130469]: read /opt/stack/data/neutron/dhcp/f1875f86-9b0d-4901-ad7d-85c9de27b2a8/addn_hosts - 2 names
Oct 17 10:58:48.285598 podb-esxi207 dnsmasq-dhcp[2130469]: read /opt/stack/data/neutron/dhcp/f1875f86-9b0d-4901-ad7d-85c9de27b2a8/host
Oct 17 10:58:48.285698 podb-esxi207 dnsmasq-dhcp[2130469]: read /opt/stack/data/neutron/dhcp/f1875f86-9b0d-4901-ad7d-85c9de27b2a8/opts
Oct 17 10:58:58.293949 podb-esxi207 dnsmasq[2130469]: read /opt/stack/data/neutron/dhcp/f1875f86-9b0d-4901-ad7d-85c9de27b2a8/addn_hosts - 4 names
Oct 17 10:58:58.294060 podb-esxi207 dnsmasq-dhcp[2130469]: read /opt/stack/data/neutron/dhcp/f1875f86-9b0d-4901-ad7d-85c9de27b2a8/host
Oct 17 10:58:58.294171 podb-esxi207 dnsmasq-dhcp[2130469]: read /opt/stack/data/neutron/dhcp/f1875f86-9b0d-4901-ad7d-85c9de27b2a8/opts
Oct 17 10:58:59.044104 podb-esxi207 dnsmasq-dhcp[2124609]: DHCPRELEASE(tapc6e3014b-12) 10.1.0.10 fa:16:3e:b9:2d:18
Oct 17 10:58:59.060833 podb-esxi207 dnsmasq-dhcp[2124609]: DHCPRELEASE(tapc6e3014b-12) 10.1.0.10 fa:16:3e:b9:2d:18 unknown lease
Oct 17 10:58:59.885687 podb-esxi207 dnsmasq[2124609]: read /opt/stack/data/neutron/dhcp/4d8d2cde-10bf-4dad-b619-6152d85e3dcf/addn_hosts - 2 names
Oct 17 10:58:59.885793 podb-esxi207 dnsmasq-dhcp[2124609]: read /opt/stack/data/neutron/dhcp/4d8d2cde-10bf-4dad-b619-6152d85e3dcf/host
Oct 17 10:58:59.885901 podb-esxi207 dnsmasq-dhcp[2124609]: read /opt/stack/data/neutron/dhcp/4d8d2cde-10bf-4dad-b619-6152d85e3dcf/opts
Oct 17 10:59:12.170127 podb-esxi207 dnsmasq[2130469]: read /opt/stack/data/neutron/dhcp/f1875f86-9b0d-4901-ad7d-85c9de27b2a8/addn_hosts - 2 names
Oct 17 10:59:12.170249 podb-esxi207 dnsmasq-dhcp[2130469]: read /opt/stack/data/neutron/dhcp/f1875f86-9b0d-4901-ad7d-85c9de27b2a8/host
Oct 17 10:59:12.170357 podb-esxi207 dnsmasq-dhcp[2130469]: read /opt/stack/data/neutron/dhcp/f1875f86-9b0d-4901-ad7d-85c9de27b2a8/opts
Oct 17 10:59:19.029411 podb-esxi207 dnsmasq[2124609]: read /opt/stack/data/neutron/dhcp/4d8d2cde-10bf-4dad-b619-6152d85e3dcf/addn_hosts - 0 names
Oct 17 10:59:19.029479 podb-esxi207 dnsmasq-dhcp[2124609]: read /opt/stack/data/neutron/dhcp/4d8d2cde-10bf-4dad-b619-6152d85e3dcf/host
Oct 17 10:59:19.029537 podb-esxi207 dnsmasq-dhcp[2124609]: read /opt/stack/data/neutron/dhcp/4d8d2cde-10bf-4dad-b619-6152d85e3dcf/opts
Oct 17 10:59:19.859890 podb-esxi207 dnsmasq[2124609]: exiting on receipt of SIGTERM
Oct 17 10:59:41.753752 podb-esxi207 dnsmasq[2007682]: read /opt/stack/data/neutron/dhcp/6ba40612-9acc-43ec-acb5-559f70777d4a/addn_hosts - 2 names
Oct 17 10:59:41.753851 podb-esxi207 dnsmasq-dhcp[2007682]: read /opt/stack/data/neutron/dhcp/6ba40612-9acc-43ec-acb5-559f70777d4a/host
Oct 17 10:59:41.753899 podb-esxi207 dnsmasq-dhcp[2007682]: read /opt/stack/data/neutron/dhcp/6ba40612-9acc-43ec-acb5-559f70777d4a/opts
Oct 17 11:00:53.984954 podb-esxi207 dnsmasq[2007682]: read /opt/stack/data/neutron/dhcp/6ba40612-9acc-43ec-acb5-559f70777d4a/addn_hosts - 0 names
Oct 17 11:00:53.985024 podb-esxi207 dnsmasq-dhcp[2007682]: read /opt/stack/data/neutron/dhcp/6ba40612-9acc-43ec-acb5-559f70777d4a/host
Oct 17 11:00:53.985084 podb-esxi207 dnsmasq-dhcp[2007682]: read /opt/stack/data/neutron/dhcp/6ba40612-9acc-43ec-acb5-559f70777d4a/opts
Oct 17 11:00:54.588880 podb-esxi207 dnsmasq-dhcp[2129335]: DHCPRELEASE(tapa4d7a4e7-3f) 10.1.0.3 fa:16:3e:4b:d0:c3
Oct 17 11:00:54.606257 podb-esxi207 dnsmasq-dhcp[2129335]: DHCPRELEASE(tapa4d7a4e7-3f) 10.1.0.3 fa:16:3e:4b:d0:c3 unknown lease
Oct 17 11:00:55.430918 podb-esxi207 dnsmasq[2129335]: read /opt/stack/data/neutron/dhcp/cc7732cb-3eb2-48c8-891a-252ddfe80266/addn_hosts - 2 names
Oct 17 11:00:55.431037 podb-esxi207 dnsmasq-dhcp[2129335]: read /opt/stack/data/neutron/dhcp/cc7732cb-3eb2-48c8-891a-252ddfe80266/host
Oct 17 11:00:55.431151 podb-esxi207 dnsmasq-dhcp[2129335]: read /opt/stack/data/neutron/dhcp/cc7732cb-3eb2-48c8-891a-252ddfe80266/opts
Oct 17 11:00:56.261443 podb-esxi207 dnsmasq-dhcp[2130469]: DHCPRELEASE(tapb8606da0-b6) 10.1.0.1 fa:16:3e:ef:41:6e
Oct 17 11:00:57.085918 podb-esxi207 dnsmasq[2130469]: read /opt/stack/data/neutron/dhcp/f1875f86-9b0d-4901-ad7d-85c9de27b2a8/addn_hosts - 0 names
Oct 17 11:00:57.086051 podb-esxi207 dnsmasq-dhcp[2130469]: read /opt/stack/data/neutron/dhcp/f1875f86-9b0d-4901-ad7d-85c9de27b2a8/host
Oct 17 11:00:57.086151 podb-esxi207 dnsmasq-dhcp[2130469]: read /opt/stack/data/neutron/dhcp/f1875f86-9b0d-4901-ad7d-85c9de27b2a8/opts
Oct 17 11:00:57.856811 podb-esxi207 dnsmasq[2130469]: exiting on receipt of SIGTERM
Oct 17 11:01:00.301907 podb-esxi207 dnsmasq[2129335]: read /opt/stack/data/neutron/dhcp/cc7732cb-3eb2-48c8-891a-252ddfe80266/addn_hosts - 0 names
Oct 17 11:01:00.302068 podb-esxi207 dnsmasq-dhcp[2129335]: read /opt/stack/data/neutron/dhcp/cc7732cb-3eb2-48c8-891a-252ddfe80266/host
Oct 17 11:01:00.302204 podb-esxi207 dnsmasq-dhcp[2129335]: read /opt/stack/data/neutron/dhcp/cc7732cb-3eb2-48c8-891a-252ddfe80266/opts
Oct 17 11:01:01.237944 podb-esxi207 dnsmasq[2129335]: exiting on receipt of SIGTERM
Oct 17 11:01:01.869076 podb-esxi207 dnsmasq-dhcp[2130080]: DHCPRELEASE(tap2db12763-f3) 10.1.0.1 fa:16:3e:c8:52:cc
Oct 17 11:01:02.693179 podb-esxi207 dnsmasq[2130080]: read /opt/stack/data/neutron/dhcp/657e8b6a-94f8-4c5a-ad9e-db563623f56d/addn_hosts - 0 names
Oct 17 11:01:02.693303 podb-esxi207 dnsmasq-dhcp[2130080]: read /opt/stack/data/neutron/dhcp/657e8b6a-94f8-4c5a-ad9e-db563623f56d/host
Oct 17 11:01:02.693402 podb-esxi207 dnsmasq-dhcp[2130080]: read /opt/stack/data/neutron/dhcp/657e8b6a-94f8-4c5a-ad9e-db563623f56d/opts
Oct 17 11:01:02.950600 podb-esxi207 dnsmasq[2130080]: exiting on receipt of SIGTERM
Oct 17 11:01:07.706004 podb-esxi207 dnsmasq[2132706]: started, version 2.90 cachesize 150
Oct 17 11:01:07.706027 podb-esxi207 dnsmasq[2132706]: DNS service limited to local subnets
Oct 17 11:01:07.706042 podb-esxi207 dnsmasq[2132706]: compile time options: IPv6 GNU-getopt DBus no-UBus i18n IDN2 DHCP DHCPv6 no-Lua TFTP conntrack ipset no-nftset auth cryptohash DNSSEC loop-detect inotify dumpfile
Oct 17 11:01:07.706085 podb-esxi207 dnsmasq-dhcp[2132706]: DHCP, static leases only on 10.1.0.0, lease time 1d
Oct 17 11:01:07.706249 podb-esxi207 dnsmasq[2132706]: reading /etc/resolv.conf
Oct 17 11:01:07.706266 podb-esxi207 dnsmasq[2132706]: using nameserver 127.0.0.53#53
Oct 17 11:01:07.706380 podb-esxi207 dnsmasq[2132706]: read /opt/stack/data/neutron/dhcp/26dc8020-95dc-4b3e-9a06-e7c43d904164/addn_hosts - 0 names
Oct 17 11:01:07.706433 podb-esxi207 dnsmasq-dhcp[2132706]: read /opt/stack/data/neutron/dhcp/26dc8020-95dc-4b3e-9a06-e7c43d904164/host
Oct 17 11:01:07.706502 podb-esxi207 dnsmasq-dhcp[2132706]: read /opt/stack/data/neutron/dhcp/26dc8020-95dc-4b3e-9a06-e7c43d904164/opts
Oct 17 11:01:09.253969 podb-esxi207 dnsmasq[2132706]: read /opt/stack/data/neutron/dhcp/26dc8020-95dc-4b3e-9a06-e7c43d904164/addn_hosts - 2 names
Oct 17 11:01:09.254056 podb-esxi207 dnsmasq-dhcp[2132706]: read /opt/stack/data/neutron/dhcp/26dc8020-95dc-4b3e-9a06-e7c43d904164/host
Oct 17 11:01:09.254146 podb-esxi207 dnsmasq-dhcp[2132706]: read /opt/stack/data/neutron/dhcp/26dc8020-95dc-4b3e-9a06-e7c43d904164/opts
Oct 17 11:01:12.183702 podb-esxi207 dnsmasq[2132968]: started, version 2.90 cachesize 150
Oct 17 11:01:12.183734 podb-esxi207 dnsmasq[2132968]: DNS service limited to local subnets
Oct 17 11:01:12.183749 podb-esxi207 dnsmasq[2132968]: compile time options: IPv6 GNU-getopt DBus no-UBus i18n IDN2 DHCP DHCPv6 no-Lua TFTP conntrack ipset no-nftset auth cryptohash DNSSEC loop-detect inotify dumpfile
Oct 17 11:01:12.183785 podb-esxi207 dnsmasq-dhcp[2132968]: DHCP, static leases only on 10.1.0.0, lease time 1d
Oct 17 11:01:12.183945 podb-esxi207 dnsmasq[2132968]: reading /etc/resolv.conf
Oct 17 11:01:12.183962 podb-esxi207 dnsmasq[2132968]: using nameserver 127.0.0.53#53
Oct 17 11:01:12.184046 podb-esxi207 dnsmasq[2132968]: read /opt/stack/data/neutron/dhcp/787d009a-170b-432b-a503-8c492b30b083/addn_hosts - 0 names
Oct 17 11:01:12.184098 podb-esxi207 dnsmasq-dhcp[2132968]: read /opt/stack/data/neutron/dhcp/787d009a-170b-432b-a503-8c492b30b083/host
Oct 17 11:01:12.184174 podb-esxi207 dnsmasq-dhcp[2132968]: read /opt/stack/data/neutron/dhcp/787d009a-170b-432b-a503-8c492b30b083/opts
Oct 17 11:01:13.223675 podb-esxi207 dnsmasq[2132706]: read /opt/stack/data/neutron/dhcp/26dc8020-95dc-4b3e-9a06-e7c43d904164/addn_hosts - 2 names
Oct 17 11:01:13.223759 podb-esxi207 dnsmasq-dhcp[2132706]: read /opt/stack/data/neutron/dhcp/26dc8020-95dc-4b3e-9a06-e7c43d904164/host
Oct 17 11:01:13.223828 podb-esxi207 dnsmasq-dhcp[2132706]: read /opt/stack/data/neutron/dhcp/26dc8020-95dc-4b3e-9a06-e7c43d904164/opts
Oct 17 11:01:14.474468 podb-esxi207 dnsmasq[2132968]: read /opt/stack/data/neutron/dhcp/787d009a-170b-432b-a503-8c492b30b083/addn_hosts - 2 names
Oct 17 11:01:14.474563 podb-esxi207 dnsmasq-dhcp[2132968]: read /opt/stack/data/neutron/dhcp/787d009a-170b-432b-a503-8c492b30b083/host
Oct 17 11:01:14.474651 podb-esxi207 dnsmasq-dhcp[2132968]: read /opt/stack/data/neutron/dhcp/787d009a-170b-432b-a503-8c492b30b083/opts
Oct 17 11:01:15.740924 podb-esxi207 dnsmasq[2132706]: read /opt/stack/data/neutron/dhcp/26dc8020-95dc-4b3e-9a06-e7c43d904164/addn_hosts - 2 names
Oct 17 11:01:15.741035 podb-esxi207 dnsmasq-dhcp[2132706]: read /opt/stack/data/neutron/dhcp/26dc8020-95dc-4b3e-9a06-e7c43d904164/host
Oct 17 11:01:15.741144 podb-esxi207 dnsmasq-dhcp[2132706]: read /opt/stack/data/neutron/dhcp/26dc8020-95dc-4b3e-9a06-e7c43d904164/opts
Oct 17 11:01:16.500431 podb-esxi207 dnsmasq[2132968]: read /opt/stack/data/neutron/dhcp/787d009a-170b-432b-a503-8c492b30b083/addn_hosts - 2 names
Oct 17 11:01:16.500523 podb-esxi207 dnsmasq-dhcp[2132968]: read /opt/stack/data/neutron/dhcp/787d009a-170b-432b-a503-8c492b30b083/host
Oct 17 11:01:16.500593 podb-esxi207 dnsmasq-dhcp[2132968]: read /opt/stack/data/neutron/dhcp/787d009a-170b-432b-a503-8c492b30b083/opts
Oct 17 11:01:17.763693 podb-esxi207 dnsmasq[2132968]: read /opt/stack/data/neutron/dhcp/787d009a-170b-432b-a503-8c492b30b083/addn_hosts - 2 names
Oct 17 11:01:17.763787 podb-esxi207 dnsmasq-dhcp[2132968]: read /opt/stack/data/neutron/dhcp/787d009a-170b-432b-a503-8c492b30b083/host
Oct 17 11:01:17.763897 podb-esxi207 dnsmasq-dhcp[2132968]: read /opt/stack/data/neutron/dhcp/787d009a-170b-432b-a503-8c492b30b083/opts
Oct 17 11:02:01.627409 podb-esxi207 dnsmasq[2132706]: read /opt/stack/data/neutron/dhcp/26dc8020-95dc-4b3e-9a06-e7c43d904164/addn_hosts - 4 names
Oct 17 11:02:01.627551 podb-esxi207 dnsmasq-dhcp[2132706]: read /opt/stack/data/neutron/dhcp/26dc8020-95dc-4b3e-9a06-e7c43d904164/host
Oct 17 11:02:01.627670 podb-esxi207 dnsmasq-dhcp[2132706]: read /opt/stack/data/neutron/dhcp/26dc8020-95dc-4b3e-9a06-e7c43d904164/opts
Oct 17 11:02:43.056386 podb-esxi207 dnsmasq-dhcp[2132706]: DHCPDISCOVER(tap3a3b2c14-fb) fa:16:3e:c2:f6:8f
Oct 17 11:02:43.056414 podb-esxi207 dnsmasq-dhcp[2132706]: DHCPOFFER(tap3a3b2c14-fb) 10.1.0.13 fa:16:3e:c2:f6:8f
Oct 17 11:02:43.065819 podb-esxi207 dnsmasq-dhcp[2132706]: DHCPREQUEST(tap3a3b2c14-fb) 10.1.0.13 fa:16:3e:c2:f6:8f
Oct 17 11:02:43.065841 podb-esxi207 dnsmasq-dhcp[2132706]: DHCPACK(tap3a3b2c14-fb) 10.1.0.13 fa:16:3e:c2:f6:8f host-10-1-0-13
Oct 17 11:03:46.947255 podb-esxi207 dnsmasq[2134928]: started, version 2.90 cachesize 150
Oct 17 11:03:46.947285 podb-esxi207 dnsmasq[2134928]: DNS service limited to local subnets
Oct 17 11:03:46.947300 podb-esxi207 dnsmasq[2134928]: compile time options: IPv6 GNU-getopt DBus no-UBus i18n IDN2 DHCP DHCPv6 no-Lua TFTP conntrack ipset no-nftset auth cryptohash DNSSEC loop-detect inotify dumpfile
Oct 17 11:03:46.947338 podb-esxi207 dnsmasq-dhcp[2134928]: DHCP, static leases only on 10.1.0.0, lease time 1d
Oct 17 11:03:46.947495 podb-esxi207 dnsmasq[2134928]: reading /etc/resolv.conf
Oct 17 11:03:46.947512 podb-esxi207 dnsmasq[2134928]: using nameserver 127.0.0.53#53
Oct 17 11:03:46.947600 podb-esxi207 dnsmasq[2134928]: read /opt/stack/data/neutron/dhcp/a9ac23cb-c012-4f8e-b7a4-f70d4b4c0cf5/addn_hosts - 0 names
Oct 17 11:03:46.947652 podb-esxi207 dnsmasq-dhcp[2134928]: read /opt/stack/data/neutron/dhcp/a9ac23cb-c012-4f8e-b7a4-f70d4b4c0cf5/host
Oct 17 11:03:46.947713 podb-esxi207 dnsmasq-dhcp[2134928]: read /opt/stack/data/neutron/dhcp/a9ac23cb-c012-4f8e-b7a4-f70d4b4c0cf5/opts
Oct 17 11:03:48.496464 podb-esxi207 dnsmasq[2134928]: read /opt/stack/data/neutron/dhcp/a9ac23cb-c012-4f8e-b7a4-f70d4b4c0cf5/addn_hosts - 2 names
Oct 17 11:03:48.496574 podb-esxi207 dnsmasq-dhcp[2134928]: read /opt/stack/data/neutron/dhcp/a9ac23cb-c012-4f8e-b7a4-f70d4b4c0cf5/host
Oct 17 11:03:48.496740 podb-esxi207 dnsmasq-dhcp[2134928]: read /opt/stack/data/neutron/dhcp/a9ac23cb-c012-4f8e-b7a4-f70d4b4c0cf5/opts
Oct 17 11:03:51.364868 podb-esxi207 dnsmasq[2135238]: started, version 2.90 cachesize 150
Oct 17 11:03:51.364898 podb-esxi207 dnsmasq[2135238]: DNS service limited to local subnets
Oct 17 11:03:51.364914 podb-esxi207 dnsmasq[2135238]: compile time options: IPv6 GNU-getopt DBus no-UBus i18n IDN2 DHCP DHCPv6 no-Lua TFTP conntrack ipset no-nftset auth cryptohash DNSSEC loop-detect inotify dumpfile
Oct 17 11:03:51.364954 podb-esxi207 dnsmasq-dhcp[2135238]: DHCP, static leases only on 10.1.0.0, lease time 1d
Oct 17 11:03:51.365109 podb-esxi207 dnsmasq[2135238]: reading /etc/resolv.conf
Oct 17 11:03:51.365126 podb-esxi207 dnsmasq[2135238]: using nameserver 127.0.0.53#53
Oct 17 11:03:51.365214 podb-esxi207 dnsmasq[2135238]: read /opt/stack/data/neutron/dhcp/28d0dddb-9328-48d4-a1d5-c96c1ed441fd/addn_hosts - 0 names
Oct 17 11:03:51.365270 podb-esxi207 dnsmasq-dhcp[2135238]: read /opt/stack/data/neutron/dhcp/28d0dddb-9328-48d4-a1d5-c96c1ed441fd/host
Oct 17 11:03:51.365338 podb-esxi207 dnsmasq-dhcp[2135238]: read /opt/stack/data/neutron/dhcp/28d0dddb-9328-48d4-a1d5-c96c1ed441fd/opts
Oct 17 11:03:52.409246 podb-esxi207 dnsmasq[2134928]: read /opt/stack/data/neutron/dhcp/a9ac23cb-c012-4f8e-b7a4-f70d4b4c0cf5/addn_hosts - 2 names
Oct 17 11:03:52.409344 podb-esxi207 dnsmasq-dhcp[2134928]: read /opt/stack/data/neutron/dhcp/a9ac23cb-c012-4f8e-b7a4-f70d4b4c0cf5/host
Oct 17 11:03:52.409460 podb-esxi207 dnsmasq-dhcp[2134928]: read /opt/stack/data/neutron/dhcp/a9ac23cb-c012-4f8e-b7a4-f70d4b4c0cf5/opts
Oct 17 11:03:53.662177 podb-esxi207 dnsmasq[2135238]: read /opt/stack/data/neutron/dhcp/28d0dddb-9328-48d4-a1d5-c96c1ed441fd/addn_hosts - 2 names
Oct 17 11:03:53.662267 podb-esxi207 dnsmasq-dhcp[2135238]: read /opt/stack/data/neutron/dhcp/28d0dddb-9328-48d4-a1d5-c96c1ed441fd/host
Oct 17 11:03:53.662337 podb-esxi207 dnsmasq-dhcp[2135238]: read /opt/stack/data/neutron/dhcp/28d0dddb-9328-48d4-a1d5-c96c1ed441fd/opts
Oct 17 11:03:54.928606 podb-esxi207 dnsmasq[2134928]: read /opt/stack/data/neutron/dhcp/a9ac23cb-c012-4f8e-b7a4-f70d4b4c0cf5/addn_hosts - 2 names
Oct 17 11:03:54.928745 podb-esxi207 dnsmasq-dhcp[2134928]: read /opt/stack/data/neutron/dhcp/a9ac23cb-c012-4f8e-b7a4-f70d4b4c0cf5/host
Oct 17 11:03:54.928863 podb-esxi207 dnsmasq-dhcp[2134928]: read /opt/stack/data/neutron/dhcp/a9ac23cb-c012-4f8e-b7a4-f70d4b4c0cf5/opts
Oct 17 11:03:55.691107 podb-esxi207 dnsmasq[2135238]: read /opt/stack/data/neutron/dhcp/28d0dddb-9328-48d4-a1d5-c96c1ed441fd/addn_hosts - 2 names
Oct 17 11:03:55.691213 podb-esxi207 dnsmasq-dhcp[2135238]: read /opt/stack/data/neutron/dhcp/28d0dddb-9328-48d4-a1d5-c96c1ed441fd/host
Oct 17 11:03:55.691317 podb-esxi207 dnsmasq-dhcp[2135238]: read /opt/stack/data/neutron/dhcp/28d0dddb-9328-48d4-a1d5-c96c1ed441fd/opts
Oct 17 11:03:56.945977 podb-esxi207 dnsmasq[2135238]: read /opt/stack/data/neutron/dhcp/28d0dddb-9328-48d4-a1d5-c96c1ed441fd/addn_hosts - 2 names
Oct 17 11:03:56.946098 podb-esxi207 dnsmasq-dhcp[2135238]: read /opt/stack/data/neutron/dhcp/28d0dddb-9328-48d4-a1d5-c96c1ed441fd/host
Oct 17 11:03:56.946204 podb-esxi207 dnsmasq-dhcp[2135238]: read /opt/stack/data/neutron/dhcp/28d0dddb-9328-48d4-a1d5-c96c1ed441fd/opts
Oct 17 11:03:59.909390 podb-esxi207 dnsmasq[2135584]: started, version 2.90 cachesize 150
Oct 17 11:03:59.909423 podb-esxi207 dnsmasq[2135584]: DNS service limited to local subnets
Oct 17 11:03:59.909439 podb-esxi207 dnsmasq[2135584]: compile time options: IPv6 GNU-getopt DBus no-UBus i18n IDN2 DHCP DHCPv6 no-Lua TFTP conntrack ipset no-nftset auth cryptohash DNSSEC loop-detect inotify dumpfile
Oct 17 11:03:59.909476 podb-esxi207 dnsmasq-dhcp[2135584]: DHCP, static leases only on 10.1.0.0, lease time 1d
Oct 17 11:03:59.909634 podb-esxi207 dnsmasq[2135584]: reading /etc/resolv.conf
Oct 17 11:03:59.909652 podb-esxi207 dnsmasq[2135584]: using nameserver 127.0.0.53#53
Oct 17 11:03:59.909735 podb-esxi207 dnsmasq[2135584]: read /opt/stack/data/neutron/dhcp/f7038add-9d46-413e-a462-e93eaa8cd732/addn_hosts - 0 names
Oct 17 11:03:59.909793 podb-esxi207 dnsmasq-dhcp[2135584]: read /opt/stack/data/neutron/dhcp/f7038add-9d46-413e-a462-e93eaa8cd732/host
Oct 17 11:03:59.909862 podb-esxi207 dnsmasq-dhcp[2135584]: read /opt/stack/data/neutron/dhcp/f7038add-9d46-413e-a462-e93eaa8cd732/opts
Oct 17 11:04:00.953000 podb-esxi207 dnsmasq[2134928]: read /opt/stack/data/neutron/dhcp/a9ac23cb-c012-4f8e-b7a4-f70d4b4c0cf5/addn_hosts - 4 names
Oct 17 11:04:00.953113 podb-esxi207 dnsmasq-dhcp[2134928]: read /opt/stack/data/neutron/dhcp/a9ac23cb-c012-4f8e-b7a4-f70d4b4c0cf5/host
Oct 17 11:04:00.953185 podb-esxi207 dnsmasq-dhcp[2134928]: read /opt/stack/data/neutron/dhcp/a9ac23cb-c012-4f8e-b7a4-f70d4b4c0cf5/opts
Oct 17 11:04:03.867371 podb-esxi207 dnsmasq[2136028]: started, version 2.90 cachesize 150
Oct 17 11:04:03.867399 podb-esxi207 dnsmasq[2136028]: DNS service limited to local subnets
Oct 17 11:04:03.867414 podb-esxi207 dnsmasq[2136028]: compile time options: IPv6 GNU-getopt DBus no-UBus i18n IDN2 DHCP DHCPv6 no-Lua TFTP conntrack ipset no-nftset auth cryptohash DNSSEC loop-detect inotify dumpfile
Oct 17 11:04:03.867450 podb-esxi207 dnsmasq-dhcp[2136028]: DHCP, static leases only on 10.1.0.0, lease time 1d
Oct 17 11:04:03.867605 podb-esxi207 dnsmasq[2136028]: reading /etc/resolv.conf
Oct 17 11:04:03.867622 podb-esxi207 dnsmasq[2136028]: using nameserver 127.0.0.53#53
Oct 17 11:04:03.867735 podb-esxi207 dnsmasq[2136028]: read /opt/stack/data/neutron/dhcp/b4632d53-932c-4113-8c87-3c7928e0d705/addn_hosts - 2 names
Oct 17 11:04:03.867799 podb-esxi207 dnsmasq-dhcp[2136028]: read /opt/stack/data/neutron/dhcp/b4632d53-932c-4113-8c87-3c7928e0d705/host
Oct 17 11:04:03.867876 podb-esxi207 dnsmasq-dhcp[2136028]: read /opt/stack/data/neutron/dhcp/b4632d53-932c-4113-8c87-3c7928e0d705/opts
Oct 17 11:04:04.911224 podb-esxi207 dnsmasq[2135584]: read /opt/stack/data/neutron/dhcp/f7038add-9d46-413e-a462-e93eaa8cd732/addn_hosts - 2 names
Oct 17 11:04:04.911326 podb-esxi207 dnsmasq-dhcp[2135584]: read /opt/stack/data/neutron/dhcp/f7038add-9d46-413e-a462-e93eaa8cd732/host
Oct 17 11:04:04.911427 podb-esxi207 dnsmasq-dhcp[2135584]: read /opt/stack/data/neutron/dhcp/f7038add-9d46-413e-a462-e93eaa8cd732/opts
Oct 17 11:04:06.689195 podb-esxi207 dnsmasq[2136028]: read /opt/stack/data/neutron/dhcp/b4632d53-932c-4113-8c87-3c7928e0d705/addn_hosts - 2 names
Oct 17 11:04:06.689291 podb-esxi207 dnsmasq-dhcp[2136028]: read /opt/stack/data/neutron/dhcp/b4632d53-932c-4113-8c87-3c7928e0d705/host
Oct 17 11:04:06.689395 podb-esxi207 dnsmasq-dhcp[2136028]: read /opt/stack/data/neutron/dhcp/b4632d53-932c-4113-8c87-3c7928e0d705/opts
Oct 17 11:04:07.460801 podb-esxi207 dnsmasq[2135584]: read /opt/stack/data/neutron/dhcp/f7038add-9d46-413e-a462-e93eaa8cd732/addn_hosts - 2 names
Oct 17 11:04:07.460884 podb-esxi207 dnsmasq-dhcp[2135584]: read /opt/stack/data/neutron/dhcp/f7038add-9d46-413e-a462-e93eaa8cd732/host
Oct 17 11:04:07.460960 podb-esxi207 dnsmasq-dhcp[2135584]: read /opt/stack/data/neutron/dhcp/f7038add-9d46-413e-a462-e93eaa8cd732/opts
Oct 17 11:04:08.720425 podb-esxi207 dnsmasq[2136028]: read /opt/stack/data/neutron/dhcp/b4632d53-932c-4113-8c87-3c7928e0d705/addn_hosts - 2 names
Oct 17 11:04:08.720517 podb-esxi207 dnsmasq-dhcp[2136028]: read /opt/stack/data/neutron/dhcp/b4632d53-932c-4113-8c87-3c7928e0d705/host
Oct 17 11:04:08.720630 podb-esxi207 dnsmasq-dhcp[2136028]: read /opt/stack/data/neutron/dhcp/b4632d53-932c-4113-8c87-3c7928e0d705/opts
Oct 17 11:04:09.486597 podb-esxi207 dnsmasq[2135584]: read /opt/stack/data/neutron/dhcp/f7038add-9d46-413e-a462-e93eaa8cd732/addn_hosts - 2 names
Oct 17 11:04:09.486720 podb-esxi207 dnsmasq-dhcp[2135584]: read /opt/stack/data/neutron/dhcp/f7038add-9d46-413e-a462-e93eaa8cd732/host
Oct 17 11:04:09.486834 podb-esxi207 dnsmasq-dhcp[2135584]: read /opt/stack/data/neutron/dhcp/f7038add-9d46-413e-a462-e93eaa8cd732/opts
Oct 17 11:04:10.750060 podb-esxi207 dnsmasq[2136028]: read /opt/stack/data/neutron/dhcp/b4632d53-932c-4113-8c87-3c7928e0d705/addn_hosts - 2 names
Oct 17 11:04:10.750163 podb-esxi207 dnsmasq-dhcp[2136028]: read /opt/stack/data/neutron/dhcp/b4632d53-932c-4113-8c87-3c7928e0d705/host
Oct 17 11:04:10.750275 podb-esxi207 dnsmasq-dhcp[2136028]: read /opt/stack/data/neutron/dhcp/b4632d53-932c-4113-8c87-3c7928e0d705/opts
Oct 17 11:04:11.510193 podb-esxi207 dnsmasq[2135584]: read /opt/stack/data/neutron/dhcp/f7038add-9d46-413e-a462-e93eaa8cd732/addn_hosts - 4 names
Oct 17 11:04:11.510300 podb-esxi207 dnsmasq-dhcp[2135584]: read /opt/stack/data/neutron/dhcp/f7038add-9d46-413e-a462-e93eaa8cd732/host
Oct 17 11:04:11.510410 podb-esxi207 dnsmasq-dhcp[2135584]: read /opt/stack/data/neutron/dhcp/f7038add-9d46-413e-a462-e93eaa8cd732/opts
Oct 17 11:04:22.856439 podb-esxi207 dnsmasq[2134928]: read /opt/stack/data/neutron/dhcp/a9ac23cb-c012-4f8e-b7a4-f70d4b4c0cf5/addn_hosts - 2 names
Oct 17 11:04:22.856521 podb-esxi207 dnsmasq-dhcp[2134928]: read /opt/stack/data/neutron/dhcp/a9ac23cb-c012-4f8e-b7a4-f70d4b4c0cf5/host
Oct 17 11:04:22.856626 podb-esxi207 dnsmasq-dhcp[2134928]: read /opt/stack/data/neutron/dhcp/a9ac23cb-c012-4f8e-b7a4-f70d4b4c0cf5/opts
Oct 17 11:04:23.045305 podb-esxi207 dnsmasq-dhcp[2132706]: DHCPREQUEST(tap3a3b2c14-fb) 10.1.0.13 fa:16:3e:c2:f6:8f
Oct 17 11:04:23.045335 podb-esxi207 dnsmasq-dhcp[2132706]: DHCPACK(tap3a3b2c14-fb) 10.1.0.13 fa:16:3e:c2:f6:8f host-10-1-0-13
Oct 17 11:04:31.312747 podb-esxi207 dnsmasq-dhcp[2135584]: DHCPDISCOVER(tap6959de60-7e) fa:16:3e:18:4a:74
Oct 17 11:04:31.312773 podb-esxi207 dnsmasq-dhcp[2135584]: DHCPOFFER(tap6959de60-7e) 10.1.0.10 fa:16:3e:18:4a:74
Oct 17 11:04:31.322298 podb-esxi207 dnsmasq-dhcp[2135584]: DHCPREQUEST(tap6959de60-7e) 10.1.0.10 fa:16:3e:18:4a:74
Oct 17 11:04:31.322328 podb-esxi207 dnsmasq-dhcp[2135584]: DHCPACK(tap6959de60-7e) 10.1.0.10 fa:16:3e:18:4a:74 host-10-1-0-10
Oct 17 11:05:01.353269 podb-esxi207 dnsmasq-dhcp[2132706]: DHCPRELEASE(tap3a3b2c14-fb) 10.1.0.13 fa:16:3e:c2:f6:8f
Oct 17 11:05:01.369051 podb-esxi207 dnsmasq-dhcp[2132706]: DHCPRELEASE(tap3a3b2c14-fb) 10.1.0.13 fa:16:3e:c2:f6:8f unknown lease
Oct 17 11:05:02.193674 podb-esxi207 dnsmasq[2132706]: read /opt/stack/data/neutron/dhcp/26dc8020-95dc-4b3e-9a06-e7c43d904164/addn_hosts - 2 names
Oct 17 11:05:02.193780 podb-esxi207 dnsmasq-dhcp[2132706]: read /opt/stack/data/neutron/dhcp/26dc8020-95dc-4b3e-9a06-e7c43d904164/host
Oct 17 11:05:02.193884 podb-esxi207 dnsmasq-dhcp[2132706]: read /opt/stack/data/neutron/dhcp/26dc8020-95dc-4b3e-9a06-e7c43d904164/opts
Oct 17 11:05:06.819999 podb-esxi207 dnsmasq[2137063]: started, version 2.90 cachesize 150
Oct 17 11:05:06.820027 podb-esxi207 dnsmasq[2137063]: DNS service limited to local subnets
Oct 17 11:05:06.820042 podb-esxi207 dnsmasq[2137063]: compile time options: IPv6 GNU-getopt DBus no-UBus i18n IDN2 DHCP DHCPv6 no-Lua TFTP conntrack ipset no-nftset auth cryptohash DNSSEC loop-detect inotify dumpfile
Oct 17 11:05:06.820087 podb-esxi207 dnsmasq-dhcp[2137063]: DHCP, static leases only on 10.1.0.0, lease time 1d
Oct 17 11:05:06.820240 podb-esxi207 dnsmasq[2137063]: reading /etc/resolv.conf
Oct 17 11:05:06.820258 podb-esxi207 dnsmasq[2137063]: using nameserver 127.0.0.53#53
Oct 17 11:05:06.820346 podb-esxi207 dnsmasq[2137063]: read /opt/stack/data/neutron/dhcp/54448ba0-4a87-467b-93f5-859380b5f229/addn_hosts - 0 names
Oct 17 11:05:06.820398 podb-esxi207 dnsmasq-dhcp[2137063]: read /opt/stack/data/neutron/dhcp/54448ba0-4a87-467b-93f5-859380b5f229/host
Oct 17 11:05:06.820458 podb-esxi207 dnsmasq-dhcp[2137063]: read /opt/stack/data/neutron/dhcp/54448ba0-4a87-467b-93f5-859380b5f229/opts
Oct 17 11:05:10.502373 podb-esxi207 dnsmasq[2137328]: started, version 2.90 cachesize 150
Oct 17 11:05:10.502402 podb-esxi207 dnsmasq[2137328]: DNS service limited to local subnets
Oct 17 11:05:10.502417 podb-esxi207 dnsmasq[2137328]: compile time options: IPv6 GNU-getopt DBus no-UBus i18n IDN2 DHCP DHCPv6 no-Lua TFTP conntrack ipset no-nftset auth cryptohash DNSSEC loop-detect inotify dumpfile
Oct 17 11:05:10.502463 podb-esxi207 dnsmasq-dhcp[2137328]: DHCP, static leases only on 10.1.0.0, lease time 1d
Oct 17 11:05:10.502617 podb-esxi207 dnsmasq[2137328]: reading /etc/resolv.conf
Oct 17 11:05:10.502633 podb-esxi207 dnsmasq[2137328]: using nameserver 127.0.0.53#53
Oct 17 11:05:10.502726 podb-esxi207 dnsmasq[2137328]: read /opt/stack/data/neutron/dhcp/9e4990cf-9680-403b-9574-18245853f6ed/addn_hosts - 0 names
Oct 17 11:05:10.502776 podb-esxi207 dnsmasq-dhcp[2137328]: read /opt/stack/data/neutron/dhcp/9e4990cf-9680-403b-9574-18245853f6ed/host
Oct 17 11:05:10.502833 podb-esxi207 dnsmasq-dhcp[2137328]: read /opt/stack/data/neutron/dhcp/9e4990cf-9680-403b-9574-18245853f6ed/opts
Oct 17 11:05:11.542918 podb-esxi207 dnsmasq[2137063]: read /opt/stack/data/neutron/dhcp/54448ba0-4a87-467b-93f5-859380b5f229/addn_hosts - 2 names
Oct 17 11:05:11.542991 podb-esxi207 dnsmasq-dhcp[2137063]: read /opt/stack/data/neutron/dhcp/54448ba0-4a87-467b-93f5-859380b5f229/host
Oct 17 11:05:11.543101 podb-esxi207 dnsmasq-dhcp[2137063]: read /opt/stack/data/neutron/dhcp/54448ba0-4a87-467b-93f5-859380b5f229/opts
Oct 17 11:05:13.309960 podb-esxi207 dnsmasq[2137328]: read /opt/stack/data/neutron/dhcp/9e4990cf-9680-403b-9574-18245853f6ed/addn_hosts - 2 names
Oct 17 11:05:13.310053 podb-esxi207 dnsmasq-dhcp[2137328]: read /opt/stack/data/neutron/dhcp/9e4990cf-9680-403b-9574-18245853f6ed/host
Oct 17 11:05:13.310144 podb-esxi207 dnsmasq-dhcp[2137328]: read /opt/stack/data/neutron/dhcp/9e4990cf-9680-403b-9574-18245853f6ed/opts
Oct 17 11:05:14.067594 podb-esxi207 dnsmasq[2137063]: read /opt/stack/data/neutron/dhcp/54448ba0-4a87-467b-93f5-859380b5f229/addn_hosts - 2 names
Oct 17 11:05:14.067679 podb-esxi207 dnsmasq-dhcp[2137063]: read /opt/stack/data/neutron/dhcp/54448ba0-4a87-467b-93f5-859380b5f229/host
Oct 17 11:05:14.067757 podb-esxi207 dnsmasq-dhcp[2137063]: read /opt/stack/data/neutron/dhcp/54448ba0-4a87-467b-93f5-859380b5f229/opts
Oct 17 11:05:15.324230 podb-esxi207 dnsmasq[2137328]: read /opt/stack/data/neutron/dhcp/9e4990cf-9680-403b-9574-18245853f6ed/addn_hosts - 2 names
Oct 17 11:05:15.324305 podb-esxi207 dnsmasq-dhcp[2137328]: read /opt/stack/data/neutron/dhcp/9e4990cf-9680-403b-9574-18245853f6ed/host
Oct 17 11:05:15.324395 podb-esxi207 dnsmasq-dhcp[2137328]: read /opt/stack/data/neutron/dhcp/9e4990cf-9680-403b-9574-18245853f6ed/opts
Oct 17 11:05:16.091727 podb-esxi207 dnsmasq[2137063]: read /opt/stack/data/neutron/dhcp/54448ba0-4a87-467b-93f5-859380b5f229/addn_hosts - 2 names
Oct 17 11:05:16.091817 podb-esxi207 dnsmasq-dhcp[2137063]: read /opt/stack/data/neutron/dhcp/54448ba0-4a87-467b-93f5-859380b5f229/host
Oct 17 11:05:16.091913 podb-esxi207 dnsmasq-dhcp[2137063]: read /opt/stack/data/neutron/dhcp/54448ba0-4a87-467b-93f5-859380b5f229/opts
Oct 17 11:05:16.844619 podb-esxi207 dnsmasq[2132706]: read /opt/stack/data/neutron/dhcp/26dc8020-95dc-4b3e-9a06-e7c43d904164/addn_hosts - 0 names
Oct 17 11:05:16.844755 podb-esxi207 dnsmasq-dhcp[2132706]: read /opt/stack/data/neutron/dhcp/26dc8020-95dc-4b3e-9a06-e7c43d904164/host
Oct 17 11:05:16.844851 podb-esxi207 dnsmasq-dhcp[2132706]: read /opt/stack/data/neutron/dhcp/26dc8020-95dc-4b3e-9a06-e7c43d904164/opts
Oct 17 11:05:18.105005 podb-esxi207 dnsmasq[2137328]: read /opt/stack/data/neutron/dhcp/9e4990cf-9680-403b-9574-18245853f6ed/addn_hosts - 2 names
Oct 17 11:05:18.105115 podb-esxi207 dnsmasq-dhcp[2137328]: read /opt/stack/data/neutron/dhcp/9e4990cf-9680-403b-9574-18245853f6ed/host
Oct 17 11:05:18.105225 podb-esxi207 dnsmasq-dhcp[2137328]: read /opt/stack/data/neutron/dhcp/9e4990cf-9680-403b-9574-18245853f6ed/opts
Oct 17 11:05:18.863629 podb-esxi207 dnsmasq[2132968]: read /opt/stack/data/neutron/dhcp/787d009a-170b-432b-a503-8c492b30b083/addn_hosts - 0 names
Oct 17 11:05:18.863703 podb-esxi207 dnsmasq-dhcp[2132968]: read /opt/stack/data/neutron/dhcp/787d009a-170b-432b-a503-8c492b30b083/host
Oct 17 11:05:18.863798 podb-esxi207 dnsmasq-dhcp[2132968]: read /opt/stack/data/neutron/dhcp/787d009a-170b-432b-a503-8c492b30b083/opts
Oct 17 11:05:19.113210 podb-esxi207 dnsmasq[2132706]: exiting on receipt of SIGTERM
Oct 17 11:05:20.231909 podb-esxi207 dnsmasq[2132968]: exiting on receipt of SIGTERM
Oct 17 11:05:23.602642 podb-esxi207 dnsmasq[2138067]: started, version 2.90 cachesize 150
Oct 17 11:05:23.602667 podb-esxi207 dnsmasq[2138067]: DNS service limited to local subnets
Oct 17 11:05:23.602682 podb-esxi207 dnsmasq[2138067]: compile time options: IPv6 GNU-getopt DBus no-UBus i18n IDN2 DHCP DHCPv6 no-Lua TFTP conntrack ipset no-nftset auth cryptohash DNSSEC loop-detect inotify dumpfile
Oct 17 11:05:23.602728 podb-esxi207 dnsmasq-dhcp[2138067]: DHCP, static leases only on 10.1.0.0, lease time 1d
Oct 17 11:05:23.602884 podb-esxi207 dnsmasq[2138067]: reading /etc/resolv.conf
Oct 17 11:05:23.602901 podb-esxi207 dnsmasq[2138067]: using nameserver 127.0.0.53#53
Oct 17 11:05:23.602991 podb-esxi207 dnsmasq[2138067]: read /opt/stack/data/neutron/dhcp/4deb4614-71b2-49d4-817f-760e78ba7663/addn_hosts - 0 names
Oct 17 11:05:23.603044 podb-esxi207 dnsmasq-dhcp[2138067]: read /opt/stack/data/neutron/dhcp/4deb4614-71b2-49d4-817f-760e78ba7663/host
Oct 17 11:05:23.603113 podb-esxi207 dnsmasq-dhcp[2138067]: read /opt/stack/data/neutron/dhcp/4deb4614-71b2-49d4-817f-760e78ba7663/opts
Oct 17 11:05:26.874359 podb-esxi207 dnsmasq[2138367]: started, version 2.90 cachesize 150
Oct 17 11:05:26.874384 podb-esxi207 dnsmasq[2138367]: DNS service limited to local subnets
Oct 17 11:05:26.874398 podb-esxi207 dnsmasq[2138367]: compile time options: IPv6 GNU-getopt DBus no-UBus i18n IDN2 DHCP DHCPv6 no-Lua TFTP conntrack ipset no-nftset auth cryptohash DNSSEC loop-detect inotify dumpfile
Oct 17 11:05:26.874442 podb-esxi207 dnsmasq-dhcp[2138367]: DHCP, static leases only on 10.1.0.0, lease time 1d
Oct 17 11:05:26.874599 podb-esxi207 dnsmasq[2138367]: reading /etc/resolv.conf
Oct 17 11:05:26.874615 podb-esxi207 dnsmasq[2138367]: using nameserver 127.0.0.53#53
Oct 17 11:05:26.874709 podb-esxi207 dnsmasq[2138367]: read /opt/stack/data/neutron/dhcp/18207ea8-dc9d-4791-93eb-a394e26977c0/addn_hosts - 0 names
Oct 17 11:05:26.874758 podb-esxi207 dnsmasq-dhcp[2138367]: read /opt/stack/data/neutron/dhcp/18207ea8-dc9d-4791-93eb-a394e26977c0/host
Oct 17 11:05:26.874825 podb-esxi207 dnsmasq-dhcp[2138367]: read /opt/stack/data/neutron/dhcp/18207ea8-dc9d-4791-93eb-a394e26977c0/opts
Oct 17 11:05:27.914010 podb-esxi207 dnsmasq[2138067]: read /opt/stack/data/neutron/dhcp/4deb4614-71b2-49d4-817f-760e78ba7663/addn_hosts - 2 names
Oct 17 11:05:27.914086 podb-esxi207 dnsmasq-dhcp[2138067]: read /opt/stack/data/neutron/dhcp/4deb4614-71b2-49d4-817f-760e78ba7663/host
Oct 17 11:05:27.914158 podb-esxi207 dnsmasq-dhcp[2138067]: read /opt/stack/data/neutron/dhcp/4deb4614-71b2-49d4-817f-760e78ba7663/opts
Oct 17 11:05:29.687703 podb-esxi207 dnsmasq[2138367]: read /opt/stack/data/neutron/dhcp/18207ea8-dc9d-4791-93eb-a394e26977c0/addn_hosts - 2 names
Oct 17 11:05:29.687777 podb-esxi207 dnsmasq-dhcp[2138367]: read /opt/stack/data/neutron/dhcp/18207ea8-dc9d-4791-93eb-a394e26977c0/host
Oct 17 11:05:29.687885 podb-esxi207 dnsmasq-dhcp[2138367]: read /opt/stack/data/neutron/dhcp/18207ea8-dc9d-4791-93eb-a394e26977c0/opts
Oct 17 11:05:30.452260 podb-esxi207 dnsmasq[2138067]: read /opt/stack/data/neutron/dhcp/4deb4614-71b2-49d4-817f-760e78ba7663/addn_hosts - 2 names
Oct 17 11:05:30.452396 podb-esxi207 dnsmasq-dhcp[2138067]: read /opt/stack/data/neutron/dhcp/4deb4614-71b2-49d4-817f-760e78ba7663/host
Oct 17 11:05:30.452505 podb-esxi207 dnsmasq-dhcp[2138067]: read /opt/stack/data/neutron/dhcp/4deb4614-71b2-49d4-817f-760e78ba7663/opts
Oct 17 11:05:31.734716 podb-esxi207 dnsmasq[2138367]: read /opt/stack/data/neutron/dhcp/18207ea8-dc9d-4791-93eb-a394e26977c0/addn_hosts - 2 names
Oct 17 11:05:31.734826 podb-esxi207 dnsmasq-dhcp[2138367]: read /opt/stack/data/neutron/dhcp/18207ea8-dc9d-4791-93eb-a394e26977c0/host
Oct 17 11:05:31.734941 podb-esxi207 dnsmasq-dhcp[2138367]: read /opt/stack/data/neutron/dhcp/18207ea8-dc9d-4791-93eb-a394e26977c0/opts
Oct 17 11:05:32.491691 podb-esxi207 dnsmasq[2138067]: read /opt/stack/data/neutron/dhcp/4deb4614-71b2-49d4-817f-760e78ba7663/addn_hosts - 2 names
Oct 17 11:05:32.491769 podb-esxi207 dnsmasq-dhcp[2138067]: read /opt/stack/data/neutron/dhcp/4deb4614-71b2-49d4-817f-760e78ba7663/host
Oct 17 11:05:32.491867 podb-esxi207 dnsmasq-dhcp[2138067]: read /opt/stack/data/neutron/dhcp/4deb4614-71b2-49d4-817f-760e78ba7663/opts
Oct 17 11:05:33.751706 podb-esxi207 dnsmasq[2138367]: read /opt/stack/data/neutron/dhcp/18207ea8-dc9d-4791-93eb-a394e26977c0/addn_hosts - 2 names
Oct 17 11:05:33.751797 podb-esxi207 dnsmasq-dhcp[2138367]: read /opt/stack/data/neutron/dhcp/18207ea8-dc9d-4791-93eb-a394e26977c0/host
Oct 17 11:05:33.751883 podb-esxi207 dnsmasq-dhcp[2138367]: read /opt/stack/data/neutron/dhcp/18207ea8-dc9d-4791-93eb-a394e26977c0/opts
Oct 17 11:05:54.501318 podb-esxi207 dnsmasq[2134928]: read /opt/stack/data/neutron/dhcp/a9ac23cb-c012-4f8e-b7a4-f70d4b4c0cf5/addn_hosts - 0 names
Oct 17 11:05:54.501394 podb-esxi207 dnsmasq-dhcp[2134928]: read /opt/stack/data/neutron/dhcp/a9ac23cb-c012-4f8e-b7a4-f70d4b4c0cf5/host
Oct 17 11:05:54.501510 podb-esxi207 dnsmasq-dhcp[2134928]: read /opt/stack/data/neutron/dhcp/a9ac23cb-c012-4f8e-b7a4-f70d4b4c0cf5/opts
Oct 17 11:05:55.691473 podb-esxi207 dnsmasq[2134928]: exiting on receipt of SIGTERM
Oct 17 11:05:56.806945 podb-esxi207 dnsmasq[2135238]: read /opt/stack/data/neutron/dhcp/28d0dddb-9328-48d4-a1d5-c96c1ed441fd/addn_hosts - 0 names
Oct 17 11:05:56.807026 podb-esxi207 dnsmasq-dhcp[2135238]: read /opt/stack/data/neutron/dhcp/28d0dddb-9328-48d4-a1d5-c96c1ed441fd/host
Oct 17 11:05:56.807103 podb-esxi207 dnsmasq-dhcp[2135238]: read /opt/stack/data/neutron/dhcp/28d0dddb-9328-48d4-a1d5-c96c1ed441fd/opts
Oct 17 11:05:58.055552 podb-esxi207 dnsmasq[2135238]: exiting on receipt of SIGTERM
Oct 17 11:06:17.010978 podb-esxi207 dnsmasq[2137063]: read /opt/stack/data/neutron/dhcp/54448ba0-4a87-467b-93f5-859380b5f229/addn_hosts - 4 names
Oct 17 11:06:17.011104 podb-esxi207 dnsmasq-dhcp[2137063]: read /opt/stack/data/neutron/dhcp/54448ba0-4a87-467b-93f5-859380b5f229/host
Oct 17 11:06:17.011205 podb-esxi207 dnsmasq-dhcp[2137063]: read /opt/stack/data/neutron/dhcp/54448ba0-4a87-467b-93f5-859380b5f229/opts
Oct 17 11:06:26.467662 podb-esxi207 dnsmasq[2138067]: read /opt/stack/data/neutron/dhcp/4deb4614-71b2-49d4-817f-760e78ba7663/addn_hosts - 4 names
Oct 17 11:06:26.467760 podb-esxi207 dnsmasq-dhcp[2138067]: read /opt/stack/data/neutron/dhcp/4deb4614-71b2-49d4-817f-760e78ba7663/host
Oct 17 11:06:26.467833 podb-esxi207 dnsmasq-dhcp[2138067]: read /opt/stack/data/neutron/dhcp/4deb4614-71b2-49d4-817f-760e78ba7663/opts
Oct 17 11:07:08.086647 podb-esxi207 dnsmasq-dhcp[2137063]: DHCPDISCOVER(tapc554c720-dd) fa:16:3e:89:c4:d4
Oct 17 11:07:08.086675 podb-esxi207 dnsmasq-dhcp[2137063]: DHCPOFFER(tapc554c720-dd) 10.1.0.14 fa:16:3e:89:c4:d4
Oct 17 11:07:08.097581 podb-esxi207 dnsmasq-dhcp[2137063]: DHCPREQUEST(tapc554c720-dd) 10.1.0.14 fa:16:3e:89:c4:d4
Oct 17 11:07:08.097612 podb-esxi207 dnsmasq-dhcp[2137063]: DHCPACK(tapc554c720-dd) 10.1.0.14 fa:16:3e:89:c4:d4 host-10-1-0-14
Oct 17 11:07:12.613585 podb-esxi207 dnsmasq-dhcp[2135584]: DHCPRELEASE(tap6959de60-7e) 10.1.0.10 fa:16:3e:18:4a:74
Oct 17 11:07:12.628259 podb-esxi207 dnsmasq-dhcp[2135584]: DHCPRELEASE(tap6959de60-7e) 10.1.0.10 fa:16:3e:18:4a:74 unknown lease
Oct 17 11:07:13.450833 podb-esxi207 dnsmasq[2135584]: read /opt/stack/data/neutron/dhcp/f7038add-9d46-413e-a462-e93eaa8cd732/addn_hosts - 2 names
Oct 17 11:07:13.450915 podb-esxi207 dnsmasq-dhcp[2135584]: read /opt/stack/data/neutron/dhcp/f7038add-9d46-413e-a462-e93eaa8cd732/host
Oct 17 11:07:13.451007 podb-esxi207 dnsmasq-dhcp[2135584]: read /opt/stack/data/neutron/dhcp/f7038add-9d46-413e-a462-e93eaa8cd732/opts
Oct 17 11:07:14.675161 podb-esxi207 dnsmasq-dhcp[2138067]: DHCPDISCOVER(tapeb45e8c4-e3) fa:16:3e:b0:03:57
Oct 17 11:07:14.675190 podb-esxi207 dnsmasq-dhcp[2138067]: DHCPOFFER(tapeb45e8c4-e3) 10.1.0.9 fa:16:3e:b0:03:57
Oct 17 11:07:14.685654 podb-esxi207 dnsmasq-dhcp[2138067]: DHCPREQUEST(tapeb45e8c4-e3) 10.1.0.9 fa:16:3e:b0:03:57
Oct 17 11:07:14.685678 podb-esxi207 dnsmasq-dhcp[2138067]: DHCPACK(tapeb45e8c4-e3) 10.1.0.9 fa:16:3e:b0:03:57 host-10-1-0-9
Oct 17 11:07:27.363231 podb-esxi207 dnsmasq[2135584]: read /opt/stack/data/neutron/dhcp/f7038add-9d46-413e-a462-e93eaa8cd732/addn_hosts - 0 names
Oct 17 11:07:27.363308 podb-esxi207 dnsmasq-dhcp[2135584]: read /opt/stack/data/neutron/dhcp/f7038add-9d46-413e-a462-e93eaa8cd732/host
Oct 17 11:07:27.363414 podb-esxi207 dnsmasq-dhcp[2135584]: read /opt/stack/data/neutron/dhcp/f7038add-9d46-413e-a462-e93eaa8cd732/opts
Oct 17 11:07:28.376155 podb-esxi207 dnsmasq[2135584]: exiting on receipt of SIGTERM
Oct 17 11:07:28.992770 podb-esxi207 dnsmasq-dhcp[2136028]: DHCPRELEASE(tapa24cd0fb-a7) 10.1.0.1 fa:16:3e:e9:67:63
Oct 17 11:07:29.819409 podb-esxi207 dnsmasq[2136028]: read /opt/stack/data/neutron/dhcp/b4632d53-932c-4113-8c87-3c7928e0d705/addn_hosts - 0 names
Oct 17 11:07:29.819493 podb-esxi207 dnsmasq-dhcp[2136028]: read /opt/stack/data/neutron/dhcp/b4632d53-932c-4113-8c87-3c7928e0d705/host
Oct 17 11:07:29.819600 podb-esxi207 dnsmasq-dhcp[2136028]: read /opt/stack/data/neutron/dhcp/b4632d53-932c-4113-8c87-3c7928e0d705/opts
Oct 17 11:07:30.599311 podb-esxi207 dnsmasq[2136028]: exiting on receipt of SIGTERM
Oct 17 11:07:35.235548 podb-esxi207 dnsmasq[2140523]: started, version 2.90 cachesize 150
Oct 17 11:07:35.235573 podb-esxi207 dnsmasq[2140523]: DNS service limited to local subnets
Oct 17 11:07:35.235587 podb-esxi207 dnsmasq[2140523]: compile time options: IPv6 GNU-getopt DBus no-UBus i18n IDN2 DHCP DHCPv6 no-Lua TFTP conntrack ipset no-nftset auth cryptohash DNSSEC loop-detect inotify dumpfile
Oct 17 11:07:35.235630 podb-esxi207 dnsmasq-dhcp[2140523]: DHCP, static leases only on 10.1.0.0, lease time 1d
Oct 17 11:07:35.235787 podb-esxi207 dnsmasq[2140523]: reading /etc/resolv.conf
Oct 17 11:07:35.235804 podb-esxi207 dnsmasq[2140523]: using nameserver 127.0.0.53#53
Oct 17 11:07:35.235898 podb-esxi207 dnsmasq[2140523]: read /opt/stack/data/neutron/dhcp/d5855d20-e73f-4936-97f6-16a82f216f53/addn_hosts - 0 names
Oct 17 11:07:35.235949 podb-esxi207 dnsmasq-dhcp[2140523]: read /opt/stack/data/neutron/dhcp/d5855d20-e73f-4936-97f6-16a82f216f53/host
Oct 17 11:07:35.236018 podb-esxi207 dnsmasq-dhcp[2140523]: read /opt/stack/data/neutron/dhcp/d5855d20-e73f-4936-97f6-16a82f216f53/opts
Oct 17 11:07:36.788815 podb-esxi207 dnsmasq[2140523]: read /opt/stack/data/neutron/dhcp/d5855d20-e73f-4936-97f6-16a82f216f53/addn_hosts - 2 names
Oct 17 11:07:36.788920 podb-esxi207 dnsmasq-dhcp[2140523]: read /opt/stack/data/neutron/dhcp/d5855d20-e73f-4936-97f6-16a82f216f53/host
Oct 17 11:07:36.789021 podb-esxi207 dnsmasq-dhcp[2140523]: read /opt/stack/data/neutron/dhcp/d5855d20-e73f-4936-97f6-16a82f216f53/opts
Oct 17 11:07:39.588103 podb-esxi207 dnsmasq[2140889]: started, version 2.90 cachesize 150
Oct 17 11:07:39.588130 podb-esxi207 dnsmasq[2140889]: DNS service limited to local subnets
Oct 17 11:07:39.588144 podb-esxi207 dnsmasq[2140889]: compile time options: IPv6 GNU-getopt DBus no-UBus i18n IDN2 DHCP DHCPv6 no-Lua TFTP conntrack ipset no-nftset auth cryptohash DNSSEC loop-detect inotify dumpfile
Oct 17 11:07:39.588179 podb-esxi207 dnsmasq-dhcp[2140889]: DHCP, static leases only on 10.1.0.0, lease time 1d
Oct 17 11:07:39.588331 podb-esxi207 dnsmasq[2140889]: reading /etc/resolv.conf
Oct 17 11:07:39.588348 podb-esxi207 dnsmasq[2140889]: using nameserver 127.0.0.53#53
Oct 17 11:07:39.588424 podb-esxi207 dnsmasq[2140889]: read /opt/stack/data/neutron/dhcp/71a985d4-b189-46bc-81fb-117c77801b61/addn_hosts - 0 names
Oct 17 11:07:39.588472 podb-esxi207 dnsmasq-dhcp[2140889]: read /opt/stack/data/neutron/dhcp/71a985d4-b189-46bc-81fb-117c77801b61/host
Oct 17 11:07:39.588541 podb-esxi207 dnsmasq-dhcp[2140889]: read /opt/stack/data/neutron/dhcp/71a985d4-b189-46bc-81fb-117c77801b61/opts
Oct 17 11:07:40.624274 podb-esxi207 dnsmasq[2140523]: read /opt/stack/data/neutron/dhcp/d5855d20-e73f-4936-97f6-16a82f216f53/addn_hosts - 2 names
Oct 17 11:07:40.624388 podb-esxi207 dnsmasq-dhcp[2140523]: read /opt/stack/data/neutron/dhcp/d5855d20-e73f-4936-97f6-16a82f216f53/host
Oct 17 11:07:40.624480 podb-esxi207 dnsmasq-dhcp[2140523]: read /opt/stack/data/neutron/dhcp/d5855d20-e73f-4936-97f6-16a82f216f53/opts
Oct 17 11:07:41.409289 podb-esxi207 dnsmasq[2007682]: read /opt/stack/data/neutron/dhcp/6ba40612-9acc-43ec-acb5-559f70777d4a/addn_hosts - 2 names
Oct 17 11:07:41.409378 podb-esxi207 dnsmasq-dhcp[2007682]: read /opt/stack/data/neutron/dhcp/6ba40612-9acc-43ec-acb5-559f70777d4a/host
Oct 17 11:07:41.409475 podb-esxi207 dnsmasq-dhcp[2007682]: read /opt/stack/data/neutron/dhcp/6ba40612-9acc-43ec-acb5-559f70777d4a/opts
Oct 17 11:07:42.673948 podb-esxi207 dnsmasq[2140889]: read /opt/stack/data/neutron/dhcp/71a985d4-b189-46bc-81fb-117c77801b61/addn_hosts - 2 names
Oct 17 11:07:42.674066 podb-esxi207 dnsmasq-dhcp[2140889]: read /opt/stack/data/neutron/dhcp/71a985d4-b189-46bc-81fb-117c77801b61/host
Oct 17 11:07:42.674176 podb-esxi207 dnsmasq-dhcp[2140889]: read /opt/stack/data/neutron/dhcp/71a985d4-b189-46bc-81fb-117c77801b61/opts
Oct 17 11:07:43.941551 podb-esxi207 dnsmasq[2140523]: read /opt/stack/data/neutron/dhcp/d5855d20-e73f-4936-97f6-16a82f216f53/addn_hosts - 2 names
Oct 17 11:07:43.941659 podb-esxi207 dnsmasq-dhcp[2140523]: read /opt/stack/data/neutron/dhcp/d5855d20-e73f-4936-97f6-16a82f216f53/host
Oct 17 11:07:43.941773 podb-esxi207 dnsmasq-dhcp[2140523]: read /opt/stack/data/neutron/dhcp/d5855d20-e73f-4936-97f6-16a82f216f53/opts
Oct 17 11:07:44.691604 podb-esxi207 dnsmasq[2140889]: read /opt/stack/data/neutron/dhcp/71a985d4-b189-46bc-81fb-117c77801b61/addn_hosts - 2 names
Oct 17 11:07:44.691725 podb-esxi207 dnsmasq-dhcp[2140889]: read /opt/stack/data/neutron/dhcp/71a985d4-b189-46bc-81fb-117c77801b61/host
Oct 17 11:07:44.691842 podb-esxi207 dnsmasq-dhcp[2140889]: read /opt/stack/data/neutron/dhcp/71a985d4-b189-46bc-81fb-117c77801b61/opts
Oct 17 11:07:45.965174 podb-esxi207 dnsmasq[2140523]: read /opt/stack/data/neutron/dhcp/d5855d20-e73f-4936-97f6-16a82f216f53/addn_hosts - 4 names
Oct 17 11:07:45.965271 podb-esxi207 dnsmasq-dhcp[2140523]: read /opt/stack/data/neutron/dhcp/d5855d20-e73f-4936-97f6-16a82f216f53/host
Oct 17 11:07:45.965373 podb-esxi207 dnsmasq-dhcp[2140523]: read /opt/stack/data/neutron/dhcp/d5855d20-e73f-4936-97f6-16a82f216f53/opts
Oct 17 11:07:46.676303 podb-esxi207 dnsmasq[2140889]: read /opt/stack/data/neutron/dhcp/71a985d4-b189-46bc-81fb-117c77801b61/addn_hosts - 2 names
Oct 17 11:07:46.676396 podb-esxi207 dnsmasq-dhcp[2140889]: read /opt/stack/data/neutron/dhcp/71a985d4-b189-46bc-81fb-117c77801b61/host
Oct 17 11:07:46.676515 podb-esxi207 dnsmasq-dhcp[2140889]: read /opt/stack/data/neutron/dhcp/71a985d4-b189-46bc-81fb-117c77801b61/opts
Oct 17 11:07:50.365689 podb-esxi207 dnsmasq[2007682]: read /opt/stack/data/neutron/dhcp/6ba40612-9acc-43ec-acb5-559f70777d4a/addn_hosts - 0 names
Oct 17 11:07:50.365750 podb-esxi207 dnsmasq-dhcp[2007682]: read /opt/stack/data/neutron/dhcp/6ba40612-9acc-43ec-acb5-559f70777d4a/host
Oct 17 11:07:50.365809 podb-esxi207 dnsmasq-dhcp[2007682]: read /opt/stack/data/neutron/dhcp/6ba40612-9acc-43ec-acb5-559f70777d4a/opts
Oct 17 11:08:08.595106 podb-esxi207 dnsmasq[2141457]: started, version 2.90 cachesize 150
Oct 17 11:08:08.595130 podb-esxi207 dnsmasq[2141457]: DNS service limited to local subnets
Oct 17 11:08:08.595144 podb-esxi207 dnsmasq[2141457]: compile time options: IPv6 GNU-getopt DBus no-UBus i18n IDN2 DHCP DHCPv6 no-Lua TFTP conntrack ipset no-nftset auth cryptohash DNSSEC loop-detect inotify dumpfile
Oct 17 11:08:08.595178 podb-esxi207 dnsmasq-dhcp[2141457]: DHCP, static leases only on 10.1.0.0, lease time 1d
Oct 17 11:08:08.595324 podb-esxi207 dnsmasq[2141457]: reading /etc/resolv.conf
Oct 17 11:08:08.595341 podb-esxi207 dnsmasq[2141457]: using nameserver 127.0.0.53#53
Oct 17 11:08:08.595416 podb-esxi207 dnsmasq[2141457]: read /opt/stack/data/neutron/dhcp/34fd52fd-710d-40ba-b0ac-3444652e4e6a/addn_hosts - 0 names
Oct 17 11:08:08.595464 podb-esxi207 dnsmasq-dhcp[2141457]: read /opt/stack/data/neutron/dhcp/34fd52fd-710d-40ba-b0ac-3444652e4e6a/host
Oct 17 11:08:08.595533 podb-esxi207 dnsmasq-dhcp[2141457]: read /opt/stack/data/neutron/dhcp/34fd52fd-710d-40ba-b0ac-3444652e4e6a/opts
Oct 17 11:08:09.074518 podb-esxi207 dnsmasq-dhcp[2140523]: DHCPDISCOVER(tap1635a89d-40) fa:16:3e:38:30:e5
Oct 17 11:08:09.074548 podb-esxi207 dnsmasq-dhcp[2140523]: DHCPOFFER(tap1635a89d-40) 10.1.0.5 fa:16:3e:38:30:e5
Oct 17 11:08:09.082640 podb-esxi207 dnsmasq-dhcp[2140523]: DHCPREQUEST(tap1635a89d-40) 10.1.0.5 fa:16:3e:38:30:e5
Oct 17 11:08:09.082667 podb-esxi207 dnsmasq-dhcp[2140523]: DHCPACK(tap1635a89d-40) 10.1.0.5 fa:16:3e:38:30:e5 host-10-1-0-5
Oct 17 11:08:10.142074 podb-esxi207 dnsmasq[2141457]: read /opt/stack/data/neutron/dhcp/34fd52fd-710d-40ba-b0ac-3444652e4e6a/addn_hosts - 2 names
Oct 17 11:08:10.142201 podb-esxi207 dnsmasq-dhcp[2141457]: read /opt/stack/data/neutron/dhcp/34fd52fd-710d-40ba-b0ac-3444652e4e6a/host
Oct 17 11:08:10.142308 podb-esxi207 dnsmasq-dhcp[2141457]: read /opt/stack/data/neutron/dhcp/34fd52fd-710d-40ba-b0ac-3444652e4e6a/opts
Oct 17 11:08:11.412440 podb-esxi207 dnsmasq[2141457]: read /opt/stack/data/neutron/dhcp/34fd52fd-710d-40ba-b0ac-3444652e4e6a/addn_hosts - 2 names
Oct 17 11:08:11.412570 podb-esxi207 dnsmasq-dhcp[2141457]: read /opt/stack/data/neutron/dhcp/34fd52fd-710d-40ba-b0ac-3444652e4e6a/host
Oct 17 11:08:11.412698 podb-esxi207 dnsmasq-dhcp[2141457]: read /opt/stack/data/neutron/dhcp/34fd52fd-710d-40ba-b0ac-3444652e4e6a/opts
Oct 17 11:08:12.661741 podb-esxi207 dnsmasq[2141457]: read /opt/stack/data/neutron/dhcp/34fd52fd-710d-40ba-b0ac-3444652e4e6a/addn_hosts - 2 names
Oct 17 11:08:12.661842 podb-esxi207 dnsmasq-dhcp[2141457]: read /opt/stack/data/neutron/dhcp/34fd52fd-710d-40ba-b0ac-3444652e4e6a/host
Oct 17 11:08:12.661947 podb-esxi207 dnsmasq-dhcp[2141457]: read /opt/stack/data/neutron/dhcp/34fd52fd-710d-40ba-b0ac-3444652e4e6a/opts
Oct 17 11:08:21.202227 podb-esxi207 dnsmasq[2138067]: read /opt/stack/data/neutron/dhcp/4deb4614-71b2-49d4-817f-760e78ba7663/addn_hosts - 6 names
Oct 17 11:08:21.202361 podb-esxi207 dnsmasq-dhcp[2138067]: read /opt/stack/data/neutron/dhcp/4deb4614-71b2-49d4-817f-760e78ba7663/host
Oct 17 11:08:21.202481 podb-esxi207 dnsmasq-dhcp[2138067]: read /opt/stack/data/neutron/dhcp/4deb4614-71b2-49d4-817f-760e78ba7663/opts
Oct 17 11:08:53.160292 podb-esxi207 dnsmasq[2141457]: read /opt/stack/data/neutron/dhcp/34fd52fd-710d-40ba-b0ac-3444652e4e6a/addn_hosts - 4 names
Oct 17 11:08:53.160390 podb-esxi207 dnsmasq-dhcp[2141457]: read /opt/stack/data/neutron/dhcp/34fd52fd-710d-40ba-b0ac-3444652e4e6a/host
Oct 17 11:08:53.160481 podb-esxi207 dnsmasq-dhcp[2141457]: read /opt/stack/data/neutron/dhcp/34fd52fd-710d-40ba-b0ac-3444652e4e6a/opts
Oct 17 11:09:04.968065 podb-esxi207 dnsmasq-dhcp[2138067]: DHCPDISCOVER(tapeb45e8c4-e3) fa:16:3e:33:62:75
Oct 17 11:09:04.968092 podb-esxi207 dnsmasq-dhcp[2138067]: DHCPOFFER(tapeb45e8c4-e3) 10.1.0.8 fa:16:3e:33:62:75
Oct 17 11:09:04.979179 podb-esxi207 dnsmasq-dhcp[2138067]: DHCPREQUEST(tapeb45e8c4-e3) 10.1.0.8 fa:16:3e:33:62:75
Oct 17 11:09:04.979213 podb-esxi207 dnsmasq-dhcp[2138067]: DHCPACK(tapeb45e8c4-e3) 10.1.0.8 fa:16:3e:33:62:75 host-10-1-0-8
