Oct 17 03:14:53.072319 podb-esxi207 systemd[1]: Starting Devstack devstack@n-api.service...
Oct 17 03:14:53.083862 podb-esxi207 devstack@n-api.service[1483919]: [uWSGI] getting INI configuration from /etc/nova/nova-api-uwsgi.ini
Oct 17 03:14:53.086761 podb-esxi207 devstack@n-api.service[1483919]: *** Starting uWSGI 2.0.20-debian (64bit) on [Fri Oct 17 03:14:53 2025] ***
Oct 17 03:14:53.086761 podb-esxi207 devstack@n-api.service[1483919]: compiled with version: 11.2.0 on 21 March 2022 11:00:44
Oct 17 03:14:53.086761 podb-esxi207 devstack@n-api.service[1483919]: os: Linux-5.15.0-157-generic #167-Ubuntu SMP Wed Sep 17 21:35:53 UTC 2025
Oct 17 03:14:53.086761 podb-esxi207 devstack@n-api.service[1483919]: nodename: podb-esxi207
Oct 17 03:14:53.086761 podb-esxi207 devstack@n-api.service[1483919]: machine: x86_64
Oct 17 03:14:53.086761 podb-esxi207 devstack@n-api.service[1483919]: clock source: unix
Oct 17 03:14:53.086761 podb-esxi207 devstack@n-api.service[1483919]: pcre jit disabled
Oct 17 03:14:53.086761 podb-esxi207 devstack@n-api.service[1483919]: detected number of CPU cores: 152
Oct 17 03:14:53.086761 podb-esxi207 devstack@n-api.service[1483919]: current working directory: /
Oct 17 03:14:53.086761 podb-esxi207 devstack@n-api.service[1483919]: detected binary path: /usr/bin/uwsgi-core
Oct 17 03:14:53.086761 podb-esxi207 devstack@n-api.service[1483919]: your processes number limit is 1029247
Oct 17 03:14:53.086761 podb-esxi207 devstack@n-api.service[1483919]: your memory page size is 4096 bytes
Oct 17 03:14:53.086761 podb-esxi207 devstack@n-api.service[1483919]: detected max file descriptor number: 2048
Oct 17 03:14:53.086761 podb-esxi207 devstack@n-api.service[1483919]: lock engine: pthread robust mutexes
Oct 17 03:14:53.088074 podb-esxi207 devstack@n-api.service[1483919]: thunder lock: enabled
Oct 17 03:14:53.088074 podb-esxi207 devstack@n-api.service[1483919]: uwsgi socket 0 bound to UNIX address /var/run/uwsgi/nova-api.socket fd 4
Oct 17 03:14:53.088074 podb-esxi207 devstack@n-api.service[1483919]: Python version: 3.10.12 (main, Aug 15 2025, 14:32:43) [GCC 11.4.0]
Oct 17 03:14:53.088074 podb-esxi207 devstack@n-api.service[1483919]: PEP 405 virtualenv detected: /opt/stack/data/venv
Oct 17 03:14:53.088074 podb-esxi207 devstack@n-api.service[1483919]: Set PythonHome to /opt/stack/data/venv
Oct 17 03:14:53.129107 podb-esxi207 devstack@n-api.service[1483919]: Python main interpreter initialized at 0x5609f0ed7390
Oct 17 03:14:53.129107 podb-esxi207 devstack@n-api.service[1483919]: python threads support enabled
Oct 17 03:14:53.129107 podb-esxi207 devstack@n-api.service[1483919]: your server socket listen backlog is limited to 100 connections
Oct 17 03:14:53.129107 podb-esxi207 devstack@n-api.service[1483919]: your mercy for graceful operations on workers is 80 seconds
Oct 17 03:14:53.129981 podb-esxi207 devstack@n-api.service[1483919]: mapped 671795 bytes (656 KB) for 4 cores
Oct 17 03:14:53.129981 podb-esxi207 devstack@n-api.service[1483919]: *** Operational MODE: preforking ***
Oct 17 03:14:53.129981 podb-esxi207 devstack@n-api.service[1483919]: *** uWSGI is running in multiple interpreter mode ***
Oct 17 03:14:53.129981 podb-esxi207 devstack@n-api.service[1483919]: spawned uWSGI master process (pid: 1483919)
Oct 17 03:14:53.129977 podb-esxi207 systemd[1]: Started Devstack devstack@n-api.service.
Oct 17 03:14:53.130903 podb-esxi207 devstack@n-api.service[1483919]: spawned uWSGI worker 1 (pid: 1483920, cores: 1)
Oct 17 03:14:53.130903 podb-esxi207 devstack@n-api.service[1483919]: spawned uWSGI worker 2 (pid: 1483921, cores: 1)
Oct 17 03:14:53.130903 podb-esxi207 devstack@n-api.service[1483919]: spawned uWSGI worker 3 (pid: 1483922, cores: 1)
Oct 17 03:14:53.130903 podb-esxi207 devstack@n-api.service[1483919]: spawned uWSGI worker 4 (pid: 1483923, cores: 1)
Oct 17 03:14:53.131301 podb-esxi207 devstack@n-api.service[1483919]: running "unix_signal:15 gracefully_kill_them_all" (master-start)...
Oct 17 03:14:56.078959 podb-esxi207 devstack@n-api.service[1483922]: WSGI app 0 (mountpoint='') ready in 3 seconds on interpreter 0x5609f0ed7390 pid: 1483922 (default app)
Oct 17 03:14:56.082664 podb-esxi207 devstack@n-api.service[1483922]: [pid: 1483922|app: 0|req: 1/1] 172.25.66.207 () {50 vars in 792 bytes} [Fri Oct 17 03:14:56 2025] GET /compute/v2.1/ => generated 391 bytes in 3 msecs (HTTP/1.1 200) 9 headers in 357 bytes (1 switches on core 0)
Oct 17 03:14:56.309332 podb-esxi207 devstack@n-api.service[1483920]: WSGI app 0 (mountpoint='') ready in 3 seconds on interpreter 0x5609f0ed7390 pid: 1483920 (default app)
Oct 17 03:14:56.310391 podb-esxi207 devstack@n-api.service[1483921]: WSGI app 0 (mountpoint='') ready in 3 seconds on interpreter 0x5609f0ed7390 pid: 1483921 (default app)
Oct 17 03:14:56.321376 podb-esxi207 devstack@n-api.service[1483923]: WSGI app 0 (mountpoint='') ready in 3 seconds on interpreter 0x5609f0ed7390 pid: 1483923 (default app)
Oct 17 03:16:10.267126 podb-esxi207 devstack@n-api.service[1483922]: [pid: 1483922|app: 0|req: 2/2] 172.25.66.207 () {54 vars in 935 bytes} [Fri Oct 17 03:16:10 2025] GET /compute/v2.1 => generated 391 bytes in 13 msecs (HTTP/1.1 200) 9 headers in 357 bytes (1 switches on core 0)
Oct 17 03:16:10.950868 podb-esxi207 devstack@n-api.service[1483920]: [pid: 1483920|app: 0|req: 1/3] 172.25.66.207 () {60 vars in 1296 bytes} [Fri Oct 17 03:16:10 2025] GET /compute/v2.1/flavors/detail?is_public=True => generated 15 bytes in 676 msecs (HTTP/1.1 200) 9 headers in 358 bytes (1 switches on core 0)
Oct 17 03:16:12.450964 podb-esxi207 devstack@n-api.service[1483921]: [pid: 1483921|app: 0|req: 1/4] 172.25.66.207 () {54 vars in 935 bytes} [Fri Oct 17 03:16:12 2025] GET /compute/v2.1 => generated 391 bytes in 14 msecs (HTTP/1.1 200) 9 headers in 357 bytes (1 switches on core 0)
Oct 17 03:16:13.439092 podb-esxi207 devstack@n-api.service[1483923]: [pid: 1483923|app: 0|req: 1/5] 172.25.66.207 () {64 vars in 1287 bytes} [Fri Oct 17 03:16:12 2025] POST /compute/v2.1/flavors => generated 411 bytes in 979 msecs (HTTP/1.1 200) 9 headers in 359 bytes (1 switches on core 0)
Oct 17 03:16:13.602296 podb-esxi207 devstack@n-api.service[1483922]: [pid: 1483922|app: 0|req: 3/6] 172.25.66.207 () {64 vars in 1340 bytes} [Fri Oct 17 03:16:13 2025] POST /compute/v2.1/flavors/c1/os-extra_specs => generated 43 bytes in 150 msecs (HTTP/1.1 200) 9 headers in 358 bytes (1 switches on core 0)
Oct 17 03:16:15.117499 podb-esxi207 devstack@n-api.service[1483920]: [pid: 1483920|app: 0|req: 2/7] 172.25.66.207 () {54 vars in 935 bytes} [Fri Oct 17 03:16:15 2025] GET /compute/v2.1 => generated 391 bytes in 12 msecs (HTTP/1.1 200) 9 headers in 357 bytes (1 switches on core 0)
Oct 17 03:16:16.081093 podb-esxi207 devstack@n-api.service[1483921]: [pid: 1483921|app: 0|req: 2/8] 172.25.66.207 () {64 vars in 1287 bytes} [Fri Oct 17 03:16:15 2025] POST /compute/v2.1/flavors => generated 408 bytes in 955 msecs (HTTP/1.1 200) 9 headers in 359 bytes (1 switches on core 0)
Oct 17 03:16:16.156160 podb-esxi207 devstack@n-api.service[1483923]: [pid: 1483923|app: 0|req: 2/9] 172.25.66.207 () {64 vars in 1340 bytes} [Fri Oct 17 03:16:16 2025] POST /compute/v2.1/flavors/d1/os-extra_specs => generated 43 bytes in 62 msecs (HTTP/1.1 200) 9 headers in 358 bytes (1 switches on core 0)
Oct 17 03:16:17.749753 podb-esxi207 devstack@n-api.service[1483922]: [pid: 1483922|app: 0|req: 4/10] 172.25.66.207 () {54 vars in 935 bytes} [Fri Oct 17 03:16:17 2025] GET /compute/v2.1 => generated 391 bytes in 12 msecs (HTTP/1.1 200) 9 headers in 357 bytes (1 switches on core 0)
Oct 17 03:16:18.079455 podb-esxi207 devstack@n-api.service[1483920]: [pid: 1483920|app: 0|req: 3/11] 172.25.66.207 () {64 vars in 1287 bytes} [Fri Oct 17 03:16:17 2025] POST /compute/v2.1/flavors => generated 408 bytes in 321 msecs (HTTP/1.1 200) 9 headers in 359 bytes (1 switches on core 0)
Oct 17 03:16:18.153187 podb-esxi207 devstack@n-api.service[1483921]: [pid: 1483921|app: 0|req: 3/12] 172.25.66.207 () {64 vars in 1340 bytes} [Fri Oct 17 03:16:18 2025] POST /compute/v2.1/flavors/d2/os-extra_specs => generated 43 bytes in 61 msecs (HTTP/1.1 200) 9 headers in 358 bytes (1 switches on core 0)
Oct 17 03:16:19.621994 podb-esxi207 devstack@n-api.service[1483923]: [pid: 1483923|app: 0|req: 3/13] 172.25.66.207 () {54 vars in 935 bytes} [Fri Oct 17 03:16:19 2025] GET /compute/v2.1 => generated 391 bytes in 6 msecs (HTTP/1.1 200) 9 headers in 357 bytes (1 switches on core 0)
Oct 17 03:16:20.383604 podb-esxi207 devstack@n-api.service[1483922]: [pid: 1483922|app: 0|req: 5/14] 172.25.66.207 () {64 vars in 1287 bytes} [Fri Oct 17 03:16:19 2025] POST /compute/v2.1/flavors => generated 408 bytes in 757 msecs (HTTP/1.1 200) 9 headers in 359 bytes (1 switches on core 0)
Oct 17 03:16:20.455114 podb-esxi207 devstack@n-api.service[1483920]: [pid: 1483920|app: 0|req: 4/15] 172.25.66.207 () {64 vars in 1340 bytes} [Fri Oct 17 03:16:20 2025] POST /compute/v2.1/flavors/d3/os-extra_specs => generated 43 bytes in 59 msecs (HTTP/1.1 200) 9 headers in 358 bytes (1 switches on core 0)
Oct 17 03:16:21.971046 podb-esxi207 devstack@n-api.service[1483921]: [pid: 1483921|app: 0|req: 4/16] 172.25.66.207 () {54 vars in 935 bytes} [Fri Oct 17 03:16:21 2025] GET /compute/v2.1 => generated 391 bytes in 13 msecs (HTTP/1.1 200) 9 headers in 357 bytes (1 switches on core 0)
Oct 17 03:16:22.199594 podb-esxi207 devstack@n-api.service[1483923]: [pid: 1483923|app: 0|req: 4/17] 172.25.66.207 () {64 vars in 1287 bytes} [Fri Oct 17 03:16:21 2025] POST /compute/v2.1/flavors => generated 408 bytes in 224 msecs (HTTP/1.1 200) 9 headers in 359 bytes (1 switches on core 0)
Oct 17 03:16:22.256309 podb-esxi207 devstack@n-api.service[1483922]: [pid: 1483922|app: 0|req: 6/18] 172.25.66.207 () {64 vars in 1340 bytes} [Fri Oct 17 03:16:22 2025] POST /compute/v2.1/flavors/d4/os-extra_specs => generated 43 bytes in 45 msecs (HTTP/1.1 200) 9 headers in 358 bytes (1 switches on core 0)
Oct 17 03:16:23.780133 podb-esxi207 devstack@n-api.service[1483920]: [pid: 1483920|app: 0|req: 5/19] 172.25.66.207 () {54 vars in 935 bytes} [Fri Oct 17 03:16:23 2025] GET /compute/v2.1 => generated 391 bytes in 11 msecs (HTTP/1.1 200) 9 headers in 357 bytes (1 switches on core 0)
Oct 17 03:16:24.157626 podb-esxi207 devstack@n-api.service[1483921]: [pid: 1483921|app: 0|req: 5/20] 172.25.66.207 () {60 vars in 1296 bytes} [Fri Oct 17 03:16:23 2025] GET /compute/v2.1/flavors/detail?is_public=True => generated 2126 bytes in 373 msecs (HTTP/1.1 200) 9 headers in 360 bytes (1 switches on core 0)
Oct 17 03:16:25.687663 podb-esxi207 devstack@n-api.service[1483923]: [pid: 1483923|app: 0|req: 5/21] 172.25.66.207 () {54 vars in 935 bytes} [Fri Oct 17 03:16:25 2025] GET /compute/v2.1 => generated 391 bytes in 6 msecs (HTTP/1.1 200) 9 headers in 357 bytes (1 switches on core 0)
Oct 17 03:16:26.071781 podb-esxi207 devstack@n-api.service[1483922]: [pid: 1483922|app: 0|req: 7/22] 172.25.66.207 () {64 vars in 1287 bytes} [Fri Oct 17 03:16:25 2025] POST /compute/v2.1/flavors => generated 406 bytes in 380 msecs (HTTP/1.1 200) 9 headers in 359 bytes (1 switches on core 0)
Oct 17 03:16:26.125122 podb-esxi207 devstack@n-api.service[1483920]: [pid: 1483920|app: 0|req: 6/23] 172.25.66.207 () {64 vars in 1337 bytes} [Fri Oct 17 03:16:26 2025] POST /compute/v2.1/flavors/1/os-extra_specs => generated 43 bytes in 41 msecs (HTTP/1.1 200) 9 headers in 358 bytes (1 switches on core 0)
Oct 17 03:16:27.658980 podb-esxi207 devstack@n-api.service[1483921]: [pid: 1483921|app: 0|req: 6/24] 172.25.66.207 () {54 vars in 935 bytes} [Fri Oct 17 03:16:27 2025] GET /compute/v2.1 => generated 391 bytes in 11 msecs (HTTP/1.1 200) 9 headers in 357 bytes (1 switches on core 0)
Oct 17 03:16:27.943903 podb-esxi207 devstack@n-api.service[1483923]: [pid: 1483923|app: 0|req: 6/25] 172.25.66.207 () {64 vars in 1287 bytes} [Fri Oct 17 03:16:27 2025] POST /compute/v2.1/flavors => generated 409 bytes in 281 msecs (HTTP/1.1 200) 9 headers in 359 bytes (1 switches on core 0)
Oct 17 03:16:28.005718 podb-esxi207 devstack@n-api.service[1483922]: [pid: 1483922|app: 0|req: 8/26] 172.25.66.207 () {64 vars in 1337 bytes} [Fri Oct 17 03:16:27 2025] POST /compute/v2.1/flavors/2/os-extra_specs => generated 43 bytes in 50 msecs (HTTP/1.1 200) 9 headers in 358 bytes (1 switches on core 0)
Oct 17 03:16:29.544022 podb-esxi207 devstack@n-api.service[1483920]: [pid: 1483920|app: 0|req: 7/27] 172.25.66.207 () {54 vars in 935 bytes} [Fri Oct 17 03:16:29 2025] GET /compute/v2.1 => generated 391 bytes in 11 msecs (HTTP/1.1 200) 9 headers in 357 bytes (1 switches on core 0)
Oct 17 03:16:30.002239 podb-esxi207 devstack@n-api.service[1483921]: [pid: 1483921|app: 0|req: 7/28] 172.25.66.207 () {64 vars in 1287 bytes} [Fri Oct 17 03:16:29 2025] POST /compute/v2.1/flavors => generated 410 bytes in 454 msecs (HTTP/1.1 200) 9 headers in 359 bytes (1 switches on core 0)
Oct 17 03:16:30.053356 podb-esxi207 devstack@n-api.service[1483923]: [pid: 1483923|app: 0|req: 7/29] 172.25.66.207 () {64 vars in 1337 bytes} [Fri Oct 17 03:16:30 2025] POST /compute/v2.1/flavors/3/os-extra_specs => generated 43 bytes in 38 msecs (HTTP/1.1 200) 9 headers in 358 bytes (1 switches on core 0)
Oct 17 03:16:31.567724 podb-esxi207 devstack@n-api.service[1483922]: [pid: 1483922|app: 0|req: 9/30] 172.25.66.207 () {54 vars in 935 bytes} [Fri Oct 17 03:16:31 2025] GET /compute/v2.1 => generated 391 bytes in 12 msecs (HTTP/1.1 200) 9 headers in 357 bytes (1 switches on core 0)
Oct 17 03:16:31.855848 podb-esxi207 devstack@n-api.service[1483920]: [pid: 1483920|app: 0|req: 8/31] 172.25.66.207 () {64 vars in 1287 bytes} [Fri Oct 17 03:16:31 2025] POST /compute/v2.1/flavors => generated 409 bytes in 284 msecs (HTTP/1.1 200) 9 headers in 359 bytes (1 switches on core 0)
Oct 17 03:16:31.906766 podb-esxi207 devstack@n-api.service[1483921]: [pid: 1483921|app: 0|req: 8/32] 172.25.66.207 () {64 vars in 1337 bytes} [Fri Oct 17 03:16:31 2025] POST /compute/v2.1/flavors/4/os-extra_specs => generated 43 bytes in 38 msecs (HTTP/1.1 200) 9 headers in 358 bytes (1 switches on core 0)
Oct 17 03:16:33.489270 podb-esxi207 devstack@n-api.service[1483923]: [pid: 1483923|app: 0|req: 8/33] 172.25.66.207 () {54 vars in 935 bytes} [Fri Oct 17 03:16:33 2025] GET /compute/v2.1 => generated 391 bytes in 12 msecs (HTTP/1.1 200) 9 headers in 357 bytes (1 switches on core 0)
Oct 17 03:16:33.994160 podb-esxi207 devstack@n-api.service[1483922]: [pid: 1483922|app: 0|req: 10/34] 172.25.66.207 () {64 vars in 1287 bytes} [Fri Oct 17 03:16:33 2025] POST /compute/v2.1/flavors => generated 412 bytes in 500 msecs (HTTP/1.1 200) 9 headers in 359 bytes (1 switches on core 0)
Oct 17 03:16:34.044280 podb-esxi207 devstack@n-api.service[1483920]: [pid: 1483920|app: 0|req: 9/35] 172.25.66.207 () {64 vars in 1337 bytes} [Fri Oct 17 03:16:34 2025] POST /compute/v2.1/flavors/5/os-extra_specs => generated 43 bytes in 38 msecs (HTTP/1.1 200) 9 headers in 358 bytes (1 switches on core 0)
Oct 17 03:16:45.391762 podb-esxi207 devstack@n-api.service[1483921]: [pid: 1483921|app: 0|req: 9/36] 172.25.66.207 () {54 vars in 935 bytes} [Fri Oct 17 03:16:45 2025] GET /compute/v2.1 => generated 391 bytes in 12 msecs (HTTP/1.1 200) 9 headers in 357 bytes (1 switches on core 0)
Oct 17 03:16:45.867973 podb-esxi207 devstack@n-api.service[1483923]: [pid: 1483923|app: 0|req: 9/37] 172.25.66.207 () {60 vars in 1333 bytes} [Fri Oct 17 03:16:45 2025] GET /compute/v2.1/os-services?binary=nova-compute&host=podb-esxi207 => generated 255 bytes in 469 msecs (HTTP/1.1 200) 9 headers in 359 bytes (1 switches on core 0)
Oct 17 03:17:13.384201 podb-esxi207 devstack@n-api.service[1483922]: [pid: 1483922|app: 0|req: 11/38] 172.25.66.207 () {54 vars in 935 bytes} [Fri Oct 17 03:17:13 2025] GET /compute/v2.1 => generated 391 bytes in 12 msecs (HTTP/1.1 200) 9 headers in 357 bytes (1 switches on core 0)
Oct 17 03:17:13.793016 podb-esxi207 devstack@n-api.service[1483920]: [pid: 1483920|app: 0|req: 10/39] 172.25.66.207 () {60 vars in 1296 bytes} [Fri Oct 17 03:17:13 2025] GET /compute/v2.1/flavors/detail?is_public=True => generated 4242 bytes in 401 msecs (HTTP/1.1 200) 9 headers in 360 bytes (1 switches on core 0)
Oct 17 03:17:17.556018 podb-esxi207 devstack@n-api.service[1483921]: [pid: 1483921|app: 0|req: 10/40] 172.25.66.207 () {54 vars in 935 bytes} [Fri Oct 17 03:17:17 2025] GET /compute/v2.1 => generated 391 bytes in 12 msecs (HTTP/1.1 200) 9 headers in 357 bytes (1 switches on core 0)
Oct 17 03:17:17.892428 podb-esxi207 devstack@n-api.service[1483923]: [pid: 1483923|app: 0|req: 10/41] 172.25.66.207 () {64 vars in 1287 bytes} [Fri Oct 17 03:17:17 2025] POST /compute/v2.1/flavors => generated 409 bytes in 328 msecs (HTTP/1.1 200) 9 headers in 359 bytes (1 switches on core 0)
Oct 17 03:17:17.937296 podb-esxi207 devstack@n-api.service[1483922]: [pid: 1483922|app: 0|req: 12/42] 172.25.66.207 () {64 vars in 1340 bytes} [Fri Oct 17 03:17:17 2025] POST /compute/v2.1/flavors/42/os-extra_specs => generated 43 bytes in 37 msecs (HTTP/1.1 200) 9 headers in 358 bytes (1 switches on core 0)
Oct 17 03:17:21.725368 podb-esxi207 devstack@n-api.service[1483920]: [pid: 1483920|app: 0|req: 11/43] 172.25.66.207 () {54 vars in 935 bytes} [Fri Oct 17 03:17:21 2025] GET /compute/v2.1 => generated 391 bytes in 12 msecs (HTTP/1.1 200) 9 headers in 357 bytes (1 switches on core 0)
Oct 17 03:17:22.079307 podb-esxi207 devstack@n-api.service[1483921]: [pid: 1483921|app: 0|req: 11/44] 172.25.66.207 () {64 vars in 1287 bytes} [Fri Oct 17 03:17:21 2025] POST /compute/v2.1/flavors => generated 410 bytes in 349 msecs (HTTP/1.1 200) 9 headers in 359 bytes (1 switches on core 0)
Oct 17 03:17:22.137920 podb-esxi207 devstack@n-api.service[1483923]: [pid: 1483923|app: 0|req: 11/45] 172.25.66.207 () {64 vars in 1340 bytes} [Fri Oct 17 03:17:22 2025] POST /compute/v2.1/flavors/84/os-extra_specs => generated 43 bytes in 46 msecs (HTTP/1.1 200) 9 headers in 358 bytes (1 switches on core 0)
Oct 17 03:23:50.273821 podb-esxi207 devstack@n-api.service[1483922]: [pid: 1483922|app: 0|req: 13/46] 172.25.66.207 () {54 vars in 935 bytes} [Fri Oct 17 03:23:50 2025] GET /compute/v2.1 => generated 391 bytes in 12 msecs (HTTP/1.1 200) 9 headers in 357 bytes (1 switches on core 0)
Oct 17 03:23:50.471577 podb-esxi207 devstack@n-api.service[1483920]: [pid: 1483920|app: 0|req: 12/47] 172.25.66.207 () {60 vars in 1294 bytes} [Fri Oct 17 03:23:50 2025] GET /compute/v2.1/servers/detail?deleted=False => generated 15 bytes in 188 msecs (HTTP/1.1 200) 9 headers in 358 bytes (1 switches on core 0)
Oct 17 03:24:23.545912 podb-esxi207 devstack@n-api.service[1483921]: [pid: 1483921|app: 0|req: 12/48] 172.25.66.207 () {62 vars in 1204 bytes} [Fri Oct 17 03:24:23 2025] POST /compute/v2.1/os-keypairs => generated 401 bytes in 217 msecs (HTTP/1.1 201) 9 headers in 364 bytes (1 switches on core 0)
Oct 17 03:24:31.009661 podb-esxi207 devstack@n-api.service[1483923]: [pid: 1483923|app: 0|req: 12/49] 172.25.66.207 () {60 vars in 1163 bytes} [Fri Oct 17 03:24:30 2025] POST /compute/v2.1/os-keypairs => generated 385 bytes in 261 msecs (HTTP/1.1 200) 9 headers in 357 bytes (1 switches on core 0)
Oct 17 03:24:33.209682 podb-esxi207 devstack@n-api.service[1483922]: [pid: 1483922|app: 0|req: 14/50] 172.25.66.207 () {60 vars in 1151 bytes} [Fri Oct 17 03:24:32 2025] POST /compute/v2.1/servers => generated 409 bytes in 1108 msecs (HTTP/1.1 202) 10 headers in 453 bytes (1 switches on core 0)
Oct 17 03:24:33.474887 podb-esxi207 devstack@n-api.service[1483920]: [pid: 1483920|app: 0|req: 13/51] 172.25.66.207 () {58 vars in 1240 bytes} [Fri Oct 17 03:24:33 2025] GET /compute/v2.1/servers/e779347f-89ce-48cc-b2b0-8450c6a05382 => generated 1250 bytes in 254 msecs (HTTP/1.1 200) 9 headers in 358 bytes (1 switches on core 0)
Oct 17 03:24:34.713485 podb-esxi207 devstack@n-api.service[1483921]: [pid: 1483921|app: 0|req: 13/52] 172.25.66.207 () {58 vars in 1240 bytes} [Fri Oct 17 03:24:34 2025] GET /compute/v2.1/servers/e779347f-89ce-48cc-b2b0-8450c6a05382 => generated 1250 bytes in 210 msecs (HTTP/1.1 200) 9 headers in 358 bytes (1 switches on core 0)
Oct 17 03:24:36.029261 podb-esxi207 devstack@n-api.service[1483922]: [pid: 1483922|app: 0|req: 15/53] 172.25.66.207 () {60 vars in 1163 bytes} [Fri Oct 17 03:24:35 2025] POST /compute/v2.1/os-keypairs => generated 386 bytes in 173 msecs (HTTP/1.1 200) 9 headers in 357 bytes (1 switches on core 0)
Oct 17 03:24:36.500379 podb-esxi207 devstack@n-api.service[1483923]: [pid: 1483923|app: 0|req: 13/54] 172.25.66.207 () {58 vars in 1240 bytes} [Fri Oct 17 03:24:35 2025] GET /compute/v2.1/servers/e779347f-89ce-48cc-b2b0-8450c6a05382 => generated 1302 bytes in 760 msecs (HTTP/1.1 200) 9 headers in 358 bytes (1 switches on core 0)
Oct 17 03:24:37.777282 podb-esxi207 devstack@n-api.service[1483921]: [pid: 1483921|app: 0|req: 14/55] 172.25.66.207 () {58 vars in 1240 bytes} [Fri Oct 17 03:24:37 2025] GET /compute/v2.1/servers/e779347f-89ce-48cc-b2b0-8450c6a05382 => generated 1302 bytes in 251 msecs (HTTP/1.1 200) 9 headers in 358 bytes (1 switches on core 0)
Oct 17 03:24:38.384648 podb-esxi207 devstack@n-api.service[1483920]: [pid: 1483920|app: 0|req: 14/56] 172.25.66.207 () {60 vars in 1151 bytes} [Fri Oct 17 03:24:37 2025] POST /compute/v2.1/servers => generated 410 bytes in 1133 msecs (HTTP/1.1 202) 10 headers in 453 bytes (1 switches on core 0)
Oct 17 03:24:38.482245 podb-esxi207 devstack@n-api.service[1483922]: [pid: 1483922|app: 0|req: 16/57] 172.25.66.207 () {58 vars in 1240 bytes} [Fri Oct 17 03:24:38 2025] GET /compute/v2.1/servers/80574f23-297c-42fd-bb72-8336105c17be => generated 1251 bytes in 88 msecs (HTTP/1.1 200) 9 headers in 358 bytes (1 switches on core 0)
Oct 17 03:24:38.901270 podb-esxi207 devstack@n-api.service[1483923]: [pid: 1483923|app: 0|req: 14/58] 172.25.66.207 () {58 vars in 1240 bytes} [Fri Oct 17 03:24:38 2025] GET /compute/v2.1/servers/e779347f-89ce-48cc-b2b0-8450c6a05382 => generated 1310 bytes in 100 msecs (HTTP/1.1 200) 9 headers in 358 bytes (1 switches on core 0)
Oct 17 03:24:39.602233 podb-esxi207 devstack@n-api.service[1483921]: [pid: 1483921|app: 0|req: 15/59] 172.25.66.207 () {58 vars in 1240 bytes} [Fri Oct 17 03:24:39 2025] GET /compute/v2.1/servers/80574f23-297c-42fd-bb72-8336105c17be => generated 1255 bytes in 93 msecs (HTTP/1.1 200) 9 headers in 358 bytes (1 switches on core 0)
Oct 17 03:24:40.196043 podb-esxi207 devstack@n-api.service[1483920]: [pid: 1483920|app: 0|req: 15/60] 172.25.66.207 () {58 vars in 1240 bytes} [Fri Oct 17 03:24:39 2025] GET /compute/v2.1/servers/e779347f-89ce-48cc-b2b0-8450c6a05382 => generated 1387 bytes in 273 msecs (HTTP/1.1 200) 9 headers in 358 bytes (1 switches on core 0)
Oct 17 03:24:40.742425 podb-esxi207 devstack@n-api.service[1483923]: [pid: 1483923|app: 0|req: 15/61] 172.25.66.207 () {58 vars in 1240 bytes} [Fri Oct 17 03:24:40 2025] GET /compute/v2.1/servers/80574f23-297c-42fd-bb72-8336105c17be => generated 1303 bytes in 114 msecs (HTTP/1.1 200) 9 headers in 358 bytes (1 switches on core 0)
Oct 17 03:24:40.856062 podb-esxi207 devstack@n-api.service[1483922]: [pid: 1483922|app: 0|req: 17/62] 172.25.66.207 () {64 vars in 1321 bytes} [Fri Oct 17 03:24:40 2025] POST /compute/v2.1/os-server-external-events => generated 179 bytes in 454 msecs (HTTP/1.1 200) 9 headers in 357 bytes (1 switches on core 0)
Oct 17 03:24:41.395699 podb-esxi207 devstack@n-api.service[1483921]: [pid: 1483921|app: 0|req: 16/63] 172.25.66.207 () {58 vars in 1240 bytes} [Fri Oct 17 03:24:41 2025] GET /compute/v2.1/servers/e779347f-89ce-48cc-b2b0-8450c6a05382 => generated 1375 bytes in 182 msecs (HTTP/1.1 200) 9 headers in 358 bytes (1 switches on core 0)
Oct 17 03:24:41.871803 podb-esxi207 devstack@n-api.service[1483920]: [pid: 1483920|app: 0|req: 16/64] 172.25.66.207 () {58 vars in 1240 bytes} [Fri Oct 17 03:24:41 2025] GET /compute/v2.1/servers/80574f23-297c-42fd-bb72-8336105c17be => generated 1303 bytes in 103 msecs (HTTP/1.1 200) 9 headers in 358 bytes (1 switches on core 0)
Oct 17 03:24:42.638637 podb-esxi207 devstack@n-api.service[1483923]: [pid: 1483923|app: 0|req: 16/65] 172.25.66.207 () {58 vars in 1240 bytes} [Fri Oct 17 03:24:42 2025] GET /compute/v2.1/servers/e779347f-89ce-48cc-b2b0-8450c6a05382 => generated 1375 bytes in 217 msecs (HTTP/1.1 200) 9 headers in 358 bytes (1 switches on core 0)
Oct 17 03:24:43.027024 podb-esxi207 devstack@n-api.service[1483922]: [pid: 1483922|app: 0|req: 18/66] 172.25.66.207 () {58 vars in 1240 bytes} [Fri Oct 17 03:24:42 2025] GET /compute/v2.1/servers/80574f23-297c-42fd-bb72-8336105c17be => generated 1303 bytes in 130 msecs (HTTP/1.1 200) 9 headers in 358 bytes (1 switches on core 0)
Oct 17 03:24:43.835544 podb-esxi207 devstack@n-api.service[1483921]: [pid: 1483921|app: 0|req: 17/67] 172.25.66.207 () {58 vars in 1240 bytes} [Fri Oct 17 03:24:43 2025] GET /compute/v2.1/servers/e779347f-89ce-48cc-b2b0-8450c6a05382 => generated 1375 bytes in 171 msecs (HTTP/1.1 200) 9 headers in 358 bytes (1 switches on core 0)
Oct 17 03:24:44.159675 podb-esxi207 devstack@n-api.service[1483920]: [pid: 1483920|app: 0|req: 17/68] 172.25.66.207 () {58 vars in 1240 bytes} [Fri Oct 17 03:24:44 2025] GET /compute/v2.1/servers/80574f23-297c-42fd-bb72-8336105c17be => generated 1311 bytes in 107 msecs (HTTP/1.1 200) 9 headers in 358 bytes (1 switches on core 0)
Oct 17 03:24:44.965050 podb-esxi207 devstack@n-api.service[1483922]: [pid: 1483922|app: 0|req: 19/69] 172.25.66.207 () {64 vars in 1321 bytes} [Fri Oct 17 03:24:44 2025] POST /compute/v2.1/os-server-external-events => generated 179 bytes in 40 msecs (HTTP/1.1 200) 9 headers in 357 bytes (1 switches on core 0)
Oct 17 03:24:45.027340 podb-esxi207 devstack@n-api.service[1483923]: [pid: 1483923|app: 0|req: 17/70] 172.25.66.207 () {58 vars in 1240 bytes} [Fri Oct 17 03:24:44 2025] GET /compute/v2.1/servers/e779347f-89ce-48cc-b2b0-8450c6a05382 => generated 1375 bytes in 166 msecs (HTTP/1.1 200) 9 headers in 358 bytes (1 switches on core 0)
Oct 17 03:24:45.386413 podb-esxi207 devstack@n-api.service[1483921]: [pid: 1483921|app: 0|req: 18/71] 172.25.66.207 () {58 vars in 1240 bytes} [Fri Oct 17 03:24:45 2025] GET /compute/v2.1/servers/80574f23-297c-42fd-bb72-8336105c17be => generated 1389 bytes in 198 msecs (HTTP/1.1 200) 9 headers in 358 bytes (1 switches on core 0)
Oct 17 03:24:46.259336 podb-esxi207 devstack@n-api.service[1483920]: [pid: 1483920|app: 0|req: 18/72] 172.25.66.207 () {58 vars in 1240 bytes} [Fri Oct 17 03:24:46 2025] GET /compute/v2.1/servers/e779347f-89ce-48cc-b2b0-8450c6a05382 => generated 1375 bytes in 206 msecs (HTTP/1.1 200) 9 headers in 358 bytes (1 switches on core 0)
Oct 17 03:24:46.562575 podb-esxi207 devstack@n-api.service[1483922]: [pid: 1483922|app: 0|req: 20/73] 172.25.66.207 () {58 vars in 1240 bytes} [Fri Oct 17 03:24:46 2025] GET /compute/v2.1/servers/80574f23-297c-42fd-bb72-8336105c17be => generated 1377 bytes in 151 msecs (HTTP/1.1 200) 9 headers in 358 bytes (1 switches on core 0)
Oct 17 03:24:46.882807 podb-esxi207 devstack@n-api.service[1483923]: [pid: 1483923|app: 0|req: 18/74] 172.25.66.207 () {64 vars in 1321 bytes} [Fri Oct 17 03:24:46 2025] POST /compute/v2.1/os-server-external-events => generated 183 bytes in 212 msecs (HTTP/1.1 200) 9 headers in 357 bytes (1 switches on core 0)
Oct 17 03:24:47.468588 podb-esxi207 devstack@n-api.service[1483921]: [pid: 1483921|app: 0|req: 19/75] 172.25.66.207 () {58 vars in 1240 bytes} [Fri Oct 17 03:24:47 2025] GET /compute/v2.1/servers/e779347f-89ce-48cc-b2b0-8450c6a05382 => generated 1375 bytes in 180 msecs (HTTP/1.1 200) 9 headers in 358 bytes (1 switches on core 0)
Oct 17 03:24:47.767791 podb-esxi207 devstack@n-api.service[1483920]: [pid: 1483920|app: 0|req: 19/76] 172.25.66.207 () {58 vars in 1240 bytes} [Fri Oct 17 03:24:47 2025] GET /compute/v2.1/servers/80574f23-297c-42fd-bb72-8336105c17be => generated 1377 bytes in 179 msecs (HTTP/1.1 200) 9 headers in 358 bytes (1 switches on core 0)
Oct 17 03:24:48.647478 podb-esxi207 devstack@n-api.service[1483922]: [pid: 1483922|app: 0|req: 21/77] 172.25.66.207 () {58 vars in 1240 bytes} [Fri Oct 17 03:24:48 2025] GET /compute/v2.1/servers/e779347f-89ce-48cc-b2b0-8450c6a05382 => generated 1375 bytes in 153 msecs (HTTP/1.1 200) 9 headers in 358 bytes (1 switches on core 0)
Oct 17 03:24:49.089851 podb-esxi207 devstack@n-api.service[1483923]: [pid: 1483923|app: 0|req: 19/78] 172.25.66.207 () {58 vars in 1240 bytes} [Fri Oct 17 03:24:48 2025] GET /compute/v2.1/servers/80574f23-297c-42fd-bb72-8336105c17be => generated 1377 bytes in 295 msecs (HTTP/1.1 200) 9 headers in 358 bytes (1 switches on core 0)
Oct 17 03:24:49.854901 podb-esxi207 devstack@n-api.service[1483920]: [pid: 1483920|app: 0|req: 20/79] 172.25.66.207 () {58 vars in 1240 bytes} [Fri Oct 17 03:24:49 2025] GET /compute/v2.1/servers/e779347f-89ce-48cc-b2b0-8450c6a05382 => generated 1375 bytes in 181 msecs (HTTP/1.1 200) 9 headers in 358 bytes (1 switches on core 0)
Oct 17 03:24:50.279816 podb-esxi207 devstack@n-api.service[1483922]: [pid: 1483922|app: 0|req: 22/80] 172.25.66.207 () {58 vars in 1240 bytes} [Fri Oct 17 03:24:50 2025] GET /compute/v2.1/servers/80574f23-297c-42fd-bb72-8336105c17be => generated 1377 bytes in 165 msecs (HTTP/1.1 200) 9 headers in 358 bytes (1 switches on core 0)
Oct 17 03:24:50.379240 podb-esxi207 devstack@n-api.service[1483921]: [pid: 1483921|app: 0|req: 20/81] 172.25.66.207 () {60 vars in 1151 bytes} [Fri Oct 17 03:24:49 2025] POST /compute/v2.1/servers => generated 384 bytes in 770 msecs (HTTP/1.1 202) 10 headers in 453 bytes (1 switches on core 0)
Oct 17 03:24:50.486085 podb-esxi207 devstack@n-api.service[1483923]: [pid: 1483923|app: 0|req: 20/82] 172.25.66.207 () {58 vars in 1240 bytes} [Fri Oct 17 03:24:50 2025] GET /compute/v2.1/servers/5bf24123-292d-4297-b08f-f50548ca307a => generated 1223 bytes in 96 msecs (HTTP/1.1 200) 9 headers in 358 bytes (1 switches on core 0)
Oct 17 03:24:50.698919 podb-esxi207 devstack@n-api.service[1483920]: [pid: 1483920|app: 0|req: 21/83] 172.25.66.207 () {64 vars in 1321 bytes} [Fri Oct 17 03:24:50 2025] POST /compute/v2.1/os-server-external-events => generated 183 bytes in 90 msecs (HTTP/1.1 200) 9 headers in 357 bytes (1 switches on core 0)
Oct 17 03:24:51.035822 podb-esxi207 devstack@n-api.service[1483922]: [pid: 1483922|app: 0|req: 23/84] 172.25.66.207 () {58 vars in 1240 bytes} [Fri Oct 17 03:24:50 2025] GET /compute/v2.1/servers/e779347f-89ce-48cc-b2b0-8450c6a05382 => generated 1559 bytes in 155 msecs (HTTP/1.1 200) 9 headers in 358 bytes (1 switches on core 0)
Oct 17 03:24:51.184690 podb-esxi207 devstack@n-api.service[1483921]: [pid: 1483921|app: 0|req: 21/85] 172.25.66.207 () {58 vars in 1279 bytes} [Fri Oct 17 03:24:51 2025] GET /compute/v2.1/servers/e779347f-89ce-48cc-b2b0-8450c6a05382/os-interface => generated 282 bytes in 128 msecs (HTTP/1.1 200) 9 headers in 357 bytes (1 switches on core 0)
Oct 17 03:24:51.479487 podb-esxi207 devstack@n-api.service[1483923]: [pid: 1483923|app: 0|req: 21/86] 172.25.66.207 () {58 vars in 1240 bytes} [Fri Oct 17 03:24:51 2025] GET /compute/v2.1/servers/80574f23-297c-42fd-bb72-8336105c17be => generated 1377 bytes in 173 msecs (HTTP/1.1 200) 9 headers in 358 bytes (1 switches on core 0)
Oct 17 03:24:51.647839 podb-esxi207 devstack@n-api.service[1483920]: [pid: 1483920|app: 0|req: 22/87] 172.25.66.207 () {58 vars in 1240 bytes} [Fri Oct 17 03:24:51 2025] GET /compute/v2.1/servers/5bf24123-292d-4297-b08f-f50548ca307a => generated 1227 bytes in 136 msecs (HTTP/1.1 200) 9 headers in 358 bytes (1 switches on core 0)
Oct 17 03:24:52.181724 podb-esxi207 devstack@n-api.service[1483922]: [pid: 1483922|app: 0|req: 24/88] 172.25.66.207 () {64 vars in 1321 bytes} [Fri Oct 17 03:24:52 2025] POST /compute/v2.1/os-server-external-events => generated 179 bytes in 76 msecs (HTTP/1.1 200) 9 headers in 357 bytes (1 switches on core 0)
Oct 17 03:24:52.682626 podb-esxi207 devstack@n-api.service[1483923]: [pid: 1483923|app: 0|req: 22/89] 172.25.66.207 () {58 vars in 1240 bytes} [Fri Oct 17 03:24:52 2025] GET /compute/v2.1/servers/80574f23-297c-42fd-bb72-8336105c17be => generated 1377 bytes in 178 msecs (HTTP/1.1 200) 9 headers in 358 bytes (1 switches on core 0)
Oct 17 03:24:52.778120 podb-esxi207 devstack@n-api.service[1483920]: [pid: 1483920|app: 0|req: 23/90] 172.25.66.207 () {58 vars in 1240 bytes} [Fri Oct 17 03:24:52 2025] GET /compute/v2.1/servers/5bf24123-292d-4297-b08f-f50548ca307a => generated 1275 bytes in 105 msecs (HTTP/1.1 200) 9 headers in 358 bytes (1 switches on core 0)
Oct 17 03:24:52.902701 podb-esxi207 devstack@n-api.service[1483921]: [pid: 1483921|app: 0|req: 22/91] 172.25.66.207 () {62 vars in 1192 bytes} [Fri Oct 17 03:24:52 2025] POST /compute/v2.1/servers => generated 413 bytes in 682 msecs (HTTP/1.1 202) 10 headers in 455 bytes (1 switches on core 0)
Oct 17 03:24:53.005333 podb-esxi207 devstack@n-api.service[1483922]: [pid: 1483922|app: 0|req: 25/92] 172.25.66.207 () {60 vars in 1281 bytes} [Fri Oct 17 03:24:52 2025] GET /compute/v2.1/servers/8506f8d2-51af-4984-bca6-1d1f4f50bcf4 => generated 1336 bytes in 92 msecs (HTTP/1.1 200) 9 headers in 360 bytes (2 switches on core 0)
Oct 17 03:24:53.887318 podb-esxi207 devstack@n-api.service[1483923]: [pid: 1483923|app: 0|req: 23/93] 172.25.66.207 () {58 vars in 1240 bytes} [Fri Oct 17 03:24:53 2025] GET /compute/v2.1/servers/80574f23-297c-42fd-bb72-8336105c17be => generated 1566 bytes in 179 msecs (HTTP/1.1 200) 9 headers in 358 bytes (1 switches on core 0)
Oct 17 03:24:53.919430 podb-esxi207 devstack@n-api.service[1483920]: [pid: 1483920|app: 0|req: 24/94] 172.25.66.207 () {58 vars in 1240 bytes} [Fri Oct 17 03:24:53 2025] GET /compute/v2.1/servers/5bf24123-292d-4297-b08f-f50548ca307a => generated 1275 bytes in 114 msecs (HTTP/1.1 200) 9 headers in 358 bytes (1 switches on core 0)
Oct 17 03:24:54.058052 podb-esxi207 devstack@n-api.service[1483921]: [pid: 1483921|app: 0|req: 23/95] 172.25.66.207 () {58 vars in 1279 bytes} [Fri Oct 17 03:24:53 2025] GET /compute/v2.1/servers/80574f23-297c-42fd-bb72-8336105c17be/os-interface => generated 283 bytes in 146 msecs (HTTP/1.1 200) 9 headers in 357 bytes (1 switches on core 0)
Oct 17 03:24:54.177908 podb-esxi207 devstack@n-api.service[1483922]: [pid: 1483922|app: 0|req: 26/96] 172.25.66.207 () {60 vars in 1281 bytes} [Fri Oct 17 03:24:54 2025] GET /compute/v2.1/servers/8506f8d2-51af-4984-bca6-1d1f4f50bcf4 => generated 1417 bytes in 141 msecs (HTTP/1.1 200) 9 headers in 360 bytes (1 switches on core 0)
Oct 17 03:24:54.723816 podb-esxi207 devstack@n-api.service[1483923]: [pid: 1483923|app: 0|req: 24/97] 172.25.66.207 () {64 vars in 1321 bytes} [Fri Oct 17 03:24:54 2025] POST /compute/v2.1/os-server-external-events => generated 179 bytes in 43 msecs (HTTP/1.1 200) 9 headers in 357 bytes (1 switches on core 0)
Oct 17 03:24:55.028782 podb-esxi207 devstack@n-api.service[1483920]: [pid: 1483920|app: 0|req: 25/98] 172.25.66.207 () {58 vars in 1240 bytes} [Fri Oct 17 03:24:54 2025] GET /compute/v2.1/servers/5bf24123-292d-4297-b08f-f50548ca307a => generated 1283 bytes in 83 msecs (HTTP/1.1 200) 9 headers in 358 bytes (1 switches on core 0)
Oct 17 03:24:55.346279 podb-esxi207 devstack@n-api.service[1483921]: [pid: 1483921|app: 0|req: 24/99] 172.25.66.207 () {60 vars in 1281 bytes} [Fri Oct 17 03:24:55 2025] GET /compute/v2.1/servers/8506f8d2-51af-4984-bca6-1d1f4f50bcf4 => generated 1465 bytes in 136 msecs (HTTP/1.1 200) 9 headers in 360 bytes (1 switches on core 0)
Oct 17 03:24:55.883818 podb-esxi207 devstack@n-api.service[1483922]: [pid: 1483922|app: 0|req: 27/100] 172.25.66.207 () {64 vars in 1321 bytes} [Fri Oct 17 03:24:55 2025] POST /compute/v2.1/os-server-external-events => generated 179 bytes in 29 msecs (HTTP/1.1 200) 9 headers in 357 bytes (1 switches on core 0)
Oct 17 03:24:56.209884 podb-esxi207 devstack@n-api.service[1483923]: [pid: 1483923|app: 0|req: 25/101] 172.25.66.207 () {58 vars in 1240 bytes} [Fri Oct 17 03:24:56 2025] GET /compute/v2.1/servers/5bf24123-292d-4297-b08f-f50548ca307a => generated 1325 bytes in 156 msecs (HTTP/1.1 200) 9 headers in 358 bytes (1 switches on core 0)
Oct 17 03:24:56.519016 podb-esxi207 devstack@n-api.service[1483920]: [pid: 1483920|app: 0|req: 26/102] 172.25.66.207 () {60 vars in 1281 bytes} [Fri Oct 17 03:24:56 2025] GET /compute/v2.1/servers/8506f8d2-51af-4984-bca6-1d1f4f50bcf4 => generated 1465 bytes in 138 msecs (HTTP/1.1 200) 9 headers in 360 bytes (1 switches on core 0)
Oct 17 03:24:57.403991 podb-esxi207 devstack@n-api.service[1483921]: [pid: 1483921|app: 0|req: 25/103] 172.25.66.207 () {58 vars in 1240 bytes} [Fri Oct 17 03:24:57 2025] GET /compute/v2.1/servers/5bf24123-292d-4297-b08f-f50548ca307a => generated 1323 bytes in 169 msecs (HTTP/1.1 200) 9 headers in 358 bytes (1 switches on core 0)
Oct 17 03:24:57.639354 podb-esxi207 devstack@n-api.service[1483922]: [pid: 1483922|app: 0|req: 28/104] 172.25.66.207 () {60 vars in 1281 bytes} [Fri Oct 17 03:24:57 2025] GET /compute/v2.1/servers/8506f8d2-51af-4984-bca6-1d1f4f50bcf4 => generated 1473 bytes in 89 msecs (HTTP/1.1 200) 9 headers in 360 bytes (1 switches on core 0)
Oct 17 03:24:58.350846 podb-esxi207 devstack@n-api.service[1483923]: [pid: 1483923|app: 0|req: 26/105] 172.25.66.207 () {64 vars in 1321 bytes} [Fri Oct 17 03:24:58 2025] POST /compute/v2.1/os-server-external-events => generated 179 bytes in 21 msecs (HTTP/1.1 200) 9 headers in 357 bytes (2 switches on core 0)
Oct 17 03:24:58.606665 podb-esxi207 devstack@n-api.service[1483920]: [pid: 1483920|app: 0|req: 27/106] 172.25.66.207 () {58 vars in 1240 bytes} [Fri Oct 17 03:24:58 2025] GET /compute/v2.1/servers/5bf24123-292d-4297-b08f-f50548ca307a => generated 1323 bytes in 178 msecs (HTTP/1.1 200) 9 headers in 358 bytes (1 switches on core 0)
Oct 17 03:24:58.851327 podb-esxi207 devstack@n-api.service[1483921]: [pid: 1483921|app: 0|req: 26/107] 172.25.66.207 () {60 vars in 1281 bytes} [Fri Oct 17 03:24:58 2025] GET /compute/v2.1/servers/8506f8d2-51af-4984-bca6-1d1f4f50bcf4 => generated 1551 bytes in 182 msecs (HTTP/1.1 200) 9 headers in 360 bytes (1 switches on core 0)
Oct 17 03:24:59.776010 podb-esxi207 devstack@n-api.service[1483922]: [pid: 1483922|app: 0|req: 29/108] 172.25.66.207 () {58 vars in 1240 bytes} [Fri Oct 17 03:24:59 2025] GET /compute/v2.1/servers/5bf24123-292d-4297-b08f-f50548ca307a => generated 1323 bytes in 144 msecs (HTTP/1.1 200) 9 headers in 358 bytes (1 switches on core 0)
Oct 17 03:25:00.132188 podb-esxi207 devstack@n-api.service[1483923]: [pid: 1483923|app: 0|req: 27/109] 172.25.66.207 () {60 vars in 1281 bytes} [Fri Oct 17 03:24:59 2025] GET /compute/v2.1/servers/8506f8d2-51af-4984-bca6-1d1f4f50bcf4 => generated 1551 bytes in 251 msecs (HTTP/1.1 200) 9 headers in 360 bytes (1 switches on core 0)
Oct 17 03:25:00.632349 podb-esxi207 devstack@n-api.service[1483920]: [pid: 1483920|app: 0|req: 28/110] 172.25.66.207 () {64 vars in 1321 bytes} [Fri Oct 17 03:25:00 2025] POST /compute/v2.1/os-server-external-events => generated 183 bytes in 44 msecs (HTTP/1.1 200) 9 headers in 357 bytes (1 switches on core 0)
Oct 17 03:25:00.946593 podb-esxi207 devstack@n-api.service[1483921]: [pid: 1483921|app: 0|req: 27/111] 172.25.66.207 () {58 vars in 1240 bytes} [Fri Oct 17 03:25:00 2025] GET /compute/v2.1/servers/5bf24123-292d-4297-b08f-f50548ca307a => generated 1323 bytes in 145 msecs (HTTP/1.1 200) 9 headers in 358 bytes (1 switches on core 0)
Oct 17 03:25:01.382541 podb-esxi207 devstack@n-api.service[1483922]: [pid: 1483922|app: 0|req: 30/112] 172.25.66.207 () {60 vars in 1281 bytes} [Fri Oct 17 03:25:01 2025] GET /compute/v2.1/servers/8506f8d2-51af-4984-bca6-1d1f4f50bcf4 => generated 1551 bytes in 220 msecs (HTTP/1.1 200) 9 headers in 360 bytes (1 switches on core 0)
Oct 17 03:25:02.157101 podb-esxi207 devstack@n-api.service[1483923]: [pid: 1483923|app: 0|req: 28/113] 172.25.66.207 () {58 vars in 1240 bytes} [Fri Oct 17 03:25:01 2025] GET /compute/v2.1/servers/5bf24123-292d-4297-b08f-f50548ca307a => generated 1323 bytes in 186 msecs (HTTP/1.1 200) 9 headers in 358 bytes (1 switches on core 0)
Oct 17 03:25:02.574841 podb-esxi207 devstack@n-api.service[1483920]: [pid: 1483920|app: 0|req: 29/114] 172.25.66.207 () {60 vars in 1281 bytes} [Fri Oct 17 03:25:02 2025] GET /compute/v2.1/servers/8506f8d2-51af-4984-bca6-1d1f4f50bcf4 => generated 1551 bytes in 163 msecs (HTTP/1.1 200) 9 headers in 360 bytes (1 switches on core 0)
Oct 17 03:25:03.342210 podb-esxi207 devstack@n-api.service[1483921]: [pid: 1483921|app: 0|req: 28/115] 172.25.66.207 () {58 vars in 1240 bytes} [Fri Oct 17 03:25:03 2025] GET /compute/v2.1/servers/5bf24123-292d-4297-b08f-f50548ca307a => generated 1507 bytes in 160 msecs (HTTP/1.1 200) 9 headers in 358 bytes (1 switches on core 0)
Oct 17 03:25:03.773440 podb-esxi207 devstack@n-api.service[1483922]: [pid: 1483922|app: 0|req: 31/116] 172.25.66.207 () {60 vars in 1281 bytes} [Fri Oct 17 03:25:03 2025] GET /compute/v2.1/servers/8506f8d2-51af-4984-bca6-1d1f4f50bcf4 => generated 1551 bytes in 170 msecs (HTTP/1.1 200) 9 headers in 360 bytes (2 switches on core 0)
Oct 17 03:25:04.960461 podb-esxi207 devstack@n-api.service[1483923]: [pid: 1483923|app: 0|req: 29/117] 172.25.66.207 () {60 vars in 1281 bytes} [Fri Oct 17 03:25:04 2025] GET /compute/v2.1/servers/8506f8d2-51af-4984-bca6-1d1f4f50bcf4 => generated 1551 bytes in 156 msecs (HTTP/1.1 200) 9 headers in 360 bytes (2 switches on core 0)
Oct 17 03:25:06.158145 podb-esxi207 devstack@n-api.service[1483920]: [pid: 1483920|app: 0|req: 30/118] 172.25.66.207 () {60 vars in 1281 bytes} [Fri Oct 17 03:25:05 2025] GET /compute/v2.1/servers/8506f8d2-51af-4984-bca6-1d1f4f50bcf4 => generated 1539 bytes in 167 msecs (HTTP/1.1 200) 9 headers in 360 bytes (1 switches on core 0)
Oct 17 03:25:07.307005 podb-esxi207 devstack@n-api.service[1483921]: [pid: 1483921|app: 0|req: 29/119] 172.25.66.207 () {60 vars in 1281 bytes} [Fri Oct 17 03:25:07 2025] GET /compute/v2.1/servers/8506f8d2-51af-4984-bca6-1d1f4f50bcf4 => generated 1539 bytes in 119 msecs (HTTP/1.1 200) 9 headers in 360 bytes (1 switches on core 0)
Oct 17 03:25:08.474853 podb-esxi207 devstack@n-api.service[1483922]: [pid: 1483922|app: 0|req: 32/120] 172.25.66.207 () {60 vars in 1281 bytes} [Fri Oct 17 03:25:08 2025] GET /compute/v2.1/servers/8506f8d2-51af-4984-bca6-1d1f4f50bcf4 => generated 1539 bytes in 137 msecs (HTTP/1.1 200) 9 headers in 360 bytes (1 switches on core 0)
Oct 17 03:25:09.682497 podb-esxi207 devstack@n-api.service[1483923]: [pid: 1483923|app: 0|req: 30/121] 172.25.66.207 () {60 vars in 1281 bytes} [Fri Oct 17 03:25:09 2025] GET /compute/v2.1/servers/8506f8d2-51af-4984-bca6-1d1f4f50bcf4 => generated 1539 bytes in 179 msecs (HTTP/1.1 200) 9 headers in 360 bytes (1 switches on core 0)
Oct 17 03:25:10.332109 podb-esxi207 devstack@n-api.service[1483920]: [pid: 1483920|app: 0|req: 31/122] 172.25.66.207 () {64 vars in 1321 bytes} [Fri Oct 17 03:25:10 2025] POST /compute/v2.1/os-server-external-events => generated 183 bytes in 39 msecs (HTTP/1.1 200) 9 headers in 357 bytes (1 switches on core 0)
Oct 17 03:25:10.873891 podb-esxi207 devstack@n-api.service[1483921]: [pid: 1483921|app: 0|req: 30/123] 172.25.66.207 () {60 vars in 1281 bytes} [Fri Oct 17 03:25:10 2025] GET /compute/v2.1/servers/8506f8d2-51af-4984-bca6-1d1f4f50bcf4 => generated 1539 bytes in 160 msecs (HTTP/1.1 200) 9 headers in 360 bytes (1 switches on core 0)
Oct 17 03:25:12.112103 podb-esxi207 devstack@n-api.service[1483922]: [pid: 1483922|app: 0|req: 33/124] 172.25.66.207 () {60 vars in 1281 bytes} [Fri Oct 17 03:25:11 2025] GET /compute/v2.1/servers/8506f8d2-51af-4984-bca6-1d1f4f50bcf4 => generated 1539 bytes in 202 msecs (HTTP/1.1 200) 9 headers in 360 bytes (2 switches on core 0)
Oct 17 03:25:12.366753 podb-esxi207 devstack@n-api.service[1483923]: [pid: 1483923|app: 0|req: 31/125] 172.25.66.207 () {60 vars in 1437 bytes} [Fri Oct 17 03:25:12 2025] PUT /compute/v2.1/servers/5bf24123-292d-4297-b08f-f50548ca307a/os-volume_attachments/8ff7bc2d-2fad-482f-b866-4711bcd285b3 => generated 109 bytes in 162 msecs (HTTP/1.1 404) 9 headers in 379 bytes (1 switches on core 0)
Oct 17 03:25:13.300999 podb-esxi207 devstack@n-api.service[1483920]: [pid: 1483920|app: 0|req: 32/126] 172.25.66.207 () {60 vars in 1281 bytes} [Fri Oct 17 03:25:13 2025] GET /compute/v2.1/servers/8506f8d2-51af-4984-bca6-1d1f4f50bcf4 => generated 1724 bytes in 162 msecs (HTTP/1.1 200) 9 headers in 360 bytes (1 switches on core 0)
Oct 17 03:25:13.428599 podb-esxi207 devstack@n-api.service[1483921]: [pid: 1483921|app: 0|req: 31/127] 172.25.66.207 () {60 vars in 1320 bytes} [Fri Oct 17 03:25:13 2025] GET /compute/v2.1/servers/8506f8d2-51af-4984-bca6-1d1f4f50bcf4/os-interface => generated 296 bytes in 101 msecs (HTTP/1.1 200) 9 headers in 359 bytes (1 switches on core 0)
Oct 17 03:25:14.200392 podb-esxi207 devstack@n-api.service[1483923]: [pid: 1483923|app: 0|req: 32/128] 172.25.66.207 () {64 vars in 1321 bytes} [Fri Oct 17 03:25:14 2025] POST /compute/v2.1/os-server-external-events => generated 179 bytes in 85 msecs (HTTP/1.1 200) 9 headers in 357 bytes (1 switches on core 0)
Oct 17 03:25:14.207075 podb-esxi207 devstack@n-api.service[1483922]: [pid: 1483922|app: 0|req: 34/129] 172.25.66.207 () {60 vars in 1281 bytes} [Fri Oct 17 03:25:14 2025] GET /compute/v2.1/servers/8506f8d2-51af-4984-bca6-1d1f4f50bcf4 => generated 1724 bytes in 156 msecs (HTTP/1.1 200) 9 headers in 360 bytes (1 switches on core 0)
Oct 17 03:25:16.928568 podb-esxi207 devstack@n-api.service[1483920]: [pid: 1483920|app: 0|req: 33/130] 172.25.66.207 () {58 vars in 1243 bytes} [Fri Oct 17 03:25:16 2025] DELETE /compute/v2.1/servers/5bf24123-292d-4297-b08f-f50548ca307a => generated 0 bytes in 201 msecs (HTTP/1.1 204) 9 headers in 363 bytes (1 switches on core 0)
Oct 17 03:25:17.089860 podb-esxi207 devstack@n-api.service[1483921]: [pid: 1483921|app: 0|req: 32/131] 172.25.66.207 () {58 vars in 1240 bytes} [Fri Oct 17 03:25:16 2025] GET /compute/v2.1/servers/5bf24123-292d-4297-b08f-f50548ca307a => generated 1513 bytes in 156 msecs (HTTP/1.1 200) 9 headers in 358 bytes (2 switches on core 0)
Oct 17 03:25:18.271904 podb-esxi207 devstack@n-api.service[1483923]: [pid: 1483923|app: 0|req: 33/132] 172.25.66.207 () {58 vars in 1240 bytes} [Fri Oct 17 03:25:18 2025] GET /compute/v2.1/servers/5bf24123-292d-4297-b08f-f50548ca307a => generated 1513 bytes in 156 msecs (HTTP/1.1 200) 9 headers in 358 bytes (1 switches on core 0)
Oct 17 03:25:19.437970 podb-esxi207 devstack@n-api.service[1483922]: [pid: 1483922|app: 0|req: 35/133] 172.25.66.207 () {58 vars in 1240 bytes} [Fri Oct 17 03:25:19 2025] GET /compute/v2.1/servers/5bf24123-292d-4297-b08f-f50548ca307a => generated 1513 bytes in 142 msecs (HTTP/1.1 200) 9 headers in 358 bytes (1 switches on core 0)
Oct 17 03:25:19.933625 podb-esxi207 devstack@n-api.service[1483920]: [pid: 1483920|app: 0|req: 34/134] 172.25.66.207 () {64 vars in 1321 bytes} [Fri Oct 17 03:25:19 2025] POST /compute/v2.1/os-server-external-events => generated 183 bytes in 42 msecs (HTTP/1.1 200) 9 headers in 357 bytes (1 switches on core 0)
Oct 17 03:25:20.563841 podb-esxi207 devstack@n-api.service[1483921]: [pid: 1483921|app: 0|req: 33/135] 172.25.66.207 () {58 vars in 1240 bytes} [Fri Oct 17 03:25:20 2025] GET /compute/v2.1/servers/5bf24123-292d-4297-b08f-f50548ca307a => generated 1304 bytes in 96 msecs (HTTP/1.1 200) 9 headers in 358 bytes (1 switches on core 0)
Oct 17 03:25:21.717343 podb-esxi207 devstack@n-api.service[1483923]: [pid: 1483923|app: 0|req: 34/136] 172.25.66.207 () {58 vars in 1240 bytes} [Fri Oct 17 03:25:21 2025] GET /compute/v2.1/servers/5bf24123-292d-4297-b08f-f50548ca307a => generated 1309 bytes in 128 msecs (HTTP/1.1 200) 9 headers in 358 bytes (1 switches on core 0)
Oct 17 03:25:22.864816 podb-esxi207 devstack@n-api.service[1483922]: [pid: 1483922|app: 0|req: 36/137] 172.25.66.207 () {58 vars in 1240 bytes} [Fri Oct 17 03:25:22 2025] GET /compute/v2.1/servers/5bf24123-292d-4297-b08f-f50548ca307a => generated 1309 bytes in 122 msecs (HTTP/1.1 200) 9 headers in 358 bytes (1 switches on core 0)
Oct 17 03:25:23.934323 podb-esxi207 devstack@n-api.service[1483920]: [pid: 1483920|app: 0|req: 35/138] 172.25.66.207 () {58 vars in 1240 bytes} [Fri Oct 17 03:25:23 2025] GET /compute/v2.1/servers/5bf24123-292d-4297-b08f-f50548ca307a => generated 111 bytes in 45 msecs (HTTP/1.1 404) 9 headers in 379 bytes (1 switches on core 0)
Oct 17 03:25:26.981642 podb-esxi207 devstack@n-api.service[1483921]: [pid: 1483921|app: 0|req: 34/139] 172.25.66.207 () {60 vars in 1327 bytes} [Fri Oct 17 03:25:24 2025] POST /compute/v2.1/servers/e779347f-89ce-48cc-b2b0-8450c6a05382/os-volume_attachments => generated 194 bytes in 2266 msecs (HTTP/1.1 200) 9 headers in 357 bytes (1 switches on core 0)
Oct 17 03:25:35.964895 podb-esxi207 devstack@n-api.service[1483922]: [pid: 1483922|app: 0|req: 37/140] 172.25.66.207 () {58 vars in 1306 bytes} [Fri Oct 17 03:25:35 2025] GET /compute/v2.1/servers/e779347f-89ce-48cc-b2b0-8450c6a05382/os-volume_attachments => generated 197 bytes in 100 msecs (HTTP/1.1 200) 9 headers in 357 bytes (1 switches on core 0)
Oct 17 03:25:36.243360 podb-esxi207 devstack@n-api.service[1483920]: [pid: 1483920|app: 0|req: 36/141] 172.25.66.207 () {58 vars in 1420 bytes} [Fri Oct 17 03:25:35 2025] DELETE /compute/v2.1/servers/e779347f-89ce-48cc-b2b0-8450c6a05382/os-volume_attachments/4246ff96-8ca9-43f5-8cc8-996f789fe84f => generated 0 bytes in 269 msecs (HTTP/1.1 202) 9 headers in 361 bytes (1 switches on core 0)
Oct 17 03:25:36.578669 podb-esxi207 devstack@n-api.service[1483923]: [pid: 1483923|app: 0|req: 35/142] 172.25.66.207 () {60 vars in 1151 bytes} [Fri Oct 17 03:25:35 2025] POST /compute/v2.1/servers => generated 384 bytes in 935 msecs (HTTP/1.1 202) 10 headers in 453 bytes (1 switches on core 0)
