Oct 17 04:49:25.136771 podb-esxi207 dnsmasq[1588245]: read /opt/stack/data/neutron/dhcp/03bf3d33-6d36-42ba-aff3-dbe968d5eebe/addn_hosts - 2 names
Oct 17 04:49:25.136859 podb-esxi207 dnsmasq-dhcp[1588245]: read /opt/stack/data/neutron/dhcp/03bf3d33-6d36-42ba-aff3-dbe968d5eebe/host
Oct 17 04:49:25.136932 podb-esxi207 dnsmasq-dhcp[1588245]: read /opt/stack/data/neutron/dhcp/03bf3d33-6d36-42ba-aff3-dbe968d5eebe/opts
Oct 17 04:49:39.280269 podb-esxi207 dnsmasq-dhcp[1607770]: DHCPDISCOVER(tap8b2ae62e-ce) fa:16:3e:4d:83:ad
Oct 17 04:49:39.280293 podb-esxi207 dnsmasq-dhcp[1607770]: DHCPOFFER(tap8b2ae62e-ce) 10.1.0.4 fa:16:3e:4d:83:ad
Oct 17 04:49:39.293894 podb-esxi207 dnsmasq-dhcp[1607770]: DHCPREQUEST(tap8b2ae62e-ce) 10.1.0.4 fa:16:3e:4d:83:ad
Oct 17 04:49:39.293923 podb-esxi207 dnsmasq-dhcp[1607770]: DHCPACK(tap8b2ae62e-ce) 10.1.0.4 fa:16:3e:4d:83:ad host-10-1-0-4
Oct 17 04:49:40.289286 podb-esxi207 dnsmasq[1588245]: read /opt/stack/data/neutron/dhcp/03bf3d33-6d36-42ba-aff3-dbe968d5eebe/addn_hosts - 0 names
Oct 17 04:49:40.289352 podb-esxi207 dnsmasq-dhcp[1588245]: read /opt/stack/data/neutron/dhcp/03bf3d33-6d36-42ba-aff3-dbe968d5eebe/host
Oct 17 04:49:40.289446 podb-esxi207 dnsmasq-dhcp[1588245]: read /opt/stack/data/neutron/dhcp/03bf3d33-6d36-42ba-aff3-dbe968d5eebe/opts
Oct 17 04:49:41.032736 podb-esxi207 dnsmasq[1588245]: exiting on receipt of SIGTERM
Oct 17 04:50:19.477793 podb-esxi207 dnsmasq-dhcp[1611012]: DHCPRELEASE(tape9f589f8-2e) 10.1.0.4 fa:16:3e:22:75:d5
Oct 17 04:50:19.494832 podb-esxi207 dnsmasq-dhcp[1611012]: DHCPRELEASE(tape9f589f8-2e) 10.1.0.4 fa:16:3e:22:75:d5 unknown lease
Oct 17 04:50:20.319115 podb-esxi207 dnsmasq[1611012]: read /opt/stack/data/neutron/dhcp/a4128a88-95dd-4371-850f-4f82c87388ec/addn_hosts - 2 names
Oct 17 04:50:20.319212 podb-esxi207 dnsmasq-dhcp[1611012]: read /opt/stack/data/neutron/dhcp/a4128a88-95dd-4371-850f-4f82c87388ec/host
Oct 17 04:50:20.319283 podb-esxi207 dnsmasq-dhcp[1611012]: read /opt/stack/data/neutron/dhcp/a4128a88-95dd-4371-850f-4f82c87388ec/opts
Oct 17 04:50:26.088330 podb-esxi207 dnsmasq[1612095]: read /opt/stack/data/neutron/dhcp/3231f00b-0c0b-41d3-859f-2a6899251325/addn_hosts - 6 names
Oct 17 04:50:26.088468 podb-esxi207 dnsmasq-dhcp[1612095]: read /opt/stack/data/neutron/dhcp/3231f00b-0c0b-41d3-859f-2a6899251325/host
Oct 17 04:50:26.088577 podb-esxi207 dnsmasq-dhcp[1612095]: read /opt/stack/data/neutron/dhcp/3231f00b-0c0b-41d3-859f-2a6899251325/opts
Oct 17 04:50:38.230507 podb-esxi207 dnsmasq[1611012]: read /opt/stack/data/neutron/dhcp/a4128a88-95dd-4371-850f-4f82c87388ec/addn_hosts - 0 names
Oct 17 04:50:38.230579 podb-esxi207 dnsmasq-dhcp[1611012]: read /opt/stack/data/neutron/dhcp/a4128a88-95dd-4371-850f-4f82c87388ec/host
Oct 17 04:50:38.230668 podb-esxi207 dnsmasq-dhcp[1611012]: read /opt/stack/data/neutron/dhcp/a4128a88-95dd-4371-850f-4f82c87388ec/opts
Oct 17 04:50:39.058799 podb-esxi207 dnsmasq[1611012]: exiting on receipt of SIGTERM
Oct 17 04:50:43.261216 podb-esxi207 dnsmasq[1615281]: started, version 2.90 cachesize 150
Oct 17 04:50:43.261241 podb-esxi207 dnsmasq[1615281]: DNS service limited to local subnets
Oct 17 04:50:43.261255 podb-esxi207 dnsmasq[1615281]: compile time options: IPv6 GNU-getopt DBus no-UBus i18n IDN2 DHCP DHCPv6 no-Lua TFTP conntrack ipset no-nftset auth cryptohash DNSSEC loop-detect inotify dumpfile
Oct 17 04:50:43.261305 podb-esxi207 dnsmasq-dhcp[1615281]: DHCP, static leases only on 10.1.0.0, lease time 1d
Oct 17 04:50:43.261460 podb-esxi207 dnsmasq[1615281]: reading /etc/resolv.conf
Oct 17 04:50:43.261477 podb-esxi207 dnsmasq[1615281]: using nameserver 127.0.0.53#53
Oct 17 04:50:43.261569 podb-esxi207 dnsmasq[1615281]: read /opt/stack/data/neutron/dhcp/8102b40f-1e3f-40e9-aac7-c3ea9809fc00/addn_hosts - 0 names
Oct 17 04:50:43.261622 podb-esxi207 dnsmasq-dhcp[1615281]: read /opt/stack/data/neutron/dhcp/8102b40f-1e3f-40e9-aac7-c3ea9809fc00/host
Oct 17 04:50:43.261681 podb-esxi207 dnsmasq-dhcp[1615281]: read /opt/stack/data/neutron/dhcp/8102b40f-1e3f-40e9-aac7-c3ea9809fc00/opts
Oct 17 04:50:44.810120 podb-esxi207 dnsmasq[1615281]: read /opt/stack/data/neutron/dhcp/8102b40f-1e3f-40e9-aac7-c3ea9809fc00/addn_hosts - 2 names
Oct 17 04:50:44.810215 podb-esxi207 dnsmasq-dhcp[1615281]: read /opt/stack/data/neutron/dhcp/8102b40f-1e3f-40e9-aac7-c3ea9809fc00/host
Oct 17 04:50:44.810285 podb-esxi207 dnsmasq-dhcp[1615281]: read /opt/stack/data/neutron/dhcp/8102b40f-1e3f-40e9-aac7-c3ea9809fc00/opts
Oct 17 04:50:46.069387 podb-esxi207 dnsmasq[1615281]: read /opt/stack/data/neutron/dhcp/8102b40f-1e3f-40e9-aac7-c3ea9809fc00/addn_hosts - 2 names
Oct 17 04:50:46.069487 podb-esxi207 dnsmasq-dhcp[1615281]: read /opt/stack/data/neutron/dhcp/8102b40f-1e3f-40e9-aac7-c3ea9809fc00/host
Oct 17 04:50:46.069603 podb-esxi207 dnsmasq-dhcp[1615281]: read /opt/stack/data/neutron/dhcp/8102b40f-1e3f-40e9-aac7-c3ea9809fc00/opts
Oct 17 04:50:47.339416 podb-esxi207 dnsmasq[1615281]: read /opt/stack/data/neutron/dhcp/8102b40f-1e3f-40e9-aac7-c3ea9809fc00/addn_hosts - 2 names
Oct 17 04:50:47.339513 podb-esxi207 dnsmasq-dhcp[1615281]: read /opt/stack/data/neutron/dhcp/8102b40f-1e3f-40e9-aac7-c3ea9809fc00/host
Oct 17 04:50:47.339585 podb-esxi207 dnsmasq-dhcp[1615281]: read /opt/stack/data/neutron/dhcp/8102b40f-1e3f-40e9-aac7-c3ea9809fc00/opts
Oct 17 04:50:48.798084 podb-esxi207 dnsmasq[1615281]: read /opt/stack/data/neutron/dhcp/8102b40f-1e3f-40e9-aac7-c3ea9809fc00/addn_hosts - 4 names
Oct 17 04:50:48.798199 podb-esxi207 dnsmasq-dhcp[1615281]: read /opt/stack/data/neutron/dhcp/8102b40f-1e3f-40e9-aac7-c3ea9809fc00/host
Oct 17 04:50:48.798289 podb-esxi207 dnsmasq-dhcp[1615281]: read /opt/stack/data/neutron/dhcp/8102b40f-1e3f-40e9-aac7-c3ea9809fc00/opts
Oct 17 04:50:51.129221 podb-esxi207 dnsmasq[1615281]: read /opt/stack/data/neutron/dhcp/8102b40f-1e3f-40e9-aac7-c3ea9809fc00/addn_hosts - 6 names
Oct 17 04:50:51.129338 podb-esxi207 dnsmasq-dhcp[1615281]: read /opt/stack/data/neutron/dhcp/8102b40f-1e3f-40e9-aac7-c3ea9809fc00/host
Oct 17 04:50:51.129439 podb-esxi207 dnsmasq-dhcp[1615281]: read /opt/stack/data/neutron/dhcp/8102b40f-1e3f-40e9-aac7-c3ea9809fc00/opts
Oct 17 04:50:57.112775 podb-esxi207 dnsmasq-dhcp[1612095]: DHCPDISCOVER(tap5d614d38-26) fa:16:3e:46:86:3c
Oct 17 04:50:57.112806 podb-esxi207 dnsmasq-dhcp[1612095]: DHCPOFFER(tap5d614d38-26) 10.1.0.11 fa:16:3e:46:86:3c
Oct 17 04:50:57.126803 podb-esxi207 dnsmasq-dhcp[1612095]: DHCPREQUEST(tap5d614d38-26) 10.1.0.11 fa:16:3e:46:86:3c
Oct 17 04:50:57.126841 podb-esxi207 dnsmasq-dhcp[1612095]: DHCPACK(tap5d614d38-26) 10.1.0.11 fa:16:3e:46:86:3c host-10-1-0-11
Oct 17 04:51:13.155753 podb-esxi207 dnsmasq-dhcp[1615281]: DHCPDISCOVER(tap62b36ecc-07) fa:16:3e:03:ac:2a
Oct 17 04:51:13.155781 podb-esxi207 dnsmasq-dhcp[1615281]: DHCPOFFER(tap62b36ecc-07) 10.1.0.3 fa:16:3e:03:ac:2a
Oct 17 04:51:13.168455 podb-esxi207 dnsmasq-dhcp[1615281]: DHCPREQUEST(tap62b36ecc-07) 10.1.0.3 fa:16:3e:03:ac:2a
Oct 17 04:51:13.168486 podb-esxi207 dnsmasq-dhcp[1615281]: DHCPACK(tap62b36ecc-07) 10.1.0.3 fa:16:3e:03:ac:2a host-10-1-0-3
Oct 17 04:51:28.263512 podb-esxi207 dnsmasq-dhcp[1615281]: DHCPDISCOVER(tap62b36ecc-07) fa:16:3e:db:02:94
Oct 17 04:51:28.263538 podb-esxi207 dnsmasq-dhcp[1615281]: DHCPOFFER(tap62b36ecc-07) 10.1.0.8 fa:16:3e:db:02:94
Oct 17 04:51:28.270311 podb-esxi207 dnsmasq-dhcp[1615281]: DHCPREQUEST(tap62b36ecc-07) 10.1.0.8 fa:16:3e:db:02:94
Oct 17 04:51:28.270337 podb-esxi207 dnsmasq-dhcp[1615281]: DHCPACK(tap62b36ecc-07) 10.1.0.8 fa:16:3e:db:02:94 host-10-1-0-8
Oct 17 04:51:45.429797 podb-esxi207 dnsmasq[1615281]: read /opt/stack/data/neutron/dhcp/8102b40f-1e3f-40e9-aac7-c3ea9809fc00/addn_hosts - 8 names
Oct 17 04:51:45.429914 podb-esxi207 dnsmasq-dhcp[1615281]: read /opt/stack/data/neutron/dhcp/8102b40f-1e3f-40e9-aac7-c3ea9809fc00/host
Oct 17 04:51:45.430019 podb-esxi207 dnsmasq-dhcp[1615281]: read /opt/stack/data/neutron/dhcp/8102b40f-1e3f-40e9-aac7-c3ea9809fc00/opts
Oct 17 04:51:45.708075 podb-esxi207 dnsmasq-dhcp[1615281]: DHCPDISCOVER(tap62b36ecc-07) fa:16:3e:03:ac:2a
Oct 17 04:51:45.708107 podb-esxi207 dnsmasq-dhcp[1615281]: DHCPOFFER(tap62b36ecc-07) 10.1.0.3 fa:16:3e:03:ac:2a
Oct 17 04:51:45.720375 podb-esxi207 dnsmasq-dhcp[1615281]: DHCPREQUEST(tap62b36ecc-07) 10.1.0.3 fa:16:3e:03:ac:2a
Oct 17 04:51:45.720409 podb-esxi207 dnsmasq-dhcp[1615281]: DHCPACK(tap62b36ecc-07) 10.1.0.3 fa:16:3e:03:ac:2a host-10-1-0-3
Oct 17 04:52:09.023924 podb-esxi207 dnsmasq-dhcp[1615281]: DHCPDISCOVER(tap62b36ecc-07) fa:16:3e:d8:75:be
Oct 17 04:52:09.023949 podb-esxi207 dnsmasq-dhcp[1615281]: DHCPOFFER(tap62b36ecc-07) 10.1.0.14 fa:16:3e:d8:75:be
Oct 17 04:52:09.035502 podb-esxi207 dnsmasq-dhcp[1615281]: DHCPREQUEST(tap62b36ecc-07) 10.1.0.14 fa:16:3e:d8:75:be
Oct 17 04:52:09.035540 podb-esxi207 dnsmasq-dhcp[1615281]: DHCPACK(tap62b36ecc-07) 10.1.0.14 fa:16:3e:d8:75:be host-10-1-0-14
Oct 17 04:52:26.809950 podb-esxi207 dnsmasq-dhcp[1612095]: DHCPRELEASE(tap5d614d38-26) 10.1.0.11 fa:16:3e:46:86:3c
Oct 17 04:52:26.827366 podb-esxi207 dnsmasq-dhcp[1612095]: DHCPRELEASE(tap5d614d38-26) 10.1.0.11 fa:16:3e:46:86:3c unknown lease
Oct 17 04:52:27.654940 podb-esxi207 dnsmasq[1612095]: read /opt/stack/data/neutron/dhcp/3231f00b-0c0b-41d3-859f-2a6899251325/addn_hosts - 4 names
Oct 17 04:52:27.655066 podb-esxi207 dnsmasq-dhcp[1612095]: read /opt/stack/data/neutron/dhcp/3231f00b-0c0b-41d3-859f-2a6899251325/host
Oct 17 04:52:27.655175 podb-esxi207 dnsmasq-dhcp[1612095]: read /opt/stack/data/neutron/dhcp/3231f00b-0c0b-41d3-859f-2a6899251325/opts
Oct 17 04:52:34.380843 podb-esxi207 dnsmasq-dhcp[1607770]: DHCPRELEASE(tap8b2ae62e-ce) 10.1.0.4 fa:16:3e:4d:83:ad
Oct 17 04:52:34.397528 podb-esxi207 dnsmasq-dhcp[1607770]: DHCPRELEASE(tap8b2ae62e-ce) 10.1.0.4 fa:16:3e:4d:83:ad unknown lease
Oct 17 04:52:35.223427 podb-esxi207 dnsmasq[1607770]: read /opt/stack/data/neutron/dhcp/e3b3e8e0-828b-4cbb-906b-3c172ed35d7b/addn_hosts - 2 names
Oct 17 04:52:35.223534 podb-esxi207 dnsmasq-dhcp[1607770]: read /opt/stack/data/neutron/dhcp/e3b3e8e0-828b-4cbb-906b-3c172ed35d7b/host
Oct 17 04:52:35.223644 podb-esxi207 dnsmasq-dhcp[1607770]: read /opt/stack/data/neutron/dhcp/e3b3e8e0-828b-4cbb-906b-3c172ed35d7b/opts
Oct 17 04:52:55.479038 podb-esxi207 dnsmasq[1607770]: read /opt/stack/data/neutron/dhcp/e3b3e8e0-828b-4cbb-906b-3c172ed35d7b/addn_hosts - 0 names
Oct 17 04:52:55.479204 podb-esxi207 dnsmasq-dhcp[1607770]: read /opt/stack/data/neutron/dhcp/e3b3e8e0-828b-4cbb-906b-3c172ed35d7b/host
Oct 17 04:52:55.479303 podb-esxi207 dnsmasq-dhcp[1607770]: read /opt/stack/data/neutron/dhcp/e3b3e8e0-828b-4cbb-906b-3c172ed35d7b/opts
Oct 17 04:52:55.727334 podb-esxi207 dnsmasq-dhcp[1612095]: DHCPRELEASE(tap5d614d38-26) 10.1.0.9 fa:16:3e:2a:53:03
Oct 17 04:52:55.743518 podb-esxi207 dnsmasq-dhcp[1612095]: DHCPRELEASE(tap5d614d38-26) 10.1.0.9 fa:16:3e:2a:53:03 unknown lease
Oct 17 04:52:56.569562 podb-esxi207 dnsmasq[1612095]: read /opt/stack/data/neutron/dhcp/3231f00b-0c0b-41d3-859f-2a6899251325/addn_hosts - 2 names
Oct 17 04:52:56.569644 podb-esxi207 dnsmasq-dhcp[1612095]: read /opt/stack/data/neutron/dhcp/3231f00b-0c0b-41d3-859f-2a6899251325/host
Oct 17 04:52:56.569741 podb-esxi207 dnsmasq-dhcp[1612095]: read /opt/stack/data/neutron/dhcp/3231f00b-0c0b-41d3-859f-2a6899251325/opts
Oct 17 04:52:56.860037 podb-esxi207 dnsmasq[1607770]: exiting on receipt of SIGTERM
Oct 17 04:53:11.050850 podb-esxi207 dnsmasq[1618080]: started, version 2.90 cachesize 150
Oct 17 04:53:11.050881 podb-esxi207 dnsmasq[1618080]: DNS service limited to local subnets
Oct 17 04:53:11.050896 podb-esxi207 dnsmasq[1618080]: compile time options: IPv6 GNU-getopt DBus no-UBus i18n IDN2 DHCP DHCPv6 no-Lua TFTP conntrack ipset no-nftset auth cryptohash DNSSEC loop-detect inotify dumpfile
Oct 17 04:53:11.050939 podb-esxi207 dnsmasq-dhcp[1618080]: DHCP, static leases only on 10.1.0.0, lease time 1d
Oct 17 04:53:11.051094 podb-esxi207 dnsmasq[1618080]: reading /etc/resolv.conf
Oct 17 04:53:11.051111 podb-esxi207 dnsmasq[1618080]: using nameserver 127.0.0.53#53
Oct 17 04:53:11.051202 podb-esxi207 dnsmasq[1618080]: read /opt/stack/data/neutron/dhcp/a8ec2a16-aeef-4190-b15b-9eb10ce8a105/addn_hosts - 0 names
Oct 17 04:53:11.051254 podb-esxi207 dnsmasq-dhcp[1618080]: read /opt/stack/data/neutron/dhcp/a8ec2a16-aeef-4190-b15b-9eb10ce8a105/host
Oct 17 04:53:11.051318 podb-esxi207 dnsmasq-dhcp[1618080]: read /opt/stack/data/neutron/dhcp/a8ec2a16-aeef-4190-b15b-9eb10ce8a105/opts
Oct 17 04:53:11.584116 podb-esxi207 dnsmasq[1612095]: read /opt/stack/data/neutron/dhcp/3231f00b-0c0b-41d3-859f-2a6899251325/addn_hosts - 0 names
Oct 17 04:53:11.584183 podb-esxi207 dnsmasq-dhcp[1612095]: read /opt/stack/data/neutron/dhcp/3231f00b-0c0b-41d3-859f-2a6899251325/host
Oct 17 04:53:11.584238 podb-esxi207 dnsmasq-dhcp[1612095]: read /opt/stack/data/neutron/dhcp/3231f00b-0c0b-41d3-859f-2a6899251325/opts
Oct 17 04:53:12.347274 podb-esxi207 dnsmasq-dhcp[1612740]: DHCPRELEASE(tapfad2cc66-27) 10.1.0.1 fa:16:3e:f9:5f:ad
Oct 17 04:53:13.166110 podb-esxi207 dnsmasq[1612740]: read /opt/stack/data/neutron/dhcp/f1b3645d-8213-4178-b7e7-c811ef845b56/addn_hosts - 0 names
Oct 17 04:53:13.166180 podb-esxi207 dnsmasq-dhcp[1612740]: read /opt/stack/data/neutron/dhcp/f1b3645d-8213-4178-b7e7-c811ef845b56/host
Oct 17 04:53:13.166234 podb-esxi207 dnsmasq-dhcp[1612740]: read /opt/stack/data/neutron/dhcp/f1b3645d-8213-4178-b7e7-c811ef845b56/opts
Oct 17 04:53:14.435189 podb-esxi207 dnsmasq[1618080]: read /opt/stack/data/neutron/dhcp/a8ec2a16-aeef-4190-b15b-9eb10ce8a105/addn_hosts - 2 names
Oct 17 04:53:14.435277 podb-esxi207 dnsmasq-dhcp[1618080]: read /opt/stack/data/neutron/dhcp/a8ec2a16-aeef-4190-b15b-9eb10ce8a105/host
Oct 17 04:53:14.435394 podb-esxi207 dnsmasq-dhcp[1618080]: read /opt/stack/data/neutron/dhcp/a8ec2a16-aeef-4190-b15b-9eb10ce8a105/opts
Oct 17 04:53:17.889715 podb-esxi207 dnsmasq[1618668]: started, version 2.90 cachesize 150
Oct 17 04:53:17.889742 podb-esxi207 dnsmasq[1618668]: DNS service limited to local subnets
Oct 17 04:53:17.889756 podb-esxi207 dnsmasq[1618668]: compile time options: IPv6 GNU-getopt DBus no-UBus i18n IDN2 DHCP DHCPv6 no-Lua TFTP conntrack ipset no-nftset auth cryptohash DNSSEC loop-detect inotify dumpfile
Oct 17 04:53:17.889796 podb-esxi207 dnsmasq-dhcp[1618668]: DHCP, static leases only on 10.1.0.0, lease time 1d
Oct 17 04:53:17.889942 podb-esxi207 dnsmasq[1618668]: reading /etc/resolv.conf
Oct 17 04:53:17.889958 podb-esxi207 dnsmasq[1618668]: using nameserver 127.0.0.53#53
Oct 17 04:53:17.890065 podb-esxi207 dnsmasq[1618668]: read /opt/stack/data/neutron/dhcp/221bb7e9-5803-411e-aade-ae68d3a203ce/addn_hosts - 2 names
Oct 17 04:53:17.890119 podb-esxi207 dnsmasq-dhcp[1618668]: read /opt/stack/data/neutron/dhcp/221bb7e9-5803-411e-aade-ae68d3a203ce/host
Oct 17 04:53:17.890189 podb-esxi207 dnsmasq-dhcp[1618668]: read /opt/stack/data/neutron/dhcp/221bb7e9-5803-411e-aade-ae68d3a203ce/opts
Oct 17 04:53:17.914101 podb-esxi207 dnsmasq[1612095]: exiting on receipt of SIGTERM
Oct 17 04:53:19.027546 podb-esxi207 dnsmasq[1612740]: exiting on receipt of SIGTERM
Oct 17 04:53:22.321581 podb-esxi207 dnsmasq[1619140]: started, version 2.90 cachesize 150
Oct 17 04:53:22.321606 podb-esxi207 dnsmasq[1619140]: DNS service limited to local subnets
Oct 17 04:53:22.321621 podb-esxi207 dnsmasq[1619140]: compile time options: IPv6 GNU-getopt DBus no-UBus i18n IDN2 DHCP DHCPv6 no-Lua TFTP conntrack ipset no-nftset auth cryptohash DNSSEC loop-detect inotify dumpfile
Oct 17 04:53:22.321657 podb-esxi207 dnsmasq-dhcp[1619140]: DHCP, static leases only on 10.1.0.0, lease time 1d
Oct 17 04:53:22.321813 podb-esxi207 dnsmasq[1619140]: reading /etc/resolv.conf
Oct 17 04:53:22.321830 podb-esxi207 dnsmasq[1619140]: using nameserver 127.0.0.53#53
Oct 17 04:53:22.321945 podb-esxi207 dnsmasq[1619140]: read /opt/stack/data/neutron/dhcp/bfa455e6-477b-4c6f-a41f-6ee00391a9ea/addn_hosts - 2 names
Oct 17 04:53:22.322000 podb-esxi207 dnsmasq-dhcp[1619140]: read /opt/stack/data/neutron/dhcp/bfa455e6-477b-4c6f-a41f-6ee00391a9ea/host
Oct 17 04:53:22.322077 podb-esxi207 dnsmasq-dhcp[1619140]: read /opt/stack/data/neutron/dhcp/bfa455e6-477b-4c6f-a41f-6ee00391a9ea/opts
Oct 17 04:53:22.855020 podb-esxi207 dnsmasq[1618080]: read /opt/stack/data/neutron/dhcp/a8ec2a16-aeef-4190-b15b-9eb10ce8a105/addn_hosts - 2 names
Oct 17 04:53:22.855081 podb-esxi207 dnsmasq-dhcp[1618080]: read /opt/stack/data/neutron/dhcp/a8ec2a16-aeef-4190-b15b-9eb10ce8a105/host
Oct 17 04:53:22.855129 podb-esxi207 dnsmasq-dhcp[1618080]: read /opt/stack/data/neutron/dhcp/a8ec2a16-aeef-4190-b15b-9eb10ce8a105/opts
Oct 17 04:53:25.728747 podb-esxi207 dnsmasq[1619337]: started, version 2.90 cachesize 150
Oct 17 04:53:25.728771 podb-esxi207 dnsmasq[1619337]: DNS service limited to local subnets
Oct 17 04:53:25.728785 podb-esxi207 dnsmasq[1619337]: compile time options: IPv6 GNU-getopt DBus no-UBus i18n IDN2 DHCP DHCPv6 no-Lua TFTP conntrack ipset no-nftset auth cryptohash DNSSEC loop-detect inotify dumpfile
Oct 17 04:53:25.728819 podb-esxi207 dnsmasq-dhcp[1619337]: DHCP, static leases only on 10.1.0.0, lease time 1d
Oct 17 04:53:25.728967 podb-esxi207 dnsmasq[1619337]: reading /etc/resolv.conf
Oct 17 04:53:25.728984 podb-esxi207 dnsmasq[1619337]: using nameserver 127.0.0.53#53
Oct 17 04:53:25.729086 podb-esxi207 dnsmasq[1619337]: read /opt/stack/data/neutron/dhcp/e801d222-a31e-4bed-94a5-e1a06792d151/addn_hosts - 2 names
Oct 17 04:53:25.729148 podb-esxi207 dnsmasq-dhcp[1619337]: read /opt/stack/data/neutron/dhcp/e801d222-a31e-4bed-94a5-e1a06792d151/host
Oct 17 04:53:25.729222 podb-esxi207 dnsmasq-dhcp[1619337]: read /opt/stack/data/neutron/dhcp/e801d222-a31e-4bed-94a5-e1a06792d151/opts
Oct 17 04:53:26.765458 podb-esxi207 dnsmasq[1618668]: read /opt/stack/data/neutron/dhcp/221bb7e9-5803-411e-aade-ae68d3a203ce/addn_hosts - 2 names
Oct 17 04:53:26.765547 podb-esxi207 dnsmasq-dhcp[1618668]: read /opt/stack/data/neutron/dhcp/221bb7e9-5803-411e-aade-ae68d3a203ce/host
Oct 17 04:53:26.765647 podb-esxi207 dnsmasq-dhcp[1618668]: read /opt/stack/data/neutron/dhcp/221bb7e9-5803-411e-aade-ae68d3a203ce/opts
Oct 17 04:53:28.508848 podb-esxi207 dnsmasq[1619140]: read /opt/stack/data/neutron/dhcp/bfa455e6-477b-4c6f-a41f-6ee00391a9ea/addn_hosts - 2 names
Oct 17 04:53:28.508944 podb-esxi207 dnsmasq-dhcp[1619140]: read /opt/stack/data/neutron/dhcp/bfa455e6-477b-4c6f-a41f-6ee00391a9ea/host
Oct 17 04:53:28.509043 podb-esxi207 dnsmasq-dhcp[1619140]: read /opt/stack/data/neutron/dhcp/bfa455e6-477b-4c6f-a41f-6ee00391a9ea/opts
Oct 17 04:53:29.255761 podb-esxi207 dnsmasq[1618080]: read /opt/stack/data/neutron/dhcp/a8ec2a16-aeef-4190-b15b-9eb10ce8a105/addn_hosts - 2 names
Oct 17 04:53:29.255849 podb-esxi207 dnsmasq-dhcp[1618080]: read /opt/stack/data/neutron/dhcp/a8ec2a16-aeef-4190-b15b-9eb10ce8a105/host
Oct 17 04:53:29.255947 podb-esxi207 dnsmasq-dhcp[1618080]: read /opt/stack/data/neutron/dhcp/a8ec2a16-aeef-4190-b15b-9eb10ce8a105/opts
Oct 17 04:53:30.497369 podb-esxi207 dnsmasq[1619337]: read /opt/stack/data/neutron/dhcp/e801d222-a31e-4bed-94a5-e1a06792d151/addn_hosts - 2 names
Oct 17 04:53:30.497453 podb-esxi207 dnsmasq-dhcp[1619337]: read /opt/stack/data/neutron/dhcp/e801d222-a31e-4bed-94a5-e1a06792d151/host
Oct 17 04:53:30.497556 podb-esxi207 dnsmasq-dhcp[1619337]: read /opt/stack/data/neutron/dhcp/e801d222-a31e-4bed-94a5-e1a06792d151/opts
Oct 17 04:53:31.234445 podb-esxi207 dnsmasq[1618668]: read /opt/stack/data/neutron/dhcp/221bb7e9-5803-411e-aade-ae68d3a203ce/addn_hosts - 2 names
Oct 17 04:53:31.234535 podb-esxi207 dnsmasq-dhcp[1618668]: read /opt/stack/data/neutron/dhcp/221bb7e9-5803-411e-aade-ae68d3a203ce/host
Oct 17 04:53:31.234644 podb-esxi207 dnsmasq-dhcp[1618668]: read /opt/stack/data/neutron/dhcp/221bb7e9-5803-411e-aade-ae68d3a203ce/opts
Oct 17 04:53:32.478439 podb-esxi207 dnsmasq[1619140]: read /opt/stack/data/neutron/dhcp/bfa455e6-477b-4c6f-a41f-6ee00391a9ea/addn_hosts - 2 names
Oct 17 04:53:32.478525 podb-esxi207 dnsmasq-dhcp[1619140]: read /opt/stack/data/neutron/dhcp/bfa455e6-477b-4c6f-a41f-6ee00391a9ea/host
Oct 17 04:53:32.478634 podb-esxi207 dnsmasq-dhcp[1619140]: read /opt/stack/data/neutron/dhcp/bfa455e6-477b-4c6f-a41f-6ee00391a9ea/opts
Oct 17 04:53:33.214584 podb-esxi207 dnsmasq[1618080]: read /opt/stack/data/neutron/dhcp/a8ec2a16-aeef-4190-b15b-9eb10ce8a105/addn_hosts - 4 names
Oct 17 04:53:33.214688 podb-esxi207 dnsmasq-dhcp[1618080]: read /opt/stack/data/neutron/dhcp/a8ec2a16-aeef-4190-b15b-9eb10ce8a105/host
Oct 17 04:53:33.214792 podb-esxi207 dnsmasq-dhcp[1618080]: read /opt/stack/data/neutron/dhcp/a8ec2a16-aeef-4190-b15b-9eb10ce8a105/opts
Oct 17 04:53:33.947823 podb-esxi207 dnsmasq[1619337]: read /opt/stack/data/neutron/dhcp/e801d222-a31e-4bed-94a5-e1a06792d151/addn_hosts - 2 names
Oct 17 04:53:33.947897 podb-esxi207 dnsmasq-dhcp[1619337]: read /opt/stack/data/neutron/dhcp/e801d222-a31e-4bed-94a5-e1a06792d151/host
Oct 17 04:53:33.948003 podb-esxi207 dnsmasq-dhcp[1619337]: read /opt/stack/data/neutron/dhcp/e801d222-a31e-4bed-94a5-e1a06792d151/opts
Oct 17 04:53:34.691708 podb-esxi207 dnsmasq[1618668]: read /opt/stack/data/neutron/dhcp/221bb7e9-5803-411e-aade-ae68d3a203ce/addn_hosts - 2 names
Oct 17 04:53:34.691784 podb-esxi207 dnsmasq-dhcp[1618668]: read /opt/stack/data/neutron/dhcp/221bb7e9-5803-411e-aade-ae68d3a203ce/host
Oct 17 04:53:34.691875 podb-esxi207 dnsmasq-dhcp[1618668]: read /opt/stack/data/neutron/dhcp/221bb7e9-5803-411e-aade-ae68d3a203ce/opts
Oct 17 04:53:35.924837 podb-esxi207 dnsmasq[1619140]: read /opt/stack/data/neutron/dhcp/bfa455e6-477b-4c6f-a41f-6ee00391a9ea/addn_hosts - 2 names
Oct 17 04:53:35.924926 podb-esxi207 dnsmasq-dhcp[1619140]: read /opt/stack/data/neutron/dhcp/bfa455e6-477b-4c6f-a41f-6ee00391a9ea/host
Oct 17 04:53:35.925013 podb-esxi207 dnsmasq-dhcp[1619140]: read /opt/stack/data/neutron/dhcp/bfa455e6-477b-4c6f-a41f-6ee00391a9ea/opts
Oct 17 04:53:36.063333 podb-esxi207 dnsmasq-dhcp[1615281]: DHCPREQUEST(tap62b36ecc-07) 10.1.0.14 fa:16:3e:d8:75:be
Oct 17 04:53:36.063363 podb-esxi207 dnsmasq-dhcp[1615281]: DHCPACK(tap62b36ecc-07) 10.1.0.14 fa:16:3e:d8:75:be host-10-1-0-14
Oct 17 04:53:36.657848 podb-esxi207 dnsmasq[1619337]: read /opt/stack/data/neutron/dhcp/e801d222-a31e-4bed-94a5-e1a06792d151/addn_hosts - 2 names
Oct 17 04:53:36.657964 podb-esxi207 dnsmasq-dhcp[1619337]: read /opt/stack/data/neutron/dhcp/e801d222-a31e-4bed-94a5-e1a06792d151/host
Oct 17 04:53:36.658072 podb-esxi207 dnsmasq-dhcp[1619337]: read /opt/stack/data/neutron/dhcp/e801d222-a31e-4bed-94a5-e1a06792d151/opts
Oct 17 04:53:43.507330 podb-esxi207 dnsmasq-dhcp[1618080]: DHCPDISCOVER(tap4a4157d8-1f) fa:16:3e:33:d6:c7
Oct 17 04:53:43.507357 podb-esxi207 dnsmasq-dhcp[1618080]: DHCPOFFER(tap4a4157d8-1f) 10.1.0.4 fa:16:3e:33:d6:c7
Oct 17 04:53:43.520003 podb-esxi207 dnsmasq-dhcp[1618080]: DHCPREQUEST(tap4a4157d8-1f) 10.1.0.4 fa:16:3e:33:d6:c7
Oct 17 04:53:43.520035 podb-esxi207 dnsmasq-dhcp[1618080]: DHCPACK(tap4a4157d8-1f) 10.1.0.4 fa:16:3e:33:d6:c7 host-10-1-0-4
Oct 17 04:54:39.532727 podb-esxi207 dnsmasq-dhcp[1618080]: DHCPRELEASE(tap4a4157d8-1f) 10.1.0.4 fa:16:3e:33:d6:c7
Oct 17 04:54:39.549462 podb-esxi207 dnsmasq-dhcp[1618080]: DHCPRELEASE(tap4a4157d8-1f) 10.1.0.4 fa:16:3e:33:d6:c7 unknown lease
Oct 17 04:54:40.373883 podb-esxi207 dnsmasq[1618080]: read /opt/stack/data/neutron/dhcp/a8ec2a16-aeef-4190-b15b-9eb10ce8a105/addn_hosts - 2 names
Oct 17 04:54:40.373994 podb-esxi207 dnsmasq-dhcp[1618080]: read /opt/stack/data/neutron/dhcp/a8ec2a16-aeef-4190-b15b-9eb10ce8a105/host
Oct 17 04:54:40.374068 podb-esxi207 dnsmasq-dhcp[1618080]: read /opt/stack/data/neutron/dhcp/a8ec2a16-aeef-4190-b15b-9eb10ce8a105/opts
Oct 17 04:54:48.387814 podb-esxi207 dnsmasq-dhcp[1615281]: DHCPRELEASE(tap62b36ecc-07) 10.1.0.14 fa:16:3e:d8:75:be
Oct 17 04:54:48.402612 podb-esxi207 dnsmasq-dhcp[1615281]: DHCPRELEASE(tap62b36ecc-07) 10.1.0.14 fa:16:3e:d8:75:be unknown lease
Oct 17 04:54:49.227397 podb-esxi207 dnsmasq[1615281]: read /opt/stack/data/neutron/dhcp/8102b40f-1e3f-40e9-aac7-c3ea9809fc00/addn_hosts - 6 names
Oct 17 04:54:49.227537 podb-esxi207 dnsmasq-dhcp[1615281]: read /opt/stack/data/neutron/dhcp/8102b40f-1e3f-40e9-aac7-c3ea9809fc00/host
Oct 17 04:54:49.227647 podb-esxi207 dnsmasq-dhcp[1615281]: read /opt/stack/data/neutron/dhcp/8102b40f-1e3f-40e9-aac7-c3ea9809fc00/opts
Oct 17 04:55:01.200600 podb-esxi207 dnsmasq[1619140]: read /opt/stack/data/neutron/dhcp/bfa455e6-477b-4c6f-a41f-6ee00391a9ea/addn_hosts - 4 names
Oct 17 04:55:01.200747 podb-esxi207 dnsmasq-dhcp[1619140]: read /opt/stack/data/neutron/dhcp/bfa455e6-477b-4c6f-a41f-6ee00391a9ea/host
Oct 17 04:55:01.200872 podb-esxi207 dnsmasq-dhcp[1619140]: read /opt/stack/data/neutron/dhcp/bfa455e6-477b-4c6f-a41f-6ee00391a9ea/opts
Oct 17 04:55:12.185180 podb-esxi207 dnsmasq-dhcp[1615281]: DHCPRELEASE(tap62b36ecc-07) 10.1.0.8 fa:16:3e:db:02:94
Oct 17 04:55:12.201429 podb-esxi207 dnsmasq-dhcp[1615281]: DHCPRELEASE(tap62b36ecc-07) 10.1.0.8 fa:16:3e:db:02:94 unknown lease
Oct 17 04:55:13.030573 podb-esxi207 dnsmasq[1615281]: read /opt/stack/data/neutron/dhcp/8102b40f-1e3f-40e9-aac7-c3ea9809fc00/addn_hosts - 4 names
Oct 17 04:55:13.030692 podb-esxi207 dnsmasq-dhcp[1615281]: read /opt/stack/data/neutron/dhcp/8102b40f-1e3f-40e9-aac7-c3ea9809fc00/host
Oct 17 04:55:13.030805 podb-esxi207 dnsmasq-dhcp[1615281]: read /opt/stack/data/neutron/dhcp/8102b40f-1e3f-40e9-aac7-c3ea9809fc00/opts
Oct 17 04:55:19.182837 podb-esxi207 dnsmasq-dhcp[1615281]: DHCPRELEASE(tap62b36ecc-07) 10.1.0.3 fa:16:3e:03:ac:2a
Oct 17 04:55:19.199803 podb-esxi207 dnsmasq-dhcp[1615281]: DHCPRELEASE(tap62b36ecc-07) 10.1.0.3 fa:16:3e:03:ac:2a unknown lease
Oct 17 04:55:20.024598 podb-esxi207 dnsmasq[1615281]: read /opt/stack/data/neutron/dhcp/8102b40f-1e3f-40e9-aac7-c3ea9809fc00/addn_hosts - 2 names
Oct 17 04:55:20.024731 podb-esxi207 dnsmasq-dhcp[1615281]: read /opt/stack/data/neutron/dhcp/8102b40f-1e3f-40e9-aac7-c3ea9809fc00/host
Oct 17 04:55:20.024844 podb-esxi207 dnsmasq-dhcp[1615281]: read /opt/stack/data/neutron/dhcp/8102b40f-1e3f-40e9-aac7-c3ea9809fc00/opts
Oct 17 04:55:24.460508 podb-esxi207 dnsmasq[1615281]: read /opt/stack/data/neutron/dhcp/8102b40f-1e3f-40e9-aac7-c3ea9809fc00/addn_hosts - 0 names
Oct 17 04:55:24.460582 podb-esxi207 dnsmasq-dhcp[1615281]: read /opt/stack/data/neutron/dhcp/8102b40f-1e3f-40e9-aac7-c3ea9809fc00/host
Oct 17 04:55:24.460694 podb-esxi207 dnsmasq-dhcp[1615281]: read /opt/stack/data/neutron/dhcp/8102b40f-1e3f-40e9-aac7-c3ea9809fc00/opts
Oct 17 04:55:25.444783 podb-esxi207 dnsmasq[1615281]: exiting on receipt of SIGTERM
Oct 17 04:55:29.198277 podb-esxi207 dnsmasq[1621401]: started, version 2.90 cachesize 150
Oct 17 04:55:29.198303 podb-esxi207 dnsmasq[1621401]: DNS service limited to local subnets
Oct 17 04:55:29.198318 podb-esxi207 dnsmasq[1621401]: compile time options: IPv6 GNU-getopt DBus no-UBus i18n IDN2 DHCP DHCPv6 no-Lua TFTP conntrack ipset no-nftset auth cryptohash DNSSEC loop-detect inotify dumpfile
Oct 17 04:55:29.198351 podb-esxi207 dnsmasq-dhcp[1621401]: DHCP, static leases only on 10.1.0.0, lease time 1d
Oct 17 04:55:29.198497 podb-esxi207 dnsmasq[1621401]: reading /etc/resolv.conf
Oct 17 04:55:29.198513 podb-esxi207 dnsmasq[1621401]: using nameserver 127.0.0.53#53
Oct 17 04:55:29.198591 podb-esxi207 dnsmasq[1621401]: read /opt/stack/data/neutron/dhcp/bf295d2e-96b7-466e-9c03-749e75dafb00/addn_hosts - 0 names
Oct 17 04:55:29.198640 podb-esxi207 dnsmasq-dhcp[1621401]: read /opt/stack/data/neutron/dhcp/bf295d2e-96b7-466e-9c03-749e75dafb00/host
Oct 17 04:55:29.198710 podb-esxi207 dnsmasq-dhcp[1621401]: read /opt/stack/data/neutron/dhcp/bf295d2e-96b7-466e-9c03-749e75dafb00/opts
Oct 17 04:55:30.740215 podb-esxi207 dnsmasq[1621401]: read /opt/stack/data/neutron/dhcp/bf295d2e-96b7-466e-9c03-749e75dafb00/addn_hosts - 2 names
Oct 17 04:55:30.740312 podb-esxi207 dnsmasq-dhcp[1621401]: read /opt/stack/data/neutron/dhcp/bf295d2e-96b7-466e-9c03-749e75dafb00/host
Oct 17 04:55:30.740417 podb-esxi207 dnsmasq-dhcp[1621401]: read /opt/stack/data/neutron/dhcp/bf295d2e-96b7-466e-9c03-749e75dafb00/opts
Oct 17 04:55:31.982670 podb-esxi207 dnsmasq[1621401]: read /opt/stack/data/neutron/dhcp/bf295d2e-96b7-466e-9c03-749e75dafb00/addn_hosts - 2 names
Oct 17 04:55:31.982778 podb-esxi207 dnsmasq-dhcp[1621401]: read /opt/stack/data/neutron/dhcp/bf295d2e-96b7-466e-9c03-749e75dafb00/host
Oct 17 04:55:31.982886 podb-esxi207 dnsmasq-dhcp[1621401]: read /opt/stack/data/neutron/dhcp/bf295d2e-96b7-466e-9c03-749e75dafb00/opts
Oct 17 04:55:33.226022 podb-esxi207 dnsmasq[1621401]: read /opt/stack/data/neutron/dhcp/bf295d2e-96b7-466e-9c03-749e75dafb00/addn_hosts - 2 names
Oct 17 04:55:33.226125 podb-esxi207 dnsmasq-dhcp[1621401]: read /opt/stack/data/neutron/dhcp/bf295d2e-96b7-466e-9c03-749e75dafb00/host
Oct 17 04:55:33.226235 podb-esxi207 dnsmasq-dhcp[1621401]: read /opt/stack/data/neutron/dhcp/bf295d2e-96b7-466e-9c03-749e75dafb00/opts
Oct 17 04:55:35.092658 podb-esxi207 dnsmasq[1621401]: read /opt/stack/data/neutron/dhcp/bf295d2e-96b7-466e-9c03-749e75dafb00/addn_hosts - 4 names
Oct 17 04:55:35.092754 podb-esxi207 dnsmasq-dhcp[1621401]: read /opt/stack/data/neutron/dhcp/bf295d2e-96b7-466e-9c03-749e75dafb00/host
Oct 17 04:55:35.092824 podb-esxi207 dnsmasq-dhcp[1621401]: read /opt/stack/data/neutron/dhcp/bf295d2e-96b7-466e-9c03-749e75dafb00/opts
Oct 17 04:55:37.509533 podb-esxi207 dnsmasq-dhcp[1619140]: DHCPDISCOVER(tapddaadcfe-90) fa:16:3e:4e:5e:cd
Oct 17 04:55:37.509559 podb-esxi207 dnsmasq-dhcp[1619140]: DHCPOFFER(tapddaadcfe-90) 10.1.0.8 fa:16:3e:4e:5e:cd
Oct 17 04:55:37.520972 podb-esxi207 dnsmasq-dhcp[1619140]: DHCPREQUEST(tapddaadcfe-90) 10.1.0.8 fa:16:3e:4e:5e:cd
Oct 17 04:55:37.520997 podb-esxi207 dnsmasq-dhcp[1619140]: DHCPACK(tapddaadcfe-90) 10.1.0.8 fa:16:3e:4e:5e:cd host-10-1-0-8
Oct 17 04:55:58.695242 podb-esxi207 dnsmasq-dhcp[1621401]: DHCPDISCOVER(tap743740f8-89) fa:16:3e:d2:70:70
Oct 17 04:55:58.695269 podb-esxi207 dnsmasq-dhcp[1621401]: DHCPOFFER(tap743740f8-89) 10.1.0.7 fa:16:3e:d2:70:70
Oct 17 04:55:58.707539 podb-esxi207 dnsmasq-dhcp[1621401]: DHCPREQUEST(tap743740f8-89) 10.1.0.7 fa:16:3e:d2:70:70
Oct 17 04:55:58.707571 podb-esxi207 dnsmasq-dhcp[1621401]: DHCPACK(tap743740f8-89) 10.1.0.7 fa:16:3e:d2:70:70 host-10-1-0-7
Oct 17 04:56:31.054241 podb-esxi207 dnsmasq[1618080]: read /opt/stack/data/neutron/dhcp/a8ec2a16-aeef-4190-b15b-9eb10ce8a105/addn_hosts - 0 names
Oct 17 04:56:31.054314 podb-esxi207 dnsmasq-dhcp[1618080]: read /opt/stack/data/neutron/dhcp/a8ec2a16-aeef-4190-b15b-9eb10ce8a105/host
Oct 17 04:56:31.054402 podb-esxi207 dnsmasq-dhcp[1618080]: read /opt/stack/data/neutron/dhcp/a8ec2a16-aeef-4190-b15b-9eb10ce8a105/opts
Oct 17 04:56:31.858991 podb-esxi207 dnsmasq[1618080]: exiting on receipt of SIGTERM
Oct 17 04:56:32.468613 podb-esxi207 dnsmasq-dhcp[1618668]: DHCPRELEASE(tap934d2f4b-b4) 10.1.0.1 fa:16:3e:1b:80:96
Oct 17 04:56:33.291967 podb-esxi207 dnsmasq[1618668]: read /opt/stack/data/neutron/dhcp/221bb7e9-5803-411e-aade-ae68d3a203ce/addn_hosts - 0 names
Oct 17 04:56:33.292030 podb-esxi207 dnsmasq-dhcp[1618668]: read /opt/stack/data/neutron/dhcp/221bb7e9-5803-411e-aade-ae68d3a203ce/host
Oct 17 04:56:33.292113 podb-esxi207 dnsmasq-dhcp[1618668]: read /opt/stack/data/neutron/dhcp/221bb7e9-5803-411e-aade-ae68d3a203ce/opts
Oct 17 04:56:33.506977 podb-esxi207 dnsmasq[1618668]: exiting on receipt of SIGTERM
Oct 17 04:57:04.522005 podb-esxi207 dnsmasq[1621401]: read /opt/stack/data/neutron/dhcp/bf295d2e-96b7-466e-9c03-749e75dafb00/addn_hosts - 6 names
Oct 17 04:57:04.522137 podb-esxi207 dnsmasq-dhcp[1621401]: read /opt/stack/data/neutron/dhcp/bf295d2e-96b7-466e-9c03-749e75dafb00/host
Oct 17 04:57:04.522238 podb-esxi207 dnsmasq-dhcp[1621401]: read /opt/stack/data/neutron/dhcp/bf295d2e-96b7-466e-9c03-749e75dafb00/opts
Oct 17 04:57:12.383384 podb-esxi207 dnsmasq-dhcp[1619140]: DHCPREQUEST(tapddaadcfe-90) 10.1.0.8 fa:16:3e:4e:5e:cd
Oct 17 04:57:12.383395 podb-esxi207 dnsmasq-dhcp[1619140]: DHCPACK(tapddaadcfe-90) 10.1.0.8 fa:16:3e:4e:5e:cd host-10-1-0-8
Oct 17 04:57:26.422324 podb-esxi207 dnsmasq-dhcp[1621401]: DHCPDISCOVER(tap743740f8-89) fa:16:3e:a3:96:ed
Oct 17 04:57:26.422354 podb-esxi207 dnsmasq-dhcp[1621401]: DHCPOFFER(tap743740f8-89) 10.1.0.11 fa:16:3e:a3:96:ed
Oct 17 04:57:26.433705 podb-esxi207 dnsmasq-dhcp[1621401]: DHCPREQUEST(tap743740f8-89) 10.1.0.11 fa:16:3e:a3:96:ed
Oct 17 04:57:26.433734 podb-esxi207 dnsmasq-dhcp[1621401]: DHCPACK(tap743740f8-89) 10.1.0.11 fa:16:3e:a3:96:ed host-10-1-0-11
Oct 17 04:57:34.023850 podb-esxi207 dnsmasq-dhcp[1619140]: DHCPRELEASE(tapddaadcfe-90) 10.1.0.8 fa:16:3e:4e:5e:cd
Oct 17 04:57:34.039481 podb-esxi207 dnsmasq-dhcp[1619140]: DHCPRELEASE(tapddaadcfe-90) 10.1.0.8 fa:16:3e:4e:5e:cd unknown lease
Oct 17 04:57:34.865891 podb-esxi207 dnsmasq[1619140]: read /opt/stack/data/neutron/dhcp/bfa455e6-477b-4c6f-a41f-6ee00391a9ea/addn_hosts - 2 names
Oct 17 04:57:34.866002 podb-esxi207 dnsmasq-dhcp[1619140]: read /opt/stack/data/neutron/dhcp/bfa455e6-477b-4c6f-a41f-6ee00391a9ea/host
Oct 17 04:57:34.866106 podb-esxi207 dnsmasq-dhcp[1619140]: read /opt/stack/data/neutron/dhcp/bfa455e6-477b-4c6f-a41f-6ee00391a9ea/opts
Oct 17 04:58:05.780942 podb-esxi207 dnsmasq-dhcp[1621401]: DHCPRELEASE(tap743740f8-89) 10.1.0.11 fa:16:3e:a3:96:ed
Oct 17 04:58:05.798110 podb-esxi207 dnsmasq-dhcp[1621401]: DHCPRELEASE(tap743740f8-89) 10.1.0.11 fa:16:3e:a3:96:ed unknown lease
Oct 17 04:58:06.625961 podb-esxi207 dnsmasq[1621401]: read /opt/stack/data/neutron/dhcp/bf295d2e-96b7-466e-9c03-749e75dafb00/addn_hosts - 4 names
Oct 17 04:58:06.626095 podb-esxi207 dnsmasq-dhcp[1621401]: read /opt/stack/data/neutron/dhcp/bf295d2e-96b7-466e-9c03-749e75dafb00/host
Oct 17 04:58:06.626211 podb-esxi207 dnsmasq-dhcp[1621401]: read /opt/stack/data/neutron/dhcp/bf295d2e-96b7-466e-9c03-749e75dafb00/opts
Oct 17 04:58:46.857049 podb-esxi207 dnsmasq-dhcp[1621401]: DHCPRELEASE(tap743740f8-89) 10.1.0.7 fa:16:3e:d2:70:70
Oct 17 04:58:46.876138 podb-esxi207 dnsmasq-dhcp[1621401]: DHCPRELEASE(tap743740f8-89) 10.1.0.7 fa:16:3e:d2:70:70 unknown lease
Oct 17 04:58:47.702333 podb-esxi207 dnsmasq[1621401]: read /opt/stack/data/neutron/dhcp/bf295d2e-96b7-466e-9c03-749e75dafb00/addn_hosts - 2 names
Oct 17 04:58:47.702464 podb-esxi207 dnsmasq-dhcp[1621401]: read /opt/stack/data/neutron/dhcp/bf295d2e-96b7-466e-9c03-749e75dafb00/host
Oct 17 04:58:47.702571 podb-esxi207 dnsmasq-dhcp[1621401]: read /opt/stack/data/neutron/dhcp/bf295d2e-96b7-466e-9c03-749e75dafb00/opts
Oct 17 04:58:58.368461 podb-esxi207 dnsmasq[1621401]: read /opt/stack/data/neutron/dhcp/bf295d2e-96b7-466e-9c03-749e75dafb00/addn_hosts - 4 names
Oct 17 04:58:58.368620 podb-esxi207 dnsmasq-dhcp[1621401]: read /opt/stack/data/neutron/dhcp/bf295d2e-96b7-466e-9c03-749e75dafb00/host
Oct 17 04:58:58.368753 podb-esxi207 dnsmasq-dhcp[1621401]: read /opt/stack/data/neutron/dhcp/bf295d2e-96b7-466e-9c03-749e75dafb00/opts
Oct 17 04:59:22.816826 podb-esxi207 dnsmasq-dhcp[1621401]: DHCPDISCOVER(tap743740f8-89) fa:16:3e:06:91:bc
Oct 17 04:59:22.816853 podb-esxi207 dnsmasq-dhcp[1621401]: DHCPOFFER(tap743740f8-89) 10.1.0.14 fa:16:3e:06:91:bc
Oct 17 04:59:22.827991 podb-esxi207 dnsmasq-dhcp[1621401]: DHCPREQUEST(tap743740f8-89) 10.1.0.14 fa:16:3e:06:91:bc
Oct 17 04:59:22.828022 podb-esxi207 dnsmasq-dhcp[1621401]: DHCPACK(tap743740f8-89) 10.1.0.14 fa:16:3e:06:91:bc host-10-1-0-14
Oct 17 05:00:13.838473 podb-esxi207 dnsmasq[1619140]: read /opt/stack/data/neutron/dhcp/bfa455e6-477b-4c6f-a41f-6ee00391a9ea/addn_hosts - 4 names
Oct 17 05:00:13.838609 podb-esxi207 dnsmasq-dhcp[1619140]: read /opt/stack/data/neutron/dhcp/bfa455e6-477b-4c6f-a41f-6ee00391a9ea/host
Oct 17 05:00:13.838716 podb-esxi207 dnsmasq-dhcp[1619140]: read /opt/stack/data/neutron/dhcp/bfa455e6-477b-4c6f-a41f-6ee00391a9ea/opts
Oct 17 05:00:56.978371 podb-esxi207 dnsmasq[1619140]: read /opt/stack/data/neutron/dhcp/bfa455e6-477b-4c6f-a41f-6ee00391a9ea/addn_hosts - 2 names
Oct 17 05:00:56.978480 podb-esxi207 dnsmasq-dhcp[1619140]: read /opt/stack/data/neutron/dhcp/bfa455e6-477b-4c6f-a41f-6ee00391a9ea/host
Oct 17 05:00:56.978588 podb-esxi207 dnsmasq-dhcp[1619140]: read /opt/stack/data/neutron/dhcp/bfa455e6-477b-4c6f-a41f-6ee00391a9ea/opts
Oct 17 05:01:02.848167 podb-esxi207 dnsmasq-dhcp[1621401]: DHCPRELEASE(tap743740f8-89) 10.1.0.14 fa:16:3e:06:91:bc
Oct 17 05:01:02.864315 podb-esxi207 dnsmasq-dhcp[1621401]: DHCPRELEASE(tap743740f8-89) 10.1.0.14 fa:16:3e:06:91:bc unknown lease
Oct 17 05:01:03.691020 podb-esxi207 dnsmasq[1621401]: read /opt/stack/data/neutron/dhcp/bf295d2e-96b7-466e-9c03-749e75dafb00/addn_hosts - 2 names
Oct 17 05:01:03.691119 podb-esxi207 dnsmasq-dhcp[1621401]: read /opt/stack/data/neutron/dhcp/bf295d2e-96b7-466e-9c03-749e75dafb00/host
Oct 17 05:01:03.691232 podb-esxi207 dnsmasq-dhcp[1621401]: read /opt/stack/data/neutron/dhcp/bf295d2e-96b7-466e-9c03-749e75dafb00/opts
Oct 17 05:01:14.909920 podb-esxi207 dnsmasq[1621401]: read /opt/stack/data/neutron/dhcp/bf295d2e-96b7-466e-9c03-749e75dafb00/addn_hosts - 4 names
Oct 17 05:01:14.910015 podb-esxi207 dnsmasq-dhcp[1621401]: read /opt/stack/data/neutron/dhcp/bf295d2e-96b7-466e-9c03-749e75dafb00/host
Oct 17 05:01:14.910087 podb-esxi207 dnsmasq-dhcp[1621401]: read /opt/stack/data/neutron/dhcp/bf295d2e-96b7-466e-9c03-749e75dafb00/opts
Oct 17 05:01:37.121973 podb-esxi207 dnsmasq-dhcp[1621401]: DHCPDISCOVER(tap743740f8-89) fa:16:3e:78:6b:e0
Oct 17 05:01:37.122002 podb-esxi207 dnsmasq-dhcp[1621401]: DHCPOFFER(tap743740f8-89) 10.1.0.6 fa:16:3e:78:6b:e0
Oct 17 05:01:37.136045 podb-esxi207 dnsmasq-dhcp[1621401]: DHCPREQUEST(tap743740f8-89) 10.1.0.6 fa:16:3e:78:6b:e0
Oct 17 05:01:37.136081 podb-esxi207 dnsmasq-dhcp[1621401]: DHCPACK(tap743740f8-89) 10.1.0.6 fa:16:3e:78:6b:e0 host-10-1-0-6
Oct 17 05:01:56.356499 podb-esxi207 dnsmasq[1625739]: started, version 2.90 cachesize 150
Oct 17 05:01:56.356523 podb-esxi207 dnsmasq[1625739]: DNS service limited to local subnets
Oct 17 05:01:56.356538 podb-esxi207 dnsmasq[1625739]: compile time options: IPv6 GNU-getopt DBus no-UBus i18n IDN2 DHCP DHCPv6 no-Lua TFTP conntrack ipset no-nftset auth cryptohash DNSSEC loop-detect inotify dumpfile
Oct 17 05:01:56.356573 podb-esxi207 dnsmasq-dhcp[1625739]: DHCP, static leases only on 10.1.0.0, lease time 1d
Oct 17 05:01:56.356752 podb-esxi207 dnsmasq[1625739]: reading /etc/resolv.conf
Oct 17 05:01:56.356769 podb-esxi207 dnsmasq[1625739]: using nameserver 127.0.0.53#53
Oct 17 05:01:56.356856 podb-esxi207 dnsmasq[1625739]: read /opt/stack/data/neutron/dhcp/ba4ba31b-d666-42f1-828a-9111a87bd5c7/addn_hosts - 0 names
Oct 17 05:01:56.356908 podb-esxi207 dnsmasq-dhcp[1625739]: read /opt/stack/data/neutron/dhcp/ba4ba31b-d666-42f1-828a-9111a87bd5c7/host
Oct 17 05:01:56.356967 podb-esxi207 dnsmasq-dhcp[1625739]: read /opt/stack/data/neutron/dhcp/ba4ba31b-d666-42f1-828a-9111a87bd5c7/opts
Oct 17 05:01:57.905206 podb-esxi207 dnsmasq[1625739]: read /opt/stack/data/neutron/dhcp/ba4ba31b-d666-42f1-828a-9111a87bd5c7/addn_hosts - 2 names
Oct 17 05:01:57.905331 podb-esxi207 dnsmasq-dhcp[1625739]: read /opt/stack/data/neutron/dhcp/ba4ba31b-d666-42f1-828a-9111a87bd5c7/host
Oct 17 05:01:57.905425 podb-esxi207 dnsmasq-dhcp[1625739]: read /opt/stack/data/neutron/dhcp/ba4ba31b-d666-42f1-828a-9111a87bd5c7/opts
Oct 17 05:01:59.175446 podb-esxi207 dnsmasq[1625739]: read /opt/stack/data/neutron/dhcp/ba4ba31b-d666-42f1-828a-9111a87bd5c7/addn_hosts - 2 names
Oct 17 05:01:59.175589 podb-esxi207 dnsmasq-dhcp[1625739]: read /opt/stack/data/neutron/dhcp/ba4ba31b-d666-42f1-828a-9111a87bd5c7/host
Oct 17 05:01:59.175709 podb-esxi207 dnsmasq-dhcp[1625739]: read /opt/stack/data/neutron/dhcp/ba4ba31b-d666-42f1-828a-9111a87bd5c7/opts
Oct 17 05:02:00.434798 podb-esxi207 dnsmasq[1625739]: read /opt/stack/data/neutron/dhcp/ba4ba31b-d666-42f1-828a-9111a87bd5c7/addn_hosts - 2 names
Oct 17 05:02:00.434909 podb-esxi207 dnsmasq-dhcp[1625739]: read /opt/stack/data/neutron/dhcp/ba4ba31b-d666-42f1-828a-9111a87bd5c7/host
Oct 17 05:02:00.435029 podb-esxi207 dnsmasq-dhcp[1625739]: read /opt/stack/data/neutron/dhcp/ba4ba31b-d666-42f1-828a-9111a87bd5c7/opts
Oct 17 05:02:14.871041 podb-esxi207 dnsmasq[1625739]: read /opt/stack/data/neutron/dhcp/ba4ba31b-d666-42f1-828a-9111a87bd5c7/addn_hosts - 4 names
Oct 17 05:02:14.871194 podb-esxi207 dnsmasq-dhcp[1625739]: read /opt/stack/data/neutron/dhcp/ba4ba31b-d666-42f1-828a-9111a87bd5c7/host
Oct 17 05:02:14.871303 podb-esxi207 dnsmasq-dhcp[1625739]: read /opt/stack/data/neutron/dhcp/ba4ba31b-d666-42f1-828a-9111a87bd5c7/opts
Oct 17 05:02:28.593677 podb-esxi207 dnsmasq[1625739]: read /opt/stack/data/neutron/dhcp/ba4ba31b-d666-42f1-828a-9111a87bd5c7/addn_hosts - 2 names
Oct 17 05:02:28.593762 podb-esxi207 dnsmasq-dhcp[1625739]: read /opt/stack/data/neutron/dhcp/ba4ba31b-d666-42f1-828a-9111a87bd5c7/host
Oct 17 05:02:28.593862 podb-esxi207 dnsmasq-dhcp[1625739]: read /opt/stack/data/neutron/dhcp/ba4ba31b-d666-42f1-828a-9111a87bd5c7/opts
Oct 17 05:02:38.060701 podb-esxi207 dnsmasq[1625739]: read /opt/stack/data/neutron/dhcp/ba4ba31b-d666-42f1-828a-9111a87bd5c7/addn_hosts - 4 names
Oct 17 05:02:38.060804 podb-esxi207 dnsmasq-dhcp[1625739]: read /opt/stack/data/neutron/dhcp/ba4ba31b-d666-42f1-828a-9111a87bd5c7/host
Oct 17 05:02:38.060876 podb-esxi207 dnsmasq-dhcp[1625739]: read /opt/stack/data/neutron/dhcp/ba4ba31b-d666-42f1-828a-9111a87bd5c7/opts
Oct 17 05:02:41.192448 podb-esxi207 dnsmasq[1619140]: read /opt/stack/data/neutron/dhcp/bfa455e6-477b-4c6f-a41f-6ee00391a9ea/addn_hosts - 4 names
Oct 17 05:02:41.192536 podb-esxi207 dnsmasq-dhcp[1619140]: read /opt/stack/data/neutron/dhcp/bfa455e6-477b-4c6f-a41f-6ee00391a9ea/host
Oct 17 05:02:41.192600 podb-esxi207 dnsmasq-dhcp[1619140]: read /opt/stack/data/neutron/dhcp/bfa455e6-477b-4c6f-a41f-6ee00391a9ea/opts
Oct 17 05:02:52.924514 podb-esxi207 dnsmasq[1625739]: read /opt/stack/data/neutron/dhcp/ba4ba31b-d666-42f1-828a-9111a87bd5c7/addn_hosts - 2 names
Oct 17 05:02:52.924678 podb-esxi207 dnsmasq-dhcp[1625739]: read /opt/stack/data/neutron/dhcp/ba4ba31b-d666-42f1-828a-9111a87bd5c7/host
Oct 17 05:02:52.924804 podb-esxi207 dnsmasq-dhcp[1625739]: read /opt/stack/data/neutron/dhcp/ba4ba31b-d666-42f1-828a-9111a87bd5c7/opts
Oct 17 05:03:14.310720 podb-esxi207 dnsmasq-dhcp[1619140]: DHCPDISCOVER(tapddaadcfe-90) fa:16:3e:6d:2e:1c
Oct 17 05:03:14.310757 podb-esxi207 dnsmasq-dhcp[1619140]: DHCPOFFER(tapddaadcfe-90) 10.1.0.14 fa:16:3e:6d:2e:1c
Oct 17 05:03:14.322903 podb-esxi207 dnsmasq-dhcp[1619140]: DHCPREQUEST(tapddaadcfe-90) 10.1.0.14 fa:16:3e:6d:2e:1c
Oct 17 05:03:14.322940 podb-esxi207 dnsmasq-dhcp[1619140]: DHCPACK(tapddaadcfe-90) 10.1.0.14 fa:16:3e:6d:2e:1c host-10-1-0-14
Oct 17 05:03:27.349787 podb-esxi207 dnsmasq-dhcp[1621401]: DHCPRELEASE(tap743740f8-89) 10.1.0.6 fa:16:3e:78:6b:e0
Oct 17 05:03:27.365760 podb-esxi207 dnsmasq-dhcp[1621401]: DHCPRELEASE(tap743740f8-89) 10.1.0.6 fa:16:3e:78:6b:e0 unknown lease
Oct 17 05:03:28.215537 podb-esxi207 dnsmasq[1621401]: read /opt/stack/data/neutron/dhcp/bf295d2e-96b7-466e-9c03-749e75dafb00/addn_hosts - 2 names
Oct 17 05:03:28.215653 podb-esxi207 dnsmasq-dhcp[1621401]: read /opt/stack/data/neutron/dhcp/bf295d2e-96b7-466e-9c03-749e75dafb00/host
Oct 17 05:03:28.215760 podb-esxi207 dnsmasq-dhcp[1621401]: read /opt/stack/data/neutron/dhcp/bf295d2e-96b7-466e-9c03-749e75dafb00/opts
Oct 17 05:04:05.763318 podb-esxi207 dnsmasq[1621401]: read /opt/stack/data/neutron/dhcp/bf295d2e-96b7-466e-9c03-749e75dafb00/addn_hosts - 0 names
Oct 17 05:04:05.763396 podb-esxi207 dnsmasq-dhcp[1621401]: read /opt/stack/data/neutron/dhcp/bf295d2e-96b7-466e-9c03-749e75dafb00/host
Oct 17 05:04:05.763470 podb-esxi207 dnsmasq-dhcp[1621401]: read /opt/stack/data/neutron/dhcp/bf295d2e-96b7-466e-9c03-749e75dafb00/opts
Oct 17 05:04:06.848330 podb-esxi207 dnsmasq[1621401]: exiting on receipt of SIGTERM
Oct 17 05:04:10.791538 podb-esxi207 dnsmasq[1619140]: read /opt/stack/data/neutron/dhcp/bfa455e6-477b-4c6f-a41f-6ee00391a9ea/addn_hosts - 6 names
Oct 17 05:04:10.791638 podb-esxi207 dnsmasq-dhcp[1619140]: read /opt/stack/data/neutron/dhcp/bfa455e6-477b-4c6f-a41f-6ee00391a9ea/host
Oct 17 05:04:10.791710 podb-esxi207 dnsmasq-dhcp[1619140]: read /opt/stack/data/neutron/dhcp/bfa455e6-477b-4c6f-a41f-6ee00391a9ea/opts
Oct 17 05:04:23.478597 podb-esxi207 dnsmasq[1625739]: read /opt/stack/data/neutron/dhcp/ba4ba31b-d666-42f1-828a-9111a87bd5c7/addn_hosts - 0 names
Oct 17 05:04:23.478691 podb-esxi207 dnsmasq-dhcp[1625739]: read /opt/stack/data/neutron/dhcp/ba4ba31b-d666-42f1-828a-9111a87bd5c7/host
Oct 17 05:04:23.478788 podb-esxi207 dnsmasq-dhcp[1625739]: read /opt/stack/data/neutron/dhcp/ba4ba31b-d666-42f1-828a-9111a87bd5c7/opts
Oct 17 05:04:24.312957 podb-esxi207 dnsmasq[1625739]: exiting on receipt of SIGTERM
Oct 17 05:04:59.104819 podb-esxi207 dnsmasq[1501494]: read /opt/stack/data/neutron/dhcp/f61ea903-e235-4408-ba1d-7ad4588b989a/addn_hosts - 2 names
Oct 17 05:04:59.104900 podb-esxi207 dnsmasq-dhcp[1501494]: read /opt/stack/data/neutron/dhcp/f61ea903-e235-4408-ba1d-7ad4588b989a/host
Oct 17 05:04:59.104951 podb-esxi207 dnsmasq-dhcp[1501494]: read /opt/stack/data/neutron/dhcp/f61ea903-e235-4408-ba1d-7ad4588b989a/opts
Oct 17 05:05:11.198765 podb-esxi207 dnsmasq[1501494]: read /opt/stack/data/neutron/dhcp/f61ea903-e235-4408-ba1d-7ad4588b989a/addn_hosts - 0 names
Oct 17 05:05:11.198836 podb-esxi207 dnsmasq-dhcp[1501494]: read /opt/stack/data/neutron/dhcp/f61ea903-e235-4408-ba1d-7ad4588b989a/host
Oct 17 05:05:11.198889 podb-esxi207 dnsmasq-dhcp[1501494]: read /opt/stack/data/neutron/dhcp/f61ea903-e235-4408-ba1d-7ad4588b989a/opts
Oct 17 05:05:16.390003 podb-esxi207 dnsmasq-dhcp[1619140]: DHCPDISCOVER(tapddaadcfe-90) fa:16:3e:49:8e:4a
Oct 17 05:05:16.390037 podb-esxi207 dnsmasq-dhcp[1619140]: DHCPOFFER(tapddaadcfe-90) 10.1.0.6 fa:16:3e:49:8e:4a
Oct 17 05:05:16.412249 podb-esxi207 dnsmasq-dhcp[1619140]: DHCPREQUEST(tapddaadcfe-90) 10.1.0.6 fa:16:3e:49:8e:4a
Oct 17 05:05:16.412289 podb-esxi207 dnsmasq-dhcp[1619140]: DHCPACK(tapddaadcfe-90) 10.1.0.6 fa:16:3e:49:8e:4a host-10-1-0-6
Oct 17 05:05:30.954509 podb-esxi207 dnsmasq[1501494]: read /opt/stack/data/neutron/dhcp/f61ea903-e235-4408-ba1d-7ad4588b989a/addn_hosts - 2 names
Oct 17 05:05:30.954652 podb-esxi207 dnsmasq-dhcp[1501494]: read /opt/stack/data/neutron/dhcp/f61ea903-e235-4408-ba1d-7ad4588b989a/host
Oct 17 05:05:30.954738 podb-esxi207 dnsmasq-dhcp[1501494]: read /opt/stack/data/neutron/dhcp/f61ea903-e235-4408-ba1d-7ad4588b989a/opts
Oct 17 05:05:52.812984 podb-esxi207 dnsmasq-dhcp[1619140]: DHCPRELEASE(tapddaadcfe-90) 10.1.0.6 fa:16:3e:49:8e:4a
Oct 17 05:05:52.829192 podb-esxi207 dnsmasq-dhcp[1619140]: DHCPRELEASE(tapddaadcfe-90) 10.1.0.6 fa:16:3e:49:8e:4a unknown lease
Oct 17 05:05:53.654830 podb-esxi207 dnsmasq[1619140]: read /opt/stack/data/neutron/dhcp/bfa455e6-477b-4c6f-a41f-6ee00391a9ea/addn_hosts - 4 names
Oct 17 05:05:53.654964 podb-esxi207 dnsmasq-dhcp[1619140]: read /opt/stack/data/neutron/dhcp/bfa455e6-477b-4c6f-a41f-6ee00391a9ea/host
Oct 17 05:05:53.655065 podb-esxi207 dnsmasq-dhcp[1619140]: read /opt/stack/data/neutron/dhcp/bfa455e6-477b-4c6f-a41f-6ee00391a9ea/opts
Oct 17 05:06:59.153275 podb-esxi207 dnsmasq[1501494]: read /opt/stack/data/neutron/dhcp/f61ea903-e235-4408-ba1d-7ad4588b989a/addn_hosts - 0 names
Oct 17 05:06:59.153344 podb-esxi207 dnsmasq-dhcp[1501494]: read /opt/stack/data/neutron/dhcp/f61ea903-e235-4408-ba1d-7ad4588b989a/host
Oct 17 05:06:59.153423 podb-esxi207 dnsmasq-dhcp[1501494]: read /opt/stack/data/neutron/dhcp/f61ea903-e235-4408-ba1d-7ad4588b989a/opts
Oct 17 05:07:07.402901 podb-esxi207 dnsmasq[1630258]: started, version 2.90 cachesize 150
Oct 17 05:07:07.402930 podb-esxi207 dnsmasq[1630258]: DNS service limited to local subnets
Oct 17 05:07:07.402945 podb-esxi207 dnsmasq[1630258]: compile time options: IPv6 GNU-getopt DBus no-UBus i18n IDN2 DHCP DHCPv6 no-Lua TFTP conntrack ipset no-nftset auth cryptohash DNSSEC loop-detect inotify dumpfile
Oct 17 05:07:07.402984 podb-esxi207 dnsmasq-dhcp[1630258]: DHCP, static leases only on 10.1.0.0, lease time 1d
Oct 17 05:07:07.403143 podb-esxi207 dnsmasq[1630258]: reading /etc/resolv.conf
Oct 17 05:07:07.403161 podb-esxi207 dnsmasq[1630258]: using nameserver 127.0.0.53#53
Oct 17 05:07:07.403256 podb-esxi207 dnsmasq[1630258]: read /opt/stack/data/neutron/dhcp/d6405987-210b-4b8c-b962-b0158cd31bc6/addn_hosts - 0 names
Oct 17 05:07:07.403309 podb-esxi207 dnsmasq-dhcp[1630258]: read /opt/stack/data/neutron/dhcp/d6405987-210b-4b8c-b962-b0158cd31bc6/host
Oct 17 05:07:07.403378 podb-esxi207 dnsmasq-dhcp[1630258]: read /opt/stack/data/neutron/dhcp/d6405987-210b-4b8c-b962-b0158cd31bc6/opts
Oct 17 05:07:08.951804 podb-esxi207 dnsmasq[1630258]: read /opt/stack/data/neutron/dhcp/d6405987-210b-4b8c-b962-b0158cd31bc6/addn_hosts - 2 names
Oct 17 05:07:08.951914 podb-esxi207 dnsmasq-dhcp[1630258]: read /opt/stack/data/neutron/dhcp/d6405987-210b-4b8c-b962-b0158cd31bc6/host
Oct 17 05:07:08.952028 podb-esxi207 dnsmasq-dhcp[1630258]: read /opt/stack/data/neutron/dhcp/d6405987-210b-4b8c-b962-b0158cd31bc6/opts
Oct 17 05:07:12.437464 podb-esxi207 dnsmasq[1630639]: started, version 2.90 cachesize 150
Oct 17 05:07:12.437495 podb-esxi207 dnsmasq[1630639]: DNS service limited to local subnets
Oct 17 05:07:12.437510 podb-esxi207 dnsmasq[1630639]: compile time options: IPv6 GNU-getopt DBus no-UBus i18n IDN2 DHCP DHCPv6 no-Lua TFTP conntrack ipset no-nftset auth cryptohash DNSSEC loop-detect inotify dumpfile
Oct 17 05:07:12.437547 podb-esxi207 dnsmasq-dhcp[1630639]: DHCP, static leases only on 10.1.0.0, lease time 1d
Oct 17 05:07:12.437703 podb-esxi207 dnsmasq[1630639]: reading /etc/resolv.conf
Oct 17 05:07:12.437720 podb-esxi207 dnsmasq[1630639]: using nameserver 127.0.0.53#53
Oct 17 05:07:12.437838 podb-esxi207 dnsmasq[1630639]: read /opt/stack/data/neutron/dhcp/72fb56d8-38f7-430b-9033-19ad901b8b44/addn_hosts - 2 names
Oct 17 05:07:12.437911 podb-esxi207 dnsmasq-dhcp[1630639]: read /opt/stack/data/neutron/dhcp/72fb56d8-38f7-430b-9033-19ad901b8b44/host
Oct 17 05:07:12.437983 podb-esxi207 dnsmasq-dhcp[1630639]: read /opt/stack/data/neutron/dhcp/72fb56d8-38f7-430b-9033-19ad901b8b44/opts
Oct 17 05:07:13.482250 podb-esxi207 dnsmasq[1630258]: read /opt/stack/data/neutron/dhcp/d6405987-210b-4b8c-b962-b0158cd31bc6/addn_hosts - 2 names
