Oct 17 04:29:08.726182 podb-esxi207 dnsmasq[1588245]: read /opt/stack/data/neutron/dhcp/03bf3d33-6d36-42ba-aff3-dbe968d5eebe/addn_hosts - 4 names
Oct 17 04:29:08.726333 podb-esxi207 dnsmasq-dhcp[1588245]: read /opt/stack/data/neutron/dhcp/03bf3d33-6d36-42ba-aff3-dbe968d5eebe/host
Oct 17 04:29:08.726457 podb-esxi207 dnsmasq-dhcp[1588245]: read /opt/stack/data/neutron/dhcp/03bf3d33-6d36-42ba-aff3-dbe968d5eebe/opts
Oct 17 04:29:15.312725 podb-esxi207 dnsmasq-dhcp[1586381]: DHCPRELEASE(tap8236f3c4-b3) 10.1.0.8 fa:16:3e:bb:2a:af
Oct 17 04:29:15.329002 podb-esxi207 dnsmasq-dhcp[1586381]: DHCPRELEASE(tap8236f3c4-b3) 10.1.0.8 fa:16:3e:bb:2a:af unknown lease
Oct 17 04:29:16.153958 podb-esxi207 dnsmasq[1586381]: read /opt/stack/data/neutron/dhcp/24398930-d38f-492e-b8fb-0324ea038c26/addn_hosts - 2 names
Oct 17 04:29:16.154046 podb-esxi207 dnsmasq-dhcp[1586381]: read /opt/stack/data/neutron/dhcp/24398930-d38f-492e-b8fb-0324ea038c26/host
Oct 17 04:29:16.154156 podb-esxi207 dnsmasq-dhcp[1586381]: read /opt/stack/data/neutron/dhcp/24398930-d38f-492e-b8fb-0324ea038c26/opts
Oct 17 04:29:23.426175 podb-esxi207 dnsmasq-dhcp[1577623]: DHCPRELEASE(tap1e1f1591-48) 10.1.0.4 fa:16:3e:77:a2:58
Oct 17 04:29:23.443361 podb-esxi207 dnsmasq-dhcp[1577623]: DHCPRELEASE(tap1e1f1591-48) 10.1.0.4 fa:16:3e:77:a2:58 unknown lease
Oct 17 04:29:24.270005 podb-esxi207 dnsmasq[1577623]: read /opt/stack/data/neutron/dhcp/e4deae7a-4952-4e08-b081-59872a85de63/addn_hosts - 4 names
Oct 17 04:29:24.270135 podb-esxi207 dnsmasq-dhcp[1577623]: read /opt/stack/data/neutron/dhcp/e4deae7a-4952-4e08-b081-59872a85de63/host
Oct 17 04:29:24.270241 podb-esxi207 dnsmasq-dhcp[1577623]: read /opt/stack/data/neutron/dhcp/e4deae7a-4952-4e08-b081-59872a85de63/opts
Oct 17 04:29:24.523132 podb-esxi207 dnsmasq-dhcp[1577623]: DHCPRELEASE(tap1e1f1591-48) 10.1.0.11 fa:16:3e:cd:11:c9
Oct 17 04:29:24.540200 podb-esxi207 dnsmasq-dhcp[1577623]: DHCPRELEASE(tap1e1f1591-48) 10.1.0.11 fa:16:3e:cd:11:c9 unknown lease
Oct 17 04:29:25.364348 podb-esxi207 dnsmasq[1577623]: read /opt/stack/data/neutron/dhcp/e4deae7a-4952-4e08-b081-59872a85de63/addn_hosts - 2 names
Oct 17 04:29:25.364467 podb-esxi207 dnsmasq-dhcp[1577623]: read /opt/stack/data/neutron/dhcp/e4deae7a-4952-4e08-b081-59872a85de63/host
Oct 17 04:29:25.364577 podb-esxi207 dnsmasq-dhcp[1577623]: read /opt/stack/data/neutron/dhcp/e4deae7a-4952-4e08-b081-59872a85de63/opts
Oct 17 04:29:28.976042 podb-esxi207 dnsmasq-dhcp[1586381]: DHCPRELEASE(tap8236f3c4-b3) 10.1.0.1 fa:16:3e:ea:ec:40
Oct 17 04:29:29.802475 podb-esxi207 dnsmasq[1586381]: read /opt/stack/data/neutron/dhcp/24398930-d38f-492e-b8fb-0324ea038c26/addn_hosts - 0 names
Oct 17 04:29:29.802573 podb-esxi207 dnsmasq-dhcp[1586381]: read /opt/stack/data/neutron/dhcp/24398930-d38f-492e-b8fb-0324ea038c26/host
Oct 17 04:29:29.802669 podb-esxi207 dnsmasq-dhcp[1586381]: read /opt/stack/data/neutron/dhcp/24398930-d38f-492e-b8fb-0324ea038c26/opts
Oct 17 04:29:30.598383 podb-esxi207 dnsmasq[1586381]: exiting on receipt of SIGTERM
Oct 17 04:29:31.220490 podb-esxi207 dnsmasq-dhcp[1586888]: DHCPRELEASE(tap030e7f39-42) 10.1.0.1 fa:16:3e:5b:2e:8c
Oct 17 04:29:32.042792 podb-esxi207 dnsmasq[1586888]: read /opt/stack/data/neutron/dhcp/3a28d8d3-08c1-4f4b-b228-08a893c7b56f/addn_hosts - 0 names
Oct 17 04:29:32.042885 podb-esxi207 dnsmasq-dhcp[1586888]: read /opt/stack/data/neutron/dhcp/3a28d8d3-08c1-4f4b-b228-08a893c7b56f/host
Oct 17 04:29:32.043002 podb-esxi207 dnsmasq-dhcp[1586888]: read /opt/stack/data/neutron/dhcp/3a28d8d3-08c1-4f4b-b228-08a893c7b56f/opts
Oct 17 04:29:32.810989 podb-esxi207 dnsmasq[1586888]: exiting on receipt of SIGTERM
Oct 17 04:29:37.376387 podb-esxi207 dnsmasq[1589530]: started, version 2.90 cachesize 150
Oct 17 04:29:37.376415 podb-esxi207 dnsmasq[1589530]: DNS service limited to local subnets
Oct 17 04:29:37.376430 podb-esxi207 dnsmasq[1589530]: compile time options: IPv6 GNU-getopt DBus no-UBus i18n IDN2 DHCP DHCPv6 no-Lua TFTP conntrack ipset no-nftset auth cryptohash DNSSEC loop-detect inotify dumpfile
Oct 17 04:29:37.376467 podb-esxi207 dnsmasq-dhcp[1589530]: DHCP, static leases only on 10.1.0.0, lease time 1d
Oct 17 04:29:37.376619 podb-esxi207 dnsmasq[1589530]: reading /etc/resolv.conf
Oct 17 04:29:37.376659 podb-esxi207 dnsmasq[1589530]: using nameserver 127.0.0.53#53
Oct 17 04:29:37.376756 podb-esxi207 dnsmasq[1589530]: read /opt/stack/data/neutron/dhcp/80847248-6782-4692-86ff-aaa29e07b29f/addn_hosts - 0 names
Oct 17 04:29:37.376810 podb-esxi207 dnsmasq-dhcp[1589530]: read /opt/stack/data/neutron/dhcp/80847248-6782-4692-86ff-aaa29e07b29f/host
Oct 17 04:29:37.376879 podb-esxi207 dnsmasq-dhcp[1589530]: read /opt/stack/data/neutron/dhcp/80847248-6782-4692-86ff-aaa29e07b29f/opts
Oct 17 04:29:37.912764 podb-esxi207 dnsmasq-dhcp[1577623]: DHCPRELEASE(tap1e1f1591-48) 10.1.0.1 fa:16:3e:f6:8d:8c
Oct 17 04:29:38.739396 podb-esxi207 dnsmasq[1577623]: read /opt/stack/data/neutron/dhcp/e4deae7a-4952-4e08-b081-59872a85de63/addn_hosts - 0 names
Oct 17 04:29:38.739461 podb-esxi207 dnsmasq-dhcp[1577623]: read /opt/stack/data/neutron/dhcp/e4deae7a-4952-4e08-b081-59872a85de63/host
Oct 17 04:29:38.739512 podb-esxi207 dnsmasq-dhcp[1577623]: read /opt/stack/data/neutron/dhcp/e4deae7a-4952-4e08-b081-59872a85de63/opts
Oct 17 04:29:40.007949 podb-esxi207 dnsmasq[1589530]: read /opt/stack/data/neutron/dhcp/80847248-6782-4692-86ff-aaa29e07b29f/addn_hosts - 2 names
Oct 17 04:29:40.008075 podb-esxi207 dnsmasq-dhcp[1589530]: read /opt/stack/data/neutron/dhcp/80847248-6782-4692-86ff-aaa29e07b29f/host
Oct 17 04:29:40.008191 podb-esxi207 dnsmasq-dhcp[1589530]: read /opt/stack/data/neutron/dhcp/80847248-6782-4692-86ff-aaa29e07b29f/opts
Oct 17 04:29:40.762324 podb-esxi207 dnsmasq[1577623]: exiting on receipt of SIGTERM
Oct 17 04:29:41.387184 podb-esxi207 dnsmasq-dhcp[1580022]: DHCPRELEASE(tap90d2e0e1-99) 10.1.0.1 fa:16:3e:34:62:60
Oct 17 04:29:42.210785 podb-esxi207 dnsmasq[1580022]: read /opt/stack/data/neutron/dhcp/fd516de8-6b61-4d74-b3e7-893c4b342f2e/addn_hosts - 0 names
Oct 17 04:29:42.210851 podb-esxi207 dnsmasq-dhcp[1580022]: read /opt/stack/data/neutron/dhcp/fd516de8-6b61-4d74-b3e7-893c4b342f2e/host
Oct 17 04:29:42.210929 podb-esxi207 dnsmasq-dhcp[1580022]: read /opt/stack/data/neutron/dhcp/fd516de8-6b61-4d74-b3e7-893c4b342f2e/opts
Oct 17 04:29:42.965556 podb-esxi207 dnsmasq[1589530]: read /opt/stack/data/neutron/dhcp/80847248-6782-4692-86ff-aaa29e07b29f/addn_hosts - 2 names
Oct 17 04:29:42.965634 podb-esxi207 dnsmasq-dhcp[1589530]: read /opt/stack/data/neutron/dhcp/80847248-6782-4692-86ff-aaa29e07b29f/host
Oct 17 04:29:42.965751 podb-esxi207 dnsmasq-dhcp[1589530]: read /opt/stack/data/neutron/dhcp/80847248-6782-4692-86ff-aaa29e07b29f/opts
Oct 17 04:29:43.731921 podb-esxi207 dnsmasq-dhcp[1581630]: DHCPRELEASE(tap66489738-7d) 10.1.0.1 fa:16:3e:04:44:ec
Oct 17 04:29:44.557819 podb-esxi207 dnsmasq[1581630]: read /opt/stack/data/neutron/dhcp/6513549a-72ef-4135-963e-2d0edf6081d4/addn_hosts - 0 names
Oct 17 04:29:44.557888 podb-esxi207 dnsmasq-dhcp[1581630]: read /opt/stack/data/neutron/dhcp/6513549a-72ef-4135-963e-2d0edf6081d4/host
Oct 17 04:29:44.557990 podb-esxi207 dnsmasq-dhcp[1581630]: read /opt/stack/data/neutron/dhcp/6513549a-72ef-4135-963e-2d0edf6081d4/opts
Oct 17 04:29:44.806430 podb-esxi207 dnsmasq[1580022]: exiting on receipt of SIGTERM
Oct 17 04:29:45.931039 podb-esxi207 dnsmasq[1589530]: read /opt/stack/data/neutron/dhcp/80847248-6782-4692-86ff-aaa29e07b29f/addn_hosts - 2 names
Oct 17 04:29:45.931128 podb-esxi207 dnsmasq-dhcp[1589530]: read /opt/stack/data/neutron/dhcp/80847248-6782-4692-86ff-aaa29e07b29f/host
Oct 17 04:29:45.931225 podb-esxi207 dnsmasq-dhcp[1589530]: read /opt/stack/data/neutron/dhcp/80847248-6782-4692-86ff-aaa29e07b29f/opts
Oct 17 04:29:46.682477 podb-esxi207 dnsmasq[1581630]: exiting on receipt of SIGTERM
Oct 17 04:29:49.983761 podb-esxi207 dnsmasq[1590314]: started, version 2.90 cachesize 150
Oct 17 04:29:49.983789 podb-esxi207 dnsmasq[1590314]: DNS service limited to local subnets
Oct 17 04:29:49.983804 podb-esxi207 dnsmasq[1590314]: compile time options: IPv6 GNU-getopt DBus no-UBus i18n IDN2 DHCP DHCPv6 no-Lua TFTP conntrack ipset no-nftset auth cryptohash DNSSEC loop-detect inotify dumpfile
Oct 17 04:29:49.983841 podb-esxi207 dnsmasq-dhcp[1590314]: DHCP, static leases only on 10.1.0.0, lease time 1d
Oct 17 04:29:49.983996 podb-esxi207 dnsmasq[1590314]: reading /etc/resolv.conf
Oct 17 04:29:49.984013 podb-esxi207 dnsmasq[1590314]: using nameserver 127.0.0.53#53
Oct 17 04:29:49.984128 podb-esxi207 dnsmasq[1590314]: read /opt/stack/data/neutron/dhcp/2b3924c8-5b15-46ed-9637-08bb6667ee42/addn_hosts - 2 names
Oct 17 04:29:49.984195 podb-esxi207 dnsmasq-dhcp[1590314]: read /opt/stack/data/neutron/dhcp/2b3924c8-5b15-46ed-9637-08bb6667ee42/host
Oct 17 04:29:49.984266 podb-esxi207 dnsmasq-dhcp[1590314]: read /opt/stack/data/neutron/dhcp/2b3924c8-5b15-46ed-9637-08bb6667ee42/opts
Oct 17 04:29:50.522030 podb-esxi207 dnsmasq[1589530]: read /opt/stack/data/neutron/dhcp/80847248-6782-4692-86ff-aaa29e07b29f/addn_hosts - 4 names
Oct 17 04:29:50.522196 podb-esxi207 dnsmasq-dhcp[1589530]: read /opt/stack/data/neutron/dhcp/80847248-6782-4692-86ff-aaa29e07b29f/host
Oct 17 04:29:50.522358 podb-esxi207 dnsmasq-dhcp[1589530]: read /opt/stack/data/neutron/dhcp/80847248-6782-4692-86ff-aaa29e07b29f/opts
Oct 17 04:29:53.828758 podb-esxi207 dnsmasq[1590991]: started, version 2.90 cachesize 150
Oct 17 04:29:53.828783 podb-esxi207 dnsmasq[1590991]: DNS service limited to local subnets
Oct 17 04:29:53.828797 podb-esxi207 dnsmasq[1590991]: compile time options: IPv6 GNU-getopt DBus no-UBus i18n IDN2 DHCP DHCPv6 no-Lua TFTP conntrack ipset no-nftset auth cryptohash DNSSEC loop-detect inotify dumpfile
Oct 17 04:29:53.828835 podb-esxi207 dnsmasq-dhcp[1590991]: DHCP, static leases only on 10.1.0.0, lease time 1d
Oct 17 04:29:53.828978 podb-esxi207 dnsmasq[1590991]: reading /etc/resolv.conf
Oct 17 04:29:53.828994 podb-esxi207 dnsmasq[1590991]: using nameserver 127.0.0.53#53
Oct 17 04:29:53.829104 podb-esxi207 dnsmasq[1590991]: read /opt/stack/data/neutron/dhcp/e71bd4d2-c03f-40dc-bf06-ab3e19e0d873/addn_hosts - 2 names
Oct 17 04:29:53.829165 podb-esxi207 dnsmasq-dhcp[1590991]: read /opt/stack/data/neutron/dhcp/e71bd4d2-c03f-40dc-bf06-ab3e19e0d873/host
Oct 17 04:29:53.829237 podb-esxi207 dnsmasq-dhcp[1590991]: read /opt/stack/data/neutron/dhcp/e71bd4d2-c03f-40dc-bf06-ab3e19e0d873/opts
Oct 17 04:29:54.865540 podb-esxi207 dnsmasq[1590314]: read /opt/stack/data/neutron/dhcp/2b3924c8-5b15-46ed-9637-08bb6667ee42/addn_hosts - 2 names
Oct 17 04:29:54.865616 podb-esxi207 dnsmasq-dhcp[1590314]: read /opt/stack/data/neutron/dhcp/2b3924c8-5b15-46ed-9637-08bb6667ee42/host
Oct 17 04:29:54.865720 podb-esxi207 dnsmasq-dhcp[1590314]: read /opt/stack/data/neutron/dhcp/2b3924c8-5b15-46ed-9637-08bb6667ee42/opts
Oct 17 04:29:55.601958 podb-esxi207 dnsmasq-dhcp[1586990]: DHCPRELEASE(tapd022cce6-6f) 10.10.10.68 fa:16:3e:78:1e:b5
Oct 17 04:29:55.616956 podb-esxi207 dnsmasq-dhcp[1586990]: DHCPRELEASE(tapd022cce6-6f) 10.10.10.68 fa:16:3e:78:1e:b5 unknown lease
Oct 17 04:29:56.438406 podb-esxi207 dnsmasq[1586990]: read /opt/stack/data/neutron/dhcp/a265f947-7157-4c3d-b771-dc7e4750516d/addn_hosts - 0 names
Oct 17 04:29:56.438484 podb-esxi207 dnsmasq-dhcp[1586990]: read /opt/stack/data/neutron/dhcp/a265f947-7157-4c3d-b771-dc7e4750516d/host
Oct 17 04:29:56.438568 podb-esxi207 dnsmasq-dhcp[1586990]: read /opt/stack/data/neutron/dhcp/a265f947-7157-4c3d-b771-dc7e4750516d/opts
Oct 17 04:29:57.159218 podb-esxi207 dnsmasq[1588245]: read /opt/stack/data/neutron/dhcp/03bf3d33-6d36-42ba-aff3-dbe968d5eebe/addn_hosts - 6 names
Oct 17 04:29:57.159306 podb-esxi207 dnsmasq-dhcp[1588245]: read /opt/stack/data/neutron/dhcp/03bf3d33-6d36-42ba-aff3-dbe968d5eebe/host
Oct 17 04:29:57.159400 podb-esxi207 dnsmasq-dhcp[1588245]: read /opt/stack/data/neutron/dhcp/03bf3d33-6d36-42ba-aff3-dbe968d5eebe/opts
Oct 17 04:29:58.393484 podb-esxi207 dnsmasq[1590991]: read /opt/stack/data/neutron/dhcp/e71bd4d2-c03f-40dc-bf06-ab3e19e0d873/addn_hosts - 2 names
Oct 17 04:29:58.393597 podb-esxi207 dnsmasq-dhcp[1590991]: read /opt/stack/data/neutron/dhcp/e71bd4d2-c03f-40dc-bf06-ab3e19e0d873/host
Oct 17 04:29:58.393703 podb-esxi207 dnsmasq-dhcp[1590991]: read /opt/stack/data/neutron/dhcp/e71bd4d2-c03f-40dc-bf06-ab3e19e0d873/opts
Oct 17 04:29:59.122170 podb-esxi207 dnsmasq[1590314]: read /opt/stack/data/neutron/dhcp/2b3924c8-5b15-46ed-9637-08bb6667ee42/addn_hosts - 2 names
Oct 17 04:29:59.122242 podb-esxi207 dnsmasq-dhcp[1590314]: read /opt/stack/data/neutron/dhcp/2b3924c8-5b15-46ed-9637-08bb6667ee42/host
Oct 17 04:29:59.122312 podb-esxi207 dnsmasq-dhcp[1590314]: read /opt/stack/data/neutron/dhcp/2b3924c8-5b15-46ed-9637-08bb6667ee42/opts
Oct 17 04:30:00.354556 podb-esxi207 dnsmasq[1590991]: read /opt/stack/data/neutron/dhcp/e71bd4d2-c03f-40dc-bf06-ab3e19e0d873/addn_hosts - 2 names
Oct 17 04:30:00.354640 podb-esxi207 dnsmasq-dhcp[1590991]: read /opt/stack/data/neutron/dhcp/e71bd4d2-c03f-40dc-bf06-ab3e19e0d873/host
Oct 17 04:30:00.354725 podb-esxi207 dnsmasq-dhcp[1590991]: read /opt/stack/data/neutron/dhcp/e71bd4d2-c03f-40dc-bf06-ab3e19e0d873/opts
Oct 17 04:30:01.088069 podb-esxi207 dnsmasq[1590314]: read /opt/stack/data/neutron/dhcp/2b3924c8-5b15-46ed-9637-08bb6667ee42/addn_hosts - 2 names
Oct 17 04:30:01.088151 podb-esxi207 dnsmasq-dhcp[1590314]: read /opt/stack/data/neutron/dhcp/2b3924c8-5b15-46ed-9637-08bb6667ee42/host
Oct 17 04:30:01.088239 podb-esxi207 dnsmasq-dhcp[1590314]: read /opt/stack/data/neutron/dhcp/2b3924c8-5b15-46ed-9637-08bb6667ee42/opts
Oct 17 04:30:01.305676 podb-esxi207 dnsmasq-dhcp[1585960]: DHCPRELEASE(tap30e4e35a-9f) 10.1.0.4 fa:16:3e:f9:ea:f6
Oct 17 04:30:01.320598 podb-esxi207 dnsmasq-dhcp[1585960]: DHCPRELEASE(tap30e4e35a-9f) 10.1.0.4 fa:16:3e:f9:ea:f6 unknown lease
Oct 17 04:30:02.142367 podb-esxi207 dnsmasq[1585960]: read /opt/stack/data/neutron/dhcp/e95a5780-c0b0-4925-b9a3-7f7f3850a6ab/addn_hosts - 2 names
Oct 17 04:30:02.142439 podb-esxi207 dnsmasq-dhcp[1585960]: read /opt/stack/data/neutron/dhcp/e95a5780-c0b0-4925-b9a3-7f7f3850a6ab/host
Oct 17 04:30:02.142512 podb-esxi207 dnsmasq-dhcp[1585960]: read /opt/stack/data/neutron/dhcp/e95a5780-c0b0-4925-b9a3-7f7f3850a6ab/opts
Oct 17 04:30:03.285014 podb-esxi207 dnsmasq-dhcp[1588245]: DHCPDISCOVER(tap335a2270-e7) fa:16:3e:e2:96:f4
Oct 17 04:30:03.285041 podb-esxi207 dnsmasq-dhcp[1588245]: DHCPOFFER(tap335a2270-e7) 10.1.0.8 fa:16:3e:e2:96:f4
Oct 17 04:30:03.296290 podb-esxi207 dnsmasq-dhcp[1588245]: DHCPREQUEST(tap335a2270-e7) 10.1.0.8 fa:16:3e:e2:96:f4
Oct 17 04:30:03.296324 podb-esxi207 dnsmasq-dhcp[1588245]: DHCPACK(tap335a2270-e7) 10.1.0.8 fa:16:3e:e2:96:f4 host-10-1-0-8
Oct 17 04:30:03.381391 podb-esxi207 dnsmasq[1590991]: read /opt/stack/data/neutron/dhcp/e71bd4d2-c03f-40dc-bf06-ab3e19e0d873/addn_hosts - 2 names
Oct 17 04:30:03.381494 podb-esxi207 dnsmasq-dhcp[1590991]: read /opt/stack/data/neutron/dhcp/e71bd4d2-c03f-40dc-bf06-ab3e19e0d873/host
Oct 17 04:30:03.381605 podb-esxi207 dnsmasq-dhcp[1590991]: read /opt/stack/data/neutron/dhcp/e71bd4d2-c03f-40dc-bf06-ab3e19e0d873/opts
Oct 17 04:30:04.638521 podb-esxi207 dnsmasq[1586990]: exiting on receipt of SIGTERM
Oct 17 04:30:07.656609 podb-esxi207 dnsmasq-dhcp[1589530]: DHCPDISCOVER(tapd1dfea43-79) fa:16:3e:78:3c:f4
Oct 17 04:30:07.656633 podb-esxi207 dnsmasq-dhcp[1589530]: DHCPOFFER(tapd1dfea43-79) 10.1.0.8 fa:16:3e:78:3c:f4
Oct 17 04:30:07.667427 podb-esxi207 dnsmasq-dhcp[1589530]: DHCPREQUEST(tapd1dfea43-79) 10.1.0.8 fa:16:3e:78:3c:f4
Oct 17 04:30:07.667461 podb-esxi207 dnsmasq-dhcp[1589530]: DHCPACK(tapd1dfea43-79) 10.1.0.8 fa:16:3e:78:3c:f4 host-10-1-0-8
Oct 17 04:30:08.735381 podb-esxi207 dnsmasq[1585960]: read /opt/stack/data/neutron/dhcp/e95a5780-c0b0-4925-b9a3-7f7f3850a6ab/addn_hosts - 0 names
Oct 17 04:30:08.735453 podb-esxi207 dnsmasq-dhcp[1585960]: read /opt/stack/data/neutron/dhcp/e95a5780-c0b0-4925-b9a3-7f7f3850a6ab/host
Oct 17 04:30:08.735527 podb-esxi207 dnsmasq-dhcp[1585960]: read /opt/stack/data/neutron/dhcp/e95a5780-c0b0-4925-b9a3-7f7f3850a6ab/opts
Oct 17 04:30:09.482866 podb-esxi207 dnsmasq[1588245]: read /opt/stack/data/neutron/dhcp/03bf3d33-6d36-42ba-aff3-dbe968d5eebe/addn_hosts - 8 names
Oct 17 04:30:09.482963 podb-esxi207 dnsmasq-dhcp[1588245]: read /opt/stack/data/neutron/dhcp/03bf3d33-6d36-42ba-aff3-dbe968d5eebe/host
Oct 17 04:30:09.483040 podb-esxi207 dnsmasq-dhcp[1588245]: read /opt/stack/data/neutron/dhcp/03bf3d33-6d36-42ba-aff3-dbe968d5eebe/opts
Oct 17 04:30:10.720079 podb-esxi207 dnsmasq-dhcp[1586783]: DHCPRELEASE(tap255eb89e-8f) 10.1.0.1 fa:16:3e:3f:94:86
Oct 17 04:30:11.542725 podb-esxi207 dnsmasq[1586783]: read /opt/stack/data/neutron/dhcp/fa1ddbca-eaf8-471d-a86d-3fc95bf036c9/addn_hosts - 0 names
Oct 17 04:30:11.542793 podb-esxi207 dnsmasq-dhcp[1586783]: read /opt/stack/data/neutron/dhcp/fa1ddbca-eaf8-471d-a86d-3fc95bf036c9/host
Oct 17 04:30:11.542873 podb-esxi207 dnsmasq-dhcp[1586783]: read /opt/stack/data/neutron/dhcp/fa1ddbca-eaf8-471d-a86d-3fc95bf036c9/opts
Oct 17 04:30:11.780802 podb-esxi207 dnsmasq[1585960]: exiting on receipt of SIGTERM
Oct 17 04:30:12.380777 podb-esxi207 dnsmasq[1586783]: exiting on receipt of SIGTERM
Oct 17 04:30:15.626369 podb-esxi207 dnsmasq[1591798]: started, version 2.90 cachesize 150
Oct 17 04:30:15.626397 podb-esxi207 dnsmasq[1591798]: DNS service limited to local subnets
Oct 17 04:30:15.626413 podb-esxi207 dnsmasq[1591798]: compile time options: IPv6 GNU-getopt DBus no-UBus i18n IDN2 DHCP DHCPv6 no-Lua TFTP conntrack ipset no-nftset auth cryptohash DNSSEC loop-detect inotify dumpfile
Oct 17 04:30:15.626453 podb-esxi207 dnsmasq-dhcp[1591798]: DHCP, static leases only on 10.1.0.0, lease time 1d
Oct 17 04:30:15.626616 podb-esxi207 dnsmasq[1591798]: reading /etc/resolv.conf
Oct 17 04:30:15.626634 podb-esxi207 dnsmasq[1591798]: using nameserver 127.0.0.53#53
Oct 17 04:30:15.626729 podb-esxi207 dnsmasq[1591798]: read /opt/stack/data/neutron/dhcp/70c63488-7b18-458f-bf92-f2232f5cc1f8/addn_hosts - 0 names
Oct 17 04:30:15.626781 podb-esxi207 dnsmasq-dhcp[1591798]: read /opt/stack/data/neutron/dhcp/70c63488-7b18-458f-bf92-f2232f5cc1f8/host
Oct 17 04:30:15.626841 podb-esxi207 dnsmasq-dhcp[1591798]: read /opt/stack/data/neutron/dhcp/70c63488-7b18-458f-bf92-f2232f5cc1f8/opts
Oct 17 04:30:17.174988 podb-esxi207 dnsmasq[1591798]: read /opt/stack/data/neutron/dhcp/70c63488-7b18-458f-bf92-f2232f5cc1f8/addn_hosts - 2 names
Oct 17 04:30:17.175070 podb-esxi207 dnsmasq-dhcp[1591798]: read /opt/stack/data/neutron/dhcp/70c63488-7b18-458f-bf92-f2232f5cc1f8/host
Oct 17 04:30:17.175174 podb-esxi207 dnsmasq-dhcp[1591798]: read /opt/stack/data/neutron/dhcp/70c63488-7b18-458f-bf92-f2232f5cc1f8/opts
Oct 17 04:30:18.445759 podb-esxi207 dnsmasq[1591798]: read /opt/stack/data/neutron/dhcp/70c63488-7b18-458f-bf92-f2232f5cc1f8/addn_hosts - 2 names
Oct 17 04:30:18.445878 podb-esxi207 dnsmasq-dhcp[1591798]: read /opt/stack/data/neutron/dhcp/70c63488-7b18-458f-bf92-f2232f5cc1f8/host
Oct 17 04:30:18.446000 podb-esxi207 dnsmasq-dhcp[1591798]: read /opt/stack/data/neutron/dhcp/70c63488-7b18-458f-bf92-f2232f5cc1f8/opts
Oct 17 04:30:19.708850 podb-esxi207 dnsmasq-dhcp[1588245]: DHCPDISCOVER(tap335a2270-e7) fa:16:3e:74:8e:19
Oct 17 04:30:19.708878 podb-esxi207 dnsmasq-dhcp[1588245]: DHCPOFFER(tap335a2270-e7) 10.1.0.3 fa:16:3e:74:8e:19
Oct 17 04:30:19.719816 podb-esxi207 dnsmasq-dhcp[1588245]: DHCPREQUEST(tap335a2270-e7) 10.1.0.3 fa:16:3e:74:8e:19
Oct 17 04:30:19.719849 podb-esxi207 dnsmasq-dhcp[1588245]: DHCPACK(tap335a2270-e7) 10.1.0.3 fa:16:3e:74:8e:19 host-10-1-0-3
Oct 17 04:30:19.720683 podb-esxi207 dnsmasq[1591798]: read /opt/stack/data/neutron/dhcp/70c63488-7b18-458f-bf92-f2232f5cc1f8/addn_hosts - 2 names
Oct 17 04:30:19.720775 podb-esxi207 dnsmasq-dhcp[1591798]: read /opt/stack/data/neutron/dhcp/70c63488-7b18-458f-bf92-f2232f5cc1f8/host
Oct 17 04:30:19.721145 podb-esxi207 dnsmasq-dhcp[1591798]: read /opt/stack/data/neutron/dhcp/70c63488-7b18-458f-bf92-f2232f5cc1f8/opts
Oct 17 04:30:21.078645 podb-esxi207 dnsmasq[1591798]: read /opt/stack/data/neutron/dhcp/70c63488-7b18-458f-bf92-f2232f5cc1f8/addn_hosts - 4 names
Oct 17 04:30:21.078675 podb-esxi207 dnsmasq-dhcp[1591798]: read /opt/stack/data/neutron/dhcp/70c63488-7b18-458f-bf92-f2232f5cc1f8/host
Oct 17 04:30:21.078697 podb-esxi207 dnsmasq-dhcp[1591798]: read /opt/stack/data/neutron/dhcp/70c63488-7b18-458f-bf92-f2232f5cc1f8/opts
Oct 17 04:30:31.659073 podb-esxi207 dnsmasq-dhcp[1588245]: DHCPDISCOVER(tap335a2270-e7) fa:16:3e:8d:5d:5a
Oct 17 04:30:31.659085 podb-esxi207 dnsmasq-dhcp[1588245]: DHCPOFFER(tap335a2270-e7) 10.1.0.10 fa:16:3e:8d:5d:5a
Oct 17 04:30:31.673410 podb-esxi207 dnsmasq-dhcp[1588245]: DHCPREQUEST(tap335a2270-e7) 10.1.0.10 fa:16:3e:8d:5d:5a
Oct 17 04:30:31.673423 podb-esxi207 dnsmasq-dhcp[1588245]: DHCPACK(tap335a2270-e7) 10.1.0.10 fa:16:3e:8d:5d:5a host-10-1-0-10
Oct 17 04:30:33.223391 podb-esxi207 dnsmasq[1592270]: started, version 2.90 cachesize 150
Oct 17 04:30:33.223414 podb-esxi207 dnsmasq[1592270]: DNS service limited to local subnets
Oct 17 04:30:33.223428 podb-esxi207 dnsmasq[1592270]: compile time options: IPv6 GNU-getopt DBus no-UBus i18n IDN2 DHCP DHCPv6 no-Lua TFTP conntrack ipset no-nftset auth cryptohash DNSSEC loop-detect inotify dumpfile
Oct 17 04:30:33.223466 podb-esxi207 dnsmasq-dhcp[1592270]: DHCP, static leases only on 10.1.1.0, lease time 1d
Oct 17 04:30:33.223613 podb-esxi207 dnsmasq[1592270]: reading /etc/resolv.conf
Oct 17 04:30:33.223629 podb-esxi207 dnsmasq[1592270]: using nameserver 127.0.0.53#53
Oct 17 04:30:33.223711 podb-esxi207 dnsmasq[1592270]: read /opt/stack/data/neutron/dhcp/b763ee11-badd-4870-84cc-182ed55969c4/addn_hosts - 0 names
Oct 17 04:30:33.223760 podb-esxi207 dnsmasq-dhcp[1592270]: read /opt/stack/data/neutron/dhcp/b763ee11-badd-4870-84cc-182ed55969c4/host
Oct 17 04:30:33.223816 podb-esxi207 dnsmasq-dhcp[1592270]: read /opt/stack/data/neutron/dhcp/b763ee11-badd-4870-84cc-182ed55969c4/opts
Oct 17 04:30:36.252444 podb-esxi207 dnsmasq[1592378]: started, version 2.90 cachesize 150
Oct 17 04:30:36.252469 podb-esxi207 dnsmasq[1592378]: DNS service limited to local subnets
Oct 17 04:30:36.252483 podb-esxi207 dnsmasq[1592378]: compile time options: IPv6 GNU-getopt DBus no-UBus i18n IDN2 DHCP DHCPv6 no-Lua TFTP conntrack ipset no-nftset auth cryptohash DNSSEC loop-detect inotify dumpfile
Oct 17 04:30:36.252528 podb-esxi207 dnsmasq-dhcp[1592378]: DHCP, static leases only on 10.2.2.0, lease time 1d
Oct 17 04:30:36.252698 podb-esxi207 dnsmasq[1592378]: reading /etc/resolv.conf
Oct 17 04:30:36.252715 podb-esxi207 dnsmasq[1592378]: using nameserver 127.0.0.53#53
Oct 17 04:30:36.252799 podb-esxi207 dnsmasq[1592378]: read /opt/stack/data/neutron/dhcp/ccdf8fcd-938d-48e5-9ce9-b6541866ce79/addn_hosts - 0 names
Oct 17 04:30:36.252848 podb-esxi207 dnsmasq-dhcp[1592378]: read /opt/stack/data/neutron/dhcp/ccdf8fcd-938d-48e5-9ce9-b6541866ce79/host
Oct 17 04:30:36.252905 podb-esxi207 dnsmasq-dhcp[1592378]: read /opt/stack/data/neutron/dhcp/ccdf8fcd-938d-48e5-9ce9-b6541866ce79/opts
Oct 17 04:30:37.288211 podb-esxi207 dnsmasq[1592270]: read /opt/stack/data/neutron/dhcp/b763ee11-badd-4870-84cc-182ed55969c4/addn_hosts - 4 names
Oct 17 04:30:37.288303 podb-esxi207 dnsmasq-dhcp[1592270]: read /opt/stack/data/neutron/dhcp/b763ee11-badd-4870-84cc-182ed55969c4/host
Oct 17 04:30:37.288355 podb-esxi207 dnsmasq-dhcp[1592270]: read /opt/stack/data/neutron/dhcp/b763ee11-badd-4870-84cc-182ed55969c4/opts
Oct 17 04:30:38.532744 podb-esxi207 dnsmasq[1591798]: read /opt/stack/data/neutron/dhcp/70c63488-7b18-458f-bf92-f2232f5cc1f8/addn_hosts - 6 names
Oct 17 04:30:38.532832 podb-esxi207 dnsmasq-dhcp[1591798]: read /opt/stack/data/neutron/dhcp/70c63488-7b18-458f-bf92-f2232f5cc1f8/host
Oct 17 04:30:38.532918 podb-esxi207 dnsmasq-dhcp[1591798]: read /opt/stack/data/neutron/dhcp/70c63488-7b18-458f-bf92-f2232f5cc1f8/opts
Oct 17 04:30:39.765890 podb-esxi207 dnsmasq[1592378]: read /opt/stack/data/neutron/dhcp/ccdf8fcd-938d-48e5-9ce9-b6541866ce79/addn_hosts - 0 names
Oct 17 04:30:39.765977 podb-esxi207 dnsmasq-dhcp[1592378]: read /opt/stack/data/neutron/dhcp/ccdf8fcd-938d-48e5-9ce9-b6541866ce79/host
Oct 17 04:30:39.766065 podb-esxi207 dnsmasq-dhcp[1592378]: read /opt/stack/data/neutron/dhcp/ccdf8fcd-938d-48e5-9ce9-b6541866ce79/opts
Oct 17 04:30:40.486288 podb-esxi207 dnsmasq[1592270]: read /opt/stack/data/neutron/dhcp/b763ee11-badd-4870-84cc-182ed55969c4/addn_hosts - 4 names
Oct 17 04:30:40.486394 podb-esxi207 dnsmasq-dhcp[1592270]: read /opt/stack/data/neutron/dhcp/b763ee11-badd-4870-84cc-182ed55969c4/host
Oct 17 04:30:40.486480 podb-esxi207 dnsmasq-dhcp[1592270]: read /opt/stack/data/neutron/dhcp/b763ee11-badd-4870-84cc-182ed55969c4/opts
Oct 17 04:30:41.722500 podb-esxi207 dnsmasq[1590314]: read /opt/stack/data/neutron/dhcp/2b3924c8-5b15-46ed-9637-08bb6667ee42/addn_hosts - 4 names
Oct 17 04:30:41.722628 podb-esxi207 dnsmasq-dhcp[1590314]: read /opt/stack/data/neutron/dhcp/2b3924c8-5b15-46ed-9637-08bb6667ee42/host
Oct 17 04:30:41.722733 podb-esxi207 dnsmasq-dhcp[1590314]: read /opt/stack/data/neutron/dhcp/2b3924c8-5b15-46ed-9637-08bb6667ee42/opts
Oct 17 04:30:42.464752 podb-esxi207 dnsmasq[1592270]: read /opt/stack/data/neutron/dhcp/b763ee11-badd-4870-84cc-182ed55969c4/addn_hosts - 4 names
Oct 17 04:30:42.464839 podb-esxi207 dnsmasq-dhcp[1592270]: read /opt/stack/data/neutron/dhcp/b763ee11-badd-4870-84cc-182ed55969c4/host
Oct 17 04:30:42.464900 podb-esxi207 dnsmasq-dhcp[1592270]: read /opt/stack/data/neutron/dhcp/b763ee11-badd-4870-84cc-182ed55969c4/opts
Oct 17 04:30:43.196901 podb-esxi207 dnsmasq[1592378]: read /opt/stack/data/neutron/dhcp/ccdf8fcd-938d-48e5-9ce9-b6541866ce79/addn_hosts - 2 names
Oct 17 04:30:43.196974 podb-esxi207 dnsmasq-dhcp[1592378]: read /opt/stack/data/neutron/dhcp/ccdf8fcd-938d-48e5-9ce9-b6541866ce79/host
Oct 17 04:30:43.197020 podb-esxi207 dnsmasq-dhcp[1592378]: read /opt/stack/data/neutron/dhcp/ccdf8fcd-938d-48e5-9ce9-b6541866ce79/opts
Oct 17 04:30:44.116130 podb-esxi207 dnsmasq-dhcp[1591798]: DHCPDISCOVER(tap1029f65c-f1) fa:16:3e:cf:f4:3b
Oct 17 04:30:44.116160 podb-esxi207 dnsmasq-dhcp[1591798]: DHCPOFFER(tap1029f65c-f1) 10.1.0.10 fa:16:3e:cf:f4:3b
Oct 17 04:30:44.126843 podb-esxi207 dnsmasq-dhcp[1591798]: DHCPREQUEST(tap1029f65c-f1) 10.1.0.10 fa:16:3e:cf:f4:3b
Oct 17 04:30:44.126872 podb-esxi207 dnsmasq-dhcp[1591798]: DHCPACK(tap1029f65c-f1) 10.1.0.10 fa:16:3e:cf:f4:3b host-10-1-0-10
Oct 17 04:30:44.434672 podb-esxi207 dnsmasq[1592270]: read /opt/stack/data/neutron/dhcp/b763ee11-badd-4870-84cc-182ed55969c4/addn_hosts - 6 names
Oct 17 04:30:44.434808 podb-esxi207 dnsmasq-dhcp[1592270]: read /opt/stack/data/neutron/dhcp/b763ee11-badd-4870-84cc-182ed55969c4/host
Oct 17 04:30:44.434890 podb-esxi207 dnsmasq-dhcp[1592270]: read /opt/stack/data/neutron/dhcp/b763ee11-badd-4870-84cc-182ed55969c4/opts
Oct 17 04:30:45.164522 podb-esxi207 dnsmasq[1592378]: read /opt/stack/data/neutron/dhcp/ccdf8fcd-938d-48e5-9ce9-b6541866ce79/addn_hosts - 4 names
Oct 17 04:30:45.164604 podb-esxi207 dnsmasq-dhcp[1592378]: read /opt/stack/data/neutron/dhcp/ccdf8fcd-938d-48e5-9ce9-b6541866ce79/host
Oct 17 04:30:45.164695 podb-esxi207 dnsmasq-dhcp[1592378]: read /opt/stack/data/neutron/dhcp/ccdf8fcd-938d-48e5-9ce9-b6541866ce79/opts
Oct 17 04:30:46.411491 podb-esxi207 dnsmasq[1592270]: read /opt/stack/data/neutron/dhcp/b763ee11-badd-4870-84cc-182ed55969c4/addn_hosts - 8 names
Oct 17 04:30:46.411615 podb-esxi207 dnsmasq-dhcp[1592270]: read /opt/stack/data/neutron/dhcp/b763ee11-badd-4870-84cc-182ed55969c4/host
Oct 17 04:30:46.411692 podb-esxi207 dnsmasq-dhcp[1592270]: read /opt/stack/data/neutron/dhcp/b763ee11-badd-4870-84cc-182ed55969c4/opts
Oct 17 04:30:47.161388 podb-esxi207 dnsmasq[1591798]: read /opt/stack/data/neutron/dhcp/70c63488-7b18-458f-bf92-f2232f5cc1f8/addn_hosts - 4 names
Oct 17 04:30:47.161542 podb-esxi207 dnsmasq-dhcp[1591798]: read /opt/stack/data/neutron/dhcp/70c63488-7b18-458f-bf92-f2232f5cc1f8/host
Oct 17 04:30:47.161671 podb-esxi207 dnsmasq-dhcp[1591798]: read /opt/stack/data/neutron/dhcp/70c63488-7b18-458f-bf92-f2232f5cc1f8/opts
Oct 17 04:30:59.222033 podb-esxi207 dnsmasq[1589530]: read /opt/stack/data/neutron/dhcp/80847248-6782-4692-86ff-aaa29e07b29f/addn_hosts - 6 names
Oct 17 04:30:59.222137 podb-esxi207 dnsmasq-dhcp[1589530]: read /opt/stack/data/neutron/dhcp/80847248-6782-4692-86ff-aaa29e07b29f/host
Oct 17 04:30:59.222241 podb-esxi207 dnsmasq-dhcp[1589530]: read /opt/stack/data/neutron/dhcp/80847248-6782-4692-86ff-aaa29e07b29f/opts
Oct 17 04:31:24.749979 podb-esxi207 dnsmasq-dhcp[1591798]: DHCPRELEASE(tap1029f65c-f1) 10.1.0.10 fa:16:3e:cf:f4:3b
Oct 17 04:31:24.767253 podb-esxi207 dnsmasq-dhcp[1591798]: DHCPRELEASE(tap1029f65c-f1) 10.1.0.10 fa:16:3e:cf:f4:3b unknown lease
Oct 17 04:31:25.027688 podb-esxi207 dnsmasq-dhcp[1589530]: DHCPDISCOVER(tapd1dfea43-79) fa:16:3e:c8:4e:99
Oct 17 04:31:25.027713 podb-esxi207 dnsmasq-dhcp[1589530]: DHCPOFFER(tapd1dfea43-79) 10.1.0.12 fa:16:3e:c8:4e:99
Oct 17 04:31:25.039424 podb-esxi207 dnsmasq-dhcp[1589530]: DHCPREQUEST(tapd1dfea43-79) 10.1.0.12 fa:16:3e:c8:4e:99
Oct 17 04:31:25.039454 podb-esxi207 dnsmasq-dhcp[1589530]: DHCPACK(tapd1dfea43-79) 10.1.0.12 fa:16:3e:c8:4e:99 host-10-1-0-12
Oct 17 04:31:25.592847 podb-esxi207 dnsmasq[1591798]: read /opt/stack/data/neutron/dhcp/70c63488-7b18-458f-bf92-f2232f5cc1f8/addn_hosts - 2 names
Oct 17 04:31:25.592943 podb-esxi207 dnsmasq-dhcp[1591798]: read /opt/stack/data/neutron/dhcp/70c63488-7b18-458f-bf92-f2232f5cc1f8/host
Oct 17 04:31:25.593017 podb-esxi207 dnsmasq-dhcp[1591798]: read /opt/stack/data/neutron/dhcp/70c63488-7b18-458f-bf92-f2232f5cc1f8/opts
Oct 17 04:31:29.793500 podb-esxi207 dnsmasq[1591798]: read /opt/stack/data/neutron/dhcp/70c63488-7b18-458f-bf92-f2232f5cc1f8/addn_hosts - 0 names
Oct 17 04:31:29.793566 podb-esxi207 dnsmasq-dhcp[1591798]: read /opt/stack/data/neutron/dhcp/70c63488-7b18-458f-bf92-f2232f5cc1f8/host
Oct 17 04:31:29.793634 podb-esxi207 dnsmasq-dhcp[1591798]: read /opt/stack/data/neutron/dhcp/70c63488-7b18-458f-bf92-f2232f5cc1f8/opts
Oct 17 04:31:30.745090 podb-esxi207 dnsmasq[1591798]: exiting on receipt of SIGTERM
Oct 17 04:31:55.817438 podb-esxi207 dnsmasq[1588245]: read /opt/stack/data/neutron/dhcp/03bf3d33-6d36-42ba-aff3-dbe968d5eebe/addn_hosts - 10 names
Oct 17 04:31:55.817584 podb-esxi207 dnsmasq-dhcp[1588245]: read /opt/stack/data/neutron/dhcp/03bf3d33-6d36-42ba-aff3-dbe968d5eebe/host
Oct 17 04:31:55.817690 podb-esxi207 dnsmasq-dhcp[1588245]: read /opt/stack/data/neutron/dhcp/03bf3d33-6d36-42ba-aff3-dbe968d5eebe/opts
Oct 17 04:31:56.878438 podb-esxi207 dnsmasq-dhcp[1590314]: DHCPDISCOVER(tap7648255d-02) fa:16:3e:27:5d:5c
Oct 17 04:31:56.878466 podb-esxi207 dnsmasq-dhcp[1590314]: DHCPOFFER(tap7648255d-02) 10.1.0.7 fa:16:3e:27:5d:5c
Oct 17 04:31:56.977594 podb-esxi207 dnsmasq-dhcp[1590314]: DHCPREQUEST(tap7648255d-02) 10.1.0.7 fa:16:3e:27:5d:5c
Oct 17 04:31:56.977628 podb-esxi207 dnsmasq-dhcp[1590314]: DHCPACK(tap7648255d-02) 10.1.0.7 fa:16:3e:27:5d:5c host-10-1-0-7
Oct 17 04:31:57.351964 podb-esxi207 dnsmasq-dhcp[1592270]: DHCPDISCOVER(tap604884d8-57) fa:16:3e:e6:cb:b3
Oct 17 04:31:57.351991 podb-esxi207 dnsmasq-dhcp[1592270]: DHCPOFFER(tap604884d8-57) 10.1.1.207 fa:16:3e:e6:cb:b3
Oct 17 04:31:57.360320 podb-esxi207 dnsmasq-dhcp[1592270]: DHCPREQUEST(tap604884d8-57) 10.1.1.207 fa:16:3e:e6:cb:b3
Oct 17 04:31:57.360344 podb-esxi207 dnsmasq-dhcp[1592270]: DHCPACK(tap604884d8-57) 10.1.1.207 fa:16:3e:e6:cb:b3 host-10-1-1-207
Oct 17 04:31:57.635982 podb-esxi207 dnsmasq-dhcp[1592378]: DHCPDISCOVER(tap3b66cd52-1f) fa:16:3e:02:28:38
Oct 17 04:31:57.636007 podb-esxi207 dnsmasq-dhcp[1592378]: DHCPOFFER(tap3b66cd52-1f) 10.2.2.100 fa:16:3e:02:28:38
Oct 17 04:31:57.642389 podb-esxi207 dnsmasq-dhcp[1592378]: DHCPREQUEST(tap3b66cd52-1f) 10.2.2.100 fa:16:3e:02:28:38
Oct 17 04:31:57.642412 podb-esxi207 dnsmasq-dhcp[1592378]: DHCPACK(tap3b66cd52-1f) 10.2.2.100 fa:16:3e:02:28:38 host-10-2-2-100
Oct 17 04:31:58.162825 podb-esxi207 dnsmasq-dhcp[1592270]: DHCPDISCOVER(tap604884d8-57) fa:16:3e:ed:be:5b
Oct 17 04:31:58.162851 podb-esxi207 dnsmasq-dhcp[1592270]: DHCPOFFER(tap604884d8-57) 10.1.1.44 fa:16:3e:ed:be:5b
Oct 17 04:31:58.168399 podb-esxi207 dnsmasq-dhcp[1592270]: DHCPREQUEST(tap604884d8-57) 10.1.1.44 fa:16:3e:ed:be:5b
Oct 17 04:31:58.168432 podb-esxi207 dnsmasq-dhcp[1592270]: DHCPACK(tap604884d8-57) 10.1.1.44 fa:16:3e:ed:be:5b host-10-1-1-44
Oct 17 04:31:58.191987 podb-esxi207 dnsmasq-dhcp[1592378]: DHCPDISCOVER(tap3b66cd52-1f) fa:16:3e:d1:80:c2
Oct 17 04:31:58.192013 podb-esxi207 dnsmasq-dhcp[1592378]: DHCPOFFER(tap3b66cd52-1f) 10.2.2.200 fa:16:3e:d1:80:c2
Oct 17 04:31:58.221121 podb-esxi207 dnsmasq-dhcp[1592378]: DHCPREQUEST(tap3b66cd52-1f) 10.2.2.200 fa:16:3e:d1:80:c2
Oct 17 04:31:58.221150 podb-esxi207 dnsmasq-dhcp[1592378]: DHCPACK(tap3b66cd52-1f) 10.2.2.200 fa:16:3e:d1:80:c2 host-10-2-2-200
Oct 17 04:31:58.221812 podb-esxi207 dnsmasq-dhcp[1592270]: DHCPDISCOVER(tap604884d8-57) fa:16:3e:30:2b:65
Oct 17 04:31:58.221834 podb-esxi207 dnsmasq-dhcp[1592270]: DHCPOFFER(tap604884d8-57) 10.1.1.29 fa:16:3e:30:2b:65
Oct 17 04:31:58.231958 podb-esxi207 dnsmasq-dhcp[1592270]: DHCPREQUEST(tap604884d8-57) 10.1.1.29 fa:16:3e:30:2b:65
Oct 17 04:31:58.231982 podb-esxi207 dnsmasq-dhcp[1592270]: DHCPACK(tap604884d8-57) 10.1.1.29 fa:16:3e:30:2b:65 host-10-1-1-29
Oct 17 04:31:58.689959 podb-esxi207 dnsmasq-dhcp[1592270]: DHCPDISCOVER(tap604884d8-57) fa:16:3e:65:97:3a
Oct 17 04:31:58.689985 podb-esxi207 dnsmasq-dhcp[1592270]: DHCPOFFER(tap604884d8-57) 10.1.1.7 fa:16:3e:65:97:3a
Oct 17 04:31:58.696260 podb-esxi207 dnsmasq-dhcp[1592270]: DHCPREQUEST(tap604884d8-57) 10.1.1.7 fa:16:3e:65:97:3a
Oct 17 04:31:58.696284 podb-esxi207 dnsmasq-dhcp[1592270]: DHCPACK(tap604884d8-57) 10.1.1.7 fa:16:3e:65:97:3a host-10-1-1-7
Oct 17 04:32:09.978770 podb-esxi207 dnsmasq[1588245]: read /opt/stack/data/neutron/dhcp/03bf3d33-6d36-42ba-aff3-dbe968d5eebe/addn_hosts - 12 names
Oct 17 04:32:09.978882 podb-esxi207 dnsmasq-dhcp[1588245]: read /opt/stack/data/neutron/dhcp/03bf3d33-6d36-42ba-aff3-dbe968d5eebe/host
Oct 17 04:32:09.978991 podb-esxi207 dnsmasq-dhcp[1588245]: read /opt/stack/data/neutron/dhcp/03bf3d33-6d36-42ba-aff3-dbe968d5eebe/opts
Oct 17 04:32:14.849941 podb-esxi207 dnsmasq-dhcp[1592378]: DHCPRELEASE(tap3b66cd52-1f) 10.2.2.200 fa:16:3e:d1:80:c2
Oct 17 04:32:14.868774 podb-esxi207 dnsmasq-dhcp[1592378]: DHCPRELEASE(tap3b66cd52-1f) 10.2.2.200 fa:16:3e:d1:80:c2 unknown lease
Oct 17 04:32:15.691828 podb-esxi207 dnsmasq[1592378]: read /opt/stack/data/neutron/dhcp/ccdf8fcd-938d-48e5-9ce9-b6541866ce79/addn_hosts - 2 names
Oct 17 04:32:15.691953 podb-esxi207 dnsmasq-dhcp[1592378]: read /opt/stack/data/neutron/dhcp/ccdf8fcd-938d-48e5-9ce9-b6541866ce79/host
Oct 17 04:32:15.692041 podb-esxi207 dnsmasq-dhcp[1592378]: read /opt/stack/data/neutron/dhcp/ccdf8fcd-938d-48e5-9ce9-b6541866ce79/opts
Oct 17 04:32:15.911178 podb-esxi207 dnsmasq-dhcp[1592270]: DHCPRELEASE(tap604884d8-57) 10.1.1.7 fa:16:3e:65:97:3a
Oct 17 04:32:15.935928 podb-esxi207 dnsmasq-dhcp[1592270]: DHCPRELEASE(tap604884d8-57) 10.1.1.7 fa:16:3e:65:97:3a unknown lease
Oct 17 04:32:16.757289 podb-esxi207 dnsmasq[1592270]: read /opt/stack/data/neutron/dhcp/b763ee11-badd-4870-84cc-182ed55969c4/addn_hosts - 6 names
Oct 17 04:32:16.757378 podb-esxi207 dnsmasq-dhcp[1592270]: read /opt/stack/data/neutron/dhcp/b763ee11-badd-4870-84cc-182ed55969c4/host
Oct 17 04:32:16.757438 podb-esxi207 dnsmasq-dhcp[1592270]: read /opt/stack/data/neutron/dhcp/b763ee11-badd-4870-84cc-182ed55969c4/opts
Oct 17 04:32:16.972000 podb-esxi207 dnsmasq-dhcp[1590314]: DHCPRELEASE(tap7648255d-02) 10.1.0.7 fa:16:3e:27:5d:5c
Oct 17 04:32:16.987200 podb-esxi207 dnsmasq-dhcp[1590314]: DHCPRELEASE(tap7648255d-02) 10.1.0.7 fa:16:3e:27:5d:5c unknown lease
Oct 17 04:32:17.810346 podb-esxi207 dnsmasq[1590314]: read /opt/stack/data/neutron/dhcp/2b3924c8-5b15-46ed-9637-08bb6667ee42/addn_hosts - 2 names
Oct 17 04:32:17.810466 podb-esxi207 dnsmasq-dhcp[1590314]: read /opt/stack/data/neutron/dhcp/2b3924c8-5b15-46ed-9637-08bb6667ee42/host
Oct 17 04:32:17.810578 podb-esxi207 dnsmasq-dhcp[1590314]: read /opt/stack/data/neutron/dhcp/2b3924c8-5b15-46ed-9637-08bb6667ee42/opts
Oct 17 04:32:18.071970 podb-esxi207 dnsmasq-dhcp[1592378]: DHCPRELEASE(tap3b66cd52-1f) 10.2.2.100 fa:16:3e:02:28:38
Oct 17 04:32:18.087929 podb-esxi207 dnsmasq-dhcp[1592378]: DHCPRELEASE(tap3b66cd52-1f) 10.2.2.100 fa:16:3e:02:28:38 unknown lease
Oct 17 04:32:18.223258 podb-esxi207 dnsmasq-dhcp[1588245]: DHCPDISCOVER(tap335a2270-e7) fa:16:3e:f6:99:11
Oct 17 04:32:18.223289 podb-esxi207 dnsmasq-dhcp[1588245]: DHCPOFFER(tap335a2270-e7) 10.1.0.4 fa:16:3e:f6:99:11
Oct 17 04:32:18.235573 podb-esxi207 dnsmasq-dhcp[1588245]: DHCPREQUEST(tap335a2270-e7) 10.1.0.4 fa:16:3e:f6:99:11
Oct 17 04:32:18.235606 podb-esxi207 dnsmasq-dhcp[1588245]: DHCPACK(tap335a2270-e7) 10.1.0.4 fa:16:3e:f6:99:11 host-10-1-0-4
Oct 17 04:32:18.912848 podb-esxi207 dnsmasq[1592378]: read /opt/stack/data/neutron/dhcp/ccdf8fcd-938d-48e5-9ce9-b6541866ce79/addn_hosts - 0 names
Oct 17 04:32:18.912912 podb-esxi207 dnsmasq-dhcp[1592378]: read /opt/stack/data/neutron/dhcp/ccdf8fcd-938d-48e5-9ce9-b6541866ce79/host
Oct 17 04:32:18.912969 podb-esxi207 dnsmasq-dhcp[1592378]: read /opt/stack/data/neutron/dhcp/ccdf8fcd-938d-48e5-9ce9-b6541866ce79/opts
Oct 17 04:32:19.146410 podb-esxi207 dnsmasq-dhcp[1592270]: DHCPRELEASE(tap604884d8-57) 10.1.1.29 fa:16:3e:30:2b:65
Oct 17 04:32:19.161694 podb-esxi207 dnsmasq-dhcp[1592270]: DHCPRELEASE(tap604884d8-57) 10.1.1.29 fa:16:3e:30:2b:65 unknown lease
Oct 17 04:32:19.984285 podb-esxi207 dnsmasq[1592270]: read /opt/stack/data/neutron/dhcp/b763ee11-badd-4870-84cc-182ed55969c4/addn_hosts - 4 names
Oct 17 04:32:19.984402 podb-esxi207 dnsmasq-dhcp[1592270]: read /opt/stack/data/neutron/dhcp/b763ee11-badd-4870-84cc-182ed55969c4/host
Oct 17 04:32:19.984474 podb-esxi207 dnsmasq-dhcp[1592270]: read /opt/stack/data/neutron/dhcp/b763ee11-badd-4870-84cc-182ed55969c4/opts
Oct 17 04:32:32.727871 podb-esxi207 dnsmasq-dhcp[1588245]: DHCPDISCOVER(tap335a2270-e7) fa:16:3e:6f:53:e4
Oct 17 04:32:32.727903 podb-esxi207 dnsmasq-dhcp[1588245]: DHCPOFFER(tap335a2270-e7) 10.1.0.9 fa:16:3e:6f:53:e4
Oct 17 04:32:32.737615 podb-esxi207 dnsmasq-dhcp[1588245]: DHCPREQUEST(tap335a2270-e7) 10.1.0.9 fa:16:3e:6f:53:e4
Oct 17 04:32:32.737649 podb-esxi207 dnsmasq-dhcp[1588245]: DHCPACK(tap335a2270-e7) 10.1.0.9 fa:16:3e:6f:53:e4 host-10-1-0-9
Oct 17 04:32:58.327374 podb-esxi207 dnsmasq-dhcp[1592270]: DHCPRELEASE(tap604884d8-57) 10.1.1.44 fa:16:3e:ed:be:5b
Oct 17 04:32:58.344203 podb-esxi207 dnsmasq-dhcp[1592270]: DHCPRELEASE(tap604884d8-57) 10.1.1.44 fa:16:3e:ed:be:5b unknown lease
Oct 17 04:32:59.170373 podb-esxi207 dnsmasq[1592270]: read /opt/stack/data/neutron/dhcp/b763ee11-badd-4870-84cc-182ed55969c4/addn_hosts - 2 names
Oct 17 04:32:59.170487 podb-esxi207 dnsmasq-dhcp[1592270]: read /opt/stack/data/neutron/dhcp/b763ee11-badd-4870-84cc-182ed55969c4/host
Oct 17 04:32:59.170561 podb-esxi207 dnsmasq-dhcp[1592270]: read /opt/stack/data/neutron/dhcp/b763ee11-badd-4870-84cc-182ed55969c4/opts
Oct 17 04:32:59.928070 podb-esxi207 dnsmasq[1592270]: exiting on receipt of SIGTERM
Oct 17 04:33:00.545859 podb-esxi207 dnsmasq[1592378]: exiting on receipt of SIGTERM
Oct 17 04:33:25.878283 podb-esxi207 dnsmasq-dhcp[1590314]: DHCPRELEASE(tap7648255d-02) 10.1.0.1 fa:16:3e:18:23:8e
Oct 17 04:33:26.699273 podb-esxi207 dnsmasq[1590314]: read /opt/stack/data/neutron/dhcp/2b3924c8-5b15-46ed-9637-08bb6667ee42/addn_hosts - 0 names
Oct 17 04:33:26.699335 podb-esxi207 dnsmasq-dhcp[1590314]: read /opt/stack/data/neutron/dhcp/2b3924c8-5b15-46ed-9637-08bb6667ee42/host
Oct 17 04:33:26.699385 podb-esxi207 dnsmasq-dhcp[1590314]: read /opt/stack/data/neutron/dhcp/2b3924c8-5b15-46ed-9637-08bb6667ee42/opts
Oct 17 04:33:26.926262 podb-esxi207 dnsmasq[1590314]: exiting on receipt of SIGTERM
Oct 17 04:33:27.538423 podb-esxi207 dnsmasq-dhcp[1590991]: DHCPRELEASE(tap8a7af9a2-08) 10.1.0.1 fa:16:3e:3d:f6:d7
Oct 17 04:33:28.049467 podb-esxi207 dnsmasq-dhcp[1589530]: DHCPDISCOVER(tapd1dfea43-79) fa:16:3e:c8:4e:99
Oct 17 04:33:28.049479 podb-esxi207 dnsmasq-dhcp[1589530]: DHCPOFFER(tapd1dfea43-79) 10.1.0.12 fa:16:3e:c8:4e:99
Oct 17 04:33:28.059590 podb-esxi207 dnsmasq-dhcp[1589530]: DHCPREQUEST(tapd1dfea43-79) 10.1.0.12 fa:16:3e:c8:4e:99
Oct 17 04:33:28.059600 podb-esxi207 dnsmasq-dhcp[1589530]: DHCPACK(tapd1dfea43-79) 10.1.0.12 fa:16:3e:c8:4e:99 host-10-1-0-12
Oct 17 04:33:28.363604 podb-esxi207 dnsmasq[1590991]: read /opt/stack/data/neutron/dhcp/e71bd4d2-c03f-40dc-bf06-ab3e19e0d873/addn_hosts - 0 names
Oct 17 04:33:28.363674 podb-esxi207 dnsmasq-dhcp[1590991]: read /opt/stack/data/neutron/dhcp/e71bd4d2-c03f-40dc-bf06-ab3e19e0d873/host
Oct 17 04:33:28.363735 podb-esxi207 dnsmasq-dhcp[1590991]: read /opt/stack/data/neutron/dhcp/e71bd4d2-c03f-40dc-bf06-ab3e19e0d873/opts
Oct 17 04:33:28.611362 podb-esxi207 dnsmasq[1590991]: exiting on receipt of SIGTERM
Oct 17 04:33:33.296192 podb-esxi207 dnsmasq[1596187]: started, version 2.90 cachesize 150
Oct 17 04:33:33.296221 podb-esxi207 dnsmasq[1596187]: DNS service limited to local subnets
Oct 17 04:33:33.296236 podb-esxi207 dnsmasq[1596187]: compile time options: IPv6 GNU-getopt DBus no-UBus i18n IDN2 DHCP DHCPv6 no-Lua TFTP conntrack ipset no-nftset auth cryptohash DNSSEC loop-detect inotify dumpfile
Oct 17 04:33:33.296279 podb-esxi207 dnsmasq-dhcp[1596187]: DHCP, static leases only on 10.1.0.0, lease time 1d
Oct 17 04:33:33.296435 podb-esxi207 dnsmasq[1596187]: reading /etc/resolv.conf
Oct 17 04:33:33.296451 podb-esxi207 dnsmasq[1596187]: using nameserver 127.0.0.53#53
Oct 17 04:33:33.296538 podb-esxi207 dnsmasq[1596187]: read /opt/stack/data/neutron/dhcp/dcedbc18-7e8c-48da-8d6a-7ae0ac79af29/addn_hosts - 0 names
Oct 17 04:33:33.296591 podb-esxi207 dnsmasq-dhcp[1596187]: read /opt/stack/data/neutron/dhcp/dcedbc18-7e8c-48da-8d6a-7ae0ac79af29/host
Oct 17 04:33:33.296674 podb-esxi207 dnsmasq-dhcp[1596187]: read /opt/stack/data/neutron/dhcp/dcedbc18-7e8c-48da-8d6a-7ae0ac79af29/opts
Oct 17 04:33:34.842388 podb-esxi207 dnsmasq[1596187]: read /opt/stack/data/neutron/dhcp/dcedbc18-7e8c-48da-8d6a-7ae0ac79af29/addn_hosts - 2 names
Oct 17 04:33:34.842494 podb-esxi207 dnsmasq-dhcp[1596187]: read /opt/stack/data/neutron/dhcp/dcedbc18-7e8c-48da-8d6a-7ae0ac79af29/host
Oct 17 04:33:34.842604 podb-esxi207 dnsmasq-dhcp[1596187]: read /opt/stack/data/neutron/dhcp/dcedbc18-7e8c-48da-8d6a-7ae0ac79af29/opts
Oct 17 04:33:36.096993 podb-esxi207 dnsmasq[1596187]: read /opt/stack/data/neutron/dhcp/dcedbc18-7e8c-48da-8d6a-7ae0ac79af29/addn_hosts - 2 names
Oct 17 04:33:36.097094 podb-esxi207 dnsmasq-dhcp[1596187]: read /opt/stack/data/neutron/dhcp/dcedbc18-7e8c-48da-8d6a-7ae0ac79af29/host
Oct 17 04:33:36.097166 podb-esxi207 dnsmasq-dhcp[1596187]: read /opt/stack/data/neutron/dhcp/dcedbc18-7e8c-48da-8d6a-7ae0ac79af29/opts
Oct 17 04:33:37.349918 podb-esxi207 dnsmasq[1596187]: read /opt/stack/data/neutron/dhcp/dcedbc18-7e8c-48da-8d6a-7ae0ac79af29/addn_hosts - 2 names
Oct 17 04:33:37.350008 podb-esxi207 dnsmasq-dhcp[1596187]: read /opt/stack/data/neutron/dhcp/dcedbc18-7e8c-48da-8d6a-7ae0ac79af29/host
Oct 17 04:33:37.350108 podb-esxi207 dnsmasq-dhcp[1596187]: read /opt/stack/data/neutron/dhcp/dcedbc18-7e8c-48da-8d6a-7ae0ac79af29/opts
Oct 17 04:33:40.360320 podb-esxi207 dnsmasq[1596187]: read /opt/stack/data/neutron/dhcp/dcedbc18-7e8c-48da-8d6a-7ae0ac79af29/addn_hosts - 4 names
Oct 17 04:33:40.360462 podb-esxi207 dnsmasq-dhcp[1596187]: read /opt/stack/data/neutron/dhcp/dcedbc18-7e8c-48da-8d6a-7ae0ac79af29/host
Oct 17 04:33:40.360582 podb-esxi207 dnsmasq-dhcp[1596187]: read /opt/stack/data/neutron/dhcp/dcedbc18-7e8c-48da-8d6a-7ae0ac79af29/opts
Oct 17 04:34:06.615232 podb-esxi207 dnsmasq-dhcp[1596187]: DHCPDISCOVER(tap9b01a7a7-29) fa:16:3e:a8:90:ab
Oct 17 04:34:06.615262 podb-esxi207 dnsmasq-dhcp[1596187]: DHCPOFFER(tap9b01a7a7-29) 10.1.0.6 fa:16:3e:a8:90:ab
Oct 17 04:34:06.625006 podb-esxi207 dnsmasq-dhcp[1596187]: DHCPREQUEST(tap9b01a7a7-29) 10.1.0.6 fa:16:3e:a8:90:ab
Oct 17 04:34:06.625032 podb-esxi207 dnsmasq-dhcp[1596187]: DHCPACK(tap9b01a7a7-29) 10.1.0.6 fa:16:3e:a8:90:ab host-10-1-0-6
Oct 17 04:34:30.377260 podb-esxi207 dnsmasq-dhcp[1588245]: DHCPREQUEST(tap335a2270-e7) 10.1.0.4 fa:16:3e:f6:99:11
Oct 17 04:34:30.377291 podb-esxi207 dnsmasq-dhcp[1588245]: DHCPACK(tap335a2270-e7) 10.1.0.4 fa:16:3e:f6:99:11 host-10-1-0-4
Oct 17 04:34:39.351960 podb-esxi207 dnsmasq-dhcp[1589530]: DHCPRELEASE(tapd1dfea43-79) 10.1.0.12 fa:16:3e:c8:4e:99
Oct 17 04:34:39.367574 podb-esxi207 dnsmasq-dhcp[1589530]: DHCPRELEASE(tapd1dfea43-79) 10.1.0.12 fa:16:3e:c8:4e:99 unknown lease
Oct 17 04:34:40.191598 podb-esxi207 dnsmasq[1589530]: read /opt/stack/data/neutron/dhcp/80847248-6782-4692-86ff-aaa29e07b29f/addn_hosts - 4 names
Oct 17 04:34:40.191710 podb-esxi207 dnsmasq-dhcp[1589530]: read /opt/stack/data/neutron/dhcp/80847248-6782-4692-86ff-aaa29e07b29f/host
Oct 17 04:34:40.191817 podb-esxi207 dnsmasq-dhcp[1589530]: read /opt/stack/data/neutron/dhcp/80847248-6782-4692-86ff-aaa29e07b29f/opts
Oct 17 04:35:09.897198 podb-esxi207 dnsmasq-dhcp[1588245]: DHCPREQUEST(tap335a2270-e7) 10.1.0.9 fa:16:3e:6f:53:e4
Oct 17 04:35:09.897229 podb-esxi207 dnsmasq-dhcp[1588245]: DHCPACK(tap335a2270-e7) 10.1.0.9 fa:16:3e:6f:53:e4 host-10-1-0-9
Oct 17 04:35:48.305298 podb-esxi207 dnsmasq[1589530]: read /opt/stack/data/neutron/dhcp/80847248-6782-4692-86ff-aaa29e07b29f/addn_hosts - 6 names
Oct 17 04:35:48.305422 podb-esxi207 dnsmasq-dhcp[1589530]: read /opt/stack/data/neutron/dhcp/80847248-6782-4692-86ff-aaa29e07b29f/host
Oct 17 04:35:48.305534 podb-esxi207 dnsmasq-dhcp[1589530]: read /opt/stack/data/neutron/dhcp/80847248-6782-4692-86ff-aaa29e07b29f/opts
Oct 17 04:37:11.356352 podb-esxi207 dnsmasq-dhcp[1589530]: DHCPDISCOVER(tapd1dfea43-79) fa:16:3e:18:3e:3b
Oct 17 04:37:11.356383 podb-esxi207 dnsmasq-dhcp[1589530]: DHCPOFFER(tapd1dfea43-79) 10.1.0.5 fa:16:3e:18:3e:3b
Oct 17 04:37:11.376281 podb-esxi207 dnsmasq-dhcp[1589530]: DHCPREQUEST(tapd1dfea43-79) 10.1.0.5 fa:16:3e:18:3e:3b
Oct 17 04:37:11.376319 podb-esxi207 dnsmasq-dhcp[1589530]: DHCPACK(tapd1dfea43-79) 10.1.0.5 fa:16:3e:18:3e:3b host-10-1-0-5
Oct 17 04:37:19.041768 podb-esxi207 dnsmasq-dhcp[1596187]: DHCPRELEASE(tap9b01a7a7-29) 10.1.0.6 fa:16:3e:a8:90:ab
Oct 17 04:37:19.059560 podb-esxi207 dnsmasq-dhcp[1596187]: DHCPRELEASE(tap9b01a7a7-29) 10.1.0.6 fa:16:3e:a8:90:ab unknown lease
Oct 17 04:37:19.884804 podb-esxi207 dnsmasq[1596187]: read /opt/stack/data/neutron/dhcp/dcedbc18-7e8c-48da-8d6a-7ae0ac79af29/addn_hosts - 2 names
Oct 17 04:37:19.884898 podb-esxi207 dnsmasq-dhcp[1596187]: read /opt/stack/data/neutron/dhcp/dcedbc18-7e8c-48da-8d6a-7ae0ac79af29/host
Oct 17 04:37:19.884984 podb-esxi207 dnsmasq-dhcp[1596187]: read /opt/stack/data/neutron/dhcp/dcedbc18-7e8c-48da-8d6a-7ae0ac79af29/opts
Oct 17 04:37:52.735561 podb-esxi207 dnsmasq-dhcp[1589530]: DHCPRELEASE(tapd1dfea43-79) 10.1.0.5 fa:16:3e:18:3e:3b
Oct 17 04:37:52.752752 podb-esxi207 dnsmasq-dhcp[1589530]: DHCPRELEASE(tapd1dfea43-79) 10.1.0.5 fa:16:3e:18:3e:3b unknown lease
Oct 17 04:37:53.577750 podb-esxi207 dnsmasq[1589530]: read /opt/stack/data/neutron/dhcp/80847248-6782-4692-86ff-aaa29e07b29f/addn_hosts - 4 names
Oct 17 04:37:53.577868 podb-esxi207 dnsmasq-dhcp[1589530]: read /opt/stack/data/neutron/dhcp/80847248-6782-4692-86ff-aaa29e07b29f/host
Oct 17 04:37:53.577975 podb-esxi207 dnsmasq-dhcp[1589530]: read /opt/stack/data/neutron/dhcp/80847248-6782-4692-86ff-aaa29e07b29f/opts
Oct 17 04:37:54.327377 podb-esxi207 dnsmasq[1596187]: read /opt/stack/data/neutron/dhcp/dcedbc18-7e8c-48da-8d6a-7ae0ac79af29/addn_hosts - 0 names
Oct 17 04:37:54.327483 podb-esxi207 dnsmasq-dhcp[1596187]: read /opt/stack/data/neutron/dhcp/dcedbc18-7e8c-48da-8d6a-7ae0ac79af29/host
Oct 17 04:37:54.327590 podb-esxi207 dnsmasq-dhcp[1596187]: read /opt/stack/data/neutron/dhcp/dcedbc18-7e8c-48da-8d6a-7ae0ac79af29/opts
Oct 17 04:37:54.577065 podb-esxi207 dnsmasq[1596187]: exiting on receipt of SIGTERM
Oct 17 04:37:56.526790 podb-esxi207 dnsmasq[1588245]: read /opt/stack/data/neutron/dhcp/03bf3d33-6d36-42ba-aff3-dbe968d5eebe/addn_hosts - 14 names
Oct 17 04:37:56.526943 podb-esxi207 dnsmasq-dhcp[1588245]: read /opt/stack/data/neutron/dhcp/03bf3d33-6d36-42ba-aff3-dbe968d5eebe/host
Oct 17 04:37:56.527024 podb-esxi207 dnsmasq-dhcp[1588245]: read /opt/stack/data/neutron/dhcp/03bf3d33-6d36-42ba-aff3-dbe968d5eebe/opts
Oct 17 04:37:59.936433 podb-esxi207 dnsmasq[1600642]: started, version 2.90 cachesize 150
Oct 17 04:37:59.936461 podb-esxi207 dnsmasq[1600642]: DNS service limited to local subnets
Oct 17 04:37:59.936476 podb-esxi207 dnsmasq[1600642]: compile time options: IPv6 GNU-getopt DBus no-UBus i18n IDN2 DHCP DHCPv6 no-Lua TFTP conntrack ipset no-nftset auth cryptohash DNSSEC loop-detect inotify dumpfile
Oct 17 04:37:59.936510 podb-esxi207 dnsmasq-dhcp[1600642]: DHCP, static leases only on 10.1.0.0, lease time 1d
Oct 17 04:37:59.936722 podb-esxi207 dnsmasq[1600642]: reading /etc/resolv.conf
Oct 17 04:37:59.936739 podb-esxi207 dnsmasq[1600642]: using nameserver 127.0.0.53#53
Oct 17 04:37:59.936834 podb-esxi207 dnsmasq[1600642]: read /opt/stack/data/neutron/dhcp/f504ff3d-682f-49ae-a8bf-728ea8f6c002/addn_hosts - 0 names
Oct 17 04:37:59.936887 podb-esxi207 dnsmasq-dhcp[1600642]: read /opt/stack/data/neutron/dhcp/f504ff3d-682f-49ae-a8bf-728ea8f6c002/host
Oct 17 04:37:59.936951 podb-esxi207 dnsmasq-dhcp[1600642]: read /opt/stack/data/neutron/dhcp/f504ff3d-682f-49ae-a8bf-728ea8f6c002/opts
Oct 17 04:38:01.485043 podb-esxi207 dnsmasq[1600642]: read /opt/stack/data/neutron/dhcp/f504ff3d-682f-49ae-a8bf-728ea8f6c002/addn_hosts - 2 names
Oct 17 04:38:01.485169 podb-esxi207 dnsmasq-dhcp[1600642]: read /opt/stack/data/neutron/dhcp/f504ff3d-682f-49ae-a8bf-728ea8f6c002/host
Oct 17 04:38:01.485283 podb-esxi207 dnsmasq-dhcp[1600642]: read /opt/stack/data/neutron/dhcp/f504ff3d-682f-49ae-a8bf-728ea8f6c002/opts
Oct 17 04:38:02.750501 podb-esxi207 dnsmasq[1600642]: read /opt/stack/data/neutron/dhcp/f504ff3d-682f-49ae-a8bf-728ea8f6c002/addn_hosts - 2 names
