Oct 17 04:38:02.750639 podb-esxi207 dnsmasq-dhcp[1600642]: read /opt/stack/data/neutron/dhcp/f504ff3d-682f-49ae-a8bf-728ea8f6c002/host
Oct 17 04:38:02.750749 podb-esxi207 dnsmasq-dhcp[1600642]: read /opt/stack/data/neutron/dhcp/f504ff3d-682f-49ae-a8bf-728ea8f6c002/opts
Oct 17 04:38:04.011621 podb-esxi207 dnsmasq[1600642]: read /opt/stack/data/neutron/dhcp/f504ff3d-682f-49ae-a8bf-728ea8f6c002/addn_hosts - 2 names
Oct 17 04:38:04.011759 podb-esxi207 dnsmasq-dhcp[1600642]: read /opt/stack/data/neutron/dhcp/f504ff3d-682f-49ae-a8bf-728ea8f6c002/host
Oct 17 04:38:04.011878 podb-esxi207 dnsmasq-dhcp[1600642]: read /opt/stack/data/neutron/dhcp/f504ff3d-682f-49ae-a8bf-728ea8f6c002/opts
Oct 17 04:38:05.331863 podb-esxi207 dnsmasq[1600642]: read /opt/stack/data/neutron/dhcp/f504ff3d-682f-49ae-a8bf-728ea8f6c002/addn_hosts - 4 names
Oct 17 04:38:05.332019 podb-esxi207 dnsmasq-dhcp[1600642]: read /opt/stack/data/neutron/dhcp/f504ff3d-682f-49ae-a8bf-728ea8f6c002/host
Oct 17 04:38:05.332137 podb-esxi207 dnsmasq-dhcp[1600642]: read /opt/stack/data/neutron/dhcp/f504ff3d-682f-49ae-a8bf-728ea8f6c002/opts
Oct 17 04:38:18.515201 podb-esxi207 dnsmasq-dhcp[1589530]: DHCPRELEASE(tapd1dfea43-79) 10.1.0.8 fa:16:3e:78:3c:f4
Oct 17 04:38:18.533404 podb-esxi207 dnsmasq-dhcp[1589530]: DHCPRELEASE(tapd1dfea43-79) 10.1.0.8 fa:16:3e:78:3c:f4 unknown lease
Oct 17 04:38:19.359289 podb-esxi207 dnsmasq[1589530]: read /opt/stack/data/neutron/dhcp/80847248-6782-4692-86ff-aaa29e07b29f/addn_hosts - 2 names
Oct 17 04:38:19.359390 podb-esxi207 dnsmasq-dhcp[1589530]: read /opt/stack/data/neutron/dhcp/80847248-6782-4692-86ff-aaa29e07b29f/host
Oct 17 04:38:19.359504 podb-esxi207 dnsmasq-dhcp[1589530]: read /opt/stack/data/neutron/dhcp/80847248-6782-4692-86ff-aaa29e07b29f/opts
Oct 17 04:38:24.274984 podb-esxi207 dnsmasq[1589530]: read /opt/stack/data/neutron/dhcp/80847248-6782-4692-86ff-aaa29e07b29f/addn_hosts - 0 names
Oct 17 04:38:24.275063 podb-esxi207 dnsmasq-dhcp[1589530]: read /opt/stack/data/neutron/dhcp/80847248-6782-4692-86ff-aaa29e07b29f/host
Oct 17 04:38:24.275137 podb-esxi207 dnsmasq-dhcp[1589530]: read /opt/stack/data/neutron/dhcp/80847248-6782-4692-86ff-aaa29e07b29f/opts
Oct 17 04:38:25.041278 podb-esxi207 dnsmasq[1589530]: exiting on receipt of SIGTERM
Oct 17 04:38:28.624051 podb-esxi207 dnsmasq[1601279]: started, version 2.90 cachesize 150
Oct 17 04:38:28.624104 podb-esxi207 dnsmasq[1601279]: DNS service limited to local subnets
Oct 17 04:38:28.624146 podb-esxi207 dnsmasq[1601279]: compile time options: IPv6 GNU-getopt DBus no-UBus i18n IDN2 DHCP DHCPv6 no-Lua TFTP conntrack ipset no-nftset auth cryptohash DNSSEC loop-detect inotify dumpfile
Oct 17 04:38:28.624211 podb-esxi207 dnsmasq-dhcp[1601279]: DHCP, static leases only on 10.1.0.0, lease time 1d
Oct 17 04:38:28.624468 podb-esxi207 dnsmasq[1601279]: reading /etc/resolv.conf
Oct 17 04:38:28.624524 podb-esxi207 dnsmasq[1601279]: using nameserver 127.0.0.53#53
Oct 17 04:38:28.624663 podb-esxi207 dnsmasq[1601279]: read /opt/stack/data/neutron/dhcp/bd1068b0-e3b3-4c97-b109-be362ff06743/addn_hosts - 0 names
Oct 17 04:38:28.624714 podb-esxi207 dnsmasq-dhcp[1601279]: read /opt/stack/data/neutron/dhcp/bd1068b0-e3b3-4c97-b109-be362ff06743/host
Oct 17 04:38:28.624782 podb-esxi207 dnsmasq-dhcp[1601279]: read /opt/stack/data/neutron/dhcp/bd1068b0-e3b3-4c97-b109-be362ff06743/opts
Oct 17 04:38:29.611847 podb-esxi207 dnsmasq-dhcp[1600642]: DHCPDISCOVER(tapff37b86d-ef) fa:16:3e:d8:d0:6f
Oct 17 04:38:29.611876 podb-esxi207 dnsmasq-dhcp[1600642]: DHCPOFFER(tapff37b86d-ef) 10.1.0.8 fa:16:3e:d8:d0:6f
Oct 17 04:38:29.625793 podb-esxi207 dnsmasq-dhcp[1600642]: DHCPREQUEST(tapff37b86d-ef) 10.1.0.8 fa:16:3e:d8:d0:6f
Oct 17 04:38:29.625825 podb-esxi207 dnsmasq-dhcp[1600642]: DHCPACK(tapff37b86d-ef) 10.1.0.8 fa:16:3e:d8:d0:6f host-10-1-0-8
Oct 17 04:38:30.172805 podb-esxi207 dnsmasq[1601279]: read /opt/stack/data/neutron/dhcp/bd1068b0-e3b3-4c97-b109-be362ff06743/addn_hosts - 2 names
Oct 17 04:38:30.172885 podb-esxi207 dnsmasq-dhcp[1601279]: read /opt/stack/data/neutron/dhcp/bd1068b0-e3b3-4c97-b109-be362ff06743/host
Oct 17 04:38:30.172955 podb-esxi207 dnsmasq-dhcp[1601279]: read /opt/stack/data/neutron/dhcp/bd1068b0-e3b3-4c97-b109-be362ff06743/opts
Oct 17 04:38:31.434950 podb-esxi207 dnsmasq[1588245]: read /opt/stack/data/neutron/dhcp/03bf3d33-6d36-42ba-aff3-dbe968d5eebe/addn_hosts - 12 names
Oct 17 04:38:31.435113 podb-esxi207 dnsmasq-dhcp[1588245]: read /opt/stack/data/neutron/dhcp/03bf3d33-6d36-42ba-aff3-dbe968d5eebe/host
Oct 17 04:38:31.435222 podb-esxi207 dnsmasq-dhcp[1588245]: read /opt/stack/data/neutron/dhcp/03bf3d33-6d36-42ba-aff3-dbe968d5eebe/opts
Oct 17 04:38:32.192243 podb-esxi207 dnsmasq[1601279]: read /opt/stack/data/neutron/dhcp/bd1068b0-e3b3-4c97-b109-be362ff06743/addn_hosts - 2 names
Oct 17 04:38:32.192327 podb-esxi207 dnsmasq-dhcp[1601279]: read /opt/stack/data/neutron/dhcp/bd1068b0-e3b3-4c97-b109-be362ff06743/host
Oct 17 04:38:32.192421 podb-esxi207 dnsmasq-dhcp[1601279]: read /opt/stack/data/neutron/dhcp/bd1068b0-e3b3-4c97-b109-be362ff06743/opts
Oct 17 04:38:33.452415 podb-esxi207 dnsmasq[1601279]: read /opt/stack/data/neutron/dhcp/bd1068b0-e3b3-4c97-b109-be362ff06743/addn_hosts - 2 names
Oct 17 04:38:33.452514 podb-esxi207 dnsmasq-dhcp[1601279]: read /opt/stack/data/neutron/dhcp/bd1068b0-e3b3-4c97-b109-be362ff06743/host
Oct 17 04:38:33.452627 podb-esxi207 dnsmasq-dhcp[1601279]: read /opt/stack/data/neutron/dhcp/bd1068b0-e3b3-4c97-b109-be362ff06743/opts
Oct 17 04:39:11.462411 podb-esxi207 dnsmasq[1601279]: read /opt/stack/data/neutron/dhcp/bd1068b0-e3b3-4c97-b109-be362ff06743/addn_hosts - 4 names
Oct 17 04:39:11.462524 podb-esxi207 dnsmasq-dhcp[1601279]: read /opt/stack/data/neutron/dhcp/bd1068b0-e3b3-4c97-b109-be362ff06743/host
Oct 17 04:39:11.462617 podb-esxi207 dnsmasq-dhcp[1601279]: read /opt/stack/data/neutron/dhcp/bd1068b0-e3b3-4c97-b109-be362ff06743/opts
Oct 17 04:39:47.345338 podb-esxi207 dnsmasq-dhcp[1601279]: DHCPDISCOVER(tape9169321-09) fa:16:3e:0f:95:87
Oct 17 04:39:47.345364 podb-esxi207 dnsmasq-dhcp[1601279]: DHCPOFFER(tape9169321-09) 10.1.0.11 fa:16:3e:0f:95:87
Oct 17 04:39:47.358701 podb-esxi207 dnsmasq-dhcp[1601279]: DHCPREQUEST(tape9169321-09) 10.1.0.11 fa:16:3e:0f:95:87
Oct 17 04:39:47.358738 podb-esxi207 dnsmasq-dhcp[1601279]: DHCPACK(tape9169321-09) 10.1.0.11 fa:16:3e:0f:95:87 host-10-1-0-11
Oct 17 04:40:28.872596 podb-esxi207 dnsmasq-dhcp[1600642]: DHCPREQUEST(tapff37b86d-ef) 10.1.0.8 fa:16:3e:d8:d0:6f
Oct 17 04:40:28.872624 podb-esxi207 dnsmasq-dhcp[1600642]: DHCPACK(tapff37b86d-ef) 10.1.0.8 fa:16:3e:d8:d0:6f host-10-1-0-8
Oct 17 04:41:03.695390 podb-esxi207 dnsmasq[1603748]: started, version 2.90 cachesize 150
Oct 17 04:41:03.695416 podb-esxi207 dnsmasq[1603748]: DNS service limited to local subnets
Oct 17 04:41:03.695431 podb-esxi207 dnsmasq[1603748]: compile time options: IPv6 GNU-getopt DBus no-UBus i18n IDN2 DHCP DHCPv6 no-Lua TFTP conntrack ipset no-nftset auth cryptohash DNSSEC loop-detect inotify dumpfile
Oct 17 04:41:03.695467 podb-esxi207 dnsmasq-dhcp[1603748]: DHCP, static leases only on 10.1.0.0, lease time 1d
Oct 17 04:41:03.695618 podb-esxi207 dnsmasq[1603748]: reading /etc/resolv.conf
Oct 17 04:41:03.695634 podb-esxi207 dnsmasq[1603748]: using nameserver 127.0.0.53#53
Oct 17 04:41:03.695724 podb-esxi207 dnsmasq[1603748]: read /opt/stack/data/neutron/dhcp/33f618c4-060f-42d1-ba30-65793192b5ad/addn_hosts - 0 names
Oct 17 04:41:03.695777 podb-esxi207 dnsmasq-dhcp[1603748]: read /opt/stack/data/neutron/dhcp/33f618c4-060f-42d1-ba30-65793192b5ad/host
Oct 17 04:41:03.695843 podb-esxi207 dnsmasq-dhcp[1603748]: read /opt/stack/data/neutron/dhcp/33f618c4-060f-42d1-ba30-65793192b5ad/opts
Oct 17 04:41:06.870105 podb-esxi207 dnsmasq[1603994]: started, version 2.90 cachesize 150
Oct 17 04:41:06.870128 podb-esxi207 dnsmasq[1603994]: DNS service limited to local subnets
Oct 17 04:41:06.870142 podb-esxi207 dnsmasq[1603994]: compile time options: IPv6 GNU-getopt DBus no-UBus i18n IDN2 DHCP DHCPv6 no-Lua TFTP conntrack ipset no-nftset auth cryptohash DNSSEC loop-detect inotify dumpfile
Oct 17 04:41:06.870181 podb-esxi207 dnsmasq-dhcp[1603994]: DHCP, static leases only on 10.1.0.0, lease time 1d
Oct 17 04:41:06.870326 podb-esxi207 dnsmasq[1603994]: reading /etc/resolv.conf
Oct 17 04:41:06.870343 podb-esxi207 dnsmasq[1603994]: using nameserver 127.0.0.53#53
Oct 17 04:41:06.870427 podb-esxi207 dnsmasq[1603994]: read /opt/stack/data/neutron/dhcp/bfc3fe17-8bc6-4581-9b49-d1a20e52d07f/addn_hosts - 0 names
Oct 17 04:41:06.870475 podb-esxi207 dnsmasq-dhcp[1603994]: read /opt/stack/data/neutron/dhcp/bfc3fe17-8bc6-4581-9b49-d1a20e52d07f/host
Oct 17 04:41:06.870538 podb-esxi207 dnsmasq-dhcp[1603994]: read /opt/stack/data/neutron/dhcp/bfc3fe17-8bc6-4581-9b49-d1a20e52d07f/opts
Oct 17 04:41:07.908317 podb-esxi207 dnsmasq[1603748]: read /opt/stack/data/neutron/dhcp/33f618c4-060f-42d1-ba30-65793192b5ad/addn_hosts - 2 names
Oct 17 04:41:07.908411 podb-esxi207 dnsmasq-dhcp[1603748]: read /opt/stack/data/neutron/dhcp/33f618c4-060f-42d1-ba30-65793192b5ad/host
Oct 17 04:41:07.908502 podb-esxi207 dnsmasq-dhcp[1603748]: read /opt/stack/data/neutron/dhcp/33f618c4-060f-42d1-ba30-65793192b5ad/opts
Oct 17 04:41:09.679604 podb-esxi207 dnsmasq[1603994]: read /opt/stack/data/neutron/dhcp/bfc3fe17-8bc6-4581-9b49-d1a20e52d07f/addn_hosts - 2 names
Oct 17 04:41:09.679740 podb-esxi207 dnsmasq-dhcp[1603994]: read /opt/stack/data/neutron/dhcp/bfc3fe17-8bc6-4581-9b49-d1a20e52d07f/host
Oct 17 04:41:09.679844 podb-esxi207 dnsmasq-dhcp[1603994]: read /opt/stack/data/neutron/dhcp/bfc3fe17-8bc6-4581-9b49-d1a20e52d07f/opts
Oct 17 04:41:10.433939 podb-esxi207 dnsmasq[1603748]: read /opt/stack/data/neutron/dhcp/33f618c4-060f-42d1-ba30-65793192b5ad/addn_hosts - 2 names
Oct 17 04:41:10.434083 podb-esxi207 dnsmasq-dhcp[1603748]: read /opt/stack/data/neutron/dhcp/33f618c4-060f-42d1-ba30-65793192b5ad/host
Oct 17 04:41:10.434197 podb-esxi207 dnsmasq-dhcp[1603748]: read /opt/stack/data/neutron/dhcp/33f618c4-060f-42d1-ba30-65793192b5ad/opts
Oct 17 04:41:11.693651 podb-esxi207 dnsmasq[1603994]: read /opt/stack/data/neutron/dhcp/bfc3fe17-8bc6-4581-9b49-d1a20e52d07f/addn_hosts - 2 names
Oct 17 04:41:11.693767 podb-esxi207 dnsmasq-dhcp[1603994]: read /opt/stack/data/neutron/dhcp/bfc3fe17-8bc6-4581-9b49-d1a20e52d07f/host
Oct 17 04:41:11.693875 podb-esxi207 dnsmasq-dhcp[1603994]: read /opt/stack/data/neutron/dhcp/bfc3fe17-8bc6-4581-9b49-d1a20e52d07f/opts
Oct 17 04:41:12.441897 podb-esxi207 dnsmasq[1603748]: read /opt/stack/data/neutron/dhcp/33f618c4-060f-42d1-ba30-65793192b5ad/addn_hosts - 2 names
Oct 17 04:41:12.442018 podb-esxi207 dnsmasq-dhcp[1603748]: read /opt/stack/data/neutron/dhcp/33f618c4-060f-42d1-ba30-65793192b5ad/host
Oct 17 04:41:12.442139 podb-esxi207 dnsmasq-dhcp[1603748]: read /opt/stack/data/neutron/dhcp/33f618c4-060f-42d1-ba30-65793192b5ad/opts
Oct 17 04:41:13.702015 podb-esxi207 dnsmasq[1603994]: read /opt/stack/data/neutron/dhcp/bfc3fe17-8bc6-4581-9b49-d1a20e52d07f/addn_hosts - 2 names
Oct 17 04:41:13.702126 podb-esxi207 dnsmasq-dhcp[1603994]: read /opt/stack/data/neutron/dhcp/bfc3fe17-8bc6-4581-9b49-d1a20e52d07f/host
Oct 17 04:41:13.702232 podb-esxi207 dnsmasq-dhcp[1603994]: read /opt/stack/data/neutron/dhcp/bfc3fe17-8bc6-4581-9b49-d1a20e52d07f/opts
Oct 17 04:41:46.729564 podb-esxi207 dnsmasq-dhcp[1600642]: DHCPRELEASE(tapff37b86d-ef) 10.1.0.8 fa:16:3e:d8:d0:6f
Oct 17 04:41:46.744488 podb-esxi207 dnsmasq-dhcp[1600642]: DHCPRELEASE(tapff37b86d-ef) 10.1.0.8 fa:16:3e:d8:d0:6f unknown lease
Oct 17 04:41:47.567107 podb-esxi207 dnsmasq[1600642]: read /opt/stack/data/neutron/dhcp/f504ff3d-682f-49ae-a8bf-728ea8f6c002/addn_hosts - 2 names
Oct 17 04:41:47.567218 podb-esxi207 dnsmasq-dhcp[1600642]: read /opt/stack/data/neutron/dhcp/f504ff3d-682f-49ae-a8bf-728ea8f6c002/host
Oct 17 04:41:47.567319 podb-esxi207 dnsmasq-dhcp[1600642]: read /opt/stack/data/neutron/dhcp/f504ff3d-682f-49ae-a8bf-728ea8f6c002/opts
Oct 17 04:41:50.300112 podb-esxi207 dnsmasq-dhcp[1601279]: DHCPDISCOVER(tape9169321-09) fa:16:3e:0f:95:87
Oct 17 04:41:50.300130 podb-esxi207 dnsmasq-dhcp[1601279]: DHCPOFFER(tape9169321-09) 10.1.0.11 fa:16:3e:0f:95:87
Oct 17 04:41:50.310640 podb-esxi207 dnsmasq-dhcp[1601279]: DHCPREQUEST(tape9169321-09) 10.1.0.11 fa:16:3e:0f:95:87
Oct 17 04:41:50.310671 podb-esxi207 dnsmasq-dhcp[1601279]: DHCPACK(tape9169321-09) 10.1.0.11 fa:16:3e:0f:95:87 host-10-1-0-11
Oct 17 04:41:58.365224 podb-esxi207 dnsmasq[1600642]: read /opt/stack/data/neutron/dhcp/f504ff3d-682f-49ae-a8bf-728ea8f6c002/addn_hosts - 4 names
Oct 17 04:41:58.365353 podb-esxi207 dnsmasq-dhcp[1600642]: read /opt/stack/data/neutron/dhcp/f504ff3d-682f-49ae-a8bf-728ea8f6c002/host
Oct 17 04:41:58.365467 podb-esxi207 dnsmasq-dhcp[1600642]: read /opt/stack/data/neutron/dhcp/f504ff3d-682f-49ae-a8bf-728ea8f6c002/opts
Oct 17 04:42:00.654380 podb-esxi207 dnsmasq[1603748]: read /opt/stack/data/neutron/dhcp/33f618c4-060f-42d1-ba30-65793192b5ad/addn_hosts - 4 names
Oct 17 04:42:00.654526 podb-esxi207 dnsmasq-dhcp[1603748]: read /opt/stack/data/neutron/dhcp/33f618c4-060f-42d1-ba30-65793192b5ad/host
Oct 17 04:42:00.654649 podb-esxi207 dnsmasq-dhcp[1603748]: read /opt/stack/data/neutron/dhcp/33f618c4-060f-42d1-ba30-65793192b5ad/opts
Oct 17 04:42:19.655043 podb-esxi207 dnsmasq-dhcp[1600642]: DHCPDISCOVER(tapff37b86d-ef) fa:16:3e:ed:d9:fe
Oct 17 04:42:19.655070 podb-esxi207 dnsmasq-dhcp[1600642]: DHCPOFFER(tapff37b86d-ef) 10.1.0.8 fa:16:3e:ed:d9:fe
Oct 17 04:42:19.668259 podb-esxi207 dnsmasq-dhcp[1600642]: DHCPREQUEST(tapff37b86d-ef) 10.1.0.8 fa:16:3e:ed:d9:fe
Oct 17 04:42:19.668290 podb-esxi207 dnsmasq-dhcp[1600642]: DHCPACK(tapff37b86d-ef) 10.1.0.8 fa:16:3e:ed:d9:fe host-10-1-0-8
Oct 17 04:42:27.171956 podb-esxi207 dnsmasq-dhcp[1601279]: DHCPRELEASE(tape9169321-09) 10.1.0.11 fa:16:3e:0f:95:87
Oct 17 04:42:27.186320 podb-esxi207 dnsmasq-dhcp[1601279]: DHCPRELEASE(tape9169321-09) 10.1.0.11 fa:16:3e:0f:95:87 unknown lease
Oct 17 04:42:28.008849 podb-esxi207 dnsmasq[1601279]: read /opt/stack/data/neutron/dhcp/bd1068b0-e3b3-4c97-b109-be362ff06743/addn_hosts - 2 names
Oct 17 04:42:28.008933 podb-esxi207 dnsmasq-dhcp[1601279]: read /opt/stack/data/neutron/dhcp/bd1068b0-e3b3-4c97-b109-be362ff06743/host
Oct 17 04:42:28.009018 podb-esxi207 dnsmasq-dhcp[1601279]: read /opt/stack/data/neutron/dhcp/bd1068b0-e3b3-4c97-b109-be362ff06743/opts
Oct 17 04:42:32.387450 podb-esxi207 dnsmasq-dhcp[1603748]: DHCPDISCOVER(tap41b9f6da-4b) fa:16:3e:34:a4:d3
Oct 17 04:42:32.387480 podb-esxi207 dnsmasq-dhcp[1603748]: DHCPOFFER(tap41b9f6da-4b) 10.1.0.11 fa:16:3e:34:a4:d3
Oct 17 04:42:32.399001 podb-esxi207 dnsmasq-dhcp[1603748]: DHCPREQUEST(tap41b9f6da-4b) 10.1.0.11 fa:16:3e:34:a4:d3
Oct 17 04:42:32.399039 podb-esxi207 dnsmasq-dhcp[1603748]: DHCPACK(tap41b9f6da-4b) 10.1.0.11 fa:16:3e:34:a4:d3 host-10-1-0-11
Oct 17 04:42:40.719801 podb-esxi207 dnsmasq[1601279]: read /opt/stack/data/neutron/dhcp/bd1068b0-e3b3-4c97-b109-be362ff06743/addn_hosts - 0 names
Oct 17 04:42:40.719870 podb-esxi207 dnsmasq-dhcp[1601279]: read /opt/stack/data/neutron/dhcp/bd1068b0-e3b3-4c97-b109-be362ff06743/host
Oct 17 04:42:40.719925 podb-esxi207 dnsmasq-dhcp[1601279]: read /opt/stack/data/neutron/dhcp/bd1068b0-e3b3-4c97-b109-be362ff06743/opts
Oct 17 04:42:41.603051 podb-esxi207 dnsmasq[1601279]: exiting on receipt of SIGTERM
Oct 17 04:42:46.208935 podb-esxi207 dnsmasq[1605608]: started, version 2.90 cachesize 150
Oct 17 04:42:46.208964 podb-esxi207 dnsmasq[1605608]: DNS service limited to local subnets
Oct 17 04:42:46.208979 podb-esxi207 dnsmasq[1605608]: compile time options: IPv6 GNU-getopt DBus no-UBus i18n IDN2 DHCP DHCPv6 no-Lua TFTP conntrack ipset no-nftset auth cryptohash DNSSEC loop-detect inotify dumpfile
Oct 17 04:42:46.209014 podb-esxi207 dnsmasq-dhcp[1605608]: DHCP, static leases only on 10.1.0.0, lease time 1d
Oct 17 04:42:46.209169 podb-esxi207 dnsmasq[1605608]: reading /etc/resolv.conf
Oct 17 04:42:46.209186 podb-esxi207 dnsmasq[1605608]: using nameserver 127.0.0.53#53
Oct 17 04:42:46.209272 podb-esxi207 dnsmasq[1605608]: read /opt/stack/data/neutron/dhcp/6093c831-3ae6-4841-80da-5736d07f6540/addn_hosts - 0 names
Oct 17 04:42:46.209325 podb-esxi207 dnsmasq-dhcp[1605608]: read /opt/stack/data/neutron/dhcp/6093c831-3ae6-4841-80da-5736d07f6540/host
Oct 17 04:42:46.209403 podb-esxi207 dnsmasq-dhcp[1605608]: read /opt/stack/data/neutron/dhcp/6093c831-3ae6-4841-80da-5736d07f6540/opts
Oct 17 04:42:47.757895 podb-esxi207 dnsmasq[1605608]: read /opt/stack/data/neutron/dhcp/6093c831-3ae6-4841-80da-5736d07f6540/addn_hosts - 2 names
Oct 17 04:42:47.758023 podb-esxi207 dnsmasq-dhcp[1605608]: read /opt/stack/data/neutron/dhcp/6093c831-3ae6-4841-80da-5736d07f6540/host
Oct 17 04:42:47.758146 podb-esxi207 dnsmasq-dhcp[1605608]: read /opt/stack/data/neutron/dhcp/6093c831-3ae6-4841-80da-5736d07f6540/opts
Oct 17 04:42:49.018559 podb-esxi207 dnsmasq[1605608]: read /opt/stack/data/neutron/dhcp/6093c831-3ae6-4841-80da-5736d07f6540/addn_hosts - 2 names
Oct 17 04:42:49.018657 podb-esxi207 dnsmasq-dhcp[1605608]: read /opt/stack/data/neutron/dhcp/6093c831-3ae6-4841-80da-5736d07f6540/host
Oct 17 04:42:49.018750 podb-esxi207 dnsmasq-dhcp[1605608]: read /opt/stack/data/neutron/dhcp/6093c831-3ae6-4841-80da-5736d07f6540/opts
Oct 17 04:42:50.280606 podb-esxi207 dnsmasq[1605608]: read /opt/stack/data/neutron/dhcp/6093c831-3ae6-4841-80da-5736d07f6540/addn_hosts - 2 names
Oct 17 04:42:50.280697 podb-esxi207 dnsmasq-dhcp[1605608]: read /opt/stack/data/neutron/dhcp/6093c831-3ae6-4841-80da-5736d07f6540/host
Oct 17 04:42:50.280791 podb-esxi207 dnsmasq-dhcp[1605608]: read /opt/stack/data/neutron/dhcp/6093c831-3ae6-4841-80da-5736d07f6540/opts
Oct 17 04:42:51.517321 podb-esxi207 dnsmasq[1605608]: read /opt/stack/data/neutron/dhcp/6093c831-3ae6-4841-80da-5736d07f6540/addn_hosts - 4 names
Oct 17 04:42:51.517436 podb-esxi207 dnsmasq-dhcp[1605608]: read /opt/stack/data/neutron/dhcp/6093c831-3ae6-4841-80da-5736d07f6540/host
Oct 17 04:42:51.517545 podb-esxi207 dnsmasq-dhcp[1605608]: read /opt/stack/data/neutron/dhcp/6093c831-3ae6-4841-80da-5736d07f6540/opts
Oct 17 04:43:13.226621 podb-esxi207 dnsmasq-dhcp[1605608]: DHCPDISCOVER(tape5520093-4b) fa:16:3e:b3:46:cb
Oct 17 04:43:13.226647 podb-esxi207 dnsmasq-dhcp[1605608]: DHCPOFFER(tape5520093-4b) 10.1.0.8 fa:16:3e:b3:46:cb
Oct 17 04:43:13.237895 podb-esxi207 dnsmasq-dhcp[1605608]: DHCPREQUEST(tape5520093-4b) 10.1.0.8 fa:16:3e:b3:46:cb
Oct 17 04:43:13.237919 podb-esxi207 dnsmasq-dhcp[1605608]: DHCPACK(tape5520093-4b) 10.1.0.8 fa:16:3e:b3:46:cb host-10-1-0-8
Oct 17 04:43:14.297903 podb-esxi207 dnsmasq[1605608]: read /opt/stack/data/neutron/dhcp/6093c831-3ae6-4841-80da-5736d07f6540/addn_hosts - 6 names
Oct 17 04:43:14.298013 podb-esxi207 dnsmasq-dhcp[1605608]: read /opt/stack/data/neutron/dhcp/6093c831-3ae6-4841-80da-5736d07f6540/host
Oct 17 04:43:14.298143 podb-esxi207 dnsmasq-dhcp[1605608]: read /opt/stack/data/neutron/dhcp/6093c831-3ae6-4841-80da-5736d07f6540/opts
Oct 17 04:43:45.878097 podb-esxi207 dnsmasq-dhcp[1600642]: DHCPREQUEST(tapff37b86d-ef) 10.1.0.8 fa:16:3e:ed:d9:fe
Oct 17 04:43:45.878124 podb-esxi207 dnsmasq-dhcp[1600642]: DHCPACK(tapff37b86d-ef) 10.1.0.8 fa:16:3e:ed:d9:fe host-10-1-0-8
Oct 17 04:44:21.905873 podb-esxi207 dnsmasq[1605608]: read /opt/stack/data/neutron/dhcp/6093c831-3ae6-4841-80da-5736d07f6540/addn_hosts - 8 names
Oct 17 04:44:21.905998 podb-esxi207 dnsmasq-dhcp[1605608]: read /opt/stack/data/neutron/dhcp/6093c831-3ae6-4841-80da-5736d07f6540/host
Oct 17 04:44:21.906113 podb-esxi207 dnsmasq-dhcp[1605608]: read /opt/stack/data/neutron/dhcp/6093c831-3ae6-4841-80da-5736d07f6540/opts
Oct 17 04:44:24.460085 podb-esxi207 dnsmasq-dhcp[1600642]: DHCPRELEASE(tapff37b86d-ef) 10.1.0.8 fa:16:3e:ed:d9:fe
Oct 17 04:44:24.479228 podb-esxi207 dnsmasq-dhcp[1600642]: DHCPRELEASE(tapff37b86d-ef) 10.1.0.8 fa:16:3e:ed:d9:fe unknown lease
Oct 17 04:44:25.306543 podb-esxi207 dnsmasq[1600642]: read /opt/stack/data/neutron/dhcp/f504ff3d-682f-49ae-a8bf-728ea8f6c002/addn_hosts - 2 names
Oct 17 04:44:25.306623 podb-esxi207 dnsmasq-dhcp[1600642]: read /opt/stack/data/neutron/dhcp/f504ff3d-682f-49ae-a8bf-728ea8f6c002/host
Oct 17 04:44:25.306696 podb-esxi207 dnsmasq-dhcp[1600642]: read /opt/stack/data/neutron/dhcp/f504ff3d-682f-49ae-a8bf-728ea8f6c002/opts
Oct 17 04:44:39.937433 podb-esxi207 dnsmasq[1600642]: read /opt/stack/data/neutron/dhcp/f504ff3d-682f-49ae-a8bf-728ea8f6c002/addn_hosts - 0 names
Oct 17 04:44:39.937505 podb-esxi207 dnsmasq-dhcp[1600642]: read /opt/stack/data/neutron/dhcp/f504ff3d-682f-49ae-a8bf-728ea8f6c002/host
Oct 17 04:44:39.937589 podb-esxi207 dnsmasq-dhcp[1600642]: read /opt/stack/data/neutron/dhcp/f504ff3d-682f-49ae-a8bf-728ea8f6c002/opts
Oct 17 04:44:40.664562 podb-esxi207 dnsmasq[1600642]: exiting on receipt of SIGTERM
Oct 17 04:44:44.572626 podb-esxi207 dnsmasq[1607770]: started, version 2.90 cachesize 150
Oct 17 04:44:44.572680 podb-esxi207 dnsmasq[1607770]: DNS service limited to local subnets
Oct 17 04:44:44.572695 podb-esxi207 dnsmasq[1607770]: compile time options: IPv6 GNU-getopt DBus no-UBus i18n IDN2 DHCP DHCPv6 no-Lua TFTP conntrack ipset no-nftset auth cryptohash DNSSEC loop-detect inotify dumpfile
Oct 17 04:44:44.572732 podb-esxi207 dnsmasq-dhcp[1607770]: DHCP, static leases only on 10.1.0.0, lease time 1d
Oct 17 04:44:44.572885 podb-esxi207 dnsmasq[1607770]: reading /etc/resolv.conf
Oct 17 04:44:44.572902 podb-esxi207 dnsmasq[1607770]: using nameserver 127.0.0.53#53
Oct 17 04:44:44.572996 podb-esxi207 dnsmasq[1607770]: read /opt/stack/data/neutron/dhcp/e3b3e8e0-828b-4cbb-906b-3c172ed35d7b/addn_hosts - 0 names
Oct 17 04:44:44.573049 podb-esxi207 dnsmasq-dhcp[1607770]: read /opt/stack/data/neutron/dhcp/e3b3e8e0-828b-4cbb-906b-3c172ed35d7b/host
Oct 17 04:44:44.573109 podb-esxi207 dnsmasq-dhcp[1607770]: read /opt/stack/data/neutron/dhcp/e3b3e8e0-828b-4cbb-906b-3c172ed35d7b/opts
Oct 17 04:44:44.981774 podb-esxi207 dnsmasq-dhcp[1605608]: DHCPDISCOVER(tape5520093-4b) fa:16:3e:5f:68:77
Oct 17 04:44:44.981806 podb-esxi207 dnsmasq-dhcp[1605608]: DHCPOFFER(tape5520093-4b) 10.1.0.7 fa:16:3e:5f:68:77
Oct 17 04:44:44.994423 podb-esxi207 dnsmasq-dhcp[1605608]: DHCPREQUEST(tape5520093-4b) 10.1.0.7 fa:16:3e:5f:68:77
Oct 17 04:44:44.994456 podb-esxi207 dnsmasq-dhcp[1605608]: DHCPACK(tape5520093-4b) 10.1.0.7 fa:16:3e:5f:68:77 host-10-1-0-7
Oct 17 04:44:45.625462 podb-esxi207 dnsmasq[1605608]: read /opt/stack/data/neutron/dhcp/6093c831-3ae6-4841-80da-5736d07f6540/addn_hosts - 10 names
Oct 17 04:44:45.625605 podb-esxi207 dnsmasq-dhcp[1605608]: read /opt/stack/data/neutron/dhcp/6093c831-3ae6-4841-80da-5736d07f6540/host
Oct 17 04:44:45.625714 podb-esxi207 dnsmasq-dhcp[1605608]: read /opt/stack/data/neutron/dhcp/6093c831-3ae6-4841-80da-5736d07f6540/opts
Oct 17 04:44:46.894195 podb-esxi207 dnsmasq[1607770]: read /opt/stack/data/neutron/dhcp/e3b3e8e0-828b-4cbb-906b-3c172ed35d7b/addn_hosts - 2 names
Oct 17 04:44:46.894337 podb-esxi207 dnsmasq-dhcp[1607770]: read /opt/stack/data/neutron/dhcp/e3b3e8e0-828b-4cbb-906b-3c172ed35d7b/host
Oct 17 04:44:46.894452 podb-esxi207 dnsmasq-dhcp[1607770]: read /opt/stack/data/neutron/dhcp/e3b3e8e0-828b-4cbb-906b-3c172ed35d7b/opts
Oct 17 04:44:48.170637 podb-esxi207 dnsmasq[1607770]: read /opt/stack/data/neutron/dhcp/e3b3e8e0-828b-4cbb-906b-3c172ed35d7b/addn_hosts - 2 names
Oct 17 04:44:48.170765 podb-esxi207 dnsmasq-dhcp[1607770]: read /opt/stack/data/neutron/dhcp/e3b3e8e0-828b-4cbb-906b-3c172ed35d7b/host
Oct 17 04:44:48.170887 podb-esxi207 dnsmasq-dhcp[1607770]: read /opt/stack/data/neutron/dhcp/e3b3e8e0-828b-4cbb-906b-3c172ed35d7b/opts
Oct 17 04:44:49.424824 podb-esxi207 dnsmasq[1607770]: read /opt/stack/data/neutron/dhcp/e3b3e8e0-828b-4cbb-906b-3c172ed35d7b/addn_hosts - 2 names
Oct 17 04:44:49.424918 podb-esxi207 dnsmasq-dhcp[1607770]: read /opt/stack/data/neutron/dhcp/e3b3e8e0-828b-4cbb-906b-3c172ed35d7b/host
Oct 17 04:44:49.424991 podb-esxi207 dnsmasq-dhcp[1607770]: read /opt/stack/data/neutron/dhcp/e3b3e8e0-828b-4cbb-906b-3c172ed35d7b/opts
Oct 17 04:44:51.290482 podb-esxi207 dnsmasq[1607770]: read /opt/stack/data/neutron/dhcp/e3b3e8e0-828b-4cbb-906b-3c172ed35d7b/addn_hosts - 4 names
Oct 17 04:44:51.290618 podb-esxi207 dnsmasq-dhcp[1607770]: read /opt/stack/data/neutron/dhcp/e3b3e8e0-828b-4cbb-906b-3c172ed35d7b/host
Oct 17 04:44:51.290732 podb-esxi207 dnsmasq-dhcp[1607770]: read /opt/stack/data/neutron/dhcp/e3b3e8e0-828b-4cbb-906b-3c172ed35d7b/opts
Oct 17 04:45:03.033635 podb-esxi207 dnsmasq-dhcp[1603748]: DHCPRELEASE(tap41b9f6da-4b) 10.1.0.11 fa:16:3e:34:a4:d3
Oct 17 04:45:03.049357 podb-esxi207 dnsmasq-dhcp[1603748]: DHCPRELEASE(tap41b9f6da-4b) 10.1.0.11 fa:16:3e:34:a4:d3 unknown lease
Oct 17 04:45:03.873477 podb-esxi207 dnsmasq[1603748]: read /opt/stack/data/neutron/dhcp/33f618c4-060f-42d1-ba30-65793192b5ad/addn_hosts - 2 names
Oct 17 04:45:03.873554 podb-esxi207 dnsmasq-dhcp[1603748]: read /opt/stack/data/neutron/dhcp/33f618c4-060f-42d1-ba30-65793192b5ad/host
Oct 17 04:45:03.873624 podb-esxi207 dnsmasq-dhcp[1603748]: read /opt/stack/data/neutron/dhcp/33f618c4-060f-42d1-ba30-65793192b5ad/opts
Oct 17 04:45:14.099229 podb-esxi207 dnsmasq-dhcp[1607770]: DHCPDISCOVER(tap8b2ae62e-ce) fa:16:3e:4e:9e:dd
Oct 17 04:45:14.099253 podb-esxi207 dnsmasq-dhcp[1607770]: DHCPOFFER(tap8b2ae62e-ce) 10.1.0.10 fa:16:3e:4e:9e:dd
Oct 17 04:45:14.110462 podb-esxi207 dnsmasq-dhcp[1607770]: DHCPREQUEST(tap8b2ae62e-ce) 10.1.0.10 fa:16:3e:4e:9e:dd
Oct 17 04:45:14.110492 podb-esxi207 dnsmasq-dhcp[1607770]: DHCPACK(tap8b2ae62e-ce) 10.1.0.10 fa:16:3e:4e:9e:dd host-10-1-0-10
Oct 17 04:45:22.728837 podb-esxi207 dnsmasq[1603748]: read /opt/stack/data/neutron/dhcp/33f618c4-060f-42d1-ba30-65793192b5ad/addn_hosts - 0 names
Oct 17 04:45:22.728903 podb-esxi207 dnsmasq-dhcp[1603748]: read /opt/stack/data/neutron/dhcp/33f618c4-060f-42d1-ba30-65793192b5ad/host
Oct 17 04:45:22.728958 podb-esxi207 dnsmasq-dhcp[1603748]: read /opt/stack/data/neutron/dhcp/33f618c4-060f-42d1-ba30-65793192b5ad/opts
Oct 17 04:45:23.740226 podb-esxi207 dnsmasq[1603748]: exiting on receipt of SIGTERM
Oct 17 04:45:24.852388 podb-esxi207 dnsmasq[1603994]: read /opt/stack/data/neutron/dhcp/bfc3fe17-8bc6-4581-9b49-d1a20e52d07f/addn_hosts - 0 names
Oct 17 04:45:24.852465 podb-esxi207 dnsmasq-dhcp[1603994]: read /opt/stack/data/neutron/dhcp/bfc3fe17-8bc6-4581-9b49-d1a20e52d07f/host
Oct 17 04:45:24.852520 podb-esxi207 dnsmasq-dhcp[1603994]: read /opt/stack/data/neutron/dhcp/bfc3fe17-8bc6-4581-9b49-d1a20e52d07f/opts
Oct 17 04:45:25.616858 podb-esxi207 dnsmasq[1603994]: exiting on receipt of SIGTERM
Oct 17 04:45:30.000212 podb-esxi207 dnsmasq[1608977]: started, version 2.90 cachesize 150
Oct 17 04:45:30.000238 podb-esxi207 dnsmasq[1608977]: DNS service limited to local subnets
Oct 17 04:45:30.000255 podb-esxi207 dnsmasq[1608977]: compile time options: IPv6 GNU-getopt DBus no-UBus i18n IDN2 DHCP DHCPv6 no-Lua TFTP conntrack ipset no-nftset auth cryptohash DNSSEC loop-detect inotify dumpfile
Oct 17 04:45:30.000291 podb-esxi207 dnsmasq-dhcp[1608977]: DHCP, static leases only on 10.1.0.0, lease time 1d
Oct 17 04:45:30.000445 podb-esxi207 dnsmasq[1608977]: reading /etc/resolv.conf
Oct 17 04:45:30.000462 podb-esxi207 dnsmasq[1608977]: using nameserver 127.0.0.53#53
Oct 17 04:45:30.000557 podb-esxi207 dnsmasq[1608977]: read /opt/stack/data/neutron/dhcp/aae7d53a-2793-4136-8729-ef80ea1af379/addn_hosts - 0 names
Oct 17 04:45:30.000610 podb-esxi207 dnsmasq-dhcp[1608977]: read /opt/stack/data/neutron/dhcp/aae7d53a-2793-4136-8729-ef80ea1af379/host
Oct 17 04:45:30.000737 podb-esxi207 dnsmasq-dhcp[1608977]: read /opt/stack/data/neutron/dhcp/aae7d53a-2793-4136-8729-ef80ea1af379/opts
Oct 17 04:45:31.547652 podb-esxi207 dnsmasq[1608977]: read /opt/stack/data/neutron/dhcp/aae7d53a-2793-4136-8729-ef80ea1af379/addn_hosts - 2 names
Oct 17 04:45:31.547739 podb-esxi207 dnsmasq-dhcp[1608977]: read /opt/stack/data/neutron/dhcp/aae7d53a-2793-4136-8729-ef80ea1af379/host
Oct 17 04:45:31.547845 podb-esxi207 dnsmasq-dhcp[1608977]: read /opt/stack/data/neutron/dhcp/aae7d53a-2793-4136-8729-ef80ea1af379/opts
Oct 17 04:45:34.463888 podb-esxi207 dnsmasq[1609331]: started, version 2.90 cachesize 150
Oct 17 04:45:34.463914 podb-esxi207 dnsmasq[1609331]: DNS service limited to local subnets
Oct 17 04:45:34.463929 podb-esxi207 dnsmasq[1609331]: compile time options: IPv6 GNU-getopt DBus no-UBus i18n IDN2 DHCP DHCPv6 no-Lua TFTP conntrack ipset no-nftset auth cryptohash DNSSEC loop-detect inotify dumpfile
Oct 17 04:45:34.463964 podb-esxi207 dnsmasq-dhcp[1609331]: DHCP, static leases only on 10.1.0.0, lease time 1d
Oct 17 04:45:34.464119 podb-esxi207 dnsmasq[1609331]: reading /etc/resolv.conf
Oct 17 04:45:34.464136 podb-esxi207 dnsmasq[1609331]: using nameserver 127.0.0.53#53
Oct 17 04:45:34.464254 podb-esxi207 dnsmasq[1609331]: read /opt/stack/data/neutron/dhcp/947e017f-b94b-44c1-836c-098219f91d0f/addn_hosts - 2 names
Oct 17 04:45:34.464308 podb-esxi207 dnsmasq-dhcp[1609331]: read /opt/stack/data/neutron/dhcp/947e017f-b94b-44c1-836c-098219f91d0f/host
Oct 17 04:45:34.464381 podb-esxi207 dnsmasq-dhcp[1609331]: read /opt/stack/data/neutron/dhcp/947e017f-b94b-44c1-836c-098219f91d0f/opts
Oct 17 04:45:35.509043 podb-esxi207 dnsmasq[1608977]: read /opt/stack/data/neutron/dhcp/aae7d53a-2793-4136-8729-ef80ea1af379/addn_hosts - 2 names
Oct 17 04:45:35.509093 podb-esxi207 dnsmasq-dhcp[1608977]: read /opt/stack/data/neutron/dhcp/aae7d53a-2793-4136-8729-ef80ea1af379/host
Oct 17 04:45:35.509128 podb-esxi207 dnsmasq-dhcp[1608977]: read /opt/stack/data/neutron/dhcp/aae7d53a-2793-4136-8729-ef80ea1af379/opts
Oct 17 04:45:36.764816 podb-esxi207 dnsmasq[1609331]: read /opt/stack/data/neutron/dhcp/947e017f-b94b-44c1-836c-098219f91d0f/addn_hosts - 2 names
Oct 17 04:45:36.764944 podb-esxi207 dnsmasq-dhcp[1609331]: read /opt/stack/data/neutron/dhcp/947e017f-b94b-44c1-836c-098219f91d0f/host
Oct 17 04:45:36.765055 podb-esxi207 dnsmasq-dhcp[1609331]: read /opt/stack/data/neutron/dhcp/947e017f-b94b-44c1-836c-098219f91d0f/opts
Oct 17 04:45:38.029203 podb-esxi207 dnsmasq[1608977]: read /opt/stack/data/neutron/dhcp/aae7d53a-2793-4136-8729-ef80ea1af379/addn_hosts - 2 names
Oct 17 04:45:38.029341 podb-esxi207 dnsmasq-dhcp[1608977]: read /opt/stack/data/neutron/dhcp/aae7d53a-2793-4136-8729-ef80ea1af379/host
Oct 17 04:45:38.029454 podb-esxi207 dnsmasq-dhcp[1608977]: read /opt/stack/data/neutron/dhcp/aae7d53a-2793-4136-8729-ef80ea1af379/opts
Oct 17 04:45:38.776403 podb-esxi207 dnsmasq[1609331]: read /opt/stack/data/neutron/dhcp/947e017f-b94b-44c1-836c-098219f91d0f/addn_hosts - 2 names
Oct 17 04:45:38.776541 podb-esxi207 dnsmasq-dhcp[1609331]: read /opt/stack/data/neutron/dhcp/947e017f-b94b-44c1-836c-098219f91d0f/host
Oct 17 04:45:38.776680 podb-esxi207 dnsmasq-dhcp[1609331]: read /opt/stack/data/neutron/dhcp/947e017f-b94b-44c1-836c-098219f91d0f/opts
Oct 17 04:45:40.033174 podb-esxi207 dnsmasq[1609331]: read /opt/stack/data/neutron/dhcp/947e017f-b94b-44c1-836c-098219f91d0f/addn_hosts - 2 names
Oct 17 04:45:40.033295 podb-esxi207 dnsmasq-dhcp[1609331]: read /opt/stack/data/neutron/dhcp/947e017f-b94b-44c1-836c-098219f91d0f/host
Oct 17 04:45:40.033409 podb-esxi207 dnsmasq-dhcp[1609331]: read /opt/stack/data/neutron/dhcp/947e017f-b94b-44c1-836c-098219f91d0f/opts
Oct 17 04:45:40.787884 podb-esxi207 dnsmasq[1608977]: read /opt/stack/data/neutron/dhcp/aae7d53a-2793-4136-8729-ef80ea1af379/addn_hosts - 4 names
Oct 17 04:45:40.788028 podb-esxi207 dnsmasq-dhcp[1608977]: read /opt/stack/data/neutron/dhcp/aae7d53a-2793-4136-8729-ef80ea1af379/host
Oct 17 04:45:40.788149 podb-esxi207 dnsmasq-dhcp[1608977]: read /opt/stack/data/neutron/dhcp/aae7d53a-2793-4136-8729-ef80ea1af379/opts
Oct 17 04:46:00.888885 podb-esxi207 dnsmasq-dhcp[1608977]: DHCPDISCOVER(tap15659553-20) fa:16:3e:e8:a3:ca
Oct 17 04:46:00.888918 podb-esxi207 dnsmasq-dhcp[1608977]: DHCPOFFER(tap15659553-20) 10.1.0.6 fa:16:3e:e8:a3:ca
Oct 17 04:46:00.902280 podb-esxi207 dnsmasq-dhcp[1608977]: DHCPREQUEST(tap15659553-20) 10.1.0.6 fa:16:3e:e8:a3:ca
Oct 17 04:46:00.902318 podb-esxi207 dnsmasq-dhcp[1608977]: DHCPACK(tap15659553-20) 10.1.0.6 fa:16:3e:e8:a3:ca host-10-1-0-6
Oct 17 04:46:07.482410 podb-esxi207 dnsmasq[1605608]: read /opt/stack/data/neutron/dhcp/6093c831-3ae6-4841-80da-5736d07f6540/addn_hosts - 8 names
Oct 17 04:46:07.482530 podb-esxi207 dnsmasq-dhcp[1605608]: read /opt/stack/data/neutron/dhcp/6093c831-3ae6-4841-80da-5736d07f6540/host
Oct 17 04:46:07.482640 podb-esxi207 dnsmasq-dhcp[1605608]: read /opt/stack/data/neutron/dhcp/6093c831-3ae6-4841-80da-5736d07f6540/opts
Oct 17 04:46:22.521112 podb-esxi207 dnsmasq-dhcp[1605608]: DHCPRELEASE(tape5520093-4b) 10.1.0.7 fa:16:3e:5f:68:77
Oct 17 04:46:22.536758 podb-esxi207 dnsmasq-dhcp[1605608]: DHCPRELEASE(tape5520093-4b) 10.1.0.7 fa:16:3e:5f:68:77 unknown lease
Oct 17 04:46:23.363772 podb-esxi207 dnsmasq[1605608]: read /opt/stack/data/neutron/dhcp/6093c831-3ae6-4841-80da-5736d07f6540/addn_hosts - 6 names
Oct 17 04:46:23.363924 podb-esxi207 dnsmasq-dhcp[1605608]: read /opt/stack/data/neutron/dhcp/6093c831-3ae6-4841-80da-5736d07f6540/host
Oct 17 04:46:23.364028 podb-esxi207 dnsmasq-dhcp[1605608]: read /opt/stack/data/neutron/dhcp/6093c831-3ae6-4841-80da-5736d07f6540/opts
Oct 17 04:46:30.342044 podb-esxi207 dnsmasq[1605608]: read /opt/stack/data/neutron/dhcp/6093c831-3ae6-4841-80da-5736d07f6540/addn_hosts - 4 names
Oct 17 04:46:30.342129 podb-esxi207 dnsmasq-dhcp[1605608]: read /opt/stack/data/neutron/dhcp/6093c831-3ae6-4841-80da-5736d07f6540/host
Oct 17 04:46:30.342214 podb-esxi207 dnsmasq-dhcp[1605608]: read /opt/stack/data/neutron/dhcp/6093c831-3ae6-4841-80da-5736d07f6540/opts
Oct 17 04:46:44.881556 podb-esxi207 dnsmasq-dhcp[1607770]: DHCPREQUEST(tap8b2ae62e-ce) 10.1.0.10 fa:16:3e:4e:9e:dd
Oct 17 04:46:44.881588 podb-esxi207 dnsmasq-dhcp[1607770]: DHCPACK(tap8b2ae62e-ce) 10.1.0.10 fa:16:3e:4e:9e:dd host-10-1-0-10
Oct 17 04:46:46.185680 podb-esxi207 dnsmasq-dhcp[1605608]: DHCPRELEASE(tape5520093-4b) 10.1.0.8 fa:16:3e:b3:46:cb
Oct 17 04:46:46.202858 podb-esxi207 dnsmasq-dhcp[1605608]: DHCPRELEASE(tape5520093-4b) 10.1.0.8 fa:16:3e:b3:46:cb unknown lease
Oct 17 04:46:47.028349 podb-esxi207 dnsmasq[1605608]: read /opt/stack/data/neutron/dhcp/6093c831-3ae6-4841-80da-5736d07f6540/addn_hosts - 2 names
Oct 17 04:46:47.028454 podb-esxi207 dnsmasq-dhcp[1605608]: read /opt/stack/data/neutron/dhcp/6093c831-3ae6-4841-80da-5736d07f6540/host
Oct 17 04:46:47.028576 podb-esxi207 dnsmasq-dhcp[1605608]: read /opt/stack/data/neutron/dhcp/6093c831-3ae6-4841-80da-5736d07f6540/opts
Oct 17 04:46:51.524830 podb-esxi207 dnsmasq[1605608]: read /opt/stack/data/neutron/dhcp/6093c831-3ae6-4841-80da-5736d07f6540/addn_hosts - 0 names
Oct 17 04:46:51.524935 podb-esxi207 dnsmasq-dhcp[1605608]: read /opt/stack/data/neutron/dhcp/6093c831-3ae6-4841-80da-5736d07f6540/host
Oct 17 04:46:51.524989 podb-esxi207 dnsmasq-dhcp[1605608]: read /opt/stack/data/neutron/dhcp/6093c831-3ae6-4841-80da-5736d07f6540/opts
Oct 17 04:46:52.378507 podb-esxi207 dnsmasq[1605608]: exiting on receipt of SIGTERM
Oct 17 04:46:56.538954 podb-esxi207 dnsmasq[1611012]: started, version 2.90 cachesize 150
Oct 17 04:46:56.538978 podb-esxi207 dnsmasq[1611012]: DNS service limited to local subnets
Oct 17 04:46:56.538994 podb-esxi207 dnsmasq[1611012]: compile time options: IPv6 GNU-getopt DBus no-UBus i18n IDN2 DHCP DHCPv6 no-Lua TFTP conntrack ipset no-nftset auth cryptohash DNSSEC loop-detect inotify dumpfile
Oct 17 04:46:56.539031 podb-esxi207 dnsmasq-dhcp[1611012]: DHCP, static leases only on 10.1.0.0, lease time 1d
Oct 17 04:46:56.539187 podb-esxi207 dnsmasq[1611012]: reading /etc/resolv.conf
Oct 17 04:46:56.539203 podb-esxi207 dnsmasq[1611012]: using nameserver 127.0.0.53#53
Oct 17 04:46:56.539295 podb-esxi207 dnsmasq[1611012]: read /opt/stack/data/neutron/dhcp/a4128a88-95dd-4371-850f-4f82c87388ec/addn_hosts - 0 names
Oct 17 04:46:56.539351 podb-esxi207 dnsmasq-dhcp[1611012]: read /opt/stack/data/neutron/dhcp/a4128a88-95dd-4371-850f-4f82c87388ec/host
Oct 17 04:46:56.539412 podb-esxi207 dnsmasq-dhcp[1611012]: read /opt/stack/data/neutron/dhcp/a4128a88-95dd-4371-850f-4f82c87388ec/opts
Oct 17 04:46:58.090959 podb-esxi207 dnsmasq[1611012]: read /opt/stack/data/neutron/dhcp/a4128a88-95dd-4371-850f-4f82c87388ec/addn_hosts - 2 names
Oct 17 04:46:58.091066 podb-esxi207 dnsmasq-dhcp[1611012]: read /opt/stack/data/neutron/dhcp/a4128a88-95dd-4371-850f-4f82c87388ec/host
Oct 17 04:46:58.091171 podb-esxi207 dnsmasq-dhcp[1611012]: read /opt/stack/data/neutron/dhcp/a4128a88-95dd-4371-850f-4f82c87388ec/opts
Oct 17 04:46:59.355271 podb-esxi207 dnsmasq[1611012]: read /opt/stack/data/neutron/dhcp/a4128a88-95dd-4371-850f-4f82c87388ec/addn_hosts - 2 names
Oct 17 04:46:59.355364 podb-esxi207 dnsmasq-dhcp[1611012]: read /opt/stack/data/neutron/dhcp/a4128a88-95dd-4371-850f-4f82c87388ec/host
Oct 17 04:46:59.355436 podb-esxi207 dnsmasq-dhcp[1611012]: read /opt/stack/data/neutron/dhcp/a4128a88-95dd-4371-850f-4f82c87388ec/opts
Oct 17 04:47:00.614552 podb-esxi207 dnsmasq[1611012]: read /opt/stack/data/neutron/dhcp/a4128a88-95dd-4371-850f-4f82c87388ec/addn_hosts - 2 names
Oct 17 04:47:00.614660 podb-esxi207 dnsmasq-dhcp[1611012]: read /opt/stack/data/neutron/dhcp/a4128a88-95dd-4371-850f-4f82c87388ec/host
Oct 17 04:47:00.614769 podb-esxi207 dnsmasq-dhcp[1611012]: read /opt/stack/data/neutron/dhcp/a4128a88-95dd-4371-850f-4f82c87388ec/opts
Oct 17 04:47:03.378505 podb-esxi207 dnsmasq[1611012]: read /opt/stack/data/neutron/dhcp/a4128a88-95dd-4371-850f-4f82c87388ec/addn_hosts - 4 names
Oct 17 04:47:03.378632 podb-esxi207 dnsmasq-dhcp[1611012]: read /opt/stack/data/neutron/dhcp/a4128a88-95dd-4371-850f-4f82c87388ec/host
Oct 17 04:47:03.378746 podb-esxi207 dnsmasq-dhcp[1611012]: read /opt/stack/data/neutron/dhcp/a4128a88-95dd-4371-850f-4f82c87388ec/opts
Oct 17 04:47:25.606620 podb-esxi207 dnsmasq-dhcp[1611012]: DHCPDISCOVER(tape9f589f8-2e) fa:16:3e:22:75:d5
Oct 17 04:47:25.606647 podb-esxi207 dnsmasq-dhcp[1611012]: DHCPOFFER(tape9f589f8-2e) 10.1.0.4 fa:16:3e:22:75:d5
Oct 17 04:47:25.616374 podb-esxi207 dnsmasq-dhcp[1611012]: DHCPREQUEST(tape9f589f8-2e) 10.1.0.4 fa:16:3e:22:75:d5
Oct 17 04:47:25.616402 podb-esxi207 dnsmasq-dhcp[1611012]: DHCPACK(tape9f589f8-2e) 10.1.0.4 fa:16:3e:22:75:d5 host-10-1-0-4
Oct 17 04:47:45.188434 podb-esxi207 dnsmasq-dhcp[1608977]: DHCPRELEASE(tap15659553-20) 10.1.0.6 fa:16:3e:e8:a3:ca
Oct 17 04:47:45.204699 podb-esxi207 dnsmasq-dhcp[1608977]: DHCPRELEASE(tap15659553-20) 10.1.0.6 fa:16:3e:e8:a3:ca unknown lease
Oct 17 04:47:46.030270 podb-esxi207 dnsmasq[1608977]: read /opt/stack/data/neutron/dhcp/aae7d53a-2793-4136-8729-ef80ea1af379/addn_hosts - 2 names
Oct 17 04:47:46.030411 podb-esxi207 dnsmasq-dhcp[1608977]: read /opt/stack/data/neutron/dhcp/aae7d53a-2793-4136-8729-ef80ea1af379/host
Oct 17 04:47:46.030520 podb-esxi207 dnsmasq-dhcp[1608977]: read /opt/stack/data/neutron/dhcp/aae7d53a-2793-4136-8729-ef80ea1af379/opts
Oct 17 04:47:50.881059 podb-esxi207 dnsmasq[1608977]: read /opt/stack/data/neutron/dhcp/aae7d53a-2793-4136-8729-ef80ea1af379/addn_hosts - 0 names
Oct 17 04:47:50.881122 podb-esxi207 dnsmasq-dhcp[1608977]: read /opt/stack/data/neutron/dhcp/aae7d53a-2793-4136-8729-ef80ea1af379/host
Oct 17 04:47:50.881212 podb-esxi207 dnsmasq-dhcp[1608977]: read /opt/stack/data/neutron/dhcp/aae7d53a-2793-4136-8729-ef80ea1af379/opts
Oct 17 04:47:51.712671 podb-esxi207 dnsmasq[1608977]: exiting on receipt of SIGTERM
Oct 17 04:47:52.341811 podb-esxi207 dnsmasq-dhcp[1609331]: DHCPRELEASE(tape168f56b-32) 10.1.0.1 fa:16:3e:f5:ef:72
Oct 17 04:47:53.167348 podb-esxi207 dnsmasq[1609331]: read /opt/stack/data/neutron/dhcp/947e017f-b94b-44c1-836c-098219f91d0f/addn_hosts - 0 names
Oct 17 04:47:53.167428 podb-esxi207 dnsmasq-dhcp[1609331]: read /opt/stack/data/neutron/dhcp/947e017f-b94b-44c1-836c-098219f91d0f/host
Oct 17 04:47:53.167520 podb-esxi207 dnsmasq-dhcp[1609331]: read /opt/stack/data/neutron/dhcp/947e017f-b94b-44c1-836c-098219f91d0f/opts
Oct 17 04:47:53.415265 podb-esxi207 dnsmasq[1609331]: exiting on receipt of SIGTERM
Oct 17 04:47:57.884880 podb-esxi207 dnsmasq[1612095]: started, version 2.90 cachesize 150
Oct 17 04:47:57.884906 podb-esxi207 dnsmasq[1612095]: DNS service limited to local subnets
Oct 17 04:47:57.884920 podb-esxi207 dnsmasq[1612095]: compile time options: IPv6 GNU-getopt DBus no-UBus i18n IDN2 DHCP DHCPv6 no-Lua TFTP conntrack ipset no-nftset auth cryptohash DNSSEC loop-detect inotify dumpfile
Oct 17 04:47:57.884958 podb-esxi207 dnsmasq-dhcp[1612095]: DHCP, static leases only on 10.1.0.0, lease time 1d
Oct 17 04:47:57.885103 podb-esxi207 dnsmasq[1612095]: reading /etc/resolv.conf
Oct 17 04:47:57.885119 podb-esxi207 dnsmasq[1612095]: using nameserver 127.0.0.53#53
Oct 17 04:47:57.885209 podb-esxi207 dnsmasq[1612095]: read /opt/stack/data/neutron/dhcp/3231f00b-0c0b-41d3-859f-2a6899251325/addn_hosts - 0 names
Oct 17 04:47:57.885258 podb-esxi207 dnsmasq-dhcp[1612095]: read /opt/stack/data/neutron/dhcp/3231f00b-0c0b-41d3-859f-2a6899251325/host
Oct 17 04:47:57.885312 podb-esxi207 dnsmasq-dhcp[1612095]: read /opt/stack/data/neutron/dhcp/3231f00b-0c0b-41d3-859f-2a6899251325/opts
Oct 17 04:48:01.071205 podb-esxi207 dnsmasq[1612740]: started, version 2.90 cachesize 150
Oct 17 04:48:01.071231 podb-esxi207 dnsmasq[1612740]: DNS service limited to local subnets
Oct 17 04:48:01.071245 podb-esxi207 dnsmasq[1612740]: compile time options: IPv6 GNU-getopt DBus no-UBus i18n IDN2 DHCP DHCPv6 no-Lua TFTP conntrack ipset no-nftset auth cryptohash DNSSEC loop-detect inotify dumpfile
Oct 17 04:48:01.071284 podb-esxi207 dnsmasq-dhcp[1612740]: DHCP, static leases only on 10.1.0.0, lease time 1d
Oct 17 04:48:01.071428 podb-esxi207 dnsmasq[1612740]: reading /etc/resolv.conf
Oct 17 04:48:01.071443 podb-esxi207 dnsmasq[1612740]: using nameserver 127.0.0.53#53
Oct 17 04:48:01.071549 podb-esxi207 dnsmasq[1612740]: read /opt/stack/data/neutron/dhcp/f1b3645d-8213-4178-b7e7-c811ef845b56/addn_hosts - 2 names
Oct 17 04:48:01.071602 podb-esxi207 dnsmasq-dhcp[1612740]: read /opt/stack/data/neutron/dhcp/f1b3645d-8213-4178-b7e7-c811ef845b56/host
Oct 17 04:48:01.071666 podb-esxi207 dnsmasq-dhcp[1612740]: read /opt/stack/data/neutron/dhcp/f1b3645d-8213-4178-b7e7-c811ef845b56/opts
Oct 17 04:48:02.107538 podb-esxi207 dnsmasq[1612095]: read /opt/stack/data/neutron/dhcp/3231f00b-0c0b-41d3-859f-2a6899251325/addn_hosts - 2 names
Oct 17 04:48:02.107717 podb-esxi207 dnsmasq-dhcp[1612095]: read /opt/stack/data/neutron/dhcp/3231f00b-0c0b-41d3-859f-2a6899251325/host
Oct 17 04:48:02.107848 podb-esxi207 dnsmasq-dhcp[1612095]: read /opt/stack/data/neutron/dhcp/3231f00b-0c0b-41d3-859f-2a6899251325/opts
Oct 17 04:48:03.860583 podb-esxi207 dnsmasq[1612740]: read /opt/stack/data/neutron/dhcp/f1b3645d-8213-4178-b7e7-c811ef845b56/addn_hosts - 2 names
Oct 17 04:48:03.860714 podb-esxi207 dnsmasq-dhcp[1612740]: read /opt/stack/data/neutron/dhcp/f1b3645d-8213-4178-b7e7-c811ef845b56/host
Oct 17 04:48:03.860830 podb-esxi207 dnsmasq-dhcp[1612740]: read /opt/stack/data/neutron/dhcp/f1b3645d-8213-4178-b7e7-c811ef845b56/opts
Oct 17 04:48:04.618131 podb-esxi207 dnsmasq[1612095]: read /opt/stack/data/neutron/dhcp/3231f00b-0c0b-41d3-859f-2a6899251325/addn_hosts - 2 names
Oct 17 04:48:04.618213 podb-esxi207 dnsmasq-dhcp[1612095]: read /opt/stack/data/neutron/dhcp/3231f00b-0c0b-41d3-859f-2a6899251325/host
Oct 17 04:48:04.618285 podb-esxi207 dnsmasq-dhcp[1612095]: read /opt/stack/data/neutron/dhcp/3231f00b-0c0b-41d3-859f-2a6899251325/opts
Oct 17 04:48:05.873461 podb-esxi207 dnsmasq[1612740]: read /opt/stack/data/neutron/dhcp/f1b3645d-8213-4178-b7e7-c811ef845b56/addn_hosts - 2 names
Oct 17 04:48:05.873600 podb-esxi207 dnsmasq-dhcp[1612740]: read /opt/stack/data/neutron/dhcp/f1b3645d-8213-4178-b7e7-c811ef845b56/host
Oct 17 04:48:05.873711 podb-esxi207 dnsmasq-dhcp[1612740]: read /opt/stack/data/neutron/dhcp/f1b3645d-8213-4178-b7e7-c811ef845b56/opts
Oct 17 04:48:06.639347 podb-esxi207 dnsmasq[1612095]: read /opt/stack/data/neutron/dhcp/3231f00b-0c0b-41d3-859f-2a6899251325/addn_hosts - 2 names
Oct 17 04:48:06.639487 podb-esxi207 dnsmasq-dhcp[1612095]: read /opt/stack/data/neutron/dhcp/3231f00b-0c0b-41d3-859f-2a6899251325/host
Oct 17 04:48:06.639601 podb-esxi207 dnsmasq-dhcp[1612095]: read /opt/stack/data/neutron/dhcp/3231f00b-0c0b-41d3-859f-2a6899251325/opts
Oct 17 04:48:07.909907 podb-esxi207 dnsmasq[1612740]: read /opt/stack/data/neutron/dhcp/f1b3645d-8213-4178-b7e7-c811ef845b56/addn_hosts - 2 names
Oct 17 04:48:07.910020 podb-esxi207 dnsmasq-dhcp[1612740]: read /opt/stack/data/neutron/dhcp/f1b3645d-8213-4178-b7e7-c811ef845b56/host
Oct 17 04:48:07.910129 podb-esxi207 dnsmasq-dhcp[1612740]: read /opt/stack/data/neutron/dhcp/f1b3645d-8213-4178-b7e7-c811ef845b56/opts
Oct 17 04:48:08.667237 podb-esxi207 dnsmasq[1612095]: read /opt/stack/data/neutron/dhcp/3231f00b-0c0b-41d3-859f-2a6899251325/addn_hosts - 4 names
Oct 17 04:48:08.667393 podb-esxi207 dnsmasq-dhcp[1612095]: read /opt/stack/data/neutron/dhcp/3231f00b-0c0b-41d3-859f-2a6899251325/host
Oct 17 04:48:08.667548 podb-esxi207 dnsmasq-dhcp[1612095]: read /opt/stack/data/neutron/dhcp/3231f00b-0c0b-41d3-859f-2a6899251325/opts
Oct 17 04:48:26.238030 podb-esxi207 dnsmasq-dhcp[1607770]: DHCPREQUEST(tap8b2ae62e-ce) 10.1.0.10 fa:16:3e:4e:9e:dd
Oct 17 04:48:26.238058 podb-esxi207 dnsmasq-dhcp[1607770]: DHCPACK(tap8b2ae62e-ce) 10.1.0.10 fa:16:3e:4e:9e:dd host-10-1-0-10
Oct 17 04:48:29.658611 podb-esxi207 dnsmasq-dhcp[1612095]: DHCPDISCOVER(tap5d614d38-26) fa:16:3e:2a:53:03
Oct 17 04:48:29.658635 podb-esxi207 dnsmasq-dhcp[1612095]: DHCPOFFER(tap5d614d38-26) 10.1.0.9 fa:16:3e:2a:53:03
Oct 17 04:48:29.669720 podb-esxi207 dnsmasq-dhcp[1612095]: DHCPREQUEST(tap5d614d38-26) 10.1.0.9 fa:16:3e:2a:53:03
Oct 17 04:48:29.669755 podb-esxi207 dnsmasq-dhcp[1612095]: DHCPACK(tap5d614d38-26) 10.1.0.9 fa:16:3e:2a:53:03 host-10-1-0-9
Oct 17 04:48:51.640095 podb-esxi207 dnsmasq-dhcp[1588245]: DHCPRELEASE(tap335a2270-e7) 10.1.0.9 fa:16:3e:6f:53:e4
Oct 17 04:48:51.657049 podb-esxi207 dnsmasq-dhcp[1588245]: DHCPRELEASE(tap335a2270-e7) 10.1.0.9 fa:16:3e:6f:53:e4 unknown lease
Oct 17 04:48:52.484695 podb-esxi207 dnsmasq[1588245]: read /opt/stack/data/neutron/dhcp/03bf3d33-6d36-42ba-aff3-dbe968d5eebe/addn_hosts - 10 names
Oct 17 04:48:52.484865 podb-esxi207 dnsmasq-dhcp[1588245]: read /opt/stack/data/neutron/dhcp/03bf3d33-6d36-42ba-aff3-dbe968d5eebe/host
Oct 17 04:48:52.484953 podb-esxi207 dnsmasq-dhcp[1588245]: read /opt/stack/data/neutron/dhcp/03bf3d33-6d36-42ba-aff3-dbe968d5eebe/opts
Oct 17 04:48:58.580296 podb-esxi207 dnsmasq-dhcp[1588245]: DHCPRELEASE(tap335a2270-e7) 10.1.0.4 fa:16:3e:f6:99:11
Oct 17 04:48:58.593751 podb-esxi207 dnsmasq-dhcp[1588245]: DHCPRELEASE(tap335a2270-e7) 10.1.0.4 fa:16:3e:f6:99:11 unknown lease
Oct 17 04:48:59.418429 podb-esxi207 dnsmasq[1588245]: read /opt/stack/data/neutron/dhcp/03bf3d33-6d36-42ba-aff3-dbe968d5eebe/addn_hosts - 8 names
Oct 17 04:48:59.418542 podb-esxi207 dnsmasq-dhcp[1588245]: read /opt/stack/data/neutron/dhcp/03bf3d33-6d36-42ba-aff3-dbe968d5eebe/host
Oct 17 04:48:59.418647 podb-esxi207 dnsmasq-dhcp[1588245]: read /opt/stack/data/neutron/dhcp/03bf3d33-6d36-42ba-aff3-dbe968d5eebe/opts
Oct 17 04:49:02.020804 podb-esxi207 dnsmasq-dhcp[1611012]: DHCPREQUEST(tape9f589f8-2e) 10.1.0.4 fa:16:3e:22:75:d5
Oct 17 04:49:02.020815 podb-esxi207 dnsmasq-dhcp[1611012]: DHCPACK(tape9f589f8-2e) 10.1.0.4 fa:16:3e:22:75:d5 host-10-1-0-4
Oct 17 04:49:05.204084 podb-esxi207 dnsmasq-dhcp[1607770]: DHCPRELEASE(tap8b2ae62e-ce) 10.1.0.10 fa:16:3e:4e:9e:dd
Oct 17 04:49:05.219878 podb-esxi207 dnsmasq-dhcp[1607770]: DHCPRELEASE(tap8b2ae62e-ce) 10.1.0.10 fa:16:3e:4e:9e:dd unknown lease
Oct 17 04:49:06.043605 podb-esxi207 dnsmasq[1607770]: read /opt/stack/data/neutron/dhcp/e3b3e8e0-828b-4cbb-906b-3c172ed35d7b/addn_hosts - 2 names
Oct 17 04:49:06.043729 podb-esxi207 dnsmasq-dhcp[1607770]: read /opt/stack/data/neutron/dhcp/e3b3e8e0-828b-4cbb-906b-3c172ed35d7b/host
Oct 17 04:49:06.043850 podb-esxi207 dnsmasq-dhcp[1607770]: read /opt/stack/data/neutron/dhcp/e3b3e8e0-828b-4cbb-906b-3c172ed35d7b/opts
Oct 17 04:49:09.006309 podb-esxi207 dnsmasq-dhcp[1588245]: DHCPRELEASE(tap335a2270-e7) 10.1.0.10 fa:16:3e:8d:5d:5a
Oct 17 04:49:09.021690 podb-esxi207 dnsmasq-dhcp[1588245]: DHCPRELEASE(tap335a2270-e7) 10.1.0.10 fa:16:3e:8d:5d:5a unknown lease
Oct 17 04:49:09.847324 podb-esxi207 dnsmasq[1588245]: read /opt/stack/data/neutron/dhcp/03bf3d33-6d36-42ba-aff3-dbe968d5eebe/addn_hosts - 6 names
Oct 17 04:49:09.847472 podb-esxi207 dnsmasq-dhcp[1588245]: read /opt/stack/data/neutron/dhcp/03bf3d33-6d36-42ba-aff3-dbe968d5eebe/host
Oct 17 04:49:09.847586 podb-esxi207 dnsmasq-dhcp[1588245]: read /opt/stack/data/neutron/dhcp/03bf3d33-6d36-42ba-aff3-dbe968d5eebe/opts
Oct 17 04:49:16.315407 podb-esxi207 dnsmasq-dhcp[1588245]: DHCPRELEASE(tap335a2270-e7) 10.1.0.3 fa:16:3e:74:8e:19
Oct 17 04:49:16.329891 podb-esxi207 dnsmasq-dhcp[1588245]: DHCPRELEASE(tap335a2270-e7) 10.1.0.3 fa:16:3e:74:8e:19 unknown lease
Oct 17 04:49:17.158033 podb-esxi207 dnsmasq[1588245]: read /opt/stack/data/neutron/dhcp/03bf3d33-6d36-42ba-aff3-dbe968d5eebe/addn_hosts - 4 names
Oct 17 04:49:17.158133 podb-esxi207 dnsmasq-dhcp[1588245]: read /opt/stack/data/neutron/dhcp/03bf3d33-6d36-42ba-aff3-dbe968d5eebe/host
Oct 17 04:49:17.158222 podb-esxi207 dnsmasq-dhcp[1588245]: read /opt/stack/data/neutron/dhcp/03bf3d33-6d36-42ba-aff3-dbe968d5eebe/opts
Oct 17 04:49:17.916068 podb-esxi207 dnsmasq[1607770]: read /opt/stack/data/neutron/dhcp/e3b3e8e0-828b-4cbb-906b-3c172ed35d7b/addn_hosts - 4 names
Oct 17 04:49:17.916131 podb-esxi207 dnsmasq-dhcp[1607770]: read /opt/stack/data/neutron/dhcp/e3b3e8e0-828b-4cbb-906b-3c172ed35d7b/host
Oct 17 04:49:17.916181 podb-esxi207 dnsmasq-dhcp[1607770]: read /opt/stack/data/neutron/dhcp/e3b3e8e0-828b-4cbb-906b-3c172ed35d7b/opts
Oct 17 04:49:24.294272 podb-esxi207 dnsmasq-dhcp[1588245]: DHCPRELEASE(tap335a2270-e7) 10.1.0.8 fa:16:3e:e2:96:f4
Oct 17 04:49:24.311078 podb-esxi207 dnsmasq-dhcp[1588245]: DHCPRELEASE(tap335a2270-e7) 10.1.0.8 fa:16:3e:e2:96:f4 unknown lease
