Oct 17 03:37:29.935094 podb-esxi207 dnsmasq-dhcp[1528586]: DHCPACK(tap4182c184-8b) 10.1.0.11 fa:16:3e:81:13:f4 host-10-1-0-11
Oct 17 03:37:51.543128 podb-esxi207 dnsmasq-dhcp[1527617]: DHCPDISCOVER(tapd4822a07-05) fa:16:3e:22:b6:a7
Oct 17 03:37:51.543152 podb-esxi207 dnsmasq-dhcp[1527617]: DHCPOFFER(tapd4822a07-05) 10.1.0.6 fa:16:3e:22:b6:a7
Oct 17 03:37:51.553678 podb-esxi207 dnsmasq-dhcp[1527617]: DHCPREQUEST(tapd4822a07-05) 10.1.0.6 fa:16:3e:22:b6:a7
Oct 17 03:37:51.553713 podb-esxi207 dnsmasq-dhcp[1527617]: DHCPACK(tapd4822a07-05) 10.1.0.6 fa:16:3e:22:b6:a7 host-10-1-0-6
Oct 17 03:38:11.372782 podb-esxi207 dnsmasq-dhcp[1528586]: DHCPRELEASE(tap4182c184-8b) 10.1.0.11 fa:16:3e:81:13:f4
Oct 17 03:38:11.389837 podb-esxi207 dnsmasq-dhcp[1528586]: DHCPRELEASE(tap4182c184-8b) 10.1.0.11 fa:16:3e:81:13:f4 unknown lease
Oct 17 03:38:12.214497 podb-esxi207 dnsmasq[1528586]: read /opt/stack/data/neutron/dhcp/65ae334d-12c4-4f3d-be54-fb2b2c8af4e0/addn_hosts - 4 names
Oct 17 03:38:12.214611 podb-esxi207 dnsmasq-dhcp[1528586]: read /opt/stack/data/neutron/dhcp/65ae334d-12c4-4f3d-be54-fb2b2c8af4e0/host
Oct 17 03:38:12.214723 podb-esxi207 dnsmasq-dhcp[1528586]: read /opt/stack/data/neutron/dhcp/65ae334d-12c4-4f3d-be54-fb2b2c8af4e0/opts
Oct 17 03:38:26.461310 podb-esxi207 dnsmasq[1531692]: read /opt/stack/data/neutron/dhcp/05049ff7-239d-4682-9a78-db894f967e2a/addn_hosts - 10 names
Oct 17 03:38:26.461471 podb-esxi207 dnsmasq-dhcp[1531692]: read /opt/stack/data/neutron/dhcp/05049ff7-239d-4682-9a78-db894f967e2a/host
Oct 17 03:38:26.461570 podb-esxi207 dnsmasq-dhcp[1531692]: read /opt/stack/data/neutron/dhcp/05049ff7-239d-4682-9a78-db894f967e2a/opts
Oct 17 03:38:30.375111 podb-esxi207 dnsmasq-dhcp[1528586]: DHCPRELEASE(tap4182c184-8b) 10.1.0.10 fa:16:3e:0e:8c:a3
Oct 17 03:38:30.395465 podb-esxi207 dnsmasq-dhcp[1528586]: DHCPRELEASE(tap4182c184-8b) 10.1.0.10 fa:16:3e:0e:8c:a3 unknown lease
Oct 17 03:38:31.219367 podb-esxi207 dnsmasq[1528586]: read /opt/stack/data/neutron/dhcp/65ae334d-12c4-4f3d-be54-fb2b2c8af4e0/addn_hosts - 2 names
Oct 17 03:38:31.219439 podb-esxi207 dnsmasq-dhcp[1528586]: read /opt/stack/data/neutron/dhcp/65ae334d-12c4-4f3d-be54-fb2b2c8af4e0/host
Oct 17 03:38:31.219476 podb-esxi207 dnsmasq-dhcp[1528586]: read /opt/stack/data/neutron/dhcp/65ae334d-12c4-4f3d-be54-fb2b2c8af4e0/opts
Oct 17 03:38:36.359166 podb-esxi207 dnsmasq[1528586]: read /opt/stack/data/neutron/dhcp/65ae334d-12c4-4f3d-be54-fb2b2c8af4e0/addn_hosts - 0 names
Oct 17 03:38:36.359275 podb-esxi207 dnsmasq-dhcp[1528586]: read /opt/stack/data/neutron/dhcp/65ae334d-12c4-4f3d-be54-fb2b2c8af4e0/host
Oct 17 03:38:36.359404 podb-esxi207 dnsmasq-dhcp[1528586]: read /opt/stack/data/neutron/dhcp/65ae334d-12c4-4f3d-be54-fb2b2c8af4e0/opts
Oct 17 03:38:37.334882 podb-esxi207 dnsmasq[1528586]: exiting on receipt of SIGTERM
Oct 17 03:38:41.492017 podb-esxi207 dnsmasq[1536027]: started, version 2.90 cachesize 150
Oct 17 03:38:41.492040 podb-esxi207 dnsmasq[1536027]: DNS service limited to local subnets
Oct 17 03:38:41.492054 podb-esxi207 dnsmasq[1536027]: compile time options: IPv6 GNU-getopt DBus no-UBus i18n IDN2 DHCP DHCPv6 no-Lua TFTP conntrack ipset no-nftset auth cryptohash DNSSEC loop-detect inotify dumpfile
Oct 17 03:38:41.492120 podb-esxi207 dnsmasq-dhcp[1536027]: DHCP, static leases only on 10.1.0.0, lease time 1d
Oct 17 03:38:41.492282 podb-esxi207 dnsmasq[1536027]: reading /etc/resolv.conf
Oct 17 03:38:41.492298 podb-esxi207 dnsmasq[1536027]: using nameserver 127.0.0.53#53
Oct 17 03:38:41.492380 podb-esxi207 dnsmasq[1536027]: read /opt/stack/data/neutron/dhcp/a51de624-6259-47d2-bb43-8cfe6f09867e/addn_hosts - 0 names
Oct 17 03:38:41.492429 podb-esxi207 dnsmasq-dhcp[1536027]: read /opt/stack/data/neutron/dhcp/a51de624-6259-47d2-bb43-8cfe6f09867e/host
Oct 17 03:38:41.492493 podb-esxi207 dnsmasq-dhcp[1536027]: read /opt/stack/data/neutron/dhcp/a51de624-6259-47d2-bb43-8cfe6f09867e/opts
Oct 17 03:38:43.034092 podb-esxi207 dnsmasq[1536027]: read /opt/stack/data/neutron/dhcp/a51de624-6259-47d2-bb43-8cfe6f09867e/addn_hosts - 2 names
Oct 17 03:38:43.034172 podb-esxi207 dnsmasq-dhcp[1536027]: read /opt/stack/data/neutron/dhcp/a51de624-6259-47d2-bb43-8cfe6f09867e/host
Oct 17 03:38:43.034268 podb-esxi207 dnsmasq-dhcp[1536027]: read /opt/stack/data/neutron/dhcp/a51de624-6259-47d2-bb43-8cfe6f09867e/opts
Oct 17 03:38:43.779920 podb-esxi207 dnsmasq[1531692]: read /opt/stack/data/neutron/dhcp/05049ff7-239d-4682-9a78-db894f967e2a/addn_hosts - 12 names
Oct 17 03:38:43.780037 podb-esxi207 dnsmasq-dhcp[1531692]: read /opt/stack/data/neutron/dhcp/05049ff7-239d-4682-9a78-db894f967e2a/host
Oct 17 03:38:43.780110 podb-esxi207 dnsmasq-dhcp[1531692]: read /opt/stack/data/neutron/dhcp/05049ff7-239d-4682-9a78-db894f967e2a/opts
Oct 17 03:38:45.062178 podb-esxi207 dnsmasq[1536027]: read /opt/stack/data/neutron/dhcp/a51de624-6259-47d2-bb43-8cfe6f09867e/addn_hosts - 2 names
Oct 17 03:38:45.062258 podb-esxi207 dnsmasq-dhcp[1536027]: read /opt/stack/data/neutron/dhcp/a51de624-6259-47d2-bb43-8cfe6f09867e/host
Oct 17 03:38:45.062349 podb-esxi207 dnsmasq-dhcp[1536027]: read /opt/stack/data/neutron/dhcp/a51de624-6259-47d2-bb43-8cfe6f09867e/opts
Oct 17 03:38:46.301433 podb-esxi207 dnsmasq[1536027]: read /opt/stack/data/neutron/dhcp/a51de624-6259-47d2-bb43-8cfe6f09867e/addn_hosts - 2 names
Oct 17 03:38:46.301544 podb-esxi207 dnsmasq-dhcp[1536027]: read /opt/stack/data/neutron/dhcp/a51de624-6259-47d2-bb43-8cfe6f09867e/host
Oct 17 03:38:46.301664 podb-esxi207 dnsmasq-dhcp[1536027]: read /opt/stack/data/neutron/dhcp/a51de624-6259-47d2-bb43-8cfe6f09867e/opts
Oct 17 03:38:48.160446 podb-esxi207 dnsmasq[1536027]: read /opt/stack/data/neutron/dhcp/a51de624-6259-47d2-bb43-8cfe6f09867e/addn_hosts - 4 names
Oct 17 03:38:48.160540 podb-esxi207 dnsmasq-dhcp[1536027]: read /opt/stack/data/neutron/dhcp/a51de624-6259-47d2-bb43-8cfe6f09867e/host
Oct 17 03:38:48.160664 podb-esxi207 dnsmasq-dhcp[1536027]: read /opt/stack/data/neutron/dhcp/a51de624-6259-47d2-bb43-8cfe6f09867e/opts
Oct 17 03:38:50.698816 podb-esxi207 dnsmasq-dhcp[1531692]: DHCPDISCOVER(tap109bbd10-2c) fa:16:3e:ae:40:6c
Oct 17 03:38:50.698850 podb-esxi207 dnsmasq-dhcp[1531692]: DHCPOFFER(tap109bbd10-2c) 10.1.0.11 fa:16:3e:ae:40:6c
Oct 17 03:38:50.710016 podb-esxi207 dnsmasq-dhcp[1531692]: DHCPREQUEST(tap109bbd10-2c) 10.1.0.11 fa:16:3e:ae:40:6c
Oct 17 03:38:50.710052 podb-esxi207 dnsmasq-dhcp[1531692]: DHCPACK(tap109bbd10-2c) 10.1.0.11 fa:16:3e:ae:40:6c host-10-1-0-11
Oct 17 03:39:05.087082 podb-esxi207 dnsmasq-dhcp[1531692]: DHCPDISCOVER(tap109bbd10-2c) fa:16:3e:cf:99:9b
Oct 17 03:39:05.087111 podb-esxi207 dnsmasq-dhcp[1531692]: DHCPOFFER(tap109bbd10-2c) 10.1.0.5 fa:16:3e:cf:99:9b
Oct 17 03:39:05.099593 podb-esxi207 dnsmasq-dhcp[1531692]: DHCPREQUEST(tap109bbd10-2c) 10.1.0.5 fa:16:3e:cf:99:9b
Oct 17 03:39:05.099623 podb-esxi207 dnsmasq-dhcp[1531692]: DHCPACK(tap109bbd10-2c) 10.1.0.5 fa:16:3e:cf:99:9b host-10-1-0-5
Oct 17 03:39:10.630718 podb-esxi207 dnsmasq-dhcp[1536027]: DHCPDISCOVER(tap90126085-1d) fa:16:3e:48:bd:e9
Oct 17 03:39:10.630747 podb-esxi207 dnsmasq-dhcp[1536027]: DHCPOFFER(tap90126085-1d) 10.1.0.6 fa:16:3e:48:bd:e9
Oct 17 03:39:10.641451 podb-esxi207 dnsmasq-dhcp[1536027]: DHCPREQUEST(tap90126085-1d) 10.1.0.6 fa:16:3e:48:bd:e9
Oct 17 03:39:10.641482 podb-esxi207 dnsmasq-dhcp[1536027]: DHCPACK(tap90126085-1d) 10.1.0.6 fa:16:3e:48:bd:e9 host-10-1-0-6
Oct 17 03:39:14.990801 podb-esxi207 dnsmasq-dhcp[1527617]: DHCPRELEASE(tapd4822a07-05) 10.1.0.6 fa:16:3e:22:b6:a7
Oct 17 03:39:15.007782 podb-esxi207 dnsmasq-dhcp[1527617]: DHCPRELEASE(tapd4822a07-05) 10.1.0.6 fa:16:3e:22:b6:a7 unknown lease
Oct 17 03:39:15.833653 podb-esxi207 dnsmasq[1527617]: read /opt/stack/data/neutron/dhcp/567aeab6-9013-4d63-af0f-c73d66e0ea41/addn_hosts - 2 names
Oct 17 03:39:15.833757 podb-esxi207 dnsmasq-dhcp[1527617]: read /opt/stack/data/neutron/dhcp/567aeab6-9013-4d63-af0f-c73d66e0ea41/host
Oct 17 03:39:15.833848 podb-esxi207 dnsmasq-dhcp[1527617]: read /opt/stack/data/neutron/dhcp/567aeab6-9013-4d63-af0f-c73d66e0ea41/opts
Oct 17 03:39:36.575422 podb-esxi207 dnsmasq[1527617]: read /opt/stack/data/neutron/dhcp/567aeab6-9013-4d63-af0f-c73d66e0ea41/addn_hosts - 0 names
Oct 17 03:39:36.575518 podb-esxi207 dnsmasq-dhcp[1527617]: read /opt/stack/data/neutron/dhcp/567aeab6-9013-4d63-af0f-c73d66e0ea41/host
Oct 17 03:39:36.575573 podb-esxi207 dnsmasq-dhcp[1527617]: read /opt/stack/data/neutron/dhcp/567aeab6-9013-4d63-af0f-c73d66e0ea41/opts
Oct 17 03:39:37.478876 podb-esxi207 dnsmasq[1527617]: exiting on receipt of SIGTERM
Oct 17 03:39:56.917127 podb-esxi207 dnsmasq-dhcp[1531692]: DHCPREQUEST(tap109bbd10-2c) 10.1.0.11 fa:16:3e:ae:40:6c
Oct 17 03:39:56.917156 podb-esxi207 dnsmasq-dhcp[1531692]: DHCPACK(tap109bbd10-2c) 10.1.0.11 fa:16:3e:ae:40:6c host-10-1-0-11
Oct 17 03:40:24.702450 podb-esxi207 dnsmasq[1537750]: started, version 2.90 cachesize 150
Oct 17 03:40:24.702473 podb-esxi207 dnsmasq[1537750]: DNS service limited to local subnets
Oct 17 03:40:24.702488 podb-esxi207 dnsmasq[1537750]: compile time options: IPv6 GNU-getopt DBus no-UBus i18n IDN2 DHCP DHCPv6 no-Lua TFTP conntrack ipset no-nftset auth cryptohash DNSSEC loop-detect inotify dumpfile
Oct 17 03:40:24.702530 podb-esxi207 dnsmasq-dhcp[1537750]: DHCP, static leases only on 10.1.0.0, lease time 1d
Oct 17 03:40:24.702675 podb-esxi207 dnsmasq[1537750]: reading /etc/resolv.conf
Oct 17 03:40:24.702690 podb-esxi207 dnsmasq[1537750]: using nameserver 127.0.0.53#53
Oct 17 03:40:24.702774 podb-esxi207 dnsmasq[1537750]: read /opt/stack/data/neutron/dhcp/cceb158c-37e3-488b-8132-38d5fdf7426f/addn_hosts - 0 names
Oct 17 03:40:24.702824 podb-esxi207 dnsmasq-dhcp[1537750]: read /opt/stack/data/neutron/dhcp/cceb158c-37e3-488b-8132-38d5fdf7426f/host
Oct 17 03:40:24.702886 podb-esxi207 dnsmasq-dhcp[1537750]: read /opt/stack/data/neutron/dhcp/cceb158c-37e3-488b-8132-38d5fdf7426f/opts
Oct 17 03:40:26.244350 podb-esxi207 dnsmasq[1537750]: read /opt/stack/data/neutron/dhcp/cceb158c-37e3-488b-8132-38d5fdf7426f/addn_hosts - 2 names
Oct 17 03:40:26.244424 podb-esxi207 dnsmasq-dhcp[1537750]: read /opt/stack/data/neutron/dhcp/cceb158c-37e3-488b-8132-38d5fdf7426f/host
Oct 17 03:40:26.244499 podb-esxi207 dnsmasq-dhcp[1537750]: read /opt/stack/data/neutron/dhcp/cceb158c-37e3-488b-8132-38d5fdf7426f/opts
Oct 17 03:40:29.026331 podb-esxi207 dnsmasq[1538196]: started, version 2.90 cachesize 150
Oct 17 03:40:29.026357 podb-esxi207 dnsmasq[1538196]: DNS service limited to local subnets
Oct 17 03:40:29.026371 podb-esxi207 dnsmasq[1538196]: compile time options: IPv6 GNU-getopt DBus no-UBus i18n IDN2 DHCP DHCPv6 no-Lua TFTP conntrack ipset no-nftset auth cryptohash DNSSEC loop-detect inotify dumpfile
Oct 17 03:40:29.026414 podb-esxi207 dnsmasq-dhcp[1538196]: DHCP, static leases only on 10.1.0.0, lease time 1d
Oct 17 03:40:29.026557 podb-esxi207 dnsmasq[1538196]: reading /etc/resolv.conf
Oct 17 03:40:29.026573 podb-esxi207 dnsmasq[1538196]: using nameserver 127.0.0.53#53
Oct 17 03:40:29.026680 podb-esxi207 dnsmasq[1538196]: read /opt/stack/data/neutron/dhcp/cc7d864b-0d25-4175-bfe9-32c07be23a94/addn_hosts - 2 names
Oct 17 03:40:29.026744 podb-esxi207 dnsmasq-dhcp[1538196]: read /opt/stack/data/neutron/dhcp/cc7d864b-0d25-4175-bfe9-32c07be23a94/host
Oct 17 03:40:29.026809 podb-esxi207 dnsmasq-dhcp[1538196]: read /opt/stack/data/neutron/dhcp/cc7d864b-0d25-4175-bfe9-32c07be23a94/opts
Oct 17 03:40:30.059585 podb-esxi207 dnsmasq[1537750]: read /opt/stack/data/neutron/dhcp/cceb158c-37e3-488b-8132-38d5fdf7426f/addn_hosts - 2 names
Oct 17 03:40:30.059683 podb-esxi207 dnsmasq-dhcp[1537750]: read /opt/stack/data/neutron/dhcp/cceb158c-37e3-488b-8132-38d5fdf7426f/host
Oct 17 03:40:30.059754 podb-esxi207 dnsmasq-dhcp[1537750]: read /opt/stack/data/neutron/dhcp/cceb158c-37e3-488b-8132-38d5fdf7426f/opts
Oct 17 03:40:31.293448 podb-esxi207 dnsmasq[1538196]: read /opt/stack/data/neutron/dhcp/cc7d864b-0d25-4175-bfe9-32c07be23a94/addn_hosts - 2 names
Oct 17 03:40:31.293535 podb-esxi207 dnsmasq-dhcp[1538196]: read /opt/stack/data/neutron/dhcp/cc7d864b-0d25-4175-bfe9-32c07be23a94/host
Oct 17 03:40:31.293651 podb-esxi207 dnsmasq-dhcp[1538196]: read /opt/stack/data/neutron/dhcp/cc7d864b-0d25-4175-bfe9-32c07be23a94/opts
Oct 17 03:40:32.522591 podb-esxi207 dnsmasq[1537750]: read /opt/stack/data/neutron/dhcp/cceb158c-37e3-488b-8132-38d5fdf7426f/addn_hosts - 2 names
Oct 17 03:40:32.522661 podb-esxi207 dnsmasq-dhcp[1537750]: read /opt/stack/data/neutron/dhcp/cceb158c-37e3-488b-8132-38d5fdf7426f/host
Oct 17 03:40:32.522730 podb-esxi207 dnsmasq-dhcp[1537750]: read /opt/stack/data/neutron/dhcp/cceb158c-37e3-488b-8132-38d5fdf7426f/opts
Oct 17 03:40:33.269388 podb-esxi207 dnsmasq[1538196]: read /opt/stack/data/neutron/dhcp/cc7d864b-0d25-4175-bfe9-32c07be23a94/addn_hosts - 2 names
Oct 17 03:40:33.269468 podb-esxi207 dnsmasq-dhcp[1538196]: read /opt/stack/data/neutron/dhcp/cc7d864b-0d25-4175-bfe9-32c07be23a94/host
Oct 17 03:40:33.269578 podb-esxi207 dnsmasq-dhcp[1538196]: read /opt/stack/data/neutron/dhcp/cc7d864b-0d25-4175-bfe9-32c07be23a94/opts
Oct 17 03:40:33.679464 podb-esxi207 dnsmasq-dhcp[1531692]: DHCPREQUEST(tap109bbd10-2c) 10.1.0.5 fa:16:3e:cf:99:9b
Oct 17 03:40:33.679496 podb-esxi207 dnsmasq-dhcp[1531692]: DHCPACK(tap109bbd10-2c) 10.1.0.5 fa:16:3e:cf:99:9b host-10-1-0-5
Oct 17 03:40:34.513198 podb-esxi207 dnsmasq[1538196]: read /opt/stack/data/neutron/dhcp/cc7d864b-0d25-4175-bfe9-32c07be23a94/addn_hosts - 2 names
Oct 17 03:40:34.513294 podb-esxi207 dnsmasq-dhcp[1538196]: read /opt/stack/data/neutron/dhcp/cc7d864b-0d25-4175-bfe9-32c07be23a94/host
Oct 17 03:40:34.513419 podb-esxi207 dnsmasq-dhcp[1538196]: read /opt/stack/data/neutron/dhcp/cc7d864b-0d25-4175-bfe9-32c07be23a94/opts
Oct 17 03:41:01.527857 podb-esxi207 dnsmasq[1537750]: read /opt/stack/data/neutron/dhcp/cceb158c-37e3-488b-8132-38d5fdf7426f/addn_hosts - 4 names
Oct 17 03:41:01.527968 podb-esxi207 dnsmasq-dhcp[1537750]: read /opt/stack/data/neutron/dhcp/cceb158c-37e3-488b-8132-38d5fdf7426f/host
Oct 17 03:41:01.528076 podb-esxi207 dnsmasq-dhcp[1537750]: read /opt/stack/data/neutron/dhcp/cceb158c-37e3-488b-8132-38d5fdf7426f/opts
Oct 17 03:41:25.723879 podb-esxi207 dnsmasq-dhcp[1536027]: DHCPRELEASE(tap90126085-1d) 10.1.0.6 fa:16:3e:48:bd:e9
Oct 17 03:41:25.738831 podb-esxi207 dnsmasq-dhcp[1536027]: DHCPRELEASE(tap90126085-1d) 10.1.0.6 fa:16:3e:48:bd:e9 unknown lease
Oct 17 03:41:26.562915 podb-esxi207 dnsmasq[1536027]: read /opt/stack/data/neutron/dhcp/a51de624-6259-47d2-bb43-8cfe6f09867e/addn_hosts - 2 names
Oct 17 03:41:26.562994 podb-esxi207 dnsmasq-dhcp[1536027]: read /opt/stack/data/neutron/dhcp/a51de624-6259-47d2-bb43-8cfe6f09867e/host
Oct 17 03:41:26.563082 podb-esxi207 dnsmasq-dhcp[1536027]: read /opt/stack/data/neutron/dhcp/a51de624-6259-47d2-bb43-8cfe6f09867e/opts
Oct 17 03:41:27.994133 podb-esxi207 dnsmasq-dhcp[1537750]: DHCPDISCOVER(tap2858225a-a3) fa:16:3e:a9:b6:22
Oct 17 03:41:27.994163 podb-esxi207 dnsmasq-dhcp[1537750]: DHCPOFFER(tap2858225a-a3) 10.1.0.6 fa:16:3e:a9:b6:22
Oct 17 03:41:28.003543 podb-esxi207 dnsmasq-dhcp[1537750]: DHCPREQUEST(tap2858225a-a3) 10.1.0.6 fa:16:3e:a9:b6:22
Oct 17 03:41:28.003567 podb-esxi207 dnsmasq-dhcp[1537750]: DHCPACK(tap2858225a-a3) 10.1.0.6 fa:16:3e:a9:b6:22 host-10-1-0-6
Oct 17 03:41:53.053145 podb-esxi207 dnsmasq[1536027]: read /opt/stack/data/neutron/dhcp/a51de624-6259-47d2-bb43-8cfe6f09867e/addn_hosts - 0 names
Oct 17 03:41:53.053228 podb-esxi207 dnsmasq-dhcp[1536027]: read /opt/stack/data/neutron/dhcp/a51de624-6259-47d2-bb43-8cfe6f09867e/host
Oct 17 03:41:53.053330 podb-esxi207 dnsmasq-dhcp[1536027]: read /opt/stack/data/neutron/dhcp/a51de624-6259-47d2-bb43-8cfe6f09867e/opts
Oct 17 03:41:54.031316 podb-esxi207 dnsmasq[1536027]: exiting on receipt of SIGTERM
Oct 17 03:41:58.349060 podb-esxi207 dnsmasq[1540046]: started, version 2.90 cachesize 150
Oct 17 03:41:58.349087 podb-esxi207 dnsmasq[1540046]: DNS service limited to local subnets
Oct 17 03:41:58.349102 podb-esxi207 dnsmasq[1540046]: compile time options: IPv6 GNU-getopt DBus no-UBus i18n IDN2 DHCP DHCPv6 no-Lua TFTP conntrack ipset no-nftset auth cryptohash DNSSEC loop-detect inotify dumpfile
Oct 17 03:41:58.349144 podb-esxi207 dnsmasq-dhcp[1540046]: DHCP, static leases only on 10.1.0.0, lease time 1d
Oct 17 03:41:58.349303 podb-esxi207 dnsmasq[1540046]: reading /etc/resolv.conf
Oct 17 03:41:58.349320 podb-esxi207 dnsmasq[1540046]: using nameserver 127.0.0.53#53
Oct 17 03:41:58.349410 podb-esxi207 dnsmasq[1540046]: read /opt/stack/data/neutron/dhcp/276b0d53-f2c6-4ef2-9bc4-70d26c27f61d/addn_hosts - 0 names
Oct 17 03:41:58.349461 podb-esxi207 dnsmasq-dhcp[1540046]: read /opt/stack/data/neutron/dhcp/276b0d53-f2c6-4ef2-9bc4-70d26c27f61d/host
Oct 17 03:41:58.349527 podb-esxi207 dnsmasq-dhcp[1540046]: read /opt/stack/data/neutron/dhcp/276b0d53-f2c6-4ef2-9bc4-70d26c27f61d/opts
Oct 17 03:41:59.894028 podb-esxi207 dnsmasq[1540046]: read /opt/stack/data/neutron/dhcp/276b0d53-f2c6-4ef2-9bc4-70d26c27f61d/addn_hosts - 2 names
Oct 17 03:41:59.894104 podb-esxi207 dnsmasq-dhcp[1540046]: read /opt/stack/data/neutron/dhcp/276b0d53-f2c6-4ef2-9bc4-70d26c27f61d/host
Oct 17 03:41:59.894186 podb-esxi207 dnsmasq-dhcp[1540046]: read /opt/stack/data/neutron/dhcp/276b0d53-f2c6-4ef2-9bc4-70d26c27f61d/opts
Oct 17 03:42:01.132876 podb-esxi207 dnsmasq[1540046]: read /opt/stack/data/neutron/dhcp/276b0d53-f2c6-4ef2-9bc4-70d26c27f61d/addn_hosts - 2 names
Oct 17 03:42:01.132957 podb-esxi207 dnsmasq-dhcp[1540046]: read /opt/stack/data/neutron/dhcp/276b0d53-f2c6-4ef2-9bc4-70d26c27f61d/host
Oct 17 03:42:01.133033 podb-esxi207 dnsmasq-dhcp[1540046]: read /opt/stack/data/neutron/dhcp/276b0d53-f2c6-4ef2-9bc4-70d26c27f61d/opts
Oct 17 03:42:02.358356 podb-esxi207 dnsmasq[1540046]: read /opt/stack/data/neutron/dhcp/276b0d53-f2c6-4ef2-9bc4-70d26c27f61d/addn_hosts - 2 names
Oct 17 03:42:02.358490 podb-esxi207 dnsmasq-dhcp[1540046]: read /opt/stack/data/neutron/dhcp/276b0d53-f2c6-4ef2-9bc4-70d26c27f61d/host
Oct 17 03:42:02.358669 podb-esxi207 dnsmasq-dhcp[1540046]: read /opt/stack/data/neutron/dhcp/276b0d53-f2c6-4ef2-9bc4-70d26c27f61d/opts
Oct 17 03:42:05.391898 podb-esxi207 dnsmasq[1540046]: read /opt/stack/data/neutron/dhcp/276b0d53-f2c6-4ef2-9bc4-70d26c27f61d/addn_hosts - 4 names
Oct 17 03:42:05.392084 podb-esxi207 dnsmasq-dhcp[1540046]: read /opt/stack/data/neutron/dhcp/276b0d53-f2c6-4ef2-9bc4-70d26c27f61d/host
Oct 17 03:42:05.392249 podb-esxi207 dnsmasq-dhcp[1540046]: read /opt/stack/data/neutron/dhcp/276b0d53-f2c6-4ef2-9bc4-70d26c27f61d/opts
Oct 17 03:42:12.709482 podb-esxi207 dnsmasq-dhcp[1531692]: DHCPRELEASE(tap109bbd10-2c) 10.1.0.5 fa:16:3e:cf:99:9b
Oct 17 03:42:12.724194 podb-esxi207 dnsmasq-dhcp[1531692]: DHCPRELEASE(tap109bbd10-2c) 10.1.0.5 fa:16:3e:cf:99:9b unknown lease
Oct 17 03:42:13.551546 podb-esxi207 dnsmasq[1531692]: read /opt/stack/data/neutron/dhcp/05049ff7-239d-4682-9a78-db894f967e2a/addn_hosts - 10 names
Oct 17 03:42:13.551703 podb-esxi207 dnsmasq-dhcp[1531692]: read /opt/stack/data/neutron/dhcp/05049ff7-239d-4682-9a78-db894f967e2a/host
Oct 17 03:42:13.551823 podb-esxi207 dnsmasq-dhcp[1531692]: read /opt/stack/data/neutron/dhcp/05049ff7-239d-4682-9a78-db894f967e2a/opts
Oct 17 03:42:19.507896 podb-esxi207 dnsmasq-dhcp[1531692]: DHCPRELEASE(tap109bbd10-2c) 10.1.0.11 fa:16:3e:ae:40:6c
Oct 17 03:42:19.524523 podb-esxi207 dnsmasq-dhcp[1531692]: DHCPRELEASE(tap109bbd10-2c) 10.1.0.11 fa:16:3e:ae:40:6c unknown lease
Oct 17 03:42:20.349582 podb-esxi207 dnsmasq[1531692]: read /opt/stack/data/neutron/dhcp/05049ff7-239d-4682-9a78-db894f967e2a/addn_hosts - 8 names
Oct 17 03:42:20.349686 podb-esxi207 dnsmasq-dhcp[1531692]: read /opt/stack/data/neutron/dhcp/05049ff7-239d-4682-9a78-db894f967e2a/host
Oct 17 03:42:20.349758 podb-esxi207 dnsmasq-dhcp[1531692]: read /opt/stack/data/neutron/dhcp/05049ff7-239d-4682-9a78-db894f967e2a/opts
Oct 17 03:42:29.312840 podb-esxi207 dnsmasq-dhcp[1540046]: DHCPDISCOVER(tap397bd81d-8c) fa:16:3e:ba:64:a6
Oct 17 03:42:29.312870 podb-esxi207 dnsmasq-dhcp[1540046]: DHCPOFFER(tap397bd81d-8c) 10.1.0.9 fa:16:3e:ba:64:a6
Oct 17 03:42:29.324202 podb-esxi207 dnsmasq-dhcp[1540046]: DHCPREQUEST(tap397bd81d-8c) 10.1.0.9 fa:16:3e:ba:64:a6
Oct 17 03:42:29.324233 podb-esxi207 dnsmasq-dhcp[1540046]: DHCPACK(tap397bd81d-8c) 10.1.0.9 fa:16:3e:ba:64:a6 host-10-1-0-9
Oct 17 03:42:31.024984 podb-esxi207 dnsmasq-dhcp[1531692]: DHCPRELEASE(tap109bbd10-2c) 10.1.0.6 fa:16:3e:2e:f8:b5
Oct 17 03:42:31.042163 podb-esxi207 dnsmasq-dhcp[1531692]: DHCPRELEASE(tap109bbd10-2c) 10.1.0.6 fa:16:3e:2e:f8:b5 unknown lease
Oct 17 03:42:31.867315 podb-esxi207 dnsmasq[1531692]: read /opt/stack/data/neutron/dhcp/05049ff7-239d-4682-9a78-db894f967e2a/addn_hosts - 6 names
Oct 17 03:42:31.867441 podb-esxi207 dnsmasq-dhcp[1531692]: read /opt/stack/data/neutron/dhcp/05049ff7-239d-4682-9a78-db894f967e2a/host
Oct 17 03:42:31.867562 podb-esxi207 dnsmasq-dhcp[1531692]: read /opt/stack/data/neutron/dhcp/05049ff7-239d-4682-9a78-db894f967e2a/opts
Oct 17 03:42:38.346185 podb-esxi207 dnsmasq-dhcp[1531692]: DHCPRELEASE(tap109bbd10-2c) 10.1.0.9 fa:16:3e:d3:22:44
Oct 17 03:42:38.361569 podb-esxi207 dnsmasq-dhcp[1531692]: DHCPRELEASE(tap109bbd10-2c) 10.1.0.9 fa:16:3e:d3:22:44 unknown lease
Oct 17 03:42:39.187658 podb-esxi207 dnsmasq[1531692]: read /opt/stack/data/neutron/dhcp/05049ff7-239d-4682-9a78-db894f967e2a/addn_hosts - 4 names
Oct 17 03:42:39.187781 podb-esxi207 dnsmasq-dhcp[1531692]: read /opt/stack/data/neutron/dhcp/05049ff7-239d-4682-9a78-db894f967e2a/host
Oct 17 03:42:39.187895 podb-esxi207 dnsmasq-dhcp[1531692]: read /opt/stack/data/neutron/dhcp/05049ff7-239d-4682-9a78-db894f967e2a/opts
Oct 17 03:42:46.404520 podb-esxi207 dnsmasq-dhcp[1531692]: DHCPRELEASE(tap109bbd10-2c) 10.1.0.4 fa:16:3e:1e:31:70
Oct 17 03:42:46.420692 podb-esxi207 dnsmasq-dhcp[1531692]: DHCPRELEASE(tap109bbd10-2c) 10.1.0.4 fa:16:3e:1e:31:70 unknown lease
Oct 17 03:42:47.250233 podb-esxi207 dnsmasq[1531692]: read /opt/stack/data/neutron/dhcp/05049ff7-239d-4682-9a78-db894f967e2a/addn_hosts - 2 names
Oct 17 03:42:47.250319 podb-esxi207 dnsmasq-dhcp[1531692]: read /opt/stack/data/neutron/dhcp/05049ff7-239d-4682-9a78-db894f967e2a/host
Oct 17 03:42:47.250390 podb-esxi207 dnsmasq-dhcp[1531692]: read /opt/stack/data/neutron/dhcp/05049ff7-239d-4682-9a78-db894f967e2a/opts
Oct 17 03:43:04.555993 podb-esxi207 dnsmasq[1531692]: read /opt/stack/data/neutron/dhcp/05049ff7-239d-4682-9a78-db894f967e2a/addn_hosts - 0 names
Oct 17 03:43:04.556090 podb-esxi207 dnsmasq-dhcp[1531692]: read /opt/stack/data/neutron/dhcp/05049ff7-239d-4682-9a78-db894f967e2a/host
Oct 17 03:43:04.556182 podb-esxi207 dnsmasq-dhcp[1531692]: read /opt/stack/data/neutron/dhcp/05049ff7-239d-4682-9a78-db894f967e2a/opts
Oct 17 03:43:05.491551 podb-esxi207 dnsmasq[1531692]: exiting on receipt of SIGTERM
Oct 17 03:43:33.999682 podb-esxi207 dnsmasq-dhcp[1537750]: DHCPRELEASE(tap2858225a-a3) 10.1.0.6 fa:16:3e:a9:b6:22
Oct 17 03:43:34.014956 podb-esxi207 dnsmasq-dhcp[1537750]: DHCPRELEASE(tap2858225a-a3) 10.1.0.6 fa:16:3e:a9:b6:22 unknown lease
Oct 17 03:43:34.841226 podb-esxi207 dnsmasq[1537750]: read /opt/stack/data/neutron/dhcp/cceb158c-37e3-488b-8132-38d5fdf7426f/addn_hosts - 2 names
Oct 17 03:43:34.841333 podb-esxi207 dnsmasq-dhcp[1537750]: read /opt/stack/data/neutron/dhcp/cceb158c-37e3-488b-8132-38d5fdf7426f/host
Oct 17 03:43:34.841445 podb-esxi207 dnsmasq-dhcp[1537750]: read /opt/stack/data/neutron/dhcp/cceb158c-37e3-488b-8132-38d5fdf7426f/opts
Oct 17 03:43:58.927529 podb-esxi207 dnsmasq-dhcp[1540046]: DHCPREQUEST(tap397bd81d-8c) 10.1.0.9 fa:16:3e:ba:64:a6
Oct 17 03:43:58.927542 podb-esxi207 dnsmasq-dhcp[1540046]: DHCPACK(tap397bd81d-8c) 10.1.0.9 fa:16:3e:ba:64:a6 host-10-1-0-9
Oct 17 03:44:08.184666 podb-esxi207 dnsmasq[1537750]: read /opt/stack/data/neutron/dhcp/cceb158c-37e3-488b-8132-38d5fdf7426f/addn_hosts - 0 names
Oct 17 03:44:08.184747 podb-esxi207 dnsmasq-dhcp[1537750]: read /opt/stack/data/neutron/dhcp/cceb158c-37e3-488b-8132-38d5fdf7426f/host
Oct 17 03:44:08.184803 podb-esxi207 dnsmasq-dhcp[1537750]: read /opt/stack/data/neutron/dhcp/cceb158c-37e3-488b-8132-38d5fdf7426f/opts
Oct 17 03:44:09.239374 podb-esxi207 dnsmasq[1537750]: exiting on receipt of SIGTERM
Oct 17 03:44:09.847087 podb-esxi207 dnsmasq-dhcp[1538196]: DHCPRELEASE(tap3dccc74a-be) 10.1.0.1 fa:16:3e:ac:00:ac
Oct 17 03:44:10.672397 podb-esxi207 dnsmasq[1538196]: read /opt/stack/data/neutron/dhcp/cc7d864b-0d25-4175-bfe9-32c07be23a94/addn_hosts - 0 names
Oct 17 03:44:10.672474 podb-esxi207 dnsmasq-dhcp[1538196]: read /opt/stack/data/neutron/dhcp/cc7d864b-0d25-4175-bfe9-32c07be23a94/host
Oct 17 03:44:10.672556 podb-esxi207 dnsmasq-dhcp[1538196]: read /opt/stack/data/neutron/dhcp/cc7d864b-0d25-4175-bfe9-32c07be23a94/opts
Oct 17 03:44:11.436103 podb-esxi207 dnsmasq[1538196]: exiting on receipt of SIGTERM
Oct 17 03:44:15.965191 podb-esxi207 dnsmasq[1542308]: started, version 2.90 cachesize 150
Oct 17 03:44:15.965215 podb-esxi207 dnsmasq[1542308]: DNS service limited to local subnets
Oct 17 03:44:15.965230 podb-esxi207 dnsmasq[1542308]: compile time options: IPv6 GNU-getopt DBus no-UBus i18n IDN2 DHCP DHCPv6 no-Lua TFTP conntrack ipset no-nftset auth cryptohash DNSSEC loop-detect inotify dumpfile
Oct 17 03:44:15.965271 podb-esxi207 dnsmasq-dhcp[1542308]: DHCP, static leases only on 10.1.0.0, lease time 1d
Oct 17 03:44:15.965428 podb-esxi207 dnsmasq[1542308]: reading /etc/resolv.conf
Oct 17 03:44:15.965445 podb-esxi207 dnsmasq[1542308]: using nameserver 127.0.0.53#53
Oct 17 03:44:15.965532 podb-esxi207 dnsmasq[1542308]: read /opt/stack/data/neutron/dhcp/5221b3c4-43c4-4aca-aaf3-6755ee8037b7/addn_hosts - 0 names
Oct 17 03:44:15.965586 podb-esxi207 dnsmasq-dhcp[1542308]: read /opt/stack/data/neutron/dhcp/5221b3c4-43c4-4aca-aaf3-6755ee8037b7/host
Oct 17 03:44:15.965645 podb-esxi207 dnsmasq-dhcp[1542308]: read /opt/stack/data/neutron/dhcp/5221b3c4-43c4-4aca-aaf3-6755ee8037b7/opts
Oct 17 03:44:18.012710 podb-esxi207 dnsmasq[1542308]: read /opt/stack/data/neutron/dhcp/5221b3c4-43c4-4aca-aaf3-6755ee8037b7/addn_hosts - 2 names
Oct 17 03:44:18.012797 podb-esxi207 dnsmasq-dhcp[1542308]: read /opt/stack/data/neutron/dhcp/5221b3c4-43c4-4aca-aaf3-6755ee8037b7/host
Oct 17 03:44:18.012867 podb-esxi207 dnsmasq-dhcp[1542308]: read /opt/stack/data/neutron/dhcp/5221b3c4-43c4-4aca-aaf3-6755ee8037b7/opts
Oct 17 03:44:20.933743 podb-esxi207 dnsmasq[1542641]: started, version 2.90 cachesize 150
Oct 17 03:44:20.933768 podb-esxi207 dnsmasq[1542641]: DNS service limited to local subnets
Oct 17 03:44:20.933783 podb-esxi207 dnsmasq[1542641]: compile time options: IPv6 GNU-getopt DBus no-UBus i18n IDN2 DHCP DHCPv6 no-Lua TFTP conntrack ipset no-nftset auth cryptohash DNSSEC loop-detect inotify dumpfile
Oct 17 03:44:20.933821 podb-esxi207 dnsmasq-dhcp[1542641]: DHCP, static leases only on 10.1.0.0, lease time 1d
Oct 17 03:44:20.933974 podb-esxi207 dnsmasq[1542641]: reading /etc/resolv.conf
Oct 17 03:44:20.933992 podb-esxi207 dnsmasq[1542641]: using nameserver 127.0.0.53#53
Oct 17 03:44:20.934105 podb-esxi207 dnsmasq[1542641]: read /opt/stack/data/neutron/dhcp/340f6ed4-116a-4039-91f7-2476a4589334/addn_hosts - 2 names
Oct 17 03:44:20.934487 podb-esxi207 dnsmasq-dhcp[1542641]: read /opt/stack/data/neutron/dhcp/340f6ed4-116a-4039-91f7-2476a4589334/host
Oct 17 03:44:20.934555 podb-esxi207 dnsmasq-dhcp[1542641]: read /opt/stack/data/neutron/dhcp/340f6ed4-116a-4039-91f7-2476a4589334/opts
Oct 17 03:44:21.979357 podb-esxi207 dnsmasq[1542308]: read /opt/stack/data/neutron/dhcp/5221b3c4-43c4-4aca-aaf3-6755ee8037b7/addn_hosts - 2 names
Oct 17 03:44:21.979492 podb-esxi207 dnsmasq-dhcp[1542308]: read /opt/stack/data/neutron/dhcp/5221b3c4-43c4-4aca-aaf3-6755ee8037b7/host
Oct 17 03:44:21.979608 podb-esxi207 dnsmasq-dhcp[1542308]: read /opt/stack/data/neutron/dhcp/5221b3c4-43c4-4aca-aaf3-6755ee8037b7/opts
Oct 17 03:44:23.231628 podb-esxi207 dnsmasq[1542641]: read /opt/stack/data/neutron/dhcp/340f6ed4-116a-4039-91f7-2476a4589334/addn_hosts - 2 names
Oct 17 03:44:23.231738 podb-esxi207 dnsmasq-dhcp[1542641]: read /opt/stack/data/neutron/dhcp/340f6ed4-116a-4039-91f7-2476a4589334/host
Oct 17 03:44:23.231845 podb-esxi207 dnsmasq-dhcp[1542641]: read /opt/stack/data/neutron/dhcp/340f6ed4-116a-4039-91f7-2476a4589334/opts
Oct 17 03:44:24.490889 podb-esxi207 dnsmasq[1542308]: read /opt/stack/data/neutron/dhcp/5221b3c4-43c4-4aca-aaf3-6755ee8037b7/addn_hosts - 2 names
Oct 17 03:44:24.490979 podb-esxi207 dnsmasq-dhcp[1542308]: read /opt/stack/data/neutron/dhcp/5221b3c4-43c4-4aca-aaf3-6755ee8037b7/host
Oct 17 03:44:24.491093 podb-esxi207 dnsmasq-dhcp[1542308]: read /opt/stack/data/neutron/dhcp/5221b3c4-43c4-4aca-aaf3-6755ee8037b7/opts
Oct 17 03:44:25.240205 podb-esxi207 dnsmasq[1542641]: read /opt/stack/data/neutron/dhcp/340f6ed4-116a-4039-91f7-2476a4589334/addn_hosts - 2 names
Oct 17 03:44:25.240321 podb-esxi207 dnsmasq-dhcp[1542641]: read /opt/stack/data/neutron/dhcp/340f6ed4-116a-4039-91f7-2476a4589334/host
Oct 17 03:44:25.240430 podb-esxi207 dnsmasq-dhcp[1542641]: read /opt/stack/data/neutron/dhcp/340f6ed4-116a-4039-91f7-2476a4589334/opts
Oct 17 03:44:26.505980 podb-esxi207 dnsmasq[1542308]: read /opt/stack/data/neutron/dhcp/5221b3c4-43c4-4aca-aaf3-6755ee8037b7/addn_hosts - 4 names
Oct 17 03:44:26.506081 podb-esxi207 dnsmasq-dhcp[1542308]: read /opt/stack/data/neutron/dhcp/5221b3c4-43c4-4aca-aaf3-6755ee8037b7/host
Oct 17 03:44:26.506153 podb-esxi207 dnsmasq-dhcp[1542308]: read /opt/stack/data/neutron/dhcp/5221b3c4-43c4-4aca-aaf3-6755ee8037b7/opts
Oct 17 03:44:27.257738 podb-esxi207 dnsmasq[1542641]: read /opt/stack/data/neutron/dhcp/340f6ed4-116a-4039-91f7-2476a4589334/addn_hosts - 2 names
Oct 17 03:44:27.257848 podb-esxi207 dnsmasq-dhcp[1542641]: read /opt/stack/data/neutron/dhcp/340f6ed4-116a-4039-91f7-2476a4589334/host
Oct 17 03:44:27.257955 podb-esxi207 dnsmasq-dhcp[1542641]: read /opt/stack/data/neutron/dhcp/340f6ed4-116a-4039-91f7-2476a4589334/opts
Oct 17 03:44:49.097552 podb-esxi207 dnsmasq-dhcp[1542308]: DHCPDISCOVER(tapcfdeb44f-46) fa:16:3e:57:8b:85
Oct 17 03:44:49.097585 podb-esxi207 dnsmasq-dhcp[1542308]: DHCPOFFER(tapcfdeb44f-46) 10.1.0.4 fa:16:3e:57:8b:85
Oct 17 03:44:49.109326 podb-esxi207 dnsmasq-dhcp[1542308]: DHCPREQUEST(tapcfdeb44f-46) 10.1.0.4 fa:16:3e:57:8b:85
Oct 17 03:44:49.109364 podb-esxi207 dnsmasq-dhcp[1542308]: DHCPACK(tapcfdeb44f-46) 10.1.0.4 fa:16:3e:57:8b:85 host-10-1-0-4
Oct 17 03:45:10.571838 podb-esxi207 dnsmasq-dhcp[1540046]: DHCPRELEASE(tap397bd81d-8c) 10.1.0.9 fa:16:3e:ba:64:a6
Oct 17 03:45:10.587955 podb-esxi207 dnsmasq-dhcp[1540046]: DHCPRELEASE(tap397bd81d-8c) 10.1.0.9 fa:16:3e:ba:64:a6 unknown lease
Oct 17 03:45:11.415061 podb-esxi207 dnsmasq[1540046]: read /opt/stack/data/neutron/dhcp/276b0d53-f2c6-4ef2-9bc4-70d26c27f61d/addn_hosts - 2 names
Oct 17 03:45:11.415196 podb-esxi207 dnsmasq-dhcp[1540046]: read /opt/stack/data/neutron/dhcp/276b0d53-f2c6-4ef2-9bc4-70d26c27f61d/host
Oct 17 03:45:11.415304 podb-esxi207 dnsmasq-dhcp[1540046]: read /opt/stack/data/neutron/dhcp/276b0d53-f2c6-4ef2-9bc4-70d26c27f61d/opts
Oct 17 03:45:32.296735 podb-esxi207 dnsmasq[1540046]: read /opt/stack/data/neutron/dhcp/276b0d53-f2c6-4ef2-9bc4-70d26c27f61d/addn_hosts - 0 names
Oct 17 03:45:32.296821 podb-esxi207 dnsmasq-dhcp[1540046]: read /opt/stack/data/neutron/dhcp/276b0d53-f2c6-4ef2-9bc4-70d26c27f61d/host
Oct 17 03:45:32.296876 podb-esxi207 dnsmasq-dhcp[1540046]: read /opt/stack/data/neutron/dhcp/276b0d53-f2c6-4ef2-9bc4-70d26c27f61d/opts
Oct 17 03:45:33.151170 podb-esxi207 dnsmasq[1540046]: exiting on receipt of SIGTERM
Oct 17 03:45:37.717933 podb-esxi207 dnsmasq[1543868]: started, version 2.90 cachesize 150
Oct 17 03:45:37.717962 podb-esxi207 dnsmasq[1543868]: DNS service limited to local subnets
Oct 17 03:45:37.717978 podb-esxi207 dnsmasq[1543868]: compile time options: IPv6 GNU-getopt DBus no-UBus i18n IDN2 DHCP DHCPv6 no-Lua TFTP conntrack ipset no-nftset auth cryptohash DNSSEC loop-detect inotify dumpfile
Oct 17 03:45:37.718014 podb-esxi207 dnsmasq-dhcp[1543868]: DHCP, static leases only on 10.1.0.0, lease time 1d
Oct 17 03:45:37.718167 podb-esxi207 dnsmasq[1543868]: reading /etc/resolv.conf
Oct 17 03:45:37.718183 podb-esxi207 dnsmasq[1543868]: using nameserver 127.0.0.53#53
Oct 17 03:45:37.718275 podb-esxi207 dnsmasq[1543868]: read /opt/stack/data/neutron/dhcp/883bd491-4271-4439-96ee-83a92703544b/addn_hosts - 0 names
Oct 17 03:45:37.718330 podb-esxi207 dnsmasq-dhcp[1543868]: read /opt/stack/data/neutron/dhcp/883bd491-4271-4439-96ee-83a92703544b/host
Oct 17 03:45:37.718389 podb-esxi207 dnsmasq-dhcp[1543868]: read /opt/stack/data/neutron/dhcp/883bd491-4271-4439-96ee-83a92703544b/opts
Oct 17 03:45:39.266311 podb-esxi207 dnsmasq[1543868]: read /opt/stack/data/neutron/dhcp/883bd491-4271-4439-96ee-83a92703544b/addn_hosts - 2 names
Oct 17 03:45:39.266413 podb-esxi207 dnsmasq-dhcp[1543868]: read /opt/stack/data/neutron/dhcp/883bd491-4271-4439-96ee-83a92703544b/host
Oct 17 03:45:39.266500 podb-esxi207 dnsmasq-dhcp[1543868]: read /opt/stack/data/neutron/dhcp/883bd491-4271-4439-96ee-83a92703544b/opts
Oct 17 03:45:40.529199 podb-esxi207 dnsmasq[1543868]: read /opt/stack/data/neutron/dhcp/883bd491-4271-4439-96ee-83a92703544b/addn_hosts - 2 names
Oct 17 03:45:40.529284 podb-esxi207 dnsmasq-dhcp[1543868]: read /opt/stack/data/neutron/dhcp/883bd491-4271-4439-96ee-83a92703544b/host
Oct 17 03:45:40.529354 podb-esxi207 dnsmasq-dhcp[1543868]: read /opt/stack/data/neutron/dhcp/883bd491-4271-4439-96ee-83a92703544b/opts
Oct 17 03:45:41.803613 podb-esxi207 dnsmasq[1543868]: read /opt/stack/data/neutron/dhcp/883bd491-4271-4439-96ee-83a92703544b/addn_hosts - 2 names
Oct 17 03:45:41.803700 podb-esxi207 dnsmasq-dhcp[1543868]: read /opt/stack/data/neutron/dhcp/883bd491-4271-4439-96ee-83a92703544b/host
Oct 17 03:45:41.803817 podb-esxi207 dnsmasq-dhcp[1543868]: read /opt/stack/data/neutron/dhcp/883bd491-4271-4439-96ee-83a92703544b/opts
Oct 17 03:45:44.385294 podb-esxi207 dnsmasq[1543868]: read /opt/stack/data/neutron/dhcp/883bd491-4271-4439-96ee-83a92703544b/addn_hosts - 4 names
Oct 17 03:45:44.385414 podb-esxi207 dnsmasq-dhcp[1543868]: read /opt/stack/data/neutron/dhcp/883bd491-4271-4439-96ee-83a92703544b/host
Oct 17 03:45:44.385520 podb-esxi207 dnsmasq-dhcp[1543868]: read /opt/stack/data/neutron/dhcp/883bd491-4271-4439-96ee-83a92703544b/opts
Oct 17 03:46:07.283126 podb-esxi207 dnsmasq-dhcp[1543868]: DHCPDISCOVER(tap662ebc33-d5) fa:16:3e:17:51:10
Oct 17 03:46:07.283154 podb-esxi207 dnsmasq-dhcp[1543868]: DHCPOFFER(tap662ebc33-d5) 10.1.0.10 fa:16:3e:17:51:10
Oct 17 03:46:07.294260 podb-esxi207 dnsmasq-dhcp[1543868]: DHCPREQUEST(tap662ebc33-d5) 10.1.0.10 fa:16:3e:17:51:10
Oct 17 03:46:07.294290 podb-esxi207 dnsmasq-dhcp[1543868]: DHCPACK(tap662ebc33-d5) 10.1.0.10 fa:16:3e:17:51:10 host-10-1-0-10
Oct 17 03:46:50.719333 podb-esxi207 dnsmasq-dhcp[1542308]: DHCPRELEASE(tapcfdeb44f-46) 10.1.0.4 fa:16:3e:57:8b:85
Oct 17 03:46:50.737105 podb-esxi207 dnsmasq-dhcp[1542308]: DHCPRELEASE(tapcfdeb44f-46) 10.1.0.4 fa:16:3e:57:8b:85 unknown lease
Oct 17 03:46:51.563471 podb-esxi207 dnsmasq[1542308]: read /opt/stack/data/neutron/dhcp/5221b3c4-43c4-4aca-aaf3-6755ee8037b7/addn_hosts - 2 names
Oct 17 03:46:51.563565 podb-esxi207 dnsmasq-dhcp[1542308]: read /opt/stack/data/neutron/dhcp/5221b3c4-43c4-4aca-aaf3-6755ee8037b7/host
Oct 17 03:46:51.563656 podb-esxi207 dnsmasq-dhcp[1542308]: read /opt/stack/data/neutron/dhcp/5221b3c4-43c4-4aca-aaf3-6755ee8037b7/opts
Oct 17 03:46:56.406522 podb-esxi207 dnsmasq[1542308]: read /opt/stack/data/neutron/dhcp/5221b3c4-43c4-4aca-aaf3-6755ee8037b7/addn_hosts - 0 names
Oct 17 03:46:56.406953 podb-esxi207 dnsmasq-dhcp[1542308]: read /opt/stack/data/neutron/dhcp/5221b3c4-43c4-4aca-aaf3-6755ee8037b7/host
Oct 17 03:46:56.407012 podb-esxi207 dnsmasq-dhcp[1542308]: read /opt/stack/data/neutron/dhcp/5221b3c4-43c4-4aca-aaf3-6755ee8037b7/opts
Oct 17 03:46:57.331012 podb-esxi207 dnsmasq[1542308]: exiting on receipt of SIGTERM
Oct 17 03:46:57.962766 podb-esxi207 dnsmasq-dhcp[1542641]: DHCPRELEASE(tap875c7a43-ab) 10.1.0.1 fa:16:3e:7d:e8:d4
Oct 17 03:46:58.787228 podb-esxi207 dnsmasq[1542641]: read /opt/stack/data/neutron/dhcp/340f6ed4-116a-4039-91f7-2476a4589334/addn_hosts - 0 names
Oct 17 03:46:58.787309 podb-esxi207 dnsmasq-dhcp[1542641]: read /opt/stack/data/neutron/dhcp/340f6ed4-116a-4039-91f7-2476a4589334/host
Oct 17 03:46:58.787400 podb-esxi207 dnsmasq-dhcp[1542641]: read /opt/stack/data/neutron/dhcp/340f6ed4-116a-4039-91f7-2476a4589334/opts
Oct 17 03:46:59.550151 podb-esxi207 dnsmasq[1542641]: exiting on receipt of SIGTERM
Oct 17 03:47:04.718904 podb-esxi207 dnsmasq[1544942]: started, version 2.90 cachesize 150
Oct 17 03:47:04.718936 podb-esxi207 dnsmasq[1544942]: DNS service limited to local subnets
Oct 17 03:47:04.718952 podb-esxi207 dnsmasq[1544942]: compile time options: IPv6 GNU-getopt DBus no-UBus i18n IDN2 DHCP DHCPv6 no-Lua TFTP conntrack ipset no-nftset auth cryptohash DNSSEC loop-detect inotify dumpfile
Oct 17 03:47:04.719001 podb-esxi207 dnsmasq-dhcp[1544942]: DHCP, static leases only on 10.1.0.0, lease time 1d
Oct 17 03:47:04.719159 podb-esxi207 dnsmasq[1544942]: reading /etc/resolv.conf
Oct 17 03:47:04.719176 podb-esxi207 dnsmasq[1544942]: using nameserver 127.0.0.53#53
Oct 17 03:47:04.719266 podb-esxi207 dnsmasq[1544942]: read /opt/stack/data/neutron/dhcp/b4cc6599-76e4-482d-8632-d504dbf36d64/addn_hosts - 0 names
Oct 17 03:47:04.719319 podb-esxi207 dnsmasq-dhcp[1544942]: read /opt/stack/data/neutron/dhcp/b4cc6599-76e4-482d-8632-d504dbf36d64/host
Oct 17 03:47:04.719381 podb-esxi207 dnsmasq-dhcp[1544942]: read /opt/stack/data/neutron/dhcp/b4cc6599-76e4-482d-8632-d504dbf36d64/opts
Oct 17 03:47:06.267488 podb-esxi207 dnsmasq[1544942]: read /opt/stack/data/neutron/dhcp/b4cc6599-76e4-482d-8632-d504dbf36d64/addn_hosts - 2 names
Oct 17 03:47:06.267582 podb-esxi207 dnsmasq-dhcp[1544942]: read /opt/stack/data/neutron/dhcp/b4cc6599-76e4-482d-8632-d504dbf36d64/host
Oct 17 03:47:06.267673 podb-esxi207 dnsmasq-dhcp[1544942]: read /opt/stack/data/neutron/dhcp/b4cc6599-76e4-482d-8632-d504dbf36d64/opts
Oct 17 03:47:09.210957 podb-esxi207 dnsmasq[1545293]: started, version 2.90 cachesize 150
Oct 17 03:47:09.210981 podb-esxi207 dnsmasq[1545293]: DNS service limited to local subnets
Oct 17 03:47:09.210996 podb-esxi207 dnsmasq[1545293]: compile time options: IPv6 GNU-getopt DBus no-UBus i18n IDN2 DHCP DHCPv6 no-Lua TFTP conntrack ipset no-nftset auth cryptohash DNSSEC loop-detect inotify dumpfile
Oct 17 03:47:09.211043 podb-esxi207 dnsmasq-dhcp[1545293]: DHCP, static leases only on 10.1.0.0, lease time 1d
Oct 17 03:47:09.211194 podb-esxi207 dnsmasq[1545293]: reading /etc/resolv.conf
Oct 17 03:47:09.211210 podb-esxi207 dnsmasq[1545293]: using nameserver 127.0.0.53#53
Oct 17 03:47:09.211327 podb-esxi207 dnsmasq[1545293]: read /opt/stack/data/neutron/dhcp/96b54ac1-f035-43c1-9645-0695edd49ebf/addn_hosts - 2 names
Oct 17 03:47:09.211383 podb-esxi207 dnsmasq-dhcp[1545293]: read /opt/stack/data/neutron/dhcp/96b54ac1-f035-43c1-9645-0695edd49ebf/host
Oct 17 03:47:09.211450 podb-esxi207 dnsmasq-dhcp[1545293]: read /opt/stack/data/neutron/dhcp/96b54ac1-f035-43c1-9645-0695edd49ebf/opts
Oct 17 03:47:10.253091 podb-esxi207 dnsmasq[1544942]: read /opt/stack/data/neutron/dhcp/b4cc6599-76e4-482d-8632-d504dbf36d64/addn_hosts - 2 names
Oct 17 03:47:10.253178 podb-esxi207 dnsmasq-dhcp[1544942]: read /opt/stack/data/neutron/dhcp/b4cc6599-76e4-482d-8632-d504dbf36d64/host
Oct 17 03:47:10.253254 podb-esxi207 dnsmasq-dhcp[1544942]: read /opt/stack/data/neutron/dhcp/b4cc6599-76e4-482d-8632-d504dbf36d64/opts
Oct 17 03:47:11.559738 podb-esxi207 dnsmasq[1545293]: read /opt/stack/data/neutron/dhcp/96b54ac1-f035-43c1-9645-0695edd49ebf/addn_hosts - 2 names
Oct 17 03:47:11.559830 podb-esxi207 dnsmasq-dhcp[1545293]: read /opt/stack/data/neutron/dhcp/96b54ac1-f035-43c1-9645-0695edd49ebf/host
Oct 17 03:47:11.559920 podb-esxi207 dnsmasq-dhcp[1545293]: read /opt/stack/data/neutron/dhcp/96b54ac1-f035-43c1-9645-0695edd49ebf/opts
Oct 17 03:47:12.825542 podb-esxi207 dnsmasq[1544942]: read /opt/stack/data/neutron/dhcp/b4cc6599-76e4-482d-8632-d504dbf36d64/addn_hosts - 2 names
Oct 17 03:47:12.825639 podb-esxi207 dnsmasq-dhcp[1544942]: read /opt/stack/data/neutron/dhcp/b4cc6599-76e4-482d-8632-d504dbf36d64/host
Oct 17 03:47:12.825712 podb-esxi207 dnsmasq-dhcp[1544942]: read /opt/stack/data/neutron/dhcp/b4cc6599-76e4-482d-8632-d504dbf36d64/opts
Oct 17 03:47:13.579892 podb-esxi207 dnsmasq[1545293]: read /opt/stack/data/neutron/dhcp/96b54ac1-f035-43c1-9645-0695edd49ebf/addn_hosts - 2 names
Oct 17 03:47:13.580051 podb-esxi207 dnsmasq-dhcp[1545293]: read /opt/stack/data/neutron/dhcp/96b54ac1-f035-43c1-9645-0695edd49ebf/host
Oct 17 03:47:13.580150 podb-esxi207 dnsmasq-dhcp[1545293]: read /opt/stack/data/neutron/dhcp/96b54ac1-f035-43c1-9645-0695edd49ebf/opts
Oct 17 03:47:14.841915 podb-esxi207 dnsmasq[1545293]: read /opt/stack/data/neutron/dhcp/96b54ac1-f035-43c1-9645-0695edd49ebf/addn_hosts - 2 names
Oct 17 03:47:14.842054 podb-esxi207 dnsmasq-dhcp[1545293]: read /opt/stack/data/neutron/dhcp/96b54ac1-f035-43c1-9645-0695edd49ebf/host
Oct 17 03:47:14.842166 podb-esxi207 dnsmasq-dhcp[1545293]: read /opt/stack/data/neutron/dhcp/96b54ac1-f035-43c1-9645-0695edd49ebf/opts
Oct 17 03:47:33.302265 podb-esxi207 dnsmasq[1544942]: read /opt/stack/data/neutron/dhcp/b4cc6599-76e4-482d-8632-d504dbf36d64/addn_hosts - 4 names
Oct 17 03:47:33.302405 podb-esxi207 dnsmasq-dhcp[1544942]: read /opt/stack/data/neutron/dhcp/b4cc6599-76e4-482d-8632-d504dbf36d64/host
Oct 17 03:47:33.302524 podb-esxi207 dnsmasq-dhcp[1544942]: read /opt/stack/data/neutron/dhcp/b4cc6599-76e4-482d-8632-d504dbf36d64/opts
Oct 17 03:47:37.580678 podb-esxi207 dnsmasq[1545876]: started, version 2.90 cachesize 150
Oct 17 03:47:37.580700 podb-esxi207 dnsmasq[1545876]: DNS service limited to local subnets
Oct 17 03:47:37.580715 podb-esxi207 dnsmasq[1545876]: compile time options: IPv6 GNU-getopt DBus no-UBus i18n IDN2 DHCP DHCPv6 no-Lua TFTP conntrack ipset no-nftset auth cryptohash DNSSEC loop-detect inotify dumpfile
Oct 17 03:47:37.580758 podb-esxi207 dnsmasq-dhcp[1545876]: DHCP, static leases only on 10.1.0.0, lease time 1d
Oct 17 03:47:37.580905 podb-esxi207 dnsmasq[1545876]: reading /etc/resolv.conf
Oct 17 03:47:37.580922 podb-esxi207 dnsmasq[1545876]: using nameserver 127.0.0.53#53
Oct 17 03:47:37.581007 podb-esxi207 dnsmasq[1545876]: read /opt/stack/data/neutron/dhcp/3dd11fd3-b640-4386-a495-24963cc6e0e9/addn_hosts - 0 names
Oct 17 03:47:37.581056 podb-esxi207 dnsmasq-dhcp[1545876]: read /opt/stack/data/neutron/dhcp/3dd11fd3-b640-4386-a495-24963cc6e0e9/host
Oct 17 03:47:37.581112 podb-esxi207 dnsmasq-dhcp[1545876]: read /opt/stack/data/neutron/dhcp/3dd11fd3-b640-4386-a495-24963cc6e0e9/opts
Oct 17 03:47:39.125658 podb-esxi207 dnsmasq[1545876]: read /opt/stack/data/neutron/dhcp/3dd11fd3-b640-4386-a495-24963cc6e0e9/addn_hosts - 2 names
Oct 17 03:47:39.125768 podb-esxi207 dnsmasq-dhcp[1545876]: read /opt/stack/data/neutron/dhcp/3dd11fd3-b640-4386-a495-24963cc6e0e9/host
Oct 17 03:47:39.125875 podb-esxi207 dnsmasq-dhcp[1545876]: read /opt/stack/data/neutron/dhcp/3dd11fd3-b640-4386-a495-24963cc6e0e9/opts
Oct 17 03:47:40.359992 podb-esxi207 dnsmasq[1545876]: read /opt/stack/data/neutron/dhcp/3dd11fd3-b640-4386-a495-24963cc6e0e9/addn_hosts - 2 names
Oct 17 03:47:40.360089 podb-esxi207 dnsmasq-dhcp[1545876]: read /opt/stack/data/neutron/dhcp/3dd11fd3-b640-4386-a495-24963cc6e0e9/host
Oct 17 03:47:40.360196 podb-esxi207 dnsmasq-dhcp[1545876]: read /opt/stack/data/neutron/dhcp/3dd11fd3-b640-4386-a495-24963cc6e0e9/opts
Oct 17 03:47:41.598682 podb-esxi207 dnsmasq[1545876]: read /opt/stack/data/neutron/dhcp/3dd11fd3-b640-4386-a495-24963cc6e0e9/addn_hosts - 2 names
Oct 17 03:47:41.598769 podb-esxi207 dnsmasq-dhcp[1545876]: read /opt/stack/data/neutron/dhcp/3dd11fd3-b640-4386-a495-24963cc6e0e9/host
Oct 17 03:47:41.598872 podb-esxi207 dnsmasq-dhcp[1545876]: read /opt/stack/data/neutron/dhcp/3dd11fd3-b640-4386-a495-24963cc6e0e9/opts
Oct 17 03:47:46.070957 podb-esxi207 dnsmasq-dhcp[1543868]: DHCPREQUEST(tap662ebc33-d5) 10.1.0.10 fa:16:3e:17:51:10
Oct 17 03:47:46.070993 podb-esxi207 dnsmasq-dhcp[1543868]: DHCPACK(tap662ebc33-d5) 10.1.0.10 fa:16:3e:17:51:10 host-10-1-0-10
Oct 17 03:48:03.154124 podb-esxi207 dnsmasq-dhcp[1544942]: DHCPDISCOVER(tap35a9acbe-36) fa:16:3e:b6:59:de
Oct 17 03:48:03.154154 podb-esxi207 dnsmasq-dhcp[1544942]: DHCPOFFER(tap35a9acbe-36) 10.1.0.5 fa:16:3e:b6:59:de
Oct 17 03:48:03.165209 podb-esxi207 dnsmasq-dhcp[1544942]: DHCPREQUEST(tap35a9acbe-36) 10.1.0.5 fa:16:3e:b6:59:de
Oct 17 03:48:03.165240 podb-esxi207 dnsmasq-dhcp[1544942]: DHCPACK(tap35a9acbe-36) 10.1.0.5 fa:16:3e:b6:59:de host-10-1-0-5
Oct 17 03:48:57.697273 podb-esxi207 dnsmasq-dhcp[1543868]: DHCPRELEASE(tap662ebc33-d5) 10.1.0.10 fa:16:3e:17:51:10
Oct 17 03:48:57.712387 podb-esxi207 dnsmasq-dhcp[1543868]: DHCPRELEASE(tap662ebc33-d5) 10.1.0.10 fa:16:3e:17:51:10 unknown lease
Oct 17 03:48:58.537931 podb-esxi207 dnsmasq[1543868]: read /opt/stack/data/neutron/dhcp/883bd491-4271-4439-96ee-83a92703544b/addn_hosts - 2 names
Oct 17 03:48:58.538047 podb-esxi207 dnsmasq-dhcp[1543868]: read /opt/stack/data/neutron/dhcp/883bd491-4271-4439-96ee-83a92703544b/host
Oct 17 03:48:58.538157 podb-esxi207 dnsmasq-dhcp[1543868]: read /opt/stack/data/neutron/dhcp/883bd491-4271-4439-96ee-83a92703544b/opts
Oct 17 03:49:09.612759 podb-esxi207 dnsmasq[1543868]: read /opt/stack/data/neutron/dhcp/883bd491-4271-4439-96ee-83a92703544b/addn_hosts - 4 names
Oct 17 03:49:09.612848 podb-esxi207 dnsmasq-dhcp[1543868]: read /opt/stack/data/neutron/dhcp/883bd491-4271-4439-96ee-83a92703544b/host
Oct 17 03:49:09.612917 podb-esxi207 dnsmasq-dhcp[1543868]: read /opt/stack/data/neutron/dhcp/883bd491-4271-4439-96ee-83a92703544b/opts
Oct 17 03:49:11.883862 podb-esxi207 dnsmasq[1545876]: read /opt/stack/data/neutron/dhcp/3dd11fd3-b640-4386-a495-24963cc6e0e9/addn_hosts - 4 names
Oct 17 03:49:11.883986 podb-esxi207 dnsmasq-dhcp[1545876]: read /opt/stack/data/neutron/dhcp/3dd11fd3-b640-4386-a495-24963cc6e0e9/host
Oct 17 03:49:11.884086 podb-esxi207 dnsmasq-dhcp[1545876]: read /opt/stack/data/neutron/dhcp/3dd11fd3-b640-4386-a495-24963cc6e0e9/opts
Oct 17 03:49:19.200402 podb-esxi207 dnsmasq-dhcp[1544942]: DHCPREQUEST(tap35a9acbe-36) 10.1.0.5 fa:16:3e:b6:59:de
Oct 17 03:49:19.200434 podb-esxi207 dnsmasq-dhcp[1544942]: DHCPACK(tap35a9acbe-36) 10.1.0.5 fa:16:3e:b6:59:de host-10-1-0-5
Oct 17 03:49:32.817397 podb-esxi207 dnsmasq-dhcp[1543868]: DHCPDISCOVER(tap662ebc33-d5) fa:16:3e:c6:b7:fd
Oct 17 03:49:32.817423 podb-esxi207 dnsmasq-dhcp[1543868]: DHCPOFFER(tap662ebc33-d5) 10.1.0.6 fa:16:3e:c6:b7:fd
Oct 17 03:49:32.827598 podb-esxi207 dnsmasq-dhcp[1543868]: DHCPREQUEST(tap662ebc33-d5) 10.1.0.6 fa:16:3e:c6:b7:fd
Oct 17 03:49:32.827626 podb-esxi207 dnsmasq-dhcp[1543868]: DHCPACK(tap662ebc33-d5) 10.1.0.6 fa:16:3e:c6:b7:fd host-10-1-0-6
Oct 17 03:49:33.969382 podb-esxi207 dnsmasq-dhcp[1545876]: DHCPDISCOVER(tap826788ac-91) fa:16:3e:4a:5d:16
Oct 17 03:49:33.969408 podb-esxi207 dnsmasq-dhcp[1545876]: DHCPOFFER(tap826788ac-91) 10.1.0.7 fa:16:3e:4a:5d:16
Oct 17 03:49:33.982468 podb-esxi207 dnsmasq-dhcp[1545876]: DHCPREQUEST(tap826788ac-91) 10.1.0.7 fa:16:3e:4a:5d:16
Oct 17 03:49:33.982505 podb-esxi207 dnsmasq-dhcp[1545876]: DHCPACK(tap826788ac-91) 10.1.0.7 fa:16:3e:4a:5d:16 host-10-1-0-7
Oct 17 03:49:39.508499 podb-esxi207 dnsmasq[1547877]: started, version 2.90 cachesize 150
Oct 17 03:49:39.508525 podb-esxi207 dnsmasq[1547877]: DNS service limited to local subnets
Oct 17 03:49:39.508539 podb-esxi207 dnsmasq[1547877]: compile time options: IPv6 GNU-getopt DBus no-UBus i18n IDN2 DHCP DHCPv6 no-Lua TFTP conntrack ipset no-nftset auth cryptohash DNSSEC loop-detect inotify dumpfile
Oct 17 03:49:39.508576 podb-esxi207 dnsmasq-dhcp[1547877]: DHCP, static leases only on 10.1.0.0, lease time 1d
Oct 17 03:49:39.508760 podb-esxi207 dnsmasq[1547877]: reading /etc/resolv.conf
Oct 17 03:49:39.508777 podb-esxi207 dnsmasq[1547877]: using nameserver 127.0.0.53#53
Oct 17 03:49:39.508873 podb-esxi207 dnsmasq[1547877]: read /opt/stack/data/neutron/dhcp/bcd43121-2456-4795-9215-7d4aed1ab7ab/addn_hosts - 0 names
Oct 17 03:49:39.508923 podb-esxi207 dnsmasq-dhcp[1547877]: read /opt/stack/data/neutron/dhcp/bcd43121-2456-4795-9215-7d4aed1ab7ab/host
Oct 17 03:49:39.508979 podb-esxi207 dnsmasq-dhcp[1547877]: read /opt/stack/data/neutron/dhcp/bcd43121-2456-4795-9215-7d4aed1ab7ab/opts
Oct 17 03:49:41.062060 podb-esxi207 dnsmasq[1547877]: read /opt/stack/data/neutron/dhcp/bcd43121-2456-4795-9215-7d4aed1ab7ab/addn_hosts - 2 names
Oct 17 03:49:41.062180 podb-esxi207 dnsmasq-dhcp[1547877]: read /opt/stack/data/neutron/dhcp/bcd43121-2456-4795-9215-7d4aed1ab7ab/host
Oct 17 03:49:41.062288 podb-esxi207 dnsmasq-dhcp[1547877]: read /opt/stack/data/neutron/dhcp/bcd43121-2456-4795-9215-7d4aed1ab7ab/opts
Oct 17 03:49:42.333568 podb-esxi207 dnsmasq[1547877]: read /opt/stack/data/neutron/dhcp/bcd43121-2456-4795-9215-7d4aed1ab7ab/addn_hosts - 2 names
Oct 17 03:49:42.333699 podb-esxi207 dnsmasq-dhcp[1547877]: read /opt/stack/data/neutron/dhcp/bcd43121-2456-4795-9215-7d4aed1ab7ab/host
Oct 17 03:49:42.333803 podb-esxi207 dnsmasq-dhcp[1547877]: read /opt/stack/data/neutron/dhcp/bcd43121-2456-4795-9215-7d4aed1ab7ab/opts
Oct 17 03:49:43.592162 podb-esxi207 dnsmasq[1547877]: read /opt/stack/data/neutron/dhcp/bcd43121-2456-4795-9215-7d4aed1ab7ab/addn_hosts - 2 names
Oct 17 03:49:43.592249 podb-esxi207 dnsmasq-dhcp[1547877]: read /opt/stack/data/neutron/dhcp/bcd43121-2456-4795-9215-7d4aed1ab7ab/host
Oct 17 03:49:43.592356 podb-esxi207 dnsmasq-dhcp[1547877]: read /opt/stack/data/neutron/dhcp/bcd43121-2456-4795-9215-7d4aed1ab7ab/opts
Oct 17 03:49:49.382909 podb-esxi207 dnsmasq[1547877]: read /opt/stack/data/neutron/dhcp/bcd43121-2456-4795-9215-7d4aed1ab7ab/addn_hosts - 4 names
Oct 17 03:49:49.383032 podb-esxi207 dnsmasq-dhcp[1547877]: read /opt/stack/data/neutron/dhcp/bcd43121-2456-4795-9215-7d4aed1ab7ab/host
Oct 17 03:49:49.383138 podb-esxi207 dnsmasq-dhcp[1547877]: read /opt/stack/data/neutron/dhcp/bcd43121-2456-4795-9215-7d4aed1ab7ab/opts
