Oct 10 18:38:23.284617 devstack-u2204-93-55 dnsmasq-dhcp[103244]: DHCPDISCOVER(tapd9f55e5e-74) fa:16:3e:58:35:42
Oct 10 18:38:23.284648 devstack-u2204-93-55 dnsmasq-dhcp[103244]: DHCPOFFER(tapd9f55e5e-74) 10.2.2.100 fa:16:3e:58:35:42
Oct 10 18:38:23.322624 devstack-u2204-93-55 dnsmasq-dhcp[103190]: DHCPREQUEST(tap34786f03-fb) 10.1.1.16 fa:16:3e:30:14:d8
Oct 10 18:38:23.322675 devstack-u2204-93-55 dnsmasq-dhcp[103190]: DHCPACK(tap34786f03-fb) 10.1.1.16 fa:16:3e:30:14:d8 host-10-1-1-16
Oct 10 18:38:23.373550 devstack-u2204-93-55 dnsmasq-dhcp[103244]: DHCPREQUEST(tapd9f55e5e-74) 10.2.2.100 fa:16:3e:58:35:42
Oct 10 18:38:23.373658 devstack-u2204-93-55 dnsmasq-dhcp[103244]: DHCPACK(tapd9f55e5e-74) 10.2.2.100 fa:16:3e:58:35:42 host-10-2-2-100
Oct 10 18:38:23.526326 devstack-u2204-93-55 dnsmasq-dhcp[103244]: DHCPDISCOVER(tapd9f55e5e-74) fa:16:3e:36:b9:b6
Oct 10 18:38:23.526393 devstack-u2204-93-55 dnsmasq-dhcp[103244]: DHCPOFFER(tapd9f55e5e-74) 10.2.2.200 fa:16:3e:36:b9:b6
Oct 10 18:38:23.538315 devstack-u2204-93-55 dnsmasq-dhcp[103244]: DHCPREQUEST(tapd9f55e5e-74) 10.2.2.200 fa:16:3e:36:b9:b6
Oct 10 18:38:23.538397 devstack-u2204-93-55 dnsmasq-dhcp[103244]: DHCPACK(tapd9f55e5e-74) 10.2.2.200 fa:16:3e:36:b9:b6 host-10-2-2-200
Oct 10 18:38:47.048354 devstack-u2204-93-55 dnsmasq-dhcp[103190]: DHCPRELEASE(tap34786f03-fb) 10.1.1.16 fa:16:3e:30:14:d8
Oct 10 18:38:47.073169 devstack-u2204-93-55 dnsmasq-dhcp[103190]: DHCPRELEASE(tap34786f03-fb) 10.1.1.16 fa:16:3e:30:14:d8 unknown lease
Oct 10 18:38:47.906195 devstack-u2204-93-55 dnsmasq[103190]: read /opt/stack/data/neutron/dhcp/b5fa9e44-f511-4033-9c70-93559669b034/addn_hosts - 6 names
Oct 10 18:38:47.906392 devstack-u2204-93-55 dnsmasq-dhcp[103190]: read /opt/stack/data/neutron/dhcp/b5fa9e44-f511-4033-9c70-93559669b034/host
Oct 10 18:38:47.906504 devstack-u2204-93-55 dnsmasq-dhcp[103190]: read /opt/stack/data/neutron/dhcp/b5fa9e44-f511-4033-9c70-93559669b034/opts
Oct 10 18:38:48.345849 devstack-u2204-93-55 dnsmasq-dhcp[103244]: DHCPRELEASE(tapd9f55e5e-74) 10.2.2.200 fa:16:3e:36:b9:b6
Oct 10 18:38:48.367226 devstack-u2204-93-55 dnsmasq-dhcp[103244]: DHCPRELEASE(tapd9f55e5e-74) 10.2.2.200 fa:16:3e:36:b9:b6 unknown lease
Oct 10 18:38:49.197497 devstack-u2204-93-55 dnsmasq[103244]: read /opt/stack/data/neutron/dhcp/fb03db4c-46b7-4ab4-9265-c356c089cffa/addn_hosts - 2 names
Oct 10 18:38:49.197576 devstack-u2204-93-55 dnsmasq-dhcp[103244]: read /opt/stack/data/neutron/dhcp/fb03db4c-46b7-4ab4-9265-c356c089cffa/host
Oct 10 18:38:49.197617 devstack-u2204-93-55 dnsmasq-dhcp[103244]: read /opt/stack/data/neutron/dhcp/fb03db4c-46b7-4ab4-9265-c356c089cffa/opts
Oct 10 18:38:49.627221 devstack-u2204-93-55 dnsmasq-dhcp[101726]: DHCPRELEASE(tap32ee29a6-0e) 10.1.0.7 fa:16:3e:89:a3:4c
Oct 10 18:38:49.650257 devstack-u2204-93-55 dnsmasq-dhcp[101726]: DHCPRELEASE(tap32ee29a6-0e) 10.1.0.7 fa:16:3e:89:a3:4c unknown lease
Oct 10 18:38:50.479056 devstack-u2204-93-55 dnsmasq[101726]: read /opt/stack/data/neutron/dhcp/18e56b69-8f33-45b3-8052-7f61b1ae1884/addn_hosts - 2 names
Oct 10 18:38:50.479212 devstack-u2204-93-55 dnsmasq-dhcp[101726]: read /opt/stack/data/neutron/dhcp/18e56b69-8f33-45b3-8052-7f61b1ae1884/host
Oct 10 18:38:50.479307 devstack-u2204-93-55 dnsmasq-dhcp[101726]: read /opt/stack/data/neutron/dhcp/18e56b69-8f33-45b3-8052-7f61b1ae1884/opts
Oct 10 18:38:50.930700 devstack-u2204-93-55 dnsmasq-dhcp[103190]: DHCPRELEASE(tap34786f03-fb) 10.1.1.150 fa:16:3e:42:58:32
Oct 10 18:38:50.955379 devstack-u2204-93-55 dnsmasq-dhcp[103190]: DHCPRELEASE(tap34786f03-fb) 10.1.1.150 fa:16:3e:42:58:32 unknown lease
Oct 10 18:38:51.785341 devstack-u2204-93-55 dnsmasq[103190]: read /opt/stack/data/neutron/dhcp/b5fa9e44-f511-4033-9c70-93559669b034/addn_hosts - 4 names
Oct 10 18:38:51.785536 devstack-u2204-93-55 dnsmasq-dhcp[103190]: read /opt/stack/data/neutron/dhcp/b5fa9e44-f511-4033-9c70-93559669b034/host
Oct 10 18:38:51.785609 devstack-u2204-93-55 dnsmasq-dhcp[103190]: read /opt/stack/data/neutron/dhcp/b5fa9e44-f511-4033-9c70-93559669b034/opts
Oct 10 18:38:52.208454 devstack-u2204-93-55 dnsmasq-dhcp[103244]: DHCPRELEASE(tapd9f55e5e-74) 10.2.2.100 fa:16:3e:58:35:42
Oct 10 18:38:52.232836 devstack-u2204-93-55 dnsmasq-dhcp[103244]: DHCPRELEASE(tapd9f55e5e-74) 10.2.2.100 fa:16:3e:58:35:42 unknown lease
Oct 10 18:38:53.066688 devstack-u2204-93-55 dnsmasq[103244]: read /opt/stack/data/neutron/dhcp/fb03db4c-46b7-4ab4-9265-c356c089cffa/addn_hosts - 0 names
Oct 10 18:38:53.066778 devstack-u2204-93-55 dnsmasq-dhcp[103244]: read /opt/stack/data/neutron/dhcp/fb03db4c-46b7-4ab4-9265-c356c089cffa/host
Oct 10 18:38:53.066885 devstack-u2204-93-55 dnsmasq-dhcp[103244]: read /opt/stack/data/neutron/dhcp/fb03db4c-46b7-4ab4-9265-c356c089cffa/opts
Oct 10 18:39:25.420263 devstack-u2204-93-55 dnsmasq-dhcp[97296]: DHCPDISCOVER(tap7cd418f1-93) fa:16:3e:a7:09:91
Oct 10 18:39:25.420315 devstack-u2204-93-55 dnsmasq-dhcp[97296]: DHCPOFFER(tap7cd418f1-93) 10.1.0.12 fa:16:3e:a7:09:91
Oct 10 18:39:25.439591 devstack-u2204-93-55 dnsmasq-dhcp[97296]: DHCPREQUEST(tap7cd418f1-93) 10.1.0.12 fa:16:3e:a7:09:91
Oct 10 18:39:25.439635 devstack-u2204-93-55 dnsmasq-dhcp[97296]: DHCPACK(tap7cd418f1-93) 10.1.0.12 fa:16:3e:a7:09:91 host-10-1-0-12
Oct 10 18:39:28.915058 devstack-u2204-93-55 dnsmasq-dhcp[103190]: DHCPRELEASE(tap34786f03-fb) 10.1.1.252 fa:16:3e:48:65:31
Oct 10 18:39:28.942113 devstack-u2204-93-55 dnsmasq-dhcp[103190]: DHCPRELEASE(tap34786f03-fb) 10.1.1.252 fa:16:3e:48:65:31 unknown lease
Oct 10 18:39:29.779077 devstack-u2204-93-55 dnsmasq[103190]: read /opt/stack/data/neutron/dhcp/b5fa9e44-f511-4033-9c70-93559669b034/addn_hosts - 2 names
Oct 10 18:39:29.779229 devstack-u2204-93-55 dnsmasq-dhcp[103190]: read /opt/stack/data/neutron/dhcp/b5fa9e44-f511-4033-9c70-93559669b034/host
Oct 10 18:39:29.779303 devstack-u2204-93-55 dnsmasq-dhcp[103190]: read /opt/stack/data/neutron/dhcp/b5fa9e44-f511-4033-9c70-93559669b034/opts
Oct 10 18:39:30.739494 devstack-u2204-93-55 dnsmasq[103244]: exiting on receipt of SIGTERM
Oct 10 18:39:31.842661 devstack-u2204-93-55 dnsmasq[103190]: exiting on receipt of SIGTERM
Oct 10 18:39:45.878611 devstack-u2204-93-55 dnsmasq[101726]: read /opt/stack/data/neutron/dhcp/18e56b69-8f33-45b3-8052-7f61b1ae1884/addn_hosts - 0 names
Oct 10 18:39:45.878690 devstack-u2204-93-55 dnsmasq-dhcp[101726]: read /opt/stack/data/neutron/dhcp/18e56b69-8f33-45b3-8052-7f61b1ae1884/host
Oct 10 18:39:45.878746 devstack-u2204-93-55 dnsmasq-dhcp[101726]: read /opt/stack/data/neutron/dhcp/18e56b69-8f33-45b3-8052-7f61b1ae1884/opts
Oct 10 18:39:47.351132 devstack-u2204-93-55 dnsmasq[101726]: exiting on receipt of SIGTERM
Oct 10 18:39:48.759204 devstack-u2204-93-55 dnsmasq-dhcp[102106]: DHCPRELEASE(tap19816793-e3) 10.1.0.1 fa:16:3e:3f:e2:33
Oct 10 18:39:49.587407 devstack-u2204-93-55 dnsmasq[102106]: read /opt/stack/data/neutron/dhcp/dbc7240e-0202-483a-8dc4-de5c937f5ad7/addn_hosts - 0 names
Oct 10 18:39:49.587517 devstack-u2204-93-55 dnsmasq-dhcp[102106]: read /opt/stack/data/neutron/dhcp/dbc7240e-0202-483a-8dc4-de5c937f5ad7/host
Oct 10 18:39:49.587627 devstack-u2204-93-55 dnsmasq-dhcp[102106]: read /opt/stack/data/neutron/dhcp/dbc7240e-0202-483a-8dc4-de5c937f5ad7/opts
Oct 10 18:39:50.759583 devstack-u2204-93-55 dnsmasq[102106]: exiting on receipt of SIGTERM
Oct 10 18:39:57.189128 devstack-u2204-93-55 dnsmasq[107547]: started, version 2.90 cachesize 150
Oct 10 18:39:57.189167 devstack-u2204-93-55 dnsmasq[107547]: DNS service limited to local subnets
Oct 10 18:39:57.189185 devstack-u2204-93-55 dnsmasq[107547]: compile time options: IPv6 GNU-getopt DBus no-UBus i18n IDN2 DHCP DHCPv6 no-Lua TFTP conntrack ipset no-nftset auth cryptohash DNSSEC loop-detect inotify dumpfile
Oct 10 18:39:57.189233 devstack-u2204-93-55 dnsmasq-dhcp[107547]: DHCP, static leases only on 10.1.0.0, lease time 1d
Oct 10 18:39:57.189404 devstack-u2204-93-55 dnsmasq[107547]: reading /etc/resolv.conf
Oct 10 18:39:57.189420 devstack-u2204-93-55 dnsmasq[107547]: using nameserver 127.0.0.53#53
Oct 10 18:39:57.189520 devstack-u2204-93-55 dnsmasq[107547]: read /opt/stack/data/neutron/dhcp/149b962f-2707-4974-9a19-d40f73053372/addn_hosts - 0 names
Oct 10 18:39:57.189588 devstack-u2204-93-55 dnsmasq-dhcp[107547]: read /opt/stack/data/neutron/dhcp/149b962f-2707-4974-9a19-d40f73053372/host
Oct 10 18:39:57.189659 devstack-u2204-93-55 dnsmasq-dhcp[107547]: read /opt/stack/data/neutron/dhcp/149b962f-2707-4974-9a19-d40f73053372/opts
Oct 10 18:39:58.753273 devstack-u2204-93-55 dnsmasq[107547]: read /opt/stack/data/neutron/dhcp/149b962f-2707-4974-9a19-d40f73053372/addn_hosts - 2 names
Oct 10 18:39:58.753371 devstack-u2204-93-55 dnsmasq-dhcp[107547]: read /opt/stack/data/neutron/dhcp/149b962f-2707-4974-9a19-d40f73053372/host
Oct 10 18:39:58.753460 devstack-u2204-93-55 dnsmasq-dhcp[107547]: read /opt/stack/data/neutron/dhcp/149b962f-2707-4974-9a19-d40f73053372/opts
Oct 10 18:40:02.715540 devstack-u2204-93-55 dnsmasq[107871]: started, version 2.90 cachesize 150
Oct 10 18:40:02.715576 devstack-u2204-93-55 dnsmasq[107871]: DNS service limited to local subnets
Oct 10 18:40:02.715596 devstack-u2204-93-55 dnsmasq[107871]: compile time options: IPv6 GNU-getopt DBus no-UBus i18n IDN2 DHCP DHCPv6 no-Lua TFTP conntrack ipset no-nftset auth cryptohash DNSSEC loop-detect inotify dumpfile
Oct 10 18:40:02.715641 devstack-u2204-93-55 dnsmasq-dhcp[107871]: DHCP, static leases only on 10.1.0.0, lease time 1d
Oct 10 18:40:02.715864 devstack-u2204-93-55 dnsmasq[107871]: reading /etc/resolv.conf
Oct 10 18:40:02.715930 devstack-u2204-93-55 dnsmasq[107871]: using nameserver 127.0.0.53#53
Oct 10 18:40:02.716053 devstack-u2204-93-55 dnsmasq[107871]: read /opt/stack/data/neutron/dhcp/3e8f8ddf-c440-41c2-a26e-14f8eaa66fb9/addn_hosts - 0 names
Oct 10 18:40:02.716119 devstack-u2204-93-55 dnsmasq-dhcp[107871]: read /opt/stack/data/neutron/dhcp/3e8f8ddf-c440-41c2-a26e-14f8eaa66fb9/host
Oct 10 18:40:02.716216 devstack-u2204-93-55 dnsmasq-dhcp[107871]: read /opt/stack/data/neutron/dhcp/3e8f8ddf-c440-41c2-a26e-14f8eaa66fb9/opts
Oct 10 18:40:03.253072 devstack-u2204-93-55 dnsmasq[107547]: read /opt/stack/data/neutron/dhcp/149b962f-2707-4974-9a19-d40f73053372/addn_hosts - 2 names
Oct 10 18:40:03.253664 devstack-u2204-93-55 dnsmasq-dhcp[107547]: read /opt/stack/data/neutron/dhcp/149b962f-2707-4974-9a19-d40f73053372/host
Oct 10 18:40:03.253865 devstack-u2204-93-55 dnsmasq-dhcp[107547]: read /opt/stack/data/neutron/dhcp/149b962f-2707-4974-9a19-d40f73053372/opts
Oct 10 18:40:05.023823 devstack-u2204-93-55 dnsmasq[107871]: read /opt/stack/data/neutron/dhcp/3e8f8ddf-c440-41c2-a26e-14f8eaa66fb9/addn_hosts - 2 names
Oct 10 18:40:05.023920 devstack-u2204-93-55 dnsmasq-dhcp[107871]: read /opt/stack/data/neutron/dhcp/3e8f8ddf-c440-41c2-a26e-14f8eaa66fb9/host
Oct 10 18:40:05.024003 devstack-u2204-93-55 dnsmasq-dhcp[107871]: read /opt/stack/data/neutron/dhcp/3e8f8ddf-c440-41c2-a26e-14f8eaa66fb9/opts
Oct 10 18:40:05.938291 devstack-u2204-93-55 dnsmasq[107547]: read /opt/stack/data/neutron/dhcp/149b962f-2707-4974-9a19-d40f73053372/addn_hosts - 2 names
Oct 10 18:40:05.938344 devstack-u2204-93-55 dnsmasq-dhcp[107547]: read /opt/stack/data/neutron/dhcp/149b962f-2707-4974-9a19-d40f73053372/host
Oct 10 18:40:05.938389 devstack-u2204-93-55 dnsmasq-dhcp[107547]: read /opt/stack/data/neutron/dhcp/149b962f-2707-4974-9a19-d40f73053372/opts
Oct 10 18:40:07.258763 devstack-u2204-93-55 dnsmasq[107871]: read /opt/stack/data/neutron/dhcp/3e8f8ddf-c440-41c2-a26e-14f8eaa66fb9/addn_hosts - 2 names
Oct 10 18:40:07.258879 devstack-u2204-93-55 dnsmasq-dhcp[107871]: read /opt/stack/data/neutron/dhcp/3e8f8ddf-c440-41c2-a26e-14f8eaa66fb9/host
Oct 10 18:40:07.258987 devstack-u2204-93-55 dnsmasq-dhcp[107871]: read /opt/stack/data/neutron/dhcp/3e8f8ddf-c440-41c2-a26e-14f8eaa66fb9/opts
Oct 10 18:40:08.685094 devstack-u2204-93-55 dnsmasq[107871]: read /opt/stack/data/neutron/dhcp/3e8f8ddf-c440-41c2-a26e-14f8eaa66fb9/addn_hosts - 2 names
Oct 10 18:40:08.685246 devstack-u2204-93-55 dnsmasq-dhcp[107871]: read /opt/stack/data/neutron/dhcp/3e8f8ddf-c440-41c2-a26e-14f8eaa66fb9/host
Oct 10 18:40:08.685358 devstack-u2204-93-55 dnsmasq-dhcp[107871]: read /opt/stack/data/neutron/dhcp/3e8f8ddf-c440-41c2-a26e-14f8eaa66fb9/opts
Oct 10 18:40:09.933539 devstack-u2204-93-55 dnsmasq-dhcp[97296]: DHCPRELEASE(tap7cd418f1-93) 10.1.0.12 fa:16:3e:a7:09:91
Oct 10 18:40:09.962206 devstack-u2204-93-55 dnsmasq-dhcp[97296]: DHCPRELEASE(tap7cd418f1-93) 10.1.0.12 fa:16:3e:a7:09:91 unknown lease
Oct 10 18:40:10.795466 devstack-u2204-93-55 dnsmasq[97296]: read /opt/stack/data/neutron/dhcp/c4ef6f64-af68-41aa-9c39-45fb2ac47334/addn_hosts - 4 names
Oct 10 18:40:10.795580 devstack-u2204-93-55 dnsmasq-dhcp[97296]: read /opt/stack/data/neutron/dhcp/c4ef6f64-af68-41aa-9c39-45fb2ac47334/host
Oct 10 18:40:10.795677 devstack-u2204-93-55 dnsmasq-dhcp[97296]: read /opt/stack/data/neutron/dhcp/c4ef6f64-af68-41aa-9c39-45fb2ac47334/opts
Oct 10 18:40:24.551660 devstack-u2204-93-55 dnsmasq-dhcp[103478]: DHCPREQUEST(tap3e05171e-99) 10.1.0.3 fa:16:3e:0a:a0:b8
Oct 10 18:40:24.551713 devstack-u2204-93-55 dnsmasq-dhcp[103478]: DHCPACK(tap3e05171e-99) 10.1.0.3 fa:16:3e:0a:a0:b8 host-10-1-0-3
Oct 10 18:40:44.510939 devstack-u2204-93-55 dnsmasq-dhcp[97296]: DHCPRELEASE(tap7cd418f1-93) 10.1.0.7 fa:16:3e:3b:9d:c4
Oct 10 18:40:44.532357 devstack-u2204-93-55 dnsmasq-dhcp[97296]: DHCPRELEASE(tap7cd418f1-93) 10.1.0.7 fa:16:3e:3b:9d:c4 unknown lease
Oct 10 18:40:45.364760 devstack-u2204-93-55 dnsmasq[97296]: read /opt/stack/data/neutron/dhcp/c4ef6f64-af68-41aa-9c39-45fb2ac47334/addn_hosts - 2 names
Oct 10 18:40:45.364939 devstack-u2204-93-55 dnsmasq-dhcp[97296]: read /opt/stack/data/neutron/dhcp/c4ef6f64-af68-41aa-9c39-45fb2ac47334/host
Oct 10 18:40:45.365113 devstack-u2204-93-55 dnsmasq-dhcp[97296]: read /opt/stack/data/neutron/dhcp/c4ef6f64-af68-41aa-9c39-45fb2ac47334/opts
Oct 10 18:40:50.560038 devstack-u2204-93-55 dnsmasq-dhcp[97296]: DHCPRELEASE(tap7cd418f1-93) 10.1.0.1 fa:16:3e:fa:a3:68
Oct 10 18:40:51.392975 devstack-u2204-93-55 dnsmasq[97296]: read /opt/stack/data/neutron/dhcp/c4ef6f64-af68-41aa-9c39-45fb2ac47334/addn_hosts - 0 names
Oct 10 18:40:51.393084 devstack-u2204-93-55 dnsmasq-dhcp[97296]: read /opt/stack/data/neutron/dhcp/c4ef6f64-af68-41aa-9c39-45fb2ac47334/host
Oct 10 18:40:51.393213 devstack-u2204-93-55 dnsmasq-dhcp[97296]: read /opt/stack/data/neutron/dhcp/c4ef6f64-af68-41aa-9c39-45fb2ac47334/opts
Oct 10 18:40:52.681826 devstack-u2204-93-55 dnsmasq[97296]: exiting on receipt of SIGTERM
Oct 10 18:40:58.484624 devstack-u2204-93-55 dnsmasq[108676]: started, version 2.90 cachesize 150
Oct 10 18:40:58.485224 devstack-u2204-93-55 dnsmasq[108676]: DNS service limited to local subnets
Oct 10 18:40:58.485238 devstack-u2204-93-55 dnsmasq[108676]: compile time options: IPv6 GNU-getopt DBus no-UBus i18n IDN2 DHCP DHCPv6 no-Lua TFTP conntrack ipset no-nftset auth cryptohash DNSSEC loop-detect inotify dumpfile
Oct 10 18:40:58.485273 devstack-u2204-93-55 dnsmasq-dhcp[108676]: DHCP, static leases only on 10.1.1.0, lease time 1d
Oct 10 18:40:58.485400 devstack-u2204-93-55 dnsmasq[108676]: reading /etc/resolv.conf
Oct 10 18:40:58.485413 devstack-u2204-93-55 dnsmasq[108676]: using nameserver 127.0.0.53#53
Oct 10 18:40:58.486001 devstack-u2204-93-55 dnsmasq[108676]: read /opt/stack/data/neutron/dhcp/db70651c-0727-4990-8cbd-eb226e154c22/addn_hosts - 0 names
Oct 10 18:40:58.486046 devstack-u2204-93-55 dnsmasq-dhcp[108676]: read /opt/stack/data/neutron/dhcp/db70651c-0727-4990-8cbd-eb226e154c22/host
Oct 10 18:40:58.486090 devstack-u2204-93-55 dnsmasq-dhcp[108676]: read /opt/stack/data/neutron/dhcp/db70651c-0727-4990-8cbd-eb226e154c22/opts
Oct 10 18:41:02.261552 devstack-u2204-93-55 dnsmasq[108839]: started, version 2.90 cachesize 150
Oct 10 18:41:02.262357 devstack-u2204-93-55 dnsmasq[108839]: DNS service limited to local subnets
Oct 10 18:41:02.262376 devstack-u2204-93-55 dnsmasq[108839]: compile time options: IPv6 GNU-getopt DBus no-UBus i18n IDN2 DHCP DHCPv6 no-Lua TFTP conntrack ipset no-nftset auth cryptohash DNSSEC loop-detect inotify dumpfile
Oct 10 18:41:02.262419 devstack-u2204-93-55 dnsmasq-dhcp[108839]: DHCP, static leases only on 10.1.0.0, lease time 1d
Oct 10 18:41:02.262593 devstack-u2204-93-55 dnsmasq[108839]: reading /etc/resolv.conf
Oct 10 18:41:02.262612 devstack-u2204-93-55 dnsmasq[108839]: using nameserver 127.0.0.53#53
Oct 10 18:41:02.262715 devstack-u2204-93-55 dnsmasq[108839]: read /opt/stack/data/neutron/dhcp/cde9c5c8-4c66-494b-9fa3-000d8da14c63/addn_hosts - 2 names
Oct 10 18:41:02.262765 devstack-u2204-93-55 dnsmasq-dhcp[108839]: read /opt/stack/data/neutron/dhcp/cde9c5c8-4c66-494b-9fa3-000d8da14c63/host
Oct 10 18:41:02.262812 devstack-u2204-93-55 dnsmasq-dhcp[108839]: read /opt/stack/data/neutron/dhcp/cde9c5c8-4c66-494b-9fa3-000d8da14c63/opts
Oct 10 18:41:05.690905 devstack-u2204-93-55 dnsmasq[109009]: started, version 2.90 cachesize 150
Oct 10 18:41:05.690955 devstack-u2204-93-55 dnsmasq[109009]: DNS service limited to local subnets
Oct 10 18:41:05.690980 devstack-u2204-93-55 dnsmasq[109009]: compile time options: IPv6 GNU-getopt DBus no-UBus i18n IDN2 DHCP DHCPv6 no-Lua TFTP conntrack ipset no-nftset auth cryptohash DNSSEC loop-detect inotify dumpfile
Oct 10 18:41:05.691034 devstack-u2204-93-55 dnsmasq-dhcp[109009]: DHCP, static leases only on 10.2.2.0, lease time 1d
Oct 10 18:41:05.691320 devstack-u2204-93-55 dnsmasq[109009]: reading /etc/resolv.conf
Oct 10 18:41:05.691352 devstack-u2204-93-55 dnsmasq[109009]: using nameserver 127.0.0.53#53
Oct 10 18:41:05.691568 devstack-u2204-93-55 dnsmasq[109009]: read /opt/stack/data/neutron/dhcp/8be30cc6-e4db-4607-8401-77add4833a8f/addn_hosts - 0 names
Oct 10 18:41:05.691653 devstack-u2204-93-55 dnsmasq-dhcp[109009]: read /opt/stack/data/neutron/dhcp/8be30cc6-e4db-4607-8401-77add4833a8f/host
Oct 10 18:41:05.691753 devstack-u2204-93-55 dnsmasq-dhcp[109009]: read /opt/stack/data/neutron/dhcp/8be30cc6-e4db-4607-8401-77add4833a8f/opts
Oct 10 18:41:06.743309 devstack-u2204-93-55 dnsmasq[108676]: read /opt/stack/data/neutron/dhcp/db70651c-0727-4990-8cbd-eb226e154c22/addn_hosts - 4 names
Oct 10 18:41:06.743409 devstack-u2204-93-55 dnsmasq-dhcp[108676]: read /opt/stack/data/neutron/dhcp/db70651c-0727-4990-8cbd-eb226e154c22/host
Oct 10 18:41:06.743463 devstack-u2204-93-55 dnsmasq-dhcp[108676]: read /opt/stack/data/neutron/dhcp/db70651c-0727-4990-8cbd-eb226e154c22/opts
Oct 10 18:41:09.173836 devstack-u2204-93-55 dnsmasq[108839]: read /opt/stack/data/neutron/dhcp/cde9c5c8-4c66-494b-9fa3-000d8da14c63/addn_hosts - 2 names
Oct 10 18:41:09.174002 devstack-u2204-93-55 dnsmasq-dhcp[108839]: read /opt/stack/data/neutron/dhcp/cde9c5c8-4c66-494b-9fa3-000d8da14c63/host
Oct 10 18:41:09.174099 devstack-u2204-93-55 dnsmasq-dhcp[108839]: read /opt/stack/data/neutron/dhcp/cde9c5c8-4c66-494b-9fa3-000d8da14c63/opts
Oct 10 18:41:10.626396 devstack-u2204-93-55 dnsmasq[109009]: read /opt/stack/data/neutron/dhcp/8be30cc6-e4db-4607-8401-77add4833a8f/addn_hosts - 2 names
Oct 10 18:41:10.626548 devstack-u2204-93-55 dnsmasq-dhcp[109009]: read /opt/stack/data/neutron/dhcp/8be30cc6-e4db-4607-8401-77add4833a8f/host
Oct 10 18:41:10.626661 devstack-u2204-93-55 dnsmasq-dhcp[109009]: read /opt/stack/data/neutron/dhcp/8be30cc6-e4db-4607-8401-77add4833a8f/opts
Oct 10 18:41:11.081836 devstack-u2204-93-55 dnsmasq-dhcp[104740]: DHCPRELEASE(tap09b56d26-86) 10.1.0.7 fa:16:3e:f9:ba:92
Oct 10 18:41:11.107770 devstack-u2204-93-55 dnsmasq-dhcp[104740]: DHCPRELEASE(tap09b56d26-86) 10.1.0.7 fa:16:3e:f9:ba:92 unknown lease
Oct 10 18:41:11.941409 devstack-u2204-93-55 dnsmasq[104740]: read /opt/stack/data/neutron/dhcp/5b2c6161-cce8-4b33-a9ef-e3ab9c547004/addn_hosts - 2 names
Oct 10 18:41:11.941527 devstack-u2204-93-55 dnsmasq-dhcp[104740]: read /opt/stack/data/neutron/dhcp/5b2c6161-cce8-4b33-a9ef-e3ab9c547004/host
Oct 10 18:41:11.941620 devstack-u2204-93-55 dnsmasq-dhcp[104740]: read /opt/stack/data/neutron/dhcp/5b2c6161-cce8-4b33-a9ef-e3ab9c547004/opts
Oct 10 18:41:12.922885 devstack-u2204-93-55 dnsmasq[108676]: read /opt/stack/data/neutron/dhcp/db70651c-0727-4990-8cbd-eb226e154c22/addn_hosts - 4 names
Oct 10 18:41:12.923015 devstack-u2204-93-55 dnsmasq-dhcp[108676]: read /opt/stack/data/neutron/dhcp/db70651c-0727-4990-8cbd-eb226e154c22/host
Oct 10 18:41:12.923086 devstack-u2204-93-55 dnsmasq-dhcp[108676]: read /opt/stack/data/neutron/dhcp/db70651c-0727-4990-8cbd-eb226e154c22/opts
Oct 10 18:41:13.871340 devstack-u2204-93-55 dnsmasq[107547]: read /opt/stack/data/neutron/dhcp/149b962f-2707-4974-9a19-d40f73053372/addn_hosts - 4 names
Oct 10 18:41:13.871488 devstack-u2204-93-55 dnsmasq-dhcp[107547]: read /opt/stack/data/neutron/dhcp/149b962f-2707-4974-9a19-d40f73053372/host
Oct 10 18:41:13.871579 devstack-u2204-93-55 dnsmasq-dhcp[107547]: read /opt/stack/data/neutron/dhcp/149b962f-2707-4974-9a19-d40f73053372/opts
Oct 10 18:41:15.349352 devstack-u2204-93-55 dnsmasq[108839]: read /opt/stack/data/neutron/dhcp/cde9c5c8-4c66-494b-9fa3-000d8da14c63/addn_hosts - 2 names
Oct 10 18:41:15.349491 devstack-u2204-93-55 dnsmasq-dhcp[108839]: read /opt/stack/data/neutron/dhcp/cde9c5c8-4c66-494b-9fa3-000d8da14c63/host
Oct 10 18:41:15.349585 devstack-u2204-93-55 dnsmasq-dhcp[108839]: read /opt/stack/data/neutron/dhcp/cde9c5c8-4c66-494b-9fa3-000d8da14c63/opts
Oct 10 18:41:16.293660 devstack-u2204-93-55 dnsmasq[109009]: read /opt/stack/data/neutron/dhcp/8be30cc6-e4db-4607-8401-77add4833a8f/addn_hosts - 2 names
Oct 10 18:41:16.293774 devstack-u2204-93-55 dnsmasq-dhcp[109009]: read /opt/stack/data/neutron/dhcp/8be30cc6-e4db-4607-8401-77add4833a8f/host
Oct 10 18:41:16.293886 devstack-u2204-93-55 dnsmasq-dhcp[109009]: read /opt/stack/data/neutron/dhcp/8be30cc6-e4db-4607-8401-77add4833a8f/opts
Oct 10 18:41:17.255964 devstack-u2204-93-55 dnsmasq[108676]: read /opt/stack/data/neutron/dhcp/db70651c-0727-4990-8cbd-eb226e154c22/addn_hosts - 4 names
Oct 10 18:41:17.256091 devstack-u2204-93-55 dnsmasq-dhcp[108676]: read /opt/stack/data/neutron/dhcp/db70651c-0727-4990-8cbd-eb226e154c22/host
Oct 10 18:41:17.256197 devstack-u2204-93-55 dnsmasq-dhcp[108676]: read /opt/stack/data/neutron/dhcp/db70651c-0727-4990-8cbd-eb226e154c22/opts
Oct 10 18:41:18.717268 devstack-u2204-93-55 dnsmasq[108839]: read /opt/stack/data/neutron/dhcp/cde9c5c8-4c66-494b-9fa3-000d8da14c63/addn_hosts - 2 names
Oct 10 18:41:18.717420 devstack-u2204-93-55 dnsmasq-dhcp[108839]: read /opt/stack/data/neutron/dhcp/cde9c5c8-4c66-494b-9fa3-000d8da14c63/host
Oct 10 18:41:18.717521 devstack-u2204-93-55 dnsmasq-dhcp[108839]: read /opt/stack/data/neutron/dhcp/cde9c5c8-4c66-494b-9fa3-000d8da14c63/opts
Oct 10 18:41:19.674765 devstack-u2204-93-55 dnsmasq[109009]: read /opt/stack/data/neutron/dhcp/8be30cc6-e4db-4607-8401-77add4833a8f/addn_hosts - 4 names
Oct 10 18:41:19.674887 devstack-u2204-93-55 dnsmasq-dhcp[109009]: read /opt/stack/data/neutron/dhcp/8be30cc6-e4db-4607-8401-77add4833a8f/host
Oct 10 18:41:19.674958 devstack-u2204-93-55 dnsmasq-dhcp[109009]: read /opt/stack/data/neutron/dhcp/8be30cc6-e4db-4607-8401-77add4833a8f/opts
Oct 10 18:41:20.636477 devstack-u2204-93-55 dnsmasq[108676]: read /opt/stack/data/neutron/dhcp/db70651c-0727-4990-8cbd-eb226e154c22/addn_hosts - 6 names
Oct 10 18:41:20.636662 devstack-u2204-93-55 dnsmasq-dhcp[108676]: read /opt/stack/data/neutron/dhcp/db70651c-0727-4990-8cbd-eb226e154c22/host
Oct 10 18:41:20.636773 devstack-u2204-93-55 dnsmasq-dhcp[108676]: read /opt/stack/data/neutron/dhcp/db70651c-0727-4990-8cbd-eb226e154c22/opts
Oct 10 18:41:22.033482 devstack-u2204-93-55 dnsmasq[108676]: read /opt/stack/data/neutron/dhcp/db70651c-0727-4990-8cbd-eb226e154c22/addn_hosts - 8 names
Oct 10 18:41:22.034593 devstack-u2204-93-55 dnsmasq-dhcp[108676]: read /opt/stack/data/neutron/dhcp/db70651c-0727-4990-8cbd-eb226e154c22/host
Oct 10 18:41:22.034715 devstack-u2204-93-55 dnsmasq-dhcp[108676]: read /opt/stack/data/neutron/dhcp/db70651c-0727-4990-8cbd-eb226e154c22/opts
Oct 10 18:41:31.605925 devstack-u2204-93-55 dnsmasq[104740]: read /opt/stack/data/neutron/dhcp/5b2c6161-cce8-4b33-a9ef-e3ab9c547004/addn_hosts - 0 names
Oct 10 18:41:31.606027 devstack-u2204-93-55 dnsmasq-dhcp[104740]: read /opt/stack/data/neutron/dhcp/5b2c6161-cce8-4b33-a9ef-e3ab9c547004/host
Oct 10 18:41:31.606103 devstack-u2204-93-55 dnsmasq-dhcp[104740]: read /opt/stack/data/neutron/dhcp/5b2c6161-cce8-4b33-a9ef-e3ab9c547004/opts
Oct 10 18:41:32.981061 devstack-u2204-93-55 dnsmasq[104740]: exiting on receipt of SIGTERM
Oct 10 18:41:38.816099 devstack-u2204-93-55 dnsmasq[109371]: started, version 2.90 cachesize 150
Oct 10 18:41:38.816131 devstack-u2204-93-55 dnsmasq[109371]: DNS service limited to local subnets
Oct 10 18:41:38.816160 devstack-u2204-93-55 dnsmasq[109371]: compile time options: IPv6 GNU-getopt DBus no-UBus i18n IDN2 DHCP DHCPv6 no-Lua TFTP conntrack ipset no-nftset auth cryptohash DNSSEC loop-detect inotify dumpfile
Oct 10 18:41:38.816192 devstack-u2204-93-55 dnsmasq-dhcp[109371]: DHCP, static leases only on 10.1.0.0, lease time 1d
Oct 10 18:41:38.816321 devstack-u2204-93-55 dnsmasq[109371]: reading /etc/resolv.conf
Oct 10 18:41:38.816336 devstack-u2204-93-55 dnsmasq[109371]: using nameserver 127.0.0.53#53
Oct 10 18:41:38.816406 devstack-u2204-93-55 dnsmasq[109371]: read /opt/stack/data/neutron/dhcp/9f123414-deb7-4b57-9909-c65ef8afeabc/addn_hosts - 0 names
Oct 10 18:41:38.816451 devstack-u2204-93-55 dnsmasq-dhcp[109371]: read /opt/stack/data/neutron/dhcp/9f123414-deb7-4b57-9909-c65ef8afeabc/host
Oct 10 18:41:38.816502 devstack-u2204-93-55 dnsmasq-dhcp[109371]: read /opt/stack/data/neutron/dhcp/9f123414-deb7-4b57-9909-c65ef8afeabc/opts
Oct 10 18:41:40.366932 devstack-u2204-93-55 dnsmasq[109371]: read /opt/stack/data/neutron/dhcp/9f123414-deb7-4b57-9909-c65ef8afeabc/addn_hosts - 2 names
Oct 10 18:41:40.366986 devstack-u2204-93-55 dnsmasq-dhcp[109371]: read /opt/stack/data/neutron/dhcp/9f123414-deb7-4b57-9909-c65ef8afeabc/host
Oct 10 18:41:40.367027 devstack-u2204-93-55 dnsmasq-dhcp[109371]: read /opt/stack/data/neutron/dhcp/9f123414-deb7-4b57-9909-c65ef8afeabc/opts
Oct 10 18:41:41.778112 devstack-u2204-93-55 dnsmasq[109371]: read /opt/stack/data/neutron/dhcp/9f123414-deb7-4b57-9909-c65ef8afeabc/addn_hosts - 2 names
Oct 10 18:41:41.778317 devstack-u2204-93-55 dnsmasq-dhcp[109371]: read /opt/stack/data/neutron/dhcp/9f123414-deb7-4b57-9909-c65ef8afeabc/host
Oct 10 18:41:41.778501 devstack-u2204-93-55 dnsmasq-dhcp[109371]: read /opt/stack/data/neutron/dhcp/9f123414-deb7-4b57-9909-c65ef8afeabc/opts
Oct 10 18:41:43.260011 devstack-u2204-93-55 dnsmasq[109371]: read /opt/stack/data/neutron/dhcp/9f123414-deb7-4b57-9909-c65ef8afeabc/addn_hosts - 2 names
Oct 10 18:41:43.260189 devstack-u2204-93-55 dnsmasq-dhcp[109371]: read /opt/stack/data/neutron/dhcp/9f123414-deb7-4b57-9909-c65ef8afeabc/host
Oct 10 18:41:43.260361 devstack-u2204-93-55 dnsmasq-dhcp[109371]: read /opt/stack/data/neutron/dhcp/9f123414-deb7-4b57-9909-c65ef8afeabc/opts
Oct 10 18:41:45.567831 devstack-u2204-93-55 dnsmasq[109371]: read /opt/stack/data/neutron/dhcp/9f123414-deb7-4b57-9909-c65ef8afeabc/addn_hosts - 4 names
Oct 10 18:41:45.567984 devstack-u2204-93-55 dnsmasq-dhcp[109371]: read /opt/stack/data/neutron/dhcp/9f123414-deb7-4b57-9909-c65ef8afeabc/host
Oct 10 18:41:45.568081 devstack-u2204-93-55 dnsmasq-dhcp[109371]: read /opt/stack/data/neutron/dhcp/9f123414-deb7-4b57-9909-c65ef8afeabc/opts
Oct 10 18:42:08.068583 devstack-u2204-93-55 dnsmasq-dhcp[103478]: DHCPRELEASE(tap3e05171e-99) 10.1.0.3 fa:16:3e:0a:a0:b8
Oct 10 18:42:08.099169 devstack-u2204-93-55 dnsmasq-dhcp[103478]: DHCPRELEASE(tap3e05171e-99) 10.1.0.3 fa:16:3e:0a:a0:b8 unknown lease
Oct 10 18:42:08.942109 devstack-u2204-93-55 dnsmasq[103478]: read /opt/stack/data/neutron/dhcp/043bab69-f16f-48fb-884c-8a14d9527751/addn_hosts - 6 names
Oct 10 18:42:08.942357 devstack-u2204-93-55 dnsmasq-dhcp[103478]: read /opt/stack/data/neutron/dhcp/043bab69-f16f-48fb-884c-8a14d9527751/host
Oct 10 18:42:08.942924 devstack-u2204-93-55 dnsmasq-dhcp[103478]: read /opt/stack/data/neutron/dhcp/043bab69-f16f-48fb-884c-8a14d9527751/opts
Oct 10 18:42:09.910575 devstack-u2204-93-55 dnsmasq[108839]: read /opt/stack/data/neutron/dhcp/cde9c5c8-4c66-494b-9fa3-000d8da14c63/addn_hosts - 4 names
Oct 10 18:42:09.910670 devstack-u2204-93-55 dnsmasq-dhcp[108839]: read /opt/stack/data/neutron/dhcp/cde9c5c8-4c66-494b-9fa3-000d8da14c63/host
Oct 10 18:42:09.910739 devstack-u2204-93-55 dnsmasq-dhcp[108839]: read /opt/stack/data/neutron/dhcp/cde9c5c8-4c66-494b-9fa3-000d8da14c63/opts
Oct 10 18:42:15.237840 devstack-u2204-93-55 dnsmasq[109371]: read /opt/stack/data/neutron/dhcp/9f123414-deb7-4b57-9909-c65ef8afeabc/addn_hosts - 6 names
Oct 10 18:42:15.238052 devstack-u2204-93-55 dnsmasq-dhcp[109371]: read /opt/stack/data/neutron/dhcp/9f123414-deb7-4b57-9909-c65ef8afeabc/host
Oct 10 18:42:15.238179 devstack-u2204-93-55 dnsmasq-dhcp[109371]: read /opt/stack/data/neutron/dhcp/9f123414-deb7-4b57-9909-c65ef8afeabc/opts
Oct 10 18:42:23.365857 devstack-u2204-93-55 dnsmasq-dhcp[109371]: DHCPDISCOVER(tap4f763ab0-58) fa:16:3e:8c:14:c8
Oct 10 18:42:23.365914 devstack-u2204-93-55 dnsmasq-dhcp[109371]: DHCPOFFER(tap4f763ab0-58) 10.1.0.14 fa:16:3e:8c:14:c8
Oct 10 18:42:23.395712 devstack-u2204-93-55 dnsmasq-dhcp[109371]: DHCPREQUEST(tap4f763ab0-58) 10.1.0.14 fa:16:3e:8c:14:c8
Oct 10 18:42:23.395780 devstack-u2204-93-55 dnsmasq-dhcp[109371]: DHCPACK(tap4f763ab0-58) 10.1.0.14 fa:16:3e:8c:14:c8 host-10-1-0-14
Oct 10 18:42:30.192836 devstack-u2204-93-55 dnsmasq-dhcp[103478]: DHCPRELEASE(tap3e05171e-99) 10.1.0.9 fa:16:3e:07:70:73
Oct 10 18:42:30.216630 devstack-u2204-93-55 dnsmasq-dhcp[103478]: DHCPRELEASE(tap3e05171e-99) 10.1.0.9 fa:16:3e:07:70:73 unknown lease
Oct 10 18:42:31.054823 devstack-u2204-93-55 dnsmasq[103478]: read /opt/stack/data/neutron/dhcp/043bab69-f16f-48fb-884c-8a14d9527751/addn_hosts - 4 names
Oct 10 18:42:31.054986 devstack-u2204-93-55 dnsmasq-dhcp[103478]: read /opt/stack/data/neutron/dhcp/043bab69-f16f-48fb-884c-8a14d9527751/host
Oct 10 18:42:31.055080 devstack-u2204-93-55 dnsmasq-dhcp[103478]: read /opt/stack/data/neutron/dhcp/043bab69-f16f-48fb-884c-8a14d9527751/opts
Oct 10 18:42:38.123941 devstack-u2204-93-55 dnsmasq-dhcp[103478]: DHCPRELEASE(tap3e05171e-99) 10.1.0.10 fa:16:3e:7e:34:ef
Oct 10 18:42:38.149119 devstack-u2204-93-55 dnsmasq-dhcp[103478]: DHCPRELEASE(tap3e05171e-99) 10.1.0.10 fa:16:3e:7e:34:ef unknown lease
Oct 10 18:42:38.983319 devstack-u2204-93-55 dnsmasq[103478]: read /opt/stack/data/neutron/dhcp/043bab69-f16f-48fb-884c-8a14d9527751/addn_hosts - 2 names
Oct 10 18:42:38.983438 devstack-u2204-93-55 dnsmasq-dhcp[103478]: read /opt/stack/data/neutron/dhcp/043bab69-f16f-48fb-884c-8a14d9527751/host
Oct 10 18:42:38.983583 devstack-u2204-93-55 dnsmasq-dhcp[103478]: read /opt/stack/data/neutron/dhcp/043bab69-f16f-48fb-884c-8a14d9527751/opts
Oct 10 18:42:43.796605 devstack-u2204-93-55 dnsmasq[103478]: read /opt/stack/data/neutron/dhcp/043bab69-f16f-48fb-884c-8a14d9527751/addn_hosts - 0 names
Oct 10 18:42:43.796670 devstack-u2204-93-55 dnsmasq-dhcp[103478]: read /opt/stack/data/neutron/dhcp/043bab69-f16f-48fb-884c-8a14d9527751/host
Oct 10 18:42:43.796727 devstack-u2204-93-55 dnsmasq-dhcp[103478]: read /opt/stack/data/neutron/dhcp/043bab69-f16f-48fb-884c-8a14d9527751/opts
Oct 10 18:42:45.525231 devstack-u2204-93-55 dnsmasq[103478]: exiting on receipt of SIGTERM
Oct 10 18:42:51.293816 devstack-u2204-93-55 dnsmasq[111053]: started, version 2.90 cachesize 150
Oct 10 18:42:51.293834 devstack-u2204-93-55 dnsmasq[111053]: DNS service limited to local subnets
Oct 10 18:42:51.293846 devstack-u2204-93-55 dnsmasq[111053]: compile time options: IPv6 GNU-getopt DBus no-UBus i18n IDN2 DHCP DHCPv6 no-Lua TFTP conntrack ipset no-nftset auth cryptohash DNSSEC loop-detect inotify dumpfile
Oct 10 18:42:51.293876 devstack-u2204-93-55 dnsmasq-dhcp[111053]: DHCP, static leases only on 10.1.0.0, lease time 1d
Oct 10 18:42:51.293986 devstack-u2204-93-55 dnsmasq[111053]: reading /etc/resolv.conf
Oct 10 18:42:51.293997 devstack-u2204-93-55 dnsmasq[111053]: using nameserver 127.0.0.53#53
Oct 10 18:42:51.294063 devstack-u2204-93-55 dnsmasq[111053]: read /opt/stack/data/neutron/dhcp/9be5d29c-bf17-4a93-8d42-31ed903afb49/addn_hosts - 0 names
Oct 10 18:42:51.294098 devstack-u2204-93-55 dnsmasq-dhcp[111053]: read /opt/stack/data/neutron/dhcp/9be5d29c-bf17-4a93-8d42-31ed903afb49/host
Oct 10 18:42:51.294186 devstack-u2204-93-55 dnsmasq-dhcp[111053]: read /opt/stack/data/neutron/dhcp/9be5d29c-bf17-4a93-8d42-31ed903afb49/opts
Oct 10 18:42:52.856648 devstack-u2204-93-55 dnsmasq[111053]: read /opt/stack/data/neutron/dhcp/9be5d29c-bf17-4a93-8d42-31ed903afb49/addn_hosts - 2 names
Oct 10 18:42:52.856706 devstack-u2204-93-55 dnsmasq-dhcp[111053]: read /opt/stack/data/neutron/dhcp/9be5d29c-bf17-4a93-8d42-31ed903afb49/host
Oct 10 18:42:52.856749 devstack-u2204-93-55 dnsmasq-dhcp[111053]: read /opt/stack/data/neutron/dhcp/9be5d29c-bf17-4a93-8d42-31ed903afb49/opts
Oct 10 18:42:54.263133 devstack-u2204-93-55 dnsmasq[111053]: read /opt/stack/data/neutron/dhcp/9be5d29c-bf17-4a93-8d42-31ed903afb49/addn_hosts - 2 names
Oct 10 18:42:54.263298 devstack-u2204-93-55 dnsmasq-dhcp[111053]: read /opt/stack/data/neutron/dhcp/9be5d29c-bf17-4a93-8d42-31ed903afb49/host
Oct 10 18:42:54.263341 devstack-u2204-93-55 dnsmasq-dhcp[111053]: read /opt/stack/data/neutron/dhcp/9be5d29c-bf17-4a93-8d42-31ed903afb49/opts
Oct 10 18:42:55.857329 devstack-u2204-93-55 dnsmasq[111053]: read /opt/stack/data/neutron/dhcp/9be5d29c-bf17-4a93-8d42-31ed903afb49/addn_hosts - 2 names
Oct 10 18:42:55.859178 devstack-u2204-93-55 dnsmasq-dhcp[111053]: read /opt/stack/data/neutron/dhcp/9be5d29c-bf17-4a93-8d42-31ed903afb49/host
Oct 10 18:42:55.859698 devstack-u2204-93-55 dnsmasq-dhcp[111053]: read /opt/stack/data/neutron/dhcp/9be5d29c-bf17-4a93-8d42-31ed903afb49/opts
Oct 10 18:43:00.662324 devstack-u2204-93-55 dnsmasq-dhcp[108839]: DHCPDISCOVER(tap73c1bd0b-da) fa:16:3e:c4:d5:33
Oct 10 18:43:00.662356 devstack-u2204-93-55 dnsmasq-dhcp[108839]: DHCPOFFER(tap73c1bd0b-da) 10.1.0.7 fa:16:3e:c4:d5:33
Oct 10 18:43:00.679020 devstack-u2204-93-55 dnsmasq-dhcp[108839]: DHCPREQUEST(tap73c1bd0b-da) 10.1.0.7 fa:16:3e:c4:d5:33
Oct 10 18:43:00.679060 devstack-u2204-93-55 dnsmasq-dhcp[108839]: DHCPACK(tap73c1bd0b-da) 10.1.0.7 fa:16:3e:c4:d5:33 host-10-1-0-7
Oct 10 18:43:01.734136 devstack-u2204-93-55 dnsmasq[111053]: read /opt/stack/data/neutron/dhcp/9be5d29c-bf17-4a93-8d42-31ed903afb49/addn_hosts - 4 names
Oct 10 18:43:01.734264 devstack-u2204-93-55 dnsmasq-dhcp[111053]: read /opt/stack/data/neutron/dhcp/9be5d29c-bf17-4a93-8d42-31ed903afb49/host
Oct 10 18:43:01.734359 devstack-u2204-93-55 dnsmasq-dhcp[111053]: read /opt/stack/data/neutron/dhcp/9be5d29c-bf17-4a93-8d42-31ed903afb49/opts
Oct 10 18:43:18.013782 devstack-u2204-93-55 dnsmasq-dhcp[108676]: DHCPDISCOVER(tap326643d8-1a) fa:16:3e:53:8f:0f
Oct 10 18:43:18.013880 devstack-u2204-93-55 dnsmasq-dhcp[108676]: DHCPOFFER(tap326643d8-1a) 10.1.1.7 fa:16:3e:53:8f:0f
Oct 10 18:43:18.287607 devstack-u2204-93-55 dnsmasq-dhcp[108676]: DHCPREQUEST(tap326643d8-1a) 10.1.1.7 fa:16:3e:53:8f:0f
Oct 10 18:43:18.287685 devstack-u2204-93-55 dnsmasq-dhcp[108676]: DHCPACK(tap326643d8-1a) 10.1.1.7 fa:16:3e:53:8f:0f host-10-1-1-7
Oct 10 18:43:18.627291 devstack-u2204-93-55 dnsmasq-dhcp[107547]: DHCPDISCOVER(tapcdbd367a-92) fa:16:3e:87:7b:c1
Oct 10 18:43:18.627336 devstack-u2204-93-55 dnsmasq-dhcp[107547]: DHCPOFFER(tapcdbd367a-92) 10.1.0.9 fa:16:3e:87:7b:c1
Oct 10 18:43:18.635829 devstack-u2204-93-55 dnsmasq-dhcp[109009]: DHCPDISCOVER(tap4fc4a130-f5) fa:16:3e:3d:1c:65
Oct 10 18:43:18.635883 devstack-u2204-93-55 dnsmasq-dhcp[109009]: DHCPOFFER(tap4fc4a130-f5) 10.2.2.100 fa:16:3e:3d:1c:65
Oct 10 18:43:18.677889 devstack-u2204-93-55 dnsmasq-dhcp[108676]: DHCPDISCOVER(tap326643d8-1a) fa:16:3e:54:12:d0
Oct 10 18:43:18.677951 devstack-u2204-93-55 dnsmasq-dhcp[108676]: DHCPOFFER(tap326643d8-1a) 10.1.1.9 fa:16:3e:54:12:d0
Oct 10 18:43:18.760558 devstack-u2204-93-55 dnsmasq-dhcp[109009]: DHCPREQUEST(tap4fc4a130-f5) 10.2.2.100 fa:16:3e:3d:1c:65
Oct 10 18:43:18.760638 devstack-u2204-93-55 dnsmasq-dhcp[109009]: DHCPACK(tap4fc4a130-f5) 10.2.2.100 fa:16:3e:3d:1c:65 host-10-2-2-100
Oct 10 18:43:18.763401 devstack-u2204-93-55 dnsmasq-dhcp[107547]: DHCPREQUEST(tapcdbd367a-92) 10.1.0.9 fa:16:3e:87:7b:c1
Oct 10 18:43:18.763459 devstack-u2204-93-55 dnsmasq-dhcp[107547]: DHCPACK(tapcdbd367a-92) 10.1.0.9 fa:16:3e:87:7b:c1 host-10-1-0-9
Oct 10 18:43:18.783849 devstack-u2204-93-55 dnsmasq-dhcp[108676]: DHCPDISCOVER(tap326643d8-1a) fa:16:3e:4f:76:bf
Oct 10 18:43:18.783896 devstack-u2204-93-55 dnsmasq-dhcp[108676]: DHCPOFFER(tap326643d8-1a) 10.1.1.49 fa:16:3e:4f:76:bf
Oct 10 18:43:18.811311 devstack-u2204-93-55 dnsmasq-dhcp[108676]: DHCPREQUEST(tap326643d8-1a) 10.1.1.9 fa:16:3e:54:12:d0
Oct 10 18:43:18.811365 devstack-u2204-93-55 dnsmasq-dhcp[108676]: DHCPACK(tap326643d8-1a) 10.1.1.9 fa:16:3e:54:12:d0 host-10-1-1-9
Oct 10 18:43:18.935510 devstack-u2204-93-55 dnsmasq-dhcp[108676]: DHCPREQUEST(tap326643d8-1a) 10.1.1.49 fa:16:3e:4f:76:bf
Oct 10 18:43:18.935599 devstack-u2204-93-55 dnsmasq-dhcp[108676]: DHCPACK(tap326643d8-1a) 10.1.1.49 fa:16:3e:4f:76:bf host-10-1-1-49
Oct 10 18:43:19.036275 devstack-u2204-93-55 dnsmasq-dhcp[109009]: DHCPDISCOVER(tap4fc4a130-f5) fa:16:3e:70:10:74
Oct 10 18:43:19.036337 devstack-u2204-93-55 dnsmasq-dhcp[109009]: DHCPOFFER(tap4fc4a130-f5) 10.2.2.200 fa:16:3e:70:10:74
Oct 10 18:43:19.141815 devstack-u2204-93-55 dnsmasq-dhcp[109009]: DHCPREQUEST(tap4fc4a130-f5) 10.2.2.200 fa:16:3e:70:10:74
Oct 10 18:43:19.141881 devstack-u2204-93-55 dnsmasq-dhcp[109009]: DHCPACK(tap4fc4a130-f5) 10.2.2.200 fa:16:3e:70:10:74 host-10-2-2-200
Oct 10 18:43:19.161077 devstack-u2204-93-55 dnsmasq-dhcp[108676]: DHCPDISCOVER(tap326643d8-1a) fa:16:3e:a3:aa:2f
Oct 10 18:43:19.161105 devstack-u2204-93-55 dnsmasq-dhcp[108676]: DHCPOFFER(tap326643d8-1a) 10.1.1.179 fa:16:3e:a3:aa:2f
Oct 10 18:43:19.244669 devstack-u2204-93-55 dnsmasq-dhcp[108676]: DHCPREQUEST(tap326643d8-1a) 10.1.1.179 fa:16:3e:a3:aa:2f
Oct 10 18:43:19.244747 devstack-u2204-93-55 dnsmasq-dhcp[108676]: DHCPACK(tap326643d8-1a) 10.1.1.179 fa:16:3e:a3:aa:2f host-10-1-1-179
Oct 10 18:43:28.207014 devstack-u2204-93-55 dnsmasq[109371]: read /opt/stack/data/neutron/dhcp/9f123414-deb7-4b57-9909-c65ef8afeabc/addn_hosts - 8 names
Oct 10 18:43:28.207301 devstack-u2204-93-55 dnsmasq-dhcp[109371]: read /opt/stack/data/neutron/dhcp/9f123414-deb7-4b57-9909-c65ef8afeabc/host
Oct 10 18:43:28.207452 devstack-u2204-93-55 dnsmasq-dhcp[109371]: read /opt/stack/data/neutron/dhcp/9f123414-deb7-4b57-9909-c65ef8afeabc/opts
Oct 10 18:43:42.715008 devstack-u2204-93-55 dnsmasq-dhcp[111053]: DHCPDISCOVER(tapa688f76b-f5) fa:16:3e:fa:b1:77
Oct 10 18:43:42.715039 devstack-u2204-93-55 dnsmasq-dhcp[111053]: DHCPOFFER(tapa688f76b-f5) 10.1.0.4 fa:16:3e:fa:b1:77
Oct 10 18:43:42.733531 devstack-u2204-93-55 dnsmasq-dhcp[111053]: DHCPREQUEST(tapa688f76b-f5) 10.1.0.4 fa:16:3e:fa:b1:77
Oct 10 18:43:42.733558 devstack-u2204-93-55 dnsmasq-dhcp[111053]: DHCPACK(tapa688f76b-f5) 10.1.0.4 fa:16:3e:fa:b1:77 host-10-1-0-4
Oct 10 18:43:47.624519 devstack-u2204-93-55 dnsmasq-dhcp[108676]: DHCPRELEASE(tap326643d8-1a) 10.1.1.9 fa:16:3e:54:12:d0
Oct 10 18:43:47.660221 devstack-u2204-93-55 dnsmasq-dhcp[108676]: DHCPRELEASE(tap326643d8-1a) 10.1.1.9 fa:16:3e:54:12:d0 unknown lease
Oct 10 18:43:48.499852 devstack-u2204-93-55 dnsmasq[108676]: read /opt/stack/data/neutron/dhcp/db70651c-0727-4990-8cbd-eb226e154c22/addn_hosts - 6 names
Oct 10 18:43:48.501447 devstack-u2204-93-55 dnsmasq-dhcp[108676]: read /opt/stack/data/neutron/dhcp/db70651c-0727-4990-8cbd-eb226e154c22/host
Oct 10 18:43:48.501563 devstack-u2204-93-55 dnsmasq-dhcp[108676]: read /opt/stack/data/neutron/dhcp/db70651c-0727-4990-8cbd-eb226e154c22/opts
Oct 10 18:43:48.892383 devstack-u2204-93-55 dnsmasq-dhcp[107547]: DHCPRELEASE(tapcdbd367a-92) 10.1.0.9 fa:16:3e:87:7b:c1
Oct 10 18:43:48.913333 devstack-u2204-93-55 dnsmasq-dhcp[107547]: DHCPRELEASE(tapcdbd367a-92) 10.1.0.9 fa:16:3e:87:7b:c1 unknown lease
Oct 10 18:43:49.752483 devstack-u2204-93-55 dnsmasq[107547]: read /opt/stack/data/neutron/dhcp/149b962f-2707-4974-9a19-d40f73053372/addn_hosts - 2 names
Oct 10 18:43:49.752545 devstack-u2204-93-55 dnsmasq-dhcp[107547]: read /opt/stack/data/neutron/dhcp/149b962f-2707-4974-9a19-d40f73053372/host
Oct 10 18:43:49.752589 devstack-u2204-93-55 dnsmasq-dhcp[107547]: read /opt/stack/data/neutron/dhcp/149b962f-2707-4974-9a19-d40f73053372/opts
Oct 10 18:43:50.092684 devstack-u2204-93-55 dnsmasq-dhcp[108676]: DHCPRELEASE(tap326643d8-1a) 10.1.1.49 fa:16:3e:4f:76:bf
Oct 10 18:43:50.112940 devstack-u2204-93-55 dnsmasq-dhcp[108676]: DHCPRELEASE(tap326643d8-1a) 10.1.1.49 fa:16:3e:4f:76:bf unknown lease
Oct 10 18:43:50.950297 devstack-u2204-93-55 dnsmasq[108676]: read /opt/stack/data/neutron/dhcp/db70651c-0727-4990-8cbd-eb226e154c22/addn_hosts - 4 names
Oct 10 18:43:50.950414 devstack-u2204-93-55 dnsmasq-dhcp[108676]: read /opt/stack/data/neutron/dhcp/db70651c-0727-4990-8cbd-eb226e154c22/host
Oct 10 18:43:50.950510 devstack-u2204-93-55 dnsmasq-dhcp[108676]: read /opt/stack/data/neutron/dhcp/db70651c-0727-4990-8cbd-eb226e154c22/opts
Oct 10 18:43:51.369222 devstack-u2204-93-55 dnsmasq-dhcp[109009]: DHCPRELEASE(tap4fc4a130-f5) 10.2.2.200 fa:16:3e:70:10:74
Oct 10 18:43:51.396249 devstack-u2204-93-55 dnsmasq-dhcp[109009]: DHCPRELEASE(tap4fc4a130-f5) 10.2.2.200 fa:16:3e:70:10:74 unknown lease
Oct 10 18:43:52.229507 devstack-u2204-93-55 dnsmasq[109009]: read /opt/stack/data/neutron/dhcp/8be30cc6-e4db-4607-8401-77add4833a8f/addn_hosts - 2 names
Oct 10 18:43:52.229677 devstack-u2204-93-55 dnsmasq-dhcp[109009]: read /opt/stack/data/neutron/dhcp/8be30cc6-e4db-4607-8401-77add4833a8f/host
Oct 10 18:43:52.229820 devstack-u2204-93-55 dnsmasq-dhcp[109009]: read /opt/stack/data/neutron/dhcp/8be30cc6-e4db-4607-8401-77add4833a8f/opts
Oct 10 18:43:52.652736 devstack-u2204-93-55 dnsmasq-dhcp[109009]: DHCPRELEASE(tap4fc4a130-f5) 10.2.2.100 fa:16:3e:3d:1c:65
Oct 10 18:43:52.682000 devstack-u2204-93-55 dnsmasq-dhcp[109009]: DHCPRELEASE(tap4fc4a130-f5) 10.2.2.100 fa:16:3e:3d:1c:65 unknown lease
Oct 10 18:43:53.515538 devstack-u2204-93-55 dnsmasq[109009]: read /opt/stack/data/neutron/dhcp/8be30cc6-e4db-4607-8401-77add4833a8f/addn_hosts - 0 names
Oct 10 18:43:53.515849 devstack-u2204-93-55 dnsmasq-dhcp[109009]: read /opt/stack/data/neutron/dhcp/8be30cc6-e4db-4607-8401-77add4833a8f/host
Oct 10 18:43:53.515991 devstack-u2204-93-55 dnsmasq-dhcp[109009]: read /opt/stack/data/neutron/dhcp/8be30cc6-e4db-4607-8401-77add4833a8f/opts
Oct 10 18:43:55.651023 devstack-u2204-93-55 dnsmasq[109371]: read /opt/stack/data/neutron/dhcp/9f123414-deb7-4b57-9909-c65ef8afeabc/addn_hosts - 10 names
Oct 10 18:43:55.651373 devstack-u2204-93-55 dnsmasq-dhcp[109371]: read /opt/stack/data/neutron/dhcp/9f123414-deb7-4b57-9909-c65ef8afeabc/host
Oct 10 18:43:55.651495 devstack-u2204-93-55 dnsmasq-dhcp[109371]: read /opt/stack/data/neutron/dhcp/9f123414-deb7-4b57-9909-c65ef8afeabc/opts
Oct 10 18:44:06.034512 devstack-u2204-93-55 dnsmasq-dhcp[109371]: DHCPDISCOVER(tap4f763ab0-58) fa:16:3e:c6:f3:f0
Oct 10 18:44:06.034576 devstack-u2204-93-55 dnsmasq-dhcp[109371]: DHCPOFFER(tap4f763ab0-58) 10.1.0.3 fa:16:3e:c6:f3:f0
Oct 10 18:44:06.059807 devstack-u2204-93-55 dnsmasq-dhcp[109371]: DHCPREQUEST(tap4f763ab0-58) 10.1.0.3 fa:16:3e:c6:f3:f0
Oct 10 18:44:06.059893 devstack-u2204-93-55 dnsmasq-dhcp[109371]: DHCPACK(tap4f763ab0-58) 10.1.0.3 fa:16:3e:c6:f3:f0 host-10-1-0-3
Oct 10 18:44:45.789480 devstack-u2204-93-55 dnsmasq-dhcp[108676]: DHCPRELEASE(tap326643d8-1a) 10.1.1.7 fa:16:3e:53:8f:0f
Oct 10 18:44:45.811136 devstack-u2204-93-55 dnsmasq-dhcp[108676]: DHCPRELEASE(tap326643d8-1a) 10.1.1.7 fa:16:3e:53:8f:0f unknown lease
Oct 10 18:44:46.642798 devstack-u2204-93-55 dnsmasq[108676]: read /opt/stack/data/neutron/dhcp/db70651c-0727-4990-8cbd-eb226e154c22/addn_hosts - 2 names
Oct 10 18:44:46.642996 devstack-u2204-93-55 dnsmasq-dhcp[108676]: read /opt/stack/data/neutron/dhcp/db70651c-0727-4990-8cbd-eb226e154c22/host
Oct 10 18:44:46.643108 devstack-u2204-93-55 dnsmasq-dhcp[108676]: read /opt/stack/data/neutron/dhcp/db70651c-0727-4990-8cbd-eb226e154c22/opts
Oct 10 18:44:47.533622 devstack-u2204-93-55 dnsmasq[109009]: exiting on receipt of SIGTERM
Oct 10 18:44:48.646544 devstack-u2204-93-55 dnsmasq[108676]: exiting on receipt of SIGTERM
Oct 10 18:44:59.467750 devstack-u2204-93-55 dnsmasq[107547]: read /opt/stack/data/neutron/dhcp/149b962f-2707-4974-9a19-d40f73053372/addn_hosts - 0 names
Oct 10 18:44:59.468022 devstack-u2204-93-55 dnsmasq-dhcp[107547]: read /opt/stack/data/neutron/dhcp/149b962f-2707-4974-9a19-d40f73053372/host
Oct 10 18:44:59.468633 devstack-u2204-93-55 dnsmasq-dhcp[107547]: read /opt/stack/data/neutron/dhcp/149b962f-2707-4974-9a19-d40f73053372/opts
Oct 10 18:45:01.243025 devstack-u2204-93-55 dnsmasq[107547]: exiting on receipt of SIGTERM
Oct 10 18:45:02.790966 devstack-u2204-93-55 dnsmasq[107871]: read /opt/stack/data/neutron/dhcp/3e8f8ddf-c440-41c2-a26e-14f8eaa66fb9/addn_hosts - 0 names
Oct 10 18:45:02.791059 devstack-u2204-93-55 dnsmasq-dhcp[107871]: read /opt/stack/data/neutron/dhcp/3e8f8ddf-c440-41c2-a26e-14f8eaa66fb9/host
Oct 10 18:45:02.791136 devstack-u2204-93-55 dnsmasq-dhcp[107871]: read /opt/stack/data/neutron/dhcp/3e8f8ddf-c440-41c2-a26e-14f8eaa66fb9/opts
Oct 10 18:45:04.614838 devstack-u2204-93-55 dnsmasq[107871]: exiting on receipt of SIGTERM
Oct 10 18:45:11.101410 devstack-u2204-93-55 dnsmasq[112975]: started, version 2.90 cachesize 150
Oct 10 18:45:11.101462 devstack-u2204-93-55 dnsmasq[112975]: DNS service limited to local subnets
Oct 10 18:45:11.101487 devstack-u2204-93-55 dnsmasq[112975]: compile time options: IPv6 GNU-getopt DBus no-UBus i18n IDN2 DHCP DHCPv6 no-Lua TFTP conntrack ipset no-nftset auth cryptohash DNSSEC loop-detect inotify dumpfile
Oct 10 18:45:11.101564 devstack-u2204-93-55 dnsmasq-dhcp[112975]: DHCP, static leases only on 10.1.0.0, lease time 1d
Oct 10 18:45:11.104434 devstack-u2204-93-55 dnsmasq[112975]: reading /etc/resolv.conf
Oct 10 18:45:11.104459 devstack-u2204-93-55 dnsmasq[112975]: using nameserver 127.0.0.53#53
Oct 10 18:45:11.104551 devstack-u2204-93-55 dnsmasq[112975]: read /opt/stack/data/neutron/dhcp/98a87048-dbf9-46e3-9def-863f03051a0c/addn_hosts - 0 names
Oct 10 18:45:11.104602 devstack-u2204-93-55 dnsmasq-dhcp[112975]: read /opt/stack/data/neutron/dhcp/98a87048-dbf9-46e3-9def-863f03051a0c/host
Oct 10 18:45:11.104664 devstack-u2204-93-55 dnsmasq-dhcp[112975]: read /opt/stack/data/neutron/dhcp/98a87048-dbf9-46e3-9def-863f03051a0c/opts
Oct 10 18:45:12.662418 devstack-u2204-93-55 dnsmasq[112975]: read /opt/stack/data/neutron/dhcp/98a87048-dbf9-46e3-9def-863f03051a0c/addn_hosts - 2 names
Oct 10 18:45:12.662549 devstack-u2204-93-55 dnsmasq-dhcp[112975]: read /opt/stack/data/neutron/dhcp/98a87048-dbf9-46e3-9def-863f03051a0c/host
Oct 10 18:45:12.662660 devstack-u2204-93-55 dnsmasq-dhcp[112975]: read /opt/stack/data/neutron/dhcp/98a87048-dbf9-46e3-9def-863f03051a0c/opts
Oct 10 18:45:14.065036 devstack-u2204-93-55 dnsmasq[112975]: read /opt/stack/data/neutron/dhcp/98a87048-dbf9-46e3-9def-863f03051a0c/addn_hosts - 2 names
Oct 10 18:45:14.065182 devstack-u2204-93-55 dnsmasq-dhcp[112975]: read /opt/stack/data/neutron/dhcp/98a87048-dbf9-46e3-9def-863f03051a0c/host
Oct 10 18:45:14.065365 devstack-u2204-93-55 dnsmasq-dhcp[112975]: read /opt/stack/data/neutron/dhcp/98a87048-dbf9-46e3-9def-863f03051a0c/opts
Oct 10 18:45:15.479297 devstack-u2204-93-55 dnsmasq[112975]: read /opt/stack/data/neutron/dhcp/98a87048-dbf9-46e3-9def-863f03051a0c/addn_hosts - 2 names
Oct 10 18:45:15.479351 devstack-u2204-93-55 dnsmasq-dhcp[112975]: read /opt/stack/data/neutron/dhcp/98a87048-dbf9-46e3-9def-863f03051a0c/host
Oct 10 18:45:15.479393 devstack-u2204-93-55 dnsmasq-dhcp[112975]: read /opt/stack/data/neutron/dhcp/98a87048-dbf9-46e3-9def-863f03051a0c/opts
Oct 10 18:45:22.322358 devstack-u2204-93-55 dnsmasq[112975]: read /opt/stack/data/neutron/dhcp/98a87048-dbf9-46e3-9def-863f03051a0c/addn_hosts - 4 names
Oct 10 18:45:22.322541 devstack-u2204-93-55 dnsmasq-dhcp[112975]: read /opt/stack/data/neutron/dhcp/98a87048-dbf9-46e3-9def-863f03051a0c/host
Oct 10 18:45:22.322677 devstack-u2204-93-55 dnsmasq-dhcp[112975]: read /opt/stack/data/neutron/dhcp/98a87048-dbf9-46e3-9def-863f03051a0c/opts
Oct 10 18:45:48.363254 devstack-u2204-93-55 dnsmasq-dhcp[108839]: DHCPDISCOVER(tap73c1bd0b-da) fa:16:3e:c4:d5:33
Oct 10 18:45:48.363303 devstack-u2204-93-55 dnsmasq-dhcp[108839]: DHCPOFFER(tap73c1bd0b-da) 10.1.0.7 fa:16:3e:c4:d5:33
Oct 10 18:45:48.389509 devstack-u2204-93-55 dnsmasq-dhcp[108839]: DHCPREQUEST(tap73c1bd0b-da) 10.1.0.7 fa:16:3e:c4:d5:33
Oct 10 18:45:48.389579 devstack-u2204-93-55 dnsmasq-dhcp[108839]: DHCPACK(tap73c1bd0b-da) 10.1.0.7 fa:16:3e:c4:d5:33 host-10-1-0-7
Oct 10 18:45:54.664519 devstack-u2204-93-55 dnsmasq-dhcp[111053]: DHCPREQUEST(tapa688f76b-f5) 10.1.0.4 fa:16:3e:fa:b1:77
Oct 10 18:45:54.664545 devstack-u2204-93-55 dnsmasq-dhcp[111053]: DHCPACK(tapa688f76b-f5) 10.1.0.4 fa:16:3e:fa:b1:77 host-10-1-0-4
Oct 10 18:45:58.403484 devstack-u2204-93-55 dnsmasq-dhcp[112975]: DHCPDISCOVER(tap315b7526-91) fa:16:3e:62:00:fb
Oct 10 18:45:58.403537 devstack-u2204-93-55 dnsmasq-dhcp[112975]: DHCPOFFER(tap315b7526-91) 10.1.0.3 fa:16:3e:62:00:fb
Oct 10 18:45:58.426397 devstack-u2204-93-55 dnsmasq-dhcp[112975]: DHCPREQUEST(tap315b7526-91) 10.1.0.3 fa:16:3e:62:00:fb
Oct 10 18:45:58.426484 devstack-u2204-93-55 dnsmasq-dhcp[112975]: DHCPACK(tap315b7526-91) 10.1.0.3 fa:16:3e:62:00:fb host-10-1-0-3
Oct 10 18:45:58.735350 devstack-u2204-93-55 dnsmasq[109371]: read /opt/stack/data/neutron/dhcp/9f123414-deb7-4b57-9909-c65ef8afeabc/addn_hosts - 8 names
Oct 10 18:45:58.735482 devstack-u2204-93-55 dnsmasq-dhcp[109371]: read /opt/stack/data/neutron/dhcp/9f123414-deb7-4b57-9909-c65ef8afeabc/host
Oct 10 18:45:58.735574 devstack-u2204-93-55 dnsmasq-dhcp[109371]: read /opt/stack/data/neutron/dhcp/9f123414-deb7-4b57-9909-c65ef8afeabc/opts
Oct 10 18:46:14.788872 devstack-u2204-93-55 dnsmasq-dhcp[109371]: DHCPRELEASE(tap4f763ab0-58) 10.1.0.3 fa:16:3e:c6:f3:f0
