Oct 10 19:04:20.573112 devstack-u2204-93-55 dnsmasq-dhcp[122304]: DHCPOFFER(tap087d3298-cc) 10.1.0.4 fa:16:3e:e6:9b:4b
Oct 10 19:04:20.588631 devstack-u2204-93-55 dnsmasq-dhcp[122304]: DHCPREQUEST(tap087d3298-cc) 10.1.0.4 fa:16:3e:e6:9b:4b
Oct 10 19:04:20.588709 devstack-u2204-93-55 dnsmasq-dhcp[122304]: DHCPACK(tap087d3298-cc) 10.1.0.4 fa:16:3e:e6:9b:4b host-10-1-0-4
Oct 10 19:04:25.027766 devstack-u2204-93-55 dnsmasq-dhcp[122500]: DHCPDISCOVER(tapcbd27dfc-c2) fa:16:3e:f9:94:cd
Oct 10 19:04:25.027823 devstack-u2204-93-55 dnsmasq-dhcp[122500]: DHCPOFFER(tapcbd27dfc-c2) 10.1.0.3 fa:16:3e:f9:94:cd
Oct 10 19:04:25.055925 devstack-u2204-93-55 dnsmasq-dhcp[122500]: DHCPREQUEST(tapcbd27dfc-c2) 10.1.0.3 fa:16:3e:f9:94:cd
Oct 10 19:04:25.055977 devstack-u2204-93-55 dnsmasq-dhcp[122500]: DHCPACK(tapcbd27dfc-c2) 10.1.0.3 fa:16:3e:f9:94:cd host-10-1-0-3
Oct 10 19:04:29.564431 devstack-u2204-93-55 dnsmasq-dhcp[122304]: DHCPRELEASE(tap087d3298-cc) 10.1.0.4 fa:16:3e:e6:9b:4b
Oct 10 19:04:29.589176 devstack-u2204-93-55 dnsmasq-dhcp[122304]: DHCPRELEASE(tap087d3298-cc) 10.1.0.4 fa:16:3e:e6:9b:4b unknown lease
Oct 10 19:04:30.427046 devstack-u2204-93-55 dnsmasq[122304]: read /opt/stack/data/neutron/dhcp/4c3b0b27-5db7-4a7a-802c-1ceb5bdaabe6/addn_hosts - 2 names
Oct 10 19:04:30.427259 devstack-u2204-93-55 dnsmasq-dhcp[122304]: read /opt/stack/data/neutron/dhcp/4c3b0b27-5db7-4a7a-802c-1ceb5bdaabe6/host
Oct 10 19:04:30.427387 devstack-u2204-93-55 dnsmasq-dhcp[122304]: read /opt/stack/data/neutron/dhcp/4c3b0b27-5db7-4a7a-802c-1ceb5bdaabe6/opts
Oct 10 19:06:07.998062 devstack-u2204-93-55 dnsmasq[122304]: read /opt/stack/data/neutron/dhcp/4c3b0b27-5db7-4a7a-802c-1ceb5bdaabe6/addn_hosts - 0 names
Oct 10 19:06:07.998232 devstack-u2204-93-55 dnsmasq-dhcp[122304]: read /opt/stack/data/neutron/dhcp/4c3b0b27-5db7-4a7a-802c-1ceb5bdaabe6/host
Oct 10 19:06:07.998341 devstack-u2204-93-55 dnsmasq-dhcp[122304]: read /opt/stack/data/neutron/dhcp/4c3b0b27-5db7-4a7a-802c-1ceb5bdaabe6/opts
Oct 10 19:06:09.533200 devstack-u2204-93-55 dnsmasq[122304]: exiting on receipt of SIGTERM
Oct 10 19:06:10.546369 devstack-u2204-93-55 dnsmasq-dhcp[122873]: DHCPRELEASE(tap01a5f7f7-f2) 10.1.0.1 fa:16:3e:e1:94:a1
Oct 10 19:06:11.379719 devstack-u2204-93-55 dnsmasq[122873]: read /opt/stack/data/neutron/dhcp/2b469ccb-939d-480c-ad40-f946ec458d63/addn_hosts - 0 names
Oct 10 19:06:11.379869 devstack-u2204-93-55 dnsmasq-dhcp[122873]: read /opt/stack/data/neutron/dhcp/2b469ccb-939d-480c-ad40-f946ec458d63/host
Oct 10 19:06:11.379975 devstack-u2204-93-55 dnsmasq-dhcp[122873]: read /opt/stack/data/neutron/dhcp/2b469ccb-939d-480c-ad40-f946ec458d63/opts
Oct 10 19:06:12.657548 devstack-u2204-93-55 dnsmasq[122873]: exiting on receipt of SIGTERM
Oct 10 19:06:23.665382 devstack-u2204-93-55 dnsmasq-dhcp[122500]: DHCPREQUEST(tapcbd27dfc-c2) 10.1.0.3 fa:16:3e:f9:94:cd
Oct 10 19:06:23.665432 devstack-u2204-93-55 dnsmasq-dhcp[122500]: DHCPACK(tapcbd27dfc-c2) 10.1.0.3 fa:16:3e:f9:94:cd host-10-1-0-3
Oct 10 19:06:32.118820 devstack-u2204-93-55 dnsmasq[124112]: started, version 2.90 cachesize 150
Oct 10 19:06:32.118863 devstack-u2204-93-55 dnsmasq[124112]: DNS service limited to local subnets
Oct 10 19:06:32.118883 devstack-u2204-93-55 dnsmasq[124112]: compile time options: IPv6 GNU-getopt DBus no-UBus i18n IDN2 DHCP DHCPv6 no-Lua TFTP conntrack ipset no-nftset auth cryptohash DNSSEC loop-detect inotify dumpfile
Oct 10 19:06:32.118925 devstack-u2204-93-55 dnsmasq-dhcp[124112]: DHCP, static leases only on 10.1.0.0, lease time 1d
Oct 10 19:06:32.119166 devstack-u2204-93-55 dnsmasq[124112]: reading /etc/resolv.conf
Oct 10 19:06:32.119187 devstack-u2204-93-55 dnsmasq[124112]: using nameserver 127.0.0.53#53
Oct 10 19:06:32.119289 devstack-u2204-93-55 dnsmasq[124112]: read /opt/stack/data/neutron/dhcp/46bd1f03-7dde-49aa-b413-d15a8a9f2bc7/addn_hosts - 0 names
Oct 10 19:06:32.119352 devstack-u2204-93-55 dnsmasq-dhcp[124112]: read /opt/stack/data/neutron/dhcp/46bd1f03-7dde-49aa-b413-d15a8a9f2bc7/host
Oct 10 19:06:32.119421 devstack-u2204-93-55 dnsmasq-dhcp[124112]: read /opt/stack/data/neutron/dhcp/46bd1f03-7dde-49aa-b413-d15a8a9f2bc7/opts
Oct 10 19:06:33.667561 devstack-u2204-93-55 dnsmasq[124112]: read /opt/stack/data/neutron/dhcp/46bd1f03-7dde-49aa-b413-d15a8a9f2bc7/addn_hosts - 2 names
Oct 10 19:06:33.667678 devstack-u2204-93-55 dnsmasq-dhcp[124112]: read /opt/stack/data/neutron/dhcp/46bd1f03-7dde-49aa-b413-d15a8a9f2bc7/host
Oct 10 19:06:33.667771 devstack-u2204-93-55 dnsmasq-dhcp[124112]: read /opt/stack/data/neutron/dhcp/46bd1f03-7dde-49aa-b413-d15a8a9f2bc7/opts
Oct 10 19:06:35.118293 devstack-u2204-93-55 dnsmasq[124112]: read /opt/stack/data/neutron/dhcp/46bd1f03-7dde-49aa-b413-d15a8a9f2bc7/addn_hosts - 2 names
Oct 10 19:06:35.118486 devstack-u2204-93-55 dnsmasq-dhcp[124112]: read /opt/stack/data/neutron/dhcp/46bd1f03-7dde-49aa-b413-d15a8a9f2bc7/host
Oct 10 19:06:35.118588 devstack-u2204-93-55 dnsmasq-dhcp[124112]: read /opt/stack/data/neutron/dhcp/46bd1f03-7dde-49aa-b413-d15a8a9f2bc7/opts
Oct 10 19:06:36.587139 devstack-u2204-93-55 dnsmasq[124112]: read /opt/stack/data/neutron/dhcp/46bd1f03-7dde-49aa-b413-d15a8a9f2bc7/addn_hosts - 2 names
Oct 10 19:06:36.587271 devstack-u2204-93-55 dnsmasq-dhcp[124112]: read /opt/stack/data/neutron/dhcp/46bd1f03-7dde-49aa-b413-d15a8a9f2bc7/host
Oct 10 19:06:36.587519 devstack-u2204-93-55 dnsmasq-dhcp[124112]: read /opt/stack/data/neutron/dhcp/46bd1f03-7dde-49aa-b413-d15a8a9f2bc7/opts
Oct 10 19:06:46.372744 devstack-u2204-93-55 dnsmasq[124112]: read /opt/stack/data/neutron/dhcp/46bd1f03-7dde-49aa-b413-d15a8a9f2bc7/addn_hosts - 4 names
Oct 10 19:06:46.372886 devstack-u2204-93-55 dnsmasq-dhcp[124112]: read /opt/stack/data/neutron/dhcp/46bd1f03-7dde-49aa-b413-d15a8a9f2bc7/host
Oct 10 19:06:46.373044 devstack-u2204-93-55 dnsmasq-dhcp[124112]: read /opt/stack/data/neutron/dhcp/46bd1f03-7dde-49aa-b413-d15a8a9f2bc7/opts
Oct 10 19:07:02.309731 devstack-u2204-93-55 dnsmasq[124112]: read /opt/stack/data/neutron/dhcp/46bd1f03-7dde-49aa-b413-d15a8a9f2bc7/addn_hosts - 2 names
Oct 10 19:07:02.309897 devstack-u2204-93-55 dnsmasq-dhcp[124112]: read /opt/stack/data/neutron/dhcp/46bd1f03-7dde-49aa-b413-d15a8a9f2bc7/host
Oct 10 19:07:02.310047 devstack-u2204-93-55 dnsmasq-dhcp[124112]: read /opt/stack/data/neutron/dhcp/46bd1f03-7dde-49aa-b413-d15a8a9f2bc7/opts
Oct 10 19:07:13.159976 devstack-u2204-93-55 dnsmasq[124112]: read /opt/stack/data/neutron/dhcp/46bd1f03-7dde-49aa-b413-d15a8a9f2bc7/addn_hosts - 4 names
Oct 10 19:07:13.160163 devstack-u2204-93-55 dnsmasq-dhcp[124112]: read /opt/stack/data/neutron/dhcp/46bd1f03-7dde-49aa-b413-d15a8a9f2bc7/host
Oct 10 19:07:13.160310 devstack-u2204-93-55 dnsmasq-dhcp[124112]: read /opt/stack/data/neutron/dhcp/46bd1f03-7dde-49aa-b413-d15a8a9f2bc7/opts
Oct 10 19:07:28.369798 devstack-u2204-93-55 dnsmasq[124112]: read /opt/stack/data/neutron/dhcp/46bd1f03-7dde-49aa-b413-d15a8a9f2bc7/addn_hosts - 2 names
Oct 10 19:07:28.369951 devstack-u2204-93-55 dnsmasq-dhcp[124112]: read /opt/stack/data/neutron/dhcp/46bd1f03-7dde-49aa-b413-d15a8a9f2bc7/host
Oct 10 19:07:28.370047 devstack-u2204-93-55 dnsmasq-dhcp[124112]: read /opt/stack/data/neutron/dhcp/46bd1f03-7dde-49aa-b413-d15a8a9f2bc7/opts
Oct 10 19:08:23.753055 devstack-u2204-93-55 dnsmasq-dhcp[122500]: DHCPRELEASE(tapcbd27dfc-c2) 10.1.0.3 fa:16:3e:f9:94:cd
Oct 10 19:08:23.778733 devstack-u2204-93-55 dnsmasq-dhcp[122500]: DHCPRELEASE(tapcbd27dfc-c2) 10.1.0.3 fa:16:3e:f9:94:cd unknown lease
Oct 10 19:08:24.612366 devstack-u2204-93-55 dnsmasq[122500]: read /opt/stack/data/neutron/dhcp/db3599e5-663c-453d-87a9-e9d9c819f783/addn_hosts - 2 names
Oct 10 19:08:24.612488 devstack-u2204-93-55 dnsmasq-dhcp[122500]: read /opt/stack/data/neutron/dhcp/db3599e5-663c-453d-87a9-e9d9c819f783/host
Oct 10 19:08:24.612592 devstack-u2204-93-55 dnsmasq-dhcp[122500]: read /opt/stack/data/neutron/dhcp/db3599e5-663c-453d-87a9-e9d9c819f783/opts
Oct 10 19:08:30.201345 devstack-u2204-93-55 dnsmasq-dhcp[116077]: DHCPRELEASE(tap349034cf-33) 10.1.0.12 fa:16:3e:93:b8:27
Oct 10 19:08:30.225410 devstack-u2204-93-55 dnsmasq-dhcp[116077]: DHCPRELEASE(tap349034cf-33) 10.1.0.12 fa:16:3e:93:b8:27 unknown lease
Oct 10 19:08:31.062375 devstack-u2204-93-55 dnsmasq[116077]: read /opt/stack/data/neutron/dhcp/4ad8af39-b240-42c8-a160-3109059f7514/addn_hosts - 10 names
Oct 10 19:08:31.062543 devstack-u2204-93-55 dnsmasq-dhcp[116077]: read /opt/stack/data/neutron/dhcp/4ad8af39-b240-42c8-a160-3109059f7514/host
Oct 10 19:08:31.062647 devstack-u2204-93-55 dnsmasq-dhcp[116077]: read /opt/stack/data/neutron/dhcp/4ad8af39-b240-42c8-a160-3109059f7514/opts
Oct 10 19:08:37.868241 devstack-u2204-93-55 dnsmasq-dhcp[116077]: DHCPRELEASE(tap349034cf-33) 10.1.0.13 fa:16:3e:b0:b0:0f
Oct 10 19:08:37.892970 devstack-u2204-93-55 dnsmasq-dhcp[116077]: DHCPRELEASE(tap349034cf-33) 10.1.0.13 fa:16:3e:b0:b0:0f unknown lease
Oct 10 19:08:38.727622 devstack-u2204-93-55 dnsmasq[116077]: read /opt/stack/data/neutron/dhcp/4ad8af39-b240-42c8-a160-3109059f7514/addn_hosts - 8 names
Oct 10 19:08:38.727799 devstack-u2204-93-55 dnsmasq-dhcp[116077]: read /opt/stack/data/neutron/dhcp/4ad8af39-b240-42c8-a160-3109059f7514/host
Oct 10 19:08:38.727948 devstack-u2204-93-55 dnsmasq-dhcp[116077]: read /opt/stack/data/neutron/dhcp/4ad8af39-b240-42c8-a160-3109059f7514/opts
Oct 10 19:08:40.117791 devstack-u2204-93-55 dnsmasq[122500]: read /opt/stack/data/neutron/dhcp/db3599e5-663c-453d-87a9-e9d9c819f783/addn_hosts - 4 names
Oct 10 19:08:40.117865 devstack-u2204-93-55 dnsmasq-dhcp[122500]: read /opt/stack/data/neutron/dhcp/db3599e5-663c-453d-87a9-e9d9c819f783/host
Oct 10 19:08:40.117925 devstack-u2204-93-55 dnsmasq-dhcp[122500]: read /opt/stack/data/neutron/dhcp/db3599e5-663c-453d-87a9-e9d9c819f783/opts
Oct 10 19:09:01.016352 devstack-u2204-93-55 dnsmasq-dhcp[116077]: DHCPRELEASE(tap349034cf-33) 10.1.0.14 fa:16:3e:35:cc:38
Oct 10 19:09:01.039780 devstack-u2204-93-55 dnsmasq-dhcp[116077]: DHCPRELEASE(tap349034cf-33) 10.1.0.14 fa:16:3e:35:cc:38 unknown lease
Oct 10 19:09:01.877205 devstack-u2204-93-55 dnsmasq[116077]: read /opt/stack/data/neutron/dhcp/4ad8af39-b240-42c8-a160-3109059f7514/addn_hosts - 6 names
Oct 10 19:09:01.877298 devstack-u2204-93-55 dnsmasq-dhcp[116077]: read /opt/stack/data/neutron/dhcp/4ad8af39-b240-42c8-a160-3109059f7514/host
Oct 10 19:09:01.877365 devstack-u2204-93-55 dnsmasq-dhcp[116077]: read /opt/stack/data/neutron/dhcp/4ad8af39-b240-42c8-a160-3109059f7514/opts
Oct 10 19:09:03.219199 devstack-u2204-93-55 dnsmasq[124112]: read /opt/stack/data/neutron/dhcp/46bd1f03-7dde-49aa-b413-d15a8a9f2bc7/addn_hosts - 0 names
Oct 10 19:09:03.219320 devstack-u2204-93-55 dnsmasq-dhcp[124112]: read /opt/stack/data/neutron/dhcp/46bd1f03-7dde-49aa-b413-d15a8a9f2bc7/host
Oct 10 19:09:03.219440 devstack-u2204-93-55 dnsmasq-dhcp[124112]: read /opt/stack/data/neutron/dhcp/46bd1f03-7dde-49aa-b413-d15a8a9f2bc7/opts
Oct 10 19:09:04.858597 devstack-u2204-93-55 dnsmasq[124112]: exiting on receipt of SIGTERM
Oct 10 19:09:08.713350 devstack-u2204-93-55 dnsmasq-dhcp[116077]: DHCPRELEASE(tap349034cf-33) 10.1.0.3 fa:16:3e:0d:f3:31
Oct 10 19:09:08.737463 devstack-u2204-93-55 dnsmasq-dhcp[116077]: DHCPRELEASE(tap349034cf-33) 10.1.0.3 fa:16:3e:0d:f3:31 unknown lease
Oct 10 19:09:09.563885 devstack-u2204-93-55 dnsmasq[116077]: read /opt/stack/data/neutron/dhcp/4ad8af39-b240-42c8-a160-3109059f7514/addn_hosts - 4 names
Oct 10 19:09:09.564100 devstack-u2204-93-55 dnsmasq-dhcp[116077]: read /opt/stack/data/neutron/dhcp/4ad8af39-b240-42c8-a160-3109059f7514/host
Oct 10 19:09:09.564229 devstack-u2204-93-55 dnsmasq-dhcp[116077]: read /opt/stack/data/neutron/dhcp/4ad8af39-b240-42c8-a160-3109059f7514/opts
Oct 10 19:09:17.707064 devstack-u2204-93-55 dnsmasq-dhcp[116077]: DHCPRELEASE(tap349034cf-33) 10.1.0.7 fa:16:3e:a5:b3:38
Oct 10 19:09:17.732165 devstack-u2204-93-55 dnsmasq-dhcp[116077]: DHCPRELEASE(tap349034cf-33) 10.1.0.7 fa:16:3e:a5:b3:38 unknown lease
Oct 10 19:09:18.563931 devstack-u2204-93-55 dnsmasq[116077]: read /opt/stack/data/neutron/dhcp/4ad8af39-b240-42c8-a160-3109059f7514/addn_hosts - 2 names
Oct 10 19:09:18.564049 devstack-u2204-93-55 dnsmasq-dhcp[116077]: read /opt/stack/data/neutron/dhcp/4ad8af39-b240-42c8-a160-3109059f7514/host
Oct 10 19:09:18.564165 devstack-u2204-93-55 dnsmasq-dhcp[116077]: read /opt/stack/data/neutron/dhcp/4ad8af39-b240-42c8-a160-3109059f7514/opts
Oct 10 19:09:20.416810 devstack-u2204-93-55 dnsmasq-dhcp[122500]: DHCPDISCOVER(tapcbd27dfc-c2) fa:16:3e:1e:db:b9
Oct 10 19:09:20.416840 devstack-u2204-93-55 dnsmasq-dhcp[122500]: DHCPOFFER(tapcbd27dfc-c2) 10.1.0.13 fa:16:3e:1e:db:b9
Oct 10 19:09:20.434824 devstack-u2204-93-55 dnsmasq-dhcp[122500]: DHCPREQUEST(tapcbd27dfc-c2) 10.1.0.13 fa:16:3e:1e:db:b9
Oct 10 19:09:20.434905 devstack-u2204-93-55 dnsmasq-dhcp[122500]: DHCPACK(tapcbd27dfc-c2) 10.1.0.13 fa:16:3e:1e:db:b9 host-10-1-0-13
Oct 10 19:09:38.042351 devstack-u2204-93-55 dnsmasq[116077]: read /opt/stack/data/neutron/dhcp/4ad8af39-b240-42c8-a160-3109059f7514/addn_hosts - 0 names
Oct 10 19:09:38.042470 devstack-u2204-93-55 dnsmasq-dhcp[116077]: read /opt/stack/data/neutron/dhcp/4ad8af39-b240-42c8-a160-3109059f7514/host
Oct 10 19:09:38.042548 devstack-u2204-93-55 dnsmasq-dhcp[116077]: read /opt/stack/data/neutron/dhcp/4ad8af39-b240-42c8-a160-3109059f7514/opts
Oct 10 19:09:39.526199 devstack-u2204-93-55 dnsmasq[116077]: exiting on receipt of SIGTERM
Oct 10 19:10:13.130817 devstack-u2204-93-55 dnsmasq[125829]: started, version 2.90 cachesize 150
Oct 10 19:10:13.130858 devstack-u2204-93-55 dnsmasq[125829]: DNS service limited to local subnets
Oct 10 19:10:13.130878 devstack-u2204-93-55 dnsmasq[125829]: compile time options: IPv6 GNU-getopt DBus no-UBus i18n IDN2 DHCP DHCPv6 no-Lua TFTP conntrack ipset no-nftset auth cryptohash DNSSEC loop-detect inotify dumpfile
Oct 10 19:10:13.130952 devstack-u2204-93-55 dnsmasq-dhcp[125829]: DHCP, static leases only on 10.1.0.0, lease time 1d
Oct 10 19:10:13.131412 devstack-u2204-93-55 dnsmasq[125829]: reading /etc/resolv.conf
Oct 10 19:10:13.131433 devstack-u2204-93-55 dnsmasq[125829]: using nameserver 127.0.0.53#53
Oct 10 19:10:13.131532 devstack-u2204-93-55 dnsmasq[125829]: read /opt/stack/data/neutron/dhcp/ec0a11a6-a0c4-4ee9-8f2c-a3e8cfa3f05e/addn_hosts - 0 names
Oct 10 19:10:13.131585 devstack-u2204-93-55 dnsmasq-dhcp[125829]: read /opt/stack/data/neutron/dhcp/ec0a11a6-a0c4-4ee9-8f2c-a3e8cfa3f05e/host
Oct 10 19:10:13.131652 devstack-u2204-93-55 dnsmasq-dhcp[125829]: read /opt/stack/data/neutron/dhcp/ec0a11a6-a0c4-4ee9-8f2c-a3e8cfa3f05e/opts
Oct 10 19:10:14.688278 devstack-u2204-93-55 dnsmasq[125829]: read /opt/stack/data/neutron/dhcp/ec0a11a6-a0c4-4ee9-8f2c-a3e8cfa3f05e/addn_hosts - 2 names
Oct 10 19:10:14.689087 devstack-u2204-93-55 dnsmasq-dhcp[125829]: read /opt/stack/data/neutron/dhcp/ec0a11a6-a0c4-4ee9-8f2c-a3e8cfa3f05e/host
Oct 10 19:10:14.689281 devstack-u2204-93-55 dnsmasq-dhcp[125829]: read /opt/stack/data/neutron/dhcp/ec0a11a6-a0c4-4ee9-8f2c-a3e8cfa3f05e/opts
Oct 10 19:10:16.128555 devstack-u2204-93-55 dnsmasq[125829]: read /opt/stack/data/neutron/dhcp/ec0a11a6-a0c4-4ee9-8f2c-a3e8cfa3f05e/addn_hosts - 2 names
Oct 10 19:10:16.128713 devstack-u2204-93-55 dnsmasq-dhcp[125829]: read /opt/stack/data/neutron/dhcp/ec0a11a6-a0c4-4ee9-8f2c-a3e8cfa3f05e/host
Oct 10 19:10:16.128832 devstack-u2204-93-55 dnsmasq-dhcp[125829]: read /opt/stack/data/neutron/dhcp/ec0a11a6-a0c4-4ee9-8f2c-a3e8cfa3f05e/opts
Oct 10 19:10:17.559556 devstack-u2204-93-55 dnsmasq[125829]: read /opt/stack/data/neutron/dhcp/ec0a11a6-a0c4-4ee9-8f2c-a3e8cfa3f05e/addn_hosts - 2 names
Oct 10 19:10:17.559722 devstack-u2204-93-55 dnsmasq-dhcp[125829]: read /opt/stack/data/neutron/dhcp/ec0a11a6-a0c4-4ee9-8f2c-a3e8cfa3f05e/host
Oct 10 19:10:17.559873 devstack-u2204-93-55 dnsmasq-dhcp[125829]: read /opt/stack/data/neutron/dhcp/ec0a11a6-a0c4-4ee9-8f2c-a3e8cfa3f05e/opts
Oct 10 19:10:43.974014 devstack-u2204-93-55 dnsmasq-dhcp[122500]: DHCPREQUEST(tapcbd27dfc-c2) 10.1.0.13 fa:16:3e:1e:db:b9
Oct 10 19:10:43.974091 devstack-u2204-93-55 dnsmasq-dhcp[122500]: DHCPACK(tapcbd27dfc-c2) 10.1.0.13 fa:16:3e:1e:db:b9 host-10-1-0-13
Oct 10 19:11:55.543591 devstack-u2204-93-55 dnsmasq[125829]: read /opt/stack/data/neutron/dhcp/ec0a11a6-a0c4-4ee9-8f2c-a3e8cfa3f05e/addn_hosts - 4 names
Oct 10 19:11:55.543778 devstack-u2204-93-55 dnsmasq-dhcp[125829]: read /opt/stack/data/neutron/dhcp/ec0a11a6-a0c4-4ee9-8f2c-a3e8cfa3f05e/host
Oct 10 19:11:55.543903 devstack-u2204-93-55 dnsmasq-dhcp[125829]: read /opt/stack/data/neutron/dhcp/ec0a11a6-a0c4-4ee9-8f2c-a3e8cfa3f05e/opts
Oct 10 19:12:07.366017 devstack-u2204-93-55 dnsmasq-dhcp[122500]: DHCPRELEASE(tapcbd27dfc-c2) 10.1.0.13 fa:16:3e:1e:db:b9
Oct 10 19:12:07.388052 devstack-u2204-93-55 dnsmasq-dhcp[122500]: DHCPRELEASE(tapcbd27dfc-c2) 10.1.0.13 fa:16:3e:1e:db:b9 unknown lease
Oct 10 19:12:08.218615 devstack-u2204-93-55 dnsmasq[122500]: read /opt/stack/data/neutron/dhcp/db3599e5-663c-453d-87a9-e9d9c819f783/addn_hosts - 2 names
Oct 10 19:12:08.218706 devstack-u2204-93-55 dnsmasq-dhcp[122500]: read /opt/stack/data/neutron/dhcp/db3599e5-663c-453d-87a9-e9d9c819f783/host
Oct 10 19:12:08.218782 devstack-u2204-93-55 dnsmasq-dhcp[122500]: read /opt/stack/data/neutron/dhcp/db3599e5-663c-453d-87a9-e9d9c819f783/opts
Oct 10 19:12:13.965379 devstack-u2204-93-55 dnsmasq[122500]: read /opt/stack/data/neutron/dhcp/db3599e5-663c-453d-87a9-e9d9c819f783/addn_hosts - 0 names
Oct 10 19:12:13.965505 devstack-u2204-93-55 dnsmasq-dhcp[122500]: read /opt/stack/data/neutron/dhcp/db3599e5-663c-453d-87a9-e9d9c819f783/host
Oct 10 19:12:13.965583 devstack-u2204-93-55 dnsmasq-dhcp[122500]: read /opt/stack/data/neutron/dhcp/db3599e5-663c-453d-87a9-e9d9c819f783/opts
Oct 10 19:12:15.667675 devstack-u2204-93-55 dnsmasq[122500]: exiting on receipt of SIGTERM
Oct 10 19:12:16.539292 devstack-u2204-93-55 dnsmasq-dhcp[123074]: DHCPRELEASE(tap7478cb4c-22) 10.1.0.1 fa:16:3e:bb:5f:9e
Oct 10 19:12:17.373262 devstack-u2204-93-55 dnsmasq[123074]: read /opt/stack/data/neutron/dhcp/b41689c8-7ffa-41d4-b889-075d74550a0c/addn_hosts - 0 names
Oct 10 19:12:17.373360 devstack-u2204-93-55 dnsmasq-dhcp[123074]: read /opt/stack/data/neutron/dhcp/b41689c8-7ffa-41d4-b889-075d74550a0c/host
Oct 10 19:12:17.373440 devstack-u2204-93-55 dnsmasq-dhcp[123074]: read /opt/stack/data/neutron/dhcp/b41689c8-7ffa-41d4-b889-075d74550a0c/opts
Oct 10 19:12:18.707531 devstack-u2204-93-55 dnsmasq[123074]: exiting on receipt of SIGTERM
Oct 10 19:12:25.385074 devstack-u2204-93-55 dnsmasq[126745]: started, version 2.90 cachesize 150
Oct 10 19:12:25.385126 devstack-u2204-93-55 dnsmasq[126745]: DNS service limited to local subnets
Oct 10 19:12:25.385177 devstack-u2204-93-55 dnsmasq[126745]: compile time options: IPv6 GNU-getopt DBus no-UBus i18n IDN2 DHCP DHCPv6 no-Lua TFTP conntrack ipset no-nftset auth cryptohash DNSSEC loop-detect inotify dumpfile
Oct 10 19:12:25.385246 devstack-u2204-93-55 dnsmasq-dhcp[126745]: DHCP, static leases only on 10.1.0.0, lease time 1d
Oct 10 19:12:25.385721 devstack-u2204-93-55 dnsmasq[126745]: reading /etc/resolv.conf
Oct 10 19:12:25.385876 devstack-u2204-93-55 dnsmasq[126745]: using nameserver 127.0.0.53#53
Oct 10 19:12:25.386013 devstack-u2204-93-55 dnsmasq[126745]: read /opt/stack/data/neutron/dhcp/fac5d4a8-cffa-4a33-8b03-258888b8fc1c/addn_hosts - 0 names
Oct 10 19:12:25.386082 devstack-u2204-93-55 dnsmasq-dhcp[126745]: read /opt/stack/data/neutron/dhcp/fac5d4a8-cffa-4a33-8b03-258888b8fc1c/host
Oct 10 19:12:25.386200 devstack-u2204-93-55 dnsmasq-dhcp[126745]: read /opt/stack/data/neutron/dhcp/fac5d4a8-cffa-4a33-8b03-258888b8fc1c/opts
Oct 10 19:12:26.947053 devstack-u2204-93-55 dnsmasq[126745]: read /opt/stack/data/neutron/dhcp/fac5d4a8-cffa-4a33-8b03-258888b8fc1c/addn_hosts - 2 names
Oct 10 19:12:26.947203 devstack-u2204-93-55 dnsmasq-dhcp[126745]: read /opt/stack/data/neutron/dhcp/fac5d4a8-cffa-4a33-8b03-258888b8fc1c/host
Oct 10 19:12:26.947303 devstack-u2204-93-55 dnsmasq-dhcp[126745]: read /opt/stack/data/neutron/dhcp/fac5d4a8-cffa-4a33-8b03-258888b8fc1c/opts
Oct 10 19:12:31.264181 devstack-u2204-93-55 dnsmasq[126969]: started, version 2.90 cachesize 150
Oct 10 19:12:31.264233 devstack-u2204-93-55 dnsmasq[126969]: DNS service limited to local subnets
Oct 10 19:12:31.264272 devstack-u2204-93-55 dnsmasq[126969]: compile time options: IPv6 GNU-getopt DBus no-UBus i18n IDN2 DHCP DHCPv6 no-Lua TFTP conntrack ipset no-nftset auth cryptohash DNSSEC loop-detect inotify dumpfile
Oct 10 19:12:31.264384 devstack-u2204-93-55 dnsmasq-dhcp[126969]: DHCP, static leases only on 10.1.0.0, lease time 1d
Oct 10 19:12:31.264655 devstack-u2204-93-55 dnsmasq[126969]: reading /etc/resolv.conf
Oct 10 19:12:31.264678 devstack-u2204-93-55 dnsmasq[126969]: using nameserver 127.0.0.53#53
Oct 10 19:12:31.264791 devstack-u2204-93-55 dnsmasq[126969]: read /opt/stack/data/neutron/dhcp/2599e948-381e-4e89-b647-2e0290605f48/addn_hosts - 0 names
Oct 10 19:12:31.264863 devstack-u2204-93-55 dnsmasq-dhcp[126969]: read /opt/stack/data/neutron/dhcp/2599e948-381e-4e89-b647-2e0290605f48/host
Oct 10 19:12:31.264960 devstack-u2204-93-55 dnsmasq-dhcp[126969]: read /opt/stack/data/neutron/dhcp/2599e948-381e-4e89-b647-2e0290605f48/opts
Oct 10 19:12:31.802280 devstack-u2204-93-55 dnsmasq[126745]: read /opt/stack/data/neutron/dhcp/fac5d4a8-cffa-4a33-8b03-258888b8fc1c/addn_hosts - 2 names
Oct 10 19:12:31.802406 devstack-u2204-93-55 dnsmasq-dhcp[126745]: read /opt/stack/data/neutron/dhcp/fac5d4a8-cffa-4a33-8b03-258888b8fc1c/host
Oct 10 19:12:31.802501 devstack-u2204-93-55 dnsmasq-dhcp[126745]: read /opt/stack/data/neutron/dhcp/fac5d4a8-cffa-4a33-8b03-258888b8fc1c/opts
Oct 10 19:12:33.009395 devstack-u2204-93-55 dnsmasq-dhcp[125829]: DHCPDISCOVER(tapba2e83a5-25) fa:16:3e:f4:81:a0
Oct 10 19:12:33.009442 devstack-u2204-93-55 dnsmasq-dhcp[125829]: DHCPOFFER(tapba2e83a5-25) 10.1.0.14 fa:16:3e:f4:81:a0
Oct 10 19:12:33.026078 devstack-u2204-93-55 dnsmasq-dhcp[125829]: DHCPREQUEST(tapba2e83a5-25) 10.1.0.14 fa:16:3e:f4:81:a0
Oct 10 19:12:33.026134 devstack-u2204-93-55 dnsmasq-dhcp[125829]: DHCPACK(tapba2e83a5-25) 10.1.0.14 fa:16:3e:f4:81:a0 host-10-1-0-14
Oct 10 19:12:33.766838 devstack-u2204-93-55 dnsmasq[126969]: read /opt/stack/data/neutron/dhcp/2599e948-381e-4e89-b647-2e0290605f48/addn_hosts - 2 names
Oct 10 19:12:33.766985 devstack-u2204-93-55 dnsmasq-dhcp[126969]: read /opt/stack/data/neutron/dhcp/2599e948-381e-4e89-b647-2e0290605f48/host
Oct 10 19:12:33.767080 devstack-u2204-93-55 dnsmasq-dhcp[126969]: read /opt/stack/data/neutron/dhcp/2599e948-381e-4e89-b647-2e0290605f48/opts
Oct 10 19:12:34.722350 devstack-u2204-93-55 dnsmasq[126745]: read /opt/stack/data/neutron/dhcp/fac5d4a8-cffa-4a33-8b03-258888b8fc1c/addn_hosts - 2 names
Oct 10 19:12:34.722456 devstack-u2204-93-55 dnsmasq-dhcp[126745]: read /opt/stack/data/neutron/dhcp/fac5d4a8-cffa-4a33-8b03-258888b8fc1c/host
Oct 10 19:12:34.722549 devstack-u2204-93-55 dnsmasq-dhcp[126745]: read /opt/stack/data/neutron/dhcp/fac5d4a8-cffa-4a33-8b03-258888b8fc1c/opts
Oct 10 19:12:36.192590 devstack-u2204-93-55 dnsmasq[126969]: read /opt/stack/data/neutron/dhcp/2599e948-381e-4e89-b647-2e0290605f48/addn_hosts - 2 names
Oct 10 19:12:36.192707 devstack-u2204-93-55 dnsmasq-dhcp[126969]: read /opt/stack/data/neutron/dhcp/2599e948-381e-4e89-b647-2e0290605f48/host
Oct 10 19:12:36.192800 devstack-u2204-93-55 dnsmasq-dhcp[126969]: read /opt/stack/data/neutron/dhcp/2599e948-381e-4e89-b647-2e0290605f48/opts
Oct 10 19:12:55.704232 devstack-u2204-93-55 dnsmasq[126969]: read /opt/stack/data/neutron/dhcp/2599e948-381e-4e89-b647-2e0290605f48/addn_hosts - 2 names
Oct 10 19:12:55.704311 devstack-u2204-93-55 dnsmasq-dhcp[126969]: read /opt/stack/data/neutron/dhcp/2599e948-381e-4e89-b647-2e0290605f48/host
Oct 10 19:12:55.704381 devstack-u2204-93-55 dnsmasq-dhcp[126969]: read /opt/stack/data/neutron/dhcp/2599e948-381e-4e89-b647-2e0290605f48/opts
Oct 10 19:12:57.939714 devstack-u2204-93-55 dnsmasq[126745]: read /opt/stack/data/neutron/dhcp/fac5d4a8-cffa-4a33-8b03-258888b8fc1c/addn_hosts - 4 names
Oct 10 19:12:57.939793 devstack-u2204-93-55 dnsmasq-dhcp[126745]: read /opt/stack/data/neutron/dhcp/fac5d4a8-cffa-4a33-8b03-258888b8fc1c/host
Oct 10 19:12:57.939878 devstack-u2204-93-55 dnsmasq-dhcp[126745]: read /opt/stack/data/neutron/dhcp/fac5d4a8-cffa-4a33-8b03-258888b8fc1c/opts
Oct 10 19:13:35.232244 devstack-u2204-93-55 dnsmasq-dhcp[126745]: DHCPDISCOVER(tapa3ee1036-9d) fa:16:3e:cf:4a:ba
Oct 10 19:13:35.232297 devstack-u2204-93-55 dnsmasq-dhcp[126745]: DHCPOFFER(tapa3ee1036-9d) 10.1.0.8 fa:16:3e:cf:4a:ba
Oct 10 19:13:35.246243 devstack-u2204-93-55 dnsmasq-dhcp[126745]: DHCPREQUEST(tapa3ee1036-9d) 10.1.0.8 fa:16:3e:cf:4a:ba
Oct 10 19:13:35.246296 devstack-u2204-93-55 dnsmasq-dhcp[126745]: DHCPACK(tapa3ee1036-9d) 10.1.0.8 fa:16:3e:cf:4a:ba host-10-1-0-8
Oct 10 19:15:18.027332 devstack-u2204-93-55 dnsmasq[127940]: started, version 2.90 cachesize 150
Oct 10 19:15:18.027394 devstack-u2204-93-55 dnsmasq[127940]: DNS service limited to local subnets
Oct 10 19:15:18.027423 devstack-u2204-93-55 dnsmasq[127940]: compile time options: IPv6 GNU-getopt DBus no-UBus i18n IDN2 DHCP DHCPv6 no-Lua TFTP conntrack ipset no-nftset auth cryptohash DNSSEC loop-detect inotify dumpfile
Oct 10 19:15:18.027490 devstack-u2204-93-55 dnsmasq-dhcp[127940]: DHCP, static leases only on 10.1.0.0, lease time 1d
Oct 10 19:15:18.027753 devstack-u2204-93-55 dnsmasq[127940]: reading /etc/resolv.conf
Oct 10 19:15:18.027780 devstack-u2204-93-55 dnsmasq[127940]: using nameserver 127.0.0.53#53
Oct 10 19:15:18.027901 devstack-u2204-93-55 dnsmasq[127940]: read /opt/stack/data/neutron/dhcp/dcfe4a74-3851-4937-a4ba-e4a8528ddb2c/addn_hosts - 0 names
Oct 10 19:15:18.027988 devstack-u2204-93-55 dnsmasq-dhcp[127940]: read /opt/stack/data/neutron/dhcp/dcfe4a74-3851-4937-a4ba-e4a8528ddb2c/host
Oct 10 19:15:18.028093 devstack-u2204-93-55 dnsmasq-dhcp[127940]: read /opt/stack/data/neutron/dhcp/dcfe4a74-3851-4937-a4ba-e4a8528ddb2c/opts
Oct 10 19:15:20.076138 devstack-u2204-93-55 dnsmasq[127940]: read /opt/stack/data/neutron/dhcp/dcfe4a74-3851-4937-a4ba-e4a8528ddb2c/addn_hosts - 2 names
Oct 10 19:15:20.076272 devstack-u2204-93-55 dnsmasq-dhcp[127940]: read /opt/stack/data/neutron/dhcp/dcfe4a74-3851-4937-a4ba-e4a8528ddb2c/host
Oct 10 19:15:20.076370 devstack-u2204-93-55 dnsmasq-dhcp[127940]: read /opt/stack/data/neutron/dhcp/dcfe4a74-3851-4937-a4ba-e4a8528ddb2c/opts
Oct 10 19:15:24.371403 devstack-u2204-93-55 dnsmasq[128190]: started, version 2.90 cachesize 150
Oct 10 19:15:24.371423 devstack-u2204-93-55 dnsmasq[128190]: DNS service limited to local subnets
Oct 10 19:15:24.371434 devstack-u2204-93-55 dnsmasq[128190]: compile time options: IPv6 GNU-getopt DBus no-UBus i18n IDN2 DHCP DHCPv6 no-Lua TFTP conntrack ipset no-nftset auth cryptohash DNSSEC loop-detect inotify dumpfile
Oct 10 19:15:24.371462 devstack-u2204-93-55 dnsmasq-dhcp[128190]: DHCP, static leases only on 10.1.0.0, lease time 1d
Oct 10 19:15:24.371581 devstack-u2204-93-55 dnsmasq[128190]: reading /etc/resolv.conf
Oct 10 19:15:24.371593 devstack-u2204-93-55 dnsmasq[128190]: using nameserver 127.0.0.53#53
Oct 10 19:15:24.371652 devstack-u2204-93-55 dnsmasq[128190]: read /opt/stack/data/neutron/dhcp/a2056ac4-0c8f-45a2-87bd-c84b586dcc73/addn_hosts - 0 names
Oct 10 19:15:24.371687 devstack-u2204-93-55 dnsmasq-dhcp[128190]: read /opt/stack/data/neutron/dhcp/a2056ac4-0c8f-45a2-87bd-c84b586dcc73/host
Oct 10 19:15:24.371729 devstack-u2204-93-55 dnsmasq-dhcp[128190]: read /opt/stack/data/neutron/dhcp/a2056ac4-0c8f-45a2-87bd-c84b586dcc73/opts
Oct 10 19:15:24.910785 devstack-u2204-93-55 dnsmasq[127940]: read /opt/stack/data/neutron/dhcp/dcfe4a74-3851-4937-a4ba-e4a8528ddb2c/addn_hosts - 2 names
Oct 10 19:15:24.910856 devstack-u2204-93-55 dnsmasq-dhcp[127940]: read /opt/stack/data/neutron/dhcp/dcfe4a74-3851-4937-a4ba-e4a8528ddb2c/host
Oct 10 19:15:24.910942 devstack-u2204-93-55 dnsmasq-dhcp[127940]: read /opt/stack/data/neutron/dhcp/dcfe4a74-3851-4937-a4ba-e4a8528ddb2c/opts
Oct 10 19:15:26.871741 devstack-u2204-93-55 dnsmasq[128190]: read /opt/stack/data/neutron/dhcp/a2056ac4-0c8f-45a2-87bd-c84b586dcc73/addn_hosts - 2 names
Oct 10 19:15:26.871879 devstack-u2204-93-55 dnsmasq-dhcp[128190]: read /opt/stack/data/neutron/dhcp/a2056ac4-0c8f-45a2-87bd-c84b586dcc73/host
Oct 10 19:15:26.871993 devstack-u2204-93-55 dnsmasq-dhcp[128190]: read /opt/stack/data/neutron/dhcp/a2056ac4-0c8f-45a2-87bd-c84b586dcc73/opts
Oct 10 19:15:27.843387 devstack-u2204-93-55 dnsmasq[127940]: read /opt/stack/data/neutron/dhcp/dcfe4a74-3851-4937-a4ba-e4a8528ddb2c/addn_hosts - 2 names
Oct 10 19:15:27.843500 devstack-u2204-93-55 dnsmasq-dhcp[127940]: read /opt/stack/data/neutron/dhcp/dcfe4a74-3851-4937-a4ba-e4a8528ddb2c/host
Oct 10 19:15:27.843592 devstack-u2204-93-55 dnsmasq-dhcp[127940]: read /opt/stack/data/neutron/dhcp/dcfe4a74-3851-4937-a4ba-e4a8528ddb2c/opts
Oct 10 19:15:29.290065 devstack-u2204-93-55 dnsmasq[128190]: read /opt/stack/data/neutron/dhcp/a2056ac4-0c8f-45a2-87bd-c84b586dcc73/addn_hosts - 2 names
Oct 10 19:15:29.290319 devstack-u2204-93-55 dnsmasq-dhcp[128190]: read /opt/stack/data/neutron/dhcp/a2056ac4-0c8f-45a2-87bd-c84b586dcc73/host
Oct 10 19:15:29.290474 devstack-u2204-93-55 dnsmasq-dhcp[128190]: read /opt/stack/data/neutron/dhcp/a2056ac4-0c8f-45a2-87bd-c84b586dcc73/opts
Oct 10 19:15:30.765005 devstack-u2204-93-55 dnsmasq[128190]: read /opt/stack/data/neutron/dhcp/a2056ac4-0c8f-45a2-87bd-c84b586dcc73/addn_hosts - 2 names
Oct 10 19:15:30.765133 devstack-u2204-93-55 dnsmasq-dhcp[128190]: read /opt/stack/data/neutron/dhcp/a2056ac4-0c8f-45a2-87bd-c84b586dcc73/host
Oct 10 19:15:30.765273 devstack-u2204-93-55 dnsmasq-dhcp[128190]: read /opt/stack/data/neutron/dhcp/a2056ac4-0c8f-45a2-87bd-c84b586dcc73/opts
Oct 10 19:15:32.593315 devstack-u2204-93-55 dnsmasq[127940]: read /opt/stack/data/neutron/dhcp/dcfe4a74-3851-4937-a4ba-e4a8528ddb2c/addn_hosts - 4 names
Oct 10 19:15:32.593483 devstack-u2204-93-55 dnsmasq-dhcp[127940]: read /opt/stack/data/neutron/dhcp/dcfe4a74-3851-4937-a4ba-e4a8528ddb2c/host
Oct 10 19:15:32.593600 devstack-u2204-93-55 dnsmasq-dhcp[127940]: read /opt/stack/data/neutron/dhcp/dcfe4a74-3851-4937-a4ba-e4a8528ddb2c/opts
Oct 10 19:15:43.278481 devstack-u2204-93-55 dnsmasq-dhcp[126745]: DHCPRELEASE(tapa3ee1036-9d) 10.1.0.8 fa:16:3e:cf:4a:ba
Oct 10 19:15:43.302906 devstack-u2204-93-55 dnsmasq-dhcp[126745]: DHCPRELEASE(tapa3ee1036-9d) 10.1.0.8 fa:16:3e:cf:4a:ba unknown lease
Oct 10 19:15:44.136338 devstack-u2204-93-55 dnsmasq[126745]: read /opt/stack/data/neutron/dhcp/fac5d4a8-cffa-4a33-8b03-258888b8fc1c/addn_hosts - 2 names
Oct 10 19:15:44.136434 devstack-u2204-93-55 dnsmasq-dhcp[126745]: read /opt/stack/data/neutron/dhcp/fac5d4a8-cffa-4a33-8b03-258888b8fc1c/host
Oct 10 19:15:44.136511 devstack-u2204-93-55 dnsmasq-dhcp[126745]: read /opt/stack/data/neutron/dhcp/fac5d4a8-cffa-4a33-8b03-258888b8fc1c/opts
Oct 10 19:15:49.441309 devstack-u2204-93-55 dnsmasq[126745]: read /opt/stack/data/neutron/dhcp/fac5d4a8-cffa-4a33-8b03-258888b8fc1c/addn_hosts - 0 names
Oct 10 19:15:49.441366 devstack-u2204-93-55 dnsmasq-dhcp[126745]: read /opt/stack/data/neutron/dhcp/fac5d4a8-cffa-4a33-8b03-258888b8fc1c/host
Oct 10 19:15:49.441415 devstack-u2204-93-55 dnsmasq-dhcp[126745]: read /opt/stack/data/neutron/dhcp/fac5d4a8-cffa-4a33-8b03-258888b8fc1c/opts
Oct 10 19:15:51.238872 devstack-u2204-93-55 dnsmasq[126745]: exiting on receipt of SIGTERM
Oct 10 19:15:52.585717 devstack-u2204-93-55 dnsmasq[126969]: read /opt/stack/data/neutron/dhcp/2599e948-381e-4e89-b647-2e0290605f48/addn_hosts - 0 names
Oct 10 19:15:52.585784 devstack-u2204-93-55 dnsmasq-dhcp[126969]: read /opt/stack/data/neutron/dhcp/2599e948-381e-4e89-b647-2e0290605f48/host
Oct 10 19:15:52.585838 devstack-u2204-93-55 dnsmasq-dhcp[126969]: read /opt/stack/data/neutron/dhcp/2599e948-381e-4e89-b647-2e0290605f48/opts
Oct 10 19:15:54.086030 devstack-u2204-93-55 dnsmasq[126969]: exiting on receipt of SIGTERM
Oct 10 19:16:00.817668 devstack-u2204-93-55 dnsmasq[128679]: started, version 2.90 cachesize 150
Oct 10 19:16:00.817706 devstack-u2204-93-55 dnsmasq[128679]: DNS service limited to local subnets
Oct 10 19:16:00.817723 devstack-u2204-93-55 dnsmasq[128679]: compile time options: IPv6 GNU-getopt DBus no-UBus i18n IDN2 DHCP DHCPv6 no-Lua TFTP conntrack ipset no-nftset auth cryptohash DNSSEC loop-detect inotify dumpfile
Oct 10 19:16:00.817761 devstack-u2204-93-55 dnsmasq-dhcp[128679]: DHCP, static leases only on 10.1.0.0, lease time 1d
Oct 10 19:16:00.817937 devstack-u2204-93-55 dnsmasq[128679]: reading /etc/resolv.conf
Oct 10 19:16:00.817955 devstack-u2204-93-55 dnsmasq[128679]: using nameserver 127.0.0.53#53
Oct 10 19:16:00.818042 devstack-u2204-93-55 dnsmasq[128679]: read /opt/stack/data/neutron/dhcp/c9f72c45-da6c-4f60-84ec-1387215bd161/addn_hosts - 0 names
Oct 10 19:16:00.818098 devstack-u2204-93-55 dnsmasq-dhcp[128679]: read /opt/stack/data/neutron/dhcp/c9f72c45-da6c-4f60-84ec-1387215bd161/host
Oct 10 19:16:00.818184 devstack-u2204-93-55 dnsmasq-dhcp[128679]: read /opt/stack/data/neutron/dhcp/c9f72c45-da6c-4f60-84ec-1387215bd161/opts
Oct 10 19:16:02.387812 devstack-u2204-93-55 dnsmasq[128679]: read /opt/stack/data/neutron/dhcp/c9f72c45-da6c-4f60-84ec-1387215bd161/addn_hosts - 2 names
Oct 10 19:16:02.387880 devstack-u2204-93-55 dnsmasq-dhcp[128679]: read /opt/stack/data/neutron/dhcp/c9f72c45-da6c-4f60-84ec-1387215bd161/host
Oct 10 19:16:02.387929 devstack-u2204-93-55 dnsmasq-dhcp[128679]: read /opt/stack/data/neutron/dhcp/c9f72c45-da6c-4f60-84ec-1387215bd161/opts
Oct 10 19:16:06.626940 devstack-u2204-93-55 dnsmasq[128936]: started, version 2.90 cachesize 150
Oct 10 19:16:06.626965 devstack-u2204-93-55 dnsmasq[128936]: DNS service limited to local subnets
Oct 10 19:16:06.626985 devstack-u2204-93-55 dnsmasq[128936]: compile time options: IPv6 GNU-getopt DBus no-UBus i18n IDN2 DHCP DHCPv6 no-Lua TFTP conntrack ipset no-nftset auth cryptohash DNSSEC loop-detect inotify dumpfile
Oct 10 19:16:06.627032 devstack-u2204-93-55 dnsmasq-dhcp[128936]: DHCP, static leases only on 10.1.0.0, lease time 1d
Oct 10 19:16:06.627250 devstack-u2204-93-55 dnsmasq[128936]: reading /etc/resolv.conf
Oct 10 19:16:06.627273 devstack-u2204-93-55 dnsmasq[128936]: using nameserver 127.0.0.53#53
Oct 10 19:16:06.627373 devstack-u2204-93-55 dnsmasq[128936]: read /opt/stack/data/neutron/dhcp/1dd6fc9e-8f27-401e-8f50-e95ed6727bb9/addn_hosts - 0 names
Oct 10 19:16:06.627440 devstack-u2204-93-55 dnsmasq-dhcp[128936]: read /opt/stack/data/neutron/dhcp/1dd6fc9e-8f27-401e-8f50-e95ed6727bb9/host
Oct 10 19:16:06.627527 devstack-u2204-93-55 dnsmasq-dhcp[128936]: read /opt/stack/data/neutron/dhcp/1dd6fc9e-8f27-401e-8f50-e95ed6727bb9/opts
Oct 10 19:16:07.173741 devstack-u2204-93-55 dnsmasq[128679]: read /opt/stack/data/neutron/dhcp/c9f72c45-da6c-4f60-84ec-1387215bd161/addn_hosts - 2 names
Oct 10 19:16:07.173789 devstack-u2204-93-55 dnsmasq-dhcp[128679]: read /opt/stack/data/neutron/dhcp/c9f72c45-da6c-4f60-84ec-1387215bd161/host
Oct 10 19:16:07.173834 devstack-u2204-93-55 dnsmasq-dhcp[128679]: read /opt/stack/data/neutron/dhcp/c9f72c45-da6c-4f60-84ec-1387215bd161/opts
Oct 10 19:16:09.102926 devstack-u2204-93-55 dnsmasq[128936]: read /opt/stack/data/neutron/dhcp/1dd6fc9e-8f27-401e-8f50-e95ed6727bb9/addn_hosts - 2 names
Oct 10 19:16:09.103043 devstack-u2204-93-55 dnsmasq-dhcp[128936]: read /opt/stack/data/neutron/dhcp/1dd6fc9e-8f27-401e-8f50-e95ed6727bb9/host
Oct 10 19:16:09.103136 devstack-u2204-93-55 dnsmasq-dhcp[128936]: read /opt/stack/data/neutron/dhcp/1dd6fc9e-8f27-401e-8f50-e95ed6727bb9/opts
Oct 10 19:16:10.017426 devstack-u2204-93-55 dnsmasq[128679]: read /opt/stack/data/neutron/dhcp/c9f72c45-da6c-4f60-84ec-1387215bd161/addn_hosts - 2 names
Oct 10 19:16:10.017497 devstack-u2204-93-55 dnsmasq-dhcp[128679]: read /opt/stack/data/neutron/dhcp/c9f72c45-da6c-4f60-84ec-1387215bd161/host
Oct 10 19:16:10.017568 devstack-u2204-93-55 dnsmasq-dhcp[128679]: read /opt/stack/data/neutron/dhcp/c9f72c45-da6c-4f60-84ec-1387215bd161/opts
Oct 10 19:16:10.625016 devstack-u2204-93-55 dnsmasq-dhcp[127940]: DHCPDISCOVER(tap4867490f-d3) fa:16:3e:87:40:9f
Oct 10 19:16:10.625054 devstack-u2204-93-55 dnsmasq-dhcp[127940]: DHCPOFFER(tap4867490f-d3) 10.1.0.11 fa:16:3e:87:40:9f
Oct 10 19:16:10.641352 devstack-u2204-93-55 dnsmasq-dhcp[127940]: DHCPREQUEST(tap4867490f-d3) 10.1.0.11 fa:16:3e:87:40:9f
Oct 10 19:16:10.641410 devstack-u2204-93-55 dnsmasq-dhcp[127940]: DHCPACK(tap4867490f-d3) 10.1.0.11 fa:16:3e:87:40:9f host-10-1-0-11
Oct 10 19:16:11.472740 devstack-u2204-93-55 dnsmasq[128936]: read /opt/stack/data/neutron/dhcp/1dd6fc9e-8f27-401e-8f50-e95ed6727bb9/addn_hosts - 2 names
Oct 10 19:16:11.472911 devstack-u2204-93-55 dnsmasq-dhcp[128936]: read /opt/stack/data/neutron/dhcp/1dd6fc9e-8f27-401e-8f50-e95ed6727bb9/host
Oct 10 19:16:11.473018 devstack-u2204-93-55 dnsmasq-dhcp[128936]: read /opt/stack/data/neutron/dhcp/1dd6fc9e-8f27-401e-8f50-e95ed6727bb9/opts
Oct 10 19:16:12.949293 devstack-u2204-93-55 dnsmasq[128936]: read /opt/stack/data/neutron/dhcp/1dd6fc9e-8f27-401e-8f50-e95ed6727bb9/addn_hosts - 2 names
Oct 10 19:16:12.949386 devstack-u2204-93-55 dnsmasq-dhcp[128936]: read /opt/stack/data/neutron/dhcp/1dd6fc9e-8f27-401e-8f50-e95ed6727bb9/host
Oct 10 19:16:12.949458 devstack-u2204-93-55 dnsmasq-dhcp[128936]: read /opt/stack/data/neutron/dhcp/1dd6fc9e-8f27-401e-8f50-e95ed6727bb9/opts
Oct 10 19:16:14.438862 devstack-u2204-93-55 dnsmasq[128679]: read /opt/stack/data/neutron/dhcp/c9f72c45-da6c-4f60-84ec-1387215bd161/addn_hosts - 4 names
Oct 10 19:16:14.439084 devstack-u2204-93-55 dnsmasq-dhcp[128679]: read /opt/stack/data/neutron/dhcp/c9f72c45-da6c-4f60-84ec-1387215bd161/host
Oct 10 19:16:14.439285 devstack-u2204-93-55 dnsmasq-dhcp[128679]: read /opt/stack/data/neutron/dhcp/c9f72c45-da6c-4f60-84ec-1387215bd161/opts
Oct 10 19:16:50.409363 devstack-u2204-93-55 dnsmasq-dhcp[128679]: DHCPDISCOVER(taped505b38-9a) fa:16:3e:53:d1:a6
Oct 10 19:16:50.409415 devstack-u2204-93-55 dnsmasq-dhcp[128679]: DHCPOFFER(taped505b38-9a) 10.1.0.12 fa:16:3e:53:d1:a6
Oct 10 19:16:50.433458 devstack-u2204-93-55 dnsmasq-dhcp[128679]: DHCPREQUEST(taped505b38-9a) 10.1.0.12 fa:16:3e:53:d1:a6
Oct 10 19:16:50.433517 devstack-u2204-93-55 dnsmasq-dhcp[128679]: DHCPACK(taped505b38-9a) 10.1.0.12 fa:16:3e:53:d1:a6 host-10-1-0-12
Oct 10 19:16:57.943400 devstack-u2204-93-55 dnsmasq-dhcp[125829]: DHCPRELEASE(tapba2e83a5-25) 10.1.0.14 fa:16:3e:f4:81:a0
Oct 10 19:16:57.972061 devstack-u2204-93-55 dnsmasq-dhcp[125829]: DHCPRELEASE(tapba2e83a5-25) 10.1.0.14 fa:16:3e:f4:81:a0 unknown lease
Oct 10 19:16:58.803775 devstack-u2204-93-55 dnsmasq[125829]: read /opt/stack/data/neutron/dhcp/ec0a11a6-a0c4-4ee9-8f2c-a3e8cfa3f05e/addn_hosts - 2 names
Oct 10 19:16:58.803952 devstack-u2204-93-55 dnsmasq-dhcp[125829]: read /opt/stack/data/neutron/dhcp/ec0a11a6-a0c4-4ee9-8f2c-a3e8cfa3f05e/host
Oct 10 19:16:58.804105 devstack-u2204-93-55 dnsmasq-dhcp[125829]: read /opt/stack/data/neutron/dhcp/ec0a11a6-a0c4-4ee9-8f2c-a3e8cfa3f05e/opts
Oct 10 19:18:39.594420 devstack-u2204-93-55 dnsmasq-dhcp[127940]: DHCPRELEASE(tap4867490f-d3) 10.1.0.11 fa:16:3e:87:40:9f
Oct 10 19:18:39.619618 devstack-u2204-93-55 dnsmasq-dhcp[127940]: DHCPRELEASE(tap4867490f-d3) 10.1.0.11 fa:16:3e:87:40:9f unknown lease
Oct 10 19:18:40.455680 devstack-u2204-93-55 dnsmasq[127940]: read /opt/stack/data/neutron/dhcp/dcfe4a74-3851-4937-a4ba-e4a8528ddb2c/addn_hosts - 2 names
Oct 10 19:18:40.455807 devstack-u2204-93-55 dnsmasq-dhcp[127940]: read /opt/stack/data/neutron/dhcp/dcfe4a74-3851-4937-a4ba-e4a8528ddb2c/host
Oct 10 19:18:40.455973 devstack-u2204-93-55 dnsmasq-dhcp[127940]: read /opt/stack/data/neutron/dhcp/dcfe4a74-3851-4937-a4ba-e4a8528ddb2c/opts
Oct 10 19:18:42.900995 devstack-u2204-93-55 dnsmasq[125829]: read /opt/stack/data/neutron/dhcp/ec0a11a6-a0c4-4ee9-8f2c-a3e8cfa3f05e/addn_hosts - 4 names
Oct 10 19:18:42.901207 devstack-u2204-93-55 dnsmasq-dhcp[125829]: read /opt/stack/data/neutron/dhcp/ec0a11a6-a0c4-4ee9-8f2c-a3e8cfa3f05e/host
Oct 10 19:18:42.901338 devstack-u2204-93-55 dnsmasq-dhcp[125829]: read /opt/stack/data/neutron/dhcp/ec0a11a6-a0c4-4ee9-8f2c-a3e8cfa3f05e/opts
Oct 10 19:18:56.092355 devstack-u2204-93-55 dnsmasq[127940]: read /opt/stack/data/neutron/dhcp/dcfe4a74-3851-4937-a4ba-e4a8528ddb2c/addn_hosts - 0 names
Oct 10 19:18:56.092427 devstack-u2204-93-55 dnsmasq-dhcp[127940]: read /opt/stack/data/neutron/dhcp/dcfe4a74-3851-4937-a4ba-e4a8528ddb2c/host
Oct 10 19:18:56.092484 devstack-u2204-93-55 dnsmasq-dhcp[127940]: read /opt/stack/data/neutron/dhcp/dcfe4a74-3851-4937-a4ba-e4a8528ddb2c/opts
Oct 10 19:18:57.678908 devstack-u2204-93-55 dnsmasq[127940]: exiting on receipt of SIGTERM
Oct 10 19:18:59.219117 devstack-u2204-93-55 dnsmasq[128190]: read /opt/stack/data/neutron/dhcp/a2056ac4-0c8f-45a2-87bd-c84b586dcc73/addn_hosts - 0 names
Oct 10 19:18:59.219245 devstack-u2204-93-55 dnsmasq-dhcp[128190]: read /opt/stack/data/neutron/dhcp/a2056ac4-0c8f-45a2-87bd-c84b586dcc73/host
Oct 10 19:18:59.219325 devstack-u2204-93-55 dnsmasq-dhcp[128190]: read /opt/stack/data/neutron/dhcp/a2056ac4-0c8f-45a2-87bd-c84b586dcc73/opts
Oct 10 19:19:00.882078 devstack-u2204-93-55 dnsmasq[128190]: exiting on receipt of SIGTERM
Oct 10 19:19:07.724166 devstack-u2204-93-55 dnsmasq[130561]: started, version 2.90 cachesize 150
Oct 10 19:19:07.724199 devstack-u2204-93-55 dnsmasq[130561]: DNS service limited to local subnets
Oct 10 19:19:07.724218 devstack-u2204-93-55 dnsmasq[130561]: compile time options: IPv6 GNU-getopt DBus no-UBus i18n IDN2 DHCP DHCPv6 no-Lua TFTP conntrack ipset no-nftset auth cryptohash DNSSEC loop-detect inotify dumpfile
Oct 10 19:19:07.724261 devstack-u2204-93-55 dnsmasq-dhcp[130561]: DHCP, static leases only on 10.1.0.0, lease time 1d
Oct 10 19:19:07.724447 devstack-u2204-93-55 dnsmasq[130561]: reading /etc/resolv.conf
Oct 10 19:19:07.724466 devstack-u2204-93-55 dnsmasq[130561]: using nameserver 127.0.0.53#53
Oct 10 19:19:07.724557 devstack-u2204-93-55 dnsmasq[130561]: read /opt/stack/data/neutron/dhcp/b132b17c-5877-42c9-b005-bfd98d03c624/addn_hosts - 0 names
Oct 10 19:19:07.724618 devstack-u2204-93-55 dnsmasq-dhcp[130561]: read /opt/stack/data/neutron/dhcp/b132b17c-5877-42c9-b005-bfd98d03c624/host
Oct 10 19:19:07.724688 devstack-u2204-93-55 dnsmasq-dhcp[130561]: read /opt/stack/data/neutron/dhcp/b132b17c-5877-42c9-b005-bfd98d03c624/opts
Oct 10 19:19:09.285026 devstack-u2204-93-55 dnsmasq[130561]: read /opt/stack/data/neutron/dhcp/b132b17c-5877-42c9-b005-bfd98d03c624/addn_hosts - 2 names
Oct 10 19:19:09.285342 devstack-u2204-93-55 dnsmasq-dhcp[130561]: read /opt/stack/data/neutron/dhcp/b132b17c-5877-42c9-b005-bfd98d03c624/host
Oct 10 19:19:09.285497 devstack-u2204-93-55 dnsmasq-dhcp[130561]: read /opt/stack/data/neutron/dhcp/b132b17c-5877-42c9-b005-bfd98d03c624/opts
Oct 10 19:19:13.562448 devstack-u2204-93-55 dnsmasq[130812]: started, version 2.90 cachesize 150
Oct 10 19:19:13.562492 devstack-u2204-93-55 dnsmasq[130812]: DNS service limited to local subnets
Oct 10 19:19:13.562518 devstack-u2204-93-55 dnsmasq[130812]: compile time options: IPv6 GNU-getopt DBus no-UBus i18n IDN2 DHCP DHCPv6 no-Lua TFTP conntrack ipset no-nftset auth cryptohash DNSSEC loop-detect inotify dumpfile
Oct 10 19:19:13.562588 devstack-u2204-93-55 dnsmasq-dhcp[130812]: DHCP, static leases only on 10.1.0.0, lease time 1d
Oct 10 19:19:13.562826 devstack-u2204-93-55 dnsmasq[130812]: reading /etc/resolv.conf
Oct 10 19:19:13.562865 devstack-u2204-93-55 dnsmasq[130812]: using nameserver 127.0.0.53#53
Oct 10 19:19:13.562969 devstack-u2204-93-55 dnsmasq[130812]: read /opt/stack/data/neutron/dhcp/b054236b-1cf5-46b7-8415-7776c1e8a4e5/addn_hosts - 0 names
Oct 10 19:19:13.563036 devstack-u2204-93-55 dnsmasq-dhcp[130812]: read /opt/stack/data/neutron/dhcp/b054236b-1cf5-46b7-8415-7776c1e8a4e5/host
Oct 10 19:19:13.563120 devstack-u2204-93-55 dnsmasq-dhcp[130812]: read /opt/stack/data/neutron/dhcp/b054236b-1cf5-46b7-8415-7776c1e8a4e5/opts
Oct 10 19:19:14.108602 devstack-u2204-93-55 dnsmasq[130561]: read /opt/stack/data/neutron/dhcp/b132b17c-5877-42c9-b005-bfd98d03c624/addn_hosts - 2 names
Oct 10 19:19:14.108706 devstack-u2204-93-55 dnsmasq-dhcp[130561]: read /opt/stack/data/neutron/dhcp/b132b17c-5877-42c9-b005-bfd98d03c624/host
Oct 10 19:19:14.108787 devstack-u2204-93-55 dnsmasq-dhcp[130561]: read /opt/stack/data/neutron/dhcp/b132b17c-5877-42c9-b005-bfd98d03c624/opts
Oct 10 19:19:16.073309 devstack-u2204-93-55 dnsmasq[130812]: read /opt/stack/data/neutron/dhcp/b054236b-1cf5-46b7-8415-7776c1e8a4e5/addn_hosts - 2 names
Oct 10 19:19:16.073388 devstack-u2204-93-55 dnsmasq-dhcp[130812]: read /opt/stack/data/neutron/dhcp/b054236b-1cf5-46b7-8415-7776c1e8a4e5/host
Oct 10 19:19:16.073458 devstack-u2204-93-55 dnsmasq-dhcp[130812]: read /opt/stack/data/neutron/dhcp/b054236b-1cf5-46b7-8415-7776c1e8a4e5/opts
Oct 10 19:19:16.995574 devstack-u2204-93-55 dnsmasq[130561]: read /opt/stack/data/neutron/dhcp/b132b17c-5877-42c9-b005-bfd98d03c624/addn_hosts - 2 names
Oct 10 19:19:16.997399 devstack-u2204-93-55 dnsmasq-dhcp[130561]: read /opt/stack/data/neutron/dhcp/b132b17c-5877-42c9-b005-bfd98d03c624/host
Oct 10 19:19:16.997502 devstack-u2204-93-55 dnsmasq-dhcp[130561]: read /opt/stack/data/neutron/dhcp/b132b17c-5877-42c9-b005-bfd98d03c624/opts
Oct 10 19:19:18.898791 devstack-u2204-93-55 dnsmasq[128679]: read /opt/stack/data/neutron/dhcp/c9f72c45-da6c-4f60-84ec-1387215bd161/addn_hosts - 6 names
Oct 10 19:19:18.898928 devstack-u2204-93-55 dnsmasq-dhcp[128679]: read /opt/stack/data/neutron/dhcp/c9f72c45-da6c-4f60-84ec-1387215bd161/host
Oct 10 19:19:18.899038 devstack-u2204-93-55 dnsmasq-dhcp[128679]: read /opt/stack/data/neutron/dhcp/c9f72c45-da6c-4f60-84ec-1387215bd161/opts
Oct 10 19:19:19.862193 devstack-u2204-93-55 dnsmasq[130812]: read /opt/stack/data/neutron/dhcp/b054236b-1cf5-46b7-8415-7776c1e8a4e5/addn_hosts - 2 names
Oct 10 19:19:19.862315 devstack-u2204-93-55 dnsmasq-dhcp[130812]: read /opt/stack/data/neutron/dhcp/b054236b-1cf5-46b7-8415-7776c1e8a4e5/host
Oct 10 19:19:19.862449 devstack-u2204-93-55 dnsmasq-dhcp[130812]: read /opt/stack/data/neutron/dhcp/b054236b-1cf5-46b7-8415-7776c1e8a4e5/opts
Oct 10 19:19:21.720081 devstack-u2204-93-55 dnsmasq-dhcp[125829]: DHCPDISCOVER(tapba2e83a5-25) fa:16:3e:c3:bf:07
Oct 10 19:19:21.720101 devstack-u2204-93-55 dnsmasq-dhcp[125829]: DHCPOFFER(tapba2e83a5-25) 10.1.0.8 fa:16:3e:c3:bf:07
Oct 10 19:19:21.736671 devstack-u2204-93-55 dnsmasq-dhcp[125829]: DHCPREQUEST(tapba2e83a5-25) 10.1.0.8 fa:16:3e:c3:bf:07
Oct 10 19:19:21.736729 devstack-u2204-93-55 dnsmasq-dhcp[125829]: DHCPACK(tapba2e83a5-25) 10.1.0.8 fa:16:3e:c3:bf:07 host-10-1-0-8
Oct 10 19:19:22.314454 devstack-u2204-93-55 dnsmasq[130812]: read /opt/stack/data/neutron/dhcp/b054236b-1cf5-46b7-8415-7776c1e8a4e5/addn_hosts - 2 names
Oct 10 19:19:22.314573 devstack-u2204-93-55 dnsmasq-dhcp[130812]: read /opt/stack/data/neutron/dhcp/b054236b-1cf5-46b7-8415-7776c1e8a4e5/host
Oct 10 19:19:22.314709 devstack-u2204-93-55 dnsmasq-dhcp[130812]: read /opt/stack/data/neutron/dhcp/b054236b-1cf5-46b7-8415-7776c1e8a4e5/opts
Oct 10 19:19:55.037082 devstack-u2204-93-55 dnsmasq-dhcp[128679]: DHCPDISCOVER(taped505b38-9a) fa:16:3e:92:c2:a9
Oct 10 19:19:55.037129 devstack-u2204-93-55 dnsmasq-dhcp[128679]: DHCPOFFER(taped505b38-9a) 10.1.0.7 fa:16:3e:92:c2:a9
Oct 10 19:19:55.051420 devstack-u2204-93-55 dnsmasq-dhcp[128679]: DHCPREQUEST(taped505b38-9a) 10.1.0.7 fa:16:3e:92:c2:a9
Oct 10 19:19:55.051478 devstack-u2204-93-55 dnsmasq-dhcp[128679]: DHCPACK(taped505b38-9a) 10.1.0.7 fa:16:3e:92:c2:a9 host-10-1-0-7
Oct 10 19:19:57.767451 devstack-u2204-93-55 dnsmasq[84079]: read /opt/stack/data/neutron/dhcp/edc64690-556f-41e3-8e25-92080520a5b0/addn_hosts - 2 names
Oct 10 19:19:57.767613 devstack-u2204-93-55 dnsmasq-dhcp[84079]: read /opt/stack/data/neutron/dhcp/edc64690-556f-41e3-8e25-92080520a5b0/host
Oct 10 19:19:57.767705 devstack-u2204-93-55 dnsmasq-dhcp[84079]: read /opt/stack/data/neutron/dhcp/edc64690-556f-41e3-8e25-92080520a5b0/opts
Oct 10 19:20:11.948171 devstack-u2204-93-55 dnsmasq[84079]: read /opt/stack/data/neutron/dhcp/edc64690-556f-41e3-8e25-92080520a5b0/addn_hosts - 0 names
Oct 10 19:20:11.948279 devstack-u2204-93-55 dnsmasq-dhcp[84079]: read /opt/stack/data/neutron/dhcp/edc64690-556f-41e3-8e25-92080520a5b0/host
Oct 10 19:20:11.948358 devstack-u2204-93-55 dnsmasq-dhcp[84079]: read /opt/stack/data/neutron/dhcp/edc64690-556f-41e3-8e25-92080520a5b0/opts
Oct 10 19:20:15.473212 devstack-u2204-93-55 dnsmasq[130561]: read /opt/stack/data/neutron/dhcp/b132b17c-5877-42c9-b005-bfd98d03c624/addn_hosts - 4 names
Oct 10 19:20:15.473398 devstack-u2204-93-55 dnsmasq-dhcp[130561]: read /opt/stack/data/neutron/dhcp/b132b17c-5877-42c9-b005-bfd98d03c624/host
Oct 10 19:20:15.473500 devstack-u2204-93-55 dnsmasq-dhcp[130561]: read /opt/stack/data/neutron/dhcp/b132b17c-5877-42c9-b005-bfd98d03c624/opts
Oct 10 19:20:36.238167 devstack-u2204-93-55 dnsmasq[131781]: started, version 2.90 cachesize 150
Oct 10 19:20:36.238187 devstack-u2204-93-55 dnsmasq[131781]: DNS service limited to local subnets
Oct 10 19:20:36.238199 devstack-u2204-93-55 dnsmasq[131781]: compile time options: IPv6 GNU-getopt DBus no-UBus i18n IDN2 DHCP DHCPv6 no-Lua TFTP conntrack ipset no-nftset auth cryptohash DNSSEC loop-detect inotify dumpfile
Oct 10 19:20:36.238232 devstack-u2204-93-55 dnsmasq-dhcp[131781]: DHCP, static leases only on 10.1.0.0, lease time 1d
Oct 10 19:20:36.238352 devstack-u2204-93-55 dnsmasq[131781]: reading /etc/resolv.conf
Oct 10 19:20:36.238364 devstack-u2204-93-55 dnsmasq[131781]: using nameserver 127.0.0.53#53
Oct 10 19:20:36.238418 devstack-u2204-93-55 dnsmasq[131781]: read /opt/stack/data/neutron/dhcp/6a8856db-cfb7-43d3-8fc3-4af9e1246096/addn_hosts - 0 names
Oct 10 19:20:36.238453 devstack-u2204-93-55 dnsmasq-dhcp[131781]: read /opt/stack/data/neutron/dhcp/6a8856db-cfb7-43d3-8fc3-4af9e1246096/host
Oct 10 19:20:36.238508 devstack-u2204-93-55 dnsmasq-dhcp[131781]: read /opt/stack/data/neutron/dhcp/6a8856db-cfb7-43d3-8fc3-4af9e1246096/opts
Oct 10 19:20:37.789980 devstack-u2204-93-55 dnsmasq[131781]: read /opt/stack/data/neutron/dhcp/6a8856db-cfb7-43d3-8fc3-4af9e1246096/addn_hosts - 2 names
