Oct 10 20:20:55.139460 devstack-u2204-93-55 dnsmasq-dhcp[147649]: DHCPRELEASE(tapb69f49c6-1f) 10.1.0.7 fa:16:3e:98:a7:1d
Oct 10 20:20:55.168333 devstack-u2204-93-55 dnsmasq-dhcp[147649]: DHCPRELEASE(tapb69f49c6-1f) 10.1.0.7 fa:16:3e:98:a7:1d unknown lease
Oct 10 20:20:56.002447 devstack-u2204-93-55 dnsmasq[147649]: read /opt/stack/data/neutron/dhcp/3cca033d-2e87-415d-9184-1a18e2b02360/addn_hosts - 2 names
Oct 10 20:20:56.002612 devstack-u2204-93-55 dnsmasq-dhcp[147649]: read /opt/stack/data/neutron/dhcp/3cca033d-2e87-415d-9184-1a18e2b02360/host
Oct 10 20:20:56.002722 devstack-u2204-93-55 dnsmasq-dhcp[147649]: read /opt/stack/data/neutron/dhcp/3cca033d-2e87-415d-9184-1a18e2b02360/opts
Oct 10 20:21:06.653267 devstack-u2204-93-55 dnsmasq-dhcp[147649]: DHCPRELEASE(tapb69f49c6-1f) 10.1.0.1 fa:16:3e:ff:86:cd
Oct 10 20:21:07.483311 devstack-u2204-93-55 dnsmasq[147649]: read /opt/stack/data/neutron/dhcp/3cca033d-2e87-415d-9184-1a18e2b02360/addn_hosts - 0 names
Oct 10 20:21:07.483403 devstack-u2204-93-55 dnsmasq-dhcp[147649]: read /opt/stack/data/neutron/dhcp/3cca033d-2e87-415d-9184-1a18e2b02360/host
Oct 10 20:21:07.483481 devstack-u2204-93-55 dnsmasq-dhcp[147649]: read /opt/stack/data/neutron/dhcp/3cca033d-2e87-415d-9184-1a18e2b02360/opts
Oct 10 20:21:08.660189 devstack-u2204-93-55 dnsmasq[147649]: exiting on receipt of SIGTERM
Oct 10 20:21:09.812224 devstack-u2204-93-55 dnsmasq-dhcp[148578]: DHCPRELEASE(tape42385a3-8f) 10.1.0.1 fa:16:3e:2c:d8:05
Oct 10 20:21:10.644255 devstack-u2204-93-55 dnsmasq[148578]: read /opt/stack/data/neutron/dhcp/2a719aa1-005b-441b-857b-7d442501d92d/addn_hosts - 0 names
Oct 10 20:21:10.644627 devstack-u2204-93-55 dnsmasq-dhcp[148578]: read /opt/stack/data/neutron/dhcp/2a719aa1-005b-441b-857b-7d442501d92d/host
Oct 10 20:21:10.644716 devstack-u2204-93-55 dnsmasq-dhcp[148578]: read /opt/stack/data/neutron/dhcp/2a719aa1-005b-441b-857b-7d442501d92d/opts
Oct 10 20:21:11.922323 devstack-u2204-93-55 dnsmasq[148578]: exiting on receipt of SIGTERM
Oct 10 20:21:18.634627 devstack-u2204-93-55 dnsmasq[151746]: started, version 2.90 cachesize 150
Oct 10 20:21:18.634664 devstack-u2204-93-55 dnsmasq[151746]: DNS service limited to local subnets
Oct 10 20:21:18.634696 devstack-u2204-93-55 dnsmasq[151746]: compile time options: IPv6 GNU-getopt DBus no-UBus i18n IDN2 DHCP DHCPv6 no-Lua TFTP conntrack ipset no-nftset auth cryptohash DNSSEC loop-detect inotify dumpfile
Oct 10 20:21:18.634764 devstack-u2204-93-55 dnsmasq-dhcp[151746]: DHCP, static leases only on 10.1.0.0, lease time 1d
Oct 10 20:21:18.634950 devstack-u2204-93-55 dnsmasq[151746]: reading /etc/resolv.conf
Oct 10 20:21:18.634970 devstack-u2204-93-55 dnsmasq[151746]: using nameserver 127.0.0.53#53
Oct 10 20:21:18.635065 devstack-u2204-93-55 dnsmasq[151746]: read /opt/stack/data/neutron/dhcp/36c3e75b-4bc2-46d0-8771-80e90256b6b1/addn_hosts - 0 names
Oct 10 20:21:18.635125 devstack-u2204-93-55 dnsmasq-dhcp[151746]: read /opt/stack/data/neutron/dhcp/36c3e75b-4bc2-46d0-8771-80e90256b6b1/host
Oct 10 20:21:18.635218 devstack-u2204-93-55 dnsmasq-dhcp[151746]: read /opt/stack/data/neutron/dhcp/36c3e75b-4bc2-46d0-8771-80e90256b6b1/opts
Oct 10 20:21:20.122037 devstack-u2204-93-55 dnsmasq-dhcp[148278]: DHCPDISCOVER(tapec0712ff-cf) fa:16:3e:dc:3c:9b
Oct 10 20:21:20.122089 devstack-u2204-93-55 dnsmasq-dhcp[148278]: DHCPOFFER(tapec0712ff-cf) 10.1.0.4 fa:16:3e:dc:3c:9b
Oct 10 20:21:20.195737 devstack-u2204-93-55 dnsmasq[151746]: read /opt/stack/data/neutron/dhcp/36c3e75b-4bc2-46d0-8771-80e90256b6b1/addn_hosts - 2 names
Oct 10 20:21:20.195909 devstack-u2204-93-55 dnsmasq-dhcp[151746]: read /opt/stack/data/neutron/dhcp/36c3e75b-4bc2-46d0-8771-80e90256b6b1/host
Oct 10 20:21:20.196052 devstack-u2204-93-55 dnsmasq-dhcp[151746]: read /opt/stack/data/neutron/dhcp/36c3e75b-4bc2-46d0-8771-80e90256b6b1/opts
Oct 10 20:21:20.415826 devstack-u2204-93-55 dnsmasq-dhcp[148278]: DHCPREQUEST(tapec0712ff-cf) 10.1.0.4 fa:16:3e:dc:3c:9b
Oct 10 20:21:20.415892 devstack-u2204-93-55 dnsmasq-dhcp[148278]: DHCPACK(tapec0712ff-cf) 10.1.0.4 fa:16:3e:dc:3c:9b host-10-1-0-4
Oct 10 20:21:20.440596 devstack-u2204-93-55 dnsmasq-dhcp[150298]: DHCPDISCOVER(tap9e716742-98) fa:16:3e:04:44:08
Oct 10 20:21:20.440623 devstack-u2204-93-55 dnsmasq-dhcp[150298]: DHCPOFFER(tap9e716742-98) 10.1.1.148 fa:16:3e:04:44:08
Oct 10 20:21:20.483818 devstack-u2204-93-55 dnsmasq-dhcp[150298]: DHCPDISCOVER(tap9e716742-98) fa:16:3e:e9:3f:28
Oct 10 20:21:20.484077 devstack-u2204-93-55 dnsmasq-dhcp[150298]: DHCPOFFER(tap9e716742-98) 10.1.1.97 fa:16:3e:e9:3f:28
Oct 10 20:21:20.528865 devstack-u2204-93-55 dnsmasq-dhcp[150298]: DHCPDISCOVER(tap9e716742-98) fa:16:3e:fc:0b:1d
Oct 10 20:21:20.529538 devstack-u2204-93-55 dnsmasq-dhcp[150298]: DHCPOFFER(tap9e716742-98) 10.1.1.229 fa:16:3e:fc:0b:1d
Oct 10 20:21:20.542861 devstack-u2204-93-55 dnsmasq-dhcp[150298]: DHCPREQUEST(tap9e716742-98) 10.1.1.148 fa:16:3e:04:44:08
Oct 10 20:21:20.542908 devstack-u2204-93-55 dnsmasq-dhcp[150298]: DHCPACK(tap9e716742-98) 10.1.1.148 fa:16:3e:04:44:08 host-10-1-1-148
Oct 10 20:21:20.588530 devstack-u2204-93-55 dnsmasq-dhcp[150298]: DHCPREQUEST(tap9e716742-98) 10.1.1.97 fa:16:3e:e9:3f:28
Oct 10 20:21:20.588580 devstack-u2204-93-55 dnsmasq-dhcp[150298]: DHCPACK(tap9e716742-98) 10.1.1.97 fa:16:3e:e9:3f:28 host-10-1-1-97
Oct 10 20:21:20.635825 devstack-u2204-93-55 dnsmasq-dhcp[150298]: DHCPREQUEST(tap9e716742-98) 10.1.1.229 fa:16:3e:fc:0b:1d
Oct 10 20:21:20.635904 devstack-u2204-93-55 dnsmasq-dhcp[150298]: DHCPACK(tap9e716742-98) 10.1.1.229 fa:16:3e:fc:0b:1d host-10-1-1-229
Oct 10 20:21:20.800640 devstack-u2204-93-55 dnsmasq-dhcp[150354]: DHCPDISCOVER(tap41cbb9f1-dd) fa:16:3e:b4:9f:fb
Oct 10 20:21:20.800684 devstack-u2204-93-55 dnsmasq-dhcp[150354]: DHCPOFFER(tap41cbb9f1-dd) 10.2.2.200 fa:16:3e:b4:9f:fb
Oct 10 20:21:20.836691 devstack-u2204-93-55 dnsmasq-dhcp[150354]: DHCPREQUEST(tap41cbb9f1-dd) 10.2.2.200 fa:16:3e:b4:9f:fb
Oct 10 20:21:20.836744 devstack-u2204-93-55 dnsmasq-dhcp[150354]: DHCPACK(tap41cbb9f1-dd) 10.2.2.200 fa:16:3e:b4:9f:fb host-10-2-2-200
Oct 10 20:21:21.417676 devstack-u2204-93-55 dnsmasq-dhcp[150354]: DHCPDISCOVER(tap41cbb9f1-dd) fa:16:3e:0b:aa:3a
Oct 10 20:21:21.417727 devstack-u2204-93-55 dnsmasq-dhcp[150354]: DHCPOFFER(tap41cbb9f1-dd) 10.2.2.100 fa:16:3e:0b:aa:3a
Oct 10 20:21:21.437545 devstack-u2204-93-55 dnsmasq-dhcp[150354]: DHCPREQUEST(tap41cbb9f1-dd) 10.2.2.100 fa:16:3e:0b:aa:3a
Oct 10 20:21:21.437622 devstack-u2204-93-55 dnsmasq-dhcp[150354]: DHCPACK(tap41cbb9f1-dd) 10.2.2.100 fa:16:3e:0b:aa:3a host-10-2-2-100
Oct 10 20:21:21.496956 devstack-u2204-93-55 dnsmasq-dhcp[150298]: DHCPDISCOVER(tap9e716742-98) fa:16:3e:a7:13:ff
Oct 10 20:21:21.497002 devstack-u2204-93-55 dnsmasq-dhcp[150298]: DHCPOFFER(tap9e716742-98) 10.1.1.78 fa:16:3e:a7:13:ff
Oct 10 20:21:21.520610 devstack-u2204-93-55 dnsmasq-dhcp[150298]: DHCPREQUEST(tap9e716742-98) 10.1.1.78 fa:16:3e:a7:13:ff
Oct 10 20:21:21.520652 devstack-u2204-93-55 dnsmasq-dhcp[150298]: DHCPACK(tap9e716742-98) 10.1.1.78 fa:16:3e:a7:13:ff host-10-1-1-78
Oct 10 20:21:24.344246 devstack-u2204-93-55 dnsmasq[152074]: started, version 2.90 cachesize 150
Oct 10 20:21:24.344297 devstack-u2204-93-55 dnsmasq[152074]: DNS service limited to local subnets
Oct 10 20:21:24.344318 devstack-u2204-93-55 dnsmasq[152074]: compile time options: IPv6 GNU-getopt DBus no-UBus i18n IDN2 DHCP DHCPv6 no-Lua TFTP conntrack ipset no-nftset auth cryptohash DNSSEC loop-detect inotify dumpfile
Oct 10 20:21:24.344367 devstack-u2204-93-55 dnsmasq-dhcp[152074]: DHCP, static leases only on 10.1.0.0, lease time 1d
Oct 10 20:21:24.344578 devstack-u2204-93-55 dnsmasq[152074]: reading /etc/resolv.conf
Oct 10 20:21:24.344601 devstack-u2204-93-55 dnsmasq[152074]: using nameserver 127.0.0.53#53
Oct 10 20:21:24.344695 devstack-u2204-93-55 dnsmasq[152074]: read /opt/stack/data/neutron/dhcp/115a7a73-0601-404d-9f89-587f0dd9026b/addn_hosts - 0 names
Oct 10 20:21:24.344765 devstack-u2204-93-55 dnsmasq-dhcp[152074]: read /opt/stack/data/neutron/dhcp/115a7a73-0601-404d-9f89-587f0dd9026b/host
Oct 10 20:21:24.344851 devstack-u2204-93-55 dnsmasq-dhcp[152074]: read /opt/stack/data/neutron/dhcp/115a7a73-0601-404d-9f89-587f0dd9026b/opts
Oct 10 20:21:24.884371 devstack-u2204-93-55 dnsmasq[151746]: read /opt/stack/data/neutron/dhcp/36c3e75b-4bc2-46d0-8771-80e90256b6b1/addn_hosts - 2 names
Oct 10 20:21:24.884491 devstack-u2204-93-55 dnsmasq-dhcp[151746]: read /opt/stack/data/neutron/dhcp/36c3e75b-4bc2-46d0-8771-80e90256b6b1/host
Oct 10 20:21:24.884572 devstack-u2204-93-55 dnsmasq-dhcp[151746]: read /opt/stack/data/neutron/dhcp/36c3e75b-4bc2-46d0-8771-80e90256b6b1/opts
Oct 10 20:21:25.270077 devstack-u2204-93-55 dnsmasq-dhcp[148068]: DHCPRELEASE(tapfd0a0af1-80) 10.1.0.11 fa:16:3e:0d:04:f7
Oct 10 20:21:25.296316 devstack-u2204-93-55 dnsmasq-dhcp[148068]: DHCPRELEASE(tapfd0a0af1-80) 10.1.0.11 fa:16:3e:0d:04:f7 unknown lease
Oct 10 20:21:26.127971 devstack-u2204-93-55 dnsmasq[148068]: read /opt/stack/data/neutron/dhcp/2454620a-9e94-4f6a-a507-0474e4083e4b/addn_hosts - 2 names
Oct 10 20:21:26.128033 devstack-u2204-93-55 dnsmasq-dhcp[148068]: read /opt/stack/data/neutron/dhcp/2454620a-9e94-4f6a-a507-0474e4083e4b/host
Oct 10 20:21:26.128096 devstack-u2204-93-55 dnsmasq-dhcp[148068]: read /opt/stack/data/neutron/dhcp/2454620a-9e94-4f6a-a507-0474e4083e4b/opts
Oct 10 20:21:28.526501 devstack-u2204-93-55 dnsmasq[152074]: read /opt/stack/data/neutron/dhcp/115a7a73-0601-404d-9f89-587f0dd9026b/addn_hosts - 2 names
Oct 10 20:21:28.526555 devstack-u2204-93-55 dnsmasq-dhcp[152074]: read /opt/stack/data/neutron/dhcp/115a7a73-0601-404d-9f89-587f0dd9026b/host
Oct 10 20:21:28.526600 devstack-u2204-93-55 dnsmasq-dhcp[152074]: read /opt/stack/data/neutron/dhcp/115a7a73-0601-404d-9f89-587f0dd9026b/opts
Oct 10 20:21:32.396516 devstack-u2204-93-55 dnsmasq[152416]: started, version 2.90 cachesize 150
Oct 10 20:21:32.396537 devstack-u2204-93-55 dnsmasq[152416]: DNS service limited to local subnets
Oct 10 20:21:32.396550 devstack-u2204-93-55 dnsmasq[152416]: compile time options: IPv6 GNU-getopt DBus no-UBus i18n IDN2 DHCP DHCPv6 no-Lua TFTP conntrack ipset no-nftset auth cryptohash DNSSEC loop-detect inotify dumpfile
Oct 10 20:21:32.396576 devstack-u2204-93-55 dnsmasq-dhcp[152416]: DHCP, static leases only on 10.1.0.0, lease time 1d
Oct 10 20:21:32.396688 devstack-u2204-93-55 dnsmasq[152416]: reading /etc/resolv.conf
Oct 10 20:21:32.396699 devstack-u2204-93-55 dnsmasq[152416]: using nameserver 127.0.0.53#53
Oct 10 20:21:32.396788 devstack-u2204-93-55 dnsmasq[152416]: read /opt/stack/data/neutron/dhcp/3abf5c77-e957-43fc-8cde-80970b9d310c/addn_hosts - 2 names
Oct 10 20:21:32.396827 devstack-u2204-93-55 dnsmasq-dhcp[152416]: read /opt/stack/data/neutron/dhcp/3abf5c77-e957-43fc-8cde-80970b9d310c/host
Oct 10 20:21:32.396867 devstack-u2204-93-55 dnsmasq-dhcp[152416]: read /opt/stack/data/neutron/dhcp/3abf5c77-e957-43fc-8cde-80970b9d310c/opts
Oct 10 20:21:32.938044 devstack-u2204-93-55 dnsmasq[151746]: read /opt/stack/data/neutron/dhcp/36c3e75b-4bc2-46d0-8771-80e90256b6b1/addn_hosts - 2 names
Oct 10 20:21:32.938130 devstack-u2204-93-55 dnsmasq-dhcp[151746]: read /opt/stack/data/neutron/dhcp/36c3e75b-4bc2-46d0-8771-80e90256b6b1/host
Oct 10 20:21:32.938246 devstack-u2204-93-55 dnsmasq-dhcp[151746]: read /opt/stack/data/neutron/dhcp/36c3e75b-4bc2-46d0-8771-80e90256b6b1/opts
Oct 10 20:21:33.359257 devstack-u2204-93-55 dnsmasq-dhcp[148068]: DHCPRELEASE(tapfd0a0af1-80) 10.1.0.1 fa:16:3e:ae:40:65
Oct 10 20:21:34.193184 devstack-u2204-93-55 dnsmasq[148068]: read /opt/stack/data/neutron/dhcp/2454620a-9e94-4f6a-a507-0474e4083e4b/addn_hosts - 0 names
Oct 10 20:21:34.193336 devstack-u2204-93-55 dnsmasq-dhcp[148068]: read /opt/stack/data/neutron/dhcp/2454620a-9e94-4f6a-a507-0474e4083e4b/host
Oct 10 20:21:34.193453 devstack-u2204-93-55 dnsmasq-dhcp[148068]: read /opt/stack/data/neutron/dhcp/2454620a-9e94-4f6a-a507-0474e4083e4b/opts
Oct 10 20:21:36.128699 devstack-u2204-93-55 dnsmasq[152074]: read /opt/stack/data/neutron/dhcp/115a7a73-0601-404d-9f89-587f0dd9026b/addn_hosts - 2 names
Oct 10 20:21:36.128831 devstack-u2204-93-55 dnsmasq-dhcp[152074]: read /opt/stack/data/neutron/dhcp/115a7a73-0601-404d-9f89-587f0dd9026b/host
Oct 10 20:21:36.128925 devstack-u2204-93-55 dnsmasq-dhcp[152074]: read /opt/stack/data/neutron/dhcp/115a7a73-0601-404d-9f89-587f0dd9026b/opts
Oct 10 20:21:36.551397 devstack-u2204-93-55 dnsmasq-dhcp[149045]: DHCPRELEASE(tape183b09c-82) 10.1.0.1 fa:16:3e:d2:f9:e9
Oct 10 20:21:37.384703 devstack-u2204-93-55 dnsmasq[149045]: read /opt/stack/data/neutron/dhcp/d622ca2e-b622-4e42-ba3a-69a94d2015ed/addn_hosts - 0 names
Oct 10 20:21:37.384796 devstack-u2204-93-55 dnsmasq-dhcp[149045]: read /opt/stack/data/neutron/dhcp/d622ca2e-b622-4e42-ba3a-69a94d2015ed/host
Oct 10 20:21:37.384873 devstack-u2204-93-55 dnsmasq-dhcp[149045]: read /opt/stack/data/neutron/dhcp/d622ca2e-b622-4e42-ba3a-69a94d2015ed/opts
Oct 10 20:21:38.854306 devstack-u2204-93-55 dnsmasq[152416]: read /opt/stack/data/neutron/dhcp/3abf5c77-e957-43fc-8cde-80970b9d310c/addn_hosts - 2 names
Oct 10 20:21:38.854478 devstack-u2204-93-55 dnsmasq-dhcp[152416]: read /opt/stack/data/neutron/dhcp/3abf5c77-e957-43fc-8cde-80970b9d310c/host
Oct 10 20:21:38.854687 devstack-u2204-93-55 dnsmasq-dhcp[152416]: read /opt/stack/data/neutron/dhcp/3abf5c77-e957-43fc-8cde-80970b9d310c/opts
Oct 10 20:21:39.328955 devstack-u2204-93-55 dnsmasq-dhcp[149909]: DHCPRELEASE(tap277298b4-61) 10.1.0.1 fa:16:3e:92:8e:ed
Oct 10 20:21:40.163177 devstack-u2204-93-55 dnsmasq[149909]: read /opt/stack/data/neutron/dhcp/661a607e-cbc6-4ab2-8d1e-970fc82f2570/addn_hosts - 0 names
Oct 10 20:21:40.163285 devstack-u2204-93-55 dnsmasq-dhcp[149909]: read /opt/stack/data/neutron/dhcp/661a607e-cbc6-4ab2-8d1e-970fc82f2570/host
Oct 10 20:21:40.163380 devstack-u2204-93-55 dnsmasq-dhcp[149909]: read /opt/stack/data/neutron/dhcp/661a607e-cbc6-4ab2-8d1e-970fc82f2570/opts
Oct 10 20:21:40.614488 devstack-u2204-93-55 dnsmasq[148068]: exiting on receipt of SIGTERM
Oct 10 20:21:41.733032 devstack-u2204-93-55 dnsmasq[151746]: read /opt/stack/data/neutron/dhcp/36c3e75b-4bc2-46d0-8771-80e90256b6b1/addn_hosts - 4 names
Oct 10 20:21:41.733261 devstack-u2204-93-55 dnsmasq-dhcp[151746]: read /opt/stack/data/neutron/dhcp/36c3e75b-4bc2-46d0-8771-80e90256b6b1/host
Oct 10 20:21:41.733380 devstack-u2204-93-55 dnsmasq-dhcp[151746]: read /opt/stack/data/neutron/dhcp/36c3e75b-4bc2-46d0-8771-80e90256b6b1/opts
Oct 10 20:21:43.140266 devstack-u2204-93-55 dnsmasq[152074]: read /opt/stack/data/neutron/dhcp/115a7a73-0601-404d-9f89-587f0dd9026b/addn_hosts - 2 names
Oct 10 20:21:43.140371 devstack-u2204-93-55 dnsmasq-dhcp[152074]: read /opt/stack/data/neutron/dhcp/115a7a73-0601-404d-9f89-587f0dd9026b/host
Oct 10 20:21:43.140418 devstack-u2204-93-55 dnsmasq-dhcp[152074]: read /opt/stack/data/neutron/dhcp/115a7a73-0601-404d-9f89-587f0dd9026b/opts
Oct 10 20:21:43.510265 devstack-u2204-93-55 dnsmasq[149045]: exiting on receipt of SIGTERM
Oct 10 20:21:44.616471 devstack-u2204-93-55 dnsmasq[152416]: read /opt/stack/data/neutron/dhcp/3abf5c77-e957-43fc-8cde-80970b9d310c/addn_hosts - 2 names
Oct 10 20:21:44.616532 devstack-u2204-93-55 dnsmasq-dhcp[152416]: read /opt/stack/data/neutron/dhcp/3abf5c77-e957-43fc-8cde-80970b9d310c/host
Oct 10 20:21:44.616575 devstack-u2204-93-55 dnsmasq-dhcp[152416]: read /opt/stack/data/neutron/dhcp/3abf5c77-e957-43fc-8cde-80970b9d310c/opts
Oct 10 20:21:48.406220 devstack-u2204-93-55 dnsmasq[153277]: started, version 2.90 cachesize 150
Oct 10 20:21:48.407415 devstack-u2204-93-55 dnsmasq[153277]: DNS service limited to local subnets
Oct 10 20:21:48.407459 devstack-u2204-93-55 dnsmasq[153277]: compile time options: IPv6 GNU-getopt DBus no-UBus i18n IDN2 DHCP DHCPv6 no-Lua TFTP conntrack ipset no-nftset auth cryptohash DNSSEC loop-detect inotify dumpfile
Oct 10 20:21:48.407537 devstack-u2204-93-55 dnsmasq-dhcp[153277]: DHCP, static leases only on 10.1.0.0, lease time 1d
Oct 10 20:21:48.408457 devstack-u2204-93-55 dnsmasq[153277]: reading /etc/resolv.conf
Oct 10 20:21:48.408490 devstack-u2204-93-55 dnsmasq[153277]: using nameserver 127.0.0.53#53
Oct 10 20:21:48.408631 devstack-u2204-93-55 dnsmasq[153277]: read /opt/stack/data/neutron/dhcp/45c622d7-863b-49a4-a99f-2cdacff4fdbd/addn_hosts - 2 names
Oct 10 20:21:48.408702 devstack-u2204-93-55 dnsmasq-dhcp[153277]: read /opt/stack/data/neutron/dhcp/45c622d7-863b-49a4-a99f-2cdacff4fdbd/host
Oct 10 20:21:48.408777 devstack-u2204-93-55 dnsmasq-dhcp[153277]: read /opt/stack/data/neutron/dhcp/45c622d7-863b-49a4-a99f-2cdacff4fdbd/opts
Oct 10 20:21:48.438744 devstack-u2204-93-55 dnsmasq[149909]: exiting on receipt of SIGTERM
Oct 10 20:21:53.373451 devstack-u2204-93-55 dnsmasq[153480]: started, version 2.90 cachesize 150
Oct 10 20:21:53.373474 devstack-u2204-93-55 dnsmasq[153480]: DNS service limited to local subnets
Oct 10 20:21:53.373493 devstack-u2204-93-55 dnsmasq[153480]: compile time options: IPv6 GNU-getopt DBus no-UBus i18n IDN2 DHCP DHCPv6 no-Lua TFTP conntrack ipset no-nftset auth cryptohash DNSSEC loop-detect inotify dumpfile
Oct 10 20:21:53.373535 devstack-u2204-93-55 dnsmasq-dhcp[153480]: DHCP, static leases only on 10.1.0.0, lease time 1d
Oct 10 20:21:53.373710 devstack-u2204-93-55 dnsmasq[153480]: reading /etc/resolv.conf
Oct 10 20:21:53.373731 devstack-u2204-93-55 dnsmasq[153480]: using nameserver 127.0.0.53#53
Oct 10 20:21:53.373879 devstack-u2204-93-55 dnsmasq[153480]: read /opt/stack/data/neutron/dhcp/561e107d-df9c-4977-b185-328ec1fbaffc/addn_hosts - 2 names
Oct 10 20:21:53.373945 devstack-u2204-93-55 dnsmasq-dhcp[153480]: read /opt/stack/data/neutron/dhcp/561e107d-df9c-4977-b185-328ec1fbaffc/host
Oct 10 20:21:53.374014 devstack-u2204-93-55 dnsmasq-dhcp[153480]: read /opt/stack/data/neutron/dhcp/561e107d-df9c-4977-b185-328ec1fbaffc/opts
Oct 10 20:21:53.923308 devstack-u2204-93-55 dnsmasq[152416]: read /opt/stack/data/neutron/dhcp/3abf5c77-e957-43fc-8cde-80970b9d310c/addn_hosts - 2 names
Oct 10 20:21:53.923376 devstack-u2204-93-55 dnsmasq-dhcp[152416]: read /opt/stack/data/neutron/dhcp/3abf5c77-e957-43fc-8cde-80970b9d310c/host
Oct 10 20:21:53.923427 devstack-u2204-93-55 dnsmasq-dhcp[152416]: read /opt/stack/data/neutron/dhcp/3abf5c77-e957-43fc-8cde-80970b9d310c/opts
Oct 10 20:21:55.255104 devstack-u2204-93-55 dnsmasq[153277]: read /opt/stack/data/neutron/dhcp/45c622d7-863b-49a4-a99f-2cdacff4fdbd/addn_hosts - 2 names
Oct 10 20:21:55.256307 devstack-u2204-93-55 dnsmasq-dhcp[153277]: read /opt/stack/data/neutron/dhcp/45c622d7-863b-49a4-a99f-2cdacff4fdbd/host
Oct 10 20:21:55.256420 devstack-u2204-93-55 dnsmasq-dhcp[153277]: read /opt/stack/data/neutron/dhcp/45c622d7-863b-49a4-a99f-2cdacff4fdbd/opts
Oct 10 20:21:55.660364 devstack-u2204-93-55 dnsmasq-dhcp[150354]: DHCPRELEASE(tap41cbb9f1-dd) 10.2.2.200 fa:16:3e:b4:9f:fb
Oct 10 20:21:55.685680 devstack-u2204-93-55 dnsmasq-dhcp[150354]: DHCPRELEASE(tap41cbb9f1-dd) 10.2.2.200 fa:16:3e:b4:9f:fb unknown lease
Oct 10 20:21:56.520490 devstack-u2204-93-55 dnsmasq[150354]: read /opt/stack/data/neutron/dhcp/29f01467-4693-415c-acea-db47f27401bd/addn_hosts - 2 names
Oct 10 20:21:56.520971 devstack-u2204-93-55 dnsmasq-dhcp[150354]: read /opt/stack/data/neutron/dhcp/29f01467-4693-415c-acea-db47f27401bd/host
Oct 10 20:21:56.521335 devstack-u2204-93-55 dnsmasq-dhcp[150354]: read /opt/stack/data/neutron/dhcp/29f01467-4693-415c-acea-db47f27401bd/opts
Oct 10 20:22:00.448569 devstack-u2204-93-55 dnsmasq[153779]: started, version 2.90 cachesize 150
Oct 10 20:22:00.448621 devstack-u2204-93-55 dnsmasq[153779]: DNS service limited to local subnets
Oct 10 20:22:00.448646 devstack-u2204-93-55 dnsmasq[153779]: compile time options: IPv6 GNU-getopt DBus no-UBus i18n IDN2 DHCP DHCPv6 no-Lua TFTP conntrack ipset no-nftset auth cryptohash DNSSEC loop-detect inotify dumpfile
Oct 10 20:22:00.448712 devstack-u2204-93-55 dnsmasq-dhcp[153779]: DHCP, static leases only on 10.1.0.0, lease time 1d
Oct 10 20:22:00.448954 devstack-u2204-93-55 dnsmasq[153779]: reading /etc/resolv.conf
Oct 10 20:22:00.448979 devstack-u2204-93-55 dnsmasq[153779]: using nameserver 127.0.0.53#53
Oct 10 20:22:00.449224 devstack-u2204-93-55 dnsmasq[153779]: read /opt/stack/data/neutron/dhcp/8585360e-2acd-4918-9f57-6dfceb6b88a5/addn_hosts - 2 names
Oct 10 20:22:00.449358 devstack-u2204-93-55 dnsmasq-dhcp[153779]: read /opt/stack/data/neutron/dhcp/8585360e-2acd-4918-9f57-6dfceb6b88a5/host
Oct 10 20:22:00.449482 devstack-u2204-93-55 dnsmasq-dhcp[153779]: read /opt/stack/data/neutron/dhcp/8585360e-2acd-4918-9f57-6dfceb6b88a5/opts
Oct 10 20:22:00.492129 devstack-u2204-93-55 dnsmasq-dhcp[148278]: DHCPRELEASE(tapec0712ff-cf) 10.1.0.4 fa:16:3e:dc:3c:9b
Oct 10 20:22:00.517821 devstack-u2204-93-55 dnsmasq-dhcp[148278]: DHCPRELEASE(tapec0712ff-cf) 10.1.0.4 fa:16:3e:dc:3c:9b unknown lease
Oct 10 20:22:01.344358 devstack-u2204-93-55 dnsmasq[148278]: read /opt/stack/data/neutron/dhcp/9710168b-e797-4fe8-bea2-a3857ccb2b66/addn_hosts - 2 names
Oct 10 20:22:01.344524 devstack-u2204-93-55 dnsmasq-dhcp[148278]: read /opt/stack/data/neutron/dhcp/9710168b-e797-4fe8-bea2-a3857ccb2b66/host
Oct 10 20:22:01.344645 devstack-u2204-93-55 dnsmasq-dhcp[148278]: read /opt/stack/data/neutron/dhcp/9710168b-e797-4fe8-bea2-a3857ccb2b66/opts
Oct 10 20:22:02.309558 devstack-u2204-93-55 dnsmasq-dhcp[150298]: DHCPRELEASE(tap9e716742-98) 10.1.1.97 fa:16:3e:e9:3f:28
Oct 10 20:22:02.329896 devstack-u2204-93-55 dnsmasq-dhcp[150298]: DHCPRELEASE(tap9e716742-98) 10.1.1.97 fa:16:3e:e9:3f:28 unknown lease
Oct 10 20:22:03.164504 devstack-u2204-93-55 dnsmasq[150298]: read /opt/stack/data/neutron/dhcp/ff692892-c5b0-48f2-9836-b5f5b3546182/addn_hosts - 6 names
Oct 10 20:22:03.164649 devstack-u2204-93-55 dnsmasq-dhcp[150298]: read /opt/stack/data/neutron/dhcp/ff692892-c5b0-48f2-9836-b5f5b3546182/host
Oct 10 20:22:03.164723 devstack-u2204-93-55 dnsmasq-dhcp[150298]: read /opt/stack/data/neutron/dhcp/ff692892-c5b0-48f2-9836-b5f5b3546182/opts
Oct 10 20:22:04.652185 devstack-u2204-93-55 dnsmasq[153277]: read /opt/stack/data/neutron/dhcp/45c622d7-863b-49a4-a99f-2cdacff4fdbd/addn_hosts - 2 names
Oct 10 20:22:04.652294 devstack-u2204-93-55 dnsmasq-dhcp[153277]: read /opt/stack/data/neutron/dhcp/45c622d7-863b-49a4-a99f-2cdacff4fdbd/host
Oct 10 20:22:04.652487 devstack-u2204-93-55 dnsmasq-dhcp[153277]: read /opt/stack/data/neutron/dhcp/45c622d7-863b-49a4-a99f-2cdacff4fdbd/opts
Oct 10 20:22:05.129512 devstack-u2204-93-55 dnsmasq-dhcp[150354]: DHCPRELEASE(tap41cbb9f1-dd) 10.2.2.100 fa:16:3e:0b:aa:3a
Oct 10 20:22:05.154657 devstack-u2204-93-55 dnsmasq-dhcp[150354]: DHCPRELEASE(tap41cbb9f1-dd) 10.2.2.100 fa:16:3e:0b:aa:3a unknown lease
Oct 10 20:22:05.989035 devstack-u2204-93-55 dnsmasq[150354]: read /opt/stack/data/neutron/dhcp/29f01467-4693-415c-acea-db47f27401bd/addn_hosts - 0 names
Oct 10 20:22:05.989134 devstack-u2204-93-55 dnsmasq-dhcp[150354]: read /opt/stack/data/neutron/dhcp/29f01467-4693-415c-acea-db47f27401bd/host
Oct 10 20:22:05.989256 devstack-u2204-93-55 dnsmasq-dhcp[150354]: read /opt/stack/data/neutron/dhcp/29f01467-4693-415c-acea-db47f27401bd/opts
Oct 10 20:22:07.507493 devstack-u2204-93-55 dnsmasq-dhcp[150298]: DHCPRELEASE(tap9e716742-98) 10.1.1.78 fa:16:3e:a7:13:ff
Oct 10 20:22:07.532348 devstack-u2204-93-55 dnsmasq-dhcp[150298]: DHCPRELEASE(tap9e716742-98) 10.1.1.78 fa:16:3e:a7:13:ff unknown lease
Oct 10 20:22:08.359901 devstack-u2204-93-55 dnsmasq[150298]: read /opt/stack/data/neutron/dhcp/ff692892-c5b0-48f2-9836-b5f5b3546182/addn_hosts - 4 names
Oct 10 20:22:08.360007 devstack-u2204-93-55 dnsmasq-dhcp[150298]: read /opt/stack/data/neutron/dhcp/ff692892-c5b0-48f2-9836-b5f5b3546182/host
Oct 10 20:22:08.360056 devstack-u2204-93-55 dnsmasq-dhcp[150298]: read /opt/stack/data/neutron/dhcp/ff692892-c5b0-48f2-9836-b5f5b3546182/opts
Oct 10 20:22:08.810448 devstack-u2204-93-55 dnsmasq[153480]: exiting on receipt of SIGTERM
Oct 10 20:22:09.374641 devstack-u2204-93-55 dnsmasq[153277]: exiting on receipt of SIGTERM
Oct 10 20:22:10.470098 devstack-u2204-93-55 dnsmasq[151746]: read /opt/stack/data/neutron/dhcp/36c3e75b-4bc2-46d0-8771-80e90256b6b1/addn_hosts - 2 names
Oct 10 20:22:10.470234 devstack-u2204-93-55 dnsmasq-dhcp[151746]: read /opt/stack/data/neutron/dhcp/36c3e75b-4bc2-46d0-8771-80e90256b6b1/host
Oct 10 20:22:10.470292 devstack-u2204-93-55 dnsmasq-dhcp[151746]: read /opt/stack/data/neutron/dhcp/36c3e75b-4bc2-46d0-8771-80e90256b6b1/opts
Oct 10 20:22:14.217814 devstack-u2204-93-55 dnsmasq[154124]: started, version 2.90 cachesize 150
Oct 10 20:22:14.217878 devstack-u2204-93-55 dnsmasq[154124]: DNS service limited to local subnets
Oct 10 20:22:14.217913 devstack-u2204-93-55 dnsmasq[154124]: compile time options: IPv6 GNU-getopt DBus no-UBus i18n IDN2 DHCP DHCPv6 no-Lua TFTP conntrack ipset no-nftset auth cryptohash DNSSEC loop-detect inotify dumpfile
Oct 10 20:22:14.217987 devstack-u2204-93-55 dnsmasq-dhcp[154124]: DHCP, static leases only on 10.1.0.0, lease time 1d
Oct 10 20:22:14.218320 devstack-u2204-93-55 dnsmasq[154124]: reading /etc/resolv.conf
Oct 10 20:22:14.218359 devstack-u2204-93-55 dnsmasq[154124]: using nameserver 127.0.0.53#53
Oct 10 20:22:14.218550 devstack-u2204-93-55 dnsmasq[154124]: read /opt/stack/data/neutron/dhcp/626a1591-f23a-4eb5-a2fc-bfa9f1cbeb23/addn_hosts - 2 names
Oct 10 20:22:14.218643 devstack-u2204-93-55 dnsmasq-dhcp[154124]: read /opt/stack/data/neutron/dhcp/626a1591-f23a-4eb5-a2fc-bfa9f1cbeb23/host
Oct 10 20:22:14.218732 devstack-u2204-93-55 dnsmasq-dhcp[154124]: read /opt/stack/data/neutron/dhcp/626a1591-f23a-4eb5-a2fc-bfa9f1cbeb23/opts
Oct 10 20:22:14.253897 devstack-u2204-93-55 dnsmasq[153779]: exiting on receipt of SIGTERM
Oct 10 20:22:18.678520 devstack-u2204-93-55 dnsmasq[154368]: started, version 2.90 cachesize 150
Oct 10 20:22:18.678546 devstack-u2204-93-55 dnsmasq[154368]: DNS service limited to local subnets
Oct 10 20:22:18.678557 devstack-u2204-93-55 dnsmasq[154368]: compile time options: IPv6 GNU-getopt DBus no-UBus i18n IDN2 DHCP DHCPv6 no-Lua TFTP conntrack ipset no-nftset auth cryptohash DNSSEC loop-detect inotify dumpfile
Oct 10 20:22:18.678587 devstack-u2204-93-55 dnsmasq-dhcp[154368]: DHCP, static leases only on 10.1.0.0, lease time 1d
Oct 10 20:22:18.678703 devstack-u2204-93-55 dnsmasq[154368]: reading /etc/resolv.conf
Oct 10 20:22:18.678714 devstack-u2204-93-55 dnsmasq[154368]: using nameserver 127.0.0.53#53
Oct 10 20:22:18.678794 devstack-u2204-93-55 dnsmasq[154368]: read /opt/stack/data/neutron/dhcp/51e95270-eaa7-4a75-9282-ff53e0406a5d/addn_hosts - 2 names
Oct 10 20:22:18.678831 devstack-u2204-93-55 dnsmasq-dhcp[154368]: read /opt/stack/data/neutron/dhcp/51e95270-eaa7-4a75-9282-ff53e0406a5d/host
Oct 10 20:22:18.678871 devstack-u2204-93-55 dnsmasq-dhcp[154368]: read /opt/stack/data/neutron/dhcp/51e95270-eaa7-4a75-9282-ff53e0406a5d/opts
Oct 10 20:22:19.224045 devstack-u2204-93-55 dnsmasq[151746]: read /opt/stack/data/neutron/dhcp/36c3e75b-4bc2-46d0-8771-80e90256b6b1/addn_hosts - 0 names
Oct 10 20:22:19.224928 devstack-u2204-93-55 dnsmasq-dhcp[151746]: read /opt/stack/data/neutron/dhcp/36c3e75b-4bc2-46d0-8771-80e90256b6b1/host
Oct 10 20:22:19.224971 devstack-u2204-93-55 dnsmasq-dhcp[151746]: read /opt/stack/data/neutron/dhcp/36c3e75b-4bc2-46d0-8771-80e90256b6b1/opts
Oct 10 20:22:20.587374 devstack-u2204-93-55 dnsmasq[154124]: read /opt/stack/data/neutron/dhcp/626a1591-f23a-4eb5-a2fc-bfa9f1cbeb23/addn_hosts - 2 names
Oct 10 20:22:20.587425 devstack-u2204-93-55 dnsmasq-dhcp[154124]: read /opt/stack/data/neutron/dhcp/626a1591-f23a-4eb5-a2fc-bfa9f1cbeb23/host
Oct 10 20:22:20.587466 devstack-u2204-93-55 dnsmasq-dhcp[154124]: read /opt/stack/data/neutron/dhcp/626a1591-f23a-4eb5-a2fc-bfa9f1cbeb23/opts
Oct 10 20:22:21.443965 devstack-u2204-93-55 dnsmasq[152074]: read /opt/stack/data/neutron/dhcp/115a7a73-0601-404d-9f89-587f0dd9026b/addn_hosts - 0 names
Oct 10 20:22:21.444068 devstack-u2204-93-55 dnsmasq-dhcp[152074]: read /opt/stack/data/neutron/dhcp/115a7a73-0601-404d-9f89-587f0dd9026b/host
Oct 10 20:22:21.444177 devstack-u2204-93-55 dnsmasq-dhcp[152074]: read /opt/stack/data/neutron/dhcp/115a7a73-0601-404d-9f89-587f0dd9026b/opts
Oct 10 20:22:26.193351 devstack-u2204-93-55 dnsmasq[154752]: started, version 2.90 cachesize 150
Oct 10 20:22:26.193385 devstack-u2204-93-55 dnsmasq[154752]: DNS service limited to local subnets
Oct 10 20:22:26.193404 devstack-u2204-93-55 dnsmasq[154752]: compile time options: IPv6 GNU-getopt DBus no-UBus i18n IDN2 DHCP DHCPv6 no-Lua TFTP conntrack ipset no-nftset auth cryptohash DNSSEC loop-detect inotify dumpfile
Oct 10 20:22:26.193455 devstack-u2204-93-55 dnsmasq-dhcp[154752]: DHCP, static leases only on 10.1.0.0, lease time 1d
Oct 10 20:22:26.193640 devstack-u2204-93-55 dnsmasq[154752]: reading /etc/resolv.conf
Oct 10 20:22:26.193659 devstack-u2204-93-55 dnsmasq[154752]: using nameserver 127.0.0.53#53
Oct 10 20:22:26.194502 devstack-u2204-93-55 dnsmasq[154752]: read /opt/stack/data/neutron/dhcp/c9cf2d45-d850-43ac-a198-971afc9637c1/addn_hosts - 2 names
Oct 10 20:22:26.194579 devstack-u2204-93-55 dnsmasq-dhcp[154752]: read /opt/stack/data/neutron/dhcp/c9cf2d45-d850-43ac-a198-971afc9637c1/host
Oct 10 20:22:26.194659 devstack-u2204-93-55 dnsmasq-dhcp[154752]: read /opt/stack/data/neutron/dhcp/c9cf2d45-d850-43ac-a198-971afc9637c1/opts
Oct 10 20:22:26.230488 devstack-u2204-93-55 dnsmasq-dhcp[152416]: DHCPRELEASE(tap612ddca2-f0) 10.1.0.1 fa:16:3e:6b:11:ba
Oct 10 20:22:27.058752 devstack-u2204-93-55 dnsmasq[152416]: read /opt/stack/data/neutron/dhcp/3abf5c77-e957-43fc-8cde-80970b9d310c/addn_hosts - 0 names
Oct 10 20:22:27.058840 devstack-u2204-93-55 dnsmasq-dhcp[152416]: read /opt/stack/data/neutron/dhcp/3abf5c77-e957-43fc-8cde-80970b9d310c/host
Oct 10 20:22:27.058935 devstack-u2204-93-55 dnsmasq-dhcp[152416]: read /opt/stack/data/neutron/dhcp/3abf5c77-e957-43fc-8cde-80970b9d310c/opts
Oct 10 20:22:27.974913 devstack-u2204-93-55 dnsmasq[151746]: exiting on receipt of SIGTERM
Oct 10 20:22:29.105620 devstack-u2204-93-55 dnsmasq[154124]: read /opt/stack/data/neutron/dhcp/626a1591-f23a-4eb5-a2fc-bfa9f1cbeb23/addn_hosts - 2 names
Oct 10 20:22:29.105726 devstack-u2204-93-55 dnsmasq-dhcp[154124]: read /opt/stack/data/neutron/dhcp/626a1591-f23a-4eb5-a2fc-bfa9f1cbeb23/host
Oct 10 20:22:29.105839 devstack-u2204-93-55 dnsmasq-dhcp[154124]: read /opt/stack/data/neutron/dhcp/626a1591-f23a-4eb5-a2fc-bfa9f1cbeb23/opts
Oct 10 20:22:29.492233 devstack-u2204-93-55 dnsmasq-dhcp[150298]: DHCPRELEASE(tap9e716742-98) 10.1.1.148 fa:16:3e:04:44:08
Oct 10 20:22:29.521453 devstack-u2204-93-55 dnsmasq-dhcp[150298]: DHCPRELEASE(tap9e716742-98) 10.1.1.148 fa:16:3e:04:44:08 unknown lease
Oct 10 20:22:30.350369 devstack-u2204-93-55 dnsmasq[150298]: read /opt/stack/data/neutron/dhcp/ff692892-c5b0-48f2-9836-b5f5b3546182/addn_hosts - 2 names
Oct 10 20:22:30.350893 devstack-u2204-93-55 dnsmasq-dhcp[150298]: read /opt/stack/data/neutron/dhcp/ff692892-c5b0-48f2-9836-b5f5b3546182/host
Oct 10 20:22:30.350960 devstack-u2204-93-55 dnsmasq-dhcp[150298]: read /opt/stack/data/neutron/dhcp/ff692892-c5b0-48f2-9836-b5f5b3546182/opts
Oct 10 20:22:30.904844 devstack-u2204-93-55 dnsmasq[152074]: exiting on receipt of SIGTERM
Oct 10 20:22:35.903842 devstack-u2204-93-55 dnsmasq[155107]: started, version 2.90 cachesize 150
Oct 10 20:22:35.903872 devstack-u2204-93-55 dnsmasq[155107]: DNS service limited to local subnets
Oct 10 20:22:35.903889 devstack-u2204-93-55 dnsmasq[155107]: compile time options: IPv6 GNU-getopt DBus no-UBus i18n IDN2 DHCP DHCPv6 no-Lua TFTP conntrack ipset no-nftset auth cryptohash DNSSEC loop-detect inotify dumpfile
Oct 10 20:22:35.903933 devstack-u2204-93-55 dnsmasq-dhcp[155107]: DHCP, static leases only on 10.1.0.0, lease time 1d
Oct 10 20:22:35.904072 devstack-u2204-93-55 dnsmasq[155107]: reading /etc/resolv.conf
Oct 10 20:22:35.904083 devstack-u2204-93-55 dnsmasq[155107]: using nameserver 127.0.0.53#53
Oct 10 20:22:35.904195 devstack-u2204-93-55 dnsmasq[155107]: read /opt/stack/data/neutron/dhcp/f9d62a51-ff7c-437a-936f-81c923069f2c/addn_hosts - 2 names
Oct 10 20:22:35.904246 devstack-u2204-93-55 dnsmasq-dhcp[155107]: read /opt/stack/data/neutron/dhcp/f9d62a51-ff7c-437a-936f-81c923069f2c/host
Oct 10 20:22:35.904288 devstack-u2204-93-55 dnsmasq-dhcp[155107]: read /opt/stack/data/neutron/dhcp/f9d62a51-ff7c-437a-936f-81c923069f2c/opts
Oct 10 20:22:36.444203 devstack-u2204-93-55 dnsmasq[152416]: exiting on receipt of SIGTERM
Oct 10 20:22:37.050094 devstack-u2204-93-55 dnsmasq[154368]: exiting on receipt of SIGTERM
Oct 10 20:22:37.630753 devstack-u2204-93-55 dnsmasq[154124]: exiting on receipt of SIGTERM
Oct 10 20:22:38.221509 devstack-u2204-93-55 dnsmasq-dhcp[147355]: DHCPRELEASE(tapde74cd63-5b) 10.1.0.9 fa:16:3e:11:f0:de
Oct 10 20:22:38.245996 devstack-u2204-93-55 dnsmasq-dhcp[147355]: DHCPRELEASE(tapde74cd63-5b) 10.1.0.9 fa:16:3e:11:f0:de unknown lease
Oct 10 20:22:39.074715 devstack-u2204-93-55 dnsmasq[147355]: read /opt/stack/data/neutron/dhcp/1a41f67f-9d80-44e5-ac8b-22c492fbb8f8/addn_hosts - 4 names
Oct 10 20:22:39.074883 devstack-u2204-93-55 dnsmasq-dhcp[147355]: read /opt/stack/data/neutron/dhcp/1a41f67f-9d80-44e5-ac8b-22c492fbb8f8/host
Oct 10 20:22:39.074987 devstack-u2204-93-55 dnsmasq-dhcp[147355]: read /opt/stack/data/neutron/dhcp/1a41f67f-9d80-44e5-ac8b-22c492fbb8f8/opts
Oct 10 20:22:39.491533 devstack-u2204-93-55 dnsmasq[150298]: exiting on receipt of SIGTERM
Oct 10 20:22:40.095736 devstack-u2204-93-55 dnsmasq[150354]: exiting on receipt of SIGTERM
Oct 10 20:22:42.211954 devstack-u2204-93-55 dnsmasq[155107]: read /opt/stack/data/neutron/dhcp/f9d62a51-ff7c-437a-936f-81c923069f2c/addn_hosts - 4 names
Oct 10 20:22:42.212023 devstack-u2204-93-55 dnsmasq-dhcp[155107]: read /opt/stack/data/neutron/dhcp/f9d62a51-ff7c-437a-936f-81c923069f2c/host
Oct 10 20:22:42.212089 devstack-u2204-93-55 dnsmasq-dhcp[155107]: read /opt/stack/data/neutron/dhcp/f9d62a51-ff7c-437a-936f-81c923069f2c/opts
Oct 10 20:22:42.545379 devstack-u2204-93-55 dnsmasq[154752]: exiting on receipt of SIGTERM
Oct 10 20:22:44.174422 devstack-u2204-93-55 dnsmasq[155107]: read /opt/stack/data/neutron/dhcp/f9d62a51-ff7c-437a-936f-81c923069f2c/addn_hosts - 4 names
Oct 10 20:22:44.174630 devstack-u2204-93-55 dnsmasq-dhcp[155107]: read /opt/stack/data/neutron/dhcp/f9d62a51-ff7c-437a-936f-81c923069f2c/host
Oct 10 20:22:44.174774 devstack-u2204-93-55 dnsmasq-dhcp[155107]: read /opt/stack/data/neutron/dhcp/f9d62a51-ff7c-437a-936f-81c923069f2c/opts
Oct 10 20:22:45.578975 devstack-u2204-93-55 dnsmasq[155107]: read /opt/stack/data/neutron/dhcp/f9d62a51-ff7c-437a-936f-81c923069f2c/addn_hosts - 4 names
Oct 10 20:22:45.579129 devstack-u2204-93-55 dnsmasq-dhcp[155107]: read /opt/stack/data/neutron/dhcp/f9d62a51-ff7c-437a-936f-81c923069f2c/host
Oct 10 20:22:45.579295 devstack-u2204-93-55 dnsmasq-dhcp[155107]: read /opt/stack/data/neutron/dhcp/f9d62a51-ff7c-437a-936f-81c923069f2c/opts
Oct 10 20:22:49.860847 devstack-u2204-93-55 dnsmasq[155612]: started, version 2.90 cachesize 150
Oct 10 20:22:49.860902 devstack-u2204-93-55 dnsmasq[155612]: DNS service limited to local subnets
Oct 10 20:22:49.860927 devstack-u2204-93-55 dnsmasq[155612]: compile time options: IPv6 GNU-getopt DBus no-UBus i18n IDN2 DHCP DHCPv6 no-Lua TFTP conntrack ipset no-nftset auth cryptohash DNSSEC loop-detect inotify dumpfile
Oct 10 20:22:49.861000 devstack-u2204-93-55 dnsmasq-dhcp[155612]: DHCP, static leases only on 10.1.0.0, lease time 1d
Oct 10 20:22:49.861262 devstack-u2204-93-55 dnsmasq[155612]: reading /etc/resolv.conf
Oct 10 20:22:49.861288 devstack-u2204-93-55 dnsmasq[155612]: using nameserver 127.0.0.53#53
Oct 10 20:22:49.861494 devstack-u2204-93-55 dnsmasq[155612]: read /opt/stack/data/neutron/dhcp/c34fa8a4-1086-40f6-8517-437a7c71c808/addn_hosts - 2 names
Oct 10 20:22:49.861578 devstack-u2204-93-55 dnsmasq-dhcp[155612]: read /opt/stack/data/neutron/dhcp/c34fa8a4-1086-40f6-8517-437a7c71c808/host
Oct 10 20:22:49.861667 devstack-u2204-93-55 dnsmasq-dhcp[155612]: read /opt/stack/data/neutron/dhcp/c34fa8a4-1086-40f6-8517-437a7c71c808/opts
Oct 10 20:22:53.104906 devstack-u2204-93-55 dnsmasq[155694]: started, version 2.90 cachesize 150
Oct 10 20:22:53.104930 devstack-u2204-93-55 dnsmasq[155694]: DNS service limited to local subnets
Oct 10 20:22:53.104941 devstack-u2204-93-55 dnsmasq[155694]: compile time options: IPv6 GNU-getopt DBus no-UBus i18n IDN2 DHCP DHCPv6 no-Lua TFTP conntrack ipset no-nftset auth cryptohash DNSSEC loop-detect inotify dumpfile
Oct 10 20:22:53.104968 devstack-u2204-93-55 dnsmasq-dhcp[155694]: DHCP, static leases only on 10.1.0.0, lease time 1d
Oct 10 20:22:53.105077 devstack-u2204-93-55 dnsmasq[155694]: reading /etc/resolv.conf
Oct 10 20:22:53.105088 devstack-u2204-93-55 dnsmasq[155694]: using nameserver 127.0.0.53#53
Oct 10 20:22:53.105554 devstack-u2204-93-55 dnsmasq[155694]: read /opt/stack/data/neutron/dhcp/9596f085-c144-48ff-b3fd-a7fbcb2d9d83/addn_hosts - 2 names
Oct 10 20:22:53.105601 devstack-u2204-93-55 dnsmasq-dhcp[155694]: read /opt/stack/data/neutron/dhcp/9596f085-c144-48ff-b3fd-a7fbcb2d9d83/host
Oct 10 20:22:53.105640 devstack-u2204-93-55 dnsmasq-dhcp[155694]: read /opt/stack/data/neutron/dhcp/9596f085-c144-48ff-b3fd-a7fbcb2d9d83/opts
Oct 10 20:22:56.543006 devstack-u2204-93-55 dnsmasq[155782]: started, version 2.90 cachesize 150
Oct 10 20:22:56.543052 devstack-u2204-93-55 dnsmasq[155782]: DNS service limited to local subnets
Oct 10 20:22:56.543071 devstack-u2204-93-55 dnsmasq[155782]: compile time options: IPv6 GNU-getopt DBus no-UBus i18n IDN2 DHCP DHCPv6 no-Lua TFTP conntrack ipset no-nftset auth cryptohash DNSSEC loop-detect inotify dumpfile
Oct 10 20:22:56.543112 devstack-u2204-93-55 dnsmasq-dhcp[155782]: DHCP, static leases only on 10.10.10.0, lease time 1d
Oct 10 20:22:56.543339 devstack-u2204-93-55 dnsmasq[155782]: reading /etc/resolv.conf
Oct 10 20:22:56.543359 devstack-u2204-93-55 dnsmasq[155782]: using nameserver 127.0.0.53#53
Oct 10 20:22:56.543451 devstack-u2204-93-55 dnsmasq[155782]: read /opt/stack/data/neutron/dhcp/36460da9-e9ba-486a-958a-eea023a2baa0/addn_hosts - 0 names
Oct 10 20:22:56.543512 devstack-u2204-93-55 dnsmasq-dhcp[155782]: read /opt/stack/data/neutron/dhcp/36460da9-e9ba-486a-958a-eea023a2baa0/host
Oct 10 20:22:56.543581 devstack-u2204-93-55 dnsmasq-dhcp[155782]: read /opt/stack/data/neutron/dhcp/36460da9-e9ba-486a-958a-eea023a2baa0/opts
Oct 10 20:22:57.088630 devstack-u2204-93-55 dnsmasq[155107]: read /opt/stack/data/neutron/dhcp/f9d62a51-ff7c-437a-936f-81c923069f2c/addn_hosts - 4 names
Oct 10 20:22:57.088736 devstack-u2204-93-55 dnsmasq-dhcp[155107]: read /opt/stack/data/neutron/dhcp/f9d62a51-ff7c-437a-936f-81c923069f2c/host
Oct 10 20:22:57.088813 devstack-u2204-93-55 dnsmasq-dhcp[155107]: read /opt/stack/data/neutron/dhcp/f9d62a51-ff7c-437a-936f-81c923069f2c/opts
Oct 10 20:22:59.512300 devstack-u2204-93-55 dnsmasq[155612]: read /opt/stack/data/neutron/dhcp/c34fa8a4-1086-40f6-8517-437a7c71c808/addn_hosts - 4 names
Oct 10 20:22:59.512369 devstack-u2204-93-55 dnsmasq-dhcp[155612]: read /opt/stack/data/neutron/dhcp/c34fa8a4-1086-40f6-8517-437a7c71c808/host
Oct 10 20:22:59.512412 devstack-u2204-93-55 dnsmasq-dhcp[155612]: read /opt/stack/data/neutron/dhcp/c34fa8a4-1086-40f6-8517-437a7c71c808/opts
Oct 10 20:23:00.885607 devstack-u2204-93-55 dnsmasq[155694]: read /opt/stack/data/neutron/dhcp/9596f085-c144-48ff-b3fd-a7fbcb2d9d83/addn_hosts - 2 names
Oct 10 20:23:00.886343 devstack-u2204-93-55 dnsmasq-dhcp[155694]: read /opt/stack/data/neutron/dhcp/9596f085-c144-48ff-b3fd-a7fbcb2d9d83/host
Oct 10 20:23:00.886408 devstack-u2204-93-55 dnsmasq-dhcp[155694]: read /opt/stack/data/neutron/dhcp/9596f085-c144-48ff-b3fd-a7fbcb2d9d83/opts
Oct 10 20:23:02.254691 devstack-u2204-93-55 dnsmasq[155782]: read /opt/stack/data/neutron/dhcp/36460da9-e9ba-486a-958a-eea023a2baa0/addn_hosts - 0 names
Oct 10 20:23:02.254831 devstack-u2204-93-55 dnsmasq-dhcp[155782]: read /opt/stack/data/neutron/dhcp/36460da9-e9ba-486a-958a-eea023a2baa0/host
Oct 10 20:23:02.254923 devstack-u2204-93-55 dnsmasq-dhcp[155782]: read /opt/stack/data/neutron/dhcp/36460da9-e9ba-486a-958a-eea023a2baa0/opts
Oct 10 20:23:05.901987 devstack-u2204-93-55 dnsmasq[156148]: started, version 2.90 cachesize 150
Oct 10 20:23:05.902020 devstack-u2204-93-55 dnsmasq[156148]: DNS service limited to local subnets
Oct 10 20:23:05.902042 devstack-u2204-93-55 dnsmasq[156148]: compile time options: IPv6 GNU-getopt DBus no-UBus i18n IDN2 DHCP DHCPv6 no-Lua TFTP conntrack ipset no-nftset auth cryptohash DNSSEC loop-detect inotify dumpfile
Oct 10 20:23:05.902096 devstack-u2204-93-55 dnsmasq-dhcp[156148]: DHCP, static leases only on 10.1.0.0, lease time 1d
Oct 10 20:23:05.902262 devstack-u2204-93-55 dnsmasq[156148]: reading /etc/resolv.conf
Oct 10 20:23:05.902277 devstack-u2204-93-55 dnsmasq[156148]: using nameserver 127.0.0.53#53
Oct 10 20:23:05.903933 devstack-u2204-93-55 dnsmasq[156148]: read /opt/stack/data/neutron/dhcp/cb43a488-20ff-490a-ab96-1535c563dc7f/addn_hosts - 2 names
Oct 10 20:23:05.903991 devstack-u2204-93-55 dnsmasq-dhcp[156148]: read /opt/stack/data/neutron/dhcp/cb43a488-20ff-490a-ab96-1535c563dc7f/host
Oct 10 20:23:05.904034 devstack-u2204-93-55 dnsmasq-dhcp[156148]: read /opt/stack/data/neutron/dhcp/cb43a488-20ff-490a-ab96-1535c563dc7f/opts
Oct 10 20:23:05.945372 devstack-u2204-93-55 dnsmasq[148278]: exiting on receipt of SIGTERM
Oct 10 20:23:06.551243 devstack-u2204-93-55 dnsmasq[148759]: exiting on receipt of SIGTERM
Oct 10 20:23:07.142196 devstack-u2204-93-55 dnsmasq[147355]: exiting on receipt of SIGTERM
Oct 10 20:23:09.752766 devstack-u2204-93-55 dnsmasq[155612]: read /opt/stack/data/neutron/dhcp/c34fa8a4-1086-40f6-8517-437a7c71c808/addn_hosts - 4 names
Oct 10 20:23:09.752904 devstack-u2204-93-55 dnsmasq-dhcp[155612]: read /opt/stack/data/neutron/dhcp/c34fa8a4-1086-40f6-8517-437a7c71c808/host
Oct 10 20:23:09.753016 devstack-u2204-93-55 dnsmasq-dhcp[155612]: read /opt/stack/data/neutron/dhcp/c34fa8a4-1086-40f6-8517-437a7c71c808/opts
Oct 10 20:23:10.053587 devstack-u2204-93-55 dnsmasq[149643]: exiting on receipt of SIGTERM
Oct 10 20:23:10.626829 devstack-u2204-93-55 dnsmasq[149744]: exiting on receipt of SIGTERM
Oct 10 20:23:11.722716 devstack-u2204-93-55 dnsmasq[155694]: read /opt/stack/data/neutron/dhcp/9596f085-c144-48ff-b3fd-a7fbcb2d9d83/addn_hosts - 2 names
Oct 10 20:23:11.723730 devstack-u2204-93-55 dnsmasq-dhcp[155694]: read /opt/stack/data/neutron/dhcp/9596f085-c144-48ff-b3fd-a7fbcb2d9d83/host
Oct 10 20:23:11.723836 devstack-u2204-93-55 dnsmasq-dhcp[155694]: read /opt/stack/data/neutron/dhcp/9596f085-c144-48ff-b3fd-a7fbcb2d9d83/opts
Oct 10 20:23:13.127058 devstack-u2204-93-55 dnsmasq[156148]: read /opt/stack/data/neutron/dhcp/cb43a488-20ff-490a-ab96-1535c563dc7f/addn_hosts - 6 names
Oct 10 20:23:13.127132 devstack-u2204-93-55 dnsmasq-dhcp[156148]: read /opt/stack/data/neutron/dhcp/cb43a488-20ff-490a-ab96-1535c563dc7f/host
Oct 10 20:23:13.127213 devstack-u2204-93-55 dnsmasq-dhcp[156148]: read /opt/stack/data/neutron/dhcp/cb43a488-20ff-490a-ab96-1535c563dc7f/opts
Oct 10 20:23:14.691995 devstack-u2204-93-55 dnsmasq-dhcp[155107]: DHCPDISCOVER(tape82b2835-d8) fa:16:3e:23:e2:b7
Oct 10 20:23:14.692021 devstack-u2204-93-55 dnsmasq-dhcp[155107]: DHCPOFFER(tape82b2835-d8) 10.1.0.9 fa:16:3e:23:e2:b7
Oct 10 20:23:14.713401 devstack-u2204-93-55 dnsmasq-dhcp[155107]: DHCPREQUEST(tape82b2835-d8) 10.1.0.9 fa:16:3e:23:e2:b7
Oct 10 20:23:14.713450 devstack-u2204-93-55 dnsmasq-dhcp[155107]: DHCPACK(tape82b2835-d8) 10.1.0.9 fa:16:3e:23:e2:b7 host-10-1-0-9
Oct 10 20:23:15.064855 devstack-u2204-93-55 dnsmasq[155612]: read /opt/stack/data/neutron/dhcp/c34fa8a4-1086-40f6-8517-437a7c71c808/addn_hosts - 4 names
Oct 10 20:23:15.064971 devstack-u2204-93-55 dnsmasq-dhcp[155612]: read /opt/stack/data/neutron/dhcp/c34fa8a4-1086-40f6-8517-437a7c71c808/host
Oct 10 20:23:15.065061 devstack-u2204-93-55 dnsmasq-dhcp[155612]: read /opt/stack/data/neutron/dhcp/c34fa8a4-1086-40f6-8517-437a7c71c808/opts
Oct 10 20:23:18.732711 devstack-u2204-93-55 dnsmasq[156624]: started, version 2.90 cachesize 150
Oct 10 20:23:18.732755 devstack-u2204-93-55 dnsmasq[156624]: DNS service limited to local subnets
Oct 10 20:23:18.732777 devstack-u2204-93-55 dnsmasq[156624]: compile time options: IPv6 GNU-getopt DBus no-UBus i18n IDN2 DHCP DHCPv6 no-Lua TFTP conntrack ipset no-nftset auth cryptohash DNSSEC loop-detect inotify dumpfile
Oct 10 20:23:18.732836 devstack-u2204-93-55 dnsmasq-dhcp[156624]: DHCP, static leases only on 10.1.0.0, lease time 1d
Oct 10 20:23:18.733031 devstack-u2204-93-55 dnsmasq[156624]: reading /etc/resolv.conf
Oct 10 20:23:18.733056 devstack-u2204-93-55 dnsmasq[156624]: using nameserver 127.0.0.53#53
Oct 10 20:23:18.733346 devstack-u2204-93-55 dnsmasq[156624]: read /opt/stack/data/neutron/dhcp/053a0f15-3521-4488-9b44-da62367bdd5a/addn_hosts - 4 names
Oct 10 20:23:18.733427 devstack-u2204-93-55 dnsmasq-dhcp[156624]: read /opt/stack/data/neutron/dhcp/053a0f15-3521-4488-9b44-da62367bdd5a/host
Oct 10 20:23:18.733497 devstack-u2204-93-55 dnsmasq-dhcp[156624]: read /opt/stack/data/neutron/dhcp/053a0f15-3521-4488-9b44-da62367bdd5a/opts
Oct 10 20:23:19.277022 devstack-u2204-93-55 dnsmasq[155694]: read /opt/stack/data/neutron/dhcp/9596f085-c144-48ff-b3fd-a7fbcb2d9d83/addn_hosts - 2 names
Oct 10 20:23:19.277168 devstack-u2204-93-55 dnsmasq-dhcp[155694]: read /opt/stack/data/neutron/dhcp/9596f085-c144-48ff-b3fd-a7fbcb2d9d83/host
Oct 10 20:23:19.277289 devstack-u2204-93-55 dnsmasq-dhcp[155694]: read /opt/stack/data/neutron/dhcp/9596f085-c144-48ff-b3fd-a7fbcb2d9d83/opts
Oct 10 20:23:20.170487 devstack-u2204-93-55 dnsmasq[156148]: read /opt/stack/data/neutron/dhcp/cb43a488-20ff-490a-ab96-1535c563dc7f/addn_hosts - 6 names
Oct 10 20:23:20.171288 devstack-u2204-93-55 dnsmasq-dhcp[156148]: read /opt/stack/data/neutron/dhcp/cb43a488-20ff-490a-ab96-1535c563dc7f/host
Oct 10 20:23:20.171374 devstack-u2204-93-55 dnsmasq-dhcp[156148]: read /opt/stack/data/neutron/dhcp/cb43a488-20ff-490a-ab96-1535c563dc7f/opts
Oct 10 20:23:22.039067 devstack-u2204-93-55 dnsmasq[155612]: read /opt/stack/data/neutron/dhcp/c34fa8a4-1086-40f6-8517-437a7c71c808/addn_hosts - 4 names
Oct 10 20:23:22.039169 devstack-u2204-93-55 dnsmasq-dhcp[155612]: read /opt/stack/data/neutron/dhcp/c34fa8a4-1086-40f6-8517-437a7c71c808/host
Oct 10 20:23:22.039236 devstack-u2204-93-55 dnsmasq-dhcp[155612]: read /opt/stack/data/neutron/dhcp/c34fa8a4-1086-40f6-8517-437a7c71c808/opts
Oct 10 20:23:23.403729 devstack-u2204-93-55 dnsmasq[156624]: read /opt/stack/data/neutron/dhcp/053a0f15-3521-4488-9b44-da62367bdd5a/addn_hosts - 4 names
Oct 10 20:23:23.403896 devstack-u2204-93-55 dnsmasq-dhcp[156624]: read /opt/stack/data/neutron/dhcp/053a0f15-3521-4488-9b44-da62367bdd5a/host
Oct 10 20:23:23.404030 devstack-u2204-93-55 dnsmasq-dhcp[156624]: read /opt/stack/data/neutron/dhcp/053a0f15-3521-4488-9b44-da62367bdd5a/opts
Oct 10 20:23:24.261795 devstack-u2204-93-55 dnsmasq[156148]: read /opt/stack/data/neutron/dhcp/cb43a488-20ff-490a-ab96-1535c563dc7f/addn_hosts - 6 names
Oct 10 20:23:24.261934 devstack-u2204-93-55 dnsmasq-dhcp[156148]: read /opt/stack/data/neutron/dhcp/cb43a488-20ff-490a-ab96-1535c563dc7f/host
Oct 10 20:23:24.262026 devstack-u2204-93-55 dnsmasq-dhcp[156148]: read /opt/stack/data/neutron/dhcp/cb43a488-20ff-490a-ab96-1535c563dc7f/opts
Oct 10 20:23:26.151562 devstack-u2204-93-55 dnsmasq[156624]: read /opt/stack/data/neutron/dhcp/053a0f15-3521-4488-9b44-da62367bdd5a/addn_hosts - 4 names
Oct 10 20:23:26.151705 devstack-u2204-93-55 dnsmasq-dhcp[156624]: read /opt/stack/data/neutron/dhcp/053a0f15-3521-4488-9b44-da62367bdd5a/host
Oct 10 20:23:26.151863 devstack-u2204-93-55 dnsmasq-dhcp[156624]: read /opt/stack/data/neutron/dhcp/053a0f15-3521-4488-9b44-da62367bdd5a/opts
Oct 10 20:23:27.057724 devstack-u2204-93-55 dnsmasq[156148]: read /opt/stack/data/neutron/dhcp/cb43a488-20ff-490a-ab96-1535c563dc7f/addn_hosts - 6 names
Oct 10 20:23:27.057893 devstack-u2204-93-55 dnsmasq-dhcp[156148]: read /opt/stack/data/neutron/dhcp/cb43a488-20ff-490a-ab96-1535c563dc7f/host
Oct 10 20:23:27.058057 devstack-u2204-93-55 dnsmasq-dhcp[156148]: read /opt/stack/data/neutron/dhcp/cb43a488-20ff-490a-ab96-1535c563dc7f/opts
Oct 10 20:23:28.501302 devstack-u2204-93-55 dnsmasq[156624]: read /opt/stack/data/neutron/dhcp/053a0f15-3521-4488-9b44-da62367bdd5a/addn_hosts - 4 names
Oct 10 20:23:28.501492 devstack-u2204-93-55 dnsmasq-dhcp[156624]: read /opt/stack/data/neutron/dhcp/053a0f15-3521-4488-9b44-da62367bdd5a/host
Oct 10 20:23:28.501654 devstack-u2204-93-55 dnsmasq-dhcp[156624]: read /opt/stack/data/neutron/dhcp/053a0f15-3521-4488-9b44-da62367bdd5a/opts
Oct 10 20:23:29.459899 devstack-u2204-93-55 dnsmasq[156148]: read /opt/stack/data/neutron/dhcp/cb43a488-20ff-490a-ab96-1535c563dc7f/addn_hosts - 6 names
Oct 10 20:23:29.460033 devstack-u2204-93-55 dnsmasq-dhcp[156148]: read /opt/stack/data/neutron/dhcp/cb43a488-20ff-490a-ab96-1535c563dc7f/host
Oct 10 20:23:29.460125 devstack-u2204-93-55 dnsmasq-dhcp[156148]: read /opt/stack/data/neutron/dhcp/cb43a488-20ff-490a-ab96-1535c563dc7f/opts
Oct 10 20:23:30.976547 devstack-u2204-93-55 dnsmasq[156624]: read /opt/stack/data/neutron/dhcp/053a0f15-3521-4488-9b44-da62367bdd5a/addn_hosts - 4 names
Oct 10 20:23:30.976655 devstack-u2204-93-55 dnsmasq-dhcp[156624]: read /opt/stack/data/neutron/dhcp/053a0f15-3521-4488-9b44-da62367bdd5a/host
Oct 10 20:23:30.976746 devstack-u2204-93-55 dnsmasq-dhcp[156624]: read /opt/stack/data/neutron/dhcp/053a0f15-3521-4488-9b44-da62367bdd5a/opts
Oct 10 20:23:40.913851 devstack-u2204-93-55 dnsmasq-dhcp[155612]: DHCPDISCOVER(tap4311df6a-1a) fa:16:3e:de:90:ab
Oct 10 20:23:40.913913 devstack-u2204-93-55 dnsmasq-dhcp[155612]: DHCPOFFER(tap4311df6a-1a) 10.1.0.10 fa:16:3e:de:90:ab
Oct 10 20:23:40.944398 devstack-u2204-93-55 dnsmasq-dhcp[155612]: DHCPREQUEST(tap4311df6a-1a) 10.1.0.10 fa:16:3e:de:90:ab
Oct 10 20:23:40.944468 devstack-u2204-93-55 dnsmasq-dhcp[155612]: DHCPACK(tap4311df6a-1a) 10.1.0.10 fa:16:3e:de:90:ab host-10-1-0-10
Oct 10 20:23:45.652642 devstack-u2204-93-55 dnsmasq-dhcp[156148]: DHCPDISCOVER(tap97a0799f-49) fa:16:3e:b2:5d:ec
