Oct 10 20:23:45.652674 devstack-u2204-93-55 dnsmasq-dhcp[156148]: DHCPOFFER(tap97a0799f-49) 10.1.0.14 fa:16:3e:b2:5d:ec
Oct 10 20:23:45.670526 devstack-u2204-93-55 dnsmasq-dhcp[156148]: DHCPREQUEST(tap97a0799f-49) 10.1.0.14 fa:16:3e:b2:5d:ec
Oct 10 20:23:45.670554 devstack-u2204-93-55 dnsmasq-dhcp[156148]: DHCPACK(tap97a0799f-49) 10.1.0.14 fa:16:3e:b2:5d:ec host-10-1-0-14
Oct 10 20:23:53.059184 devstack-u2204-93-55 dnsmasq-dhcp[156624]: DHCPDISCOVER(tapa39f8935-ef) fa:16:3e:69:3d:5c
Oct 10 20:23:53.059205 devstack-u2204-93-55 dnsmasq-dhcp[156624]: DHCPOFFER(tapa39f8935-ef) 10.1.0.4 fa:16:3e:69:3d:5c
Oct 10 20:23:53.080462 devstack-u2204-93-55 dnsmasq-dhcp[156624]: DHCPREQUEST(tapa39f8935-ef) 10.1.0.4 fa:16:3e:69:3d:5c
Oct 10 20:23:53.080486 devstack-u2204-93-55 dnsmasq-dhcp[156624]: DHCPACK(tapa39f8935-ef) 10.1.0.4 fa:16:3e:69:3d:5c host-10-1-0-4
Oct 10 20:23:53.121323 devstack-u2204-93-55 dnsmasq[155782]: read /opt/stack/data/neutron/dhcp/36460da9-e9ba-486a-958a-eea023a2baa0/addn_hosts - 2 names
Oct 10 20:23:53.121426 devstack-u2204-93-55 dnsmasq-dhcp[155782]: read /opt/stack/data/neutron/dhcp/36460da9-e9ba-486a-958a-eea023a2baa0/host
Oct 10 20:23:53.121488 devstack-u2204-93-55 dnsmasq-dhcp[155782]: read /opt/stack/data/neutron/dhcp/36460da9-e9ba-486a-958a-eea023a2baa0/opts
Oct 10 20:23:59.978728 devstack-u2204-93-55 dnsmasq-dhcp[155782]: DHCPDISCOVER(tape9de2784-89) fa:16:3e:e9:ae:53
Oct 10 20:23:59.978781 devstack-u2204-93-55 dnsmasq-dhcp[155782]: DHCPOFFER(tape9de2784-89) 10.10.10.32 fa:16:3e:e9:ae:53
Oct 10 20:23:59.997322 devstack-u2204-93-55 dnsmasq-dhcp[155782]: DHCPREQUEST(tape9de2784-89) 10.10.10.32 fa:16:3e:e9:ae:53
Oct 10 20:23:59.997384 devstack-u2204-93-55 dnsmasq-dhcp[155782]: DHCPACK(tape9de2784-89) 10.10.10.32 fa:16:3e:e9:ae:53 host-10-10-10-32
Oct 10 20:24:01.764828 devstack-u2204-93-55 dnsmasq-dhcp[156624]: DHCPRELEASE(tapa39f8935-ef) 10.1.0.4 fa:16:3e:69:3d:5c
Oct 10 20:24:01.789998 devstack-u2204-93-55 dnsmasq-dhcp[156624]: DHCPRELEASE(tapa39f8935-ef) 10.1.0.4 fa:16:3e:69:3d:5c unknown lease
Oct 10 20:24:02.626759 devstack-u2204-93-55 dnsmasq[156624]: read /opt/stack/data/neutron/dhcp/053a0f15-3521-4488-9b44-da62367bdd5a/addn_hosts - 2 names
Oct 10 20:24:02.626903 devstack-u2204-93-55 dnsmasq-dhcp[156624]: read /opt/stack/data/neutron/dhcp/053a0f15-3521-4488-9b44-da62367bdd5a/host
Oct 10 20:24:02.626999 devstack-u2204-93-55 dnsmasq-dhcp[156624]: read /opt/stack/data/neutron/dhcp/053a0f15-3521-4488-9b44-da62367bdd5a/opts
Oct 10 20:24:03.550384 devstack-u2204-93-55 dnsmasq[155107]: read /opt/stack/data/neutron/dhcp/f9d62a51-ff7c-437a-936f-81c923069f2c/addn_hosts - 6 names
Oct 10 20:24:03.550555 devstack-u2204-93-55 dnsmasq-dhcp[155107]: read /opt/stack/data/neutron/dhcp/f9d62a51-ff7c-437a-936f-81c923069f2c/host
Oct 10 20:24:03.550694 devstack-u2204-93-55 dnsmasq-dhcp[155107]: read /opt/stack/data/neutron/dhcp/f9d62a51-ff7c-437a-936f-81c923069f2c/opts
Oct 10 20:24:04.027025 devstack-u2204-93-55 dnsmasq-dhcp[156148]: DHCPDISCOVER(tap97a0799f-49) fa:16:3e:66:3f:f3
Oct 10 20:24:04.027077 devstack-u2204-93-55 dnsmasq-dhcp[156148]: DHCPOFFER(tap97a0799f-49) 10.1.0.6 fa:16:3e:66:3f:f3
Oct 10 20:24:04.055242 devstack-u2204-93-55 dnsmasq-dhcp[156148]: DHCPREQUEST(tap97a0799f-49) 10.1.0.6 fa:16:3e:66:3f:f3
Oct 10 20:24:04.055295 devstack-u2204-93-55 dnsmasq-dhcp[156148]: DHCPACK(tap97a0799f-49) 10.1.0.6 fa:16:3e:66:3f:f3 host-10-1-0-6
Oct 10 20:24:19.742692 devstack-u2204-93-55 dnsmasq-dhcp[156624]: DHCPRELEASE(tapa39f8935-ef) 10.1.0.1 fa:16:3e:6e:1b:a4
Oct 10 20:24:20.571077 devstack-u2204-93-55 dnsmasq[156624]: read /opt/stack/data/neutron/dhcp/053a0f15-3521-4488-9b44-da62367bdd5a/addn_hosts - 0 names
Oct 10 20:24:20.571238 devstack-u2204-93-55 dnsmasq-dhcp[156624]: read /opt/stack/data/neutron/dhcp/053a0f15-3521-4488-9b44-da62367bdd5a/host
Oct 10 20:24:20.571336 devstack-u2204-93-55 dnsmasq-dhcp[156624]: read /opt/stack/data/neutron/dhcp/053a0f15-3521-4488-9b44-da62367bdd5a/opts
Oct 10 20:24:21.876133 devstack-u2204-93-55 dnsmasq[156624]: exiting on receipt of SIGTERM
Oct 10 20:24:23.989508 devstack-u2204-93-55 dnsmasq[156148]: read /opt/stack/data/neutron/dhcp/cb43a488-20ff-490a-ab96-1535c563dc7f/addn_hosts - 8 names
Oct 10 20:24:23.989759 devstack-u2204-93-55 dnsmasq-dhcp[156148]: read /opt/stack/data/neutron/dhcp/cb43a488-20ff-490a-ab96-1535c563dc7f/host
Oct 10 20:24:23.989868 devstack-u2204-93-55 dnsmasq-dhcp[156148]: read /opt/stack/data/neutron/dhcp/cb43a488-20ff-490a-ab96-1535c563dc7f/opts
Oct 10 20:24:28.222009 devstack-u2204-93-55 dnsmasq[157843]: started, version 2.90 cachesize 150
Oct 10 20:24:28.222045 devstack-u2204-93-55 dnsmasq[157843]: DNS service limited to local subnets
Oct 10 20:24:28.222061 devstack-u2204-93-55 dnsmasq[157843]: compile time options: IPv6 GNU-getopt DBus no-UBus i18n IDN2 DHCP DHCPv6 no-Lua TFTP conntrack ipset no-nftset auth cryptohash DNSSEC loop-detect inotify dumpfile
Oct 10 20:24:28.222095 devstack-u2204-93-55 dnsmasq-dhcp[157843]: DHCP, static leases only on 10.1.0.0, lease time 1d
Oct 10 20:24:28.222292 devstack-u2204-93-55 dnsmasq[157843]: reading /etc/resolv.conf
Oct 10 20:24:28.222308 devstack-u2204-93-55 dnsmasq[157843]: using nameserver 127.0.0.53#53
Oct 10 20:24:28.222383 devstack-u2204-93-55 dnsmasq[157843]: read /opt/stack/data/neutron/dhcp/55a1d2d3-af79-47d3-a37c-f3aa71554799/addn_hosts - 0 names
Oct 10 20:24:28.222430 devstack-u2204-93-55 dnsmasq-dhcp[157843]: read /opt/stack/data/neutron/dhcp/55a1d2d3-af79-47d3-a37c-f3aa71554799/host
Oct 10 20:24:28.222559 devstack-u2204-93-55 dnsmasq-dhcp[157843]: read /opt/stack/data/neutron/dhcp/55a1d2d3-af79-47d3-a37c-f3aa71554799/opts
Oct 10 20:24:29.781546 devstack-u2204-93-55 dnsmasq[157843]: read /opt/stack/data/neutron/dhcp/55a1d2d3-af79-47d3-a37c-f3aa71554799/addn_hosts - 2 names
Oct 10 20:24:29.781633 devstack-u2204-93-55 dnsmasq-dhcp[157843]: read /opt/stack/data/neutron/dhcp/55a1d2d3-af79-47d3-a37c-f3aa71554799/host
Oct 10 20:24:29.781699 devstack-u2204-93-55 dnsmasq-dhcp[157843]: read /opt/stack/data/neutron/dhcp/55a1d2d3-af79-47d3-a37c-f3aa71554799/opts
Oct 10 20:24:34.410321 devstack-u2204-93-55 dnsmasq[158196]: started, version 2.90 cachesize 150
Oct 10 20:24:34.412199 devstack-u2204-93-55 dnsmasq[158196]: DNS service limited to local subnets
Oct 10 20:24:34.412216 devstack-u2204-93-55 dnsmasq[158196]: compile time options: IPv6 GNU-getopt DBus no-UBus i18n IDN2 DHCP DHCPv6 no-Lua TFTP conntrack ipset no-nftset auth cryptohash DNSSEC loop-detect inotify dumpfile
Oct 10 20:24:34.412246 devstack-u2204-93-55 dnsmasq-dhcp[158196]: DHCP, static leases only on 10.1.0.0, lease time 1d
Oct 10 20:24:34.412370 devstack-u2204-93-55 dnsmasq[158196]: reading /etc/resolv.conf
Oct 10 20:24:34.412382 devstack-u2204-93-55 dnsmasq[158196]: using nameserver 127.0.0.53#53
Oct 10 20:24:34.412443 devstack-u2204-93-55 dnsmasq[158196]: read /opt/stack/data/neutron/dhcp/36c3d2d8-b37c-485c-8ca4-f673dc37ab2c/addn_hosts - 0 names
Oct 10 20:24:34.412478 devstack-u2204-93-55 dnsmasq-dhcp[158196]: read /opt/stack/data/neutron/dhcp/36c3d2d8-b37c-485c-8ca4-f673dc37ab2c/host
Oct 10 20:24:34.412519 devstack-u2204-93-55 dnsmasq-dhcp[158196]: read /opt/stack/data/neutron/dhcp/36c3d2d8-b37c-485c-8ca4-f673dc37ab2c/opts
Oct 10 20:24:34.962914 devstack-u2204-93-55 dnsmasq[157843]: read /opt/stack/data/neutron/dhcp/55a1d2d3-af79-47d3-a37c-f3aa71554799/addn_hosts - 2 names
Oct 10 20:24:34.962965 devstack-u2204-93-55 dnsmasq-dhcp[157843]: read /opt/stack/data/neutron/dhcp/55a1d2d3-af79-47d3-a37c-f3aa71554799/host
Oct 10 20:24:34.963007 devstack-u2204-93-55 dnsmasq-dhcp[157843]: read /opt/stack/data/neutron/dhcp/55a1d2d3-af79-47d3-a37c-f3aa71554799/opts
Oct 10 20:24:36.784687 devstack-u2204-93-55 dnsmasq-dhcp[156148]: DHCPDISCOVER(tap97a0799f-49) fa:16:3e:b2:5d:ec
Oct 10 20:24:36.784729 devstack-u2204-93-55 dnsmasq-dhcp[156148]: DHCPOFFER(tap97a0799f-49) 10.1.0.14 fa:16:3e:b2:5d:ec
Oct 10 20:24:36.804769 devstack-u2204-93-55 dnsmasq-dhcp[156148]: DHCPREQUEST(tap97a0799f-49) 10.1.0.14 fa:16:3e:b2:5d:ec
Oct 10 20:24:36.804799 devstack-u2204-93-55 dnsmasq-dhcp[156148]: DHCPACK(tap97a0799f-49) 10.1.0.14 fa:16:3e:b2:5d:ec host-10-1-0-14
Oct 10 20:24:36.837522 devstack-u2204-93-55 dnsmasq[158196]: read /opt/stack/data/neutron/dhcp/36c3d2d8-b37c-485c-8ca4-f673dc37ab2c/addn_hosts - 2 names
Oct 10 20:24:36.837571 devstack-u2204-93-55 dnsmasq-dhcp[158196]: read /opt/stack/data/neutron/dhcp/36c3d2d8-b37c-485c-8ca4-f673dc37ab2c/host
Oct 10 20:24:36.837612 devstack-u2204-93-55 dnsmasq-dhcp[158196]: read /opt/stack/data/neutron/dhcp/36c3d2d8-b37c-485c-8ca4-f673dc37ab2c/opts
Oct 10 20:24:37.611984 devstack-u2204-93-55 dnsmasq[157843]: read /opt/stack/data/neutron/dhcp/55a1d2d3-af79-47d3-a37c-f3aa71554799/addn_hosts - 2 names
Oct 10 20:24:37.612078 devstack-u2204-93-55 dnsmasq-dhcp[157843]: read /opt/stack/data/neutron/dhcp/55a1d2d3-af79-47d3-a37c-f3aa71554799/host
Oct 10 20:24:37.612184 devstack-u2204-93-55 dnsmasq-dhcp[157843]: read /opt/stack/data/neutron/dhcp/55a1d2d3-af79-47d3-a37c-f3aa71554799/opts
Oct 10 20:24:39.001934 devstack-u2204-93-55 dnsmasq[158196]: read /opt/stack/data/neutron/dhcp/36c3d2d8-b37c-485c-8ca4-f673dc37ab2c/addn_hosts - 2 names
Oct 10 20:24:39.002012 devstack-u2204-93-55 dnsmasq-dhcp[158196]: read /opt/stack/data/neutron/dhcp/36c3d2d8-b37c-485c-8ca4-f673dc37ab2c/host
Oct 10 20:24:39.002084 devstack-u2204-93-55 dnsmasq-dhcp[158196]: read /opt/stack/data/neutron/dhcp/36c3d2d8-b37c-485c-8ca4-f673dc37ab2c/opts
Oct 10 20:24:40.416033 devstack-u2204-93-55 dnsmasq[158196]: read /opt/stack/data/neutron/dhcp/36c3d2d8-b37c-485c-8ca4-f673dc37ab2c/addn_hosts - 2 names
Oct 10 20:24:40.416170 devstack-u2204-93-55 dnsmasq-dhcp[158196]: read /opt/stack/data/neutron/dhcp/36c3d2d8-b37c-485c-8ca4-f673dc37ab2c/host
Oct 10 20:24:40.416319 devstack-u2204-93-55 dnsmasq-dhcp[158196]: read /opt/stack/data/neutron/dhcp/36c3d2d8-b37c-485c-8ca4-f673dc37ab2c/opts
Oct 10 20:24:40.709007 devstack-u2204-93-55 dnsmasq-dhcp[155107]: DHCPDISCOVER(tape82b2835-d8) fa:16:3e:6c:f3:0b
Oct 10 20:24:40.709047 devstack-u2204-93-55 dnsmasq-dhcp[155107]: DHCPOFFER(tape82b2835-d8) 10.1.0.6 fa:16:3e:6c:f3:0b
Oct 10 20:24:40.736381 devstack-u2204-93-55 dnsmasq-dhcp[155107]: DHCPREQUEST(tape82b2835-d8) 10.1.0.6 fa:16:3e:6c:f3:0b
Oct 10 20:24:40.736432 devstack-u2204-93-55 dnsmasq-dhcp[155107]: DHCPACK(tape82b2835-d8) 10.1.0.6 fa:16:3e:6c:f3:0b host-10-1-0-6
Oct 10 20:25:00.535994 devstack-u2204-93-55 dnsmasq-dhcp[156148]: DHCPDISCOVER(tap97a0799f-49) fa:16:3e:de:c7:b3
Oct 10 20:25:00.536045 devstack-u2204-93-55 dnsmasq-dhcp[156148]: DHCPOFFER(tap97a0799f-49) 10.1.0.13 fa:16:3e:de:c7:b3
Oct 10 20:25:00.555685 devstack-u2204-93-55 dnsmasq-dhcp[156148]: DHCPREQUEST(tap97a0799f-49) 10.1.0.13 fa:16:3e:de:c7:b3
Oct 10 20:25:00.555748 devstack-u2204-93-55 dnsmasq-dhcp[156148]: DHCPACK(tap97a0799f-49) 10.1.0.13 fa:16:3e:de:c7:b3 host-10-1-0-13
Oct 10 20:25:26.032669 devstack-u2204-93-55 dnsmasq-dhcp[155782]: DHCPRELEASE(tape9de2784-89) 10.10.10.32 fa:16:3e:e9:ae:53
Oct 10 20:25:26.059297 devstack-u2204-93-55 dnsmasq-dhcp[155782]: DHCPRELEASE(tape9de2784-89) 10.10.10.32 fa:16:3e:e9:ae:53 unknown lease
Oct 10 20:25:26.890414 devstack-u2204-93-55 dnsmasq[155782]: read /opt/stack/data/neutron/dhcp/36460da9-e9ba-486a-958a-eea023a2baa0/addn_hosts - 0 names
Oct 10 20:25:26.890543 devstack-u2204-93-55 dnsmasq-dhcp[155782]: read /opt/stack/data/neutron/dhcp/36460da9-e9ba-486a-958a-eea023a2baa0/host
Oct 10 20:25:26.890621 devstack-u2204-93-55 dnsmasq-dhcp[155782]: read /opt/stack/data/neutron/dhcp/36460da9-e9ba-486a-958a-eea023a2baa0/opts
Oct 10 20:25:32.976813 devstack-u2204-93-55 dnsmasq[158790]: started, version 2.90 cachesize 150
Oct 10 20:25:32.976966 devstack-u2204-93-55 dnsmasq[158790]: DNS service limited to local subnets
Oct 10 20:25:32.976986 devstack-u2204-93-55 dnsmasq[158790]: compile time options: IPv6 GNU-getopt DBus no-UBus i18n IDN2 DHCP DHCPv6 no-Lua TFTP conntrack ipset no-nftset auth cryptohash DNSSEC loop-detect inotify dumpfile
Oct 10 20:25:32.977101 devstack-u2204-93-55 dnsmasq-dhcp[158790]: DHCP, static leases only on 10.1.1.0, lease time 1d
Oct 10 20:25:32.978443 devstack-u2204-93-55 dnsmasq[158790]: reading /etc/resolv.conf
Oct 10 20:25:32.978467 devstack-u2204-93-55 dnsmasq[158790]: using nameserver 127.0.0.53#53
Oct 10 20:25:32.978566 devstack-u2204-93-55 dnsmasq[158790]: read /opt/stack/data/neutron/dhcp/7d4d04a2-eaa5-498e-85f0-c78dcd5bdb55/addn_hosts - 0 names
Oct 10 20:25:32.978619 devstack-u2204-93-55 dnsmasq-dhcp[158790]: read /opt/stack/data/neutron/dhcp/7d4d04a2-eaa5-498e-85f0-c78dcd5bdb55/host
Oct 10 20:25:32.978685 devstack-u2204-93-55 dnsmasq-dhcp[158790]: read /opt/stack/data/neutron/dhcp/7d4d04a2-eaa5-498e-85f0-c78dcd5bdb55/opts
Oct 10 20:25:36.861637 devstack-u2204-93-55 dnsmasq[158929]: started, version 2.90 cachesize 150
Oct 10 20:25:36.861687 devstack-u2204-93-55 dnsmasq[158929]: DNS service limited to local subnets
Oct 10 20:25:36.861713 devstack-u2204-93-55 dnsmasq[158929]: compile time options: IPv6 GNU-getopt DBus no-UBus i18n IDN2 DHCP DHCPv6 no-Lua TFTP conntrack ipset no-nftset auth cryptohash DNSSEC loop-detect inotify dumpfile
Oct 10 20:25:36.861775 devstack-u2204-93-55 dnsmasq-dhcp[158929]: DHCP, static leases only on 10.2.2.0, lease time 1d
Oct 10 20:25:36.862022 devstack-u2204-93-55 dnsmasq[158929]: reading /etc/resolv.conf
Oct 10 20:25:36.862055 devstack-u2204-93-55 dnsmasq[158929]: using nameserver 127.0.0.53#53
Oct 10 20:25:36.862194 devstack-u2204-93-55 dnsmasq[158929]: read /opt/stack/data/neutron/dhcp/25f73fc4-292c-4d8d-8c1d-0e9db0261f9b/addn_hosts - 0 names
Oct 10 20:25:36.862272 devstack-u2204-93-55 dnsmasq-dhcp[158929]: read /opt/stack/data/neutron/dhcp/25f73fc4-292c-4d8d-8c1d-0e9db0261f9b/host
Oct 10 20:25:36.862337 devstack-u2204-93-55 dnsmasq-dhcp[158929]: read /opt/stack/data/neutron/dhcp/25f73fc4-292c-4d8d-8c1d-0e9db0261f9b/opts
Oct 10 20:25:37.912229 devstack-u2204-93-55 dnsmasq[158790]: read /opt/stack/data/neutron/dhcp/7d4d04a2-eaa5-498e-85f0-c78dcd5bdb55/addn_hosts - 4 names
Oct 10 20:25:37.912375 devstack-u2204-93-55 dnsmasq-dhcp[158790]: read /opt/stack/data/neutron/dhcp/7d4d04a2-eaa5-498e-85f0-c78dcd5bdb55/host
Oct 10 20:25:37.912477 devstack-u2204-93-55 dnsmasq-dhcp[158790]: read /opt/stack/data/neutron/dhcp/7d4d04a2-eaa5-498e-85f0-c78dcd5bdb55/opts
Oct 10 20:25:38.844749 devstack-u2204-93-55 dnsmasq-dhcp[155612]: DHCPRELEASE(tap4311df6a-1a) 10.1.0.10 fa:16:3e:de:90:ab
Oct 10 20:25:38.865427 devstack-u2204-93-55 dnsmasq-dhcp[155612]: DHCPRELEASE(tap4311df6a-1a) 10.1.0.10 fa:16:3e:de:90:ab unknown lease
Oct 10 20:25:39.702178 devstack-u2204-93-55 dnsmasq[155612]: read /opt/stack/data/neutron/dhcp/c34fa8a4-1086-40f6-8517-437a7c71c808/addn_hosts - 2 names
Oct 10 20:25:39.702279 devstack-u2204-93-55 dnsmasq-dhcp[155612]: read /opt/stack/data/neutron/dhcp/c34fa8a4-1086-40f6-8517-437a7c71c808/host
Oct 10 20:25:39.702355 devstack-u2204-93-55 dnsmasq-dhcp[155612]: read /opt/stack/data/neutron/dhcp/c34fa8a4-1086-40f6-8517-437a7c71c808/opts
Oct 10 20:25:41.122263 devstack-u2204-93-55 dnsmasq[158929]: read /opt/stack/data/neutron/dhcp/25f73fc4-292c-4d8d-8c1d-0e9db0261f9b/addn_hosts - 0 names
Oct 10 20:25:41.122369 devstack-u2204-93-55 dnsmasq-dhcp[158929]: read /opt/stack/data/neutron/dhcp/25f73fc4-292c-4d8d-8c1d-0e9db0261f9b/host
Oct 10 20:25:41.122447 devstack-u2204-93-55 dnsmasq-dhcp[158929]: read /opt/stack/data/neutron/dhcp/25f73fc4-292c-4d8d-8c1d-0e9db0261f9b/opts
Oct 10 20:25:42.051713 devstack-u2204-93-55 dnsmasq[158790]: read /opt/stack/data/neutron/dhcp/7d4d04a2-eaa5-498e-85f0-c78dcd5bdb55/addn_hosts - 4 names
Oct 10 20:25:42.051846 devstack-u2204-93-55 dnsmasq-dhcp[158790]: read /opt/stack/data/neutron/dhcp/7d4d04a2-eaa5-498e-85f0-c78dcd5bdb55/host
Oct 10 20:25:42.051919 devstack-u2204-93-55 dnsmasq-dhcp[158790]: read /opt/stack/data/neutron/dhcp/7d4d04a2-eaa5-498e-85f0-c78dcd5bdb55/opts
Oct 10 20:25:43.993614 devstack-u2204-93-55 dnsmasq[158790]: read /opt/stack/data/neutron/dhcp/7d4d04a2-eaa5-498e-85f0-c78dcd5bdb55/addn_hosts - 4 names
Oct 10 20:25:43.993731 devstack-u2204-93-55 dnsmasq-dhcp[158790]: read /opt/stack/data/neutron/dhcp/7d4d04a2-eaa5-498e-85f0-c78dcd5bdb55/host
Oct 10 20:25:43.993801 devstack-u2204-93-55 dnsmasq-dhcp[158790]: read /opt/stack/data/neutron/dhcp/7d4d04a2-eaa5-498e-85f0-c78dcd5bdb55/opts
Oct 10 20:25:44.952243 devstack-u2204-93-55 dnsmasq[157843]: read /opt/stack/data/neutron/dhcp/55a1d2d3-af79-47d3-a37c-f3aa71554799/addn_hosts - 4 names
Oct 10 20:25:44.953475 devstack-u2204-93-55 dnsmasq-dhcp[157843]: read /opt/stack/data/neutron/dhcp/55a1d2d3-af79-47d3-a37c-f3aa71554799/host
Oct 10 20:25:44.953636 devstack-u2204-93-55 dnsmasq-dhcp[157843]: read /opt/stack/data/neutron/dhcp/55a1d2d3-af79-47d3-a37c-f3aa71554799/opts
Oct 10 20:25:45.885641 devstack-u2204-93-55 dnsmasq[155782]: exiting on receipt of SIGTERM
Oct 10 20:25:46.993226 devstack-u2204-93-55 dnsmasq[158790]: read /opt/stack/data/neutron/dhcp/7d4d04a2-eaa5-498e-85f0-c78dcd5bdb55/addn_hosts - 6 names
Oct 10 20:25:46.993346 devstack-u2204-93-55 dnsmasq-dhcp[158790]: read /opt/stack/data/neutron/dhcp/7d4d04a2-eaa5-498e-85f0-c78dcd5bdb55/host
Oct 10 20:25:46.993398 devstack-u2204-93-55 dnsmasq-dhcp[158790]: read /opt/stack/data/neutron/dhcp/7d4d04a2-eaa5-498e-85f0-c78dcd5bdb55/opts
Oct 10 20:25:47.907798 devstack-u2204-93-55 dnsmasq[158929]: read /opt/stack/data/neutron/dhcp/25f73fc4-292c-4d8d-8c1d-0e9db0261f9b/addn_hosts - 2 names
Oct 10 20:25:47.907915 devstack-u2204-93-55 dnsmasq-dhcp[158929]: read /opt/stack/data/neutron/dhcp/25f73fc4-292c-4d8d-8c1d-0e9db0261f9b/host
Oct 10 20:25:47.907988 devstack-u2204-93-55 dnsmasq-dhcp[158929]: read /opt/stack/data/neutron/dhcp/25f73fc4-292c-4d8d-8c1d-0e9db0261f9b/opts
Oct 10 20:25:49.360336 devstack-u2204-93-55 dnsmasq[158790]: read /opt/stack/data/neutron/dhcp/7d4d04a2-eaa5-498e-85f0-c78dcd5bdb55/addn_hosts - 8 names
Oct 10 20:25:49.360406 devstack-u2204-93-55 dnsmasq-dhcp[158790]: read /opt/stack/data/neutron/dhcp/7d4d04a2-eaa5-498e-85f0-c78dcd5bdb55/host
Oct 10 20:25:49.360456 devstack-u2204-93-55 dnsmasq-dhcp[158790]: read /opt/stack/data/neutron/dhcp/7d4d04a2-eaa5-498e-85f0-c78dcd5bdb55/opts
Oct 10 20:25:50.251376 devstack-u2204-93-55 dnsmasq[158929]: read /opt/stack/data/neutron/dhcp/25f73fc4-292c-4d8d-8c1d-0e9db0261f9b/addn_hosts - 4 names
Oct 10 20:25:50.251497 devstack-u2204-93-55 dnsmasq-dhcp[158929]: read /opt/stack/data/neutron/dhcp/25f73fc4-292c-4d8d-8c1d-0e9db0261f9b/host
Oct 10 20:25:50.251571 devstack-u2204-93-55 dnsmasq-dhcp[158929]: read /opt/stack/data/neutron/dhcp/25f73fc4-292c-4d8d-8c1d-0e9db0261f9b/opts
Oct 10 20:25:51.399463 devstack-u2204-93-55 dnsmasq-dhcp[155612]: DHCPRELEASE(tap4311df6a-1a) 10.1.0.1 fa:16:3e:19:19:1d
Oct 10 20:25:52.230818 devstack-u2204-93-55 dnsmasq[155612]: read /opt/stack/data/neutron/dhcp/c34fa8a4-1086-40f6-8517-437a7c71c808/addn_hosts - 0 names
Oct 10 20:25:52.230919 devstack-u2204-93-55 dnsmasq-dhcp[155612]: read /opt/stack/data/neutron/dhcp/c34fa8a4-1086-40f6-8517-437a7c71c808/host
Oct 10 20:25:52.230998 devstack-u2204-93-55 dnsmasq-dhcp[155612]: read /opt/stack/data/neutron/dhcp/c34fa8a4-1086-40f6-8517-437a7c71c808/opts
Oct 10 20:25:54.087412 devstack-u2204-93-55 dnsmasq[155612]: exiting on receipt of SIGTERM
Oct 10 20:25:55.252596 devstack-u2204-93-55 dnsmasq-dhcp[155694]: DHCPRELEASE(tap4bb8ee95-2d) 10.1.0.1 fa:16:3e:e7:05:8b
Oct 10 20:25:56.086397 devstack-u2204-93-55 dnsmasq[155694]: read /opt/stack/data/neutron/dhcp/9596f085-c144-48ff-b3fd-a7fbcb2d9d83/addn_hosts - 0 names
Oct 10 20:25:56.086501 devstack-u2204-93-55 dnsmasq-dhcp[155694]: read /opt/stack/data/neutron/dhcp/9596f085-c144-48ff-b3fd-a7fbcb2d9d83/host
Oct 10 20:25:56.086579 devstack-u2204-93-55 dnsmasq-dhcp[155694]: read /opt/stack/data/neutron/dhcp/9596f085-c144-48ff-b3fd-a7fbcb2d9d83/opts
Oct 10 20:25:57.556608 devstack-u2204-93-55 dnsmasq[155694]: exiting on receipt of SIGTERM
Oct 10 20:26:04.324472 devstack-u2204-93-55 dnsmasq[159357]: started, version 2.90 cachesize 150
Oct 10 20:26:04.324540 devstack-u2204-93-55 dnsmasq[159357]: DNS service limited to local subnets
Oct 10 20:26:04.324572 devstack-u2204-93-55 dnsmasq[159357]: compile time options: IPv6 GNU-getopt DBus no-UBus i18n IDN2 DHCP DHCPv6 no-Lua TFTP conntrack ipset no-nftset auth cryptohash DNSSEC loop-detect inotify dumpfile
Oct 10 20:26:04.324642 devstack-u2204-93-55 dnsmasq-dhcp[159357]: DHCP, static leases only on 10.1.0.0, lease time 1d
Oct 10 20:26:04.324948 devstack-u2204-93-55 dnsmasq[159357]: reading /etc/resolv.conf
Oct 10 20:26:04.324981 devstack-u2204-93-55 dnsmasq[159357]: using nameserver 127.0.0.53#53
Oct 10 20:26:04.325137 devstack-u2204-93-55 dnsmasq[159357]: read /opt/stack/data/neutron/dhcp/57419fe5-8d8d-45ec-8e37-8e68a36012e6/addn_hosts - 0 names
Oct 10 20:26:04.325282 devstack-u2204-93-55 dnsmasq-dhcp[159357]: read /opt/stack/data/neutron/dhcp/57419fe5-8d8d-45ec-8e37-8e68a36012e6/host
Oct 10 20:26:04.325397 devstack-u2204-93-55 dnsmasq-dhcp[159357]: read /opt/stack/data/neutron/dhcp/57419fe5-8d8d-45ec-8e37-8e68a36012e6/opts
Oct 10 20:26:05.881832 devstack-u2204-93-55 dnsmasq[159357]: read /opt/stack/data/neutron/dhcp/57419fe5-8d8d-45ec-8e37-8e68a36012e6/addn_hosts - 2 names
Oct 10 20:26:05.881978 devstack-u2204-93-55 dnsmasq-dhcp[159357]: read /opt/stack/data/neutron/dhcp/57419fe5-8d8d-45ec-8e37-8e68a36012e6/host
Oct 10 20:26:05.882115 devstack-u2204-93-55 dnsmasq-dhcp[159357]: read /opt/stack/data/neutron/dhcp/57419fe5-8d8d-45ec-8e37-8e68a36012e6/opts
Oct 10 20:26:07.309560 devstack-u2204-93-55 dnsmasq[159357]: read /opt/stack/data/neutron/dhcp/57419fe5-8d8d-45ec-8e37-8e68a36012e6/addn_hosts - 2 names
Oct 10 20:26:07.309854 devstack-u2204-93-55 dnsmasq-dhcp[159357]: read /opt/stack/data/neutron/dhcp/57419fe5-8d8d-45ec-8e37-8e68a36012e6/host
Oct 10 20:26:07.309982 devstack-u2204-93-55 dnsmasq-dhcp[159357]: read /opt/stack/data/neutron/dhcp/57419fe5-8d8d-45ec-8e37-8e68a36012e6/opts
Oct 10 20:26:08.701074 devstack-u2204-93-55 dnsmasq[159357]: read /opt/stack/data/neutron/dhcp/57419fe5-8d8d-45ec-8e37-8e68a36012e6/addn_hosts - 2 names
Oct 10 20:26:08.701350 devstack-u2204-93-55 dnsmasq-dhcp[159357]: read /opt/stack/data/neutron/dhcp/57419fe5-8d8d-45ec-8e37-8e68a36012e6/host
Oct 10 20:26:08.701502 devstack-u2204-93-55 dnsmasq-dhcp[159357]: read /opt/stack/data/neutron/dhcp/57419fe5-8d8d-45ec-8e37-8e68a36012e6/opts
Oct 10 20:26:13.981455 devstack-u2204-93-55 dnsmasq[159357]: read /opt/stack/data/neutron/dhcp/57419fe5-8d8d-45ec-8e37-8e68a36012e6/addn_hosts - 4 names
Oct 10 20:26:13.982564 devstack-u2204-93-55 dnsmasq-dhcp[159357]: read /opt/stack/data/neutron/dhcp/57419fe5-8d8d-45ec-8e37-8e68a36012e6/host
Oct 10 20:26:13.982668 devstack-u2204-93-55 dnsmasq-dhcp[159357]: read /opt/stack/data/neutron/dhcp/57419fe5-8d8d-45ec-8e37-8e68a36012e6/opts
Oct 10 20:26:50.112384 devstack-u2204-93-55 dnsmasq-dhcp[156148]: DHCPREQUEST(tap97a0799f-49) 10.1.0.13 fa:16:3e:de:c7:b3
Oct 10 20:26:50.112408 devstack-u2204-93-55 dnsmasq-dhcp[156148]: DHCPACK(tap97a0799f-49) 10.1.0.13 fa:16:3e:de:c7:b3 host-10-1-0-13
Oct 10 20:26:52.280858 devstack-u2204-93-55 dnsmasq-dhcp[159357]: DHCPDISCOVER(tap64262014-af) fa:16:3e:8c:57:56
Oct 10 20:26:52.280890 devstack-u2204-93-55 dnsmasq-dhcp[159357]: DHCPOFFER(tap64262014-af) 10.1.0.9 fa:16:3e:8c:57:56
Oct 10 20:26:52.302653 devstack-u2204-93-55 dnsmasq-dhcp[159357]: DHCPREQUEST(tap64262014-af) 10.1.0.9 fa:16:3e:8c:57:56
Oct 10 20:26:52.302732 devstack-u2204-93-55 dnsmasq-dhcp[159357]: DHCPACK(tap64262014-af) 10.1.0.9 fa:16:3e:8c:57:56 host-10-1-0-9
Oct 10 20:26:54.321114 devstack-u2204-93-55 dnsmasq-dhcp[155107]: DHCPDISCOVER(tape82b2835-d8) fa:16:3e:6c:f3:0b
Oct 10 20:26:54.321193 devstack-u2204-93-55 dnsmasq-dhcp[155107]: DHCPOFFER(tape82b2835-d8) 10.1.0.6 fa:16:3e:6c:f3:0b
Oct 10 20:26:54.339977 devstack-u2204-93-55 dnsmasq-dhcp[155107]: DHCPREQUEST(tape82b2835-d8) 10.1.0.6 fa:16:3e:6c:f3:0b
Oct 10 20:26:54.340043 devstack-u2204-93-55 dnsmasq-dhcp[155107]: DHCPACK(tape82b2835-d8) 10.1.0.6 fa:16:3e:6c:f3:0b host-10-1-0-6
Oct 10 20:27:32.901209 devstack-u2204-93-55 dnsmasq-dhcp[157843]: DHCPDISCOVER(tap376971c2-05) fa:16:3e:3d:3b:da
Oct 10 20:27:32.901282 devstack-u2204-93-55 dnsmasq-dhcp[157843]: DHCPOFFER(tap376971c2-05) 10.1.0.5 fa:16:3e:3d:3b:da
Oct 10 20:27:33.196994 devstack-u2204-93-55 dnsmasq-dhcp[158790]: DHCPDISCOVER(tap95849188-87) fa:16:3e:bd:63:15
Oct 10 20:27:33.197035 devstack-u2204-93-55 dnsmasq-dhcp[158790]: DHCPOFFER(tap95849188-87) 10.1.1.93 fa:16:3e:bd:63:15
Oct 10 20:27:33.236393 devstack-u2204-93-55 dnsmasq-dhcp[158790]: DHCPDISCOVER(tap95849188-87) fa:16:3e:05:66:34
Oct 10 20:27:33.236449 devstack-u2204-93-55 dnsmasq-dhcp[158790]: DHCPOFFER(tap95849188-87) 10.1.1.147 fa:16:3e:05:66:34
Oct 10 20:27:33.262175 devstack-u2204-93-55 dnsmasq-dhcp[157843]: DHCPREQUEST(tap376971c2-05) 10.1.0.5 fa:16:3e:3d:3b:da
Oct 10 20:27:33.262231 devstack-u2204-93-55 dnsmasq-dhcp[157843]: DHCPACK(tap376971c2-05) 10.1.0.5 fa:16:3e:3d:3b:da host-10-1-0-5
Oct 10 20:27:33.282543 devstack-u2204-93-55 dnsmasq-dhcp[158929]: DHCPDISCOVER(tap67ceae33-63) fa:16:3e:83:64:61
Oct 10 20:27:33.282586 devstack-u2204-93-55 dnsmasq-dhcp[158929]: DHCPOFFER(tap67ceae33-63) 10.2.2.100 fa:16:3e:83:64:61
Oct 10 20:27:33.540037 devstack-u2204-93-55 dnsmasq-dhcp[158790]: DHCPREQUEST(tap95849188-87) 10.1.1.93 fa:16:3e:bd:63:15
Oct 10 20:27:33.540099 devstack-u2204-93-55 dnsmasq-dhcp[158790]: DHCPACK(tap95849188-87) 10.1.1.93 fa:16:3e:bd:63:15 host-10-1-1-93
Oct 10 20:27:33.615789 devstack-u2204-93-55 dnsmasq-dhcp[158790]: DHCPREQUEST(tap95849188-87) 10.1.1.147 fa:16:3e:05:66:34
Oct 10 20:27:33.615855 devstack-u2204-93-55 dnsmasq-dhcp[158790]: DHCPACK(tap95849188-87) 10.1.1.147 fa:16:3e:05:66:34 host-10-1-1-147
Oct 10 20:27:33.663801 devstack-u2204-93-55 dnsmasq-dhcp[158929]: DHCPREQUEST(tap67ceae33-63) 10.2.2.100 fa:16:3e:83:64:61
Oct 10 20:27:33.663859 devstack-u2204-93-55 dnsmasq-dhcp[158929]: DHCPACK(tap67ceae33-63) 10.2.2.100 fa:16:3e:83:64:61 host-10-2-2-100
Oct 10 20:27:33.673781 devstack-u2204-93-55 dnsmasq-dhcp[158790]: DHCPDISCOVER(tap95849188-87) fa:16:3e:3b:de:0b
Oct 10 20:27:33.673852 devstack-u2204-93-55 dnsmasq-dhcp[158790]: DHCPOFFER(tap95849188-87) 10.1.1.72 fa:16:3e:3b:de:0b
Oct 10 20:27:33.837935 devstack-u2204-93-55 dnsmasq-dhcp[158790]: DHCPREQUEST(tap95849188-87) 10.1.1.72 fa:16:3e:3b:de:0b
Oct 10 20:27:33.837992 devstack-u2204-93-55 dnsmasq-dhcp[158790]: DHCPACK(tap95849188-87) 10.1.1.72 fa:16:3e:3b:de:0b host-10-1-1-72
Oct 10 20:27:34.011337 devstack-u2204-93-55 dnsmasq-dhcp[158790]: DHCPDISCOVER(tap95849188-87) fa:16:3e:0e:12:e6
Oct 10 20:27:34.011365 devstack-u2204-93-55 dnsmasq-dhcp[158790]: DHCPOFFER(tap95849188-87) 10.1.1.161 fa:16:3e:0e:12:e6
Oct 10 20:27:34.039584 devstack-u2204-93-55 dnsmasq-dhcp[158790]: DHCPREQUEST(tap95849188-87) 10.1.1.161 fa:16:3e:0e:12:e6
Oct 10 20:27:34.039634 devstack-u2204-93-55 dnsmasq-dhcp[158790]: DHCPACK(tap95849188-87) 10.1.1.161 fa:16:3e:0e:12:e6 host-10-1-1-161
Oct 10 20:27:35.302593 devstack-u2204-93-55 dnsmasq-dhcp[158929]: DHCPDISCOVER(tap67ceae33-63) fa:16:3e:4e:e3:ed
Oct 10 20:27:35.302660 devstack-u2204-93-55 dnsmasq-dhcp[158929]: DHCPOFFER(tap67ceae33-63) 10.2.2.200 fa:16:3e:4e:e3:ed
Oct 10 20:27:35.319885 devstack-u2204-93-55 dnsmasq-dhcp[158929]: DHCPREQUEST(tap67ceae33-63) 10.2.2.200 fa:16:3e:4e:e3:ed
Oct 10 20:27:35.319946 devstack-u2204-93-55 dnsmasq-dhcp[158929]: DHCPACK(tap67ceae33-63) 10.2.2.200 fa:16:3e:4e:e3:ed host-10-2-2-200
Oct 10 20:28:10.127670 devstack-u2204-93-55 dnsmasq-dhcp[158790]: DHCPRELEASE(tap95849188-87) 10.1.1.93 fa:16:3e:bd:63:15
Oct 10 20:28:10.147099 devstack-u2204-93-55 dnsmasq-dhcp[158790]: DHCPRELEASE(tap95849188-87) 10.1.1.93 fa:16:3e:bd:63:15 unknown lease
Oct 10 20:28:10.982424 devstack-u2204-93-55 dnsmasq[158790]: read /opt/stack/data/neutron/dhcp/7d4d04a2-eaa5-498e-85f0-c78dcd5bdb55/addn_hosts - 6 names
Oct 10 20:28:10.982557 devstack-u2204-93-55 dnsmasq-dhcp[158790]: read /opt/stack/data/neutron/dhcp/7d4d04a2-eaa5-498e-85f0-c78dcd5bdb55/host
Oct 10 20:28:10.982822 devstack-u2204-93-55 dnsmasq-dhcp[158790]: read /opt/stack/data/neutron/dhcp/7d4d04a2-eaa5-498e-85f0-c78dcd5bdb55/opts
Oct 10 20:28:11.430054 devstack-u2204-93-55 dnsmasq-dhcp[158929]: DHCPRELEASE(tap67ceae33-63) 10.2.2.200 fa:16:3e:4e:e3:ed
Oct 10 20:28:11.454066 devstack-u2204-93-55 dnsmasq-dhcp[158929]: DHCPRELEASE(tap67ceae33-63) 10.2.2.200 fa:16:3e:4e:e3:ed unknown lease
Oct 10 20:28:12.288130 devstack-u2204-93-55 dnsmasq[158929]: read /opt/stack/data/neutron/dhcp/25f73fc4-292c-4d8d-8c1d-0e9db0261f9b/addn_hosts - 2 names
Oct 10 20:28:12.288359 devstack-u2204-93-55 dnsmasq-dhcp[158929]: read /opt/stack/data/neutron/dhcp/25f73fc4-292c-4d8d-8c1d-0e9db0261f9b/host
Oct 10 20:28:12.288487 devstack-u2204-93-55 dnsmasq-dhcp[158929]: read /opt/stack/data/neutron/dhcp/25f73fc4-292c-4d8d-8c1d-0e9db0261f9b/opts
Oct 10 20:28:12.722940 devstack-u2204-93-55 dnsmasq-dhcp[158790]: DHCPRELEASE(tap95849188-87) 10.1.1.72 fa:16:3e:3b:de:0b
Oct 10 20:28:12.749475 devstack-u2204-93-55 dnsmasq-dhcp[158790]: DHCPRELEASE(tap95849188-87) 10.1.1.72 fa:16:3e:3b:de:0b unknown lease
Oct 10 20:28:13.581543 devstack-u2204-93-55 dnsmasq[158790]: read /opt/stack/data/neutron/dhcp/7d4d04a2-eaa5-498e-85f0-c78dcd5bdb55/addn_hosts - 4 names
Oct 10 20:28:13.581703 devstack-u2204-93-55 dnsmasq-dhcp[158790]: read /opt/stack/data/neutron/dhcp/7d4d04a2-eaa5-498e-85f0-c78dcd5bdb55/host
Oct 10 20:28:13.581796 devstack-u2204-93-55 dnsmasq-dhcp[158790]: read /opt/stack/data/neutron/dhcp/7d4d04a2-eaa5-498e-85f0-c78dcd5bdb55/opts
Oct 10 20:28:14.012346 devstack-u2204-93-55 dnsmasq-dhcp[157843]: DHCPRELEASE(tap376971c2-05) 10.1.0.5 fa:16:3e:3d:3b:da
Oct 10 20:28:14.041957 devstack-u2204-93-55 dnsmasq-dhcp[157843]: DHCPRELEASE(tap376971c2-05) 10.1.0.5 fa:16:3e:3d:3b:da unknown lease
Oct 10 20:28:14.874856 devstack-u2204-93-55 dnsmasq[157843]: read /opt/stack/data/neutron/dhcp/55a1d2d3-af79-47d3-a37c-f3aa71554799/addn_hosts - 2 names
Oct 10 20:28:14.874981 devstack-u2204-93-55 dnsmasq-dhcp[157843]: read /opt/stack/data/neutron/dhcp/55a1d2d3-af79-47d3-a37c-f3aa71554799/host
Oct 10 20:28:14.875103 devstack-u2204-93-55 dnsmasq-dhcp[157843]: read /opt/stack/data/neutron/dhcp/55a1d2d3-af79-47d3-a37c-f3aa71554799/opts
Oct 10 20:28:15.313435 devstack-u2204-93-55 dnsmasq-dhcp[158929]: DHCPRELEASE(tap67ceae33-63) 10.2.2.100 fa:16:3e:83:64:61
Oct 10 20:28:15.336807 devstack-u2204-93-55 dnsmasq-dhcp[158929]: DHCPRELEASE(tap67ceae33-63) 10.2.2.100 fa:16:3e:83:64:61 unknown lease
Oct 10 20:28:16.170177 devstack-u2204-93-55 dnsmasq[158929]: read /opt/stack/data/neutron/dhcp/25f73fc4-292c-4d8d-8c1d-0e9db0261f9b/addn_hosts - 0 names
Oct 10 20:28:16.170275 devstack-u2204-93-55 dnsmasq-dhcp[158929]: read /opt/stack/data/neutron/dhcp/25f73fc4-292c-4d8d-8c1d-0e9db0261f9b/host
Oct 10 20:28:16.170353 devstack-u2204-93-55 dnsmasq-dhcp[158929]: read /opt/stack/data/neutron/dhcp/25f73fc4-292c-4d8d-8c1d-0e9db0261f9b/opts
Oct 10 20:28:17.350729 devstack-u2204-93-55 dnsmasq-dhcp[156148]: DHCPRELEASE(tap97a0799f-49) 10.1.0.13 fa:16:3e:de:c7:b3
Oct 10 20:28:17.376943 devstack-u2204-93-55 dnsmasq-dhcp[156148]: DHCPRELEASE(tap97a0799f-49) 10.1.0.13 fa:16:3e:de:c7:b3 unknown lease
Oct 10 20:28:18.209661 devstack-u2204-93-55 dnsmasq[156148]: read /opt/stack/data/neutron/dhcp/cb43a488-20ff-490a-ab96-1535c563dc7f/addn_hosts - 6 names
Oct 10 20:28:18.209892 devstack-u2204-93-55 dnsmasq-dhcp[156148]: read /opt/stack/data/neutron/dhcp/cb43a488-20ff-490a-ab96-1535c563dc7f/host
Oct 10 20:28:18.210046 devstack-u2204-93-55 dnsmasq-dhcp[156148]: read /opt/stack/data/neutron/dhcp/cb43a488-20ff-490a-ab96-1535c563dc7f/opts
Oct 10 20:28:24.866576 devstack-u2204-93-55 dnsmasq-dhcp[155107]: DHCPRELEASE(tape82b2835-d8) 10.1.0.6 fa:16:3e:6c:f3:0b
Oct 10 20:28:24.887832 devstack-u2204-93-55 dnsmasq-dhcp[155107]: DHCPRELEASE(tape82b2835-d8) 10.1.0.6 fa:16:3e:6c:f3:0b unknown lease
Oct 10 20:28:25.709290 devstack-u2204-93-55 dnsmasq[155107]: read /opt/stack/data/neutron/dhcp/f9d62a51-ff7c-437a-936f-81c923069f2c/addn_hosts - 4 names
Oct 10 20:28:25.709466 devstack-u2204-93-55 dnsmasq-dhcp[155107]: read /opt/stack/data/neutron/dhcp/f9d62a51-ff7c-437a-936f-81c923069f2c/host
Oct 10 20:28:25.709560 devstack-u2204-93-55 dnsmasq-dhcp[155107]: read /opt/stack/data/neutron/dhcp/f9d62a51-ff7c-437a-936f-81c923069f2c/opts
Oct 10 20:28:45.861792 devstack-u2204-93-55 dnsmasq-dhcp[156148]: DHCPRELEASE(tap97a0799f-49) 10.1.0.6 fa:16:3e:66:3f:f3
Oct 10 20:28:45.886124 devstack-u2204-93-55 dnsmasq-dhcp[156148]: DHCPRELEASE(tap97a0799f-49) 10.1.0.6 fa:16:3e:66:3f:f3 unknown lease
Oct 10 20:28:46.717465 devstack-u2204-93-55 dnsmasq[156148]: read /opt/stack/data/neutron/dhcp/cb43a488-20ff-490a-ab96-1535c563dc7f/addn_hosts - 4 names
Oct 10 20:28:46.717587 devstack-u2204-93-55 dnsmasq-dhcp[156148]: read /opt/stack/data/neutron/dhcp/cb43a488-20ff-490a-ab96-1535c563dc7f/host
Oct 10 20:28:46.717678 devstack-u2204-93-55 dnsmasq-dhcp[156148]: read /opt/stack/data/neutron/dhcp/cb43a488-20ff-490a-ab96-1535c563dc7f/opts
Oct 10 20:28:53.340872 devstack-u2204-93-55 dnsmasq-dhcp[156148]: DHCPRELEASE(tap97a0799f-49) 10.1.0.14 fa:16:3e:b2:5d:ec
Oct 10 20:28:53.367561 devstack-u2204-93-55 dnsmasq-dhcp[156148]: DHCPRELEASE(tap97a0799f-49) 10.1.0.14 fa:16:3e:b2:5d:ec unknown lease
Oct 10 20:28:54.197534 devstack-u2204-93-55 dnsmasq[156148]: read /opt/stack/data/neutron/dhcp/cb43a488-20ff-490a-ab96-1535c563dc7f/addn_hosts - 2 names
Oct 10 20:28:54.197651 devstack-u2204-93-55 dnsmasq-dhcp[156148]: read /opt/stack/data/neutron/dhcp/cb43a488-20ff-490a-ab96-1535c563dc7f/host
Oct 10 20:28:54.197751 devstack-u2204-93-55 dnsmasq-dhcp[156148]: read /opt/stack/data/neutron/dhcp/cb43a488-20ff-490a-ab96-1535c563dc7f/opts
Oct 10 20:28:58.654083 devstack-u2204-93-55 dnsmasq-dhcp[156148]: DHCPRELEASE(tap97a0799f-49) 10.1.0.1 fa:16:3e:27:ae:cc
Oct 10 20:28:59.482542 devstack-u2204-93-55 dnsmasq[156148]: read /opt/stack/data/neutron/dhcp/cb43a488-20ff-490a-ab96-1535c563dc7f/addn_hosts - 0 names
Oct 10 20:28:59.482672 devstack-u2204-93-55 dnsmasq-dhcp[156148]: read /opt/stack/data/neutron/dhcp/cb43a488-20ff-490a-ab96-1535c563dc7f/host
Oct 10 20:28:59.482763 devstack-u2204-93-55 dnsmasq-dhcp[156148]: read /opt/stack/data/neutron/dhcp/cb43a488-20ff-490a-ab96-1535c563dc7f/opts
Oct 10 20:29:00.670857 devstack-u2204-93-55 dnsmasq[156148]: exiting on receipt of SIGTERM
Oct 10 20:29:06.337580 devstack-u2204-93-55 dnsmasq[162227]: started, version 2.90 cachesize 150
Oct 10 20:29:06.337598 devstack-u2204-93-55 dnsmasq[162227]: DNS service limited to local subnets
Oct 10 20:29:06.337612 devstack-u2204-93-55 dnsmasq[162227]: compile time options: IPv6 GNU-getopt DBus no-UBus i18n IDN2 DHCP DHCPv6 no-Lua TFTP conntrack ipset no-nftset auth cryptohash DNSSEC loop-detect inotify dumpfile
Oct 10 20:29:06.337648 devstack-u2204-93-55 dnsmasq-dhcp[162227]: DHCP, static leases only on 10.1.0.0, lease time 1d
Oct 10 20:29:06.337819 devstack-u2204-93-55 dnsmasq[162227]: reading /etc/resolv.conf
Oct 10 20:29:06.337841 devstack-u2204-93-55 dnsmasq[162227]: using nameserver 127.0.0.53#53
Oct 10 20:29:06.337944 devstack-u2204-93-55 dnsmasq[162227]: read /opt/stack/data/neutron/dhcp/ae5f4959-dfc6-4c42-8f87-9893747cd27a/addn_hosts - 0 names
Oct 10 20:29:06.337998 devstack-u2204-93-55 dnsmasq-dhcp[162227]: read /opt/stack/data/neutron/dhcp/ae5f4959-dfc6-4c42-8f87-9893747cd27a/host
Oct 10 20:29:06.338052 devstack-u2204-93-55 dnsmasq-dhcp[162227]: read /opt/stack/data/neutron/dhcp/ae5f4959-dfc6-4c42-8f87-9893747cd27a/opts
Oct 10 20:29:07.892751 devstack-u2204-93-55 dnsmasq[162227]: read /opt/stack/data/neutron/dhcp/ae5f4959-dfc6-4c42-8f87-9893747cd27a/addn_hosts - 2 names
Oct 10 20:29:07.892862 devstack-u2204-93-55 dnsmasq-dhcp[162227]: read /opt/stack/data/neutron/dhcp/ae5f4959-dfc6-4c42-8f87-9893747cd27a/host
Oct 10 20:29:07.892952 devstack-u2204-93-55 dnsmasq-dhcp[162227]: read /opt/stack/data/neutron/dhcp/ae5f4959-dfc6-4c42-8f87-9893747cd27a/opts
Oct 10 20:29:09.339194 devstack-u2204-93-55 dnsmasq[162227]: read /opt/stack/data/neutron/dhcp/ae5f4959-dfc6-4c42-8f87-9893747cd27a/addn_hosts - 2 names
Oct 10 20:29:09.339302 devstack-u2204-93-55 dnsmasq-dhcp[162227]: read /opt/stack/data/neutron/dhcp/ae5f4959-dfc6-4c42-8f87-9893747cd27a/host
Oct 10 20:29:09.339394 devstack-u2204-93-55 dnsmasq-dhcp[162227]: read /opt/stack/data/neutron/dhcp/ae5f4959-dfc6-4c42-8f87-9893747cd27a/opts
Oct 10 20:29:10.263049 devstack-u2204-93-55 dnsmasq-dhcp[158790]: DHCPRELEASE(tap95849188-87) 10.1.1.161 fa:16:3e:0e:12:e6
Oct 10 20:29:10.298668 devstack-u2204-93-55 dnsmasq-dhcp[158790]: DHCPRELEASE(tap95849188-87) 10.1.1.161 fa:16:3e:0e:12:e6 unknown lease
Oct 10 20:29:11.133548 devstack-u2204-93-55 dnsmasq[158790]: read /opt/stack/data/neutron/dhcp/7d4d04a2-eaa5-498e-85f0-c78dcd5bdb55/addn_hosts - 2 names
Oct 10 20:29:11.133635 devstack-u2204-93-55 dnsmasq-dhcp[158790]: read /opt/stack/data/neutron/dhcp/7d4d04a2-eaa5-498e-85f0-c78dcd5bdb55/host
Oct 10 20:29:11.133677 devstack-u2204-93-55 dnsmasq-dhcp[158790]: read /opt/stack/data/neutron/dhcp/7d4d04a2-eaa5-498e-85f0-c78dcd5bdb55/opts
Oct 10 20:29:12.040265 devstack-u2204-93-55 dnsmasq[162227]: read /opt/stack/data/neutron/dhcp/ae5f4959-dfc6-4c42-8f87-9893747cd27a/addn_hosts - 2 names
Oct 10 20:29:12.040427 devstack-u2204-93-55 dnsmasq-dhcp[162227]: read /opt/stack/data/neutron/dhcp/ae5f4959-dfc6-4c42-8f87-9893747cd27a/host
Oct 10 20:29:12.040579 devstack-u2204-93-55 dnsmasq-dhcp[162227]: read /opt/stack/data/neutron/dhcp/ae5f4959-dfc6-4c42-8f87-9893747cd27a/opts
Oct 10 20:29:14.017760 devstack-u2204-93-55 dnsmasq[158929]: exiting on receipt of SIGTERM
Oct 10 20:29:14.590247 devstack-u2204-93-55 dnsmasq[158790]: exiting on receipt of SIGTERM
Oct 10 20:29:15.686586 devstack-u2204-93-55 dnsmasq[162227]: read /opt/stack/data/neutron/dhcp/ae5f4959-dfc6-4c42-8f87-9893747cd27a/addn_hosts - 4 names
Oct 10 20:29:15.686781 devstack-u2204-93-55 dnsmasq-dhcp[162227]: read /opt/stack/data/neutron/dhcp/ae5f4959-dfc6-4c42-8f87-9893747cd27a/host
Oct 10 20:29:15.686936 devstack-u2204-93-55 dnsmasq-dhcp[162227]: read /opt/stack/data/neutron/dhcp/ae5f4959-dfc6-4c42-8f87-9893747cd27a/opts
Oct 10 20:29:26.907967 devstack-u2204-93-55 dnsmasq[157843]: read /opt/stack/data/neutron/dhcp/55a1d2d3-af79-47d3-a37c-f3aa71554799/addn_hosts - 0 names
Oct 10 20:29:26.908059 devstack-u2204-93-55 dnsmasq-dhcp[157843]: read /opt/stack/data/neutron/dhcp/55a1d2d3-af79-47d3-a37c-f3aa71554799/host
Oct 10 20:29:26.908136 devstack-u2204-93-55 dnsmasq-dhcp[157843]: read /opt/stack/data/neutron/dhcp/55a1d2d3-af79-47d3-a37c-f3aa71554799/opts
Oct 10 20:29:28.660049 devstack-u2204-93-55 dnsmasq[157843]: exiting on receipt of SIGTERM
Oct 10 20:29:30.488319 devstack-u2204-93-55 dnsmasq[158196]: read /opt/stack/data/neutron/dhcp/36c3d2d8-b37c-485c-8ca4-f673dc37ab2c/addn_hosts - 0 names
Oct 10 20:29:30.488400 devstack-u2204-93-55 dnsmasq-dhcp[158196]: read /opt/stack/data/neutron/dhcp/36c3d2d8-b37c-485c-8ca4-f673dc37ab2c/host
Oct 10 20:29:30.488474 devstack-u2204-93-55 dnsmasq-dhcp[158196]: read /opt/stack/data/neutron/dhcp/36c3d2d8-b37c-485c-8ca4-f673dc37ab2c/opts
Oct 10 20:29:32.210508 devstack-u2204-93-55 dnsmasq[158196]: exiting on receipt of SIGTERM
Oct 10 20:29:34.392655 devstack-u2204-93-55 dnsmasq[155107]: read /opt/stack/data/neutron/dhcp/f9d62a51-ff7c-437a-936f-81c923069f2c/addn_hosts - 6 names
Oct 10 20:29:34.392742 devstack-u2204-93-55 dnsmasq-dhcp[155107]: read /opt/stack/data/neutron/dhcp/f9d62a51-ff7c-437a-936f-81c923069f2c/host
Oct 10 20:29:34.392793 devstack-u2204-93-55 dnsmasq-dhcp[155107]: read /opt/stack/data/neutron/dhcp/f9d62a51-ff7c-437a-936f-81c923069f2c/opts
Oct 10 20:29:38.711923 devstack-u2204-93-55 dnsmasq[162901]: started, version 2.90 cachesize 150
Oct 10 20:29:38.713503 devstack-u2204-93-55 dnsmasq[162901]: DNS service limited to local subnets
Oct 10 20:29:38.713537 devstack-u2204-93-55 dnsmasq[162901]: compile time options: IPv6 GNU-getopt DBus no-UBus i18n IDN2 DHCP DHCPv6 no-Lua TFTP conntrack ipset no-nftset auth cryptohash DNSSEC loop-detect inotify dumpfile
Oct 10 20:29:38.713612 devstack-u2204-93-55 dnsmasq-dhcp[162901]: DHCP, static leases only on 10.1.0.0, lease time 1d
Oct 10 20:29:38.713900 devstack-u2204-93-55 dnsmasq[162901]: reading /etc/resolv.conf
Oct 10 20:29:38.713928 devstack-u2204-93-55 dnsmasq[162901]: using nameserver 127.0.0.53#53
Oct 10 20:29:38.714050 devstack-u2204-93-55 dnsmasq[162901]: read /opt/stack/data/neutron/dhcp/b2df0858-b7a6-43ab-8864-b7c2ae62bfb7/addn_hosts - 0 names
Oct 10 20:29:38.714116 devstack-u2204-93-55 dnsmasq-dhcp[162901]: read /opt/stack/data/neutron/dhcp/b2df0858-b7a6-43ab-8864-b7c2ae62bfb7/host
Oct 10 20:29:38.714231 devstack-u2204-93-55 dnsmasq-dhcp[162901]: read /opt/stack/data/neutron/dhcp/b2df0858-b7a6-43ab-8864-b7c2ae62bfb7/opts
Oct 10 20:29:40.272620 devstack-u2204-93-55 dnsmasq[162901]: read /opt/stack/data/neutron/dhcp/b2df0858-b7a6-43ab-8864-b7c2ae62bfb7/addn_hosts - 2 names
Oct 10 20:29:40.272779 devstack-u2204-93-55 dnsmasq-dhcp[162901]: read /opt/stack/data/neutron/dhcp/b2df0858-b7a6-43ab-8864-b7c2ae62bfb7/host
Oct 10 20:29:40.272920 devstack-u2204-93-55 dnsmasq-dhcp[162901]: read /opt/stack/data/neutron/dhcp/b2df0858-b7a6-43ab-8864-b7c2ae62bfb7/opts
Oct 10 20:29:41.694926 devstack-u2204-93-55 dnsmasq[162901]: read /opt/stack/data/neutron/dhcp/b2df0858-b7a6-43ab-8864-b7c2ae62bfb7/addn_hosts - 2 names
Oct 10 20:29:41.694986 devstack-u2204-93-55 dnsmasq-dhcp[162901]: read /opt/stack/data/neutron/dhcp/b2df0858-b7a6-43ab-8864-b7c2ae62bfb7/host
Oct 10 20:29:41.695034 devstack-u2204-93-55 dnsmasq-dhcp[162901]: read /opt/stack/data/neutron/dhcp/b2df0858-b7a6-43ab-8864-b7c2ae62bfb7/opts
Oct 10 20:29:43.093081 devstack-u2204-93-55 dnsmasq[162901]: read /opt/stack/data/neutron/dhcp/b2df0858-b7a6-43ab-8864-b7c2ae62bfb7/addn_hosts - 2 names
Oct 10 20:29:43.093156 devstack-u2204-93-55 dnsmasq-dhcp[162901]: read /opt/stack/data/neutron/dhcp/b2df0858-b7a6-43ab-8864-b7c2ae62bfb7/host
Oct 10 20:29:43.093208 devstack-u2204-93-55 dnsmasq-dhcp[162901]: read /opt/stack/data/neutron/dhcp/b2df0858-b7a6-43ab-8864-b7c2ae62bfb7/opts
Oct 10 20:29:45.230646 devstack-u2204-93-55 dnsmasq-dhcp[159357]: DHCPRELEASE(tap64262014-af) 10.1.0.9 fa:16:3e:8c:57:56
Oct 10 20:29:45.255981 devstack-u2204-93-55 dnsmasq-dhcp[159357]: DHCPRELEASE(tap64262014-af) 10.1.0.9 fa:16:3e:8c:57:56 unknown lease
Oct 10 20:29:46.088631 devstack-u2204-93-55 dnsmasq[159357]: read /opt/stack/data/neutron/dhcp/57419fe5-8d8d-45ec-8e37-8e68a36012e6/addn_hosts - 2 names
Oct 10 20:29:46.088750 devstack-u2204-93-55 dnsmasq-dhcp[159357]: read /opt/stack/data/neutron/dhcp/57419fe5-8d8d-45ec-8e37-8e68a36012e6/host
Oct 10 20:29:46.088842 devstack-u2204-93-55 dnsmasq-dhcp[159357]: read /opt/stack/data/neutron/dhcp/57419fe5-8d8d-45ec-8e37-8e68a36012e6/opts
Oct 10 20:29:47.742917 devstack-u2204-93-55 dnsmasq[162901]: read /opt/stack/data/neutron/dhcp/b2df0858-b7a6-43ab-8864-b7c2ae62bfb7/addn_hosts - 4 names
Oct 10 20:29:47.743127 devstack-u2204-93-55 dnsmasq-dhcp[162901]: read /opt/stack/data/neutron/dhcp/b2df0858-b7a6-43ab-8864-b7c2ae62bfb7/host
Oct 10 20:29:47.743367 devstack-u2204-93-55 dnsmasq-dhcp[162901]: read /opt/stack/data/neutron/dhcp/b2df0858-b7a6-43ab-8864-b7c2ae62bfb7/opts
Oct 10 20:29:53.837373 devstack-u2204-93-55 dnsmasq-dhcp[162227]: DHCPDISCOVER(tap7d1bb853-bd) fa:16:3e:1b:55:ec
Oct 10 20:29:53.837452 devstack-u2204-93-55 dnsmasq-dhcp[162227]: DHCPOFFER(tap7d1bb853-bd) 10.1.0.4 fa:16:3e:1b:55:ec
Oct 10 20:29:53.853448 devstack-u2204-93-55 dnsmasq-dhcp[162227]: DHCPREQUEST(tap7d1bb853-bd) 10.1.0.4 fa:16:3e:1b:55:ec
Oct 10 20:29:53.853491 devstack-u2204-93-55 dnsmasq-dhcp[162227]: DHCPACK(tap7d1bb853-bd) 10.1.0.4 fa:16:3e:1b:55:ec host-10-1-0-4
Oct 10 20:30:05.219003 devstack-u2204-93-55 dnsmasq[159357]: read /opt/stack/data/neutron/dhcp/57419fe5-8d8d-45ec-8e37-8e68a36012e6/addn_hosts - 0 names
Oct 10 20:30:05.220896 devstack-u2204-93-55 dnsmasq-dhcp[159357]: read /opt/stack/data/neutron/dhcp/57419fe5-8d8d-45ec-8e37-8e68a36012e6/host
Oct 10 20:30:05.221028 devstack-u2204-93-55 dnsmasq-dhcp[159357]: read /opt/stack/data/neutron/dhcp/57419fe5-8d8d-45ec-8e37-8e68a36012e6/opts
Oct 10 20:30:06.816982 devstack-u2204-93-55 dnsmasq[159357]: exiting on receipt of SIGTERM
Oct 10 20:30:12.751010 devstack-u2204-93-55 dnsmasq[163617]: started, version 2.90 cachesize 150
Oct 10 20:30:12.751043 devstack-u2204-93-55 dnsmasq[163617]: DNS service limited to local subnets
Oct 10 20:30:12.751057 devstack-u2204-93-55 dnsmasq[163617]: compile time options: IPv6 GNU-getopt DBus no-UBus i18n IDN2 DHCP DHCPv6 no-Lua TFTP conntrack ipset no-nftset auth cryptohash DNSSEC loop-detect inotify dumpfile
Oct 10 20:30:12.751090 devstack-u2204-93-55 dnsmasq-dhcp[163617]: DHCP, static leases only on 10.1.0.0, lease time 1d
Oct 10 20:30:12.751247 devstack-u2204-93-55 dnsmasq[163617]: reading /etc/resolv.conf
Oct 10 20:30:12.751261 devstack-u2204-93-55 dnsmasq[163617]: using nameserver 127.0.0.53#53
Oct 10 20:30:12.751336 devstack-u2204-93-55 dnsmasq[163617]: read /opt/stack/data/neutron/dhcp/da573d3c-da69-45c6-adc9-60ad437d4c57/addn_hosts - 0 names
Oct 10 20:30:12.751382 devstack-u2204-93-55 dnsmasq-dhcp[163617]: read /opt/stack/data/neutron/dhcp/da573d3c-da69-45c6-adc9-60ad437d4c57/host
Oct 10 20:30:12.751435 devstack-u2204-93-55 dnsmasq-dhcp[163617]: read /opt/stack/data/neutron/dhcp/da573d3c-da69-45c6-adc9-60ad437d4c57/opts
Oct 10 20:30:14.308131 devstack-u2204-93-55 dnsmasq[163617]: read /opt/stack/data/neutron/dhcp/da573d3c-da69-45c6-adc9-60ad437d4c57/addn_hosts - 2 names
Oct 10 20:30:14.308331 devstack-u2204-93-55 dnsmasq-dhcp[163617]: read /opt/stack/data/neutron/dhcp/da573d3c-da69-45c6-adc9-60ad437d4c57/host
Oct 10 20:30:14.308426 devstack-u2204-93-55 dnsmasq-dhcp[163617]: read /opt/stack/data/neutron/dhcp/da573d3c-da69-45c6-adc9-60ad437d4c57/opts
Oct 10 20:30:15.703798 devstack-u2204-93-55 dnsmasq[163617]: read /opt/stack/data/neutron/dhcp/da573d3c-da69-45c6-adc9-60ad437d4c57/addn_hosts - 2 names
Oct 10 20:30:15.703858 devstack-u2204-93-55 dnsmasq-dhcp[163617]: read /opt/stack/data/neutron/dhcp/da573d3c-da69-45c6-adc9-60ad437d4c57/host
Oct 10 20:30:15.703899 devstack-u2204-93-55 dnsmasq-dhcp[163617]: read /opt/stack/data/neutron/dhcp/da573d3c-da69-45c6-adc9-60ad437d4c57/opts
Oct 10 20:30:17.143565 devstack-u2204-93-55 dnsmasq[163617]: read /opt/stack/data/neutron/dhcp/da573d3c-da69-45c6-adc9-60ad437d4c57/addn_hosts - 2 names
Oct 10 20:30:17.143699 devstack-u2204-93-55 dnsmasq-dhcp[163617]: read /opt/stack/data/neutron/dhcp/da573d3c-da69-45c6-adc9-60ad437d4c57/host
Oct 10 20:30:17.143822 devstack-u2204-93-55 dnsmasq-dhcp[163617]: read /opt/stack/data/neutron/dhcp/da573d3c-da69-45c6-adc9-60ad437d4c57/opts
Oct 10 20:30:25.116109 devstack-u2204-93-55 dnsmasq-dhcp[162901]: DHCPDISCOVER(tap56f7d6e2-58) fa:16:3e:41:16:bb
Oct 10 20:30:25.116202 devstack-u2204-93-55 dnsmasq-dhcp[162901]: DHCPOFFER(tap56f7d6e2-58) 10.1.0.14 fa:16:3e:41:16:bb
Oct 10 20:30:25.142671 devstack-u2204-93-55 dnsmasq-dhcp[162901]: DHCPREQUEST(tap56f7d6e2-58) 10.1.0.14 fa:16:3e:41:16:bb
Oct 10 20:30:25.142727 devstack-u2204-93-55 dnsmasq-dhcp[162901]: DHCPACK(tap56f7d6e2-58) 10.1.0.14 fa:16:3e:41:16:bb host-10-1-0-14
Oct 10 20:30:55.092475 devstack-u2204-93-55 dnsmasq[163617]: read /opt/stack/data/neutron/dhcp/da573d3c-da69-45c6-adc9-60ad437d4c57/addn_hosts - 4 names
Oct 10 20:30:55.092604 devstack-u2204-93-55 dnsmasq-dhcp[163617]: read /opt/stack/data/neutron/dhcp/da573d3c-da69-45c6-adc9-60ad437d4c57/host
Oct 10 20:30:55.092676 devstack-u2204-93-55 dnsmasq-dhcp[163617]: read /opt/stack/data/neutron/dhcp/da573d3c-da69-45c6-adc9-60ad437d4c57/opts
Oct 10 20:31:15.110621 devstack-u2204-93-55 dnsmasq-dhcp[155107]: DHCPDISCOVER(tape82b2835-d8) fa:16:3e:f8:2e:a2
Oct 10 20:31:15.110665 devstack-u2204-93-55 dnsmasq-dhcp[155107]: DHCPOFFER(tape82b2835-d8) 10.1.0.5 fa:16:3e:f8:2e:a2
Oct 10 20:31:15.137778 devstack-u2204-93-55 dnsmasq-dhcp[155107]: DHCPREQUEST(tape82b2835-d8) 10.1.0.5 fa:16:3e:f8:2e:a2
Oct 10 20:31:15.137820 devstack-u2204-93-55 dnsmasq-dhcp[155107]: DHCPACK(tape82b2835-d8) 10.1.0.5 fa:16:3e:f8:2e:a2 host-10-1-0-5
Oct 10 20:31:22.866067 devstack-u2204-93-55 dnsmasq[163617]: read /opt/stack/data/neutron/dhcp/da573d3c-da69-45c6-adc9-60ad437d4c57/addn_hosts - 6 names
Oct 10 20:31:22.867238 devstack-u2204-93-55 dnsmasq-dhcp[163617]: read /opt/stack/data/neutron/dhcp/da573d3c-da69-45c6-adc9-60ad437d4c57/host
Oct 10 20:31:22.867333 devstack-u2204-93-55 dnsmasq-dhcp[163617]: read /opt/stack/data/neutron/dhcp/da573d3c-da69-45c6-adc9-60ad437d4c57/opts
Oct 10 20:31:41.389209 devstack-u2204-93-55 dnsmasq[163617]: read /opt/stack/data/neutron/dhcp/da573d3c-da69-45c6-adc9-60ad437d4c57/addn_hosts - 8 names
Oct 10 20:31:41.389280 devstack-u2204-93-55 dnsmasq-dhcp[163617]: read /opt/stack/data/neutron/dhcp/da573d3c-da69-45c6-adc9-60ad437d4c57/host
Oct 10 20:31:41.389328 devstack-u2204-93-55 dnsmasq-dhcp[163617]: read /opt/stack/data/neutron/dhcp/da573d3c-da69-45c6-adc9-60ad437d4c57/opts
Oct 10 20:31:43.574799 devstack-u2204-93-55 dnsmasq-dhcp[163617]: DHCPDISCOVER(tap97761c03-da) fa:16:3e:08:76:fa
Oct 10 20:31:43.574847 devstack-u2204-93-55 dnsmasq-dhcp[163617]: DHCPOFFER(tap97761c03-da) 10.1.0.7 fa:16:3e:08:76:fa
Oct 10 20:31:43.594613 devstack-u2204-93-55 dnsmasq-dhcp[163617]: DHCPREQUEST(tap97761c03-da) 10.1.0.7 fa:16:3e:08:76:fa
Oct 10 20:31:43.594653 devstack-u2204-93-55 dnsmasq-dhcp[163617]: DHCPACK(tap97761c03-da) 10.1.0.7 fa:16:3e:08:76:fa host-10-1-0-7
Oct 10 20:31:44.984362 devstack-u2204-93-55 dnsmasq-dhcp[162227]: DHCPREQUEST(tap7d1bb853-bd) 10.1.0.4 fa:16:3e:1b:55:ec
Oct 10 20:31:44.984407 devstack-u2204-93-55 dnsmasq-dhcp[162227]: DHCPACK(tap7d1bb853-bd) 10.1.0.4 fa:16:3e:1b:55:ec host-10-1-0-4
Oct 10 20:32:00.396546 devstack-u2204-93-55 dnsmasq-dhcp[155107]: DHCPRELEASE(tape82b2835-d8) 10.1.0.5 fa:16:3e:f8:2e:a2
Oct 10 20:32:00.433222 devstack-u2204-93-55 dnsmasq-dhcp[155107]: DHCPRELEASE(tape82b2835-d8) 10.1.0.5 fa:16:3e:f8:2e:a2 unknown lease
