Oct 17 07:30:12.341878 podb-esxi207 dnsmasq-dhcp[1845448]: read /opt/stack/data/neutron/dhcp/4795966b-f603-435b-b46e-c6f7740dd419/host
Oct 17 07:30:12.341933 podb-esxi207 dnsmasq-dhcp[1845448]: read /opt/stack/data/neutron/dhcp/4795966b-f603-435b-b46e-c6f7740dd419/opts
Oct 17 07:30:13.375479 podb-esxi207 dnsmasq[1845193]: read /opt/stack/data/neutron/dhcp/af9faadd-2cef-4694-9b73-24925cab564c/addn_hosts - 2 names
Oct 17 07:30:13.375571 podb-esxi207 dnsmasq-dhcp[1845193]: read /opt/stack/data/neutron/dhcp/af9faadd-2cef-4694-9b73-24925cab564c/host
Oct 17 07:30:13.375672 podb-esxi207 dnsmasq-dhcp[1845193]: read /opt/stack/data/neutron/dhcp/af9faadd-2cef-4694-9b73-24925cab564c/opts
Oct 17 07:30:14.989245 podb-esxi207 dnsmasq-dhcp[1844667]: DHCPDISCOVER(tap6df09eac-cb) fa:16:3e:1a:91:f4
Oct 17 07:30:14.989271 podb-esxi207 dnsmasq-dhcp[1844667]: DHCPOFFER(tap6df09eac-cb) 10.1.0.7 fa:16:3e:1a:91:f4
Oct 17 07:30:14.999948 podb-esxi207 dnsmasq-dhcp[1844667]: DHCPREQUEST(tap6df09eac-cb) 10.1.0.7 fa:16:3e:1a:91:f4
Oct 17 07:30:14.999979 podb-esxi207 dnsmasq-dhcp[1844667]: DHCPACK(tap6df09eac-cb) 10.1.0.7 fa:16:3e:1a:91:f4 host-10-1-0-7
Oct 17 07:30:15.066538 podb-esxi207 dnsmasq-dhcp[1841519]: DHCPDISCOVER(tap7485cdf6-44) fa:16:3e:cc:55:9b
Oct 17 07:30:15.066560 podb-esxi207 dnsmasq-dhcp[1841519]: DHCPOFFER(tap7485cdf6-44) 10.1.1.167 fa:16:3e:cc:55:9b
Oct 17 07:30:15.077940 podb-esxi207 dnsmasq-dhcp[1841519]: DHCPREQUEST(tap7485cdf6-44) 10.1.1.167 fa:16:3e:cc:55:9b
Oct 17 07:30:15.077970 podb-esxi207 dnsmasq-dhcp[1841519]: DHCPACK(tap7485cdf6-44) 10.1.1.167 fa:16:3e:cc:55:9b host-10-1-1-167
Oct 17 07:30:15.357363 podb-esxi207 dnsmasq-dhcp[1841519]: DHCPDISCOVER(tap7485cdf6-44) fa:16:3e:ec:d6:c5
Oct 17 07:30:15.357389 podb-esxi207 dnsmasq-dhcp[1841519]: DHCPOFFER(tap7485cdf6-44) 10.1.1.90 fa:16:3e:ec:d6:c5
Oct 17 07:30:15.362945 podb-esxi207 dnsmasq-dhcp[1841519]: DHCPREQUEST(tap7485cdf6-44) 10.1.1.90 fa:16:3e:ec:d6:c5
Oct 17 07:30:15.362971 podb-esxi207 dnsmasq-dhcp[1841519]: DHCPACK(tap7485cdf6-44) 10.1.1.90 fa:16:3e:ec:d6:c5 host-10-1-1-90
Oct 17 07:30:15.440706 podb-esxi207 dnsmasq-dhcp[1839043]: DHCPDISCOVER(tapa1e06959-d7) fa:16:3e:77:2a:0a
Oct 17 07:30:15.440731 podb-esxi207 dnsmasq-dhcp[1839043]: DHCPOFFER(tapa1e06959-d7) 10.1.0.9 fa:16:3e:77:2a:0a
Oct 17 07:30:15.447177 podb-esxi207 dnsmasq-dhcp[1839043]: DHCPREQUEST(tapa1e06959-d7) 10.1.0.9 fa:16:3e:77:2a:0a
Oct 17 07:30:15.447208 podb-esxi207 dnsmasq-dhcp[1839043]: DHCPACK(tapa1e06959-d7) 10.1.0.9 fa:16:3e:77:2a:0a host-10-1-0-9
Oct 17 07:30:15.471777 podb-esxi207 dnsmasq-dhcp[1841605]: DHCPDISCOVER(tapb359aafe-51) fa:16:3e:46:2c:7e
Oct 17 07:30:15.471804 podb-esxi207 dnsmasq-dhcp[1841605]: DHCPOFFER(tapb359aafe-51) 10.2.2.200 fa:16:3e:46:2c:7e
Oct 17 07:30:15.486508 podb-esxi207 dnsmasq-dhcp[1841605]: DHCPREQUEST(tapb359aafe-51) 10.2.2.200 fa:16:3e:46:2c:7e
Oct 17 07:30:15.486533 podb-esxi207 dnsmasq-dhcp[1841605]: DHCPACK(tapb359aafe-51) 10.2.2.200 fa:16:3e:46:2c:7e host-10-2-2-200
Oct 17 07:30:15.877772 podb-esxi207 dnsmasq-dhcp[1841519]: DHCPDISCOVER(tap7485cdf6-44) fa:16:3e:41:5e:0e
Oct 17 07:30:15.877802 podb-esxi207 dnsmasq-dhcp[1841519]: DHCPOFFER(tap7485cdf6-44) 10.1.1.106 fa:16:3e:41:5e:0e
Oct 17 07:30:15.881454 podb-esxi207 dnsmasq-dhcp[1841519]: DHCPREQUEST(tap7485cdf6-44) 10.1.1.106 fa:16:3e:41:5e:0e
Oct 17 07:30:15.881485 podb-esxi207 dnsmasq-dhcp[1841519]: DHCPACK(tap7485cdf6-44) 10.1.1.106 fa:16:3e:41:5e:0e host-10-1-1-106
Oct 17 07:30:15.968117 podb-esxi207 dnsmasq-dhcp[1841519]: DHCPDISCOVER(tap7485cdf6-44) fa:16:3e:c4:b0:99
Oct 17 07:30:15.968140 podb-esxi207 dnsmasq-dhcp[1841519]: DHCPOFFER(tap7485cdf6-44) 10.1.1.215 fa:16:3e:c4:b0:99
Oct 17 07:30:15.974604 podb-esxi207 dnsmasq-dhcp[1841519]: DHCPREQUEST(tap7485cdf6-44) 10.1.1.215 fa:16:3e:c4:b0:99
Oct 17 07:30:15.974629 podb-esxi207 dnsmasq-dhcp[1841519]: DHCPACK(tap7485cdf6-44) 10.1.1.215 fa:16:3e:c4:b0:99 host-10-1-1-215
Oct 17 07:30:16.401290 podb-esxi207 dnsmasq-dhcp[1841605]: DHCPDISCOVER(tapb359aafe-51) fa:16:3e:d1:91:5e
Oct 17 07:30:16.401316 podb-esxi207 dnsmasq-dhcp[1841605]: DHCPOFFER(tapb359aafe-51) 10.2.2.100 fa:16:3e:d1:91:5e
Oct 17 07:30:16.404810 podb-esxi207 dnsmasq-dhcp[1841605]: DHCPREQUEST(tapb359aafe-51) 10.2.2.100 fa:16:3e:d1:91:5e
Oct 17 07:30:16.404835 podb-esxi207 dnsmasq-dhcp[1841605]: DHCPACK(tapb359aafe-51) 10.2.2.100 fa:16:3e:d1:91:5e host-10-2-2-100
Oct 17 07:30:16.633783 podb-esxi207 dnsmasq[1845809]: started, version 2.90 cachesize 150
Oct 17 07:30:16.633808 podb-esxi207 dnsmasq[1845809]: DNS service limited to local subnets
Oct 17 07:30:16.633823 podb-esxi207 dnsmasq[1845809]: compile time options: IPv6 GNU-getopt DBus no-UBus i18n IDN2 DHCP DHCPv6 no-Lua TFTP conntrack ipset no-nftset auth cryptohash DNSSEC loop-detect inotify dumpfile
Oct 17 07:30:16.633857 podb-esxi207 dnsmasq-dhcp[1845809]: DHCP, static leases only on 10.1.0.0, lease time 1d
Oct 17 07:30:16.634000 podb-esxi207 dnsmasq[1845809]: reading /etc/resolv.conf
Oct 17 07:30:16.634016 podb-esxi207 dnsmasq[1845809]: using nameserver 127.0.0.53#53
Oct 17 07:30:16.634123 podb-esxi207 dnsmasq[1845809]: read /opt/stack/data/neutron/dhcp/c8391af4-2c91-4fd7-a767-a88649d41ea1/addn_hosts - 2 names
Oct 17 07:30:16.634176 podb-esxi207 dnsmasq-dhcp[1845809]: read /opt/stack/data/neutron/dhcp/c8391af4-2c91-4fd7-a767-a88649d41ea1/host
Oct 17 07:30:16.634248 podb-esxi207 dnsmasq-dhcp[1845809]: read /opt/stack/data/neutron/dhcp/c8391af4-2c91-4fd7-a767-a88649d41ea1/opts
Oct 17 07:30:17.667966 podb-esxi207 dnsmasq[1845448]: read /opt/stack/data/neutron/dhcp/4795966b-f603-435b-b46e-c6f7740dd419/addn_hosts - 2 names
Oct 17 07:30:17.668079 podb-esxi207 dnsmasq-dhcp[1845448]: read /opt/stack/data/neutron/dhcp/4795966b-f603-435b-b46e-c6f7740dd419/host
Oct 17 07:30:17.668177 podb-esxi207 dnsmasq-dhcp[1845448]: read /opt/stack/data/neutron/dhcp/4795966b-f603-435b-b46e-c6f7740dd419/opts
Oct 17 07:30:18.388581 podb-esxi207 dnsmasq[1845193]: read /opt/stack/data/neutron/dhcp/af9faadd-2cef-4694-9b73-24925cab564c/addn_hosts - 2 names
Oct 17 07:30:18.388679 podb-esxi207 dnsmasq-dhcp[1845193]: read /opt/stack/data/neutron/dhcp/af9faadd-2cef-4694-9b73-24925cab564c/host
Oct 17 07:30:18.388763 podb-esxi207 dnsmasq-dhcp[1845193]: read /opt/stack/data/neutron/dhcp/af9faadd-2cef-4694-9b73-24925cab564c/opts
Oct 17 07:30:19.113644 podb-esxi207 dnsmasq[1844667]: read /opt/stack/data/neutron/dhcp/78b915e8-7c4a-46a2-8f47-3becdb9ecea4/addn_hosts - 6 names
Oct 17 07:30:19.113744 podb-esxi207 dnsmasq-dhcp[1844667]: read /opt/stack/data/neutron/dhcp/78b915e8-7c4a-46a2-8f47-3becdb9ecea4/host
Oct 17 07:30:19.113845 podb-esxi207 dnsmasq-dhcp[1844667]: read /opt/stack/data/neutron/dhcp/78b915e8-7c4a-46a2-8f47-3becdb9ecea4/opts
Oct 17 07:30:20.847437 podb-esxi207 dnsmasq[1845809]: read /opt/stack/data/neutron/dhcp/c8391af4-2c91-4fd7-a767-a88649d41ea1/addn_hosts - 2 names
Oct 17 07:30:20.847511 podb-esxi207 dnsmasq-dhcp[1845809]: read /opt/stack/data/neutron/dhcp/c8391af4-2c91-4fd7-a767-a88649d41ea1/host
Oct 17 07:30:20.847588 podb-esxi207 dnsmasq-dhcp[1845809]: read /opt/stack/data/neutron/dhcp/c8391af4-2c91-4fd7-a767-a88649d41ea1/opts
Oct 17 07:30:21.589503 podb-esxi207 dnsmasq[1845448]: read /opt/stack/data/neutron/dhcp/4795966b-f603-435b-b46e-c6f7740dd419/addn_hosts - 2 names
Oct 17 07:30:21.589593 podb-esxi207 dnsmasq-dhcp[1845448]: read /opt/stack/data/neutron/dhcp/4795966b-f603-435b-b46e-c6f7740dd419/host
Oct 17 07:30:21.589702 podb-esxi207 dnsmasq-dhcp[1845448]: read /opt/stack/data/neutron/dhcp/4795966b-f603-435b-b46e-c6f7740dd419/opts
Oct 17 07:30:22.314612 podb-esxi207 dnsmasq[1845193]: read /opt/stack/data/neutron/dhcp/af9faadd-2cef-4694-9b73-24925cab564c/addn_hosts - 2 names
Oct 17 07:30:22.314711 podb-esxi207 dnsmasq-dhcp[1845193]: read /opt/stack/data/neutron/dhcp/af9faadd-2cef-4694-9b73-24925cab564c/host
Oct 17 07:30:22.314815 podb-esxi207 dnsmasq-dhcp[1845193]: read /opt/stack/data/neutron/dhcp/af9faadd-2cef-4694-9b73-24925cab564c/opts
Oct 17 07:30:23.552407 podb-esxi207 dnsmasq[1845809]: read /opt/stack/data/neutron/dhcp/c8391af4-2c91-4fd7-a767-a88649d41ea1/addn_hosts - 2 names
Oct 17 07:30:23.552478 podb-esxi207 dnsmasq-dhcp[1845809]: read /opt/stack/data/neutron/dhcp/c8391af4-2c91-4fd7-a767-a88649d41ea1/host
Oct 17 07:30:23.552556 podb-esxi207 dnsmasq-dhcp[1845809]: read /opt/stack/data/neutron/dhcp/c8391af4-2c91-4fd7-a767-a88649d41ea1/opts
Oct 17 07:30:24.277782 podb-esxi207 dnsmasq[1845448]: read /opt/stack/data/neutron/dhcp/4795966b-f603-435b-b46e-c6f7740dd419/addn_hosts - 2 names
Oct 17 07:30:24.277853 podb-esxi207 dnsmasq-dhcp[1845448]: read /opt/stack/data/neutron/dhcp/4795966b-f603-435b-b46e-c6f7740dd419/host
Oct 17 07:30:24.277921 podb-esxi207 dnsmasq-dhcp[1845448]: read /opt/stack/data/neutron/dhcp/4795966b-f603-435b-b46e-c6f7740dd419/opts
Oct 17 07:30:25.019015 podb-esxi207 dnsmasq[1845193]: read /opt/stack/data/neutron/dhcp/af9faadd-2cef-4694-9b73-24925cab564c/addn_hosts - 4 names
Oct 17 07:30:25.019106 podb-esxi207 dnsmasq-dhcp[1845193]: read /opt/stack/data/neutron/dhcp/af9faadd-2cef-4694-9b73-24925cab564c/host
Oct 17 07:30:25.019221 podb-esxi207 dnsmasq-dhcp[1845193]: read /opt/stack/data/neutron/dhcp/af9faadd-2cef-4694-9b73-24925cab564c/opts
Oct 17 07:30:26.249862 podb-esxi207 dnsmasq[1845809]: read /opt/stack/data/neutron/dhcp/c8391af4-2c91-4fd7-a767-a88649d41ea1/addn_hosts - 2 names
Oct 17 07:30:26.249987 podb-esxi207 dnsmasq-dhcp[1845809]: read /opt/stack/data/neutron/dhcp/c8391af4-2c91-4fd7-a767-a88649d41ea1/host
Oct 17 07:30:26.250087 podb-esxi207 dnsmasq-dhcp[1845809]: read /opt/stack/data/neutron/dhcp/c8391af4-2c91-4fd7-a767-a88649d41ea1/opts
Oct 17 07:30:35.757946 podb-esxi207 dnsmasq-dhcp[1841519]: DHCPRELEASE(tap7485cdf6-44) 10.1.1.106 fa:16:3e:41:5e:0e
Oct 17 07:30:35.773513 podb-esxi207 dnsmasq-dhcp[1841519]: DHCPRELEASE(tap7485cdf6-44) 10.1.1.106 fa:16:3e:41:5e:0e unknown lease
Oct 17 07:30:36.596920 podb-esxi207 dnsmasq[1841519]: read /opt/stack/data/neutron/dhcp/338e3aaf-b223-4515-aba8-5cd59d5fb103/addn_hosts - 6 names
Oct 17 07:30:36.597069 podb-esxi207 dnsmasq-dhcp[1841519]: read /opt/stack/data/neutron/dhcp/338e3aaf-b223-4515-aba8-5cd59d5fb103/host
Oct 17 07:30:36.597158 podb-esxi207 dnsmasq-dhcp[1841519]: read /opt/stack/data/neutron/dhcp/338e3aaf-b223-4515-aba8-5cd59d5fb103/opts
Oct 17 07:30:36.849928 podb-esxi207 dnsmasq-dhcp[1841605]: DHCPRELEASE(tapb359aafe-51) 10.2.2.200 fa:16:3e:46:2c:7e
Oct 17 07:30:36.866384 podb-esxi207 dnsmasq-dhcp[1841605]: DHCPRELEASE(tapb359aafe-51) 10.2.2.200 fa:16:3e:46:2c:7e unknown lease
Oct 17 07:30:37.688888 podb-esxi207 dnsmasq[1841605]: read /opt/stack/data/neutron/dhcp/91e37988-b4e5-4652-a3c8-1fa76fda3384/addn_hosts - 2 names
Oct 17 07:30:37.688972 podb-esxi207 dnsmasq-dhcp[1841605]: read /opt/stack/data/neutron/dhcp/91e37988-b4e5-4652-a3c8-1fa76fda3384/host
Oct 17 07:30:37.689021 podb-esxi207 dnsmasq-dhcp[1841605]: read /opt/stack/data/neutron/dhcp/91e37988-b4e5-4652-a3c8-1fa76fda3384/opts
Oct 17 07:30:37.923568 podb-esxi207 dnsmasq-dhcp[1841519]: DHCPRELEASE(tap7485cdf6-44) 10.1.1.90 fa:16:3e:ec:d6:c5
Oct 17 07:30:37.939055 podb-esxi207 dnsmasq-dhcp[1841519]: DHCPRELEASE(tap7485cdf6-44) 10.1.1.90 fa:16:3e:ec:d6:c5 unknown lease
Oct 17 07:30:38.763191 podb-esxi207 dnsmasq[1841519]: read /opt/stack/data/neutron/dhcp/338e3aaf-b223-4515-aba8-5cd59d5fb103/addn_hosts - 4 names
Oct 17 07:30:38.763295 podb-esxi207 dnsmasq-dhcp[1841519]: read /opt/stack/data/neutron/dhcp/338e3aaf-b223-4515-aba8-5cd59d5fb103/host
Oct 17 07:30:38.763386 podb-esxi207 dnsmasq-dhcp[1841519]: read /opt/stack/data/neutron/dhcp/338e3aaf-b223-4515-aba8-5cd59d5fb103/opts
Oct 17 07:30:38.985713 podb-esxi207 dnsmasq-dhcp[1839043]: DHCPRELEASE(tapa1e06959-d7) 10.1.0.9 fa:16:3e:77:2a:0a
Oct 17 07:30:39.001174 podb-esxi207 dnsmasq-dhcp[1839043]: DHCPRELEASE(tapa1e06959-d7) 10.1.0.9 fa:16:3e:77:2a:0a unknown lease
Oct 17 07:30:39.823835 podb-esxi207 dnsmasq[1839043]: read /opt/stack/data/neutron/dhcp/23548f4f-5325-459b-8791-c2d53880edfc/addn_hosts - 2 names
Oct 17 07:30:39.823947 podb-esxi207 dnsmasq-dhcp[1839043]: read /opt/stack/data/neutron/dhcp/23548f4f-5325-459b-8791-c2d53880edfc/host
Oct 17 07:30:39.824053 podb-esxi207 dnsmasq-dhcp[1839043]: read /opt/stack/data/neutron/dhcp/23548f4f-5325-459b-8791-c2d53880edfc/opts
Oct 17 07:30:40.073113 podb-esxi207 dnsmasq-dhcp[1841605]: DHCPRELEASE(tapb359aafe-51) 10.2.2.100 fa:16:3e:d1:91:5e
Oct 17 07:30:40.087441 podb-esxi207 dnsmasq-dhcp[1841605]: DHCPRELEASE(tapb359aafe-51) 10.2.2.100 fa:16:3e:d1:91:5e unknown lease
Oct 17 07:30:40.910068 podb-esxi207 dnsmasq[1841605]: read /opt/stack/data/neutron/dhcp/91e37988-b4e5-4652-a3c8-1fa76fda3384/addn_hosts - 0 names
Oct 17 07:30:40.910125 podb-esxi207 dnsmasq-dhcp[1841605]: read /opt/stack/data/neutron/dhcp/91e37988-b4e5-4652-a3c8-1fa76fda3384/host
Oct 17 07:30:40.910181 podb-esxi207 dnsmasq-dhcp[1841605]: read /opt/stack/data/neutron/dhcp/91e37988-b4e5-4652-a3c8-1fa76fda3384/opts
Oct 17 07:30:43.356179 podb-esxi207 dnsmasq-dhcp[1842381]: DHCPRELEASE(tap98613334-54) 10.1.0.14 fa:16:3e:47:43:66
Oct 17 07:30:43.371682 podb-esxi207 dnsmasq-dhcp[1842381]: DHCPRELEASE(tap98613334-54) 10.1.0.14 fa:16:3e:47:43:66 unknown lease
Oct 17 07:30:44.194500 podb-esxi207 dnsmasq[1842381]: read /opt/stack/data/neutron/dhcp/f15f5588-e278-4a4b-98f1-d3eb883e918f/addn_hosts - 2 names
Oct 17 07:30:44.194790 podb-esxi207 dnsmasq-dhcp[1842381]: read /opt/stack/data/neutron/dhcp/f15f5588-e278-4a4b-98f1-d3eb883e918f/host
Oct 17 07:30:44.194860 podb-esxi207 dnsmasq-dhcp[1842381]: read /opt/stack/data/neutron/dhcp/f15f5588-e278-4a4b-98f1-d3eb883e918f/opts
Oct 17 07:30:45.562473 podb-esxi207 dnsmasq[1845193]: read /opt/stack/data/neutron/dhcp/af9faadd-2cef-4694-9b73-24925cab564c/addn_hosts - 2 names
Oct 17 07:30:45.562576 podb-esxi207 dnsmasq-dhcp[1845193]: read /opt/stack/data/neutron/dhcp/af9faadd-2cef-4694-9b73-24925cab564c/host
Oct 17 07:30:45.562676 podb-esxi207 dnsmasq-dhcp[1845193]: read /opt/stack/data/neutron/dhcp/af9faadd-2cef-4694-9b73-24925cab564c/opts
Oct 17 07:30:50.118481 podb-esxi207 dnsmasq[1845193]: read /opt/stack/data/neutron/dhcp/af9faadd-2cef-4694-9b73-24925cab564c/addn_hosts - 0 names
Oct 17 07:30:50.118560 podb-esxi207 dnsmasq-dhcp[1845193]: read /opt/stack/data/neutron/dhcp/af9faadd-2cef-4694-9b73-24925cab564c/host
Oct 17 07:30:50.118630 podb-esxi207 dnsmasq-dhcp[1845193]: read /opt/stack/data/neutron/dhcp/af9faadd-2cef-4694-9b73-24925cab564c/opts
Oct 17 07:30:51.102805 podb-esxi207 dnsmasq[1845193]: exiting on receipt of SIGTERM
Oct 17 07:30:52.226089 podb-esxi207 dnsmasq[1845448]: read /opt/stack/data/neutron/dhcp/4795966b-f603-435b-b46e-c6f7740dd419/addn_hosts - 0 names
Oct 17 07:30:52.226164 podb-esxi207 dnsmasq-dhcp[1845448]: read /opt/stack/data/neutron/dhcp/4795966b-f603-435b-b46e-c6f7740dd419/host
Oct 17 07:30:52.226252 podb-esxi207 dnsmasq-dhcp[1845448]: read /opt/stack/data/neutron/dhcp/4795966b-f603-435b-b46e-c6f7740dd419/opts
Oct 17 07:30:53.149633 podb-esxi207 dnsmasq[1845448]: exiting on receipt of SIGTERM
Oct 17 07:30:54.267387 podb-esxi207 dnsmasq[1842381]: read /opt/stack/data/neutron/dhcp/f15f5588-e278-4a4b-98f1-d3eb883e918f/addn_hosts - 0 names
Oct 17 07:30:54.267514 podb-esxi207 dnsmasq-dhcp[1842381]: read /opt/stack/data/neutron/dhcp/f15f5588-e278-4a4b-98f1-d3eb883e918f/host
Oct 17 07:30:54.267619 podb-esxi207 dnsmasq-dhcp[1842381]: read /opt/stack/data/neutron/dhcp/f15f5588-e278-4a4b-98f1-d3eb883e918f/opts
Oct 17 07:30:54.520459 podb-esxi207 dnsmasq-dhcp[1845809]: DHCPRELEASE(tapcb7e6d12-72) 10.1.0.1 fa:16:3e:79:c0:8f
Oct 17 07:30:55.345755 podb-esxi207 dnsmasq[1845809]: read /opt/stack/data/neutron/dhcp/c8391af4-2c91-4fd7-a767-a88649d41ea1/addn_hosts - 0 names
Oct 17 07:30:55.345821 podb-esxi207 dnsmasq-dhcp[1845809]: read /opt/stack/data/neutron/dhcp/c8391af4-2c91-4fd7-a767-a88649d41ea1/host
Oct 17 07:30:55.345903 podb-esxi207 dnsmasq-dhcp[1845809]: read /opt/stack/data/neutron/dhcp/c8391af4-2c91-4fd7-a767-a88649d41ea1/opts
Oct 17 07:30:56.152694 podb-esxi207 dnsmasq[1842658]: read /opt/stack/data/neutron/dhcp/41a7d51a-9f10-4b2c-b692-bdf6a9b59408/addn_hosts - 0 names
Oct 17 07:30:56.152769 podb-esxi207 dnsmasq-dhcp[1842658]: read /opt/stack/data/neutron/dhcp/41a7d51a-9f10-4b2c-b692-bdf6a9b59408/host
Oct 17 07:30:56.152828 podb-esxi207 dnsmasq-dhcp[1842658]: read /opt/stack/data/neutron/dhcp/41a7d51a-9f10-4b2c-b692-bdf6a9b59408/opts
Oct 17 07:30:56.407164 podb-esxi207 dnsmasq[1845809]: exiting on receipt of SIGTERM
Oct 17 07:30:57.099199 podb-esxi207 dnsmasq[1842381]: exiting on receipt of SIGTERM
Oct 17 07:30:57.794837 podb-esxi207 dnsmasq[1842658]: exiting on receipt of SIGTERM
Oct 17 07:31:01.052133 podb-esxi207 dnsmasq[1847492]: started, version 2.90 cachesize 150
Oct 17 07:31:01.052163 podb-esxi207 dnsmasq[1847492]: DNS service limited to local subnets
Oct 17 07:31:01.052179 podb-esxi207 dnsmasq[1847492]: compile time options: IPv6 GNU-getopt DBus no-UBus i18n IDN2 DHCP DHCPv6 no-Lua TFTP conntrack ipset no-nftset auth cryptohash DNSSEC loop-detect inotify dumpfile
Oct 17 07:31:01.052215 podb-esxi207 dnsmasq-dhcp[1847492]: DHCP, static leases only on 10.1.0.0, lease time 1d
Oct 17 07:31:01.052380 podb-esxi207 dnsmasq[1847492]: reading /etc/resolv.conf
Oct 17 07:31:01.052397 podb-esxi207 dnsmasq[1847492]: using nameserver 127.0.0.53#53
Oct 17 07:31:01.052477 podb-esxi207 dnsmasq[1847492]: read /opt/stack/data/neutron/dhcp/ca3c214e-eb77-452c-93cc-141fcead5fa8/addn_hosts - 0 names
Oct 17 07:31:01.052534 podb-esxi207 dnsmasq-dhcp[1847492]: read /opt/stack/data/neutron/dhcp/ca3c214e-eb77-452c-93cc-141fcead5fa8/host
Oct 17 07:31:01.052612 podb-esxi207 dnsmasq-dhcp[1847492]: read /opt/stack/data/neutron/dhcp/ca3c214e-eb77-452c-93cc-141fcead5fa8/opts
Oct 17 07:31:04.862125 podb-esxi207 dnsmasq[1847953]: started, version 2.90 cachesize 150
Oct 17 07:31:04.862148 podb-esxi207 dnsmasq[1847953]: DNS service limited to local subnets
Oct 17 07:31:04.862163 podb-esxi207 dnsmasq[1847953]: compile time options: IPv6 GNU-getopt DBus no-UBus i18n IDN2 DHCP DHCPv6 no-Lua TFTP conntrack ipset no-nftset auth cryptohash DNSSEC loop-detect inotify dumpfile
Oct 17 07:31:04.862207 podb-esxi207 dnsmasq-dhcp[1847953]: DHCP, static leases only on 10.1.0.0, lease time 1d
Oct 17 07:31:04.862378 podb-esxi207 dnsmasq[1847953]: reading /etc/resolv.conf
Oct 17 07:31:04.862395 podb-esxi207 dnsmasq[1847953]: using nameserver 127.0.0.53#53
Oct 17 07:31:04.862510 podb-esxi207 dnsmasq[1847953]: read /opt/stack/data/neutron/dhcp/4794cdda-eb8c-4a05-bd36-f22f7f1cf967/addn_hosts - 2 names
Oct 17 07:31:04.862567 podb-esxi207 dnsmasq-dhcp[1847953]: read /opt/stack/data/neutron/dhcp/4794cdda-eb8c-4a05-bd36-f22f7f1cf967/host
Oct 17 07:31:04.862643 podb-esxi207 dnsmasq-dhcp[1847953]: read /opt/stack/data/neutron/dhcp/4794cdda-eb8c-4a05-bd36-f22f7f1cf967/opts
Oct 17 07:31:05.901337 podb-esxi207 dnsmasq[1847492]: read /opt/stack/data/neutron/dhcp/ca3c214e-eb77-452c-93cc-141fcead5fa8/addn_hosts - 2 names
Oct 17 07:31:05.901466 podb-esxi207 dnsmasq-dhcp[1847492]: read /opt/stack/data/neutron/dhcp/ca3c214e-eb77-452c-93cc-141fcead5fa8/host
Oct 17 07:31:05.901579 podb-esxi207 dnsmasq-dhcp[1847492]: read /opt/stack/data/neutron/dhcp/ca3c214e-eb77-452c-93cc-141fcead5fa8/opts
Oct 17 07:31:09.799301 podb-esxi207 dnsmasq[1848358]: started, version 2.90 cachesize 150
Oct 17 07:31:09.799331 podb-esxi207 dnsmasq[1848358]: DNS service limited to local subnets
Oct 17 07:31:09.799346 podb-esxi207 dnsmasq[1848358]: compile time options: IPv6 GNU-getopt DBus no-UBus i18n IDN2 DHCP DHCPv6 no-Lua TFTP conntrack ipset no-nftset auth cryptohash DNSSEC loop-detect inotify dumpfile
Oct 17 07:31:09.799383 podb-esxi207 dnsmasq-dhcp[1848358]: DHCP, static leases only on 10.1.0.0, lease time 1d
Oct 17 07:31:09.799536 podb-esxi207 dnsmasq[1848358]: reading /etc/resolv.conf
Oct 17 07:31:09.799552 podb-esxi207 dnsmasq[1848358]: using nameserver 127.0.0.53#53
Oct 17 07:31:09.799669 podb-esxi207 dnsmasq[1848358]: read /opt/stack/data/neutron/dhcp/76e368a0-d523-4859-b8da-ad01fb0f10d6/addn_hosts - 2 names
Oct 17 07:31:09.799725 podb-esxi207 dnsmasq-dhcp[1848358]: read /opt/stack/data/neutron/dhcp/76e368a0-d523-4859-b8da-ad01fb0f10d6/host
Oct 17 07:31:09.799792 podb-esxi207 dnsmasq-dhcp[1848358]: read /opt/stack/data/neutron/dhcp/76e368a0-d523-4859-b8da-ad01fb0f10d6/opts
Oct 17 07:31:10.840869 podb-esxi207 dnsmasq[1847953]: read /opt/stack/data/neutron/dhcp/4794cdda-eb8c-4a05-bd36-f22f7f1cf967/addn_hosts - 2 names
Oct 17 07:31:10.840985 podb-esxi207 dnsmasq-dhcp[1847953]: read /opt/stack/data/neutron/dhcp/4794cdda-eb8c-4a05-bd36-f22f7f1cf967/host
Oct 17 07:31:10.841088 podb-esxi207 dnsmasq-dhcp[1847953]: read /opt/stack/data/neutron/dhcp/4794cdda-eb8c-4a05-bd36-f22f7f1cf967/opts
Oct 17 07:31:14.199922 podb-esxi207 dnsmasq[1848535]: started, version 2.90 cachesize 150
Oct 17 07:31:14.199948 podb-esxi207 dnsmasq[1848535]: DNS service limited to local subnets
Oct 17 07:31:14.199963 podb-esxi207 dnsmasq[1848535]: compile time options: IPv6 GNU-getopt DBus no-UBus i18n IDN2 DHCP DHCPv6 no-Lua TFTP conntrack ipset no-nftset auth cryptohash DNSSEC loop-detect inotify dumpfile
Oct 17 07:31:14.199999 podb-esxi207 dnsmasq-dhcp[1848535]: DHCP, static leases only on 10.10.10.0, lease time 1d
Oct 17 07:31:14.200150 podb-esxi207 dnsmasq[1848535]: reading /etc/resolv.conf
Oct 17 07:31:14.200168 podb-esxi207 dnsmasq[1848535]: using nameserver 127.0.0.53#53
Oct 17 07:31:14.200397 podb-esxi207 dnsmasq[1848535]: read /opt/stack/data/neutron/dhcp/046d380b-3dd6-452d-bf92-682d194c0f0f/addn_hosts - 0 names
Oct 17 07:31:14.200452 podb-esxi207 dnsmasq-dhcp[1848535]: read /opt/stack/data/neutron/dhcp/046d380b-3dd6-452d-bf92-682d194c0f0f/host
Oct 17 07:31:14.200517 podb-esxi207 dnsmasq-dhcp[1848535]: read /opt/stack/data/neutron/dhcp/046d380b-3dd6-452d-bf92-682d194c0f0f/opts
Oct 17 07:31:14.734531 podb-esxi207 dnsmasq[1847492]: read /opt/stack/data/neutron/dhcp/ca3c214e-eb77-452c-93cc-141fcead5fa8/addn_hosts - 2 names
Oct 17 07:31:14.734625 podb-esxi207 dnsmasq-dhcp[1847492]: read /opt/stack/data/neutron/dhcp/ca3c214e-eb77-452c-93cc-141fcead5fa8/host
Oct 17 07:31:14.734696 podb-esxi207 dnsmasq-dhcp[1847492]: read /opt/stack/data/neutron/dhcp/ca3c214e-eb77-452c-93cc-141fcead5fa8/opts
Oct 17 07:31:16.493179 podb-esxi207 dnsmasq[1848358]: read /opt/stack/data/neutron/dhcp/76e368a0-d523-4859-b8da-ad01fb0f10d6/addn_hosts - 2 names
Oct 17 07:31:16.493273 podb-esxi207 dnsmasq-dhcp[1848358]: read /opt/stack/data/neutron/dhcp/76e368a0-d523-4859-b8da-ad01fb0f10d6/host
Oct 17 07:31:16.493368 podb-esxi207 dnsmasq-dhcp[1848358]: read /opt/stack/data/neutron/dhcp/76e368a0-d523-4859-b8da-ad01fb0f10d6/opts
Oct 17 07:31:17.231960 podb-esxi207 dnsmasq[1847953]: read /opt/stack/data/neutron/dhcp/4794cdda-eb8c-4a05-bd36-f22f7f1cf967/addn_hosts - 2 names
Oct 17 07:31:17.232055 podb-esxi207 dnsmasq-dhcp[1847953]: read /opt/stack/data/neutron/dhcp/4794cdda-eb8c-4a05-bd36-f22f7f1cf967/host
Oct 17 07:31:17.232165 podb-esxi207 dnsmasq-dhcp[1847953]: read /opt/stack/data/neutron/dhcp/4794cdda-eb8c-4a05-bd36-f22f7f1cf967/opts
Oct 17 07:31:18.496157 podb-esxi207 dnsmasq[1848535]: read /opt/stack/data/neutron/dhcp/046d380b-3dd6-452d-bf92-682d194c0f0f/addn_hosts - 0 names
Oct 17 07:31:18.496269 podb-esxi207 dnsmasq-dhcp[1848535]: read /opt/stack/data/neutron/dhcp/046d380b-3dd6-452d-bf92-682d194c0f0f/host
Oct 17 07:31:18.496367 podb-esxi207 dnsmasq-dhcp[1848535]: read /opt/stack/data/neutron/dhcp/046d380b-3dd6-452d-bf92-682d194c0f0f/opts
Oct 17 07:31:19.251930 podb-esxi207 dnsmasq[1847492]: read /opt/stack/data/neutron/dhcp/ca3c214e-eb77-452c-93cc-141fcead5fa8/addn_hosts - 2 names
Oct 17 07:31:19.252051 podb-esxi207 dnsmasq-dhcp[1847492]: read /opt/stack/data/neutron/dhcp/ca3c214e-eb77-452c-93cc-141fcead5fa8/host
Oct 17 07:31:19.252161 podb-esxi207 dnsmasq-dhcp[1847492]: read /opt/stack/data/neutron/dhcp/ca3c214e-eb77-452c-93cc-141fcead5fa8/opts
Oct 17 07:31:19.504817 podb-esxi207 dnsmasq-dhcp[1841519]: DHCPRELEASE(tap7485cdf6-44) 10.1.1.167 fa:16:3e:cc:55:9b
Oct 17 07:31:19.523974 podb-esxi207 dnsmasq-dhcp[1841519]: DHCPRELEASE(tap7485cdf6-44) 10.1.1.167 fa:16:3e:cc:55:9b unknown lease
Oct 17 07:31:20.348941 podb-esxi207 dnsmasq[1841519]: read /opt/stack/data/neutron/dhcp/338e3aaf-b223-4515-aba8-5cd59d5fb103/addn_hosts - 2 names
Oct 17 07:31:20.349068 podb-esxi207 dnsmasq-dhcp[1841519]: read /opt/stack/data/neutron/dhcp/338e3aaf-b223-4515-aba8-5cd59d5fb103/host
Oct 17 07:31:20.349160 podb-esxi207 dnsmasq-dhcp[1841519]: read /opt/stack/data/neutron/dhcp/338e3aaf-b223-4515-aba8-5cd59d5fb103/opts
Oct 17 07:31:22.103555 podb-esxi207 dnsmasq[1848358]: read /opt/stack/data/neutron/dhcp/76e368a0-d523-4859-b8da-ad01fb0f10d6/addn_hosts - 2 names
Oct 17 07:31:22.103633 podb-esxi207 dnsmasq-dhcp[1848358]: read /opt/stack/data/neutron/dhcp/76e368a0-d523-4859-b8da-ad01fb0f10d6/host
Oct 17 07:31:22.103753 podb-esxi207 dnsmasq-dhcp[1848358]: read /opt/stack/data/neutron/dhcp/76e368a0-d523-4859-b8da-ad01fb0f10d6/opts
Oct 17 07:31:22.783871 podb-esxi207 dnsmasq[1847953]: read /opt/stack/data/neutron/dhcp/4794cdda-eb8c-4a05-bd36-f22f7f1cf967/addn_hosts - 2 names
Oct 17 07:31:22.783956 podb-esxi207 dnsmasq-dhcp[1847953]: read /opt/stack/data/neutron/dhcp/4794cdda-eb8c-4a05-bd36-f22f7f1cf967/host
Oct 17 07:31:22.784058 podb-esxi207 dnsmasq-dhcp[1847953]: read /opt/stack/data/neutron/dhcp/4794cdda-eb8c-4a05-bd36-f22f7f1cf967/opts
Oct 17 07:31:23.462175 podb-esxi207 dnsmasq[1847492]: read /opt/stack/data/neutron/dhcp/ca3c214e-eb77-452c-93cc-141fcead5fa8/addn_hosts - 4 names
Oct 17 07:31:23.462263 podb-esxi207 dnsmasq-dhcp[1847492]: read /opt/stack/data/neutron/dhcp/ca3c214e-eb77-452c-93cc-141fcead5fa8/host
Oct 17 07:31:23.462370 podb-esxi207 dnsmasq-dhcp[1847492]: read /opt/stack/data/neutron/dhcp/ca3c214e-eb77-452c-93cc-141fcead5fa8/opts
Oct 17 07:31:23.639182 podb-esxi207 dnsmasq[1841519]: exiting on receipt of SIGTERM
Oct 17 07:31:24.747101 podb-esxi207 dnsmasq[1841605]: exiting on receipt of SIGTERM
Oct 17 07:31:25.847662 podb-esxi207 dnsmasq[1848358]: read /opt/stack/data/neutron/dhcp/76e368a0-d523-4859-b8da-ad01fb0f10d6/addn_hosts - 2 names
Oct 17 07:31:25.847738 podb-esxi207 dnsmasq-dhcp[1848358]: read /opt/stack/data/neutron/dhcp/76e368a0-d523-4859-b8da-ad01fb0f10d6/host
Oct 17 07:31:25.847808 podb-esxi207 dnsmasq-dhcp[1848358]: read /opt/stack/data/neutron/dhcp/76e368a0-d523-4859-b8da-ad01fb0f10d6/opts
Oct 17 07:31:26.535455 podb-esxi207 dnsmasq[1847953]: read /opt/stack/data/neutron/dhcp/4794cdda-eb8c-4a05-bd36-f22f7f1cf967/addn_hosts - 4 names
Oct 17 07:31:26.535565 podb-esxi207 dnsmasq-dhcp[1847953]: read /opt/stack/data/neutron/dhcp/4794cdda-eb8c-4a05-bd36-f22f7f1cf967/host
Oct 17 07:31:26.535662 podb-esxi207 dnsmasq-dhcp[1847953]: read /opt/stack/data/neutron/dhcp/4794cdda-eb8c-4a05-bd36-f22f7f1cf967/opts
Oct 17 07:31:27.227410 podb-esxi207 dnsmasq[1844667]: read /opt/stack/data/neutron/dhcp/78b915e8-7c4a-46a2-8f47-3becdb9ecea4/addn_hosts - 8 names
Oct 17 07:31:27.227549 podb-esxi207 dnsmasq-dhcp[1844667]: read /opt/stack/data/neutron/dhcp/78b915e8-7c4a-46a2-8f47-3becdb9ecea4/host
Oct 17 07:31:27.227650 podb-esxi207 dnsmasq-dhcp[1844667]: read /opt/stack/data/neutron/dhcp/78b915e8-7c4a-46a2-8f47-3becdb9ecea4/opts
Oct 17 07:31:32.785529 podb-esxi207 dnsmasq-dhcp[1847492]: DHCPDISCOVER(tapd06d8020-56) fa:16:3e:af:07:ad
Oct 17 07:31:32.785554 podb-esxi207 dnsmasq-dhcp[1847492]: DHCPOFFER(tapd06d8020-56) 10.1.0.10 fa:16:3e:af:07:ad
Oct 17 07:31:32.796256 podb-esxi207 dnsmasq-dhcp[1847492]: DHCPREQUEST(tapd06d8020-56) 10.1.0.10 fa:16:3e:af:07:ad
Oct 17 07:31:32.796285 podb-esxi207 dnsmasq-dhcp[1847492]: DHCPACK(tapd06d8020-56) 10.1.0.10 fa:16:3e:af:07:ad host-10-1-0-10
Oct 17 07:31:43.704576 podb-esxi207 dnsmasq-dhcp[1847953]: DHCPDISCOVER(tap613c4eae-dd) fa:16:3e:a5:da:96
Oct 17 07:31:43.704600 podb-esxi207 dnsmasq-dhcp[1847953]: DHCPOFFER(tap613c4eae-dd) 10.1.0.13 fa:16:3e:a5:da:96
Oct 17 07:31:43.718343 podb-esxi207 dnsmasq-dhcp[1847953]: DHCPREQUEST(tap613c4eae-dd) 10.1.0.13 fa:16:3e:a5:da:96
Oct 17 07:31:43.718374 podb-esxi207 dnsmasq-dhcp[1847953]: DHCPACK(tap613c4eae-dd) 10.1.0.13 fa:16:3e:a5:da:96 host-10-1-0-13
Oct 17 07:31:44.958831 podb-esxi207 dnsmasq[1844667]: read /opt/stack/data/neutron/dhcp/78b915e8-7c4a-46a2-8f47-3becdb9ecea4/addn_hosts - 10 names
Oct 17 07:31:44.958934 podb-esxi207 dnsmasq-dhcp[1844667]: read /opt/stack/data/neutron/dhcp/78b915e8-7c4a-46a2-8f47-3becdb9ecea4/host
Oct 17 07:31:44.959009 podb-esxi207 dnsmasq-dhcp[1844667]: read /opt/stack/data/neutron/dhcp/78b915e8-7c4a-46a2-8f47-3becdb9ecea4/opts
Oct 17 07:31:46.456978 podb-esxi207 dnsmasq-dhcp[1844667]: DHCPDISCOVER(tap6df09eac-cb) fa:16:3e:53:f7:41
Oct 17 07:31:46.457010 podb-esxi207 dnsmasq-dhcp[1844667]: DHCPOFFER(tap6df09eac-cb) 10.1.0.14 fa:16:3e:53:f7:41
Oct 17 07:31:46.468117 podb-esxi207 dnsmasq-dhcp[1844667]: DHCPREQUEST(tap6df09eac-cb) 10.1.0.14 fa:16:3e:53:f7:41
Oct 17 07:31:46.468148 podb-esxi207 dnsmasq-dhcp[1844667]: DHCPACK(tap6df09eac-cb) 10.1.0.14 fa:16:3e:53:f7:41 host-10-1-0-14
Oct 17 07:31:49.472287 podb-esxi207 dnsmasq[1839043]: read /opt/stack/data/neutron/dhcp/23548f4f-5325-459b-8791-c2d53880edfc/addn_hosts - 0 names
Oct 17 07:31:49.472362 podb-esxi207 dnsmasq-dhcp[1839043]: read /opt/stack/data/neutron/dhcp/23548f4f-5325-459b-8791-c2d53880edfc/host
Oct 17 07:31:49.472436 podb-esxi207 dnsmasq-dhcp[1839043]: read /opt/stack/data/neutron/dhcp/23548f4f-5325-459b-8791-c2d53880edfc/opts
Oct 17 07:31:50.417988 podb-esxi207 dnsmasq[1839043]: exiting on receipt of SIGTERM
Oct 17 07:31:51.026711 podb-esxi207 dnsmasq-dhcp[1839915]: DHCPRELEASE(tap30018ed8-44) 10.1.0.1 fa:16:3e:6c:02:23
Oct 17 07:31:51.851125 podb-esxi207 dnsmasq[1839915]: read /opt/stack/data/neutron/dhcp/9d10a8be-d8b7-421a-b398-eb91af28bce5/addn_hosts - 0 names
Oct 17 07:31:51.851247 podb-esxi207 dnsmasq-dhcp[1839915]: read /opt/stack/data/neutron/dhcp/9d10a8be-d8b7-421a-b398-eb91af28bce5/host
Oct 17 07:31:51.851350 podb-esxi207 dnsmasq-dhcp[1839915]: read /opt/stack/data/neutron/dhcp/9d10a8be-d8b7-421a-b398-eb91af28bce5/opts
Oct 17 07:31:52.636044 podb-esxi207 dnsmasq[1848535]: read /opt/stack/data/neutron/dhcp/046d380b-3dd6-452d-bf92-682d194c0f0f/addn_hosts - 2 names
Oct 17 07:31:52.636161 podb-esxi207 dnsmasq-dhcp[1848535]: read /opt/stack/data/neutron/dhcp/046d380b-3dd6-452d-bf92-682d194c0f0f/host
Oct 17 07:31:52.636255 podb-esxi207 dnsmasq-dhcp[1848535]: read /opt/stack/data/neutron/dhcp/046d380b-3dd6-452d-bf92-682d194c0f0f/opts
Oct 17 07:31:53.890347 podb-esxi207 dnsmasq[1839915]: exiting on receipt of SIGTERM
Oct 17 07:31:57.190794 podb-esxi207 dnsmasq[1849679]: started, version 2.90 cachesize 150
Oct 17 07:31:57.190823 podb-esxi207 dnsmasq[1849679]: DNS service limited to local subnets
Oct 17 07:31:57.190838 podb-esxi207 dnsmasq[1849679]: compile time options: IPv6 GNU-getopt DBus no-UBus i18n IDN2 DHCP DHCPv6 no-Lua TFTP conntrack ipset no-nftset auth cryptohash DNSSEC loop-detect inotify dumpfile
Oct 17 07:31:57.190879 podb-esxi207 dnsmasq-dhcp[1849679]: DHCP, static leases only on 10.1.0.0, lease time 1d
Oct 17 07:31:57.191037 podb-esxi207 dnsmasq[1849679]: reading /etc/resolv.conf
Oct 17 07:31:57.191054 podb-esxi207 dnsmasq[1849679]: using nameserver 127.0.0.53#53
Oct 17 07:31:57.191145 podb-esxi207 dnsmasq[1849679]: read /opt/stack/data/neutron/dhcp/7213bde3-c657-4c25-87f9-1e03793a56ac/addn_hosts - 0 names
Oct 17 07:31:57.191196 podb-esxi207 dnsmasq-dhcp[1849679]: read /opt/stack/data/neutron/dhcp/7213bde3-c657-4c25-87f9-1e03793a56ac/host
Oct 17 07:31:57.191253 podb-esxi207 dnsmasq-dhcp[1849679]: read /opt/stack/data/neutron/dhcp/7213bde3-c657-4c25-87f9-1e03793a56ac/opts
Oct 17 07:31:58.455298 podb-esxi207 dnsmasq-dhcp[1848535]: DHCPDISCOVER(tap5ccd7e58-73) fa:16:3e:58:90:08
Oct 17 07:31:58.455329 podb-esxi207 dnsmasq-dhcp[1848535]: DHCPOFFER(tap5ccd7e58-73) 10.10.10.77 fa:16:3e:58:90:08
Oct 17 07:31:58.463326 podb-esxi207 dnsmasq-dhcp[1848535]: DHCPREQUEST(tap5ccd7e58-73) 10.10.10.77 fa:16:3e:58:90:08
Oct 17 07:31:58.463359 podb-esxi207 dnsmasq-dhcp[1848535]: DHCPACK(tap5ccd7e58-73) 10.10.10.77 fa:16:3e:58:90:08 host-10-10-10-77
Oct 17 07:31:58.735163 podb-esxi207 dnsmasq[1849679]: read /opt/stack/data/neutron/dhcp/7213bde3-c657-4c25-87f9-1e03793a56ac/addn_hosts - 2 names
Oct 17 07:31:58.735256 podb-esxi207 dnsmasq-dhcp[1849679]: read /opt/stack/data/neutron/dhcp/7213bde3-c657-4c25-87f9-1e03793a56ac/host
Oct 17 07:31:58.735334 podb-esxi207 dnsmasq-dhcp[1849679]: read /opt/stack/data/neutron/dhcp/7213bde3-c657-4c25-87f9-1e03793a56ac/opts
Oct 17 07:32:00.009903 podb-esxi207 dnsmasq[1849679]: read /opt/stack/data/neutron/dhcp/7213bde3-c657-4c25-87f9-1e03793a56ac/addn_hosts - 2 names
Oct 17 07:32:00.009995 podb-esxi207 dnsmasq-dhcp[1849679]: read /opt/stack/data/neutron/dhcp/7213bde3-c657-4c25-87f9-1e03793a56ac/host
Oct 17 07:32:00.010115 podb-esxi207 dnsmasq-dhcp[1849679]: read /opt/stack/data/neutron/dhcp/7213bde3-c657-4c25-87f9-1e03793a56ac/opts
Oct 17 07:32:01.282007 podb-esxi207 dnsmasq[1849679]: read /opt/stack/data/neutron/dhcp/7213bde3-c657-4c25-87f9-1e03793a56ac/addn_hosts - 2 names
Oct 17 07:32:01.282120 podb-esxi207 dnsmasq-dhcp[1849679]: read /opt/stack/data/neutron/dhcp/7213bde3-c657-4c25-87f9-1e03793a56ac/host
Oct 17 07:32:01.282226 podb-esxi207 dnsmasq-dhcp[1849679]: read /opt/stack/data/neutron/dhcp/7213bde3-c657-4c25-87f9-1e03793a56ac/opts
Oct 17 07:32:02.680113 podb-esxi207 dnsmasq[1849679]: read /opt/stack/data/neutron/dhcp/7213bde3-c657-4c25-87f9-1e03793a56ac/addn_hosts - 4 names
Oct 17 07:32:02.680254 podb-esxi207 dnsmasq-dhcp[1849679]: read /opt/stack/data/neutron/dhcp/7213bde3-c657-4c25-87f9-1e03793a56ac/host
Oct 17 07:32:02.680361 podb-esxi207 dnsmasq-dhcp[1849679]: read /opt/stack/data/neutron/dhcp/7213bde3-c657-4c25-87f9-1e03793a56ac/opts
Oct 17 07:32:05.010159 podb-esxi207 dnsmasq[1849679]: read /opt/stack/data/neutron/dhcp/7213bde3-c657-4c25-87f9-1e03793a56ac/addn_hosts - 6 names
Oct 17 07:32:05.010256 podb-esxi207 dnsmasq-dhcp[1849679]: read /opt/stack/data/neutron/dhcp/7213bde3-c657-4c25-87f9-1e03793a56ac/host
Oct 17 07:32:05.010350 podb-esxi207 dnsmasq-dhcp[1849679]: read /opt/stack/data/neutron/dhcp/7213bde3-c657-4c25-87f9-1e03793a56ac/opts
Oct 17 07:32:14.234118 podb-esxi207 dnsmasq[1847492]: read /opt/stack/data/neutron/dhcp/ca3c214e-eb77-452c-93cc-141fcead5fa8/addn_hosts - 6 names
Oct 17 07:32:14.234232 podb-esxi207 dnsmasq-dhcp[1847492]: read /opt/stack/data/neutron/dhcp/ca3c214e-eb77-452c-93cc-141fcead5fa8/host
Oct 17 07:32:14.234339 podb-esxi207 dnsmasq-dhcp[1847492]: read /opt/stack/data/neutron/dhcp/ca3c214e-eb77-452c-93cc-141fcead5fa8/opts
Oct 17 07:32:24.397521 podb-esxi207 dnsmasq-dhcp[1849679]: DHCPDISCOVER(tapeaf3cf86-25) fa:16:3e:fa:09:dd
Oct 17 07:32:24.397550 podb-esxi207 dnsmasq-dhcp[1849679]: DHCPOFFER(tapeaf3cf86-25) 10.1.0.10 fa:16:3e:fa:09:dd
Oct 17 07:32:24.407524 podb-esxi207 dnsmasq-dhcp[1849679]: DHCPREQUEST(tapeaf3cf86-25) 10.1.0.10 fa:16:3e:fa:09:dd
Oct 17 07:32:24.407552 podb-esxi207 dnsmasq-dhcp[1849679]: DHCPACK(tapeaf3cf86-25) 10.1.0.10 fa:16:3e:fa:09:dd host-10-1-0-10
Oct 17 07:32:37.382214 podb-esxi207 dnsmasq-dhcp[1847492]: DHCPDISCOVER(tapd06d8020-56) fa:16:3e:b2:e6:85
Oct 17 07:32:37.382244 podb-esxi207 dnsmasq-dhcp[1847492]: DHCPOFFER(tapd06d8020-56) 10.1.0.14 fa:16:3e:b2:e6:85
Oct 17 07:32:37.388850 podb-esxi207 dnsmasq-dhcp[1847492]: DHCPREQUEST(tapd06d8020-56) 10.1.0.14 fa:16:3e:b2:e6:85
Oct 17 07:32:37.388878 podb-esxi207 dnsmasq-dhcp[1847492]: DHCPACK(tapd06d8020-56) 10.1.0.14 fa:16:3e:b2:e6:85 host-10-1-0-14
Oct 17 07:32:40.862580 podb-esxi207 dnsmasq-dhcp[1849679]: DHCPDISCOVER(tapeaf3cf86-25) fa:16:3e:20:8d:77
Oct 17 07:32:40.862610 podb-esxi207 dnsmasq-dhcp[1849679]: DHCPOFFER(tapeaf3cf86-25) 10.1.0.6 fa:16:3e:20:8d:77
Oct 17 07:32:40.871890 podb-esxi207 dnsmasq-dhcp[1849679]: DHCPREQUEST(tapeaf3cf86-25) 10.1.0.6 fa:16:3e:20:8d:77
Oct 17 07:32:40.871919 podb-esxi207 dnsmasq-dhcp[1849679]: DHCPACK(tapeaf3cf86-25) 10.1.0.6 fa:16:3e:20:8d:77 host-10-1-0-6
Oct 17 07:33:00.692023 podb-esxi207 dnsmasq-dhcp[1849679]: DHCPDISCOVER(tapeaf3cf86-25) fa:16:3e:fa:09:dd
Oct 17 07:33:00.692051 podb-esxi207 dnsmasq-dhcp[1849679]: DHCPOFFER(tapeaf3cf86-25) 10.1.0.10 fa:16:3e:fa:09:dd
Oct 17 07:33:00.703320 podb-esxi207 dnsmasq-dhcp[1849679]: DHCPREQUEST(tapeaf3cf86-25) 10.1.0.10 fa:16:3e:fa:09:dd
Oct 17 07:33:00.703349 podb-esxi207 dnsmasq-dhcp[1849679]: DHCPACK(tapeaf3cf86-25) 10.1.0.10 fa:16:3e:fa:09:dd host-10-1-0-10
Oct 17 07:33:05.411853 podb-esxi207 dnsmasq[1849679]: read /opt/stack/data/neutron/dhcp/7213bde3-c657-4c25-87f9-1e03793a56ac/addn_hosts - 8 names
Oct 17 07:33:05.411959 podb-esxi207 dnsmasq-dhcp[1849679]: read /opt/stack/data/neutron/dhcp/7213bde3-c657-4c25-87f9-1e03793a56ac/host
Oct 17 07:33:05.412066 podb-esxi207 dnsmasq-dhcp[1849679]: read /opt/stack/data/neutron/dhcp/7213bde3-c657-4c25-87f9-1e03793a56ac/opts
Oct 17 07:33:09.848819 podb-esxi207 dnsmasq[1844667]: read /opt/stack/data/neutron/dhcp/78b915e8-7c4a-46a2-8f47-3becdb9ecea4/addn_hosts - 8 names
Oct 17 07:33:09.848964 podb-esxi207 dnsmasq-dhcp[1844667]: read /opt/stack/data/neutron/dhcp/78b915e8-7c4a-46a2-8f47-3becdb9ecea4/host
Oct 17 07:33:09.849072 podb-esxi207 dnsmasq-dhcp[1844667]: read /opt/stack/data/neutron/dhcp/78b915e8-7c4a-46a2-8f47-3becdb9ecea4/opts
Oct 17 07:33:10.981760 podb-esxi207 dnsmasq-dhcp[1848535]: DHCPRELEASE(tap5ccd7e58-73) 10.10.10.77 fa:16:3e:58:90:08
Oct 17 07:33:11.001389 podb-esxi207 dnsmasq-dhcp[1848535]: DHCPRELEASE(tap5ccd7e58-73) 10.10.10.77 fa:16:3e:58:90:08 unknown lease
Oct 17 07:33:11.819383 podb-esxi207 dnsmasq[1848535]: read /opt/stack/data/neutron/dhcp/046d380b-3dd6-452d-bf92-682d194c0f0f/addn_hosts - 0 names
Oct 17 07:33:11.819461 podb-esxi207 dnsmasq-dhcp[1848535]: read /opt/stack/data/neutron/dhcp/046d380b-3dd6-452d-bf92-682d194c0f0f/host
Oct 17 07:33:11.819513 podb-esxi207 dnsmasq-dhcp[1848535]: read /opt/stack/data/neutron/dhcp/046d380b-3dd6-452d-bf92-682d194c0f0f/opts
Oct 17 07:33:17.865449 podb-esxi207 dnsmasq-dhcp[1847953]: DHCPRELEASE(tap613c4eae-dd) 10.1.0.13 fa:16:3e:a5:da:96
Oct 17 07:33:17.881720 podb-esxi207 dnsmasq-dhcp[1847953]: DHCPRELEASE(tap613c4eae-dd) 10.1.0.13 fa:16:3e:a5:da:96 unknown lease
Oct 17 07:33:18.705549 podb-esxi207 dnsmasq[1847953]: read /opt/stack/data/neutron/dhcp/4794cdda-eb8c-4a05-bd36-f22f7f1cf967/addn_hosts - 2 names
Oct 17 07:33:18.705630 podb-esxi207 dnsmasq-dhcp[1847953]: read /opt/stack/data/neutron/dhcp/4794cdda-eb8c-4a05-bd36-f22f7f1cf967/host
Oct 17 07:33:18.705697 podb-esxi207 dnsmasq-dhcp[1847953]: read /opt/stack/data/neutron/dhcp/4794cdda-eb8c-4a05-bd36-f22f7f1cf967/opts
Oct 17 07:33:24.110436 podb-esxi207 dnsmasq[1848535]: exiting on receipt of SIGTERM
Oct 17 07:33:25.585874 podb-esxi207 dnsmasq-dhcp[1844667]: DHCPRELEASE(tap6df09eac-cb) 10.1.0.14 fa:16:3e:53:f7:41
Oct 17 07:33:25.600366 podb-esxi207 dnsmasq-dhcp[1844667]: DHCPRELEASE(tap6df09eac-cb) 10.1.0.14 fa:16:3e:53:f7:41 unknown lease
Oct 17 07:33:26.423034 podb-esxi207 dnsmasq[1844667]: read /opt/stack/data/neutron/dhcp/78b915e8-7c4a-46a2-8f47-3becdb9ecea4/addn_hosts - 6 names
Oct 17 07:33:26.423110 podb-esxi207 dnsmasq-dhcp[1844667]: read /opt/stack/data/neutron/dhcp/78b915e8-7c4a-46a2-8f47-3becdb9ecea4/host
Oct 17 07:33:26.423223 podb-esxi207 dnsmasq-dhcp[1844667]: read /opt/stack/data/neutron/dhcp/78b915e8-7c4a-46a2-8f47-3becdb9ecea4/opts
Oct 17 07:33:28.804573 podb-esxi207 dnsmasq-dhcp[1849679]: DHCPDISCOVER(tapeaf3cf86-25) fa:16:3e:5d:15:e8
Oct 17 07:33:28.804597 podb-esxi207 dnsmasq-dhcp[1849679]: DHCPOFFER(tapeaf3cf86-25) 10.1.0.9 fa:16:3e:5d:15:e8
Oct 17 07:33:28.811609 podb-esxi207 dnsmasq-dhcp[1847953]: DHCPRELEASE(tap613c4eae-dd) 10.1.0.1 fa:16:3e:8a:cc:0b
Oct 17 07:33:28.816029 podb-esxi207 dnsmasq-dhcp[1849679]: DHCPREQUEST(tapeaf3cf86-25) 10.1.0.9 fa:16:3e:5d:15:e8
Oct 17 07:33:28.816066 podb-esxi207 dnsmasq-dhcp[1849679]: DHCPACK(tapeaf3cf86-25) 10.1.0.9 fa:16:3e:5d:15:e8 host-10-1-0-9
Oct 17 07:33:29.633167 podb-esxi207 dnsmasq[1847953]: read /opt/stack/data/neutron/dhcp/4794cdda-eb8c-4a05-bd36-f22f7f1cf967/addn_hosts - 0 names
Oct 17 07:33:29.633238 podb-esxi207 dnsmasq-dhcp[1847953]: read /opt/stack/data/neutron/dhcp/4794cdda-eb8c-4a05-bd36-f22f7f1cf967/host
Oct 17 07:33:29.633302 podb-esxi207 dnsmasq-dhcp[1847953]: read /opt/stack/data/neutron/dhcp/4794cdda-eb8c-4a05-bd36-f22f7f1cf967/opts
Oct 17 07:33:30.361453 podb-esxi207 dnsmasq[1847953]: exiting on receipt of SIGTERM
Oct 17 07:33:30.981285 podb-esxi207 dnsmasq-dhcp[1848358]: DHCPRELEASE(tap81ace66c-41) 10.1.0.1 fa:16:3e:b2:a1:c6
Oct 17 07:33:31.802200 podb-esxi207 dnsmasq[1848358]: read /opt/stack/data/neutron/dhcp/76e368a0-d523-4859-b8da-ad01fb0f10d6/addn_hosts - 0 names
Oct 17 07:33:31.802288 podb-esxi207 dnsmasq-dhcp[1848358]: read /opt/stack/data/neutron/dhcp/76e368a0-d523-4859-b8da-ad01fb0f10d6/host
Oct 17 07:33:31.802383 podb-esxi207 dnsmasq-dhcp[1848358]: read /opt/stack/data/neutron/dhcp/76e368a0-d523-4859-b8da-ad01fb0f10d6/opts
Oct 17 07:33:32.036785 podb-esxi207 dnsmasq[1848358]: exiting on receipt of SIGTERM
Oct 17 07:33:33.481505 podb-esxi207 dnsmasq[1844667]: read /opt/stack/data/neutron/dhcp/78b915e8-7c4a-46a2-8f47-3becdb9ecea4/addn_hosts - 4 names
Oct 17 07:33:33.481658 podb-esxi207 dnsmasq-dhcp[1844667]: read /opt/stack/data/neutron/dhcp/78b915e8-7c4a-46a2-8f47-3becdb9ecea4/host
Oct 17 07:33:33.481827 podb-esxi207 dnsmasq-dhcp[1844667]: read /opt/stack/data/neutron/dhcp/78b915e8-7c4a-46a2-8f47-3becdb9ecea4/opts
Oct 17 07:33:36.491263 podb-esxi207 dnsmasq[1852326]: started, version 2.90 cachesize 150
Oct 17 07:33:36.491288 podb-esxi207 dnsmasq[1852326]: DNS service limited to local subnets
Oct 17 07:33:36.491303 podb-esxi207 dnsmasq[1852326]: compile time options: IPv6 GNU-getopt DBus no-UBus i18n IDN2 DHCP DHCPv6 no-Lua TFTP conntrack ipset no-nftset auth cryptohash DNSSEC loop-detect inotify dumpfile
Oct 17 07:33:36.491340 podb-esxi207 dnsmasq-dhcp[1852326]: DHCP, static leases only on 10.1.0.0, lease time 1d
Oct 17 07:33:36.491501 podb-esxi207 dnsmasq[1852326]: reading /etc/resolv.conf
Oct 17 07:33:36.491518 podb-esxi207 dnsmasq[1852326]: using nameserver 127.0.0.53#53
Oct 17 07:33:36.491598 podb-esxi207 dnsmasq[1852326]: read /opt/stack/data/neutron/dhcp/26e886aa-a5d1-421c-9e1b-b8d4644cb87e/addn_hosts - 0 names
Oct 17 07:33:36.491649 podb-esxi207 dnsmasq-dhcp[1852326]: read /opt/stack/data/neutron/dhcp/26e886aa-a5d1-421c-9e1b-b8d4644cb87e/host
Oct 17 07:33:36.491713 podb-esxi207 dnsmasq-dhcp[1852326]: read /opt/stack/data/neutron/dhcp/26e886aa-a5d1-421c-9e1b-b8d4644cb87e/opts
Oct 17 07:33:38.036580 podb-esxi207 dnsmasq[1852326]: read /opt/stack/data/neutron/dhcp/26e886aa-a5d1-421c-9e1b-b8d4644cb87e/addn_hosts - 2 names
Oct 17 07:33:38.036710 podb-esxi207 dnsmasq-dhcp[1852326]: read /opt/stack/data/neutron/dhcp/26e886aa-a5d1-421c-9e1b-b8d4644cb87e/host
Oct 17 07:33:38.036835 podb-esxi207 dnsmasq-dhcp[1852326]: read /opt/stack/data/neutron/dhcp/26e886aa-a5d1-421c-9e1b-b8d4644cb87e/opts
Oct 17 07:33:39.300711 podb-esxi207 dnsmasq[1852326]: read /opt/stack/data/neutron/dhcp/26e886aa-a5d1-421c-9e1b-b8d4644cb87e/addn_hosts - 2 names
Oct 17 07:33:39.300802 podb-esxi207 dnsmasq-dhcp[1852326]: read /opt/stack/data/neutron/dhcp/26e886aa-a5d1-421c-9e1b-b8d4644cb87e/host
Oct 17 07:33:39.300871 podb-esxi207 dnsmasq-dhcp[1852326]: read /opt/stack/data/neutron/dhcp/26e886aa-a5d1-421c-9e1b-b8d4644cb87e/opts
Oct 17 07:33:40.566381 podb-esxi207 dnsmasq[1852326]: read /opt/stack/data/neutron/dhcp/26e886aa-a5d1-421c-9e1b-b8d4644cb87e/addn_hosts - 2 names
Oct 17 07:33:40.566490 podb-esxi207 dnsmasq-dhcp[1852326]: read /opt/stack/data/neutron/dhcp/26e886aa-a5d1-421c-9e1b-b8d4644cb87e/host
Oct 17 07:33:40.566596 podb-esxi207 dnsmasq-dhcp[1852326]: read /opt/stack/data/neutron/dhcp/26e886aa-a5d1-421c-9e1b-b8d4644cb87e/opts
Oct 17 07:33:43.279354 podb-esxi207 dnsmasq[1852326]: read /opt/stack/data/neutron/dhcp/26e886aa-a5d1-421c-9e1b-b8d4644cb87e/addn_hosts - 4 names
Oct 17 07:33:43.279480 podb-esxi207 dnsmasq-dhcp[1852326]: read /opt/stack/data/neutron/dhcp/26e886aa-a5d1-421c-9e1b-b8d4644cb87e/host
Oct 17 07:33:43.279592 podb-esxi207 dnsmasq-dhcp[1852326]: read /opt/stack/data/neutron/dhcp/26e886aa-a5d1-421c-9e1b-b8d4644cb87e/opts
Oct 17 07:33:51.001051 podb-esxi207 dnsmasq-dhcp[1844667]: DHCPRELEASE(tap6df09eac-cb) 10.1.0.7 fa:16:3e:1a:91:f4
Oct 17 07:33:51.018816 podb-esxi207 dnsmasq-dhcp[1844667]: DHCPRELEASE(tap6df09eac-cb) 10.1.0.7 fa:16:3e:1a:91:f4 unknown lease
Oct 17 07:33:51.845320 podb-esxi207 dnsmasq[1844667]: read /opt/stack/data/neutron/dhcp/78b915e8-7c4a-46a2-8f47-3becdb9ecea4/addn_hosts - 2 names
Oct 17 07:33:51.845470 podb-esxi207 dnsmasq-dhcp[1844667]: read /opt/stack/data/neutron/dhcp/78b915e8-7c4a-46a2-8f47-3becdb9ecea4/host
Oct 17 07:33:51.845629 podb-esxi207 dnsmasq-dhcp[1844667]: read /opt/stack/data/neutron/dhcp/78b915e8-7c4a-46a2-8f47-3becdb9ecea4/opts
Oct 17 07:33:55.402589 podb-esxi207 dnsmasq-dhcp[1844667]: DHCPRELEASE(tap6df09eac-cb) 10.1.0.1 fa:16:3e:cf:b3:3f
Oct 17 07:33:56.231102 podb-esxi207 dnsmasq[1844667]: read /opt/stack/data/neutron/dhcp/78b915e8-7c4a-46a2-8f47-3becdb9ecea4/addn_hosts - 0 names
Oct 17 07:33:56.231134 podb-esxi207 dnsmasq-dhcp[1844667]: read /opt/stack/data/neutron/dhcp/78b915e8-7c4a-46a2-8f47-3becdb9ecea4/host
Oct 17 07:33:56.231160 podb-esxi207 dnsmasq-dhcp[1844667]: read /opt/stack/data/neutron/dhcp/78b915e8-7c4a-46a2-8f47-3becdb9ecea4/opts
Oct 17 07:33:56.976456 podb-esxi207 dnsmasq[1844667]: exiting on receipt of SIGTERM
Oct 17 07:34:00.557630 podb-esxi207 dnsmasq[1853245]: started, version 2.90 cachesize 150
Oct 17 07:34:00.557656 podb-esxi207 dnsmasq[1853245]: DNS service limited to local subnets
Oct 17 07:34:00.557671 podb-esxi207 dnsmasq[1853245]: compile time options: IPv6 GNU-getopt DBus no-UBus i18n IDN2 DHCP DHCPv6 no-Lua TFTP conntrack ipset no-nftset auth cryptohash DNSSEC loop-detect inotify dumpfile
Oct 17 07:34:00.557706 podb-esxi207 dnsmasq-dhcp[1853245]: DHCP, static leases only on 10.1.0.0, lease time 1d
Oct 17 07:34:00.557853 podb-esxi207 dnsmasq[1853245]: reading /etc/resolv.conf
Oct 17 07:34:00.557868 podb-esxi207 dnsmasq[1853245]: using nameserver 127.0.0.53#53
Oct 17 07:34:00.557942 podb-esxi207 dnsmasq[1853245]: read /opt/stack/data/neutron/dhcp/befbaa25-2fed-4cd3-b7ad-1bba2c2cee8b/addn_hosts - 0 names
Oct 17 07:34:00.557992 podb-esxi207 dnsmasq-dhcp[1853245]: read /opt/stack/data/neutron/dhcp/befbaa25-2fed-4cd3-b7ad-1bba2c2cee8b/host
Oct 17 07:34:00.558052 podb-esxi207 dnsmasq-dhcp[1853245]: read /opt/stack/data/neutron/dhcp/befbaa25-2fed-4cd3-b7ad-1bba2c2cee8b/opts
Oct 17 07:34:02.096707 podb-esxi207 dnsmasq[1853245]: read /opt/stack/data/neutron/dhcp/befbaa25-2fed-4cd3-b7ad-1bba2c2cee8b/addn_hosts - 2 names
Oct 17 07:34:02.096773 podb-esxi207 dnsmasq-dhcp[1853245]: read /opt/stack/data/neutron/dhcp/befbaa25-2fed-4cd3-b7ad-1bba2c2cee8b/host
Oct 17 07:34:02.096838 podb-esxi207 dnsmasq-dhcp[1853245]: read /opt/stack/data/neutron/dhcp/befbaa25-2fed-4cd3-b7ad-1bba2c2cee8b/opts
Oct 17 07:34:03.326461 podb-esxi207 dnsmasq[1853245]: read /opt/stack/data/neutron/dhcp/befbaa25-2fed-4cd3-b7ad-1bba2c2cee8b/addn_hosts - 2 names
Oct 17 07:34:03.326563 podb-esxi207 dnsmasq-dhcp[1853245]: read /opt/stack/data/neutron/dhcp/befbaa25-2fed-4cd3-b7ad-1bba2c2cee8b/host
Oct 17 07:34:03.326668 podb-esxi207 dnsmasq-dhcp[1853245]: read /opt/stack/data/neutron/dhcp/befbaa25-2fed-4cd3-b7ad-1bba2c2cee8b/opts
Oct 17 07:34:04.571012 podb-esxi207 dnsmasq[1853245]: read /opt/stack/data/neutron/dhcp/befbaa25-2fed-4cd3-b7ad-1bba2c2cee8b/addn_hosts - 2 names
Oct 17 07:34:04.571098 podb-esxi207 dnsmasq-dhcp[1853245]: read /opt/stack/data/neutron/dhcp/befbaa25-2fed-4cd3-b7ad-1bba2c2cee8b/host
Oct 17 07:34:04.571207 podb-esxi207 dnsmasq-dhcp[1853245]: read /opt/stack/data/neutron/dhcp/befbaa25-2fed-4cd3-b7ad-1bba2c2cee8b/opts
Oct 17 07:34:08.777763 podb-esxi207 dnsmasq-dhcp[1852326]: DHCPDISCOVER(tap9e15b5f4-3d) fa:16:3e:39:8a:4c
Oct 17 07:34:08.777793 podb-esxi207 dnsmasq-dhcp[1852326]: DHCPOFFER(tap9e15b5f4-3d) 10.1.0.4 fa:16:3e:39:8a:4c
Oct 17 07:34:08.788744 podb-esxi207 dnsmasq-dhcp[1852326]: DHCPREQUEST(tap9e15b5f4-3d) 10.1.0.4 fa:16:3e:39:8a:4c
Oct 17 07:34:08.788770 podb-esxi207 dnsmasq-dhcp[1852326]: DHCPACK(tap9e15b5f4-3d) 10.1.0.4 fa:16:3e:39:8a:4c host-10-1-0-4
Oct 17 07:34:31.055930 podb-esxi207 dnsmasq-dhcp[1847492]: DHCPDISCOVER(tapd06d8020-56) fa:16:3e:b2:e6:85
Oct 17 07:34:31.055958 podb-esxi207 dnsmasq-dhcp[1847492]: DHCPOFFER(tapd06d8020-56) 10.1.0.14 fa:16:3e:b2:e6:85
Oct 17 07:34:31.065204 podb-esxi207 dnsmasq-dhcp[1847492]: DHCPREQUEST(tapd06d8020-56) 10.1.0.14 fa:16:3e:b2:e6:85
Oct 17 07:34:31.065231 podb-esxi207 dnsmasq-dhcp[1847492]: DHCPACK(tapd06d8020-56) 10.1.0.14 fa:16:3e:b2:e6:85 host-10-1-0-14
Oct 17 07:34:42.896883 podb-esxi207 dnsmasq[1853245]: read /opt/stack/data/neutron/dhcp/befbaa25-2fed-4cd3-b7ad-1bba2c2cee8b/addn_hosts - 4 names
Oct 17 07:34:42.897003 podb-esxi207 dnsmasq-dhcp[1853245]: read /opt/stack/data/neutron/dhcp/befbaa25-2fed-4cd3-b7ad-1bba2c2cee8b/host
Oct 17 07:34:42.897107 podb-esxi207 dnsmasq-dhcp[1853245]: read /opt/stack/data/neutron/dhcp/befbaa25-2fed-4cd3-b7ad-1bba2c2cee8b/opts
Oct 17 07:35:04.454358 podb-esxi207 dnsmasq-dhcp[1849679]: DHCPREQUEST(tapeaf3cf86-25) 10.1.0.9 fa:16:3e:5d:15:e8
Oct 17 07:35:04.454397 podb-esxi207 dnsmasq-dhcp[1849679]: DHCPACK(tapeaf3cf86-25) 10.1.0.9 fa:16:3e:5d:15:e8 host-10-1-0-9
Oct 17 07:35:08.920571 podb-esxi207 dnsmasq[1853245]: read /opt/stack/data/neutron/dhcp/befbaa25-2fed-4cd3-b7ad-1bba2c2cee8b/addn_hosts - 6 names
Oct 17 07:35:08.920686 podb-esxi207 dnsmasq-dhcp[1853245]: read /opt/stack/data/neutron/dhcp/befbaa25-2fed-4cd3-b7ad-1bba2c2cee8b/host
Oct 17 07:35:08.920754 podb-esxi207 dnsmasq-dhcp[1853245]: read /opt/stack/data/neutron/dhcp/befbaa25-2fed-4cd3-b7ad-1bba2c2cee8b/opts
Oct 17 07:35:14.948700 podb-esxi207 dnsmasq-dhcp[1853245]: DHCPDISCOVER(tap996a7c6c-cd) fa:16:3e:d1:4c:88
Oct 17 07:35:14.948725 podb-esxi207 dnsmasq-dhcp[1853245]: DHCPOFFER(tap996a7c6c-cd) 10.1.0.5 fa:16:3e:d1:4c:88
