Oct 17 07:26:53.911505 podb-esxi207 dnsmasq[1837936]: compile time options: IPv6 GNU-getopt DBus no-UBus i18n IDN2 DHCP DHCPv6 no-Lua TFTP conntrack ipset no-nftset auth cryptohash DNSSEC loop-detect inotify dumpfile
Oct 17 07:26:53.911546 podb-esxi207 dnsmasq-dhcp[1837936]: DHCP, static leases only on 10.1.1.0, lease time 1d
Oct 17 07:26:53.911692 podb-esxi207 dnsmasq[1837936]: reading /etc/resolv.conf
Oct 17 07:26:53.911708 podb-esxi207 dnsmasq[1837936]: using nameserver 127.0.0.53#53
Oct 17 07:26:53.911831 podb-esxi207 dnsmasq[1837936]: read /opt/stack/data/neutron/dhcp/f1b848ef-a4cf-4692-aca5-4c992ab2ef49/addn_hosts - 4 names
Oct 17 07:26:53.911895 podb-esxi207 dnsmasq-dhcp[1837936]: read /opt/stack/data/neutron/dhcp/f1b848ef-a4cf-4692-aca5-4c992ab2ef49/host
Oct 17 07:26:53.911936 podb-esxi207 dnsmasq-dhcp[1837936]: read /opt/stack/data/neutron/dhcp/f1b848ef-a4cf-4692-aca5-4c992ab2ef49/opts
Oct 17 07:26:56.433015 podb-esxi207 dnsmasq[1838007]: started, version 2.90 cachesize 150
Oct 17 07:26:56.433042 podb-esxi207 dnsmasq[1838007]: DNS service limited to local subnets
Oct 17 07:26:56.433056 podb-esxi207 dnsmasq[1838007]: compile time options: IPv6 GNU-getopt DBus no-UBus i18n IDN2 DHCP DHCPv6 no-Lua TFTP conntrack ipset no-nftset auth cryptohash DNSSEC loop-detect inotify dumpfile
Oct 17 07:26:56.433097 podb-esxi207 dnsmasq-dhcp[1838007]: DHCP, static leases only on 10.2.2.0, lease time 1d
Oct 17 07:26:56.433244 podb-esxi207 dnsmasq[1838007]: reading /etc/resolv.conf
Oct 17 07:26:56.433260 podb-esxi207 dnsmasq[1838007]: using nameserver 127.0.0.53#53
Oct 17 07:26:56.433374 podb-esxi207 dnsmasq[1838007]: read /opt/stack/data/neutron/dhcp/7c09c909-9241-4b7b-a96f-f1bb6f09131b/addn_hosts - 4 names
Oct 17 07:26:56.433434 podb-esxi207 dnsmasq-dhcp[1838007]: read /opt/stack/data/neutron/dhcp/7c09c909-9241-4b7b-a96f-f1bb6f09131b/host
Oct 17 07:26:56.433483 podb-esxi207 dnsmasq-dhcp[1838007]: read /opt/stack/data/neutron/dhcp/7c09c909-9241-4b7b-a96f-f1bb6f09131b/opts
Oct 17 07:26:56.965703 podb-esxi207 dnsmasq[1835197]: read /opt/stack/data/neutron/dhcp/2be3f1a0-0aa4-416a-93a4-d344e41e32e7/addn_hosts - 2 names
Oct 17 07:26:56.965810 podb-esxi207 dnsmasq-dhcp[1835197]: read /opt/stack/data/neutron/dhcp/2be3f1a0-0aa4-416a-93a4-d344e41e32e7/host
Oct 17 07:26:56.965920 podb-esxi207 dnsmasq-dhcp[1835197]: read /opt/stack/data/neutron/dhcp/2be3f1a0-0aa4-416a-93a4-d344e41e32e7/opts
Oct 17 07:26:57.692385 podb-esxi207 dnsmasq[1835667]: read /opt/stack/data/neutron/dhcp/3980175c-62a8-4c95-bbdd-99950051a271/addn_hosts - 2 names
Oct 17 07:26:57.692493 podb-esxi207 dnsmasq-dhcp[1835667]: read /opt/stack/data/neutron/dhcp/3980175c-62a8-4c95-bbdd-99950051a271/host
Oct 17 07:26:57.692587 podb-esxi207 dnsmasq-dhcp[1835667]: read /opt/stack/data/neutron/dhcp/3980175c-62a8-4c95-bbdd-99950051a271/opts
Oct 17 07:26:58.424003 podb-esxi207 dnsmasq[1836561]: read /opt/stack/data/neutron/dhcp/c9d0f744-8088-428c-93b2-96fdcfb7cdc4/addn_hosts - 2 names
Oct 17 07:26:58.424099 podb-esxi207 dnsmasq-dhcp[1836561]: read /opt/stack/data/neutron/dhcp/c9d0f744-8088-428c-93b2-96fdcfb7cdc4/host
Oct 17 07:26:58.424200 podb-esxi207 dnsmasq-dhcp[1836561]: read /opt/stack/data/neutron/dhcp/c9d0f744-8088-428c-93b2-96fdcfb7cdc4/opts
Oct 17 07:26:59.151383 podb-esxi207 dnsmasq[1836944]: read /opt/stack/data/neutron/dhcp/95c98090-ad68-4c73-80f3-98295dd13474/addn_hosts - 2 names
Oct 17 07:26:59.151465 podb-esxi207 dnsmasq-dhcp[1836944]: read /opt/stack/data/neutron/dhcp/95c98090-ad68-4c73-80f3-98295dd13474/host
Oct 17 07:26:59.151535 podb-esxi207 dnsmasq-dhcp[1836944]: read /opt/stack/data/neutron/dhcp/95c98090-ad68-4c73-80f3-98295dd13474/opts
Oct 17 07:26:59.496403 podb-esxi207 dnsmasq-dhcp[1834731]: DHCPDISCOVER(tap833c203c-61) fa:16:3e:ad:2f:ec no address available
Oct 17 07:26:59.960205 podb-esxi207 dnsmasq-dhcp[1837675]: DHCPDISCOVER(tap34ba3211-61) fa:16:3e:ea:f7:50
Oct 17 07:26:59.960236 podb-esxi207 dnsmasq-dhcp[1837675]: DHCPOFFER(tap34ba3211-61) 10.1.0.4 fa:16:3e:ea:f7:50
Oct 17 07:26:59.971352 podb-esxi207 dnsmasq-dhcp[1837675]: DHCPREQUEST(tap34ba3211-61) 10.1.0.4 fa:16:3e:ea:f7:50
Oct 17 07:26:59.971381 podb-esxi207 dnsmasq-dhcp[1837675]: DHCPACK(tap34ba3211-61) 10.1.0.4 fa:16:3e:ea:f7:50 host-10-1-0-4
Oct 17 07:27:00.081170 podb-esxi207 dnsmasq-dhcp[1834731]: DHCPDISCOVER(tap833c203c-61) fa:16:3e:3b:a1:e9 no address available
Oct 17 07:27:00.898747 podb-esxi207 dnsmasq[1837936]: read /opt/stack/data/neutron/dhcp/f1b848ef-a4cf-4692-aca5-4c992ab2ef49/addn_hosts - 8 names
Oct 17 07:27:00.898898 podb-esxi207 dnsmasq-dhcp[1837936]: read /opt/stack/data/neutron/dhcp/f1b848ef-a4cf-4692-aca5-4c992ab2ef49/host
Oct 17 07:27:00.898982 podb-esxi207 dnsmasq-dhcp[1837936]: read /opt/stack/data/neutron/dhcp/f1b848ef-a4cf-4692-aca5-4c992ab2ef49/opts
Oct 17 07:27:02.158549 podb-esxi207 dnsmasq[1838007]: read /opt/stack/data/neutron/dhcp/7c09c909-9241-4b7b-a96f-f1bb6f09131b/addn_hosts - 4 names
Oct 17 07:27:02.158686 podb-esxi207 dnsmasq-dhcp[1838007]: read /opt/stack/data/neutron/dhcp/7c09c909-9241-4b7b-a96f-f1bb6f09131b/host
Oct 17 07:27:02.158780 podb-esxi207 dnsmasq-dhcp[1838007]: read /opt/stack/data/neutron/dhcp/7c09c909-9241-4b7b-a96f-f1bb6f09131b/opts
Oct 17 07:27:02.911811 podb-esxi207 dnsmasq[1837056]: read /opt/stack/data/neutron/dhcp/78506fbc-5bf9-42cb-a8df-be810db19442/addn_hosts - 2 names
Oct 17 07:27:02.911948 podb-esxi207 dnsmasq-dhcp[1837056]: read /opt/stack/data/neutron/dhcp/78506fbc-5bf9-42cb-a8df-be810db19442/host
Oct 17 07:27:02.912057 podb-esxi207 dnsmasq-dhcp[1837056]: read /opt/stack/data/neutron/dhcp/78506fbc-5bf9-42cb-a8df-be810db19442/opts
Oct 17 07:27:03.659520 podb-esxi207 dnsmasq[1835667]: read /opt/stack/data/neutron/dhcp/3980175c-62a8-4c95-bbdd-99950051a271/addn_hosts - 2 names
Oct 17 07:27:03.659624 podb-esxi207 dnsmasq-dhcp[1835667]: read /opt/stack/data/neutron/dhcp/3980175c-62a8-4c95-bbdd-99950051a271/host
Oct 17 07:27:03.659703 podb-esxi207 dnsmasq-dhcp[1835667]: read /opt/stack/data/neutron/dhcp/3980175c-62a8-4c95-bbdd-99950051a271/opts
Oct 17 07:27:04.405963 podb-esxi207 dnsmasq[1833160]: read /opt/stack/data/neutron/dhcp/fdf7e69c-9edc-4e97-986d-218e8f71696b/addn_hosts - 4 names
Oct 17 07:27:04.406119 podb-esxi207 dnsmasq-dhcp[1833160]: read /opt/stack/data/neutron/dhcp/fdf7e69c-9edc-4e97-986d-218e8f71696b/host
Oct 17 07:27:04.406238 podb-esxi207 dnsmasq-dhcp[1833160]: read /opt/stack/data/neutron/dhcp/fdf7e69c-9edc-4e97-986d-218e8f71696b/opts
Oct 17 07:27:05.161560 podb-esxi207 dnsmasq[1834731]: read /opt/stack/data/neutron/dhcp/c9639118-ea4c-4a5c-86d8-8be243376b2e/addn_hosts - 4 names
Oct 17 07:27:05.161643 podb-esxi207 dnsmasq-dhcp[1834731]: read /opt/stack/data/neutron/dhcp/c9639118-ea4c-4a5c-86d8-8be243376b2e/host
Oct 17 07:27:05.161713 podb-esxi207 dnsmasq-dhcp[1834731]: read /opt/stack/data/neutron/dhcp/c9639118-ea4c-4a5c-86d8-8be243376b2e/opts
Oct 17 07:27:05.896456 podb-esxi207 dnsmasq[1836944]: read /opt/stack/data/neutron/dhcp/95c98090-ad68-4c73-80f3-98295dd13474/addn_hosts - 2 names
Oct 17 07:27:05.896583 podb-esxi207 dnsmasq-dhcp[1836944]: read /opt/stack/data/neutron/dhcp/95c98090-ad68-4c73-80f3-98295dd13474/host
Oct 17 07:27:05.896708 podb-esxi207 dnsmasq-dhcp[1836944]: read /opt/stack/data/neutron/dhcp/95c98090-ad68-4c73-80f3-98295dd13474/opts
Oct 17 07:27:06.734808 podb-esxi207 dnsmasq-dhcp[1833160]: DHCPDISCOVER(tapd1c8a0a6-01) fa:16:3e:0a:21:3e
Oct 17 07:27:06.734839 podb-esxi207 dnsmasq-dhcp[1833160]: DHCPOFFER(tapd1c8a0a6-01) 10.1.0.13 fa:16:3e:0a:21:3e
Oct 17 07:27:06.758220 podb-esxi207 dnsmasq-dhcp[1833160]: DHCPREQUEST(tapd1c8a0a6-01) 10.1.0.13 fa:16:3e:0a:21:3e
Oct 17 07:27:06.758258 podb-esxi207 dnsmasq-dhcp[1833160]: DHCPACK(tapd1c8a0a6-01) 10.1.0.13 fa:16:3e:0a:21:3e host-10-1-0-13
Oct 17 07:27:07.138975 podb-esxi207 dnsmasq[1837936]: read /opt/stack/data/neutron/dhcp/f1b848ef-a4cf-4692-aca5-4c992ab2ef49/addn_hosts - 8 names
Oct 17 07:27:07.139118 podb-esxi207 dnsmasq-dhcp[1837936]: read /opt/stack/data/neutron/dhcp/f1b848ef-a4cf-4692-aca5-4c992ab2ef49/host
Oct 17 07:27:07.139207 podb-esxi207 dnsmasq-dhcp[1837936]: read /opt/stack/data/neutron/dhcp/f1b848ef-a4cf-4692-aca5-4c992ab2ef49/opts
Oct 17 07:27:07.906146 podb-esxi207 dnsmasq[1833687]: read /opt/stack/data/neutron/dhcp/e79ee07c-330d-46eb-9af7-a8b8f362a401/addn_hosts - 4 names
Oct 17 07:27:07.906291 podb-esxi207 dnsmasq-dhcp[1833687]: read /opt/stack/data/neutron/dhcp/e79ee07c-330d-46eb-9af7-a8b8f362a401/host
Oct 17 07:27:07.906414 podb-esxi207 dnsmasq-dhcp[1833687]: read /opt/stack/data/neutron/dhcp/e79ee07c-330d-46eb-9af7-a8b8f362a401/opts
Oct 17 07:27:08.668566 podb-esxi207 dnsmasq[1837056]: read /opt/stack/data/neutron/dhcp/78506fbc-5bf9-42cb-a8df-be810db19442/addn_hosts - 2 names
Oct 17 07:27:08.668772 podb-esxi207 dnsmasq-dhcp[1837056]: read /opt/stack/data/neutron/dhcp/78506fbc-5bf9-42cb-a8df-be810db19442/host
Oct 17 07:27:08.668927 podb-esxi207 dnsmasq-dhcp[1837056]: read /opt/stack/data/neutron/dhcp/78506fbc-5bf9-42cb-a8df-be810db19442/opts
Oct 17 07:27:09.429658 podb-esxi207 dnsmasq[1838007]: read /opt/stack/data/neutron/dhcp/7c09c909-9241-4b7b-a96f-f1bb6f09131b/addn_hosts - 4 names
Oct 17 07:27:09.429798 podb-esxi207 dnsmasq-dhcp[1838007]: read /opt/stack/data/neutron/dhcp/7c09c909-9241-4b7b-a96f-f1bb6f09131b/host
Oct 17 07:27:09.429891 podb-esxi207 dnsmasq-dhcp[1838007]: read /opt/stack/data/neutron/dhcp/7c09c909-9241-4b7b-a96f-f1bb6f09131b/opts
Oct 17 07:27:10.189128 podb-esxi207 dnsmasq[1834731]: read /opt/stack/data/neutron/dhcp/c9639118-ea4c-4a5c-86d8-8be243376b2e/addn_hosts - 6 names
Oct 17 07:27:10.189244 podb-esxi207 dnsmasq-dhcp[1834731]: read /opt/stack/data/neutron/dhcp/c9639118-ea4c-4a5c-86d8-8be243376b2e/host
Oct 17 07:27:10.189316 podb-esxi207 dnsmasq-dhcp[1834731]: read /opt/stack/data/neutron/dhcp/c9639118-ea4c-4a5c-86d8-8be243376b2e/opts
Oct 17 07:27:10.943110 podb-esxi207 dnsmasq[1837675]: read /opt/stack/data/neutron/dhcp/ed2d2735-5a1e-477a-8f11-a8812a63bc80/addn_hosts - 4 names
Oct 17 07:27:10.943215 podb-esxi207 dnsmasq-dhcp[1837675]: read /opt/stack/data/neutron/dhcp/ed2d2735-5a1e-477a-8f11-a8812a63bc80/host
Oct 17 07:27:10.943288 podb-esxi207 dnsmasq-dhcp[1837675]: read /opt/stack/data/neutron/dhcp/ed2d2735-5a1e-477a-8f11-a8812a63bc80/opts
Oct 17 07:27:12.206539 podb-esxi207 dnsmasq[1837936]: read /opt/stack/data/neutron/dhcp/f1b848ef-a4cf-4692-aca5-4c992ab2ef49/addn_hosts - 8 names
Oct 17 07:27:12.206707 podb-esxi207 dnsmasq-dhcp[1837936]: read /opt/stack/data/neutron/dhcp/f1b848ef-a4cf-4692-aca5-4c992ab2ef49/host
Oct 17 07:27:12.206791 podb-esxi207 dnsmasq-dhcp[1837936]: read /opt/stack/data/neutron/dhcp/f1b848ef-a4cf-4692-aca5-4c992ab2ef49/opts
Oct 17 07:27:12.970197 podb-esxi207 dnsmasq[1838007]: read /opt/stack/data/neutron/dhcp/7c09c909-9241-4b7b-a96f-f1bb6f09131b/addn_hosts - 4 names
Oct 17 07:27:12.970332 podb-esxi207 dnsmasq-dhcp[1838007]: read /opt/stack/data/neutron/dhcp/7c09c909-9241-4b7b-a96f-f1bb6f09131b/host
Oct 17 07:27:12.970415 podb-esxi207 dnsmasq-dhcp[1838007]: read /opt/stack/data/neutron/dhcp/7c09c909-9241-4b7b-a96f-f1bb6f09131b/opts
Oct 17 07:27:13.749141 podb-esxi207 dnsmasq[1837675]: read /opt/stack/data/neutron/dhcp/ed2d2735-5a1e-477a-8f11-a8812a63bc80/addn_hosts - 4 names
Oct 17 07:27:13.749264 podb-esxi207 dnsmasq-dhcp[1837675]: read /opt/stack/data/neutron/dhcp/ed2d2735-5a1e-477a-8f11-a8812a63bc80/host
Oct 17 07:27:13.749387 podb-esxi207 dnsmasq-dhcp[1837675]: read /opt/stack/data/neutron/dhcp/ed2d2735-5a1e-477a-8f11-a8812a63bc80/opts
Oct 17 07:27:15.017500 podb-esxi207 dnsmasq[1837936]: read /opt/stack/data/neutron/dhcp/f1b848ef-a4cf-4692-aca5-4c992ab2ef49/addn_hosts - 8 names
Oct 17 07:27:15.017647 podb-esxi207 dnsmasq-dhcp[1837936]: read /opt/stack/data/neutron/dhcp/f1b848ef-a4cf-4692-aca5-4c992ab2ef49/host
Oct 17 07:27:15.017728 podb-esxi207 dnsmasq-dhcp[1837936]: read /opt/stack/data/neutron/dhcp/f1b848ef-a4cf-4692-aca5-4c992ab2ef49/opts
Oct 17 07:27:15.772586 podb-esxi207 dnsmasq[1837675]: read /opt/stack/data/neutron/dhcp/ed2d2735-5a1e-477a-8f11-a8812a63bc80/addn_hosts - 4 names
Oct 17 07:27:15.772707 podb-esxi207 dnsmasq-dhcp[1837675]: read /opt/stack/data/neutron/dhcp/ed2d2735-5a1e-477a-8f11-a8812a63bc80/host
Oct 17 07:27:15.772815 podb-esxi207 dnsmasq-dhcp[1837675]: read /opt/stack/data/neutron/dhcp/ed2d2735-5a1e-477a-8f11-a8812a63bc80/opts
Oct 17 07:27:16.025982 podb-esxi207 dnsmasq-dhcp[1834731]: DHCPDISCOVER(tap833c203c-61) fa:16:3e:ad:2f:ec
Oct 17 07:27:16.026015 podb-esxi207 dnsmasq-dhcp[1834731]: DHCPOFFER(tap833c203c-61) 10.1.0.10 fa:16:3e:ad:2f:ec
Oct 17 07:27:16.047387 podb-esxi207 dnsmasq-dhcp[1834731]: DHCPREQUEST(tap833c203c-61) 10.1.0.10 fa:16:3e:ad:2f:ec
Oct 17 07:27:16.047419 podb-esxi207 dnsmasq-dhcp[1834731]: DHCPACK(tap833c203c-61) 10.1.0.10 fa:16:3e:ad:2f:ec host-10-1-0-10
Oct 17 07:27:17.008105 podb-esxi207 dnsmasq-dhcp[1834731]: DHCPDISCOVER(tap833c203c-61) fa:16:3e:3b:a1:e9
Oct 17 07:27:17.008134 podb-esxi207 dnsmasq-dhcp[1834731]: DHCPOFFER(tap833c203c-61) 10.1.0.5 fa:16:3e:3b:a1:e9
Oct 17 07:27:17.030050 podb-esxi207 dnsmasq-dhcp[1834731]: DHCPREQUEST(tap833c203c-61) 10.1.0.5 fa:16:3e:3b:a1:e9
Oct 17 07:27:17.030082 podb-esxi207 dnsmasq-dhcp[1834731]: DHCPACK(tap833c203c-61) 10.1.0.5 fa:16:3e:3b:a1:e9 host-10-1-0-5
Oct 17 07:27:17.031692 podb-esxi207 dnsmasq[1837936]: read /opt/stack/data/neutron/dhcp/f1b848ef-a4cf-4692-aca5-4c992ab2ef49/addn_hosts - 8 names
Oct 17 07:27:17.031836 podb-esxi207 dnsmasq-dhcp[1837936]: read /opt/stack/data/neutron/dhcp/f1b848ef-a4cf-4692-aca5-4c992ab2ef49/host
Oct 17 07:27:17.031929 podb-esxi207 dnsmasq-dhcp[1837936]: read /opt/stack/data/neutron/dhcp/f1b848ef-a4cf-4692-aca5-4c992ab2ef49/opts
Oct 17 07:27:17.295903 podb-esxi207 dnsmasq-dhcp[1837675]: DHCPRELEASE(tap34ba3211-61) 10.1.0.4 fa:16:3e:ea:f7:50
Oct 17 07:27:17.313996 podb-esxi207 dnsmasq-dhcp[1837675]: DHCPRELEASE(tap34ba3211-61) 10.1.0.4 fa:16:3e:ea:f7:50 unknown lease
Oct 17 07:27:18.139328 podb-esxi207 dnsmasq[1837675]: read /opt/stack/data/neutron/dhcp/ed2d2735-5a1e-477a-8f11-a8812a63bc80/addn_hosts - 2 names
Oct 17 07:27:18.139439 podb-esxi207 dnsmasq-dhcp[1837675]: read /opt/stack/data/neutron/dhcp/ed2d2735-5a1e-477a-8f11-a8812a63bc80/host
Oct 17 07:27:18.139548 podb-esxi207 dnsmasq-dhcp[1837675]: read /opt/stack/data/neutron/dhcp/ed2d2735-5a1e-477a-8f11-a8812a63bc80/opts
Oct 17 07:27:38.876743 podb-esxi207 dnsmasq-dhcp[1837675]: DHCPRELEASE(tap34ba3211-61) 10.1.0.1 fa:16:3e:23:5e:8c
Oct 17 07:27:39.700957 podb-esxi207 dnsmasq[1837675]: read /opt/stack/data/neutron/dhcp/ed2d2735-5a1e-477a-8f11-a8812a63bc80/addn_hosts - 0 names
Oct 17 07:27:39.701029 podb-esxi207 dnsmasq-dhcp[1837675]: read /opt/stack/data/neutron/dhcp/ed2d2735-5a1e-477a-8f11-a8812a63bc80/host
Oct 17 07:27:39.701120 podb-esxi207 dnsmasq-dhcp[1837675]: read /opt/stack/data/neutron/dhcp/ed2d2735-5a1e-477a-8f11-a8812a63bc80/opts
Oct 17 07:27:40.497807 podb-esxi207 dnsmasq[1837675]: exiting on receipt of SIGTERM
Oct 17 07:27:44.638183 podb-esxi207 dnsmasq[1839043]: started, version 2.90 cachesize 150
Oct 17 07:27:44.638211 podb-esxi207 dnsmasq[1839043]: DNS service limited to local subnets
Oct 17 07:27:44.638226 podb-esxi207 dnsmasq[1839043]: compile time options: IPv6 GNU-getopt DBus no-UBus i18n IDN2 DHCP DHCPv6 no-Lua TFTP conntrack ipset no-nftset auth cryptohash DNSSEC loop-detect inotify dumpfile
Oct 17 07:27:44.638272 podb-esxi207 dnsmasq-dhcp[1839043]: DHCP, static leases only on 10.1.0.0, lease time 1d
Oct 17 07:27:44.638416 podb-esxi207 dnsmasq[1839043]: reading /etc/resolv.conf
Oct 17 07:27:44.638432 podb-esxi207 dnsmasq[1839043]: using nameserver 127.0.0.53#53
Oct 17 07:27:44.638516 podb-esxi207 dnsmasq[1839043]: read /opt/stack/data/neutron/dhcp/23548f4f-5325-459b-8791-c2d53880edfc/addn_hosts - 0 names
Oct 17 07:27:44.638565 podb-esxi207 dnsmasq-dhcp[1839043]: read /opt/stack/data/neutron/dhcp/23548f4f-5325-459b-8791-c2d53880edfc/host
Oct 17 07:27:44.638620 podb-esxi207 dnsmasq-dhcp[1839043]: read /opt/stack/data/neutron/dhcp/23548f4f-5325-459b-8791-c2d53880edfc/opts
Oct 17 07:27:46.183548 podb-esxi207 dnsmasq[1839043]: read /opt/stack/data/neutron/dhcp/23548f4f-5325-459b-8791-c2d53880edfc/addn_hosts - 2 names
Oct 17 07:27:46.183648 podb-esxi207 dnsmasq-dhcp[1839043]: read /opt/stack/data/neutron/dhcp/23548f4f-5325-459b-8791-c2d53880edfc/host
Oct 17 07:27:46.183749 podb-esxi207 dnsmasq-dhcp[1839043]: read /opt/stack/data/neutron/dhcp/23548f4f-5325-459b-8791-c2d53880edfc/opts
Oct 17 07:27:49.618553 podb-esxi207 dnsmasq[1839915]: started, version 2.90 cachesize 150
Oct 17 07:27:49.618578 podb-esxi207 dnsmasq[1839915]: DNS service limited to local subnets
Oct 17 07:27:49.618592 podb-esxi207 dnsmasq[1839915]: compile time options: IPv6 GNU-getopt DBus no-UBus i18n IDN2 DHCP DHCPv6 no-Lua TFTP conntrack ipset no-nftset auth cryptohash DNSSEC loop-detect inotify dumpfile
Oct 17 07:27:49.618631 podb-esxi207 dnsmasq-dhcp[1839915]: DHCP, static leases only on 10.1.0.0, lease time 1d
Oct 17 07:27:49.618778 podb-esxi207 dnsmasq[1839915]: reading /etc/resolv.conf
Oct 17 07:27:49.618794 podb-esxi207 dnsmasq[1839915]: using nameserver 127.0.0.53#53
Oct 17 07:27:49.619044 podb-esxi207 dnsmasq[1839915]: read /opt/stack/data/neutron/dhcp/9d10a8be-d8b7-421a-b398-eb91af28bce5/addn_hosts - 2 names
Oct 17 07:27:49.619099 podb-esxi207 dnsmasq-dhcp[1839915]: read /opt/stack/data/neutron/dhcp/9d10a8be-d8b7-421a-b398-eb91af28bce5/host
Oct 17 07:27:49.619164 podb-esxi207 dnsmasq-dhcp[1839915]: read /opt/stack/data/neutron/dhcp/9d10a8be-d8b7-421a-b398-eb91af28bce5/opts
Oct 17 07:27:50.657059 podb-esxi207 dnsmasq[1839043]: read /opt/stack/data/neutron/dhcp/23548f4f-5325-459b-8791-c2d53880edfc/addn_hosts - 2 names
Oct 17 07:27:50.657154 podb-esxi207 dnsmasq-dhcp[1839043]: read /opt/stack/data/neutron/dhcp/23548f4f-5325-459b-8791-c2d53880edfc/host
Oct 17 07:27:50.657239 podb-esxi207 dnsmasq-dhcp[1839043]: read /opt/stack/data/neutron/dhcp/23548f4f-5325-459b-8791-c2d53880edfc/opts
Oct 17 07:27:51.913821 podb-esxi207 dnsmasq[1839915]: read /opt/stack/data/neutron/dhcp/9d10a8be-d8b7-421a-b398-eb91af28bce5/addn_hosts - 2 names
Oct 17 07:27:51.913917 podb-esxi207 dnsmasq-dhcp[1839915]: read /opt/stack/data/neutron/dhcp/9d10a8be-d8b7-421a-b398-eb91af28bce5/host
Oct 17 07:27:51.914000 podb-esxi207 dnsmasq-dhcp[1839915]: read /opt/stack/data/neutron/dhcp/9d10a8be-d8b7-421a-b398-eb91af28bce5/opts
Oct 17 07:27:53.179567 podb-esxi207 dnsmasq[1839043]: read /opt/stack/data/neutron/dhcp/23548f4f-5325-459b-8791-c2d53880edfc/addn_hosts - 2 names
Oct 17 07:27:53.179649 podb-esxi207 dnsmasq-dhcp[1839043]: read /opt/stack/data/neutron/dhcp/23548f4f-5325-459b-8791-c2d53880edfc/host
Oct 17 07:27:53.179745 podb-esxi207 dnsmasq-dhcp[1839043]: read /opt/stack/data/neutron/dhcp/23548f4f-5325-459b-8791-c2d53880edfc/opts
Oct 17 07:27:53.934282 podb-esxi207 dnsmasq[1839915]: read /opt/stack/data/neutron/dhcp/9d10a8be-d8b7-421a-b398-eb91af28bce5/addn_hosts - 2 names
Oct 17 07:27:53.934392 podb-esxi207 dnsmasq-dhcp[1839915]: read /opt/stack/data/neutron/dhcp/9d10a8be-d8b7-421a-b398-eb91af28bce5/host
Oct 17 07:27:53.934486 podb-esxi207 dnsmasq-dhcp[1839915]: read /opt/stack/data/neutron/dhcp/9d10a8be-d8b7-421a-b398-eb91af28bce5/opts
Oct 17 07:27:55.197354 podb-esxi207 dnsmasq[1839915]: read /opt/stack/data/neutron/dhcp/9d10a8be-d8b7-421a-b398-eb91af28bce5/addn_hosts - 2 names
Oct 17 07:27:55.197439 podb-esxi207 dnsmasq-dhcp[1839915]: read /opt/stack/data/neutron/dhcp/9d10a8be-d8b7-421a-b398-eb91af28bce5/host
Oct 17 07:27:55.197537 podb-esxi207 dnsmasq-dhcp[1839915]: read /opt/stack/data/neutron/dhcp/9d10a8be-d8b7-421a-b398-eb91af28bce5/opts
Oct 17 07:28:19.250486 podb-esxi207 dnsmasq-dhcp[1833687]: DHCPDISCOVER(tap05736781-4c) fa:16:3e:ab:d3:ef
Oct 17 07:28:19.250511 podb-esxi207 dnsmasq-dhcp[1833687]: DHCPOFFER(tap05736781-4c) 10.1.0.5 fa:16:3e:ab:d3:ef
Oct 17 07:28:19.281777 podb-esxi207 dnsmasq-dhcp[1833687]: DHCPREQUEST(tap05736781-4c) 10.1.0.5 fa:16:3e:ab:d3:ef
Oct 17 07:28:19.281807 podb-esxi207 dnsmasq-dhcp[1833687]: DHCPACK(tap05736781-4c) 10.1.0.5 fa:16:3e:ab:d3:ef host-10-1-0-5
Oct 17 07:28:19.296780 podb-esxi207 dnsmasq-dhcp[1837936]: DHCPDISCOVER(tap89f19f10-e6) fa:16:3e:57:ac:c9
Oct 17 07:28:19.296805 podb-esxi207 dnsmasq-dhcp[1837936]: DHCPOFFER(tap89f19f10-e6) 10.1.1.75 fa:16:3e:57:ac:c9
Oct 17 07:28:19.320955 podb-esxi207 dnsmasq-dhcp[1837936]: DHCPREQUEST(tap89f19f10-e6) 10.1.1.75 fa:16:3e:57:ac:c9
Oct 17 07:28:19.320983 podb-esxi207 dnsmasq-dhcp[1837936]: DHCPACK(tap89f19f10-e6) 10.1.1.75 fa:16:3e:57:ac:c9 host-10-1-1-75
Oct 17 07:28:20.595930 podb-esxi207 dnsmasq-dhcp[1837936]: DHCPDISCOVER(tap89f19f10-e6) fa:16:3e:37:24:3e
Oct 17 07:28:20.595954 podb-esxi207 dnsmasq-dhcp[1837936]: DHCPOFFER(tap89f19f10-e6) 10.1.1.112 fa:16:3e:37:24:3e
Oct 17 07:28:20.612803 podb-esxi207 dnsmasq-dhcp[1837936]: DHCPREQUEST(tap89f19f10-e6) 10.1.1.112 fa:16:3e:37:24:3e
Oct 17 07:28:20.612826 podb-esxi207 dnsmasq-dhcp[1837936]: DHCPACK(tap89f19f10-e6) 10.1.1.112 fa:16:3e:37:24:3e host-10-1-1-112
Oct 17 07:28:20.629308 podb-esxi207 dnsmasq-dhcp[1837936]: DHCPDISCOVER(tap89f19f10-e6) fa:16:3e:9d:95:01
Oct 17 07:28:20.629320 podb-esxi207 dnsmasq-dhcp[1837936]: DHCPOFFER(tap89f19f10-e6) 10.1.1.108 fa:16:3e:9d:95:01
Oct 17 07:28:20.637819 podb-esxi207 dnsmasq-dhcp[1837936]: DHCPREQUEST(tap89f19f10-e6) 10.1.1.108 fa:16:3e:9d:95:01
Oct 17 07:28:20.637837 podb-esxi207 dnsmasq-dhcp[1837936]: DHCPACK(tap89f19f10-e6) 10.1.1.108 fa:16:3e:9d:95:01 host-10-1-1-108
Oct 17 07:28:20.795595 podb-esxi207 dnsmasq-dhcp[1837936]: DHCPDISCOVER(tap89f19f10-e6) fa:16:3e:53:6e:34
Oct 17 07:28:20.795618 podb-esxi207 dnsmasq-dhcp[1837936]: DHCPOFFER(tap89f19f10-e6) 10.1.1.116 fa:16:3e:53:6e:34
Oct 17 07:28:20.804881 podb-esxi207 dnsmasq-dhcp[1837936]: DHCPREQUEST(tap89f19f10-e6) 10.1.1.116 fa:16:3e:53:6e:34
Oct 17 07:28:20.804905 podb-esxi207 dnsmasq-dhcp[1837936]: DHCPACK(tap89f19f10-e6) 10.1.1.116 fa:16:3e:53:6e:34 host-10-1-1-116
Oct 17 07:28:20.970632 podb-esxi207 dnsmasq-dhcp[1838007]: DHCPDISCOVER(tapb0424b0c-c2) fa:16:3e:d7:c6:81
Oct 17 07:28:20.970657 podb-esxi207 dnsmasq-dhcp[1838007]: DHCPOFFER(tapb0424b0c-c2) 10.2.2.100 fa:16:3e:d7:c6:81
Oct 17 07:28:20.976135 podb-esxi207 dnsmasq-dhcp[1838007]: DHCPREQUEST(tapb0424b0c-c2) 10.2.2.100 fa:16:3e:d7:c6:81
Oct 17 07:28:20.976156 podb-esxi207 dnsmasq-dhcp[1838007]: DHCPACK(tapb0424b0c-c2) 10.2.2.100 fa:16:3e:d7:c6:81 host-10-2-2-100
Oct 17 07:28:21.193790 podb-esxi207 dnsmasq-dhcp[1838007]: DHCPDISCOVER(tapb0424b0c-c2) fa:16:3e:32:02:a9
Oct 17 07:28:21.193814 podb-esxi207 dnsmasq-dhcp[1838007]: DHCPOFFER(tapb0424b0c-c2) 10.2.2.200 fa:16:3e:32:02:a9
Oct 17 07:28:21.197261 podb-esxi207 dnsmasq-dhcp[1838007]: DHCPREQUEST(tapb0424b0c-c2) 10.2.2.200 fa:16:3e:32:02:a9
Oct 17 07:28:21.197283 podb-esxi207 dnsmasq-dhcp[1838007]: DHCPACK(tapb0424b0c-c2) 10.2.2.200 fa:16:3e:32:02:a9 host-10-2-2-200
Oct 17 07:28:33.049152 podb-esxi207 dnsmasq[1841519]: started, version 2.90 cachesize 150
Oct 17 07:28:33.049188 podb-esxi207 dnsmasq[1841519]: DNS service limited to local subnets
Oct 17 07:28:33.049205 podb-esxi207 dnsmasq[1841519]: compile time options: IPv6 GNU-getopt DBus no-UBus i18n IDN2 DHCP DHCPv6 no-Lua TFTP conntrack ipset no-nftset auth cryptohash DNSSEC loop-detect inotify dumpfile
Oct 17 07:28:33.049245 podb-esxi207 dnsmasq-dhcp[1841519]: DHCP, static leases only on 10.1.1.0, lease time 1d
Oct 17 07:28:33.049421 podb-esxi207 dnsmasq[1841519]: reading /etc/resolv.conf
Oct 17 07:28:33.049444 podb-esxi207 dnsmasq[1841519]: using nameserver 127.0.0.53#53
Oct 17 07:28:33.049559 podb-esxi207 dnsmasq[1841519]: read /opt/stack/data/neutron/dhcp/338e3aaf-b223-4515-aba8-5cd59d5fb103/addn_hosts - 0 names
Oct 17 07:28:33.049623 podb-esxi207 dnsmasq-dhcp[1841519]: read /opt/stack/data/neutron/dhcp/338e3aaf-b223-4515-aba8-5cd59d5fb103/host
Oct 17 07:28:33.049684 podb-esxi207 dnsmasq-dhcp[1841519]: read /opt/stack/data/neutron/dhcp/338e3aaf-b223-4515-aba8-5cd59d5fb103/opts
Oct 17 07:28:36.168302 podb-esxi207 dnsmasq[1841605]: started, version 2.90 cachesize 150
Oct 17 07:28:36.168330 podb-esxi207 dnsmasq[1841605]: DNS service limited to local subnets
Oct 17 07:28:36.168345 podb-esxi207 dnsmasq[1841605]: compile time options: IPv6 GNU-getopt DBus no-UBus i18n IDN2 DHCP DHCPv6 no-Lua TFTP conntrack ipset no-nftset auth cryptohash DNSSEC loop-detect inotify dumpfile
Oct 17 07:28:36.168391 podb-esxi207 dnsmasq-dhcp[1841605]: DHCP, static leases only on 10.2.2.0, lease time 1d
Oct 17 07:28:36.168550 podb-esxi207 dnsmasq[1841605]: reading /etc/resolv.conf
Oct 17 07:28:36.168566 podb-esxi207 dnsmasq[1841605]: using nameserver 127.0.0.53#53
Oct 17 07:28:36.168675 podb-esxi207 dnsmasq[1841605]: read /opt/stack/data/neutron/dhcp/91e37988-b4e5-4652-a3c8-1fa76fda3384/addn_hosts - 0 names
Oct 17 07:28:36.168727 podb-esxi207 dnsmasq-dhcp[1841605]: read /opt/stack/data/neutron/dhcp/91e37988-b4e5-4652-a3c8-1fa76fda3384/host
Oct 17 07:28:36.168794 podb-esxi207 dnsmasq-dhcp[1841605]: read /opt/stack/data/neutron/dhcp/91e37988-b4e5-4652-a3c8-1fa76fda3384/opts
Oct 17 07:28:37.208144 podb-esxi207 dnsmasq[1841519]: read /opt/stack/data/neutron/dhcp/338e3aaf-b223-4515-aba8-5cd59d5fb103/addn_hosts - 4 names
Oct 17 07:28:37.208282 podb-esxi207 dnsmasq-dhcp[1841519]: read /opt/stack/data/neutron/dhcp/338e3aaf-b223-4515-aba8-5cd59d5fb103/host
Oct 17 07:28:37.208370 podb-esxi207 dnsmasq-dhcp[1841519]: read /opt/stack/data/neutron/dhcp/338e3aaf-b223-4515-aba8-5cd59d5fb103/opts
Oct 17 07:28:37.961311 podb-esxi207 dnsmasq-dhcp[1837936]: DHCPRELEASE(tap89f19f10-e6) 10.1.1.116 fa:16:3e:53:6e:34
Oct 17 07:28:37.978814 podb-esxi207 dnsmasq-dhcp[1837936]: DHCPRELEASE(tap89f19f10-e6) 10.1.1.116 fa:16:3e:53:6e:34 unknown lease
Oct 17 07:28:38.804315 podb-esxi207 dnsmasq[1837936]: read /opt/stack/data/neutron/dhcp/f1b848ef-a4cf-4692-aca5-4c992ab2ef49/addn_hosts - 6 names
Oct 17 07:28:38.804449 podb-esxi207 dnsmasq-dhcp[1837936]: read /opt/stack/data/neutron/dhcp/f1b848ef-a4cf-4692-aca5-4c992ab2ef49/host
Oct 17 07:28:38.804542 podb-esxi207 dnsmasq-dhcp[1837936]: read /opt/stack/data/neutron/dhcp/f1b848ef-a4cf-4692-aca5-4c992ab2ef49/opts
Oct 17 07:28:39.051137 podb-esxi207 dnsmasq-dhcp[1833687]: DHCPRELEASE(tap05736781-4c) 10.1.0.5 fa:16:3e:ab:d3:ef
Oct 17 07:28:39.066991 podb-esxi207 dnsmasq-dhcp[1833687]: DHCPRELEASE(tap05736781-4c) 10.1.0.5 fa:16:3e:ab:d3:ef unknown lease
Oct 17 07:28:39.892751 podb-esxi207 dnsmasq[1833687]: read /opt/stack/data/neutron/dhcp/e79ee07c-330d-46eb-9af7-a8b8f362a401/addn_hosts - 2 names
Oct 17 07:28:39.892849 podb-esxi207 dnsmasq-dhcp[1833687]: read /opt/stack/data/neutron/dhcp/e79ee07c-330d-46eb-9af7-a8b8f362a401/host
Oct 17 07:28:39.892922 podb-esxi207 dnsmasq-dhcp[1833687]: read /opt/stack/data/neutron/dhcp/e79ee07c-330d-46eb-9af7-a8b8f362a401/opts
Oct 17 07:28:41.158547 podb-esxi207 dnsmasq[1841605]: read /opt/stack/data/neutron/dhcp/91e37988-b4e5-4652-a3c8-1fa76fda3384/addn_hosts - 0 names
Oct 17 07:28:41.158616 podb-esxi207 dnsmasq-dhcp[1841605]: read /opt/stack/data/neutron/dhcp/91e37988-b4e5-4652-a3c8-1fa76fda3384/host
Oct 17 07:28:41.158692 podb-esxi207 dnsmasq-dhcp[1841605]: read /opt/stack/data/neutron/dhcp/91e37988-b4e5-4652-a3c8-1fa76fda3384/opts
Oct 17 07:28:41.403343 podb-esxi207 dnsmasq-dhcp[1838007]: DHCPRELEASE(tapb0424b0c-c2) 10.2.2.100 fa:16:3e:d7:c6:81
Oct 17 07:28:41.420689 podb-esxi207 dnsmasq-dhcp[1838007]: DHCPRELEASE(tapb0424b0c-c2) 10.2.2.100 fa:16:3e:d7:c6:81 unknown lease
Oct 17 07:28:42.245961 podb-esxi207 dnsmasq[1838007]: read /opt/stack/data/neutron/dhcp/7c09c909-9241-4b7b-a96f-f1bb6f09131b/addn_hosts - 2 names
Oct 17 07:28:42.246094 podb-esxi207 dnsmasq-dhcp[1838007]: read /opt/stack/data/neutron/dhcp/7c09c909-9241-4b7b-a96f-f1bb6f09131b/host
Oct 17 07:28:42.246186 podb-esxi207 dnsmasq-dhcp[1838007]: read /opt/stack/data/neutron/dhcp/7c09c909-9241-4b7b-a96f-f1bb6f09131b/opts
Oct 17 07:28:42.993750 podb-esxi207 dnsmasq[1841519]: read /opt/stack/data/neutron/dhcp/338e3aaf-b223-4515-aba8-5cd59d5fb103/addn_hosts - 4 names
Oct 17 07:28:42.993869 podb-esxi207 dnsmasq-dhcp[1841519]: read /opt/stack/data/neutron/dhcp/338e3aaf-b223-4515-aba8-5cd59d5fb103/host
Oct 17 07:28:42.993957 podb-esxi207 dnsmasq-dhcp[1841519]: read /opt/stack/data/neutron/dhcp/338e3aaf-b223-4515-aba8-5cd59d5fb103/opts
Oct 17 07:28:43.750414 podb-esxi207 dnsmasq-dhcp[1837936]: DHCPRELEASE(tap89f19f10-e6) 10.1.1.108 fa:16:3e:9d:95:01
Oct 17 07:28:43.767485 podb-esxi207 dnsmasq-dhcp[1837936]: DHCPRELEASE(tap89f19f10-e6) 10.1.1.108 fa:16:3e:9d:95:01 unknown lease
Oct 17 07:28:44.591740 podb-esxi207 dnsmasq[1837936]: read /opt/stack/data/neutron/dhcp/f1b848ef-a4cf-4692-aca5-4c992ab2ef49/addn_hosts - 4 names
Oct 17 07:28:44.591840 podb-esxi207 dnsmasq-dhcp[1837936]: read /opt/stack/data/neutron/dhcp/f1b848ef-a4cf-4692-aca5-4c992ab2ef49/host
Oct 17 07:28:44.591905 podb-esxi207 dnsmasq-dhcp[1837936]: read /opt/stack/data/neutron/dhcp/f1b848ef-a4cf-4692-aca5-4c992ab2ef49/opts
Oct 17 07:28:45.359058 podb-esxi207 dnsmasq[1839043]: read /opt/stack/data/neutron/dhcp/23548f4f-5325-459b-8791-c2d53880edfc/addn_hosts - 4 names
Oct 17 07:28:45.359190 podb-esxi207 dnsmasq-dhcp[1839043]: read /opt/stack/data/neutron/dhcp/23548f4f-5325-459b-8791-c2d53880edfc/host
Oct 17 07:28:45.359296 podb-esxi207 dnsmasq-dhcp[1839043]: read /opt/stack/data/neutron/dhcp/23548f4f-5325-459b-8791-c2d53880edfc/opts
Oct 17 07:28:46.112192 podb-esxi207 dnsmasq[1841605]: read /opt/stack/data/neutron/dhcp/91e37988-b4e5-4652-a3c8-1fa76fda3384/addn_hosts - 2 names
Oct 17 07:28:46.112307 podb-esxi207 dnsmasq-dhcp[1841605]: read /opt/stack/data/neutron/dhcp/91e37988-b4e5-4652-a3c8-1fa76fda3384/host
Oct 17 07:28:46.112392 podb-esxi207 dnsmasq-dhcp[1841605]: read /opt/stack/data/neutron/dhcp/91e37988-b4e5-4652-a3c8-1fa76fda3384/opts
Oct 17 07:28:46.370468 podb-esxi207 dnsmasq-dhcp[1838007]: DHCPRELEASE(tapb0424b0c-c2) 10.2.2.200 fa:16:3e:32:02:a9
Oct 17 07:28:46.387578 podb-esxi207 dnsmasq-dhcp[1838007]: DHCPRELEASE(tapb0424b0c-c2) 10.2.2.200 fa:16:3e:32:02:a9 unknown lease
Oct 17 07:28:47.219441 podb-esxi207 dnsmasq[1838007]: read /opt/stack/data/neutron/dhcp/7c09c909-9241-4b7b-a96f-f1bb6f09131b/addn_hosts - 0 names
Oct 17 07:28:47.219470 podb-esxi207 dnsmasq-dhcp[1838007]: read /opt/stack/data/neutron/dhcp/7c09c909-9241-4b7b-a96f-f1bb6f09131b/host
Oct 17 07:28:47.219492 podb-esxi207 dnsmasq-dhcp[1838007]: read /opt/stack/data/neutron/dhcp/7c09c909-9241-4b7b-a96f-f1bb6f09131b/opts
Oct 17 07:28:47.986809 podb-esxi207 dnsmasq[1841519]: read /opt/stack/data/neutron/dhcp/338e3aaf-b223-4515-aba8-5cd59d5fb103/addn_hosts - 4 names
Oct 17 07:28:47.986931 podb-esxi207 dnsmasq-dhcp[1841519]: read /opt/stack/data/neutron/dhcp/338e3aaf-b223-4515-aba8-5cd59d5fb103/host
Oct 17 07:28:47.987022 podb-esxi207 dnsmasq-dhcp[1841519]: read /opt/stack/data/neutron/dhcp/338e3aaf-b223-4515-aba8-5cd59d5fb103/opts
Oct 17 07:28:49.261795 podb-esxi207 dnsmasq[1841605]: read /opt/stack/data/neutron/dhcp/91e37988-b4e5-4652-a3c8-1fa76fda3384/addn_hosts - 4 names
Oct 17 07:28:49.261924 podb-esxi207 dnsmasq-dhcp[1841605]: read /opt/stack/data/neutron/dhcp/91e37988-b4e5-4652-a3c8-1fa76fda3384/host
Oct 17 07:28:49.262005 podb-esxi207 dnsmasq-dhcp[1841605]: read /opt/stack/data/neutron/dhcp/91e37988-b4e5-4652-a3c8-1fa76fda3384/opts
Oct 17 07:28:49.527337 podb-esxi207 dnsmasq-dhcp[1833160]: DHCPRELEASE(tapd1c8a0a6-01) 10.1.0.13 fa:16:3e:0a:21:3e
Oct 17 07:28:49.543106 podb-esxi207 dnsmasq-dhcp[1833160]: DHCPRELEASE(tapd1c8a0a6-01) 10.1.0.13 fa:16:3e:0a:21:3e unknown lease
Oct 17 07:28:50.367669 podb-esxi207 dnsmasq[1833160]: read /opt/stack/data/neutron/dhcp/fdf7e69c-9edc-4e97-986d-218e8f71696b/addn_hosts - 2 names
Oct 17 07:28:50.367780 podb-esxi207 dnsmasq-dhcp[1833160]: read /opt/stack/data/neutron/dhcp/fdf7e69c-9edc-4e97-986d-218e8f71696b/host
Oct 17 07:28:50.367910 podb-esxi207 dnsmasq-dhcp[1833160]: read /opt/stack/data/neutron/dhcp/fdf7e69c-9edc-4e97-986d-218e8f71696b/opts
Oct 17 07:28:51.133819 podb-esxi207 dnsmasq[1841519]: read /opt/stack/data/neutron/dhcp/338e3aaf-b223-4515-aba8-5cd59d5fb103/addn_hosts - 6 names
Oct 17 07:28:51.133944 podb-esxi207 dnsmasq-dhcp[1841519]: read /opt/stack/data/neutron/dhcp/338e3aaf-b223-4515-aba8-5cd59d5fb103/host
Oct 17 07:28:51.134008 podb-esxi207 dnsmasq-dhcp[1841519]: read /opt/stack/data/neutron/dhcp/338e3aaf-b223-4515-aba8-5cd59d5fb103/opts
Oct 17 07:28:52.395842 podb-esxi207 dnsmasq[1841519]: read /opt/stack/data/neutron/dhcp/338e3aaf-b223-4515-aba8-5cd59d5fb103/addn_hosts - 8 names
Oct 17 07:28:52.395962 podb-esxi207 dnsmasq-dhcp[1841519]: read /opt/stack/data/neutron/dhcp/338e3aaf-b223-4515-aba8-5cd59d5fb103/host
Oct 17 07:28:52.396016 podb-esxi207 dnsmasq-dhcp[1841519]: read /opt/stack/data/neutron/dhcp/338e3aaf-b223-4515-aba8-5cd59d5fb103/opts
Oct 17 07:28:53.143758 podb-esxi207 dnsmasq[1833160]: read /opt/stack/data/neutron/dhcp/fdf7e69c-9edc-4e97-986d-218e8f71696b/addn_hosts - 0 names
Oct 17 07:28:53.143874 podb-esxi207 dnsmasq-dhcp[1833160]: read /opt/stack/data/neutron/dhcp/fdf7e69c-9edc-4e97-986d-218e8f71696b/host
Oct 17 07:28:53.143969 podb-esxi207 dnsmasq-dhcp[1833160]: read /opt/stack/data/neutron/dhcp/fdf7e69c-9edc-4e97-986d-218e8f71696b/opts
Oct 17 07:28:54.403466 podb-esxi207 dnsmasq-dhcp[1835197]: DHCPRELEASE(tapbb44ec50-9d) 10.1.0.1 fa:16:3e:5f:c8:e9
Oct 17 07:28:55.227490 podb-esxi207 dnsmasq[1835197]: read /opt/stack/data/neutron/dhcp/2be3f1a0-0aa4-416a-93a4-d344e41e32e7/addn_hosts - 0 names
Oct 17 07:28:55.227569 podb-esxi207 dnsmasq-dhcp[1835197]: read /opt/stack/data/neutron/dhcp/2be3f1a0-0aa4-416a-93a4-d344e41e32e7/host
Oct 17 07:28:55.227659 podb-esxi207 dnsmasq-dhcp[1835197]: read /opt/stack/data/neutron/dhcp/2be3f1a0-0aa4-416a-93a4-d344e41e32e7/opts
Oct 17 07:28:55.484017 podb-esxi207 dnsmasq[1833160]: exiting on receipt of SIGTERM
Oct 17 07:28:56.625543 podb-esxi207 dnsmasq-dhcp[1836944]: DHCPRELEASE(tape2217dcb-ea) 10.1.0.1 fa:16:3e:9f:09:c1
Oct 17 07:28:57.458241 podb-esxi207 dnsmasq[1836944]: read /opt/stack/data/neutron/dhcp/95c98090-ad68-4c73-80f3-98295dd13474/addn_hosts - 0 names
Oct 17 07:28:57.458309 podb-esxi207 dnsmasq-dhcp[1836944]: read /opt/stack/data/neutron/dhcp/95c98090-ad68-4c73-80f3-98295dd13474/host
Oct 17 07:28:57.458396 podb-esxi207 dnsmasq-dhcp[1836944]: read /opt/stack/data/neutron/dhcp/95c98090-ad68-4c73-80f3-98295dd13474/opts
Oct 17 07:28:57.709692 podb-esxi207 dnsmasq[1835197]: exiting on receipt of SIGTERM
Oct 17 07:28:58.832299 podb-esxi207 dnsmasq[1836944]: exiting on receipt of SIGTERM
Oct 17 07:29:03.261911 podb-esxi207 dnsmasq[1842381]: started, version 2.90 cachesize 150
Oct 17 07:29:03.261943 podb-esxi207 dnsmasq[1842381]: DNS service limited to local subnets
Oct 17 07:29:03.261958 podb-esxi207 dnsmasq[1842381]: compile time options: IPv6 GNU-getopt DBus no-UBus i18n IDN2 DHCP DHCPv6 no-Lua TFTP conntrack ipset no-nftset auth cryptohash DNSSEC loop-detect inotify dumpfile
Oct 17 07:29:03.261993 podb-esxi207 dnsmasq-dhcp[1842381]: DHCP, static leases only on 10.1.0.0, lease time 1d
Oct 17 07:29:03.262152 podb-esxi207 dnsmasq[1842381]: reading /etc/resolv.conf
Oct 17 07:29:03.262169 podb-esxi207 dnsmasq[1842381]: using nameserver 127.0.0.53#53
Oct 17 07:29:03.262248 podb-esxi207 dnsmasq[1842381]: read /opt/stack/data/neutron/dhcp/f15f5588-e278-4a4b-98f1-d3eb883e918f/addn_hosts - 0 names
Oct 17 07:29:03.262300 podb-esxi207 dnsmasq-dhcp[1842381]: read /opt/stack/data/neutron/dhcp/f15f5588-e278-4a4b-98f1-d3eb883e918f/host
Oct 17 07:29:03.262367 podb-esxi207 dnsmasq-dhcp[1842381]: read /opt/stack/data/neutron/dhcp/f15f5588-e278-4a4b-98f1-d3eb883e918f/opts
Oct 17 07:29:04.807516 podb-esxi207 dnsmasq[1842381]: read /opt/stack/data/neutron/dhcp/f15f5588-e278-4a4b-98f1-d3eb883e918f/addn_hosts - 2 names
Oct 17 07:29:04.807637 podb-esxi207 dnsmasq-dhcp[1842381]: read /opt/stack/data/neutron/dhcp/f15f5588-e278-4a4b-98f1-d3eb883e918f/host
Oct 17 07:29:04.807749 podb-esxi207 dnsmasq-dhcp[1842381]: read /opt/stack/data/neutron/dhcp/f15f5588-e278-4a4b-98f1-d3eb883e918f/opts
Oct 17 07:29:07.739395 podb-esxi207 dnsmasq[1842658]: started, version 2.90 cachesize 150
Oct 17 07:29:07.739425 podb-esxi207 dnsmasq[1842658]: DNS service limited to local subnets
Oct 17 07:29:07.739440 podb-esxi207 dnsmasq[1842658]: compile time options: IPv6 GNU-getopt DBus no-UBus i18n IDN2 DHCP DHCPv6 no-Lua TFTP conntrack ipset no-nftset auth cryptohash DNSSEC loop-detect inotify dumpfile
Oct 17 07:29:07.739481 podb-esxi207 dnsmasq-dhcp[1842658]: DHCP, static leases only on 10.1.0.0, lease time 1d
Oct 17 07:29:07.739633 podb-esxi207 dnsmasq[1842658]: reading /etc/resolv.conf
Oct 17 07:29:07.739650 podb-esxi207 dnsmasq[1842658]: using nameserver 127.0.0.53#53
Oct 17 07:29:07.739741 podb-esxi207 dnsmasq[1842658]: read /opt/stack/data/neutron/dhcp/41a7d51a-9f10-4b2c-b692-bdf6a9b59408/addn_hosts - 0 names
Oct 17 07:29:07.739793 podb-esxi207 dnsmasq-dhcp[1842658]: read /opt/stack/data/neutron/dhcp/41a7d51a-9f10-4b2c-b692-bdf6a9b59408/host
Oct 17 07:29:07.739859 podb-esxi207 dnsmasq-dhcp[1842658]: read /opt/stack/data/neutron/dhcp/41a7d51a-9f10-4b2c-b692-bdf6a9b59408/opts
Oct 17 07:29:08.783363 podb-esxi207 dnsmasq[1842381]: read /opt/stack/data/neutron/dhcp/f15f5588-e278-4a4b-98f1-d3eb883e918f/addn_hosts - 2 names
Oct 17 07:29:08.783474 podb-esxi207 dnsmasq-dhcp[1842381]: read /opt/stack/data/neutron/dhcp/f15f5588-e278-4a4b-98f1-d3eb883e918f/host
Oct 17 07:29:08.783581 podb-esxi207 dnsmasq-dhcp[1842381]: read /opt/stack/data/neutron/dhcp/f15f5588-e278-4a4b-98f1-d3eb883e918f/opts
Oct 17 07:29:10.043408 podb-esxi207 dnsmasq[1842658]: read /opt/stack/data/neutron/dhcp/41a7d51a-9f10-4b2c-b692-bdf6a9b59408/addn_hosts - 2 names
Oct 17 07:29:10.043494 podb-esxi207 dnsmasq-dhcp[1842658]: read /opt/stack/data/neutron/dhcp/41a7d51a-9f10-4b2c-b692-bdf6a9b59408/host
Oct 17 07:29:10.043631 podb-esxi207 dnsmasq-dhcp[1842658]: read /opt/stack/data/neutron/dhcp/41a7d51a-9f10-4b2c-b692-bdf6a9b59408/opts
Oct 17 07:29:11.307717 podb-esxi207 dnsmasq[1842381]: read /opt/stack/data/neutron/dhcp/f15f5588-e278-4a4b-98f1-d3eb883e918f/addn_hosts - 2 names
Oct 17 07:29:11.307810 podb-esxi207 dnsmasq-dhcp[1842381]: read /opt/stack/data/neutron/dhcp/f15f5588-e278-4a4b-98f1-d3eb883e918f/host
Oct 17 07:29:11.307920 podb-esxi207 dnsmasq-dhcp[1842381]: read /opt/stack/data/neutron/dhcp/f15f5588-e278-4a4b-98f1-d3eb883e918f/opts
Oct 17 07:29:12.067721 podb-esxi207 dnsmasq[1842658]: read /opt/stack/data/neutron/dhcp/41a7d51a-9f10-4b2c-b692-bdf6a9b59408/addn_hosts - 2 names
Oct 17 07:29:12.067853 podb-esxi207 dnsmasq-dhcp[1842658]: read /opt/stack/data/neutron/dhcp/41a7d51a-9f10-4b2c-b692-bdf6a9b59408/host
Oct 17 07:29:12.067968 podb-esxi207 dnsmasq-dhcp[1842658]: read /opt/stack/data/neutron/dhcp/41a7d51a-9f10-4b2c-b692-bdf6a9b59408/opts
Oct 17 07:29:13.331744 podb-esxi207 dnsmasq[1842658]: read /opt/stack/data/neutron/dhcp/41a7d51a-9f10-4b2c-b692-bdf6a9b59408/addn_hosts - 2 names
Oct 17 07:29:13.331855 podb-esxi207 dnsmasq-dhcp[1842658]: read /opt/stack/data/neutron/dhcp/41a7d51a-9f10-4b2c-b692-bdf6a9b59408/host
Oct 17 07:29:13.331966 podb-esxi207 dnsmasq-dhcp[1842658]: read /opt/stack/data/neutron/dhcp/41a7d51a-9f10-4b2c-b692-bdf6a9b59408/opts
Oct 17 07:29:16.985214 podb-esxi207 dnsmasq[1842381]: read /opt/stack/data/neutron/dhcp/f15f5588-e278-4a4b-98f1-d3eb883e918f/addn_hosts - 4 names
Oct 17 07:29:16.985345 podb-esxi207 dnsmasq-dhcp[1842381]: read /opt/stack/data/neutron/dhcp/f15f5588-e278-4a4b-98f1-d3eb883e918f/host
Oct 17 07:29:16.985462 podb-esxi207 dnsmasq-dhcp[1842381]: read /opt/stack/data/neutron/dhcp/f15f5588-e278-4a4b-98f1-d3eb883e918f/opts
Oct 17 07:29:27.587003 podb-esxi207 dnsmasq-dhcp[1837936]: DHCPRELEASE(tap89f19f10-e6) 10.1.1.75 fa:16:3e:57:ac:c9
Oct 17 07:29:27.601162 podb-esxi207 dnsmasq-dhcp[1837936]: DHCPRELEASE(tap89f19f10-e6) 10.1.1.75 fa:16:3e:57:ac:c9 unknown lease
Oct 17 07:29:28.424739 podb-esxi207 dnsmasq[1837936]: read /opt/stack/data/neutron/dhcp/f1b848ef-a4cf-4692-aca5-4c992ab2ef49/addn_hosts - 2 names
Oct 17 07:29:28.424817 podb-esxi207 dnsmasq-dhcp[1837936]: read /opt/stack/data/neutron/dhcp/f1b848ef-a4cf-4692-aca5-4c992ab2ef49/host
Oct 17 07:29:28.424865 podb-esxi207 dnsmasq-dhcp[1837936]: read /opt/stack/data/neutron/dhcp/f1b848ef-a4cf-4692-aca5-4c992ab2ef49/opts
Oct 17 07:29:29.662435 podb-esxi207 dnsmasq[1838007]: exiting on receipt of SIGTERM
Oct 17 07:29:30.265634 podb-esxi207 dnsmasq[1837936]: exiting on receipt of SIGTERM
Oct 17 07:29:40.282851 podb-esxi207 dnsmasq-dhcp[1833687]: DHCPRELEASE(tap05736781-4c) 10.1.0.1 fa:16:3e:75:e5:af
Oct 17 07:29:41.106205 podb-esxi207 dnsmasq[1833687]: read /opt/stack/data/neutron/dhcp/e79ee07c-330d-46eb-9af7-a8b8f362a401/addn_hosts - 0 names
Oct 17 07:29:41.106283 podb-esxi207 dnsmasq-dhcp[1833687]: read /opt/stack/data/neutron/dhcp/e79ee07c-330d-46eb-9af7-a8b8f362a401/host
Oct 17 07:29:41.106333 podb-esxi207 dnsmasq-dhcp[1833687]: read /opt/stack/data/neutron/dhcp/e79ee07c-330d-46eb-9af7-a8b8f362a401/opts
Oct 17 07:29:41.840444 podb-esxi207 dnsmasq[1833687]: exiting on receipt of SIGTERM
Oct 17 07:29:42.552260 podb-esxi207 dnsmasq-dhcp[1836561]: DHCPRELEASE(tap7c2f2d11-d6) 10.1.0.1 fa:16:3e:b0:a2:d0
Oct 17 07:29:42.590707 podb-esxi207 dnsmasq-dhcp[1842381]: DHCPDISCOVER(tap98613334-54) fa:16:3e:47:43:66
Oct 17 07:29:42.590740 podb-esxi207 dnsmasq-dhcp[1842381]: DHCPOFFER(tap98613334-54) 10.1.0.14 fa:16:3e:47:43:66
Oct 17 07:29:42.600967 podb-esxi207 dnsmasq-dhcp[1842381]: DHCPREQUEST(tap98613334-54) 10.1.0.14 fa:16:3e:47:43:66
Oct 17 07:29:42.600996 podb-esxi207 dnsmasq-dhcp[1842381]: DHCPACK(tap98613334-54) 10.1.0.14 fa:16:3e:47:43:66 host-10-1-0-14
Oct 17 07:29:43.377147 podb-esxi207 dnsmasq[1836561]: read /opt/stack/data/neutron/dhcp/c9d0f744-8088-428c-93b2-96fdcfb7cdc4/addn_hosts - 0 names
Oct 17 07:29:43.377219 podb-esxi207 dnsmasq-dhcp[1836561]: read /opt/stack/data/neutron/dhcp/c9d0f744-8088-428c-93b2-96fdcfb7cdc4/host
Oct 17 07:29:43.377270 podb-esxi207 dnsmasq-dhcp[1836561]: read /opt/stack/data/neutron/dhcp/c9d0f744-8088-428c-93b2-96fdcfb7cdc4/opts
Oct 17 07:29:43.612113 podb-esxi207 dnsmasq-dhcp[1834731]: DHCPRELEASE(tap833c203c-61) 10.1.0.10 fa:16:3e:ad:2f:ec
Oct 17 07:29:43.628694 podb-esxi207 dnsmasq-dhcp[1834731]: DHCPRELEASE(tap833c203c-61) 10.1.0.10 fa:16:3e:ad:2f:ec unknown lease
Oct 17 07:29:44.448483 podb-esxi207 dnsmasq[1834731]: read /opt/stack/data/neutron/dhcp/c9639118-ea4c-4a5c-86d8-8be243376b2e/addn_hosts - 4 names
Oct 17 07:29:44.448563 podb-esxi207 dnsmasq-dhcp[1834731]: read /opt/stack/data/neutron/dhcp/c9639118-ea4c-4a5c-86d8-8be243376b2e/host
Oct 17 07:29:44.448631 podb-esxi207 dnsmasq-dhcp[1834731]: read /opt/stack/data/neutron/dhcp/c9639118-ea4c-4a5c-86d8-8be243376b2e/opts
Oct 17 07:29:44.676018 podb-esxi207 dnsmasq[1836561]: exiting on receipt of SIGTERM
Oct 17 07:29:45.280407 podb-esxi207 dnsmasq-dhcp[1834731]: DHCPRELEASE(tap833c203c-61) 10.1.0.5 fa:16:3e:3b:a1:e9
Oct 17 07:29:45.295365 podb-esxi207 dnsmasq-dhcp[1834731]: DHCPRELEASE(tap833c203c-61) 10.1.0.5 fa:16:3e:3b:a1:e9 unknown lease
Oct 17 07:29:46.116538 podb-esxi207 dnsmasq[1834731]: read /opt/stack/data/neutron/dhcp/c9639118-ea4c-4a5c-86d8-8be243376b2e/addn_hosts - 2 names
Oct 17 07:29:46.116619 podb-esxi207 dnsmasq-dhcp[1834731]: read /opt/stack/data/neutron/dhcp/c9639118-ea4c-4a5c-86d8-8be243376b2e/host
Oct 17 07:29:46.116774 podb-esxi207 dnsmasq-dhcp[1834731]: read /opt/stack/data/neutron/dhcp/c9639118-ea4c-4a5c-86d8-8be243376b2e/opts
Oct 17 07:29:48.842188 podb-esxi207 dnsmasq[1844667]: started, version 2.90 cachesize 150
Oct 17 07:29:48.842216 podb-esxi207 dnsmasq[1844667]: DNS service limited to local subnets
Oct 17 07:29:48.842231 podb-esxi207 dnsmasq[1844667]: compile time options: IPv6 GNU-getopt DBus no-UBus i18n IDN2 DHCP DHCPv6 no-Lua TFTP conntrack ipset no-nftset auth cryptohash DNSSEC loop-detect inotify dumpfile
Oct 17 07:29:48.842269 podb-esxi207 dnsmasq-dhcp[1844667]: DHCP, static leases only on 10.1.0.0, lease time 1d
Oct 17 07:29:48.842421 podb-esxi207 dnsmasq[1844667]: reading /etc/resolv.conf
Oct 17 07:29:48.842438 podb-esxi207 dnsmasq[1844667]: using nameserver 127.0.0.53#53
Oct 17 07:29:48.842538 podb-esxi207 dnsmasq[1844667]: read /opt/stack/data/neutron/dhcp/78b915e8-7c4a-46a2-8f47-3becdb9ecea4/addn_hosts - 2 names
Oct 17 07:29:48.842602 podb-esxi207 dnsmasq-dhcp[1844667]: read /opt/stack/data/neutron/dhcp/78b915e8-7c4a-46a2-8f47-3becdb9ecea4/host
Oct 17 07:29:48.842668 podb-esxi207 dnsmasq-dhcp[1844667]: read /opt/stack/data/neutron/dhcp/78b915e8-7c4a-46a2-8f47-3becdb9ecea4/opts
Oct 17 07:29:50.386866 podb-esxi207 dnsmasq[1844667]: read /opt/stack/data/neutron/dhcp/78b915e8-7c4a-46a2-8f47-3becdb9ecea4/addn_hosts - 2 names
Oct 17 07:29:50.386943 podb-esxi207 dnsmasq-dhcp[1844667]: read /opt/stack/data/neutron/dhcp/78b915e8-7c4a-46a2-8f47-3becdb9ecea4/host
Oct 17 07:29:50.387018 podb-esxi207 dnsmasq-dhcp[1844667]: read /opt/stack/data/neutron/dhcp/78b915e8-7c4a-46a2-8f47-3becdb9ecea4/opts
Oct 17 07:29:51.637743 podb-esxi207 dnsmasq[1844667]: read /opt/stack/data/neutron/dhcp/78b915e8-7c4a-46a2-8f47-3becdb9ecea4/addn_hosts - 2 names
Oct 17 07:29:51.637841 podb-esxi207 dnsmasq-dhcp[1844667]: read /opt/stack/data/neutron/dhcp/78b915e8-7c4a-46a2-8f47-3becdb9ecea4/host
Oct 17 07:29:51.637912 podb-esxi207 dnsmasq-dhcp[1844667]: read /opt/stack/data/neutron/dhcp/78b915e8-7c4a-46a2-8f47-3becdb9ecea4/opts
Oct 17 07:29:52.901795 podb-esxi207 dnsmasq[1844667]: read /opt/stack/data/neutron/dhcp/78b915e8-7c4a-46a2-8f47-3becdb9ecea4/addn_hosts - 2 names
Oct 17 07:29:52.901925 podb-esxi207 dnsmasq-dhcp[1844667]: read /opt/stack/data/neutron/dhcp/78b915e8-7c4a-46a2-8f47-3becdb9ecea4/host
Oct 17 07:29:52.902024 podb-esxi207 dnsmasq-dhcp[1844667]: read /opt/stack/data/neutron/dhcp/78b915e8-7c4a-46a2-8f47-3becdb9ecea4/opts
Oct 17 07:29:54.172110 podb-esxi207 dnsmasq[1844667]: read /opt/stack/data/neutron/dhcp/78b915e8-7c4a-46a2-8f47-3becdb9ecea4/addn_hosts - 4 names
Oct 17 07:29:54.172244 podb-esxi207 dnsmasq-dhcp[1844667]: read /opt/stack/data/neutron/dhcp/78b915e8-7c4a-46a2-8f47-3becdb9ecea4/host
Oct 17 07:29:54.172359 podb-esxi207 dnsmasq-dhcp[1844667]: read /opt/stack/data/neutron/dhcp/78b915e8-7c4a-46a2-8f47-3becdb9ecea4/opts
Oct 17 07:30:00.305967 podb-esxi207 dnsmasq-dhcp[1834731]: DHCPRELEASE(tap833c203c-61) 10.1.0.1 fa:16:3e:1f:29:39
Oct 17 07:30:01.126754 podb-esxi207 dnsmasq[1834731]: read /opt/stack/data/neutron/dhcp/c9639118-ea4c-4a5c-86d8-8be243376b2e/addn_hosts - 0 names
Oct 17 07:30:01.126829 podb-esxi207 dnsmasq-dhcp[1834731]: read /opt/stack/data/neutron/dhcp/c9639118-ea4c-4a5c-86d8-8be243376b2e/host
Oct 17 07:30:01.126878 podb-esxi207 dnsmasq-dhcp[1834731]: read /opt/stack/data/neutron/dhcp/c9639118-ea4c-4a5c-86d8-8be243376b2e/opts
Oct 17 07:30:01.892321 podb-esxi207 dnsmasq[1834731]: exiting on receipt of SIGTERM
Oct 17 07:30:02.503774 podb-esxi207 dnsmasq-dhcp[1835667]: DHCPRELEASE(tap298131c5-9e) 10.1.0.1 fa:16:3e:ef:b1:97
Oct 17 07:30:03.326208 podb-esxi207 dnsmasq[1835667]: read /opt/stack/data/neutron/dhcp/3980175c-62a8-4c95-bbdd-99950051a271/addn_hosts - 0 names
Oct 17 07:30:03.326277 podb-esxi207 dnsmasq-dhcp[1835667]: read /opt/stack/data/neutron/dhcp/3980175c-62a8-4c95-bbdd-99950051a271/host
Oct 17 07:30:03.326347 podb-esxi207 dnsmasq-dhcp[1835667]: read /opt/stack/data/neutron/dhcp/3980175c-62a8-4c95-bbdd-99950051a271/opts
Oct 17 07:30:03.564894 podb-esxi207 dnsmasq[1835667]: exiting on receipt of SIGTERM
Oct 17 07:30:04.176748 podb-esxi207 dnsmasq-dhcp[1837056]: DHCPRELEASE(tap539a62f7-2a) 10.1.0.1 fa:16:3e:27:80:ac
Oct 17 07:30:04.998121 podb-esxi207 dnsmasq[1837056]: read /opt/stack/data/neutron/dhcp/78506fbc-5bf9-42cb-a8df-be810db19442/addn_hosts - 0 names
Oct 17 07:30:04.998196 podb-esxi207 dnsmasq-dhcp[1837056]: read /opt/stack/data/neutron/dhcp/78506fbc-5bf9-42cb-a8df-be810db19442/host
Oct 17 07:30:04.998306 podb-esxi207 dnsmasq-dhcp[1837056]: read /opt/stack/data/neutron/dhcp/78506fbc-5bf9-42cb-a8df-be810db19442/opts
Oct 17 07:30:05.202659 podb-esxi207 dnsmasq[1837056]: exiting on receipt of SIGTERM
Oct 17 07:30:09.220103 podb-esxi207 dnsmasq[1845193]: started, version 2.90 cachesize 150
Oct 17 07:30:09.220129 podb-esxi207 dnsmasq[1845193]: DNS service limited to local subnets
Oct 17 07:30:09.220144 podb-esxi207 dnsmasq[1845193]: compile time options: IPv6 GNU-getopt DBus no-UBus i18n IDN2 DHCP DHCPv6 no-Lua TFTP conntrack ipset no-nftset auth cryptohash DNSSEC loop-detect inotify dumpfile
Oct 17 07:30:09.220184 podb-esxi207 dnsmasq-dhcp[1845193]: DHCP, static leases only on 10.1.0.0, lease time 1d
Oct 17 07:30:09.220332 podb-esxi207 dnsmasq[1845193]: reading /etc/resolv.conf
Oct 17 07:30:09.220348 podb-esxi207 dnsmasq[1845193]: using nameserver 127.0.0.53#53
Oct 17 07:30:09.220427 podb-esxi207 dnsmasq[1845193]: read /opt/stack/data/neutron/dhcp/af9faadd-2cef-4694-9b73-24925cab564c/addn_hosts - 0 names
Oct 17 07:30:09.220476 podb-esxi207 dnsmasq-dhcp[1845193]: read /opt/stack/data/neutron/dhcp/af9faadd-2cef-4694-9b73-24925cab564c/host
Oct 17 07:30:09.220531 podb-esxi207 dnsmasq-dhcp[1845193]: read /opt/stack/data/neutron/dhcp/af9faadd-2cef-4694-9b73-24925cab564c/opts
Oct 17 07:30:12.341502 podb-esxi207 dnsmasq[1845448]: started, version 2.90 cachesize 150
Oct 17 07:30:12.341528 podb-esxi207 dnsmasq[1845448]: DNS service limited to local subnets
Oct 17 07:30:12.341544 podb-esxi207 dnsmasq[1845448]: compile time options: IPv6 GNU-getopt DBus no-UBus i18n IDN2 DHCP DHCPv6 no-Lua TFTP conntrack ipset no-nftset auth cryptohash DNSSEC loop-detect inotify dumpfile
Oct 17 07:30:12.341584 podb-esxi207 dnsmasq-dhcp[1845448]: DHCP, static leases only on 10.1.0.0, lease time 1d
Oct 17 07:30:12.341731 podb-esxi207 dnsmasq[1845448]: reading /etc/resolv.conf
Oct 17 07:30:12.341747 podb-esxi207 dnsmasq[1845448]: using nameserver 127.0.0.53#53
Oct 17 07:30:12.341830 podb-esxi207 dnsmasq[1845448]: read /opt/stack/data/neutron/dhcp/4795966b-f603-435b-b46e-c6f7740dd419/addn_hosts - 0 names
