Oct 17 06:05:57.487909 podb-esxi207 systemd[1]: Started Devstack devstack@q-dhcp.service.
Oct 17 06:05:57.908413 podb-esxi207 neutron-dhcp-agent[1738584]: This program is using eventlet and has been monkey_patched
Oct 17 06:06:15.225647 podb-esxi207 sudo[1740768]:    stack : PWD=/ ; USER=root ; COMMAND=/opt/stack/data/venv/bin/neutron-rootwrap /etc/neutron/rootwrap.conf privsep-helper --config-file /etc/neutron/neutron.conf --config-file /etc/neutron/dhcp_agent.ini --privsep_context neutron.privileged.default --privsep_sock_path /tmp/tmp9uux37ur/privsep.sock
Oct 17 06:06:15.226800 podb-esxi207 sudo[1740768]: pam_unix(sudo:session): session opened for user root(uid=0) by (uid=1001)
Oct 17 06:06:16.001024 podb-esxi207 sudo[1740768]: pam_unix(sudo:session): session closed for user root
Oct 17 06:06:17.035349 podb-esxi207 sudo[1740812]:    stack : PWD=/ ; USER=root ; COMMAND=/opt/stack/data/venv/bin/neutron-rootwrap /etc/neutron/rootwrap.conf privsep-helper --config-file /etc/neutron/neutron.conf --config-file /etc/neutron/dhcp_agent.ini --privsep_context neutron.privileged.namespace_cmd --privsep_sock_path /tmp/tmpap0q5de5/privsep.sock
Oct 17 06:06:17.036491 podb-esxi207 sudo[1740812]: pam_unix(sudo:session): session opened for user root(uid=0) by (uid=1001)
Oct 17 06:06:17.842827 podb-esxi207 sudo[1740812]: pam_unix(sudo:session): session closed for user root
Oct 17 06:06:18.942362 podb-esxi207 sudo[1740858]:    stack : PWD=/ ; USER=root ; COMMAND=/opt/stack/data/venv/bin/neutron-rootwrap /etc/neutron/rootwrap.conf privsep-helper --config-file /etc/neutron/neutron.conf --config-file /etc/neutron/dhcp_agent.ini --privsep_context neutron.privileged.link_cmd --privsep_sock_path /tmp/tmp0oabnjw0/privsep.sock
Oct 17 06:06:18.943216 podb-esxi207 sudo[1740858]: pam_unix(sudo:session): session opened for user root(uid=0) by (uid=1001)
Oct 17 06:06:19.713957 podb-esxi207 sudo[1740858]: pam_unix(sudo:session): session closed for user root
Oct 17 06:06:22.336501 podb-esxi207 sudo[1741005]:    stack : PWD=/ ; USER=root ; COMMAND=/opt/stack/data/venv/bin/neutron-rootwrap-daemon /etc/neutron/rootwrap.conf
Oct 17 06:06:22.337654 podb-esxi207 sudo[1741005]: pam_unix(sudo:session): session opened for user root(uid=0) by (uid=1001)
Oct 17 06:06:22.620391 podb-esxi207 dnsmasq[1741017]: started, version 2.90 cachesize 150
Oct 17 06:06:22.620421 podb-esxi207 dnsmasq[1741017]: DNS service limited to local subnets
Oct 17 06:06:22.620436 podb-esxi207 dnsmasq[1741017]: compile time options: IPv6 GNU-getopt DBus no-UBus i18n IDN2 DHCP DHCPv6 no-Lua TFTP conntrack ipset no-nftset auth cryptohash DNSSEC loop-detect inotify dumpfile
Oct 17 06:06:22.620472 podb-esxi207 dnsmasq-dhcp[1741017]: DHCP, static leases only on 10.1.0.0, lease time 1d
Oct 17 06:06:22.620631 podb-esxi207 dnsmasq[1741017]: reading /etc/resolv.conf
Oct 17 06:06:22.620673 podb-esxi207 dnsmasq[1741017]: using nameserver 127.0.0.53#53
Oct 17 06:06:22.620781 podb-esxi207 dnsmasq[1741017]: read /opt/stack/data/neutron/dhcp/372ed0df-b87d-4cc9-bea1-e38e81ac52d5/addn_hosts - 0 names
Oct 17 06:06:22.620834 podb-esxi207 dnsmasq-dhcp[1741017]: read /opt/stack/data/neutron/dhcp/372ed0df-b87d-4cc9-bea1-e38e81ac52d5/host
Oct 17 06:06:22.620893 podb-esxi207 dnsmasq-dhcp[1741017]: read /opt/stack/data/neutron/dhcp/372ed0df-b87d-4cc9-bea1-e38e81ac52d5/opts
Oct 17 06:06:24.167507 podb-esxi207 dnsmasq[1741017]: read /opt/stack/data/neutron/dhcp/372ed0df-b87d-4cc9-bea1-e38e81ac52d5/addn_hosts - 0 names
Oct 17 06:06:24.167608 podb-esxi207 dnsmasq-dhcp[1741017]: read /opt/stack/data/neutron/dhcp/372ed0df-b87d-4cc9-bea1-e38e81ac52d5/host
Oct 17 06:06:24.167702 podb-esxi207 dnsmasq-dhcp[1741017]: read /opt/stack/data/neutron/dhcp/372ed0df-b87d-4cc9-bea1-e38e81ac52d5/opts
Oct 17 06:06:26.819512 podb-esxi207 dnsmasq[1741017]: read /opt/stack/data/neutron/dhcp/372ed0df-b87d-4cc9-bea1-e38e81ac52d5/addn_hosts - 2 names
Oct 17 06:06:26.819653 podb-esxi207 dnsmasq-dhcp[1741017]: read /opt/stack/data/neutron/dhcp/372ed0df-b87d-4cc9-bea1-e38e81ac52d5/host
Oct 17 06:06:26.819761 podb-esxi207 dnsmasq-dhcp[1741017]: read /opt/stack/data/neutron/dhcp/372ed0df-b87d-4cc9-bea1-e38e81ac52d5/opts
Oct 17 06:06:28.071872 podb-esxi207 dnsmasq[1741017]: read /opt/stack/data/neutron/dhcp/372ed0df-b87d-4cc9-bea1-e38e81ac52d5/addn_hosts - 2 names
Oct 17 06:06:28.071981 podb-esxi207 dnsmasq-dhcp[1741017]: read /opt/stack/data/neutron/dhcp/372ed0df-b87d-4cc9-bea1-e38e81ac52d5/host
Oct 17 06:06:28.072087 podb-esxi207 dnsmasq-dhcp[1741017]: read /opt/stack/data/neutron/dhcp/372ed0df-b87d-4cc9-bea1-e38e81ac52d5/opts
Oct 17 06:08:20.539778 podb-esxi207 dnsmasq[1753699]: started, version 2.90 cachesize 150
Oct 17 06:08:20.539806 podb-esxi207 dnsmasq[1753699]: DNS service limited to local subnets
Oct 17 06:08:20.539820 podb-esxi207 dnsmasq[1753699]: compile time options: IPv6 GNU-getopt DBus no-UBus i18n IDN2 DHCP DHCPv6 no-Lua TFTP conntrack ipset no-nftset auth cryptohash DNSSEC loop-detect inotify dumpfile
Oct 17 06:08:20.539869 podb-esxi207 dnsmasq-dhcp[1753699]: DHCP, static leases only on 192.168.233.0, lease time 1d
Oct 17 06:08:20.540023 podb-esxi207 dnsmasq[1753699]: reading /etc/resolv.conf
Oct 17 06:08:20.540041 podb-esxi207 dnsmasq[1753699]: using nameserver 127.0.0.53#53
Oct 17 06:08:20.540126 podb-esxi207 dnsmasq[1753699]: read /opt/stack/data/neutron/dhcp/951707e0-1e61-4783-92c5-127e5397da54/addn_hosts - 0 names
Oct 17 06:08:20.540177 podb-esxi207 dnsmasq-dhcp[1753699]: read /opt/stack/data/neutron/dhcp/951707e0-1e61-4783-92c5-127e5397da54/host
Oct 17 06:08:20.540234 podb-esxi207 dnsmasq-dhcp[1753699]: read /opt/stack/data/neutron/dhcp/951707e0-1e61-4783-92c5-127e5397da54/opts
Oct 17 06:08:22.085416 podb-esxi207 dnsmasq[1753699]: read /opt/stack/data/neutron/dhcp/951707e0-1e61-4783-92c5-127e5397da54/addn_hosts - 0 names
Oct 17 06:08:22.085486 podb-esxi207 dnsmasq-dhcp[1753699]: read /opt/stack/data/neutron/dhcp/951707e0-1e61-4783-92c5-127e5397da54/host
Oct 17 06:08:22.085537 podb-esxi207 dnsmasq-dhcp[1753699]: read /opt/stack/data/neutron/dhcp/951707e0-1e61-4783-92c5-127e5397da54/opts
Oct 17 06:14:59.406642 podb-esxi207 dnsmasq[1759848]: started, version 2.90 cachesize 150
Oct 17 06:14:59.406672 podb-esxi207 dnsmasq[1759848]: DNS service limited to local subnets
Oct 17 06:14:59.406688 podb-esxi207 dnsmasq[1759848]: compile time options: IPv6 GNU-getopt DBus no-UBus i18n IDN2 DHCP DHCPv6 no-Lua TFTP conntrack ipset no-nftset auth cryptohash DNSSEC loop-detect inotify dumpfile
Oct 17 06:14:59.406729 podb-esxi207 dnsmasq-dhcp[1759848]: DHCP, static leases only on 10.1.0.0, lease time 1d
Oct 17 06:14:59.406889 podb-esxi207 dnsmasq[1759848]: reading /etc/resolv.conf
Oct 17 06:14:59.406906 podb-esxi207 dnsmasq[1759848]: using nameserver 127.0.0.53#53
Oct 17 06:14:59.407000 podb-esxi207 dnsmasq[1759848]: read /opt/stack/data/neutron/dhcp/78a317b8-69ef-4f4d-9112-d09b247cf26e/addn_hosts - 0 names
Oct 17 06:14:59.407053 podb-esxi207 dnsmasq-dhcp[1759848]: read /opt/stack/data/neutron/dhcp/78a317b8-69ef-4f4d-9112-d09b247cf26e/host
Oct 17 06:14:59.407112 podb-esxi207 dnsmasq-dhcp[1759848]: read /opt/stack/data/neutron/dhcp/78a317b8-69ef-4f4d-9112-d09b247cf26e/opts
Oct 17 06:15:02.662256 podb-esxi207 dnsmasq[1760389]: started, version 2.90 cachesize 150
Oct 17 06:15:02.662286 podb-esxi207 dnsmasq[1760389]: DNS service limited to local subnets
Oct 17 06:15:02.662302 podb-esxi207 dnsmasq[1760389]: compile time options: IPv6 GNU-getopt DBus no-UBus i18n IDN2 DHCP DHCPv6 no-Lua TFTP conntrack ipset no-nftset auth cryptohash DNSSEC loop-detect inotify dumpfile
Oct 17 06:15:02.662338 podb-esxi207 dnsmasq-dhcp[1760389]: DHCP, static leases only on 10.1.0.0, lease time 1d
Oct 17 06:15:02.662494 podb-esxi207 dnsmasq[1760389]: reading /etc/resolv.conf
Oct 17 06:15:02.662512 podb-esxi207 dnsmasq[1760389]: using nameserver 127.0.0.53#53
Oct 17 06:15:02.662619 podb-esxi207 dnsmasq[1760389]: read /opt/stack/data/neutron/dhcp/cef17b04-a318-4489-a045-e38ac375e625/addn_hosts - 2 names
Oct 17 06:15:02.662683 podb-esxi207 dnsmasq-dhcp[1760389]: read /opt/stack/data/neutron/dhcp/cef17b04-a318-4489-a045-e38ac375e625/host
Oct 17 06:15:02.662751 podb-esxi207 dnsmasq-dhcp[1760389]: read /opt/stack/data/neutron/dhcp/cef17b04-a318-4489-a045-e38ac375e625/opts
Oct 17 06:15:05.371670 podb-esxi207 dnsmasq[1760861]: started, version 2.90 cachesize 150
Oct 17 06:15:05.371695 podb-esxi207 dnsmasq[1760861]: DNS service limited to local subnets
Oct 17 06:15:05.371710 podb-esxi207 dnsmasq[1760861]: compile time options: IPv6 GNU-getopt DBus no-UBus i18n IDN2 DHCP DHCPv6 no-Lua TFTP conntrack ipset no-nftset auth cryptohash DNSSEC loop-detect inotify dumpfile
Oct 17 06:15:05.371757 podb-esxi207 dnsmasq-dhcp[1760861]: DHCP, static leases only on 10.1.0.0, lease time 1d
Oct 17 06:15:05.371909 podb-esxi207 dnsmasq[1760861]: reading /etc/resolv.conf
Oct 17 06:15:05.371926 podb-esxi207 dnsmasq[1760861]: using nameserver 127.0.0.53#53
Oct 17 06:15:05.372051 podb-esxi207 dnsmasq[1760861]: read /opt/stack/data/neutron/dhcp/4935ae11-6f21-4bed-84d2-7bd1b2c7154f/addn_hosts - 2 names
Oct 17 06:15:05.372117 podb-esxi207 dnsmasq-dhcp[1760861]: read /opt/stack/data/neutron/dhcp/4935ae11-6f21-4bed-84d2-7bd1b2c7154f/host
Oct 17 06:15:05.372184 podb-esxi207 dnsmasq-dhcp[1760861]: read /opt/stack/data/neutron/dhcp/4935ae11-6f21-4bed-84d2-7bd1b2c7154f/opts
Oct 17 06:15:08.058081 podb-esxi207 dnsmasq[1761375]: started, version 2.90 cachesize 150
Oct 17 06:15:08.058111 podb-esxi207 dnsmasq[1761375]: DNS service limited to local subnets
Oct 17 06:15:08.058127 podb-esxi207 dnsmasq[1761375]: compile time options: IPv6 GNU-getopt DBus no-UBus i18n IDN2 DHCP DHCPv6 no-Lua TFTP conntrack ipset no-nftset auth cryptohash DNSSEC loop-detect inotify dumpfile
Oct 17 06:15:08.058169 podb-esxi207 dnsmasq-dhcp[1761375]: DHCP, static leases only on 10.1.0.0, lease time 1d
Oct 17 06:15:08.058326 podb-esxi207 dnsmasq[1761375]: reading /etc/resolv.conf
Oct 17 06:15:08.058343 podb-esxi207 dnsmasq[1761375]: using nameserver 127.0.0.53#53
Oct 17 06:15:08.058458 podb-esxi207 dnsmasq[1761375]: read /opt/stack/data/neutron/dhcp/e622985b-d9c5-41bc-8bd3-251a13212ab3/addn_hosts - 2 names
Oct 17 06:15:08.058514 podb-esxi207 dnsmasq-dhcp[1761375]: read /opt/stack/data/neutron/dhcp/e622985b-d9c5-41bc-8bd3-251a13212ab3/host
Oct 17 06:15:08.058590 podb-esxi207 dnsmasq-dhcp[1761375]: read /opt/stack/data/neutron/dhcp/e622985b-d9c5-41bc-8bd3-251a13212ab3/opts
Oct 17 06:15:09.102928 podb-esxi207 dnsmasq[1759848]: read /opt/stack/data/neutron/dhcp/78a317b8-69ef-4f4d-9112-d09b247cf26e/addn_hosts - 2 names
Oct 17 06:15:09.103027 podb-esxi207 dnsmasq-dhcp[1759848]: read /opt/stack/data/neutron/dhcp/78a317b8-69ef-4f4d-9112-d09b247cf26e/host
Oct 17 06:15:09.103204 podb-esxi207 dnsmasq-dhcp[1759848]: read /opt/stack/data/neutron/dhcp/78a317b8-69ef-4f4d-9112-d09b247cf26e/opts
Oct 17 06:15:12.127905 podb-esxi207 dnsmasq[1761842]: started, version 2.90 cachesize 150
Oct 17 06:15:12.127935 podb-esxi207 dnsmasq[1761842]: DNS service limited to local subnets
Oct 17 06:15:12.127951 podb-esxi207 dnsmasq[1761842]: compile time options: IPv6 GNU-getopt DBus no-UBus i18n IDN2 DHCP DHCPv6 no-Lua TFTP conntrack ipset no-nftset auth cryptohash DNSSEC loop-detect inotify dumpfile
Oct 17 06:15:12.127990 podb-esxi207 dnsmasq-dhcp[1761842]: DHCP, static leases only on 10.1.0.0, lease time 1d
Oct 17 06:15:12.128153 podb-esxi207 dnsmasq[1761842]: reading /etc/resolv.conf
Oct 17 06:15:12.128170 podb-esxi207 dnsmasq[1761842]: using nameserver 127.0.0.53#53
Oct 17 06:15:12.128285 podb-esxi207 dnsmasq[1761842]: read /opt/stack/data/neutron/dhcp/d577ff2c-6586-4fcf-8882-fbe0511ba1a2/addn_hosts - 2 names
Oct 17 06:15:12.128347 podb-esxi207 dnsmasq-dhcp[1761842]: read /opt/stack/data/neutron/dhcp/d577ff2c-6586-4fcf-8882-fbe0511ba1a2/host
Oct 17 06:15:12.128415 podb-esxi207 dnsmasq-dhcp[1761842]: read /opt/stack/data/neutron/dhcp/d577ff2c-6586-4fcf-8882-fbe0511ba1a2/opts
Oct 17 06:15:15.347413 podb-esxi207 dnsmasq[1762476]: started, version 2.90 cachesize 150
Oct 17 06:15:15.347443 podb-esxi207 dnsmasq[1762476]: DNS service limited to local subnets
Oct 17 06:15:15.347458 podb-esxi207 dnsmasq[1762476]: compile time options: IPv6 GNU-getopt DBus no-UBus i18n IDN2 DHCP DHCPv6 no-Lua TFTP conntrack ipset no-nftset auth cryptohash DNSSEC loop-detect inotify dumpfile
Oct 17 06:15:15.347506 podb-esxi207 dnsmasq-dhcp[1762476]: DHCP, static leases only on 10.1.0.0, lease time 1d
Oct 17 06:15:15.347659 podb-esxi207 dnsmasq[1762476]: reading /etc/resolv.conf
Oct 17 06:15:15.347676 podb-esxi207 dnsmasq[1762476]: using nameserver 127.0.0.53#53
Oct 17 06:15:15.347802 podb-esxi207 dnsmasq[1762476]: read /opt/stack/data/neutron/dhcp/6ef8a31c-bdef-4480-9f4f-7efd418d9d7a/addn_hosts - 2 names
Oct 17 06:15:15.347867 podb-esxi207 dnsmasq-dhcp[1762476]: read /opt/stack/data/neutron/dhcp/6ef8a31c-bdef-4480-9f4f-7efd418d9d7a/host
Oct 17 06:15:15.347934 podb-esxi207 dnsmasq-dhcp[1762476]: read /opt/stack/data/neutron/dhcp/6ef8a31c-bdef-4480-9f4f-7efd418d9d7a/opts
Oct 17 06:15:18.410612 podb-esxi207 dnsmasq[1761375]: read /opt/stack/data/neutron/dhcp/e622985b-d9c5-41bc-8bd3-251a13212ab3/addn_hosts - 2 names
Oct 17 06:15:18.410706 podb-esxi207 dnsmasq-dhcp[1761375]: read /opt/stack/data/neutron/dhcp/e622985b-d9c5-41bc-8bd3-251a13212ab3/host
Oct 17 06:15:18.410784 podb-esxi207 dnsmasq-dhcp[1761375]: read /opt/stack/data/neutron/dhcp/e622985b-d9c5-41bc-8bd3-251a13212ab3/opts
Oct 17 06:15:19.223136 podb-esxi207 dnsmasq[1759848]: read /opt/stack/data/neutron/dhcp/78a317b8-69ef-4f4d-9112-d09b247cf26e/addn_hosts - 2 names
Oct 17 06:15:19.223240 podb-esxi207 dnsmasq-dhcp[1759848]: read /opt/stack/data/neutron/dhcp/78a317b8-69ef-4f4d-9112-d09b247cf26e/host
Oct 17 06:15:19.223345 podb-esxi207 dnsmasq-dhcp[1759848]: read /opt/stack/data/neutron/dhcp/78a317b8-69ef-4f4d-9112-d09b247cf26e/opts
Oct 17 06:15:20.527845 podb-esxi207 dnsmasq[1761842]: read /opt/stack/data/neutron/dhcp/d577ff2c-6586-4fcf-8882-fbe0511ba1a2/addn_hosts - 2 names
Oct 17 06:15:20.527947 podb-esxi207 dnsmasq-dhcp[1761842]: read /opt/stack/data/neutron/dhcp/d577ff2c-6586-4fcf-8882-fbe0511ba1a2/host
Oct 17 06:15:20.528051 podb-esxi207 dnsmasq-dhcp[1761842]: read /opt/stack/data/neutron/dhcp/d577ff2c-6586-4fcf-8882-fbe0511ba1a2/opts
Oct 17 06:15:22.899809 podb-esxi207 dnsmasq[1760389]: read /opt/stack/data/neutron/dhcp/cef17b04-a318-4489-a045-e38ac375e625/addn_hosts - 2 names
Oct 17 06:15:22.899900 podb-esxi207 dnsmasq-dhcp[1760389]: read /opt/stack/data/neutron/dhcp/cef17b04-a318-4489-a045-e38ac375e625/host
Oct 17 06:15:22.899971 podb-esxi207 dnsmasq-dhcp[1760389]: read /opt/stack/data/neutron/dhcp/cef17b04-a318-4489-a045-e38ac375e625/opts
Oct 17 06:15:23.658910 podb-esxi207 dnsmasq[1760861]: read /opt/stack/data/neutron/dhcp/4935ae11-6f21-4bed-84d2-7bd1b2c7154f/addn_hosts - 2 names
Oct 17 06:15:23.659070 podb-esxi207 dnsmasq-dhcp[1760861]: read /opt/stack/data/neutron/dhcp/4935ae11-6f21-4bed-84d2-7bd1b2c7154f/host
Oct 17 06:15:23.659230 podb-esxi207 dnsmasq-dhcp[1760861]: read /opt/stack/data/neutron/dhcp/4935ae11-6f21-4bed-84d2-7bd1b2c7154f/opts
Oct 17 06:15:24.471931 podb-esxi207 dnsmasq[1761375]: read /opt/stack/data/neutron/dhcp/e622985b-d9c5-41bc-8bd3-251a13212ab3/addn_hosts - 2 names
Oct 17 06:15:24.472070 podb-esxi207 dnsmasq-dhcp[1761375]: read /opt/stack/data/neutron/dhcp/e622985b-d9c5-41bc-8bd3-251a13212ab3/host
Oct 17 06:15:24.472196 podb-esxi207 dnsmasq-dhcp[1761375]: read /opt/stack/data/neutron/dhcp/e622985b-d9c5-41bc-8bd3-251a13212ab3/opts
Oct 17 06:15:25.214743 podb-esxi207 dnsmasq[1759848]: read /opt/stack/data/neutron/dhcp/78a317b8-69ef-4f4d-9112-d09b247cf26e/addn_hosts - 2 names
Oct 17 06:15:25.214829 podb-esxi207 dnsmasq-dhcp[1759848]: read /opt/stack/data/neutron/dhcp/78a317b8-69ef-4f4d-9112-d09b247cf26e/host
Oct 17 06:15:25.214927 podb-esxi207 dnsmasq-dhcp[1759848]: read /opt/stack/data/neutron/dhcp/78a317b8-69ef-4f4d-9112-d09b247cf26e/opts
Oct 17 06:15:28.583368 podb-esxi207 dnsmasq[1763979]: started, version 2.90 cachesize 150
Oct 17 06:15:28.583396 podb-esxi207 dnsmasq[1763979]: DNS service limited to local subnets
Oct 17 06:15:28.583411 podb-esxi207 dnsmasq[1763979]: compile time options: IPv6 GNU-getopt DBus no-UBus i18n IDN2 DHCP DHCPv6 no-Lua TFTP conntrack ipset no-nftset auth cryptohash DNSSEC loop-detect inotify dumpfile
Oct 17 06:15:28.583446 podb-esxi207 dnsmasq-dhcp[1763979]: DHCP, static leases only on 10.1.0.0, lease time 1d
Oct 17 06:15:28.583599 podb-esxi207 dnsmasq[1763979]: reading /etc/resolv.conf
Oct 17 06:15:28.583616 podb-esxi207 dnsmasq[1763979]: using nameserver 127.0.0.53#53
Oct 17 06:15:28.583722 podb-esxi207 dnsmasq[1763979]: read /opt/stack/data/neutron/dhcp/6a71b24b-78b8-431e-92a5-f628b45fb3ae/addn_hosts - 2 names
Oct 17 06:15:28.583786 podb-esxi207 dnsmasq-dhcp[1763979]: read /opt/stack/data/neutron/dhcp/6a71b24b-78b8-431e-92a5-f628b45fb3ae/host
Oct 17 06:15:28.583854 podb-esxi207 dnsmasq-dhcp[1763979]: read /opt/stack/data/neutron/dhcp/6a71b24b-78b8-431e-92a5-f628b45fb3ae/opts
Oct 17 06:15:31.196713 podb-esxi207 dnsmasq[1764105]: started, version 2.90 cachesize 150
Oct 17 06:15:31.196738 podb-esxi207 dnsmasq[1764105]: DNS service limited to local subnets
Oct 17 06:15:31.196753 podb-esxi207 dnsmasq[1764105]: compile time options: IPv6 GNU-getopt DBus no-UBus i18n IDN2 DHCP DHCPv6 no-Lua TFTP conntrack ipset no-nftset auth cryptohash DNSSEC loop-detect inotify dumpfile
Oct 17 06:15:31.196789 podb-esxi207 dnsmasq-dhcp[1764105]: DHCP, static leases only on 10.1.0.0, lease time 1d
Oct 17 06:15:31.196938 podb-esxi207 dnsmasq[1764105]: reading /etc/resolv.conf
Oct 17 06:15:31.196955 podb-esxi207 dnsmasq[1764105]: using nameserver 127.0.0.53#53
Oct 17 06:15:31.197067 podb-esxi207 dnsmasq[1764105]: read /opt/stack/data/neutron/dhcp/00f88350-9681-43ff-8f57-fab3da842c32/addn_hosts - 2 names
Oct 17 06:15:31.197123 podb-esxi207 dnsmasq-dhcp[1764105]: read /opt/stack/data/neutron/dhcp/00f88350-9681-43ff-8f57-fab3da842c32/host
Oct 17 06:15:31.197198 podb-esxi207 dnsmasq-dhcp[1764105]: read /opt/stack/data/neutron/dhcp/00f88350-9681-43ff-8f57-fab3da842c32/opts
Oct 17 06:15:33.235234 podb-esxi207 dnsmasq[1760389]: read /opt/stack/data/neutron/dhcp/cef17b04-a318-4489-a045-e38ac375e625/addn_hosts - 2 names
Oct 17 06:15:33.235314 podb-esxi207 dnsmasq-dhcp[1760389]: read /opt/stack/data/neutron/dhcp/cef17b04-a318-4489-a045-e38ac375e625/host
Oct 17 06:15:33.235391 podb-esxi207 dnsmasq-dhcp[1760389]: read /opt/stack/data/neutron/dhcp/cef17b04-a318-4489-a045-e38ac375e625/opts
Oct 17 06:15:33.964952 podb-esxi207 dnsmasq[1760861]: read /opt/stack/data/neutron/dhcp/4935ae11-6f21-4bed-84d2-7bd1b2c7154f/addn_hosts - 2 names
Oct 17 06:15:33.965098 podb-esxi207 dnsmasq-dhcp[1760861]: read /opt/stack/data/neutron/dhcp/4935ae11-6f21-4bed-84d2-7bd1b2c7154f/host
Oct 17 06:15:33.965213 podb-esxi207 dnsmasq-dhcp[1760861]: read /opt/stack/data/neutron/dhcp/4935ae11-6f21-4bed-84d2-7bd1b2c7154f/opts
Oct 17 06:15:34.693536 podb-esxi207 dnsmasq[1761375]: read /opt/stack/data/neutron/dhcp/e622985b-d9c5-41bc-8bd3-251a13212ab3/addn_hosts - 2 names
Oct 17 06:15:34.693612 podb-esxi207 dnsmasq-dhcp[1761375]: read /opt/stack/data/neutron/dhcp/e622985b-d9c5-41bc-8bd3-251a13212ab3/host
Oct 17 06:15:34.693690 podb-esxi207 dnsmasq-dhcp[1761375]: read /opt/stack/data/neutron/dhcp/e622985b-d9c5-41bc-8bd3-251a13212ab3/opts
Oct 17 06:15:37.858780 podb-esxi207 dnsmasq[1764514]: started, version 2.90 cachesize 150
Oct 17 06:15:37.858803 podb-esxi207 dnsmasq[1764514]: DNS service limited to local subnets
Oct 17 06:15:37.858818 podb-esxi207 dnsmasq[1764514]: compile time options: IPv6 GNU-getopt DBus no-UBus i18n IDN2 DHCP DHCPv6 no-Lua TFTP conntrack ipset no-nftset auth cryptohash DNSSEC loop-detect inotify dumpfile
Oct 17 06:15:37.858852 podb-esxi207 dnsmasq-dhcp[1764514]: DHCP, static leases only on 10.1.0.0, lease time 1d
Oct 17 06:15:37.859005 podb-esxi207 dnsmasq[1764514]: reading /etc/resolv.conf
Oct 17 06:15:37.859021 podb-esxi207 dnsmasq[1764514]: using nameserver 127.0.0.53#53
Oct 17 06:15:37.859121 podb-esxi207 dnsmasq[1764514]: read /opt/stack/data/neutron/dhcp/d549572a-3221-49ad-acf6-f7c615b18ef2/addn_hosts - 2 names
Oct 17 06:15:37.859182 podb-esxi207 dnsmasq-dhcp[1764514]: read /opt/stack/data/neutron/dhcp/d549572a-3221-49ad-acf6-f7c615b18ef2/host
Oct 17 06:15:37.859248 podb-esxi207 dnsmasq-dhcp[1764514]: read /opt/stack/data/neutron/dhcp/d549572a-3221-49ad-acf6-f7c615b18ef2/opts
Oct 17 06:15:40.428971 podb-esxi207 dnsmasq[1764645]: started, version 2.90 cachesize 150
Oct 17 06:15:40.428996 podb-esxi207 dnsmasq[1764645]: DNS service limited to local subnets
Oct 17 06:15:40.429011 podb-esxi207 dnsmasq[1764645]: compile time options: IPv6 GNU-getopt DBus no-UBus i18n IDN2 DHCP DHCPv6 no-Lua TFTP conntrack ipset no-nftset auth cryptohash DNSSEC loop-detect inotify dumpfile
Oct 17 06:15:40.429046 podb-esxi207 dnsmasq-dhcp[1764645]: DHCP, static leases only on 10.1.0.0, lease time 1d
Oct 17 06:15:40.429192 podb-esxi207 dnsmasq[1764645]: reading /etc/resolv.conf
Oct 17 06:15:40.429208 podb-esxi207 dnsmasq[1764645]: using nameserver 127.0.0.53#53
Oct 17 06:15:40.429318 podb-esxi207 dnsmasq[1764645]: read /opt/stack/data/neutron/dhcp/b51b4bd4-e83f-43bd-81d4-ac4be3fbd03a/addn_hosts - 2 names
Oct 17 06:15:40.429379 podb-esxi207 dnsmasq-dhcp[1764645]: read /opt/stack/data/neutron/dhcp/b51b4bd4-e83f-43bd-81d4-ac4be3fbd03a/host
Oct 17 06:15:40.429452 podb-esxi207 dnsmasq-dhcp[1764645]: read /opt/stack/data/neutron/dhcp/b51b4bd4-e83f-43bd-81d4-ac4be3fbd03a/opts
Oct 17 06:15:42.943857 podb-esxi207 dnsmasq[1764712]: started, version 2.90 cachesize 150
Oct 17 06:15:42.943883 podb-esxi207 dnsmasq[1764712]: DNS service limited to local subnets
Oct 17 06:15:42.943898 podb-esxi207 dnsmasq[1764712]: compile time options: IPv6 GNU-getopt DBus no-UBus i18n IDN2 DHCP DHCPv6 no-Lua TFTP conntrack ipset no-nftset auth cryptohash DNSSEC loop-detect inotify dumpfile
Oct 17 06:15:42.943932 podb-esxi207 dnsmasq-dhcp[1764712]: DHCP, static leases only on 10.1.0.0, lease time 1d
Oct 17 06:15:42.944079 podb-esxi207 dnsmasq[1764712]: reading /etc/resolv.conf
Oct 17 06:15:42.944094 podb-esxi207 dnsmasq[1764712]: using nameserver 127.0.0.53#53
Oct 17 06:15:42.944201 podb-esxi207 dnsmasq[1764712]: read /opt/stack/data/neutron/dhcp/9e6c2aab-6834-474d-851e-318a05f0472a/addn_hosts - 2 names
Oct 17 06:15:42.944256 podb-esxi207 dnsmasq-dhcp[1764712]: read /opt/stack/data/neutron/dhcp/9e6c2aab-6834-474d-851e-318a05f0472a/host
Oct 17 06:15:42.944329 podb-esxi207 dnsmasq-dhcp[1764712]: read /opt/stack/data/neutron/dhcp/9e6c2aab-6834-474d-851e-318a05f0472a/opts
Oct 17 06:15:45.458116 podb-esxi207 dnsmasq[1764788]: started, version 2.90 cachesize 150
Oct 17 06:15:45.458125 podb-esxi207 dnsmasq[1764788]: DNS service limited to local subnets
Oct 17 06:15:45.458129 podb-esxi207 dnsmasq[1764788]: compile time options: IPv6 GNU-getopt DBus no-UBus i18n IDN2 DHCP DHCPv6 no-Lua TFTP conntrack ipset no-nftset auth cryptohash DNSSEC loop-detect inotify dumpfile
Oct 17 06:15:45.458141 podb-esxi207 dnsmasq-dhcp[1764788]: DHCP, static leases only on 10.1.0.0, lease time 1d
Oct 17 06:15:45.458184 podb-esxi207 dnsmasq[1764788]: reading /etc/resolv.conf
Oct 17 06:15:45.458188 podb-esxi207 dnsmasq[1764788]: using nameserver 127.0.0.53#53
Oct 17 06:15:45.458225 podb-esxi207 dnsmasq[1764788]: read /opt/stack/data/neutron/dhcp/0f2ecbb7-9219-4a42-9c14-396bcc8c8117/addn_hosts - 2 names
Oct 17 06:15:45.458242 podb-esxi207 dnsmasq-dhcp[1764788]: read /opt/stack/data/neutron/dhcp/0f2ecbb7-9219-4a42-9c14-396bcc8c8117/host
Oct 17 06:15:45.458261 podb-esxi207 dnsmasq-dhcp[1764788]: read /opt/stack/data/neutron/dhcp/0f2ecbb7-9219-4a42-9c14-396bcc8c8117/opts
Oct 17 06:15:45.994006 podb-esxi207 dnsmasq[1760389]: exiting on receipt of SIGTERM
Oct 17 06:15:46.251453 podb-esxi207 dnsmasq-dhcp[1759848]: DHCPDISCOVER(tapffc602c7-ec) fa:16:3e:6d:3c:df no address available
Oct 17 06:15:46.601577 podb-esxi207 dnsmasq[1760861]: exiting on receipt of SIGTERM
Oct 17 06:15:48.244334 podb-esxi207 dnsmasq[1762476]: read /opt/stack/data/neutron/dhcp/6ef8a31c-bdef-4480-9f4f-7efd418d9d7a/addn_hosts - 2 names
Oct 17 06:15:48.244418 podb-esxi207 dnsmasq-dhcp[1762476]: read /opt/stack/data/neutron/dhcp/6ef8a31c-bdef-4480-9f4f-7efd418d9d7a/host
Oct 17 06:15:48.244515 podb-esxi207 dnsmasq-dhcp[1762476]: read /opt/stack/data/neutron/dhcp/6ef8a31c-bdef-4480-9f4f-7efd418d9d7a/opts
Oct 17 06:15:48.960851 podb-esxi207 dnsmasq-dhcp[1761375]: DHCPDISCOVER(tapa338905f-3e) fa:16:3e:de:bf:2a no address available
Oct 17 06:15:49.463678 podb-esxi207 dnsmasq[1763979]: read /opt/stack/data/neutron/dhcp/6a71b24b-78b8-431e-92a5-f628b45fb3ae/addn_hosts - 2 names
Oct 17 06:15:49.463827 podb-esxi207 dnsmasq-dhcp[1763979]: read /opt/stack/data/neutron/dhcp/6a71b24b-78b8-431e-92a5-f628b45fb3ae/host
Oct 17 06:15:49.463967 podb-esxi207 dnsmasq-dhcp[1763979]: read /opt/stack/data/neutron/dhcp/6a71b24b-78b8-431e-92a5-f628b45fb3ae/opts
Oct 17 06:15:50.511933 podb-esxi207 dnsmasq-dhcp[1759848]: DHCPDISCOVER(tapffc602c7-ec) fa:16:3e:6d:3c:df no address available
Oct 17 06:15:50.698294 podb-esxi207 dnsmasq[1764105]: read /opt/stack/data/neutron/dhcp/00f88350-9681-43ff-8f57-fab3da842c32/addn_hosts - 2 names
Oct 17 06:15:50.698395 podb-esxi207 dnsmasq-dhcp[1764105]: read /opt/stack/data/neutron/dhcp/00f88350-9681-43ff-8f57-fab3da842c32/host
Oct 17 06:15:50.698494 podb-esxi207 dnsmasq-dhcp[1764105]: read /opt/stack/data/neutron/dhcp/00f88350-9681-43ff-8f57-fab3da842c32/opts
Oct 17 06:15:51.937056 podb-esxi207 dnsmasq[1764514]: read /opt/stack/data/neutron/dhcp/d549572a-3221-49ad-acf6-f7c615b18ef2/addn_hosts - 2 names
Oct 17 06:15:51.937145 podb-esxi207 dnsmasq-dhcp[1764514]: read /opt/stack/data/neutron/dhcp/d549572a-3221-49ad-acf6-f7c615b18ef2/host
Oct 17 06:15:51.937186 podb-esxi207 dnsmasq-dhcp[1764514]: read /opt/stack/data/neutron/dhcp/d549572a-3221-49ad-acf6-f7c615b18ef2/opts
Oct 17 06:15:52.143877 podb-esxi207 dnsmasq-dhcp[1761375]: DHCPDISCOVER(tapa338905f-3e) fa:16:3e:48:2e:65 no address available
Oct 17 06:15:53.189827 podb-esxi207 dnsmasq[1764645]: read /opt/stack/data/neutron/dhcp/b51b4bd4-e83f-43bd-81d4-ac4be3fbd03a/addn_hosts - 2 names
Oct 17 06:15:53.189912 podb-esxi207 dnsmasq-dhcp[1764645]: read /opt/stack/data/neutron/dhcp/b51b4bd4-e83f-43bd-81d4-ac4be3fbd03a/host
Oct 17 06:15:53.190001 podb-esxi207 dnsmasq-dhcp[1764645]: read /opt/stack/data/neutron/dhcp/b51b4bd4-e83f-43bd-81d4-ac4be3fbd03a/opts
Oct 17 06:15:53.384719 podb-esxi207 dnsmasq-dhcp[1761375]: DHCPDISCOVER(tapa338905f-3e) fa:16:3e:de:bf:2a no address available
Oct 17 06:15:54.429823 podb-esxi207 dnsmasq[1764712]: read /opt/stack/data/neutron/dhcp/9e6c2aab-6834-474d-851e-318a05f0472a/addn_hosts - 2 names
Oct 17 06:15:54.429942 podb-esxi207 dnsmasq-dhcp[1764712]: read /opt/stack/data/neutron/dhcp/9e6c2aab-6834-474d-851e-318a05f0472a/host
Oct 17 06:15:54.430056 podb-esxi207 dnsmasq-dhcp[1764712]: read /opt/stack/data/neutron/dhcp/9e6c2aab-6834-474d-851e-318a05f0472a/opts
Oct 17 06:15:55.672447 podb-esxi207 dnsmasq[1764788]: read /opt/stack/data/neutron/dhcp/0f2ecbb7-9219-4a42-9c14-396bcc8c8117/addn_hosts - 2 names
Oct 17 06:15:55.672581 podb-esxi207 dnsmasq-dhcp[1764788]: read /opt/stack/data/neutron/dhcp/0f2ecbb7-9219-4a42-9c14-396bcc8c8117/host
Oct 17 06:15:55.672721 podb-esxi207 dnsmasq-dhcp[1764788]: read /opt/stack/data/neutron/dhcp/0f2ecbb7-9219-4a42-9c14-396bcc8c8117/opts
Oct 17 06:15:56.870970 podb-esxi207 dnsmasq-dhcp[1761375]: DHCPDISCOVER(tapa338905f-3e) fa:16:3e:48:2e:65 no address available
Oct 17 06:15:58.705181 podb-esxi207 dnsmasq-dhcp[1759848]: DHCPDISCOVER(tapffc602c7-ec) fa:16:3e:6d:3c:df no address available
Oct 17 06:16:00.783250 podb-esxi207 dnsmasq-dhcp[1761375]: DHCPDISCOVER(tapa338905f-3e) fa:16:3e:de:bf:2a no address available
Oct 17 06:16:01.117404 podb-esxi207 dnsmasq[1764939]: started, version 2.90 cachesize 150
Oct 17 06:16:01.117432 podb-esxi207 dnsmasq[1764939]: DNS service limited to local subnets
Oct 17 06:16:01.117447 podb-esxi207 dnsmasq[1764939]: compile time options: IPv6 GNU-getopt DBus no-UBus i18n IDN2 DHCP DHCPv6 no-Lua TFTP conntrack ipset no-nftset auth cryptohash DNSSEC loop-detect inotify dumpfile
Oct 17 06:16:01.117483 podb-esxi207 dnsmasq-dhcp[1764939]: DHCP, static leases only on 10.1.1.0, lease time 1d
Oct 17 06:16:01.117643 podb-esxi207 dnsmasq[1764939]: reading /etc/resolv.conf
Oct 17 06:16:01.117660 podb-esxi207 dnsmasq[1764939]: using nameserver 127.0.0.53#53
Oct 17 06:16:01.117777 podb-esxi207 dnsmasq[1764939]: read /opt/stack/data/neutron/dhcp/1bb206b0-42c6-4c50-b81b-c7038ee3e50b/addn_hosts - 4 names
Oct 17 06:16:01.117843 podb-esxi207 dnsmasq-dhcp[1764939]: read /opt/stack/data/neutron/dhcp/1bb206b0-42c6-4c50-b81b-c7038ee3e50b/host
Oct 17 06:16:01.117896 podb-esxi207 dnsmasq-dhcp[1764939]: read /opt/stack/data/neutron/dhcp/1bb206b0-42c6-4c50-b81b-c7038ee3e50b/opts
Oct 17 06:16:03.739422 podb-esxi207 dnsmasq[1765018]: started, version 2.90 cachesize 150
Oct 17 06:16:03.739451 podb-esxi207 dnsmasq[1765018]: DNS service limited to local subnets
Oct 17 06:16:03.739465 podb-esxi207 dnsmasq[1765018]: compile time options: IPv6 GNU-getopt DBus no-UBus i18n IDN2 DHCP DHCPv6 no-Lua TFTP conntrack ipset no-nftset auth cryptohash DNSSEC loop-detect inotify dumpfile
Oct 17 06:16:03.739501 podb-esxi207 dnsmasq-dhcp[1765018]: DHCP, static leases only on 10.2.2.0, lease time 1d
Oct 17 06:16:03.739652 podb-esxi207 dnsmasq[1765018]: reading /etc/resolv.conf
Oct 17 06:16:03.739670 podb-esxi207 dnsmasq[1765018]: using nameserver 127.0.0.53#53
Oct 17 06:16:03.739755 podb-esxi207 dnsmasq[1765018]: read /opt/stack/data/neutron/dhcp/ee82af7c-13a6-480b-9ed4-35e49f61ca8c/addn_hosts - 0 names
Oct 17 06:16:03.739807 podb-esxi207 dnsmasq-dhcp[1765018]: read /opt/stack/data/neutron/dhcp/ee82af7c-13a6-480b-9ed4-35e49f61ca8c/host
Oct 17 06:16:03.739871 podb-esxi207 dnsmasq-dhcp[1765018]: read /opt/stack/data/neutron/dhcp/ee82af7c-13a6-480b-9ed4-35e49f61ca8c/opts
Oct 17 06:16:05.568458 podb-esxi207 dnsmasq-dhcp[1761375]: DHCPDISCOVER(tapa338905f-3e) fa:16:3e:48:2e:65 no address available
Oct 17 06:16:06.372088 podb-esxi207 dnsmasq[1765081]: started, version 2.90 cachesize 150
Oct 17 06:16:06.372112 podb-esxi207 dnsmasq[1765081]: DNS service limited to local subnets
Oct 17 06:16:06.372128 podb-esxi207 dnsmasq[1765081]: compile time options: IPv6 GNU-getopt DBus no-UBus i18n IDN2 DHCP DHCPv6 no-Lua TFTP conntrack ipset no-nftset auth cryptohash DNSSEC loop-detect inotify dumpfile
Oct 17 06:16:06.372169 podb-esxi207 dnsmasq-dhcp[1765081]: DHCP, static leases only on 10.1.1.0, lease time 1d
Oct 17 06:16:06.372324 podb-esxi207 dnsmasq[1765081]: reading /etc/resolv.conf
Oct 17 06:16:06.372340 podb-esxi207 dnsmasq[1765081]: using nameserver 127.0.0.53#53
Oct 17 06:16:06.372467 podb-esxi207 dnsmasq[1765081]: read /opt/stack/data/neutron/dhcp/1e66bcf7-75a6-4012-af2d-deae615ebcd0/addn_hosts - 6 names
Oct 17 06:16:06.372537 podb-esxi207 dnsmasq-dhcp[1765081]: read /opt/stack/data/neutron/dhcp/1e66bcf7-75a6-4012-af2d-deae615ebcd0/host
Oct 17 06:16:06.372593 podb-esxi207 dnsmasq-dhcp[1765081]: read /opt/stack/data/neutron/dhcp/1e66bcf7-75a6-4012-af2d-deae615ebcd0/opts
Oct 17 06:16:08.999852 podb-esxi207 dnsmasq[1765151]: started, version 2.90 cachesize 150
Oct 17 06:16:08.999879 podb-esxi207 dnsmasq[1765151]: DNS service limited to local subnets
Oct 17 06:16:08.999895 podb-esxi207 dnsmasq[1765151]: compile time options: IPv6 GNU-getopt DBus no-UBus i18n IDN2 DHCP DHCPv6 no-Lua TFTP conntrack ipset no-nftset auth cryptohash DNSSEC loop-detect inotify dumpfile
Oct 17 06:16:08.999930 podb-esxi207 dnsmasq-dhcp[1765151]: DHCP, static leases only on 10.2.2.0, lease time 1d
Oct 17 06:16:09.000849 podb-esxi207 dnsmasq[1765151]: reading /etc/resolv.conf
Oct 17 06:16:09.000868 podb-esxi207 dnsmasq[1765151]: using nameserver 127.0.0.53#53
Oct 17 06:16:09.000993 podb-esxi207 dnsmasq[1765151]: read /opt/stack/data/neutron/dhcp/c87664a4-624f-4ed5-a2ab-adcf5071c4c3/addn_hosts - 4 names
Oct 17 06:16:09.001063 podb-esxi207 dnsmasq-dhcp[1765151]: read /opt/stack/data/neutron/dhcp/c87664a4-624f-4ed5-a2ab-adcf5071c4c3/host
Oct 17 06:16:09.001116 podb-esxi207 dnsmasq-dhcp[1765151]: read /opt/stack/data/neutron/dhcp/c87664a4-624f-4ed5-a2ab-adcf5071c4c3/opts
Oct 17 06:16:09.538280 podb-esxi207 dnsmasq[1762476]: read /opt/stack/data/neutron/dhcp/6ef8a31c-bdef-4480-9f4f-7efd418d9d7a/addn_hosts - 2 names
Oct 17 06:16:09.538393 podb-esxi207 dnsmasq-dhcp[1762476]: read /opt/stack/data/neutron/dhcp/6ef8a31c-bdef-4480-9f4f-7efd418d9d7a/host
Oct 17 06:16:09.538500 podb-esxi207 dnsmasq-dhcp[1762476]: read /opt/stack/data/neutron/dhcp/6ef8a31c-bdef-4480-9f4f-7efd418d9d7a/opts
Oct 17 06:16:10.279923 podb-esxi207 dnsmasq[1761842]: read /opt/stack/data/neutron/dhcp/d577ff2c-6586-4fcf-8882-fbe0511ba1a2/addn_hosts - 2 names
Oct 17 06:16:10.280036 podb-esxi207 dnsmasq-dhcp[1761842]: read /opt/stack/data/neutron/dhcp/d577ff2c-6586-4fcf-8882-fbe0511ba1a2/host
Oct 17 06:16:10.280144 podb-esxi207 dnsmasq-dhcp[1761842]: read /opt/stack/data/neutron/dhcp/d577ff2c-6586-4fcf-8882-fbe0511ba1a2/opts
Oct 17 06:16:11.031330 podb-esxi207 dnsmasq[1764105]: read /opt/stack/data/neutron/dhcp/00f88350-9681-43ff-8f57-fab3da842c32/addn_hosts - 2 names
Oct 17 06:16:11.031450 podb-esxi207 dnsmasq-dhcp[1764105]: read /opt/stack/data/neutron/dhcp/00f88350-9681-43ff-8f57-fab3da842c32/host
Oct 17 06:16:11.031558 podb-esxi207 dnsmasq-dhcp[1764105]: read /opt/stack/data/neutron/dhcp/00f88350-9681-43ff-8f57-fab3da842c32/opts
Oct 17 06:16:13.291670 podb-esxi207 dnsmasq[1764939]: read /opt/stack/data/neutron/dhcp/1bb206b0-42c6-4c50-b81b-c7038ee3e50b/addn_hosts - 8 names
Oct 17 06:16:13.291772 podb-esxi207 dnsmasq-dhcp[1764939]: read /opt/stack/data/neutron/dhcp/1bb206b0-42c6-4c50-b81b-c7038ee3e50b/host
Oct 17 06:16:13.291828 podb-esxi207 dnsmasq-dhcp[1764939]: read /opt/stack/data/neutron/dhcp/1bb206b0-42c6-4c50-b81b-c7038ee3e50b/opts
Oct 17 06:16:14.076559 podb-esxi207 dnsmasq-dhcp[1759848]: DHCPDISCOVER(tapffc602c7-ec) fa:16:3e:6d:3c:df no address available
Oct 17 06:16:14.533480 podb-esxi207 dnsmasq[1765018]: read /opt/stack/data/neutron/dhcp/ee82af7c-13a6-480b-9ed4-35e49f61ca8c/addn_hosts - 4 names
Oct 17 06:16:14.533572 podb-esxi207 dnsmasq-dhcp[1765018]: read /opt/stack/data/neutron/dhcp/ee82af7c-13a6-480b-9ed4-35e49f61ca8c/host
Oct 17 06:16:14.533641 podb-esxi207 dnsmasq-dhcp[1765018]: read /opt/stack/data/neutron/dhcp/ee82af7c-13a6-480b-9ed4-35e49f61ca8c/opts
Oct 17 06:16:15.787210 podb-esxi207 dnsmasq[1765081]: read /opt/stack/data/neutron/dhcp/1e66bcf7-75a6-4012-af2d-deae615ebcd0/addn_hosts - 8 names
Oct 17 06:16:15.787312 podb-esxi207 dnsmasq-dhcp[1765081]: read /opt/stack/data/neutron/dhcp/1e66bcf7-75a6-4012-af2d-deae615ebcd0/host
Oct 17 06:16:15.787396 podb-esxi207 dnsmasq-dhcp[1765081]: read /opt/stack/data/neutron/dhcp/1e66bcf7-75a6-4012-af2d-deae615ebcd0/opts
Oct 17 06:16:17.029600 podb-esxi207 dnsmasq[1765151]: read /opt/stack/data/neutron/dhcp/c87664a4-624f-4ed5-a2ab-adcf5071c4c3/addn_hosts - 4 names
Oct 17 06:16:17.029738 podb-esxi207 dnsmasq-dhcp[1765151]: read /opt/stack/data/neutron/dhcp/c87664a4-624f-4ed5-a2ab-adcf5071c4c3/host
Oct 17 06:16:17.029822 podb-esxi207 dnsmasq-dhcp[1765151]: read /opt/stack/data/neutron/dhcp/c87664a4-624f-4ed5-a2ab-adcf5071c4c3/opts
Oct 17 06:16:17.110420 podb-esxi207 dnsmasq-dhcp[1761375]: DHCPDISCOVER(tapa338905f-3e) fa:16:3e:de:bf:2a no address available
Oct 17 06:16:17.774937 podb-esxi207 dnsmasq[1762476]: read /opt/stack/data/neutron/dhcp/6ef8a31c-bdef-4480-9f4f-7efd418d9d7a/addn_hosts - 2 names
Oct 17 06:16:17.775029 podb-esxi207 dnsmasq-dhcp[1762476]: read /opt/stack/data/neutron/dhcp/6ef8a31c-bdef-4480-9f4f-7efd418d9d7a/host
Oct 17 06:16:17.775138 podb-esxi207 dnsmasq-dhcp[1762476]: read /opt/stack/data/neutron/dhcp/6ef8a31c-bdef-4480-9f4f-7efd418d9d7a/opts
Oct 17 06:16:18.515218 podb-esxi207 dnsmasq[1761842]: read /opt/stack/data/neutron/dhcp/d577ff2c-6586-4fcf-8882-fbe0511ba1a2/addn_hosts - 2 names
Oct 17 06:16:18.515317 podb-esxi207 dnsmasq-dhcp[1761842]: read /opt/stack/data/neutron/dhcp/d577ff2c-6586-4fcf-8882-fbe0511ba1a2/host
Oct 17 06:16:18.515436 podb-esxi207 dnsmasq-dhcp[1761842]: read /opt/stack/data/neutron/dhcp/d577ff2c-6586-4fcf-8882-fbe0511ba1a2/opts
Oct 17 06:16:19.256442 podb-esxi207 dnsmasq[1763979]: read /opt/stack/data/neutron/dhcp/6a71b24b-78b8-431e-92a5-f628b45fb3ae/addn_hosts - 2 names
Oct 17 06:16:19.256534 podb-esxi207 dnsmasq-dhcp[1763979]: read /opt/stack/data/neutron/dhcp/6a71b24b-78b8-431e-92a5-f628b45fb3ae/host
Oct 17 06:16:19.256669 podb-esxi207 dnsmasq-dhcp[1763979]: read /opt/stack/data/neutron/dhcp/6a71b24b-78b8-431e-92a5-f628b45fb3ae/opts
Oct 17 06:16:20.002601 podb-esxi207 dnsmasq[1764105]: read /opt/stack/data/neutron/dhcp/00f88350-9681-43ff-8f57-fab3da842c32/addn_hosts - 2 names
Oct 17 06:16:20.002691 podb-esxi207 dnsmasq-dhcp[1764105]: read /opt/stack/data/neutron/dhcp/00f88350-9681-43ff-8f57-fab3da842c32/host
Oct 17 06:16:20.002773 podb-esxi207 dnsmasq-dhcp[1764105]: read /opt/stack/data/neutron/dhcp/00f88350-9681-43ff-8f57-fab3da842c32/opts
Oct 17 06:16:20.743070 podb-esxi207 dnsmasq[1759848]: read /opt/stack/data/neutron/dhcp/78a317b8-69ef-4f4d-9112-d09b247cf26e/addn_hosts - 4 names
Oct 17 06:16:20.743238 podb-esxi207 dnsmasq-dhcp[1759848]: read /opt/stack/data/neutron/dhcp/78a317b8-69ef-4f4d-9112-d09b247cf26e/host
Oct 17 06:16:20.743359 podb-esxi207 dnsmasq-dhcp[1759848]: read /opt/stack/data/neutron/dhcp/78a317b8-69ef-4f4d-9112-d09b247cf26e/opts
Oct 17 06:16:21.481134 podb-esxi207 dnsmasq[1761375]: read /opt/stack/data/neutron/dhcp/e622985b-d9c5-41bc-8bd3-251a13212ab3/addn_hosts - 4 names
Oct 17 06:16:21.481265 podb-esxi207 dnsmasq-dhcp[1761375]: read /opt/stack/data/neutron/dhcp/e622985b-d9c5-41bc-8bd3-251a13212ab3/host
Oct 17 06:16:21.481367 podb-esxi207 dnsmasq-dhcp[1761375]: read /opt/stack/data/neutron/dhcp/e622985b-d9c5-41bc-8bd3-251a13212ab3/opts
Oct 17 06:16:22.070025 podb-esxi207 dnsmasq-dhcp[1761375]: DHCPDISCOVER(tapa338905f-3e) fa:16:3e:48:2e:65 no address available
Oct 17 06:16:22.227147 podb-esxi207 dnsmasq[1764645]: read /opt/stack/data/neutron/dhcp/b51b4bd4-e83f-43bd-81d4-ac4be3fbd03a/addn_hosts - 4 names
Oct 17 06:16:22.227262 podb-esxi207 dnsmasq-dhcp[1764645]: read /opt/stack/data/neutron/dhcp/b51b4bd4-e83f-43bd-81d4-ac4be3fbd03a/host
Oct 17 06:16:22.227371 podb-esxi207 dnsmasq-dhcp[1764645]: read /opt/stack/data/neutron/dhcp/b51b4bd4-e83f-43bd-81d4-ac4be3fbd03a/opts
Oct 17 06:16:23.976716 podb-esxi207 dnsmasq[1764939]: read /opt/stack/data/neutron/dhcp/1bb206b0-42c6-4c50-b81b-c7038ee3e50b/addn_hosts - 8 names
Oct 17 06:16:23.976872 podb-esxi207 dnsmasq-dhcp[1764939]: read /opt/stack/data/neutron/dhcp/1bb206b0-42c6-4c50-b81b-c7038ee3e50b/host
Oct 17 06:16:23.976962 podb-esxi207 dnsmasq-dhcp[1764939]: read /opt/stack/data/neutron/dhcp/1bb206b0-42c6-4c50-b81b-c7038ee3e50b/opts
Oct 17 06:16:24.715872 podb-esxi207 dnsmasq[1765018]: read /opt/stack/data/neutron/dhcp/ee82af7c-13a6-480b-9ed4-35e49f61ca8c/addn_hosts - 4 names
Oct 17 06:16:24.715958 podb-esxi207 dnsmasq-dhcp[1765018]: read /opt/stack/data/neutron/dhcp/ee82af7c-13a6-480b-9ed4-35e49f61ca8c/host
Oct 17 06:16:24.716029 podb-esxi207 dnsmasq-dhcp[1765018]: read /opt/stack/data/neutron/dhcp/ee82af7c-13a6-480b-9ed4-35e49f61ca8c/opts
Oct 17 06:16:25.459630 podb-esxi207 dnsmasq[1765081]: read /opt/stack/data/neutron/dhcp/1e66bcf7-75a6-4012-af2d-deae615ebcd0/addn_hosts - 8 names
Oct 17 06:16:25.459766 podb-esxi207 dnsmasq-dhcp[1765081]: read /opt/stack/data/neutron/dhcp/1e66bcf7-75a6-4012-af2d-deae615ebcd0/host
Oct 17 06:16:25.459853 podb-esxi207 dnsmasq-dhcp[1765081]: read /opt/stack/data/neutron/dhcp/1e66bcf7-75a6-4012-af2d-deae615ebcd0/opts
Oct 17 06:16:26.202198 podb-esxi207 dnsmasq[1764514]: read /opt/stack/data/neutron/dhcp/d549572a-3221-49ad-acf6-f7c615b18ef2/addn_hosts - 4 names
Oct 17 06:16:26.202336 podb-esxi207 dnsmasq-dhcp[1764514]: read /opt/stack/data/neutron/dhcp/d549572a-3221-49ad-acf6-f7c615b18ef2/host
Oct 17 06:16:26.202446 podb-esxi207 dnsmasq-dhcp[1764514]: read /opt/stack/data/neutron/dhcp/d549572a-3221-49ad-acf6-f7c615b18ef2/opts
Oct 17 06:16:26.942992 podb-esxi207 dnsmasq[1765151]: read /opt/stack/data/neutron/dhcp/c87664a4-624f-4ed5-a2ab-adcf5071c4c3/addn_hosts - 4 names
Oct 17 06:16:26.943106 podb-esxi207 dnsmasq-dhcp[1765151]: read /opt/stack/data/neutron/dhcp/c87664a4-624f-4ed5-a2ab-adcf5071c4c3/host
Oct 17 06:16:26.943196 podb-esxi207 dnsmasq-dhcp[1765151]: read /opt/stack/data/neutron/dhcp/c87664a4-624f-4ed5-a2ab-adcf5071c4c3/opts
Oct 17 06:16:27.682300 podb-esxi207 dnsmasq[1763979]: read /opt/stack/data/neutron/dhcp/6a71b24b-78b8-431e-92a5-f628b45fb3ae/addn_hosts - 2 names
Oct 17 06:16:27.682414 podb-esxi207 dnsmasq-dhcp[1763979]: read /opt/stack/data/neutron/dhcp/6a71b24b-78b8-431e-92a5-f628b45fb3ae/host
Oct 17 06:16:27.682519 podb-esxi207 dnsmasq-dhcp[1763979]: read /opt/stack/data/neutron/dhcp/6a71b24b-78b8-431e-92a5-f628b45fb3ae/opts
Oct 17 06:16:28.421842 podb-esxi207 dnsmasq[1764712]: read /opt/stack/data/neutron/dhcp/9e6c2aab-6834-474d-851e-318a05f0472a/addn_hosts - 2 names
Oct 17 06:16:28.421955 podb-esxi207 dnsmasq-dhcp[1764712]: read /opt/stack/data/neutron/dhcp/9e6c2aab-6834-474d-851e-318a05f0472a/host
Oct 17 06:16:28.422063 podb-esxi207 dnsmasq-dhcp[1764712]: read /opt/stack/data/neutron/dhcp/9e6c2aab-6834-474d-851e-318a05f0472a/opts
Oct 17 06:16:29.167649 podb-esxi207 dnsmasq[1761375]: read /opt/stack/data/neutron/dhcp/e622985b-d9c5-41bc-8bd3-251a13212ab3/addn_hosts - 6 names
Oct 17 06:16:29.167790 podb-esxi207 dnsmasq-dhcp[1761375]: read /opt/stack/data/neutron/dhcp/e622985b-d9c5-41bc-8bd3-251a13212ab3/host
Oct 17 06:16:29.167911 podb-esxi207 dnsmasq-dhcp[1761375]: read /opt/stack/data/neutron/dhcp/e622985b-d9c5-41bc-8bd3-251a13212ab3/opts
Oct 17 06:16:29.906286 podb-esxi207 dnsmasq[1764645]: read /opt/stack/data/neutron/dhcp/b51b4bd4-e83f-43bd-81d4-ac4be3fbd03a/addn_hosts - 4 names
Oct 17 06:16:29.906401 podb-esxi207 dnsmasq-dhcp[1764645]: read /opt/stack/data/neutron/dhcp/b51b4bd4-e83f-43bd-81d4-ac4be3fbd03a/host
Oct 17 06:16:29.906507 podb-esxi207 dnsmasq-dhcp[1764645]: read /opt/stack/data/neutron/dhcp/b51b4bd4-e83f-43bd-81d4-ac4be3fbd03a/opts
Oct 17 06:16:31.161577 podb-esxi207 dnsmasq[1764939]: read /opt/stack/data/neutron/dhcp/1bb206b0-42c6-4c50-b81b-c7038ee3e50b/addn_hosts - 8 names
Oct 17 06:16:31.161694 podb-esxi207 dnsmasq-dhcp[1764939]: read /opt/stack/data/neutron/dhcp/1bb206b0-42c6-4c50-b81b-c7038ee3e50b/host
Oct 17 06:16:31.161748 podb-esxi207 dnsmasq-dhcp[1764939]: read /opt/stack/data/neutron/dhcp/1bb206b0-42c6-4c50-b81b-c7038ee3e50b/opts
Oct 17 06:16:31.909935 podb-esxi207 dnsmasq[1765018]: read /opt/stack/data/neutron/dhcp/ee82af7c-13a6-480b-9ed4-35e49f61ca8c/addn_hosts - 4 names
Oct 17 06:16:31.910074 podb-esxi207 dnsmasq-dhcp[1765018]: read /opt/stack/data/neutron/dhcp/ee82af7c-13a6-480b-9ed4-35e49f61ca8c/host
Oct 17 06:16:31.910158 podb-esxi207 dnsmasq-dhcp[1765018]: read /opt/stack/data/neutron/dhcp/ee82af7c-13a6-480b-9ed4-35e49f61ca8c/opts
Oct 17 06:16:32.654651 podb-esxi207 dnsmasq[1765081]: read /opt/stack/data/neutron/dhcp/1e66bcf7-75a6-4012-af2d-deae615ebcd0/addn_hosts - 8 names
Oct 17 06:16:32.654782 podb-esxi207 dnsmasq-dhcp[1765081]: read /opt/stack/data/neutron/dhcp/1e66bcf7-75a6-4012-af2d-deae615ebcd0/host
Oct 17 06:16:32.654864 podb-esxi207 dnsmasq-dhcp[1765081]: read /opt/stack/data/neutron/dhcp/1e66bcf7-75a6-4012-af2d-deae615ebcd0/opts
Oct 17 06:16:33.404054 podb-esxi207 dnsmasq[1764514]: read /opt/stack/data/neutron/dhcp/d549572a-3221-49ad-acf6-f7c615b18ef2/addn_hosts - 4 names
Oct 17 06:16:33.404174 podb-esxi207 dnsmasq-dhcp[1764514]: read /opt/stack/data/neutron/dhcp/d549572a-3221-49ad-acf6-f7c615b18ef2/host
Oct 17 06:16:33.404286 podb-esxi207 dnsmasq-dhcp[1764514]: read /opt/stack/data/neutron/dhcp/d549572a-3221-49ad-acf6-f7c615b18ef2/opts
Oct 17 06:16:34.145091 podb-esxi207 dnsmasq[1765151]: read /opt/stack/data/neutron/dhcp/c87664a4-624f-4ed5-a2ab-adcf5071c4c3/addn_hosts - 4 names
Oct 17 06:16:34.145193 podb-esxi207 dnsmasq-dhcp[1765151]: read /opt/stack/data/neutron/dhcp/c87664a4-624f-4ed5-a2ab-adcf5071c4c3/host
Oct 17 06:16:34.145276 podb-esxi207 dnsmasq-dhcp[1765151]: read /opt/stack/data/neutron/dhcp/c87664a4-624f-4ed5-a2ab-adcf5071c4c3/opts
Oct 17 06:16:34.890757 podb-esxi207 dnsmasq[1764788]: read /opt/stack/data/neutron/dhcp/0f2ecbb7-9219-4a42-9c14-396bcc8c8117/addn_hosts - 2 names
Oct 17 06:16:34.890864 podb-esxi207 dnsmasq-dhcp[1764788]: read /opt/stack/data/neutron/dhcp/0f2ecbb7-9219-4a42-9c14-396bcc8c8117/host
Oct 17 06:16:34.890973 podb-esxi207 dnsmasq-dhcp[1764788]: read /opt/stack/data/neutron/dhcp/0f2ecbb7-9219-4a42-9c14-396bcc8c8117/opts
Oct 17 06:16:35.629480 podb-esxi207 dnsmasq[1764712]: read /opt/stack/data/neutron/dhcp/9e6c2aab-6834-474d-851e-318a05f0472a/addn_hosts - 2 names
Oct 17 06:16:35.629595 podb-esxi207 dnsmasq-dhcp[1764712]: read /opt/stack/data/neutron/dhcp/9e6c2aab-6834-474d-851e-318a05f0472a/host
Oct 17 06:16:35.629701 podb-esxi207 dnsmasq-dhcp[1764712]: read /opt/stack/data/neutron/dhcp/9e6c2aab-6834-474d-851e-318a05f0472a/opts
Oct 17 06:16:36.378290 podb-esxi207 dnsmasq[1764645]: read /opt/stack/data/neutron/dhcp/b51b4bd4-e83f-43bd-81d4-ac4be3fbd03a/addn_hosts - 4 names
Oct 17 06:16:36.378426 podb-esxi207 dnsmasq-dhcp[1764645]: read /opt/stack/data/neutron/dhcp/b51b4bd4-e83f-43bd-81d4-ac4be3fbd03a/host
Oct 17 06:16:36.378540 podb-esxi207 dnsmasq-dhcp[1764645]: read /opt/stack/data/neutron/dhcp/b51b4bd4-e83f-43bd-81d4-ac4be3fbd03a/opts
Oct 17 06:16:37.645597 podb-esxi207 dnsmasq[1764939]: read /opt/stack/data/neutron/dhcp/1bb206b0-42c6-4c50-b81b-c7038ee3e50b/addn_hosts - 8 names
Oct 17 06:16:37.645728 podb-esxi207 dnsmasq-dhcp[1764939]: read /opt/stack/data/neutron/dhcp/1bb206b0-42c6-4c50-b81b-c7038ee3e50b/host
Oct 17 06:16:37.645811 podb-esxi207 dnsmasq-dhcp[1764939]: read /opt/stack/data/neutron/dhcp/1bb206b0-42c6-4c50-b81b-c7038ee3e50b/opts
Oct 17 06:16:38.411319 podb-esxi207 dnsmasq[1765081]: read /opt/stack/data/neutron/dhcp/1e66bcf7-75a6-4012-af2d-deae615ebcd0/addn_hosts - 8 names
Oct 17 06:16:38.411463 podb-esxi207 dnsmasq-dhcp[1765081]: read /opt/stack/data/neutron/dhcp/1e66bcf7-75a6-4012-af2d-deae615ebcd0/host
Oct 17 06:16:38.411553 podb-esxi207 dnsmasq-dhcp[1765081]: read /opt/stack/data/neutron/dhcp/1e66bcf7-75a6-4012-af2d-deae615ebcd0/opts
Oct 17 06:16:39.158988 podb-esxi207 dnsmasq[1764514]: read /opt/stack/data/neutron/dhcp/d549572a-3221-49ad-acf6-f7c615b18ef2/addn_hosts - 4 names
Oct 17 06:16:39.159126 podb-esxi207 dnsmasq-dhcp[1764514]: read /opt/stack/data/neutron/dhcp/d549572a-3221-49ad-acf6-f7c615b18ef2/host
Oct 17 06:16:39.159239 podb-esxi207 dnsmasq-dhcp[1764514]: read /opt/stack/data/neutron/dhcp/d549572a-3221-49ad-acf6-f7c615b18ef2/opts
Oct 17 06:16:39.901974 podb-esxi207 dnsmasq[1764788]: read /opt/stack/data/neutron/dhcp/0f2ecbb7-9219-4a42-9c14-396bcc8c8117/addn_hosts - 2 names
Oct 17 06:16:39.902074 podb-esxi207 dnsmasq-dhcp[1764788]: read /opt/stack/data/neutron/dhcp/0f2ecbb7-9219-4a42-9c14-396bcc8c8117/host
Oct 17 06:16:39.902163 podb-esxi207 dnsmasq-dhcp[1764788]: read /opt/stack/data/neutron/dhcp/0f2ecbb7-9219-4a42-9c14-396bcc8c8117/opts
Oct 17 06:16:41.154190 podb-esxi207 dnsmasq[1764939]: read /opt/stack/data/neutron/dhcp/1bb206b0-42c6-4c50-b81b-c7038ee3e50b/addn_hosts - 8 names
Oct 17 06:16:41.154353 podb-esxi207 dnsmasq-dhcp[1764939]: read /opt/stack/data/neutron/dhcp/1bb206b0-42c6-4c50-b81b-c7038ee3e50b/host
Oct 17 06:16:41.154462 podb-esxi207 dnsmasq-dhcp[1764939]: read /opt/stack/data/neutron/dhcp/1bb206b0-42c6-4c50-b81b-c7038ee3e50b/opts
Oct 17 06:16:41.900791 podb-esxi207 dnsmasq[1765081]: read /opt/stack/data/neutron/dhcp/1e66bcf7-75a6-4012-af2d-deae615ebcd0/addn_hosts - 8 names
Oct 17 06:16:41.900900 podb-esxi207 dnsmasq-dhcp[1765081]: read /opt/stack/data/neutron/dhcp/1e66bcf7-75a6-4012-af2d-deae615ebcd0/host
Oct 17 06:16:41.900947 podb-esxi207 dnsmasq-dhcp[1765081]: read /opt/stack/data/neutron/dhcp/1e66bcf7-75a6-4012-af2d-deae615ebcd0/opts
Oct 17 06:16:47.072112 podb-esxi207 dnsmasq-dhcp[1759848]: DHCPDISCOVER(tapffc602c7-ec) fa:16:3e:6d:3c:df
Oct 17 06:16:47.072138 podb-esxi207 dnsmasq-dhcp[1759848]: DHCPOFFER(tapffc602c7-ec) 10.1.0.10 fa:16:3e:6d:3c:df
Oct 17 06:16:47.095621 podb-esxi207 dnsmasq-dhcp[1759848]: DHCPREQUEST(tapffc602c7-ec) 10.1.0.10 fa:16:3e:6d:3c:df
Oct 17 06:16:47.095652 podb-esxi207 dnsmasq-dhcp[1759848]: DHCPACK(tapffc602c7-ec) 10.1.0.10 fa:16:3e:6d:3c:df host-10-1-0-10
Oct 17 06:16:49.996114 podb-esxi207 dnsmasq-dhcp[1761375]: DHCPDISCOVER(tapa338905f-3e) fa:16:3e:de:bf:2a
Oct 17 06:16:49.996142 podb-esxi207 dnsmasq-dhcp[1761375]: DHCPOFFER(tapa338905f-3e) 10.1.0.9 fa:16:3e:de:bf:2a
Oct 17 06:16:50.016837 podb-esxi207 dnsmasq-dhcp[1761375]: DHCPREQUEST(tapa338905f-3e) 10.1.0.9 fa:16:3e:de:bf:2a
Oct 17 06:16:50.016871 podb-esxi207 dnsmasq-dhcp[1761375]: DHCPACK(tapa338905f-3e) 10.1.0.9 fa:16:3e:de:bf:2a host-10-1-0-9
Oct 17 06:16:54.750941 podb-esxi207 dnsmasq-dhcp[1761375]: DHCPDISCOVER(tapa338905f-3e) fa:16:3e:48:2e:65
Oct 17 06:16:54.750969 podb-esxi207 dnsmasq-dhcp[1761375]: DHCPOFFER(tapa338905f-3e) 10.1.0.12 fa:16:3e:48:2e:65
Oct 17 06:16:54.771345 podb-esxi207 dnsmasq-dhcp[1761375]: DHCPREQUEST(tapa338905f-3e) 10.1.0.12 fa:16:3e:48:2e:65
Oct 17 06:16:54.771377 podb-esxi207 dnsmasq-dhcp[1761375]: DHCPACK(tapa338905f-3e) 10.1.0.12 fa:16:3e:48:2e:65 host-10-1-0-12
Oct 17 06:17:02.971114 podb-esxi207 dnsmasq-dhcp[1765018]: DHCPDISCOVER(tap36622a6e-6c) fa:16:3e:89:16:b6
Oct 17 06:17:02.971145 podb-esxi207 dnsmasq-dhcp[1765018]: DHCPOFFER(tap36622a6e-6c) 10.2.2.200 fa:16:3e:89:16:b6
Oct 17 06:17:02.981259 podb-esxi207 dnsmasq-dhcp[1765018]: DHCPREQUEST(tap36622a6e-6c) 10.2.2.200 fa:16:3e:89:16:b6
Oct 17 06:17:02.981290 podb-esxi207 dnsmasq-dhcp[1765018]: DHCPACK(tap36622a6e-6c) 10.2.2.200 fa:16:3e:89:16:b6 host-10-2-2-200
