Oct 17 06:29:20.128373 podb-esxi207 dnsmasq-dhcp[1783961]: DHCPRELEASE(tap2695fbed-cb) 10.1.0.6 fa:16:3e:6d:be:e7 unknown lease
Oct 17 06:29:20.951003 podb-esxi207 dnsmasq[1783961]: read /opt/stack/data/neutron/dhcp/5e5c914a-4ac8-4c0c-8182-27cf32644406/addn_hosts - 2 names
Oct 17 06:29:20.951104 podb-esxi207 dnsmasq-dhcp[1783961]: read /opt/stack/data/neutron/dhcp/5e5c914a-4ac8-4c0c-8182-27cf32644406/host
Oct 17 06:29:20.951212 podb-esxi207 dnsmasq-dhcp[1783961]: read /opt/stack/data/neutron/dhcp/5e5c914a-4ac8-4c0c-8182-27cf32644406/opts
Oct 17 06:29:29.860736 podb-esxi207 dnsmasq-dhcp[1780837]: DHCPDISCOVER(tap53de0147-3f) fa:16:3e:83:4c:80
Oct 17 06:29:29.860761 podb-esxi207 dnsmasq-dhcp[1780837]: DHCPOFFER(tap53de0147-3f) 10.1.0.13 fa:16:3e:83:4c:80
Oct 17 06:29:29.871064 podb-esxi207 dnsmasq-dhcp[1780837]: DHCPREQUEST(tap53de0147-3f) 10.1.0.13 fa:16:3e:83:4c:80
Oct 17 06:29:29.871089 podb-esxi207 dnsmasq-dhcp[1780837]: DHCPACK(tap53de0147-3f) 10.1.0.13 fa:16:3e:83:4c:80 host-10-1-0-13
Oct 17 06:29:35.416966 podb-esxi207 dnsmasq-dhcp[1785845]: DHCPDISCOVER(tap1b931255-7c) fa:16:3e:95:47:1f
Oct 17 06:29:35.416994 podb-esxi207 dnsmasq-dhcp[1785845]: DHCPOFFER(tap1b931255-7c) 10.1.0.6 fa:16:3e:95:47:1f
Oct 17 06:29:35.426095 podb-esxi207 dnsmasq-dhcp[1785845]: DHCPREQUEST(tap1b931255-7c) 10.1.0.6 fa:16:3e:95:47:1f
Oct 17 06:29:35.426123 podb-esxi207 dnsmasq-dhcp[1785845]: DHCPACK(tap1b931255-7c) 10.1.0.6 fa:16:3e:95:47:1f host-10-1-0-6
Oct 17 06:29:36.593899 podb-esxi207 dnsmasq[1783961]: read /opt/stack/data/neutron/dhcp/5e5c914a-4ac8-4c0c-8182-27cf32644406/addn_hosts - 0 names
Oct 17 06:29:36.593969 podb-esxi207 dnsmasq-dhcp[1783961]: read /opt/stack/data/neutron/dhcp/5e5c914a-4ac8-4c0c-8182-27cf32644406/host
Oct 17 06:29:36.594036 podb-esxi207 dnsmasq-dhcp[1783961]: read /opt/stack/data/neutron/dhcp/5e5c914a-4ac8-4c0c-8182-27cf32644406/opts
Oct 17 06:29:37.486252 podb-esxi207 dnsmasq[1783961]: exiting on receipt of SIGTERM
Oct 17 06:29:41.604618 podb-esxi207 dnsmasq[1788187]: started, version 2.90 cachesize 150
Oct 17 06:29:41.604666 podb-esxi207 dnsmasq[1788187]: DNS service limited to local subnets
Oct 17 06:29:41.604682 podb-esxi207 dnsmasq[1788187]: compile time options: IPv6 GNU-getopt DBus no-UBus i18n IDN2 DHCP DHCPv6 no-Lua TFTP conntrack ipset no-nftset auth cryptohash DNSSEC loop-detect inotify dumpfile
Oct 17 06:29:41.604723 podb-esxi207 dnsmasq-dhcp[1788187]: DHCP, static leases only on 10.1.0.0, lease time 1d
Oct 17 06:29:41.604888 podb-esxi207 dnsmasq[1788187]: reading /etc/resolv.conf
Oct 17 06:29:41.604906 podb-esxi207 dnsmasq[1788187]: using nameserver 127.0.0.53#53
Oct 17 06:29:41.604996 podb-esxi207 dnsmasq[1788187]: read /opt/stack/data/neutron/dhcp/d8e55822-15ad-4530-bb76-db2a7261a17c/addn_hosts - 0 names
Oct 17 06:29:41.605048 podb-esxi207 dnsmasq-dhcp[1788187]: read /opt/stack/data/neutron/dhcp/d8e55822-15ad-4530-bb76-db2a7261a17c/host
Oct 17 06:29:41.605109 podb-esxi207 dnsmasq-dhcp[1788187]: read /opt/stack/data/neutron/dhcp/d8e55822-15ad-4530-bb76-db2a7261a17c/opts
Oct 17 06:29:43.152414 podb-esxi207 dnsmasq[1788187]: read /opt/stack/data/neutron/dhcp/d8e55822-15ad-4530-bb76-db2a7261a17c/addn_hosts - 2 names
Oct 17 06:29:43.152546 podb-esxi207 dnsmasq-dhcp[1788187]: read /opt/stack/data/neutron/dhcp/d8e55822-15ad-4530-bb76-db2a7261a17c/host
Oct 17 06:29:43.152673 podb-esxi207 dnsmasq-dhcp[1788187]: read /opt/stack/data/neutron/dhcp/d8e55822-15ad-4530-bb76-db2a7261a17c/opts
Oct 17 06:29:44.414577 podb-esxi207 dnsmasq[1788187]: read /opt/stack/data/neutron/dhcp/d8e55822-15ad-4530-bb76-db2a7261a17c/addn_hosts - 2 names
Oct 17 06:29:44.414707 podb-esxi207 dnsmasq-dhcp[1788187]: read /opt/stack/data/neutron/dhcp/d8e55822-15ad-4530-bb76-db2a7261a17c/host
Oct 17 06:29:44.414830 podb-esxi207 dnsmasq-dhcp[1788187]: read /opt/stack/data/neutron/dhcp/d8e55822-15ad-4530-bb76-db2a7261a17c/opts
Oct 17 06:29:45.701762 podb-esxi207 dnsmasq[1788187]: read /opt/stack/data/neutron/dhcp/d8e55822-15ad-4530-bb76-db2a7261a17c/addn_hosts - 2 names
Oct 17 06:29:45.701886 podb-esxi207 dnsmasq-dhcp[1788187]: read /opt/stack/data/neutron/dhcp/d8e55822-15ad-4530-bb76-db2a7261a17c/host
Oct 17 06:29:45.701991 podb-esxi207 dnsmasq-dhcp[1788187]: read /opt/stack/data/neutron/dhcp/d8e55822-15ad-4530-bb76-db2a7261a17c/opts
Oct 17 06:30:02.528217 podb-esxi207 dnsmasq[1788730]: started, version 2.90 cachesize 150
Oct 17 06:30:02.528241 podb-esxi207 dnsmasq[1788730]: DNS service limited to local subnets
Oct 17 06:30:02.528256 podb-esxi207 dnsmasq[1788730]: compile time options: IPv6 GNU-getopt DBus no-UBus i18n IDN2 DHCP DHCPv6 no-Lua TFTP conntrack ipset no-nftset auth cryptohash DNSSEC loop-detect inotify dumpfile
Oct 17 06:30:02.528290 podb-esxi207 dnsmasq-dhcp[1788730]: DHCP, static leases only on 10.1.0.0, lease time 1d
Oct 17 06:30:02.528441 podb-esxi207 dnsmasq[1788730]: reading /etc/resolv.conf
Oct 17 06:30:02.528458 podb-esxi207 dnsmasq[1788730]: using nameserver 127.0.0.53#53
Oct 17 06:30:02.528540 podb-esxi207 dnsmasq[1788730]: read /opt/stack/data/neutron/dhcp/04ed55f8-88fc-4b57-a219-367ed8bbffcf/addn_hosts - 0 names
Oct 17 06:30:02.528590 podb-esxi207 dnsmasq-dhcp[1788730]: read /opt/stack/data/neutron/dhcp/04ed55f8-88fc-4b57-a219-367ed8bbffcf/host
Oct 17 06:30:02.528670 podb-esxi207 dnsmasq-dhcp[1788730]: read /opt/stack/data/neutron/dhcp/04ed55f8-88fc-4b57-a219-367ed8bbffcf/opts
Oct 17 06:30:05.607762 podb-esxi207 dnsmasq[1788976]: started, version 2.90 cachesize 150
Oct 17 06:30:05.607788 podb-esxi207 dnsmasq[1788976]: DNS service limited to local subnets
Oct 17 06:30:05.607802 podb-esxi207 dnsmasq[1788976]: compile time options: IPv6 GNU-getopt DBus no-UBus i18n IDN2 DHCP DHCPv6 no-Lua TFTP conntrack ipset no-nftset auth cryptohash DNSSEC loop-detect inotify dumpfile
Oct 17 06:30:05.607836 podb-esxi207 dnsmasq-dhcp[1788976]: DHCP, static leases only on 10.1.0.0, lease time 1d
Oct 17 06:30:05.607986 podb-esxi207 dnsmasq[1788976]: reading /etc/resolv.conf
Oct 17 06:30:05.608003 podb-esxi207 dnsmasq[1788976]: using nameserver 127.0.0.53#53
Oct 17 06:30:05.608077 podb-esxi207 dnsmasq[1788976]: read /opt/stack/data/neutron/dhcp/1f0ae926-fd43-4a8d-bf42-4a12afdb110b/addn_hosts - 0 names
Oct 17 06:30:05.608127 podb-esxi207 dnsmasq-dhcp[1788976]: read /opt/stack/data/neutron/dhcp/1f0ae926-fd43-4a8d-bf42-4a12afdb110b/host
Oct 17 06:30:05.608195 podb-esxi207 dnsmasq-dhcp[1788976]: read /opt/stack/data/neutron/dhcp/1f0ae926-fd43-4a8d-bf42-4a12afdb110b/opts
Oct 17 06:30:06.640794 podb-esxi207 dnsmasq[1788730]: read /opt/stack/data/neutron/dhcp/04ed55f8-88fc-4b57-a219-367ed8bbffcf/addn_hosts - 2 names
Oct 17 06:30:06.640868 podb-esxi207 dnsmasq-dhcp[1788730]: read /opt/stack/data/neutron/dhcp/04ed55f8-88fc-4b57-a219-367ed8bbffcf/host
Oct 17 06:30:06.640936 podb-esxi207 dnsmasq-dhcp[1788730]: read /opt/stack/data/neutron/dhcp/04ed55f8-88fc-4b57-a219-367ed8bbffcf/opts
Oct 17 06:30:07.867370 podb-esxi207 dnsmasq[1788187]: read /opt/stack/data/neutron/dhcp/d8e55822-15ad-4530-bb76-db2a7261a17c/addn_hosts - 4 names
Oct 17 06:30:07.867468 podb-esxi207 dnsmasq-dhcp[1788187]: read /opt/stack/data/neutron/dhcp/d8e55822-15ad-4530-bb76-db2a7261a17c/host
Oct 17 06:30:07.867561 podb-esxi207 dnsmasq-dhcp[1788187]: read /opt/stack/data/neutron/dhcp/d8e55822-15ad-4530-bb76-db2a7261a17c/opts
Oct 17 06:30:09.104406 podb-esxi207 dnsmasq[1788976]: read /opt/stack/data/neutron/dhcp/1f0ae926-fd43-4a8d-bf42-4a12afdb110b/addn_hosts - 2 names
Oct 17 06:30:09.104479 podb-esxi207 dnsmasq-dhcp[1788976]: read /opt/stack/data/neutron/dhcp/1f0ae926-fd43-4a8d-bf42-4a12afdb110b/host
Oct 17 06:30:09.104554 podb-esxi207 dnsmasq-dhcp[1788976]: read /opt/stack/data/neutron/dhcp/1f0ae926-fd43-4a8d-bf42-4a12afdb110b/opts
Oct 17 06:30:09.830258 podb-esxi207 dnsmasq[1788730]: read /opt/stack/data/neutron/dhcp/04ed55f8-88fc-4b57-a219-367ed8bbffcf/addn_hosts - 2 names
Oct 17 06:30:09.830358 podb-esxi207 dnsmasq-dhcp[1788730]: read /opt/stack/data/neutron/dhcp/04ed55f8-88fc-4b57-a219-367ed8bbffcf/host
Oct 17 06:30:09.830461 podb-esxi207 dnsmasq-dhcp[1788730]: read /opt/stack/data/neutron/dhcp/04ed55f8-88fc-4b57-a219-367ed8bbffcf/opts
Oct 17 06:30:11.076231 podb-esxi207 dnsmasq[1788976]: read /opt/stack/data/neutron/dhcp/1f0ae926-fd43-4a8d-bf42-4a12afdb110b/addn_hosts - 2 names
Oct 17 06:30:11.076344 podb-esxi207 dnsmasq-dhcp[1788976]: read /opt/stack/data/neutron/dhcp/1f0ae926-fd43-4a8d-bf42-4a12afdb110b/host
Oct 17 06:30:11.076448 podb-esxi207 dnsmasq-dhcp[1788976]: read /opt/stack/data/neutron/dhcp/1f0ae926-fd43-4a8d-bf42-4a12afdb110b/opts
Oct 17 06:30:11.832250 podb-esxi207 dnsmasq[1788730]: read /opt/stack/data/neutron/dhcp/04ed55f8-88fc-4b57-a219-367ed8bbffcf/addn_hosts - 2 names
Oct 17 06:30:11.832379 podb-esxi207 dnsmasq-dhcp[1788730]: read /opt/stack/data/neutron/dhcp/04ed55f8-88fc-4b57-a219-367ed8bbffcf/host
Oct 17 06:30:11.832490 podb-esxi207 dnsmasq-dhcp[1788730]: read /opt/stack/data/neutron/dhcp/04ed55f8-88fc-4b57-a219-367ed8bbffcf/opts
Oct 17 06:30:13.096169 podb-esxi207 dnsmasq[1788976]: read /opt/stack/data/neutron/dhcp/1f0ae926-fd43-4a8d-bf42-4a12afdb110b/addn_hosts - 2 names
Oct 17 06:30:13.096272 podb-esxi207 dnsmasq-dhcp[1788976]: read /opt/stack/data/neutron/dhcp/1f0ae926-fd43-4a8d-bf42-4a12afdb110b/host
Oct 17 06:30:13.096374 podb-esxi207 dnsmasq-dhcp[1788976]: read /opt/stack/data/neutron/dhcp/1f0ae926-fd43-4a8d-bf42-4a12afdb110b/opts
Oct 17 06:30:14.344140 podb-esxi207 dnsmasq[1788730]: read /opt/stack/data/neutron/dhcp/04ed55f8-88fc-4b57-a219-367ed8bbffcf/addn_hosts - 4 names
Oct 17 06:30:14.344294 podb-esxi207 dnsmasq-dhcp[1788730]: read /opt/stack/data/neutron/dhcp/04ed55f8-88fc-4b57-a219-367ed8bbffcf/host
Oct 17 06:30:14.344404 podb-esxi207 dnsmasq-dhcp[1788730]: read /opt/stack/data/neutron/dhcp/04ed55f8-88fc-4b57-a219-367ed8bbffcf/opts
Oct 17 06:30:33.696537 podb-esxi207 dnsmasq-dhcp[1788187]: DHCPDISCOVER(tap55ce33f8-37) fa:16:3e:d1:ec:43
Oct 17 06:30:33.696569 podb-esxi207 dnsmasq-dhcp[1788187]: DHCPOFFER(tap55ce33f8-37) 10.1.0.14 fa:16:3e:d1:ec:43
Oct 17 06:30:33.706129 podb-esxi207 dnsmasq-dhcp[1788187]: DHCPREQUEST(tap55ce33f8-37) 10.1.0.14 fa:16:3e:d1:ec:43
Oct 17 06:30:33.706164 podb-esxi207 dnsmasq-dhcp[1788187]: DHCPACK(tap55ce33f8-37) 10.1.0.14 fa:16:3e:d1:ec:43 host-10-1-0-14
Oct 17 06:30:39.335680 podb-esxi207 dnsmasq-dhcp[1788730]: DHCPDISCOVER(tap9c7341ce-cd) fa:16:3e:4b:34:a7
Oct 17 06:30:39.335708 podb-esxi207 dnsmasq-dhcp[1788730]: DHCPOFFER(tap9c7341ce-cd) 10.1.0.7 fa:16:3e:4b:34:a7
Oct 17 06:30:39.346497 podb-esxi207 dnsmasq-dhcp[1788730]: DHCPREQUEST(tap9c7341ce-cd) 10.1.0.7 fa:16:3e:4b:34:a7
Oct 17 06:30:39.346532 podb-esxi207 dnsmasq-dhcp[1788730]: DHCPACK(tap9c7341ce-cd) 10.1.0.7 fa:16:3e:4b:34:a7 host-10-1-0-7
Oct 17 06:30:54.794138 podb-esxi207 dnsmasq[1785845]: read /opt/stack/data/neutron/dhcp/f0449f93-5855-4f67-8bb0-f96b8992de99/addn_hosts - 10 names
Oct 17 06:30:54.794300 podb-esxi207 dnsmasq-dhcp[1785845]: read /opt/stack/data/neutron/dhcp/f0449f93-5855-4f67-8bb0-f96b8992de99/host
Oct 17 06:30:54.794430 podb-esxi207 dnsmasq-dhcp[1785845]: read /opt/stack/data/neutron/dhcp/f0449f93-5855-4f67-8bb0-f96b8992de99/opts
Oct 17 06:31:09.986654 podb-esxi207 dnsmasq[1785845]: read /opt/stack/data/neutron/dhcp/f0449f93-5855-4f67-8bb0-f96b8992de99/addn_hosts - 12 names
Oct 17 06:31:09.986743 podb-esxi207 dnsmasq-dhcp[1785845]: read /opt/stack/data/neutron/dhcp/f0449f93-5855-4f67-8bb0-f96b8992de99/host
Oct 17 06:31:09.986826 podb-esxi207 dnsmasq-dhcp[1785845]: read /opt/stack/data/neutron/dhcp/f0449f93-5855-4f67-8bb0-f96b8992de99/opts
Oct 17 06:31:16.150580 podb-esxi207 dnsmasq-dhcp[1785845]: DHCPDISCOVER(tap1b931255-7c) fa:16:3e:92:92:99
Oct 17 06:31:16.150608 podb-esxi207 dnsmasq-dhcp[1785845]: DHCPOFFER(tap1b931255-7c) 10.1.0.13 fa:16:3e:92:92:99
Oct 17 06:31:16.161409 podb-esxi207 dnsmasq-dhcp[1785845]: DHCPREQUEST(tap1b931255-7c) 10.1.0.13 fa:16:3e:92:92:99
Oct 17 06:31:16.161445 podb-esxi207 dnsmasq-dhcp[1785845]: DHCPACK(tap1b931255-7c) 10.1.0.13 fa:16:3e:92:92:99 host-10-1-0-13
Oct 17 06:31:32.981603 podb-esxi207 dnsmasq-dhcp[1785845]: DHCPDISCOVER(tap1b931255-7c) fa:16:3e:40:36:78
Oct 17 06:31:32.981633 podb-esxi207 dnsmasq-dhcp[1785845]: DHCPOFFER(tap1b931255-7c) 10.1.0.9 fa:16:3e:40:36:78
Oct 17 06:31:32.992989 podb-esxi207 dnsmasq-dhcp[1785845]: DHCPREQUEST(tap1b931255-7c) 10.1.0.9 fa:16:3e:40:36:78
Oct 17 06:31:32.993025 podb-esxi207 dnsmasq-dhcp[1785845]: DHCPACK(tap1b931255-7c) 10.1.0.9 fa:16:3e:40:36:78 host-10-1-0-9
Oct 17 06:31:33.261618 podb-esxi207 dnsmasq-dhcp[1780837]: DHCPRELEASE(tap53de0147-3f) 10.1.0.13 fa:16:3e:83:4c:80
Oct 17 06:31:33.277498 podb-esxi207 dnsmasq-dhcp[1780837]: DHCPRELEASE(tap53de0147-3f) 10.1.0.13 fa:16:3e:83:4c:80 unknown lease
Oct 17 06:31:34.100879 podb-esxi207 dnsmasq[1780837]: read /opt/stack/data/neutron/dhcp/065b4520-da71-4589-ae06-bbc1cd37fdd8/addn_hosts - 2 names
Oct 17 06:31:34.100988 podb-esxi207 dnsmasq-dhcp[1780837]: read /opt/stack/data/neutron/dhcp/065b4520-da71-4589-ae06-bbc1cd37fdd8/host
Oct 17 06:31:34.101104 podb-esxi207 dnsmasq-dhcp[1780837]: read /opt/stack/data/neutron/dhcp/065b4520-da71-4589-ae06-bbc1cd37fdd8/opts
Oct 17 06:31:52.016450 podb-esxi207 dnsmasq[1780837]: read /opt/stack/data/neutron/dhcp/065b4520-da71-4589-ae06-bbc1cd37fdd8/addn_hosts - 0 names
Oct 17 06:31:52.016542 podb-esxi207 dnsmasq-dhcp[1780837]: read /opt/stack/data/neutron/dhcp/065b4520-da71-4589-ae06-bbc1cd37fdd8/host
Oct 17 06:31:52.016624 podb-esxi207 dnsmasq-dhcp[1780837]: read /opt/stack/data/neutron/dhcp/065b4520-da71-4589-ae06-bbc1cd37fdd8/opts
Oct 17 06:31:52.790761 podb-esxi207 dnsmasq[1780837]: exiting on receipt of SIGTERM
Oct 17 06:31:56.887763 podb-esxi207 dnsmasq-dhcp[1788730]: DHCPRELEASE(tap9c7341ce-cd) 10.1.0.7 fa:16:3e:4b:34:a7
Oct 17 06:31:56.904443 podb-esxi207 dnsmasq-dhcp[1788730]: DHCPRELEASE(tap9c7341ce-cd) 10.1.0.7 fa:16:3e:4b:34:a7 unknown lease
Oct 17 06:31:57.692398 podb-esxi207 dnsmasq-dhcp[1788187]: DHCPDISCOVER(tap55ce33f8-37) fa:16:3e:d1:ec:43
Oct 17 06:31:57.692424 podb-esxi207 dnsmasq-dhcp[1788187]: DHCPOFFER(tap55ce33f8-37) 10.1.0.14 fa:16:3e:d1:ec:43
Oct 17 06:31:57.704565 podb-esxi207 dnsmasq-dhcp[1788187]: DHCPREQUEST(tap55ce33f8-37) 10.1.0.14 fa:16:3e:d1:ec:43
Oct 17 06:31:57.704599 podb-esxi207 dnsmasq-dhcp[1788187]: DHCPACK(tap55ce33f8-37) 10.1.0.14 fa:16:3e:d1:ec:43 host-10-1-0-14
Oct 17 06:31:57.729768 podb-esxi207 dnsmasq[1788730]: read /opt/stack/data/neutron/dhcp/04ed55f8-88fc-4b57-a219-367ed8bbffcf/addn_hosts - 2 names
Oct 17 06:31:57.729886 podb-esxi207 dnsmasq-dhcp[1788730]: read /opt/stack/data/neutron/dhcp/04ed55f8-88fc-4b57-a219-367ed8bbffcf/host
Oct 17 06:31:57.729998 podb-esxi207 dnsmasq-dhcp[1788730]: read /opt/stack/data/neutron/dhcp/04ed55f8-88fc-4b57-a219-367ed8bbffcf/opts
Oct 17 06:32:06.942008 podb-esxi207 dnsmasq[1788730]: read /opt/stack/data/neutron/dhcp/04ed55f8-88fc-4b57-a219-367ed8bbffcf/addn_hosts - 0 names
Oct 17 06:32:06.942074 podb-esxi207 dnsmasq-dhcp[1788730]: read /opt/stack/data/neutron/dhcp/04ed55f8-88fc-4b57-a219-367ed8bbffcf/host
Oct 17 06:32:06.942134 podb-esxi207 dnsmasq-dhcp[1788730]: read /opt/stack/data/neutron/dhcp/04ed55f8-88fc-4b57-a219-367ed8bbffcf/opts
Oct 17 06:32:07.991971 podb-esxi207 dnsmasq[1788730]: exiting on receipt of SIGTERM
Oct 17 06:32:09.108242 podb-esxi207 dnsmasq[1788976]: read /opt/stack/data/neutron/dhcp/1f0ae926-fd43-4a8d-bf42-4a12afdb110b/addn_hosts - 0 names
Oct 17 06:32:09.108300 podb-esxi207 dnsmasq-dhcp[1788976]: read /opt/stack/data/neutron/dhcp/1f0ae926-fd43-4a8d-bf42-4a12afdb110b/host
Oct 17 06:32:09.108351 podb-esxi207 dnsmasq-dhcp[1788976]: read /opt/stack/data/neutron/dhcp/1f0ae926-fd43-4a8d-bf42-4a12afdb110b/opts
Oct 17 06:32:09.859416 podb-esxi207 dnsmasq[1788976]: exiting on receipt of SIGTERM
Oct 17 06:32:14.285216 podb-esxi207 dnsmasq[1791845]: started, version 2.90 cachesize 150
Oct 17 06:32:14.285245 podb-esxi207 dnsmasq[1791845]: DNS service limited to local subnets
Oct 17 06:32:14.285260 podb-esxi207 dnsmasq[1791845]: compile time options: IPv6 GNU-getopt DBus no-UBus i18n IDN2 DHCP DHCPv6 no-Lua TFTP conntrack ipset no-nftset auth cryptohash DNSSEC loop-detect inotify dumpfile
Oct 17 06:32:14.285304 podb-esxi207 dnsmasq-dhcp[1791845]: DHCP, static leases only on 10.1.0.0, lease time 1d
Oct 17 06:32:14.285466 podb-esxi207 dnsmasq[1791845]: reading /etc/resolv.conf
Oct 17 06:32:14.285482 podb-esxi207 dnsmasq[1791845]: using nameserver 127.0.0.53#53
Oct 17 06:32:14.285575 podb-esxi207 dnsmasq[1791845]: read /opt/stack/data/neutron/dhcp/1b0418a4-9153-41d4-b820-a6549ef492f2/addn_hosts - 0 names
Oct 17 06:32:14.285628 podb-esxi207 dnsmasq-dhcp[1791845]: read /opt/stack/data/neutron/dhcp/1b0418a4-9153-41d4-b820-a6549ef492f2/host
Oct 17 06:32:14.285687 podb-esxi207 dnsmasq-dhcp[1791845]: read /opt/stack/data/neutron/dhcp/1b0418a4-9153-41d4-b820-a6549ef492f2/opts
Oct 17 06:32:15.827716 podb-esxi207 dnsmasq[1791845]: read /opt/stack/data/neutron/dhcp/1b0418a4-9153-41d4-b820-a6549ef492f2/addn_hosts - 2 names
Oct 17 06:32:15.827796 podb-esxi207 dnsmasq-dhcp[1791845]: read /opt/stack/data/neutron/dhcp/1b0418a4-9153-41d4-b820-a6549ef492f2/host
Oct 17 06:32:15.827901 podb-esxi207 dnsmasq-dhcp[1791845]: read /opt/stack/data/neutron/dhcp/1b0418a4-9153-41d4-b820-a6549ef492f2/opts
Oct 17 06:32:17.063438 podb-esxi207 dnsmasq[1791845]: read /opt/stack/data/neutron/dhcp/1b0418a4-9153-41d4-b820-a6549ef492f2/addn_hosts - 2 names
Oct 17 06:32:17.063558 podb-esxi207 dnsmasq-dhcp[1791845]: read /opt/stack/data/neutron/dhcp/1b0418a4-9153-41d4-b820-a6549ef492f2/host
Oct 17 06:32:17.063678 podb-esxi207 dnsmasq-dhcp[1791845]: read /opt/stack/data/neutron/dhcp/1b0418a4-9153-41d4-b820-a6549ef492f2/opts
Oct 17 06:32:18.313723 podb-esxi207 dnsmasq[1791845]: read /opt/stack/data/neutron/dhcp/1b0418a4-9153-41d4-b820-a6549ef492f2/addn_hosts - 2 names
Oct 17 06:32:18.313851 podb-esxi207 dnsmasq-dhcp[1791845]: read /opt/stack/data/neutron/dhcp/1b0418a4-9153-41d4-b820-a6549ef492f2/host
Oct 17 06:32:18.313973 podb-esxi207 dnsmasq-dhcp[1791845]: read /opt/stack/data/neutron/dhcp/1b0418a4-9153-41d4-b820-a6549ef492f2/opts
Oct 17 06:32:27.621861 podb-esxi207 dnsmasq-dhcp[1785845]: DHCPREQUEST(tap1b931255-7c) 10.1.0.13 fa:16:3e:92:92:99
Oct 17 06:32:27.621892 podb-esxi207 dnsmasq-dhcp[1785845]: DHCPACK(tap1b931255-7c) 10.1.0.13 fa:16:3e:92:92:99 host-10-1-0-13
Oct 17 06:32:44.704778 podb-esxi207 dnsmasq-dhcp[1788187]: DHCPRELEASE(tap55ce33f8-37) 10.1.0.14 fa:16:3e:d1:ec:43
Oct 17 06:32:44.719855 podb-esxi207 dnsmasq-dhcp[1788187]: DHCPRELEASE(tap55ce33f8-37) 10.1.0.14 fa:16:3e:d1:ec:43 unknown lease
Oct 17 06:32:45.543029 podb-esxi207 dnsmasq[1788187]: read /opt/stack/data/neutron/dhcp/d8e55822-15ad-4530-bb76-db2a7261a17c/addn_hosts - 2 names
Oct 17 06:32:45.543147 podb-esxi207 dnsmasq-dhcp[1788187]: read /opt/stack/data/neutron/dhcp/d8e55822-15ad-4530-bb76-db2a7261a17c/host
Oct 17 06:32:45.543304 podb-esxi207 dnsmasq-dhcp[1788187]: read /opt/stack/data/neutron/dhcp/d8e55822-15ad-4530-bb76-db2a7261a17c/opts
Oct 17 06:32:53.480172 podb-esxi207 dnsmasq[1788187]: read /opt/stack/data/neutron/dhcp/d8e55822-15ad-4530-bb76-db2a7261a17c/addn_hosts - 0 names
Oct 17 06:32:53.480244 podb-esxi207 dnsmasq-dhcp[1788187]: read /opt/stack/data/neutron/dhcp/d8e55822-15ad-4530-bb76-db2a7261a17c/host
Oct 17 06:32:53.480336 podb-esxi207 dnsmasq-dhcp[1788187]: read /opt/stack/data/neutron/dhcp/d8e55822-15ad-4530-bb76-db2a7261a17c/opts
Oct 17 06:32:54.329577 podb-esxi207 dnsmasq[1788187]: exiting on receipt of SIGTERM
Oct 17 06:32:55.969152 podb-esxi207 dnsmasq-dhcp[1785845]: DHCPREQUEST(tap1b931255-7c) 10.1.0.9 fa:16:3e:40:36:78
Oct 17 06:32:55.969184 podb-esxi207 dnsmasq-dhcp[1785845]: DHCPACK(tap1b931255-7c) 10.1.0.9 fa:16:3e:40:36:78 host-10-1-0-9
Oct 17 06:32:58.246292 podb-esxi207 dnsmasq[1792841]: started, version 2.90 cachesize 150
Oct 17 06:32:58.246319 podb-esxi207 dnsmasq[1792841]: DNS service limited to local subnets
Oct 17 06:32:58.246332 podb-esxi207 dnsmasq[1792841]: compile time options: IPv6 GNU-getopt DBus no-UBus i18n IDN2 DHCP DHCPv6 no-Lua TFTP conntrack ipset no-nftset auth cryptohash DNSSEC loop-detect inotify dumpfile
Oct 17 06:32:58.246370 podb-esxi207 dnsmasq-dhcp[1792841]: DHCP, static leases only on 10.1.0.0, lease time 1d
Oct 17 06:32:58.246519 podb-esxi207 dnsmasq[1792841]: reading /etc/resolv.conf
Oct 17 06:32:58.246534 podb-esxi207 dnsmasq[1792841]: using nameserver 127.0.0.53#53
Oct 17 06:32:58.246624 podb-esxi207 dnsmasq[1792841]: read /opt/stack/data/neutron/dhcp/d04c786f-2667-4679-957b-297bc407b58f/addn_hosts - 0 names
Oct 17 06:32:58.246673 podb-esxi207 dnsmasq-dhcp[1792841]: read /opt/stack/data/neutron/dhcp/d04c786f-2667-4679-957b-297bc407b58f/host
Oct 17 06:32:58.246728 podb-esxi207 dnsmasq-dhcp[1792841]: read /opt/stack/data/neutron/dhcp/d04c786f-2667-4679-957b-297bc407b58f/opts
Oct 17 06:32:59.789357 podb-esxi207 dnsmasq[1792841]: read /opt/stack/data/neutron/dhcp/d04c786f-2667-4679-957b-297bc407b58f/addn_hosts - 2 names
Oct 17 06:32:59.789447 podb-esxi207 dnsmasq-dhcp[1792841]: read /opt/stack/data/neutron/dhcp/d04c786f-2667-4679-957b-297bc407b58f/host
Oct 17 06:32:59.789515 podb-esxi207 dnsmasq-dhcp[1792841]: read /opt/stack/data/neutron/dhcp/d04c786f-2667-4679-957b-297bc407b58f/opts
Oct 17 06:33:01.021095 podb-esxi207 dnsmasq[1792841]: read /opt/stack/data/neutron/dhcp/d04c786f-2667-4679-957b-297bc407b58f/addn_hosts - 2 names
Oct 17 06:33:01.021173 podb-esxi207 dnsmasq-dhcp[1792841]: read /opt/stack/data/neutron/dhcp/d04c786f-2667-4679-957b-297bc407b58f/host
Oct 17 06:33:01.021289 podb-esxi207 dnsmasq-dhcp[1792841]: read /opt/stack/data/neutron/dhcp/d04c786f-2667-4679-957b-297bc407b58f/opts
Oct 17 06:33:02.278436 podb-esxi207 dnsmasq[1792841]: read /opt/stack/data/neutron/dhcp/d04c786f-2667-4679-957b-297bc407b58f/addn_hosts - 2 names
Oct 17 06:33:02.278554 podb-esxi207 dnsmasq-dhcp[1792841]: read /opt/stack/data/neutron/dhcp/d04c786f-2667-4679-957b-297bc407b58f/host
Oct 17 06:33:02.278649 podb-esxi207 dnsmasq-dhcp[1792841]: read /opt/stack/data/neutron/dhcp/d04c786f-2667-4679-957b-297bc407b58f/opts
Oct 17 06:33:04.609630 podb-esxi207 dnsmasq[1792841]: read /opt/stack/data/neutron/dhcp/d04c786f-2667-4679-957b-297bc407b58f/addn_hosts - 4 names
Oct 17 06:33:04.609756 podb-esxi207 dnsmasq-dhcp[1792841]: read /opt/stack/data/neutron/dhcp/d04c786f-2667-4679-957b-297bc407b58f/host
Oct 17 06:33:04.609875 podb-esxi207 dnsmasq-dhcp[1792841]: read /opt/stack/data/neutron/dhcp/d04c786f-2667-4679-957b-297bc407b58f/opts
Oct 17 06:33:13.941782 podb-esxi207 dnsmasq[1793240]: started, version 2.90 cachesize 150
Oct 17 06:33:13.941812 podb-esxi207 dnsmasq[1793240]: DNS service limited to local subnets
Oct 17 06:33:13.941827 podb-esxi207 dnsmasq[1793240]: compile time options: IPv6 GNU-getopt DBus no-UBus i18n IDN2 DHCP DHCPv6 no-Lua TFTP conntrack ipset no-nftset auth cryptohash DNSSEC loop-detect inotify dumpfile
Oct 17 06:33:13.941868 podb-esxi207 dnsmasq-dhcp[1793240]: DHCP, static leases only on 10.1.0.0, lease time 1d
Oct 17 06:33:13.942031 podb-esxi207 dnsmasq[1793240]: reading /etc/resolv.conf
Oct 17 06:33:13.942048 podb-esxi207 dnsmasq[1793240]: using nameserver 127.0.0.53#53
Oct 17 06:33:13.942138 podb-esxi207 dnsmasq[1793240]: read /opt/stack/data/neutron/dhcp/9860833d-5e9a-4def-be9c-7ecbb7631812/addn_hosts - 0 names
Oct 17 06:33:13.942190 podb-esxi207 dnsmasq-dhcp[1793240]: read /opt/stack/data/neutron/dhcp/9860833d-5e9a-4def-be9c-7ecbb7631812/host
Oct 17 06:33:13.942258 podb-esxi207 dnsmasq-dhcp[1793240]: read /opt/stack/data/neutron/dhcp/9860833d-5e9a-4def-be9c-7ecbb7631812/opts
Oct 17 06:33:15.488742 podb-esxi207 dnsmasq[1793240]: read /opt/stack/data/neutron/dhcp/9860833d-5e9a-4def-be9c-7ecbb7631812/addn_hosts - 2 names
Oct 17 06:33:15.488828 podb-esxi207 dnsmasq-dhcp[1793240]: read /opt/stack/data/neutron/dhcp/9860833d-5e9a-4def-be9c-7ecbb7631812/host
Oct 17 06:33:15.488898 podb-esxi207 dnsmasq-dhcp[1793240]: read /opt/stack/data/neutron/dhcp/9860833d-5e9a-4def-be9c-7ecbb7631812/opts
Oct 17 06:33:18.510334 podb-esxi207 dnsmasq[1793540]: started, version 2.90 cachesize 150
Oct 17 06:33:18.510363 podb-esxi207 dnsmasq[1793540]: DNS service limited to local subnets
Oct 17 06:33:18.510379 podb-esxi207 dnsmasq[1793540]: compile time options: IPv6 GNU-getopt DBus no-UBus i18n IDN2 DHCP DHCPv6 no-Lua TFTP conntrack ipset no-nftset auth cryptohash DNSSEC loop-detect inotify dumpfile
Oct 17 06:33:18.510422 podb-esxi207 dnsmasq-dhcp[1793540]: DHCP, static leases only on 10.1.0.0, lease time 1d
Oct 17 06:33:18.510586 podb-esxi207 dnsmasq[1793540]: reading /etc/resolv.conf
Oct 17 06:33:18.510603 podb-esxi207 dnsmasq[1793540]: using nameserver 127.0.0.53#53
Oct 17 06:33:18.510693 podb-esxi207 dnsmasq[1793540]: read /opt/stack/data/neutron/dhcp/2757a4e3-daef-4460-9ab7-e392ac19703b/addn_hosts - 0 names
Oct 17 06:33:18.510744 podb-esxi207 dnsmasq-dhcp[1793540]: read /opt/stack/data/neutron/dhcp/2757a4e3-daef-4460-9ab7-e392ac19703b/host
Oct 17 06:33:18.510801 podb-esxi207 dnsmasq-dhcp[1793540]: read /opt/stack/data/neutron/dhcp/2757a4e3-daef-4460-9ab7-e392ac19703b/opts
Oct 17 06:33:19.547750 podb-esxi207 dnsmasq[1793240]: read /opt/stack/data/neutron/dhcp/9860833d-5e9a-4def-be9c-7ecbb7631812/addn_hosts - 2 names
Oct 17 06:33:19.547846 podb-esxi207 dnsmasq-dhcp[1793240]: read /opt/stack/data/neutron/dhcp/9860833d-5e9a-4def-be9c-7ecbb7631812/host
Oct 17 06:33:19.547934 podb-esxi207 dnsmasq-dhcp[1793240]: read /opt/stack/data/neutron/dhcp/9860833d-5e9a-4def-be9c-7ecbb7631812/opts
Oct 17 06:33:20.821671 podb-esxi207 dnsmasq[1793540]: read /opt/stack/data/neutron/dhcp/2757a4e3-daef-4460-9ab7-e392ac19703b/addn_hosts - 2 names
Oct 17 06:33:20.821767 podb-esxi207 dnsmasq-dhcp[1793540]: read /opt/stack/data/neutron/dhcp/2757a4e3-daef-4460-9ab7-e392ac19703b/host
Oct 17 06:33:20.821832 podb-esxi207 dnsmasq-dhcp[1793540]: read /opt/stack/data/neutron/dhcp/2757a4e3-daef-4460-9ab7-e392ac19703b/opts
Oct 17 06:33:22.059469 podb-esxi207 dnsmasq[1793240]: read /opt/stack/data/neutron/dhcp/9860833d-5e9a-4def-be9c-7ecbb7631812/addn_hosts - 2 names
Oct 17 06:33:22.059573 podb-esxi207 dnsmasq-dhcp[1793240]: read /opt/stack/data/neutron/dhcp/9860833d-5e9a-4def-be9c-7ecbb7631812/host
Oct 17 06:33:22.059675 podb-esxi207 dnsmasq-dhcp[1793240]: read /opt/stack/data/neutron/dhcp/9860833d-5e9a-4def-be9c-7ecbb7631812/opts
Oct 17 06:33:22.789432 podb-esxi207 dnsmasq[1793540]: read /opt/stack/data/neutron/dhcp/2757a4e3-daef-4460-9ab7-e392ac19703b/addn_hosts - 2 names
Oct 17 06:33:22.789546 podb-esxi207 dnsmasq-dhcp[1793540]: read /opt/stack/data/neutron/dhcp/2757a4e3-daef-4460-9ab7-e392ac19703b/host
Oct 17 06:33:22.789647 podb-esxi207 dnsmasq-dhcp[1793540]: read /opt/stack/data/neutron/dhcp/2757a4e3-daef-4460-9ab7-e392ac19703b/opts
Oct 17 06:33:24.033445 podb-esxi207 dnsmasq[1791845]: read /opt/stack/data/neutron/dhcp/1b0418a4-9153-41d4-b820-a6549ef492f2/addn_hosts - 4 names
Oct 17 06:33:24.033563 podb-esxi207 dnsmasq-dhcp[1791845]: read /opt/stack/data/neutron/dhcp/1b0418a4-9153-41d4-b820-a6549ef492f2/host
Oct 17 06:33:24.033672 podb-esxi207 dnsmasq-dhcp[1791845]: read /opt/stack/data/neutron/dhcp/1b0418a4-9153-41d4-b820-a6549ef492f2/opts
Oct 17 06:33:24.769098 podb-esxi207 dnsmasq[1793540]: read /opt/stack/data/neutron/dhcp/2757a4e3-daef-4460-9ab7-e392ac19703b/addn_hosts - 2 names
Oct 17 06:33:24.769195 podb-esxi207 dnsmasq-dhcp[1793540]: read /opt/stack/data/neutron/dhcp/2757a4e3-daef-4460-9ab7-e392ac19703b/host
Oct 17 06:33:24.769299 podb-esxi207 dnsmasq-dhcp[1793540]: read /opt/stack/data/neutron/dhcp/2757a4e3-daef-4460-9ab7-e392ac19703b/opts
Oct 17 06:33:26.018967 podb-esxi207 dnsmasq[1793240]: read /opt/stack/data/neutron/dhcp/9860833d-5e9a-4def-be9c-7ecbb7631812/addn_hosts - 4 names
Oct 17 06:33:26.019087 podb-esxi207 dnsmasq-dhcp[1793240]: read /opt/stack/data/neutron/dhcp/9860833d-5e9a-4def-be9c-7ecbb7631812/host
Oct 17 06:33:26.019185 podb-esxi207 dnsmasq-dhcp[1793240]: read /opt/stack/data/neutron/dhcp/9860833d-5e9a-4def-be9c-7ecbb7631812/opts
Oct 17 06:33:28.780063 podb-esxi207 dnsmasq-dhcp[1792841]: DHCPDISCOVER(tapd4ea7a00-83) fa:16:3e:b5:3a:33
Oct 17 06:33:28.780090 podb-esxi207 dnsmasq-dhcp[1792841]: DHCPOFFER(tapd4ea7a00-83) 10.1.0.9 fa:16:3e:b5:3a:33
Oct 17 06:33:28.790825 podb-esxi207 dnsmasq-dhcp[1792841]: DHCPREQUEST(tapd4ea7a00-83) 10.1.0.9 fa:16:3e:b5:3a:33
Oct 17 06:33:28.790853 podb-esxi207 dnsmasq-dhcp[1792841]: DHCPACK(tapd4ea7a00-83) 10.1.0.9 fa:16:3e:b5:3a:33 host-10-1-0-9
Oct 17 06:33:43.795658 podb-esxi207 dnsmasq-dhcp[1791845]: DHCPDISCOVER(tapd082fef6-83) fa:16:3e:a0:77:41
Oct 17 06:33:43.795685 podb-esxi207 dnsmasq-dhcp[1791845]: DHCPOFFER(tapd082fef6-83) 10.1.0.9 fa:16:3e:a0:77:41
Oct 17 06:33:43.806648 podb-esxi207 dnsmasq-dhcp[1791845]: DHCPREQUEST(tapd082fef6-83) 10.1.0.9 fa:16:3e:a0:77:41
Oct 17 06:33:43.806675 podb-esxi207 dnsmasq-dhcp[1791845]: DHCPACK(tapd082fef6-83) 10.1.0.9 fa:16:3e:a0:77:41 host-10-1-0-9
Oct 17 06:33:47.316582 podb-esxi207 dnsmasq[1793240]: read /opt/stack/data/neutron/dhcp/9860833d-5e9a-4def-be9c-7ecbb7631812/addn_hosts - 2 names
Oct 17 06:33:47.316740 podb-esxi207 dnsmasq-dhcp[1793240]: read /opt/stack/data/neutron/dhcp/9860833d-5e9a-4def-be9c-7ecbb7631812/host
Oct 17 06:33:47.316850 podb-esxi207 dnsmasq-dhcp[1793240]: read /opt/stack/data/neutron/dhcp/9860833d-5e9a-4def-be9c-7ecbb7631812/opts
Oct 17 06:34:29.041488 podb-esxi207 dnsmasq-dhcp[1785845]: DHCPRELEASE(tap1b931255-7c) 10.1.0.9 fa:16:3e:40:36:78
Oct 17 06:34:29.056356 podb-esxi207 dnsmasq-dhcp[1785845]: DHCPRELEASE(tap1b931255-7c) 10.1.0.9 fa:16:3e:40:36:78 unknown lease
Oct 17 06:34:29.881821 podb-esxi207 dnsmasq[1785845]: read /opt/stack/data/neutron/dhcp/f0449f93-5855-4f67-8bb0-f96b8992de99/addn_hosts - 10 names
Oct 17 06:34:29.881965 podb-esxi207 dnsmasq-dhcp[1785845]: read /opt/stack/data/neutron/dhcp/f0449f93-5855-4f67-8bb0-f96b8992de99/host
Oct 17 06:34:29.882070 podb-esxi207 dnsmasq-dhcp[1785845]: read /opt/stack/data/neutron/dhcp/f0449f93-5855-4f67-8bb0-f96b8992de99/opts
Oct 17 06:34:34.429940 podb-esxi207 dnsmasq[1793240]: read /opt/stack/data/neutron/dhcp/9860833d-5e9a-4def-be9c-7ecbb7631812/addn_hosts - 0 names
Oct 17 06:34:34.430016 podb-esxi207 dnsmasq-dhcp[1793240]: read /opt/stack/data/neutron/dhcp/9860833d-5e9a-4def-be9c-7ecbb7631812/host
Oct 17 06:34:34.430078 podb-esxi207 dnsmasq-dhcp[1793240]: read /opt/stack/data/neutron/dhcp/9860833d-5e9a-4def-be9c-7ecbb7631812/opts
Oct 17 06:34:35.517105 podb-esxi207 dnsmasq[1793240]: exiting on receipt of SIGTERM
Oct 17 06:34:36.634945 podb-esxi207 dnsmasq[1793540]: read /opt/stack/data/neutron/dhcp/2757a4e3-daef-4460-9ab7-e392ac19703b/addn_hosts - 0 names
Oct 17 06:34:36.635071 podb-esxi207 dnsmasq-dhcp[1793540]: read /opt/stack/data/neutron/dhcp/2757a4e3-daef-4460-9ab7-e392ac19703b/host
Oct 17 06:34:36.635193 podb-esxi207 dnsmasq-dhcp[1793540]: read /opt/stack/data/neutron/dhcp/2757a4e3-daef-4460-9ab7-e392ac19703b/opts
Oct 17 06:34:36.890086 podb-esxi207 dnsmasq-dhcp[1785845]: DHCPRELEASE(tap1b931255-7c) 10.1.0.13 fa:16:3e:92:92:99
Oct 17 06:34:36.906913 podb-esxi207 dnsmasq-dhcp[1785845]: DHCPRELEASE(tap1b931255-7c) 10.1.0.13 fa:16:3e:92:92:99 unknown lease
Oct 17 06:34:37.731770 podb-esxi207 dnsmasq[1785845]: read /opt/stack/data/neutron/dhcp/f0449f93-5855-4f67-8bb0-f96b8992de99/addn_hosts - 8 names
Oct 17 06:34:37.731873 podb-esxi207 dnsmasq-dhcp[1785845]: read /opt/stack/data/neutron/dhcp/f0449f93-5855-4f67-8bb0-f96b8992de99/host
Oct 17 06:34:37.731977 podb-esxi207 dnsmasq-dhcp[1785845]: read /opt/stack/data/neutron/dhcp/f0449f93-5855-4f67-8bb0-f96b8992de99/opts
Oct 17 06:34:38.033686 podb-esxi207 dnsmasq[1793540]: exiting on receipt of SIGTERM
Oct 17 06:34:52.129672 podb-esxi207 dnsmasq-dhcp[1785845]: DHCPRELEASE(tap1b931255-7c) 10.1.0.6 fa:16:3e:95:47:1f
Oct 17 06:34:52.142991 podb-esxi207 dnsmasq-dhcp[1785845]: DHCPRELEASE(tap1b931255-7c) 10.1.0.6 fa:16:3e:95:47:1f unknown lease
Oct 17 06:34:52.963720 podb-esxi207 dnsmasq[1785845]: read /opt/stack/data/neutron/dhcp/f0449f93-5855-4f67-8bb0-f96b8992de99/addn_hosts - 6 names
Oct 17 06:34:52.963849 podb-esxi207 dnsmasq-dhcp[1785845]: read /opt/stack/data/neutron/dhcp/f0449f93-5855-4f67-8bb0-f96b8992de99/host
Oct 17 06:34:52.963953 podb-esxi207 dnsmasq-dhcp[1785845]: read /opt/stack/data/neutron/dhcp/f0449f93-5855-4f67-8bb0-f96b8992de99/opts
Oct 17 06:34:59.401104 podb-esxi207 dnsmasq-dhcp[1785845]: DHCPRELEASE(tap1b931255-7c) 10.1.0.8 fa:16:3e:42:5b:b0
Oct 17 06:34:59.419366 podb-esxi207 dnsmasq-dhcp[1785845]: DHCPRELEASE(tap1b931255-7c) 10.1.0.8 fa:16:3e:42:5b:b0 unknown lease
Oct 17 06:34:59.436400 podb-esxi207 dnsmasq-dhcp[1792841]: DHCPREQUEST(tapd4ea7a00-83) 10.1.0.9 fa:16:3e:b5:3a:33
Oct 17 06:34:59.436435 podb-esxi207 dnsmasq-dhcp[1792841]: DHCPACK(tapd4ea7a00-83) 10.1.0.9 fa:16:3e:b5:3a:33 host-10-1-0-9
Oct 17 06:35:00.242797 podb-esxi207 dnsmasq[1785845]: read /opt/stack/data/neutron/dhcp/f0449f93-5855-4f67-8bb0-f96b8992de99/addn_hosts - 4 names
Oct 17 06:35:00.242895 podb-esxi207 dnsmasq-dhcp[1785845]: read /opt/stack/data/neutron/dhcp/f0449f93-5855-4f67-8bb0-f96b8992de99/host
Oct 17 06:35:00.242989 podb-esxi207 dnsmasq-dhcp[1785845]: read /opt/stack/data/neutron/dhcp/f0449f93-5855-4f67-8bb0-f96b8992de99/opts
Oct 17 06:35:07.268489 podb-esxi207 dnsmasq-dhcp[1785845]: DHCPRELEASE(tap1b931255-7c) 10.1.0.11 fa:16:3e:35:db:18
Oct 17 06:35:07.282298 podb-esxi207 dnsmasq-dhcp[1785845]: DHCPRELEASE(tap1b931255-7c) 10.1.0.11 fa:16:3e:35:db:18 unknown lease
Oct 17 06:35:08.106334 podb-esxi207 dnsmasq[1785845]: read /opt/stack/data/neutron/dhcp/f0449f93-5855-4f67-8bb0-f96b8992de99/addn_hosts - 2 names
Oct 17 06:35:08.106429 podb-esxi207 dnsmasq-dhcp[1785845]: read /opt/stack/data/neutron/dhcp/f0449f93-5855-4f67-8bb0-f96b8992de99/host
Oct 17 06:35:08.106498 podb-esxi207 dnsmasq-dhcp[1785845]: read /opt/stack/data/neutron/dhcp/f0449f93-5855-4f67-8bb0-f96b8992de99/opts
Oct 17 06:35:38.322636 podb-esxi207 dnsmasq[1785845]: read /opt/stack/data/neutron/dhcp/f0449f93-5855-4f67-8bb0-f96b8992de99/addn_hosts - 0 names
Oct 17 06:35:38.322713 podb-esxi207 dnsmasq-dhcp[1785845]: read /opt/stack/data/neutron/dhcp/f0449f93-5855-4f67-8bb0-f96b8992de99/host
Oct 17 06:35:38.322806 podb-esxi207 dnsmasq-dhcp[1785845]: read /opt/stack/data/neutron/dhcp/f0449f93-5855-4f67-8bb0-f96b8992de99/opts
Oct 17 06:35:39.272379 podb-esxi207 dnsmasq[1785845]: exiting on receipt of SIGTERM
Oct 17 06:36:03.130447 podb-esxi207 dnsmasq-dhcp[1792841]: DHCPRELEASE(tapd4ea7a00-83) 10.1.0.9 fa:16:3e:b5:3a:33
Oct 17 06:36:03.148478 podb-esxi207 dnsmasq-dhcp[1792841]: DHCPRELEASE(tapd4ea7a00-83) 10.1.0.9 fa:16:3e:b5:3a:33 unknown lease
Oct 17 06:36:03.976606 podb-esxi207 dnsmasq[1792841]: read /opt/stack/data/neutron/dhcp/d04c786f-2667-4679-957b-297bc407b58f/addn_hosts - 2 names
Oct 17 06:36:03.976719 podb-esxi207 dnsmasq-dhcp[1792841]: read /opt/stack/data/neutron/dhcp/d04c786f-2667-4679-957b-297bc407b58f/host
Oct 17 06:36:03.976807 podb-esxi207 dnsmasq-dhcp[1792841]: read /opt/stack/data/neutron/dhcp/d04c786f-2667-4679-957b-297bc407b58f/opts
Oct 17 06:36:14.805781 podb-esxi207 dnsmasq[1792841]: read /opt/stack/data/neutron/dhcp/d04c786f-2667-4679-957b-297bc407b58f/addn_hosts - 4 names
Oct 17 06:36:14.805880 podb-esxi207 dnsmasq-dhcp[1792841]: read /opt/stack/data/neutron/dhcp/d04c786f-2667-4679-957b-297bc407b58f/host
Oct 17 06:36:14.805965 podb-esxi207 dnsmasq-dhcp[1792841]: read /opt/stack/data/neutron/dhcp/d04c786f-2667-4679-957b-297bc407b58f/opts
Oct 17 06:36:39.751948 podb-esxi207 dnsmasq-dhcp[1792841]: DHCPDISCOVER(tapd4ea7a00-83) fa:16:3e:69:d3:8f
Oct 17 06:36:39.751976 podb-esxi207 dnsmasq-dhcp[1792841]: DHCPOFFER(tapd4ea7a00-83) 10.1.0.7 fa:16:3e:69:d3:8f
Oct 17 06:36:39.762886 podb-esxi207 dnsmasq-dhcp[1792841]: DHCPREQUEST(tapd4ea7a00-83) 10.1.0.7 fa:16:3e:69:d3:8f
Oct 17 06:36:39.762913 podb-esxi207 dnsmasq-dhcp[1792841]: DHCPACK(tapd4ea7a00-83) 10.1.0.7 fa:16:3e:69:d3:8f host-10-1-0-7
Oct 17 06:37:01.716442 podb-esxi207 dnsmasq-dhcp[1791845]: DHCPRELEASE(tapd082fef6-83) 10.1.0.9 fa:16:3e:a0:77:41
Oct 17 06:37:01.732751 podb-esxi207 dnsmasq-dhcp[1791845]: DHCPRELEASE(tapd082fef6-83) 10.1.0.9 fa:16:3e:a0:77:41 unknown lease
Oct 17 06:37:02.557608 podb-esxi207 dnsmasq[1791845]: read /opt/stack/data/neutron/dhcp/1b0418a4-9153-41d4-b820-a6549ef492f2/addn_hosts - 2 names
Oct 17 06:37:02.557730 podb-esxi207 dnsmasq-dhcp[1791845]: read /opt/stack/data/neutron/dhcp/1b0418a4-9153-41d4-b820-a6549ef492f2/host
Oct 17 06:37:02.557811 podb-esxi207 dnsmasq-dhcp[1791845]: read /opt/stack/data/neutron/dhcp/1b0418a4-9153-41d4-b820-a6549ef492f2/opts
Oct 17 06:38:08.695023 podb-esxi207 dnsmasq-dhcp[1792841]: DHCPREQUEST(tapd4ea7a00-83) 10.1.0.7 fa:16:3e:69:d3:8f
Oct 17 06:38:08.695053 podb-esxi207 dnsmasq-dhcp[1792841]: DHCPACK(tapd4ea7a00-83) 10.1.0.7 fa:16:3e:69:d3:8f host-10-1-0-7
Oct 17 06:38:47.625890 podb-esxi207 dnsmasq-dhcp[1792841]: DHCPRELEASE(tapd4ea7a00-83) 10.1.0.7 fa:16:3e:69:d3:8f
Oct 17 06:38:47.642154 podb-esxi207 dnsmasq-dhcp[1792841]: DHCPRELEASE(tapd4ea7a00-83) 10.1.0.7 fa:16:3e:69:d3:8f unknown lease
Oct 17 06:38:48.467712 podb-esxi207 dnsmasq[1792841]: read /opt/stack/data/neutron/dhcp/d04c786f-2667-4679-957b-297bc407b58f/addn_hosts - 2 names
Oct 17 06:38:48.467824 podb-esxi207 dnsmasq-dhcp[1792841]: read /opt/stack/data/neutron/dhcp/d04c786f-2667-4679-957b-297bc407b58f/host
Oct 17 06:38:48.467931 podb-esxi207 dnsmasq-dhcp[1792841]: read /opt/stack/data/neutron/dhcp/d04c786f-2667-4679-957b-297bc407b58f/opts
Oct 17 06:39:59.779635 podb-esxi207 dnsmasq[1792841]: read /opt/stack/data/neutron/dhcp/d04c786f-2667-4679-957b-297bc407b58f/addn_hosts - 0 names
Oct 17 06:39:59.779705 podb-esxi207 dnsmasq-dhcp[1792841]: read /opt/stack/data/neutron/dhcp/d04c786f-2667-4679-957b-297bc407b58f/host
Oct 17 06:39:59.779757 podb-esxi207 dnsmasq-dhcp[1792841]: read /opt/stack/data/neutron/dhcp/d04c786f-2667-4679-957b-297bc407b58f/opts
Oct 17 06:40:00.952161 podb-esxi207 dnsmasq[1792841]: exiting on receipt of SIGTERM
Oct 17 06:40:04.978575 podb-esxi207 dnsmasq[1798079]: started, version 2.90 cachesize 150
Oct 17 06:40:04.978605 podb-esxi207 dnsmasq[1798079]: DNS service limited to local subnets
Oct 17 06:40:04.978619 podb-esxi207 dnsmasq[1798079]: compile time options: IPv6 GNU-getopt DBus no-UBus i18n IDN2 DHCP DHCPv6 no-Lua TFTP conntrack ipset no-nftset auth cryptohash DNSSEC loop-detect inotify dumpfile
Oct 17 06:40:04.978654 podb-esxi207 dnsmasq-dhcp[1798079]: DHCP, static leases only on 10.1.0.0, lease time 1d
Oct 17 06:40:04.978816 podb-esxi207 dnsmasq[1798079]: reading /etc/resolv.conf
Oct 17 06:40:04.978837 podb-esxi207 dnsmasq[1798079]: using nameserver 127.0.0.53#53
Oct 17 06:40:04.978932 podb-esxi207 dnsmasq[1798079]: read /opt/stack/data/neutron/dhcp/1cfd6581-4c83-4148-8aa0-4d821d9f682c/addn_hosts - 0 names
Oct 17 06:40:04.978988 podb-esxi207 dnsmasq-dhcp[1798079]: read /opt/stack/data/neutron/dhcp/1cfd6581-4c83-4148-8aa0-4d821d9f682c/host
Oct 17 06:40:04.979056 podb-esxi207 dnsmasq-dhcp[1798079]: read /opt/stack/data/neutron/dhcp/1cfd6581-4c83-4148-8aa0-4d821d9f682c/opts
Oct 17 06:40:06.527167 podb-esxi207 dnsmasq[1798079]: read /opt/stack/data/neutron/dhcp/1cfd6581-4c83-4148-8aa0-4d821d9f682c/addn_hosts - 2 names
Oct 17 06:40:06.527277 podb-esxi207 dnsmasq-dhcp[1798079]: read /opt/stack/data/neutron/dhcp/1cfd6581-4c83-4148-8aa0-4d821d9f682c/host
Oct 17 06:40:06.527393 podb-esxi207 dnsmasq-dhcp[1798079]: read /opt/stack/data/neutron/dhcp/1cfd6581-4c83-4148-8aa0-4d821d9f682c/opts
Oct 17 06:40:07.796031 podb-esxi207 dnsmasq[1798079]: read /opt/stack/data/neutron/dhcp/1cfd6581-4c83-4148-8aa0-4d821d9f682c/addn_hosts - 2 names
Oct 17 06:40:07.796125 podb-esxi207 dnsmasq-dhcp[1798079]: read /opt/stack/data/neutron/dhcp/1cfd6581-4c83-4148-8aa0-4d821d9f682c/host
Oct 17 06:40:07.796236 podb-esxi207 dnsmasq-dhcp[1798079]: read /opt/stack/data/neutron/dhcp/1cfd6581-4c83-4148-8aa0-4d821d9f682c/opts
Oct 17 06:40:09.051283 podb-esxi207 dnsmasq[1798079]: read /opt/stack/data/neutron/dhcp/1cfd6581-4c83-4148-8aa0-4d821d9f682c/addn_hosts - 2 names
Oct 17 06:40:09.051400 podb-esxi207 dnsmasq-dhcp[1798079]: read /opt/stack/data/neutron/dhcp/1cfd6581-4c83-4148-8aa0-4d821d9f682c/host
Oct 17 06:40:09.051512 podb-esxi207 dnsmasq-dhcp[1798079]: read /opt/stack/data/neutron/dhcp/1cfd6581-4c83-4148-8aa0-4d821d9f682c/opts
Oct 17 06:40:12.070740 podb-esxi207 dnsmasq[1798079]: read /opt/stack/data/neutron/dhcp/1cfd6581-4c83-4148-8aa0-4d821d9f682c/addn_hosts - 4 names
Oct 17 06:40:12.070925 podb-esxi207 dnsmasq-dhcp[1798079]: read /opt/stack/data/neutron/dhcp/1cfd6581-4c83-4148-8aa0-4d821d9f682c/host
Oct 17 06:40:12.071077 podb-esxi207 dnsmasq-dhcp[1798079]: read /opt/stack/data/neutron/dhcp/1cfd6581-4c83-4148-8aa0-4d821d9f682c/opts
Oct 17 06:40:34.811941 podb-esxi207 dnsmasq-dhcp[1798079]: DHCPDISCOVER(tapa07b0f60-49) fa:16:3e:34:91:65
Oct 17 06:40:34.811969 podb-esxi207 dnsmasq-dhcp[1798079]: DHCPOFFER(tapa07b0f60-49) 10.1.0.13 fa:16:3e:34:91:65
Oct 17 06:40:34.821349 podb-esxi207 dnsmasq-dhcp[1798079]: DHCPREQUEST(tapa07b0f60-49) 10.1.0.13 fa:16:3e:34:91:65
Oct 17 06:40:34.821373 podb-esxi207 dnsmasq-dhcp[1798079]: DHCPACK(tapa07b0f60-49) 10.1.0.13 fa:16:3e:34:91:65 host-10-1-0-13
Oct 17 06:40:56.325804 podb-esxi207 dnsmasq[1791845]: read /opt/stack/data/neutron/dhcp/1b0418a4-9153-41d4-b820-a6549ef492f2/addn_hosts - 0 names
Oct 17 06:40:56.325883 podb-esxi207 dnsmasq-dhcp[1791845]: read /opt/stack/data/neutron/dhcp/1b0418a4-9153-41d4-b820-a6549ef492f2/host
Oct 17 06:40:56.325978 podb-esxi207 dnsmasq-dhcp[1791845]: read /opt/stack/data/neutron/dhcp/1b0418a4-9153-41d4-b820-a6549ef492f2/opts
Oct 17 06:40:57.267107 podb-esxi207 dnsmasq[1791845]: exiting on receipt of SIGTERM
Oct 17 06:41:34.689229 podb-esxi207 dnsmasq[1798079]: read /opt/stack/data/neutron/dhcp/1cfd6581-4c83-4148-8aa0-4d821d9f682c/addn_hosts - 6 names
Oct 17 06:41:34.689375 podb-esxi207 dnsmasq-dhcp[1798079]: read /opt/stack/data/neutron/dhcp/1cfd6581-4c83-4148-8aa0-4d821d9f682c/host
Oct 17 06:41:34.689488 podb-esxi207 dnsmasq-dhcp[1798079]: read /opt/stack/data/neutron/dhcp/1cfd6581-4c83-4148-8aa0-4d821d9f682c/opts
Oct 17 06:41:59.332087 podb-esxi207 dnsmasq-dhcp[1798079]: DHCPDISCOVER(tapa07b0f60-49) fa:16:3e:8f:62:06
Oct 17 06:41:59.332115 podb-esxi207 dnsmasq-dhcp[1798079]: DHCPOFFER(tapa07b0f60-49) 10.1.0.3 fa:16:3e:8f:62:06
Oct 17 06:41:59.342732 podb-esxi207 dnsmasq-dhcp[1798079]: DHCPREQUEST(tapa07b0f60-49) 10.1.0.3 fa:16:3e:8f:62:06
Oct 17 06:41:59.342760 podb-esxi207 dnsmasq-dhcp[1798079]: DHCPACK(tapa07b0f60-49) 10.1.0.3 fa:16:3e:8f:62:06 host-10-1-0-3
Oct 17 06:42:26.107527 podb-esxi207 dnsmasq[1799839]: started, version 2.90 cachesize 150
Oct 17 06:42:26.107558 podb-esxi207 dnsmasq[1799839]: DNS service limited to local subnets
Oct 17 06:42:26.107574 podb-esxi207 dnsmasq[1799839]: compile time options: IPv6 GNU-getopt DBus no-UBus i18n IDN2 DHCP DHCPv6 no-Lua TFTP conntrack ipset no-nftset auth cryptohash DNSSEC loop-detect inotify dumpfile
Oct 17 06:42:26.107622 podb-esxi207 dnsmasq-dhcp[1799839]: DHCP, static leases only on 10.1.0.0, lease time 1d
Oct 17 06:42:26.107785 podb-esxi207 dnsmasq[1799839]: reading /etc/resolv.conf
Oct 17 06:42:26.107802 podb-esxi207 dnsmasq[1799839]: using nameserver 127.0.0.53#53
Oct 17 06:42:26.107891 podb-esxi207 dnsmasq[1799839]: read /opt/stack/data/neutron/dhcp/ceb51c2d-d6f9-498b-b807-67d2f8bbce64/addn_hosts - 0 names
Oct 17 06:42:26.107942 podb-esxi207 dnsmasq-dhcp[1799839]: read /opt/stack/data/neutron/dhcp/ceb51c2d-d6f9-498b-b807-67d2f8bbce64/host
Oct 17 06:42:26.108001 podb-esxi207 dnsmasq-dhcp[1799839]: read /opt/stack/data/neutron/dhcp/ceb51c2d-d6f9-498b-b807-67d2f8bbce64/opts
Oct 17 06:42:29.885852 podb-esxi207 dnsmasq[1800117]: started, version 2.90 cachesize 150
Oct 17 06:42:29.885875 podb-esxi207 dnsmasq[1800117]: DNS service limited to local subnets
Oct 17 06:42:29.885890 podb-esxi207 dnsmasq[1800117]: compile time options: IPv6 GNU-getopt DBus no-UBus i18n IDN2 DHCP DHCPv6 no-Lua TFTP conntrack ipset no-nftset auth cryptohash DNSSEC loop-detect inotify dumpfile
Oct 17 06:42:29.885936 podb-esxi207 dnsmasq-dhcp[1800117]: DHCP, static leases only on 10.1.0.0, lease time 1d
Oct 17 06:42:29.886115 podb-esxi207 dnsmasq[1800117]: reading /etc/resolv.conf
Oct 17 06:42:29.886132 podb-esxi207 dnsmasq[1800117]: using nameserver 127.0.0.53#53
Oct 17 06:42:29.886256 podb-esxi207 dnsmasq[1800117]: read /opt/stack/data/neutron/dhcp/f6e7b4c1-e509-44d9-a1e3-61e42c68d8bd/addn_hosts - 0 names
Oct 17 06:42:29.886311 podb-esxi207 dnsmasq-dhcp[1800117]: read /opt/stack/data/neutron/dhcp/f6e7b4c1-e509-44d9-a1e3-61e42c68d8bd/host
Oct 17 06:42:29.886375 podb-esxi207 dnsmasq-dhcp[1800117]: read /opt/stack/data/neutron/dhcp/f6e7b4c1-e509-44d9-a1e3-61e42c68d8bd/opts
Oct 17 06:42:30.927745 podb-esxi207 dnsmasq[1799839]: read /opt/stack/data/neutron/dhcp/ceb51c2d-d6f9-498b-b807-67d2f8bbce64/addn_hosts - 2 names
Oct 17 06:42:30.927850 podb-esxi207 dnsmasq-dhcp[1799839]: read /opt/stack/data/neutron/dhcp/ceb51c2d-d6f9-498b-b807-67d2f8bbce64/host
Oct 17 06:42:30.927943 podb-esxi207 dnsmasq-dhcp[1799839]: read /opt/stack/data/neutron/dhcp/ceb51c2d-d6f9-498b-b807-67d2f8bbce64/opts
Oct 17 06:42:34.146261 podb-esxi207 dnsmasq[1800531]: started, version 2.90 cachesize 150
Oct 17 06:42:34.146288 podb-esxi207 dnsmasq[1800531]: DNS service limited to local subnets
Oct 17 06:42:34.146304 podb-esxi207 dnsmasq[1800531]: compile time options: IPv6 GNU-getopt DBus no-UBus i18n IDN2 DHCP DHCPv6 no-Lua TFTP conntrack ipset no-nftset auth cryptohash DNSSEC loop-detect inotify dumpfile
Oct 17 06:42:34.146339 podb-esxi207 dnsmasq-dhcp[1800531]: DHCP, static leases only on 10.1.0.0, lease time 1d
Oct 17 06:42:34.146483 podb-esxi207 dnsmasq[1800531]: reading /etc/resolv.conf
Oct 17 06:42:34.146498 podb-esxi207 dnsmasq[1800531]: using nameserver 127.0.0.53#53
Oct 17 06:42:34.146605 podb-esxi207 dnsmasq[1800531]: read /opt/stack/data/neutron/dhcp/bd66adbe-a736-4675-9cf6-bebba5b273d8/addn_hosts - 2 names
Oct 17 06:42:34.146660 podb-esxi207 dnsmasq-dhcp[1800531]: read /opt/stack/data/neutron/dhcp/bd66adbe-a736-4675-9cf6-bebba5b273d8/host
Oct 17 06:42:34.146734 podb-esxi207 dnsmasq-dhcp[1800531]: read /opt/stack/data/neutron/dhcp/bd66adbe-a736-4675-9cf6-bebba5b273d8/opts
Oct 17 06:42:35.181912 podb-esxi207 dnsmasq[1800117]: read /opt/stack/data/neutron/dhcp/f6e7b4c1-e509-44d9-a1e3-61e42c68d8bd/addn_hosts - 2 names
Oct 17 06:42:35.182029 podb-esxi207 dnsmasq-dhcp[1800117]: read /opt/stack/data/neutron/dhcp/f6e7b4c1-e509-44d9-a1e3-61e42c68d8bd/host
Oct 17 06:42:35.182123 podb-esxi207 dnsmasq-dhcp[1800117]: read /opt/stack/data/neutron/dhcp/f6e7b4c1-e509-44d9-a1e3-61e42c68d8bd/opts
Oct 17 06:42:35.936134 podb-esxi207 dnsmasq[1799839]: read /opt/stack/data/neutron/dhcp/ceb51c2d-d6f9-498b-b807-67d2f8bbce64/addn_hosts - 2 names
Oct 17 06:42:35.936225 podb-esxi207 dnsmasq-dhcp[1799839]: read /opt/stack/data/neutron/dhcp/ceb51c2d-d6f9-498b-b807-67d2f8bbce64/host
Oct 17 06:42:35.936309 podb-esxi207 dnsmasq-dhcp[1799839]: read /opt/stack/data/neutron/dhcp/ceb51c2d-d6f9-498b-b807-67d2f8bbce64/opts
Oct 17 06:42:37.695558 podb-esxi207 dnsmasq[1800531]: read /opt/stack/data/neutron/dhcp/bd66adbe-a736-4675-9cf6-bebba5b273d8/addn_hosts - 2 names
Oct 17 06:42:37.695690 podb-esxi207 dnsmasq-dhcp[1800531]: read /opt/stack/data/neutron/dhcp/bd66adbe-a736-4675-9cf6-bebba5b273d8/host
Oct 17 06:42:37.695805 podb-esxi207 dnsmasq-dhcp[1800531]: read /opt/stack/data/neutron/dhcp/bd66adbe-a736-4675-9cf6-bebba5b273d8/opts
Oct 17 06:42:38.446215 podb-esxi207 dnsmasq[1800117]: read /opt/stack/data/neutron/dhcp/f6e7b4c1-e509-44d9-a1e3-61e42c68d8bd/addn_hosts - 2 names
Oct 17 06:42:38.446309 podb-esxi207 dnsmasq-dhcp[1800117]: read /opt/stack/data/neutron/dhcp/f6e7b4c1-e509-44d9-a1e3-61e42c68d8bd/host
Oct 17 06:42:38.446402 podb-esxi207 dnsmasq-dhcp[1800117]: read /opt/stack/data/neutron/dhcp/f6e7b4c1-e509-44d9-a1e3-61e42c68d8bd/opts
Oct 17 06:42:39.204264 podb-esxi207 dnsmasq[1799839]: read /opt/stack/data/neutron/dhcp/ceb51c2d-d6f9-498b-b807-67d2f8bbce64/addn_hosts - 2 names
Oct 17 06:42:39.204368 podb-esxi207 dnsmasq-dhcp[1799839]: read /opt/stack/data/neutron/dhcp/ceb51c2d-d6f9-498b-b807-67d2f8bbce64/host
Oct 17 06:42:39.204474 podb-esxi207 dnsmasq-dhcp[1799839]: read /opt/stack/data/neutron/dhcp/ceb51c2d-d6f9-498b-b807-67d2f8bbce64/opts
Oct 17 06:42:39.446198 podb-esxi207 dnsmasq-dhcp[1798079]: DHCPRELEASE(tapa07b0f60-49) 10.1.0.3 fa:16:3e:8f:62:06
Oct 17 06:42:39.462879 podb-esxi207 dnsmasq-dhcp[1798079]: DHCPRELEASE(tapa07b0f60-49) 10.1.0.3 fa:16:3e:8f:62:06 unknown lease
Oct 17 06:42:40.287542 podb-esxi207 dnsmasq[1798079]: read /opt/stack/data/neutron/dhcp/1cfd6581-4c83-4148-8aa0-4d821d9f682c/addn_hosts - 4 names
Oct 17 06:42:40.287653 podb-esxi207 dnsmasq-dhcp[1798079]: read /opt/stack/data/neutron/dhcp/1cfd6581-4c83-4148-8aa0-4d821d9f682c/host
Oct 17 06:42:40.287775 podb-esxi207 dnsmasq-dhcp[1798079]: read /opt/stack/data/neutron/dhcp/1cfd6581-4c83-4148-8aa0-4d821d9f682c/opts
Oct 17 06:42:41.544229 podb-esxi207 dnsmasq[1800531]: read /opt/stack/data/neutron/dhcp/bd66adbe-a736-4675-9cf6-bebba5b273d8/addn_hosts - 2 names
Oct 17 06:42:41.544317 podb-esxi207 dnsmasq-dhcp[1800531]: read /opt/stack/data/neutron/dhcp/bd66adbe-a736-4675-9cf6-bebba5b273d8/host
Oct 17 06:42:41.544441 podb-esxi207 dnsmasq-dhcp[1800531]: read /opt/stack/data/neutron/dhcp/bd66adbe-a736-4675-9cf6-bebba5b273d8/opts
Oct 17 06:42:42.303631 podb-esxi207 dnsmasq[1800117]: read /opt/stack/data/neutron/dhcp/f6e7b4c1-e509-44d9-a1e3-61e42c68d8bd/addn_hosts - 2 names
Oct 17 06:42:42.303717 podb-esxi207 dnsmasq-dhcp[1800117]: read /opt/stack/data/neutron/dhcp/f6e7b4c1-e509-44d9-a1e3-61e42c68d8bd/host
Oct 17 06:42:42.303817 podb-esxi207 dnsmasq-dhcp[1800117]: read /opt/stack/data/neutron/dhcp/f6e7b4c1-e509-44d9-a1e3-61e42c68d8bd/opts
Oct 17 06:42:43.057994 podb-esxi207 dnsmasq[1799839]: read /opt/stack/data/neutron/dhcp/ceb51c2d-d6f9-498b-b807-67d2f8bbce64/addn_hosts - 4 names
