Oct 17 12:28:27.489485 podb-esxi207 dnsmasq-dhcp[2294928]: read /opt/stack/data/neutron/dhcp/65115b5e-2aec-49fd-8420-01b24746130b/host
Oct 17 12:28:27.489588 podb-esxi207 dnsmasq-dhcp[2294928]: read /opt/stack/data/neutron/dhcp/65115b5e-2aec-49fd-8420-01b24746130b/opts
Oct 17 12:28:28.223251 podb-esxi207 dnsmasq-dhcp[2290250]: DHCPRELEASE(tap61f5935d-a6) 10.1.0.4 fa:16:3e:0a:3c:90
Oct 17 12:28:28.237722 podb-esxi207 dnsmasq-dhcp[2290250]: DHCPRELEASE(tap61f5935d-a6) 10.1.0.4 fa:16:3e:0a:3c:90 unknown lease
Oct 17 12:28:29.060130 podb-esxi207 dnsmasq[2290250]: read /opt/stack/data/neutron/dhcp/09b801dd-1637-47ab-adda-e0361814a685/addn_hosts - 2 names
Oct 17 12:28:29.060215 podb-esxi207 dnsmasq-dhcp[2290250]: read /opt/stack/data/neutron/dhcp/09b801dd-1637-47ab-adda-e0361814a685/host
Oct 17 12:28:29.060322 podb-esxi207 dnsmasq-dhcp[2290250]: read /opt/stack/data/neutron/dhcp/09b801dd-1637-47ab-adda-e0361814a685/opts
Oct 17 12:28:29.793842 podb-esxi207 dnsmasq[2297411]: read /opt/stack/data/neutron/dhcp/596dc1ee-ff55-46fd-91b8-1fee7c372abd/addn_hosts - 4 names
Oct 17 12:28:29.793967 podb-esxi207 dnsmasq-dhcp[2297411]: read /opt/stack/data/neutron/dhcp/596dc1ee-ff55-46fd-91b8-1fee7c372abd/host
Oct 17 12:28:29.794094 podb-esxi207 dnsmasq-dhcp[2297411]: read /opt/stack/data/neutron/dhcp/596dc1ee-ff55-46fd-91b8-1fee7c372abd/opts
Oct 17 12:28:39.476144 podb-esxi207 dnsmasq[2290250]: read /opt/stack/data/neutron/dhcp/09b801dd-1637-47ab-adda-e0361814a685/addn_hosts - 4 names
Oct 17 12:28:39.476231 podb-esxi207 dnsmasq-dhcp[2290250]: read /opt/stack/data/neutron/dhcp/09b801dd-1637-47ab-adda-e0361814a685/host
Oct 17 12:28:39.476318 podb-esxi207 dnsmasq-dhcp[2290250]: read /opt/stack/data/neutron/dhcp/09b801dd-1637-47ab-adda-e0361814a685/opts
Oct 17 12:28:53.831514 podb-esxi207 dnsmasq-dhcp[2297411]: DHCPDISCOVER(tapbff925fa-b8) fa:16:3e:b7:3c:40
Oct 17 12:28:53.831542 podb-esxi207 dnsmasq-dhcp[2297411]: DHCPOFFER(tapbff925fa-b8) 10.1.0.8 fa:16:3e:b7:3c:40
Oct 17 12:28:53.840409 podb-esxi207 dnsmasq-dhcp[2297411]: DHCPREQUEST(tapbff925fa-b8) 10.1.0.8 fa:16:3e:b7:3c:40
Oct 17 12:28:53.840444 podb-esxi207 dnsmasq-dhcp[2297411]: DHCPACK(tapbff925fa-b8) 10.1.0.8 fa:16:3e:b7:3c:40 host-10-1-0-8
Oct 17 12:29:02.704498 podb-esxi207 dnsmasq-dhcp[2290250]: DHCPDISCOVER(tap61f5935d-a6) fa:16:3e:8f:96:ca
Oct 17 12:29:02.704527 podb-esxi207 dnsmasq-dhcp[2290250]: DHCPOFFER(tap61f5935d-a6) 10.1.0.11 fa:16:3e:8f:96:ca
Oct 17 12:29:02.716652 podb-esxi207 dnsmasq-dhcp[2290250]: DHCPREQUEST(tap61f5935d-a6) 10.1.0.11 fa:16:3e:8f:96:ca
Oct 17 12:29:02.716678 podb-esxi207 dnsmasq-dhcp[2290250]: DHCPACK(tap61f5935d-a6) 10.1.0.11 fa:16:3e:8f:96:ca host-10-1-0-11
Oct 17 12:29:23.950032 podb-esxi207 dnsmasq-dhcp[2294377]: DHCPDISCOVER(tap385c8e38-13) fa:16:3e:94:bf:c0
Oct 17 12:29:23.950059 podb-esxi207 dnsmasq-dhcp[2294377]: DHCPOFFER(tap385c8e38-13) 10.1.0.5 fa:16:3e:94:bf:c0
Oct 17 12:29:23.959003 podb-esxi207 dnsmasq-dhcp[2294377]: DHCPREQUEST(tap385c8e38-13) 10.1.0.5 fa:16:3e:94:bf:c0
Oct 17 12:29:23.959033 podb-esxi207 dnsmasq-dhcp[2294377]: DHCPACK(tap385c8e38-13) 10.1.0.5 fa:16:3e:94:bf:c0 host-10-1-0-5
Oct 17 12:29:24.550774 podb-esxi207 dnsmasq[2294928]: read /opt/stack/data/neutron/dhcp/65115b5e-2aec-49fd-8420-01b24746130b/addn_hosts - 8 names
Oct 17 12:29:24.550895 podb-esxi207 dnsmasq-dhcp[2294928]: read /opt/stack/data/neutron/dhcp/65115b5e-2aec-49fd-8420-01b24746130b/host
Oct 17 12:29:24.550999 podb-esxi207 dnsmasq-dhcp[2294928]: read /opt/stack/data/neutron/dhcp/65115b5e-2aec-49fd-8420-01b24746130b/opts
Oct 17 12:29:33.742612 podb-esxi207 dnsmasq-dhcp[2294928]: DHCPRELEASE(tap628f87f8-85) 10.1.0.9 fa:16:3e:e2:a0:33
Oct 17 12:29:33.756537 podb-esxi207 dnsmasq-dhcp[2294928]: DHCPRELEASE(tap628f87f8-85) 10.1.0.9 fa:16:3e:e2:a0:33 unknown lease
Oct 17 12:29:34.578243 podb-esxi207 dnsmasq[2294928]: read /opt/stack/data/neutron/dhcp/65115b5e-2aec-49fd-8420-01b24746130b/addn_hosts - 6 names
Oct 17 12:29:34.578332 podb-esxi207 dnsmasq-dhcp[2294928]: read /opt/stack/data/neutron/dhcp/65115b5e-2aec-49fd-8420-01b24746130b/host
Oct 17 12:29:34.578425 podb-esxi207 dnsmasq-dhcp[2294928]: read /opt/stack/data/neutron/dhcp/65115b5e-2aec-49fd-8420-01b24746130b/opts
Oct 17 12:29:41.906484 podb-esxi207 dnsmasq[2294928]: read /opt/stack/data/neutron/dhcp/65115b5e-2aec-49fd-8420-01b24746130b/addn_hosts - 4 names
Oct 17 12:29:41.906603 podb-esxi207 dnsmasq-dhcp[2294928]: read /opt/stack/data/neutron/dhcp/65115b5e-2aec-49fd-8420-01b24746130b/host
Oct 17 12:29:41.906717 podb-esxi207 dnsmasq-dhcp[2294928]: read /opt/stack/data/neutron/dhcp/65115b5e-2aec-49fd-8420-01b24746130b/opts
Oct 17 12:29:50.270495 podb-esxi207 dnsmasq[2297411]: read /opt/stack/data/neutron/dhcp/596dc1ee-ff55-46fd-91b8-1fee7c372abd/addn_hosts - 6 names
Oct 17 12:29:50.270671 podb-esxi207 dnsmasq-dhcp[2297411]: read /opt/stack/data/neutron/dhcp/596dc1ee-ff55-46fd-91b8-1fee7c372abd/host
Oct 17 12:29:50.270802 podb-esxi207 dnsmasq-dhcp[2297411]: read /opt/stack/data/neutron/dhcp/596dc1ee-ff55-46fd-91b8-1fee7c372abd/opts
Oct 17 12:29:51.354926 podb-esxi207 dnsmasq-dhcp[2294928]: DHCPRELEASE(tap628f87f8-85) 10.1.0.3 fa:16:3e:2b:0d:a4
Oct 17 12:29:51.372606 podb-esxi207 dnsmasq-dhcp[2294928]: DHCPRELEASE(tap628f87f8-85) 10.1.0.3 fa:16:3e:2b:0d:a4 unknown lease
Oct 17 12:29:52.197372 podb-esxi207 dnsmasq[2294928]: read /opt/stack/data/neutron/dhcp/65115b5e-2aec-49fd-8420-01b24746130b/addn_hosts - 2 names
Oct 17 12:29:52.197481 podb-esxi207 dnsmasq-dhcp[2294928]: read /opt/stack/data/neutron/dhcp/65115b5e-2aec-49fd-8420-01b24746130b/host
Oct 17 12:29:52.197602 podb-esxi207 dnsmasq-dhcp[2294928]: read /opt/stack/data/neutron/dhcp/65115b5e-2aec-49fd-8420-01b24746130b/opts
Oct 17 12:29:56.758547 podb-esxi207 dnsmasq[2294928]: read /opt/stack/data/neutron/dhcp/65115b5e-2aec-49fd-8420-01b24746130b/addn_hosts - 0 names
Oct 17 12:29:56.758625 podb-esxi207 dnsmasq-dhcp[2294928]: read /opt/stack/data/neutron/dhcp/65115b5e-2aec-49fd-8420-01b24746130b/host
Oct 17 12:29:56.758696 podb-esxi207 dnsmasq-dhcp[2294928]: read /opt/stack/data/neutron/dhcp/65115b5e-2aec-49fd-8420-01b24746130b/opts
Oct 17 12:29:57.536581 podb-esxi207 dnsmasq[2294928]: exiting on receipt of SIGTERM
Oct 17 12:30:01.438930 podb-esxi207 dnsmasq[2299822]: started, version 2.90 cachesize 150
Oct 17 12:30:01.438952 podb-esxi207 dnsmasq[2299822]: DNS service limited to local subnets
Oct 17 12:30:01.438966 podb-esxi207 dnsmasq[2299822]: compile time options: IPv6 GNU-getopt DBus no-UBus i18n IDN2 DHCP DHCPv6 no-Lua TFTP conntrack ipset no-nftset auth cryptohash DNSSEC loop-detect inotify dumpfile
Oct 17 12:30:01.439002 podb-esxi207 dnsmasq-dhcp[2299822]: DHCP, static leases only on 10.1.0.0, lease time 1d
Oct 17 12:30:01.439151 podb-esxi207 dnsmasq[2299822]: reading /etc/resolv.conf
Oct 17 12:30:01.439167 podb-esxi207 dnsmasq[2299822]: using nameserver 127.0.0.53#53
Oct 17 12:30:01.439243 podb-esxi207 dnsmasq[2299822]: read /opt/stack/data/neutron/dhcp/c2d33ce6-de2e-4350-a0f2-2be6b0f159aa/addn_hosts - 0 names
Oct 17 12:30:01.439292 podb-esxi207 dnsmasq-dhcp[2299822]: read /opt/stack/data/neutron/dhcp/c2d33ce6-de2e-4350-a0f2-2be6b0f159aa/host
Oct 17 12:30:01.439356 podb-esxi207 dnsmasq-dhcp[2299822]: read /opt/stack/data/neutron/dhcp/c2d33ce6-de2e-4350-a0f2-2be6b0f159aa/opts
Oct 17 12:30:02.981840 podb-esxi207 dnsmasq[2299822]: read /opt/stack/data/neutron/dhcp/c2d33ce6-de2e-4350-a0f2-2be6b0f159aa/addn_hosts - 2 names
Oct 17 12:30:02.981923 podb-esxi207 dnsmasq-dhcp[2299822]: read /opt/stack/data/neutron/dhcp/c2d33ce6-de2e-4350-a0f2-2be6b0f159aa/host
Oct 17 12:30:02.982013 podb-esxi207 dnsmasq-dhcp[2299822]: read /opt/stack/data/neutron/dhcp/c2d33ce6-de2e-4350-a0f2-2be6b0f159aa/opts
Oct 17 12:30:04.223586 podb-esxi207 dnsmasq[2299822]: read /opt/stack/data/neutron/dhcp/c2d33ce6-de2e-4350-a0f2-2be6b0f159aa/addn_hosts - 2 names
Oct 17 12:30:04.223706 podb-esxi207 dnsmasq-dhcp[2299822]: read /opt/stack/data/neutron/dhcp/c2d33ce6-de2e-4350-a0f2-2be6b0f159aa/host
Oct 17 12:30:04.223806 podb-esxi207 dnsmasq-dhcp[2299822]: read /opt/stack/data/neutron/dhcp/c2d33ce6-de2e-4350-a0f2-2be6b0f159aa/opts
Oct 17 12:30:05.465709 podb-esxi207 dnsmasq[2299822]: read /opt/stack/data/neutron/dhcp/c2d33ce6-de2e-4350-a0f2-2be6b0f159aa/addn_hosts - 2 names
Oct 17 12:30:05.465785 podb-esxi207 dnsmasq-dhcp[2299822]: read /opt/stack/data/neutron/dhcp/c2d33ce6-de2e-4350-a0f2-2be6b0f159aa/host
Oct 17 12:30:05.465869 podb-esxi207 dnsmasq-dhcp[2299822]: read /opt/stack/data/neutron/dhcp/c2d33ce6-de2e-4350-a0f2-2be6b0f159aa/opts
Oct 17 12:30:08.112108 podb-esxi207 dnsmasq[2299822]: read /opt/stack/data/neutron/dhcp/c2d33ce6-de2e-4350-a0f2-2be6b0f159aa/addn_hosts - 4 names
Oct 17 12:30:08.112233 podb-esxi207 dnsmasq-dhcp[2299822]: read /opt/stack/data/neutron/dhcp/c2d33ce6-de2e-4350-a0f2-2be6b0f159aa/host
Oct 17 12:30:08.112337 podb-esxi207 dnsmasq-dhcp[2299822]: read /opt/stack/data/neutron/dhcp/c2d33ce6-de2e-4350-a0f2-2be6b0f159aa/opts
Oct 17 12:30:12.249282 podb-esxi207 dnsmasq-dhcp[2297411]: DHCPDISCOVER(tapbff925fa-b8) fa:16:3e:56:2a:6f
Oct 17 12:30:12.249308 podb-esxi207 dnsmasq-dhcp[2297411]: DHCPOFFER(tapbff925fa-b8) 10.1.0.10 fa:16:3e:56:2a:6f
Oct 17 12:30:12.261711 podb-esxi207 dnsmasq-dhcp[2297411]: DHCPREQUEST(tapbff925fa-b8) 10.1.0.10 fa:16:3e:56:2a:6f
Oct 17 12:30:12.261740 podb-esxi207 dnsmasq-dhcp[2297411]: DHCPACK(tapbff925fa-b8) 10.1.0.10 fa:16:3e:56:2a:6f host-10-1-0-10
Oct 17 12:30:27.898634 podb-esxi207 dnsmasq-dhcp[2294377]: DHCPRELEASE(tap385c8e38-13) 10.1.0.5 fa:16:3e:94:bf:c0
Oct 17 12:30:27.914715 podb-esxi207 dnsmasq-dhcp[2294377]: DHCPRELEASE(tap385c8e38-13) 10.1.0.5 fa:16:3e:94:bf:c0 unknown lease
Oct 17 12:30:28.740218 podb-esxi207 dnsmasq[2294377]: read /opt/stack/data/neutron/dhcp/44ae310b-a906-4b6c-b11a-37071390b740/addn_hosts - 4 names
Oct 17 12:30:28.740348 podb-esxi207 dnsmasq-dhcp[2294377]: read /opt/stack/data/neutron/dhcp/44ae310b-a906-4b6c-b11a-37071390b740/host
Oct 17 12:30:28.740459 podb-esxi207 dnsmasq-dhcp[2294377]: read /opt/stack/data/neutron/dhcp/44ae310b-a906-4b6c-b11a-37071390b740/opts
Oct 17 12:30:31.290710 podb-esxi207 dnsmasq-dhcp[2299822]: DHCPDISCOVER(tap85575a83-0c) fa:16:3e:25:9e:0a
Oct 17 12:30:31.290742 podb-esxi207 dnsmasq-dhcp[2299822]: DHCPOFFER(tap85575a83-0c) 10.1.0.7 fa:16:3e:25:9e:0a
Oct 17 12:30:31.304521 podb-esxi207 dnsmasq-dhcp[2299822]: DHCPREQUEST(tap85575a83-0c) 10.1.0.7 fa:16:3e:25:9e:0a
Oct 17 12:30:31.304559 podb-esxi207 dnsmasq-dhcp[2299822]: DHCPACK(tap85575a83-0c) 10.1.0.7 fa:16:3e:25:9e:0a host-10-1-0-7
Oct 17 12:30:52.036984 podb-esxi207 dnsmasq-dhcp[2297411]: DHCPRELEASE(tapbff925fa-b8) 10.1.0.10 fa:16:3e:56:2a:6f
Oct 17 12:30:52.055041 podb-esxi207 dnsmasq-dhcp[2297411]: DHCPRELEASE(tapbff925fa-b8) 10.1.0.10 fa:16:3e:56:2a:6f unknown lease
Oct 17 12:30:52.880072 podb-esxi207 dnsmasq[2297411]: read /opt/stack/data/neutron/dhcp/596dc1ee-ff55-46fd-91b8-1fee7c372abd/addn_hosts - 4 names
Oct 17 12:30:52.880221 podb-esxi207 dnsmasq-dhcp[2297411]: read /opt/stack/data/neutron/dhcp/596dc1ee-ff55-46fd-91b8-1fee7c372abd/host
Oct 17 12:30:52.880334 podb-esxi207 dnsmasq-dhcp[2297411]: read /opt/stack/data/neutron/dhcp/596dc1ee-ff55-46fd-91b8-1fee7c372abd/opts
Oct 17 12:30:55.111526 podb-esxi207 dnsmasq[2294377]: read /opt/stack/data/neutron/dhcp/44ae310b-a906-4b6c-b11a-37071390b740/addn_hosts - 6 names
Oct 17 12:30:55.111650 podb-esxi207 dnsmasq-dhcp[2294377]: read /opt/stack/data/neutron/dhcp/44ae310b-a906-4b6c-b11a-37071390b740/host
Oct 17 12:30:55.111764 podb-esxi207 dnsmasq-dhcp[2294377]: read /opt/stack/data/neutron/dhcp/44ae310b-a906-4b6c-b11a-37071390b740/opts
Oct 17 12:31:04.973882 podb-esxi207 dnsmasq-dhcp[2290250]: DHCPRELEASE(tap61f5935d-a6) 10.1.0.11 fa:16:3e:8f:96:ca
Oct 17 12:31:04.988996 podb-esxi207 dnsmasq-dhcp[2290250]: DHCPRELEASE(tap61f5935d-a6) 10.1.0.11 fa:16:3e:8f:96:ca unknown lease
Oct 17 12:31:05.810531 podb-esxi207 dnsmasq[2290250]: read /opt/stack/data/neutron/dhcp/09b801dd-1637-47ab-adda-e0361814a685/addn_hosts - 2 names
Oct 17 12:31:05.810620 podb-esxi207 dnsmasq-dhcp[2290250]: read /opt/stack/data/neutron/dhcp/09b801dd-1637-47ab-adda-e0361814a685/host
Oct 17 12:31:05.810731 podb-esxi207 dnsmasq-dhcp[2290250]: read /opt/stack/data/neutron/dhcp/09b801dd-1637-47ab-adda-e0361814a685/opts
Oct 17 12:31:24.903771 podb-esxi207 dnsmasq-dhcp[2290250]: DHCPRELEASE(tap61f5935d-a6) 10.1.0.1 fa:16:3e:2f:d8:47
Oct 17 12:31:25.729801 podb-esxi207 dnsmasq[2290250]: read /opt/stack/data/neutron/dhcp/09b801dd-1637-47ab-adda-e0361814a685/addn_hosts - 0 names
Oct 17 12:31:25.729923 podb-esxi207 dnsmasq-dhcp[2290250]: read /opt/stack/data/neutron/dhcp/09b801dd-1637-47ab-adda-e0361814a685/host
Oct 17 12:31:25.730022 podb-esxi207 dnsmasq-dhcp[2290250]: read /opt/stack/data/neutron/dhcp/09b801dd-1637-47ab-adda-e0361814a685/opts
Oct 17 12:31:26.563135 podb-esxi207 dnsmasq[2290250]: exiting on receipt of SIGTERM
Oct 17 12:31:31.149420 podb-esxi207 dnsmasq-dhcp[2297411]: DHCPRELEASE(tapbff925fa-b8) 10.1.0.8 fa:16:3e:b7:3c:40
Oct 17 12:31:31.165577 podb-esxi207 dnsmasq-dhcp[2297411]: DHCPRELEASE(tapbff925fa-b8) 10.1.0.8 fa:16:3e:b7:3c:40 unknown lease
Oct 17 12:31:31.988373 podb-esxi207 dnsmasq[2297411]: read /opt/stack/data/neutron/dhcp/596dc1ee-ff55-46fd-91b8-1fee7c372abd/addn_hosts - 2 names
Oct 17 12:31:31.988507 podb-esxi207 dnsmasq-dhcp[2297411]: read /opt/stack/data/neutron/dhcp/596dc1ee-ff55-46fd-91b8-1fee7c372abd/host
Oct 17 12:31:31.988609 podb-esxi207 dnsmasq-dhcp[2297411]: read /opt/stack/data/neutron/dhcp/596dc1ee-ff55-46fd-91b8-1fee7c372abd/opts
Oct 17 12:31:42.845782 podb-esxi207 dnsmasq[2297411]: read /opt/stack/data/neutron/dhcp/596dc1ee-ff55-46fd-91b8-1fee7c372abd/addn_hosts - 4 names
Oct 17 12:31:42.845887 podb-esxi207 dnsmasq-dhcp[2297411]: read /opt/stack/data/neutron/dhcp/596dc1ee-ff55-46fd-91b8-1fee7c372abd/host
Oct 17 12:31:42.845994 podb-esxi207 dnsmasq-dhcp[2297411]: read /opt/stack/data/neutron/dhcp/596dc1ee-ff55-46fd-91b8-1fee7c372abd/opts
Oct 17 12:31:55.792550 podb-esxi207 dnsmasq-dhcp[2294377]: DHCPDISCOVER(tap385c8e38-13) fa:16:3e:9e:66:9a
Oct 17 12:31:55.792577 podb-esxi207 dnsmasq-dhcp[2294377]: DHCPOFFER(tap385c8e38-13) 10.1.0.10 fa:16:3e:9e:66:9a
Oct 17 12:31:55.803659 podb-esxi207 dnsmasq-dhcp[2294377]: DHCPREQUEST(tap385c8e38-13) 10.1.0.10 fa:16:3e:9e:66:9a
Oct 17 12:31:55.803692 podb-esxi207 dnsmasq-dhcp[2294377]: DHCPACK(tap385c8e38-13) 10.1.0.10 fa:16:3e:9e:66:9a host-10-1-0-10
Oct 17 12:32:03.587989 podb-esxi207 dnsmasq-dhcp[2299822]: DHCPREQUEST(tap85575a83-0c) 10.1.0.7 fa:16:3e:25:9e:0a
Oct 17 12:32:03.588018 podb-esxi207 dnsmasq-dhcp[2299822]: DHCPACK(tap85575a83-0c) 10.1.0.7 fa:16:3e:25:9e:0a host-10-1-0-7
Oct 17 12:32:05.032848 podb-esxi207 dnsmasq-dhcp[2297411]: DHCPDISCOVER(tapbff925fa-b8) fa:16:3e:2a:1d:8a
Oct 17 12:32:05.032874 podb-esxi207 dnsmasq-dhcp[2297411]: DHCPOFFER(tapbff925fa-b8) 10.1.0.14 fa:16:3e:2a:1d:8a
Oct 17 12:32:05.042620 podb-esxi207 dnsmasq-dhcp[2297411]: DHCPREQUEST(tapbff925fa-b8) 10.1.0.14 fa:16:3e:2a:1d:8a
Oct 17 12:32:05.042649 podb-esxi207 dnsmasq-dhcp[2297411]: DHCPACK(tapbff925fa-b8) 10.1.0.14 fa:16:3e:2a:1d:8a host-10-1-0-14
Oct 17 12:32:36.684742 podb-esxi207 dnsmasq-dhcp[2294377]: DHCPRELEASE(tap385c8e38-13) 10.1.0.10 fa:16:3e:9e:66:9a
Oct 17 12:32:36.698766 podb-esxi207 dnsmasq-dhcp[2294377]: DHCPRELEASE(tap385c8e38-13) 10.1.0.10 fa:16:3e:9e:66:9a unknown lease
Oct 17 12:32:37.521629 podb-esxi207 dnsmasq[2294377]: read /opt/stack/data/neutron/dhcp/44ae310b-a906-4b6c-b11a-37071390b740/addn_hosts - 4 names
Oct 17 12:32:37.521711 podb-esxi207 dnsmasq-dhcp[2294377]: read /opt/stack/data/neutron/dhcp/44ae310b-a906-4b6c-b11a-37071390b740/host
Oct 17 12:32:37.521807 podb-esxi207 dnsmasq-dhcp[2294377]: read /opt/stack/data/neutron/dhcp/44ae310b-a906-4b6c-b11a-37071390b740/opts
Oct 17 12:32:54.111163 podb-esxi207 dnsmasq-dhcp[2294377]: DHCPRELEASE(tap385c8e38-13) 10.1.0.6 fa:16:3e:5d:41:7d
Oct 17 12:32:54.127714 podb-esxi207 dnsmasq-dhcp[2294377]: DHCPRELEASE(tap385c8e38-13) 10.1.0.6 fa:16:3e:5d:41:7d unknown lease
Oct 17 12:32:54.952300 podb-esxi207 dnsmasq[2294377]: read /opt/stack/data/neutron/dhcp/44ae310b-a906-4b6c-b11a-37071390b740/addn_hosts - 2 names
Oct 17 12:32:54.952439 podb-esxi207 dnsmasq-dhcp[2294377]: read /opt/stack/data/neutron/dhcp/44ae310b-a906-4b6c-b11a-37071390b740/host
Oct 17 12:32:54.952556 podb-esxi207 dnsmasq-dhcp[2294377]: read /opt/stack/data/neutron/dhcp/44ae310b-a906-4b6c-b11a-37071390b740/opts
Oct 17 12:33:00.437099 podb-esxi207 dnsmasq[2294377]: read /opt/stack/data/neutron/dhcp/44ae310b-a906-4b6c-b11a-37071390b740/addn_hosts - 0 names
Oct 17 12:33:00.437215 podb-esxi207 dnsmasq-dhcp[2294377]: read /opt/stack/data/neutron/dhcp/44ae310b-a906-4b6c-b11a-37071390b740/host
Oct 17 12:33:00.437316 podb-esxi207 dnsmasq-dhcp[2294377]: read /opt/stack/data/neutron/dhcp/44ae310b-a906-4b6c-b11a-37071390b740/opts
Oct 17 12:33:01.529877 podb-esxi207 dnsmasq[2294377]: exiting on receipt of SIGTERM
Oct 17 12:33:05.216105 podb-esxi207 dnsmasq-dhcp[2299822]: DHCPRELEASE(tap85575a83-0c) 10.1.0.7 fa:16:3e:25:9e:0a
Oct 17 12:33:05.232863 podb-esxi207 dnsmasq-dhcp[2299822]: DHCPRELEASE(tap85575a83-0c) 10.1.0.7 fa:16:3e:25:9e:0a unknown lease
Oct 17 12:33:06.058534 podb-esxi207 dnsmasq[2299822]: read /opt/stack/data/neutron/dhcp/c2d33ce6-de2e-4350-a0f2-2be6b0f159aa/addn_hosts - 2 names
Oct 17 12:33:06.058645 podb-esxi207 dnsmasq-dhcp[2299822]: read /opt/stack/data/neutron/dhcp/c2d33ce6-de2e-4350-a0f2-2be6b0f159aa/host
Oct 17 12:33:06.058757 podb-esxi207 dnsmasq-dhcp[2299822]: read /opt/stack/data/neutron/dhcp/c2d33ce6-de2e-4350-a0f2-2be6b0f159aa/opts
Oct 17 12:33:16.508038 podb-esxi207 dnsmasq[2299822]: read /opt/stack/data/neutron/dhcp/c2d33ce6-de2e-4350-a0f2-2be6b0f159aa/addn_hosts - 0 names
Oct 17 12:33:16.508116 podb-esxi207 dnsmasq-dhcp[2299822]: read /opt/stack/data/neutron/dhcp/c2d33ce6-de2e-4350-a0f2-2be6b0f159aa/host
Oct 17 12:33:16.508214 podb-esxi207 dnsmasq-dhcp[2299822]: read /opt/stack/data/neutron/dhcp/c2d33ce6-de2e-4350-a0f2-2be6b0f159aa/opts
Oct 17 12:33:17.519453 podb-esxi207 dnsmasq[2299822]: exiting on receipt of SIGTERM
Oct 17 12:33:21.877911 podb-esxi207 dnsmasq[2303548]: started, version 2.90 cachesize 150
Oct 17 12:33:21.877940 podb-esxi207 dnsmasq[2303548]: DNS service limited to local subnets
Oct 17 12:33:21.877955 podb-esxi207 dnsmasq[2303548]: compile time options: IPv6 GNU-getopt DBus no-UBus i18n IDN2 DHCP DHCPv6 no-Lua TFTP conntrack ipset no-nftset auth cryptohash DNSSEC loop-detect inotify dumpfile
Oct 17 12:33:21.877991 podb-esxi207 dnsmasq-dhcp[2303548]: DHCP, static leases only on 10.1.0.0, lease time 1d
Oct 17 12:33:21.878146 podb-esxi207 dnsmasq[2303548]: reading /etc/resolv.conf
Oct 17 12:33:21.878163 podb-esxi207 dnsmasq[2303548]: using nameserver 127.0.0.53#53
Oct 17 12:33:21.878254 podb-esxi207 dnsmasq[2303548]: read /opt/stack/data/neutron/dhcp/a2754135-b143-4d8c-909f-3949ab4e5230/addn_hosts - 0 names
Oct 17 12:33:21.878306 podb-esxi207 dnsmasq-dhcp[2303548]: read /opt/stack/data/neutron/dhcp/a2754135-b143-4d8c-909f-3949ab4e5230/host
Oct 17 12:33:21.878366 podb-esxi207 dnsmasq-dhcp[2303548]: read /opt/stack/data/neutron/dhcp/a2754135-b143-4d8c-909f-3949ab4e5230/opts
Oct 17 12:33:23.423939 podb-esxi207 dnsmasq[2303548]: read /opt/stack/data/neutron/dhcp/a2754135-b143-4d8c-909f-3949ab4e5230/addn_hosts - 2 names
Oct 17 12:33:23.424021 podb-esxi207 dnsmasq-dhcp[2303548]: read /opt/stack/data/neutron/dhcp/a2754135-b143-4d8c-909f-3949ab4e5230/host
Oct 17 12:33:23.424107 podb-esxi207 dnsmasq-dhcp[2303548]: read /opt/stack/data/neutron/dhcp/a2754135-b143-4d8c-909f-3949ab4e5230/opts
Oct 17 12:33:24.687972 podb-esxi207 dnsmasq[2303548]: read /opt/stack/data/neutron/dhcp/a2754135-b143-4d8c-909f-3949ab4e5230/addn_hosts - 2 names
Oct 17 12:33:24.688079 podb-esxi207 dnsmasq-dhcp[2303548]: read /opt/stack/data/neutron/dhcp/a2754135-b143-4d8c-909f-3949ab4e5230/host
Oct 17 12:33:24.688185 podb-esxi207 dnsmasq-dhcp[2303548]: read /opt/stack/data/neutron/dhcp/a2754135-b143-4d8c-909f-3949ab4e5230/opts
Oct 17 12:33:25.942541 podb-esxi207 dnsmasq[2303548]: read /opt/stack/data/neutron/dhcp/a2754135-b143-4d8c-909f-3949ab4e5230/addn_hosts - 2 names
Oct 17 12:33:25.942653 podb-esxi207 dnsmasq-dhcp[2303548]: read /opt/stack/data/neutron/dhcp/a2754135-b143-4d8c-909f-3949ab4e5230/host
Oct 17 12:33:25.942758 podb-esxi207 dnsmasq-dhcp[2303548]: read /opt/stack/data/neutron/dhcp/a2754135-b143-4d8c-909f-3949ab4e5230/opts
Oct 17 12:33:28.410161 podb-esxi207 dnsmasq-dhcp[2297411]: DHCPRELEASE(tapbff925fa-b8) 10.1.0.14 fa:16:3e:2a:1d:8a
Oct 17 12:33:28.426563 podb-esxi207 dnsmasq-dhcp[2297411]: DHCPRELEASE(tapbff925fa-b8) 10.1.0.14 fa:16:3e:2a:1d:8a unknown lease
Oct 17 12:33:29.250200 podb-esxi207 dnsmasq[2297411]: read /opt/stack/data/neutron/dhcp/596dc1ee-ff55-46fd-91b8-1fee7c372abd/addn_hosts - 2 names
Oct 17 12:33:29.250309 podb-esxi207 dnsmasq-dhcp[2297411]: read /opt/stack/data/neutron/dhcp/596dc1ee-ff55-46fd-91b8-1fee7c372abd/host
Oct 17 12:33:29.250423 podb-esxi207 dnsmasq-dhcp[2297411]: read /opt/stack/data/neutron/dhcp/596dc1ee-ff55-46fd-91b8-1fee7c372abd/opts
Oct 17 12:33:40.294890 podb-esxi207 dnsmasq[2297411]: read /opt/stack/data/neutron/dhcp/596dc1ee-ff55-46fd-91b8-1fee7c372abd/addn_hosts - 4 names
Oct 17 12:33:40.294946 podb-esxi207 dnsmasq-dhcp[2297411]: read /opt/stack/data/neutron/dhcp/596dc1ee-ff55-46fd-91b8-1fee7c372abd/host
Oct 17 12:33:40.294984 podb-esxi207 dnsmasq-dhcp[2297411]: read /opt/stack/data/neutron/dhcp/596dc1ee-ff55-46fd-91b8-1fee7c372abd/opts
Oct 17 12:33:44.676301 podb-esxi207 dnsmasq[2303548]: read /opt/stack/data/neutron/dhcp/a2754135-b143-4d8c-909f-3949ab4e5230/addn_hosts - 4 names
Oct 17 12:33:44.676423 podb-esxi207 dnsmasq-dhcp[2303548]: read /opt/stack/data/neutron/dhcp/a2754135-b143-4d8c-909f-3949ab4e5230/host
Oct 17 12:33:44.676534 podb-esxi207 dnsmasq-dhcp[2303548]: read /opt/stack/data/neutron/dhcp/a2754135-b143-4d8c-909f-3949ab4e5230/opts
Oct 17 12:34:03.766066 podb-esxi207 dnsmasq[2303548]: read /opt/stack/data/neutron/dhcp/a2754135-b143-4d8c-909f-3949ab4e5230/addn_hosts - 6 names
Oct 17 12:34:03.766149 podb-esxi207 dnsmasq-dhcp[2303548]: read /opt/stack/data/neutron/dhcp/a2754135-b143-4d8c-909f-3949ab4e5230/host
Oct 17 12:34:03.766259 podb-esxi207 dnsmasq-dhcp[2303548]: read /opt/stack/data/neutron/dhcp/a2754135-b143-4d8c-909f-3949ab4e5230/opts
Oct 17 12:34:03.814638 podb-esxi207 dnsmasq-dhcp[2297411]: DHCPDISCOVER(tapbff925fa-b8) fa:16:3e:e8:44:ff
Oct 17 12:34:03.814665 podb-esxi207 dnsmasq-dhcp[2297411]: DHCPOFFER(tapbff925fa-b8) 10.1.0.6 fa:16:3e:e8:44:ff
Oct 17 12:34:03.825109 podb-esxi207 dnsmasq-dhcp[2297411]: DHCPREQUEST(tapbff925fa-b8) 10.1.0.6 fa:16:3e:e8:44:ff
Oct 17 12:34:03.825139 podb-esxi207 dnsmasq-dhcp[2297411]: DHCPACK(tapbff925fa-b8) 10.1.0.6 fa:16:3e:e8:44:ff host-10-1-0-6
Oct 17 12:34:11.338518 podb-esxi207 dnsmasq-dhcp[2303548]: DHCPDISCOVER(tap4d95f988-55) fa:16:3e:9e:47:90
Oct 17 12:34:11.338547 podb-esxi207 dnsmasq-dhcp[2303548]: DHCPOFFER(tap4d95f988-55) 10.1.0.4 fa:16:3e:9e:47:90
Oct 17 12:34:11.367724 podb-esxi207 dnsmasq-dhcp[2303548]: DHCPREQUEST(tap4d95f988-55) 10.1.0.4 fa:16:3e:9e:47:90
Oct 17 12:34:11.367760 podb-esxi207 dnsmasq-dhcp[2303548]: DHCPACK(tap4d95f988-55) 10.1.0.4 fa:16:3e:9e:47:90 host-10-1-0-4
Oct 17 12:34:18.336542 podb-esxi207 dnsmasq[2303548]: read /opt/stack/data/neutron/dhcp/a2754135-b143-4d8c-909f-3949ab4e5230/addn_hosts - 8 names
Oct 17 12:34:18.336659 podb-esxi207 dnsmasq-dhcp[2303548]: read /opt/stack/data/neutron/dhcp/a2754135-b143-4d8c-909f-3949ab4e5230/host
Oct 17 12:34:18.336736 podb-esxi207 dnsmasq-dhcp[2303548]: read /opt/stack/data/neutron/dhcp/a2754135-b143-4d8c-909f-3949ab4e5230/opts
Oct 17 12:34:27.481293 podb-esxi207 dnsmasq-dhcp[2303548]: DHCPDISCOVER(tap4d95f988-55) fa:16:3e:18:34:2b
Oct 17 12:34:27.481323 podb-esxi207 dnsmasq-dhcp[2303548]: DHCPOFFER(tap4d95f988-55) 10.1.0.7 fa:16:3e:18:34:2b
Oct 17 12:34:27.490505 podb-esxi207 dnsmasq-dhcp[2303548]: DHCPREQUEST(tap4d95f988-55) 10.1.0.7 fa:16:3e:18:34:2b
Oct 17 12:34:27.490534 podb-esxi207 dnsmasq-dhcp[2303548]: DHCPACK(tap4d95f988-55) 10.1.0.7 fa:16:3e:18:34:2b host-10-1-0-7
Oct 17 12:34:44.068135 podb-esxi207 dnsmasq-dhcp[2303548]: DHCPDISCOVER(tap4d95f988-55) fa:16:3e:4a:60:9a
Oct 17 12:34:44.068160 podb-esxi207 dnsmasq-dhcp[2303548]: DHCPOFFER(tap4d95f988-55) 10.1.0.3 fa:16:3e:4a:60:9a
Oct 17 12:34:44.078184 podb-esxi207 dnsmasq-dhcp[2303548]: DHCPREQUEST(tap4d95f988-55) 10.1.0.3 fa:16:3e:4a:60:9a
Oct 17 12:34:44.078210 podb-esxi207 dnsmasq-dhcp[2303548]: DHCPACK(tap4d95f988-55) 10.1.0.3 fa:16:3e:4a:60:9a host-10-1-0-3
Oct 17 12:35:25.640376 podb-esxi207 dnsmasq-dhcp[2297411]: DHCPRELEASE(tapbff925fa-b8) 10.1.0.6 fa:16:3e:e8:44:ff
Oct 17 12:35:25.658515 podb-esxi207 dnsmasq-dhcp[2297411]: DHCPRELEASE(tapbff925fa-b8) 10.1.0.6 fa:16:3e:e8:44:ff unknown lease
Oct 17 12:35:26.483530 podb-esxi207 dnsmasq[2297411]: read /opt/stack/data/neutron/dhcp/596dc1ee-ff55-46fd-91b8-1fee7c372abd/addn_hosts - 2 names
Oct 17 12:35:26.483668 podb-esxi207 dnsmasq-dhcp[2297411]: read /opt/stack/data/neutron/dhcp/596dc1ee-ff55-46fd-91b8-1fee7c372abd/host
Oct 17 12:35:26.483776 podb-esxi207 dnsmasq-dhcp[2297411]: read /opt/stack/data/neutron/dhcp/596dc1ee-ff55-46fd-91b8-1fee7c372abd/opts
Oct 17 12:35:55.839225 podb-esxi207 dnsmasq[2303548]: read /opt/stack/data/neutron/dhcp/a2754135-b143-4d8c-909f-3949ab4e5230/addn_hosts - 10 names
Oct 17 12:35:55.839382 podb-esxi207 dnsmasq-dhcp[2303548]: read /opt/stack/data/neutron/dhcp/a2754135-b143-4d8c-909f-3949ab4e5230/host
Oct 17 12:35:55.839487 podb-esxi207 dnsmasq-dhcp[2303548]: read /opt/stack/data/neutron/dhcp/a2754135-b143-4d8c-909f-3949ab4e5230/opts
Oct 17 12:36:04.041928 podb-esxi207 dnsmasq[2297411]: read /opt/stack/data/neutron/dhcp/596dc1ee-ff55-46fd-91b8-1fee7c372abd/addn_hosts - 0 names
Oct 17 12:36:04.042004 podb-esxi207 dnsmasq-dhcp[2297411]: read /opt/stack/data/neutron/dhcp/596dc1ee-ff55-46fd-91b8-1fee7c372abd/host
Oct 17 12:36:04.042060 podb-esxi207 dnsmasq-dhcp[2297411]: read /opt/stack/data/neutron/dhcp/596dc1ee-ff55-46fd-91b8-1fee7c372abd/opts
Oct 17 12:36:05.204585 podb-esxi207 dnsmasq[2297411]: exiting on receipt of SIGTERM
Oct 17 12:36:12.178370 podb-esxi207 dnsmasq[2303548]: read /opt/stack/data/neutron/dhcp/a2754135-b143-4d8c-909f-3949ab4e5230/addn_hosts - 12 names
Oct 17 12:36:12.178510 podb-esxi207 dnsmasq-dhcp[2303548]: read /opt/stack/data/neutron/dhcp/a2754135-b143-4d8c-909f-3949ab4e5230/host
Oct 17 12:36:12.178599 podb-esxi207 dnsmasq-dhcp[2303548]: read /opt/stack/data/neutron/dhcp/a2754135-b143-4d8c-909f-3949ab4e5230/opts
Oct 17 12:36:20.836884 podb-esxi207 dnsmasq-dhcp[2303548]: DHCPDISCOVER(tap4d95f988-55) fa:16:3e:05:ff:dc
Oct 17 12:36:20.836914 podb-esxi207 dnsmasq-dhcp[2303548]: DHCPOFFER(tap4d95f988-55) 10.1.0.11 fa:16:3e:05:ff:dc
Oct 17 12:36:20.848845 podb-esxi207 dnsmasq-dhcp[2303548]: DHCPREQUEST(tap4d95f988-55) 10.1.0.11 fa:16:3e:05:ff:dc
Oct 17 12:36:20.848886 podb-esxi207 dnsmasq-dhcp[2303548]: DHCPACK(tap4d95f988-55) 10.1.0.11 fa:16:3e:05:ff:dc host-10-1-0-11
Oct 17 12:36:37.649625 podb-esxi207 dnsmasq-dhcp[2303548]: DHCPDISCOVER(tap4d95f988-55) fa:16:3e:19:06:c6
Oct 17 12:36:37.649657 podb-esxi207 dnsmasq-dhcp[2303548]: DHCPOFFER(tap4d95f988-55) 10.1.0.9 fa:16:3e:19:06:c6
Oct 17 12:36:37.661475 podb-esxi207 dnsmasq-dhcp[2303548]: DHCPREQUEST(tap4d95f988-55) 10.1.0.9 fa:16:3e:19:06:c6
Oct 17 12:36:37.661513 podb-esxi207 dnsmasq-dhcp[2303548]: DHCPACK(tap4d95f988-55) 10.1.0.9 fa:16:3e:19:06:c6 host-10-1-0-9
Oct 17 12:37:29.833936 podb-esxi207 dnsmasq-dhcp[2303548]: DHCPREQUEST(tap4d95f988-55) 10.1.0.11 fa:16:3e:05:ff:dc
Oct 17 12:37:29.833963 podb-esxi207 dnsmasq-dhcp[2303548]: DHCPACK(tap4d95f988-55) 10.1.0.11 fa:16:3e:05:ff:dc host-10-1-0-11
Oct 17 12:38:06.468459 podb-esxi207 dnsmasq-dhcp[2303548]: DHCPREQUEST(tap4d95f988-55) 10.1.0.9 fa:16:3e:19:06:c6
Oct 17 12:38:06.468489 podb-esxi207 dnsmasq-dhcp[2303548]: DHCPACK(tap4d95f988-55) 10.1.0.9 fa:16:3e:19:06:c6 host-10-1-0-9
Oct 17 12:39:41.780251 podb-esxi207 dnsmasq-dhcp[2303548]: DHCPRELEASE(tap4d95f988-55) 10.1.0.9 fa:16:3e:19:06:c6
Oct 17 12:39:41.797241 podb-esxi207 dnsmasq-dhcp[2303548]: DHCPRELEASE(tap4d95f988-55) 10.1.0.9 fa:16:3e:19:06:c6 unknown lease
Oct 17 12:39:42.621694 podb-esxi207 dnsmasq[2303548]: read /opt/stack/data/neutron/dhcp/a2754135-b143-4d8c-909f-3949ab4e5230/addn_hosts - 10 names
Oct 17 12:39:42.621845 podb-esxi207 dnsmasq-dhcp[2303548]: read /opt/stack/data/neutron/dhcp/a2754135-b143-4d8c-909f-3949ab4e5230/host
Oct 17 12:39:42.621937 podb-esxi207 dnsmasq-dhcp[2303548]: read /opt/stack/data/neutron/dhcp/a2754135-b143-4d8c-909f-3949ab4e5230/opts
Oct 17 12:39:49.085079 podb-esxi207 dnsmasq-dhcp[2303548]: DHCPRELEASE(tap4d95f988-55) 10.1.0.11 fa:16:3e:05:ff:dc
Oct 17 12:39:49.102187 podb-esxi207 dnsmasq-dhcp[2303548]: DHCPRELEASE(tap4d95f988-55) 10.1.0.11 fa:16:3e:05:ff:dc unknown lease
Oct 17 12:39:49.926578 podb-esxi207 dnsmasq[2303548]: read /opt/stack/data/neutron/dhcp/a2754135-b143-4d8c-909f-3949ab4e5230/addn_hosts - 8 names
Oct 17 12:39:49.926725 podb-esxi207 dnsmasq-dhcp[2303548]: read /opt/stack/data/neutron/dhcp/a2754135-b143-4d8c-909f-3949ab4e5230/host
Oct 17 12:39:49.926819 podb-esxi207 dnsmasq-dhcp[2303548]: read /opt/stack/data/neutron/dhcp/a2754135-b143-4d8c-909f-3949ab4e5230/opts
Oct 17 12:39:57.292528 podb-esxi207 dnsmasq[2265382]: read /opt/stack/data/neutron/dhcp/2c3f8a65-0183-43e5-9a4c-90e343ed5925/addn_hosts - 2 names
Oct 17 12:39:57.292679 podb-esxi207 dnsmasq-dhcp[2265382]: read /opt/stack/data/neutron/dhcp/2c3f8a65-0183-43e5-9a4c-90e343ed5925/host
Oct 17 12:39:57.292756 podb-esxi207 dnsmasq-dhcp[2265382]: read /opt/stack/data/neutron/dhcp/2c3f8a65-0183-43e5-9a4c-90e343ed5925/opts
Oct 17 12:39:59.746505 podb-esxi207 dnsmasq-dhcp[2303548]: DHCPRELEASE(tap4d95f988-55) 10.1.0.3 fa:16:3e:4a:60:9a
Oct 17 12:39:59.764343 podb-esxi207 dnsmasq-dhcp[2303548]: DHCPRELEASE(tap4d95f988-55) 10.1.0.3 fa:16:3e:4a:60:9a unknown lease
Oct 17 12:40:00.590544 podb-esxi207 dnsmasq[2303548]: read /opt/stack/data/neutron/dhcp/a2754135-b143-4d8c-909f-3949ab4e5230/addn_hosts - 6 names
Oct 17 12:40:00.590672 podb-esxi207 dnsmasq-dhcp[2303548]: read /opt/stack/data/neutron/dhcp/a2754135-b143-4d8c-909f-3949ab4e5230/host
Oct 17 12:40:00.590775 podb-esxi207 dnsmasq-dhcp[2303548]: read /opt/stack/data/neutron/dhcp/a2754135-b143-4d8c-909f-3949ab4e5230/opts
Oct 17 12:40:07.294673 podb-esxi207 dnsmasq-dhcp[2303548]: DHCPRELEASE(tap4d95f988-55) 10.1.0.7 fa:16:3e:18:34:2b
Oct 17 12:40:07.311639 podb-esxi207 dnsmasq-dhcp[2303548]: DHCPRELEASE(tap4d95f988-55) 10.1.0.7 fa:16:3e:18:34:2b unknown lease
Oct 17 12:40:08.139125 podb-esxi207 dnsmasq[2303548]: read /opt/stack/data/neutron/dhcp/a2754135-b143-4d8c-909f-3949ab4e5230/addn_hosts - 4 names
Oct 17 12:40:08.139250 podb-esxi207 dnsmasq-dhcp[2303548]: read /opt/stack/data/neutron/dhcp/a2754135-b143-4d8c-909f-3949ab4e5230/host
Oct 17 12:40:08.139362 podb-esxi207 dnsmasq-dhcp[2303548]: read /opt/stack/data/neutron/dhcp/a2754135-b143-4d8c-909f-3949ab4e5230/opts
Oct 17 12:40:10.565027 podb-esxi207 dnsmasq[2265382]: read /opt/stack/data/neutron/dhcp/2c3f8a65-0183-43e5-9a4c-90e343ed5925/addn_hosts - 0 names
Oct 17 12:40:10.565132 podb-esxi207 dnsmasq-dhcp[2265382]: read /opt/stack/data/neutron/dhcp/2c3f8a65-0183-43e5-9a4c-90e343ed5925/host
Oct 17 12:40:10.565226 podb-esxi207 dnsmasq-dhcp[2265382]: read /opt/stack/data/neutron/dhcp/2c3f8a65-0183-43e5-9a4c-90e343ed5925/opts
Oct 17 12:40:15.212763 podb-esxi207 dnsmasq-dhcp[2303548]: DHCPRELEASE(tap4d95f988-55) 10.1.0.4 fa:16:3e:9e:47:90
Oct 17 12:40:15.229385 podb-esxi207 dnsmasq-dhcp[2303548]: DHCPRELEASE(tap4d95f988-55) 10.1.0.4 fa:16:3e:9e:47:90 unknown lease
Oct 17 12:40:16.053197 podb-esxi207 dnsmasq[2303548]: read /opt/stack/data/neutron/dhcp/a2754135-b143-4d8c-909f-3949ab4e5230/addn_hosts - 2 names
Oct 17 12:40:16.053279 podb-esxi207 dnsmasq-dhcp[2303548]: read /opt/stack/data/neutron/dhcp/a2754135-b143-4d8c-909f-3949ab4e5230/host
Oct 17 12:40:16.053371 podb-esxi207 dnsmasq-dhcp[2303548]: read /opt/stack/data/neutron/dhcp/a2754135-b143-4d8c-909f-3949ab4e5230/opts
Oct 17 12:40:32.676176 podb-esxi207 dnsmasq[2303548]: read /opt/stack/data/neutron/dhcp/a2754135-b143-4d8c-909f-3949ab4e5230/addn_hosts - 0 names
Oct 17 12:40:32.676248 podb-esxi207 dnsmasq-dhcp[2303548]: read /opt/stack/data/neutron/dhcp/a2754135-b143-4d8c-909f-3949ab4e5230/host
Oct 17 12:40:32.676302 podb-esxi207 dnsmasq-dhcp[2303548]: read /opt/stack/data/neutron/dhcp/a2754135-b143-4d8c-909f-3949ab4e5230/opts
Oct 17 12:40:33.711631 podb-esxi207 dnsmasq[2303548]: exiting on receipt of SIGTERM
Oct 17 12:42:41.369597 podb-esxi207 dnsmasq[2309347]: started, version 2.90 cachesize 150
Oct 17 12:42:41.369626 podb-esxi207 dnsmasq[2309347]: DNS service limited to local subnets
Oct 17 12:42:41.369642 podb-esxi207 dnsmasq[2309347]: compile time options: IPv6 GNU-getopt DBus no-UBus i18n IDN2 DHCP DHCPv6 no-Lua TFTP conntrack ipset no-nftset auth cryptohash DNSSEC loop-detect inotify dumpfile
Oct 17 12:42:41.369679 podb-esxi207 dnsmasq-dhcp[2309347]: DHCP, static leases only on 10.1.0.0, lease time 1d
Oct 17 12:42:41.369849 podb-esxi207 dnsmasq[2309347]: reading /etc/resolv.conf
Oct 17 12:42:41.369865 podb-esxi207 dnsmasq[2309347]: using nameserver 127.0.0.53#53
Oct 17 12:42:41.369954 podb-esxi207 dnsmasq[2309347]: read /opt/stack/data/neutron/dhcp/b0c20548-c244-4a31-b623-21e8fa93d644/addn_hosts - 0 names
Oct 17 12:42:41.370005 podb-esxi207 dnsmasq-dhcp[2309347]: read /opt/stack/data/neutron/dhcp/b0c20548-c244-4a31-b623-21e8fa93d644/host
Oct 17 12:42:41.370061 podb-esxi207 dnsmasq-dhcp[2309347]: read /opt/stack/data/neutron/dhcp/b0c20548-c244-4a31-b623-21e8fa93d644/opts
Oct 17 12:42:42.920517 podb-esxi207 dnsmasq[2309347]: read /opt/stack/data/neutron/dhcp/b0c20548-c244-4a31-b623-21e8fa93d644/addn_hosts - 2 names
Oct 17 12:42:42.920626 podb-esxi207 dnsmasq-dhcp[2309347]: read /opt/stack/data/neutron/dhcp/b0c20548-c244-4a31-b623-21e8fa93d644/host
Oct 17 12:42:42.920759 podb-esxi207 dnsmasq-dhcp[2309347]: read /opt/stack/data/neutron/dhcp/b0c20548-c244-4a31-b623-21e8fa93d644/opts
Oct 17 12:42:46.869696 podb-esxi207 dnsmasq[2309725]: started, version 2.90 cachesize 150
Oct 17 12:42:46.869726 podb-esxi207 dnsmasq[2309725]: DNS service limited to local subnets
Oct 17 12:42:46.869741 podb-esxi207 dnsmasq[2309725]: compile time options: IPv6 GNU-getopt DBus no-UBus i18n IDN2 DHCP DHCPv6 no-Lua TFTP conntrack ipset no-nftset auth cryptohash DNSSEC loop-detect inotify dumpfile
Oct 17 12:42:46.869777 podb-esxi207 dnsmasq-dhcp[2309725]: DHCP, static leases only on 10.1.0.0, lease time 1d
Oct 17 12:42:46.869932 podb-esxi207 dnsmasq[2309725]: reading /etc/resolv.conf
Oct 17 12:42:46.869949 podb-esxi207 dnsmasq[2309725]: using nameserver 127.0.0.53#53
Oct 17 12:42:46.870057 podb-esxi207 dnsmasq[2309725]: read /opt/stack/data/neutron/dhcp/a09b2de0-bcab-44bc-987d-afe274cae3cc/addn_hosts - 2 names
Oct 17 12:42:46.870120 podb-esxi207 dnsmasq-dhcp[2309725]: read /opt/stack/data/neutron/dhcp/a09b2de0-bcab-44bc-987d-afe274cae3cc/host
Oct 17 12:42:46.870195 podb-esxi207 dnsmasq-dhcp[2309725]: read /opt/stack/data/neutron/dhcp/a09b2de0-bcab-44bc-987d-afe274cae3cc/opts
Oct 17 12:42:47.404445 podb-esxi207 dnsmasq[2309347]: read /opt/stack/data/neutron/dhcp/b0c20548-c244-4a31-b623-21e8fa93d644/addn_hosts - 2 names
Oct 17 12:42:47.404557 podb-esxi207 dnsmasq-dhcp[2309347]: read /opt/stack/data/neutron/dhcp/b0c20548-c244-4a31-b623-21e8fa93d644/host
Oct 17 12:42:47.404687 podb-esxi207 dnsmasq-dhcp[2309347]: read /opt/stack/data/neutron/dhcp/b0c20548-c244-4a31-b623-21e8fa93d644/opts
Oct 17 12:42:49.202004 podb-esxi207 dnsmasq[2309725]: read /opt/stack/data/neutron/dhcp/a09b2de0-bcab-44bc-987d-afe274cae3cc/addn_hosts - 2 names
Oct 17 12:42:49.202131 podb-esxi207 dnsmasq-dhcp[2309725]: read /opt/stack/data/neutron/dhcp/a09b2de0-bcab-44bc-987d-afe274cae3cc/host
Oct 17 12:42:49.202232 podb-esxi207 dnsmasq-dhcp[2309725]: read /opt/stack/data/neutron/dhcp/a09b2de0-bcab-44bc-987d-afe274cae3cc/opts
Oct 17 12:42:49.968835 podb-esxi207 dnsmasq[2309347]: read /opt/stack/data/neutron/dhcp/b0c20548-c244-4a31-b623-21e8fa93d644/addn_hosts - 2 names
Oct 17 12:42:49.968924 podb-esxi207 dnsmasq-dhcp[2309347]: read /opt/stack/data/neutron/dhcp/b0c20548-c244-4a31-b623-21e8fa93d644/host
Oct 17 12:42:49.968995 podb-esxi207 dnsmasq-dhcp[2309347]: read /opt/stack/data/neutron/dhcp/b0c20548-c244-4a31-b623-21e8fa93d644/opts
Oct 17 12:42:51.225368 podb-esxi207 dnsmasq[2309725]: read /opt/stack/data/neutron/dhcp/a09b2de0-bcab-44bc-987d-afe274cae3cc/addn_hosts - 2 names
Oct 17 12:42:51.225481 podb-esxi207 dnsmasq-dhcp[2309725]: read /opt/stack/data/neutron/dhcp/a09b2de0-bcab-44bc-987d-afe274cae3cc/host
Oct 17 12:42:51.225593 podb-esxi207 dnsmasq-dhcp[2309725]: read /opt/stack/data/neutron/dhcp/a09b2de0-bcab-44bc-987d-afe274cae3cc/opts
Oct 17 12:42:51.981776 podb-esxi207 dnsmasq[2309347]: read /opt/stack/data/neutron/dhcp/b0c20548-c244-4a31-b623-21e8fa93d644/addn_hosts - 4 names
Oct 17 12:42:51.981882 podb-esxi207 dnsmasq-dhcp[2309347]: read /opt/stack/data/neutron/dhcp/b0c20548-c244-4a31-b623-21e8fa93d644/host
Oct 17 12:42:51.982010 podb-esxi207 dnsmasq-dhcp[2309347]: read /opt/stack/data/neutron/dhcp/b0c20548-c244-4a31-b623-21e8fa93d644/opts
Oct 17 12:42:53.248191 podb-esxi207 dnsmasq[2309725]: read /opt/stack/data/neutron/dhcp/a09b2de0-bcab-44bc-987d-afe274cae3cc/addn_hosts - 2 names
Oct 17 12:42:53.248321 podb-esxi207 dnsmasq-dhcp[2309725]: read /opt/stack/data/neutron/dhcp/a09b2de0-bcab-44bc-987d-afe274cae3cc/host
Oct 17 12:42:53.248432 podb-esxi207 dnsmasq-dhcp[2309725]: read /opt/stack/data/neutron/dhcp/a09b2de0-bcab-44bc-987d-afe274cae3cc/opts
Oct 17 12:43:15.517002 podb-esxi207 dnsmasq-dhcp[2309347]: DHCPDISCOVER(tap820f9e11-d3) fa:16:3e:cb:4e:db
Oct 17 12:43:15.517029 podb-esxi207 dnsmasq-dhcp[2309347]: DHCPOFFER(tap820f9e11-d3) 10.1.0.3 fa:16:3e:cb:4e:db
Oct 17 12:43:15.529328 podb-esxi207 dnsmasq-dhcp[2309347]: DHCPREQUEST(tap820f9e11-d3) 10.1.0.3 fa:16:3e:cb:4e:db
Oct 17 12:43:15.529364 podb-esxi207 dnsmasq-dhcp[2309347]: DHCPACK(tap820f9e11-d3) 10.1.0.3 fa:16:3e:cb:4e:db host-10-1-0-3
Oct 17 12:43:34.383606 podb-esxi207 dnsmasq[2310553]: started, version 2.90 cachesize 150
Oct 17 12:43:34.383635 podb-esxi207 dnsmasq[2310553]: DNS service limited to local subnets
Oct 17 12:43:34.383651 podb-esxi207 dnsmasq[2310553]: compile time options: IPv6 GNU-getopt DBus no-UBus i18n IDN2 DHCP DHCPv6 no-Lua TFTP conntrack ipset no-nftset auth cryptohash DNSSEC loop-detect inotify dumpfile
Oct 17 12:43:34.383692 podb-esxi207 dnsmasq-dhcp[2310553]: DHCP, static leases only on 10.1.0.0, lease time 1d
Oct 17 12:43:34.383848 podb-esxi207 dnsmasq[2310553]: reading /etc/resolv.conf
Oct 17 12:43:34.383866 podb-esxi207 dnsmasq[2310553]: using nameserver 127.0.0.53#53
Oct 17 12:43:34.383952 podb-esxi207 dnsmasq[2310553]: read /opt/stack/data/neutron/dhcp/5937b394-7ceb-4d67-a47b-12af621d3606/addn_hosts - 0 names
Oct 17 12:43:34.384005 podb-esxi207 dnsmasq-dhcp[2310553]: read /opt/stack/data/neutron/dhcp/5937b394-7ceb-4d67-a47b-12af621d3606/host
Oct 17 12:43:34.384064 podb-esxi207 dnsmasq-dhcp[2310553]: read /opt/stack/data/neutron/dhcp/5937b394-7ceb-4d67-a47b-12af621d3606/opts
Oct 17 12:43:35.926840 podb-esxi207 dnsmasq[2310553]: read /opt/stack/data/neutron/dhcp/5937b394-7ceb-4d67-a47b-12af621d3606/addn_hosts - 2 names
Oct 17 12:43:35.926950 podb-esxi207 dnsmasq-dhcp[2310553]: read /opt/stack/data/neutron/dhcp/5937b394-7ceb-4d67-a47b-12af621d3606/host
Oct 17 12:43:35.927008 podb-esxi207 dnsmasq-dhcp[2310553]: read /opt/stack/data/neutron/dhcp/5937b394-7ceb-4d67-a47b-12af621d3606/opts
Oct 17 12:43:39.323476 podb-esxi207 dnsmasq[2310881]: started, version 2.90 cachesize 150
Oct 17 12:43:39.323500 podb-esxi207 dnsmasq[2310881]: DNS service limited to local subnets
Oct 17 12:43:39.323515 podb-esxi207 dnsmasq[2310881]: compile time options: IPv6 GNU-getopt DBus no-UBus i18n IDN2 DHCP DHCPv6 no-Lua TFTP conntrack ipset no-nftset auth cryptohash DNSSEC loop-detect inotify dumpfile
Oct 17 12:43:39.323549 podb-esxi207 dnsmasq-dhcp[2310881]: DHCP, static leases only on 10.1.0.0, lease time 1d
Oct 17 12:43:39.323702 podb-esxi207 dnsmasq[2310881]: reading /etc/resolv.conf
Oct 17 12:43:39.323719 podb-esxi207 dnsmasq[2310881]: using nameserver 127.0.0.53#53
Oct 17 12:43:39.323811 podb-esxi207 dnsmasq[2310881]: read /opt/stack/data/neutron/dhcp/e02c409f-1b74-4959-8ee0-220661ac0ece/addn_hosts - 0 names
Oct 17 12:43:39.323864 podb-esxi207 dnsmasq-dhcp[2310881]: read /opt/stack/data/neutron/dhcp/e02c409f-1b74-4959-8ee0-220661ac0ece/host
Oct 17 12:43:39.323936 podb-esxi207 dnsmasq-dhcp[2310881]: read /opt/stack/data/neutron/dhcp/e02c409f-1b74-4959-8ee0-220661ac0ece/opts
Oct 17 12:43:39.857719 podb-esxi207 dnsmasq[2310553]: read /opt/stack/data/neutron/dhcp/5937b394-7ceb-4d67-a47b-12af621d3606/addn_hosts - 2 names
Oct 17 12:43:39.857830 podb-esxi207 dnsmasq-dhcp[2310553]: read /opt/stack/data/neutron/dhcp/5937b394-7ceb-4d67-a47b-12af621d3606/host
Oct 17 12:43:39.857933 podb-esxi207 dnsmasq-dhcp[2310553]: read /opt/stack/data/neutron/dhcp/5937b394-7ceb-4d67-a47b-12af621d3606/opts
Oct 17 12:43:40.653880 podb-esxi207 dnsmasq-dhcp[2309347]: DHCPRELEASE(tap820f9e11-d3) 10.1.0.3 fa:16:3e:cb:4e:db
Oct 17 12:43:40.672171 podb-esxi207 dnsmasq-dhcp[2309347]: DHCPRELEASE(tap820f9e11-d3) 10.1.0.3 fa:16:3e:cb:4e:db unknown lease
Oct 17 12:43:41.497170 podb-esxi207 dnsmasq[2309347]: read /opt/stack/data/neutron/dhcp/b0c20548-c244-4a31-b623-21e8fa93d644/addn_hosts - 2 names
Oct 17 12:43:41.497296 podb-esxi207 dnsmasq-dhcp[2309347]: read /opt/stack/data/neutron/dhcp/b0c20548-c244-4a31-b623-21e8fa93d644/host
Oct 17 12:43:41.497408 podb-esxi207 dnsmasq-dhcp[2309347]: read /opt/stack/data/neutron/dhcp/b0c20548-c244-4a31-b623-21e8fa93d644/opts
Oct 17 12:43:42.755316 podb-esxi207 dnsmasq[2310881]: read /opt/stack/data/neutron/dhcp/e02c409f-1b74-4959-8ee0-220661ac0ece/addn_hosts - 2 names
Oct 17 12:43:42.755442 podb-esxi207 dnsmasq-dhcp[2310881]: read /opt/stack/data/neutron/dhcp/e02c409f-1b74-4959-8ee0-220661ac0ece/host
Oct 17 12:43:42.755546 podb-esxi207 dnsmasq-dhcp[2310881]: read /opt/stack/data/neutron/dhcp/e02c409f-1b74-4959-8ee0-220661ac0ece/opts
Oct 17 12:43:43.507120 podb-esxi207 dnsmasq[2310553]: read /opt/stack/data/neutron/dhcp/5937b394-7ceb-4d67-a47b-12af621d3606/addn_hosts - 2 names
Oct 17 12:43:43.507228 podb-esxi207 dnsmasq-dhcp[2310553]: read /opt/stack/data/neutron/dhcp/5937b394-7ceb-4d67-a47b-12af621d3606/host
Oct 17 12:43:43.507333 podb-esxi207 dnsmasq-dhcp[2310553]: read /opt/stack/data/neutron/dhcp/5937b394-7ceb-4d67-a47b-12af621d3606/opts
Oct 17 12:43:44.769642 podb-esxi207 dnsmasq[2310881]: read /opt/stack/data/neutron/dhcp/e02c409f-1b74-4959-8ee0-220661ac0ece/addn_hosts - 2 names
Oct 17 12:43:44.769679 podb-esxi207 dnsmasq-dhcp[2310881]: read /opt/stack/data/neutron/dhcp/e02c409f-1b74-4959-8ee0-220661ac0ece/host
Oct 17 12:43:44.769702 podb-esxi207 dnsmasq-dhcp[2310881]: read /opt/stack/data/neutron/dhcp/e02c409f-1b74-4959-8ee0-220661ac0ece/opts
Oct 17 12:43:46.025295 podb-esxi207 dnsmasq[2310553]: read /opt/stack/data/neutron/dhcp/5937b394-7ceb-4d67-a47b-12af621d3606/addn_hosts - 4 names
Oct 17 12:43:46.025459 podb-esxi207 dnsmasq-dhcp[2310553]: read /opt/stack/data/neutron/dhcp/5937b394-7ceb-4d67-a47b-12af621d3606/host
Oct 17 12:43:46.025564 podb-esxi207 dnsmasq-dhcp[2310553]: read /opt/stack/data/neutron/dhcp/5937b394-7ceb-4d67-a47b-12af621d3606/opts
Oct 17 12:43:46.776788 podb-esxi207 dnsmasq[2310881]: read /opt/stack/data/neutron/dhcp/e02c409f-1b74-4959-8ee0-220661ac0ece/addn_hosts - 2 names
Oct 17 12:43:46.776879 podb-esxi207 dnsmasq-dhcp[2310881]: read /opt/stack/data/neutron/dhcp/e02c409f-1b74-4959-8ee0-220661ac0ece/host
Oct 17 12:43:46.776949 podb-esxi207 dnsmasq-dhcp[2310881]: read /opt/stack/data/neutron/dhcp/e02c409f-1b74-4959-8ee0-220661ac0ece/opts
Oct 17 12:44:08.712582 podb-esxi207 dnsmasq-dhcp[2310553]: DHCPDISCOVER(tapbc99674d-94) fa:16:3e:fe:c0:25
Oct 17 12:44:08.712614 podb-esxi207 dnsmasq-dhcp[2310553]: DHCPOFFER(tapbc99674d-94) 10.1.0.6 fa:16:3e:fe:c0:25
Oct 17 12:44:08.724105 podb-esxi207 dnsmasq-dhcp[2310553]: DHCPREQUEST(tapbc99674d-94) 10.1.0.6 fa:16:3e:fe:c0:25
Oct 17 12:44:08.724134 podb-esxi207 dnsmasq-dhcp[2310553]: DHCPACK(tapbc99674d-94) 10.1.0.6 fa:16:3e:fe:c0:25 host-10-1-0-6
Oct 17 12:44:41.939037 podb-esxi207 dnsmasq[2311676]: started, version 2.90 cachesize 150
Oct 17 12:44:41.939057 podb-esxi207 dnsmasq[2311676]: DNS service limited to local subnets
Oct 17 12:44:41.939072 podb-esxi207 dnsmasq[2311676]: compile time options: IPv6 GNU-getopt DBus no-UBus i18n IDN2 DHCP DHCPv6 no-Lua TFTP conntrack ipset no-nftset auth cryptohash DNSSEC loop-detect inotify dumpfile
Oct 17 12:44:41.939112 podb-esxi207 dnsmasq-dhcp[2311676]: DHCP, static leases only on 10.1.0.0, lease time 1d
Oct 17 12:44:41.939259 podb-esxi207 dnsmasq[2311676]: reading /etc/resolv.conf
Oct 17 12:44:41.939275 podb-esxi207 dnsmasq[2311676]: using nameserver 127.0.0.53#53
Oct 17 12:44:41.939364 podb-esxi207 dnsmasq[2311676]: read /opt/stack/data/neutron/dhcp/12165d9d-ba8d-4924-b877-499888c0e2e6/addn_hosts - 0 names
Oct 17 12:44:41.939412 podb-esxi207 dnsmasq-dhcp[2311676]: read /opt/stack/data/neutron/dhcp/12165d9d-ba8d-4924-b877-499888c0e2e6/host
Oct 17 12:44:41.939467 podb-esxi207 dnsmasq-dhcp[2311676]: read /opt/stack/data/neutron/dhcp/12165d9d-ba8d-4924-b877-499888c0e2e6/opts
Oct 17 12:44:43.490795 podb-esxi207 dnsmasq[2311676]: read /opt/stack/data/neutron/dhcp/12165d9d-ba8d-4924-b877-499888c0e2e6/addn_hosts - 2 names
Oct 17 12:44:43.490923 podb-esxi207 dnsmasq-dhcp[2311676]: read /opt/stack/data/neutron/dhcp/12165d9d-ba8d-4924-b877-499888c0e2e6/host
Oct 17 12:44:43.491035 podb-esxi207 dnsmasq-dhcp[2311676]: read /opt/stack/data/neutron/dhcp/12165d9d-ba8d-4924-b877-499888c0e2e6/opts
Oct 17 12:44:44.766141 podb-esxi207 dnsmasq[2311676]: read /opt/stack/data/neutron/dhcp/12165d9d-ba8d-4924-b877-499888c0e2e6/addn_hosts - 2 names
Oct 17 12:44:44.766239 podb-esxi207 dnsmasq-dhcp[2311676]: read /opt/stack/data/neutron/dhcp/12165d9d-ba8d-4924-b877-499888c0e2e6/host
Oct 17 12:44:44.766335 podb-esxi207 dnsmasq-dhcp[2311676]: read /opt/stack/data/neutron/dhcp/12165d9d-ba8d-4924-b877-499888c0e2e6/opts
Oct 17 12:44:46.027573 podb-esxi207 dnsmasq[2311676]: read /opt/stack/data/neutron/dhcp/12165d9d-ba8d-4924-b877-499888c0e2e6/addn_hosts - 2 names
Oct 17 12:44:46.027651 podb-esxi207 dnsmasq-dhcp[2311676]: read /opt/stack/data/neutron/dhcp/12165d9d-ba8d-4924-b877-499888c0e2e6/host
Oct 17 12:44:46.027756 podb-esxi207 dnsmasq-dhcp[2311676]: read /opt/stack/data/neutron/dhcp/12165d9d-ba8d-4924-b877-499888c0e2e6/opts
Oct 17 12:44:59.360153 podb-esxi207 dnsmasq[2309347]: read /opt/stack/data/neutron/dhcp/b0c20548-c244-4a31-b623-21e8fa93d644/addn_hosts - 0 names
Oct 17 12:44:59.360239 podb-esxi207 dnsmasq-dhcp[2309347]: read /opt/stack/data/neutron/dhcp/b0c20548-c244-4a31-b623-21e8fa93d644/host
Oct 17 12:44:59.360294 podb-esxi207 dnsmasq-dhcp[2309347]: read /opt/stack/data/neutron/dhcp/b0c20548-c244-4a31-b623-21e8fa93d644/opts
Oct 17 12:45:00.418653 podb-esxi207 dnsmasq[2309347]: exiting on receipt of SIGTERM
Oct 17 12:45:01.193995 podb-esxi207 dnsmasq-dhcp[2309725]: DHCPRELEASE(tap112c9c19-2d) 10.1.0.1 fa:16:3e:59:55:d4
Oct 17 12:45:02.017658 podb-esxi207 dnsmasq[2309725]: read /opt/stack/data/neutron/dhcp/a09b2de0-bcab-44bc-987d-afe274cae3cc/addn_hosts - 0 names
Oct 17 12:45:02.017741 podb-esxi207 dnsmasq-dhcp[2309725]: read /opt/stack/data/neutron/dhcp/a09b2de0-bcab-44bc-987d-afe274cae3cc/host
Oct 17 12:45:02.017817 podb-esxi207 dnsmasq-dhcp[2309725]: read /opt/stack/data/neutron/dhcp/a09b2de0-bcab-44bc-987d-afe274cae3cc/opts
Oct 17 12:45:02.779355 podb-esxi207 dnsmasq[2309725]: exiting on receipt of SIGTERM
Oct 17 12:45:13.535570 podb-esxi207 dnsmasq[2312209]: started, version 2.90 cachesize 150
Oct 17 12:45:13.535598 podb-esxi207 dnsmasq[2312209]: DNS service limited to local subnets
Oct 17 12:45:13.535613 podb-esxi207 dnsmasq[2312209]: compile time options: IPv6 GNU-getopt DBus no-UBus i18n IDN2 DHCP DHCPv6 no-Lua TFTP conntrack ipset no-nftset auth cryptohash DNSSEC loop-detect inotify dumpfile
Oct 17 12:45:13.535660 podb-esxi207 dnsmasq-dhcp[2312209]: DHCP, static leases only on 10.1.0.0, lease time 1d
Oct 17 12:45:13.535818 podb-esxi207 dnsmasq[2312209]: reading /etc/resolv.conf
Oct 17 12:45:13.535835 podb-esxi207 dnsmasq[2312209]: using nameserver 127.0.0.53#53
Oct 17 12:45:13.535925 podb-esxi207 dnsmasq[2312209]: read /opt/stack/data/neutron/dhcp/b4796316-8eee-44c9-a0fd-cc6e422d367b/addn_hosts - 0 names
Oct 17 12:45:13.535976 podb-esxi207 dnsmasq-dhcp[2312209]: read /opt/stack/data/neutron/dhcp/b4796316-8eee-44c9-a0fd-cc6e422d367b/host
Oct 17 12:45:13.536034 podb-esxi207 dnsmasq-dhcp[2312209]: read /opt/stack/data/neutron/dhcp/b4796316-8eee-44c9-a0fd-cc6e422d367b/opts
Oct 17 12:45:15.081752 podb-esxi207 dnsmasq[2312209]: read /opt/stack/data/neutron/dhcp/b4796316-8eee-44c9-a0fd-cc6e422d367b/addn_hosts - 2 names
Oct 17 12:45:15.081845 podb-esxi207 dnsmasq-dhcp[2312209]: read /opt/stack/data/neutron/dhcp/b4796316-8eee-44c9-a0fd-cc6e422d367b/host
Oct 17 12:45:15.081965 podb-esxi207 dnsmasq-dhcp[2312209]: read /opt/stack/data/neutron/dhcp/b4796316-8eee-44c9-a0fd-cc6e422d367b/opts
Oct 17 12:45:16.344188 podb-esxi207 dnsmasq[2312209]: read /opt/stack/data/neutron/dhcp/b4796316-8eee-44c9-a0fd-cc6e422d367b/addn_hosts - 2 names
Oct 17 12:45:16.344275 podb-esxi207 dnsmasq-dhcp[2312209]: read /opt/stack/data/neutron/dhcp/b4796316-8eee-44c9-a0fd-cc6e422d367b/host
Oct 17 12:45:16.344370 podb-esxi207 dnsmasq-dhcp[2312209]: read /opt/stack/data/neutron/dhcp/b4796316-8eee-44c9-a0fd-cc6e422d367b/opts
Oct 17 12:45:17.606184 podb-esxi207 dnsmasq[2312209]: read /opt/stack/data/neutron/dhcp/b4796316-8eee-44c9-a0fd-cc6e422d367b/addn_hosts - 2 names
Oct 17 12:45:17.606304 podb-esxi207 dnsmasq-dhcp[2312209]: read /opt/stack/data/neutron/dhcp/b4796316-8eee-44c9-a0fd-cc6e422d367b/host
