Oct 17 13:38:36.231523 podb-esxi207 dnsmasq[2357978]: started, version 2.90 cachesize 150
Oct 17 13:38:36.231553 podb-esxi207 dnsmasq[2357978]: DNS service limited to local subnets
Oct 17 13:38:36.231568 podb-esxi207 dnsmasq[2357978]: compile time options: IPv6 GNU-getopt DBus no-UBus i18n IDN2 DHCP DHCPv6 no-Lua TFTP conntrack ipset no-nftset auth cryptohash DNSSEC loop-detect inotify dumpfile
Oct 17 13:38:36.231605 podb-esxi207 dnsmasq-dhcp[2357978]: DHCP, static leases only on 10.1.0.0, lease time 1d
Oct 17 13:38:36.231758 podb-esxi207 dnsmasq[2357978]: reading /etc/resolv.conf
Oct 17 13:38:36.231776 podb-esxi207 dnsmasq[2357978]: using nameserver 127.0.0.53#53
Oct 17 13:38:36.231865 podb-esxi207 dnsmasq[2357978]: read /opt/stack/data/neutron/dhcp/e3eaa434-a7c7-419e-8012-21dc7917f9c1/addn_hosts - 0 names
Oct 17 13:38:36.231915 podb-esxi207 dnsmasq-dhcp[2357978]: read /opt/stack/data/neutron/dhcp/e3eaa434-a7c7-419e-8012-21dc7917f9c1/host
Oct 17 13:38:36.231981 podb-esxi207 dnsmasq-dhcp[2357978]: read /opt/stack/data/neutron/dhcp/e3eaa434-a7c7-419e-8012-21dc7917f9c1/opts
Oct 17 13:38:37.777147 podb-esxi207 dnsmasq[2357978]: read /opt/stack/data/neutron/dhcp/e3eaa434-a7c7-419e-8012-21dc7917f9c1/addn_hosts - 2 names
Oct 17 13:38:37.777229 podb-esxi207 dnsmasq-dhcp[2357978]: read /opt/stack/data/neutron/dhcp/e3eaa434-a7c7-419e-8012-21dc7917f9c1/host
Oct 17 13:38:37.777319 podb-esxi207 dnsmasq-dhcp[2357978]: read /opt/stack/data/neutron/dhcp/e3eaa434-a7c7-419e-8012-21dc7917f9c1/opts
Oct 17 13:38:39.033833 podb-esxi207 dnsmasq[2357978]: read /opt/stack/data/neutron/dhcp/e3eaa434-a7c7-419e-8012-21dc7917f9c1/addn_hosts - 2 names
Oct 17 13:38:39.033920 podb-esxi207 dnsmasq-dhcp[2357978]: read /opt/stack/data/neutron/dhcp/e3eaa434-a7c7-419e-8012-21dc7917f9c1/host
Oct 17 13:38:39.034024 podb-esxi207 dnsmasq-dhcp[2357978]: read /opt/stack/data/neutron/dhcp/e3eaa434-a7c7-419e-8012-21dc7917f9c1/opts
Oct 17 13:38:40.290327 podb-esxi207 dnsmasq[2357978]: read /opt/stack/data/neutron/dhcp/e3eaa434-a7c7-419e-8012-21dc7917f9c1/addn_hosts - 2 names
Oct 17 13:38:40.290431 podb-esxi207 dnsmasq-dhcp[2357978]: read /opt/stack/data/neutron/dhcp/e3eaa434-a7c7-419e-8012-21dc7917f9c1/host
Oct 17 13:38:40.290533 podb-esxi207 dnsmasq-dhcp[2357978]: read /opt/stack/data/neutron/dhcp/e3eaa434-a7c7-419e-8012-21dc7917f9c1/opts
Oct 17 13:38:41.792095 podb-esxi207 dnsmasq[2357978]: read /opt/stack/data/neutron/dhcp/e3eaa434-a7c7-419e-8012-21dc7917f9c1/addn_hosts - 4 names
Oct 17 13:38:41.792211 podb-esxi207 dnsmasq-dhcp[2357978]: read /opt/stack/data/neutron/dhcp/e3eaa434-a7c7-419e-8012-21dc7917f9c1/host
Oct 17 13:38:41.792317 podb-esxi207 dnsmasq-dhcp[2357978]: read /opt/stack/data/neutron/dhcp/e3eaa434-a7c7-419e-8012-21dc7917f9c1/opts
Oct 17 13:39:05.953218 podb-esxi207 dnsmasq-dhcp[2352571]: DHCPDISCOVER(tap011cd4e4-8e) fa:16:3e:c4:57:82
Oct 17 13:39:05.953243 podb-esxi207 dnsmasq-dhcp[2352571]: DHCPOFFER(tap011cd4e4-8e) 10.1.0.8 fa:16:3e:c4:57:82
Oct 17 13:39:05.960969 podb-esxi207 dnsmasq-dhcp[2352571]: DHCPREQUEST(tap011cd4e4-8e) 10.1.0.8 fa:16:3e:c4:57:82
Oct 17 13:39:05.960992 podb-esxi207 dnsmasq-dhcp[2352571]: DHCPACK(tap011cd4e4-8e) 10.1.0.8 fa:16:3e:c4:57:82 host-10-1-0-8
Oct 17 13:39:06.201792 podb-esxi207 dnsmasq[2357978]: read /opt/stack/data/neutron/dhcp/e3eaa434-a7c7-419e-8012-21dc7917f9c1/addn_hosts - 6 names
Oct 17 13:39:06.201881 podb-esxi207 dnsmasq-dhcp[2357978]: read /opt/stack/data/neutron/dhcp/e3eaa434-a7c7-419e-8012-21dc7917f9c1/host
Oct 17 13:39:06.201973 podb-esxi207 dnsmasq-dhcp[2357978]: read /opt/stack/data/neutron/dhcp/e3eaa434-a7c7-419e-8012-21dc7917f9c1/opts
Oct 17 13:39:07.173841 podb-esxi207 dnsmasq-dhcp[2357978]: DHCPDISCOVER(tap5c4cd19a-c9) fa:16:3e:c4:a6:90
Oct 17 13:39:07.173870 podb-esxi207 dnsmasq-dhcp[2357978]: DHCPOFFER(tap5c4cd19a-c9) 10.1.0.7 fa:16:3e:c4:a6:90
Oct 17 13:39:07.185184 podb-esxi207 dnsmasq-dhcp[2357978]: DHCPREQUEST(tap5c4cd19a-c9) 10.1.0.7 fa:16:3e:c4:a6:90
Oct 17 13:39:07.185214 podb-esxi207 dnsmasq-dhcp[2357978]: DHCPACK(tap5c4cd19a-c9) 10.1.0.7 fa:16:3e:c4:a6:90 host-10-1-0-7
Oct 17 13:39:15.196461 podb-esxi207 dnsmasq-dhcp[2357154]: DHCPDISCOVER(tapcf580299-0e) fa:16:3e:c4:de:b6
Oct 17 13:39:15.196491 podb-esxi207 dnsmasq-dhcp[2357154]: DHCPOFFER(tapcf580299-0e) 10.2.2.100 fa:16:3e:c4:de:b6
Oct 17 13:39:15.232619 podb-esxi207 dnsmasq-dhcp[2357154]: DHCPREQUEST(tapcf580299-0e) 10.2.2.100 fa:16:3e:c4:de:b6
Oct 17 13:39:15.232670 podb-esxi207 dnsmasq-dhcp[2357154]: DHCPACK(tapcf580299-0e) 10.2.2.100 fa:16:3e:c4:de:b6 host-10-2-2-100
Oct 17 13:39:15.280510 podb-esxi207 dnsmasq-dhcp[2357087]: DHCPDISCOVER(tapd7fec855-d8) fa:16:3e:72:ee:5d
Oct 17 13:39:15.280537 podb-esxi207 dnsmasq-dhcp[2357087]: DHCPOFFER(tapd7fec855-d8) 10.1.1.43 fa:16:3e:72:ee:5d
Oct 17 13:39:15.288230 podb-esxi207 dnsmasq-dhcp[2357087]: DHCPREQUEST(tapd7fec855-d8) 10.1.1.43 fa:16:3e:72:ee:5d
Oct 17 13:39:15.288257 podb-esxi207 dnsmasq-dhcp[2357087]: DHCPACK(tapd7fec855-d8) 10.1.1.43 fa:16:3e:72:ee:5d host-10-1-1-43
Oct 17 13:39:15.367186 podb-esxi207 dnsmasq-dhcp[2357087]: DHCPDISCOVER(tapd7fec855-d8) fa:16:3e:f5:9c:e7
Oct 17 13:39:15.367211 podb-esxi207 dnsmasq-dhcp[2357087]: DHCPOFFER(tapd7fec855-d8) 10.1.1.150 fa:16:3e:f5:9c:e7
Oct 17 13:39:15.378223 podb-esxi207 dnsmasq-dhcp[2357087]: DHCPREQUEST(tapd7fec855-d8) 10.1.1.150 fa:16:3e:f5:9c:e7
Oct 17 13:39:15.378252 podb-esxi207 dnsmasq-dhcp[2357087]: DHCPACK(tapd7fec855-d8) 10.1.1.150 fa:16:3e:f5:9c:e7 host-10-1-1-150
Oct 17 13:39:15.784127 podb-esxi207 dnsmasq-dhcp[2357087]: DHCPDISCOVER(tapd7fec855-d8) fa:16:3e:27:0d:64
Oct 17 13:39:15.784154 podb-esxi207 dnsmasq-dhcp[2357087]: DHCPOFFER(tapd7fec855-d8) 10.1.1.209 fa:16:3e:27:0d:64
Oct 17 13:39:15.789883 podb-esxi207 dnsmasq-dhcp[2357087]: DHCPREQUEST(tapd7fec855-d8) 10.1.1.209 fa:16:3e:27:0d:64
Oct 17 13:39:15.789908 podb-esxi207 dnsmasq-dhcp[2357087]: DHCPACK(tapd7fec855-d8) 10.1.1.209 fa:16:3e:27:0d:64 host-10-1-1-209
Oct 17 13:39:16.299049 podb-esxi207 dnsmasq-dhcp[2354806]: DHCPDISCOVER(tapf36c78ce-79) fa:16:3e:46:4c:73
Oct 17 13:39:16.299077 podb-esxi207 dnsmasq-dhcp[2354806]: DHCPOFFER(tapf36c78ce-79) 10.1.0.14 fa:16:3e:46:4c:73
Oct 17 13:39:16.305068 podb-esxi207 dnsmasq-dhcp[2354806]: DHCPREQUEST(tapf36c78ce-79) 10.1.0.14 fa:16:3e:46:4c:73
Oct 17 13:39:16.305102 podb-esxi207 dnsmasq-dhcp[2354806]: DHCPACK(tapf36c78ce-79) 10.1.0.14 fa:16:3e:46:4c:73 host-10-1-0-14
Oct 17 13:39:16.782139 podb-esxi207 dnsmasq-dhcp[2357087]: DHCPDISCOVER(tapd7fec855-d8) fa:16:3e:2d:09:01
Oct 17 13:39:16.782162 podb-esxi207 dnsmasq-dhcp[2357087]: DHCPOFFER(tapd7fec855-d8) 10.1.1.216 fa:16:3e:2d:09:01
Oct 17 13:39:16.786723 podb-esxi207 dnsmasq-dhcp[2357087]: DHCPREQUEST(tapd7fec855-d8) 10.1.1.216 fa:16:3e:2d:09:01
Oct 17 13:39:16.786758 podb-esxi207 dnsmasq-dhcp[2357087]: DHCPACK(tapd7fec855-d8) 10.1.1.216 fa:16:3e:2d:09:01 host-10-1-1-216
Oct 17 13:39:16.972166 podb-esxi207 dnsmasq-dhcp[2357154]: DHCPDISCOVER(tapcf580299-0e) fa:16:3e:f9:32:20
Oct 17 13:39:16.972193 podb-esxi207 dnsmasq-dhcp[2357154]: DHCPOFFER(tapcf580299-0e) 10.2.2.200 fa:16:3e:f9:32:20
Oct 17 13:39:16.975509 podb-esxi207 dnsmasq-dhcp[2357154]: DHCPREQUEST(tapcf580299-0e) 10.2.2.200 fa:16:3e:f9:32:20
Oct 17 13:39:16.975542 podb-esxi207 dnsmasq-dhcp[2357154]: DHCPACK(tapcf580299-0e) 10.2.2.200 fa:16:3e:f9:32:20 host-10-2-2-200
Oct 17 13:39:38.518169 podb-esxi207 dnsmasq-dhcp[2357154]: DHCPRELEASE(tapcf580299-0e) 10.2.2.200 fa:16:3e:f9:32:20
Oct 17 13:39:38.535092 podb-esxi207 dnsmasq-dhcp[2357154]: DHCPRELEASE(tapcf580299-0e) 10.2.2.200 fa:16:3e:f9:32:20 unknown lease
Oct 17 13:39:39.357233 podb-esxi207 dnsmasq[2357154]: read /opt/stack/data/neutron/dhcp/c07878d8-7644-4b8b-9e99-1da7a2aec63b/addn_hosts - 2 names
Oct 17 13:39:39.357312 podb-esxi207 dnsmasq-dhcp[2357154]: read /opt/stack/data/neutron/dhcp/c07878d8-7644-4b8b-9e99-1da7a2aec63b/host
Oct 17 13:39:39.357385 podb-esxi207 dnsmasq-dhcp[2357154]: read /opt/stack/data/neutron/dhcp/c07878d8-7644-4b8b-9e99-1da7a2aec63b/opts
Oct 17 13:39:39.584500 podb-esxi207 dnsmasq-dhcp[2357087]: DHCPRELEASE(tapd7fec855-d8) 10.1.1.43 fa:16:3e:72:ee:5d
Oct 17 13:39:39.600922 podb-esxi207 dnsmasq-dhcp[2357087]: DHCPRELEASE(tapd7fec855-d8) 10.1.1.43 fa:16:3e:72:ee:5d unknown lease
Oct 17 13:39:40.424369 podb-esxi207 dnsmasq[2357087]: read /opt/stack/data/neutron/dhcp/39c54b77-3ab5-4dd2-9615-aa868d673c80/addn_hosts - 6 names
Oct 17 13:39:40.424457 podb-esxi207 dnsmasq-dhcp[2357087]: read /opt/stack/data/neutron/dhcp/39c54b77-3ab5-4dd2-9615-aa868d673c80/host
Oct 17 13:39:40.424504 podb-esxi207 dnsmasq-dhcp[2357087]: read /opt/stack/data/neutron/dhcp/39c54b77-3ab5-4dd2-9615-aa868d673c80/opts
Oct 17 13:39:40.654054 podb-esxi207 dnsmasq-dhcp[2354806]: DHCPRELEASE(tapf36c78ce-79) 10.1.0.14 fa:16:3e:46:4c:73
Oct 17 13:39:40.669823 podb-esxi207 dnsmasq-dhcp[2354806]: DHCPRELEASE(tapf36c78ce-79) 10.1.0.14 fa:16:3e:46:4c:73 unknown lease
Oct 17 13:39:41.496630 podb-esxi207 dnsmasq[2354806]: read /opt/stack/data/neutron/dhcp/5bda4b1f-70d0-4bd5-a8ac-8ddab89bc1f1/addn_hosts - 2 names
Oct 17 13:39:41.496771 podb-esxi207 dnsmasq-dhcp[2354806]: read /opt/stack/data/neutron/dhcp/5bda4b1f-70d0-4bd5-a8ac-8ddab89bc1f1/host
Oct 17 13:39:41.496842 podb-esxi207 dnsmasq-dhcp[2354806]: read /opt/stack/data/neutron/dhcp/5bda4b1f-70d0-4bd5-a8ac-8ddab89bc1f1/opts
Oct 17 13:39:41.720914 podb-esxi207 dnsmasq-dhcp[2357154]: DHCPRELEASE(tapcf580299-0e) 10.2.2.100 fa:16:3e:c4:de:b6
Oct 17 13:39:41.737566 podb-esxi207 dnsmasq-dhcp[2357154]: DHCPRELEASE(tapcf580299-0e) 10.2.2.100 fa:16:3e:c4:de:b6 unknown lease
Oct 17 13:39:42.560000 podb-esxi207 dnsmasq[2357154]: read /opt/stack/data/neutron/dhcp/c07878d8-7644-4b8b-9e99-1da7a2aec63b/addn_hosts - 0 names
Oct 17 13:39:42.560083 podb-esxi207 dnsmasq-dhcp[2357154]: read /opt/stack/data/neutron/dhcp/c07878d8-7644-4b8b-9e99-1da7a2aec63b/host
Oct 17 13:39:42.560152 podb-esxi207 dnsmasq-dhcp[2357154]: read /opt/stack/data/neutron/dhcp/c07878d8-7644-4b8b-9e99-1da7a2aec63b/opts
Oct 17 13:39:42.800941 podb-esxi207 dnsmasq-dhcp[2357087]: DHCPRELEASE(tapd7fec855-d8) 10.1.1.216 fa:16:3e:2d:09:01
Oct 17 13:39:42.817663 podb-esxi207 dnsmasq-dhcp[2357087]: DHCPRELEASE(tapd7fec855-d8) 10.1.1.216 fa:16:3e:2d:09:01 unknown lease
Oct 17 13:39:43.640574 podb-esxi207 dnsmasq[2357087]: read /opt/stack/data/neutron/dhcp/39c54b77-3ab5-4dd2-9615-aa868d673c80/addn_hosts - 4 names
Oct 17 13:39:43.640726 podb-esxi207 dnsmasq-dhcp[2357087]: read /opt/stack/data/neutron/dhcp/39c54b77-3ab5-4dd2-9615-aa868d673c80/host
Oct 17 13:39:43.640812 podb-esxi207 dnsmasq-dhcp[2357087]: read /opt/stack/data/neutron/dhcp/39c54b77-3ab5-4dd2-9615-aa868d673c80/opts
Oct 17 13:40:11.554318 podb-esxi207 dnsmasq-dhcp[2357087]: DHCPRELEASE(tapd7fec855-d8) 10.1.1.150 fa:16:3e:f5:9c:e7
Oct 17 13:40:11.571441 podb-esxi207 dnsmasq-dhcp[2357087]: DHCPRELEASE(tapd7fec855-d8) 10.1.1.150 fa:16:3e:f5:9c:e7 unknown lease
Oct 17 13:40:12.396025 podb-esxi207 dnsmasq[2357087]: read /opt/stack/data/neutron/dhcp/39c54b77-3ab5-4dd2-9615-aa868d673c80/addn_hosts - 2 names
Oct 17 13:40:12.396137 podb-esxi207 dnsmasq-dhcp[2357087]: read /opt/stack/data/neutron/dhcp/39c54b77-3ab5-4dd2-9615-aa868d673c80/host
Oct 17 13:40:12.396224 podb-esxi207 dnsmasq-dhcp[2357087]: read /opt/stack/data/neutron/dhcp/39c54b77-3ab5-4dd2-9615-aa868d673c80/opts
Oct 17 13:40:13.173912 podb-esxi207 dnsmasq[2357154]: exiting on receipt of SIGTERM
Oct 17 13:40:14.287340 podb-esxi207 dnsmasq[2357978]: read /opt/stack/data/neutron/dhcp/e3eaa434-a7c7-419e-8012-21dc7917f9c1/addn_hosts - 8 names
Oct 17 13:40:14.287480 podb-esxi207 dnsmasq-dhcp[2357978]: read /opt/stack/data/neutron/dhcp/e3eaa434-a7c7-419e-8012-21dc7917f9c1/host
Oct 17 13:40:14.287611 podb-esxi207 dnsmasq-dhcp[2357978]: read /opt/stack/data/neutron/dhcp/e3eaa434-a7c7-419e-8012-21dc7917f9c1/opts
Oct 17 13:40:15.550410 podb-esxi207 dnsmasq[2357087]: exiting on receipt of SIGTERM
Oct 17 13:40:20.660732 podb-esxi207 dnsmasq-dhcp[2352571]: DHCPRELEASE(tap011cd4e4-8e) 10.1.0.8 fa:16:3e:c4:57:82
Oct 17 13:40:20.678229 podb-esxi207 dnsmasq-dhcp[2352571]: DHCPRELEASE(tap011cd4e4-8e) 10.1.0.8 fa:16:3e:c4:57:82 unknown lease
Oct 17 13:40:21.504205 podb-esxi207 dnsmasq[2352571]: read /opt/stack/data/neutron/dhcp/970865d4-85ea-4c73-a6c1-43eecf0876e6/addn_hosts - 4 names
Oct 17 13:40:21.504329 podb-esxi207 dnsmasq-dhcp[2352571]: read /opt/stack/data/neutron/dhcp/970865d4-85ea-4c73-a6c1-43eecf0876e6/host
Oct 17 13:40:21.504437 podb-esxi207 dnsmasq-dhcp[2352571]: read /opt/stack/data/neutron/dhcp/970865d4-85ea-4c73-a6c1-43eecf0876e6/opts
Oct 17 13:40:29.127606 podb-esxi207 dnsmasq-dhcp[2354806]: DHCPRELEASE(tapf36c78ce-79) 10.1.0.1 fa:16:3e:95:b9:f3
Oct 17 13:40:29.947742 podb-esxi207 dnsmasq[2354806]: read /opt/stack/data/neutron/dhcp/5bda4b1f-70d0-4bd5-a8ac-8ddab89bc1f1/addn_hosts - 0 names
Oct 17 13:40:29.947831 podb-esxi207 dnsmasq-dhcp[2354806]: read /opt/stack/data/neutron/dhcp/5bda4b1f-70d0-4bd5-a8ac-8ddab89bc1f1/host
Oct 17 13:40:29.947917 podb-esxi207 dnsmasq-dhcp[2354806]: read /opt/stack/data/neutron/dhcp/5bda4b1f-70d0-4bd5-a8ac-8ddab89bc1f1/opts
Oct 17 13:40:30.190738 podb-esxi207 dnsmasq-dhcp[2355894]: DHCPRELEASE(tap50468ab0-db) 10.1.0.8 fa:16:3e:1f:c6:d3
Oct 17 13:40:30.205808 podb-esxi207 dnsmasq-dhcp[2355894]: DHCPRELEASE(tap50468ab0-db) 10.1.0.8 fa:16:3e:1f:c6:d3 unknown lease
Oct 17 13:40:31.027517 podb-esxi207 dnsmasq[2355894]: read /opt/stack/data/neutron/dhcp/f0628d68-dadd-4cf7-ae09-ba30e4e93732/addn_hosts - 4 names
Oct 17 13:40:31.027605 podb-esxi207 dnsmasq-dhcp[2355894]: read /opt/stack/data/neutron/dhcp/f0628d68-dadd-4cf7-ae09-ba30e4e93732/host
Oct 17 13:40:31.027695 podb-esxi207 dnsmasq-dhcp[2355894]: read /opt/stack/data/neutron/dhcp/f0628d68-dadd-4cf7-ae09-ba30e4e93732/opts
Oct 17 13:40:31.769668 podb-esxi207 dnsmasq-dhcp[2355102]: DHCPRELEASE(tap9bdf9c3b-06) 10.1.0.1 fa:16:3e:34:c3:cf
Oct 17 13:40:32.592311 podb-esxi207 dnsmasq[2355102]: read /opt/stack/data/neutron/dhcp/37b2cb35-25b7-45d9-8e60-1b7e00702c15/addn_hosts - 0 names
Oct 17 13:40:32.592392 podb-esxi207 dnsmasq-dhcp[2355102]: read /opt/stack/data/neutron/dhcp/37b2cb35-25b7-45d9-8e60-1b7e00702c15/host
Oct 17 13:40:32.592448 podb-esxi207 dnsmasq-dhcp[2355102]: read /opt/stack/data/neutron/dhcp/37b2cb35-25b7-45d9-8e60-1b7e00702c15/opts
Oct 17 13:40:32.817976 podb-esxi207 dnsmasq-dhcp[2355894]: DHCPRELEASE(tap50468ab0-db) 10.1.0.7 fa:16:3e:12:5e:2a
Oct 17 13:40:32.833875 podb-esxi207 dnsmasq-dhcp[2355894]: DHCPRELEASE(tap50468ab0-db) 10.1.0.7 fa:16:3e:12:5e:2a unknown lease
Oct 17 13:40:33.655625 podb-esxi207 dnsmasq[2355894]: read /opt/stack/data/neutron/dhcp/f0628d68-dadd-4cf7-ae09-ba30e4e93732/addn_hosts - 2 names
Oct 17 13:40:33.655709 podb-esxi207 dnsmasq-dhcp[2355894]: read /opt/stack/data/neutron/dhcp/f0628d68-dadd-4cf7-ae09-ba30e4e93732/host
Oct 17 13:40:33.655818 podb-esxi207 dnsmasq-dhcp[2355894]: read /opt/stack/data/neutron/dhcp/f0628d68-dadd-4cf7-ae09-ba30e4e93732/opts
Oct 17 13:40:33.892539 podb-esxi207 dnsmasq[2354806]: exiting on receipt of SIGTERM
Oct 17 13:40:34.485549 podb-esxi207 dnsmasq[2355102]: exiting on receipt of SIGTERM
Oct 17 13:40:36.948203 podb-esxi207 dnsmasq-dhcp[2357978]: DHCPDISCOVER(tap5c4cd19a-c9) fa:16:3e:68:a2:c0
Oct 17 13:40:36.948235 podb-esxi207 dnsmasq-dhcp[2357978]: DHCPOFFER(tap5c4cd19a-c9) 10.1.0.14 fa:16:3e:68:a2:c0
Oct 17 13:40:36.963868 podb-esxi207 dnsmasq-dhcp[2357978]: DHCPREQUEST(tap5c4cd19a-c9) 10.1.0.14 fa:16:3e:68:a2:c0
Oct 17 13:40:36.963900 podb-esxi207 dnsmasq-dhcp[2357978]: DHCPACK(tap5c4cd19a-c9) 10.1.0.14 fa:16:3e:68:a2:c0 host-10-1-0-14
Oct 17 13:40:37.710747 podb-esxi207 dnsmasq[2362171]: started, version 2.90 cachesize 150
Oct 17 13:40:37.710774 podb-esxi207 dnsmasq[2362171]: DNS service limited to local subnets
Oct 17 13:40:37.710788 podb-esxi207 dnsmasq[2362171]: compile time options: IPv6 GNU-getopt DBus no-UBus i18n IDN2 DHCP DHCPv6 no-Lua TFTP conntrack ipset no-nftset auth cryptohash DNSSEC loop-detect inotify dumpfile
Oct 17 13:40:37.710826 podb-esxi207 dnsmasq-dhcp[2362171]: DHCP, static leases only on 10.1.0.0, lease time 1d
Oct 17 13:40:37.710972 podb-esxi207 dnsmasq[2362171]: reading /etc/resolv.conf
Oct 17 13:40:37.710988 podb-esxi207 dnsmasq[2362171]: using nameserver 127.0.0.53#53
Oct 17 13:40:37.711103 podb-esxi207 dnsmasq[2362171]: read /opt/stack/data/neutron/dhcp/c090d709-68e7-444d-8005-8a3d3f5974a6/addn_hosts - 2 names
Oct 17 13:40:37.711168 podb-esxi207 dnsmasq-dhcp[2362171]: read /opt/stack/data/neutron/dhcp/c090d709-68e7-444d-8005-8a3d3f5974a6/host
Oct 17 13:40:37.711231 podb-esxi207 dnsmasq-dhcp[2362171]: read /opt/stack/data/neutron/dhcp/c090d709-68e7-444d-8005-8a3d3f5974a6/opts
Oct 17 13:40:38.755117 podb-esxi207 dnsmasq[2357978]: read /opt/stack/data/neutron/dhcp/e3eaa434-a7c7-419e-8012-21dc7917f9c1/addn_hosts - 10 names
Oct 17 13:40:38.755262 podb-esxi207 dnsmasq-dhcp[2357978]: read /opt/stack/data/neutron/dhcp/e3eaa434-a7c7-419e-8012-21dc7917f9c1/host
Oct 17 13:40:38.755364 podb-esxi207 dnsmasq-dhcp[2357978]: read /opt/stack/data/neutron/dhcp/e3eaa434-a7c7-419e-8012-21dc7917f9c1/opts
Oct 17 13:40:40.018069 podb-esxi207 dnsmasq[2362171]: read /opt/stack/data/neutron/dhcp/c090d709-68e7-444d-8005-8a3d3f5974a6/addn_hosts - 2 names
Oct 17 13:40:40.018184 podb-esxi207 dnsmasq-dhcp[2362171]: read /opt/stack/data/neutron/dhcp/c090d709-68e7-444d-8005-8a3d3f5974a6/host
Oct 17 13:40:40.018293 podb-esxi207 dnsmasq-dhcp[2362171]: read /opt/stack/data/neutron/dhcp/c090d709-68e7-444d-8005-8a3d3f5974a6/opts
Oct 17 13:40:41.279918 podb-esxi207 dnsmasq[2362171]: read /opt/stack/data/neutron/dhcp/c090d709-68e7-444d-8005-8a3d3f5974a6/addn_hosts - 2 names
Oct 17 13:40:41.280009 podb-esxi207 dnsmasq-dhcp[2362171]: read /opt/stack/data/neutron/dhcp/c090d709-68e7-444d-8005-8a3d3f5974a6/host
Oct 17 13:40:41.280114 podb-esxi207 dnsmasq-dhcp[2362171]: read /opt/stack/data/neutron/dhcp/c090d709-68e7-444d-8005-8a3d3f5974a6/opts
Oct 17 13:40:42.551398 podb-esxi207 dnsmasq[2362171]: read /opt/stack/data/neutron/dhcp/c090d709-68e7-444d-8005-8a3d3f5974a6/addn_hosts - 2 names
Oct 17 13:40:42.551516 podb-esxi207 dnsmasq-dhcp[2362171]: read /opt/stack/data/neutron/dhcp/c090d709-68e7-444d-8005-8a3d3f5974a6/host
Oct 17 13:40:42.551639 podb-esxi207 dnsmasq-dhcp[2362171]: read /opt/stack/data/neutron/dhcp/c090d709-68e7-444d-8005-8a3d3f5974a6/opts
Oct 17 13:40:43.809092 podb-esxi207 dnsmasq[2362171]: read /opt/stack/data/neutron/dhcp/c090d709-68e7-444d-8005-8a3d3f5974a6/addn_hosts - 4 names
Oct 17 13:40:43.809202 podb-esxi207 dnsmasq-dhcp[2362171]: read /opt/stack/data/neutron/dhcp/c090d709-68e7-444d-8005-8a3d3f5974a6/host
Oct 17 13:40:43.809319 podb-esxi207 dnsmasq-dhcp[2362171]: read /opt/stack/data/neutron/dhcp/c090d709-68e7-444d-8005-8a3d3f5974a6/opts
Oct 17 13:40:45.218922 podb-esxi207 dnsmasq[2355894]: read /opt/stack/data/neutron/dhcp/f0628d68-dadd-4cf7-ae09-ba30e4e93732/addn_hosts - 0 names
Oct 17 13:40:45.219015 podb-esxi207 dnsmasq-dhcp[2355894]: read /opt/stack/data/neutron/dhcp/f0628d68-dadd-4cf7-ae09-ba30e4e93732/host
Oct 17 13:40:45.219096 podb-esxi207 dnsmasq-dhcp[2355894]: read /opt/stack/data/neutron/dhcp/f0628d68-dadd-4cf7-ae09-ba30e4e93732/opts
Oct 17 13:40:46.094603 podb-esxi207 dnsmasq[2355894]: exiting on receipt of SIGTERM
Oct 17 13:40:46.707711 podb-esxi207 dnsmasq-dhcp[2356246]: DHCPRELEASE(tap1bc1b4ce-25) 10.1.0.1 fa:16:3e:d3:42:b8
Oct 17 13:40:47.531895 podb-esxi207 dnsmasq[2356246]: read /opt/stack/data/neutron/dhcp/a356163d-442b-47ad-9eb1-526033040a8d/addn_hosts - 0 names
Oct 17 13:40:47.531971 podb-esxi207 dnsmasq-dhcp[2356246]: read /opt/stack/data/neutron/dhcp/a356163d-442b-47ad-9eb1-526033040a8d/host
Oct 17 13:40:47.532072 podb-esxi207 dnsmasq-dhcp[2356246]: read /opt/stack/data/neutron/dhcp/a356163d-442b-47ad-9eb1-526033040a8d/opts
Oct 17 13:40:47.792746 podb-esxi207 dnsmasq[2356246]: exiting on receipt of SIGTERM
Oct 17 13:40:48.391865 podb-esxi207 dnsmasq-dhcp[2356481]: DHCPRELEASE(tap2b8628ca-85) 10.1.0.1 fa:16:3e:0c:43:bf
Oct 17 13:40:49.217893 podb-esxi207 dnsmasq[2356481]: read /opt/stack/data/neutron/dhcp/81474f27-69db-47d4-8b71-80c7ab29f0b4/addn_hosts - 0 names
Oct 17 13:40:49.217968 podb-esxi207 dnsmasq-dhcp[2356481]: read /opt/stack/data/neutron/dhcp/81474f27-69db-47d4-8b71-80c7ab29f0b4/host
Oct 17 13:40:49.218061 podb-esxi207 dnsmasq-dhcp[2356481]: read /opt/stack/data/neutron/dhcp/81474f27-69db-47d4-8b71-80c7ab29f0b4/opts
Oct 17 13:40:49.465194 podb-esxi207 dnsmasq[2356481]: exiting on receipt of SIGTERM
Oct 17 13:40:54.816747 podb-esxi207 dnsmasq[2362753]: started, version 2.90 cachesize 150
Oct 17 13:40:54.816773 podb-esxi207 dnsmasq[2362753]: DNS service limited to local subnets
Oct 17 13:40:54.816787 podb-esxi207 dnsmasq[2362753]: compile time options: IPv6 GNU-getopt DBus no-UBus i18n IDN2 DHCP DHCPv6 no-Lua TFTP conntrack ipset no-nftset auth cryptohash DNSSEC loop-detect inotify dumpfile
Oct 17 13:40:54.816821 podb-esxi207 dnsmasq-dhcp[2362753]: DHCP, static leases only on 10.1.0.0, lease time 1d
Oct 17 13:40:54.816966 podb-esxi207 dnsmasq[2362753]: reading /etc/resolv.conf
Oct 17 13:40:54.816982 podb-esxi207 dnsmasq[2362753]: using nameserver 127.0.0.53#53
Oct 17 13:40:54.817067 podb-esxi207 dnsmasq[2362753]: read /opt/stack/data/neutron/dhcp/4f22f9b0-6062-4062-905a-570f2c6603d8/addn_hosts - 0 names
Oct 17 13:40:54.817116 podb-esxi207 dnsmasq-dhcp[2362753]: read /opt/stack/data/neutron/dhcp/4f22f9b0-6062-4062-905a-570f2c6603d8/host
Oct 17 13:40:54.817179 podb-esxi207 dnsmasq-dhcp[2362753]: read /opt/stack/data/neutron/dhcp/4f22f9b0-6062-4062-905a-570f2c6603d8/opts
Oct 17 13:40:56.358602 podb-esxi207 dnsmasq[2362753]: read /opt/stack/data/neutron/dhcp/4f22f9b0-6062-4062-905a-570f2c6603d8/addn_hosts - 2 names
Oct 17 13:40:56.358694 podb-esxi207 dnsmasq-dhcp[2362753]: read /opt/stack/data/neutron/dhcp/4f22f9b0-6062-4062-905a-570f2c6603d8/host
Oct 17 13:40:56.358800 podb-esxi207 dnsmasq-dhcp[2362753]: read /opt/stack/data/neutron/dhcp/4f22f9b0-6062-4062-905a-570f2c6603d8/opts
Oct 17 13:40:59.268581 podb-esxi207 dnsmasq[2363147]: started, version 2.90 cachesize 150
Oct 17 13:40:59.268603 podb-esxi207 dnsmasq[2363147]: DNS service limited to local subnets
Oct 17 13:40:59.268618 podb-esxi207 dnsmasq[2363147]: compile time options: IPv6 GNU-getopt DBus no-UBus i18n IDN2 DHCP DHCPv6 no-Lua TFTP conntrack ipset no-nftset auth cryptohash DNSSEC loop-detect inotify dumpfile
Oct 17 13:40:59.268673 podb-esxi207 dnsmasq-dhcp[2363147]: DHCP, static leases only on 10.1.0.0, lease time 1d
Oct 17 13:40:59.268824 podb-esxi207 dnsmasq[2363147]: reading /etc/resolv.conf
Oct 17 13:40:59.268841 podb-esxi207 dnsmasq[2363147]: using nameserver 127.0.0.53#53
Oct 17 13:40:59.268949 podb-esxi207 dnsmasq[2363147]: read /opt/stack/data/neutron/dhcp/c72346ac-2d32-4838-b646-2a396e1b9428/addn_hosts - 2 names
Oct 17 13:40:59.269018 podb-esxi207 dnsmasq-dhcp[2363147]: read /opt/stack/data/neutron/dhcp/c72346ac-2d32-4838-b646-2a396e1b9428/host
Oct 17 13:40:59.269083 podb-esxi207 dnsmasq-dhcp[2363147]: read /opt/stack/data/neutron/dhcp/c72346ac-2d32-4838-b646-2a396e1b9428/opts
Oct 17 13:41:00.308512 podb-esxi207 dnsmasq[2362753]: read /opt/stack/data/neutron/dhcp/4f22f9b0-6062-4062-905a-570f2c6603d8/addn_hosts - 2 names
Oct 17 13:41:00.308615 podb-esxi207 dnsmasq-dhcp[2362753]: read /opt/stack/data/neutron/dhcp/4f22f9b0-6062-4062-905a-570f2c6603d8/host
Oct 17 13:41:00.308785 podb-esxi207 dnsmasq-dhcp[2362753]: read /opt/stack/data/neutron/dhcp/4f22f9b0-6062-4062-905a-570f2c6603d8/opts
Oct 17 13:41:01.557061 podb-esxi207 dnsmasq[2363147]: read /opt/stack/data/neutron/dhcp/c72346ac-2d32-4838-b646-2a396e1b9428/addn_hosts - 2 names
Oct 17 13:41:01.557141 podb-esxi207 dnsmasq-dhcp[2363147]: read /opt/stack/data/neutron/dhcp/c72346ac-2d32-4838-b646-2a396e1b9428/host
Oct 17 13:41:01.557221 podb-esxi207 dnsmasq-dhcp[2363147]: read /opt/stack/data/neutron/dhcp/c72346ac-2d32-4838-b646-2a396e1b9428/opts
Oct 17 13:41:02.803721 podb-esxi207 dnsmasq[2362753]: read /opt/stack/data/neutron/dhcp/4f22f9b0-6062-4062-905a-570f2c6603d8/addn_hosts - 2 names
Oct 17 13:41:02.803810 podb-esxi207 dnsmasq-dhcp[2362753]: read /opt/stack/data/neutron/dhcp/4f22f9b0-6062-4062-905a-570f2c6603d8/host
Oct 17 13:41:02.803918 podb-esxi207 dnsmasq-dhcp[2362753]: read /opt/stack/data/neutron/dhcp/4f22f9b0-6062-4062-905a-570f2c6603d8/opts
Oct 17 13:41:03.545841 podb-esxi207 dnsmasq[2363147]: read /opt/stack/data/neutron/dhcp/c72346ac-2d32-4838-b646-2a396e1b9428/addn_hosts - 2 names
Oct 17 13:41:03.545927 podb-esxi207 dnsmasq-dhcp[2363147]: read /opt/stack/data/neutron/dhcp/c72346ac-2d32-4838-b646-2a396e1b9428/host
Oct 17 13:41:03.546032 podb-esxi207 dnsmasq-dhcp[2363147]: read /opt/stack/data/neutron/dhcp/c72346ac-2d32-4838-b646-2a396e1b9428/opts
Oct 17 13:41:04.791307 podb-esxi207 dnsmasq[2352571]: read /opt/stack/data/neutron/dhcp/970865d4-85ea-4c73-a6c1-43eecf0876e6/addn_hosts - 6 names
Oct 17 13:41:04.791425 podb-esxi207 dnsmasq-dhcp[2352571]: read /opt/stack/data/neutron/dhcp/970865d4-85ea-4c73-a6c1-43eecf0876e6/host
Oct 17 13:41:04.791528 podb-esxi207 dnsmasq-dhcp[2352571]: read /opt/stack/data/neutron/dhcp/970865d4-85ea-4c73-a6c1-43eecf0876e6/opts
Oct 17 13:41:05.031768 podb-esxi207 dnsmasq-dhcp[2362171]: DHCPDISCOVER(tap4946535f-e8) fa:16:3e:32:35:f5
Oct 17 13:41:05.031796 podb-esxi207 dnsmasq-dhcp[2362171]: DHCPOFFER(tap4946535f-e8) 10.1.0.10 fa:16:3e:32:35:f5
Oct 17 13:41:05.042267 podb-esxi207 dnsmasq-dhcp[2362171]: DHCPREQUEST(tap4946535f-e8) 10.1.0.10 fa:16:3e:32:35:f5
Oct 17 13:41:05.042297 podb-esxi207 dnsmasq-dhcp[2362171]: DHCPACK(tap4946535f-e8) 10.1.0.10 fa:16:3e:32:35:f5 host-10-1-0-10
Oct 17 13:41:05.523169 podb-esxi207 dnsmasq[2363147]: read /opt/stack/data/neutron/dhcp/c72346ac-2d32-4838-b646-2a396e1b9428/addn_hosts - 2 names
Oct 17 13:41:05.523271 podb-esxi207 dnsmasq-dhcp[2363147]: read /opt/stack/data/neutron/dhcp/c72346ac-2d32-4838-b646-2a396e1b9428/host
Oct 17 13:41:05.523376 podb-esxi207 dnsmasq-dhcp[2363147]: read /opt/stack/data/neutron/dhcp/c72346ac-2d32-4838-b646-2a396e1b9428/opts
Oct 17 13:42:32.504787 podb-esxi207 dnsmasq[2364923]: started, version 2.90 cachesize 150
Oct 17 13:42:32.504811 podb-esxi207 dnsmasq[2364923]: DNS service limited to local subnets
Oct 17 13:42:32.504825 podb-esxi207 dnsmasq[2364923]: compile time options: IPv6 GNU-getopt DBus no-UBus i18n IDN2 DHCP DHCPv6 no-Lua TFTP conntrack ipset no-nftset auth cryptohash DNSSEC loop-detect inotify dumpfile
Oct 17 13:42:32.504859 podb-esxi207 dnsmasq-dhcp[2364923]: DHCP, static leases only on 10.1.1.0, lease time 1d
Oct 17 13:42:32.505004 podb-esxi207 dnsmasq[2364923]: reading /etc/resolv.conf
Oct 17 13:42:32.505020 podb-esxi207 dnsmasq[2364923]: using nameserver 127.0.0.53#53
Oct 17 13:42:32.505100 podb-esxi207 dnsmasq[2364923]: read /opt/stack/data/neutron/dhcp/b3b2f66a-d847-4a9e-8513-4b09eeed1548/addn_hosts - 0 names
Oct 17 13:42:32.505149 podb-esxi207 dnsmasq-dhcp[2364923]: read /opt/stack/data/neutron/dhcp/b3b2f66a-d847-4a9e-8513-4b09eeed1548/host
Oct 17 13:42:32.505217 podb-esxi207 dnsmasq-dhcp[2364923]: read /opt/stack/data/neutron/dhcp/b3b2f66a-d847-4a9e-8513-4b09eeed1548/opts
Oct 17 13:42:34.219997 podb-esxi207 dnsmasq-dhcp[2352571]: DHCPDISCOVER(tap011cd4e4-8e) fa:16:3e:b4:30:76
Oct 17 13:42:34.220022 podb-esxi207 dnsmasq-dhcp[2352571]: DHCPOFFER(tap011cd4e4-8e) 10.1.0.6 fa:16:3e:b4:30:76
Oct 17 13:42:34.230095 podb-esxi207 dnsmasq-dhcp[2352571]: DHCPREQUEST(tap011cd4e4-8e) 10.1.0.6 fa:16:3e:b4:30:76
Oct 17 13:42:34.230125 podb-esxi207 dnsmasq-dhcp[2352571]: DHCPACK(tap011cd4e4-8e) 10.1.0.6 fa:16:3e:b4:30:76 host-10-1-0-6
Oct 17 13:42:35.599911 podb-esxi207 dnsmasq[2364972]: started, version 2.90 cachesize 150
Oct 17 13:42:35.599939 podb-esxi207 dnsmasq[2364972]: DNS service limited to local subnets
Oct 17 13:42:35.599955 podb-esxi207 dnsmasq[2364972]: compile time options: IPv6 GNU-getopt DBus no-UBus i18n IDN2 DHCP DHCPv6 no-Lua TFTP conntrack ipset no-nftset auth cryptohash DNSSEC loop-detect inotify dumpfile
Oct 17 13:42:35.599990 podb-esxi207 dnsmasq-dhcp[2364972]: DHCP, static leases only on 10.2.2.0, lease time 1d
Oct 17 13:42:35.600143 podb-esxi207 dnsmasq[2364972]: reading /etc/resolv.conf
Oct 17 13:42:35.600160 podb-esxi207 dnsmasq[2364972]: using nameserver 127.0.0.53#53
Oct 17 13:42:35.600237 podb-esxi207 dnsmasq[2364972]: read /opt/stack/data/neutron/dhcp/3b9b6b31-8515-4eae-b8b3-c242151677a7/addn_hosts - 0 names
Oct 17 13:42:35.600287 podb-esxi207 dnsmasq-dhcp[2364972]: read /opt/stack/data/neutron/dhcp/3b9b6b31-8515-4eae-b8b3-c242151677a7/host
Oct 17 13:42:35.600359 podb-esxi207 dnsmasq-dhcp[2364972]: read /opt/stack/data/neutron/dhcp/3b9b6b31-8515-4eae-b8b3-c242151677a7/opts
Oct 17 13:42:36.134094 podb-esxi207 dnsmasq[2357978]: read /opt/stack/data/neutron/dhcp/e3eaa434-a7c7-419e-8012-21dc7917f9c1/addn_hosts - 8 names
Oct 17 13:42:36.134235 podb-esxi207 dnsmasq-dhcp[2357978]: read /opt/stack/data/neutron/dhcp/e3eaa434-a7c7-419e-8012-21dc7917f9c1/host
Oct 17 13:42:36.134330 podb-esxi207 dnsmasq-dhcp[2357978]: read /opt/stack/data/neutron/dhcp/e3eaa434-a7c7-419e-8012-21dc7917f9c1/opts
Oct 17 13:42:37.389141 podb-esxi207 dnsmasq[2364923]: read /opt/stack/data/neutron/dhcp/b3b2f66a-d847-4a9e-8513-4b09eeed1548/addn_hosts - 4 names
Oct 17 13:42:37.389249 podb-esxi207 dnsmasq-dhcp[2364923]: read /opt/stack/data/neutron/dhcp/b3b2f66a-d847-4a9e-8513-4b09eeed1548/host
Oct 17 13:42:37.389338 podb-esxi207 dnsmasq-dhcp[2364923]: read /opt/stack/data/neutron/dhcp/b3b2f66a-d847-4a9e-8513-4b09eeed1548/opts
Oct 17 13:42:39.140377 podb-esxi207 dnsmasq[2364972]: read /opt/stack/data/neutron/dhcp/3b9b6b31-8515-4eae-b8b3-c242151677a7/addn_hosts - 0 names
Oct 17 13:42:39.140435 podb-esxi207 dnsmasq-dhcp[2364972]: read /opt/stack/data/neutron/dhcp/3b9b6b31-8515-4eae-b8b3-c242151677a7/host
Oct 17 13:42:39.140504 podb-esxi207 dnsmasq-dhcp[2364972]: read /opt/stack/data/neutron/dhcp/3b9b6b31-8515-4eae-b8b3-c242151677a7/opts
Oct 17 13:42:39.880522 podb-esxi207 dnsmasq[2364923]: read /opt/stack/data/neutron/dhcp/b3b2f66a-d847-4a9e-8513-4b09eeed1548/addn_hosts - 4 names
Oct 17 13:42:39.880669 podb-esxi207 dnsmasq-dhcp[2364923]: read /opt/stack/data/neutron/dhcp/b3b2f66a-d847-4a9e-8513-4b09eeed1548/host
Oct 17 13:42:39.880753 podb-esxi207 dnsmasq-dhcp[2364923]: read /opt/stack/data/neutron/dhcp/b3b2f66a-d847-4a9e-8513-4b09eeed1548/opts
Oct 17 13:42:41.154988 podb-esxi207 dnsmasq[2362753]: read /opt/stack/data/neutron/dhcp/4f22f9b0-6062-4062-905a-570f2c6603d8/addn_hosts - 4 names
Oct 17 13:42:41.155130 podb-esxi207 dnsmasq-dhcp[2362753]: read /opt/stack/data/neutron/dhcp/4f22f9b0-6062-4062-905a-570f2c6603d8/host
Oct 17 13:42:41.155269 podb-esxi207 dnsmasq-dhcp[2362753]: read /opt/stack/data/neutron/dhcp/4f22f9b0-6062-4062-905a-570f2c6603d8/opts
Oct 17 13:42:41.915128 podb-esxi207 dnsmasq[2364972]: read /opt/stack/data/neutron/dhcp/3b9b6b31-8515-4eae-b8b3-c242151677a7/addn_hosts - 2 names
Oct 17 13:42:41.915220 podb-esxi207 dnsmasq-dhcp[2364972]: read /opt/stack/data/neutron/dhcp/3b9b6b31-8515-4eae-b8b3-c242151677a7/host
Oct 17 13:42:41.915305 podb-esxi207 dnsmasq-dhcp[2364972]: read /opt/stack/data/neutron/dhcp/3b9b6b31-8515-4eae-b8b3-c242151677a7/opts
Oct 17 13:42:42.662324 podb-esxi207 dnsmasq[2364923]: read /opt/stack/data/neutron/dhcp/b3b2f66a-d847-4a9e-8513-4b09eeed1548/addn_hosts - 4 names
Oct 17 13:42:42.662430 podb-esxi207 dnsmasq-dhcp[2364923]: read /opt/stack/data/neutron/dhcp/b3b2f66a-d847-4a9e-8513-4b09eeed1548/host
Oct 17 13:42:42.662515 podb-esxi207 dnsmasq-dhcp[2364923]: read /opt/stack/data/neutron/dhcp/b3b2f66a-d847-4a9e-8513-4b09eeed1548/opts
Oct 17 13:42:43.914161 podb-esxi207 dnsmasq[2364972]: read /opt/stack/data/neutron/dhcp/3b9b6b31-8515-4eae-b8b3-c242151677a7/addn_hosts - 4 names
Oct 17 13:42:43.914248 podb-esxi207 dnsmasq-dhcp[2364972]: read /opt/stack/data/neutron/dhcp/3b9b6b31-8515-4eae-b8b3-c242151677a7/host
Oct 17 13:42:43.914295 podb-esxi207 dnsmasq-dhcp[2364972]: read /opt/stack/data/neutron/dhcp/3b9b6b31-8515-4eae-b8b3-c242151677a7/opts
Oct 17 13:42:44.663341 podb-esxi207 dnsmasq[2364923]: read /opt/stack/data/neutron/dhcp/b3b2f66a-d847-4a9e-8513-4b09eeed1548/addn_hosts - 6 names
Oct 17 13:42:44.663499 podb-esxi207 dnsmasq-dhcp[2364923]: read /opt/stack/data/neutron/dhcp/b3b2f66a-d847-4a9e-8513-4b09eeed1548/host
Oct 17 13:42:44.663585 podb-esxi207 dnsmasq-dhcp[2364923]: read /opt/stack/data/neutron/dhcp/b3b2f66a-d847-4a9e-8513-4b09eeed1548/opts
Oct 17 13:42:45.910940 podb-esxi207 dnsmasq[2364923]: read /opt/stack/data/neutron/dhcp/b3b2f66a-d847-4a9e-8513-4b09eeed1548/addn_hosts - 8 names
Oct 17 13:42:45.911090 podb-esxi207 dnsmasq-dhcp[2364923]: read /opt/stack/data/neutron/dhcp/b3b2f66a-d847-4a9e-8513-4b09eeed1548/host
Oct 17 13:42:45.911173 podb-esxi207 dnsmasq-dhcp[2364923]: read /opt/stack/data/neutron/dhcp/b3b2f66a-d847-4a9e-8513-4b09eeed1548/opts
Oct 17 13:42:55.282042 podb-esxi207 dnsmasq-dhcp[2357978]: DHCPRELEASE(tap5c4cd19a-c9) 10.1.0.14 fa:16:3e:68:a2:c0
Oct 17 13:42:55.298707 podb-esxi207 dnsmasq-dhcp[2357978]: DHCPRELEASE(tap5c4cd19a-c9) 10.1.0.14 fa:16:3e:68:a2:c0 unknown lease
Oct 17 13:42:56.123153 podb-esxi207 dnsmasq[2357978]: read /opt/stack/data/neutron/dhcp/e3eaa434-a7c7-419e-8012-21dc7917f9c1/addn_hosts - 6 names
Oct 17 13:42:56.123286 podb-esxi207 dnsmasq-dhcp[2357978]: read /opt/stack/data/neutron/dhcp/e3eaa434-a7c7-419e-8012-21dc7917f9c1/host
Oct 17 13:42:56.123398 podb-esxi207 dnsmasq-dhcp[2357978]: read /opt/stack/data/neutron/dhcp/e3eaa434-a7c7-419e-8012-21dc7917f9c1/opts
Oct 17 13:43:03.404385 podb-esxi207 dnsmasq[2357978]: read /opt/stack/data/neutron/dhcp/e3eaa434-a7c7-419e-8012-21dc7917f9c1/addn_hosts - 4 names
Oct 17 13:43:03.404520 podb-esxi207 dnsmasq-dhcp[2357978]: read /opt/stack/data/neutron/dhcp/e3eaa434-a7c7-419e-8012-21dc7917f9c1/host
Oct 17 13:43:03.404621 podb-esxi207 dnsmasq-dhcp[2357978]: read /opt/stack/data/neutron/dhcp/e3eaa434-a7c7-419e-8012-21dc7917f9c1/opts
Oct 17 13:43:14.108484 podb-esxi207 dnsmasq-dhcp[2352571]: DHCPRELEASE(tap011cd4e4-8e) 10.1.0.6 fa:16:3e:b4:30:76
Oct 17 13:43:14.125475 podb-esxi207 dnsmasq-dhcp[2352571]: DHCPRELEASE(tap011cd4e4-8e) 10.1.0.6 fa:16:3e:b4:30:76 unknown lease
Oct 17 13:43:14.950855 podb-esxi207 dnsmasq[2352571]: read /opt/stack/data/neutron/dhcp/970865d4-85ea-4c73-a6c1-43eecf0876e6/addn_hosts - 4 names
Oct 17 13:43:14.950944 podb-esxi207 dnsmasq-dhcp[2352571]: read /opt/stack/data/neutron/dhcp/970865d4-85ea-4c73-a6c1-43eecf0876e6/host
Oct 17 13:43:14.951043 podb-esxi207 dnsmasq-dhcp[2352571]: read /opt/stack/data/neutron/dhcp/970865d4-85ea-4c73-a6c1-43eecf0876e6/opts
Oct 17 13:43:29.840354 podb-esxi207 dnsmasq-dhcp[2357978]: DHCPRELEASE(tap5c4cd19a-c9) 10.1.0.7 fa:16:3e:c4:a6:90
Oct 17 13:43:29.857434 podb-esxi207 dnsmasq-dhcp[2357978]: DHCPRELEASE(tap5c4cd19a-c9) 10.1.0.7 fa:16:3e:c4:a6:90 unknown lease
Oct 17 13:43:30.682320 podb-esxi207 dnsmasq[2357978]: read /opt/stack/data/neutron/dhcp/e3eaa434-a7c7-419e-8012-21dc7917f9c1/addn_hosts - 2 names
Oct 17 13:43:30.682428 podb-esxi207 dnsmasq-dhcp[2357978]: read /opt/stack/data/neutron/dhcp/e3eaa434-a7c7-419e-8012-21dc7917f9c1/host
Oct 17 13:43:30.682537 podb-esxi207 dnsmasq-dhcp[2357978]: read /opt/stack/data/neutron/dhcp/e3eaa434-a7c7-419e-8012-21dc7917f9c1/opts
Oct 17 13:43:35.542347 podb-esxi207 dnsmasq[2357978]: read /opt/stack/data/neutron/dhcp/e3eaa434-a7c7-419e-8012-21dc7917f9c1/addn_hosts - 0 names
Oct 17 13:43:35.542426 podb-esxi207 dnsmasq-dhcp[2357978]: read /opt/stack/data/neutron/dhcp/e3eaa434-a7c7-419e-8012-21dc7917f9c1/host
Oct 17 13:43:35.542509 podb-esxi207 dnsmasq-dhcp[2357978]: read /opt/stack/data/neutron/dhcp/e3eaa434-a7c7-419e-8012-21dc7917f9c1/opts
Oct 17 13:43:36.667252 podb-esxi207 dnsmasq[2357978]: exiting on receipt of SIGTERM
Oct 17 13:43:40.917961 podb-esxi207 dnsmasq[2366508]: started, version 2.90 cachesize 150
Oct 17 13:43:40.917989 podb-esxi207 dnsmasq[2366508]: DNS service limited to local subnets
Oct 17 13:43:40.918004 podb-esxi207 dnsmasq[2366508]: compile time options: IPv6 GNU-getopt DBus no-UBus i18n IDN2 DHCP DHCPv6 no-Lua TFTP conntrack ipset no-nftset auth cryptohash DNSSEC loop-detect inotify dumpfile
Oct 17 13:43:40.918052 podb-esxi207 dnsmasq-dhcp[2366508]: DHCP, static leases only on 10.1.0.0, lease time 1d
Oct 17 13:43:40.918205 podb-esxi207 dnsmasq[2366508]: reading /etc/resolv.conf
Oct 17 13:43:40.918222 podb-esxi207 dnsmasq[2366508]: using nameserver 127.0.0.53#53
Oct 17 13:43:40.918319 podb-esxi207 dnsmasq[2366508]: read /opt/stack/data/neutron/dhcp/1ed2e602-b283-4254-988d-4804ddd3c1eb/addn_hosts - 0 names
Oct 17 13:43:40.918372 podb-esxi207 dnsmasq-dhcp[2366508]: read /opt/stack/data/neutron/dhcp/1ed2e602-b283-4254-988d-4804ddd3c1eb/host
Oct 17 13:43:40.918430 podb-esxi207 dnsmasq-dhcp[2366508]: read /opt/stack/data/neutron/dhcp/1ed2e602-b283-4254-988d-4804ddd3c1eb/opts
Oct 17 13:43:42.463915 podb-esxi207 dnsmasq[2366508]: read /opt/stack/data/neutron/dhcp/1ed2e602-b283-4254-988d-4804ddd3c1eb/addn_hosts - 2 names
Oct 17 13:43:42.464016 podb-esxi207 dnsmasq-dhcp[2366508]: read /opt/stack/data/neutron/dhcp/1ed2e602-b283-4254-988d-4804ddd3c1eb/host
Oct 17 13:43:42.464095 podb-esxi207 dnsmasq-dhcp[2366508]: read /opt/stack/data/neutron/dhcp/1ed2e602-b283-4254-988d-4804ddd3c1eb/opts
Oct 17 13:43:43.727039 podb-esxi207 dnsmasq[2366508]: read /opt/stack/data/neutron/dhcp/1ed2e602-b283-4254-988d-4804ddd3c1eb/addn_hosts - 2 names
Oct 17 13:43:43.727166 podb-esxi207 dnsmasq-dhcp[2366508]: read /opt/stack/data/neutron/dhcp/1ed2e602-b283-4254-988d-4804ddd3c1eb/host
Oct 17 13:43:43.727291 podb-esxi207 dnsmasq-dhcp[2366508]: read /opt/stack/data/neutron/dhcp/1ed2e602-b283-4254-988d-4804ddd3c1eb/opts
Oct 17 13:43:44.984506 podb-esxi207 dnsmasq[2366508]: read /opt/stack/data/neutron/dhcp/1ed2e602-b283-4254-988d-4804ddd3c1eb/addn_hosts - 2 names
Oct 17 13:43:44.984601 podb-esxi207 dnsmasq-dhcp[2366508]: read /opt/stack/data/neutron/dhcp/1ed2e602-b283-4254-988d-4804ddd3c1eb/host
Oct 17 13:43:44.984730 podb-esxi207 dnsmasq-dhcp[2366508]: read /opt/stack/data/neutron/dhcp/1ed2e602-b283-4254-988d-4804ddd3c1eb/opts
Oct 17 13:43:47.137634 podb-esxi207 dnsmasq[2366508]: read /opt/stack/data/neutron/dhcp/1ed2e602-b283-4254-988d-4804ddd3c1eb/addn_hosts - 4 names
Oct 17 13:43:47.137792 podb-esxi207 dnsmasq-dhcp[2366508]: read /opt/stack/data/neutron/dhcp/1ed2e602-b283-4254-988d-4804ddd3c1eb/host
Oct 17 13:43:47.137908 podb-esxi207 dnsmasq-dhcp[2366508]: read /opt/stack/data/neutron/dhcp/1ed2e602-b283-4254-988d-4804ddd3c1eb/opts
Oct 17 13:43:56.882014 podb-esxi207 dnsmasq-dhcp[2352571]: DHCPRELEASE(tap011cd4e4-8e) 10.1.0.13 fa:16:3e:74:f0:e5
Oct 17 13:43:56.898630 podb-esxi207 dnsmasq-dhcp[2352571]: DHCPRELEASE(tap011cd4e4-8e) 10.1.0.13 fa:16:3e:74:f0:e5 unknown lease
Oct 17 13:43:57.722284 podb-esxi207 dnsmasq[2352571]: read /opt/stack/data/neutron/dhcp/970865d4-85ea-4c73-a6c1-43eecf0876e6/addn_hosts - 2 names
Oct 17 13:43:57.722371 podb-esxi207 dnsmasq-dhcp[2352571]: read /opt/stack/data/neutron/dhcp/970865d4-85ea-4c73-a6c1-43eecf0876e6/host
Oct 17 13:43:57.722478 podb-esxi207 dnsmasq-dhcp[2352571]: read /opt/stack/data/neutron/dhcp/970865d4-85ea-4c73-a6c1-43eecf0876e6/opts
Oct 17 13:44:01.563624 podb-esxi207 dnsmasq[2366508]: read /opt/stack/data/neutron/dhcp/1ed2e602-b283-4254-988d-4804ddd3c1eb/addn_hosts - 6 names
Oct 17 13:44:01.563664 podb-esxi207 dnsmasq-dhcp[2366508]: read /opt/stack/data/neutron/dhcp/1ed2e602-b283-4254-988d-4804ddd3c1eb/host
Oct 17 13:44:01.563690 podb-esxi207 dnsmasq-dhcp[2366508]: read /opt/stack/data/neutron/dhcp/1ed2e602-b283-4254-988d-4804ddd3c1eb/opts
Oct 17 13:44:03.053099 podb-esxi207 dnsmasq-dhcp[2352571]: DHCPRELEASE(tap011cd4e4-8e) 10.1.0.1 fa:16:3e:e2:2e:35
Oct 17 13:44:03.874964 podb-esxi207 dnsmasq[2352571]: read /opt/stack/data/neutron/dhcp/970865d4-85ea-4c73-a6c1-43eecf0876e6/addn_hosts - 0 names
Oct 17 13:44:03.875027 podb-esxi207 dnsmasq-dhcp[2352571]: read /opt/stack/data/neutron/dhcp/970865d4-85ea-4c73-a6c1-43eecf0876e6/host
Oct 17 13:44:03.875086 podb-esxi207 dnsmasq-dhcp[2352571]: read /opt/stack/data/neutron/dhcp/970865d4-85ea-4c73-a6c1-43eecf0876e6/opts
Oct 17 13:44:04.122006 podb-esxi207 dnsmasq[2352571]: exiting on receipt of SIGTERM
Oct 17 13:44:08.079541 podb-esxi207 dnsmasq[2367795]: started, version 2.90 cachesize 150
Oct 17 13:44:08.079563 podb-esxi207 dnsmasq[2367795]: DNS service limited to local subnets
Oct 17 13:44:08.079578 podb-esxi207 dnsmasq[2367795]: compile time options: IPv6 GNU-getopt DBus no-UBus i18n IDN2 DHCP DHCPv6 no-Lua TFTP conntrack ipset no-nftset auth cryptohash DNSSEC loop-detect inotify dumpfile
Oct 17 13:44:08.079616 podb-esxi207 dnsmasq-dhcp[2367795]: DHCP, static leases only on 10.1.0.0, lease time 1d
Oct 17 13:44:08.079770 podb-esxi207 dnsmasq[2367795]: reading /etc/resolv.conf
Oct 17 13:44:08.079787 podb-esxi207 dnsmasq[2367795]: using nameserver 127.0.0.53#53
Oct 17 13:44:08.079876 podb-esxi207 dnsmasq[2367795]: read /opt/stack/data/neutron/dhcp/a29b404c-6f10-4760-8b87-86dc2008be4f/addn_hosts - 0 names
Oct 17 13:44:08.079925 podb-esxi207 dnsmasq-dhcp[2367795]: read /opt/stack/data/neutron/dhcp/a29b404c-6f10-4760-8b87-86dc2008be4f/host
Oct 17 13:44:08.079981 podb-esxi207 dnsmasq-dhcp[2367795]: read /opt/stack/data/neutron/dhcp/a29b404c-6f10-4760-8b87-86dc2008be4f/opts
Oct 17 13:44:09.620201 podb-esxi207 dnsmasq[2367795]: read /opt/stack/data/neutron/dhcp/a29b404c-6f10-4760-8b87-86dc2008be4f/addn_hosts - 2 names
Oct 17 13:44:09.620300 podb-esxi207 dnsmasq-dhcp[2367795]: read /opt/stack/data/neutron/dhcp/a29b404c-6f10-4760-8b87-86dc2008be4f/host
Oct 17 13:44:09.620401 podb-esxi207 dnsmasq-dhcp[2367795]: read /opt/stack/data/neutron/dhcp/a29b404c-6f10-4760-8b87-86dc2008be4f/opts
Oct 17 13:44:10.798693 podb-esxi207 dnsmasq-dhcp[2366508]: DHCPDISCOVER(tap3f39b7b3-3a) fa:16:3e:52:e8:67
Oct 17 13:44:10.798717 podb-esxi207 dnsmasq-dhcp[2366508]: DHCPOFFER(tap3f39b7b3-3a) 10.1.0.11 fa:16:3e:52:e8:67
Oct 17 13:44:10.816155 podb-esxi207 dnsmasq-dhcp[2366508]: DHCPREQUEST(tap3f39b7b3-3a) 10.1.0.11 fa:16:3e:52:e8:67
Oct 17 13:44:10.816190 podb-esxi207 dnsmasq-dhcp[2366508]: DHCPACK(tap3f39b7b3-3a) 10.1.0.11 fa:16:3e:52:e8:67 host-10-1-0-11
Oct 17 13:44:10.846990 podb-esxi207 dnsmasq[2367795]: read /opt/stack/data/neutron/dhcp/a29b404c-6f10-4760-8b87-86dc2008be4f/addn_hosts - 2 names
Oct 17 13:44:10.847062 podb-esxi207 dnsmasq-dhcp[2367795]: read /opt/stack/data/neutron/dhcp/a29b404c-6f10-4760-8b87-86dc2008be4f/host
Oct 17 13:44:10.847133 podb-esxi207 dnsmasq-dhcp[2367795]: read /opt/stack/data/neutron/dhcp/a29b404c-6f10-4760-8b87-86dc2008be4f/opts
Oct 17 13:44:12.093440 podb-esxi207 dnsmasq[2367795]: read /opt/stack/data/neutron/dhcp/a29b404c-6f10-4760-8b87-86dc2008be4f/addn_hosts - 2 names
Oct 17 13:44:12.093550 podb-esxi207 dnsmasq-dhcp[2367795]: read /opt/stack/data/neutron/dhcp/a29b404c-6f10-4760-8b87-86dc2008be4f/host
Oct 17 13:44:12.093648 podb-esxi207 dnsmasq-dhcp[2367795]: read /opt/stack/data/neutron/dhcp/a29b404c-6f10-4760-8b87-86dc2008be4f/opts
Oct 17 13:44:13.339650 podb-esxi207 dnsmasq[2367795]: read /opt/stack/data/neutron/dhcp/a29b404c-6f10-4760-8b87-86dc2008be4f/addn_hosts - 4 names
Oct 17 13:44:13.339791 podb-esxi207 dnsmasq-dhcp[2367795]: read /opt/stack/data/neutron/dhcp/a29b404c-6f10-4760-8b87-86dc2008be4f/host
Oct 17 13:44:13.339908 podb-esxi207 dnsmasq-dhcp[2367795]: read /opt/stack/data/neutron/dhcp/a29b404c-6f10-4760-8b87-86dc2008be4f/opts
Oct 17 13:44:14.580789 podb-esxi207 dnsmasq[2366508]: read /opt/stack/data/neutron/dhcp/1ed2e602-b283-4254-988d-4804ddd3c1eb/addn_hosts - 4 names
Oct 17 13:44:14.580877 podb-esxi207 dnsmasq-dhcp[2366508]: read /opt/stack/data/neutron/dhcp/1ed2e602-b283-4254-988d-4804ddd3c1eb/host
Oct 17 13:44:14.580947 podb-esxi207 dnsmasq-dhcp[2366508]: read /opt/stack/data/neutron/dhcp/1ed2e602-b283-4254-988d-4804ddd3c1eb/opts
Oct 17 13:44:15.108124 podb-esxi207 dnsmasq-dhcp[2362753]: DHCPDISCOVER(tape384884e-05) fa:16:3e:b8:82:19
Oct 17 13:44:15.108150 podb-esxi207 dnsmasq-dhcp[2362753]: DHCPOFFER(tape384884e-05) 10.1.0.10 fa:16:3e:b8:82:19
Oct 17 13:44:15.286955 podb-esxi207 dnsmasq-dhcp[2362753]: DHCPREQUEST(tape384884e-05) 10.1.0.10 fa:16:3e:b8:82:19
Oct 17 13:44:15.286985 podb-esxi207 dnsmasq-dhcp[2362753]: DHCPACK(tape384884e-05) 10.1.0.10 fa:16:3e:b8:82:19 host-10-1-0-10
Oct 17 13:44:15.297363 podb-esxi207 dnsmasq-dhcp[2364923]: DHCPDISCOVER(tap39f1d22c-51) fa:16:3e:08:bd:a1
Oct 17 13:44:15.297376 podb-esxi207 dnsmasq-dhcp[2364923]: DHCPOFFER(tap39f1d22c-51) 10.1.1.178 fa:16:3e:08:bd:a1
Oct 17 13:44:15.335887 podb-esxi207 dnsmasq[2367795]: read /opt/stack/data/neutron/dhcp/a29b404c-6f10-4760-8b87-86dc2008be4f/addn_hosts - 6 names
Oct 17 13:44:15.335989 podb-esxi207 dnsmasq-dhcp[2367795]: read /opt/stack/data/neutron/dhcp/a29b404c-6f10-4760-8b87-86dc2008be4f/host
Oct 17 13:44:15.336097 podb-esxi207 dnsmasq-dhcp[2367795]: read /opt/stack/data/neutron/dhcp/a29b404c-6f10-4760-8b87-86dc2008be4f/opts
Oct 17 13:44:15.640889 podb-esxi207 dnsmasq-dhcp[2364923]: DHCPREQUEST(tap39f1d22c-51) 10.1.1.178 fa:16:3e:08:bd:a1
Oct 17 13:44:15.640923 podb-esxi207 dnsmasq-dhcp[2364923]: DHCPACK(tap39f1d22c-51) 10.1.1.178 fa:16:3e:08:bd:a1 host-10-1-1-178
Oct 17 13:44:16.275299 podb-esxi207 dnsmasq-dhcp[2364923]: DHCPDISCOVER(tap39f1d22c-51) fa:16:3e:13:ba:0e
Oct 17 13:44:16.275330 podb-esxi207 dnsmasq-dhcp[2364923]: DHCPOFFER(tap39f1d22c-51) 10.1.1.54 fa:16:3e:13:ba:0e
Oct 17 13:44:16.279720 podb-esxi207 dnsmasq-dhcp[2364923]: DHCPREQUEST(tap39f1d22c-51) 10.1.1.54 fa:16:3e:13:ba:0e
Oct 17 13:44:16.279756 podb-esxi207 dnsmasq-dhcp[2364923]: DHCPACK(tap39f1d22c-51) 10.1.1.54 fa:16:3e:13:ba:0e host-10-1-1-54
Oct 17 13:44:16.609188 podb-esxi207 dnsmasq-dhcp[2364923]: DHCPDISCOVER(tap39f1d22c-51) fa:16:3e:c8:58:59
Oct 17 13:44:16.609216 podb-esxi207 dnsmasq-dhcp[2364923]: DHCPOFFER(tap39f1d22c-51) 10.1.1.231 fa:16:3e:c8:58:59
Oct 17 13:44:16.613666 podb-esxi207 dnsmasq-dhcp[2364923]: DHCPREQUEST(tap39f1d22c-51) 10.1.1.231 fa:16:3e:c8:58:59
Oct 17 13:44:16.613700 podb-esxi207 dnsmasq-dhcp[2364923]: DHCPACK(tap39f1d22c-51) 10.1.1.231 fa:16:3e:c8:58:59 host-10-1-1-231
Oct 17 13:44:17.171883 podb-esxi207 dnsmasq-dhcp[2364972]: DHCPDISCOVER(tap1517bf36-85) fa:16:3e:89:74:08
Oct 17 13:44:17.171912 podb-esxi207 dnsmasq-dhcp[2364972]: DHCPOFFER(tap1517bf36-85) 10.2.2.100 fa:16:3e:89:74:08
Oct 17 13:44:17.180538 podb-esxi207 dnsmasq-dhcp[2364972]: DHCPREQUEST(tap1517bf36-85) 10.2.2.100 fa:16:3e:89:74:08
Oct 17 13:44:17.180568 podb-esxi207 dnsmasq-dhcp[2364972]: DHCPACK(tap1517bf36-85) 10.2.2.100 fa:16:3e:89:74:08 host-10-2-2-100
Oct 17 13:44:17.319730 podb-esxi207 dnsmasq-dhcp[2364923]: DHCPDISCOVER(tap39f1d22c-51) fa:16:3e:b2:b4:9b
Oct 17 13:44:17.319756 podb-esxi207 dnsmasq-dhcp[2364923]: DHCPOFFER(tap39f1d22c-51) 10.1.1.48 fa:16:3e:b2:b4:9b
Oct 17 13:44:17.326420 podb-esxi207 dnsmasq-dhcp[2364923]: DHCPREQUEST(tap39f1d22c-51) 10.1.1.48 fa:16:3e:b2:b4:9b
Oct 17 13:44:17.326451 podb-esxi207 dnsmasq-dhcp[2364923]: DHCPACK(tap39f1d22c-51) 10.1.1.48 fa:16:3e:b2:b4:9b host-10-1-1-48
Oct 17 13:44:17.538382 podb-esxi207 dnsmasq-dhcp[2364972]: DHCPDISCOVER(tap1517bf36-85) fa:16:3e:aa:75:dd
Oct 17 13:44:17.538407 podb-esxi207 dnsmasq-dhcp[2364972]: DHCPOFFER(tap1517bf36-85) 10.2.2.200 fa:16:3e:aa:75:dd
Oct 17 13:44:17.544577 podb-esxi207 dnsmasq-dhcp[2364972]: DHCPREQUEST(tap1517bf36-85) 10.2.2.200 fa:16:3e:aa:75:dd
Oct 17 13:44:17.544607 podb-esxi207 dnsmasq-dhcp[2364972]: DHCPACK(tap1517bf36-85) 10.2.2.200 fa:16:3e:aa:75:dd host-10-2-2-200
Oct 17 13:44:19.655393 podb-esxi207 dnsmasq-dhcp[2362171]: DHCPRELEASE(tap4946535f-e8) 10.1.0.10 fa:16:3e:32:35:f5
Oct 17 13:44:19.670723 podb-esxi207 dnsmasq-dhcp[2362171]: DHCPRELEASE(tap4946535f-e8) 10.1.0.10 fa:16:3e:32:35:f5 unknown lease
Oct 17 13:44:20.493621 podb-esxi207 dnsmasq[2362171]: read /opt/stack/data/neutron/dhcp/c090d709-68e7-444d-8005-8a3d3f5974a6/addn_hosts - 2 names
Oct 17 13:44:20.493727 podb-esxi207 dnsmasq-dhcp[2362171]: read /opt/stack/data/neutron/dhcp/c090d709-68e7-444d-8005-8a3d3f5974a6/host
Oct 17 13:44:20.493830 podb-esxi207 dnsmasq-dhcp[2362171]: read /opt/stack/data/neutron/dhcp/c090d709-68e7-444d-8005-8a3d3f5974a6/opts
Oct 17 13:44:31.583722 podb-esxi207 dnsmasq-dhcp[2364972]: DHCPRELEASE(tap1517bf36-85) 10.2.2.200 fa:16:3e:aa:75:dd
Oct 17 13:44:31.597504 podb-esxi207 dnsmasq-dhcp[2364972]: DHCPRELEASE(tap1517bf36-85) 10.2.2.200 fa:16:3e:aa:75:dd unknown lease
Oct 17 13:44:32.419243 podb-esxi207 dnsmasq[2364972]: read /opt/stack/data/neutron/dhcp/3b9b6b31-8515-4eae-b8b3-c242151677a7/addn_hosts - 2 names
Oct 17 13:44:32.419335 podb-esxi207 dnsmasq-dhcp[2364972]: read /opt/stack/data/neutron/dhcp/3b9b6b31-8515-4eae-b8b3-c242151677a7/host
Oct 17 13:44:32.419393 podb-esxi207 dnsmasq-dhcp[2364972]: read /opt/stack/data/neutron/dhcp/3b9b6b31-8515-4eae-b8b3-c242151677a7/opts
Oct 17 13:44:32.644578 podb-esxi207 dnsmasq-dhcp[2364923]: DHCPRELEASE(tap39f1d22c-51) 10.1.1.231 fa:16:3e:c8:58:59
Oct 17 13:44:32.660987 podb-esxi207 dnsmasq-dhcp[2364923]: DHCPRELEASE(tap39f1d22c-51) 10.1.1.231 fa:16:3e:c8:58:59 unknown lease
Oct 17 13:44:33.483832 podb-esxi207 dnsmasq[2364923]: read /opt/stack/data/neutron/dhcp/b3b2f66a-d847-4a9e-8513-4b09eeed1548/addn_hosts - 6 names
Oct 17 13:44:33.483921 podb-esxi207 dnsmasq-dhcp[2364923]: read /opt/stack/data/neutron/dhcp/b3b2f66a-d847-4a9e-8513-4b09eeed1548/host
Oct 17 13:44:33.483996 podb-esxi207 dnsmasq-dhcp[2364923]: read /opt/stack/data/neutron/dhcp/b3b2f66a-d847-4a9e-8513-4b09eeed1548/opts
Oct 17 13:44:33.710119 podb-esxi207 dnsmasq-dhcp[2362753]: DHCPRELEASE(tape384884e-05) 10.1.0.10 fa:16:3e:b8:82:19
Oct 17 13:44:33.726961 podb-esxi207 dnsmasq-dhcp[2362753]: DHCPRELEASE(tape384884e-05) 10.1.0.10 fa:16:3e:b8:82:19 unknown lease
Oct 17 13:44:34.549704 podb-esxi207 dnsmasq[2362753]: read /opt/stack/data/neutron/dhcp/4f22f9b0-6062-4062-905a-570f2c6603d8/addn_hosts - 2 names
Oct 17 13:44:34.549797 podb-esxi207 dnsmasq-dhcp[2362753]: read /opt/stack/data/neutron/dhcp/4f22f9b0-6062-4062-905a-570f2c6603d8/host
