Oct 17 12:08:28.871792 podb-esxi207 systemd[1]: Started Devstack devstack@q-dhcp.service.
Oct 17 12:08:29.294230 podb-esxi207 neutron-dhcp-agent[2250666]: This program is using eventlet and has been monkey_patched
Oct 17 12:08:46.124890 podb-esxi207 sudo[2252450]:    stack : PWD=/ ; USER=root ; COMMAND=/opt/stack/data/venv/bin/neutron-rootwrap /etc/neutron/rootwrap.conf privsep-helper --config-file /etc/neutron/neutron.conf --config-file /etc/neutron/dhcp_agent.ini --privsep_context neutron.privileged.default --privsep_sock_path /tmp/tmpykwuieqb/privsep.sock
Oct 17 12:08:46.125809 podb-esxi207 sudo[2252450]: pam_unix(sudo:session): session opened for user root(uid=0) by (uid=1001)
Oct 17 12:08:46.898551 podb-esxi207 sudo[2252450]: pam_unix(sudo:session): session closed for user root
Oct 17 12:08:47.948996 podb-esxi207 sudo[2252492]:    stack : PWD=/ ; USER=root ; COMMAND=/opt/stack/data/venv/bin/neutron-rootwrap /etc/neutron/rootwrap.conf privsep-helper --config-file /etc/neutron/neutron.conf --config-file /etc/neutron/dhcp_agent.ini --privsep_context neutron.privileged.namespace_cmd --privsep_sock_path /tmp/tmp7mp1j5pp/privsep.sock
Oct 17 12:08:47.949888 podb-esxi207 sudo[2252492]: pam_unix(sudo:session): session opened for user root(uid=0) by (uid=1001)
Oct 17 12:08:48.712110 podb-esxi207 sudo[2252492]: pam_unix(sudo:session): session closed for user root
Oct 17 12:08:49.810216 podb-esxi207 sudo[2252538]:    stack : PWD=/ ; USER=root ; COMMAND=/opt/stack/data/venv/bin/neutron-rootwrap /etc/neutron/rootwrap.conf privsep-helper --config-file /etc/neutron/neutron.conf --config-file /etc/neutron/dhcp_agent.ini --privsep_context neutron.privileged.link_cmd --privsep_sock_path /tmp/tmp926wsyzn/privsep.sock
Oct 17 12:08:49.811332 podb-esxi207 sudo[2252538]: pam_unix(sudo:session): session opened for user root(uid=0) by (uid=1001)
Oct 17 12:08:50.593055 podb-esxi207 sudo[2252538]: pam_unix(sudo:session): session closed for user root
Oct 17 12:08:53.191268 podb-esxi207 sudo[2252683]:    stack : PWD=/ ; USER=root ; COMMAND=/opt/stack/data/venv/bin/neutron-rootwrap-daemon /etc/neutron/rootwrap.conf
Oct 17 12:08:53.192290 podb-esxi207 sudo[2252683]: pam_unix(sudo:session): session opened for user root(uid=0) by (uid=1001)
Oct 17 12:08:53.480091 podb-esxi207 dnsmasq[2252695]: started, version 2.90 cachesize 150
Oct 17 12:08:53.480116 podb-esxi207 dnsmasq[2252695]: DNS service limited to local subnets
Oct 17 12:08:53.480132 podb-esxi207 dnsmasq[2252695]: compile time options: IPv6 GNU-getopt DBus no-UBus i18n IDN2 DHCP DHCPv6 no-Lua TFTP conntrack ipset no-nftset auth cryptohash DNSSEC loop-detect inotify dumpfile
Oct 17 12:08:53.480186 podb-esxi207 dnsmasq-dhcp[2252695]: DHCP, static leases only on 10.1.0.0, lease time 1d
Oct 17 12:08:53.480348 podb-esxi207 dnsmasq[2252695]: reading /etc/resolv.conf
Oct 17 12:08:53.480365 podb-esxi207 dnsmasq[2252695]: using nameserver 127.0.0.53#53
Oct 17 12:08:53.480457 podb-esxi207 dnsmasq[2252695]: read /opt/stack/data/neutron/dhcp/b9b0a0a7-f065-451b-8c73-3fbf8a26b6cb/addn_hosts - 0 names
Oct 17 12:08:53.480509 podb-esxi207 dnsmasq-dhcp[2252695]: read /opt/stack/data/neutron/dhcp/b9b0a0a7-f065-451b-8c73-3fbf8a26b6cb/host
Oct 17 12:08:53.480568 podb-esxi207 dnsmasq-dhcp[2252695]: read /opt/stack/data/neutron/dhcp/b9b0a0a7-f065-451b-8c73-3fbf8a26b6cb/opts
Oct 17 12:08:55.025464 podb-esxi207 dnsmasq[2252695]: read /opt/stack/data/neutron/dhcp/b9b0a0a7-f065-451b-8c73-3fbf8a26b6cb/addn_hosts - 0 names
Oct 17 12:08:55.025531 podb-esxi207 dnsmasq-dhcp[2252695]: read /opt/stack/data/neutron/dhcp/b9b0a0a7-f065-451b-8c73-3fbf8a26b6cb/host
Oct 17 12:08:55.025627 podb-esxi207 dnsmasq-dhcp[2252695]: read /opt/stack/data/neutron/dhcp/b9b0a0a7-f065-451b-8c73-3fbf8a26b6cb/opts
Oct 17 12:08:57.485694 podb-esxi207 dnsmasq[2252695]: read /opt/stack/data/neutron/dhcp/b9b0a0a7-f065-451b-8c73-3fbf8a26b6cb/addn_hosts - 2 names
Oct 17 12:08:57.485806 podb-esxi207 dnsmasq-dhcp[2252695]: read /opt/stack/data/neutron/dhcp/b9b0a0a7-f065-451b-8c73-3fbf8a26b6cb/host
Oct 17 12:08:57.485898 podb-esxi207 dnsmasq-dhcp[2252695]: read /opt/stack/data/neutron/dhcp/b9b0a0a7-f065-451b-8c73-3fbf8a26b6cb/opts
Oct 17 12:08:58.737833 podb-esxi207 dnsmasq[2252695]: read /opt/stack/data/neutron/dhcp/b9b0a0a7-f065-451b-8c73-3fbf8a26b6cb/addn_hosts - 2 names
Oct 17 12:08:58.737912 podb-esxi207 dnsmasq-dhcp[2252695]: read /opt/stack/data/neutron/dhcp/b9b0a0a7-f065-451b-8c73-3fbf8a26b6cb/host
Oct 17 12:08:58.737985 podb-esxi207 dnsmasq-dhcp[2252695]: read /opt/stack/data/neutron/dhcp/b9b0a0a7-f065-451b-8c73-3fbf8a26b6cb/opts
Oct 17 12:10:49.806183 podb-esxi207 dnsmasq[2265382]: started, version 2.90 cachesize 150
Oct 17 12:10:49.806210 podb-esxi207 dnsmasq[2265382]: DNS service limited to local subnets
Oct 17 12:10:49.806225 podb-esxi207 dnsmasq[2265382]: compile time options: IPv6 GNU-getopt DBus no-UBus i18n IDN2 DHCP DHCPv6 no-Lua TFTP conntrack ipset no-nftset auth cryptohash DNSSEC loop-detect inotify dumpfile
Oct 17 12:10:49.806278 podb-esxi207 dnsmasq-dhcp[2265382]: DHCP, static leases only on 192.168.233.0, lease time 1d
Oct 17 12:10:49.806446 podb-esxi207 dnsmasq[2265382]: reading /etc/resolv.conf
Oct 17 12:10:49.806463 podb-esxi207 dnsmasq[2265382]: using nameserver 127.0.0.53#53
Oct 17 12:10:49.806557 podb-esxi207 dnsmasq[2265382]: read /opt/stack/data/neutron/dhcp/2c3f8a65-0183-43e5-9a4c-90e343ed5925/addn_hosts - 0 names
Oct 17 12:10:49.806609 podb-esxi207 dnsmasq-dhcp[2265382]: read /opt/stack/data/neutron/dhcp/2c3f8a65-0183-43e5-9a4c-90e343ed5925/host
Oct 17 12:10:49.806668 podb-esxi207 dnsmasq-dhcp[2265382]: read /opt/stack/data/neutron/dhcp/2c3f8a65-0183-43e5-9a4c-90e343ed5925/opts
Oct 17 12:10:51.349464 podb-esxi207 dnsmasq[2265382]: read /opt/stack/data/neutron/dhcp/2c3f8a65-0183-43e5-9a4c-90e343ed5925/addn_hosts - 0 names
Oct 17 12:10:51.349490 podb-esxi207 dnsmasq-dhcp[2265382]: read /opt/stack/data/neutron/dhcp/2c3f8a65-0183-43e5-9a4c-90e343ed5925/host
Oct 17 12:10:51.349512 podb-esxi207 dnsmasq-dhcp[2265382]: read /opt/stack/data/neutron/dhcp/2c3f8a65-0183-43e5-9a4c-90e343ed5925/opts
Oct 17 12:17:30.928023 podb-esxi207 dnsmasq[2271860]: started, version 2.90 cachesize 150
Oct 17 12:17:30.928053 podb-esxi207 dnsmasq[2271860]: DNS service limited to local subnets
Oct 17 12:17:30.928068 podb-esxi207 dnsmasq[2271860]: compile time options: IPv6 GNU-getopt DBus no-UBus i18n IDN2 DHCP DHCPv6 no-Lua TFTP conntrack ipset no-nftset auth cryptohash DNSSEC loop-detect inotify dumpfile
Oct 17 12:17:30.928110 podb-esxi207 dnsmasq-dhcp[2271860]: DHCP, static leases only on 10.1.0.0, lease time 1d
Oct 17 12:17:30.928775 podb-esxi207 dnsmasq[2271860]: reading /etc/resolv.conf
Oct 17 12:17:30.928791 podb-esxi207 dnsmasq[2271860]: using nameserver 127.0.0.53#53
Oct 17 12:17:30.928878 podb-esxi207 dnsmasq[2271860]: read /opt/stack/data/neutron/dhcp/55fac067-7096-4106-a28f-2c4a192eb3bf/addn_hosts - 0 names
Oct 17 12:17:30.928928 podb-esxi207 dnsmasq-dhcp[2271860]: read /opt/stack/data/neutron/dhcp/55fac067-7096-4106-a28f-2c4a192eb3bf/host
Oct 17 12:17:30.928994 podb-esxi207 dnsmasq-dhcp[2271860]: read /opt/stack/data/neutron/dhcp/55fac067-7096-4106-a28f-2c4a192eb3bf/opts
Oct 17 12:17:33.825620 podb-esxi207 dnsmasq[2272399]: started, version 2.90 cachesize 150
Oct 17 12:17:33.825643 podb-esxi207 dnsmasq[2272399]: DNS service limited to local subnets
Oct 17 12:17:33.825660 podb-esxi207 dnsmasq[2272399]: compile time options: IPv6 GNU-getopt DBus no-UBus i18n IDN2 DHCP DHCPv6 no-Lua TFTP conntrack ipset no-nftset auth cryptohash DNSSEC loop-detect inotify dumpfile
Oct 17 12:17:33.825695 podb-esxi207 dnsmasq-dhcp[2272399]: DHCP, static leases only on 10.1.0.0, lease time 1d
Oct 17 12:17:33.825850 podb-esxi207 dnsmasq[2272399]: reading /etc/resolv.conf
Oct 17 12:17:33.825867 podb-esxi207 dnsmasq[2272399]: using nameserver 127.0.0.53#53
Oct 17 12:17:33.825986 podb-esxi207 dnsmasq[2272399]: read /opt/stack/data/neutron/dhcp/3f032a10-0fc6-40f8-9d25-aea94d6b81cd/addn_hosts - 2 names
Oct 17 12:17:33.826042 podb-esxi207 dnsmasq-dhcp[2272399]: read /opt/stack/data/neutron/dhcp/3f032a10-0fc6-40f8-9d25-aea94d6b81cd/host
Oct 17 12:17:33.826120 podb-esxi207 dnsmasq-dhcp[2272399]: read /opt/stack/data/neutron/dhcp/3f032a10-0fc6-40f8-9d25-aea94d6b81cd/opts
Oct 17 12:17:37.660737 podb-esxi207 dnsmasq[2272948]: started, version 2.90 cachesize 150
Oct 17 12:17:37.660762 podb-esxi207 dnsmasq[2272948]: DNS service limited to local subnets
Oct 17 12:17:37.660777 podb-esxi207 dnsmasq[2272948]: compile time options: IPv6 GNU-getopt DBus no-UBus i18n IDN2 DHCP DHCPv6 no-Lua TFTP conntrack ipset no-nftset auth cryptohash DNSSEC loop-detect inotify dumpfile
Oct 17 12:17:37.660818 podb-esxi207 dnsmasq-dhcp[2272948]: DHCP, static leases only on 10.1.0.0, lease time 1d
Oct 17 12:17:37.661810 podb-esxi207 dnsmasq[2272948]: reading /etc/resolv.conf
Oct 17 12:17:37.661830 podb-esxi207 dnsmasq[2272948]: using nameserver 127.0.0.53#53
Oct 17 12:17:37.661962 podb-esxi207 dnsmasq[2272948]: read /opt/stack/data/neutron/dhcp/e23958bf-81f3-42ae-8232-99c7ad36159f/addn_hosts - 2 names
Oct 17 12:17:37.662028 podb-esxi207 dnsmasq-dhcp[2272948]: read /opt/stack/data/neutron/dhcp/e23958bf-81f3-42ae-8232-99c7ad36159f/host
Oct 17 12:17:37.662098 podb-esxi207 dnsmasq-dhcp[2272948]: read /opt/stack/data/neutron/dhcp/e23958bf-81f3-42ae-8232-99c7ad36159f/opts
Oct 17 12:17:40.317207 podb-esxi207 dnsmasq[2273554]: started, version 2.90 cachesize 150
Oct 17 12:17:40.317237 podb-esxi207 dnsmasq[2273554]: DNS service limited to local subnets
Oct 17 12:17:40.317253 podb-esxi207 dnsmasq[2273554]: compile time options: IPv6 GNU-getopt DBus no-UBus i18n IDN2 DHCP DHCPv6 no-Lua TFTP conntrack ipset no-nftset auth cryptohash DNSSEC loop-detect inotify dumpfile
Oct 17 12:17:40.317290 podb-esxi207 dnsmasq-dhcp[2273554]: DHCP, static leases only on 10.1.0.0, lease time 1d
Oct 17 12:17:40.317679 podb-esxi207 dnsmasq[2273554]: reading /etc/resolv.conf
Oct 17 12:17:40.317696 podb-esxi207 dnsmasq[2273554]: using nameserver 127.0.0.53#53
Oct 17 12:17:40.317811 podb-esxi207 dnsmasq[2273554]: read /opt/stack/data/neutron/dhcp/f0407ea3-f791-4224-a3b9-6eae017e59af/addn_hosts - 2 names
Oct 17 12:17:40.317869 podb-esxi207 dnsmasq-dhcp[2273554]: read /opt/stack/data/neutron/dhcp/f0407ea3-f791-4224-a3b9-6eae017e59af/host
Oct 17 12:17:40.317946 podb-esxi207 dnsmasq-dhcp[2273554]: read /opt/stack/data/neutron/dhcp/f0407ea3-f791-4224-a3b9-6eae017e59af/opts
Oct 17 12:17:41.364576 podb-esxi207 dnsmasq[2271860]: read /opt/stack/data/neutron/dhcp/55fac067-7096-4106-a28f-2c4a192eb3bf/addn_hosts - 2 names
Oct 17 12:17:41.364716 podb-esxi207 dnsmasq-dhcp[2271860]: read /opt/stack/data/neutron/dhcp/55fac067-7096-4106-a28f-2c4a192eb3bf/host
Oct 17 12:17:41.364818 podb-esxi207 dnsmasq-dhcp[2271860]: read /opt/stack/data/neutron/dhcp/55fac067-7096-4106-a28f-2c4a192eb3bf/opts
Oct 17 12:17:44.337555 podb-esxi207 dnsmasq[2274027]: started, version 2.90 cachesize 150
Oct 17 12:17:44.337579 podb-esxi207 dnsmasq[2274027]: DNS service limited to local subnets
Oct 17 12:17:44.337594 podb-esxi207 dnsmasq[2274027]: compile time options: IPv6 GNU-getopt DBus no-UBus i18n IDN2 DHCP DHCPv6 no-Lua TFTP conntrack ipset no-nftset auth cryptohash DNSSEC loop-detect inotify dumpfile
Oct 17 12:17:44.337629 podb-esxi207 dnsmasq-dhcp[2274027]: DHCP, static leases only on 10.1.0.0, lease time 1d
Oct 17 12:17:44.337779 podb-esxi207 dnsmasq[2274027]: reading /etc/resolv.conf
Oct 17 12:17:44.337795 podb-esxi207 dnsmasq[2274027]: using nameserver 127.0.0.53#53
Oct 17 12:17:44.337914 podb-esxi207 dnsmasq[2274027]: read /opt/stack/data/neutron/dhcp/fd6ec59a-b3a7-4660-912e-5ee84d9253bc/addn_hosts - 2 names
Oct 17 12:17:44.337980 podb-esxi207 dnsmasq-dhcp[2274027]: read /opt/stack/data/neutron/dhcp/fd6ec59a-b3a7-4660-912e-5ee84d9253bc/host
Oct 17 12:17:44.338045 podb-esxi207 dnsmasq-dhcp[2274027]: read /opt/stack/data/neutron/dhcp/fd6ec59a-b3a7-4660-912e-5ee84d9253bc/opts
Oct 17 12:17:46.977814 podb-esxi207 dnsmasq[2274172]: started, version 2.90 cachesize 150
Oct 17 12:17:46.977838 podb-esxi207 dnsmasq[2274172]: DNS service limited to local subnets
Oct 17 12:17:46.977852 podb-esxi207 dnsmasq[2274172]: compile time options: IPv6 GNU-getopt DBus no-UBus i18n IDN2 DHCP DHCPv6 no-Lua TFTP conntrack ipset no-nftset auth cryptohash DNSSEC loop-detect inotify dumpfile
Oct 17 12:17:46.977894 podb-esxi207 dnsmasq-dhcp[2274172]: DHCP, static leases only on 10.1.0.0, lease time 1d
Oct 17 12:17:46.978054 podb-esxi207 dnsmasq[2274172]: reading /etc/resolv.conf
Oct 17 12:17:46.978071 podb-esxi207 dnsmasq[2274172]: using nameserver 127.0.0.53#53
Oct 17 12:17:46.978188 podb-esxi207 dnsmasq[2274172]: read /opt/stack/data/neutron/dhcp/a7f2b7ac-0668-4955-91c2-ff2196e4d94c/addn_hosts - 2 names
Oct 17 12:17:46.978252 podb-esxi207 dnsmasq-dhcp[2274172]: read /opt/stack/data/neutron/dhcp/a7f2b7ac-0668-4955-91c2-ff2196e4d94c/host
Oct 17 12:17:46.978317 podb-esxi207 dnsmasq-dhcp[2274172]: read /opt/stack/data/neutron/dhcp/a7f2b7ac-0668-4955-91c2-ff2196e4d94c/opts
Oct 17 12:17:49.609795 podb-esxi207 dnsmasq[2274330]: started, version 2.90 cachesize 150
Oct 17 12:17:49.609820 podb-esxi207 dnsmasq[2274330]: DNS service limited to local subnets
Oct 17 12:17:49.609836 podb-esxi207 dnsmasq[2274330]: compile time options: IPv6 GNU-getopt DBus no-UBus i18n IDN2 DHCP DHCPv6 no-Lua TFTP conntrack ipset no-nftset auth cryptohash DNSSEC loop-detect inotify dumpfile
Oct 17 12:17:49.609872 podb-esxi207 dnsmasq-dhcp[2274330]: DHCP, static leases only on 10.1.0.0, lease time 1d
Oct 17 12:17:49.610031 podb-esxi207 dnsmasq[2274330]: reading /etc/resolv.conf
Oct 17 12:17:49.610047 podb-esxi207 dnsmasq[2274330]: using nameserver 127.0.0.53#53
Oct 17 12:17:49.610161 podb-esxi207 dnsmasq[2274330]: read /opt/stack/data/neutron/dhcp/081d46a5-6b81-46ff-97dc-3a02621d451c/addn_hosts - 2 names
Oct 17 12:17:49.610233 podb-esxi207 dnsmasq-dhcp[2274330]: read /opt/stack/data/neutron/dhcp/081d46a5-6b81-46ff-97dc-3a02621d451c/host
Oct 17 12:17:49.610298 podb-esxi207 dnsmasq-dhcp[2274330]: read /opt/stack/data/neutron/dhcp/081d46a5-6b81-46ff-97dc-3a02621d451c/opts
Oct 17 12:17:50.652544 podb-esxi207 dnsmasq[2272399]: read /opt/stack/data/neutron/dhcp/3f032a10-0fc6-40f8-9d25-aea94d6b81cd/addn_hosts - 2 names
Oct 17 12:17:50.652630 podb-esxi207 dnsmasq-dhcp[2272399]: read /opt/stack/data/neutron/dhcp/3f032a10-0fc6-40f8-9d25-aea94d6b81cd/host
Oct 17 12:17:50.652765 podb-esxi207 dnsmasq-dhcp[2272399]: read /opt/stack/data/neutron/dhcp/3f032a10-0fc6-40f8-9d25-aea94d6b81cd/opts
Oct 17 12:17:52.893762 podb-esxi207 dnsmasq[2272948]: read /opt/stack/data/neutron/dhcp/e23958bf-81f3-42ae-8232-99c7ad36159f/addn_hosts - 6 names
Oct 17 12:17:52.893891 podb-esxi207 dnsmasq-dhcp[2272948]: read /opt/stack/data/neutron/dhcp/e23958bf-81f3-42ae-8232-99c7ad36159f/host
Oct 17 12:17:52.893996 podb-esxi207 dnsmasq-dhcp[2272948]: read /opt/stack/data/neutron/dhcp/e23958bf-81f3-42ae-8232-99c7ad36159f/opts
Oct 17 12:17:54.122897 podb-esxi207 dnsmasq[2273554]: read /opt/stack/data/neutron/dhcp/f0407ea3-f791-4224-a3b9-6eae017e59af/addn_hosts - 4 names
Oct 17 12:17:54.123010 podb-esxi207 dnsmasq-dhcp[2273554]: read /opt/stack/data/neutron/dhcp/f0407ea3-f791-4224-a3b9-6eae017e59af/host
Oct 17 12:17:54.123114 podb-esxi207 dnsmasq-dhcp[2273554]: read /opt/stack/data/neutron/dhcp/f0407ea3-f791-4224-a3b9-6eae017e59af/opts
Oct 17 12:17:54.854407 podb-esxi207 dnsmasq[2271860]: read /opt/stack/data/neutron/dhcp/55fac067-7096-4106-a28f-2c4a192eb3bf/addn_hosts - 2 names
Oct 17 12:17:54.854479 podb-esxi207 dnsmasq-dhcp[2271860]: read /opt/stack/data/neutron/dhcp/55fac067-7096-4106-a28f-2c4a192eb3bf/host
Oct 17 12:17:54.854547 podb-esxi207 dnsmasq-dhcp[2271860]: read /opt/stack/data/neutron/dhcp/55fac067-7096-4106-a28f-2c4a192eb3bf/opts
Oct 17 12:17:56.084592 podb-esxi207 dnsmasq[2274027]: read /opt/stack/data/neutron/dhcp/fd6ec59a-b3a7-4660-912e-5ee84d9253bc/addn_hosts - 2 names
Oct 17 12:17:56.084686 podb-esxi207 dnsmasq-dhcp[2274027]: read /opt/stack/data/neutron/dhcp/fd6ec59a-b3a7-4660-912e-5ee84d9253bc/host
Oct 17 12:17:56.084778 podb-esxi207 dnsmasq-dhcp[2274027]: read /opt/stack/data/neutron/dhcp/fd6ec59a-b3a7-4660-912e-5ee84d9253bc/opts
Oct 17 12:17:57.324856 podb-esxi207 dnsmasq[2274172]: read /opt/stack/data/neutron/dhcp/a7f2b7ac-0668-4955-91c2-ff2196e4d94c/addn_hosts - 2 names
Oct 17 12:17:57.324940 podb-esxi207 dnsmasq-dhcp[2274172]: read /opt/stack/data/neutron/dhcp/a7f2b7ac-0668-4955-91c2-ff2196e4d94c/host
Oct 17 12:17:57.325033 podb-esxi207 dnsmasq-dhcp[2274172]: read /opt/stack/data/neutron/dhcp/a7f2b7ac-0668-4955-91c2-ff2196e4d94c/opts
Oct 17 12:18:00.065903 podb-esxi207 dnsmasq[2274815]: started, version 2.90 cachesize 150
Oct 17 12:18:00.065926 podb-esxi207 dnsmasq[2274815]: DNS service limited to local subnets
Oct 17 12:18:00.065940 podb-esxi207 dnsmasq[2274815]: compile time options: IPv6 GNU-getopt DBus no-UBus i18n IDN2 DHCP DHCPv6 no-Lua TFTP conntrack ipset no-nftset auth cryptohash DNSSEC loop-detect inotify dumpfile
Oct 17 12:18:00.065974 podb-esxi207 dnsmasq-dhcp[2274815]: DHCP, static leases only on 10.1.0.0, lease time 1d
Oct 17 12:18:00.066116 podb-esxi207 dnsmasq[2274815]: reading /etc/resolv.conf
Oct 17 12:18:00.066132 podb-esxi207 dnsmasq[2274815]: using nameserver 127.0.0.53#53
Oct 17 12:18:00.066239 podb-esxi207 dnsmasq[2274815]: read /opt/stack/data/neutron/dhcp/ee4c3aba-0896-4e41-bbe4-50727dfab31b/addn_hosts - 2 names
Oct 17 12:18:00.066291 podb-esxi207 dnsmasq-dhcp[2274815]: read /opt/stack/data/neutron/dhcp/ee4c3aba-0896-4e41-bbe4-50727dfab31b/host
Oct 17 12:18:00.066363 podb-esxi207 dnsmasq-dhcp[2274815]: read /opt/stack/data/neutron/dhcp/ee4c3aba-0896-4e41-bbe4-50727dfab31b/opts
Oct 17 12:18:02.612695 podb-esxi207 dnsmasq[2274918]: started, version 2.90 cachesize 150
Oct 17 12:18:02.612719 podb-esxi207 dnsmasq[2274918]: DNS service limited to local subnets
Oct 17 12:18:02.612733 podb-esxi207 dnsmasq[2274918]: compile time options: IPv6 GNU-getopt DBus no-UBus i18n IDN2 DHCP DHCPv6 no-Lua TFTP conntrack ipset no-nftset auth cryptohash DNSSEC loop-detect inotify dumpfile
Oct 17 12:18:02.612777 podb-esxi207 dnsmasq-dhcp[2274918]: DHCP, static leases only on 10.1.0.0, lease time 1d
Oct 17 12:18:02.612923 podb-esxi207 dnsmasq[2274918]: reading /etc/resolv.conf
Oct 17 12:18:02.612939 podb-esxi207 dnsmasq[2274918]: using nameserver 127.0.0.53#53
Oct 17 12:18:02.613046 podb-esxi207 dnsmasq[2274918]: read /opt/stack/data/neutron/dhcp/dedc15eb-3a86-48df-bbd7-c7a9e8d76d71/addn_hosts - 2 names
Oct 17 12:18:02.613107 podb-esxi207 dnsmasq-dhcp[2274918]: read /opt/stack/data/neutron/dhcp/dedc15eb-3a86-48df-bbd7-c7a9e8d76d71/host
Oct 17 12:18:02.613171 podb-esxi207 dnsmasq-dhcp[2274918]: read /opt/stack/data/neutron/dhcp/dedc15eb-3a86-48df-bbd7-c7a9e8d76d71/opts
Oct 17 12:18:03.144925 podb-esxi207 dnsmasq[2272399]: read /opt/stack/data/neutron/dhcp/3f032a10-0fc6-40f8-9d25-aea94d6b81cd/addn_hosts - 2 names
Oct 17 12:18:03.145061 podb-esxi207 dnsmasq-dhcp[2272399]: read /opt/stack/data/neutron/dhcp/3f032a10-0fc6-40f8-9d25-aea94d6b81cd/host
Oct 17 12:18:03.145202 podb-esxi207 dnsmasq-dhcp[2272399]: read /opt/stack/data/neutron/dhcp/3f032a10-0fc6-40f8-9d25-aea94d6b81cd/opts
Oct 17 12:18:03.924414 podb-esxi207 dnsmasq-dhcp[2272948]: DHCPDISCOVER(tap195ea04f-a6) fa:16:3e:08:fb:a7
Oct 17 12:18:03.924442 podb-esxi207 dnsmasq-dhcp[2272948]: DHCPOFFER(tap195ea04f-a6) 10.1.0.11 fa:16:3e:08:fb:a7
Oct 17 12:18:03.933016 podb-esxi207 dnsmasq-dhcp[2272948]: DHCPREQUEST(tap195ea04f-a6) 10.1.0.11 fa:16:3e:08:fb:a7
Oct 17 12:18:03.933044 podb-esxi207 dnsmasq-dhcp[2272948]: DHCPACK(tap195ea04f-a6) 10.1.0.11 fa:16:3e:08:fb:a7 host-10-1-0-11
Oct 17 12:18:04.874393 podb-esxi207 dnsmasq[2272948]: read /opt/stack/data/neutron/dhcp/e23958bf-81f3-42ae-8232-99c7ad36159f/addn_hosts - 6 names
Oct 17 12:18:04.874487 podb-esxi207 dnsmasq-dhcp[2272948]: read /opt/stack/data/neutron/dhcp/e23958bf-81f3-42ae-8232-99c7ad36159f/host
Oct 17 12:18:04.874580 podb-esxi207 dnsmasq-dhcp[2272948]: read /opt/stack/data/neutron/dhcp/e23958bf-81f3-42ae-8232-99c7ad36159f/opts
Oct 17 12:18:05.585597 podb-esxi207 dnsmasq[2273554]: read /opt/stack/data/neutron/dhcp/f0407ea3-f791-4224-a3b9-6eae017e59af/addn_hosts - 4 names
Oct 17 12:18:05.585696 podb-esxi207 dnsmasq-dhcp[2273554]: read /opt/stack/data/neutron/dhcp/f0407ea3-f791-4224-a3b9-6eae017e59af/host
Oct 17 12:18:05.585797 podb-esxi207 dnsmasq-dhcp[2273554]: read /opt/stack/data/neutron/dhcp/f0407ea3-f791-4224-a3b9-6eae017e59af/opts
Oct 17 12:18:06.307520 podb-esxi207 dnsmasq[2271860]: read /opt/stack/data/neutron/dhcp/55fac067-7096-4106-a28f-2c4a192eb3bf/addn_hosts - 2 names
Oct 17 12:18:06.307600 podb-esxi207 dnsmasq-dhcp[2271860]: read /opt/stack/data/neutron/dhcp/55fac067-7096-4106-a28f-2c4a192eb3bf/host
Oct 17 12:18:06.307709 podb-esxi207 dnsmasq-dhcp[2271860]: read /opt/stack/data/neutron/dhcp/55fac067-7096-4106-a28f-2c4a192eb3bf/opts
Oct 17 12:18:07.521284 podb-esxi207 dnsmasq[2274330]: read /opt/stack/data/neutron/dhcp/081d46a5-6b81-46ff-97dc-3a02621d451c/addn_hosts - 2 names
Oct 17 12:18:07.521361 podb-esxi207 dnsmasq-dhcp[2274330]: read /opt/stack/data/neutron/dhcp/081d46a5-6b81-46ff-97dc-3a02621d451c/host
Oct 17 12:18:07.521485 podb-esxi207 dnsmasq-dhcp[2274330]: read /opt/stack/data/neutron/dhcp/081d46a5-6b81-46ff-97dc-3a02621d451c/opts
Oct 17 12:18:08.230982 podb-esxi207 dnsmasq[2274027]: read /opt/stack/data/neutron/dhcp/fd6ec59a-b3a7-4660-912e-5ee84d9253bc/addn_hosts - 2 names
Oct 17 12:18:08.231052 podb-esxi207 dnsmasq-dhcp[2274027]: read /opt/stack/data/neutron/dhcp/fd6ec59a-b3a7-4660-912e-5ee84d9253bc/host
Oct 17 12:18:08.231121 podb-esxi207 dnsmasq-dhcp[2274027]: read /opt/stack/data/neutron/dhcp/fd6ec59a-b3a7-4660-912e-5ee84d9253bc/opts
Oct 17 12:18:09.451699 podb-esxi207 dnsmasq[2274815]: read /opt/stack/data/neutron/dhcp/ee4c3aba-0896-4e41-bbe4-50727dfab31b/addn_hosts - 2 names
Oct 17 12:18:09.451770 podb-esxi207 dnsmasq-dhcp[2274815]: read /opt/stack/data/neutron/dhcp/ee4c3aba-0896-4e41-bbe4-50727dfab31b/host
Oct 17 12:18:09.451838 podb-esxi207 dnsmasq-dhcp[2274815]: read /opt/stack/data/neutron/dhcp/ee4c3aba-0896-4e41-bbe4-50727dfab31b/opts
Oct 17 12:18:10.660868 podb-esxi207 dnsmasq[2274918]: read /opt/stack/data/neutron/dhcp/dedc15eb-3a86-48df-bbd7-c7a9e8d76d71/addn_hosts - 2 names
Oct 17 12:18:10.660966 podb-esxi207 dnsmasq-dhcp[2274918]: read /opt/stack/data/neutron/dhcp/dedc15eb-3a86-48df-bbd7-c7a9e8d76d71/host
Oct 17 12:18:10.661068 podb-esxi207 dnsmasq-dhcp[2274918]: read /opt/stack/data/neutron/dhcp/dedc15eb-3a86-48df-bbd7-c7a9e8d76d71/opts
Oct 17 12:18:11.387647 podb-esxi207 dnsmasq[2272399]: read /opt/stack/data/neutron/dhcp/3f032a10-0fc6-40f8-9d25-aea94d6b81cd/addn_hosts - 2 names
Oct 17 12:18:11.387749 podb-esxi207 dnsmasq-dhcp[2272399]: read /opt/stack/data/neutron/dhcp/3f032a10-0fc6-40f8-9d25-aea94d6b81cd/host
Oct 17 12:18:11.387858 podb-esxi207 dnsmasq-dhcp[2272399]: read /opt/stack/data/neutron/dhcp/3f032a10-0fc6-40f8-9d25-aea94d6b81cd/opts
Oct 17 12:18:13.121001 podb-esxi207 dnsmasq[2272948]: read /opt/stack/data/neutron/dhcp/e23958bf-81f3-42ae-8232-99c7ad36159f/addn_hosts - 6 names
Oct 17 12:18:13.121116 podb-esxi207 dnsmasq-dhcp[2272948]: read /opt/stack/data/neutron/dhcp/e23958bf-81f3-42ae-8232-99c7ad36159f/host
Oct 17 12:18:13.121226 podb-esxi207 dnsmasq-dhcp[2272948]: read /opt/stack/data/neutron/dhcp/e23958bf-81f3-42ae-8232-99c7ad36159f/opts
Oct 17 12:18:13.358854 podb-esxi207 dnsmasq-dhcp[2272399]: DHCPDISCOVER(tapb7caa14c-57) fa:16:3e:d5:c8:47 no address available
Oct 17 12:18:13.841713 podb-esxi207 dnsmasq[2273554]: read /opt/stack/data/neutron/dhcp/f0407ea3-f791-4224-a3b9-6eae017e59af/addn_hosts - 4 names
Oct 17 12:18:13.841794 podb-esxi207 dnsmasq-dhcp[2273554]: read /opt/stack/data/neutron/dhcp/f0407ea3-f791-4224-a3b9-6eae017e59af/host
Oct 17 12:18:13.841907 podb-esxi207 dnsmasq-dhcp[2273554]: read /opt/stack/data/neutron/dhcp/f0407ea3-f791-4224-a3b9-6eae017e59af/opts
Oct 17 12:18:14.562369 podb-esxi207 dnsmasq[2274172]: read /opt/stack/data/neutron/dhcp/a7f2b7ac-0668-4955-91c2-ff2196e4d94c/addn_hosts - 2 names
Oct 17 12:18:14.562443 podb-esxi207 dnsmasq-dhcp[2274172]: read /opt/stack/data/neutron/dhcp/a7f2b7ac-0668-4955-91c2-ff2196e4d94c/host
Oct 17 12:18:14.562514 podb-esxi207 dnsmasq-dhcp[2274172]: read /opt/stack/data/neutron/dhcp/a7f2b7ac-0668-4955-91c2-ff2196e4d94c/opts
Oct 17 12:18:15.285798 podb-esxi207 dnsmasq[2271860]: read /opt/stack/data/neutron/dhcp/55fac067-7096-4106-a28f-2c4a192eb3bf/addn_hosts - 4 names
Oct 17 12:18:15.285894 podb-esxi207 dnsmasq-dhcp[2271860]: read /opt/stack/data/neutron/dhcp/55fac067-7096-4106-a28f-2c4a192eb3bf/host
Oct 17 12:18:15.285983 podb-esxi207 dnsmasq-dhcp[2271860]: read /opt/stack/data/neutron/dhcp/55fac067-7096-4106-a28f-2c4a192eb3bf/opts
Oct 17 12:18:16.015915 podb-esxi207 dnsmasq[2274330]: read /opt/stack/data/neutron/dhcp/081d46a5-6b81-46ff-97dc-3a02621d451c/addn_hosts - 2 names
Oct 17 12:18:16.015993 podb-esxi207 dnsmasq-dhcp[2274330]: read /opt/stack/data/neutron/dhcp/081d46a5-6b81-46ff-97dc-3a02621d451c/host
Oct 17 12:18:16.016060 podb-esxi207 dnsmasq-dhcp[2274330]: read /opt/stack/data/neutron/dhcp/081d46a5-6b81-46ff-97dc-3a02621d451c/opts
Oct 17 12:18:16.475177 podb-esxi207 dnsmasq-dhcp[2272399]: DHCPDISCOVER(tapb7caa14c-57) fa:16:3e:d5:c8:47 no address available
Oct 17 12:18:16.726182 podb-esxi207 dnsmasq[2274027]: read /opt/stack/data/neutron/dhcp/fd6ec59a-b3a7-4660-912e-5ee84d9253bc/addn_hosts - 2 names
Oct 17 12:18:16.726208 podb-esxi207 dnsmasq-dhcp[2274027]: read /opt/stack/data/neutron/dhcp/fd6ec59a-b3a7-4660-912e-5ee84d9253bc/host
Oct 17 12:18:16.726246 podb-esxi207 dnsmasq-dhcp[2274027]: read /opt/stack/data/neutron/dhcp/fd6ec59a-b3a7-4660-912e-5ee84d9253bc/opts
Oct 17 12:18:17.072196 podb-esxi207 dnsmasq-dhcp[2273554]: DHCPDISCOVER(tapaded5d4b-24) fa:16:3e:54:23:e5
Oct 17 12:18:17.072219 podb-esxi207 dnsmasq-dhcp[2273554]: DHCPOFFER(tapaded5d4b-24) 10.1.0.5 fa:16:3e:54:23:e5
Oct 17 12:18:17.081363 podb-esxi207 dnsmasq-dhcp[2273554]: DHCPREQUEST(tapaded5d4b-24) 10.1.0.5 fa:16:3e:54:23:e5
Oct 17 12:18:17.081389 podb-esxi207 dnsmasq-dhcp[2273554]: DHCPACK(tapaded5d4b-24) 10.1.0.5 fa:16:3e:54:23:e5 host-10-1-0-5
Oct 17 12:18:17.454459 podb-esxi207 dnsmasq[2274815]: read /opt/stack/data/neutron/dhcp/ee4c3aba-0896-4e41-bbe4-50727dfab31b/addn_hosts - 2 names
Oct 17 12:18:17.454537 podb-esxi207 dnsmasq-dhcp[2274815]: read /opt/stack/data/neutron/dhcp/ee4c3aba-0896-4e41-bbe4-50727dfab31b/host
Oct 17 12:18:17.454616 podb-esxi207 dnsmasq-dhcp[2274815]: read /opt/stack/data/neutron/dhcp/ee4c3aba-0896-4e41-bbe4-50727dfab31b/opts
Oct 17 12:18:18.169670 podb-esxi207 dnsmasq[2274918]: read /opt/stack/data/neutron/dhcp/dedc15eb-3a86-48df-bbd7-c7a9e8d76d71/addn_hosts - 2 names
Oct 17 12:18:18.169749 podb-esxi207 dnsmasq-dhcp[2274918]: read /opt/stack/data/neutron/dhcp/dedc15eb-3a86-48df-bbd7-c7a9e8d76d71/host
Oct 17 12:18:18.169855 podb-esxi207 dnsmasq-dhcp[2274918]: read /opt/stack/data/neutron/dhcp/dedc15eb-3a86-48df-bbd7-c7a9e8d76d71/opts
Oct 17 12:18:18.986504 podb-esxi207 dnsmasq[2272399]: read /opt/stack/data/neutron/dhcp/3f032a10-0fc6-40f8-9d25-aea94d6b81cd/addn_hosts - 4 names
Oct 17 12:18:18.986534 podb-esxi207 dnsmasq-dhcp[2272399]: read /opt/stack/data/neutron/dhcp/3f032a10-0fc6-40f8-9d25-aea94d6b81cd/host
Oct 17 12:18:18.986552 podb-esxi207 dnsmasq-dhcp[2272399]: read /opt/stack/data/neutron/dhcp/3f032a10-0fc6-40f8-9d25-aea94d6b81cd/opts
Oct 17 12:18:19.244156 podb-esxi207 dnsmasq-dhcp[2272948]: DHCPDISCOVER(tap195ea04f-a6) fa:16:3e:92:d2:9b
Oct 17 12:18:19.244184 podb-esxi207 dnsmasq-dhcp[2272948]: DHCPOFFER(tap195ea04f-a6) 10.1.0.14 fa:16:3e:92:d2:9b
Oct 17 12:18:19.255060 podb-esxi207 dnsmasq-dhcp[2272948]: DHCPREQUEST(tap195ea04f-a6) 10.1.0.14 fa:16:3e:92:d2:9b
Oct 17 12:18:19.255094 podb-esxi207 dnsmasq-dhcp[2272948]: DHCPACK(tap195ea04f-a6) 10.1.0.14 fa:16:3e:92:d2:9b host-10-1-0-14
Oct 17 12:18:20.207311 podb-esxi207 dnsmasq[2272948]: read /opt/stack/data/neutron/dhcp/e23958bf-81f3-42ae-8232-99c7ad36159f/addn_hosts - 6 names
Oct 17 12:18:20.207427 podb-esxi207 dnsmasq-dhcp[2272948]: read /opt/stack/data/neutron/dhcp/e23958bf-81f3-42ae-8232-99c7ad36159f/host
Oct 17 12:18:20.207529 podb-esxi207 dnsmasq-dhcp[2272948]: read /opt/stack/data/neutron/dhcp/e23958bf-81f3-42ae-8232-99c7ad36159f/opts
Oct 17 12:18:20.929553 podb-esxi207 dnsmasq[2273554]: read /opt/stack/data/neutron/dhcp/f0407ea3-f791-4224-a3b9-6eae017e59af/addn_hosts - 4 names
Oct 17 12:18:20.929659 podb-esxi207 dnsmasq-dhcp[2273554]: read /opt/stack/data/neutron/dhcp/f0407ea3-f791-4224-a3b9-6eae017e59af/host
Oct 17 12:18:20.929750 podb-esxi207 dnsmasq-dhcp[2273554]: read /opt/stack/data/neutron/dhcp/f0407ea3-f791-4224-a3b9-6eae017e59af/opts
Oct 17 12:18:21.147346 podb-esxi207 dnsmasq[2274172]: exiting on receipt of SIGTERM
Oct 17 12:18:21.765165 podb-esxi207 dnsmasq[2271860]: exiting on receipt of SIGTERM
Oct 17 12:18:22.897193 podb-esxi207 dnsmasq[2274330]: read /opt/stack/data/neutron/dhcp/081d46a5-6b81-46ff-97dc-3a02621d451c/addn_hosts - 2 names
Oct 17 12:18:22.897305 podb-esxi207 dnsmasq-dhcp[2274330]: read /opt/stack/data/neutron/dhcp/081d46a5-6b81-46ff-97dc-3a02621d451c/host
Oct 17 12:18:22.897419 podb-esxi207 dnsmasq-dhcp[2274330]: read /opt/stack/data/neutron/dhcp/081d46a5-6b81-46ff-97dc-3a02621d451c/opts
Oct 17 12:18:23.638374 podb-esxi207 dnsmasq[2274815]: read /opt/stack/data/neutron/dhcp/ee4c3aba-0896-4e41-bbe4-50727dfab31b/addn_hosts - 2 names
Oct 17 12:18:23.638464 podb-esxi207 dnsmasq-dhcp[2274815]: read /opt/stack/data/neutron/dhcp/ee4c3aba-0896-4e41-bbe4-50727dfab31b/host
Oct 17 12:18:23.638537 podb-esxi207 dnsmasq-dhcp[2274815]: read /opt/stack/data/neutron/dhcp/ee4c3aba-0896-4e41-bbe4-50727dfab31b/opts
Oct 17 12:18:23.847163 podb-esxi207 dnsmasq-dhcp[2272399]: DHCPDISCOVER(tapb7caa14c-57) fa:16:3e:d5:c8:47
Oct 17 12:18:23.847189 podb-esxi207 dnsmasq-dhcp[2272399]: DHCPOFFER(tapb7caa14c-57) 10.1.0.8 fa:16:3e:d5:c8:47
Oct 17 12:18:23.880149 podb-esxi207 dnsmasq-dhcp[2272399]: DHCPREQUEST(tapb7caa14c-57) 10.1.0.8 fa:16:3e:d5:c8:47
Oct 17 12:18:23.880182 podb-esxi207 dnsmasq-dhcp[2272399]: DHCPACK(tapb7caa14c-57) 10.1.0.8 fa:16:3e:d5:c8:47 host-10-1-0-8
Oct 17 12:18:26.449983 podb-esxi207 dnsmasq[2276252]: started, version 2.90 cachesize 150
Oct 17 12:18:26.450007 podb-esxi207 dnsmasq[2276252]: DNS service limited to local subnets
Oct 17 12:18:26.450021 podb-esxi207 dnsmasq[2276252]: compile time options: IPv6 GNU-getopt DBus no-UBus i18n IDN2 DHCP DHCPv6 no-Lua TFTP conntrack ipset no-nftset auth cryptohash DNSSEC loop-detect inotify dumpfile
Oct 17 12:18:26.450059 podb-esxi207 dnsmasq-dhcp[2276252]: DHCP, static leases only on 10.1.0.0, lease time 1d
Oct 17 12:18:26.450204 podb-esxi207 dnsmasq[2276252]: reading /etc/resolv.conf
Oct 17 12:18:26.450220 podb-esxi207 dnsmasq[2276252]: using nameserver 127.0.0.53#53
Oct 17 12:18:26.450319 podb-esxi207 dnsmasq[2276252]: read /opt/stack/data/neutron/dhcp/002b851b-942f-4680-a8c5-d3c9765635da/addn_hosts - 2 names
Oct 17 12:18:26.450379 podb-esxi207 dnsmasq-dhcp[2276252]: read /opt/stack/data/neutron/dhcp/002b851b-942f-4680-a8c5-d3c9765635da/host
Oct 17 12:18:26.450443 podb-esxi207 dnsmasq-dhcp[2276252]: read /opt/stack/data/neutron/dhcp/002b851b-942f-4680-a8c5-d3c9765635da/opts
Oct 17 12:18:26.475928 podb-esxi207 dnsmasq[2274918]: exiting on receipt of SIGTERM
Oct 17 12:18:30.101232 podb-esxi207 dnsmasq[2276344]: started, version 2.90 cachesize 150
Oct 17 12:18:30.101254 podb-esxi207 dnsmasq[2276344]: DNS service limited to local subnets
Oct 17 12:18:30.101268 podb-esxi207 dnsmasq[2276344]: compile time options: IPv6 GNU-getopt DBus no-UBus i18n IDN2 DHCP DHCPv6 no-Lua TFTP conntrack ipset no-nftset auth cryptohash DNSSEC loop-detect inotify dumpfile
Oct 17 12:18:30.101309 podb-esxi207 dnsmasq-dhcp[2276344]: DHCP, static leases only on 10.1.0.0, lease time 1d
Oct 17 12:18:30.101463 podb-esxi207 dnsmasq[2276344]: reading /etc/resolv.conf
Oct 17 12:18:30.101480 podb-esxi207 dnsmasq[2276344]: using nameserver 127.0.0.53#53
Oct 17 12:18:30.101589 podb-esxi207 dnsmasq[2276344]: read /opt/stack/data/neutron/dhcp/f7e2d95b-9066-4589-94b3-150105e8aabe/addn_hosts - 2 names
Oct 17 12:18:30.101645 podb-esxi207 dnsmasq-dhcp[2276344]: read /opt/stack/data/neutron/dhcp/f7e2d95b-9066-4589-94b3-150105e8aabe/host
Oct 17 12:18:30.101709 podb-esxi207 dnsmasq-dhcp[2276344]: read /opt/stack/data/neutron/dhcp/f7e2d95b-9066-4589-94b3-150105e8aabe/opts
Oct 17 12:18:30.633518 podb-esxi207 dnsmasq[2272948]: read /opt/stack/data/neutron/dhcp/e23958bf-81f3-42ae-8232-99c7ad36159f/addn_hosts - 6 names
Oct 17 12:18:30.633637 podb-esxi207 dnsmasq-dhcp[2272948]: read /opt/stack/data/neutron/dhcp/e23958bf-81f3-42ae-8232-99c7ad36159f/host
Oct 17 12:18:30.633740 podb-esxi207 dnsmasq-dhcp[2272948]: read /opt/stack/data/neutron/dhcp/e23958bf-81f3-42ae-8232-99c7ad36159f/opts
Oct 17 12:18:33.864993 podb-esxi207 dnsmasq[2276487]: started, version 2.90 cachesize 150
Oct 17 12:18:33.865016 podb-esxi207 dnsmasq[2276487]: DNS service limited to local subnets
Oct 17 12:18:33.865030 podb-esxi207 dnsmasq[2276487]: compile time options: IPv6 GNU-getopt DBus no-UBus i18n IDN2 DHCP DHCPv6 no-Lua TFTP conntrack ipset no-nftset auth cryptohash DNSSEC loop-detect inotify dumpfile
Oct 17 12:18:33.865063 podb-esxi207 dnsmasq-dhcp[2276487]: DHCP, static leases only on 10.10.10.0, lease time 1d
Oct 17 12:18:33.865211 podb-esxi207 dnsmasq[2276487]: reading /etc/resolv.conf
Oct 17 12:18:33.865227 podb-esxi207 dnsmasq[2276487]: using nameserver 127.0.0.53#53
Oct 17 12:18:33.865309 podb-esxi207 dnsmasq[2276487]: read /opt/stack/data/neutron/dhcp/b11ad72f-84b2-4e86-9453-1a7f3fd468af/addn_hosts - 0 names
Oct 17 12:18:33.865357 podb-esxi207 dnsmasq-dhcp[2276487]: read /opt/stack/data/neutron/dhcp/b11ad72f-84b2-4e86-9453-1a7f3fd468af/host
Oct 17 12:18:33.865413 podb-esxi207 dnsmasq-dhcp[2276487]: read /opt/stack/data/neutron/dhcp/b11ad72f-84b2-4e86-9453-1a7f3fd468af/opts
Oct 17 12:18:34.907087 podb-esxi207 dnsmasq[2276252]: read /opt/stack/data/neutron/dhcp/002b851b-942f-4680-a8c5-d3c9765635da/addn_hosts - 4 names
Oct 17 12:18:34.907198 podb-esxi207 dnsmasq-dhcp[2276252]: read /opt/stack/data/neutron/dhcp/002b851b-942f-4680-a8c5-d3c9765635da/host
Oct 17 12:18:34.907295 podb-esxi207 dnsmasq-dhcp[2276252]: read /opt/stack/data/neutron/dhcp/002b851b-942f-4680-a8c5-d3c9765635da/opts
Oct 17 12:18:36.632723 podb-esxi207 dnsmasq[2276344]: read /opt/stack/data/neutron/dhcp/f7e2d95b-9066-4589-94b3-150105e8aabe/addn_hosts - 2 names
Oct 17 12:18:36.632811 podb-esxi207 dnsmasq-dhcp[2276344]: read /opt/stack/data/neutron/dhcp/f7e2d95b-9066-4589-94b3-150105e8aabe/host
Oct 17 12:18:36.632910 podb-esxi207 dnsmasq-dhcp[2276344]: read /opt/stack/data/neutron/dhcp/f7e2d95b-9066-4589-94b3-150105e8aabe/opts
Oct 17 12:18:36.688153 podb-esxi207 dnsmasq-dhcp[2272948]: DHCPDISCOVER(tap195ea04f-a6) fa:16:3e:08:fb:a7
Oct 17 12:18:36.688183 podb-esxi207 dnsmasq-dhcp[2272948]: DHCPOFFER(tap195ea04f-a6) 10.1.0.11 fa:16:3e:08:fb:a7
Oct 17 12:18:36.718932 podb-esxi207 dnsmasq-dhcp[2272948]: DHCPREQUEST(tap195ea04f-a6) 10.1.0.11 fa:16:3e:08:fb:a7
Oct 17 12:18:36.718961 podb-esxi207 dnsmasq-dhcp[2272948]: DHCPACK(tap195ea04f-a6) 10.1.0.11 fa:16:3e:08:fb:a7 host-10-1-0-11
Oct 17 12:18:37.877394 podb-esxi207 dnsmasq[2276487]: read /opt/stack/data/neutron/dhcp/b11ad72f-84b2-4e86-9453-1a7f3fd468af/addn_hosts - 0 names
Oct 17 12:18:37.877472 podb-esxi207 dnsmasq-dhcp[2276487]: read /opt/stack/data/neutron/dhcp/b11ad72f-84b2-4e86-9453-1a7f3fd468af/host
Oct 17 12:18:37.877525 podb-esxi207 dnsmasq-dhcp[2276487]: read /opt/stack/data/neutron/dhcp/b11ad72f-84b2-4e86-9453-1a7f3fd468af/opts
Oct 17 12:18:38.623686 podb-esxi207 dnsmasq[2272948]: read /opt/stack/data/neutron/dhcp/e23958bf-81f3-42ae-8232-99c7ad36159f/addn_hosts - 8 names
Oct 17 12:18:38.623831 podb-esxi207 dnsmasq-dhcp[2272948]: read /opt/stack/data/neutron/dhcp/e23958bf-81f3-42ae-8232-99c7ad36159f/host
Oct 17 12:18:38.623948 podb-esxi207 dnsmasq-dhcp[2272948]: read /opt/stack/data/neutron/dhcp/e23958bf-81f3-42ae-8232-99c7ad36159f/opts
Oct 17 12:18:39.370887 podb-esxi207 dnsmasq[2276252]: read /opt/stack/data/neutron/dhcp/002b851b-942f-4680-a8c5-d3c9765635da/addn_hosts - 4 names
Oct 17 12:18:39.371010 podb-esxi207 dnsmasq-dhcp[2276252]: read /opt/stack/data/neutron/dhcp/002b851b-942f-4680-a8c5-d3c9765635da/host
Oct 17 12:18:39.371120 podb-esxi207 dnsmasq-dhcp[2276252]: read /opt/stack/data/neutron/dhcp/002b851b-942f-4680-a8c5-d3c9765635da/opts
Oct 17 12:18:40.621461 podb-esxi207 dnsmasq[2276344]: read /opt/stack/data/neutron/dhcp/f7e2d95b-9066-4589-94b3-150105e8aabe/addn_hosts - 2 names
Oct 17 12:18:40.621536 podb-esxi207 dnsmasq-dhcp[2276344]: read /opt/stack/data/neutron/dhcp/f7e2d95b-9066-4589-94b3-150105e8aabe/host
Oct 17 12:18:40.621609 podb-esxi207 dnsmasq-dhcp[2276344]: read /opt/stack/data/neutron/dhcp/f7e2d95b-9066-4589-94b3-150105e8aabe/opts
Oct 17 12:18:41.377855 podb-esxi207 dnsmasq[2276252]: read /opt/stack/data/neutron/dhcp/002b851b-942f-4680-a8c5-d3c9765635da/addn_hosts - 4 names
Oct 17 12:18:41.377941 podb-esxi207 dnsmasq-dhcp[2276252]: read /opt/stack/data/neutron/dhcp/002b851b-942f-4680-a8c5-d3c9765635da/host
Oct 17 12:18:41.378038 podb-esxi207 dnsmasq-dhcp[2276252]: read /opt/stack/data/neutron/dhcp/002b851b-942f-4680-a8c5-d3c9765635da/opts
Oct 17 12:18:42.637169 podb-esxi207 dnsmasq[2276344]: read /opt/stack/data/neutron/dhcp/f7e2d95b-9066-4589-94b3-150105e8aabe/addn_hosts - 2 names
Oct 17 12:18:42.637270 podb-esxi207 dnsmasq-dhcp[2276344]: read /opt/stack/data/neutron/dhcp/f7e2d95b-9066-4589-94b3-150105e8aabe/host
Oct 17 12:18:42.637377 podb-esxi207 dnsmasq-dhcp[2276344]: read /opt/stack/data/neutron/dhcp/f7e2d95b-9066-4589-94b3-150105e8aabe/opts
Oct 17 12:18:43.368369 podb-esxi207 dnsmasq[2276252]: read /opt/stack/data/neutron/dhcp/002b851b-942f-4680-a8c5-d3c9765635da/addn_hosts - 4 names
Oct 17 12:18:43.368459 podb-esxi207 dnsmasq-dhcp[2276252]: read /opt/stack/data/neutron/dhcp/002b851b-942f-4680-a8c5-d3c9765635da/host
Oct 17 12:18:43.368558 podb-esxi207 dnsmasq-dhcp[2276252]: read /opt/stack/data/neutron/dhcp/002b851b-942f-4680-a8c5-d3c9765635da/opts
Oct 17 12:18:57.708042 podb-esxi207 dnsmasq-dhcp[2276252]: DHCPDISCOVER(tap45513ac6-d0) fa:16:3e:02:8a:b3
Oct 17 12:18:57.708070 podb-esxi207 dnsmasq-dhcp[2276252]: DHCPOFFER(tap45513ac6-d0) 10.1.0.12 fa:16:3e:02:8a:b3
Oct 17 12:18:57.721279 podb-esxi207 dnsmasq-dhcp[2276252]: DHCPREQUEST(tap45513ac6-d0) 10.1.0.12 fa:16:3e:02:8a:b3
Oct 17 12:18:57.721307 podb-esxi207 dnsmasq-dhcp[2276252]: DHCPACK(tap45513ac6-d0) 10.1.0.12 fa:16:3e:02:8a:b3 host-10-1-0-12
Oct 17 12:18:58.668598 podb-esxi207 dnsmasq-dhcp[2272948]: DHCPDISCOVER(tap195ea04f-a6) fa:16:3e:45:76:39
Oct 17 12:18:58.668622 podb-esxi207 dnsmasq-dhcp[2272948]: DHCPOFFER(tap195ea04f-a6) 10.1.0.3 fa:16:3e:45:76:39
Oct 17 12:18:58.680472 podb-esxi207 dnsmasq-dhcp[2272948]: DHCPREQUEST(tap195ea04f-a6) 10.1.0.3 fa:16:3e:45:76:39
Oct 17 12:18:58.680498 podb-esxi207 dnsmasq-dhcp[2272948]: DHCPACK(tap195ea04f-a6) 10.1.0.3 fa:16:3e:45:76:39 host-10-1-0-3
Oct 17 12:19:06.336330 podb-esxi207 dnsmasq[2276487]: read /opt/stack/data/neutron/dhcp/b11ad72f-84b2-4e86-9453-1a7f3fd468af/addn_hosts - 2 names
Oct 17 12:19:06.336402 podb-esxi207 dnsmasq-dhcp[2276487]: read /opt/stack/data/neutron/dhcp/b11ad72f-84b2-4e86-9453-1a7f3fd468af/host
Oct 17 12:19:06.336450 podb-esxi207 dnsmasq-dhcp[2276487]: read /opt/stack/data/neutron/dhcp/b11ad72f-84b2-4e86-9453-1a7f3fd468af/opts
Oct 17 12:19:07.065623 podb-esxi207 sudo[2276967]:    stack : PWD=/ ; USER=root ; COMMAND=/opt/stack/data/venv/bin/neutron-rootwrap /etc/neutron/rootwrap.conf privsep-helper --config-file /etc/neutron/neutron.conf --config-file /etc/neutron/dhcp_agent.ini --privsep_context neutron.privileged.dhcp_release_cmd --privsep_sock_path /tmp/tmpvtyhefm5/privsep.sock
Oct 17 12:19:07.066682 podb-esxi207 sudo[2276967]: pam_unix(sudo:session): session opened for user root(uid=0) by (uid=1001)
Oct 17 12:19:07.758581 podb-esxi207 sudo[2276967]: pam_unix(sudo:session): session closed for user root
Oct 17 12:19:07.983941 podb-esxi207 dnsmasq-dhcp[2273554]: DHCPRELEASE(tapaded5d4b-24) 10.1.0.5 fa:16:3e:54:23:e5
Oct 17 12:19:07.995789 podb-esxi207 dnsmasq-dhcp[2273554]: DHCPRELEASE(tapaded5d4b-24) 10.1.0.5 fa:16:3e:54:23:e5 unknown lease
Oct 17 12:19:08.820324 podb-esxi207 dnsmasq[2273554]: read /opt/stack/data/neutron/dhcp/f0407ea3-f791-4224-a3b9-6eae017e59af/addn_hosts - 2 names
Oct 17 12:19:08.820415 podb-esxi207 dnsmasq-dhcp[2273554]: read /opt/stack/data/neutron/dhcp/f0407ea3-f791-4224-a3b9-6eae017e59af/host
Oct 17 12:19:08.820511 podb-esxi207 dnsmasq-dhcp[2273554]: read /opt/stack/data/neutron/dhcp/f0407ea3-f791-4224-a3b9-6eae017e59af/opts
Oct 17 12:19:11.641838 podb-esxi207 dnsmasq-dhcp[2276487]: DHCPDISCOVER(tap7422112f-a3) fa:16:3e:c8:6b:e7
Oct 17 12:19:11.641863 podb-esxi207 dnsmasq-dhcp[2276487]: DHCPOFFER(tap7422112f-a3) 10.10.10.40 fa:16:3e:c8:6b:e7
Oct 17 12:19:11.649946 podb-esxi207 dnsmasq-dhcp[2276487]: DHCPREQUEST(tap7422112f-a3) 10.10.10.40 fa:16:3e:c8:6b:e7
Oct 17 12:19:11.649970 podb-esxi207 dnsmasq-dhcp[2276487]: DHCPACK(tap7422112f-a3) 10.10.10.40 fa:16:3e:c8:6b:e7 host-10-10-10-40
Oct 17 12:19:16.230963 podb-esxi207 dnsmasq-dhcp[2273554]: DHCPRELEASE(tapaded5d4b-24) 10.1.0.1 fa:16:3e:8b:19:15
Oct 17 12:19:17.056153 podb-esxi207 dnsmasq[2273554]: read /opt/stack/data/neutron/dhcp/f0407ea3-f791-4224-a3b9-6eae017e59af/addn_hosts - 0 names
Oct 17 12:19:17.056259 podb-esxi207 dnsmasq-dhcp[2273554]: read /opt/stack/data/neutron/dhcp/f0407ea3-f791-4224-a3b9-6eae017e59af/host
Oct 17 12:19:17.056357 podb-esxi207 dnsmasq-dhcp[2273554]: read /opt/stack/data/neutron/dhcp/f0407ea3-f791-4224-a3b9-6eae017e59af/opts
Oct 17 12:19:17.825741 podb-esxi207 dnsmasq[2273554]: exiting on receipt of SIGTERM
Oct 17 12:19:18.438519 podb-esxi207 dnsmasq-dhcp[2274330]: DHCPRELEASE(tap9ab66e82-c9) 10.1.0.1 fa:16:3e:4f:81:20
Oct 17 12:19:19.262235 podb-esxi207 dnsmasq[2274330]: read /opt/stack/data/neutron/dhcp/081d46a5-6b81-46ff-97dc-3a02621d451c/addn_hosts - 0 names
Oct 17 12:19:19.262306 podb-esxi207 dnsmasq-dhcp[2274330]: read /opt/stack/data/neutron/dhcp/081d46a5-6b81-46ff-97dc-3a02621d451c/host
Oct 17 12:19:19.262384 podb-esxi207 dnsmasq-dhcp[2274330]: read /opt/stack/data/neutron/dhcp/081d46a5-6b81-46ff-97dc-3a02621d451c/opts
Oct 17 12:19:19.500574 podb-esxi207 dnsmasq[2274330]: exiting on receipt of SIGTERM
Oct 17 12:19:24.024309 podb-esxi207 dnsmasq[2277676]: started, version 2.90 cachesize 150
Oct 17 12:19:24.024332 podb-esxi207 dnsmasq[2277676]: DNS service limited to local subnets
Oct 17 12:19:24.024347 podb-esxi207 dnsmasq[2277676]: compile time options: IPv6 GNU-getopt DBus no-UBus i18n IDN2 DHCP DHCPv6 no-Lua TFTP conntrack ipset no-nftset auth cryptohash DNSSEC loop-detect inotify dumpfile
Oct 17 12:19:24.024394 podb-esxi207 dnsmasq-dhcp[2277676]: DHCP, static leases only on 10.1.0.0, lease time 1d
Oct 17 12:19:24.025282 podb-esxi207 dnsmasq[2277676]: reading /etc/resolv.conf
Oct 17 12:19:24.025304 podb-esxi207 dnsmasq[2277676]: using nameserver 127.0.0.53#53
Oct 17 12:19:24.025397 podb-esxi207 dnsmasq[2277676]: read /opt/stack/data/neutron/dhcp/7bff33da-1f71-483e-91e8-7f15d7494b88/addn_hosts - 0 names
Oct 17 12:19:24.025454 podb-esxi207 dnsmasq-dhcp[2277676]: read /opt/stack/data/neutron/dhcp/7bff33da-1f71-483e-91e8-7f15d7494b88/host
Oct 17 12:19:24.025522 podb-esxi207 dnsmasq-dhcp[2277676]: read /opt/stack/data/neutron/dhcp/7bff33da-1f71-483e-91e8-7f15d7494b88/opts
Oct 17 12:19:25.577958 podb-esxi207 dnsmasq[2277676]: read /opt/stack/data/neutron/dhcp/7bff33da-1f71-483e-91e8-7f15d7494b88/addn_hosts - 2 names
Oct 17 12:19:25.578069 podb-esxi207 dnsmasq-dhcp[2277676]: read /opt/stack/data/neutron/dhcp/7bff33da-1f71-483e-91e8-7f15d7494b88/host
Oct 17 12:19:25.578194 podb-esxi207 dnsmasq-dhcp[2277676]: read /opt/stack/data/neutron/dhcp/7bff33da-1f71-483e-91e8-7f15d7494b88/opts
Oct 17 12:19:29.015692 podb-esxi207 dnsmasq[2278047]: started, version 2.90 cachesize 150
Oct 17 12:19:29.015722 podb-esxi207 dnsmasq[2278047]: DNS service limited to local subnets
Oct 17 12:19:29.015736 podb-esxi207 dnsmasq[2278047]: compile time options: IPv6 GNU-getopt DBus no-UBus i18n IDN2 DHCP DHCPv6 no-Lua TFTP conntrack ipset no-nftset auth cryptohash DNSSEC loop-detect inotify dumpfile
Oct 17 12:19:29.015773 podb-esxi207 dnsmasq-dhcp[2278047]: DHCP, static leases only on 10.1.0.0, lease time 1d
Oct 17 12:19:29.015929 podb-esxi207 dnsmasq[2278047]: reading /etc/resolv.conf
Oct 17 12:19:29.015945 podb-esxi207 dnsmasq[2278047]: using nameserver 127.0.0.53#53
Oct 17 12:19:29.016056 podb-esxi207 dnsmasq[2278047]: read /opt/stack/data/neutron/dhcp/6a5ae41c-97b9-40b5-8e40-3aa570a970fa/addn_hosts - 2 names
Oct 17 12:19:29.016118 podb-esxi207 dnsmasq-dhcp[2278047]: read /opt/stack/data/neutron/dhcp/6a5ae41c-97b9-40b5-8e40-3aa570a970fa/host
Oct 17 12:19:29.016195 podb-esxi207 dnsmasq-dhcp[2278047]: read /opt/stack/data/neutron/dhcp/6a5ae41c-97b9-40b5-8e40-3aa570a970fa/opts
Oct 17 12:19:30.060471 podb-esxi207 dnsmasq[2277676]: read /opt/stack/data/neutron/dhcp/7bff33da-1f71-483e-91e8-7f15d7494b88/addn_hosts - 2 names
Oct 17 12:19:30.060555 podb-esxi207 dnsmasq-dhcp[2277676]: read /opt/stack/data/neutron/dhcp/7bff33da-1f71-483e-91e8-7f15d7494b88/host
Oct 17 12:19:30.060689 podb-esxi207 dnsmasq-dhcp[2277676]: read /opt/stack/data/neutron/dhcp/7bff33da-1f71-483e-91e8-7f15d7494b88/opts
Oct 17 12:19:33.044268 podb-esxi207 dnsmasq[2278368]: started, version 2.90 cachesize 150
Oct 17 12:19:33.044293 podb-esxi207 dnsmasq[2278368]: DNS service limited to local subnets
Oct 17 12:19:33.044308 podb-esxi207 dnsmasq[2278368]: compile time options: IPv6 GNU-getopt DBus no-UBus i18n IDN2 DHCP DHCPv6 no-Lua TFTP conntrack ipset no-nftset auth cryptohash DNSSEC loop-detect inotify dumpfile
Oct 17 12:19:33.044344 podb-esxi207 dnsmasq-dhcp[2278368]: DHCP, static leases only on 10.1.0.0, lease time 1d
Oct 17 12:19:33.044503 podb-esxi207 dnsmasq[2278368]: reading /etc/resolv.conf
Oct 17 12:19:33.044519 podb-esxi207 dnsmasq[2278368]: using nameserver 127.0.0.53#53
Oct 17 12:19:33.044673 podb-esxi207 dnsmasq[2278368]: read /opt/stack/data/neutron/dhcp/0cd6779f-d094-4368-b36d-197ed80365ec/addn_hosts - 2 names
Oct 17 12:19:33.044739 podb-esxi207 dnsmasq-dhcp[2278368]: read /opt/stack/data/neutron/dhcp/0cd6779f-d094-4368-b36d-197ed80365ec/host
Oct 17 12:19:33.044818 podb-esxi207 dnsmasq-dhcp[2278368]: read /opt/stack/data/neutron/dhcp/0cd6779f-d094-4368-b36d-197ed80365ec/opts
Oct 17 12:19:33.581795 podb-esxi207 dnsmasq[2278047]: exiting on receipt of SIGTERM
Oct 17 12:19:35.210172 podb-esxi207 dnsmasq[2277676]: read /opt/stack/data/neutron/dhcp/7bff33da-1f71-483e-91e8-7f15d7494b88/addn_hosts - 2 names
Oct 17 12:19:35.210285 podb-esxi207 dnsmasq-dhcp[2277676]: read /opt/stack/data/neutron/dhcp/7bff33da-1f71-483e-91e8-7f15d7494b88/host
Oct 17 12:19:35.210380 podb-esxi207 dnsmasq-dhcp[2277676]: read /opt/stack/data/neutron/dhcp/7bff33da-1f71-483e-91e8-7f15d7494b88/opts
Oct 17 12:19:36.488958 podb-esxi207 dnsmasq[2277676]: exiting on receipt of SIGTERM
Oct 17 12:19:37.114104 podb-esxi207 dnsmasq[2278368]: exiting on receipt of SIGTERM
Oct 17 12:19:40.322428 podb-esxi207 dnsmasq[2278640]: started, version 2.90 cachesize 150
Oct 17 12:19:40.322456 podb-esxi207 dnsmasq[2278640]: DNS service limited to local subnets
Oct 17 12:19:40.322470 podb-esxi207 dnsmasq[2278640]: compile time options: IPv6 GNU-getopt DBus no-UBus i18n IDN2 DHCP DHCPv6 no-Lua TFTP conntrack ipset no-nftset auth cryptohash DNSSEC loop-detect inotify dumpfile
Oct 17 12:19:40.322512 podb-esxi207 dnsmasq-dhcp[2278640]: DHCP, static leases only on 10.1.0.0, lease time 1d
Oct 17 12:19:40.322671 podb-esxi207 dnsmasq[2278640]: reading /etc/resolv.conf
Oct 17 12:19:40.322688 podb-esxi207 dnsmasq[2278640]: using nameserver 127.0.0.53#53
Oct 17 12:19:40.322775 podb-esxi207 dnsmasq[2278640]: read /opt/stack/data/neutron/dhcp/974aeeaa-f56b-46d0-9489-fcde6cc6458f/addn_hosts - 0 names
Oct 17 12:19:40.322826 podb-esxi207 dnsmasq-dhcp[2278640]: read /opt/stack/data/neutron/dhcp/974aeeaa-f56b-46d0-9489-fcde6cc6458f/host
Oct 17 12:19:40.322893 podb-esxi207 dnsmasq-dhcp[2278640]: read /opt/stack/data/neutron/dhcp/974aeeaa-f56b-46d0-9489-fcde6cc6458f/opts
Oct 17 12:19:41.875214 podb-esxi207 dnsmasq[2278640]: read /opt/stack/data/neutron/dhcp/974aeeaa-f56b-46d0-9489-fcde6cc6458f/addn_hosts - 2 names
Oct 17 12:19:41.875306 podb-esxi207 dnsmasq-dhcp[2278640]: read /opt/stack/data/neutron/dhcp/974aeeaa-f56b-46d0-9489-fcde6cc6458f/host
Oct 17 12:19:41.875423 podb-esxi207 dnsmasq-dhcp[2278640]: read /opt/stack/data/neutron/dhcp/974aeeaa-f56b-46d0-9489-fcde6cc6458f/opts
Oct 17 12:19:43.135910 podb-esxi207 dnsmasq[2278640]: read /opt/stack/data/neutron/dhcp/974aeeaa-f56b-46d0-9489-fcde6cc6458f/addn_hosts - 2 names
Oct 17 12:19:43.135998 podb-esxi207 dnsmasq-dhcp[2278640]: read /opt/stack/data/neutron/dhcp/974aeeaa-f56b-46d0-9489-fcde6cc6458f/host
Oct 17 12:19:43.136131 podb-esxi207 dnsmasq-dhcp[2278640]: read /opt/stack/data/neutron/dhcp/974aeeaa-f56b-46d0-9489-fcde6cc6458f/opts
Oct 17 12:19:44.391316 podb-esxi207 dnsmasq[2278640]: read /opt/stack/data/neutron/dhcp/974aeeaa-f56b-46d0-9489-fcde6cc6458f/addn_hosts - 2 names
Oct 17 12:19:44.391404 podb-esxi207 dnsmasq-dhcp[2278640]: read /opt/stack/data/neutron/dhcp/974aeeaa-f56b-46d0-9489-fcde6cc6458f/host
Oct 17 12:19:44.391495 podb-esxi207 dnsmasq-dhcp[2278640]: read /opt/stack/data/neutron/dhcp/974aeeaa-f56b-46d0-9489-fcde6cc6458f/opts
Oct 17 12:19:46.121643 podb-esxi207 dnsmasq[2278640]: read /opt/stack/data/neutron/dhcp/974aeeaa-f56b-46d0-9489-fcde6cc6458f/addn_hosts - 4 names
Oct 17 12:19:46.121774 podb-esxi207 dnsmasq-dhcp[2278640]: read /opt/stack/data/neutron/dhcp/974aeeaa-f56b-46d0-9489-fcde6cc6458f/host
Oct 17 12:19:46.121897 podb-esxi207 dnsmasq-dhcp[2278640]: read /opt/stack/data/neutron/dhcp/974aeeaa-f56b-46d0-9489-fcde6cc6458f/opts
