Oct 17 12:23:09.396212 podb-esxi207 dnsmasq-dhcp[2286346]: read /opt/stack/data/neutron/dhcp/b60454ee-6ff6-455e-84dc-656333c7ca27/host
Oct 17 12:23:09.396255 podb-esxi207 dnsmasq-dhcp[2286346]: read /opt/stack/data/neutron/dhcp/b60454ee-6ff6-455e-84dc-656333c7ca27/opts
Oct 17 12:23:10.144242 podb-esxi207 dnsmasq[2280691]: exiting on receipt of SIGTERM
Oct 17 12:23:13.372205 podb-esxi207 dnsmasq[2287300]: started, version 2.90 cachesize 150
Oct 17 12:23:13.372235 podb-esxi207 dnsmasq[2287300]: DNS service limited to local subnets
Oct 17 12:23:13.372250 podb-esxi207 dnsmasq[2287300]: compile time options: IPv6 GNU-getopt DBus no-UBus i18n IDN2 DHCP DHCPv6 no-Lua TFTP conntrack ipset no-nftset auth cryptohash DNSSEC loop-detect inotify dumpfile
Oct 17 12:23:13.372288 podb-esxi207 dnsmasq-dhcp[2287300]: DHCP, static leases only on 10.1.0.0, lease time 1d
Oct 17 12:23:13.373042 podb-esxi207 dnsmasq[2287300]: reading /etc/resolv.conf
Oct 17 12:23:13.373063 podb-esxi207 dnsmasq[2287300]: using nameserver 127.0.0.53#53
Oct 17 12:23:13.373197 podb-esxi207 dnsmasq[2287300]: read /opt/stack/data/neutron/dhcp/c467a225-028a-495d-8160-bb734b1a8ed6/addn_hosts - 2 names
Oct 17 12:23:13.373274 podb-esxi207 dnsmasq-dhcp[2287300]: read /opt/stack/data/neutron/dhcp/c467a225-028a-495d-8160-bb734b1a8ed6/host
Oct 17 12:23:13.373351 podb-esxi207 dnsmasq-dhcp[2287300]: read /opt/stack/data/neutron/dhcp/c467a225-028a-495d-8160-bb734b1a8ed6/opts
Oct 17 12:23:16.543888 podb-esxi207 dnsmasq[2287565]: started, version 2.90 cachesize 150
Oct 17 12:23:16.543911 podb-esxi207 dnsmasq[2287565]: DNS service limited to local subnets
Oct 17 12:23:16.543925 podb-esxi207 dnsmasq[2287565]: compile time options: IPv6 GNU-getopt DBus no-UBus i18n IDN2 DHCP DHCPv6 no-Lua TFTP conntrack ipset no-nftset auth cryptohash DNSSEC loop-detect inotify dumpfile
Oct 17 12:23:16.543964 podb-esxi207 dnsmasq-dhcp[2287565]: DHCP, static leases only on 10.1.0.0, lease time 1d
Oct 17 12:23:16.544108 podb-esxi207 dnsmasq[2287565]: reading /etc/resolv.conf
Oct 17 12:23:16.544124 podb-esxi207 dnsmasq[2287565]: using nameserver 127.0.0.53#53
Oct 17 12:23:16.544236 podb-esxi207 dnsmasq[2287565]: read /opt/stack/data/neutron/dhcp/8419115e-ec64-4b0d-964b-3f153e0ced5d/addn_hosts - 2 names
Oct 17 12:23:16.544301 podb-esxi207 dnsmasq-dhcp[2287565]: read /opt/stack/data/neutron/dhcp/8419115e-ec64-4b0d-964b-3f153e0ced5d/host
Oct 17 12:23:16.544366 podb-esxi207 dnsmasq-dhcp[2287565]: read /opt/stack/data/neutron/dhcp/8419115e-ec64-4b0d-964b-3f153e0ced5d/opts
Oct 17 12:23:16.569529 podb-esxi207 dnsmasq-dhcp[2282155]: DHCPRELEASE(tapb9c39a79-0a) 10.1.0.1 fa:16:3e:23:38:2a
Oct 17 12:23:17.391345 podb-esxi207 dnsmasq[2282155]: read /opt/stack/data/neutron/dhcp/60d74d34-6a25-4e97-bd22-a8679c7200cd/addn_hosts - 0 names
Oct 17 12:23:17.391411 podb-esxi207 dnsmasq-dhcp[2282155]: read /opt/stack/data/neutron/dhcp/60d74d34-6a25-4e97-bd22-a8679c7200cd/host
Oct 17 12:23:17.391462 podb-esxi207 dnsmasq-dhcp[2282155]: read /opt/stack/data/neutron/dhcp/60d74d34-6a25-4e97-bd22-a8679c7200cd/opts
Oct 17 12:23:18.144342 podb-esxi207 dnsmasq-dhcp[2287300]: DHCPRELEASE(tap1789d7ac-fd) 10.1.0.1 fa:16:3e:22:16:f5
Oct 17 12:23:18.966192 podb-esxi207 dnsmasq[2287300]: read /opt/stack/data/neutron/dhcp/c467a225-028a-495d-8160-bb734b1a8ed6/addn_hosts - 0 names
Oct 17 12:23:18.966258 podb-esxi207 dnsmasq-dhcp[2287300]: read /opt/stack/data/neutron/dhcp/c467a225-028a-495d-8160-bb734b1a8ed6/host
Oct 17 12:23:18.966345 podb-esxi207 dnsmasq-dhcp[2287300]: read /opt/stack/data/neutron/dhcp/c467a225-028a-495d-8160-bb734b1a8ed6/opts
Oct 17 12:23:22.292766 podb-esxi207 dnsmasq[2288312]: started, version 2.90 cachesize 150
Oct 17 12:23:22.292792 podb-esxi207 dnsmasq[2288312]: DNS service limited to local subnets
Oct 17 12:23:22.292807 podb-esxi207 dnsmasq[2288312]: compile time options: IPv6 GNU-getopt DBus no-UBus i18n IDN2 DHCP DHCPv6 no-Lua TFTP conntrack ipset no-nftset auth cryptohash DNSSEC loop-detect inotify dumpfile
Oct 17 12:23:22.292841 podb-esxi207 dnsmasq-dhcp[2288312]: DHCP, static leases only on 10.1.0.0, lease time 1d
Oct 17 12:23:22.292985 podb-esxi207 dnsmasq[2288312]: reading /etc/resolv.conf
Oct 17 12:23:22.293001 podb-esxi207 dnsmasq[2288312]: using nameserver 127.0.0.53#53
Oct 17 12:23:22.293109 podb-esxi207 dnsmasq[2288312]: read /opt/stack/data/neutron/dhcp/88f20c48-769f-4024-8e74-b562616df066/addn_hosts - 2 names
Oct 17 12:23:22.293171 podb-esxi207 dnsmasq-dhcp[2288312]: read /opt/stack/data/neutron/dhcp/88f20c48-769f-4024-8e74-b562616df066/host
Oct 17 12:23:22.293235 podb-esxi207 dnsmasq-dhcp[2288312]: read /opt/stack/data/neutron/dhcp/88f20c48-769f-4024-8e74-b562616df066/opts
Oct 17 12:23:22.828562 podb-esxi207 dnsmasq[2282155]: exiting on receipt of SIGTERM
Oct 17 12:23:23.954824 podb-esxi207 dnsmasq[2287300]: read /opt/stack/data/neutron/dhcp/c467a225-028a-495d-8160-bb734b1a8ed6/addn_hosts - 2 names
Oct 17 12:23:23.954893 podb-esxi207 dnsmasq-dhcp[2287300]: read /opt/stack/data/neutron/dhcp/c467a225-028a-495d-8160-bb734b1a8ed6/host
Oct 17 12:23:23.954989 podb-esxi207 dnsmasq-dhcp[2287300]: read /opt/stack/data/neutron/dhcp/c467a225-028a-495d-8160-bb734b1a8ed6/opts
Oct 17 12:23:26.787674 podb-esxi207 dnsmasq[2288592]: started, version 2.90 cachesize 150
Oct 17 12:23:26.787702 podb-esxi207 dnsmasq[2288592]: DNS service limited to local subnets
Oct 17 12:23:26.787717 podb-esxi207 dnsmasq[2288592]: compile time options: IPv6 GNU-getopt DBus no-UBus i18n IDN2 DHCP DHCPv6 no-Lua TFTP conntrack ipset no-nftset auth cryptohash DNSSEC loop-detect inotify dumpfile
Oct 17 12:23:26.787752 podb-esxi207 dnsmasq-dhcp[2288592]: DHCP, static leases only on 10.1.0.0, lease time 1d
Oct 17 12:23:26.787903 podb-esxi207 dnsmasq[2288592]: reading /etc/resolv.conf
Oct 17 12:23:26.787920 podb-esxi207 dnsmasq[2288592]: using nameserver 127.0.0.53#53
Oct 17 12:23:26.788049 podb-esxi207 dnsmasq[2288592]: read /opt/stack/data/neutron/dhcp/f6ce3ff8-81a1-4893-b04e-476c47b5a1b1/addn_hosts - 2 names
Oct 17 12:23:26.788114 podb-esxi207 dnsmasq-dhcp[2288592]: read /opt/stack/data/neutron/dhcp/f6ce3ff8-81a1-4893-b04e-476c47b5a1b1/host
Oct 17 12:23:26.788184 podb-esxi207 dnsmasq-dhcp[2288592]: read /opt/stack/data/neutron/dhcp/f6ce3ff8-81a1-4893-b04e-476c47b5a1b1/opts
Oct 17 12:23:27.320839 podb-esxi207 dnsmasq[2288312]: exiting on receipt of SIGTERM
Oct 17 12:23:27.469197 podb-esxi207 dnsmasq-dhcp[2286346]: DHCPDISCOVER(tapa463dd57-7a) fa:16:3e:90:e9:ed
Oct 17 12:23:27.469223 podb-esxi207 dnsmasq-dhcp[2286346]: DHCPOFFER(tapa463dd57-7a) 10.1.0.6 fa:16:3e:90:e9:ed
Oct 17 12:23:27.480873 podb-esxi207 dnsmasq-dhcp[2286346]: DHCPREQUEST(tapa463dd57-7a) 10.1.0.6 fa:16:3e:90:e9:ed
Oct 17 12:23:27.480909 podb-esxi207 dnsmasq-dhcp[2286346]: DHCPACK(tapa463dd57-7a) 10.1.0.6 fa:16:3e:90:e9:ed host-10-1-0-6
Oct 17 12:23:27.932784 podb-esxi207 dnsmasq[2287565]: exiting on receipt of SIGTERM
Oct 17 12:23:28.573802 podb-esxi207 dnsmasq[2287300]: exiting on receipt of SIGTERM
Oct 17 12:23:31.957453 podb-esxi207 dnsmasq[2289112]: started, version 2.90 cachesize 150
Oct 17 12:23:31.957482 podb-esxi207 dnsmasq[2289112]: DNS service limited to local subnets
Oct 17 12:23:31.957498 podb-esxi207 dnsmasq[2289112]: compile time options: IPv6 GNU-getopt DBus no-UBus i18n IDN2 DHCP DHCPv6 no-Lua TFTP conntrack ipset no-nftset auth cryptohash DNSSEC loop-detect inotify dumpfile
Oct 17 12:23:31.957533 podb-esxi207 dnsmasq-dhcp[2289112]: DHCP, static leases only on 10.1.0.0, lease time 1d
Oct 17 12:23:31.957686 podb-esxi207 dnsmasq[2289112]: reading /etc/resolv.conf
Oct 17 12:23:31.957702 podb-esxi207 dnsmasq[2289112]: using nameserver 127.0.0.53#53
Oct 17 12:23:31.957820 podb-esxi207 dnsmasq[2289112]: read /opt/stack/data/neutron/dhcp/4ece24cf-a777-4e14-9b96-ed45fb961577/addn_hosts - 2 names
Oct 17 12:23:31.957894 podb-esxi207 dnsmasq-dhcp[2289112]: read /opt/stack/data/neutron/dhcp/4ece24cf-a777-4e14-9b96-ed45fb961577/host
Oct 17 12:23:31.957962 podb-esxi207 dnsmasq-dhcp[2289112]: read /opt/stack/data/neutron/dhcp/4ece24cf-a777-4e14-9b96-ed45fb961577/opts
Oct 17 12:23:32.493512 podb-esxi207 dnsmasq[2286346]: read /opt/stack/data/neutron/dhcp/b60454ee-6ff6-455e-84dc-656333c7ca27/addn_hosts - 6 names
Oct 17 12:23:32.493639 podb-esxi207 dnsmasq-dhcp[2286346]: read /opt/stack/data/neutron/dhcp/b60454ee-6ff6-455e-84dc-656333c7ca27/host
Oct 17 12:23:32.493728 podb-esxi207 dnsmasq-dhcp[2286346]: read /opt/stack/data/neutron/dhcp/b60454ee-6ff6-455e-84dc-656333c7ca27/opts
Oct 17 12:23:33.759607 podb-esxi207 dnsmasq[2288592]: read /opt/stack/data/neutron/dhcp/f6ce3ff8-81a1-4893-b04e-476c47b5a1b1/addn_hosts - 2 names
Oct 17 12:23:33.759692 podb-esxi207 dnsmasq-dhcp[2288592]: read /opt/stack/data/neutron/dhcp/f6ce3ff8-81a1-4893-b04e-476c47b5a1b1/host
Oct 17 12:23:33.759783 podb-esxi207 dnsmasq-dhcp[2288592]: read /opt/stack/data/neutron/dhcp/f6ce3ff8-81a1-4893-b04e-476c47b5a1b1/opts
Oct 17 12:23:36.036715 podb-esxi207 dnsmasq[2289112]: read /opt/stack/data/neutron/dhcp/4ece24cf-a777-4e14-9b96-ed45fb961577/addn_hosts - 2 names
Oct 17 12:23:36.036808 podb-esxi207 dnsmasq-dhcp[2289112]: read /opt/stack/data/neutron/dhcp/4ece24cf-a777-4e14-9b96-ed45fb961577/host
Oct 17 12:23:36.036876 podb-esxi207 dnsmasq-dhcp[2289112]: read /opt/stack/data/neutron/dhcp/4ece24cf-a777-4e14-9b96-ed45fb961577/opts
Oct 17 12:23:38.919166 podb-esxi207 dnsmasq[2289351]: started, version 2.90 cachesize 150
Oct 17 12:23:38.919195 podb-esxi207 dnsmasq[2289351]: DNS service limited to local subnets
Oct 17 12:23:38.919211 podb-esxi207 dnsmasq[2289351]: compile time options: IPv6 GNU-getopt DBus no-UBus i18n IDN2 DHCP DHCPv6 no-Lua TFTP conntrack ipset no-nftset auth cryptohash DNSSEC loop-detect inotify dumpfile
Oct 17 12:23:38.919251 podb-esxi207 dnsmasq-dhcp[2289351]: DHCP, static leases only on 10.1.0.0, lease time 1d
Oct 17 12:23:38.919407 podb-esxi207 dnsmasq[2289351]: reading /etc/resolv.conf
Oct 17 12:23:38.919425 podb-esxi207 dnsmasq[2289351]: using nameserver 127.0.0.53#53
Oct 17 12:23:38.919540 podb-esxi207 dnsmasq[2289351]: read /opt/stack/data/neutron/dhcp/29901e49-bcd6-41b1-9bfc-d364c48dc0f6/addn_hosts - 2 names
Oct 17 12:23:38.919596 podb-esxi207 dnsmasq-dhcp[2289351]: read /opt/stack/data/neutron/dhcp/29901e49-bcd6-41b1-9bfc-d364c48dc0f6/host
Oct 17 12:23:38.919663 podb-esxi207 dnsmasq-dhcp[2289351]: read /opt/stack/data/neutron/dhcp/29901e49-bcd6-41b1-9bfc-d364c48dc0f6/opts
Oct 17 12:23:39.454736 podb-esxi207 dnsmasq[2288592]: read /opt/stack/data/neutron/dhcp/f6ce3ff8-81a1-4893-b04e-476c47b5a1b1/addn_hosts - 2 names
Oct 17 12:23:39.454866 podb-esxi207 dnsmasq-dhcp[2288592]: read /opt/stack/data/neutron/dhcp/f6ce3ff8-81a1-4893-b04e-476c47b5a1b1/host
Oct 17 12:23:39.454980 podb-esxi207 dnsmasq-dhcp[2288592]: read /opt/stack/data/neutron/dhcp/f6ce3ff8-81a1-4893-b04e-476c47b5a1b1/opts
Oct 17 12:23:40.729669 podb-esxi207 dnsmasq[2289112]: read /opt/stack/data/neutron/dhcp/4ece24cf-a777-4e14-9b96-ed45fb961577/addn_hosts - 2 names
Oct 17 12:23:40.729761 podb-esxi207 dnsmasq-dhcp[2289112]: read /opt/stack/data/neutron/dhcp/4ece24cf-a777-4e14-9b96-ed45fb961577/host
Oct 17 12:23:40.729852 podb-esxi207 dnsmasq-dhcp[2289112]: read /opt/stack/data/neutron/dhcp/4ece24cf-a777-4e14-9b96-ed45fb961577/opts
Oct 17 12:23:41.992672 podb-esxi207 dnsmasq[2289351]: read /opt/stack/data/neutron/dhcp/29901e49-bcd6-41b1-9bfc-d364c48dc0f6/addn_hosts - 2 names
Oct 17 12:23:41.992794 podb-esxi207 dnsmasq-dhcp[2289351]: read /opt/stack/data/neutron/dhcp/29901e49-bcd6-41b1-9bfc-d364c48dc0f6/host
Oct 17 12:23:41.992910 podb-esxi207 dnsmasq-dhcp[2289351]: read /opt/stack/data/neutron/dhcp/29901e49-bcd6-41b1-9bfc-d364c48dc0f6/opts
Oct 17 12:23:42.746353 podb-esxi207 dnsmasq[2288592]: read /opt/stack/data/neutron/dhcp/f6ce3ff8-81a1-4893-b04e-476c47b5a1b1/addn_hosts - 2 names
Oct 17 12:23:42.746432 podb-esxi207 dnsmasq-dhcp[2288592]: read /opt/stack/data/neutron/dhcp/f6ce3ff8-81a1-4893-b04e-476c47b5a1b1/host
Oct 17 12:23:42.746530 podb-esxi207 dnsmasq-dhcp[2288592]: read /opt/stack/data/neutron/dhcp/f6ce3ff8-81a1-4893-b04e-476c47b5a1b1/opts
Oct 17 12:23:43.519584 podb-esxi207 dnsmasq[2286346]: read /opt/stack/data/neutron/dhcp/b60454ee-6ff6-455e-84dc-656333c7ca27/addn_hosts - 4 names
Oct 17 12:23:43.519698 podb-esxi207 dnsmasq-dhcp[2286346]: read /opt/stack/data/neutron/dhcp/b60454ee-6ff6-455e-84dc-656333c7ca27/host
Oct 17 12:23:43.519805 podb-esxi207 dnsmasq-dhcp[2286346]: read /opt/stack/data/neutron/dhcp/b60454ee-6ff6-455e-84dc-656333c7ca27/opts
Oct 17 12:23:44.780831 podb-esxi207 dnsmasq[2289112]: read /opt/stack/data/neutron/dhcp/4ece24cf-a777-4e14-9b96-ed45fb961577/addn_hosts - 2 names
Oct 17 12:23:44.780942 podb-esxi207 dnsmasq-dhcp[2289112]: read /opt/stack/data/neutron/dhcp/4ece24cf-a777-4e14-9b96-ed45fb961577/host
Oct 17 12:23:44.781039 podb-esxi207 dnsmasq-dhcp[2289112]: read /opt/stack/data/neutron/dhcp/4ece24cf-a777-4e14-9b96-ed45fb961577/opts
Oct 17 12:23:45.536105 podb-esxi207 dnsmasq[2289351]: read /opt/stack/data/neutron/dhcp/29901e49-bcd6-41b1-9bfc-d364c48dc0f6/addn_hosts - 2 names
Oct 17 12:23:45.536192 podb-esxi207 dnsmasq-dhcp[2289351]: read /opt/stack/data/neutron/dhcp/29901e49-bcd6-41b1-9bfc-d364c48dc0f6/host
Oct 17 12:23:45.536285 podb-esxi207 dnsmasq-dhcp[2289351]: read /opt/stack/data/neutron/dhcp/29901e49-bcd6-41b1-9bfc-d364c48dc0f6/opts
Oct 17 12:23:46.288677 podb-esxi207 dnsmasq[2288592]: read /opt/stack/data/neutron/dhcp/f6ce3ff8-81a1-4893-b04e-476c47b5a1b1/addn_hosts - 4 names
Oct 17 12:23:46.288794 podb-esxi207 dnsmasq-dhcp[2288592]: read /opt/stack/data/neutron/dhcp/f6ce3ff8-81a1-4893-b04e-476c47b5a1b1/host
Oct 17 12:23:46.288866 podb-esxi207 dnsmasq-dhcp[2288592]: read /opt/stack/data/neutron/dhcp/f6ce3ff8-81a1-4893-b04e-476c47b5a1b1/opts
Oct 17 12:23:47.541195 podb-esxi207 dnsmasq[2289351]: read /opt/stack/data/neutron/dhcp/29901e49-bcd6-41b1-9bfc-d364c48dc0f6/addn_hosts - 2 names
Oct 17 12:23:47.541308 podb-esxi207 dnsmasq-dhcp[2289351]: read /opt/stack/data/neutron/dhcp/29901e49-bcd6-41b1-9bfc-d364c48dc0f6/host
Oct 17 12:23:47.541415 podb-esxi207 dnsmasq-dhcp[2289351]: read /opt/stack/data/neutron/dhcp/29901e49-bcd6-41b1-9bfc-d364c48dc0f6/opts
Oct 17 12:23:57.823003 podb-esxi207 dnsmasq-dhcp[2286346]: DHCPRELEASE(tapa463dd57-7a) 10.1.0.6 fa:16:3e:90:e9:ed
Oct 17 12:23:57.839315 podb-esxi207 dnsmasq-dhcp[2286346]: DHCPRELEASE(tapa463dd57-7a) 10.1.0.6 fa:16:3e:90:e9:ed unknown lease
Oct 17 12:23:58.664158 podb-esxi207 dnsmasq[2286346]: read /opt/stack/data/neutron/dhcp/b60454ee-6ff6-455e-84dc-656333c7ca27/addn_hosts - 2 names
Oct 17 12:23:58.664283 podb-esxi207 dnsmasq-dhcp[2286346]: read /opt/stack/data/neutron/dhcp/b60454ee-6ff6-455e-84dc-656333c7ca27/host
Oct 17 12:23:58.664389 podb-esxi207 dnsmasq-dhcp[2286346]: read /opt/stack/data/neutron/dhcp/b60454ee-6ff6-455e-84dc-656333c7ca27/opts
Oct 17 12:24:01.845498 podb-esxi207 dnsmasq[2289910]: started, version 2.90 cachesize 150
Oct 17 12:24:01.845520 podb-esxi207 dnsmasq[2289910]: DNS service limited to local subnets
Oct 17 12:24:01.845534 podb-esxi207 dnsmasq[2289910]: compile time options: IPv6 GNU-getopt DBus no-UBus i18n IDN2 DHCP DHCPv6 no-Lua TFTP conntrack ipset no-nftset auth cryptohash DNSSEC loop-detect inotify dumpfile
Oct 17 12:24:01.845567 podb-esxi207 dnsmasq-dhcp[2289910]: DHCP, static leases only on 10.1.1.0, lease time 1d
Oct 17 12:24:01.845713 podb-esxi207 dnsmasq[2289910]: reading /etc/resolv.conf
Oct 17 12:24:01.845728 podb-esxi207 dnsmasq[2289910]: using nameserver 127.0.0.53#53
Oct 17 12:24:01.845812 podb-esxi207 dnsmasq[2289910]: read /opt/stack/data/neutron/dhcp/2e33198c-c238-44df-9e07-4f99f24259a5/addn_hosts - 0 names
Oct 17 12:24:01.845862 podb-esxi207 dnsmasq-dhcp[2289910]: read /opt/stack/data/neutron/dhcp/2e33198c-c238-44df-9e07-4f99f24259a5/host
Oct 17 12:24:01.845923 podb-esxi207 dnsmasq-dhcp[2289910]: read /opt/stack/data/neutron/dhcp/2e33198c-c238-44df-9e07-4f99f24259a5/opts
Oct 17 12:24:04.970115 podb-esxi207 dnsmasq[2289983]: started, version 2.90 cachesize 150
Oct 17 12:24:04.970138 podb-esxi207 dnsmasq[2289983]: DNS service limited to local subnets
Oct 17 12:24:04.970152 podb-esxi207 dnsmasq[2289983]: compile time options: IPv6 GNU-getopt DBus no-UBus i18n IDN2 DHCP DHCPv6 no-Lua TFTP conntrack ipset no-nftset auth cryptohash DNSSEC loop-detect inotify dumpfile
Oct 17 12:24:04.970186 podb-esxi207 dnsmasq-dhcp[2289983]: DHCP, static leases only on 10.2.2.0, lease time 1d
Oct 17 12:24:04.970334 podb-esxi207 dnsmasq[2289983]: reading /etc/resolv.conf
Oct 17 12:24:04.970350 podb-esxi207 dnsmasq[2289983]: using nameserver 127.0.0.53#53
Oct 17 12:24:04.970424 podb-esxi207 dnsmasq[2289983]: read /opt/stack/data/neutron/dhcp/cafaaa3d-42fb-4460-b998-f147ff4f4bb7/addn_hosts - 0 names
Oct 17 12:24:04.970472 podb-esxi207 dnsmasq-dhcp[2289983]: read /opt/stack/data/neutron/dhcp/cafaaa3d-42fb-4460-b998-f147ff4f4bb7/host
Oct 17 12:24:04.970541 podb-esxi207 dnsmasq-dhcp[2289983]: read /opt/stack/data/neutron/dhcp/cafaaa3d-42fb-4460-b998-f147ff4f4bb7/opts
Oct 17 12:24:06.005584 podb-esxi207 dnsmasq[2289910]: read /opt/stack/data/neutron/dhcp/2e33198c-c238-44df-9e07-4f99f24259a5/addn_hosts - 4 names
Oct 17 12:24:06.005680 podb-esxi207 dnsmasq-dhcp[2289910]: read /opt/stack/data/neutron/dhcp/2e33198c-c238-44df-9e07-4f99f24259a5/host
Oct 17 12:24:06.005758 podb-esxi207 dnsmasq-dhcp[2289910]: read /opt/stack/data/neutron/dhcp/2e33198c-c238-44df-9e07-4f99f24259a5/opts
Oct 17 12:24:06.736734 podb-esxi207 dnsmasq[2286346]: read /opt/stack/data/neutron/dhcp/b60454ee-6ff6-455e-84dc-656333c7ca27/addn_hosts - 0 names
Oct 17 12:24:06.736797 podb-esxi207 dnsmasq-dhcp[2286346]: read /opt/stack/data/neutron/dhcp/b60454ee-6ff6-455e-84dc-656333c7ca27/host
Oct 17 12:24:06.736848 podb-esxi207 dnsmasq-dhcp[2286346]: read /opt/stack/data/neutron/dhcp/b60454ee-6ff6-455e-84dc-656333c7ca27/opts
Oct 17 12:24:10.062161 podb-esxi207 dnsmasq[2290250]: started, version 2.90 cachesize 150
Oct 17 12:24:10.062188 podb-esxi207 dnsmasq[2290250]: DNS service limited to local subnets
Oct 17 12:24:10.062203 podb-esxi207 dnsmasq[2290250]: compile time options: IPv6 GNU-getopt DBus no-UBus i18n IDN2 DHCP DHCPv6 no-Lua TFTP conntrack ipset no-nftset auth cryptohash DNSSEC loop-detect inotify dumpfile
Oct 17 12:24:10.062237 podb-esxi207 dnsmasq-dhcp[2290250]: DHCP, static leases only on 10.1.0.0, lease time 1d
Oct 17 12:24:10.062383 podb-esxi207 dnsmasq[2290250]: reading /etc/resolv.conf
Oct 17 12:24:10.062399 podb-esxi207 dnsmasq[2290250]: using nameserver 127.0.0.53#53
Oct 17 12:24:10.062501 podb-esxi207 dnsmasq[2290250]: read /opt/stack/data/neutron/dhcp/09b801dd-1637-47ab-adda-e0361814a685/addn_hosts - 2 names
Oct 17 12:24:10.062563 podb-esxi207 dnsmasq-dhcp[2290250]: read /opt/stack/data/neutron/dhcp/09b801dd-1637-47ab-adda-e0361814a685/host
Oct 17 12:24:10.062627 podb-esxi207 dnsmasq-dhcp[2290250]: read /opt/stack/data/neutron/dhcp/09b801dd-1637-47ab-adda-e0361814a685/opts
Oct 17 12:24:10.247400 podb-esxi207 dnsmasq-dhcp[2284312]: DHCPREQUEST(tapbfd13706-45) 10.1.0.10 fa:16:3e:9e:c1:c8
Oct 17 12:24:10.247433 podb-esxi207 dnsmasq-dhcp[2284312]: DHCPACK(tapbfd13706-45) 10.1.0.10 fa:16:3e:9e:c1:c8 host-10-1-0-10
Oct 17 12:24:11.099448 podb-esxi207 dnsmasq[2289983]: read /opt/stack/data/neutron/dhcp/cafaaa3d-42fb-4460-b998-f147ff4f4bb7/addn_hosts - 4 names
Oct 17 12:24:11.099565 podb-esxi207 dnsmasq-dhcp[2289983]: read /opt/stack/data/neutron/dhcp/cafaaa3d-42fb-4460-b998-f147ff4f4bb7/host
Oct 17 12:24:11.099643 podb-esxi207 dnsmasq-dhcp[2289983]: read /opt/stack/data/neutron/dhcp/cafaaa3d-42fb-4460-b998-f147ff4f4bb7/opts
Oct 17 12:24:11.835332 podb-esxi207 dnsmasq[2289910]: read /opt/stack/data/neutron/dhcp/2e33198c-c238-44df-9e07-4f99f24259a5/addn_hosts - 4 names
Oct 17 12:24:11.835413 podb-esxi207 dnsmasq-dhcp[2289910]: read /opt/stack/data/neutron/dhcp/2e33198c-c238-44df-9e07-4f99f24259a5/host
Oct 17 12:24:11.835460 podb-esxi207 dnsmasq-dhcp[2289910]: read /opt/stack/data/neutron/dhcp/2e33198c-c238-44df-9e07-4f99f24259a5/opts
Oct 17 12:24:12.067891 podb-esxi207 dnsmasq[2286346]: exiting on receipt of SIGTERM
Oct 17 12:24:12.867264 podb-esxi207 dnsmasq-dhcp[2288592]: DHCPDISCOVER(tap508c704a-33) fa:16:3e:4c:46:cc
Oct 17 12:24:12.867291 podb-esxi207 dnsmasq-dhcp[2288592]: DHCPOFFER(tap508c704a-33) 10.1.0.6 fa:16:3e:4c:46:cc
Oct 17 12:24:12.878400 podb-esxi207 dnsmasq-dhcp[2288592]: DHCPREQUEST(tap508c704a-33) 10.1.0.6 fa:16:3e:4c:46:cc
Oct 17 12:24:12.878428 podb-esxi207 dnsmasq-dhcp[2288592]: DHCPACK(tap508c704a-33) 10.1.0.6 fa:16:3e:4c:46:cc host-10-1-0-6
Oct 17 12:24:13.686804 podb-esxi207 dnsmasq[2289112]: read /opt/stack/data/neutron/dhcp/4ece24cf-a777-4e14-9b96-ed45fb961577/addn_hosts - 4 names
Oct 17 12:24:13.686937 podb-esxi207 dnsmasq-dhcp[2289112]: read /opt/stack/data/neutron/dhcp/4ece24cf-a777-4e14-9b96-ed45fb961577/host
Oct 17 12:24:13.687045 podb-esxi207 dnsmasq-dhcp[2289112]: read /opt/stack/data/neutron/dhcp/4ece24cf-a777-4e14-9b96-ed45fb961577/opts
Oct 17 12:24:14.939376 podb-esxi207 dnsmasq[2290250]: read /opt/stack/data/neutron/dhcp/09b801dd-1637-47ab-adda-e0361814a685/addn_hosts - 4 names
Oct 17 12:24:14.939471 podb-esxi207 dnsmasq-dhcp[2290250]: read /opt/stack/data/neutron/dhcp/09b801dd-1637-47ab-adda-e0361814a685/host
Oct 17 12:24:14.939569 podb-esxi207 dnsmasq-dhcp[2290250]: read /opt/stack/data/neutron/dhcp/09b801dd-1637-47ab-adda-e0361814a685/opts
Oct 17 12:24:15.685231 podb-esxi207 dnsmasq[2289983]: read /opt/stack/data/neutron/dhcp/cafaaa3d-42fb-4460-b998-f147ff4f4bb7/addn_hosts - 4 names
Oct 17 12:24:15.685350 podb-esxi207 dnsmasq-dhcp[2289983]: read /opt/stack/data/neutron/dhcp/cafaaa3d-42fb-4460-b998-f147ff4f4bb7/host
Oct 17 12:24:15.685428 podb-esxi207 dnsmasq-dhcp[2289983]: read /opt/stack/data/neutron/dhcp/cafaaa3d-42fb-4460-b998-f147ff4f4bb7/opts
Oct 17 12:24:16.418826 podb-esxi207 dnsmasq[2289910]: read /opt/stack/data/neutron/dhcp/2e33198c-c238-44df-9e07-4f99f24259a5/addn_hosts - 4 names
Oct 17 12:24:16.418924 podb-esxi207 dnsmasq-dhcp[2289910]: read /opt/stack/data/neutron/dhcp/2e33198c-c238-44df-9e07-4f99f24259a5/host
Oct 17 12:24:16.419006 podb-esxi207 dnsmasq-dhcp[2289910]: read /opt/stack/data/neutron/dhcp/2e33198c-c238-44df-9e07-4f99f24259a5/opts
Oct 17 12:24:17.670980 podb-esxi207 dnsmasq[2290250]: read /opt/stack/data/neutron/dhcp/09b801dd-1637-47ab-adda-e0361814a685/addn_hosts - 4 names
Oct 17 12:24:17.671140 podb-esxi207 dnsmasq-dhcp[2290250]: read /opt/stack/data/neutron/dhcp/09b801dd-1637-47ab-adda-e0361814a685/host
Oct 17 12:24:17.671257 podb-esxi207 dnsmasq-dhcp[2290250]: read /opt/stack/data/neutron/dhcp/09b801dd-1637-47ab-adda-e0361814a685/opts
Oct 17 12:24:18.429742 podb-esxi207 dnsmasq[2289983]: read /opt/stack/data/neutron/dhcp/cafaaa3d-42fb-4460-b998-f147ff4f4bb7/addn_hosts - 4 names
Oct 17 12:24:18.429838 podb-esxi207 dnsmasq-dhcp[2289983]: read /opt/stack/data/neutron/dhcp/cafaaa3d-42fb-4460-b998-f147ff4f4bb7/host
Oct 17 12:24:18.429903 podb-esxi207 dnsmasq-dhcp[2289983]: read /opt/stack/data/neutron/dhcp/cafaaa3d-42fb-4460-b998-f147ff4f4bb7/opts
Oct 17 12:24:19.184195 podb-esxi207 dnsmasq[2289910]: read /opt/stack/data/neutron/dhcp/2e33198c-c238-44df-9e07-4f99f24259a5/addn_hosts - 6 names
Oct 17 12:24:19.184326 podb-esxi207 dnsmasq-dhcp[2289910]: read /opt/stack/data/neutron/dhcp/2e33198c-c238-44df-9e07-4f99f24259a5/host
Oct 17 12:24:19.184416 podb-esxi207 dnsmasq-dhcp[2289910]: read /opt/stack/data/neutron/dhcp/2e33198c-c238-44df-9e07-4f99f24259a5/opts
Oct 17 12:24:20.451448 podb-esxi207 dnsmasq[2290250]: read /opt/stack/data/neutron/dhcp/09b801dd-1637-47ab-adda-e0361814a685/addn_hosts - 4 names
Oct 17 12:24:20.451543 podb-esxi207 dnsmasq-dhcp[2290250]: read /opt/stack/data/neutron/dhcp/09b801dd-1637-47ab-adda-e0361814a685/host
Oct 17 12:24:20.451641 podb-esxi207 dnsmasq-dhcp[2290250]: read /opt/stack/data/neutron/dhcp/09b801dd-1637-47ab-adda-e0361814a685/opts
Oct 17 12:24:21.216565 podb-esxi207 dnsmasq[2289910]: read /opt/stack/data/neutron/dhcp/2e33198c-c238-44df-9e07-4f99f24259a5/addn_hosts - 8 names
Oct 17 12:24:21.216711 podb-esxi207 dnsmasq-dhcp[2289910]: read /opt/stack/data/neutron/dhcp/2e33198c-c238-44df-9e07-4f99f24259a5/host
Oct 17 12:24:21.216800 podb-esxi207 dnsmasq-dhcp[2289910]: read /opt/stack/data/neutron/dhcp/2e33198c-c238-44df-9e07-4f99f24259a5/opts
Oct 17 12:24:22.484247 podb-esxi207 dnsmasq[2290250]: read /opt/stack/data/neutron/dhcp/09b801dd-1637-47ab-adda-e0361814a685/addn_hosts - 4 names
Oct 17 12:24:22.484341 podb-esxi207 dnsmasq-dhcp[2290250]: read /opt/stack/data/neutron/dhcp/09b801dd-1637-47ab-adda-e0361814a685/host
Oct 17 12:24:22.484413 podb-esxi207 dnsmasq-dhcp[2290250]: read /opt/stack/data/neutron/dhcp/09b801dd-1637-47ab-adda-e0361814a685/opts
Oct 17 12:24:41.005899 podb-esxi207 dnsmasq-dhcp[2290250]: DHCPDISCOVER(tap61f5935d-a6) fa:16:3e:0a:3c:90
Oct 17 12:24:41.005923 podb-esxi207 dnsmasq-dhcp[2290250]: DHCPOFFER(tap61f5935d-a6) 10.1.0.4 fa:16:3e:0a:3c:90
Oct 17 12:24:41.015291 podb-esxi207 dnsmasq-dhcp[2290250]: DHCPREQUEST(tap61f5935d-a6) 10.1.0.4 fa:16:3e:0a:3c:90
Oct 17 12:24:41.015317 podb-esxi207 dnsmasq-dhcp[2290250]: DHCPACK(tap61f5935d-a6) 10.1.0.4 fa:16:3e:0a:3c:90 host-10-1-0-4
Oct 17 12:25:00.878510 podb-esxi207 dnsmasq-dhcp[2289910]: DHCPDISCOVER(tap972af0a0-e0) fa:16:3e:58:56:90
Oct 17 12:25:00.878534 podb-esxi207 dnsmasq-dhcp[2289910]: DHCPOFFER(tap972af0a0-e0) 10.1.1.223 fa:16:3e:58:56:90
Oct 17 12:25:00.889724 podb-esxi207 dnsmasq-dhcp[2289910]: DHCPREQUEST(tap972af0a0-e0) 10.1.1.223 fa:16:3e:58:56:90
Oct 17 12:25:00.889752 podb-esxi207 dnsmasq-dhcp[2289910]: DHCPACK(tap972af0a0-e0) 10.1.1.223 fa:16:3e:58:56:90 host-10-1-1-223
Oct 17 12:25:00.942818 podb-esxi207 dnsmasq-dhcp[2289910]: DHCPDISCOVER(tap972af0a0-e0) fa:16:3e:1a:4b:c2
Oct 17 12:25:00.942838 podb-esxi207 dnsmasq-dhcp[2289910]: DHCPOFFER(tap972af0a0-e0) 10.1.1.251 fa:16:3e:1a:4b:c2
Oct 17 12:25:00.946158 podb-esxi207 dnsmasq-dhcp[2289910]: DHCPREQUEST(tap972af0a0-e0) 10.1.1.251 fa:16:3e:1a:4b:c2
Oct 17 12:25:00.946186 podb-esxi207 dnsmasq-dhcp[2289910]: DHCPACK(tap972af0a0-e0) 10.1.1.251 fa:16:3e:1a:4b:c2 host-10-1-1-251
Oct 17 12:25:01.120836 podb-esxi207 dnsmasq-dhcp[2289112]: DHCPDISCOVER(tapfcf6fbe2-a3) fa:16:3e:13:f3:81
Oct 17 12:25:01.120861 podb-esxi207 dnsmasq-dhcp[2289112]: DHCPOFFER(tapfcf6fbe2-a3) 10.1.0.10 fa:16:3e:13:f3:81
Oct 17 12:25:01.126623 podb-esxi207 dnsmasq-dhcp[2289112]: DHCPREQUEST(tapfcf6fbe2-a3) 10.1.0.10 fa:16:3e:13:f3:81
Oct 17 12:25:01.126648 podb-esxi207 dnsmasq-dhcp[2289112]: DHCPACK(tapfcf6fbe2-a3) 10.1.0.10 fa:16:3e:13:f3:81 host-10-1-0-10
Oct 17 12:25:01.519810 podb-esxi207 dnsmasq-dhcp[2289910]: DHCPDISCOVER(tap972af0a0-e0) fa:16:3e:49:99:db
Oct 17 12:25:01.519835 podb-esxi207 dnsmasq-dhcp[2289910]: DHCPOFFER(tap972af0a0-e0) 10.1.1.58 fa:16:3e:49:99:db
Oct 17 12:25:01.526386 podb-esxi207 dnsmasq-dhcp[2289910]: DHCPREQUEST(tap972af0a0-e0) 10.1.1.58 fa:16:3e:49:99:db
Oct 17 12:25:01.526411 podb-esxi207 dnsmasq-dhcp[2289910]: DHCPACK(tap972af0a0-e0) 10.1.1.58 fa:16:3e:49:99:db host-10-1-1-58
Oct 17 12:25:01.555289 podb-esxi207 dnsmasq-dhcp[2289910]: DHCPDISCOVER(tap972af0a0-e0) fa:16:3e:89:ca:d7
Oct 17 12:25:01.555314 podb-esxi207 dnsmasq-dhcp[2289910]: DHCPOFFER(tap972af0a0-e0) 10.1.1.226 fa:16:3e:89:ca:d7
Oct 17 12:25:01.560365 podb-esxi207 dnsmasq-dhcp[2289910]: DHCPREQUEST(tap972af0a0-e0) 10.1.1.226 fa:16:3e:89:ca:d7
Oct 17 12:25:01.560388 podb-esxi207 dnsmasq-dhcp[2289910]: DHCPACK(tap972af0a0-e0) 10.1.1.226 fa:16:3e:89:ca:d7 host-10-1-1-226
Oct 17 12:25:02.008984 podb-esxi207 dnsmasq-dhcp[2289983]: DHCPDISCOVER(tapcefcb2a5-11) fa:16:3e:7c:7a:ad
Oct 17 12:25:02.009013 podb-esxi207 dnsmasq-dhcp[2289983]: DHCPOFFER(tapcefcb2a5-11) 10.2.2.100 fa:16:3e:7c:7a:ad
Oct 17 12:25:02.017195 podb-esxi207 dnsmasq-dhcp[2289983]: DHCPREQUEST(tapcefcb2a5-11) 10.2.2.100 fa:16:3e:7c:7a:ad
Oct 17 12:25:02.017230 podb-esxi207 dnsmasq-dhcp[2289983]: DHCPACK(tapcefcb2a5-11) 10.2.2.100 fa:16:3e:7c:7a:ad host-10-2-2-100
Oct 17 12:25:02.063954 podb-esxi207 dnsmasq-dhcp[2289983]: DHCPDISCOVER(tapcefcb2a5-11) fa:16:3e:3a:a4:ee
Oct 17 12:25:02.063978 podb-esxi207 dnsmasq-dhcp[2289983]: DHCPOFFER(tapcefcb2a5-11) 10.2.2.200 fa:16:3e:3a:a4:ee
Oct 17 12:25:02.068576 podb-esxi207 dnsmasq-dhcp[2289983]: DHCPREQUEST(tapcefcb2a5-11) 10.2.2.200 fa:16:3e:3a:a4:ee
Oct 17 12:25:02.068605 podb-esxi207 dnsmasq-dhcp[2289983]: DHCPACK(tapcefcb2a5-11) 10.2.2.200 fa:16:3e:3a:a4:ee host-10-2-2-200
Oct 17 12:25:21.138880 podb-esxi207 dnsmasq-dhcp[2284312]: DHCPRELEASE(tapbfd13706-45) 10.1.0.10 fa:16:3e:9e:c1:c8
Oct 17 12:25:21.154489 podb-esxi207 dnsmasq-dhcp[2284312]: DHCPRELEASE(tapbfd13706-45) 10.1.0.10 fa:16:3e:9e:c1:c8 unknown lease
Oct 17 12:25:21.980605 podb-esxi207 dnsmasq[2284312]: read /opt/stack/data/neutron/dhcp/9d9b1e5f-73c7-4275-bddc-421d228a8935/addn_hosts - 2 names
Oct 17 12:25:21.980724 podb-esxi207 dnsmasq-dhcp[2284312]: read /opt/stack/data/neutron/dhcp/9d9b1e5f-73c7-4275-bddc-421d228a8935/host
Oct 17 12:25:21.980835 podb-esxi207 dnsmasq-dhcp[2284312]: read /opt/stack/data/neutron/dhcp/9d9b1e5f-73c7-4275-bddc-421d228a8935/opts
Oct 17 12:25:33.132741 podb-esxi207 dnsmasq[2284312]: read /opt/stack/data/neutron/dhcp/9d9b1e5f-73c7-4275-bddc-421d228a8935/addn_hosts - 4 names
Oct 17 12:25:33.132834 podb-esxi207 dnsmasq-dhcp[2284312]: read /opt/stack/data/neutron/dhcp/9d9b1e5f-73c7-4275-bddc-421d228a8935/host
Oct 17 12:25:33.132904 podb-esxi207 dnsmasq-dhcp[2284312]: read /opt/stack/data/neutron/dhcp/9d9b1e5f-73c7-4275-bddc-421d228a8935/opts
Oct 17 12:25:33.878525 podb-esxi207 dnsmasq-dhcp[2289910]: DHCPRELEASE(tap972af0a0-e0) 10.1.1.251 fa:16:3e:1a:4b:c2
Oct 17 12:25:33.895284 podb-esxi207 dnsmasq-dhcp[2289910]: DHCPRELEASE(tap972af0a0-e0) 10.1.1.251 fa:16:3e:1a:4b:c2 unknown lease
Oct 17 12:25:34.720825 podb-esxi207 dnsmasq[2289910]: read /opt/stack/data/neutron/dhcp/2e33198c-c238-44df-9e07-4f99f24259a5/addn_hosts - 6 names
Oct 17 12:25:34.720963 podb-esxi207 dnsmasq-dhcp[2289910]: read /opt/stack/data/neutron/dhcp/2e33198c-c238-44df-9e07-4f99f24259a5/host
Oct 17 12:25:34.721051 podb-esxi207 dnsmasq-dhcp[2289910]: read /opt/stack/data/neutron/dhcp/2e33198c-c238-44df-9e07-4f99f24259a5/opts
Oct 17 12:25:34.969199 podb-esxi207 dnsmasq-dhcp[2289983]: DHCPRELEASE(tapcefcb2a5-11) 10.2.2.200 fa:16:3e:3a:a4:ee
Oct 17 12:25:34.985969 podb-esxi207 dnsmasq-dhcp[2289983]: DHCPRELEASE(tapcefcb2a5-11) 10.2.2.200 fa:16:3e:3a:a4:ee unknown lease
Oct 17 12:25:35.810662 podb-esxi207 dnsmasq[2289983]: read /opt/stack/data/neutron/dhcp/cafaaa3d-42fb-4460-b998-f147ff4f4bb7/addn_hosts - 2 names
Oct 17 12:25:35.810785 podb-esxi207 dnsmasq-dhcp[2289983]: read /opt/stack/data/neutron/dhcp/cafaaa3d-42fb-4460-b998-f147ff4f4bb7/host
Oct 17 12:25:35.810869 podb-esxi207 dnsmasq-dhcp[2289983]: read /opt/stack/data/neutron/dhcp/cafaaa3d-42fb-4460-b998-f147ff4f4bb7/opts
Oct 17 12:25:36.049348 podb-esxi207 dnsmasq-dhcp[2289112]: DHCPRELEASE(tapfcf6fbe2-a3) 10.1.0.10 fa:16:3e:13:f3:81
Oct 17 12:25:36.064954 podb-esxi207 dnsmasq-dhcp[2289112]: DHCPRELEASE(tapfcf6fbe2-a3) 10.1.0.10 fa:16:3e:13:f3:81 unknown lease
Oct 17 12:25:36.889181 podb-esxi207 dnsmasq[2289112]: read /opt/stack/data/neutron/dhcp/4ece24cf-a777-4e14-9b96-ed45fb961577/addn_hosts - 2 names
Oct 17 12:25:36.889298 podb-esxi207 dnsmasq-dhcp[2289112]: read /opt/stack/data/neutron/dhcp/4ece24cf-a777-4e14-9b96-ed45fb961577/host
Oct 17 12:25:36.889404 podb-esxi207 dnsmasq-dhcp[2289112]: read /opt/stack/data/neutron/dhcp/4ece24cf-a777-4e14-9b96-ed45fb961577/opts
Oct 17 12:25:37.127437 podb-esxi207 dnsmasq-dhcp[2289910]: DHCPRELEASE(tap972af0a0-e0) 10.1.1.223 fa:16:3e:58:56:90
Oct 17 12:25:37.142536 podb-esxi207 dnsmasq-dhcp[2289910]: DHCPRELEASE(tap972af0a0-e0) 10.1.1.223 fa:16:3e:58:56:90 unknown lease
Oct 17 12:25:37.968891 podb-esxi207 dnsmasq[2289910]: read /opt/stack/data/neutron/dhcp/2e33198c-c238-44df-9e07-4f99f24259a5/addn_hosts - 4 names
Oct 17 12:25:37.969016 podb-esxi207 dnsmasq-dhcp[2289910]: read /opt/stack/data/neutron/dhcp/2e33198c-c238-44df-9e07-4f99f24259a5/host
Oct 17 12:25:37.969099 podb-esxi207 dnsmasq-dhcp[2289910]: read /opt/stack/data/neutron/dhcp/2e33198c-c238-44df-9e07-4f99f24259a5/opts
Oct 17 12:25:38.219720 podb-esxi207 dnsmasq-dhcp[2289983]: DHCPRELEASE(tapcefcb2a5-11) 10.2.2.100 fa:16:3e:7c:7a:ad
Oct 17 12:25:38.236855 podb-esxi207 dnsmasq-dhcp[2289983]: DHCPRELEASE(tapcefcb2a5-11) 10.2.2.100 fa:16:3e:7c:7a:ad unknown lease
Oct 17 12:25:39.059578 podb-esxi207 dnsmasq[2289983]: read /opt/stack/data/neutron/dhcp/cafaaa3d-42fb-4460-b998-f147ff4f4bb7/addn_hosts - 0 names
Oct 17 12:25:39.059648 podb-esxi207 dnsmasq-dhcp[2289983]: read /opt/stack/data/neutron/dhcp/cafaaa3d-42fb-4460-b998-f147ff4f4bb7/host
Oct 17 12:25:39.059715 podb-esxi207 dnsmasq-dhcp[2289983]: read /opt/stack/data/neutron/dhcp/cafaaa3d-42fb-4460-b998-f147ff4f4bb7/opts
Oct 17 12:25:47.251084 podb-esxi207 dnsmasq-dhcp[2289910]: DHCPRELEASE(tap972af0a0-e0) 10.1.1.226 fa:16:3e:89:ca:d7
Oct 17 12:25:47.268756 podb-esxi207 dnsmasq-dhcp[2289910]: DHCPRELEASE(tap972af0a0-e0) 10.1.1.226 fa:16:3e:89:ca:d7 unknown lease
Oct 17 12:25:48.092275 podb-esxi207 dnsmasq[2289910]: read /opt/stack/data/neutron/dhcp/2e33198c-c238-44df-9e07-4f99f24259a5/addn_hosts - 2 names
Oct 17 12:25:48.092365 podb-esxi207 dnsmasq-dhcp[2289910]: read /opt/stack/data/neutron/dhcp/2e33198c-c238-44df-9e07-4f99f24259a5/host
Oct 17 12:25:48.092413 podb-esxi207 dnsmasq-dhcp[2289910]: read /opt/stack/data/neutron/dhcp/2e33198c-c238-44df-9e07-4f99f24259a5/opts
Oct 17 12:25:48.535570 podb-esxi207 dnsmasq-dhcp[2288592]: DHCPDISCOVER(tap508c704a-33) fa:16:3e:4c:46:cc
Oct 17 12:25:48.535596 podb-esxi207 dnsmasq-dhcp[2288592]: DHCPOFFER(tap508c704a-33) 10.1.0.6 fa:16:3e:4c:46:cc
Oct 17 12:25:48.547705 podb-esxi207 dnsmasq-dhcp[2288592]: DHCPREQUEST(tap508c704a-33) 10.1.0.6 fa:16:3e:4c:46:cc
Oct 17 12:25:48.547739 podb-esxi207 dnsmasq-dhcp[2288592]: DHCPACK(tap508c704a-33) 10.1.0.6 fa:16:3e:4c:46:cc host-10-1-0-6
Oct 17 12:25:49.339884 podb-esxi207 dnsmasq[2289983]: exiting on receipt of SIGTERM
Oct 17 12:25:49.935570 podb-esxi207 dnsmasq[2289910]: exiting on receipt of SIGTERM
Oct 17 12:25:57.352012 podb-esxi207 dnsmasq-dhcp[2284312]: DHCPDISCOVER(tapbfd13706-45) fa:16:3e:62:86:9b
Oct 17 12:25:57.352040 podb-esxi207 dnsmasq-dhcp[2284312]: DHCPOFFER(tapbfd13706-45) 10.1.0.10 fa:16:3e:62:86:9b
Oct 17 12:25:57.361818 podb-esxi207 dnsmasq-dhcp[2284312]: DHCPREQUEST(tapbfd13706-45) 10.1.0.10 fa:16:3e:62:86:9b
Oct 17 12:25:57.361847 podb-esxi207 dnsmasq-dhcp[2284312]: DHCPACK(tapbfd13706-45) 10.1.0.10 fa:16:3e:62:86:9b host-10-1-0-10
Oct 17 12:26:02.258796 podb-esxi207 dnsmasq-dhcp[2290250]: DHCPREQUEST(tap61f5935d-a6) 10.1.0.4 fa:16:3e:0a:3c:90
Oct 17 12:26:02.258830 podb-esxi207 dnsmasq-dhcp[2290250]: DHCPACK(tap61f5935d-a6) 10.1.0.4 fa:16:3e:0a:3c:90 host-10-1-0-4
Oct 17 12:26:07.729561 podb-esxi207 dnsmasq-dhcp[2289112]: DHCPRELEASE(tapfcf6fbe2-a3) 10.1.0.1 fa:16:3e:0e:da:e4
Oct 17 12:26:08.554120 podb-esxi207 dnsmasq[2289112]: read /opt/stack/data/neutron/dhcp/4ece24cf-a777-4e14-9b96-ed45fb961577/addn_hosts - 0 names
Oct 17 12:26:08.554195 podb-esxi207 dnsmasq-dhcp[2289112]: read /opt/stack/data/neutron/dhcp/4ece24cf-a777-4e14-9b96-ed45fb961577/host
Oct 17 12:26:08.554283 podb-esxi207 dnsmasq-dhcp[2289112]: read /opt/stack/data/neutron/dhcp/4ece24cf-a777-4e14-9b96-ed45fb961577/opts
Oct 17 12:26:09.300163 podb-esxi207 dnsmasq[2289112]: exiting on receipt of SIGTERM
Oct 17 12:26:09.908782 podb-esxi207 dnsmasq-dhcp[2289351]: DHCPRELEASE(tapd90a793a-35) 10.1.0.1 fa:16:3e:42:ae:28
Oct 17 12:26:10.731443 podb-esxi207 dnsmasq[2289351]: read /opt/stack/data/neutron/dhcp/29901e49-bcd6-41b1-9bfc-d364c48dc0f6/addn_hosts - 0 names
Oct 17 12:26:10.731536 podb-esxi207 dnsmasq-dhcp[2289351]: read /opt/stack/data/neutron/dhcp/29901e49-bcd6-41b1-9bfc-d364c48dc0f6/host
Oct 17 12:26:10.731626 podb-esxi207 dnsmasq-dhcp[2289351]: read /opt/stack/data/neutron/dhcp/29901e49-bcd6-41b1-9bfc-d364c48dc0f6/opts
Oct 17 12:26:11.485315 podb-esxi207 dnsmasq[2289351]: exiting on receipt of SIGTERM
Oct 17 12:26:15.962616 podb-esxi207 dnsmasq[2294377]: started, version 2.90 cachesize 150
Oct 17 12:26:15.962645 podb-esxi207 dnsmasq[2294377]: DNS service limited to local subnets
Oct 17 12:26:15.962661 podb-esxi207 dnsmasq[2294377]: compile time options: IPv6 GNU-getopt DBus no-UBus i18n IDN2 DHCP DHCPv6 no-Lua TFTP conntrack ipset no-nftset auth cryptohash DNSSEC loop-detect inotify dumpfile
Oct 17 12:26:15.962708 podb-esxi207 dnsmasq-dhcp[2294377]: DHCP, static leases only on 10.1.0.0, lease time 1d
Oct 17 12:26:15.962879 podb-esxi207 dnsmasq[2294377]: reading /etc/resolv.conf
Oct 17 12:26:15.962896 podb-esxi207 dnsmasq[2294377]: using nameserver 127.0.0.53#53
Oct 17 12:26:15.962986 podb-esxi207 dnsmasq[2294377]: read /opt/stack/data/neutron/dhcp/44ae310b-a906-4b6c-b11a-37071390b740/addn_hosts - 0 names
Oct 17 12:26:15.963037 podb-esxi207 dnsmasq-dhcp[2294377]: read /opt/stack/data/neutron/dhcp/44ae310b-a906-4b6c-b11a-37071390b740/host
Oct 17 12:26:15.963096 podb-esxi207 dnsmasq-dhcp[2294377]: read /opt/stack/data/neutron/dhcp/44ae310b-a906-4b6c-b11a-37071390b740/opts
Oct 17 12:26:17.505617 podb-esxi207 dnsmasq[2294377]: read /opt/stack/data/neutron/dhcp/44ae310b-a906-4b6c-b11a-37071390b740/addn_hosts - 2 names
Oct 17 12:26:17.505704 podb-esxi207 dnsmasq-dhcp[2294377]: read /opt/stack/data/neutron/dhcp/44ae310b-a906-4b6c-b11a-37071390b740/host
Oct 17 12:26:17.505772 podb-esxi207 dnsmasq-dhcp[2294377]: read /opt/stack/data/neutron/dhcp/44ae310b-a906-4b6c-b11a-37071390b740/opts
Oct 17 12:26:18.752090 podb-esxi207 dnsmasq[2294377]: read /opt/stack/data/neutron/dhcp/44ae310b-a906-4b6c-b11a-37071390b740/addn_hosts - 2 names
Oct 17 12:26:18.752173 podb-esxi207 dnsmasq-dhcp[2294377]: read /opt/stack/data/neutron/dhcp/44ae310b-a906-4b6c-b11a-37071390b740/host
Oct 17 12:26:18.752272 podb-esxi207 dnsmasq-dhcp[2294377]: read /opt/stack/data/neutron/dhcp/44ae310b-a906-4b6c-b11a-37071390b740/opts
Oct 17 12:26:19.984025 podb-esxi207 dnsmasq[2294377]: read /opt/stack/data/neutron/dhcp/44ae310b-a906-4b6c-b11a-37071390b740/addn_hosts - 2 names
Oct 17 12:26:19.984116 podb-esxi207 dnsmasq-dhcp[2294377]: read /opt/stack/data/neutron/dhcp/44ae310b-a906-4b6c-b11a-37071390b740/host
Oct 17 12:26:19.984208 podb-esxi207 dnsmasq-dhcp[2294377]: read /opt/stack/data/neutron/dhcp/44ae310b-a906-4b6c-b11a-37071390b740/opts
Oct 17 12:26:22.956475 podb-esxi207 dnsmasq[2294377]: read /opt/stack/data/neutron/dhcp/44ae310b-a906-4b6c-b11a-37071390b740/addn_hosts - 4 names
Oct 17 12:26:22.956591 podb-esxi207 dnsmasq-dhcp[2294377]: read /opt/stack/data/neutron/dhcp/44ae310b-a906-4b6c-b11a-37071390b740/host
Oct 17 12:26:22.956715 podb-esxi207 dnsmasq-dhcp[2294377]: read /opt/stack/data/neutron/dhcp/44ae310b-a906-4b6c-b11a-37071390b740/opts
Oct 17 12:26:25.088306 podb-esxi207 dnsmasq-dhcp[2288592]: DHCPRELEASE(tap508c704a-33) 10.1.0.6 fa:16:3e:4c:46:cc
Oct 17 12:26:25.103571 podb-esxi207 dnsmasq-dhcp[2288592]: DHCPRELEASE(tap508c704a-33) 10.1.0.6 fa:16:3e:4c:46:cc unknown lease
Oct 17 12:26:25.927903 podb-esxi207 dnsmasq[2288592]: read /opt/stack/data/neutron/dhcp/f6ce3ff8-81a1-4893-b04e-476c47b5a1b1/addn_hosts - 2 names
Oct 17 12:26:25.928008 podb-esxi207 dnsmasq-dhcp[2288592]: read /opt/stack/data/neutron/dhcp/f6ce3ff8-81a1-4893-b04e-476c47b5a1b1/host
Oct 17 12:26:25.928111 podb-esxi207 dnsmasq-dhcp[2288592]: read /opt/stack/data/neutron/dhcp/f6ce3ff8-81a1-4893-b04e-476c47b5a1b1/opts
Oct 17 12:26:32.176238 podb-esxi207 dnsmasq-dhcp[2288592]: DHCPRELEASE(tap508c704a-33) 10.1.0.1 fa:16:3e:3c:26:6d
Oct 17 12:26:32.999334 podb-esxi207 dnsmasq[2288592]: read /opt/stack/data/neutron/dhcp/f6ce3ff8-81a1-4893-b04e-476c47b5a1b1/addn_hosts - 0 names
Oct 17 12:26:32.999394 podb-esxi207 dnsmasq-dhcp[2288592]: read /opt/stack/data/neutron/dhcp/f6ce3ff8-81a1-4893-b04e-476c47b5a1b1/host
Oct 17 12:26:32.999466 podb-esxi207 dnsmasq-dhcp[2288592]: read /opt/stack/data/neutron/dhcp/f6ce3ff8-81a1-4893-b04e-476c47b5a1b1/opts
Oct 17 12:26:33.740501 podb-esxi207 dnsmasq[2288592]: exiting on receipt of SIGTERM
Oct 17 12:26:37.133137 podb-esxi207 dnsmasq[2294928]: started, version 2.90 cachesize 150
Oct 17 12:26:37.133160 podb-esxi207 dnsmasq[2294928]: DNS service limited to local subnets
Oct 17 12:26:37.133175 podb-esxi207 dnsmasq[2294928]: compile time options: IPv6 GNU-getopt DBus no-UBus i18n IDN2 DHCP DHCPv6 no-Lua TFTP conntrack ipset no-nftset auth cryptohash DNSSEC loop-detect inotify dumpfile
Oct 17 12:26:37.133211 podb-esxi207 dnsmasq-dhcp[2294928]: DHCP, static leases only on 10.1.0.0, lease time 1d
Oct 17 12:26:37.133407 podb-esxi207 dnsmasq[2294928]: reading /etc/resolv.conf
Oct 17 12:26:37.133423 podb-esxi207 dnsmasq[2294928]: using nameserver 127.0.0.53#53
Oct 17 12:26:37.133503 podb-esxi207 dnsmasq[2294928]: read /opt/stack/data/neutron/dhcp/65115b5e-2aec-49fd-8420-01b24746130b/addn_hosts - 0 names
Oct 17 12:26:37.133552 podb-esxi207 dnsmasq-dhcp[2294928]: read /opt/stack/data/neutron/dhcp/65115b5e-2aec-49fd-8420-01b24746130b/host
Oct 17 12:26:37.133614 podb-esxi207 dnsmasq-dhcp[2294928]: read /opt/stack/data/neutron/dhcp/65115b5e-2aec-49fd-8420-01b24746130b/opts
Oct 17 12:26:38.674085 podb-esxi207 dnsmasq[2294928]: read /opt/stack/data/neutron/dhcp/65115b5e-2aec-49fd-8420-01b24746130b/addn_hosts - 2 names
Oct 17 12:26:38.674173 podb-esxi207 dnsmasq-dhcp[2294928]: read /opt/stack/data/neutron/dhcp/65115b5e-2aec-49fd-8420-01b24746130b/host
Oct 17 12:26:38.674273 podb-esxi207 dnsmasq-dhcp[2294928]: read /opt/stack/data/neutron/dhcp/65115b5e-2aec-49fd-8420-01b24746130b/opts
Oct 17 12:26:39.909146 podb-esxi207 dnsmasq[2294928]: read /opt/stack/data/neutron/dhcp/65115b5e-2aec-49fd-8420-01b24746130b/addn_hosts - 2 names
Oct 17 12:26:39.909226 podb-esxi207 dnsmasq-dhcp[2294928]: read /opt/stack/data/neutron/dhcp/65115b5e-2aec-49fd-8420-01b24746130b/host
Oct 17 12:26:39.909338 podb-esxi207 dnsmasq-dhcp[2294928]: read /opt/stack/data/neutron/dhcp/65115b5e-2aec-49fd-8420-01b24746130b/opts
Oct 17 12:26:41.150790 podb-esxi207 dnsmasq[2294928]: read /opt/stack/data/neutron/dhcp/65115b5e-2aec-49fd-8420-01b24746130b/addn_hosts - 2 names
Oct 17 12:26:41.150866 podb-esxi207 dnsmasq-dhcp[2294928]: read /opt/stack/data/neutron/dhcp/65115b5e-2aec-49fd-8420-01b24746130b/host
Oct 17 12:26:41.150937 podb-esxi207 dnsmasq-dhcp[2294928]: read /opt/stack/data/neutron/dhcp/65115b5e-2aec-49fd-8420-01b24746130b/opts
Oct 17 12:26:42.382333 podb-esxi207 dnsmasq[2294928]: read /opt/stack/data/neutron/dhcp/65115b5e-2aec-49fd-8420-01b24746130b/addn_hosts - 4 names
Oct 17 12:26:42.382421 podb-esxi207 dnsmasq-dhcp[2294928]: read /opt/stack/data/neutron/dhcp/65115b5e-2aec-49fd-8420-01b24746130b/host
Oct 17 12:26:42.382491 podb-esxi207 dnsmasq-dhcp[2294928]: read /opt/stack/data/neutron/dhcp/65115b5e-2aec-49fd-8420-01b24746130b/opts
Oct 17 12:26:45.739508 podb-esxi207 dnsmasq-dhcp[2294377]: DHCPDISCOVER(tap385c8e38-13) fa:16:3e:5d:41:7d
Oct 17 12:26:45.739537 podb-esxi207 dnsmasq-dhcp[2294377]: DHCPOFFER(tap385c8e38-13) 10.1.0.6 fa:16:3e:5d:41:7d
Oct 17 12:26:45.750988 podb-esxi207 dnsmasq-dhcp[2294377]: DHCPREQUEST(tap385c8e38-13) 10.1.0.6 fa:16:3e:5d:41:7d
Oct 17 12:26:45.751019 podb-esxi207 dnsmasq-dhcp[2294377]: DHCPACK(tap385c8e38-13) 10.1.0.6 fa:16:3e:5d:41:7d host-10-1-0-6
Oct 17 12:27:05.402734 podb-esxi207 dnsmasq[2294928]: read /opt/stack/data/neutron/dhcp/65115b5e-2aec-49fd-8420-01b24746130b/addn_hosts - 6 names
Oct 17 12:27:05.402855 podb-esxi207 dnsmasq-dhcp[2294928]: read /opt/stack/data/neutron/dhcp/65115b5e-2aec-49fd-8420-01b24746130b/host
Oct 17 12:27:05.402958 podb-esxi207 dnsmasq-dhcp[2294928]: read /opt/stack/data/neutron/dhcp/65115b5e-2aec-49fd-8420-01b24746130b/opts
Oct 17 12:27:08.874221 podb-esxi207 dnsmasq-dhcp[2294928]: DHCPDISCOVER(tap628f87f8-85) fa:16:3e:2b:0d:a4
Oct 17 12:27:08.874251 podb-esxi207 dnsmasq-dhcp[2294928]: DHCPOFFER(tap628f87f8-85) 10.1.0.3 fa:16:3e:2b:0d:a4
Oct 17 12:27:08.884198 podb-esxi207 dnsmasq-dhcp[2294928]: DHCPREQUEST(tap628f87f8-85) 10.1.0.3 fa:16:3e:2b:0d:a4
Oct 17 12:27:08.884235 podb-esxi207 dnsmasq-dhcp[2294928]: DHCPACK(tap628f87f8-85) 10.1.0.3 fa:16:3e:2b:0d:a4 host-10-1-0-3
Oct 17 12:27:24.305972 podb-esxi207 dnsmasq-dhcp[2284312]: DHCPREQUEST(tapbfd13706-45) 10.1.0.10 fa:16:3e:62:86:9b
Oct 17 12:27:24.306002 podb-esxi207 dnsmasq-dhcp[2284312]: DHCPACK(tapbfd13706-45) 10.1.0.10 fa:16:3e:62:86:9b host-10-1-0-10
Oct 17 12:27:28.404078 podb-esxi207 dnsmasq[2294377]: read /opt/stack/data/neutron/dhcp/44ae310b-a906-4b6c-b11a-37071390b740/addn_hosts - 6 names
Oct 17 12:27:28.404211 podb-esxi207 dnsmasq-dhcp[2294377]: read /opt/stack/data/neutron/dhcp/44ae310b-a906-4b6c-b11a-37071390b740/host
Oct 17 12:27:28.404320 podb-esxi207 dnsmasq-dhcp[2294377]: read /opt/stack/data/neutron/dhcp/44ae310b-a906-4b6c-b11a-37071390b740/opts
Oct 17 12:27:40.793536 podb-esxi207 dnsmasq-dhcp[2290250]: DHCPREQUEST(tap61f5935d-a6) 10.1.0.4 fa:16:3e:0a:3c:90
Oct 17 12:27:40.793573 podb-esxi207 dnsmasq-dhcp[2290250]: DHCPACK(tap61f5935d-a6) 10.1.0.4 fa:16:3e:0a:3c:90 host-10-1-0-4
Oct 17 12:27:51.883125 podb-esxi207 dnsmasq-dhcp[2294377]: DHCPDISCOVER(tap385c8e38-13) fa:16:3e:94:bf:c0
Oct 17 12:27:51.883152 podb-esxi207 dnsmasq-dhcp[2294377]: DHCPOFFER(tap385c8e38-13) 10.1.0.5 fa:16:3e:94:bf:c0
Oct 17 12:27:51.895176 podb-esxi207 dnsmasq-dhcp[2294377]: DHCPREQUEST(tap385c8e38-13) 10.1.0.5 fa:16:3e:94:bf:c0
Oct 17 12:27:51.895208 podb-esxi207 dnsmasq-dhcp[2294377]: DHCPACK(tap385c8e38-13) 10.1.0.5 fa:16:3e:94:bf:c0 host-10-1-0-5
Oct 17 12:28:00.405184 podb-esxi207 dnsmasq-dhcp[2284312]: DHCPRELEASE(tapbfd13706-45) 10.1.0.10 fa:16:3e:62:86:9b
Oct 17 12:28:00.421539 podb-esxi207 dnsmasq-dhcp[2284312]: DHCPRELEASE(tapbfd13706-45) 10.1.0.10 fa:16:3e:62:86:9b unknown lease
Oct 17 12:28:01.246182 podb-esxi207 dnsmasq[2284312]: read /opt/stack/data/neutron/dhcp/9d9b1e5f-73c7-4275-bddc-421d228a8935/addn_hosts - 2 names
Oct 17 12:28:01.246295 podb-esxi207 dnsmasq-dhcp[2284312]: read /opt/stack/data/neutron/dhcp/9d9b1e5f-73c7-4275-bddc-421d228a8935/host
Oct 17 12:28:01.246404 podb-esxi207 dnsmasq-dhcp[2284312]: read /opt/stack/data/neutron/dhcp/9d9b1e5f-73c7-4275-bddc-421d228a8935/opts
Oct 17 12:28:03.579771 podb-esxi207 dnsmasq[2294928]: read /opt/stack/data/neutron/dhcp/65115b5e-2aec-49fd-8420-01b24746130b/addn_hosts - 8 names
Oct 17 12:28:03.579911 podb-esxi207 dnsmasq-dhcp[2294928]: read /opt/stack/data/neutron/dhcp/65115b5e-2aec-49fd-8420-01b24746130b/host
Oct 17 12:28:03.579995 podb-esxi207 dnsmasq-dhcp[2294928]: read /opt/stack/data/neutron/dhcp/65115b5e-2aec-49fd-8420-01b24746130b/opts
Oct 17 12:28:17.554426 podb-esxi207 dnsmasq[2284312]: read /opt/stack/data/neutron/dhcp/9d9b1e5f-73c7-4275-bddc-421d228a8935/addn_hosts - 0 names
Oct 17 12:28:17.554489 podb-esxi207 dnsmasq-dhcp[2284312]: read /opt/stack/data/neutron/dhcp/9d9b1e5f-73c7-4275-bddc-421d228a8935/host
Oct 17 12:28:17.554546 podb-esxi207 dnsmasq-dhcp[2284312]: read /opt/stack/data/neutron/dhcp/9d9b1e5f-73c7-4275-bddc-421d228a8935/opts
Oct 17 12:28:18.433781 podb-esxi207 dnsmasq[2284312]: exiting on receipt of SIGTERM
Oct 17 12:28:22.238400 podb-esxi207 dnsmasq[2297411]: started, version 2.90 cachesize 150
Oct 17 12:28:22.238427 podb-esxi207 dnsmasq[2297411]: DNS service limited to local subnets
Oct 17 12:28:22.238441 podb-esxi207 dnsmasq[2297411]: compile time options: IPv6 GNU-getopt DBus no-UBus i18n IDN2 DHCP DHCPv6 no-Lua TFTP conntrack ipset no-nftset auth cryptohash DNSSEC loop-detect inotify dumpfile
Oct 17 12:28:22.238478 podb-esxi207 dnsmasq-dhcp[2297411]: DHCP, static leases only on 10.1.0.0, lease time 1d
Oct 17 12:28:22.238637 podb-esxi207 dnsmasq[2297411]: reading /etc/resolv.conf
Oct 17 12:28:22.238656 podb-esxi207 dnsmasq[2297411]: using nameserver 127.0.0.53#53
Oct 17 12:28:22.238737 podb-esxi207 dnsmasq[2297411]: read /opt/stack/data/neutron/dhcp/596dc1ee-ff55-46fd-91b8-1fee7c372abd/addn_hosts - 0 names
Oct 17 12:28:22.238794 podb-esxi207 dnsmasq-dhcp[2297411]: read /opt/stack/data/neutron/dhcp/596dc1ee-ff55-46fd-91b8-1fee7c372abd/host
Oct 17 12:28:22.238860 podb-esxi207 dnsmasq-dhcp[2297411]: read /opt/stack/data/neutron/dhcp/596dc1ee-ff55-46fd-91b8-1fee7c372abd/opts
Oct 17 12:28:23.779716 podb-esxi207 dnsmasq[2297411]: read /opt/stack/data/neutron/dhcp/596dc1ee-ff55-46fd-91b8-1fee7c372abd/addn_hosts - 2 names
Oct 17 12:28:23.779797 podb-esxi207 dnsmasq-dhcp[2297411]: read /opt/stack/data/neutron/dhcp/596dc1ee-ff55-46fd-91b8-1fee7c372abd/host
Oct 17 12:28:23.779910 podb-esxi207 dnsmasq-dhcp[2297411]: read /opt/stack/data/neutron/dhcp/596dc1ee-ff55-46fd-91b8-1fee7c372abd/opts
Oct 17 12:28:25.014948 podb-esxi207 dnsmasq[2297411]: read /opt/stack/data/neutron/dhcp/596dc1ee-ff55-46fd-91b8-1fee7c372abd/addn_hosts - 2 names
Oct 17 12:28:25.015031 podb-esxi207 dnsmasq-dhcp[2297411]: read /opt/stack/data/neutron/dhcp/596dc1ee-ff55-46fd-91b8-1fee7c372abd/host
Oct 17 12:28:25.015143 podb-esxi207 dnsmasq-dhcp[2297411]: read /opt/stack/data/neutron/dhcp/596dc1ee-ff55-46fd-91b8-1fee7c372abd/opts
Oct 17 12:28:25.483349 podb-esxi207 dnsmasq-dhcp[2294928]: DHCPDISCOVER(tap628f87f8-85) fa:16:3e:e2:a0:33
Oct 17 12:28:25.483373 podb-esxi207 dnsmasq-dhcp[2294928]: DHCPOFFER(tap628f87f8-85) 10.1.0.9 fa:16:3e:e2:a0:33
Oct 17 12:28:25.494507 podb-esxi207 dnsmasq-dhcp[2294928]: DHCPREQUEST(tap628f87f8-85) 10.1.0.9 fa:16:3e:e2:a0:33
Oct 17 12:28:25.494535 podb-esxi207 dnsmasq-dhcp[2294928]: DHCPACK(tap628f87f8-85) 10.1.0.9 fa:16:3e:e2:a0:33 host-10-1-0-9
Oct 17 12:28:26.252347 podb-esxi207 dnsmasq[2297411]: read /opt/stack/data/neutron/dhcp/596dc1ee-ff55-46fd-91b8-1fee7c372abd/addn_hosts - 2 names
Oct 17 12:28:26.252447 podb-esxi207 dnsmasq-dhcp[2297411]: read /opt/stack/data/neutron/dhcp/596dc1ee-ff55-46fd-91b8-1fee7c372abd/host
Oct 17 12:28:26.252562 podb-esxi207 dnsmasq-dhcp[2297411]: read /opt/stack/data/neutron/dhcp/596dc1ee-ff55-46fd-91b8-1fee7c372abd/opts
Oct 17 12:28:27.489354 podb-esxi207 dnsmasq[2294928]: read /opt/stack/data/neutron/dhcp/65115b5e-2aec-49fd-8420-01b24746130b/addn_hosts - 10 names
