Oct 17 06:05:40.284386 podb-esxi207 systemd[1]: Starting Devstack devstack@n-api.service...
Oct 17 06:05:40.296184 podb-esxi207 devstack@n-api.service[1736049]: [uWSGI] getting INI configuration from /etc/nova/nova-api-uwsgi.ini
Oct 17 06:05:40.299247 podb-esxi207 devstack@n-api.service[1736049]: *** Starting uWSGI 2.0.20-debian (64bit) on [Fri Oct 17 06:05:40 2025] ***
Oct 17 06:05:40.299247 podb-esxi207 devstack@n-api.service[1736049]: compiled with version: 11.2.0 on 21 March 2022 11:00:44
Oct 17 06:05:40.299247 podb-esxi207 devstack@n-api.service[1736049]: os: Linux-5.15.0-157-generic #167-Ubuntu SMP Wed Sep 17 21:35:53 UTC 2025
Oct 17 06:05:40.299247 podb-esxi207 devstack@n-api.service[1736049]: nodename: podb-esxi207
Oct 17 06:05:40.299247 podb-esxi207 devstack@n-api.service[1736049]: machine: x86_64
Oct 17 06:05:40.299247 podb-esxi207 devstack@n-api.service[1736049]: clock source: unix
Oct 17 06:05:40.299247 podb-esxi207 devstack@n-api.service[1736049]: pcre jit disabled
Oct 17 06:05:40.299247 podb-esxi207 devstack@n-api.service[1736049]: detected number of CPU cores: 152
Oct 17 06:05:40.299247 podb-esxi207 devstack@n-api.service[1736049]: current working directory: /
Oct 17 06:05:40.299247 podb-esxi207 devstack@n-api.service[1736049]: detected binary path: /usr/bin/uwsgi-core
Oct 17 06:05:40.299247 podb-esxi207 devstack@n-api.service[1736049]: your processes number limit is 1029247
Oct 17 06:05:40.299247 podb-esxi207 devstack@n-api.service[1736049]: your memory page size is 4096 bytes
Oct 17 06:05:40.299247 podb-esxi207 devstack@n-api.service[1736049]: detected max file descriptor number: 2048
Oct 17 06:05:40.299247 podb-esxi207 devstack@n-api.service[1736049]: lock engine: pthread robust mutexes
Oct 17 06:05:40.300571 podb-esxi207 devstack@n-api.service[1736049]: thunder lock: enabled
Oct 17 06:05:40.300571 podb-esxi207 devstack@n-api.service[1736049]: uwsgi socket 0 bound to UNIX address /var/run/uwsgi/nova-api.socket fd 4
Oct 17 06:05:40.300571 podb-esxi207 devstack@n-api.service[1736049]: Python version: 3.10.12 (main, Aug 15 2025, 14:32:43) [GCC 11.4.0]
Oct 17 06:05:40.300571 podb-esxi207 devstack@n-api.service[1736049]: PEP 405 virtualenv detected: /opt/stack/data/venv
Oct 17 06:05:40.300571 podb-esxi207 devstack@n-api.service[1736049]: Set PythonHome to /opt/stack/data/venv
Oct 17 06:05:40.340037 podb-esxi207 devstack@n-api.service[1736049]: Python main interpreter initialized at 0x561657805390
Oct 17 06:05:40.340037 podb-esxi207 devstack@n-api.service[1736049]: python threads support enabled
Oct 17 06:05:40.340037 podb-esxi207 devstack@n-api.service[1736049]: your server socket listen backlog is limited to 100 connections
Oct 17 06:05:40.340037 podb-esxi207 devstack@n-api.service[1736049]: your mercy for graceful operations on workers is 80 seconds
Oct 17 06:05:40.340512 podb-esxi207 devstack@n-api.service[1736049]: mapped 671795 bytes (656 KB) for 4 cores
Oct 17 06:05:40.340512 podb-esxi207 devstack@n-api.service[1736049]: *** Operational MODE: preforking ***
Oct 17 06:05:40.340757 podb-esxi207 devstack@n-api.service[1736049]: *** uWSGI is running in multiple interpreter mode ***
Oct 17 06:05:40.340757 podb-esxi207 devstack@n-api.service[1736049]: spawned uWSGI master process (pid: 1736049)
Oct 17 06:05:40.341127 podb-esxi207 devstack@n-api.service[1736049]: spawned uWSGI worker 1 (pid: 1736050, cores: 1)
Oct 17 06:05:40.341108 podb-esxi207 systemd[1]: Started Devstack devstack@n-api.service.
Oct 17 06:05:40.341746 podb-esxi207 devstack@n-api.service[1736049]: spawned uWSGI worker 2 (pid: 1736051, cores: 1)
Oct 17 06:05:40.341746 podb-esxi207 devstack@n-api.service[1736049]: spawned uWSGI worker 3 (pid: 1736052, cores: 1)
Oct 17 06:05:40.341936 podb-esxi207 devstack@n-api.service[1736049]: spawned uWSGI worker 4 (pid: 1736053, cores: 1)
Oct 17 06:05:40.342021 podb-esxi207 devstack@n-api.service[1736049]: running "unix_signal:15 gracefully_kill_them_all" (master-start)...
Oct 17 06:05:43.160420 podb-esxi207 devstack@n-api.service[1736052]: WSGI app 0 (mountpoint='') ready in 3 seconds on interpreter 0x561657805390 pid: 1736052 (default app)
Oct 17 06:05:43.164068 podb-esxi207 devstack@n-api.service[1736052]: [pid: 1736052|app: 0|req: 1/1] 172.25.66.207 () {50 vars in 792 bytes} [Fri Oct 17 06:05:43 2025] GET /compute/v2.1/ => generated 391 bytes in 3 msecs (HTTP/1.1 200) 9 headers in 357 bytes (1 switches on core 0)
Oct 17 06:05:43.185464 podb-esxi207 devstack@n-api.service[1736050]: WSGI app 0 (mountpoint='') ready in 3 seconds on interpreter 0x561657805390 pid: 1736050 (default app)
Oct 17 06:05:43.406847 podb-esxi207 devstack@n-api.service[1736051]: WSGI app 0 (mountpoint='') ready in 3 seconds on interpreter 0x561657805390 pid: 1736051 (default app)
Oct 17 06:05:43.407663 podb-esxi207 devstack@n-api.service[1736053]: WSGI app 0 (mountpoint='') ready in 3 seconds on interpreter 0x561657805390 pid: 1736053 (default app)
Oct 17 06:06:55.155594 podb-esxi207 devstack@n-api.service[1736052]: [pid: 1736052|app: 0|req: 2/2] 172.25.66.207 () {54 vars in 935 bytes} [Fri Oct 17 06:06:55 2025] GET /compute/v2.1 => generated 391 bytes in 12 msecs (HTTP/1.1 200) 9 headers in 357 bytes (1 switches on core 0)
Oct 17 06:06:55.883900 podb-esxi207 devstack@n-api.service[1736050]: [pid: 1736050|app: 0|req: 1/3] 172.25.66.207 () {60 vars in 1296 bytes} [Fri Oct 17 06:06:55 2025] GET /compute/v2.1/flavors/detail?is_public=True => generated 15 bytes in 724 msecs (HTTP/1.1 200) 9 headers in 358 bytes (1 switches on core 0)
Oct 17 06:06:57.376929 podb-esxi207 devstack@n-api.service[1736051]: [pid: 1736051|app: 0|req: 1/4] 172.25.66.207 () {54 vars in 935 bytes} [Fri Oct 17 06:06:57 2025] GET /compute/v2.1 => generated 391 bytes in 13 msecs (HTTP/1.1 200) 9 headers in 357 bytes (1 switches on core 0)
Oct 17 06:06:58.095262 podb-esxi207 devstack@n-api.service[1736053]: [pid: 1736053|app: 0|req: 1/5] 172.25.66.207 () {64 vars in 1287 bytes} [Fri Oct 17 06:06:57 2025] POST /compute/v2.1/flavors => generated 411 bytes in 715 msecs (HTTP/1.1 200) 9 headers in 359 bytes (1 switches on core 0)
Oct 17 06:06:58.267772 podb-esxi207 devstack@n-api.service[1736052]: [pid: 1736052|app: 0|req: 3/6] 172.25.66.207 () {64 vars in 1340 bytes} [Fri Oct 17 06:06:58 2025] POST /compute/v2.1/flavors/c1/os-extra_specs => generated 43 bytes in 160 msecs (HTTP/1.1 200) 9 headers in 358 bytes (1 switches on core 0)
Oct 17 06:06:59.776066 podb-esxi207 devstack@n-api.service[1736050]: [pid: 1736050|app: 0|req: 2/7] 172.25.66.207 () {54 vars in 935 bytes} [Fri Oct 17 06:06:59 2025] GET /compute/v2.1 => generated 391 bytes in 12 msecs (HTTP/1.1 200) 9 headers in 357 bytes (1 switches on core 0)
Oct 17 06:07:00.505322 podb-esxi207 devstack@n-api.service[1736051]: [pid: 1736051|app: 0|req: 2/8] 172.25.66.207 () {64 vars in 1287 bytes} [Fri Oct 17 06:06:59 2025] POST /compute/v2.1/flavors => generated 408 bytes in 725 msecs (HTTP/1.1 200) 9 headers in 359 bytes (1 switches on core 0)
Oct 17 06:07:00.579667 podb-esxi207 devstack@n-api.service[1736053]: [pid: 1736053|app: 0|req: 2/9] 172.25.66.207 () {64 vars in 1340 bytes} [Fri Oct 17 06:07:00 2025] POST /compute/v2.1/flavors/d1/os-extra_specs => generated 43 bytes in 61 msecs (HTTP/1.1 200) 9 headers in 358 bytes (1 switches on core 0)
Oct 17 06:07:02.077536 podb-esxi207 devstack@n-api.service[1736052]: [pid: 1736052|app: 0|req: 4/10] 172.25.66.207 () {54 vars in 935 bytes} [Fri Oct 17 06:07:02 2025] GET /compute/v2.1 => generated 391 bytes in 12 msecs (HTTP/1.1 200) 9 headers in 357 bytes (1 switches on core 0)
Oct 17 06:07:02.362664 podb-esxi207 devstack@n-api.service[1736050]: [pid: 1736050|app: 0|req: 3/11] 172.25.66.207 () {64 vars in 1287 bytes} [Fri Oct 17 06:07:02 2025] POST /compute/v2.1/flavors => generated 408 bytes in 277 msecs (HTTP/1.1 200) 9 headers in 359 bytes (1 switches on core 0)
Oct 17 06:07:02.424471 podb-esxi207 devstack@n-api.service[1736051]: [pid: 1736051|app: 0|req: 3/12] 172.25.66.207 () {64 vars in 1340 bytes} [Fri Oct 17 06:07:02 2025] POST /compute/v2.1/flavors/d2/os-extra_specs => generated 43 bytes in 49 msecs (HTTP/1.1 200) 9 headers in 358 bytes (1 switches on core 0)
Oct 17 06:07:03.969980 podb-esxi207 devstack@n-api.service[1736053]: [pid: 1736053|app: 0|req: 3/13] 172.25.66.207 () {54 vars in 935 bytes} [Fri Oct 17 06:07:03 2025] GET /compute/v2.1 => generated 391 bytes in 12 msecs (HTTP/1.1 200) 9 headers in 357 bytes (1 switches on core 0)
Oct 17 06:07:04.553959 podb-esxi207 devstack@n-api.service[1736052]: [pid: 1736052|app: 0|req: 5/14] 172.25.66.207 () {64 vars in 1287 bytes} [Fri Oct 17 06:07:03 2025] POST /compute/v2.1/flavors => generated 408 bytes in 575 msecs (HTTP/1.1 200) 9 headers in 359 bytes (1 switches on core 0)
Oct 17 06:07:04.627282 podb-esxi207 devstack@n-api.service[1736050]: [pid: 1736050|app: 0|req: 4/15] 172.25.66.207 () {64 vars in 1340 bytes} [Fri Oct 17 06:07:04 2025] POST /compute/v2.1/flavors/d3/os-extra_specs => generated 43 bytes in 60 msecs (HTTP/1.1 200) 9 headers in 358 bytes (1 switches on core 0)
Oct 17 06:07:06.140034 podb-esxi207 devstack@n-api.service[1736051]: [pid: 1736051|app: 0|req: 4/16] 172.25.66.207 () {54 vars in 935 bytes} [Fri Oct 17 06:07:06 2025] GET /compute/v2.1 => generated 391 bytes in 11 msecs (HTTP/1.1 200) 9 headers in 357 bytes (1 switches on core 0)
Oct 17 06:07:06.411967 podb-esxi207 devstack@n-api.service[1736053]: [pid: 1736053|app: 0|req: 4/17] 172.25.66.207 () {64 vars in 1287 bytes} [Fri Oct 17 06:07:06 2025] POST /compute/v2.1/flavors => generated 408 bytes in 264 msecs (HTTP/1.1 200) 9 headers in 359 bytes (1 switches on core 0)
Oct 17 06:07:06.464686 podb-esxi207 devstack@n-api.service[1736052]: [pid: 1736052|app: 0|req: 6/18] 172.25.66.207 () {64 vars in 1340 bytes} [Fri Oct 17 06:07:06 2025] POST /compute/v2.1/flavors/d4/os-extra_specs => generated 43 bytes in 40 msecs (HTTP/1.1 200) 9 headers in 358 bytes (1 switches on core 0)
Oct 17 06:07:07.999356 podb-esxi207 devstack@n-api.service[1736050]: [pid: 1736050|app: 0|req: 5/19] 172.25.66.207 () {54 vars in 935 bytes} [Fri Oct 17 06:07:07 2025] GET /compute/v2.1 => generated 391 bytes in 12 msecs (HTTP/1.1 200) 9 headers in 357 bytes (1 switches on core 0)
Oct 17 06:07:08.525164 podb-esxi207 devstack@n-api.service[1736051]: [pid: 1736051|app: 0|req: 5/20] 172.25.66.207 () {60 vars in 1296 bytes} [Fri Oct 17 06:07:08 2025] GET /compute/v2.1/flavors/detail?is_public=True => generated 2126 bytes in 517 msecs (HTTP/1.1 200) 9 headers in 360 bytes (1 switches on core 0)
Oct 17 06:07:10.022034 podb-esxi207 devstack@n-api.service[1736053]: [pid: 1736053|app: 0|req: 5/21] 172.25.66.207 () {54 vars in 935 bytes} [Fri Oct 17 06:07:10 2025] GET /compute/v2.1 => generated 391 bytes in 11 msecs (HTTP/1.1 200) 9 headers in 357 bytes (1 switches on core 0)
Oct 17 06:07:10.467939 podb-esxi207 devstack@n-api.service[1736052]: [pid: 1736052|app: 0|req: 7/22] 172.25.66.207 () {64 vars in 1287 bytes} [Fri Oct 17 06:07:10 2025] POST /compute/v2.1/flavors => generated 406 bytes in 442 msecs (HTTP/1.1 200) 9 headers in 359 bytes (1 switches on core 0)
Oct 17 06:07:10.517696 podb-esxi207 devstack@n-api.service[1736050]: [pid: 1736050|app: 0|req: 6/23] 172.25.66.207 () {64 vars in 1337 bytes} [Fri Oct 17 06:07:10 2025] POST /compute/v2.1/flavors/1/os-extra_specs => generated 43 bytes in 37 msecs (HTTP/1.1 200) 9 headers in 358 bytes (1 switches on core 0)
Oct 17 06:07:12.115720 podb-esxi207 devstack@n-api.service[1736051]: [pid: 1736051|app: 0|req: 6/24] 172.25.66.207 () {54 vars in 935 bytes} [Fri Oct 17 06:07:12 2025] GET /compute/v2.1 => generated 391 bytes in 12 msecs (HTTP/1.1 200) 9 headers in 357 bytes (1 switches on core 0)
Oct 17 06:07:12.479302 podb-esxi207 devstack@n-api.service[1736053]: [pid: 1736053|app: 0|req: 6/25] 172.25.66.207 () {64 vars in 1287 bytes} [Fri Oct 17 06:07:12 2025] POST /compute/v2.1/flavors => generated 409 bytes in 359 msecs (HTTP/1.1 200) 9 headers in 359 bytes (1 switches on core 0)
Oct 17 06:07:12.529972 podb-esxi207 devstack@n-api.service[1736052]: [pid: 1736052|app: 0|req: 8/26] 172.25.66.207 () {64 vars in 1337 bytes} [Fri Oct 17 06:07:12 2025] POST /compute/v2.1/flavors/2/os-extra_specs => generated 43 bytes in 39 msecs (HTTP/1.1 200) 9 headers in 358 bytes (1 switches on core 0)
Oct 17 06:07:13.973739 podb-esxi207 devstack@n-api.service[1736050]: [pid: 1736050|app: 0|req: 7/27] 172.25.66.207 () {54 vars in 935 bytes} [Fri Oct 17 06:07:13 2025] GET /compute/v2.1 => generated 391 bytes in 11 msecs (HTTP/1.1 200) 9 headers in 357 bytes (1 switches on core 0)
Oct 17 06:07:14.304106 podb-esxi207 devstack@n-api.service[1736051]: [pid: 1736051|app: 0|req: 7/28] 172.25.66.207 () {64 vars in 1287 bytes} [Fri Oct 17 06:07:13 2025] POST /compute/v2.1/flavors => generated 410 bytes in 327 msecs (HTTP/1.1 200) 9 headers in 359 bytes (1 switches on core 0)
Oct 17 06:07:14.354781 podb-esxi207 devstack@n-api.service[1736053]: [pid: 1736053|app: 0|req: 7/29] 172.25.66.207 () {64 vars in 1337 bytes} [Fri Oct 17 06:07:14 2025] POST /compute/v2.1/flavors/3/os-extra_specs => generated 43 bytes in 39 msecs (HTTP/1.1 200) 9 headers in 358 bytes (1 switches on core 0)
Oct 17 06:07:15.958389 podb-esxi207 devstack@n-api.service[1736052]: [pid: 1736052|app: 0|req: 9/30] 172.25.66.207 () {54 vars in 935 bytes} [Fri Oct 17 06:07:15 2025] GET /compute/v2.1 => generated 391 bytes in 11 msecs (HTTP/1.1 200) 9 headers in 357 bytes (1 switches on core 0)
Oct 17 06:07:16.301793 podb-esxi207 devstack@n-api.service[1736050]: [pid: 1736050|app: 0|req: 8/31] 172.25.66.207 () {64 vars in 1287 bytes} [Fri Oct 17 06:07:15 2025] POST /compute/v2.1/flavors => generated 409 bytes in 335 msecs (HTTP/1.1 200) 9 headers in 359 bytes (1 switches on core 0)
Oct 17 06:07:16.364983 podb-esxi207 devstack@n-api.service[1736051]: [pid: 1736051|app: 0|req: 8/32] 172.25.66.207 () {64 vars in 1337 bytes} [Fri Oct 17 06:07:16 2025] POST /compute/v2.1/flavors/4/os-extra_specs => generated 43 bytes in 50 msecs (HTTP/1.1 200) 9 headers in 358 bytes (1 switches on core 0)
Oct 17 06:07:17.800501 podb-esxi207 devstack@n-api.service[1736053]: [pid: 1736053|app: 0|req: 8/33] 172.25.66.207 () {54 vars in 935 bytes} [Fri Oct 17 06:07:17 2025] GET /compute/v2.1 => generated 391 bytes in 11 msecs (HTTP/1.1 200) 9 headers in 357 bytes (1 switches on core 0)
Oct 17 06:07:18.254467 podb-esxi207 devstack@n-api.service[1736052]: [pid: 1736052|app: 0|req: 10/34] 172.25.66.207 () {64 vars in 1287 bytes} [Fri Oct 17 06:07:17 2025] POST /compute/v2.1/flavors => generated 412 bytes in 446 msecs (HTTP/1.1 200) 9 headers in 359 bytes (1 switches on core 0)
Oct 17 06:07:18.307420 podb-esxi207 devstack@n-api.service[1736050]: [pid: 1736050|app: 0|req: 9/35] 172.25.66.207 () {64 vars in 1337 bytes} [Fri Oct 17 06:07:18 2025] POST /compute/v2.1/flavors/5/os-extra_specs => generated 43 bytes in 41 msecs (HTTP/1.1 200) 9 headers in 358 bytes (1 switches on core 0)
Oct 17 06:07:30.042657 podb-esxi207 devstack@n-api.service[1736051]: [pid: 1736051|app: 0|req: 9/36] 172.25.66.207 () {54 vars in 935 bytes} [Fri Oct 17 06:07:30 2025] GET /compute/v2.1 => generated 391 bytes in 11 msecs (HTTP/1.1 200) 9 headers in 357 bytes (1 switches on core 0)
Oct 17 06:07:30.404434 podb-esxi207 devstack@n-api.service[1736053]: [pid: 1736053|app: 0|req: 9/37] 172.25.66.207 () {60 vars in 1333 bytes} [Fri Oct 17 06:07:30 2025] GET /compute/v2.1/os-services?binary=nova-compute&host=podb-esxi207 => generated 255 bytes in 354 msecs (HTTP/1.1 200) 9 headers in 359 bytes (1 switches on core 0)
Oct 17 06:07:57.536223 podb-esxi207 devstack@n-api.service[1736052]: [pid: 1736052|app: 0|req: 11/38] 172.25.66.207 () {54 vars in 935 bytes} [Fri Oct 17 06:07:57 2025] GET /compute/v2.1 => generated 391 bytes in 11 msecs (HTTP/1.1 200) 9 headers in 357 bytes (1 switches on core 0)
Oct 17 06:07:57.852308 podb-esxi207 devstack@n-api.service[1736050]: [pid: 1736050|app: 0|req: 10/39] 172.25.66.207 () {60 vars in 1296 bytes} [Fri Oct 17 06:07:57 2025] GET /compute/v2.1/flavors/detail?is_public=True => generated 4242 bytes in 312 msecs (HTTP/1.1 200) 9 headers in 360 bytes (1 switches on core 0)
Oct 17 06:08:01.488317 podb-esxi207 devstack@n-api.service[1736051]: [pid: 1736051|app: 0|req: 10/40] 172.25.66.207 () {54 vars in 935 bytes} [Fri Oct 17 06:08:01 2025] GET /compute/v2.1 => generated 391 bytes in 12 msecs (HTTP/1.1 200) 9 headers in 357 bytes (1 switches on core 0)
Oct 17 06:08:01.844368 podb-esxi207 devstack@n-api.service[1736053]: [pid: 1736053|app: 0|req: 10/41] 172.25.66.207 () {64 vars in 1287 bytes} [Fri Oct 17 06:08:01 2025] POST /compute/v2.1/flavors => generated 409 bytes in 352 msecs (HTTP/1.1 200) 9 headers in 359 bytes (1 switches on core 0)
Oct 17 06:08:01.891309 podb-esxi207 devstack@n-api.service[1736052]: [pid: 1736052|app: 0|req: 12/42] 172.25.66.207 () {64 vars in 1340 bytes} [Fri Oct 17 06:08:01 2025] POST /compute/v2.1/flavors/42/os-extra_specs => generated 43 bytes in 35 msecs (HTTP/1.1 200) 9 headers in 358 bytes (1 switches on core 0)
Oct 17 06:08:05.479851 podb-esxi207 devstack@n-api.service[1736050]: [pid: 1736050|app: 0|req: 11/43] 172.25.66.207 () {54 vars in 935 bytes} [Fri Oct 17 06:08:05 2025] GET /compute/v2.1 => generated 391 bytes in 11 msecs (HTTP/1.1 200) 9 headers in 357 bytes (1 switches on core 0)
Oct 17 06:08:05.803766 podb-esxi207 devstack@n-api.service[1736051]: [pid: 1736051|app: 0|req: 11/44] 172.25.66.207 () {64 vars in 1287 bytes} [Fri Oct 17 06:08:05 2025] POST /compute/v2.1/flavors => generated 410 bytes in 320 msecs (HTTP/1.1 200) 9 headers in 359 bytes (1 switches on core 0)
Oct 17 06:08:05.857890 podb-esxi207 devstack@n-api.service[1736053]: [pid: 1736053|app: 0|req: 11/45] 172.25.66.207 () {64 vars in 1340 bytes} [Fri Oct 17 06:08:05 2025] POST /compute/v2.1/flavors/84/os-extra_specs => generated 43 bytes in 42 msecs (HTTP/1.1 200) 9 headers in 358 bytes (1 switches on core 0)
Oct 17 06:14:26.125423 podb-esxi207 devstack@n-api.service[1736052]: [pid: 1736052|app: 0|req: 13/46] 172.25.66.207 () {54 vars in 935 bytes} [Fri Oct 17 06:14:26 2025] GET /compute/v2.1 => generated 391 bytes in 11 msecs (HTTP/1.1 200) 9 headers in 357 bytes (1 switches on core 0)
Oct 17 06:14:26.303794 podb-esxi207 devstack@n-api.service[1736050]: [pid: 1736050|app: 0|req: 12/47] 172.25.66.207 () {60 vars in 1294 bytes} [Fri Oct 17 06:14:26 2025] GET /compute/v2.1/servers/detail?deleted=False => generated 15 bytes in 173 msecs (HTTP/1.1 200) 9 headers in 358 bytes (1 switches on core 0)
Oct 17 06:15:11.760558 podb-esxi207 devstack@n-api.service[1736051]: [pid: 1736051|app: 0|req: 12/48] 172.25.66.207 () {60 vars in 1163 bytes} [Fri Oct 17 06:15:11 2025] POST /compute/v2.1/os-keypairs => generated 386 bytes in 320 msecs (HTTP/1.1 200) 9 headers in 357 bytes (1 switches on core 0)
Oct 17 06:15:14.294243 podb-esxi207 devstack@n-api.service[1736053]: [pid: 1736053|app: 0|req: 12/49] 172.25.66.207 () {60 vars in 1151 bytes} [Fri Oct 17 06:15:12 2025] POST /compute/v2.1/servers => generated 410 bytes in 1335 msecs (HTTP/1.1 202) 10 headers in 453 bytes (1 switches on core 0)
Oct 17 06:15:14.665381 podb-esxi207 devstack@n-api.service[1736052]: [pid: 1736052|app: 0|req: 14/50] 172.25.66.207 () {58 vars in 1240 bytes} [Fri Oct 17 06:15:14 2025] GET /compute/v2.1/servers/552454d4-6d16-4d9b-99ec-83f54af43103 => generated 1251 bytes in 361 msecs (HTTP/1.1 200) 9 headers in 358 bytes (1 switches on core 0)
Oct 17 06:15:16.257378 podb-esxi207 devstack@n-api.service[1736050]: [pid: 1736050|app: 0|req: 13/51] 172.25.66.207 () {58 vars in 1240 bytes} [Fri Oct 17 06:15:15 2025] GET /compute/v2.1/servers/552454d4-6d16-4d9b-99ec-83f54af43103 => generated 1247 bytes in 569 msecs (HTTP/1.1 200) 9 headers in 358 bytes (1 switches on core 0)
Oct 17 06:15:17.576607 podb-esxi207 devstack@n-api.service[1736051]: [pid: 1736051|app: 0|req: 13/52] 172.25.66.207 () {58 vars in 1240 bytes} [Fri Oct 17 06:15:17 2025] GET /compute/v2.1/servers/552454d4-6d16-4d9b-99ec-83f54af43103 => generated 1303 bytes in 293 msecs (HTTP/1.1 200) 9 headers in 358 bytes (1 switches on core 0)
Oct 17 06:15:18.888394 podb-esxi207 devstack@n-api.service[1736053]: [pid: 1736053|app: 0|req: 13/53] 172.25.66.207 () {58 vars in 1240 bytes} [Fri Oct 17 06:15:18 2025] GET /compute/v2.1/servers/552454d4-6d16-4d9b-99ec-83f54af43103 => generated 1311 bytes in 286 msecs (HTTP/1.1 200) 9 headers in 358 bytes (1 switches on core 0)
Oct 17 06:15:19.068354 podb-esxi207 devstack@n-api.service[1736052]: [pid: 1736052|app: 0|req: 15/54] 172.25.66.207 () {62 vars in 1204 bytes} [Fri Oct 17 06:15:18 2025] POST /compute/v2.1/os-keypairs => generated 401 bytes in 113 msecs (HTTP/1.1 201) 9 headers in 364 bytes (1 switches on core 0)
Oct 17 06:15:20.104472 podb-esxi207 devstack@n-api.service[1736050]: [pid: 1736050|app: 0|req: 14/55] 172.25.66.207 () {58 vars in 1240 bytes} [Fri Oct 17 06:15:19 2025] GET /compute/v2.1/servers/552454d4-6d16-4d9b-99ec-83f54af43103 => generated 1379 bytes in 186 msecs (HTTP/1.1 200) 9 headers in 358 bytes (1 switches on core 0)
Oct 17 06:15:20.648839 podb-esxi207 devstack@n-api.service[1736053]: [pid: 1736053|app: 0|req: 14/56] 172.25.66.207 () {64 vars in 1321 bytes} [Fri Oct 17 06:15:20 2025] POST /compute/v2.1/os-server-external-events => generated 179 bytes in 142 msecs (HTTP/1.1 200) 9 headers in 357 bytes (1 switches on core 0)
Oct 17 06:15:21.463136 podb-esxi207 devstack@n-api.service[1736052]: [pid: 1736052|app: 0|req: 16/57] 172.25.66.207 () {58 vars in 1240 bytes} [Fri Oct 17 06:15:21 2025] GET /compute/v2.1/servers/552454d4-6d16-4d9b-99ec-83f54af43103 => generated 1377 bytes in 333 msecs (HTTP/1.1 200) 9 headers in 358 bytes (1 switches on core 0)
Oct 17 06:15:21.564696 podb-esxi207 devstack@n-api.service[1736051]: [pid: 1736051|app: 0|req: 14/58] 172.25.66.207 () {62 vars in 1192 bytes} [Fri Oct 17 06:15:20 2025] POST /compute/v2.1/servers => generated 32 bytes in 1062 msecs (HTTP/1.1 202) 9 headers in 364 bytes (2 switches on core 0)
Oct 17 06:15:21.648473 podb-esxi207 devstack@n-api.service[1736050]: [pid: 1736050|app: 0|req: 15/59] 172.25.66.207 () {60 vars in 1170 bytes} [Fri Oct 17 06:15:21 2025] GET /compute/v2.1/servers => generated 687 bytes in 77 msecs (HTTP/1.1 200) 9 headers in 359 bytes (1 switches on core 0)
Oct 17 06:15:21.761470 podb-esxi207 devstack@n-api.service[1736053]: [pid: 1736053|app: 0|req: 15/60] 172.25.66.207 () {60 vars in 1281 bytes} [Fri Oct 17 06:15:21 2025] GET /compute/v2.1/servers/d36c357e-427d-461f-866d-bdeb5b045750 => generated 1339 bytes in 101 msecs (HTTP/1.1 200) 9 headers in 360 bytes (1 switches on core 0)
Oct 17 06:15:22.682853 podb-esxi207 devstack@n-api.service[1736052]: [pid: 1736052|app: 0|req: 17/61] 172.25.66.207 () {58 vars in 1240 bytes} [Fri Oct 17 06:15:22 2025] GET /compute/v2.1/servers/552454d4-6d16-4d9b-99ec-83f54af43103 => generated 1377 bytes in 192 msecs (HTTP/1.1 200) 9 headers in 358 bytes (1 switches on core 0)
Oct 17 06:15:22.913912 podb-esxi207 devstack@n-api.service[1736051]: [pid: 1736051|app: 0|req: 15/62] 172.25.66.207 () {60 vars in 1281 bytes} [Fri Oct 17 06:15:22 2025] GET /compute/v2.1/servers/d36c357e-427d-461f-866d-bdeb5b045750 => generated 1343 bytes in 126 msecs (HTTP/1.1 200) 9 headers in 360 bytes (1 switches on core 0)
Oct 17 06:15:24.012309 podb-esxi207 devstack@n-api.service[1736050]: [pid: 1736050|app: 0|req: 16/63] 172.25.66.207 () {58 vars in 1240 bytes} [Fri Oct 17 06:15:23 2025] GET /compute/v2.1/servers/552454d4-6d16-4d9b-99ec-83f54af43103 => generated 1377 bytes in 304 msecs (HTTP/1.1 200) 9 headers in 358 bytes (1 switches on core 0)
Oct 17 06:15:24.080857 podb-esxi207 devstack@n-api.service[1736053]: [pid: 1736053|app: 0|req: 16/64] 172.25.66.207 () {60 vars in 1281 bytes} [Fri Oct 17 06:15:23 2025] GET /compute/v2.1/servers/d36c357e-427d-461f-866d-bdeb5b045750 => generated 1335 bytes in 137 msecs (HTTP/1.1 200) 9 headers in 360 bytes (1 switches on core 0)
Oct 17 06:15:25.214923 podb-esxi207 devstack@n-api.service[1736051]: [pid: 1736051|app: 0|req: 16/65] 172.25.66.207 () {60 vars in 1281 bytes} [Fri Oct 17 06:15:25 2025] GET /compute/v2.1/servers/d36c357e-427d-461f-866d-bdeb5b045750 => generated 1335 bytes in 105 msecs (HTTP/1.1 200) 9 headers in 360 bytes (1 switches on core 0)
Oct 17 06:15:25.223928 podb-esxi207 devstack@n-api.service[1736052]: [pid: 1736052|app: 0|req: 18/66] 172.25.66.207 () {58 vars in 1240 bytes} [Fri Oct 17 06:15:25 2025] GET /compute/v2.1/servers/552454d4-6d16-4d9b-99ec-83f54af43103 => generated 1377 bytes in 185 msecs (HTTP/1.1 200) 9 headers in 358 bytes (1 switches on core 0)
Oct 17 06:15:26.356128 podb-esxi207 devstack@n-api.service[1736053]: [pid: 1736053|app: 0|req: 17/67] 172.25.66.207 () {60 vars in 1281 bytes} [Fri Oct 17 06:15:26 2025] GET /compute/v2.1/servers/d36c357e-427d-461f-866d-bdeb5b045750 => generated 1391 bytes in 112 msecs (HTTP/1.1 200) 9 headers in 360 bytes (1 switches on core 0)
Oct 17 06:15:26.398568 podb-esxi207 devstack@n-api.service[1736050]: [pid: 1736050|app: 0|req: 17/68] 172.25.66.207 () {58 vars in 1240 bytes} [Fri Oct 17 06:15:26 2025] GET /compute/v2.1/servers/552454d4-6d16-4d9b-99ec-83f54af43103 => generated 1377 bytes in 156 msecs (HTTP/1.1 200) 9 headers in 358 bytes (1 switches on core 0)
Oct 17 06:15:27.481989 podb-esxi207 devstack@n-api.service[1736051]: [pid: 1736051|app: 0|req: 17/69] 172.25.66.207 () {60 vars in 1281 bytes} [Fri Oct 17 06:15:27 2025] GET /compute/v2.1/servers/d36c357e-427d-461f-866d-bdeb5b045750 => generated 1391 bytes in 96 msecs (HTTP/1.1 200) 9 headers in 360 bytes (1 switches on core 0)
Oct 17 06:15:27.527994 podb-esxi207 devstack@n-api.service[1736053]: [pid: 1736053|app: 0|req: 18/70] 172.25.66.207 () {64 vars in 1321 bytes} [Fri Oct 17 06:15:27 2025] POST /compute/v2.1/os-server-external-events => generated 183 bytes in 93 msecs (HTTP/1.1 200) 9 headers in 357 bytes (1 switches on core 0)
Oct 17 06:15:27.542748 podb-esxi207 devstack@n-api.service[1736050]: [pid: 1736050|app: 0|req: 18/71] 172.25.66.207 () {64 vars in 1321 bytes} [Fri Oct 17 06:15:27 2025] POST /compute/v2.1/os-server-external-events => generated 179 bytes in 71 msecs (HTTP/1.1 200) 9 headers in 357 bytes (1 switches on core 0)
Oct 17 06:15:27.587496 podb-esxi207 devstack@n-api.service[1736052]: [pid: 1736052|app: 0|req: 19/72] 172.25.66.207 () {58 vars in 1240 bytes} [Fri Oct 17 06:15:27 2025] GET /compute/v2.1/servers/552454d4-6d16-4d9b-99ec-83f54af43103 => generated 1377 bytes in 164 msecs (HTTP/1.1 200) 9 headers in 358 bytes (1 switches on core 0)
Oct 17 06:15:28.615776 podb-esxi207 devstack@n-api.service[1736051]: [pid: 1736051|app: 0|req: 18/73] 172.25.66.207 () {60 vars in 1281 bytes} [Fri Oct 17 06:15:28 2025] GET /compute/v2.1/servers/d36c357e-427d-461f-866d-bdeb5b045750 => generated 1399 bytes in 105 msecs (HTTP/1.1 200) 9 headers in 360 bytes (1 switches on core 0)
Oct 17 06:15:28.785661 podb-esxi207 devstack@n-api.service[1736053]: [pid: 1736053|app: 0|req: 19/74] 172.25.66.207 () {58 vars in 1240 bytes} [Fri Oct 17 06:15:28 2025] GET /compute/v2.1/servers/552454d4-6d16-4d9b-99ec-83f54af43103 => generated 1377 bytes in 172 msecs (HTTP/1.1 200) 9 headers in 358 bytes (1 switches on core 0)
Oct 17 06:15:29.796094 podb-esxi207 devstack@n-api.service[1736052]: [pid: 1736052|app: 0|req: 20/75] 172.25.66.207 () {64 vars in 1321 bytes} [Fri Oct 17 06:15:29 2025] POST /compute/v2.1/os-server-external-events => generated 179 bytes in 74 msecs (HTTP/1.1 200) 9 headers in 357 bytes (1 switches on core 0)
Oct 17 06:15:29.834974 podb-esxi207 devstack@n-api.service[1736050]: [pid: 1736050|app: 0|req: 19/76] 172.25.66.207 () {60 vars in 1281 bytes} [Fri Oct 17 06:15:29 2025] GET /compute/v2.1/servers/d36c357e-427d-461f-866d-bdeb5b045750 => generated 1467 bytes in 190 msecs (HTTP/1.1 200) 9 headers in 360 bytes (2 switches on core 0)
Oct 17 06:15:29.999140 podb-esxi207 devstack@n-api.service[1736051]: [pid: 1736051|app: 0|req: 19/77] 172.25.66.207 () {58 vars in 1240 bytes} [Fri Oct 17 06:15:29 2025] GET /compute/v2.1/servers/552454d4-6d16-4d9b-99ec-83f54af43103 => generated 1377 bytes in 197 msecs (HTTP/1.1 200) 9 headers in 358 bytes (1 switches on core 0)
Oct 17 06:15:31.021815 podb-esxi207 devstack@n-api.service[1736053]: [pid: 1736053|app: 0|req: 20/78] 172.25.66.207 () {60 vars in 1281 bytes} [Fri Oct 17 06:15:30 2025] GET /compute/v2.1/servers/d36c357e-427d-461f-866d-bdeb5b045750 => generated 1465 bytes in 158 msecs (HTTP/1.1 200) 9 headers in 360 bytes (1 switches on core 0)
Oct 17 06:15:31.203259 podb-esxi207 devstack@n-api.service[1736052]: [pid: 1736052|app: 0|req: 21/79] 172.25.66.207 () {58 vars in 1240 bytes} [Fri Oct 17 06:15:31 2025] GET /compute/v2.1/servers/552454d4-6d16-4d9b-99ec-83f54af43103 => generated 1566 bytes in 179 msecs (HTTP/1.1 200) 9 headers in 358 bytes (1 switches on core 0)
Oct 17 06:15:31.362018 podb-esxi207 devstack@n-api.service[1736050]: [pid: 1736050|app: 0|req: 20/80] 172.25.66.207 () {58 vars in 1279 bytes} [Fri Oct 17 06:15:31 2025] GET /compute/v2.1/servers/552454d4-6d16-4d9b-99ec-83f54af43103/os-interface => generated 283 bytes in 133 msecs (HTTP/1.1 200) 9 headers in 357 bytes (1 switches on core 0)
Oct 17 06:15:31.643646 podb-esxi207 devstack@n-api.service[1736051]: [pid: 1736051|app: 0|req: 20/81] 172.25.66.207 () {64 vars in 1321 bytes} [Fri Oct 17 06:15:31 2025] POST /compute/v2.1/os-server-external-events => generated 183 bytes in 127 msecs (HTTP/1.1 200) 9 headers in 357 bytes (1 switches on core 0)
Oct 17 06:15:32.240886 podb-esxi207 devstack@n-api.service[1736053]: [pid: 1736053|app: 0|req: 21/82] 172.25.66.207 () {60 vars in 1281 bytes} [Fri Oct 17 06:15:32 2025] GET /compute/v2.1/servers/d36c357e-427d-461f-866d-bdeb5b045750 => generated 1465 bytes in 191 msecs (HTTP/1.1 200) 9 headers in 360 bytes (1 switches on core 0)
Oct 17 06:15:32.410866 podb-esxi207 devstack@n-api.service[1736052]: [pid: 1736052|app: 0|req: 22/83] 172.25.66.207 () {64 vars in 1321 bytes} [Fri Oct 17 06:15:32 2025] POST /compute/v2.1/os-server-external-events => generated 179 bytes in 114 msecs (HTTP/1.1 200) 9 headers in 357 bytes (1 switches on core 0)
Oct 17 06:15:33.425472 podb-esxi207 devstack@n-api.service[1736050]: [pid: 1736050|app: 0|req: 21/84] 172.25.66.207 () {60 vars in 1281 bytes} [Fri Oct 17 06:15:33 2025] GET /compute/v2.1/servers/d36c357e-427d-461f-866d-bdeb5b045750 => generated 1465 bytes in 154 msecs (HTTP/1.1 200) 9 headers in 360 bytes (1 switches on core 0)
Oct 17 06:15:34.632701 podb-esxi207 devstack@n-api.service[1736051]: [pid: 1736051|app: 0|req: 21/85] 172.25.66.207 () {60 vars in 1281 bytes} [Fri Oct 17 06:15:34 2025] GET /compute/v2.1/servers/d36c357e-427d-461f-866d-bdeb5b045750 => generated 1465 bytes in 178 msecs (HTTP/1.1 200) 9 headers in 360 bytes (1 switches on core 0)
Oct 17 06:15:35.204177 podb-esxi207 devstack@n-api.service[1736053]: [pid: 1736053|app: 0|req: 22/86] 172.25.66.207 () {64 vars in 1321 bytes} [Fri Oct 17 06:15:35 2025] POST /compute/v2.1/os-server-external-events => generated 183 bytes in 37 msecs (HTTP/1.1 200) 9 headers in 357 bytes (1 switches on core 0)
Oct 17 06:15:35.829795 podb-esxi207 devstack@n-api.service[1736052]: [pid: 1736052|app: 0|req: 23/87] 172.25.66.207 () {60 vars in 1281 bytes} [Fri Oct 17 06:15:35 2025] GET /compute/v2.1/servers/d36c357e-427d-461f-866d-bdeb5b045750 => generated 1465 bytes in 170 msecs (HTTP/1.1 200) 9 headers in 360 bytes (1 switches on core 0)
Oct 17 06:15:36.991621 podb-esxi207 devstack@n-api.service[1736050]: [pid: 1736050|app: 0|req: 22/88] 172.25.66.207 () {60 vars in 1281 bytes} [Fri Oct 17 06:15:36 2025] GET /compute/v2.1/servers/d36c357e-427d-461f-866d-bdeb5b045750 => generated 1465 bytes in 141 msecs (HTTP/1.1 200) 9 headers in 360 bytes (1 switches on core 0)
Oct 17 06:15:38.167582 podb-esxi207 devstack@n-api.service[1736051]: [pid: 1736051|app: 0|req: 22/89] 172.25.66.207 () {60 vars in 1281 bytes} [Fri Oct 17 06:15:38 2025] GET /compute/v2.1/servers/d36c357e-427d-461f-866d-bdeb5b045750 => generated 1650 bytes in 149 msecs (HTTP/1.1 200) 9 headers in 360 bytes (1 switches on core 0)
Oct 17 06:15:38.366419 podb-esxi207 devstack@n-api.service[1736053]: [pid: 1736053|app: 0|req: 23/90] 172.25.66.207 () {60 vars in 1281 bytes} [Fri Oct 17 06:15:38 2025] GET /compute/v2.1/servers/665200ac-4475-4f3f-a916-63548c3e0d90 => generated 1649 bytes in 171 msecs (HTTP/1.1 200) 9 headers in 360 bytes (1 switches on core 0)
Oct 17 06:15:38.512020 podb-esxi207 devstack@n-api.service[1736052]: [pid: 1736052|app: 0|req: 24/91] 172.25.66.207 () {60 vars in 1320 bytes} [Fri Oct 17 06:15:38 2025] GET /compute/v2.1/servers/d36c357e-427d-461f-866d-bdeb5b045750/os-interface => generated 283 bytes in 119 msecs (HTTP/1.1 200) 9 headers in 359 bytes (1 switches on core 0)
Oct 17 06:15:39.275313 podb-esxi207 devstack@n-api.service[1736050]: [pid: 1736050|app: 0|req: 23/92] 172.25.66.207 () {64 vars in 1321 bytes} [Fri Oct 17 06:15:39 2025] POST /compute/v2.1/os-server-external-events => generated 179 bytes in 95 msecs (HTTP/1.1 200) 9 headers in 357 bytes (1 switches on core 0)
Oct 17 06:15:51.413968 podb-esxi207 devstack@n-api.service[1736051]: [pid: 1736051|app: 0|req: 23/93] 172.25.66.207 () {62 vars in 1204 bytes} [Fri Oct 17 06:15:51 2025] POST /compute/v2.1/os-keypairs => generated 400 bytes in 52 msecs (HTTP/1.1 201) 9 headers in 364 bytes (1 switches on core 0)
Oct 17 06:15:52.026208 podb-esxi207 devstack@n-api.service[1736053]: [pid: 1736053|app: 0|req: 24/94] 172.25.66.207 () {62 vars in 1204 bytes} [Fri Oct 17 06:15:51 2025] POST /compute/v2.1/os-keypairs => generated 400 bytes in 80 msecs (HTTP/1.1 201) 9 headers in 364 bytes (1 switches on core 0)
Oct 17 06:15:54.765048 podb-esxi207 devstack@n-api.service[1736052]: [pid: 1736052|app: 0|req: 25/95] 172.25.66.207 () {62 vars in 1193 bytes} [Fri Oct 17 06:15:52 2025] POST /compute/v2.1/servers => generated 409 bytes in 2351 msecs (HTTP/1.1 202) 10 headers in 455 bytes (1 switches on core 0)
Oct 17 06:15:54.880437 podb-esxi207 devstack@n-api.service[1736051]: [pid: 1736051|app: 0|req: 24/96] 172.25.66.207 () {60 vars in 1281 bytes} [Fri Oct 17 06:15:54 2025] GET /compute/v2.1/servers/e8d118ab-70ca-4a9b-ac74-58866c42ed50 => generated 1290 bytes in 105 msecs (HTTP/1.1 200) 9 headers in 360 bytes (1 switches on core 0)
Oct 17 06:15:55.245280 podb-esxi207 devstack@n-api.service[1736050]: [pid: 1736050|app: 0|req: 24/97] 172.25.66.207 () {62 vars in 1193 bytes} [Fri Oct 17 06:15:53 2025] POST /compute/v2.1/servers => generated 410 bytes in 2195 msecs (HTTP/1.1 202) 10 headers in 455 bytes (1 switches on core 0)
Oct 17 06:15:55.340725 podb-esxi207 devstack@n-api.service[1736053]: [pid: 1736053|app: 0|req: 25/98] 172.25.66.207 () {60 vars in 1281 bytes} [Fri Oct 17 06:15:55 2025] GET /compute/v2.1/servers/e4221014-45da-452e-a7a3-df17c5902126 => generated 1291 bytes in 85 msecs (HTTP/1.1 200) 9 headers in 360 bytes (1 switches on core 0)
Oct 17 06:15:55.994537 podb-esxi207 devstack@n-api.service[1736052]: [pid: 1736052|app: 0|req: 26/99] 172.25.66.207 () {60 vars in 1281 bytes} [Fri Oct 17 06:15:55 2025] GET /compute/v2.1/servers/e8d118ab-70ca-4a9b-ac74-58866c42ed50 => generated 1290 bytes in 83 msecs (HTTP/1.1 200) 9 headers in 360 bytes (1 switches on core 0)
Oct 17 06:15:56.460912 podb-esxi207 devstack@n-api.service[1736051]: [pid: 1736051|app: 0|req: 25/100] 172.25.66.207 () {60 vars in 1281 bytes} [Fri Oct 17 06:15:56 2025] GET /compute/v2.1/servers/e4221014-45da-452e-a7a3-df17c5902126 => generated 1291 bytes in 90 msecs (HTTP/1.1 200) 9 headers in 360 bytes (1 switches on core 0)
Oct 17 06:15:57.121612 podb-esxi207 devstack@n-api.service[1736050]: [pid: 1736050|app: 0|req: 25/101] 172.25.66.207 () {60 vars in 1281 bytes} [Fri Oct 17 06:15:57 2025] GET /compute/v2.1/servers/e8d118ab-70ca-4a9b-ac74-58866c42ed50 => generated 1524 bytes in 97 msecs (HTTP/1.1 200) 9 headers in 360 bytes (1 switches on core 0)
Oct 17 06:15:57.583393 podb-esxi207 devstack@n-api.service[1736053]: [pid: 1736053|app: 0|req: 26/102] 172.25.66.207 () {60 vars in 1281 bytes} [Fri Oct 17 06:15:57 2025] GET /compute/v2.1/servers/e4221014-45da-452e-a7a3-df17c5902126 => generated 1525 bytes in 93 msecs (HTTP/1.1 200) 9 headers in 360 bytes (1 switches on core 0)
Oct 17 06:15:58.245665 podb-esxi207 devstack@n-api.service[1736052]: [pid: 1736052|app: 0|req: 27/103] 172.25.66.207 () {60 vars in 1281 bytes} [Fri Oct 17 06:15:58 2025] GET /compute/v2.1/servers/e8d118ab-70ca-4a9b-ac74-58866c42ed50 => generated 1580 bytes in 94 msecs (HTTP/1.1 200) 9 headers in 360 bytes (1 switches on core 0)
Oct 17 06:15:58.711412 podb-esxi207 devstack@n-api.service[1736051]: [pid: 1736051|app: 0|req: 26/104] 172.25.66.207 () {60 vars in 1281 bytes} [Fri Oct 17 06:15:58 2025] GET /compute/v2.1/servers/e4221014-45da-452e-a7a3-df17c5902126 => generated 1525 bytes in 99 msecs (HTTP/1.1 200) 9 headers in 360 bytes (1 switches on core 0)
Oct 17 06:15:59.368118 podb-esxi207 devstack@n-api.service[1736050]: [pid: 1736050|app: 0|req: 26/105] 172.25.66.207 () {60 vars in 1281 bytes} [Fri Oct 17 06:15:59 2025] GET /compute/v2.1/servers/e8d118ab-70ca-4a9b-ac74-58866c42ed50 => generated 1580 bytes in 94 msecs (HTTP/1.1 200) 9 headers in 360 bytes (1 switches on core 0)
Oct 17 06:15:59.839560 podb-esxi207 devstack@n-api.service[1736053]: [pid: 1736053|app: 0|req: 27/106] 172.25.66.207 () {60 vars in 1281 bytes} [Fri Oct 17 06:15:59 2025] GET /compute/v2.1/servers/e4221014-45da-452e-a7a3-df17c5902126 => generated 1581 bytes in 99 msecs (HTTP/1.1 200) 9 headers in 360 bytes (1 switches on core 0)
Oct 17 06:16:00.480900 podb-esxi207 devstack@n-api.service[1736052]: [pid: 1736052|app: 0|req: 28/107] 172.25.66.207 () {60 vars in 1281 bytes} [Fri Oct 17 06:16:00 2025] GET /compute/v2.1/servers/e8d118ab-70ca-4a9b-ac74-58866c42ed50 => generated 1588 bytes in 84 msecs (HTTP/1.1 200) 9 headers in 360 bytes (1 switches on core 0)
Oct 17 06:16:00.973688 podb-esxi207 devstack@n-api.service[1736051]: [pid: 1736051|app: 0|req: 27/108] 172.25.66.207 () {60 vars in 1281 bytes} [Fri Oct 17 06:16:00 2025] GET /compute/v2.1/servers/e4221014-45da-452e-a7a3-df17c5902126 => generated 1581 bytes in 105 msecs (HTTP/1.1 200) 9 headers in 360 bytes (1 switches on core 0)
Oct 17 06:16:01.667308 podb-esxi207 devstack@n-api.service[1736050]: [pid: 1736050|app: 0|req: 27/109] 172.25.66.207 () {60 vars in 1281 bytes} [Fri Oct 17 06:16:01 2025] GET /compute/v2.1/servers/e8d118ab-70ca-4a9b-ac74-58866c42ed50 => generated 1747 bytes in 157 msecs (HTTP/1.1 200) 9 headers in 360 bytes (1 switches on core 0)
Oct 17 06:16:02.139709 podb-esxi207 devstack@n-api.service[1736053]: [pid: 1736053|app: 0|req: 28/110] 172.25.66.207 () {60 vars in 1281 bytes} [Fri Oct 17 06:16:02 2025] GET /compute/v2.1/servers/e4221014-45da-452e-a7a3-df17c5902126 => generated 1589 bytes in 138 msecs (HTTP/1.1 200) 9 headers in 360 bytes (1 switches on core 0)
Oct 17 06:16:02.694540 podb-esxi207 devstack@n-api.service[1736052]: [pid: 1736052|app: 0|req: 29/111] 172.25.66.207 () {64 vars in 1321 bytes} [Fri Oct 17 06:16:02 2025] POST /compute/v2.1/os-server-external-events => generated 179 bytes in 50 msecs (HTTP/1.1 200) 9 headers in 357 bytes (1 switches on core 0)
Oct 17 06:16:03.123967 podb-esxi207 devstack@n-api.service[1736051]: [pid: 1736051|app: 0|req: 28/112] 172.25.66.207 () {60 vars in 1281 bytes} [Fri Oct 17 06:16:02 2025] GET /compute/v2.1/servers/e8d118ab-70ca-4a9b-ac74-58866c42ed50 => generated 1849 bytes in 428 msecs (HTTP/1.1 200) 9 headers in 360 bytes (1 switches on core 0)
Oct 17 06:16:03.383944 podb-esxi207 devstack@n-api.service[1736050]: [pid: 1736050|app: 0|req: 28/113] 172.25.66.207 () {60 vars in 1281 bytes} [Fri Oct 17 06:16:03 2025] GET /compute/v2.1/servers/e4221014-45da-452e-a7a3-df17c5902126 => generated 1657 bytes in 224 msecs (HTTP/1.1 200) 9 headers in 360 bytes (1 switches on core 0)
Oct 17 06:16:04.343124 podb-esxi207 devstack@n-api.service[1736053]: [pid: 1736053|app: 0|req: 29/114] 172.25.66.207 () {60 vars in 1281 bytes} [Fri Oct 17 06:16:04 2025] GET /compute/v2.1/servers/e8d118ab-70ca-4a9b-ac74-58866c42ed50 => generated 1870 bytes in 194 msecs (HTTP/1.1 200) 9 headers in 360 bytes (1 switches on core 0)
Oct 17 06:16:04.667211 podb-esxi207 devstack@n-api.service[1736052]: [pid: 1736052|app: 0|req: 30/115] 172.25.66.207 () {60 vars in 1281 bytes} [Fri Oct 17 06:16:04 2025] GET /compute/v2.1/servers/e4221014-45da-452e-a7a3-df17c5902126 => generated 1751 bytes in 256 msecs (HTTP/1.1 200) 9 headers in 360 bytes (1 switches on core 0)
Oct 17 06:16:04.753736 podb-esxi207 devstack@n-api.service[1736051]: [pid: 1736051|app: 0|req: 29/116] 172.25.66.207 () {64 vars in 1321 bytes} [Fri Oct 17 06:16:04 2025] POST /compute/v2.1/os-server-external-events => generated 179 bytes in 40 msecs (HTTP/1.1 200) 9 headers in 357 bytes (1 switches on core 0)
Oct 17 06:16:05.558041 podb-esxi207 devstack@n-api.service[1736050]: [pid: 1736050|app: 0|req: 29/117] 172.25.66.207 () {60 vars in 1281 bytes} [Fri Oct 17 06:16:05 2025] GET /compute/v2.1/servers/e8d118ab-70ca-4a9b-ac74-58866c42ed50 => generated 1891 bytes in 185 msecs (HTTP/1.1 200) 9 headers in 360 bytes (1 switches on core 0)
Oct 17 06:16:05.677369 podb-esxi207 devstack@n-api.service[1736053]: [pid: 1736053|app: 0|req: 30/118] 172.25.66.207 () {64 vars in 1321 bytes} [Fri Oct 17 06:16:05 2025] POST /compute/v2.1/os-server-external-events => generated 179 bytes in 90 msecs (HTTP/1.1 200) 9 headers in 357 bytes (1 switches on core 0)
Oct 17 06:16:05.819784 podb-esxi207 devstack@n-api.service[1736051]: [pid: 1736051|app: 0|req: 30/119] 172.25.66.207 () {64 vars in 1321 bytes} [Fri Oct 17 06:16:05 2025] POST /compute/v2.1/os-server-external-events => generated 179 bytes in 42 msecs (HTTP/1.1 200) 9 headers in 357 bytes (1 switches on core 0)
Oct 17 06:16:05.911348 podb-esxi207 devstack@n-api.service[1736052]: [pid: 1736052|app: 0|req: 31/120] 172.25.66.207 () {60 vars in 1281 bytes} [Fri Oct 17 06:16:05 2025] GET /compute/v2.1/servers/e4221014-45da-452e-a7a3-df17c5902126 => generated 1855 bytes in 215 msecs (HTTP/1.1 200) 9 headers in 360 bytes (1 switches on core 0)
Oct 17 06:16:06.802655 podb-esxi207 devstack@n-api.service[1736053]: [pid: 1736053|app: 0|req: 31/121] 172.25.66.207 () {64 vars in 1321 bytes} [Fri Oct 17 06:16:06 2025] POST /compute/v2.1/os-server-external-events => generated 179 bytes in 40 msecs (HTTP/1.1 200) 9 headers in 357 bytes (1 switches on core 0)
Oct 17 06:16:06.890616 podb-esxi207 devstack@n-api.service[1736050]: [pid: 1736050|app: 0|req: 30/122] 172.25.66.207 () {60 vars in 1281 bytes} [Fri Oct 17 06:16:06 2025] GET /compute/v2.1/servers/e8d118ab-70ca-4a9b-ac74-58866c42ed50 => generated 1891 bytes in 303 msecs (HTTP/1.1 200) 9 headers in 360 bytes (1 switches on core 0)
Oct 17 06:16:07.151195 podb-esxi207 devstack@n-api.service[1736051]: [pid: 1736051|app: 0|req: 31/123] 172.25.66.207 () {60 vars in 1281 bytes} [Fri Oct 17 06:16:06 2025] GET /compute/v2.1/servers/e4221014-45da-452e-a7a3-df17c5902126 => generated 1876 bytes in 210 msecs (HTTP/1.1 200) 9 headers in 360 bytes (1 switches on core 0)
Oct 17 06:16:07.745573 podb-esxi207 devstack@n-api.service[1736052]: [pid: 1736052|app: 0|req: 32/124] 172.25.66.207 () {64 vars in 1321 bytes} [Fri Oct 17 06:16:07 2025] POST /compute/v2.1/os-server-external-events => generated 346 bytes in 53 msecs (HTTP/1.1 200) 9 headers in 357 bytes (1 switches on core 0)
Oct 17 06:16:07.870329 podb-esxi207 devstack@n-api.service[1736053]: [pid: 1736053|app: 0|req: 32/125] 172.25.66.207 () {64 vars in 1321 bytes} [Fri Oct 17 06:16:07 2025] POST /compute/v2.1/os-server-external-events => generated 346 bytes in 43 msecs (HTTP/1.1 200) 9 headers in 357 bytes (1 switches on core 0)
Oct 17 06:16:08.100046 podb-esxi207 devstack@n-api.service[1736050]: [pid: 1736050|app: 0|req: 31/126] 172.25.66.207 () {60 vars in 1281 bytes} [Fri Oct 17 06:16:07 2025] GET /compute/v2.1/servers/e8d118ab-70ca-4a9b-ac74-58866c42ed50 => generated 1891 bytes in 180 msecs (HTTP/1.1 200) 9 headers in 360 bytes (1 switches on core 0)
Oct 17 06:16:08.422793 podb-esxi207 devstack@n-api.service[1736051]: [pid: 1736051|app: 0|req: 32/127] 172.25.66.207 () {60 vars in 1281 bytes} [Fri Oct 17 06:16:08 2025] GET /compute/v2.1/servers/e4221014-45da-452e-a7a3-df17c5902126 => generated 1897 bytes in 241 msecs (HTTP/1.1 200) 9 headers in 360 bytes (1 switches on core 0)
Oct 17 06:16:09.319895 podb-esxi207 devstack@n-api.service[1736052]: [pid: 1736052|app: 0|req: 33/128] 172.25.66.207 () {60 vars in 1281 bytes} [Fri Oct 17 06:16:09 2025] GET /compute/v2.1/servers/e8d118ab-70ca-4a9b-ac74-58866c42ed50 => generated 1891 bytes in 190 msecs (HTTP/1.1 200) 9 headers in 360 bytes (2 switches on core 0)
Oct 17 06:16:09.704958 podb-esxi207 devstack@n-api.service[1736050]: [pid: 1736050|app: 0|req: 32/129] 172.25.66.207 () {64 vars in 1321 bytes} [Fri Oct 17 06:16:09 2025] POST /compute/v2.1/os-server-external-events => generated 179 bytes in 42 msecs (HTTP/1.1 200) 9 headers in 357 bytes (1 switches on core 0)
Oct 17 06:16:09.747300 podb-esxi207 devstack@n-api.service[1736053]: [pid: 1736053|app: 0|req: 33/130] 172.25.66.207 () {60 vars in 1281 bytes} [Fri Oct 17 06:16:09 2025] GET /compute/v2.1/servers/e4221014-45da-452e-a7a3-df17c5902126 => generated 1897 bytes in 293 msecs (HTTP/1.1 200) 9 headers in 360 bytes (1 switches on core 0)
Oct 17 06:16:09.802857 podb-esxi207 devstack@n-api.service[1736051]: [pid: 1736051|app: 0|req: 33/131] 172.25.66.207 () {64 vars in 1321 bytes} [Fri Oct 17 06:16:09 2025] POST /compute/v2.1/os-server-external-events => generated 179 bytes in 41 msecs (HTTP/1.1 200) 9 headers in 357 bytes (1 switches on core 0)
Oct 17 06:16:09.959032 podb-esxi207 devstack@n-api.service[1736052]: [pid: 1736052|app: 0|req: 34/132] 172.25.66.207 () {64 vars in 1321 bytes} [Fri Oct 17 06:16:09 2025] POST /compute/v2.1/os-server-external-events => generated 179 bytes in 75 msecs (HTTP/1.1 200) 9 headers in 357 bytes (1 switches on core 0)
Oct 17 06:16:10.522071 podb-esxi207 devstack@n-api.service[1736050]: [pid: 1736050|app: 0|req: 33/133] 172.25.66.207 () {60 vars in 1281 bytes} [Fri Oct 17 06:16:10 2025] GET /compute/v2.1/servers/e8d118ab-70ca-4a9b-ac74-58866c42ed50 => generated 1891 bytes in 174 msecs (HTTP/1.1 200) 9 headers in 360 bytes (1 switches on core 0)
Oct 17 06:16:11.007307 podb-esxi207 devstack@n-api.service[1736053]: [pid: 1736053|app: 0|req: 34/134] 172.25.66.207 () {60 vars in 1281 bytes} [Fri Oct 17 06:16:10 2025] GET /compute/v2.1/servers/e4221014-45da-452e-a7a3-df17c5902126 => generated 1897 bytes in 230 msecs (HTTP/1.1 200) 9 headers in 360 bytes (1 switches on core 0)
Oct 17 06:16:11.756518 podb-esxi207 devstack@n-api.service[1736052]: [pid: 1736052|app: 0|req: 35/135] 172.25.66.207 () {64 vars in 1321 bytes} [Fri Oct 17 06:16:11 2025] POST /compute/v2.1/os-server-external-events => generated 179 bytes in 44 msecs (HTTP/1.1 200) 9 headers in 357 bytes (1 switches on core 0)
Oct 17 06:16:11.911063 podb-esxi207 devstack@n-api.service[1736051]: [pid: 1736051|app: 0|req: 34/136] 172.25.66.207 () {60 vars in 1281 bytes} [Fri Oct 17 06:16:11 2025] GET /compute/v2.1/servers/e8d118ab-70ca-4a9b-ac74-58866c42ed50 => generated 1891 bytes in 360 msecs (HTTP/1.1 200) 9 headers in 360 bytes (1 switches on core 0)
Oct 17 06:16:12.222744 podb-esxi207 devstack@n-api.service[1736050]: [pid: 1736050|app: 0|req: 34/137] 172.25.66.207 () {60 vars in 1281 bytes} [Fri Oct 17 06:16:12 2025] GET /compute/v2.1/servers/e4221014-45da-452e-a7a3-df17c5902126 => generated 1897 bytes in 189 msecs (HTTP/1.1 200) 9 headers in 360 bytes (1 switches on core 0)
Oct 17 06:16:13.224682 podb-esxi207 devstack@n-api.service[1736053]: [pid: 1736053|app: 0|req: 35/138] 172.25.66.207 () {60 vars in 1281 bytes} [Fri Oct 17 06:16:12 2025] GET /compute/v2.1/servers/e8d118ab-70ca-4a9b-ac74-58866c42ed50 => generated 1891 bytes in 286 msecs (HTTP/1.1 200) 9 headers in 360 bytes (1 switches on core 0)
Oct 17 06:16:13.483609 podb-esxi207 devstack@n-api.service[1736052]: [pid: 1736052|app: 0|req: 36/139] 172.25.66.207 () {60 vars in 1281 bytes} [Fri Oct 17 06:16:13 2025] GET /compute/v2.1/servers/e4221014-45da-452e-a7a3-df17c5902126 => generated 1897 bytes in 233 msecs (HTTP/1.1 200) 9 headers in 360 bytes (1 switches on core 0)
Oct 17 06:16:13.822060 podb-esxi207 devstack@n-api.service[1736051]: [pid: 1736051|app: 0|req: 35/140] 172.25.66.207 () {64 vars in 1321 bytes} [Fri Oct 17 06:16:13 2025] POST /compute/v2.1/os-server-external-events => generated 179 bytes in 50 msecs (HTTP/1.1 200) 9 headers in 357 bytes (1 switches on core 0)
Oct 17 06:16:14.446793 podb-esxi207 devstack@n-api.service[1736050]: [pid: 1736050|app: 0|req: 35/141] 172.25.66.207 () {60 vars in 1281 bytes} [Fri Oct 17 06:16:14 2025] GET /compute/v2.1/servers/e8d118ab-70ca-4a9b-ac74-58866c42ed50 => generated 1891 bytes in 193 msecs (HTTP/1.1 200) 9 headers in 360 bytes (1 switches on core 0)
Oct 17 06:16:14.703005 podb-esxi207 devstack@n-api.service[1736053]: [pid: 1736053|app: 0|req: 36/142] 172.25.66.207 () {60 vars in 1281 bytes} [Fri Oct 17 06:16:14 2025] GET /compute/v2.1/servers/e4221014-45da-452e-a7a3-df17c5902126 => generated 1897 bytes in 191 msecs (HTTP/1.1 200) 9 headers in 360 bytes (1 switches on core 0)
Oct 17 06:16:15.679860 podb-esxi207 devstack@n-api.service[1736052]: [pid: 1736052|app: 0|req: 37/143] 172.25.66.207 () {60 vars in 1281 bytes} [Fri Oct 17 06:16:15 2025] GET /compute/v2.1/servers/e8d118ab-70ca-4a9b-ac74-58866c42ed50 => generated 1891 bytes in 204 msecs (HTTP/1.1 200) 9 headers in 360 bytes (1 switches on core 0)
Oct 17 06:16:16.028517 podb-esxi207 devstack@n-api.service[1736051]: [pid: 1736051|app: 0|req: 36/144] 172.25.66.207 () {60 vars in 1281 bytes} [Fri Oct 17 06:16:15 2025] GET /compute/v2.1/servers/e4221014-45da-452e-a7a3-df17c5902126 => generated 1897 bytes in 297 msecs (HTTP/1.1 200) 9 headers in 360 bytes (1 switches on core 0)
