Oct 17 06:17:03.189180 podb-esxi207 dnsmasq-dhcp[1764939]: DHCPDISCOVER(tap6cf92e15-12) fa:16:3e:00:36:a0
Oct 17 06:17:03.189204 podb-esxi207 dnsmasq-dhcp[1764939]: DHCPOFFER(tap6cf92e15-12) 10.1.1.215 fa:16:3e:00:36:a0
Oct 17 06:17:03.199824 podb-esxi207 dnsmasq-dhcp[1764939]: DHCPREQUEST(tap6cf92e15-12) 10.1.1.215 fa:16:3e:00:36:a0
Oct 17 06:17:03.199853 podb-esxi207 dnsmasq-dhcp[1764939]: DHCPACK(tap6cf92e15-12) 10.1.1.215 fa:16:3e:00:36:a0 host-10-1-1-215
Oct 17 06:17:03.408832 podb-esxi207 dnsmasq-dhcp[1764645]: DHCPDISCOVER(tap15b4552e-08) fa:16:3e:90:63:6b
Oct 17 06:17:03.408856 podb-esxi207 dnsmasq-dhcp[1764645]: DHCPOFFER(tap15b4552e-08) 10.1.0.13 fa:16:3e:90:63:6b
Oct 17 06:17:03.412215 podb-esxi207 dnsmasq-dhcp[1764645]: DHCPREQUEST(tap15b4552e-08) 10.1.0.13 fa:16:3e:90:63:6b
Oct 17 06:17:03.412241 podb-esxi207 dnsmasq-dhcp[1764645]: DHCPACK(tap15b4552e-08) 10.1.0.13 fa:16:3e:90:63:6b host-10-1-0-13
Oct 17 06:17:03.753449 podb-esxi207 dnsmasq-dhcp[1764939]: DHCPDISCOVER(tap6cf92e15-12) fa:16:3e:34:69:22
Oct 17 06:17:03.753473 podb-esxi207 dnsmasq-dhcp[1764939]: DHCPOFFER(tap6cf92e15-12) 10.1.1.234 fa:16:3e:34:69:22
Oct 17 06:17:03.759074 podb-esxi207 dnsmasq-dhcp[1764939]: DHCPREQUEST(tap6cf92e15-12) 10.1.1.234 fa:16:3e:34:69:22
Oct 17 06:17:03.759100 podb-esxi207 dnsmasq-dhcp[1764939]: DHCPACK(tap6cf92e15-12) 10.1.1.234 fa:16:3e:34:69:22 host-10-1-1-234
Oct 17 06:17:03.803556 podb-esxi207 dnsmasq-dhcp[1764939]: DHCPDISCOVER(tap6cf92e15-12) fa:16:3e:12:5e:06
Oct 17 06:17:03.803581 podb-esxi207 dnsmasq-dhcp[1764939]: DHCPOFFER(tap6cf92e15-12) 10.1.1.182 fa:16:3e:12:5e:06
Oct 17 06:17:03.809331 podb-esxi207 dnsmasq-dhcp[1764939]: DHCPREQUEST(tap6cf92e15-12) 10.1.1.182 fa:16:3e:12:5e:06
Oct 17 06:17:03.809352 podb-esxi207 dnsmasq-dhcp[1764939]: DHCPACK(tap6cf92e15-12) 10.1.1.182 fa:16:3e:12:5e:06 host-10-1-1-182
Oct 17 06:17:04.019875 podb-esxi207 dnsmasq-dhcp[1764939]: DHCPDISCOVER(tap6cf92e15-12) fa:16:3e:93:de:81
Oct 17 06:17:04.019899 podb-esxi207 dnsmasq-dhcp[1764939]: DHCPOFFER(tap6cf92e15-12) 10.1.1.89 fa:16:3e:93:de:81
Oct 17 06:17:04.025334 podb-esxi207 dnsmasq-dhcp[1764939]: DHCPREQUEST(tap6cf92e15-12) 10.1.1.89 fa:16:3e:93:de:81
Oct 17 06:17:04.025358 podb-esxi207 dnsmasq-dhcp[1764939]: DHCPACK(tap6cf92e15-12) 10.1.1.89 fa:16:3e:93:de:81 host-10-1-1-89
Oct 17 06:17:04.204749 podb-esxi207 dnsmasq-dhcp[1765018]: DHCPDISCOVER(tap36622a6e-6c) fa:16:3e:20:e8:7f
Oct 17 06:17:04.204773 podb-esxi207 dnsmasq-dhcp[1765018]: DHCPOFFER(tap36622a6e-6c) 10.2.2.100 fa:16:3e:20:e8:7f
Oct 17 06:17:04.211244 podb-esxi207 dnsmasq-dhcp[1765018]: DHCPREQUEST(tap36622a6e-6c) 10.2.2.100 fa:16:3e:20:e8:7f
Oct 17 06:17:04.211272 podb-esxi207 dnsmasq-dhcp[1765018]: DHCPACK(tap36622a6e-6c) 10.2.2.100 fa:16:3e:20:e8:7f host-10-2-2-100
Oct 17 06:17:06.259694 podb-esxi207 dnsmasq-dhcp[1765081]: DHCPDISCOVER(tapc01402f7-e8) fa:16:3e:40:43:d6
Oct 17 06:17:06.259719 podb-esxi207 dnsmasq-dhcp[1765081]: DHCPOFFER(tapc01402f7-e8) 10.1.1.98 fa:16:3e:40:43:d6
Oct 17 06:17:06.286390 podb-esxi207 dnsmasq-dhcp[1764514]: DHCPDISCOVER(tapbe260812-e2) fa:16:3e:d5:35:f6
Oct 17 06:17:06.286418 podb-esxi207 dnsmasq-dhcp[1764514]: DHCPOFFER(tapbe260812-e2) 10.1.0.13 fa:16:3e:d5:35:f6
Oct 17 06:17:06.286767 podb-esxi207 dnsmasq-dhcp[1765151]: DHCPDISCOVER(tapad0cd59d-0b) fa:16:3e:1c:a9:8a
Oct 17 06:17:06.286788 podb-esxi207 dnsmasq-dhcp[1765151]: DHCPOFFER(tapad0cd59d-0b) 10.2.2.200 fa:16:3e:1c:a9:8a
Oct 17 06:17:06.322501 podb-esxi207 dnsmasq-dhcp[1765081]: DHCPDISCOVER(tapc01402f7-e8) fa:16:3e:2c:64:05
Oct 17 06:17:06.322525 podb-esxi207 dnsmasq-dhcp[1765081]: DHCPOFFER(tapc01402f7-e8) 10.1.1.174 fa:16:3e:2c:64:05
Oct 17 06:17:06.332151 podb-esxi207 dnsmasq-dhcp[1765081]: DHCPREQUEST(tapc01402f7-e8) 10.1.1.98 fa:16:3e:40:43:d6
Oct 17 06:17:06.332183 podb-esxi207 dnsmasq-dhcp[1765081]: DHCPACK(tapc01402f7-e8) 10.1.1.98 fa:16:3e:40:43:d6 host-10-1-1-98
Oct 17 06:17:06.333768 podb-esxi207 dnsmasq-dhcp[1765151]: DHCPREQUEST(tapad0cd59d-0b) 10.2.2.200 fa:16:3e:1c:a9:8a
Oct 17 06:17:06.333796 podb-esxi207 dnsmasq-dhcp[1765151]: DHCPACK(tapad0cd59d-0b) 10.2.2.200 fa:16:3e:1c:a9:8a host-10-2-2-200
Oct 17 06:17:06.357105 podb-esxi207 dnsmasq-dhcp[1764514]: DHCPREQUEST(tapbe260812-e2) 10.1.0.13 fa:16:3e:d5:35:f6
Oct 17 06:17:06.357125 podb-esxi207 dnsmasq-dhcp[1765151]: DHCPDISCOVER(tapad0cd59d-0b) fa:16:3e:0d:45:79
Oct 17 06:17:06.357136 podb-esxi207 dnsmasq-dhcp[1764514]: DHCPACK(tapbe260812-e2) 10.1.0.13 fa:16:3e:d5:35:f6 host-10-1-0-13
Oct 17 06:17:06.357145 podb-esxi207 dnsmasq-dhcp[1765151]: DHCPOFFER(tapad0cd59d-0b) 10.2.2.100 fa:16:3e:0d:45:79
Oct 17 06:17:06.363159 podb-esxi207 dnsmasq-dhcp[1765081]: DHCPREQUEST(tapc01402f7-e8) 10.1.1.174 fa:16:3e:2c:64:05
Oct 17 06:17:06.363193 podb-esxi207 dnsmasq-dhcp[1765081]: DHCPACK(tapc01402f7-e8) 10.1.1.174 fa:16:3e:2c:64:05 host-10-1-1-174
Oct 17 06:17:06.429498 podb-esxi207 dnsmasq-dhcp[1765151]: DHCPREQUEST(tapad0cd59d-0b) 10.2.2.100 fa:16:3e:0d:45:79
Oct 17 06:17:06.429525 podb-esxi207 dnsmasq-dhcp[1765151]: DHCPACK(tapad0cd59d-0b) 10.2.2.100 fa:16:3e:0d:45:79 host-10-2-2-100
Oct 17 06:17:06.659645 podb-esxi207 dnsmasq-dhcp[1765081]: DHCPDISCOVER(tapc01402f7-e8) fa:16:3e:d9:6c:bf
Oct 17 06:17:06.659674 podb-esxi207 dnsmasq-dhcp[1765081]: DHCPOFFER(tapc01402f7-e8) 10.1.1.249 fa:16:3e:d9:6c:bf
Oct 17 06:17:06.663152 podb-esxi207 dnsmasq-dhcp[1765081]: DHCPREQUEST(tapc01402f7-e8) 10.1.1.249 fa:16:3e:d9:6c:bf
Oct 17 06:17:06.663176 podb-esxi207 dnsmasq-dhcp[1765081]: DHCPACK(tapc01402f7-e8) 10.1.1.249 fa:16:3e:d9:6c:bf host-10-1-1-249
Oct 17 06:17:07.235817 podb-esxi207 dnsmasq-dhcp[1765081]: DHCPDISCOVER(tapc01402f7-e8) fa:16:3e:f4:97:12
Oct 17 06:17:07.235843 podb-esxi207 dnsmasq-dhcp[1765081]: DHCPOFFER(tapc01402f7-e8) 10.1.1.70 fa:16:3e:f4:97:12
Oct 17 06:17:07.239046 podb-esxi207 dnsmasq-dhcp[1765081]: DHCPREQUEST(tapc01402f7-e8) 10.1.1.70 fa:16:3e:f4:97:12
Oct 17 06:17:07.239073 podb-esxi207 dnsmasq-dhcp[1765081]: DHCPACK(tapc01402f7-e8) 10.1.1.70 fa:16:3e:f4:97:12 host-10-1-1-70
Oct 17 06:17:20.837120 podb-esxi207 sudo[1768625]:    stack : PWD=/ ; USER=root ; COMMAND=/opt/stack/data/venv/bin/neutron-rootwrap /etc/neutron/rootwrap.conf privsep-helper --config-file /etc/neutron/neutron.conf --config-file /etc/neutron/dhcp_agent.ini --privsep_context neutron.privileged.dhcp_release_cmd --privsep_sock_path /tmp/tmpfzqn0j7s/privsep.sock
Oct 17 06:17:20.837968 podb-esxi207 sudo[1768625]: pam_unix(sudo:session): session opened for user root(uid=0) by (uid=1001)
Oct 17 06:17:21.537200 podb-esxi207 sudo[1768625]: pam_unix(sudo:session): session closed for user root
Oct 17 06:17:21.763461 podb-esxi207 dnsmasq-dhcp[1764939]: DHCPRELEASE(tap6cf92e15-12) 10.1.1.89 fa:16:3e:93:de:81
Oct 17 06:17:21.776739 podb-esxi207 dnsmasq-dhcp[1764939]: DHCPRELEASE(tap6cf92e15-12) 10.1.1.89 fa:16:3e:93:de:81 unknown lease
Oct 17 06:17:22.599224 podb-esxi207 dnsmasq[1764939]: read /opt/stack/data/neutron/dhcp/1bb206b0-42c6-4c50-b81b-c7038ee3e50b/addn_hosts - 6 names
Oct 17 06:17:22.599336 podb-esxi207 dnsmasq-dhcp[1764939]: read /opt/stack/data/neutron/dhcp/1bb206b0-42c6-4c50-b81b-c7038ee3e50b/host
Oct 17 06:17:22.599408 podb-esxi207 dnsmasq-dhcp[1764939]: read /opt/stack/data/neutron/dhcp/1bb206b0-42c6-4c50-b81b-c7038ee3e50b/opts
Oct 17 06:17:22.808933 podb-esxi207 dnsmasq-dhcp[1765018]: DHCPRELEASE(tap36622a6e-6c) 10.2.2.100 fa:16:3e:20:e8:7f
Oct 17 06:17:22.824112 podb-esxi207 dnsmasq-dhcp[1765018]: DHCPRELEASE(tap36622a6e-6c) 10.2.2.100 fa:16:3e:20:e8:7f unknown lease
Oct 17 06:17:23.646846 podb-esxi207 dnsmasq[1765018]: read /opt/stack/data/neutron/dhcp/ee82af7c-13a6-480b-9ed4-35e49f61ca8c/addn_hosts - 2 names
Oct 17 06:17:23.646940 podb-esxi207 dnsmasq-dhcp[1765018]: read /opt/stack/data/neutron/dhcp/ee82af7c-13a6-480b-9ed4-35e49f61ca8c/host
Oct 17 06:17:23.647025 podb-esxi207 dnsmasq-dhcp[1765018]: read /opt/stack/data/neutron/dhcp/ee82af7c-13a6-480b-9ed4-35e49f61ca8c/opts
Oct 17 06:17:23.859620 podb-esxi207 dnsmasq-dhcp[1764645]: DHCPRELEASE(tap15b4552e-08) 10.1.0.13 fa:16:3e:90:63:6b
Oct 17 06:17:23.873065 podb-esxi207 dnsmasq-dhcp[1764645]: DHCPRELEASE(tap15b4552e-08) 10.1.0.13 fa:16:3e:90:63:6b unknown lease
Oct 17 06:17:24.695759 podb-esxi207 dnsmasq[1764645]: read /opt/stack/data/neutron/dhcp/b51b4bd4-e83f-43bd-81d4-ac4be3fbd03a/addn_hosts - 2 names
Oct 17 06:17:24.695859 podb-esxi207 dnsmasq-dhcp[1764645]: read /opt/stack/data/neutron/dhcp/b51b4bd4-e83f-43bd-81d4-ac4be3fbd03a/host
Oct 17 06:17:24.695961 podb-esxi207 dnsmasq-dhcp[1764645]: read /opt/stack/data/neutron/dhcp/b51b4bd4-e83f-43bd-81d4-ac4be3fbd03a/opts
Oct 17 06:17:24.919835 podb-esxi207 dnsmasq-dhcp[1764939]: DHCPRELEASE(tap6cf92e15-12) 10.1.1.234 fa:16:3e:34:69:22
Oct 17 06:17:24.935167 podb-esxi207 dnsmasq-dhcp[1764939]: DHCPRELEASE(tap6cf92e15-12) 10.1.1.234 fa:16:3e:34:69:22 unknown lease
Oct 17 06:17:25.760345 podb-esxi207 dnsmasq[1764939]: read /opt/stack/data/neutron/dhcp/1bb206b0-42c6-4c50-b81b-c7038ee3e50b/addn_hosts - 4 names
Oct 17 06:17:25.760442 podb-esxi207 dnsmasq-dhcp[1764939]: read /opt/stack/data/neutron/dhcp/1bb206b0-42c6-4c50-b81b-c7038ee3e50b/host
Oct 17 06:17:25.760527 podb-esxi207 dnsmasq-dhcp[1764939]: read /opt/stack/data/neutron/dhcp/1bb206b0-42c6-4c50-b81b-c7038ee3e50b/opts
Oct 17 06:17:25.983451 podb-esxi207 dnsmasq-dhcp[1765018]: DHCPRELEASE(tap36622a6e-6c) 10.2.2.200 fa:16:3e:89:16:b6
Oct 17 06:17:25.999747 podb-esxi207 dnsmasq-dhcp[1765018]: DHCPRELEASE(tap36622a6e-6c) 10.2.2.200 fa:16:3e:89:16:b6 unknown lease
Oct 17 06:17:26.822301 podb-esxi207 dnsmasq[1765018]: read /opt/stack/data/neutron/dhcp/ee82af7c-13a6-480b-9ed4-35e49f61ca8c/addn_hosts - 0 names
Oct 17 06:17:26.822363 podb-esxi207 dnsmasq-dhcp[1765018]: read /opt/stack/data/neutron/dhcp/ee82af7c-13a6-480b-9ed4-35e49f61ca8c/host
Oct 17 06:17:26.822423 podb-esxi207 dnsmasq-dhcp[1765018]: read /opt/stack/data/neutron/dhcp/ee82af7c-13a6-480b-9ed4-35e49f61ca8c/opts
Oct 17 06:17:27.038563 podb-esxi207 dnsmasq-dhcp[1765151]: DHCPRELEASE(tapad0cd59d-0b) 10.2.2.100 fa:16:3e:0d:45:79
Oct 17 06:17:27.053392 podb-esxi207 dnsmasq-dhcp[1765151]: DHCPRELEASE(tapad0cd59d-0b) 10.2.2.100 fa:16:3e:0d:45:79 unknown lease
Oct 17 06:17:27.877245 podb-esxi207 dnsmasq[1765151]: read /opt/stack/data/neutron/dhcp/c87664a4-624f-4ed5-a2ab-adcf5071c4c3/addn_hosts - 2 names
Oct 17 06:17:27.877347 podb-esxi207 dnsmasq-dhcp[1765151]: read /opt/stack/data/neutron/dhcp/c87664a4-624f-4ed5-a2ab-adcf5071c4c3/host
Oct 17 06:17:27.877426 podb-esxi207 dnsmasq-dhcp[1765151]: read /opt/stack/data/neutron/dhcp/c87664a4-624f-4ed5-a2ab-adcf5071c4c3/opts
Oct 17 06:17:28.098634 podb-esxi207 dnsmasq-dhcp[1765081]: DHCPRELEASE(tapc01402f7-e8) 10.1.1.174 fa:16:3e:2c:64:05
Oct 17 06:17:28.114717 podb-esxi207 dnsmasq-dhcp[1765081]: DHCPRELEASE(tapc01402f7-e8) 10.1.1.174 fa:16:3e:2c:64:05 unknown lease
Oct 17 06:17:28.938329 podb-esxi207 dnsmasq[1765081]: read /opt/stack/data/neutron/dhcp/1e66bcf7-75a6-4012-af2d-deae615ebcd0/addn_hosts - 6 names
Oct 17 06:17:28.938453 podb-esxi207 dnsmasq-dhcp[1765081]: read /opt/stack/data/neutron/dhcp/1e66bcf7-75a6-4012-af2d-deae615ebcd0/host
Oct 17 06:17:28.938546 podb-esxi207 dnsmasq-dhcp[1765081]: read /opt/stack/data/neutron/dhcp/1e66bcf7-75a6-4012-af2d-deae615ebcd0/opts
Oct 17 06:17:29.159835 podb-esxi207 dnsmasq-dhcp[1764514]: DHCPRELEASE(tapbe260812-e2) 10.1.0.13 fa:16:3e:d5:35:f6
Oct 17 06:17:29.175750 podb-esxi207 dnsmasq-dhcp[1764514]: DHCPRELEASE(tapbe260812-e2) 10.1.0.13 fa:16:3e:d5:35:f6 unknown lease
Oct 17 06:17:29.997468 podb-esxi207 dnsmasq[1764514]: read /opt/stack/data/neutron/dhcp/d549572a-3221-49ad-acf6-f7c615b18ef2/addn_hosts - 2 names
Oct 17 06:17:29.997568 podb-esxi207 dnsmasq-dhcp[1764514]: read /opt/stack/data/neutron/dhcp/d549572a-3221-49ad-acf6-f7c615b18ef2/host
Oct 17 06:17:29.997675 podb-esxi207 dnsmasq-dhcp[1764514]: read /opt/stack/data/neutron/dhcp/d549572a-3221-49ad-acf6-f7c615b18ef2/opts
Oct 17 06:17:30.212441 podb-esxi207 dnsmasq-dhcp[1765151]: DHCPRELEASE(tapad0cd59d-0b) 10.2.2.200 fa:16:3e:1c:a9:8a
Oct 17 06:17:30.226462 podb-esxi207 dnsmasq-dhcp[1765151]: DHCPRELEASE(tapad0cd59d-0b) 10.2.2.200 fa:16:3e:1c:a9:8a unknown lease
Oct 17 06:17:31.047892 podb-esxi207 dnsmasq[1765151]: read /opt/stack/data/neutron/dhcp/c87664a4-624f-4ed5-a2ab-adcf5071c4c3/addn_hosts - 0 names
Oct 17 06:17:31.047968 podb-esxi207 dnsmasq-dhcp[1765151]: read /opt/stack/data/neutron/dhcp/c87664a4-624f-4ed5-a2ab-adcf5071c4c3/host
Oct 17 06:17:31.048067 podb-esxi207 dnsmasq-dhcp[1765151]: read /opt/stack/data/neutron/dhcp/c87664a4-624f-4ed5-a2ab-adcf5071c4c3/opts
Oct 17 06:17:31.292087 podb-esxi207 dnsmasq-dhcp[1765081]: DHCPRELEASE(tapc01402f7-e8) 10.1.1.70 fa:16:3e:f4:97:12
Oct 17 06:17:31.308444 podb-esxi207 dnsmasq-dhcp[1765081]: DHCPRELEASE(tapc01402f7-e8) 10.1.1.70 fa:16:3e:f4:97:12 unknown lease
Oct 17 06:17:32.131310 podb-esxi207 dnsmasq[1765081]: read /opt/stack/data/neutron/dhcp/1e66bcf7-75a6-4012-af2d-deae615ebcd0/addn_hosts - 4 names
Oct 17 06:17:32.131405 podb-esxi207 dnsmasq-dhcp[1765081]: read /opt/stack/data/neutron/dhcp/1e66bcf7-75a6-4012-af2d-deae615ebcd0/host
Oct 17 06:17:32.131473 podb-esxi207 dnsmasq-dhcp[1765081]: read /opt/stack/data/neutron/dhcp/1e66bcf7-75a6-4012-af2d-deae615ebcd0/opts
Oct 17 06:17:38.994871 podb-esxi207 dnsmasq-dhcp[1764939]: DHCPRELEASE(tap6cf92e15-12) 10.1.1.182 fa:16:3e:12:5e:06
Oct 17 06:17:39.012076 podb-esxi207 dnsmasq-dhcp[1764939]: DHCPRELEASE(tap6cf92e15-12) 10.1.1.182 fa:16:3e:12:5e:06 unknown lease
Oct 17 06:17:39.837721 podb-esxi207 dnsmasq[1764939]: read /opt/stack/data/neutron/dhcp/1bb206b0-42c6-4c50-b81b-c7038ee3e50b/addn_hosts - 2 names
Oct 17 06:17:39.837828 podb-esxi207 dnsmasq-dhcp[1764939]: read /opt/stack/data/neutron/dhcp/1bb206b0-42c6-4c50-b81b-c7038ee3e50b/host
Oct 17 06:17:39.837918 podb-esxi207 dnsmasq-dhcp[1764939]: read /opt/stack/data/neutron/dhcp/1bb206b0-42c6-4c50-b81b-c7038ee3e50b/opts
Oct 17 06:17:41.091687 podb-esxi207 dnsmasq[1765018]: exiting on receipt of SIGTERM
Oct 17 06:17:41.700502 podb-esxi207 dnsmasq-dhcp[1765081]: DHCPRELEASE(tapc01402f7-e8) 10.1.1.249 fa:16:3e:d9:6c:bf
Oct 17 06:17:41.713039 podb-esxi207 dnsmasq-dhcp[1765081]: DHCPRELEASE(tapc01402f7-e8) 10.1.1.249 fa:16:3e:d9:6c:bf unknown lease
Oct 17 06:17:42.539642 podb-esxi207 dnsmasq[1765081]: read /opt/stack/data/neutron/dhcp/1e66bcf7-75a6-4012-af2d-deae615ebcd0/addn_hosts - 2 names
Oct 17 06:17:42.539765 podb-esxi207 dnsmasq-dhcp[1765081]: read /opt/stack/data/neutron/dhcp/1e66bcf7-75a6-4012-af2d-deae615ebcd0/host
Oct 17 06:17:42.539865 podb-esxi207 dnsmasq-dhcp[1765081]: read /opt/stack/data/neutron/dhcp/1e66bcf7-75a6-4012-af2d-deae615ebcd0/opts
Oct 17 06:17:42.770953 podb-esxi207 dnsmasq[1764939]: exiting on receipt of SIGTERM
Oct 17 06:17:43.890895 podb-esxi207 dnsmasq[1765081]: exiting on receipt of SIGTERM
Oct 17 06:17:44.491542 podb-esxi207 dnsmasq[1765151]: exiting on receipt of SIGTERM
Oct 17 06:17:57.272254 podb-esxi207 dnsmasq-dhcp[1764645]: DHCPRELEASE(tap15b4552e-08) 10.1.0.1 fa:16:3e:71:a9:a1
Oct 17 06:17:58.095934 podb-esxi207 dnsmasq[1764645]: read /opt/stack/data/neutron/dhcp/b51b4bd4-e83f-43bd-81d4-ac4be3fbd03a/addn_hosts - 0 names
Oct 17 06:17:58.096037 podb-esxi207 dnsmasq-dhcp[1764645]: read /opt/stack/data/neutron/dhcp/b51b4bd4-e83f-43bd-81d4-ac4be3fbd03a/host
Oct 17 06:17:58.096140 podb-esxi207 dnsmasq-dhcp[1764645]: read /opt/stack/data/neutron/dhcp/b51b4bd4-e83f-43bd-81d4-ac4be3fbd03a/opts
Oct 17 06:17:58.875111 podb-esxi207 dnsmasq[1764645]: exiting on receipt of SIGTERM
Oct 17 06:17:59.514995 podb-esxi207 dnsmasq-dhcp[1764788]: DHCPRELEASE(tapebb071f8-71) 10.1.0.1 fa:16:3e:a4:f6:48
Oct 17 06:18:00.337741 podb-esxi207 dnsmasq[1764788]: read /opt/stack/data/neutron/dhcp/0f2ecbb7-9219-4a42-9c14-396bcc8c8117/addn_hosts - 0 names
Oct 17 06:18:00.337818 podb-esxi207 dnsmasq-dhcp[1764788]: read /opt/stack/data/neutron/dhcp/0f2ecbb7-9219-4a42-9c14-396bcc8c8117/host
Oct 17 06:18:00.337871 podb-esxi207 dnsmasq-dhcp[1764788]: read /opt/stack/data/neutron/dhcp/0f2ecbb7-9219-4a42-9c14-396bcc8c8117/opts
Oct 17 06:18:00.580989 podb-esxi207 dnsmasq-dhcp[1764514]: DHCPRELEASE(tapbe260812-e2) 10.1.0.1 fa:16:3e:27:89:30
Oct 17 06:18:01.403418 podb-esxi207 dnsmasq[1764514]: read /opt/stack/data/neutron/dhcp/d549572a-3221-49ad-acf6-f7c615b18ef2/addn_hosts - 0 names
Oct 17 06:18:01.403527 podb-esxi207 dnsmasq-dhcp[1764514]: read /opt/stack/data/neutron/dhcp/d549572a-3221-49ad-acf6-f7c615b18ef2/host
Oct 17 06:18:01.403622 podb-esxi207 dnsmasq-dhcp[1764514]: read /opt/stack/data/neutron/dhcp/d549572a-3221-49ad-acf6-f7c615b18ef2/opts
Oct 17 06:18:01.676933 podb-esxi207 dnsmasq[1764514]: exiting on receipt of SIGTERM
Oct 17 06:18:02.296732 podb-esxi207 dnsmasq[1764788]: exiting on receipt of SIGTERM
Oct 17 06:18:02.931347 podb-esxi207 dnsmasq-dhcp[1764712]: DHCPRELEASE(tap4ae0cfc7-3f) 10.1.0.1 fa:16:3e:5f:20:cc
Oct 17 06:18:03.755234 podb-esxi207 dnsmasq[1764712]: read /opt/stack/data/neutron/dhcp/9e6c2aab-6834-474d-851e-318a05f0472a/addn_hosts - 0 names
Oct 17 06:18:03.755312 podb-esxi207 dnsmasq-dhcp[1764712]: read /opt/stack/data/neutron/dhcp/9e6c2aab-6834-474d-851e-318a05f0472a/host
Oct 17 06:18:03.755407 podb-esxi207 dnsmasq-dhcp[1764712]: read /opt/stack/data/neutron/dhcp/9e6c2aab-6834-474d-851e-318a05f0472a/opts
Oct 17 06:18:06.707540 podb-esxi207 dnsmasq[1769638]: started, version 2.90 cachesize 150
Oct 17 06:18:06.707568 podb-esxi207 dnsmasq[1769638]: DNS service limited to local subnets
Oct 17 06:18:06.707583 podb-esxi207 dnsmasq[1769638]: compile time options: IPv6 GNU-getopt DBus no-UBus i18n IDN2 DHCP DHCPv6 no-Lua TFTP conntrack ipset no-nftset auth cryptohash DNSSEC loop-detect inotify dumpfile
Oct 17 06:18:06.707618 podb-esxi207 dnsmasq-dhcp[1769638]: DHCP, static leases only on 10.1.0.0, lease time 1d
Oct 17 06:18:06.707772 podb-esxi207 dnsmasq[1769638]: reading /etc/resolv.conf
Oct 17 06:18:06.707789 podb-esxi207 dnsmasq[1769638]: using nameserver 127.0.0.53#53
Oct 17 06:18:06.707870 podb-esxi207 dnsmasq[1769638]: read /opt/stack/data/neutron/dhcp/be873236-fb87-42a5-a2ff-033cc581ff10/addn_hosts - 0 names
Oct 17 06:18:06.707922 podb-esxi207 dnsmasq-dhcp[1769638]: read /opt/stack/data/neutron/dhcp/be873236-fb87-42a5-a2ff-033cc581ff10/host
Oct 17 06:18:06.707986 podb-esxi207 dnsmasq-dhcp[1769638]: read /opt/stack/data/neutron/dhcp/be873236-fb87-42a5-a2ff-033cc581ff10/opts
Oct 17 06:18:06.734577 podb-esxi207 dnsmasq[1764712]: exiting on receipt of SIGTERM
Oct 17 06:18:10.555529 podb-esxi207 dnsmasq[1769916]: started, version 2.90 cachesize 150
Oct 17 06:18:10.555553 podb-esxi207 dnsmasq[1769916]: DNS service limited to local subnets
Oct 17 06:18:10.555569 podb-esxi207 dnsmasq[1769916]: compile time options: IPv6 GNU-getopt DBus no-UBus i18n IDN2 DHCP DHCPv6 no-Lua TFTP conntrack ipset no-nftset auth cryptohash DNSSEC loop-detect inotify dumpfile
Oct 17 06:18:10.555604 podb-esxi207 dnsmasq-dhcp[1769916]: DHCP, static leases only on 10.1.0.0, lease time 1d
Oct 17 06:18:10.555754 podb-esxi207 dnsmasq[1769916]: reading /etc/resolv.conf
Oct 17 06:18:10.555774 podb-esxi207 dnsmasq[1769916]: using nameserver 127.0.0.53#53
Oct 17 06:18:10.555889 podb-esxi207 dnsmasq[1769916]: read /opt/stack/data/neutron/dhcp/e531cb68-18c4-4d5c-a5ff-3b6d510bf0a3/addn_hosts - 2 names
Oct 17 06:18:10.555946 podb-esxi207 dnsmasq-dhcp[1769916]: read /opt/stack/data/neutron/dhcp/e531cb68-18c4-4d5c-a5ff-3b6d510bf0a3/host
Oct 17 06:18:10.556022 podb-esxi207 dnsmasq-dhcp[1769916]: read /opt/stack/data/neutron/dhcp/e531cb68-18c4-4d5c-a5ff-3b6d510bf0a3/opts
Oct 17 06:18:11.604539 podb-esxi207 dnsmasq[1769638]: read /opt/stack/data/neutron/dhcp/be873236-fb87-42a5-a2ff-033cc581ff10/addn_hosts - 2 names
Oct 17 06:18:11.604741 podb-esxi207 dnsmasq-dhcp[1769638]: read /opt/stack/data/neutron/dhcp/be873236-fb87-42a5-a2ff-033cc581ff10/host
Oct 17 06:18:11.604898 podb-esxi207 dnsmasq-dhcp[1769638]: read /opt/stack/data/neutron/dhcp/be873236-fb87-42a5-a2ff-033cc581ff10/opts
Oct 17 06:18:13.367806 podb-esxi207 dnsmasq[1769916]: read /opt/stack/data/neutron/dhcp/e531cb68-18c4-4d5c-a5ff-3b6d510bf0a3/addn_hosts - 2 names
Oct 17 06:18:13.367947 podb-esxi207 dnsmasq-dhcp[1769916]: read /opt/stack/data/neutron/dhcp/e531cb68-18c4-4d5c-a5ff-3b6d510bf0a3/host
Oct 17 06:18:13.368057 podb-esxi207 dnsmasq-dhcp[1769916]: read /opt/stack/data/neutron/dhcp/e531cb68-18c4-4d5c-a5ff-3b6d510bf0a3/opts
Oct 17 06:18:14.111276 podb-esxi207 dnsmasq[1769638]: read /opt/stack/data/neutron/dhcp/be873236-fb87-42a5-a2ff-033cc581ff10/addn_hosts - 2 names
Oct 17 06:18:14.111387 podb-esxi207 dnsmasq-dhcp[1769638]: read /opt/stack/data/neutron/dhcp/be873236-fb87-42a5-a2ff-033cc581ff10/host
Oct 17 06:18:14.111506 podb-esxi207 dnsmasq-dhcp[1769638]: read /opt/stack/data/neutron/dhcp/be873236-fb87-42a5-a2ff-033cc581ff10/opts
Oct 17 06:18:15.358283 podb-esxi207 dnsmasq[1769916]: read /opt/stack/data/neutron/dhcp/e531cb68-18c4-4d5c-a5ff-3b6d510bf0a3/addn_hosts - 2 names
Oct 17 06:18:15.358367 podb-esxi207 dnsmasq-dhcp[1769916]: read /opt/stack/data/neutron/dhcp/e531cb68-18c4-4d5c-a5ff-3b6d510bf0a3/host
Oct 17 06:18:15.358458 podb-esxi207 dnsmasq-dhcp[1769916]: read /opt/stack/data/neutron/dhcp/e531cb68-18c4-4d5c-a5ff-3b6d510bf0a3/opts
Oct 17 06:18:16.106609 podb-esxi207 dnsmasq[1769638]: read /opt/stack/data/neutron/dhcp/be873236-fb87-42a5-a2ff-033cc581ff10/addn_hosts - 2 names
Oct 17 06:18:16.106703 podb-esxi207 dnsmasq-dhcp[1769638]: read /opt/stack/data/neutron/dhcp/be873236-fb87-42a5-a2ff-033cc581ff10/host
Oct 17 06:18:16.106815 podb-esxi207 dnsmasq-dhcp[1769638]: read /opt/stack/data/neutron/dhcp/be873236-fb87-42a5-a2ff-033cc581ff10/opts
Oct 17 06:18:17.357640 podb-esxi207 dnsmasq[1769916]: read /opt/stack/data/neutron/dhcp/e531cb68-18c4-4d5c-a5ff-3b6d510bf0a3/addn_hosts - 2 names
Oct 17 06:18:17.357775 podb-esxi207 dnsmasq-dhcp[1769916]: read /opt/stack/data/neutron/dhcp/e531cb68-18c4-4d5c-a5ff-3b6d510bf0a3/host
Oct 17 06:18:17.357884 podb-esxi207 dnsmasq-dhcp[1769916]: read /opt/stack/data/neutron/dhcp/e531cb68-18c4-4d5c-a5ff-3b6d510bf0a3/opts
Oct 17 06:18:18.103964 podb-esxi207 dnsmasq[1769638]: read /opt/stack/data/neutron/dhcp/be873236-fb87-42a5-a2ff-033cc581ff10/addn_hosts - 4 names
Oct 17 06:18:18.104098 podb-esxi207 dnsmasq-dhcp[1769638]: read /opt/stack/data/neutron/dhcp/be873236-fb87-42a5-a2ff-033cc581ff10/host
Oct 17 06:18:18.104205 podb-esxi207 dnsmasq-dhcp[1769638]: read /opt/stack/data/neutron/dhcp/be873236-fb87-42a5-a2ff-033cc581ff10/opts
Oct 17 06:18:19.359972 podb-esxi207 dnsmasq[1769638]: read /opt/stack/data/neutron/dhcp/be873236-fb87-42a5-a2ff-033cc581ff10/addn_hosts - 6 names
Oct 17 06:18:19.360077 podb-esxi207 dnsmasq-dhcp[1769638]: read /opt/stack/data/neutron/dhcp/be873236-fb87-42a5-a2ff-033cc581ff10/host
Oct 17 06:18:19.360146 podb-esxi207 dnsmasq-dhcp[1769638]: read /opt/stack/data/neutron/dhcp/be873236-fb87-42a5-a2ff-033cc581ff10/opts
Oct 17 06:18:20.614869 podb-esxi207 dnsmasq[1769916]: read /opt/stack/data/neutron/dhcp/e531cb68-18c4-4d5c-a5ff-3b6d510bf0a3/addn_hosts - 4 names
Oct 17 06:18:20.614997 podb-esxi207 dnsmasq-dhcp[1769916]: read /opt/stack/data/neutron/dhcp/e531cb68-18c4-4d5c-a5ff-3b6d510bf0a3/host
Oct 17 06:18:20.615115 podb-esxi207 dnsmasq-dhcp[1769916]: read /opt/stack/data/neutron/dhcp/e531cb68-18c4-4d5c-a5ff-3b6d510bf0a3/opts
Oct 17 06:18:35.511135 podb-esxi207 dnsmasq-dhcp[1769638]: DHCPDISCOVER(tap9324b084-0b) fa:16:3e:1d:72:2f
Oct 17 06:18:35.511164 podb-esxi207 dnsmasq-dhcp[1769638]: DHCPOFFER(tap9324b084-0b) 10.1.0.9 fa:16:3e:1d:72:2f
Oct 17 06:18:35.522481 podb-esxi207 dnsmasq-dhcp[1769638]: DHCPREQUEST(tap9324b084-0b) 10.1.0.9 fa:16:3e:1d:72:2f
Oct 17 06:18:35.522515 podb-esxi207 dnsmasq-dhcp[1769638]: DHCPACK(tap9324b084-0b) 10.1.0.9 fa:16:3e:1d:72:2f host-10-1-0-9
Oct 17 06:18:37.097378 podb-esxi207 dnsmasq-dhcp[1759848]: DHCPRELEASE(tapffc602c7-ec) 10.1.0.10 fa:16:3e:6d:3c:df
Oct 17 06:18:37.113238 podb-esxi207 dnsmasq-dhcp[1759848]: DHCPRELEASE(tapffc602c7-ec) 10.1.0.10 fa:16:3e:6d:3c:df unknown lease
Oct 17 06:18:37.933096 podb-esxi207 dnsmasq[1759848]: read /opt/stack/data/neutron/dhcp/78a317b8-69ef-4f4d-9112-d09b247cf26e/addn_hosts - 2 names
Oct 17 06:18:37.933205 podb-esxi207 dnsmasq-dhcp[1759848]: read /opt/stack/data/neutron/dhcp/78a317b8-69ef-4f4d-9112-d09b247cf26e/host
Oct 17 06:18:37.933367 podb-esxi207 dnsmasq-dhcp[1759848]: read /opt/stack/data/neutron/dhcp/78a317b8-69ef-4f4d-9112-d09b247cf26e/opts
Oct 17 06:18:42.662532 podb-esxi207 dnsmasq[1759848]: read /opt/stack/data/neutron/dhcp/78a317b8-69ef-4f4d-9112-d09b247cf26e/addn_hosts - 0 names
Oct 17 06:18:42.662632 podb-esxi207 dnsmasq-dhcp[1759848]: read /opt/stack/data/neutron/dhcp/78a317b8-69ef-4f4d-9112-d09b247cf26e/host
Oct 17 06:18:42.662725 podb-esxi207 dnsmasq-dhcp[1759848]: read /opt/stack/data/neutron/dhcp/78a317b8-69ef-4f4d-9112-d09b247cf26e/opts
Oct 17 06:18:43.672949 podb-esxi207 dnsmasq[1759848]: exiting on receipt of SIGTERM
Oct 17 06:18:44.291321 podb-esxi207 dnsmasq-dhcp[1761842]: DHCPRELEASE(tap9ca05496-12) 10.1.0.1 fa:16:3e:16:9a:00
Oct 17 06:18:44.648729 podb-esxi207 dnsmasq-dhcp[1769916]: DHCPDISCOVER(tap28533b87-a8) fa:16:3e:1d:77:e8
Oct 17 06:18:44.648755 podb-esxi207 dnsmasq-dhcp[1769916]: DHCPOFFER(tap28533b87-a8) 10.1.0.7 fa:16:3e:1d:77:e8
Oct 17 06:18:44.661219 podb-esxi207 dnsmasq-dhcp[1769916]: DHCPREQUEST(tap28533b87-a8) 10.1.0.7 fa:16:3e:1d:77:e8
Oct 17 06:18:44.661250 podb-esxi207 dnsmasq-dhcp[1769916]: DHCPACK(tap28533b87-a8) 10.1.0.7 fa:16:3e:1d:77:e8 host-10-1-0-7
Oct 17 06:18:45.112869 podb-esxi207 dnsmasq[1761842]: read /opt/stack/data/neutron/dhcp/d577ff2c-6586-4fcf-8882-fbe0511ba1a2/addn_hosts - 0 names
Oct 17 06:18:45.112933 podb-esxi207 dnsmasq-dhcp[1761842]: read /opt/stack/data/neutron/dhcp/d577ff2c-6586-4fcf-8882-fbe0511ba1a2/host
Oct 17 06:18:45.113010 podb-esxi207 dnsmasq-dhcp[1761842]: read /opt/stack/data/neutron/dhcp/d577ff2c-6586-4fcf-8882-fbe0511ba1a2/opts
Oct 17 06:18:45.832514 podb-esxi207 dnsmasq[1761842]: exiting on receipt of SIGTERM
Oct 17 06:18:46.463825 podb-esxi207 dnsmasq-dhcp[1764105]: DHCPRELEASE(tapb6816164-57) 10.1.0.1 fa:16:3e:fa:19:f6
Oct 17 06:18:47.285657 podb-esxi207 dnsmasq[1764105]: read /opt/stack/data/neutron/dhcp/00f88350-9681-43ff-8f57-fab3da842c32/addn_hosts - 0 names
Oct 17 06:18:47.285723 podb-esxi207 dnsmasq-dhcp[1764105]: read /opt/stack/data/neutron/dhcp/00f88350-9681-43ff-8f57-fab3da842c32/host
Oct 17 06:18:47.285784 podb-esxi207 dnsmasq-dhcp[1764105]: read /opt/stack/data/neutron/dhcp/00f88350-9681-43ff-8f57-fab3da842c32/opts
Oct 17 06:18:47.501663 podb-esxi207 dnsmasq[1764105]: exiting on receipt of SIGTERM
Oct 17 06:18:49.169249 podb-esxi207 dnsmasq-dhcp[1761375]: DHCPRELEASE(tapa338905f-3e) 10.1.0.12 fa:16:3e:48:2e:65
Oct 17 06:18:49.185371 podb-esxi207 dnsmasq-dhcp[1761375]: DHCPRELEASE(tapa338905f-3e) 10.1.0.12 fa:16:3e:48:2e:65 unknown lease
Oct 17 06:18:50.009907 podb-esxi207 dnsmasq[1761375]: read /opt/stack/data/neutron/dhcp/e622985b-d9c5-41bc-8bd3-251a13212ab3/addn_hosts - 4 names
Oct 17 06:18:50.010031 podb-esxi207 dnsmasq-dhcp[1761375]: read /opt/stack/data/neutron/dhcp/e622985b-d9c5-41bc-8bd3-251a13212ab3/host
Oct 17 06:18:50.010147 podb-esxi207 dnsmasq-dhcp[1761375]: read /opt/stack/data/neutron/dhcp/e622985b-d9c5-41bc-8bd3-251a13212ab3/opts
Oct 17 06:18:52.847130 podb-esxi207 dnsmasq[1771359]: started, version 2.90 cachesize 150
Oct 17 06:18:52.847154 podb-esxi207 dnsmasq[1771359]: DNS service limited to local subnets
Oct 17 06:18:52.847168 podb-esxi207 dnsmasq[1771359]: compile time options: IPv6 GNU-getopt DBus no-UBus i18n IDN2 DHCP DHCPv6 no-Lua TFTP conntrack ipset no-nftset auth cryptohash DNSSEC loop-detect inotify dumpfile
Oct 17 06:18:52.847213 podb-esxi207 dnsmasq-dhcp[1771359]: DHCP, static leases only on 10.1.0.0, lease time 1d
Oct 17 06:18:52.847363 podb-esxi207 dnsmasq[1771359]: reading /etc/resolv.conf
Oct 17 06:18:52.847379 podb-esxi207 dnsmasq[1771359]: using nameserver 127.0.0.53#53
Oct 17 06:18:52.847460 podb-esxi207 dnsmasq[1771359]: read /opt/stack/data/neutron/dhcp/306aedf6-d999-4b8d-a5ed-105356e7dd50/addn_hosts - 0 names
Oct 17 06:18:52.847509 podb-esxi207 dnsmasq-dhcp[1771359]: read /opt/stack/data/neutron/dhcp/306aedf6-d999-4b8d-a5ed-105356e7dd50/host
Oct 17 06:18:52.847564 podb-esxi207 dnsmasq-dhcp[1771359]: read /opt/stack/data/neutron/dhcp/306aedf6-d999-4b8d-a5ed-105356e7dd50/opts
Oct 17 06:18:52.873909 podb-esxi207 dnsmasq-dhcp[1761375]: DHCPRELEASE(tapa338905f-3e) 10.1.0.9 fa:16:3e:de:bf:2a
Oct 17 06:18:52.889169 podb-esxi207 dnsmasq-dhcp[1761375]: DHCPRELEASE(tapa338905f-3e) 10.1.0.9 fa:16:3e:de:bf:2a unknown lease
Oct 17 06:18:53.710559 podb-esxi207 dnsmasq[1761375]: read /opt/stack/data/neutron/dhcp/e622985b-d9c5-41bc-8bd3-251a13212ab3/addn_hosts - 2 names
Oct 17 06:18:53.710641 podb-esxi207 dnsmasq-dhcp[1761375]: read /opt/stack/data/neutron/dhcp/e622985b-d9c5-41bc-8bd3-251a13212ab3/host
Oct 17 06:18:53.710748 podb-esxi207 dnsmasq-dhcp[1761375]: read /opt/stack/data/neutron/dhcp/e622985b-d9c5-41bc-8bd3-251a13212ab3/opts
Oct 17 06:18:56.716428 podb-esxi207 dnsmasq-dhcp[1769638]: DHCPDISCOVER(tap9324b084-0b) fa:16:3e:42:d3:91
Oct 17 06:18:56.716456 podb-esxi207 dnsmasq-dhcp[1769638]: DHCPOFFER(tap9324b084-0b) 10.1.0.12 fa:16:3e:42:d3:91
Oct 17 06:18:56.727344 podb-esxi207 dnsmasq-dhcp[1769638]: DHCPREQUEST(tap9324b084-0b) 10.1.0.12 fa:16:3e:42:d3:91
Oct 17 06:18:56.727379 podb-esxi207 dnsmasq-dhcp[1769638]: DHCPACK(tap9324b084-0b) 10.1.0.12 fa:16:3e:42:d3:91 host-10-1-0-12
Oct 17 06:18:57.074121 podb-esxi207 dnsmasq[1771731]: started, version 2.90 cachesize 150
Oct 17 06:18:57.074150 podb-esxi207 dnsmasq[1771731]: DNS service limited to local subnets
Oct 17 06:18:57.074165 podb-esxi207 dnsmasq[1771731]: compile time options: IPv6 GNU-getopt DBus no-UBus i18n IDN2 DHCP DHCPv6 no-Lua TFTP conntrack ipset no-nftset auth cryptohash DNSSEC loop-detect inotify dumpfile
Oct 17 06:18:57.074202 podb-esxi207 dnsmasq-dhcp[1771731]: DHCP, static leases only on 10.1.0.0, lease time 1d
Oct 17 06:18:57.074354 podb-esxi207 dnsmasq[1771731]: reading /etc/resolv.conf
Oct 17 06:18:57.074371 podb-esxi207 dnsmasq[1771731]: using nameserver 127.0.0.53#53
Oct 17 06:18:57.074486 podb-esxi207 dnsmasq[1771731]: read /opt/stack/data/neutron/dhcp/e728944f-a139-464e-a6af-30809917eb4a/addn_hosts - 2 names
Oct 17 06:18:57.074543 podb-esxi207 dnsmasq-dhcp[1771731]: read /opt/stack/data/neutron/dhcp/e728944f-a139-464e-a6af-30809917eb4a/host
Oct 17 06:18:57.074621 podb-esxi207 dnsmasq-dhcp[1771731]: read /opt/stack/data/neutron/dhcp/e728944f-a139-464e-a6af-30809917eb4a/opts
Oct 17 06:18:58.113825 podb-esxi207 dnsmasq[1771359]: read /opt/stack/data/neutron/dhcp/306aedf6-d999-4b8d-a5ed-105356e7dd50/addn_hosts - 2 names
Oct 17 06:18:58.113920 podb-esxi207 dnsmasq-dhcp[1771359]: read /opt/stack/data/neutron/dhcp/306aedf6-d999-4b8d-a5ed-105356e7dd50/host
Oct 17 06:18:58.114018 podb-esxi207 dnsmasq-dhcp[1771359]: read /opt/stack/data/neutron/dhcp/306aedf6-d999-4b8d-a5ed-105356e7dd50/opts
Oct 17 06:18:59.895400 podb-esxi207 dnsmasq[1771731]: read /opt/stack/data/neutron/dhcp/e728944f-a139-464e-a6af-30809917eb4a/addn_hosts - 2 names
Oct 17 06:18:59.895492 podb-esxi207 dnsmasq-dhcp[1771731]: read /opt/stack/data/neutron/dhcp/e728944f-a139-464e-a6af-30809917eb4a/host
Oct 17 06:18:59.895588 podb-esxi207 dnsmasq-dhcp[1771731]: read /opt/stack/data/neutron/dhcp/e728944f-a139-464e-a6af-30809917eb4a/opts
Oct 17 06:19:00.650771 podb-esxi207 dnsmasq[1771359]: read /opt/stack/data/neutron/dhcp/306aedf6-d999-4b8d-a5ed-105356e7dd50/addn_hosts - 2 names
Oct 17 06:19:00.650886 podb-esxi207 dnsmasq-dhcp[1771359]: read /opt/stack/data/neutron/dhcp/306aedf6-d999-4b8d-a5ed-105356e7dd50/host
Oct 17 06:19:00.650999 podb-esxi207 dnsmasq-dhcp[1771359]: read /opt/stack/data/neutron/dhcp/306aedf6-d999-4b8d-a5ed-105356e7dd50/opts
Oct 17 06:19:01.907915 podb-esxi207 dnsmasq[1771731]: read /opt/stack/data/neutron/dhcp/e728944f-a139-464e-a6af-30809917eb4a/addn_hosts - 2 names
Oct 17 06:19:01.908024 podb-esxi207 dnsmasq-dhcp[1771731]: read /opt/stack/data/neutron/dhcp/e728944f-a139-464e-a6af-30809917eb4a/host
Oct 17 06:19:01.908133 podb-esxi207 dnsmasq-dhcp[1771731]: read /opt/stack/data/neutron/dhcp/e728944f-a139-464e-a6af-30809917eb4a/opts
Oct 17 06:19:02.645762 podb-esxi207 dnsmasq[1771359]: read /opt/stack/data/neutron/dhcp/306aedf6-d999-4b8d-a5ed-105356e7dd50/addn_hosts - 2 names
Oct 17 06:19:02.645854 podb-esxi207 dnsmasq-dhcp[1771359]: read /opt/stack/data/neutron/dhcp/306aedf6-d999-4b8d-a5ed-105356e7dd50/host
Oct 17 06:19:02.645979 podb-esxi207 dnsmasq-dhcp[1771359]: read /opt/stack/data/neutron/dhcp/306aedf6-d999-4b8d-a5ed-105356e7dd50/opts
Oct 17 06:19:03.899356 podb-esxi207 dnsmasq[1771731]: read /opt/stack/data/neutron/dhcp/e728944f-a139-464e-a6af-30809917eb4a/addn_hosts - 2 names
Oct 17 06:19:03.899483 podb-esxi207 dnsmasq-dhcp[1771731]: read /opt/stack/data/neutron/dhcp/e728944f-a139-464e-a6af-30809917eb4a/host
Oct 17 06:19:03.899598 podb-esxi207 dnsmasq-dhcp[1771731]: read /opt/stack/data/neutron/dhcp/e728944f-a139-464e-a6af-30809917eb4a/opts
Oct 17 06:19:05.297987 podb-esxi207 dnsmasq[1771359]: read /opt/stack/data/neutron/dhcp/306aedf6-d999-4b8d-a5ed-105356e7dd50/addn_hosts - 4 names
Oct 17 06:19:05.298118 podb-esxi207 dnsmasq-dhcp[1771359]: read /opt/stack/data/neutron/dhcp/306aedf6-d999-4b8d-a5ed-105356e7dd50/host
Oct 17 06:19:05.298234 podb-esxi207 dnsmasq-dhcp[1771359]: read /opt/stack/data/neutron/dhcp/306aedf6-d999-4b8d-a5ed-105356e7dd50/opts
Oct 17 06:19:07.044235 podb-esxi207 dnsmasq-dhcp[1761375]: DHCPRELEASE(tapa338905f-3e) 10.1.0.1 fa:16:3e:ed:01:75
Oct 17 06:19:07.866109 podb-esxi207 dnsmasq[1761375]: read /opt/stack/data/neutron/dhcp/e622985b-d9c5-41bc-8bd3-251a13212ab3/addn_hosts - 0 names
Oct 17 06:19:07.866173 podb-esxi207 dnsmasq-dhcp[1761375]: read /opt/stack/data/neutron/dhcp/e622985b-d9c5-41bc-8bd3-251a13212ab3/host
Oct 17 06:19:07.866254 podb-esxi207 dnsmasq-dhcp[1761375]: read /opt/stack/data/neutron/dhcp/e622985b-d9c5-41bc-8bd3-251a13212ab3/opts
Oct 17 06:19:08.586807 podb-esxi207 dnsmasq[1761375]: exiting on receipt of SIGTERM
Oct 17 06:19:09.181121 podb-esxi207 dnsmasq-dhcp[1762476]: DHCPRELEASE(tapf7af1ba8-5d) 10.1.0.1 fa:16:3e:22:53:54
Oct 17 06:19:10.001391 podb-esxi207 dnsmasq[1762476]: read /opt/stack/data/neutron/dhcp/6ef8a31c-bdef-4480-9f4f-7efd418d9d7a/addn_hosts - 0 names
Oct 17 06:19:10.001456 podb-esxi207 dnsmasq-dhcp[1762476]: read /opt/stack/data/neutron/dhcp/6ef8a31c-bdef-4480-9f4f-7efd418d9d7a/host
Oct 17 06:19:10.001519 podb-esxi207 dnsmasq-dhcp[1762476]: read /opt/stack/data/neutron/dhcp/6ef8a31c-bdef-4480-9f4f-7efd418d9d7a/opts
Oct 17 06:19:10.223561 podb-esxi207 dnsmasq[1762476]: exiting on receipt of SIGTERM
Oct 17 06:19:10.865308 podb-esxi207 dnsmasq-dhcp[1763979]: DHCPRELEASE(tapa73b44b1-57) 10.1.0.1 fa:16:3e:2b:89:7b
Oct 17 06:19:11.688146 podb-esxi207 dnsmasq[1763979]: read /opt/stack/data/neutron/dhcp/6a71b24b-78b8-431e-92a5-f628b45fb3ae/addn_hosts - 0 names
Oct 17 06:19:11.688180 podb-esxi207 dnsmasq-dhcp[1763979]: read /opt/stack/data/neutron/dhcp/6a71b24b-78b8-431e-92a5-f628b45fb3ae/host
Oct 17 06:19:11.688209 podb-esxi207 dnsmasq-dhcp[1763979]: read /opt/stack/data/neutron/dhcp/6a71b24b-78b8-431e-92a5-f628b45fb3ae/opts
Oct 17 06:19:11.908361 podb-esxi207 dnsmasq[1763979]: exiting on receipt of SIGTERM
Oct 17 06:19:14.988075 podb-esxi207 dnsmasq-dhcp[1769638]: DHCPDISCOVER(tap9324b084-0b) fa:16:3e:1d:72:2f
Oct 17 06:19:14.988104 podb-esxi207 dnsmasq-dhcp[1769638]: DHCPOFFER(tap9324b084-0b) 10.1.0.9 fa:16:3e:1d:72:2f
Oct 17 06:19:14.998150 podb-esxi207 dnsmasq-dhcp[1769638]: DHCPREQUEST(tap9324b084-0b) 10.1.0.9 fa:16:3e:1d:72:2f
Oct 17 06:19:14.998180 podb-esxi207 dnsmasq-dhcp[1769638]: DHCPACK(tap9324b084-0b) 10.1.0.9 fa:16:3e:1d:72:2f host-10-1-0-9
Oct 17 06:19:16.677714 podb-esxi207 dnsmasq[1772626]: started, version 2.90 cachesize 150
Oct 17 06:19:16.677745 podb-esxi207 dnsmasq[1772626]: DNS service limited to local subnets
Oct 17 06:19:16.677760 podb-esxi207 dnsmasq[1772626]: compile time options: IPv6 GNU-getopt DBus no-UBus i18n IDN2 DHCP DHCPv6 no-Lua TFTP conntrack ipset no-nftset auth cryptohash DNSSEC loop-detect inotify dumpfile
Oct 17 06:19:16.677799 podb-esxi207 dnsmasq-dhcp[1772626]: DHCP, static leases only on 10.1.0.0, lease time 1d
Oct 17 06:19:16.677958 podb-esxi207 dnsmasq[1772626]: reading /etc/resolv.conf
Oct 17 06:19:16.677975 podb-esxi207 dnsmasq[1772626]: using nameserver 127.0.0.53#53
Oct 17 06:19:16.678063 podb-esxi207 dnsmasq[1772626]: read /opt/stack/data/neutron/dhcp/db4036e6-cb22-466e-a3f6-05a4c5aef50e/addn_hosts - 0 names
Oct 17 06:19:16.678114 podb-esxi207 dnsmasq-dhcp[1772626]: read /opt/stack/data/neutron/dhcp/db4036e6-cb22-466e-a3f6-05a4c5aef50e/host
Oct 17 06:19:16.678174 podb-esxi207 dnsmasq-dhcp[1772626]: read /opt/stack/data/neutron/dhcp/db4036e6-cb22-466e-a3f6-05a4c5aef50e/opts
Oct 17 06:19:17.718159 podb-esxi207 dnsmasq[1769638]: read /opt/stack/data/neutron/dhcp/be873236-fb87-42a5-a2ff-033cc581ff10/addn_hosts - 8 names
Oct 17 06:19:17.718254 podb-esxi207 dnsmasq-dhcp[1769638]: read /opt/stack/data/neutron/dhcp/be873236-fb87-42a5-a2ff-033cc581ff10/host
Oct 17 06:19:17.718347 podb-esxi207 dnsmasq-dhcp[1769638]: read /opt/stack/data/neutron/dhcp/be873236-fb87-42a5-a2ff-033cc581ff10/opts
Oct 17 06:19:18.939036 podb-esxi207 dnsmasq[1772626]: read /opt/stack/data/neutron/dhcp/db4036e6-cb22-466e-a3f6-05a4c5aef50e/addn_hosts - 2 names
Oct 17 06:19:18.939116 podb-esxi207 dnsmasq-dhcp[1772626]: read /opt/stack/data/neutron/dhcp/db4036e6-cb22-466e-a3f6-05a4c5aef50e/host
Oct 17 06:19:18.939184 podb-esxi207 dnsmasq-dhcp[1772626]: read /opt/stack/data/neutron/dhcp/db4036e6-cb22-466e-a3f6-05a4c5aef50e/opts
Oct 17 06:19:21.781100 podb-esxi207 dnsmasq[1773139]: started, version 2.90 cachesize 150
Oct 17 06:19:21.781126 podb-esxi207 dnsmasq[1773139]: DNS service limited to local subnets
Oct 17 06:19:21.781140 podb-esxi207 dnsmasq[1773139]: compile time options: IPv6 GNU-getopt DBus no-UBus i18n IDN2 DHCP DHCPv6 no-Lua TFTP conntrack ipset no-nftset auth cryptohash DNSSEC loop-detect inotify dumpfile
Oct 17 06:19:21.781176 podb-esxi207 dnsmasq-dhcp[1773139]: DHCP, static leases only on 10.1.0.0, lease time 1d
Oct 17 06:19:21.781323 podb-esxi207 dnsmasq[1773139]: reading /etc/resolv.conf
Oct 17 06:19:21.781338 podb-esxi207 dnsmasq[1773139]: using nameserver 127.0.0.53#53
Oct 17 06:19:21.781440 podb-esxi207 dnsmasq[1773139]: read /opt/stack/data/neutron/dhcp/17e60e40-3f25-4194-b013-183a38771303/addn_hosts - 2 names
Oct 17 06:19:21.781502 podb-esxi207 dnsmasq-dhcp[1773139]: read /opt/stack/data/neutron/dhcp/17e60e40-3f25-4194-b013-183a38771303/host
Oct 17 06:19:21.781568 podb-esxi207 dnsmasq-dhcp[1773139]: read /opt/stack/data/neutron/dhcp/17e60e40-3f25-4194-b013-183a38771303/opts
Oct 17 06:19:22.821234 podb-esxi207 dnsmasq[1772626]: read /opt/stack/data/neutron/dhcp/db4036e6-cb22-466e-a3f6-05a4c5aef50e/addn_hosts - 2 names
Oct 17 06:19:22.821320 podb-esxi207 dnsmasq-dhcp[1772626]: read /opt/stack/data/neutron/dhcp/db4036e6-cb22-466e-a3f6-05a4c5aef50e/host
Oct 17 06:19:22.821389 podb-esxi207 dnsmasq-dhcp[1772626]: read /opt/stack/data/neutron/dhcp/db4036e6-cb22-466e-a3f6-05a4c5aef50e/opts
Oct 17 06:19:25.565820 podb-esxi207 dnsmasq[1773502]: started, version 2.90 cachesize 150
Oct 17 06:19:25.565839 podb-esxi207 dnsmasq[1773502]: DNS service limited to local subnets
Oct 17 06:19:25.565854 podb-esxi207 dnsmasq[1773502]: compile time options: IPv6 GNU-getopt DBus no-UBus i18n IDN2 DHCP DHCPv6 no-Lua TFTP conntrack ipset no-nftset auth cryptohash DNSSEC loop-detect inotify dumpfile
Oct 17 06:19:25.565894 podb-esxi207 dnsmasq-dhcp[1773502]: DHCP, static leases only on 10.1.0.0, lease time 1d
Oct 17 06:19:25.566044 podb-esxi207 dnsmasq[1773502]: reading /etc/resolv.conf
Oct 17 06:19:25.566060 podb-esxi207 dnsmasq[1773502]: using nameserver 127.0.0.53#53
Oct 17 06:19:25.566165 podb-esxi207 dnsmasq[1773502]: read /opt/stack/data/neutron/dhcp/ab1e46b6-980e-4155-bc0d-c59bb6ca5a7f/addn_hosts - 2 names
Oct 17 06:19:25.566227 podb-esxi207 dnsmasq-dhcp[1773502]: read /opt/stack/data/neutron/dhcp/ab1e46b6-980e-4155-bc0d-c59bb6ca5a7f/host
Oct 17 06:19:25.566292 podb-esxi207 dnsmasq-dhcp[1773502]: read /opt/stack/data/neutron/dhcp/ab1e46b6-980e-4155-bc0d-c59bb6ca5a7f/opts
Oct 17 06:19:26.600271 podb-esxi207 dnsmasq[1773139]: read /opt/stack/data/neutron/dhcp/17e60e40-3f25-4194-b013-183a38771303/addn_hosts - 2 names
Oct 17 06:19:26.600355 podb-esxi207 dnsmasq-dhcp[1773139]: read /opt/stack/data/neutron/dhcp/17e60e40-3f25-4194-b013-183a38771303/host
Oct 17 06:19:26.600450 podb-esxi207 dnsmasq-dhcp[1773139]: read /opt/stack/data/neutron/dhcp/17e60e40-3f25-4194-b013-183a38771303/opts
Oct 17 06:19:27.831447 podb-esxi207 dnsmasq[1772626]: read /opt/stack/data/neutron/dhcp/db4036e6-cb22-466e-a3f6-05a4c5aef50e/addn_hosts - 2 names
Oct 17 06:19:27.831517 podb-esxi207 dnsmasq-dhcp[1772626]: read /opt/stack/data/neutron/dhcp/db4036e6-cb22-466e-a3f6-05a4c5aef50e/host
Oct 17 06:19:27.831590 podb-esxi207 dnsmasq-dhcp[1772626]: read /opt/stack/data/neutron/dhcp/db4036e6-cb22-466e-a3f6-05a4c5aef50e/opts
Oct 17 06:19:29.062161 podb-esxi207 dnsmasq[1773502]: read /opt/stack/data/neutron/dhcp/ab1e46b6-980e-4155-bc0d-c59bb6ca5a7f/addn_hosts - 2 names
Oct 17 06:19:29.062236 podb-esxi207 dnsmasq-dhcp[1773502]: read /opt/stack/data/neutron/dhcp/ab1e46b6-980e-4155-bc0d-c59bb6ca5a7f/host
Oct 17 06:19:29.062304 podb-esxi207 dnsmasq-dhcp[1773502]: read /opt/stack/data/neutron/dhcp/ab1e46b6-980e-4155-bc0d-c59bb6ca5a7f/opts
Oct 17 06:19:29.790565 podb-esxi207 dnsmasq[1773139]: read /opt/stack/data/neutron/dhcp/17e60e40-3f25-4194-b013-183a38771303/addn_hosts - 2 names
Oct 17 06:19:29.790663 podb-esxi207 dnsmasq-dhcp[1773139]: read /opt/stack/data/neutron/dhcp/17e60e40-3f25-4194-b013-183a38771303/host
Oct 17 06:19:29.790768 podb-esxi207 dnsmasq-dhcp[1773139]: read /opt/stack/data/neutron/dhcp/17e60e40-3f25-4194-b013-183a38771303/opts
Oct 17 06:19:31.019601 podb-esxi207 dnsmasq[1772626]: read /opt/stack/data/neutron/dhcp/db4036e6-cb22-466e-a3f6-05a4c5aef50e/addn_hosts - 4 names
Oct 17 06:19:31.019746 podb-esxi207 dnsmasq-dhcp[1772626]: read /opt/stack/data/neutron/dhcp/db4036e6-cb22-466e-a3f6-05a4c5aef50e/host
Oct 17 06:19:31.019851 podb-esxi207 dnsmasq-dhcp[1772626]: read /opt/stack/data/neutron/dhcp/db4036e6-cb22-466e-a3f6-05a4c5aef50e/opts
Oct 17 06:19:31.768862 podb-esxi207 dnsmasq[1773502]: read /opt/stack/data/neutron/dhcp/ab1e46b6-980e-4155-bc0d-c59bb6ca5a7f/addn_hosts - 2 names
Oct 17 06:19:31.768951 podb-esxi207 dnsmasq-dhcp[1773502]: read /opt/stack/data/neutron/dhcp/ab1e46b6-980e-4155-bc0d-c59bb6ca5a7f/host
Oct 17 06:19:31.769061 podb-esxi207 dnsmasq-dhcp[1773502]: read /opt/stack/data/neutron/dhcp/ab1e46b6-980e-4155-bc0d-c59bb6ca5a7f/opts
Oct 17 06:19:32.493346 podb-esxi207 dnsmasq[1773139]: read /opt/stack/data/neutron/dhcp/17e60e40-3f25-4194-b013-183a38771303/addn_hosts - 2 names
Oct 17 06:19:32.493419 podb-esxi207 dnsmasq-dhcp[1773139]: read /opt/stack/data/neutron/dhcp/17e60e40-3f25-4194-b013-183a38771303/host
Oct 17 06:19:32.493488 podb-esxi207 dnsmasq-dhcp[1773139]: read /opt/stack/data/neutron/dhcp/17e60e40-3f25-4194-b013-183a38771303/opts
Oct 17 06:19:32.866544 podb-esxi207 dnsmasq-dhcp[1771359]: DHCPDISCOVER(tap225decc2-80) fa:16:3e:45:f5:2a
Oct 17 06:19:32.866568 podb-esxi207 dnsmasq-dhcp[1771359]: DHCPOFFER(tap225decc2-80) 10.1.0.6 fa:16:3e:45:f5:2a
Oct 17 06:19:32.876318 podb-esxi207 dnsmasq-dhcp[1771359]: DHCPREQUEST(tap225decc2-80) 10.1.0.6 fa:16:3e:45:f5:2a
Oct 17 06:19:32.876348 podb-esxi207 dnsmasq-dhcp[1771359]: DHCPACK(tap225decc2-80) 10.1.0.6 fa:16:3e:45:f5:2a host-10-1-0-6
Oct 17 06:19:33.727617 podb-esxi207 dnsmasq[1773502]: read /opt/stack/data/neutron/dhcp/ab1e46b6-980e-4155-bc0d-c59bb6ca5a7f/addn_hosts - 2 names
Oct 17 06:19:33.727714 podb-esxi207 dnsmasq-dhcp[1773502]: read /opt/stack/data/neutron/dhcp/ab1e46b6-980e-4155-bc0d-c59bb6ca5a7f/host
Oct 17 06:19:33.727816 podb-esxi207 dnsmasq-dhcp[1773502]: read /opt/stack/data/neutron/dhcp/ab1e46b6-980e-4155-bc0d-c59bb6ca5a7f/opts
Oct 17 06:19:37.547195 podb-esxi207 dnsmasq-dhcp[1769638]: DHCPDISCOVER(tap9324b084-0b) fa:16:3e:7b:39:1b
Oct 17 06:19:37.547223 podb-esxi207 dnsmasq-dhcp[1769638]: DHCPOFFER(tap9324b084-0b) 10.1.0.10 fa:16:3e:7b:39:1b
Oct 17 06:19:37.557568 podb-esxi207 dnsmasq-dhcp[1769638]: DHCPREQUEST(tap9324b084-0b) 10.1.0.10 fa:16:3e:7b:39:1b
Oct 17 06:19:37.557599 podb-esxi207 dnsmasq-dhcp[1769638]: DHCPACK(tap9324b084-0b) 10.1.0.10 fa:16:3e:7b:39:1b host-10-1-0-10
Oct 17 06:19:49.401654 podb-esxi207 dnsmasq[1772626]: read /opt/stack/data/neutron/dhcp/db4036e6-cb22-466e-a3f6-05a4c5aef50e/addn_hosts - 2 names
Oct 17 06:19:49.401824 podb-esxi207 dnsmasq-dhcp[1772626]: read /opt/stack/data/neutron/dhcp/db4036e6-cb22-466e-a3f6-05a4c5aef50e/host
Oct 17 06:19:49.401979 podb-esxi207 dnsmasq-dhcp[1772626]: read /opt/stack/data/neutron/dhcp/db4036e6-cb22-466e-a3f6-05a4c5aef50e/opts
Oct 17 06:19:54.016190 podb-esxi207 dnsmasq[1772626]: read /opt/stack/data/neutron/dhcp/db4036e6-cb22-466e-a3f6-05a4c5aef50e/addn_hosts - 0 names
Oct 17 06:19:54.016311 podb-esxi207 dnsmasq-dhcp[1772626]: read /opt/stack/data/neutron/dhcp/db4036e6-cb22-466e-a3f6-05a4c5aef50e/host
Oct 17 06:19:54.016407 podb-esxi207 dnsmasq-dhcp[1772626]: read /opt/stack/data/neutron/dhcp/db4036e6-cb22-466e-a3f6-05a4c5aef50e/opts
Oct 17 06:19:55.107924 podb-esxi207 dnsmasq[1772626]: exiting on receipt of SIGTERM
Oct 17 06:19:55.735036 podb-esxi207 dnsmasq-dhcp[1773139]: DHCPRELEASE(tapfcda2945-81) 10.1.0.1 fa:16:3e:2d:68:64
Oct 17 06:19:56.559169 podb-esxi207 dnsmasq[1773139]: read /opt/stack/data/neutron/dhcp/17e60e40-3f25-4194-b013-183a38771303/addn_hosts - 0 names
Oct 17 06:19:56.559247 podb-esxi207 dnsmasq-dhcp[1773139]: read /opt/stack/data/neutron/dhcp/17e60e40-3f25-4194-b013-183a38771303/host
Oct 17 06:19:56.559327 podb-esxi207 dnsmasq-dhcp[1773139]: read /opt/stack/data/neutron/dhcp/17e60e40-3f25-4194-b013-183a38771303/opts
Oct 17 06:19:56.817053 podb-esxi207 dnsmasq[1773139]: exiting on receipt of SIGTERM
Oct 17 06:19:57.468508 podb-esxi207 dnsmasq-dhcp[1773502]: DHCPRELEASE(tap0c7601d9-81) 10.1.0.1 fa:16:3e:07:9f:5e
Oct 17 06:19:58.294773 podb-esxi207 dnsmasq[1773502]: read /opt/stack/data/neutron/dhcp/ab1e46b6-980e-4155-bc0d-c59bb6ca5a7f/addn_hosts - 0 names
Oct 17 06:19:58.294851 podb-esxi207 dnsmasq-dhcp[1773502]: read /opt/stack/data/neutron/dhcp/ab1e46b6-980e-4155-bc0d-c59bb6ca5a7f/host
Oct 17 06:19:58.294948 podb-esxi207 dnsmasq-dhcp[1773502]: read /opt/stack/data/neutron/dhcp/ab1e46b6-980e-4155-bc0d-c59bb6ca5a7f/opts
Oct 17 06:19:58.550083 podb-esxi207 dnsmasq[1773502]: exiting on receipt of SIGTERM
Oct 17 06:20:03.626942 podb-esxi207 dnsmasq[1774438]: started, version 2.90 cachesize 150
Oct 17 06:20:03.626971 podb-esxi207 dnsmasq[1774438]: DNS service limited to local subnets
Oct 17 06:20:03.626986 podb-esxi207 dnsmasq[1774438]: compile time options: IPv6 GNU-getopt DBus no-UBus i18n IDN2 DHCP DHCPv6 no-Lua TFTP conntrack ipset no-nftset auth cryptohash DNSSEC loop-detect inotify dumpfile
Oct 17 06:20:03.627027 podb-esxi207 dnsmasq-dhcp[1774438]: DHCP, static leases only on 10.1.0.0, lease time 1d
Oct 17 06:20:03.627185 podb-esxi207 dnsmasq[1774438]: reading /etc/resolv.conf
Oct 17 06:20:03.627202 podb-esxi207 dnsmasq[1774438]: using nameserver 127.0.0.53#53
Oct 17 06:20:03.627291 podb-esxi207 dnsmasq[1774438]: read /opt/stack/data/neutron/dhcp/d277e0e6-98cd-421f-967f-182dc6b4fe11/addn_hosts - 0 names
Oct 17 06:20:03.627341 podb-esxi207 dnsmasq-dhcp[1774438]: read /opt/stack/data/neutron/dhcp/d277e0e6-98cd-421f-967f-182dc6b4fe11/host
Oct 17 06:20:03.627410 podb-esxi207 dnsmasq-dhcp[1774438]: read /opt/stack/data/neutron/dhcp/d277e0e6-98cd-421f-967f-182dc6b4fe11/opts
Oct 17 06:20:05.172945 podb-esxi207 dnsmasq[1774438]: read /opt/stack/data/neutron/dhcp/d277e0e6-98cd-421f-967f-182dc6b4fe11/addn_hosts - 2 names
Oct 17 06:20:05.173048 podb-esxi207 dnsmasq-dhcp[1774438]: read /opt/stack/data/neutron/dhcp/d277e0e6-98cd-421f-967f-182dc6b4fe11/host
Oct 17 06:20:05.173138 podb-esxi207 dnsmasq-dhcp[1774438]: read /opt/stack/data/neutron/dhcp/d277e0e6-98cd-421f-967f-182dc6b4fe11/opts
Oct 17 06:20:06.427089 podb-esxi207 dnsmasq[1774438]: read /opt/stack/data/neutron/dhcp/d277e0e6-98cd-421f-967f-182dc6b4fe11/addn_hosts - 2 names
Oct 17 06:20:06.427206 podb-esxi207 dnsmasq-dhcp[1774438]: read /opt/stack/data/neutron/dhcp/d277e0e6-98cd-421f-967f-182dc6b4fe11/host
Oct 17 06:20:06.427310 podb-esxi207 dnsmasq-dhcp[1774438]: read /opt/stack/data/neutron/dhcp/d277e0e6-98cd-421f-967f-182dc6b4fe11/opts
Oct 17 06:20:07.691593 podb-esxi207 dnsmasq[1774438]: read /opt/stack/data/neutron/dhcp/d277e0e6-98cd-421f-967f-182dc6b4fe11/addn_hosts - 2 names
Oct 17 06:20:07.691685 podb-esxi207 dnsmasq-dhcp[1774438]: read /opt/stack/data/neutron/dhcp/d277e0e6-98cd-421f-967f-182dc6b4fe11/host
Oct 17 06:20:07.691793 podb-esxi207 dnsmasq-dhcp[1774438]: read /opt/stack/data/neutron/dhcp/d277e0e6-98cd-421f-967f-182dc6b4fe11/opts
Oct 17 06:20:10.128812 podb-esxi207 dnsmasq[1774438]: read /opt/stack/data/neutron/dhcp/d277e0e6-98cd-421f-967f-182dc6b4fe11/addn_hosts - 4 names
Oct 17 06:20:10.128911 podb-esxi207 dnsmasq-dhcp[1774438]: read /opt/stack/data/neutron/dhcp/d277e0e6-98cd-421f-967f-182dc6b4fe11/host
Oct 17 06:20:10.128981 podb-esxi207 dnsmasq-dhcp[1774438]: read /opt/stack/data/neutron/dhcp/d277e0e6-98cd-421f-967f-182dc6b4fe11/opts
Oct 17 06:20:16.109712 podb-esxi207 dnsmasq-dhcp[1769916]: DHCPREQUEST(tap28533b87-a8) 10.1.0.7 fa:16:3e:1d:77:e8
Oct 17 06:20:16.109742 podb-esxi207 dnsmasq-dhcp[1769916]: DHCPACK(tap28533b87-a8) 10.1.0.7 fa:16:3e:1d:77:e8 host-10-1-0-7
Oct 17 06:20:21.891092 podb-esxi207 dnsmasq-dhcp[1771359]: DHCPRELEASE(tap225decc2-80) 10.1.0.6 fa:16:3e:45:f5:2a
Oct 17 06:20:21.905829 podb-esxi207 dnsmasq-dhcp[1771359]: DHCPRELEASE(tap225decc2-80) 10.1.0.6 fa:16:3e:45:f5:2a unknown lease
Oct 17 06:20:22.727016 podb-esxi207 dnsmasq[1771359]: read /opt/stack/data/neutron/dhcp/306aedf6-d999-4b8d-a5ed-105356e7dd50/addn_hosts - 2 names
