Oct 17 06:58:46.139332 podb-esxi207 dnsmasq[1815751]: read /opt/stack/data/neutron/dhcp/75a8f37f-b60c-40f7-b1e7-bfb73c39297d/addn_hosts - 2 names
Oct 17 06:58:46.139418 podb-esxi207 dnsmasq-dhcp[1815751]: read /opt/stack/data/neutron/dhcp/75a8f37f-b60c-40f7-b1e7-bfb73c39297d/host
Oct 17 06:58:46.139522 podb-esxi207 dnsmasq-dhcp[1815751]: read /opt/stack/data/neutron/dhcp/75a8f37f-b60c-40f7-b1e7-bfb73c39297d/opts
Oct 17 06:58:49.039190 podb-esxi207 dnsmasq[1816032]: started, version 2.90 cachesize 150
Oct 17 06:58:49.039198 podb-esxi207 dnsmasq[1816032]: DNS service limited to local subnets
Oct 17 06:58:49.039203 podb-esxi207 dnsmasq[1816032]: compile time options: IPv6 GNU-getopt DBus no-UBus i18n IDN2 DHCP DHCPv6 no-Lua TFTP conntrack ipset no-nftset auth cryptohash DNSSEC loop-detect inotify dumpfile
Oct 17 06:58:49.039227 podb-esxi207 dnsmasq-dhcp[1816032]: DHCP, static leases only on 10.1.0.0, lease time 1d
Oct 17 06:58:49.039305 podb-esxi207 dnsmasq[1816032]: reading /etc/resolv.conf
Oct 17 06:58:49.039310 podb-esxi207 dnsmasq[1816032]: using nameserver 127.0.0.53#53
Oct 17 06:58:49.039371 podb-esxi207 dnsmasq[1816032]: read /opt/stack/data/neutron/dhcp/b7ad77af-ce6d-45c7-9731-f5db8d30a331/addn_hosts - 2 names
Oct 17 06:58:49.039392 podb-esxi207 dnsmasq-dhcp[1816032]: read /opt/stack/data/neutron/dhcp/b7ad77af-ce6d-45c7-9731-f5db8d30a331/host
Oct 17 06:58:49.039415 podb-esxi207 dnsmasq-dhcp[1816032]: read /opt/stack/data/neutron/dhcp/b7ad77af-ce6d-45c7-9731-f5db8d30a331/opts
Oct 17 06:58:50.080156 podb-esxi207 dnsmasq[1815751]: read /opt/stack/data/neutron/dhcp/75a8f37f-b60c-40f7-b1e7-bfb73c39297d/addn_hosts - 2 names
Oct 17 06:58:50.080267 podb-esxi207 dnsmasq-dhcp[1815751]: read /opt/stack/data/neutron/dhcp/75a8f37f-b60c-40f7-b1e7-bfb73c39297d/host
Oct 17 06:58:50.080385 podb-esxi207 dnsmasq-dhcp[1815751]: read /opt/stack/data/neutron/dhcp/75a8f37f-b60c-40f7-b1e7-bfb73c39297d/opts
Oct 17 06:58:51.329669 podb-esxi207 dnsmasq[1816032]: read /opt/stack/data/neutron/dhcp/b7ad77af-ce6d-45c7-9731-f5db8d30a331/addn_hosts - 2 names
Oct 17 06:58:51.329790 podb-esxi207 dnsmasq-dhcp[1816032]: read /opt/stack/data/neutron/dhcp/b7ad77af-ce6d-45c7-9731-f5db8d30a331/host
Oct 17 06:58:51.329905 podb-esxi207 dnsmasq-dhcp[1816032]: read /opt/stack/data/neutron/dhcp/b7ad77af-ce6d-45c7-9731-f5db8d30a331/opts
Oct 17 06:58:52.585693 podb-esxi207 dnsmasq[1815751]: read /opt/stack/data/neutron/dhcp/75a8f37f-b60c-40f7-b1e7-bfb73c39297d/addn_hosts - 2 names
Oct 17 06:58:52.585813 podb-esxi207 dnsmasq-dhcp[1815751]: read /opt/stack/data/neutron/dhcp/75a8f37f-b60c-40f7-b1e7-bfb73c39297d/host
Oct 17 06:58:52.585912 podb-esxi207 dnsmasq-dhcp[1815751]: read /opt/stack/data/neutron/dhcp/75a8f37f-b60c-40f7-b1e7-bfb73c39297d/opts
Oct 17 06:58:53.343106 podb-esxi207 dnsmasq[1816032]: read /opt/stack/data/neutron/dhcp/b7ad77af-ce6d-45c7-9731-f5db8d30a331/addn_hosts - 2 names
Oct 17 06:58:53.343229 podb-esxi207 dnsmasq-dhcp[1816032]: read /opt/stack/data/neutron/dhcp/b7ad77af-ce6d-45c7-9731-f5db8d30a331/host
Oct 17 06:58:53.343325 podb-esxi207 dnsmasq-dhcp[1816032]: read /opt/stack/data/neutron/dhcp/b7ad77af-ce6d-45c7-9731-f5db8d30a331/opts
Oct 17 06:58:54.595237 podb-esxi207 dnsmasq[1816032]: read /opt/stack/data/neutron/dhcp/b7ad77af-ce6d-45c7-9731-f5db8d30a331/addn_hosts - 2 names
Oct 17 06:58:54.595372 podb-esxi207 dnsmasq-dhcp[1816032]: read /opt/stack/data/neutron/dhcp/b7ad77af-ce6d-45c7-9731-f5db8d30a331/host
Oct 17 06:58:54.595478 podb-esxi207 dnsmasq-dhcp[1816032]: read /opt/stack/data/neutron/dhcp/b7ad77af-ce6d-45c7-9731-f5db8d30a331/opts
Oct 17 06:58:55.845777 podb-esxi207 dnsmasq[1815751]: read /opt/stack/data/neutron/dhcp/75a8f37f-b60c-40f7-b1e7-bfb73c39297d/addn_hosts - 4 names
Oct 17 06:58:55.845915 podb-esxi207 dnsmasq-dhcp[1815751]: read /opt/stack/data/neutron/dhcp/75a8f37f-b60c-40f7-b1e7-bfb73c39297d/host
Oct 17 06:58:55.846022 podb-esxi207 dnsmasq-dhcp[1815751]: read /opt/stack/data/neutron/dhcp/75a8f37f-b60c-40f7-b1e7-bfb73c39297d/opts
Oct 17 06:59:17.552148 podb-esxi207 dnsmasq-dhcp[1815751]: DHCPDISCOVER(tapd6e839c3-25) fa:16:3e:f9:5d:c9
Oct 17 06:59:17.552179 podb-esxi207 dnsmasq-dhcp[1815751]: DHCPOFFER(tapd6e839c3-25) 10.1.0.5 fa:16:3e:f9:5d:c9
Oct 17 06:59:17.562916 podb-esxi207 dnsmasq-dhcp[1815751]: DHCPREQUEST(tapd6e839c3-25) 10.1.0.5 fa:16:3e:f9:5d:c9
Oct 17 06:59:17.562955 podb-esxi207 dnsmasq-dhcp[1815751]: DHCPACK(tapd6e839c3-25) 10.1.0.5 fa:16:3e:f9:5d:c9 host-10-1-0-5
Oct 17 07:01:13.815600 podb-esxi207 dnsmasq-dhcp[1815751]: DHCPRELEASE(tapd6e839c3-25) 10.1.0.5 fa:16:3e:f9:5d:c9
Oct 17 07:01:13.832091 podb-esxi207 dnsmasq-dhcp[1815751]: DHCPRELEASE(tapd6e839c3-25) 10.1.0.5 fa:16:3e:f9:5d:c9 unknown lease
Oct 17 07:01:14.655351 podb-esxi207 dnsmasq[1815751]: read /opt/stack/data/neutron/dhcp/75a8f37f-b60c-40f7-b1e7-bfb73c39297d/addn_hosts - 2 names
Oct 17 07:01:14.655484 podb-esxi207 dnsmasq-dhcp[1815751]: read /opt/stack/data/neutron/dhcp/75a8f37f-b60c-40f7-b1e7-bfb73c39297d/host
Oct 17 07:01:14.655587 podb-esxi207 dnsmasq-dhcp[1815751]: read /opt/stack/data/neutron/dhcp/75a8f37f-b60c-40f7-b1e7-bfb73c39297d/opts
Oct 17 07:01:28.327873 podb-esxi207 dnsmasq[1815751]: read /opt/stack/data/neutron/dhcp/75a8f37f-b60c-40f7-b1e7-bfb73c39297d/addn_hosts - 0 names
Oct 17 07:01:28.327995 podb-esxi207 dnsmasq-dhcp[1815751]: read /opt/stack/data/neutron/dhcp/75a8f37f-b60c-40f7-b1e7-bfb73c39297d/host
Oct 17 07:01:28.328089 podb-esxi207 dnsmasq-dhcp[1815751]: read /opt/stack/data/neutron/dhcp/75a8f37f-b60c-40f7-b1e7-bfb73c39297d/opts
Oct 17 07:01:29.293530 podb-esxi207 dnsmasq[1815751]: exiting on receipt of SIGTERM
Oct 17 07:01:29.897191 podb-esxi207 dnsmasq-dhcp[1816032]: DHCPRELEASE(tapa28c1ca8-3e) 10.1.0.1 fa:16:3e:3b:6b:e5
Oct 17 07:01:30.720241 podb-esxi207 dnsmasq[1816032]: read /opt/stack/data/neutron/dhcp/b7ad77af-ce6d-45c7-9731-f5db8d30a331/addn_hosts - 0 names
Oct 17 07:01:30.720355 podb-esxi207 dnsmasq-dhcp[1816032]: read /opt/stack/data/neutron/dhcp/b7ad77af-ce6d-45c7-9731-f5db8d30a331/host
Oct 17 07:01:30.720479 podb-esxi207 dnsmasq-dhcp[1816032]: read /opt/stack/data/neutron/dhcp/b7ad77af-ce6d-45c7-9731-f5db8d30a331/opts
Oct 17 07:01:31.476092 podb-esxi207 dnsmasq[1816032]: exiting on receipt of SIGTERM
Oct 17 07:01:36.382394 podb-esxi207 dnsmasq[1817861]: started, version 2.90 cachesize 150
Oct 17 07:01:36.382423 podb-esxi207 dnsmasq[1817861]: DNS service limited to local subnets
Oct 17 07:01:36.382439 podb-esxi207 dnsmasq[1817861]: compile time options: IPv6 GNU-getopt DBus no-UBus i18n IDN2 DHCP DHCPv6 no-Lua TFTP conntrack ipset no-nftset auth cryptohash DNSSEC loop-detect inotify dumpfile
Oct 17 07:01:36.382477 podb-esxi207 dnsmasq-dhcp[1817861]: DHCP, static leases only on 10.1.0.0, lease time 1d
Oct 17 07:01:36.382647 podb-esxi207 dnsmasq[1817861]: reading /etc/resolv.conf
Oct 17 07:01:36.382664 podb-esxi207 dnsmasq[1817861]: using nameserver 127.0.0.53#53
Oct 17 07:01:36.382745 podb-esxi207 dnsmasq[1817861]: read /opt/stack/data/neutron/dhcp/595f2f57-50e7-4847-9983-0550e36cc473/addn_hosts - 0 names
Oct 17 07:01:36.382797 podb-esxi207 dnsmasq-dhcp[1817861]: read /opt/stack/data/neutron/dhcp/595f2f57-50e7-4847-9983-0550e36cc473/host
Oct 17 07:01:36.382862 podb-esxi207 dnsmasq-dhcp[1817861]: read /opt/stack/data/neutron/dhcp/595f2f57-50e7-4847-9983-0550e36cc473/opts
Oct 17 07:01:39.622304 podb-esxi207 dnsmasq[1818104]: started, version 2.90 cachesize 150
Oct 17 07:01:39.622332 podb-esxi207 dnsmasq[1818104]: DNS service limited to local subnets
Oct 17 07:01:39.622347 podb-esxi207 dnsmasq[1818104]: compile time options: IPv6 GNU-getopt DBus no-UBus i18n IDN2 DHCP DHCPv6 no-Lua TFTP conntrack ipset no-nftset auth cryptohash DNSSEC loop-detect inotify dumpfile
Oct 17 07:01:39.622384 podb-esxi207 dnsmasq-dhcp[1818104]: DHCP, static leases only on 10.1.0.0, lease time 1d
Oct 17 07:01:39.622536 podb-esxi207 dnsmasq[1818104]: reading /etc/resolv.conf
Oct 17 07:01:39.622552 podb-esxi207 dnsmasq[1818104]: using nameserver 127.0.0.53#53
Oct 17 07:01:39.622643 podb-esxi207 dnsmasq[1818104]: read /opt/stack/data/neutron/dhcp/f99e8c32-d0dc-40ee-a41b-78112f7083b8/addn_hosts - 0 names
Oct 17 07:01:39.622695 podb-esxi207 dnsmasq-dhcp[1818104]: read /opt/stack/data/neutron/dhcp/f99e8c32-d0dc-40ee-a41b-78112f7083b8/host
Oct 17 07:01:39.622760 podb-esxi207 dnsmasq-dhcp[1818104]: read /opt/stack/data/neutron/dhcp/f99e8c32-d0dc-40ee-a41b-78112f7083b8/opts
Oct 17 07:01:40.661840 podb-esxi207 dnsmasq[1817861]: read /opt/stack/data/neutron/dhcp/595f2f57-50e7-4847-9983-0550e36cc473/addn_hosts - 2 names
Oct 17 07:01:40.661928 podb-esxi207 dnsmasq-dhcp[1817861]: read /opt/stack/data/neutron/dhcp/595f2f57-50e7-4847-9983-0550e36cc473/host
Oct 17 07:01:40.661997 podb-esxi207 dnsmasq-dhcp[1817861]: read /opt/stack/data/neutron/dhcp/595f2f57-50e7-4847-9983-0550e36cc473/opts
Oct 17 07:01:42.442318 podb-esxi207 dnsmasq[1818104]: read /opt/stack/data/neutron/dhcp/f99e8c32-d0dc-40ee-a41b-78112f7083b8/addn_hosts - 2 names
Oct 17 07:01:42.442438 podb-esxi207 dnsmasq-dhcp[1818104]: read /opt/stack/data/neutron/dhcp/f99e8c32-d0dc-40ee-a41b-78112f7083b8/host
Oct 17 07:01:42.442527 podb-esxi207 dnsmasq-dhcp[1818104]: read /opt/stack/data/neutron/dhcp/f99e8c32-d0dc-40ee-a41b-78112f7083b8/opts
Oct 17 07:01:43.216306 podb-esxi207 dnsmasq[1817861]: read /opt/stack/data/neutron/dhcp/595f2f57-50e7-4847-9983-0550e36cc473/addn_hosts - 2 names
Oct 17 07:01:43.216392 podb-esxi207 dnsmasq-dhcp[1817861]: read /opt/stack/data/neutron/dhcp/595f2f57-50e7-4847-9983-0550e36cc473/host
Oct 17 07:01:43.216461 podb-esxi207 dnsmasq-dhcp[1817861]: read /opt/stack/data/neutron/dhcp/595f2f57-50e7-4847-9983-0550e36cc473/opts
Oct 17 07:01:44.489930 podb-esxi207 dnsmasq[1818104]: read /opt/stack/data/neutron/dhcp/f99e8c32-d0dc-40ee-a41b-78112f7083b8/addn_hosts - 2 names
Oct 17 07:01:44.490054 podb-esxi207 dnsmasq-dhcp[1818104]: read /opt/stack/data/neutron/dhcp/f99e8c32-d0dc-40ee-a41b-78112f7083b8/host
Oct 17 07:01:44.490150 podb-esxi207 dnsmasq-dhcp[1818104]: read /opt/stack/data/neutron/dhcp/f99e8c32-d0dc-40ee-a41b-78112f7083b8/opts
Oct 17 07:01:45.235891 podb-esxi207 dnsmasq[1817861]: read /opt/stack/data/neutron/dhcp/595f2f57-50e7-4847-9983-0550e36cc473/addn_hosts - 2 names
Oct 17 07:01:45.236008 podb-esxi207 dnsmasq-dhcp[1817861]: read /opt/stack/data/neutron/dhcp/595f2f57-50e7-4847-9983-0550e36cc473/host
Oct 17 07:01:45.236120 podb-esxi207 dnsmasq-dhcp[1817861]: read /opt/stack/data/neutron/dhcp/595f2f57-50e7-4847-9983-0550e36cc473/opts
Oct 17 07:01:46.486909 podb-esxi207 dnsmasq[1818104]: read /opt/stack/data/neutron/dhcp/f99e8c32-d0dc-40ee-a41b-78112f7083b8/addn_hosts - 2 names
Oct 17 07:01:46.487020 podb-esxi207 dnsmasq-dhcp[1818104]: read /opt/stack/data/neutron/dhcp/f99e8c32-d0dc-40ee-a41b-78112f7083b8/host
Oct 17 07:01:46.487125 podb-esxi207 dnsmasq-dhcp[1818104]: read /opt/stack/data/neutron/dhcp/f99e8c32-d0dc-40ee-a41b-78112f7083b8/opts
Oct 17 07:02:24.047037 podb-esxi207 dnsmasq[1817861]: read /opt/stack/data/neutron/dhcp/595f2f57-50e7-4847-9983-0550e36cc473/addn_hosts - 4 names
Oct 17 07:02:24.047144 podb-esxi207 dnsmasq-dhcp[1817861]: read /opt/stack/data/neutron/dhcp/595f2f57-50e7-4847-9983-0550e36cc473/host
Oct 17 07:02:24.047217 podb-esxi207 dnsmasq-dhcp[1817861]: read /opt/stack/data/neutron/dhcp/595f2f57-50e7-4847-9983-0550e36cc473/opts
Oct 17 07:02:51.415206 podb-esxi207 dnsmasq-dhcp[1817861]: DHCPDISCOVER(tap884236b8-0e) fa:16:3e:0e:c6:9a
Oct 17 07:02:51.415236 podb-esxi207 dnsmasq-dhcp[1817861]: DHCPOFFER(tap884236b8-0e) 10.1.0.5 fa:16:3e:0e:c6:9a
Oct 17 07:02:51.426649 podb-esxi207 dnsmasq-dhcp[1817861]: DHCPREQUEST(tap884236b8-0e) 10.1.0.5 fa:16:3e:0e:c6:9a
Oct 17 07:02:51.426682 podb-esxi207 dnsmasq-dhcp[1817861]: DHCPACK(tap884236b8-0e) 10.1.0.5 fa:16:3e:0e:c6:9a host-10-1-0-5
Oct 17 07:04:12.863770 podb-esxi207 dnsmasq-dhcp[1817861]: DHCPREQUEST(tap884236b8-0e) 10.1.0.5 fa:16:3e:0e:c6:9a
Oct 17 07:04:12.863798 podb-esxi207 dnsmasq-dhcp[1817861]: DHCPACK(tap884236b8-0e) 10.1.0.5 fa:16:3e:0e:c6:9a host-10-1-0-5
Oct 17 07:04:51.951309 podb-esxi207 dnsmasq-dhcp[1817861]: DHCPRELEASE(tap884236b8-0e) 10.1.0.5 fa:16:3e:0e:c6:9a
Oct 17 07:04:51.967889 podb-esxi207 dnsmasq-dhcp[1817861]: DHCPRELEASE(tap884236b8-0e) 10.1.0.5 fa:16:3e:0e:c6:9a unknown lease
Oct 17 07:04:52.793291 podb-esxi207 dnsmasq[1817861]: read /opt/stack/data/neutron/dhcp/595f2f57-50e7-4847-9983-0550e36cc473/addn_hosts - 2 names
Oct 17 07:04:52.793369 podb-esxi207 dnsmasq-dhcp[1817861]: read /opt/stack/data/neutron/dhcp/595f2f57-50e7-4847-9983-0550e36cc473/host
Oct 17 07:04:52.793448 podb-esxi207 dnsmasq-dhcp[1817861]: read /opt/stack/data/neutron/dhcp/595f2f57-50e7-4847-9983-0550e36cc473/opts
Oct 17 07:04:59.603602 podb-esxi207 dnsmasq[1817861]: read /opt/stack/data/neutron/dhcp/595f2f57-50e7-4847-9983-0550e36cc473/addn_hosts - 0 names
Oct 17 07:04:59.603678 podb-esxi207 dnsmasq-dhcp[1817861]: read /opt/stack/data/neutron/dhcp/595f2f57-50e7-4847-9983-0550e36cc473/host
Oct 17 07:04:59.603779 podb-esxi207 dnsmasq-dhcp[1817861]: read /opt/stack/data/neutron/dhcp/595f2f57-50e7-4847-9983-0550e36cc473/opts
Oct 17 07:05:00.552286 podb-esxi207 dnsmasq[1817861]: exiting on receipt of SIGTERM
Oct 17 07:05:01.669224 podb-esxi207 dnsmasq[1818104]: read /opt/stack/data/neutron/dhcp/f99e8c32-d0dc-40ee-a41b-78112f7083b8/addn_hosts - 0 names
Oct 17 07:05:01.669325 podb-esxi207 dnsmasq-dhcp[1818104]: read /opt/stack/data/neutron/dhcp/f99e8c32-d0dc-40ee-a41b-78112f7083b8/host
Oct 17 07:05:01.669427 podb-esxi207 dnsmasq-dhcp[1818104]: read /opt/stack/data/neutron/dhcp/f99e8c32-d0dc-40ee-a41b-78112f7083b8/opts
Oct 17 07:05:02.737021 podb-esxi207 dnsmasq[1818104]: exiting on receipt of SIGTERM
Oct 17 07:09:07.624743 podb-esxi207 dnsmasq[1822001]: started, version 2.90 cachesize 150
Oct 17 07:09:07.624771 podb-esxi207 dnsmasq[1822001]: DNS service limited to local subnets
Oct 17 07:09:07.624787 podb-esxi207 dnsmasq[1822001]: compile time options: IPv6 GNU-getopt DBus no-UBus i18n IDN2 DHCP DHCPv6 no-Lua TFTP conntrack ipset no-nftset auth cryptohash DNSSEC loop-detect inotify dumpfile
Oct 17 07:09:07.624836 podb-esxi207 dnsmasq-dhcp[1822001]: DHCP, static leases only on 10.1.0.0, lease time 1d
Oct 17 07:09:07.625008 podb-esxi207 dnsmasq[1822001]: reading /etc/resolv.conf
Oct 17 07:09:07.625024 podb-esxi207 dnsmasq[1822001]: using nameserver 127.0.0.53#53
Oct 17 07:09:07.625114 podb-esxi207 dnsmasq[1822001]: read /opt/stack/data/neutron/dhcp/86f57508-85ae-40a1-b225-c9a59749d497/addn_hosts - 0 names
Oct 17 07:09:07.625166 podb-esxi207 dnsmasq-dhcp[1822001]: read /opt/stack/data/neutron/dhcp/86f57508-85ae-40a1-b225-c9a59749d497/host
Oct 17 07:09:07.625230 podb-esxi207 dnsmasq-dhcp[1822001]: read /opt/stack/data/neutron/dhcp/86f57508-85ae-40a1-b225-c9a59749d497/opts
Oct 17 07:09:09.169878 podb-esxi207 dnsmasq[1822001]: read /opt/stack/data/neutron/dhcp/86f57508-85ae-40a1-b225-c9a59749d497/addn_hosts - 2 names
Oct 17 07:09:09.169964 podb-esxi207 dnsmasq-dhcp[1822001]: read /opt/stack/data/neutron/dhcp/86f57508-85ae-40a1-b225-c9a59749d497/host
Oct 17 07:09:09.170076 podb-esxi207 dnsmasq-dhcp[1822001]: read /opt/stack/data/neutron/dhcp/86f57508-85ae-40a1-b225-c9a59749d497/opts
Oct 17 07:09:12.034194 podb-esxi207 dnsmasq[1822389]: started, version 2.90 cachesize 150
Oct 17 07:09:12.034222 podb-esxi207 dnsmasq[1822389]: DNS service limited to local subnets
Oct 17 07:09:12.034237 podb-esxi207 dnsmasq[1822389]: compile time options: IPv6 GNU-getopt DBus no-UBus i18n IDN2 DHCP DHCPv6 no-Lua TFTP conntrack ipset no-nftset auth cryptohash DNSSEC loop-detect inotify dumpfile
Oct 17 07:09:12.034278 podb-esxi207 dnsmasq-dhcp[1822389]: DHCP, static leases only on 10.1.0.0, lease time 1d
Oct 17 07:09:12.034434 podb-esxi207 dnsmasq[1822389]: reading /etc/resolv.conf
Oct 17 07:09:12.034450 podb-esxi207 dnsmasq[1822389]: using nameserver 127.0.0.53#53
Oct 17 07:09:12.034564 podb-esxi207 dnsmasq[1822389]: read /opt/stack/data/neutron/dhcp/3f38fa27-ffd4-47d4-b530-92369795c648/addn_hosts - 2 names
Oct 17 07:09:12.034619 podb-esxi207 dnsmasq-dhcp[1822389]: read /opt/stack/data/neutron/dhcp/3f38fa27-ffd4-47d4-b530-92369795c648/host
Oct 17 07:09:12.034685 podb-esxi207 dnsmasq-dhcp[1822389]: read /opt/stack/data/neutron/dhcp/3f38fa27-ffd4-47d4-b530-92369795c648/opts
Oct 17 07:09:13.077462 podb-esxi207 dnsmasq[1822001]: read /opt/stack/data/neutron/dhcp/86f57508-85ae-40a1-b225-c9a59749d497/addn_hosts - 2 names
Oct 17 07:09:13.077601 podb-esxi207 dnsmasq-dhcp[1822001]: read /opt/stack/data/neutron/dhcp/86f57508-85ae-40a1-b225-c9a59749d497/host
Oct 17 07:09:13.077744 podb-esxi207 dnsmasq-dhcp[1822001]: read /opt/stack/data/neutron/dhcp/86f57508-85ae-40a1-b225-c9a59749d497/opts
Oct 17 07:09:14.390087 podb-esxi207 dnsmasq[1822389]: read /opt/stack/data/neutron/dhcp/3f38fa27-ffd4-47d4-b530-92369795c648/addn_hosts - 2 names
Oct 17 07:09:14.390214 podb-esxi207 dnsmasq-dhcp[1822389]: read /opt/stack/data/neutron/dhcp/3f38fa27-ffd4-47d4-b530-92369795c648/host
Oct 17 07:09:14.390316 podb-esxi207 dnsmasq-dhcp[1822389]: read /opt/stack/data/neutron/dhcp/3f38fa27-ffd4-47d4-b530-92369795c648/opts
Oct 17 07:09:15.649286 podb-esxi207 dnsmasq[1822001]: read /opt/stack/data/neutron/dhcp/86f57508-85ae-40a1-b225-c9a59749d497/addn_hosts - 2 names
Oct 17 07:09:15.649380 podb-esxi207 dnsmasq-dhcp[1822001]: read /opt/stack/data/neutron/dhcp/86f57508-85ae-40a1-b225-c9a59749d497/host
Oct 17 07:09:15.649494 podb-esxi207 dnsmasq-dhcp[1822001]: read /opt/stack/data/neutron/dhcp/86f57508-85ae-40a1-b225-c9a59749d497/opts
Oct 17 07:09:16.393658 podb-esxi207 dnsmasq[1822389]: read /opt/stack/data/neutron/dhcp/3f38fa27-ffd4-47d4-b530-92369795c648/addn_hosts - 2 names
Oct 17 07:09:16.393760 podb-esxi207 dnsmasq-dhcp[1822389]: read /opt/stack/data/neutron/dhcp/3f38fa27-ffd4-47d4-b530-92369795c648/host
Oct 17 07:09:16.393874 podb-esxi207 dnsmasq-dhcp[1822389]: read /opt/stack/data/neutron/dhcp/3f38fa27-ffd4-47d4-b530-92369795c648/opts
Oct 17 07:09:17.654493 podb-esxi207 dnsmasq[1822389]: read /opt/stack/data/neutron/dhcp/3f38fa27-ffd4-47d4-b530-92369795c648/addn_hosts - 2 names
Oct 17 07:09:17.654605 podb-esxi207 dnsmasq-dhcp[1822389]: read /opt/stack/data/neutron/dhcp/3f38fa27-ffd4-47d4-b530-92369795c648/host
Oct 17 07:09:17.654722 podb-esxi207 dnsmasq-dhcp[1822389]: read /opt/stack/data/neutron/dhcp/3f38fa27-ffd4-47d4-b530-92369795c648/opts
Oct 17 07:10:46.674034 podb-esxi207 dnsmasq[1822001]: read /opt/stack/data/neutron/dhcp/86f57508-85ae-40a1-b225-c9a59749d497/addn_hosts - 0 names
Oct 17 07:10:46.674104 podb-esxi207 dnsmasq-dhcp[1822001]: read /opt/stack/data/neutron/dhcp/86f57508-85ae-40a1-b225-c9a59749d497/host
Oct 17 07:10:46.674156 podb-esxi207 dnsmasq-dhcp[1822001]: read /opt/stack/data/neutron/dhcp/86f57508-85ae-40a1-b225-c9a59749d497/opts
Oct 17 07:10:47.815128 podb-esxi207 dnsmasq[1822001]: exiting on receipt of SIGTERM
Oct 17 07:10:48.421969 podb-esxi207 dnsmasq-dhcp[1822389]: DHCPRELEASE(tap341aabf0-50) 10.1.0.1 fa:16:3e:23:c4:46
Oct 17 07:10:49.245616 podb-esxi207 dnsmasq[1822389]: read /opt/stack/data/neutron/dhcp/3f38fa27-ffd4-47d4-b530-92369795c648/addn_hosts - 0 names
Oct 17 07:10:49.245680 podb-esxi207 dnsmasq-dhcp[1822389]: read /opt/stack/data/neutron/dhcp/3f38fa27-ffd4-47d4-b530-92369795c648/host
Oct 17 07:10:49.245757 podb-esxi207 dnsmasq-dhcp[1822389]: read /opt/stack/data/neutron/dhcp/3f38fa27-ffd4-47d4-b530-92369795c648/opts
Oct 17 07:10:50.008838 podb-esxi207 dnsmasq[1822389]: exiting on receipt of SIGTERM
Oct 17 07:10:55.184226 podb-esxi207 dnsmasq[1823516]: started, version 2.90 cachesize 150
Oct 17 07:10:55.184256 podb-esxi207 dnsmasq[1823516]: DNS service limited to local subnets
Oct 17 07:10:55.184271 podb-esxi207 dnsmasq[1823516]: compile time options: IPv6 GNU-getopt DBus no-UBus i18n IDN2 DHCP DHCPv6 no-Lua TFTP conntrack ipset no-nftset auth cryptohash DNSSEC loop-detect inotify dumpfile
Oct 17 07:10:55.184314 podb-esxi207 dnsmasq-dhcp[1823516]: DHCP, static leases only on 10.1.0.0, lease time 1d
Oct 17 07:10:55.184472 podb-esxi207 dnsmasq[1823516]: reading /etc/resolv.conf
Oct 17 07:10:55.184489 podb-esxi207 dnsmasq[1823516]: using nameserver 127.0.0.53#53
Oct 17 07:10:55.184577 podb-esxi207 dnsmasq[1823516]: read /opt/stack/data/neutron/dhcp/45a55363-1c6d-4d2c-adbf-9fa0e1aaf1bd/addn_hosts - 0 names
Oct 17 07:10:55.184627 podb-esxi207 dnsmasq-dhcp[1823516]: read /opt/stack/data/neutron/dhcp/45a55363-1c6d-4d2c-adbf-9fa0e1aaf1bd/host
Oct 17 07:10:55.184718 podb-esxi207 dnsmasq-dhcp[1823516]: read /opt/stack/data/neutron/dhcp/45a55363-1c6d-4d2c-adbf-9fa0e1aaf1bd/opts
Oct 17 07:10:56.733220 podb-esxi207 dnsmasq[1823516]: read /opt/stack/data/neutron/dhcp/45a55363-1c6d-4d2c-adbf-9fa0e1aaf1bd/addn_hosts - 2 names
Oct 17 07:10:56.733323 podb-esxi207 dnsmasq-dhcp[1823516]: read /opt/stack/data/neutron/dhcp/45a55363-1c6d-4d2c-adbf-9fa0e1aaf1bd/host
Oct 17 07:10:56.733424 podb-esxi207 dnsmasq-dhcp[1823516]: read /opt/stack/data/neutron/dhcp/45a55363-1c6d-4d2c-adbf-9fa0e1aaf1bd/opts
Oct 17 07:10:59.644793 podb-esxi207 dnsmasq[1823889]: started, version 2.90 cachesize 150
Oct 17 07:10:59.644819 podb-esxi207 dnsmasq[1823889]: DNS service limited to local subnets
Oct 17 07:10:59.644834 podb-esxi207 dnsmasq[1823889]: compile time options: IPv6 GNU-getopt DBus no-UBus i18n IDN2 DHCP DHCPv6 no-Lua TFTP conntrack ipset no-nftset auth cryptohash DNSSEC loop-detect inotify dumpfile
Oct 17 07:10:59.644871 podb-esxi207 dnsmasq-dhcp[1823889]: DHCP, static leases only on 10.1.0.0, lease time 1d
Oct 17 07:10:59.645025 podb-esxi207 dnsmasq[1823889]: reading /etc/resolv.conf
Oct 17 07:10:59.645041 podb-esxi207 dnsmasq[1823889]: using nameserver 127.0.0.53#53
Oct 17 07:10:59.645158 podb-esxi207 dnsmasq[1823889]: read /opt/stack/data/neutron/dhcp/735070e8-db02-40b3-a8e7-ad1b1375c53a/addn_hosts - 2 names
Oct 17 07:10:59.645223 podb-esxi207 dnsmasq-dhcp[1823889]: read /opt/stack/data/neutron/dhcp/735070e8-db02-40b3-a8e7-ad1b1375c53a/host
Oct 17 07:10:59.645289 podb-esxi207 dnsmasq-dhcp[1823889]: read /opt/stack/data/neutron/dhcp/735070e8-db02-40b3-a8e7-ad1b1375c53a/opts
Oct 17 07:11:00.688076 podb-esxi207 dnsmasq[1823516]: read /opt/stack/data/neutron/dhcp/45a55363-1c6d-4d2c-adbf-9fa0e1aaf1bd/addn_hosts - 2 names
Oct 17 07:11:00.688205 podb-esxi207 dnsmasq-dhcp[1823516]: read /opt/stack/data/neutron/dhcp/45a55363-1c6d-4d2c-adbf-9fa0e1aaf1bd/host
Oct 17 07:11:00.688306 podb-esxi207 dnsmasq-dhcp[1823516]: read /opt/stack/data/neutron/dhcp/45a55363-1c6d-4d2c-adbf-9fa0e1aaf1bd/opts
Oct 17 07:11:01.952501 podb-esxi207 dnsmasq[1823889]: read /opt/stack/data/neutron/dhcp/735070e8-db02-40b3-a8e7-ad1b1375c53a/addn_hosts - 2 names
Oct 17 07:11:01.952618 podb-esxi207 dnsmasq-dhcp[1823889]: read /opt/stack/data/neutron/dhcp/735070e8-db02-40b3-a8e7-ad1b1375c53a/host
Oct 17 07:11:01.952756 podb-esxi207 dnsmasq-dhcp[1823889]: read /opt/stack/data/neutron/dhcp/735070e8-db02-40b3-a8e7-ad1b1375c53a/opts
Oct 17 07:11:03.216559 podb-esxi207 dnsmasq[1823516]: read /opt/stack/data/neutron/dhcp/45a55363-1c6d-4d2c-adbf-9fa0e1aaf1bd/addn_hosts - 2 names
Oct 17 07:11:03.216666 podb-esxi207 dnsmasq-dhcp[1823516]: read /opt/stack/data/neutron/dhcp/45a55363-1c6d-4d2c-adbf-9fa0e1aaf1bd/host
Oct 17 07:11:03.216760 podb-esxi207 dnsmasq-dhcp[1823516]: read /opt/stack/data/neutron/dhcp/45a55363-1c6d-4d2c-adbf-9fa0e1aaf1bd/opts
Oct 17 07:11:03.968932 podb-esxi207 dnsmasq[1823889]: read /opt/stack/data/neutron/dhcp/735070e8-db02-40b3-a8e7-ad1b1375c53a/addn_hosts - 2 names
Oct 17 07:11:03.969027 podb-esxi207 dnsmasq-dhcp[1823889]: read /opt/stack/data/neutron/dhcp/735070e8-db02-40b3-a8e7-ad1b1375c53a/host
Oct 17 07:11:03.969136 podb-esxi207 dnsmasq-dhcp[1823889]: read /opt/stack/data/neutron/dhcp/735070e8-db02-40b3-a8e7-ad1b1375c53a/opts
Oct 17 07:11:05.223651 podb-esxi207 dnsmasq[1823889]: read /opt/stack/data/neutron/dhcp/735070e8-db02-40b3-a8e7-ad1b1375c53a/addn_hosts - 2 names
Oct 17 07:11:05.223750 podb-esxi207 dnsmasq-dhcp[1823889]: read /opt/stack/data/neutron/dhcp/735070e8-db02-40b3-a8e7-ad1b1375c53a/host
Oct 17 07:11:05.223866 podb-esxi207 dnsmasq-dhcp[1823889]: read /opt/stack/data/neutron/dhcp/735070e8-db02-40b3-a8e7-ad1b1375c53a/opts
Oct 17 07:11:06.534920 podb-esxi207 dnsmasq[1823516]: read /opt/stack/data/neutron/dhcp/45a55363-1c6d-4d2c-adbf-9fa0e1aaf1bd/addn_hosts - 4 names
Oct 17 07:11:06.535052 podb-esxi207 dnsmasq-dhcp[1823516]: read /opt/stack/data/neutron/dhcp/45a55363-1c6d-4d2c-adbf-9fa0e1aaf1bd/host
Oct 17 07:11:06.535164 podb-esxi207 dnsmasq-dhcp[1823516]: read /opt/stack/data/neutron/dhcp/45a55363-1c6d-4d2c-adbf-9fa0e1aaf1bd/opts
Oct 17 07:11:28.370057 podb-esxi207 dnsmasq-dhcp[1823516]: DHCPDISCOVER(tape584d7fb-22) fa:16:3e:bf:d8:11
Oct 17 07:11:28.370086 podb-esxi207 dnsmasq-dhcp[1823516]: DHCPOFFER(tape584d7fb-22) 10.1.0.14 fa:16:3e:bf:d8:11
Oct 17 07:11:28.381186 podb-esxi207 dnsmasq-dhcp[1823516]: DHCPREQUEST(tape584d7fb-22) 10.1.0.14 fa:16:3e:bf:d8:11
Oct 17 07:11:28.381219 podb-esxi207 dnsmasq-dhcp[1823516]: DHCPACK(tape584d7fb-22) 10.1.0.14 fa:16:3e:bf:d8:11 host-10-1-0-14
Oct 17 07:13:00.863081 podb-esxi207 dnsmasq[1823516]: read /opt/stack/data/neutron/dhcp/45a55363-1c6d-4d2c-adbf-9fa0e1aaf1bd/addn_hosts - 6 names
Oct 17 07:13:00.863177 podb-esxi207 dnsmasq-dhcp[1823516]: read /opt/stack/data/neutron/dhcp/45a55363-1c6d-4d2c-adbf-9fa0e1aaf1bd/host
Oct 17 07:13:00.863267 podb-esxi207 dnsmasq-dhcp[1823516]: read /opt/stack/data/neutron/dhcp/45a55363-1c6d-4d2c-adbf-9fa0e1aaf1bd/opts
Oct 17 07:13:23.846354 podb-esxi207 dnsmasq-dhcp[1823516]: DHCPDISCOVER(tape584d7fb-22) fa:16:3e:70:ed:e0
Oct 17 07:13:23.846383 podb-esxi207 dnsmasq-dhcp[1823516]: DHCPOFFER(tape584d7fb-22) 10.1.0.5 fa:16:3e:70:ed:e0
Oct 17 07:13:23.857378 podb-esxi207 dnsmasq-dhcp[1823516]: DHCPREQUEST(tape584d7fb-22) 10.1.0.5 fa:16:3e:70:ed:e0
Oct 17 07:13:23.857412 podb-esxi207 dnsmasq-dhcp[1823516]: DHCPACK(tape584d7fb-22) 10.1.0.5 fa:16:3e:70:ed:e0 host-10-1-0-5
Oct 17 07:14:46.033933 podb-esxi207 dnsmasq-dhcp[1823516]: DHCPRELEASE(tape584d7fb-22) 10.1.0.5 fa:16:3e:70:ed:e0
Oct 17 07:14:46.051686 podb-esxi207 dnsmasq-dhcp[1823516]: DHCPRELEASE(tape584d7fb-22) 10.1.0.5 fa:16:3e:70:ed:e0 unknown lease
Oct 17 07:14:46.875704 podb-esxi207 dnsmasq[1823516]: read /opt/stack/data/neutron/dhcp/45a55363-1c6d-4d2c-adbf-9fa0e1aaf1bd/addn_hosts - 4 names
Oct 17 07:14:46.875813 podb-esxi207 dnsmasq-dhcp[1823516]: read /opt/stack/data/neutron/dhcp/45a55363-1c6d-4d2c-adbf-9fa0e1aaf1bd/host
Oct 17 07:14:46.875924 podb-esxi207 dnsmasq-dhcp[1823516]: read /opt/stack/data/neutron/dhcp/45a55363-1c6d-4d2c-adbf-9fa0e1aaf1bd/opts
Oct 17 07:16:23.718044 podb-esxi207 dnsmasq-dhcp[1823516]: DHCPRELEASE(tape584d7fb-22) 10.1.0.14 fa:16:3e:bf:d8:11
Oct 17 07:16:23.736095 podb-esxi207 dnsmasq-dhcp[1823516]: DHCPRELEASE(tape584d7fb-22) 10.1.0.14 fa:16:3e:bf:d8:11 unknown lease
Oct 17 07:16:24.560564 podb-esxi207 dnsmasq[1823516]: read /opt/stack/data/neutron/dhcp/45a55363-1c6d-4d2c-adbf-9fa0e1aaf1bd/addn_hosts - 2 names
Oct 17 07:16:24.560707 podb-esxi207 dnsmasq-dhcp[1823516]: read /opt/stack/data/neutron/dhcp/45a55363-1c6d-4d2c-adbf-9fa0e1aaf1bd/host
Oct 17 07:16:24.560822 podb-esxi207 dnsmasq-dhcp[1823516]: read /opt/stack/data/neutron/dhcp/45a55363-1c6d-4d2c-adbf-9fa0e1aaf1bd/opts
Oct 17 07:16:36.626711 podb-esxi207 dnsmasq[1823516]: read /opt/stack/data/neutron/dhcp/45a55363-1c6d-4d2c-adbf-9fa0e1aaf1bd/addn_hosts - 4 names
Oct 17 07:16:36.626839 podb-esxi207 dnsmasq-dhcp[1823516]: read /opt/stack/data/neutron/dhcp/45a55363-1c6d-4d2c-adbf-9fa0e1aaf1bd/host
Oct 17 07:16:36.626968 podb-esxi207 dnsmasq-dhcp[1823516]: read /opt/stack/data/neutron/dhcp/45a55363-1c6d-4d2c-adbf-9fa0e1aaf1bd/opts
Oct 17 07:17:01.254541 podb-esxi207 dnsmasq-dhcp[1823516]: DHCPDISCOVER(tape584d7fb-22) fa:16:3e:65:94:4c
Oct 17 07:17:01.254569 podb-esxi207 dnsmasq-dhcp[1823516]: DHCPOFFER(tape584d7fb-22) 10.1.0.3 fa:16:3e:65:94:4c
Oct 17 07:17:01.266663 podb-esxi207 dnsmasq-dhcp[1823516]: DHCPREQUEST(tape584d7fb-22) 10.1.0.3 fa:16:3e:65:94:4c
Oct 17 07:17:01.266698 podb-esxi207 dnsmasq-dhcp[1823516]: DHCPACK(tape584d7fb-22) 10.1.0.3 fa:16:3e:65:94:4c host-10-1-0-3
Oct 17 07:18:23.976683 podb-esxi207 dnsmasq-dhcp[1823516]: DHCPRELEASE(tape584d7fb-22) 10.1.0.3 fa:16:3e:65:94:4c
Oct 17 07:18:23.993272 podb-esxi207 dnsmasq-dhcp[1823516]: DHCPRELEASE(tape584d7fb-22) 10.1.0.3 fa:16:3e:65:94:4c unknown lease
Oct 17 07:18:24.816871 podb-esxi207 dnsmasq[1823516]: read /opt/stack/data/neutron/dhcp/45a55363-1c6d-4d2c-adbf-9fa0e1aaf1bd/addn_hosts - 2 names
Oct 17 07:18:24.816984 podb-esxi207 dnsmasq-dhcp[1823516]: read /opt/stack/data/neutron/dhcp/45a55363-1c6d-4d2c-adbf-9fa0e1aaf1bd/host
Oct 17 07:18:24.817091 podb-esxi207 dnsmasq-dhcp[1823516]: read /opt/stack/data/neutron/dhcp/45a55363-1c6d-4d2c-adbf-9fa0e1aaf1bd/opts
Oct 17 07:18:30.095317 podb-esxi207 dnsmasq[1823516]: read /opt/stack/data/neutron/dhcp/45a55363-1c6d-4d2c-adbf-9fa0e1aaf1bd/addn_hosts - 0 names
Oct 17 07:18:30.095388 podb-esxi207 dnsmasq-dhcp[1823516]: read /opt/stack/data/neutron/dhcp/45a55363-1c6d-4d2c-adbf-9fa0e1aaf1bd/host
Oct 17 07:18:30.095468 podb-esxi207 dnsmasq-dhcp[1823516]: read /opt/stack/data/neutron/dhcp/45a55363-1c6d-4d2c-adbf-9fa0e1aaf1bd/opts
Oct 17 07:18:31.115089 podb-esxi207 dnsmasq[1823516]: exiting on receipt of SIGTERM
Oct 17 07:18:31.749680 podb-esxi207 dnsmasq-dhcp[1823889]: DHCPRELEASE(tapaefc0f23-9d) 10.1.0.1 fa:16:3e:ec:cb:76
Oct 17 07:18:32.579221 podb-esxi207 dnsmasq[1823889]: read /opt/stack/data/neutron/dhcp/735070e8-db02-40b3-a8e7-ad1b1375c53a/addn_hosts - 0 names
Oct 17 07:18:32.579294 podb-esxi207 dnsmasq-dhcp[1823889]: read /opt/stack/data/neutron/dhcp/735070e8-db02-40b3-a8e7-ad1b1375c53a/host
Oct 17 07:18:32.579362 podb-esxi207 dnsmasq-dhcp[1823889]: read /opt/stack/data/neutron/dhcp/735070e8-db02-40b3-a8e7-ad1b1375c53a/opts
Oct 17 07:18:33.347317 podb-esxi207 dnsmasq[1823889]: exiting on receipt of SIGTERM
