Oct 17 06:20:22.727097 podb-esxi207 dnsmasq-dhcp[1771359]: read /opt/stack/data/neutron/dhcp/306aedf6-d999-4b8d-a5ed-105356e7dd50/host
Oct 17 06:20:22.727200 podb-esxi207 dnsmasq-dhcp[1771359]: read /opt/stack/data/neutron/dhcp/306aedf6-d999-4b8d-a5ed-105356e7dd50/opts
Oct 17 06:20:31.971836 podb-esxi207 dnsmasq-dhcp[1774438]: DHCPDISCOVER(tap1250bbc0-f2) fa:16:3e:47:43:76
Oct 17 06:20:31.971865 podb-esxi207 dnsmasq-dhcp[1774438]: DHCPOFFER(tap1250bbc0-f2) 10.1.0.9 fa:16:3e:47:43:76
Oct 17 06:20:31.983316 podb-esxi207 dnsmasq-dhcp[1774438]: DHCPREQUEST(tap1250bbc0-f2) 10.1.0.9 fa:16:3e:47:43:76
Oct 17 06:20:31.983351 podb-esxi207 dnsmasq-dhcp[1774438]: DHCPACK(tap1250bbc0-f2) 10.1.0.9 fa:16:3e:47:43:76 host-10-1-0-9
Oct 17 06:20:32.080406 podb-esxi207 dnsmasq[1771359]: read /opt/stack/data/neutron/dhcp/306aedf6-d999-4b8d-a5ed-105356e7dd50/addn_hosts - 0 names
Oct 17 06:20:32.080494 podb-esxi207 dnsmasq-dhcp[1771359]: read /opt/stack/data/neutron/dhcp/306aedf6-d999-4b8d-a5ed-105356e7dd50/host
Oct 17 06:20:32.080561 podb-esxi207 dnsmasq-dhcp[1771359]: read /opt/stack/data/neutron/dhcp/306aedf6-d999-4b8d-a5ed-105356e7dd50/opts
Oct 17 06:20:33.101111 podb-esxi207 dnsmasq[1771359]: exiting on receipt of SIGTERM
Oct 17 06:20:33.730387 podb-esxi207 dnsmasq-dhcp[1771731]: DHCPRELEASE(tap40ba9185-de) 10.1.0.1 fa:16:3e:ee:bb:fa
Oct 17 06:20:34.553920 podb-esxi207 dnsmasq[1771731]: read /opt/stack/data/neutron/dhcp/e728944f-a139-464e-a6af-30809917eb4a/addn_hosts - 0 names
Oct 17 06:20:34.553988 podb-esxi207 dnsmasq-dhcp[1771731]: read /opt/stack/data/neutron/dhcp/e728944f-a139-464e-a6af-30809917eb4a/host
Oct 17 06:20:34.554040 podb-esxi207 dnsmasq-dhcp[1771731]: read /opt/stack/data/neutron/dhcp/e728944f-a139-464e-a6af-30809917eb4a/opts
Oct 17 06:20:34.814372 podb-esxi207 dnsmasq[1771731]: exiting on receipt of SIGTERM
Oct 17 06:20:39.559506 podb-esxi207 dnsmasq[1775601]: started, version 2.90 cachesize 150
Oct 17 06:20:39.559535 podb-esxi207 dnsmasq[1775601]: DNS service limited to local subnets
Oct 17 06:20:39.559551 podb-esxi207 dnsmasq[1775601]: compile time options: IPv6 GNU-getopt DBus no-UBus i18n IDN2 DHCP DHCPv6 no-Lua TFTP conntrack ipset no-nftset auth cryptohash DNSSEC loop-detect inotify dumpfile
Oct 17 06:20:39.559586 podb-esxi207 dnsmasq-dhcp[1775601]: DHCP, static leases only on 10.1.0.0, lease time 1d
Oct 17 06:20:39.559739 podb-esxi207 dnsmasq[1775601]: reading /etc/resolv.conf
Oct 17 06:20:39.559756 podb-esxi207 dnsmasq[1775601]: using nameserver 127.0.0.53#53
Oct 17 06:20:39.559845 podb-esxi207 dnsmasq[1775601]: read /opt/stack/data/neutron/dhcp/025fd345-edfb-455d-8c5e-9f36c4f02fc9/addn_hosts - 0 names
Oct 17 06:20:39.559898 podb-esxi207 dnsmasq-dhcp[1775601]: read /opt/stack/data/neutron/dhcp/025fd345-edfb-455d-8c5e-9f36c4f02fc9/host
Oct 17 06:20:39.559965 podb-esxi207 dnsmasq-dhcp[1775601]: read /opt/stack/data/neutron/dhcp/025fd345-edfb-455d-8c5e-9f36c4f02fc9/opts
Oct 17 06:20:41.102172 podb-esxi207 dnsmasq[1775601]: read /opt/stack/data/neutron/dhcp/025fd345-edfb-455d-8c5e-9f36c4f02fc9/addn_hosts - 2 names
Oct 17 06:20:41.102256 podb-esxi207 dnsmasq-dhcp[1775601]: read /opt/stack/data/neutron/dhcp/025fd345-edfb-455d-8c5e-9f36c4f02fc9/host
Oct 17 06:20:41.102328 podb-esxi207 dnsmasq-dhcp[1775601]: read /opt/stack/data/neutron/dhcp/025fd345-edfb-455d-8c5e-9f36c4f02fc9/opts
Oct 17 06:20:42.361857 podb-esxi207 dnsmasq[1775601]: read /opt/stack/data/neutron/dhcp/025fd345-edfb-455d-8c5e-9f36c4f02fc9/addn_hosts - 2 names
Oct 17 06:20:42.361950 podb-esxi207 dnsmasq-dhcp[1775601]: read /opt/stack/data/neutron/dhcp/025fd345-edfb-455d-8c5e-9f36c4f02fc9/host
Oct 17 06:20:42.362070 podb-esxi207 dnsmasq-dhcp[1775601]: read /opt/stack/data/neutron/dhcp/025fd345-edfb-455d-8c5e-9f36c4f02fc9/opts
Oct 17 06:20:43.617798 podb-esxi207 dnsmasq[1775601]: read /opt/stack/data/neutron/dhcp/025fd345-edfb-455d-8c5e-9f36c4f02fc9/addn_hosts - 2 names
Oct 17 06:20:43.617909 podb-esxi207 dnsmasq-dhcp[1775601]: read /opt/stack/data/neutron/dhcp/025fd345-edfb-455d-8c5e-9f36c4f02fc9/host
Oct 17 06:20:43.618021 podb-esxi207 dnsmasq-dhcp[1775601]: read /opt/stack/data/neutron/dhcp/025fd345-edfb-455d-8c5e-9f36c4f02fc9/opts
Oct 17 06:20:45.216064 podb-esxi207 dnsmasq[1775601]: read /opt/stack/data/neutron/dhcp/025fd345-edfb-455d-8c5e-9f36c4f02fc9/addn_hosts - 4 names
Oct 17 06:20:45.216197 podb-esxi207 dnsmasq-dhcp[1775601]: read /opt/stack/data/neutron/dhcp/025fd345-edfb-455d-8c5e-9f36c4f02fc9/host
Oct 17 06:20:45.216310 podb-esxi207 dnsmasq-dhcp[1775601]: read /opt/stack/data/neutron/dhcp/025fd345-edfb-455d-8c5e-9f36c4f02fc9/opts
Oct 17 06:20:59.063190 podb-esxi207 dnsmasq-dhcp[1769638]: DHCPREQUEST(tap9324b084-0b) 10.1.0.10 fa:16:3e:7b:39:1b
Oct 17 06:20:59.063217 podb-esxi207 dnsmasq-dhcp[1769638]: DHCPACK(tap9324b084-0b) 10.1.0.10 fa:16:3e:7b:39:1b host-10-1-0-10
Oct 17 06:21:11.538018 podb-esxi207 dnsmasq[1775601]: read /opt/stack/data/neutron/dhcp/025fd345-edfb-455d-8c5e-9f36c4f02fc9/addn_hosts - 2 names
Oct 17 06:21:11.538141 podb-esxi207 dnsmasq-dhcp[1775601]: read /opt/stack/data/neutron/dhcp/025fd345-edfb-455d-8c5e-9f36c4f02fc9/host
Oct 17 06:21:11.538252 podb-esxi207 dnsmasq-dhcp[1775601]: read /opt/stack/data/neutron/dhcp/025fd345-edfb-455d-8c5e-9f36c4f02fc9/opts
Oct 17 06:21:15.700816 podb-esxi207 dnsmasq[1774438]: read /opt/stack/data/neutron/dhcp/d277e0e6-98cd-421f-967f-182dc6b4fe11/addn_hosts - 6 names
Oct 17 06:21:15.700914 podb-esxi207 dnsmasq-dhcp[1774438]: read /opt/stack/data/neutron/dhcp/d277e0e6-98cd-421f-967f-182dc6b4fe11/host
Oct 17 06:21:15.700990 podb-esxi207 dnsmasq-dhcp[1774438]: read /opt/stack/data/neutron/dhcp/d277e0e6-98cd-421f-967f-182dc6b4fe11/opts
Oct 17 06:21:23.161205 podb-esxi207 dnsmasq[1775601]: read /opt/stack/data/neutron/dhcp/025fd345-edfb-455d-8c5e-9f36c4f02fc9/addn_hosts - 0 names
Oct 17 06:21:23.161351 podb-esxi207 dnsmasq-dhcp[1775601]: read /opt/stack/data/neutron/dhcp/025fd345-edfb-455d-8c5e-9f36c4f02fc9/host
Oct 17 06:21:23.161449 podb-esxi207 dnsmasq-dhcp[1775601]: read /opt/stack/data/neutron/dhcp/025fd345-edfb-455d-8c5e-9f36c4f02fc9/opts
Oct 17 06:21:24.246141 podb-esxi207 dnsmasq[1775601]: exiting on receipt of SIGTERM
Oct 17 06:21:24.856567 podb-esxi207 dnsmasq-dhcp[1769916]: DHCPRELEASE(tap28533b87-a8) 10.1.0.7 fa:16:3e:1d:77:e8
Oct 17 06:21:24.874713 podb-esxi207 dnsmasq-dhcp[1769916]: DHCPRELEASE(tap28533b87-a8) 10.1.0.7 fa:16:3e:1d:77:e8 unknown lease
Oct 17 06:21:25.698677 podb-esxi207 dnsmasq[1769916]: read /opt/stack/data/neutron/dhcp/e531cb68-18c4-4d5c-a5ff-3b6d510bf0a3/addn_hosts - 2 names
Oct 17 06:21:25.698771 podb-esxi207 dnsmasq-dhcp[1769916]: read /opt/stack/data/neutron/dhcp/e531cb68-18c4-4d5c-a5ff-3b6d510bf0a3/host
Oct 17 06:21:25.698898 podb-esxi207 dnsmasq-dhcp[1769916]: read /opt/stack/data/neutron/dhcp/e531cb68-18c4-4d5c-a5ff-3b6d510bf0a3/opts
Oct 17 06:21:28.527702 podb-esxi207 dnsmasq[1776874]: started, version 2.90 cachesize 150
Oct 17 06:21:28.527725 podb-esxi207 dnsmasq[1776874]: DNS service limited to local subnets
Oct 17 06:21:28.527739 podb-esxi207 dnsmasq[1776874]: compile time options: IPv6 GNU-getopt DBus no-UBus i18n IDN2 DHCP DHCPv6 no-Lua TFTP conntrack ipset no-nftset auth cryptohash DNSSEC loop-detect inotify dumpfile
Oct 17 06:21:28.527773 podb-esxi207 dnsmasq-dhcp[1776874]: DHCP, static leases only on 10.1.0.0, lease time 1d
Oct 17 06:21:28.527919 podb-esxi207 dnsmasq[1776874]: reading /etc/resolv.conf
Oct 17 06:21:28.527935 podb-esxi207 dnsmasq[1776874]: using nameserver 127.0.0.53#53
Oct 17 06:21:28.528020 podb-esxi207 dnsmasq[1776874]: read /opt/stack/data/neutron/dhcp/fbb0b956-4361-430d-b0a9-9231cf269751/addn_hosts - 0 names
Oct 17 06:21:28.528070 podb-esxi207 dnsmasq-dhcp[1776874]: read /opt/stack/data/neutron/dhcp/fbb0b956-4361-430d-b0a9-9231cf269751/host
Oct 17 06:21:28.528136 podb-esxi207 dnsmasq-dhcp[1776874]: read /opt/stack/data/neutron/dhcp/fbb0b956-4361-430d-b0a9-9231cf269751/opts
Oct 17 06:21:30.069340 podb-esxi207 dnsmasq[1776874]: read /opt/stack/data/neutron/dhcp/fbb0b956-4361-430d-b0a9-9231cf269751/addn_hosts - 2 names
Oct 17 06:21:30.069413 podb-esxi207 dnsmasq-dhcp[1776874]: read /opt/stack/data/neutron/dhcp/fbb0b956-4361-430d-b0a9-9231cf269751/host
Oct 17 06:21:30.069480 podb-esxi207 dnsmasq-dhcp[1776874]: read /opt/stack/data/neutron/dhcp/fbb0b956-4361-430d-b0a9-9231cf269751/opts
Oct 17 06:21:32.873565 podb-esxi207 dnsmasq[1777241]: started, version 2.90 cachesize 150
Oct 17 06:21:32.873588 podb-esxi207 dnsmasq[1777241]: DNS service limited to local subnets
Oct 17 06:21:32.873602 podb-esxi207 dnsmasq[1777241]: compile time options: IPv6 GNU-getopt DBus no-UBus i18n IDN2 DHCP DHCPv6 no-Lua TFTP conntrack ipset no-nftset auth cryptohash DNSSEC loop-detect inotify dumpfile
Oct 17 06:21:32.873638 podb-esxi207 dnsmasq-dhcp[1777241]: DHCP, static leases only on 10.1.0.0, lease time 1d
Oct 17 06:21:32.873798 podb-esxi207 dnsmasq[1777241]: reading /etc/resolv.conf
Oct 17 06:21:32.873814 podb-esxi207 dnsmasq[1777241]: using nameserver 127.0.0.53#53
Oct 17 06:21:32.873928 podb-esxi207 dnsmasq[1777241]: read /opt/stack/data/neutron/dhcp/1191694b-fea2-469b-948c-fdb280a8c5e8/addn_hosts - 2 names
Oct 17 06:21:32.873983 podb-esxi207 dnsmasq-dhcp[1777241]: read /opt/stack/data/neutron/dhcp/1191694b-fea2-469b-948c-fdb280a8c5e8/host
Oct 17 06:21:32.874049 podb-esxi207 dnsmasq-dhcp[1777241]: read /opt/stack/data/neutron/dhcp/1191694b-fea2-469b-948c-fdb280a8c5e8/opts
Oct 17 06:21:33.915690 podb-esxi207 dnsmasq[1776874]: read /opt/stack/data/neutron/dhcp/fbb0b956-4361-430d-b0a9-9231cf269751/addn_hosts - 2 names
Oct 17 06:21:33.915805 podb-esxi207 dnsmasq-dhcp[1776874]: read /opt/stack/data/neutron/dhcp/fbb0b956-4361-430d-b0a9-9231cf269751/host
Oct 17 06:21:33.915916 podb-esxi207 dnsmasq-dhcp[1776874]: read /opt/stack/data/neutron/dhcp/fbb0b956-4361-430d-b0a9-9231cf269751/opts
Oct 17 06:21:36.714792 podb-esxi207 dnsmasq[1777407]: started, version 2.90 cachesize 150
Oct 17 06:21:36.714824 podb-esxi207 dnsmasq[1777407]: DNS service limited to local subnets
Oct 17 06:21:36.714839 podb-esxi207 dnsmasq[1777407]: compile time options: IPv6 GNU-getopt DBus no-UBus i18n IDN2 DHCP DHCPv6 no-Lua TFTP conntrack ipset no-nftset auth cryptohash DNSSEC loop-detect inotify dumpfile
Oct 17 06:21:36.714874 podb-esxi207 dnsmasq-dhcp[1777407]: DHCP, static leases only on 10.10.10.0, lease time 1d
Oct 17 06:21:36.715033 podb-esxi207 dnsmasq[1777407]: reading /etc/resolv.conf
Oct 17 06:21:36.715050 podb-esxi207 dnsmasq[1777407]: using nameserver 127.0.0.53#53
Oct 17 06:21:36.715140 podb-esxi207 dnsmasq[1777407]: read /opt/stack/data/neutron/dhcp/ed5417f0-4905-4f06-b291-db5d364cb3b3/addn_hosts - 0 names
Oct 17 06:21:36.715191 podb-esxi207 dnsmasq-dhcp[1777407]: read /opt/stack/data/neutron/dhcp/ed5417f0-4905-4f06-b291-db5d364cb3b3/host
Oct 17 06:21:36.715248 podb-esxi207 dnsmasq-dhcp[1777407]: read /opt/stack/data/neutron/dhcp/ed5417f0-4905-4f06-b291-db5d364cb3b3/opts
Oct 17 06:21:37.753222 podb-esxi207 dnsmasq[1777241]: read /opt/stack/data/neutron/dhcp/1191694b-fea2-469b-948c-fdb280a8c5e8/addn_hosts - 2 names
Oct 17 06:21:37.753328 podb-esxi207 dnsmasq-dhcp[1777241]: read /opt/stack/data/neutron/dhcp/1191694b-fea2-469b-948c-fdb280a8c5e8/host
Oct 17 06:21:37.753429 podb-esxi207 dnsmasq-dhcp[1777241]: read /opt/stack/data/neutron/dhcp/1191694b-fea2-469b-948c-fdb280a8c5e8/opts
Oct 17 06:21:38.988206 podb-esxi207 dnsmasq[1776874]: read /opt/stack/data/neutron/dhcp/fbb0b956-4361-430d-b0a9-9231cf269751/addn_hosts - 2 names
Oct 17 06:21:38.988280 podb-esxi207 dnsmasq-dhcp[1776874]: read /opt/stack/data/neutron/dhcp/fbb0b956-4361-430d-b0a9-9231cf269751/host
Oct 17 06:21:38.988352 podb-esxi207 dnsmasq-dhcp[1776874]: read /opt/stack/data/neutron/dhcp/fbb0b956-4361-430d-b0a9-9231cf269751/opts
Oct 17 06:21:39.205967 podb-esxi207 dnsmasq-dhcp[1769916]: DHCPRELEASE(tap28533b87-a8) 10.1.0.1 fa:16:3e:95:dc:b6
Oct 17 06:21:40.027741 podb-esxi207 dnsmasq[1769916]: read /opt/stack/data/neutron/dhcp/e531cb68-18c4-4d5c-a5ff-3b6d510bf0a3/addn_hosts - 0 names
Oct 17 06:21:40.027805 podb-esxi207 dnsmasq-dhcp[1769916]: read /opt/stack/data/neutron/dhcp/e531cb68-18c4-4d5c-a5ff-3b6d510bf0a3/host
Oct 17 06:21:40.027868 podb-esxi207 dnsmasq-dhcp[1769916]: read /opt/stack/data/neutron/dhcp/e531cb68-18c4-4d5c-a5ff-3b6d510bf0a3/opts
Oct 17 06:21:41.252111 podb-esxi207 dnsmasq[1777407]: read /opt/stack/data/neutron/dhcp/ed5417f0-4905-4f06-b291-db5d364cb3b3/addn_hosts - 0 names
Oct 17 06:21:41.252186 podb-esxi207 dnsmasq-dhcp[1777407]: read /opt/stack/data/neutron/dhcp/ed5417f0-4905-4f06-b291-db5d364cb3b3/host
Oct 17 06:21:41.252277 podb-esxi207 dnsmasq-dhcp[1777407]: read /opt/stack/data/neutron/dhcp/ed5417f0-4905-4f06-b291-db5d364cb3b3/opts
Oct 17 06:21:41.996320 podb-esxi207 dnsmasq[1777241]: read /opt/stack/data/neutron/dhcp/1191694b-fea2-469b-948c-fdb280a8c5e8/addn_hosts - 2 names
Oct 17 06:21:41.996399 podb-esxi207 dnsmasq-dhcp[1777241]: read /opt/stack/data/neutron/dhcp/1191694b-fea2-469b-948c-fdb280a8c5e8/host
Oct 17 06:21:41.996507 podb-esxi207 dnsmasq-dhcp[1777241]: read /opt/stack/data/neutron/dhcp/1191694b-fea2-469b-948c-fdb280a8c5e8/opts
Oct 17 06:21:42.732273 podb-esxi207 dnsmasq[1769916]: exiting on receipt of SIGTERM
Oct 17 06:21:42.868313 podb-esxi207 dnsmasq-dhcp[1774438]: DHCPDISCOVER(tap1250bbc0-f2) fa:16:3e:7a:d1:b1
Oct 17 06:21:42.868345 podb-esxi207 dnsmasq-dhcp[1774438]: DHCPOFFER(tap1250bbc0-f2) 10.1.0.3 fa:16:3e:7a:d1:b1
Oct 17 06:21:42.880799 podb-esxi207 dnsmasq-dhcp[1774438]: DHCPREQUEST(tap1250bbc0-f2) 10.1.0.3 fa:16:3e:7a:d1:b1
Oct 17 06:21:42.880836 podb-esxi207 dnsmasq-dhcp[1774438]: DHCPACK(tap1250bbc0-f2) 10.1.0.3 fa:16:3e:7a:d1:b1 host-10-1-0-3
Oct 17 06:21:43.846951 podb-esxi207 dnsmasq[1777241]: read /opt/stack/data/neutron/dhcp/1191694b-fea2-469b-948c-fdb280a8c5e8/addn_hosts - 2 names
Oct 17 06:21:43.847043 podb-esxi207 dnsmasq-dhcp[1777241]: read /opt/stack/data/neutron/dhcp/1191694b-fea2-469b-948c-fdb280a8c5e8/host
Oct 17 06:21:43.847152 podb-esxi207 dnsmasq-dhcp[1777241]: read /opt/stack/data/neutron/dhcp/1191694b-fea2-469b-948c-fdb280a8c5e8/opts
Oct 17 06:21:45.114483 podb-esxi207 dnsmasq[1776874]: read /opt/stack/data/neutron/dhcp/fbb0b956-4361-430d-b0a9-9231cf269751/addn_hosts - 4 names
Oct 17 06:21:45.114626 podb-esxi207 dnsmasq-dhcp[1776874]: read /opt/stack/data/neutron/dhcp/fbb0b956-4361-430d-b0a9-9231cf269751/host
Oct 17 06:21:45.114737 podb-esxi207 dnsmasq-dhcp[1776874]: read /opt/stack/data/neutron/dhcp/fbb0b956-4361-430d-b0a9-9231cf269751/opts
Oct 17 06:22:02.520207 podb-esxi207 dnsmasq-dhcp[1769638]: DHCPRELEASE(tap9324b084-0b) 10.1.0.10 fa:16:3e:7b:39:1b
Oct 17 06:22:02.533325 podb-esxi207 dnsmasq-dhcp[1769638]: DHCPRELEASE(tap9324b084-0b) 10.1.0.10 fa:16:3e:7b:39:1b unknown lease
Oct 17 06:22:03.355440 podb-esxi207 dnsmasq[1769638]: read /opt/stack/data/neutron/dhcp/be873236-fb87-42a5-a2ff-033cc581ff10/addn_hosts - 6 names
Oct 17 06:22:03.355531 podb-esxi207 dnsmasq-dhcp[1769638]: read /opt/stack/data/neutron/dhcp/be873236-fb87-42a5-a2ff-033cc581ff10/host
Oct 17 06:22:03.355608 podb-esxi207 dnsmasq-dhcp[1769638]: read /opt/stack/data/neutron/dhcp/be873236-fb87-42a5-a2ff-033cc581ff10/opts
Oct 17 06:22:09.940566 podb-esxi207 dnsmasq-dhcp[1776874]: DHCPDISCOVER(tap0412a8d4-84) fa:16:3e:2d:0e:f0
Oct 17 06:22:09.940594 podb-esxi207 dnsmasq-dhcp[1776874]: DHCPOFFER(tap0412a8d4-84) 10.1.0.4 fa:16:3e:2d:0e:f0
Oct 17 06:22:09.953958 podb-esxi207 dnsmasq-dhcp[1776874]: DHCPREQUEST(tap0412a8d4-84) 10.1.0.4 fa:16:3e:2d:0e:f0
Oct 17 06:22:09.953992 podb-esxi207 dnsmasq-dhcp[1776874]: DHCPACK(tap0412a8d4-84) 10.1.0.4 fa:16:3e:2d:0e:f0 host-10-1-0-4
Oct 17 06:22:24.362132 podb-esxi207 dnsmasq[1777407]: read /opt/stack/data/neutron/dhcp/ed5417f0-4905-4f06-b291-db5d364cb3b3/addn_hosts - 2 names
Oct 17 06:22:24.362228 podb-esxi207 dnsmasq-dhcp[1777407]: read /opt/stack/data/neutron/dhcp/ed5417f0-4905-4f06-b291-db5d364cb3b3/host
Oct 17 06:22:24.362322 podb-esxi207 dnsmasq-dhcp[1777407]: read /opt/stack/data/neutron/dhcp/ed5417f0-4905-4f06-b291-db5d364cb3b3/opts
Oct 17 06:22:30.498749 podb-esxi207 dnsmasq-dhcp[1777407]: DHCPDISCOVER(tap1e8ef53d-6b) fa:16:3e:1c:78:88
Oct 17 06:22:30.498781 podb-esxi207 dnsmasq-dhcp[1777407]: DHCPOFFER(tap1e8ef53d-6b) 10.10.10.140 fa:16:3e:1c:78:88
Oct 17 06:22:30.506216 podb-esxi207 dnsmasq-dhcp[1777407]: DHCPREQUEST(tap1e8ef53d-6b) 10.10.10.140 fa:16:3e:1c:78:88
Oct 17 06:22:30.506248 podb-esxi207 dnsmasq-dhcp[1777407]: DHCPACK(tap1e8ef53d-6b) 10.10.10.140 fa:16:3e:1c:78:88 host-10-10-10-140
Oct 17 06:22:36.803776 podb-esxi207 dnsmasq-dhcp[1769638]: DHCPRELEASE(tap9324b084-0b) 10.1.0.12 fa:16:3e:42:d3:91
Oct 17 06:22:36.820594 podb-esxi207 dnsmasq-dhcp[1769638]: DHCPRELEASE(tap9324b084-0b) 10.1.0.12 fa:16:3e:42:d3:91 unknown lease
Oct 17 06:22:37.645138 podb-esxi207 dnsmasq[1769638]: read /opt/stack/data/neutron/dhcp/be873236-fb87-42a5-a2ff-033cc581ff10/addn_hosts - 4 names
Oct 17 06:22:37.645261 podb-esxi207 dnsmasq-dhcp[1769638]: read /opt/stack/data/neutron/dhcp/be873236-fb87-42a5-a2ff-033cc581ff10/host
Oct 17 06:22:37.645373 podb-esxi207 dnsmasq-dhcp[1769638]: read /opt/stack/data/neutron/dhcp/be873236-fb87-42a5-a2ff-033cc581ff10/opts
Oct 17 06:22:43.988278 podb-esxi207 dnsmasq-dhcp[1769638]: DHCPRELEASE(tap9324b084-0b) 10.1.0.9 fa:16:3e:1d:72:2f
Oct 17 06:22:44.003667 podb-esxi207 dnsmasq-dhcp[1769638]: DHCPRELEASE(tap9324b084-0b) 10.1.0.9 fa:16:3e:1d:72:2f unknown lease
Oct 17 06:22:44.829043 podb-esxi207 dnsmasq[1769638]: read /opt/stack/data/neutron/dhcp/be873236-fb87-42a5-a2ff-033cc581ff10/addn_hosts - 2 names
Oct 17 06:22:44.829141 podb-esxi207 dnsmasq-dhcp[1769638]: read /opt/stack/data/neutron/dhcp/be873236-fb87-42a5-a2ff-033cc581ff10/host
Oct 17 06:22:44.829257 podb-esxi207 dnsmasq-dhcp[1769638]: read /opt/stack/data/neutron/dhcp/be873236-fb87-42a5-a2ff-033cc581ff10/opts
Oct 17 06:22:49.280751 podb-esxi207 dnsmasq[1769638]: read /opt/stack/data/neutron/dhcp/be873236-fb87-42a5-a2ff-033cc581ff10/addn_hosts - 0 names
Oct 17 06:22:49.280826 podb-esxi207 dnsmasq-dhcp[1769638]: read /opt/stack/data/neutron/dhcp/be873236-fb87-42a5-a2ff-033cc581ff10/host
Oct 17 06:22:49.280881 podb-esxi207 dnsmasq-dhcp[1769638]: read /opt/stack/data/neutron/dhcp/be873236-fb87-42a5-a2ff-033cc581ff10/opts
Oct 17 06:22:50.300744 podb-esxi207 dnsmasq[1769638]: exiting on receipt of SIGTERM
Oct 17 06:22:54.414377 podb-esxi207 dnsmasq[1778660]: started, version 2.90 cachesize 150
Oct 17 06:22:54.414405 podb-esxi207 dnsmasq[1778660]: DNS service limited to local subnets
Oct 17 06:22:54.414421 podb-esxi207 dnsmasq[1778660]: compile time options: IPv6 GNU-getopt DBus no-UBus i18n IDN2 DHCP DHCPv6 no-Lua TFTP conntrack ipset no-nftset auth cryptohash DNSSEC loop-detect inotify dumpfile
Oct 17 06:22:54.414459 podb-esxi207 dnsmasq-dhcp[1778660]: DHCP, static leases only on 10.1.0.0, lease time 1d
Oct 17 06:22:54.414622 podb-esxi207 dnsmasq[1778660]: reading /etc/resolv.conf
Oct 17 06:22:54.414639 podb-esxi207 dnsmasq[1778660]: using nameserver 127.0.0.53#53
Oct 17 06:22:54.414728 podb-esxi207 dnsmasq[1778660]: read /opt/stack/data/neutron/dhcp/78d5b47d-bcdf-4377-9ed4-14d65a13c0d1/addn_hosts - 0 names
Oct 17 06:22:54.414780 podb-esxi207 dnsmasq-dhcp[1778660]: read /opt/stack/data/neutron/dhcp/78d5b47d-bcdf-4377-9ed4-14d65a13c0d1/host
Oct 17 06:22:54.414847 podb-esxi207 dnsmasq-dhcp[1778660]: read /opt/stack/data/neutron/dhcp/78d5b47d-bcdf-4377-9ed4-14d65a13c0d1/opts
Oct 17 06:22:55.964178 podb-esxi207 dnsmasq[1778660]: read /opt/stack/data/neutron/dhcp/78d5b47d-bcdf-4377-9ed4-14d65a13c0d1/addn_hosts - 2 names
Oct 17 06:22:55.964291 podb-esxi207 dnsmasq-dhcp[1778660]: read /opt/stack/data/neutron/dhcp/78d5b47d-bcdf-4377-9ed4-14d65a13c0d1/host
Oct 17 06:22:55.964397 podb-esxi207 dnsmasq-dhcp[1778660]: read /opt/stack/data/neutron/dhcp/78d5b47d-bcdf-4377-9ed4-14d65a13c0d1/opts
Oct 17 06:22:57.225565 podb-esxi207 dnsmasq[1778660]: read /opt/stack/data/neutron/dhcp/78d5b47d-bcdf-4377-9ed4-14d65a13c0d1/addn_hosts - 2 names
Oct 17 06:22:57.225666 podb-esxi207 dnsmasq-dhcp[1778660]: read /opt/stack/data/neutron/dhcp/78d5b47d-bcdf-4377-9ed4-14d65a13c0d1/host
Oct 17 06:22:57.225737 podb-esxi207 dnsmasq-dhcp[1778660]: read /opt/stack/data/neutron/dhcp/78d5b47d-bcdf-4377-9ed4-14d65a13c0d1/opts
Oct 17 06:22:58.483140 podb-esxi207 dnsmasq[1778660]: read /opt/stack/data/neutron/dhcp/78d5b47d-bcdf-4377-9ed4-14d65a13c0d1/addn_hosts - 2 names
Oct 17 06:22:58.483230 podb-esxi207 dnsmasq-dhcp[1778660]: read /opt/stack/data/neutron/dhcp/78d5b47d-bcdf-4377-9ed4-14d65a13c0d1/host
Oct 17 06:22:58.483338 podb-esxi207 dnsmasq-dhcp[1778660]: read /opt/stack/data/neutron/dhcp/78d5b47d-bcdf-4377-9ed4-14d65a13c0d1/opts
Oct 17 06:22:59.941669 podb-esxi207 dnsmasq[1778660]: read /opt/stack/data/neutron/dhcp/78d5b47d-bcdf-4377-9ed4-14d65a13c0d1/addn_hosts - 4 names
Oct 17 06:22:59.941761 podb-esxi207 dnsmasq-dhcp[1778660]: read /opt/stack/data/neutron/dhcp/78d5b47d-bcdf-4377-9ed4-14d65a13c0d1/host
Oct 17 06:22:59.941871 podb-esxi207 dnsmasq-dhcp[1778660]: read /opt/stack/data/neutron/dhcp/78d5b47d-bcdf-4377-9ed4-14d65a13c0d1/opts
Oct 17 06:23:08.652795 podb-esxi207 dnsmasq-dhcp[1774438]: DHCPDISCOVER(tap1250bbc0-f2) fa:16:3e:7a:d1:b1
Oct 17 06:23:08.652821 podb-esxi207 dnsmasq-dhcp[1774438]: DHCPOFFER(tap1250bbc0-f2) 10.1.0.3 fa:16:3e:7a:d1:b1
Oct 17 06:23:08.662249 podb-esxi207 dnsmasq-dhcp[1774438]: DHCPREQUEST(tap1250bbc0-f2) 10.1.0.3 fa:16:3e:7a:d1:b1
Oct 17 06:23:08.662270 podb-esxi207 dnsmasq-dhcp[1774438]: DHCPACK(tap1250bbc0-f2) 10.1.0.3 fa:16:3e:7a:d1:b1 host-10-1-0-3
Oct 17 06:23:13.509721 podb-esxi207 dnsmasq[1778660]: read /opt/stack/data/neutron/dhcp/78d5b47d-bcdf-4377-9ed4-14d65a13c0d1/addn_hosts - 6 names
Oct 17 06:23:13.509834 podb-esxi207 dnsmasq-dhcp[1778660]: read /opt/stack/data/neutron/dhcp/78d5b47d-bcdf-4377-9ed4-14d65a13c0d1/host
Oct 17 06:23:13.509937 podb-esxi207 dnsmasq-dhcp[1778660]: read /opt/stack/data/neutron/dhcp/78d5b47d-bcdf-4377-9ed4-14d65a13c0d1/opts
Oct 17 06:23:22.198561 podb-esxi207 dnsmasq-dhcp[1778660]: DHCPDISCOVER(tapf087138d-83) fa:16:3e:af:be:07
Oct 17 06:23:22.198592 podb-esxi207 dnsmasq-dhcp[1778660]: DHCPOFFER(tapf087138d-83) 10.1.0.6 fa:16:3e:af:be:07
Oct 17 06:23:22.209827 podb-esxi207 dnsmasq-dhcp[1778660]: DHCPREQUEST(tapf087138d-83) 10.1.0.6 fa:16:3e:af:be:07
Oct 17 06:23:22.209866 podb-esxi207 dnsmasq-dhcp[1778660]: DHCPACK(tapf087138d-83) 10.1.0.6 fa:16:3e:af:be:07 host-10-1-0-6
Oct 17 06:23:25.144189 podb-esxi207 dnsmasq[1778660]: read /opt/stack/data/neutron/dhcp/78d5b47d-bcdf-4377-9ed4-14d65a13c0d1/addn_hosts - 4 names
Oct 17 06:23:25.144303 podb-esxi207 dnsmasq-dhcp[1778660]: read /opt/stack/data/neutron/dhcp/78d5b47d-bcdf-4377-9ed4-14d65a13c0d1/host
Oct 17 06:23:25.144409 podb-esxi207 dnsmasq-dhcp[1778660]: read /opt/stack/data/neutron/dhcp/78d5b47d-bcdf-4377-9ed4-14d65a13c0d1/opts
Oct 17 06:23:36.205045 podb-esxi207 dnsmasq-dhcp[1777407]: DHCPRELEASE(tap1e8ef53d-6b) 10.10.10.140 fa:16:3e:1c:78:88
Oct 17 06:23:36.222173 podb-esxi207 dnsmasq-dhcp[1777407]: DHCPRELEASE(tap1e8ef53d-6b) 10.10.10.140 fa:16:3e:1c:78:88 unknown lease
Oct 17 06:23:37.045702 podb-esxi207 dnsmasq[1777407]: read /opt/stack/data/neutron/dhcp/ed5417f0-4905-4f06-b291-db5d364cb3b3/addn_hosts - 0 names
Oct 17 06:23:37.045812 podb-esxi207 dnsmasq-dhcp[1777407]: read /opt/stack/data/neutron/dhcp/ed5417f0-4905-4f06-b291-db5d364cb3b3/host
Oct 17 06:23:37.045904 podb-esxi207 dnsmasq-dhcp[1777407]: read /opt/stack/data/neutron/dhcp/ed5417f0-4905-4f06-b291-db5d364cb3b3/opts
Oct 17 06:23:43.176733 podb-esxi207 dnsmasq-dhcp[1776874]: DHCPRELEASE(tap0412a8d4-84) 10.1.0.4 fa:16:3e:2d:0e:f0
Oct 17 06:23:43.193664 podb-esxi207 dnsmasq-dhcp[1776874]: DHCPRELEASE(tap0412a8d4-84) 10.1.0.4 fa:16:3e:2d:0e:f0 unknown lease
Oct 17 06:23:44.019154 podb-esxi207 dnsmasq[1776874]: read /opt/stack/data/neutron/dhcp/fbb0b956-4361-430d-b0a9-9231cf269751/addn_hosts - 2 names
Oct 17 06:23:44.019255 podb-esxi207 dnsmasq-dhcp[1776874]: read /opt/stack/data/neutron/dhcp/fbb0b956-4361-430d-b0a9-9231cf269751/host
Oct 17 06:23:44.019372 podb-esxi207 dnsmasq-dhcp[1776874]: read /opt/stack/data/neutron/dhcp/fbb0b956-4361-430d-b0a9-9231cf269751/opts
Oct 17 06:23:48.469597 podb-esxi207 dnsmasq[1777407]: exiting on receipt of SIGTERM
Oct 17 06:24:10.351801 podb-esxi207 dnsmasq-dhcp[1774438]: DHCPRELEASE(tap1250bbc0-f2) 10.1.0.3 fa:16:3e:7a:d1:b1
Oct 17 06:24:10.368059 podb-esxi207 dnsmasq-dhcp[1774438]: DHCPRELEASE(tap1250bbc0-f2) 10.1.0.3 fa:16:3e:7a:d1:b1 unknown lease
Oct 17 06:24:11.192445 podb-esxi207 dnsmasq[1774438]: read /opt/stack/data/neutron/dhcp/d277e0e6-98cd-421f-967f-182dc6b4fe11/addn_hosts - 4 names
Oct 17 06:24:11.192599 podb-esxi207 dnsmasq-dhcp[1774438]: read /opt/stack/data/neutron/dhcp/d277e0e6-98cd-421f-967f-182dc6b4fe11/host
Oct 17 06:24:11.192747 podb-esxi207 dnsmasq-dhcp[1774438]: read /opt/stack/data/neutron/dhcp/d277e0e6-98cd-421f-967f-182dc6b4fe11/opts
Oct 17 06:24:16.207520 podb-esxi207 dnsmasq[1776874]: read /opt/stack/data/neutron/dhcp/fbb0b956-4361-430d-b0a9-9231cf269751/addn_hosts - 0 names
Oct 17 06:24:16.207631 podb-esxi207 dnsmasq-dhcp[1776874]: read /opt/stack/data/neutron/dhcp/fbb0b956-4361-430d-b0a9-9231cf269751/host
Oct 17 06:24:16.207726 podb-esxi207 dnsmasq-dhcp[1776874]: read /opt/stack/data/neutron/dhcp/fbb0b956-4361-430d-b0a9-9231cf269751/opts
Oct 17 06:24:17.213749 podb-esxi207 dnsmasq[1776874]: exiting on receipt of SIGTERM
Oct 17 06:24:17.817557 podb-esxi207 dnsmasq-dhcp[1777241]: DHCPRELEASE(tap47170a0c-3d) 10.1.0.1 fa:16:3e:6b:1e:5f
Oct 17 06:24:18.641153 podb-esxi207 dnsmasq[1777241]: read /opt/stack/data/neutron/dhcp/1191694b-fea2-469b-948c-fdb280a8c5e8/addn_hosts - 0 names
Oct 17 06:24:18.641251 podb-esxi207 dnsmasq-dhcp[1777241]: read /opt/stack/data/neutron/dhcp/1191694b-fea2-469b-948c-fdb280a8c5e8/host
Oct 17 06:24:18.641305 podb-esxi207 dnsmasq-dhcp[1777241]: read /opt/stack/data/neutron/dhcp/1191694b-fea2-469b-948c-fdb280a8c5e8/opts
Oct 17 06:24:19.434846 podb-esxi207 dnsmasq[1777241]: exiting on receipt of SIGTERM
Oct 17 06:24:23.994188 podb-esxi207 dnsmasq[1780268]: started, version 2.90 cachesize 150
Oct 17 06:24:23.994219 podb-esxi207 dnsmasq[1780268]: DNS service limited to local subnets
Oct 17 06:24:23.994235 podb-esxi207 dnsmasq[1780268]: compile time options: IPv6 GNU-getopt DBus no-UBus i18n IDN2 DHCP DHCPv6 no-Lua TFTP conntrack ipset no-nftset auth cryptohash DNSSEC loop-detect inotify dumpfile
Oct 17 06:24:23.994277 podb-esxi207 dnsmasq-dhcp[1780268]: DHCP, static leases only on 10.1.0.0, lease time 1d
Oct 17 06:24:23.994437 podb-esxi207 dnsmasq[1780268]: reading /etc/resolv.conf
Oct 17 06:24:23.994454 podb-esxi207 dnsmasq[1780268]: using nameserver 127.0.0.53#53
Oct 17 06:24:23.994541 podb-esxi207 dnsmasq[1780268]: read /opt/stack/data/neutron/dhcp/38881b36-3d02-43a6-8409-0320041e3dc1/addn_hosts - 0 names
Oct 17 06:24:23.994593 podb-esxi207 dnsmasq-dhcp[1780268]: read /opt/stack/data/neutron/dhcp/38881b36-3d02-43a6-8409-0320041e3dc1/host
Oct 17 06:24:23.994652 podb-esxi207 dnsmasq-dhcp[1780268]: read /opt/stack/data/neutron/dhcp/38881b36-3d02-43a6-8409-0320041e3dc1/opts
Oct 17 06:24:25.539225 podb-esxi207 dnsmasq[1780268]: read /opt/stack/data/neutron/dhcp/38881b36-3d02-43a6-8409-0320041e3dc1/addn_hosts - 2 names
Oct 17 06:24:25.539314 podb-esxi207 dnsmasq-dhcp[1780268]: read /opt/stack/data/neutron/dhcp/38881b36-3d02-43a6-8409-0320041e3dc1/host
Oct 17 06:24:25.539431 podb-esxi207 dnsmasq-dhcp[1780268]: read /opt/stack/data/neutron/dhcp/38881b36-3d02-43a6-8409-0320041e3dc1/opts
Oct 17 06:24:26.804681 podb-esxi207 dnsmasq[1780268]: read /opt/stack/data/neutron/dhcp/38881b36-3d02-43a6-8409-0320041e3dc1/addn_hosts - 2 names
Oct 17 06:24:26.804781 podb-esxi207 dnsmasq-dhcp[1780268]: read /opt/stack/data/neutron/dhcp/38881b36-3d02-43a6-8409-0320041e3dc1/host
Oct 17 06:24:26.804900 podb-esxi207 dnsmasq-dhcp[1780268]: read /opt/stack/data/neutron/dhcp/38881b36-3d02-43a6-8409-0320041e3dc1/opts
Oct 17 06:24:28.055513 podb-esxi207 dnsmasq[1780268]: read /opt/stack/data/neutron/dhcp/38881b36-3d02-43a6-8409-0320041e3dc1/addn_hosts - 2 names
Oct 17 06:24:28.055598 podb-esxi207 dnsmasq-dhcp[1780268]: read /opt/stack/data/neutron/dhcp/38881b36-3d02-43a6-8409-0320041e3dc1/host
Oct 17 06:24:28.055704 podb-esxi207 dnsmasq-dhcp[1780268]: read /opt/stack/data/neutron/dhcp/38881b36-3d02-43a6-8409-0320041e3dc1/opts
Oct 17 06:24:28.815898 podb-esxi207 dnsmasq-dhcp[1778660]: DHCPRELEASE(tapf087138d-83) 10.1.0.6 fa:16:3e:af:be:07
Oct 17 06:24:28.833076 podb-esxi207 dnsmasq-dhcp[1778660]: DHCPRELEASE(tapf087138d-83) 10.1.0.6 fa:16:3e:af:be:07 unknown lease
Oct 17 06:24:29.658535 podb-esxi207 dnsmasq[1778660]: read /opt/stack/data/neutron/dhcp/78d5b47d-bcdf-4377-9ed4-14d65a13c0d1/addn_hosts - 2 names
Oct 17 06:24:29.658628 podb-esxi207 dnsmasq-dhcp[1778660]: read /opt/stack/data/neutron/dhcp/78d5b47d-bcdf-4377-9ed4-14d65a13c0d1/host
Oct 17 06:24:29.658727 podb-esxi207 dnsmasq-dhcp[1778660]: read /opt/stack/data/neutron/dhcp/78d5b47d-bcdf-4377-9ed4-14d65a13c0d1/opts
Oct 17 06:24:30.422451 podb-esxi207 dnsmasq[1780268]: read /opt/stack/data/neutron/dhcp/38881b36-3d02-43a6-8409-0320041e3dc1/addn_hosts - 4 names
Oct 17 06:24:30.422589 podb-esxi207 dnsmasq-dhcp[1780268]: read /opt/stack/data/neutron/dhcp/38881b36-3d02-43a6-8409-0320041e3dc1/host
Oct 17 06:24:30.422697 podb-esxi207 dnsmasq-dhcp[1780268]: read /opt/stack/data/neutron/dhcp/38881b36-3d02-43a6-8409-0320041e3dc1/opts
Oct 17 06:24:33.382361 podb-esxi207 dnsmasq[1778660]: read /opt/stack/data/neutron/dhcp/78d5b47d-bcdf-4377-9ed4-14d65a13c0d1/addn_hosts - 0 names
Oct 17 06:24:33.382487 podb-esxi207 dnsmasq-dhcp[1778660]: read /opt/stack/data/neutron/dhcp/78d5b47d-bcdf-4377-9ed4-14d65a13c0d1/host
Oct 17 06:24:33.382582 podb-esxi207 dnsmasq-dhcp[1778660]: read /opt/stack/data/neutron/dhcp/78d5b47d-bcdf-4377-9ed4-14d65a13c0d1/opts
Oct 17 06:24:34.454925 podb-esxi207 dnsmasq[1778660]: exiting on receipt of SIGTERM
Oct 17 06:24:38.812742 podb-esxi207 dnsmasq[1780837]: started, version 2.90 cachesize 150
Oct 17 06:24:38.812772 podb-esxi207 dnsmasq[1780837]: DNS service limited to local subnets
Oct 17 06:24:38.812788 podb-esxi207 dnsmasq[1780837]: compile time options: IPv6 GNU-getopt DBus no-UBus i18n IDN2 DHCP DHCPv6 no-Lua TFTP conntrack ipset no-nftset auth cryptohash DNSSEC loop-detect inotify dumpfile
Oct 17 06:24:38.812832 podb-esxi207 dnsmasq-dhcp[1780837]: DHCP, static leases only on 10.1.0.0, lease time 1d
Oct 17 06:24:38.812993 podb-esxi207 dnsmasq[1780837]: reading /etc/resolv.conf
Oct 17 06:24:38.813010 podb-esxi207 dnsmasq[1780837]: using nameserver 127.0.0.53#53
Oct 17 06:24:38.813099 podb-esxi207 dnsmasq[1780837]: read /opt/stack/data/neutron/dhcp/065b4520-da71-4589-ae06-bbc1cd37fdd8/addn_hosts - 0 names
Oct 17 06:24:38.813152 podb-esxi207 dnsmasq-dhcp[1780837]: read /opt/stack/data/neutron/dhcp/065b4520-da71-4589-ae06-bbc1cd37fdd8/host
Oct 17 06:24:38.813208 podb-esxi207 dnsmasq-dhcp[1780837]: read /opt/stack/data/neutron/dhcp/065b4520-da71-4589-ae06-bbc1cd37fdd8/opts
Oct 17 06:24:40.357229 podb-esxi207 dnsmasq[1780837]: read /opt/stack/data/neutron/dhcp/065b4520-da71-4589-ae06-bbc1cd37fdd8/addn_hosts - 2 names
Oct 17 06:24:40.357334 podb-esxi207 dnsmasq-dhcp[1780837]: read /opt/stack/data/neutron/dhcp/065b4520-da71-4589-ae06-bbc1cd37fdd8/host
Oct 17 06:24:40.357427 podb-esxi207 dnsmasq-dhcp[1780837]: read /opt/stack/data/neutron/dhcp/065b4520-da71-4589-ae06-bbc1cd37fdd8/opts
Oct 17 06:24:41.629814 podb-esxi207 dnsmasq[1774438]: read /opt/stack/data/neutron/dhcp/d277e0e6-98cd-421f-967f-182dc6b4fe11/addn_hosts - 6 names
Oct 17 06:24:41.629981 podb-esxi207 dnsmasq-dhcp[1774438]: read /opt/stack/data/neutron/dhcp/d277e0e6-98cd-421f-967f-182dc6b4fe11/host
Oct 17 06:24:41.630097 podb-esxi207 dnsmasq-dhcp[1774438]: read /opt/stack/data/neutron/dhcp/d277e0e6-98cd-421f-967f-182dc6b4fe11/opts
Oct 17 06:24:42.383432 podb-esxi207 dnsmasq[1780837]: read /opt/stack/data/neutron/dhcp/065b4520-da71-4589-ae06-bbc1cd37fdd8/addn_hosts - 2 names
Oct 17 06:24:42.383538 podb-esxi207 dnsmasq-dhcp[1780837]: read /opt/stack/data/neutron/dhcp/065b4520-da71-4589-ae06-bbc1cd37fdd8/host
Oct 17 06:24:42.383650 podb-esxi207 dnsmasq-dhcp[1780837]: read /opt/stack/data/neutron/dhcp/065b4520-da71-4589-ae06-bbc1cd37fdd8/opts
Oct 17 06:24:43.655165 podb-esxi207 dnsmasq[1780837]: read /opt/stack/data/neutron/dhcp/065b4520-da71-4589-ae06-bbc1cd37fdd8/addn_hosts - 2 names
Oct 17 06:24:43.655265 podb-esxi207 dnsmasq-dhcp[1780837]: read /opt/stack/data/neutron/dhcp/065b4520-da71-4589-ae06-bbc1cd37fdd8/host
Oct 17 06:24:43.655368 podb-esxi207 dnsmasq-dhcp[1780837]: read /opt/stack/data/neutron/dhcp/065b4520-da71-4589-ae06-bbc1cd37fdd8/opts
Oct 17 06:24:45.498328 podb-esxi207 dnsmasq[1780837]: read /opt/stack/data/neutron/dhcp/065b4520-da71-4589-ae06-bbc1cd37fdd8/addn_hosts - 4 names
Oct 17 06:24:45.498421 podb-esxi207 dnsmasq-dhcp[1780837]: read /opt/stack/data/neutron/dhcp/065b4520-da71-4589-ae06-bbc1cd37fdd8/host
Oct 17 06:24:45.498528 podb-esxi207 dnsmasq-dhcp[1780837]: read /opt/stack/data/neutron/dhcp/065b4520-da71-4589-ae06-bbc1cd37fdd8/opts
Oct 17 06:24:52.745766 podb-esxi207 dnsmasq[1780268]: read /opt/stack/data/neutron/dhcp/38881b36-3d02-43a6-8409-0320041e3dc1/addn_hosts - 6 names
Oct 17 06:24:52.745894 podb-esxi207 dnsmasq-dhcp[1780268]: read /opt/stack/data/neutron/dhcp/38881b36-3d02-43a6-8409-0320041e3dc1/host
Oct 17 06:24:52.745994 podb-esxi207 dnsmasq-dhcp[1780268]: read /opt/stack/data/neutron/dhcp/38881b36-3d02-43a6-8409-0320041e3dc1/opts
Oct 17 06:24:54.431596 podb-esxi207 dnsmasq-dhcp[1780268]: DHCPDISCOVER(tap842d1a5e-ad) fa:16:3e:fd:68:c9
Oct 17 06:24:54.431627 podb-esxi207 dnsmasq-dhcp[1780268]: DHCPOFFER(tap842d1a5e-ad) 10.1.0.4 fa:16:3e:fd:68:c9
Oct 17 06:24:54.444252 podb-esxi207 dnsmasq-dhcp[1780268]: DHCPREQUEST(tap842d1a5e-ad) 10.1.0.4 fa:16:3e:fd:68:c9
Oct 17 06:24:54.444290 podb-esxi207 dnsmasq-dhcp[1780268]: DHCPACK(tap842d1a5e-ad) 10.1.0.4 fa:16:3e:fd:68:c9 host-10-1-0-4
Oct 17 06:25:08.899732 podb-esxi207 dnsmasq-dhcp[1780837]: DHCPDISCOVER(tap53de0147-3f) fa:16:3e:bd:95:cb
Oct 17 06:25:08.899760 podb-esxi207 dnsmasq-dhcp[1780837]: DHCPOFFER(tap53de0147-3f) 10.1.0.9 fa:16:3e:bd:95:cb
Oct 17 06:25:08.911388 podb-esxi207 dnsmasq-dhcp[1780837]: DHCPREQUEST(tap53de0147-3f) 10.1.0.9 fa:16:3e:bd:95:cb
Oct 17 06:25:08.911418 podb-esxi207 dnsmasq-dhcp[1780837]: DHCPACK(tap53de0147-3f) 10.1.0.9 fa:16:3e:bd:95:cb host-10-1-0-9
Oct 17 06:25:37.944038 podb-esxi207 dnsmasq-dhcp[1774438]: DHCPDISCOVER(tap1250bbc0-f2) fa:16:3e:06:37:58
Oct 17 06:25:37.944067 podb-esxi207 dnsmasq-dhcp[1774438]: DHCPOFFER(tap1250bbc0-f2) 10.1.0.12 fa:16:3e:06:37:58
Oct 17 06:25:37.953290 podb-esxi207 dnsmasq-dhcp[1774438]: DHCPREQUEST(tap1250bbc0-f2) 10.1.0.12 fa:16:3e:06:37:58
Oct 17 06:25:37.953320 podb-esxi207 dnsmasq-dhcp[1774438]: DHCPACK(tap1250bbc0-f2) 10.1.0.12 fa:16:3e:06:37:58 host-10-1-0-12
Oct 17 06:26:13.333311 podb-esxi207 dnsmasq[1780268]: read /opt/stack/data/neutron/dhcp/38881b36-3d02-43a6-8409-0320041e3dc1/addn_hosts - 8 names
Oct 17 06:26:13.333401 podb-esxi207 dnsmasq-dhcp[1780268]: read /opt/stack/data/neutron/dhcp/38881b36-3d02-43a6-8409-0320041e3dc1/host
Oct 17 06:26:13.333468 podb-esxi207 dnsmasq-dhcp[1780268]: read /opt/stack/data/neutron/dhcp/38881b36-3d02-43a6-8409-0320041e3dc1/opts
Oct 17 06:26:19.695794 podb-esxi207 dnsmasq-dhcp[1774438]: DHCPRELEASE(tap1250bbc0-f2) 10.1.0.12 fa:16:3e:06:37:58
Oct 17 06:26:19.712801 podb-esxi207 dnsmasq-dhcp[1774438]: DHCPRELEASE(tap1250bbc0-f2) 10.1.0.12 fa:16:3e:06:37:58 unknown lease
Oct 17 06:26:20.537053 podb-esxi207 dnsmasq[1774438]: read /opt/stack/data/neutron/dhcp/d277e0e6-98cd-421f-967f-182dc6b4fe11/addn_hosts - 4 names
Oct 17 06:26:20.537176 podb-esxi207 dnsmasq-dhcp[1774438]: read /opt/stack/data/neutron/dhcp/d277e0e6-98cd-421f-967f-182dc6b4fe11/host
Oct 17 06:26:20.537290 podb-esxi207 dnsmasq-dhcp[1774438]: read /opt/stack/data/neutron/dhcp/d277e0e6-98cd-421f-967f-182dc6b4fe11/opts
Oct 17 06:26:33.059244 podb-esxi207 dnsmasq-dhcp[1780837]: DHCPREQUEST(tap53de0147-3f) 10.1.0.9 fa:16:3e:bd:95:cb
Oct 17 06:26:33.059272 podb-esxi207 dnsmasq-dhcp[1780837]: DHCPACK(tap53de0147-3f) 10.1.0.9 fa:16:3e:bd:95:cb host-10-1-0-9
Oct 17 06:26:35.921324 podb-esxi207 dnsmasq[1780268]: read /opt/stack/data/neutron/dhcp/38881b36-3d02-43a6-8409-0320041e3dc1/addn_hosts - 10 names
Oct 17 06:26:35.921515 podb-esxi207 dnsmasq-dhcp[1780268]: read /opt/stack/data/neutron/dhcp/38881b36-3d02-43a6-8409-0320041e3dc1/host
Oct 17 06:26:35.921629 podb-esxi207 dnsmasq-dhcp[1780268]: read /opt/stack/data/neutron/dhcp/38881b36-3d02-43a6-8409-0320041e3dc1/opts
Oct 17 06:26:36.229113 podb-esxi207 dnsmasq-dhcp[1780268]: DHCPDISCOVER(tap842d1a5e-ad) fa:16:3e:43:8d:d2
Oct 17 06:26:36.229138 podb-esxi207 dnsmasq-dhcp[1780268]: DHCPOFFER(tap842d1a5e-ad) 10.1.0.11 fa:16:3e:43:8d:d2
Oct 17 06:26:36.241943 podb-esxi207 dnsmasq-dhcp[1780268]: DHCPREQUEST(tap842d1a5e-ad) 10.1.0.11 fa:16:3e:43:8d:d2
Oct 17 06:26:36.241976 podb-esxi207 dnsmasq-dhcp[1780268]: DHCPACK(tap842d1a5e-ad) 10.1.0.11 fa:16:3e:43:8d:d2 host-10-1-0-11
Oct 17 06:26:38.434014 podb-esxi207 dnsmasq-dhcp[1774438]: DHCPRELEASE(tap1250bbc0-f2) 10.1.0.9 fa:16:3e:47:43:76
Oct 17 06:26:38.449283 podb-esxi207 dnsmasq-dhcp[1774438]: DHCPRELEASE(tap1250bbc0-f2) 10.1.0.9 fa:16:3e:47:43:76 unknown lease
Oct 17 06:26:39.280757 podb-esxi207 dnsmasq[1774438]: read /opt/stack/data/neutron/dhcp/d277e0e6-98cd-421f-967f-182dc6b4fe11/addn_hosts - 2 names
Oct 17 06:26:39.280845 podb-esxi207 dnsmasq-dhcp[1774438]: read /opt/stack/data/neutron/dhcp/d277e0e6-98cd-421f-967f-182dc6b4fe11/host
Oct 17 06:26:39.280919 podb-esxi207 dnsmasq-dhcp[1774438]: read /opt/stack/data/neutron/dhcp/d277e0e6-98cd-421f-967f-182dc6b4fe11/opts
Oct 17 06:26:44.602549 podb-esxi207 dnsmasq[1774438]: read /opt/stack/data/neutron/dhcp/d277e0e6-98cd-421f-967f-182dc6b4fe11/addn_hosts - 0 names
Oct 17 06:26:44.602620 podb-esxi207 dnsmasq-dhcp[1774438]: read /opt/stack/data/neutron/dhcp/d277e0e6-98cd-421f-967f-182dc6b4fe11/host
Oct 17 06:26:44.602700 podb-esxi207 dnsmasq-dhcp[1774438]: read /opt/stack/data/neutron/dhcp/d277e0e6-98cd-421f-967f-182dc6b4fe11/opts
Oct 17 06:26:45.607470 podb-esxi207 dnsmasq[1774438]: exiting on receipt of SIGTERM
Oct 17 06:26:49.722663 podb-esxi207 dnsmasq[1783961]: started, version 2.90 cachesize 150
Oct 17 06:26:49.722692 podb-esxi207 dnsmasq[1783961]: DNS service limited to local subnets
Oct 17 06:26:49.722707 podb-esxi207 dnsmasq[1783961]: compile time options: IPv6 GNU-getopt DBus no-UBus i18n IDN2 DHCP DHCPv6 no-Lua TFTP conntrack ipset no-nftset auth cryptohash DNSSEC loop-detect inotify dumpfile
Oct 17 06:26:49.722743 podb-esxi207 dnsmasq-dhcp[1783961]: DHCP, static leases only on 10.1.0.0, lease time 1d
Oct 17 06:26:49.722897 podb-esxi207 dnsmasq[1783961]: reading /etc/resolv.conf
Oct 17 06:26:49.722915 podb-esxi207 dnsmasq[1783961]: using nameserver 127.0.0.53#53
Oct 17 06:26:49.723006 podb-esxi207 dnsmasq[1783961]: read /opt/stack/data/neutron/dhcp/5e5c914a-4ac8-4c0c-8182-27cf32644406/addn_hosts - 0 names
Oct 17 06:26:49.723060 podb-esxi207 dnsmasq-dhcp[1783961]: read /opt/stack/data/neutron/dhcp/5e5c914a-4ac8-4c0c-8182-27cf32644406/host
Oct 17 06:26:49.723127 podb-esxi207 dnsmasq-dhcp[1783961]: read /opt/stack/data/neutron/dhcp/5e5c914a-4ac8-4c0c-8182-27cf32644406/opts
Oct 17 06:26:51.270056 podb-esxi207 dnsmasq[1783961]: read /opt/stack/data/neutron/dhcp/5e5c914a-4ac8-4c0c-8182-27cf32644406/addn_hosts - 2 names
Oct 17 06:26:51.270161 podb-esxi207 dnsmasq-dhcp[1783961]: read /opt/stack/data/neutron/dhcp/5e5c914a-4ac8-4c0c-8182-27cf32644406/host
Oct 17 06:26:51.270275 podb-esxi207 dnsmasq-dhcp[1783961]: read /opt/stack/data/neutron/dhcp/5e5c914a-4ac8-4c0c-8182-27cf32644406/opts
Oct 17 06:26:52.530024 podb-esxi207 dnsmasq[1783961]: read /opt/stack/data/neutron/dhcp/5e5c914a-4ac8-4c0c-8182-27cf32644406/addn_hosts - 2 names
Oct 17 06:26:52.530121 podb-esxi207 dnsmasq-dhcp[1783961]: read /opt/stack/data/neutron/dhcp/5e5c914a-4ac8-4c0c-8182-27cf32644406/host
Oct 17 06:26:52.530217 podb-esxi207 dnsmasq-dhcp[1783961]: read /opt/stack/data/neutron/dhcp/5e5c914a-4ac8-4c0c-8182-27cf32644406/opts
Oct 17 06:26:53.786395 podb-esxi207 dnsmasq[1783961]: read /opt/stack/data/neutron/dhcp/5e5c914a-4ac8-4c0c-8182-27cf32644406/addn_hosts - 2 names
Oct 17 06:26:53.786505 podb-esxi207 dnsmasq-dhcp[1783961]: read /opt/stack/data/neutron/dhcp/5e5c914a-4ac8-4c0c-8182-27cf32644406/host
Oct 17 06:26:53.786617 podb-esxi207 dnsmasq-dhcp[1783961]: read /opt/stack/data/neutron/dhcp/5e5c914a-4ac8-4c0c-8182-27cf32644406/opts
Oct 17 06:26:57.266827 podb-esxi207 dnsmasq[1783961]: read /opt/stack/data/neutron/dhcp/5e5c914a-4ac8-4c0c-8182-27cf32644406/addn_hosts - 4 names
Oct 17 06:26:57.266954 podb-esxi207 dnsmasq-dhcp[1783961]: read /opt/stack/data/neutron/dhcp/5e5c914a-4ac8-4c0c-8182-27cf32644406/host
Oct 17 06:26:57.267068 podb-esxi207 dnsmasq-dhcp[1783961]: read /opt/stack/data/neutron/dhcp/5e5c914a-4ac8-4c0c-8182-27cf32644406/opts
Oct 17 06:27:22.712871 podb-esxi207 dnsmasq-dhcp[1783961]: DHCPDISCOVER(tap2695fbed-cb) fa:16:3e:6d:be:e7
Oct 17 06:27:22.712896 podb-esxi207 dnsmasq-dhcp[1783961]: DHCPOFFER(tap2695fbed-cb) 10.1.0.6 fa:16:3e:6d:be:e7
Oct 17 06:27:22.722197 podb-esxi207 dnsmasq-dhcp[1783961]: DHCPREQUEST(tap2695fbed-cb) 10.1.0.6 fa:16:3e:6d:be:e7
Oct 17 06:27:22.722226 podb-esxi207 dnsmasq-dhcp[1783961]: DHCPACK(tap2695fbed-cb) 10.1.0.6 fa:16:3e:6d:be:e7 host-10-1-0-6
Oct 17 06:27:32.046307 podb-esxi207 dnsmasq[1780268]: read /opt/stack/data/neutron/dhcp/38881b36-3d02-43a6-8409-0320041e3dc1/addn_hosts - 8 names
Oct 17 06:27:32.046459 podb-esxi207 dnsmasq-dhcp[1780268]: read /opt/stack/data/neutron/dhcp/38881b36-3d02-43a6-8409-0320041e3dc1/host
Oct 17 06:27:32.046569 podb-esxi207 dnsmasq-dhcp[1780268]: read /opt/stack/data/neutron/dhcp/38881b36-3d02-43a6-8409-0320041e3dc1/opts
Oct 17 06:27:44.808861 podb-esxi207 dnsmasq-dhcp[1780268]: DHCPRELEASE(tap842d1a5e-ad) 10.1.0.11 fa:16:3e:43:8d:d2
Oct 17 06:27:44.825571 podb-esxi207 dnsmasq-dhcp[1780268]: DHCPRELEASE(tap842d1a5e-ad) 10.1.0.11 fa:16:3e:43:8d:d2 unknown lease
Oct 17 06:27:45.651654 podb-esxi207 dnsmasq[1780268]: read /opt/stack/data/neutron/dhcp/38881b36-3d02-43a6-8409-0320041e3dc1/addn_hosts - 6 names
Oct 17 06:27:45.651795 podb-esxi207 dnsmasq-dhcp[1780268]: read /opt/stack/data/neutron/dhcp/38881b36-3d02-43a6-8409-0320041e3dc1/host
Oct 17 06:27:45.651899 podb-esxi207 dnsmasq-dhcp[1780268]: read /opt/stack/data/neutron/dhcp/38881b36-3d02-43a6-8409-0320041e3dc1/opts
Oct 17 06:27:52.525880 podb-esxi207 dnsmasq[1780268]: read /opt/stack/data/neutron/dhcp/38881b36-3d02-43a6-8409-0320041e3dc1/addn_hosts - 4 names
Oct 17 06:27:52.525961 podb-esxi207 dnsmasq-dhcp[1780268]: read /opt/stack/data/neutron/dhcp/38881b36-3d02-43a6-8409-0320041e3dc1/host
Oct 17 06:27:52.526068 podb-esxi207 dnsmasq-dhcp[1780268]: read /opt/stack/data/neutron/dhcp/38881b36-3d02-43a6-8409-0320041e3dc1/opts
Oct 17 06:28:01.978768 podb-esxi207 dnsmasq-dhcp[1780268]: DHCPRELEASE(tap842d1a5e-ad) 10.1.0.4 fa:16:3e:fd:68:c9
Oct 17 06:28:01.994682 podb-esxi207 dnsmasq-dhcp[1780268]: DHCPRELEASE(tap842d1a5e-ad) 10.1.0.4 fa:16:3e:fd:68:c9 unknown lease
Oct 17 06:28:02.818030 podb-esxi207 dnsmasq[1780268]: read /opt/stack/data/neutron/dhcp/38881b36-3d02-43a6-8409-0320041e3dc1/addn_hosts - 2 names
Oct 17 06:28:02.818138 podb-esxi207 dnsmasq-dhcp[1780268]: read /opt/stack/data/neutron/dhcp/38881b36-3d02-43a6-8409-0320041e3dc1/host
Oct 17 06:28:02.818254 podb-esxi207 dnsmasq-dhcp[1780268]: read /opt/stack/data/neutron/dhcp/38881b36-3d02-43a6-8409-0320041e3dc1/opts
Oct 17 06:28:02.833682 podb-esxi207 dnsmasq-dhcp[1780837]: DHCPREQUEST(tap53de0147-3f) 10.1.0.9 fa:16:3e:bd:95:cb
Oct 17 06:28:02.833716 podb-esxi207 dnsmasq-dhcp[1780837]: DHCPACK(tap53de0147-3f) 10.1.0.9 fa:16:3e:bd:95:cb host-10-1-0-9
Oct 17 06:28:07.309720 podb-esxi207 dnsmasq[1780268]: read /opt/stack/data/neutron/dhcp/38881b36-3d02-43a6-8409-0320041e3dc1/addn_hosts - 0 names
Oct 17 06:28:07.309765 podb-esxi207 dnsmasq-dhcp[1780268]: read /opt/stack/data/neutron/dhcp/38881b36-3d02-43a6-8409-0320041e3dc1/host
Oct 17 06:28:07.309815 podb-esxi207 dnsmasq-dhcp[1780268]: read /opt/stack/data/neutron/dhcp/38881b36-3d02-43a6-8409-0320041e3dc1/opts
Oct 17 06:28:08.382146 podb-esxi207 dnsmasq[1780268]: exiting on receipt of SIGTERM
Oct 17 06:28:12.467832 podb-esxi207 dnsmasq[1785845]: started, version 2.90 cachesize 150
Oct 17 06:28:12.467862 podb-esxi207 dnsmasq[1785845]: DNS service limited to local subnets
Oct 17 06:28:12.467876 podb-esxi207 dnsmasq[1785845]: compile time options: IPv6 GNU-getopt DBus no-UBus i18n IDN2 DHCP DHCPv6 no-Lua TFTP conntrack ipset no-nftset auth cryptohash DNSSEC loop-detect inotify dumpfile
Oct 17 06:28:12.467920 podb-esxi207 dnsmasq-dhcp[1785845]: DHCP, static leases only on 10.1.0.0, lease time 1d
Oct 17 06:28:12.468073 podb-esxi207 dnsmasq[1785845]: reading /etc/resolv.conf
Oct 17 06:28:12.468090 podb-esxi207 dnsmasq[1785845]: using nameserver 127.0.0.53#53
Oct 17 06:28:12.468177 podb-esxi207 dnsmasq[1785845]: read /opt/stack/data/neutron/dhcp/f0449f93-5855-4f67-8bb0-f96b8992de99/addn_hosts - 0 names
Oct 17 06:28:12.468227 podb-esxi207 dnsmasq-dhcp[1785845]: read /opt/stack/data/neutron/dhcp/f0449f93-5855-4f67-8bb0-f96b8992de99/host
Oct 17 06:28:12.468287 podb-esxi207 dnsmasq-dhcp[1785845]: read /opt/stack/data/neutron/dhcp/f0449f93-5855-4f67-8bb0-f96b8992de99/opts
Oct 17 06:28:14.022943 podb-esxi207 dnsmasq[1785845]: read /opt/stack/data/neutron/dhcp/f0449f93-5855-4f67-8bb0-f96b8992de99/addn_hosts - 2 names
Oct 17 06:28:14.023050 podb-esxi207 dnsmasq-dhcp[1785845]: read /opt/stack/data/neutron/dhcp/f0449f93-5855-4f67-8bb0-f96b8992de99/host
Oct 17 06:28:14.023159 podb-esxi207 dnsmasq-dhcp[1785845]: read /opt/stack/data/neutron/dhcp/f0449f93-5855-4f67-8bb0-f96b8992de99/opts
Oct 17 06:28:15.284047 podb-esxi207 dnsmasq[1785845]: read /opt/stack/data/neutron/dhcp/f0449f93-5855-4f67-8bb0-f96b8992de99/addn_hosts - 2 names
Oct 17 06:28:15.284140 podb-esxi207 dnsmasq-dhcp[1785845]: read /opt/stack/data/neutron/dhcp/f0449f93-5855-4f67-8bb0-f96b8992de99/host
Oct 17 06:28:15.284265 podb-esxi207 dnsmasq-dhcp[1785845]: read /opt/stack/data/neutron/dhcp/f0449f93-5855-4f67-8bb0-f96b8992de99/opts
Oct 17 06:28:16.547925 podb-esxi207 dnsmasq[1785845]: read /opt/stack/data/neutron/dhcp/f0449f93-5855-4f67-8bb0-f96b8992de99/addn_hosts - 2 names
Oct 17 06:28:16.548015 podb-esxi207 dnsmasq-dhcp[1785845]: read /opt/stack/data/neutron/dhcp/f0449f93-5855-4f67-8bb0-f96b8992de99/host
Oct 17 06:28:16.548129 podb-esxi207 dnsmasq-dhcp[1785845]: read /opt/stack/data/neutron/dhcp/f0449f93-5855-4f67-8bb0-f96b8992de99/opts
Oct 17 06:28:34.768761 podb-esxi207 dnsmasq[1785845]: read /opt/stack/data/neutron/dhcp/f0449f93-5855-4f67-8bb0-f96b8992de99/addn_hosts - 4 names
Oct 17 06:28:34.768861 podb-esxi207 dnsmasq-dhcp[1785845]: read /opt/stack/data/neutron/dhcp/f0449f93-5855-4f67-8bb0-f96b8992de99/host
Oct 17 06:28:34.768944 podb-esxi207 dnsmasq-dhcp[1785845]: read /opt/stack/data/neutron/dhcp/f0449f93-5855-4f67-8bb0-f96b8992de99/opts
Oct 17 06:28:50.023001 podb-esxi207 dnsmasq-dhcp[1780837]: DHCPRELEASE(tap53de0147-3f) 10.1.0.9 fa:16:3e:bd:95:cb
Oct 17 06:28:50.037797 podb-esxi207 dnsmasq-dhcp[1780837]: DHCPRELEASE(tap53de0147-3f) 10.1.0.9 fa:16:3e:bd:95:cb unknown lease
Oct 17 06:28:50.859060 podb-esxi207 dnsmasq[1780837]: read /opt/stack/data/neutron/dhcp/065b4520-da71-4589-ae06-bbc1cd37fdd8/addn_hosts - 2 names
Oct 17 06:28:50.859143 podb-esxi207 dnsmasq-dhcp[1780837]: read /opt/stack/data/neutron/dhcp/065b4520-da71-4589-ae06-bbc1cd37fdd8/host
Oct 17 06:28:50.859212 podb-esxi207 dnsmasq-dhcp[1780837]: read /opt/stack/data/neutron/dhcp/065b4520-da71-4589-ae06-bbc1cd37fdd8/opts
Oct 17 06:28:55.392108 podb-esxi207 dnsmasq[1785845]: read /opt/stack/data/neutron/dhcp/f0449f93-5855-4f67-8bb0-f96b8992de99/addn_hosts - 6 names
Oct 17 06:28:55.392226 podb-esxi207 dnsmasq-dhcp[1785845]: read /opt/stack/data/neutron/dhcp/f0449f93-5855-4f67-8bb0-f96b8992de99/host
Oct 17 06:28:55.392331 podb-esxi207 dnsmasq-dhcp[1785845]: read /opt/stack/data/neutron/dhcp/f0449f93-5855-4f67-8bb0-f96b8992de99/opts
Oct 17 06:29:01.649272 podb-esxi207 dnsmasq-dhcp[1785845]: DHCPDISCOVER(tap1b931255-7c) fa:16:3e:35:db:18
Oct 17 06:29:01.649300 podb-esxi207 dnsmasq-dhcp[1785845]: DHCPOFFER(tap1b931255-7c) 10.1.0.11 fa:16:3e:35:db:18
Oct 17 06:29:01.659868 podb-esxi207 dnsmasq-dhcp[1785845]: DHCPREQUEST(tap1b931255-7c) 10.1.0.11 fa:16:3e:35:db:18
Oct 17 06:29:01.659893 podb-esxi207 dnsmasq-dhcp[1785845]: DHCPACK(tap1b931255-7c) 10.1.0.11 fa:16:3e:35:db:18 host-10-1-0-11
Oct 17 06:29:06.562729 podb-esxi207 dnsmasq[1780837]: read /opt/stack/data/neutron/dhcp/065b4520-da71-4589-ae06-bbc1cd37fdd8/addn_hosts - 4 names
Oct 17 06:29:06.562819 podb-esxi207 dnsmasq-dhcp[1780837]: read /opt/stack/data/neutron/dhcp/065b4520-da71-4589-ae06-bbc1cd37fdd8/host
Oct 17 06:29:06.562914 podb-esxi207 dnsmasq-dhcp[1780837]: read /opt/stack/data/neutron/dhcp/065b4520-da71-4589-ae06-bbc1cd37fdd8/opts
Oct 17 06:29:09.466933 podb-esxi207 dnsmasq[1785845]: read /opt/stack/data/neutron/dhcp/f0449f93-5855-4f67-8bb0-f96b8992de99/addn_hosts - 8 names
Oct 17 06:29:09.467040 podb-esxi207 dnsmasq-dhcp[1785845]: read /opt/stack/data/neutron/dhcp/f0449f93-5855-4f67-8bb0-f96b8992de99/host
Oct 17 06:29:09.467133 podb-esxi207 dnsmasq-dhcp[1785845]: read /opt/stack/data/neutron/dhcp/f0449f93-5855-4f67-8bb0-f96b8992de99/opts
Oct 17 06:29:19.618976 podb-esxi207 dnsmasq-dhcp[1785845]: DHCPDISCOVER(tap1b931255-7c) fa:16:3e:42:5b:b0
Oct 17 06:29:19.619001 podb-esxi207 dnsmasq-dhcp[1785845]: DHCPOFFER(tap1b931255-7c) 10.1.0.8 fa:16:3e:42:5b:b0
Oct 17 06:29:19.629078 podb-esxi207 dnsmasq-dhcp[1785845]: DHCPREQUEST(tap1b931255-7c) 10.1.0.8 fa:16:3e:42:5b:b0
Oct 17 06:29:19.629109 podb-esxi207 dnsmasq-dhcp[1785845]: DHCPACK(tap1b931255-7c) 10.1.0.8 fa:16:3e:42:5b:b0 host-10-1-0-8
Oct 17 06:29:20.114136 podb-esxi207 dnsmasq-dhcp[1783961]: DHCPRELEASE(tap2695fbed-cb) 10.1.0.6 fa:16:3e:6d:be:e7
