2025-10-14 10:01:11.142 529179 DEBUG os_brick.initiator.connectors.base [req-1adfe70e-6019-48e1-954c-c15617260721 4a286ddf600a47c98f4dd718dbbcf31a d365a158173343d58ebcf8316a49b6d4 - - default default] Lock "connect_volume" acquired by "os_brick.initiator.connectors.iscsi.ISCSIConnector.connect_volume" :: waited 0.002s [00;33m{{(pid=529179) inner /opt/stack/data/venv/lib/python3.10/site-packages/os_brick/initiator/connectors/base.py:73}}[00m
2025-10-14 10:01:11.143 529179 DEBUG os_brick.initiator.connectors.base [req-1adfe70e-6019-48e1-954c-c15617260721 4a286ddf600a47c98f4dd718dbbcf31a d365a158173343d58ebcf8316a49b6d4 - - default default] Connection properties {'target_portal': '172.25.59.221:3260', 'target_iqn': 'iqn.2016-04.com.open-iscsi:d78edfece0b6.hbsd-target', 'target_discovered': False, 'target_lun': 0, 'qos_specs': None, 'access_mode': 'rw', 'encrypted': False, 'cacheable': False, 'enforce_multipath': True} [00;33m{{(pid=529179) check_multipath /opt/stack/data/venv/lib/python3.10/site-packages/os_brick/initiator/connectors/base.py:133}}[00m
2025-10-14 10:01:11.145 552177 DEBUG oslo_concurrency.processutils [-] Running cmd (subprocess): multipathd show status [00;33m{{(pid=552177) execute /opt/stack/data/venv/lib/python3.10/site-packages/oslo_concurrency/processutils.py:349}}[00m
2025-10-14 10:01:11.158 552177 DEBUG oslo_concurrency.processutils [-] 'multipathd show status' failed. Not Retrying. [00;33m{{(pid=552177) execute /opt/stack/data/venv/lib/python3.10/site-packages/oslo_concurrency/processutils.py:423}}[00m
2025-10-14 10:01:11.159 552177 DEBUG oslo.privsep.daemon [-] privsep: Exception during request[dbddc3e3-9590-43ec-b6c2-d7aaa78b7618]: [Errno 2] No such file or directory: 'multipathd' [00;33m{{(pid=552177) _process_cmd /opt/stack/data/venv/lib/python3.10/site-packages/oslo_privsep/daemon.py:481}}[00m
Traceback (most recent call last):
  File "/opt/stack/data/venv/lib/python3.10/site-packages/oslo_privsep/daemon.py", line 478, in _process_cmd
    ret = func(*f_args, **f_kwargs)
  File "/opt/stack/data/venv/lib/python3.10/site-packages/oslo_privsep/priv_context.py", line 266, in _wrap
    return func(*args, **kwargs)
  File "/opt/stack/data/venv/lib/python3.10/site-packages/os_brick/privileged/rootwrap.py", line 198, in execute_root
    return custom_execute(*cmd, shell=False, run_as_root=False, **kwargs)
  File "/opt/stack/data/venv/lib/python3.10/site-packages/os_brick/privileged/rootwrap.py", line 146, in custom_execute
    return putils.execute(on_execute=on_execute,
  File "/opt/stack/data/venv/lib/python3.10/site-packages/oslo_concurrency/processutils.py", line 354, in execute
    obj = subprocess.Popen(cmd,
  File "/usr/lib/python3.10/subprocess.py", line 971, in __init__
    self._execute_child(args, executable, preexec_fn, close_fds,
  File "/usr/lib/python3.10/subprocess.py", line 1863, in _execute_child
    raise child_exception_type(errno_num, err_msg, err_filename)
FileNotFoundError: [Errno 2] No such file or directory: 'multipathd'
2025-10-14 10:01:11.163 552177 DEBUG oslo.privsep.daemon [-] privsep: reply[dbddc3e3-9590-43ec-b6c2-d7aaa78b7618]: (5, 'builtins.FileNotFoundError', (2, 'No such file or directory')) [00;33m{{(pid=552177) _call_back /opt/stack/data/venv/lib/python3.10/site-packages/oslo_privsep/daemon.py:503}}[00m
2025-10-14 10:01:11.166 529179 DEBUG os_brick.initiator.connectors.base [req-1adfe70e-6019-48e1-954c-c15617260721 4a286ddf600a47c98f4dd718dbbcf31a d365a158173343d58ebcf8316a49b6d4 - - default default] Acquiring lock "connect_to_iscsi_portal-172.25.59.221:3260-iqn.2016-04.com.open-iscsi:d78edfece0b6.hbsd-target" by "os_brick.initiator.connectors.iscsi.ISCSIConnector._connect_to_iscsi_portal_unsafe" [00;33m{{(pid=529179) inner /opt/stack/data/venv/lib/python3.10/site-packages/os_brick/initiator/connectors/base.py:68}}[00m
2025-10-14 10:01:11.168 529179 DEBUG os_brick.initiator.connectors.base [req-1adfe70e-6019-48e1-954c-c15617260721 4a286ddf600a47c98f4dd718dbbcf31a d365a158173343d58ebcf8316a49b6d4 - - default default] Lock "connect_to_iscsi_portal-172.25.59.221:3260-iqn.2016-04.com.open-iscsi:d78edfece0b6.hbsd-target" acquired by "os_brick.initiator.connectors.iscsi.ISCSIConnector._connect_to_iscsi_portal_unsafe" :: waited 0.001s [00;33m{{(pid=529179) inner /opt/stack/data/venv/lib/python3.10/site-packages/os_brick/initiator/connectors/base.py:73}}[00m
2025-10-14 10:01:11.169 529179 INFO os_brick.initiator.connectors.iscsi [req-1adfe70e-6019-48e1-954c-c15617260721 4a286ddf600a47c98f4dd718dbbcf31a d365a158173343d58ebcf8316a49b6d4 - - default default] Trying to connect to iSCSI portal 172.25.59.221:3260
2025-10-14 10:01:11.170 552177 DEBUG oslo_concurrency.processutils [-] Running cmd (subprocess): iscsiadm -m node -T iqn.2016-04.com.open-iscsi:d78edfece0b6.hbsd-target -p 172.25.59.221:3260 [00;33m{{(pid=552177) execute /opt/stack/data/venv/lib/python3.10/site-packages/oslo_concurrency/processutils.py:349}}[00m
2025-10-14 10:01:11.190 552177 DEBUG oslo_concurrency.processutils [-] CMD "iscsiadm -m node -T iqn.2016-04.com.open-iscsi:d78edfece0b6.hbsd-target -p 172.25.59.221:3260" returned: 21 in 0.019s [00;33m{{(pid=552177) execute /opt/stack/data/venv/lib/python3.10/site-packages/oslo_concurrency/processutils.py:372}}[00m
2025-10-14 10:01:11.191 552177 DEBUG oslo.privsep.daemon [-] privsep: reply[d4214828-7fbb-441a-a5b7-420d4f611abf]: (4, ('', 'iscsiadm: No records found\n')) [00;33m{{(pid=552177) _call_back /opt/stack/data/venv/lib/python3.10/site-packages/oslo_privsep/daemon.py:503}}[00m
2025-10-14 10:01:11.192 529179 DEBUG os_brick.initiator.connectors.iscsi [req-1adfe70e-6019-48e1-954c-c15617260721 4a286ddf600a47c98f4dd718dbbcf31a d365a158173343d58ebcf8316a49b6d4 - - default default] iscsiadm (): stdout= stderr=iscsiadm: No records found
 [00;33m{{(pid=529179) _run_iscsiadm /opt/stack/data/venv/lib/python3.10/site-packages/os_brick/initiator/connectors/iscsi.py:1065}}[00m
2025-10-14 10:01:11.194 552177 DEBUG oslo_concurrency.processutils [-] Running cmd (subprocess): iscsiadm -m node -T iqn.2016-04.com.open-iscsi:d78edfece0b6.hbsd-target -p 172.25.59.221:3260 --interface default --op new [00;33m{{(pid=552177) execute /opt/stack/data/venv/lib/python3.10/site-packages/oslo_concurrency/processutils.py:349}}[00m
2025-10-14 10:01:11.216 552177 DEBUG oslo_concurrency.processutils [-] CMD "iscsiadm -m node -T iqn.2016-04.com.open-iscsi:d78edfece0b6.hbsd-target -p 172.25.59.221:3260 --interface default --op new" returned: 0 in 0.021s [00;33m{{(pid=552177) execute /opt/stack/data/venv/lib/python3.10/site-packages/oslo_concurrency/processutils.py:372}}[00m
2025-10-14 10:01:11.217 552177 DEBUG oslo.privsep.daemon [-] privsep: reply[de5ed0e8-022b-48ae-b837-e34384f9f5d2]: (4, ('New iSCSI node [tcp:[hw=,ip=,net_if=,iscsi_if=default] 172.25.59.221,3260,-1 iqn.2016-04.com.open-iscsi:d78edfece0b6.hbsd-target] added\n', 'iscsiadm: config file line 337 do not has value\niscsiadm: config file line 337 do not has value\niscsiadm: config file line 337 do not has value\niscsiadm: config file line 337 do not has value\n')) [00;33m{{(pid=552177) _call_back /opt/stack/data/venv/lib/python3.10/site-packages/oslo_privsep/daemon.py:503}}[00m
2025-10-14 10:01:11.218 529179 DEBUG os_brick.initiator.connectors.iscsi [req-1adfe70e-6019-48e1-954c-c15617260721 4a286ddf600a47c98f4dd718dbbcf31a d365a158173343d58ebcf8316a49b6d4 - - default default] iscsiadm ('--interface', 'default', '--op', 'new'): stdout=New iSCSI node [tcp:[hw=,ip=,net_if=,iscsi_if=default] 172.25.59.221,3260,-1 iqn.2016-04.com.open-iscsi:d78edfece0b6.hbsd-target] added
 stderr=iscsiadm: config file line 337 do not has value
iscsiadm: config file line 337 do not has value
iscsiadm: config file line 337 do not has value
iscsiadm: config file line 337 do not has value
 [00;33m{{(pid=529179) _run_iscsiadm /opt/stack/data/venv/lib/python3.10/site-packages/os_brick/initiator/connectors/iscsi.py:1065}}[00m
2025-10-14 10:01:11.219 529179 DEBUG os_brick.initiator.connectors.iscsi [req-1adfe70e-6019-48e1-954c-c15617260721 4a286ddf600a47c98f4dd718dbbcf31a d365a158173343d58ebcf8316a49b6d4 - - default default] Retrying to connect to iSCSI portal 172.25.59.221:3260 [00;33m{{(pid=529179) _connect_to_iscsi_portal_unsafe /opt/stack/data/venv/lib/python3.10/site-packages/os_brick/initiator/connectors/iscsi.py:1131}}[00m
2025-10-14 10:01:11.220 529179 DEBUG os_brick.utils [req-1adfe70e-6019-48e1-954c-c15617260721 4a286ddf600a47c98f4dd718dbbcf31a d365a158173343d58ebcf8316a49b6d4 - - default default] Finished call to 'os_brick.initiator.connectors.iscsi.ISCSIConnector._connect_to_iscsi_portal_unsafe' after 0.051(s), this was the 1st time calling it. [00;33m{{(pid=529179) log_it /opt/stack/data/venv/lib/python3.10/site-packages/tenacity/after.py:44}}[00m
2025-10-14 10:01:11.222 529179 DEBUG os_brick.utils [req-1adfe70e-6019-48e1-954c-c15617260721 4a286ddf600a47c98f4dd718dbbcf31a d365a158173343d58ebcf8316a49b6d4 - - default default] Retrying os_brick.initiator.connectors.iscsi.ISCSIConnector._connect_to_iscsi_portal_unsafe in 1.0 seconds as it raised BrickException: An unknown exception occurred.. [00;33m{{(pid=529179) log_it /opt/stack/data/venv/lib/python3.10/site-packages/tenacity/before_sleep.py:65}}[00m
2025-10-14 10:01:12.224 529179 INFO os_brick.initiator.connectors.iscsi [req-1adfe70e-6019-48e1-954c-c15617260721 4a286ddf600a47c98f4dd718dbbcf31a d365a158173343d58ebcf8316a49b6d4 - - default default] Trying to connect to iSCSI portal 172.25.59.221:3260
2025-10-14 10:01:12.226 552177 DEBUG oslo_concurrency.processutils [-] Running cmd (subprocess): iscsiadm -m node -T iqn.2016-04.com.open-iscsi:d78edfece0b6.hbsd-target -p 172.25.59.221:3260 [00;33m{{(pid=552177) execute /opt/stack/data/venv/lib/python3.10/site-packages/oslo_concurrency/processutils.py:349}}[00m
2025-10-14 10:01:12.248 552177 DEBUG oslo_concurrency.processutils [-] CMD "iscsiadm -m node -T iqn.2016-04.com.open-iscsi:d78edfece0b6.hbsd-target -p 172.25.59.221:3260" returned: 0 in 0.022s [00;33m{{(pid=552177) execute /opt/stack/data/venv/lib/python3.10/site-packages/oslo_concurrency/processutils.py:372}}[00m
2025-10-14 10:01:12.250 552177 DEBUG oslo.privsep.daemon [-] privsep: reply[4f763351-3b74-40b0-a8ea-a8cdba6e3521]: (4, ('# BEGIN RECORD 2.1.5\nnode.name = iqn.2016-04.com.open-iscsi:d78edfece0b6.hbsd-target\nnode.tpgt = -1\nnode.startup = manual\nnode.leading_login = No\niface.iscsi_ifacename = default\niface.net_ifacename = <empty>\niface.ipaddress = <empty>\niface.prefix_len = 0\niface.hwaddress = <empty>\niface.transport_name = tcp\niface.initiatorname = <empty>\niface.state = <empty>\niface.vlan_id = 0\niface.vlan_priority = 0\niface.vlan_state = <empty>\niface.iface_num = 0\niface.mtu = 0\niface.port = 0\niface.bootproto = <empty>\niface.subnet_mask = <empty>\niface.gateway = <empty>\niface.dhcp_alt_client_id_state = <empty>\niface.dhcp_alt_client_id = <empty>\niface.dhcp_dns = <empty>\niface.dhcp_learn_iqn = <empty>\niface.dhcp_req_vendor_id_state = <empty>\niface.dhcp_vendor_id_state = <empty>\niface.dhcp_vendor_id = <empty>\niface.dhcp_slp_da = <empty>\niface.fragmentation = <empty>\niface.gratuitous_arp = <empty>\niface.incoming_forwarding = <empty>\niface.tos_state = <empty>\niface.tos = 0\niface.ttl = 0\niface.delayed_ack = <empty>\niface.tcp_nagle = <empty>\niface.tcp_wsf_state = <empty>\niface.tcp_wsf = 0\niface.tcp_timer_scale = 0\niface.tcp_timestamp = <empty>\niface.redirect = <empty>\niface.def_task_mgmt_timeout = 0\niface.header_digest = <empty>\niface.data_digest = <empty>\niface.immediate_data = <empty>\niface.initial_r2t = <empty>\niface.data_seq_inorder = <empty>\niface.data_pdu_inorder = <empty>\niface.erl = 0\niface.max_receive_data_len = 0\niface.first_burst_len = 0\niface.max_outstanding_r2t = 0\niface.max_burst_len = 0\niface.chap_auth = <empty>\niface.bidi_chap = <empty>\niface.strict_login_compliance = <empty>\niface.discovery_auth = <empty>\niface.discovery_logout = <empty>\nnode.discovery_address = <empty>\nnode.discovery_port = 0\nnode.discovery_type = static\nnode.session.initial_cmdsn = 0\nnode.session.initial_login_retry_max = 8\nnode.session.xmit_thread_priority = -20\nnode.session.cmds_max = 128\nnode.session.queue_depth = 32\nnode.session.nr_sessions = 1\nnode.session.auth.authmethod = None\nnode.session.auth.username = <empty>\nnode.session.auth.password = <empty>\nnode.session.auth.username_in = <empty>\nnode.session.auth.password_in = <empty>\nnode.session.auth.chap_algs = SHA3-256,SHA256\nnode.session.timeo.replacement_timeout = 120\nnode.session.err_timeo.abort_timeout = 15\nnode.session.err_timeo.lu_reset_timeout = 30\nnode.session.err_timeo.tgt_reset_timeout = 30\nnode.session.err_timeo.host_reset_timeout = 60\nnode.session.iscsi.FastAbort = Yes\nnode.session.iscsi.InitialR2T = No\nnode.session.iscsi.ImmediateData = Yes\nnode.session.iscsi.FirstBurstLength = 262144\nnode.session.iscsi.MaxBurstLength = 16776192\nnode.session.iscsi.DefaultTime2Retain = 0\nnode.session.iscsi.DefaultTime2Wait = 2\nnode.session.iscsi.MaxConnections = 1\nnode.session.iscsi.MaxOutstandingR2T = 1\nnode.session.iscsi.ERL = 0\nnode.session.scan = auto\nnode.session.reopen_max = 0\nnode.conn[0].address = 172.25.59.221\nnode.conn[0].port = 3260\nnode.conn[0].startup = manual\nnode.conn[0].tcp.window_size = 524288\nnode.conn[0].tcp.type_of_service = 0\nnode.conn[0].timeo.logout_timeout = 15\nnode.conn[0].timeo.login_timeout = 15\nnode.conn[0].timeo.auth_timeout = 45\nnode.conn[0].timeo.noop_out_interval = 5\nnode.conn[0].timeo.noop_out_timeout = 5\nnode.conn[0].iscsi.MaxXmitDataSegmentLength = 0\nnode.conn[0].iscsi.MaxRecvDataSegmentLength = 262144\nnode.conn[0].iscsi.HeaderDigest = None\nnode.conn[0].iscsi.DataDigest = None\nnode.conn[0].iscsi.IFMarker = No\nnode.conn[0].iscsi.OFMarker = No\n# END RECORD\n', '')) [00;33m{{(pid=552177) _call_back /opt/stack/data/venv/lib/python3.10/site-packages/oslo_privsep/daemon.py:503}}[00m
2025-10-14 10:01:12.254 529179 DEBUG os_brick.initiator.connectors.iscsi [req-1adfe70e-6019-48e1-954c-c15617260721 4a286ddf600a47c98f4dd718dbbcf31a d365a158173343d58ebcf8316a49b6d4 - - default default] iscsiadm (): stdout=# BEGIN RECORD 2.1.5
node.name = iqn.2016-04.com.open-iscsi:d78edfece0b6.hbsd-target
node.tpgt = -1
node.startup = manual
node.leading_login = No
iface.iscsi_ifacename = default
iface.net_ifacename = <empty>
iface.ipaddress = <empty>
iface.prefix_len = 0
iface.hwaddress = <empty>
iface.transport_name = tcp
iface.initiatorname = <empty>
iface.state = <empty>
iface.vlan_id = 0
iface.vlan_priority = 0
iface.vlan_state = <empty>
iface.iface_num = 0
iface.mtu = 0
iface.port = 0
iface.bootproto = <empty>
iface.subnet_mask = <empty>
iface.gateway = <empty>
iface.dhcp_alt_client_id_state = <empty>
iface.dhcp_alt_client_id = <empty>
iface.dhcp_dns = <empty>
iface.dhcp_learn_iqn = <empty>
iface.dhcp_req_vendor_id_state = <empty>
iface.dhcp_vendor_id_state = <empty>
iface.dhcp_vendor_id = <empty>
iface.dhcp_slp_da = <empty>
iface.fragmentation = <empty>
iface.gratuitous_arp = <empty>
iface.incoming_forwarding = <empty>
iface.tos_state = <empty>
iface.tos = 0
iface.ttl = 0
iface.delayed_ack = <empty>
iface.tcp_nagle = <empty>
iface.tcp_wsf_state = <empty>
iface.tcp_wsf = 0
iface.tcp_timer_scale = 0
iface.tcp_timestamp = <empty>
iface.redirect = <empty>
iface.def_task_mgmt_timeout = 0
iface.header_digest = <empty>
iface.data_digest = <empty>
iface.immediate_data = <empty>
iface.initial_r2t = <empty>
iface.data_seq_inorder = <empty>
iface.data_pdu_inorder = <empty>
iface.erl = 0
iface.max_receive_data_len = 0
iface.first_burst_len = 0
iface.max_outstanding_r2t = 0
iface.max_burst_len = 0
iface.chap_auth = <empty>
iface.bidi_chap = <empty>
iface.strict_login_compliance = <empty>
iface.discovery_auth = <empty>
iface.discovery_logout = <empty>
node.discovery_address = <empty>
node.discovery_port = 0
node.discovery_type = static
node.session.initial_cmdsn = 0
node.session.initial_login_retry_max = 8
node.session.xmit_thread_priority = -20
node.session.cmds_max = 128
node.session.queue_depth = 32
node.session.nr_sessions = 1
node.session.auth.authmethod = None
node.session.auth.username = <empty>
node.session.auth.password = ***
node.session.auth.username_in = <empty>
node.session.auth.password_in = <empty>
node.session.auth.chap_algs = SHA3-256,SHA256
node.session.timeo.replacement_timeout = 120
node.session.err_timeo.abort_timeout = 15
node.session.err_timeo.lu_reset_timeout = 30
node.session.err_timeo.tgt_reset_timeout = 30
node.session.err_timeo.host_reset_timeout = 60
node.session.iscsi.FastAbort = Yes
node.session.iscsi.InitialR2T = No
node.session.iscsi.ImmediateData = Yes
node.session.iscsi.FirstBurstLength = 262144
node.session.iscsi.MaxBurstLength = 16776192
node.session.iscsi.DefaultTime2Retain = 0
node.session.iscsi.DefaultTime2Wait = 2
node.session.iscsi.MaxConnections = 1
node.session.iscsi.MaxOutstandingR2T = 1
node.session.iscsi.ERL = 0
node.session.scan = auto
node.session.reopen_max = 0
node.conn[0].address = 172.25.59.221
node.conn[0].port = 3260
node.conn[0].startup = manual
node.conn[0].tcp.window_size = 524288
node.conn[0].tcp.type_of_service = 0
node.conn[0].timeo.logout_timeout = 15
node.conn[0].timeo.login_timeout = 15
node.conn[0].timeo.auth_timeout = 45
node.conn[0].timeo.noop_out_interval = 5
node.conn[0].timeo.noop_out_timeout = 5
node.conn[0].iscsi.MaxXmitDataSegmentLength = 0
node.conn[0].iscsi.MaxRecvDataSegmentLength = 262144
node.conn[0].iscsi.HeaderDigest = None
node.conn[0].iscsi.DataDigest = None
node.conn[0].iscsi.IFMarker = No
node.conn[0].iscsi.OFMarker = No
# END RECORD
 stderr= [00;33m{{(pid=529179) _run_iscsiadm /opt/stack/data/venv/lib/python3.10/site-packages/os_brick/initiator/connectors/iscsi.py:1065}}[00m
2025-10-14 10:01:12.256 552177 DEBUG oslo_concurrency.processutils [-] Running cmd (subprocess): iscsiadm -m node -T iqn.2016-04.com.open-iscsi:d78edfece0b6.hbsd-target -p 172.25.59.221:3260 --op update -n node.session.scan -v manual [00;33m{{(pid=552177) execute /opt/stack/data/venv/lib/python3.10/site-packages/oslo_concurrency/processutils.py:349}}[00m
2025-10-14 10:01:12.280 552177 DEBUG oslo_concurrency.processutils [-] CMD "iscsiadm -m node -T iqn.2016-04.com.open-iscsi:d78edfece0b6.hbsd-target -p 172.25.59.221:3260 --op update -n node.session.scan -v manual" returned: 0 in 0.024s [00;33m{{(pid=552177) execute /opt/stack/data/venv/lib/python3.10/site-packages/oslo_concurrency/processutils.py:372}}[00m
2025-10-14 10:01:12.281 552177 DEBUG oslo.privsep.daemon [-] privsep: reply[7cc4abc4-3e35-4073-86be-d7970777d16d]: (4, ('', '')) [00;33m{{(pid=552177) _call_back /opt/stack/data/venv/lib/python3.10/site-packages/oslo_privsep/daemon.py:503}}[00m
2025-10-14 10:01:12.283 529179 DEBUG os_brick.initiator.connectors.iscsi [req-1adfe70e-6019-48e1-954c-c15617260721 4a286ddf600a47c98f4dd718dbbcf31a d365a158173343d58ebcf8316a49b6d4 - - default default] iscsiadm ('--op', 'update', '-n', 'node.session.scan', '-v', 'manual'): stdout= stderr= [00;33m{{(pid=529179) _run_iscsiadm /opt/stack/data/venv/lib/python3.10/site-packages/os_brick/initiator/connectors/iscsi.py:1065}}[00m
2025-10-14 10:01:12.285 552177 DEBUG oslo_concurrency.processutils [-] Running cmd (subprocess): iscsiadm -m session [00;33m{{(pid=552177) execute /opt/stack/data/venv/lib/python3.10/site-packages/oslo_concurrency/processutils.py:349}}[00m
2025-10-14 10:01:12.305 552177 DEBUG oslo_concurrency.processutils [-] CMD "iscsiadm -m session" returned: 21 in 0.020s [00;33m{{(pid=552177) execute /opt/stack/data/venv/lib/python3.10/site-packages/oslo_concurrency/processutils.py:372}}[00m
2025-10-14 10:01:12.306 552177 DEBUG oslo.privsep.daemon [-] privsep: reply[17dc916e-faee-47c5-881b-e8ec9190f97d]: (4, ('', 'iscsiadm: No active sessions.\n')) [00;33m{{(pid=552177) _call_back /opt/stack/data/venv/lib/python3.10/site-packages/oslo_privsep/daemon.py:503}}[00m
2025-10-14 10:01:12.307 529179 DEBUG os_brick.initiator.connectors.iscsi [req-1adfe70e-6019-48e1-954c-c15617260721 4a286ddf600a47c98f4dd718dbbcf31a d365a158173343d58ebcf8316a49b6d4 - - default default] iscsiadm ('-m', 'session'): stdout= stderr=iscsiadm: No active sessions.
 [00;33m{{(pid=529179) _run_iscsiadm_bare /opt/stack/data/venv/lib/python3.10/site-packages/os_brick/initiator/connectors/iscsi.py:1221}}[00m
2025-10-14 10:01:12.308 529179 DEBUG os_brick.initiator.connectors.iscsi [req-1adfe70e-6019-48e1-954c-c15617260721 4a286ddf600a47c98f4dd718dbbcf31a d365a158173343d58ebcf8316a49b6d4 - - default default] iscsi session list stdout= stderr=iscsiadm: No active sessions.
 [00;33m{{(pid=529179) _run_iscsi_session /opt/stack/data/venv/lib/python3.10/site-packages/os_brick/initiator/connectors/iscsi.py:1210}}[00m
2025-10-14 10:01:12.309 529179 WARNING os_brick.initiator.connectors.iscsi [req-1adfe70e-6019-48e1-954c-c15617260721 4a286ddf600a47c98f4dd718dbbcf31a d365a158173343d58ebcf8316a49b6d4 - - default default] iscsiadm stderr output when getting sessions: iscsiadm: No active sessions.

2025-10-14 10:01:12.311 552177 DEBUG oslo_concurrency.processutils [-] Running cmd (subprocess): iscsiadm -m node -T iqn.2016-04.com.open-iscsi:d78edfece0b6.hbsd-target -p 172.25.59.221:3260 --login [00;33m{{(pid=552177) execute /opt/stack/data/venv/lib/python3.10/site-packages/oslo_concurrency/processutils.py:349}}[00m
2025-10-14 10:01:13.360 552177 DEBUG oslo_concurrency.processutils [-] CMD "iscsiadm -m node -T iqn.2016-04.com.open-iscsi:d78edfece0b6.hbsd-target -p 172.25.59.221:3260 --login" returned: 0 in 1.049s [00;33m{{(pid=552177) execute /opt/stack/data/venv/lib/python3.10/site-packages/oslo_concurrency/processutils.py:372}}[00m
2025-10-14 10:01:13.361 552177 DEBUG oslo.privsep.daemon [-] privsep: reply[a609675b-c89a-4baf-9323-2f4f0ed7193b]: (4, ('Logging in to [iface: default, target: iqn.2016-04.com.open-iscsi:d78edfece0b6.hbsd-target, portal: 172.25.59.221,3260]\nLogin to [iface: default, target: iqn.2016-04.com.open-iscsi:d78edfece0b6.hbsd-target, portal: 172.25.59.221,3260] successful.\n', '')) [00;33m{{(pid=552177) _call_back /opt/stack/data/venv/lib/python3.10/site-packages/oslo_privsep/daemon.py:503}}[00m
2025-10-14 10:01:13.363 529179 DEBUG os_brick.initiator.connectors.iscsi [req-1adfe70e-6019-48e1-954c-c15617260721 4a286ddf600a47c98f4dd718dbbcf31a d365a158173343d58ebcf8316a49b6d4 - - default default] iscsiadm ('--login',): stdout=Logging in to [iface: default, target: iqn.2016-04.com.open-iscsi:d78edfece0b6.hbsd-target, portal: 172.25.59.221,3260]
Login to [iface: default, target: iqn.2016-04.com.open-iscsi:d78edfece0b6.hbsd-target, portal: 172.25.59.221,3260] successful.
 stderr= [00;33m{{(pid=529179) _run_iscsiadm /opt/stack/data/venv/lib/python3.10/site-packages/os_brick/initiator/connectors/iscsi.py:1065}}[00m
2025-10-14 10:01:13.365 552177 DEBUG oslo_concurrency.processutils [-] Running cmd (subprocess): iscsiadm -m node -T iqn.2016-04.com.open-iscsi:d78edfece0b6.hbsd-target -p 172.25.59.221:3260 --op update -n node.startup -v automatic [00;33m{{(pid=552177) execute /opt/stack/data/venv/lib/python3.10/site-packages/oslo_concurrency/processutils.py:349}}[00m
2025-10-14 10:01:13.386 552177 DEBUG oslo_concurrency.processutils [-] CMD "iscsiadm -m node -T iqn.2016-04.com.open-iscsi:d78edfece0b6.hbsd-target -p 172.25.59.221:3260 --op update -n node.startup -v automatic" returned: 0 in 0.021s [00;33m{{(pid=552177) execute /opt/stack/data/venv/lib/python3.10/site-packages/oslo_concurrency/processutils.py:372}}[00m
2025-10-14 10:01:13.387 552177 DEBUG oslo.privsep.daemon [-] privsep: reply[f0c4d1f3-c1ec-4229-9084-a372b2d2ebba]: (4, ('', '')) [00;33m{{(pid=552177) _call_back /opt/stack/data/venv/lib/python3.10/site-packages/oslo_privsep/daemon.py:503}}[00m
2025-10-14 10:01:13.389 529179 DEBUG os_brick.initiator.connectors.iscsi [req-1adfe70e-6019-48e1-954c-c15617260721 4a286ddf600a47c98f4dd718dbbcf31a d365a158173343d58ebcf8316a49b6d4 - - default default] iscsiadm ('--op', 'update', '-n', 'node.startup', '-v', 'automatic'): stdout= stderr= [00;33m{{(pid=529179) _run_iscsiadm /opt/stack/data/venv/lib/python3.10/site-packages/os_brick/initiator/connectors/iscsi.py:1065}}[00m
2025-10-14 10:01:13.391 552177 DEBUG oslo_concurrency.processutils [-] Running cmd (subprocess): iscsiadm -m session [00;33m{{(pid=552177) execute /opt/stack/data/venv/lib/python3.10/site-packages/oslo_concurrency/processutils.py:349}}[00m
2025-10-14 10:01:13.413 552177 DEBUG oslo_concurrency.processutils [-] CMD "iscsiadm -m session" returned: 0 in 0.022s [00;33m{{(pid=552177) execute /opt/stack/data/venv/lib/python3.10/site-packages/oslo_concurrency/processutils.py:372}}[00m
2025-10-14 10:01:13.414 552177 DEBUG oslo.privsep.daemon [-] privsep: reply[b96e1bd2-97cd-44bd-beb9-c735a0da7554]: (4, ('tcp: [9] 172.25.59.221:3260,257 iqn.2016-04.com.open-iscsi:d78edfece0b6.hbsd-target (non-flash)\n', '')) [00;33m{{(pid=552177) _call_back /opt/stack/data/venv/lib/python3.10/site-packages/oslo_privsep/daemon.py:503}}[00m
2025-10-14 10:01:13.415 529179 DEBUG os_brick.initiator.connectors.iscsi [req-1adfe70e-6019-48e1-954c-c15617260721 4a286ddf600a47c98f4dd718dbbcf31a d365a158173343d58ebcf8316a49b6d4 - - default default] iscsiadm ('-m', 'session'): stdout=tcp: [9] 172.25.59.221:3260,257 iqn.2016-04.com.open-iscsi:d78edfece0b6.hbsd-target (non-flash)
 stderr= [00;33m{{(pid=529179) _run_iscsiadm_bare /opt/stack/data/venv/lib/python3.10/site-packages/os_brick/initiator/connectors/iscsi.py:1221}}[00m
2025-10-14 10:01:13.416 529179 DEBUG os_brick.initiator.connectors.iscsi [req-1adfe70e-6019-48e1-954c-c15617260721 4a286ddf600a47c98f4dd718dbbcf31a d365a158173343d58ebcf8316a49b6d4 - - default default] iscsi session list stdout=tcp: [9] 172.25.59.221:3260,257 iqn.2016-04.com.open-iscsi:d78edfece0b6.hbsd-target (non-flash)
 stderr= [00;33m{{(pid=529179) _run_iscsi_session /opt/stack/data/venv/lib/python3.10/site-packages/os_brick/initiator/connectors/iscsi.py:1210}}[00m
2025-10-14 10:01:13.417 529179 DEBUG os_brick.initiator.connectors.base [req-1adfe70e-6019-48e1-954c-c15617260721 4a286ddf600a47c98f4dd718dbbcf31a d365a158173343d58ebcf8316a49b6d4 - - default default] Lock "connect_to_iscsi_portal-172.25.59.221:3260-iqn.2016-04.com.open-iscsi:d78edfece0b6.hbsd-target" "released" by "os_brick.initiator.connectors.iscsi.ISCSIConnector._connect_to_iscsi_portal_unsafe" :: held 2.250s [00;33m{{(pid=529179) inner /opt/stack/data/venv/lib/python3.10/site-packages/os_brick/initiator/connectors/base.py:87}}[00m
2025-10-14 10:01:13.418 529179 DEBUG os_brick.initiator.connectors.iscsi [req-1adfe70e-6019-48e1-954c-c15617260721 4a286ddf600a47c98f4dd718dbbcf31a d365a158173343d58ebcf8316a49b6d4 - - default default] Connected to 172.25.59.221:3260 [00;33m{{(pid=529179) _connect_vol /opt/stack/data/venv/lib/python3.10/site-packages/os_brick/initiator/connectors/iscsi.py:659}}[00m
2025-10-14 10:01:13.421 529179 DEBUG os_brick.initiator.linuxscsi [req-1adfe70e-6019-48e1-954c-c15617260721 4a286ddf600a47c98f4dd718dbbcf31a d365a158173343d58ebcf8316a49b6d4 - - default default] HCTL ('33', '-', '-', 0) found on session 9 with lun 0 [00;33m{{(pid=529179) get_hctl /opt/stack/data/venv/lib/python3.10/site-packages/os_brick/initiator/linuxscsi.py:788}}[00m
2025-10-14 10:01:13.422 529179 DEBUG os_brick.initiator.linuxscsi [req-1adfe70e-6019-48e1-954c-c15617260721 4a286ddf600a47c98f4dd718dbbcf31a d365a158173343d58ebcf8316a49b6d4 - - default default] Scanning host 33 c: -, t: -, l: 0) [00;33m{{(pid=529179) scan_iscsi /opt/stack/data/venv/lib/python3.10/site-packages/os_brick/initiator/linuxscsi.py:814}}[00m
2025-10-14 10:01:13.424 552177 DEBUG oslo_concurrency.processutils [-] Running cmd (subprocess): tee -a /sys/class/scsi_host/host33/scan [00;33m{{(pid=552177) execute /opt/stack/data/venv/lib/python3.10/site-packages/oslo_concurrency/processutils.py:349}}[00m
2025-10-14 10:01:13.465 552177 DEBUG oslo_concurrency.processutils [-] CMD "tee -a /sys/class/scsi_host/host33/scan" returned: 0 in 0.041s [00;33m{{(pid=552177) execute /opt/stack/data/venv/lib/python3.10/site-packages/oslo_concurrency/processutils.py:372}}[00m
2025-10-14 10:01:13.466 552177 DEBUG oslo.privsep.daemon [-] privsep: reply[1be9e85d-57d4-485d-958e-bfb78e41cdb7]: (4, ('- - 0', '')) [00;33m{{(pid=552177) _call_back /opt/stack/data/venv/lib/python3.10/site-packages/oslo_privsep/daemon.py:503}}[00m
2025-10-14 10:01:13.470 529179 DEBUG os_brick.initiator.linuxscsi [req-1adfe70e-6019-48e1-954c-c15617260721 4a286ddf600a47c98f4dd718dbbcf31a d365a158173343d58ebcf8316a49b6d4 - - default default] Searching for a device in session 9 and hctl ['33', '*', '*', 0] yield: sdb [00;33m{{(pid=529179) device_name_by_hctl /opt/stack/data/venv/lib/python3.10/site-packages/os_brick/initiator/linuxscsi.py:808}}[00m
2025-10-14 10:01:13.471 529179 DEBUG os_brick.initiator.connectors.iscsi [req-1adfe70e-6019-48e1-954c-c15617260721 4a286ddf600a47c98f4dd718dbbcf31a d365a158173343d58ebcf8316a49b6d4 - - default default] Connected to sdb using {'target_portal': '172.25.59.221:3260', 'target_iqn': 'iqn.2016-04.com.open-iscsi:d78edfece0b6.hbsd-target', 'target_discovered': False, 'target_lun': 0, 'qos_specs': None, 'access_mode': 'rw', 'encrypted': False, 'cacheable': False, 'enforce_multipath': True} [00;33m{{(pid=529179) _connect_vol /opt/stack/data/venv/lib/python3.10/site-packages/os_brick/initiator/connectors/iscsi.py:687}}[00m
2025-10-14 10:01:13.766 529179 DEBUG ovsdbapp.backend.ovs_idl.vlog [-] [POLLIN] on fd 25 [00;33m{{(pid=529179) __log_wakeup /opt/stack/data/venv/lib/python3.10/site-packages/ovs/poller.py:263}}[00m
2025-10-14 10:01:14.474 529179 DEBUG os_brick.initiator.connectors.base [req-1adfe70e-6019-48e1-954c-c15617260721 4a286ddf600a47c98f4dd718dbbcf31a d365a158173343d58ebcf8316a49b6d4 - - default default] Lock "connect_volume" "released" by "os_brick.initiator.connectors.iscsi.ISCSIConnector.connect_volume" :: held 3.332s [00;33m{{(pid=529179) inner /opt/stack/data/venv/lib/python3.10/site-packages/os_brick/initiator/connectors/base.py:87}}[00m
2025-10-14 10:01:14.476 529179 DEBUG os_brick.initiator.connectors.iscsi [req-1adfe70e-6019-48e1-954c-c15617260721 4a286ddf600a47c98f4dd718dbbcf31a d365a158173343d58ebcf8316a49b6d4 - - default default] <== connect_volume: return (3334ms) {'type': 'block', 'scsi_wwn': '360060e8008757e000050757e000055f9', 'path': '/dev/sdb'} [00;33m{{(pid=529179) trace_logging_wrapper /opt/stack/data/venv/lib/python3.10/site-packages/os_brick/utils.py:204}}[00m
2025-10-14 10:01:14.477 529179 DEBUG nova.virt.libvirt.volume.iscsi [req-1adfe70e-6019-48e1-954c-c15617260721 4a286ddf600a47c98f4dd718dbbcf31a d365a158173343d58ebcf8316a49b6d4 - - default default] [instance: 64f2b0e4-5bdc-42c6-bb47-edab93c237c3] Attached iSCSI volume {'type': 'block', 'scsi_wwn': '360060e8008757e000050757e000055f9', 'path': '/dev/sdb'} [00;33m{{(pid=529179) connect_volume /opt/stack/nova/nova/virt/libvirt/volume/iscsi.py:66}}[00m
2025-10-14 10:01:14.486 529179 DEBUG nova.objects.instance [req-1adfe70e-6019-48e1-954c-c15617260721 4a286ddf600a47c98f4dd718dbbcf31a d365a158173343d58ebcf8316a49b6d4 - - default default] Lazy-loading 'flavor' on Instance uuid 64f2b0e4-5bdc-42c6-bb47-edab93c237c3 [00;33m{{(pid=529179) obj_load_attr /opt/stack/nova/nova/objects/instance.py:1141}}[00m
2025-10-14 10:01:15.002 529179 DEBUG nova.virt.libvirt.guest [req-1adfe70e-6019-48e1-954c-c15617260721 4a286ddf600a47c98f4dd718dbbcf31a d365a158173343d58ebcf8316a49b6d4 - - default default] attach device xml: <disk type="block" device="disk">
  <driver name="qemu" type="raw" cache="none" io="native"/>
  <alias name="ua-0dc58064-8bfb-47ef-8ce2-b886f0645f2a"/>
  <source dev="/dev/sdb"/>
  <target dev="vdb" bus="virtio"/>
  <serial>0dc58064-8bfb-47ef-8ce2-b886f0645f2a</serial>
</disk>
 [00;33m{{(pid=529179) attach_device /opt/stack/nova/nova/virt/libvirt/guest.py:336}}[00m
2025-10-14 10:01:16.966 529179 DEBUG nova.virt.libvirt.driver [req-1adfe70e-6019-48e1-954c-c15617260721 4a286ddf600a47c98f4dd718dbbcf31a d365a158173343d58ebcf8316a49b6d4 - - default default] No BDM found with device name vda, not building metadata. [00;33m{{(pid=529179) _build_disk_metadata /opt/stack/nova/nova/virt/libvirt/driver.py:12818}}[00m
2025-10-14 10:01:16.967 529179 DEBUG nova.virt.libvirt.driver [req-1adfe70e-6019-48e1-954c-c15617260721 4a286ddf600a47c98f4dd718dbbcf31a d365a158173343d58ebcf8316a49b6d4 - - default default] No BDM found with device name vdb, not building metadata. [00;33m{{(pid=529179) _build_disk_metadata /opt/stack/nova/nova/virt/libvirt/driver.py:12818}}[00m
2025-10-14 10:01:16.968 529179 DEBUG nova.virt.libvirt.driver [req-1adfe70e-6019-48e1-954c-c15617260721 4a286ddf600a47c98f4dd718dbbcf31a d365a158173343d58ebcf8316a49b6d4 - - default default] No VIF found with MAC fa:16:3e:3d:b7:2c, not building metadata [00;33m{{(pid=529179) _build_interface_metadata /opt/stack/nova/nova/virt/libvirt/driver.py:12794}}[00m
2025-10-14 10:01:17.995 529179 DEBUG oslo_service.periodic_task [req-f6187d40-513a-432c-b3e6-7e82a219033d - - - - - -] Running periodic task ComputeManager._poll_rebooting_instances [00;33m{{(pid=529179) run_periodic_tasks /opt/stack/data/venv/lib/python3.10/site-packages/oslo_service/periodic_task.py:210}}[00m
2025-10-14 10:01:17.996 529179 DEBUG oslo_service.periodic_task [req-f6187d40-513a-432c-b3e6-7e82a219033d - - - - - -] Running periodic task ComputeManager._poll_rescued_instances [00;33m{{(pid=529179) run_periodic_tasks /opt/stack/data/venv/lib/python3.10/site-packages/oslo_service/periodic_task.py:210}}[00m
2025-10-14 10:01:18.608 529179 DEBUG oslo_concurrency.lockutils [req-1adfe70e-6019-48e1-954c-c15617260721 4a286ddf600a47c98f4dd718dbbcf31a d365a158173343d58ebcf8316a49b6d4 - - default default] Lock "64f2b0e4-5bdc-42c6-bb47-edab93c237c3" "released" by "nova.compute.manager.ComputeManager.attach_volume.<locals>.do_attach_volume" :: held 18.807s [00;33m{{(pid=529179) inner /opt/stack/data/venv/lib/python3.10/site-packages/oslo_concurrency/lockutils.py:424}}[00m
2025-10-14 10:01:18.771 529179 DEBUG ovsdbapp.backend.ovs_idl.vlog [-] [POLLIN] on fd 25 [00;33m{{(pid=529179) __log_wakeup /opt/stack/data/venv/lib/python3.10/site-packages/ovs/poller.py:263}}[00m
2025-10-14 10:01:18.989 529179 DEBUG oslo_service.periodic_task [req-f6187d40-513a-432c-b3e6-7e82a219033d - - - - - -] Running periodic task ComputeManager._sync_scheduler_instance_info [00;33m{{(pid=529179) run_periodic_tasks /opt/stack/data/venv/lib/python3.10/site-packages/oslo_service/periodic_task.py:210}}[00m
2025-10-14 10:01:18.994 529179 DEBUG oslo_service.periodic_task [req-f6187d40-513a-432c-b3e6-7e82a219033d - - - - - -] Running periodic task ComputeManager._poll_volume_usage [00;33m{{(pid=529179) run_periodic_tasks /opt/stack/data/venv/lib/python3.10/site-packages/oslo_service/periodic_task.py:210}}[00m
2025-10-14 10:01:18.995 529179 DEBUG oslo_service.periodic_task [req-f6187d40-513a-432c-b3e6-7e82a219033d - - - - - -] Running periodic task ComputeManager._reclaim_queued_deletes [00;33m{{(pid=529179) run_periodic_tasks /opt/stack/data/venv/lib/python3.10/site-packages/oslo_service/periodic_task.py:210}}[00m
2025-10-14 10:01:18.996 529179 DEBUG nova.compute.manager [req-f6187d40-513a-432c-b3e6-7e82a219033d - - - - - -] CONF.reclaim_instance_interval <= 0, skipping... [00;33m{{(pid=529179) _reclaim_queued_deletes /opt/stack/nova/nova/compute/manager.py:11184}}[00m
2025-10-14 10:01:19.168 529179 DEBUG oslo_concurrency.lockutils [req-882a3dc3-fadd-4f18-a46a-73d80053bd45 4a286ddf600a47c98f4dd718dbbcf31a d365a158173343d58ebcf8316a49b6d4 - - default default] Acquiring lock "64f2b0e4-5bdc-42c6-bb47-edab93c237c3" by "nova.compute.manager.ComputeManager.reserve_block_device_name.<locals>.do_reserve" [00;33m{{(pid=529179) inner /opt/stack/data/venv/lib/python3.10/site-packages/oslo_concurrency/lockutils.py:405}}[00m
2025-10-14 10:01:19.169 529179 DEBUG oslo_concurrency.lockutils [req-882a3dc3-fadd-4f18-a46a-73d80053bd45 4a286ddf600a47c98f4dd718dbbcf31a d365a158173343d58ebcf8316a49b6d4 - - default default] Lock "64f2b0e4-5bdc-42c6-bb47-edab93c237c3" acquired by "nova.compute.manager.ComputeManager.reserve_block_device_name.<locals>.do_reserve" :: waited 0.001s [00;33m{{(pid=529179) inner /opt/stack/data/venv/lib/python3.10/site-packages/oslo_concurrency/lockutils.py:410}}[00m
2025-10-14 10:01:19.683 529179 DEBUG nova.objects.instance [req-882a3dc3-fadd-4f18-a46a-73d80053bd45 4a286ddf600a47c98f4dd718dbbcf31a d365a158173343d58ebcf8316a49b6d4 - - default default] Lazy-loading 'flavor' on Instance uuid 64f2b0e4-5bdc-42c6-bb47-edab93c237c3 [00;33m{{(pid=529179) obj_load_attr /opt/stack/nova/nova/objects/instance.py:1141}}[00m
2025-10-14 10:01:20.699 529179 DEBUG oslo_concurrency.lockutils [req-882a3dc3-fadd-4f18-a46a-73d80053bd45 4a286ddf600a47c98f4dd718dbbcf31a d365a158173343d58ebcf8316a49b6d4 - - default default] Lock "64f2b0e4-5bdc-42c6-bb47-edab93c237c3" "released" by "nova.compute.manager.ComputeManager.reserve_block_device_name.<locals>.do_reserve" :: held 1.529s [00;33m{{(pid=529179) inner /opt/stack/data/venv/lib/python3.10/site-packages/oslo_concurrency/lockutils.py:424}}[00m
2025-10-14 10:01:20.994 529179 DEBUG oslo_service.periodic_task [req-f6187d40-513a-432c-b3e6-7e82a219033d - - - - - -] Running periodic task ComputeManager.update_available_resource [00;33m{{(pid=529179) run_periodic_tasks /opt/stack/data/venv/lib/python3.10/site-packages/oslo_service/periodic_task.py:210}}[00m
2025-10-14 10:01:21.506 529179 DEBUG oslo_concurrency.lockutils [req-f6187d40-513a-432c-b3e6-7e82a219033d - - - - - -] Acquiring lock "compute_resources" by "nova.compute.resource_tracker.ResourceTracker.clean_compute_node_cache" [00;33m{{(pid=529179) inner /opt/stack/data/venv/lib/python3.10/site-packages/oslo_concurrency/lockutils.py:405}}[00m
2025-10-14 10:01:21.507 529179 DEBUG oslo_concurrency.lockutils [req-f6187d40-513a-432c-b3e6-7e82a219033d - - - - - -] Lock "compute_resources" acquired by "nova.compute.resource_tracker.ResourceTracker.clean_compute_node_cache" :: waited 0.001s [00;33m{{(pid=529179) inner /opt/stack/data/venv/lib/python3.10/site-packages/oslo_concurrency/lockutils.py:410}}[00m
2025-10-14 10:01:21.508 529179 DEBUG oslo_concurrency.lockutils [req-f6187d40-513a-432c-b3e6-7e82a219033d - - - - - -] Lock "compute_resources" "released" by "nova.compute.resource_tracker.ResourceTracker.clean_compute_node_cache" :: held 0.001s [00;33m{{(pid=529179) inner /opt/stack/data/venv/lib/python3.10/site-packages/oslo_concurrency/lockutils.py:424}}[00m
2025-10-14 10:01:21.508 529179 DEBUG nova.compute.resource_tracker [req-f6187d40-513a-432c-b3e6-7e82a219033d - - - - - -] Auditing locally available compute resources for devstack-u2204-93-55 (node: devstack-u2204-93-55) [00;33m{{(pid=529179) update_available_resource /opt/stack/nova/nova/compute/resource_tracker.py:907}}[00m
2025-10-14 10:01:21.881 529179 DEBUG oslo_concurrency.lockutils [req-882a3dc3-fadd-4f18-a46a-73d80053bd45 4a286ddf600a47c98f4dd718dbbcf31a d365a158173343d58ebcf8316a49b6d4 - - default default] Acquiring lock "64f2b0e4-5bdc-42c6-bb47-edab93c237c3" by "nova.compute.manager.ComputeManager.attach_volume.<locals>.do_attach_volume" [00;33m{{(pid=529179) inner /opt/stack/data/venv/lib/python3.10/site-packages/oslo_concurrency/lockutils.py:405}}[00m
2025-10-14 10:01:21.882 529179 DEBUG oslo_concurrency.lockutils [req-882a3dc3-fadd-4f18-a46a-73d80053bd45 4a286ddf600a47c98f4dd718dbbcf31a d365a158173343d58ebcf8316a49b6d4 - - default default] Lock "64f2b0e4-5bdc-42c6-bb47-edab93c237c3" acquired by "nova.compute.manager.ComputeManager.attach_volume.<locals>.do_attach_volume" :: waited 0.001s [00;33m{{(pid=529179) inner /opt/stack/data/venv/lib/python3.10/site-packages/oslo_concurrency/lockutils.py:410}}[00m
2025-10-14 10:01:21.883 529179 INFO nova.compute.manager [req-882a3dc3-fadd-4f18-a46a-73d80053bd45 4a286ddf600a47c98f4dd718dbbcf31a d365a158173343d58ebcf8316a49b6d4 - - default default] [instance: 64f2b0e4-5bdc-42c6-bb47-edab93c237c3] Attaching volume 87be1d74-78ab-43cd-b897-78d156a1a118 to /dev/vdc
2025-10-14 10:01:21.970 529179 DEBUG os_brick.utils [req-882a3dc3-fadd-4f18-a46a-73d80053bd45 4a286ddf600a47c98f4dd718dbbcf31a d365a158173343d58ebcf8316a49b6d4 - - default default] ==> get_connector_properties: call "{'root_helper': 'sudo nova-rootwrap /etc/nova/rootwrap.conf', 'my_ip': '172.25.93.55', 'multipath': False, 'enforce_multipath': True, 'host': 'devstack-u2204-93-55', 'execute': None}" [00;33m{{(pid=529179) trace_logging_wrapper /opt/stack/data/venv/lib/python3.10/site-packages/os_brick/utils.py:177}}[00m
2025-10-14 10:01:21.972 552177 DEBUG oslo_concurrency.processutils [-] Running cmd (subprocess): cat /etc/iscsi/initiatorname.iscsi [00;33m{{(pid=552177) execute /opt/stack/data/venv/lib/python3.10/site-packages/oslo_concurrency/processutils.py:349}}[00m
2025-10-14 10:01:21.989 552177 DEBUG oslo_concurrency.processutils [-] CMD "cat /etc/iscsi/initiatorname.iscsi" returned: 0 in 0.016s [00;33m{{(pid=552177) execute /opt/stack/data/venv/lib/python3.10/site-packages/oslo_concurrency/processutils.py:372}}[00m
2025-10-14 10:01:21.990 552177 DEBUG oslo.privsep.daemon [-] privsep: reply[ba01a02f-5a97-4dca-baba-5708bec0b6ec]: (4, ('InitiatorName=iqn.2016-04.com.open-iscsi:83990cb8b82\n', '')) [00;33m{{(pid=552177) _call_back /opt/stack/data/venv/lib/python3.10/site-packages/oslo_privsep/daemon.py:503}}[00m
2025-10-14 10:01:21.993 552177 DEBUG oslo_concurrency.processutils [-] Running cmd (subprocess): findmnt -v / -n -o SOURCE [00;33m{{(pid=552177) execute /opt/stack/data/venv/lib/python3.10/site-packages/oslo_concurrency/processutils.py:349}}[00m
2025-10-14 10:01:22.011 552177 DEBUG oslo_concurrency.processutils [-] CMD "findmnt -v / -n -o SOURCE" returned: 0 in 0.018s [00;33m{{(pid=552177) execute /opt/stack/data/venv/lib/python3.10/site-packages/oslo_concurrency/processutils.py:372}}[00m
2025-10-14 10:01:22.012 552177 DEBUG oslo.privsep.daemon [-] privsep: reply[519f19a7-2127-4aba-9c5c-3158d9da3c12]: (4, ('/dev/sda2\n', '')) [00;33m{{(pid=552177) _call_back /opt/stack/data/venv/lib/python3.10/site-packages/oslo_privsep/daemon.py:503}}[00m
2025-10-14 10:01:22.015 552177 DEBUG oslo_concurrency.processutils [-] Running cmd (subprocess): blkid /dev/sda2 -s UUID -o value [00;33m{{(pid=552177) execute /opt/stack/data/venv/lib/python3.10/site-packages/oslo_concurrency/processutils.py:349}}[00m
2025-10-14 10:01:22.036 552177 DEBUG oslo_concurrency.processutils [-] CMD "blkid /dev/sda2 -s UUID -o value" returned: 0 in 0.021s [00;33m{{(pid=552177) execute /opt/stack/data/venv/lib/python3.10/site-packages/oslo_concurrency/processutils.py:372}}[00m
2025-10-14 10:01:22.037 552177 DEBUG oslo.privsep.daemon [-] privsep: reply[93313c34-6ee3-45e7-9ab3-d5d1066b38b3]: (4, ('849a1340-77d5-4de3-852c-cf0210ca78af\n', '')) [00;33m{{(pid=552177) _call_back /opt/stack/data/venv/lib/python3.10/site-packages/oslo_privsep/daemon.py:503}}[00m
2025-10-14 10:01:22.040 552177 DEBUG oslo.privsep.daemon [-] privsep: reply[f057b3b3-7a72-4a0c-b6fb-b6c21409386c]: (4, '89b11b42-6ca2-76fb-88b9-4b0fae22b322') [00;33m{{(pid=552177) _call_back /opt/stack/data/venv/lib/python3.10/site-packages/oslo_privsep/daemon.py:503}}[00m
2025-10-14 10:01:22.041 529179 DEBUG oslo_concurrency.processutils [req-882a3dc3-fadd-4f18-a46a-73d80053bd45 4a286ddf600a47c98f4dd718dbbcf31a d365a158173343d58ebcf8316a49b6d4 - - default default] Running cmd (subprocess): nvme version [00;33m{{(pid=529179) execute /opt/stack/data/venv/lib/python3.10/site-packages/oslo_concurrency/processutils.py:349}}[00m
2025-10-14 10:01:22.071 529179 DEBUG oslo_concurrency.processutils [req-882a3dc3-fadd-4f18-a46a-73d80053bd45 4a286ddf600a47c98f4dd718dbbcf31a d365a158173343d58ebcf8316a49b6d4 - - default default] 'nvme version' failed. Not Retrying. [00;33m{{(pid=529179) execute /opt/stack/data/venv/lib/python3.10/site-packages/oslo_concurrency/processutils.py:423}}[00m
2025-10-14 10:01:22.073 529179 DEBUG os_brick.initiator.connectors.nvmeof [req-882a3dc3-fadd-4f18-a46a-73d80053bd45 4a286ddf600a47c98f4dd718dbbcf31a d365a158173343d58ebcf8316a49b6d4 - - default default] nvme not present on system [00;33m{{(pid=529179) nvme_present /opt/stack/data/venv/lib/python3.10/site-packages/os_brick/initiator/connectors/nvmeof.py:784}}[00m
2025-10-14 10:01:22.075 552177 DEBUG oslo_concurrency.processutils [-] Running cmd (subprocess): nvme show-hostnqn [00;33m{{(pid=552177) execute /opt/stack/data/venv/lib/python3.10/site-packages/oslo_concurrency/processutils.py:349}}[00m
2025-10-14 10:01:22.086 552177 DEBUG oslo_concurrency.processutils [-] 'nvme show-hostnqn' failed. Not Retrying. [00;33m{{(pid=552177) execute /opt/stack/data/venv/lib/python3.10/site-packages/oslo_concurrency/processutils.py:423}}[00m
2025-10-14 10:01:22.087 552177 WARNING os_brick.privileged.nvmeof [-] Could not generate host nqn: [Errno 2] No such file or directory: 'nvme'
2025-10-14 10:01:22.088 552177 DEBUG oslo.privsep.daemon [-] privsep: reply[a0612cc5-64f0-42dd-b821-7fd1ac2e6379]: (4, '') [00;33m{{(pid=552177) _call_back /opt/stack/data/venv/lib/python3.10/site-packages/oslo_privsep/daemon.py:503}}[00m
2025-10-14 10:01:22.096 529179 DEBUG os_brick.initiator.connectors.lightos [req-882a3dc3-fadd-4f18-a46a-73d80053bd45 4a286ddf600a47c98f4dd718dbbcf31a d365a158173343d58ebcf8316a49b6d4 - - default default] LIGHTOS: [Errno 111] ECONNREFUSED [00;33m{{(pid=529179) find_dsc /opt/stack/data/venv/lib/python3.10/site-packages/os_brick/initiator/connectors/lightos.py:135}}[00m
2025-10-14 10:01:22.099 529179 INFO os_brick.initiator.connectors.lightos [req-882a3dc3-fadd-4f18-a46a-73d80053bd45 4a286ddf600a47c98f4dd718dbbcf31a d365a158173343d58ebcf8316a49b6d4 - - default default] Current host hostNQN  and IP(s) are ['172.25.93.55', 'fe80::387c:9d0a:2c22:5c64', '192.168.122.1', '172.24.5.1', 'fe80::d8a6:3fff:fe83:2b42', 'fe80::fc16:3eff:fe3d:b72c'] 
2025-10-14 10:01:22.099 529179 DEBUG os_brick.initiator.connectors.lightos [req-882a3dc3-fadd-4f18-a46a-73d80053bd45 4a286ddf600a47c98f4dd718dbbcf31a d365a158173343d58ebcf8316a49b6d4 - - default default] LIGHTOS: did not find dsc, continuing anyway. [00;33m{{(pid=529179) get_connector_properties /opt/stack/data/venv/lib/python3.10/site-packages/os_brick/initiator/connectors/lightos.py:112}}[00m
2025-10-14 10:01:22.100 529179 DEBUG os_brick.initiator.connectors.lightos [req-882a3dc3-fadd-4f18-a46a-73d80053bd45 4a286ddf600a47c98f4dd718dbbcf31a d365a158173343d58ebcf8316a49b6d4 - - default default] LIGHTOS: no hostnqn found. [00;33m{{(pid=529179) get_connector_properties /opt/stack/data/venv/lib/python3.10/site-packages/os_brick/initiator/connectors/lightos.py:121}}[00m
2025-10-14 10:01:22.101 529179 DEBUG os_brick.utils [req-882a3dc3-fadd-4f18-a46a-73d80053bd45 4a286ddf600a47c98f4dd718dbbcf31a d365a158173343d58ebcf8316a49b6d4 - - default default] <== get_connector_properties: return (129ms) {'platform': 'x86_64', 'os_type': 'linux', 'ip': '172.25.93.55', 'host': 'devstack-u2204-93-55', 'multipath': False, 'enforce_multipath': True, 'initiator': 'iqn.2016-04.com.open-iscsi:83990cb8b82', 'do_local_attach': False, 'uuid': '849a1340-77d5-4de3-852c-cf0210ca78af', 'system uuid': '89b11b42-6ca2-76fb-88b9-4b0fae22b322', 'nvme_native_multipath': False} [00;33m{{(pid=529179) trace_logging_wrapper /opt/stack/data/venv/lib/python3.10/site-packages/os_brick/utils.py:204}}[00m
2025-10-14 10:01:22.102 529179 DEBUG nova.virt.block_device [req-882a3dc3-fadd-4f18-a46a-73d80053bd45 4a286ddf600a47c98f4dd718dbbcf31a d365a158173343d58ebcf8316a49b6d4 - - default default] [instance: 64f2b0e4-5bdc-42c6-bb47-edab93c237c3] Updating existing volume attachment record: 4a252e02-1ce8-427f-a88c-aab632f1ac66 [00;33m{{(pid=529179) _volume_attach /opt/stack/nova/nova/virt/block_device.py:666}}[00m
2025-10-14 10:01:22.584 529179 DEBUG oslo_concurrency.processutils [req-f6187d40-513a-432c-b3e6-7e82a219033d - - - - - -] Running cmd (subprocess): /opt/stack/data/venv/bin/python3.10 -m oslo_concurrency.prlimit --as=1073741824 --cpu=30 -- env LC_ALL=C LANG=C qemu-img info /opt/stack/data/nova/instances/64f2b0e4-5bdc-42c6-bb47-edab93c237c3/disk --force-share --output=json [00;33m{{(pid=529179) execute /opt/stack/data/venv/lib/python3.10/site-packages/oslo_concurrency/processutils.py:349}}[00m
2025-10-14 10:01:22.690 529179 DEBUG oslo_concurrency.processutils [req-f6187d40-513a-432c-b3e6-7e82a219033d - - - - - -] CMD "/opt/stack/data/venv/bin/python3.10 -m oslo_concurrency.prlimit --as=1073741824 --cpu=30 -- env LC_ALL=C LANG=C qemu-img info /opt/stack/data/nova/instances/64f2b0e4-5bdc-42c6-bb47-edab93c237c3/disk --force-share --output=json" returned: 0 in 0.106s [00;33m{{(pid=529179) execute /opt/stack/data/venv/lib/python3.10/site-packages/oslo_concurrency/processutils.py:372}}[00m
2025-10-14 10:01:22.693 529179 DEBUG oslo_concurrency.processutils [req-f6187d40-513a-432c-b3e6-7e82a219033d - - - - - -] Running cmd (subprocess): /opt/stack/data/venv/bin/python3.10 -m oslo_concurrency.prlimit --as=1073741824 --cpu=30 -- env LC_ALL=C LANG=C qemu-img info /opt/stack/data/nova/instances/64f2b0e4-5bdc-42c6-bb47-edab93c237c3/disk --force-share --output=json [00;33m{{(pid=529179) execute /opt/stack/data/venv/lib/python3.10/site-packages/oslo_concurrency/processutils.py:349}}[00m
2025-10-14 10:01:22.791 529179 DEBUG oslo_concurrency.processutils [req-f6187d40-513a-432c-b3e6-7e82a219033d - - - - - -] CMD "/opt/stack/data/venv/bin/python3.10 -m oslo_concurrency.prlimit --as=1073741824 --cpu=30 -- env LC_ALL=C LANG=C qemu-img info /opt/stack/data/nova/instances/64f2b0e4-5bdc-42c6-bb47-edab93c237c3/disk --force-share --output=json" returned: 0 in 0.098s [00;33m{{(pid=529179) execute /opt/stack/data/venv/lib/python3.10/site-packages/oslo_concurrency/processutils.py:372}}[00m
