2025-10-13 19:05:58.842 194924 DEBUG nova.compute.resource_tracker [req-e5ffa5e5-699d-4d1f-9086-7599c41c7113 - - - - - -] Final resource view: name=devstack-u2204-93-55 phys_ram=24031MB used_ram=704MB phys_disk=194GB used_disk=1GB total_vcpus=8 used_vcpus=1 pci_stats=[] stats={'failed_builds': '0', 'uptime': ' 19:05:57 up  8:33,  3 users,  load average: 2.05, 2.14, 1.75\n', 'num_instances': '1', 'num_vm_active': '1', 'num_task_None': '1', 'num_os_type_None': '1', 'num_proj_19fa7e51c0724f05bfb90ed48b59f707': '1', 'io_workload': '0'} [00;33m{{(pid=194924) _report_final_resource_view /opt/stack/nova/nova/compute/resource_tracker.py:1138}}[00m
2025-10-13 19:05:58.931 194924 DEBUG nova.compute.provider_tree [req-e5ffa5e5-699d-4d1f-9086-7599c41c7113 - - - - - -] Inventory has not changed in ProviderTree for provider: b7be7d19-8707-4537-a229-62a96b643a9a [00;33m{{(pid=194924) update_inventory /opt/stack/nova/nova/compute/provider_tree.py:180}}[00m
2025-10-13 19:05:59.036 194924 DEBUG nova.objects.instance [req-7874ea30-b358-4687-b828-1ff9e9cf9df2 d7b477cece7a4ca8b0024aefbeb17c4c 19fa7e51c0724f05bfb90ed48b59f707 - - default default] Lazy-loading 'flavor' on Instance uuid 5ce484f9-4c2b-4717-9102-e66ef4fdf094 [00;33m{{(pid=194924) obj_load_attr /opt/stack/nova/nova/objects/instance.py:1141}}[00m
2025-10-13 19:05:59.440 194924 DEBUG nova.scheduler.client.report [req-e5ffa5e5-699d-4d1f-9086-7599c41c7113 - - - - - -] Inventory has not changed for provider b7be7d19-8707-4537-a229-62a96b643a9a based on inventory data: {'VCPU': {'total': 8, 'reserved': 0, 'min_unit': 1, 'max_unit': 8, 'step_size': 1, 'allocation_ratio': 100.0}, 'MEMORY_MB': {'total': 24031, 'reserved': 512, 'min_unit': 1, 'max_unit': 24031, 'step_size': 1, 'allocation_ratio': 100.0}, 'DISK_GB': {'total': 194, 'reserved': 0, 'min_unit': 1, 'max_unit': 194, 'step_size': 1, 'allocation_ratio': 100.0}} [00;33m{{(pid=194924) set_inventory_for_provider /opt/stack/nova/nova/scheduler/client/report.py:958}}[00m
2025-10-13 19:05:59.962 194924 DEBUG nova.compute.resource_tracker [req-e5ffa5e5-699d-4d1f-9086-7599c41c7113 - - - - - -] Compute_service record updated for devstack-u2204-93-55:devstack-u2204-93-55 [00;33m{{(pid=194924) _update_available_resource /opt/stack/nova/nova/compute/resource_tracker.py:1067}}[00m
2025-10-13 19:05:59.963 194924 DEBUG oslo_concurrency.lockutils [req-e5ffa5e5-699d-4d1f-9086-7599c41c7113 - - - - - -] Lock "compute_resources" "released" by "nova.compute.resource_tracker.ResourceTracker._update_available_resource" :: held 2.196s [00;33m{{(pid=194924) inner /opt/stack/data/venv/lib/python3.10/site-packages/oslo_concurrency/lockutils.py:424}}[00m
2025-10-13 19:06:00.053 194924 DEBUG oslo_concurrency.lockutils [req-7874ea30-b358-4687-b828-1ff9e9cf9df2 d7b477cece7a4ca8b0024aefbeb17c4c 19fa7e51c0724f05bfb90ed48b59f707 - - default default] Lock "5ce484f9-4c2b-4717-9102-e66ef4fdf094" "released" by "nova.compute.manager.ComputeManager.reserve_block_device_name.<locals>.do_reserve" :: held 1.528s [00;33m{{(pid=194924) inner /opt/stack/data/venv/lib/python3.10/site-packages/oslo_concurrency/lockutils.py:424}}[00m
2025-10-13 19:06:00.522 194924 DEBUG ovsdbapp.backend.ovs_idl.vlog [-] [POLLIN] on fd 24 [00;33m{{(pid=194924) __log_wakeup /opt/stack/data/venv/lib/python3.10/site-packages/ovs/poller.py:263}}[00m
2025-10-13 19:06:00.962 194924 DEBUG oslo_service.periodic_task [req-e5ffa5e5-699d-4d1f-9086-7599c41c7113 - - - - - -] Running periodic task ComputeManager._check_instance_build_time [00;33m{{(pid=194924) run_periodic_tasks /opt/stack/data/venv/lib/python3.10/site-packages/oslo_service/periodic_task.py:210}}[00m
2025-10-13 19:06:00.963 194924 DEBUG oslo_service.periodic_task [req-e5ffa5e5-699d-4d1f-9086-7599c41c7113 - - - - - -] Running periodic task ComputeManager._poll_rebooting_instances [00;33m{{(pid=194924) run_periodic_tasks /opt/stack/data/venv/lib/python3.10/site-packages/oslo_service/periodic_task.py:210}}[00m
2025-10-13 19:06:00.964 194924 DEBUG oslo_service.periodic_task [req-e5ffa5e5-699d-4d1f-9086-7599c41c7113 - - - - - -] Running periodic task ComputeManager._poll_rescued_instances [00;33m{{(pid=194924) run_periodic_tasks /opt/stack/data/venv/lib/python3.10/site-packages/oslo_service/periodic_task.py:210}}[00m
2025-10-13 19:06:00.965 194924 DEBUG oslo_service.periodic_task [req-e5ffa5e5-699d-4d1f-9086-7599c41c7113 - - - - - -] Running periodic task ComputeManager._poll_volume_usage [00;33m{{(pid=194924) run_periodic_tasks /opt/stack/data/venv/lib/python3.10/site-packages/oslo_service/periodic_task.py:210}}[00m
2025-10-13 19:06:00.966 194924 DEBUG oslo_service.periodic_task [req-e5ffa5e5-699d-4d1f-9086-7599c41c7113 - - - - - -] Running periodic task ComputeManager._reclaim_queued_deletes [00;33m{{(pid=194924) run_periodic_tasks /opt/stack/data/venv/lib/python3.10/site-packages/oslo_service/periodic_task.py:210}}[00m
2025-10-13 19:06:00.967 194924 DEBUG nova.compute.manager [req-e5ffa5e5-699d-4d1f-9086-7599c41c7113 - - - - - -] CONF.reclaim_instance_interval <= 0, skipping... [00;33m{{(pid=194924) _reclaim_queued_deletes /opt/stack/nova/nova/compute/manager.py:11184}}[00m
2025-10-13 19:06:01.277 194924 DEBUG oslo_concurrency.lockutils [req-7874ea30-b358-4687-b828-1ff9e9cf9df2 d7b477cece7a4ca8b0024aefbeb17c4c 19fa7e51c0724f05bfb90ed48b59f707 - - default default] Acquiring lock "5ce484f9-4c2b-4717-9102-e66ef4fdf094" by "nova.compute.manager.ComputeManager.attach_volume.<locals>.do_attach_volume" [00;33m{{(pid=194924) inner /opt/stack/data/venv/lib/python3.10/site-packages/oslo_concurrency/lockutils.py:405}}[00m
2025-10-13 19:06:01.278 194924 DEBUG oslo_concurrency.lockutils [req-7874ea30-b358-4687-b828-1ff9e9cf9df2 d7b477cece7a4ca8b0024aefbeb17c4c 19fa7e51c0724f05bfb90ed48b59f707 - - default default] Lock "5ce484f9-4c2b-4717-9102-e66ef4fdf094" acquired by "nova.compute.manager.ComputeManager.attach_volume.<locals>.do_attach_volume" :: waited 0.001s [00;33m{{(pid=194924) inner /opt/stack/data/venv/lib/python3.10/site-packages/oslo_concurrency/lockutils.py:410}}[00m
2025-10-13 19:06:01.279 194924 INFO nova.compute.manager [req-7874ea30-b358-4687-b828-1ff9e9cf9df2 d7b477cece7a4ca8b0024aefbeb17c4c 19fa7e51c0724f05bfb90ed48b59f707 - - default default] [instance: 5ce484f9-4c2b-4717-9102-e66ef4fdf094] Attaching volume 1311d5e3-7a4a-486a-9102-dc3e56343e89 to /dev/vdb
2025-10-13 19:06:01.380 194924 DEBUG os_brick.utils [req-7874ea30-b358-4687-b828-1ff9e9cf9df2 d7b477cece7a4ca8b0024aefbeb17c4c 19fa7e51c0724f05bfb90ed48b59f707 - - default default] ==> get_connector_properties: call "{'root_helper': 'sudo nova-rootwrap /etc/nova/rootwrap.conf', 'my_ip': '172.25.93.55', 'multipath': False, 'enforce_multipath': True, 'host': 'devstack-u2204-93-55', 'execute': None}" [00;33m{{(pid=194924) trace_logging_wrapper /opt/stack/data/venv/lib/python3.10/site-packages/os_brick/utils.py:177}}[00m
2025-10-13 19:06:01.382 194924 INFO oslo.privsep.daemon [req-7874ea30-b358-4687-b828-1ff9e9cf9df2 d7b477cece7a4ca8b0024aefbeb17c4c 19fa7e51c0724f05bfb90ed48b59f707 - - default default] Running privsep helper: ['sudo', 'nova-rootwrap', '/etc/nova/rootwrap.conf', 'privsep-helper', '--config-file', '/etc/nova/nova-cpu.conf', '--privsep_context', 'os_brick.privileged.default', '--privsep_sock_path', '/tmp/tmpz94bmbn6/privsep.sock']
2025-10-13 19:06:02.648 194924 INFO oslo.privsep.daemon [req-7874ea30-b358-4687-b828-1ff9e9cf9df2 d7b477cece7a4ca8b0024aefbeb17c4c 19fa7e51c0724f05bfb90ed48b59f707 - - default default] Spawned new privsep daemon via rootwrap
2025-10-13 19:06:02.433 213534 INFO oslo.privsep.daemon [-] privsep daemon starting
2025-10-13 19:06:02.446 213534 INFO oslo.privsep.daemon [-] privsep process running with uid/gid: 0/0
2025-10-13 19:06:02.450 213534 INFO oslo.privsep.daemon [-] privsep process running with capabilities (eff/prm/inh): CAP_SYS_ADMIN/CAP_SYS_ADMIN/none
2025-10-13 19:06:02.451 213534 INFO oslo.privsep.daemon [-] privsep daemon running as pid 213534
2025-10-13 19:06:02.655 213534 DEBUG oslo.privsep.daemon [-] privsep: reply[a7292193-01ab-48f0-8846-a4970f7a6f52]: (2,) [00;33m{{(pid=213534) _call_back /opt/stack/data/venv/lib/python3.10/site-packages/oslo_privsep/daemon.py:503}}[00m
2025-10-13 19:06:02.811 213534 DEBUG oslo_concurrency.processutils [-] Running cmd (subprocess): cat /etc/iscsi/initiatorname.iscsi [00;33m{{(pid=213534) execute /opt/stack/data/venv/lib/python3.10/site-packages/oslo_concurrency/processutils.py:349}}[00m
2025-10-13 19:06:02.825 213534 DEBUG oslo_concurrency.processutils [-] CMD "cat /etc/iscsi/initiatorname.iscsi" returned: 0 in 0.014s [00;33m{{(pid=213534) execute /opt/stack/data/venv/lib/python3.10/site-packages/oslo_concurrency/processutils.py:372}}[00m
2025-10-13 19:06:02.827 213534 DEBUG oslo.privsep.daemon [-] privsep: reply[87a4f673-685c-416a-a090-945b2867094b]: (4, ('InitiatorName=iqn.2016-04.com.open-iscsi:6209480892d\n', '')) [00;33m{{(pid=213534) _call_back /opt/stack/data/venv/lib/python3.10/site-packages/oslo_privsep/daemon.py:503}}[00m
2025-10-13 19:06:02.830 194924 WARNING os_brick.initiator.connectors.nvmeof [req-7874ea30-b358-4687-b828-1ff9e9cf9df2 d7b477cece7a4ca8b0024aefbeb17c4c 19fa7e51c0724f05bfb90ed48b59f707 - - default default] Could not find nvme_core/parameters/multipath: FileNotFoundError: [Errno 2] No such file or directory: '/sys/module/nvme_core/parameters/multipath'
2025-10-13 19:06:02.833 213534 DEBUG oslo_concurrency.processutils [-] Running cmd (subprocess): findmnt -v / -n -o SOURCE [00;33m{{(pid=213534) execute /opt/stack/data/venv/lib/python3.10/site-packages/oslo_concurrency/processutils.py:349}}[00m
2025-10-13 19:06:02.850 213534 DEBUG oslo_concurrency.processutils [-] CMD "findmnt -v / -n -o SOURCE" returned: 0 in 0.017s [00;33m{{(pid=213534) execute /opt/stack/data/venv/lib/python3.10/site-packages/oslo_concurrency/processutils.py:372}}[00m
2025-10-13 19:06:02.851 213534 DEBUG oslo.privsep.daemon [-] privsep: reply[78b30859-ab9d-45bc-9c3b-795775abeb52]: (4, ('/dev/sda2\n', '')) [00;33m{{(pid=213534) _call_back /opt/stack/data/venv/lib/python3.10/site-packages/oslo_privsep/daemon.py:503}}[00m
2025-10-13 19:06:02.854 213534 DEBUG oslo_concurrency.processutils [-] Running cmd (subprocess): blkid /dev/sda2 -s UUID -o value [00;33m{{(pid=213534) execute /opt/stack/data/venv/lib/python3.10/site-packages/oslo_concurrency/processutils.py:349}}[00m
2025-10-13 19:06:02.871 213534 DEBUG oslo_concurrency.processutils [-] CMD "blkid /dev/sda2 -s UUID -o value" returned: 0 in 0.018s [00;33m{{(pid=213534) execute /opt/stack/data/venv/lib/python3.10/site-packages/oslo_concurrency/processutils.py:372}}[00m
2025-10-13 19:06:02.873 213534 DEBUG oslo.privsep.daemon [-] privsep: reply[a1db6881-5612-4e6f-a9c9-b601c54e6463]: (4, ('849a1340-77d5-4de3-852c-cf0210ca78af\n', '')) [00;33m{{(pid=213534) _call_back /opt/stack/data/venv/lib/python3.10/site-packages/oslo_privsep/daemon.py:503}}[00m
2025-10-13 19:06:02.878 213534 DEBUG oslo.privsep.daemon [-] privsep: reply[187d65cf-be8d-4ce0-963e-8fe3ff3b43b7]: (4, '89b11b42-6ca2-76fb-88b9-4b0fae22b322') [00;33m{{(pid=213534) _call_back /opt/stack/data/venv/lib/python3.10/site-packages/oslo_privsep/daemon.py:503}}[00m
2025-10-13 19:06:02.879 194924 DEBUG oslo_concurrency.processutils [req-7874ea30-b358-4687-b828-1ff9e9cf9df2 d7b477cece7a4ca8b0024aefbeb17c4c 19fa7e51c0724f05bfb90ed48b59f707 - - default default] Running cmd (subprocess): nvme version [00;33m{{(pid=194924) execute /opt/stack/data/venv/lib/python3.10/site-packages/oslo_concurrency/processutils.py:349}}[00m
2025-10-13 19:06:02.909 194924 DEBUG oslo_concurrency.processutils [req-7874ea30-b358-4687-b828-1ff9e9cf9df2 d7b477cece7a4ca8b0024aefbeb17c4c 19fa7e51c0724f05bfb90ed48b59f707 - - default default] 'nvme version' failed. Not Retrying. [00;33m{{(pid=194924) execute /opt/stack/data/venv/lib/python3.10/site-packages/oslo_concurrency/processutils.py:423}}[00m
2025-10-13 19:06:02.912 194924 DEBUG os_brick.initiator.connectors.nvmeof [req-7874ea30-b358-4687-b828-1ff9e9cf9df2 d7b477cece7a4ca8b0024aefbeb17c4c 19fa7e51c0724f05bfb90ed48b59f707 - - default default] nvme not present on system [00;33m{{(pid=194924) nvme_present /opt/stack/data/venv/lib/python3.10/site-packages/os_brick/initiator/connectors/nvmeof.py:784}}[00m
2025-10-13 19:06:02.916 213534 DEBUG oslo_concurrency.processutils [-] Running cmd (subprocess): nvme show-hostnqn [00;33m{{(pid=213534) execute /opt/stack/data/venv/lib/python3.10/site-packages/oslo_concurrency/processutils.py:349}}[00m
2025-10-13 19:06:02.929 213534 DEBUG oslo_concurrency.processutils [-] 'nvme show-hostnqn' failed. Not Retrying. [00;33m{{(pid=213534) execute /opt/stack/data/venv/lib/python3.10/site-packages/oslo_concurrency/processutils.py:423}}[00m
2025-10-13 19:06:02.931 213534 WARNING os_brick.privileged.nvmeof [-] Could not generate host nqn: [Errno 2] No such file or directory: 'nvme'
2025-10-13 19:06:02.932 213534 DEBUG oslo.privsep.daemon [-] privsep: reply[5f968529-066a-40dd-b342-c796e55eef59]: (4, '') [00;33m{{(pid=213534) _call_back /opt/stack/data/venv/lib/python3.10/site-packages/oslo_privsep/daemon.py:503}}[00m
2025-10-13 19:06:02.938 194924 DEBUG os_brick.initiator.connectors.lightos [req-7874ea30-b358-4687-b828-1ff9e9cf9df2 d7b477cece7a4ca8b0024aefbeb17c4c 19fa7e51c0724f05bfb90ed48b59f707 - - default default] LIGHTOS: [Errno 111] ECONNREFUSED [00;33m{{(pid=194924) find_dsc /opt/stack/data/venv/lib/python3.10/site-packages/os_brick/initiator/connectors/lightos.py:135}}[00m
2025-10-13 19:06:02.943 194924 INFO os_brick.initiator.connectors.lightos [req-7874ea30-b358-4687-b828-1ff9e9cf9df2 d7b477cece7a4ca8b0024aefbeb17c4c 19fa7e51c0724f05bfb90ed48b59f707 - - default default] Current host hostNQN  and IP(s) are ['172.25.93.55', 'fe80::387c:9d0a:2c22:5c64', '192.168.122.1', '172.24.5.1', 'fe80::c412:24ff:fe80:2044', 'fe80::fc16:3eff:fe21:eabe'] 
2025-10-13 19:06:02.944 194924 DEBUG os_brick.initiator.connectors.lightos [req-7874ea30-b358-4687-b828-1ff9e9cf9df2 d7b477cece7a4ca8b0024aefbeb17c4c 19fa7e51c0724f05bfb90ed48b59f707 - - default default] LIGHTOS: did not find dsc, continuing anyway. [00;33m{{(pid=194924) get_connector_properties /opt/stack/data/venv/lib/python3.10/site-packages/os_brick/initiator/connectors/lightos.py:112}}[00m
2025-10-13 19:06:02.945 194924 DEBUG os_brick.initiator.connectors.lightos [req-7874ea30-b358-4687-b828-1ff9e9cf9df2 d7b477cece7a4ca8b0024aefbeb17c4c 19fa7e51c0724f05bfb90ed48b59f707 - - default default] LIGHTOS: no hostnqn found. [00;33m{{(pid=194924) get_connector_properties /opt/stack/data/venv/lib/python3.10/site-packages/os_brick/initiator/connectors/lightos.py:121}}[00m
2025-10-13 19:06:02.946 194924 DEBUG os_brick.utils [req-7874ea30-b358-4687-b828-1ff9e9cf9df2 d7b477cece7a4ca8b0024aefbeb17c4c 19fa7e51c0724f05bfb90ed48b59f707 - - default default] <== get_connector_properties: return (1564ms) {'platform': 'x86_64', 'os_type': 'linux', 'ip': '172.25.93.55', 'host': 'devstack-u2204-93-55', 'multipath': False, 'enforce_multipath': True, 'initiator': 'iqn.2016-04.com.open-iscsi:6209480892d', 'do_local_attach': False, 'uuid': '849a1340-77d5-4de3-852c-cf0210ca78af', 'system uuid': '89b11b42-6ca2-76fb-88b9-4b0fae22b322', 'nvme_native_multipath': False} [00;33m{{(pid=194924) trace_logging_wrapper /opt/stack/data/venv/lib/python3.10/site-packages/os_brick/utils.py:204}}[00m
2025-10-13 19:06:02.948 194924 DEBUG nova.virt.block_device [req-7874ea30-b358-4687-b828-1ff9e9cf9df2 d7b477cece7a4ca8b0024aefbeb17c4c 19fa7e51c0724f05bfb90ed48b59f707 - - default default] [instance: 5ce484f9-4c2b-4717-9102-e66ef4fdf094] Updating existing volume attachment record: 2f35a43f-c155-43b0-9291-282b6d51c899 [00;33m{{(pid=194924) _volume_attach /opt/stack/nova/nova/virt/block_device.py:666}}[00m
2025-10-13 19:06:05.526 194924 DEBUG ovsdbapp.backend.ovs_idl.vlog [-] 4999-ms timeout [00;33m{{(pid=194924) __log_wakeup /opt/stack/data/venv/lib/python3.10/site-packages/ovs/poller.py:248}}[00m
2025-10-13 19:06:05.528 194924 DEBUG ovsdbapp.backend.ovs_idl.vlog [-] 0-ms timeout [00;33m{{(pid=194924) __log_wakeup /opt/stack/data/venv/lib/python3.10/site-packages/ovs/poller.py:248}}[00m
2025-10-13 19:06:05.528 194924 DEBUG ovsdbapp.backend.ovs_idl.vlog [-] tcp:127.0.0.1:6640: idle 5004 ms, sending inactivity probe [00;33m{{(pid=194924) run /opt/stack/data/venv/lib/python3.10/site-packages/ovs/reconnect.py:117}}[00m
2025-10-13 19:06:05.529 194924 DEBUG ovsdbapp.backend.ovs_idl.vlog [-] tcp:127.0.0.1:6640: entering IDLE [00;33m{{(pid=194924) _transition /opt/stack/data/venv/lib/python3.10/site-packages/ovs/reconnect.py:519}}[00m
2025-10-13 19:06:05.530 194924 DEBUG ovsdbapp.backend.ovs_idl.vlog [-] [POLLIN] on fd 24 [00;33m{{(pid=194924) __log_wakeup /opt/stack/data/venv/lib/python3.10/site-packages/ovs/poller.py:263}}[00m
2025-10-13 19:06:05.532 194924 DEBUG ovsdbapp.backend.ovs_idl.vlog [-] tcp:127.0.0.1:6640: entering ACTIVE [00;33m{{(pid=194924) _transition /opt/stack/data/venv/lib/python3.10/site-packages/ovs/reconnect.py:519}}[00m
2025-10-13 19:06:06.732 194924 DEBUG ovsdbapp.backend.ovs_idl.vlog [-] [POLLIN] on fd 24 [00;33m{{(pid=194924) __log_wakeup /opt/stack/data/venv/lib/python3.10/site-packages/ovs/poller.py:263}}[00m
2025-10-13 19:06:11.574 194924 DEBUG oslo_concurrency.lockutils [req-7874ea30-b358-4687-b828-1ff9e9cf9df2 d7b477cece7a4ca8b0024aefbeb17c4c 19fa7e51c0724f05bfb90ed48b59f707 - - default default] Acquiring lock "cache_volume_driver" by "nova.virt.libvirt.driver.LibvirtDriver._get_volume_driver.<locals>._cache_volume_driver" [00;33m{{(pid=194924) inner /opt/stack/data/venv/lib/python3.10/site-packages/oslo_concurrency/lockutils.py:405}}[00m
2025-10-13 19:06:11.576 194924 DEBUG oslo_concurrency.lockutils [req-7874ea30-b358-4687-b828-1ff9e9cf9df2 d7b477cece7a4ca8b0024aefbeb17c4c 19fa7e51c0724f05bfb90ed48b59f707 - - default default] Lock "cache_volume_driver" acquired by "nova.virt.libvirt.driver.LibvirtDriver._get_volume_driver.<locals>._cache_volume_driver" :: waited 0.002s [00;33m{{(pid=194924) inner /opt/stack/data/venv/lib/python3.10/site-packages/oslo_concurrency/lockutils.py:410}}[00m
2025-10-13 19:06:11.584 194924 DEBUG os_brick.initiator.connector [req-7874ea30-b358-4687-b828-1ff9e9cf9df2 d7b477cece7a4ca8b0024aefbeb17c4c 19fa7e51c0724f05bfb90ed48b59f707 - - default default] Factory for ISCSI on None [00;33m{{(pid=194924) factory /opt/stack/data/venv/lib/python3.10/site-packages/os_brick/initiator/connector.py:281}}[00m
2025-10-13 19:06:11.585 194924 DEBUG oslo_concurrency.lockutils [req-7874ea30-b358-4687-b828-1ff9e9cf9df2 d7b477cece7a4ca8b0024aefbeb17c4c 19fa7e51c0724f05bfb90ed48b59f707 - - default default] Lock "cache_volume_driver" "released" by "nova.virt.libvirt.driver.LibvirtDriver._get_volume_driver.<locals>._cache_volume_driver" :: held 0.009s [00;33m{{(pid=194924) inner /opt/stack/data/venv/lib/python3.10/site-packages/oslo_concurrency/lockutils.py:424}}[00m
2025-10-13 19:06:11.586 194924 DEBUG nova.virt.libvirt.volume.iscsi [req-7874ea30-b358-4687-b828-1ff9e9cf9df2 d7b477cece7a4ca8b0024aefbeb17c4c 19fa7e51c0724f05bfb90ed48b59f707 - - default default] [instance: 5ce484f9-4c2b-4717-9102-e66ef4fdf094] Calling os-brick to attach iSCSI Volume [00;33m{{(pid=194924) connect_volume /opt/stack/nova/nova/virt/libvirt/volume/iscsi.py:64}}[00m
2025-10-13 19:06:11.587 194924 DEBUG os_brick.initiator.connectors.iscsi [req-7874ea30-b358-4687-b828-1ff9e9cf9df2 d7b477cece7a4ca8b0024aefbeb17c4c 19fa7e51c0724f05bfb90ed48b59f707 - - default default] ==> connect_volume: call "{'self': <os_brick.initiator.connectors.iscsi.ISCSIConnector object at 0x78c9707c0220>, 'connection_properties': {'target_portal': '172.25.59.221:3260', 'target_iqn': 'iqn.2016-04.com.open-iscsi:d78edfece0b6.hbsd-target', 'target_discovered': False, 'target_lun': 0, 'qos_specs': None, 'access_mode': 'rw', 'encrypted': False, 'cacheable': False, 'enforce_multipath': True}}" [00;33m{{(pid=194924) trace_logging_wrapper /opt/stack/data/venv/lib/python3.10/site-packages/os_brick/utils.py:177}}[00m
2025-10-13 19:06:11.589 194924 DEBUG os_brick.initiator.connectors.base [req-7874ea30-b358-4687-b828-1ff9e9cf9df2 d7b477cece7a4ca8b0024aefbeb17c4c 19fa7e51c0724f05bfb90ed48b59f707 - - default default] Acquiring lock "connect_volume" by "os_brick.initiator.connectors.iscsi.ISCSIConnector.connect_volume" [00;33m{{(pid=194924) inner /opt/stack/data/venv/lib/python3.10/site-packages/os_brick/initiator/connectors/base.py:68}}[00m
2025-10-13 19:06:11.590 194924 DEBUG os_brick.initiator.connectors.base [req-7874ea30-b358-4687-b828-1ff9e9cf9df2 d7b477cece7a4ca8b0024aefbeb17c4c 19fa7e51c0724f05bfb90ed48b59f707 - - default default] Lock "connect_volume" acquired by "os_brick.initiator.connectors.iscsi.ISCSIConnector.connect_volume" :: waited 0.002s [00;33m{{(pid=194924) inner /opt/stack/data/venv/lib/python3.10/site-packages/os_brick/initiator/connectors/base.py:73}}[00m
2025-10-13 19:06:11.591 194924 DEBUG os_brick.initiator.connectors.base [req-7874ea30-b358-4687-b828-1ff9e9cf9df2 d7b477cece7a4ca8b0024aefbeb17c4c 19fa7e51c0724f05bfb90ed48b59f707 - - default default] Connection properties {'target_portal': '172.25.59.221:3260', 'target_iqn': 'iqn.2016-04.com.open-iscsi:d78edfece0b6.hbsd-target', 'target_discovered': False, 'target_lun': 0, 'qos_specs': None, 'access_mode': 'rw', 'encrypted': False, 'cacheable': False, 'enforce_multipath': True} [00;33m{{(pid=194924) check_multipath /opt/stack/data/venv/lib/python3.10/site-packages/os_brick/initiator/connectors/base.py:133}}[00m
2025-10-13 19:06:11.593 213534 DEBUG oslo_concurrency.processutils [-] Running cmd (subprocess): multipathd show status [00;33m{{(pid=213534) execute /opt/stack/data/venv/lib/python3.10/site-packages/oslo_concurrency/processutils.py:349}}[00m
2025-10-13 19:06:11.607 213534 DEBUG oslo_concurrency.processutils [-] 'multipathd show status' failed. Not Retrying. [00;33m{{(pid=213534) execute /opt/stack/data/venv/lib/python3.10/site-packages/oslo_concurrency/processutils.py:423}}[00m
2025-10-13 19:06:11.608 213534 DEBUG oslo.privsep.daemon [-] privsep: Exception during request[381acb73-0d0b-4419-aac6-460c70fd6a53]: [Errno 2] No such file or directory: 'multipathd' [00;33m{{(pid=213534) _process_cmd /opt/stack/data/venv/lib/python3.10/site-packages/oslo_privsep/daemon.py:481}}[00m
Traceback (most recent call last):
  File "/opt/stack/data/venv/lib/python3.10/site-packages/oslo_privsep/daemon.py", line 478, in _process_cmd
    ret = func(*f_args, **f_kwargs)
  File "/opt/stack/data/venv/lib/python3.10/site-packages/oslo_privsep/priv_context.py", line 266, in _wrap
    return func(*args, **kwargs)
  File "/opt/stack/data/venv/lib/python3.10/site-packages/os_brick/privileged/rootwrap.py", line 198, in execute_root
    return custom_execute(*cmd, shell=False, run_as_root=False, **kwargs)
  File "/opt/stack/data/venv/lib/python3.10/site-packages/os_brick/privileged/rootwrap.py", line 146, in custom_execute
    return putils.execute(on_execute=on_execute,
  File "/opt/stack/data/venv/lib/python3.10/site-packages/oslo_concurrency/processutils.py", line 354, in execute
    obj = subprocess.Popen(cmd,
  File "/usr/lib/python3.10/subprocess.py", line 971, in __init__
    self._execute_child(args, executable, preexec_fn, close_fds,
  File "/usr/lib/python3.10/subprocess.py", line 1863, in _execute_child
    raise child_exception_type(errno_num, err_msg, err_filename)
FileNotFoundError: [Errno 2] No such file or directory: 'multipathd'
2025-10-13 19:06:11.614 213534 DEBUG oslo.privsep.daemon [-] privsep: reply[381acb73-0d0b-4419-aac6-460c70fd6a53]: (5, 'builtins.FileNotFoundError', (2, 'No such file or directory')) [00;33m{{(pid=213534) _call_back /opt/stack/data/venv/lib/python3.10/site-packages/oslo_privsep/daemon.py:503}}[00m
2025-10-13 19:06:11.617 194924 DEBUG os_brick.initiator.connectors.base [req-7874ea30-b358-4687-b828-1ff9e9cf9df2 d7b477cece7a4ca8b0024aefbeb17c4c 19fa7e51c0724f05bfb90ed48b59f707 - - default default] Acquiring lock "connect_to_iscsi_portal-172.25.59.221:3260-iqn.2016-04.com.open-iscsi:d78edfece0b6.hbsd-target" by "os_brick.initiator.connectors.iscsi.ISCSIConnector._connect_to_iscsi_portal_unsafe" [00;33m{{(pid=194924) inner /opt/stack/data/venv/lib/python3.10/site-packages/os_brick/initiator/connectors/base.py:68}}[00m
2025-10-13 19:06:11.618 194924 DEBUG os_brick.initiator.connectors.base [req-7874ea30-b358-4687-b828-1ff9e9cf9df2 d7b477cece7a4ca8b0024aefbeb17c4c 19fa7e51c0724f05bfb90ed48b59f707 - - default default] Lock "connect_to_iscsi_portal-172.25.59.221:3260-iqn.2016-04.com.open-iscsi:d78edfece0b6.hbsd-target" acquired by "os_brick.initiator.connectors.iscsi.ISCSIConnector._connect_to_iscsi_portal_unsafe" :: waited 0.001s [00;33m{{(pid=194924) inner /opt/stack/data/venv/lib/python3.10/site-packages/os_brick/initiator/connectors/base.py:73}}[00m
2025-10-13 19:06:11.619 194924 INFO os_brick.initiator.connectors.iscsi [req-7874ea30-b358-4687-b828-1ff9e9cf9df2 d7b477cece7a4ca8b0024aefbeb17c4c 19fa7e51c0724f05bfb90ed48b59f707 - - default default] Trying to connect to iSCSI portal 172.25.59.221:3260
2025-10-13 19:06:11.621 213534 DEBUG oslo_concurrency.processutils [-] Running cmd (subprocess): iscsiadm -m node -T iqn.2016-04.com.open-iscsi:d78edfece0b6.hbsd-target -p 172.25.59.221:3260 [00;33m{{(pid=213534) execute /opt/stack/data/venv/lib/python3.10/site-packages/oslo_concurrency/processutils.py:349}}[00m
2025-10-13 19:06:11.639 213534 DEBUG oslo_concurrency.processutils [-] CMD "iscsiadm -m node -T iqn.2016-04.com.open-iscsi:d78edfece0b6.hbsd-target -p 172.25.59.221:3260" returned: 21 in 0.019s [00;33m{{(pid=213534) execute /opt/stack/data/venv/lib/python3.10/site-packages/oslo_concurrency/processutils.py:372}}[00m
2025-10-13 19:06:11.640 213534 DEBUG oslo.privsep.daemon [-] privsep: reply[2dd6f250-b7be-4e1a-8a0b-acdc2e7fc120]: (4, ('', 'iscsiadm: No records found\n')) [00;33m{{(pid=213534) _call_back /opt/stack/data/venv/lib/python3.10/site-packages/oslo_privsep/daemon.py:503}}[00m
2025-10-13 19:06:11.642 194924 DEBUG os_brick.initiator.connectors.iscsi [req-7874ea30-b358-4687-b828-1ff9e9cf9df2 d7b477cece7a4ca8b0024aefbeb17c4c 19fa7e51c0724f05bfb90ed48b59f707 - - default default] iscsiadm (): stdout= stderr=iscsiadm: No records found
 [00;33m{{(pid=194924) _run_iscsiadm /opt/stack/data/venv/lib/python3.10/site-packages/os_brick/initiator/connectors/iscsi.py:1065}}[00m
2025-10-13 19:06:11.644 213534 DEBUG oslo_concurrency.processutils [-] Running cmd (subprocess): iscsiadm -m node -T iqn.2016-04.com.open-iscsi:d78edfece0b6.hbsd-target -p 172.25.59.221:3260 --interface default --op new [00;33m{{(pid=213534) execute /opt/stack/data/venv/lib/python3.10/site-packages/oslo_concurrency/processutils.py:349}}[00m
2025-10-13 19:06:11.665 213534 DEBUG oslo_concurrency.processutils [-] CMD "iscsiadm -m node -T iqn.2016-04.com.open-iscsi:d78edfece0b6.hbsd-target -p 172.25.59.221:3260 --interface default --op new" returned: 0 in 0.021s [00;33m{{(pid=213534) execute /opt/stack/data/venv/lib/python3.10/site-packages/oslo_concurrency/processutils.py:372}}[00m
2025-10-13 19:06:11.666 213534 DEBUG oslo.privsep.daemon [-] privsep: reply[263bdb26-88be-4fdc-b4d9-b2acae6f1125]: (4, ('New iSCSI node [tcp:[hw=,ip=,net_if=,iscsi_if=default] 172.25.59.221,3260,-1 iqn.2016-04.com.open-iscsi:d78edfece0b6.hbsd-target] added\n', 'iscsiadm: config file line 337 do not has value\niscsiadm: config file line 337 do not has value\niscsiadm: config file line 337 do not has value\niscsiadm: config file line 337 do not has value\n')) [00;33m{{(pid=213534) _call_back /opt/stack/data/venv/lib/python3.10/site-packages/oslo_privsep/daemon.py:503}}[00m
2025-10-13 19:06:11.668 194924 DEBUG os_brick.initiator.connectors.iscsi [req-7874ea30-b358-4687-b828-1ff9e9cf9df2 d7b477cece7a4ca8b0024aefbeb17c4c 19fa7e51c0724f05bfb90ed48b59f707 - - default default] iscsiadm ('--interface', 'default', '--op', 'new'): stdout=New iSCSI node [tcp:[hw=,ip=,net_if=,iscsi_if=default] 172.25.59.221,3260,-1 iqn.2016-04.com.open-iscsi:d78edfece0b6.hbsd-target] added
 stderr=iscsiadm: config file line 337 do not has value
iscsiadm: config file line 337 do not has value
iscsiadm: config file line 337 do not has value
iscsiadm: config file line 337 do not has value
 [00;33m{{(pid=194924) _run_iscsiadm /opt/stack/data/venv/lib/python3.10/site-packages/os_brick/initiator/connectors/iscsi.py:1065}}[00m
2025-10-13 19:06:11.669 194924 DEBUG os_brick.initiator.connectors.iscsi [req-7874ea30-b358-4687-b828-1ff9e9cf9df2 d7b477cece7a4ca8b0024aefbeb17c4c 19fa7e51c0724f05bfb90ed48b59f707 - - default default] Retrying to connect to iSCSI portal 172.25.59.221:3260 [00;33m{{(pid=194924) _connect_to_iscsi_portal_unsafe /opt/stack/data/venv/lib/python3.10/site-packages/os_brick/initiator/connectors/iscsi.py:1131}}[00m
2025-10-13 19:06:11.670 194924 DEBUG os_brick.utils [req-7874ea30-b358-4687-b828-1ff9e9cf9df2 d7b477cece7a4ca8b0024aefbeb17c4c 19fa7e51c0724f05bfb90ed48b59f707 - - default default] Finished call to 'os_brick.initiator.connectors.iscsi.ISCSIConnector._connect_to_iscsi_portal_unsafe' after 0.051(s), this was the 1st time calling it. [00;33m{{(pid=194924) log_it /opt/stack/data/venv/lib/python3.10/site-packages/tenacity/after.py:44}}[00m
2025-10-13 19:06:11.672 194924 DEBUG os_brick.utils [req-7874ea30-b358-4687-b828-1ff9e9cf9df2 d7b477cece7a4ca8b0024aefbeb17c4c 19fa7e51c0724f05bfb90ed48b59f707 - - default default] Retrying os_brick.initiator.connectors.iscsi.ISCSIConnector._connect_to_iscsi_portal_unsafe in 1.0 seconds as it raised BrickException: An unknown exception occurred.. [00;33m{{(pid=194924) log_it /opt/stack/data/venv/lib/python3.10/site-packages/tenacity/before_sleep.py:65}}[00m
2025-10-13 19:06:11.739 194924 DEBUG ovsdbapp.backend.ovs_idl.vlog [-] 4996-ms timeout [00;33m{{(pid=194924) __log_wakeup /opt/stack/data/venv/lib/python3.10/site-packages/ovs/poller.py:248}}[00m
2025-10-13 19:06:11.741 194924 DEBUG ovsdbapp.backend.ovs_idl.vlog [-] 0-ms timeout [00;33m{{(pid=194924) __log_wakeup /opt/stack/data/venv/lib/python3.10/site-packages/ovs/poller.py:248}}[00m
2025-10-13 19:06:11.742 194924 DEBUG ovsdbapp.backend.ovs_idl.vlog [-] tcp:127.0.0.1:6640: idle 5003 ms, sending inactivity probe [00;33m{{(pid=194924) run /opt/stack/data/venv/lib/python3.10/site-packages/ovs/reconnect.py:117}}[00m
2025-10-13 19:06:11.742 194924 DEBUG ovsdbapp.backend.ovs_idl.vlog [-] tcp:127.0.0.1:6640: entering IDLE [00;33m{{(pid=194924) _transition /opt/stack/data/venv/lib/python3.10/site-packages/ovs/reconnect.py:519}}[00m
2025-10-13 19:06:11.743 194924 DEBUG ovsdbapp.backend.ovs_idl.vlog [-] [POLLIN] on fd 24 [00;33m{{(pid=194924) __log_wakeup /opt/stack/data/venv/lib/python3.10/site-packages/ovs/poller.py:263}}[00m
2025-10-13 19:06:11.745 194924 DEBUG ovsdbapp.backend.ovs_idl.vlog [-] tcp:127.0.0.1:6640: entering ACTIVE [00;33m{{(pid=194924) _transition /opt/stack/data/venv/lib/python3.10/site-packages/ovs/reconnect.py:519}}[00m
2025-10-13 19:06:12.673 194924 INFO os_brick.initiator.connectors.iscsi [req-7874ea30-b358-4687-b828-1ff9e9cf9df2 d7b477cece7a4ca8b0024aefbeb17c4c 19fa7e51c0724f05bfb90ed48b59f707 - - default default] Trying to connect to iSCSI portal 172.25.59.221:3260
2025-10-13 19:06:12.676 213534 DEBUG oslo_concurrency.processutils [-] Running cmd (subprocess): iscsiadm -m node -T iqn.2016-04.com.open-iscsi:d78edfece0b6.hbsd-target -p 172.25.59.221:3260 [00;33m{{(pid=213534) execute /opt/stack/data/venv/lib/python3.10/site-packages/oslo_concurrency/processutils.py:349}}[00m
2025-10-13 19:06:12.698 213534 DEBUG oslo_concurrency.processutils [-] CMD "iscsiadm -m node -T iqn.2016-04.com.open-iscsi:d78edfece0b6.hbsd-target -p 172.25.59.221:3260" returned: 0 in 0.021s [00;33m{{(pid=213534) execute /opt/stack/data/venv/lib/python3.10/site-packages/oslo_concurrency/processutils.py:372}}[00m
2025-10-13 19:06:12.699 213534 DEBUG oslo.privsep.daemon [-] privsep: reply[7a8de155-c135-431f-b8c4-4da08a5bbd14]: (4, ('# BEGIN RECORD 2.1.5\nnode.name = iqn.2016-04.com.open-iscsi:d78edfece0b6.hbsd-target\nnode.tpgt = -1\nnode.startup = manual\nnode.leading_login = No\niface.iscsi_ifacename = default\niface.net_ifacename = <empty>\niface.ipaddress = <empty>\niface.prefix_len = 0\niface.hwaddress = <empty>\niface.transport_name = tcp\niface.initiatorname = <empty>\niface.state = <empty>\niface.vlan_id = 0\niface.vlan_priority = 0\niface.vlan_state = <empty>\niface.iface_num = 0\niface.mtu = 0\niface.port = 0\niface.bootproto = <empty>\niface.subnet_mask = <empty>\niface.gateway = <empty>\niface.dhcp_alt_client_id_state = <empty>\niface.dhcp_alt_client_id = <empty>\niface.dhcp_dns = <empty>\niface.dhcp_learn_iqn = <empty>\niface.dhcp_req_vendor_id_state = <empty>\niface.dhcp_vendor_id_state = <empty>\niface.dhcp_vendor_id = <empty>\niface.dhcp_slp_da = <empty>\niface.fragmentation = <empty>\niface.gratuitous_arp = <empty>\niface.incoming_forwarding = <empty>\niface.tos_state = <empty>\niface.tos = 0\niface.ttl = 0\niface.delayed_ack = <empty>\niface.tcp_nagle = <empty>\niface.tcp_wsf_state = <empty>\niface.tcp_wsf = 0\niface.tcp_timer_scale = 0\niface.tcp_timestamp = <empty>\niface.redirect = <empty>\niface.def_task_mgmt_timeout = 0\niface.header_digest = <empty>\niface.data_digest = <empty>\niface.immediate_data = <empty>\niface.initial_r2t = <empty>\niface.data_seq_inorder = <empty>\niface.data_pdu_inorder = <empty>\niface.erl = 0\niface.max_receive_data_len = 0\niface.first_burst_len = 0\niface.max_outstanding_r2t = 0\niface.max_burst_len = 0\niface.chap_auth = <empty>\niface.bidi_chap = <empty>\niface.strict_login_compliance = <empty>\niface.discovery_auth = <empty>\niface.discovery_logout = <empty>\nnode.discovery_address = <empty>\nnode.discovery_port = 0\nnode.discovery_type = static\nnode.session.initial_cmdsn = 0\nnode.session.initial_login_retry_max = 8\nnode.session.xmit_thread_priority = -20\nnode.session.cmds_max = 128\nnode.session.queue_depth = 32\nnode.session.nr_sessions = 1\nnode.session.auth.authmethod = None\nnode.session.auth.username = <empty>\nnode.session.auth.password = <empty>\nnode.session.auth.username_in = <empty>\nnode.session.auth.password_in = <empty>\nnode.session.auth.chap_algs = SHA3-256,SHA256\nnode.session.timeo.replacement_timeout = 120\nnode.session.err_timeo.abort_timeout = 15\nnode.session.err_timeo.lu_reset_timeout = 30\nnode.session.err_timeo.tgt_reset_timeout = 30\nnode.session.err_timeo.host_reset_timeout = 60\nnode.session.iscsi.FastAbort = Yes\nnode.session.iscsi.InitialR2T = No\nnode.session.iscsi.ImmediateData = Yes\nnode.session.iscsi.FirstBurstLength = 262144\nnode.session.iscsi.MaxBurstLength = 16776192\nnode.session.iscsi.DefaultTime2Retain = 0\nnode.session.iscsi.DefaultTime2Wait = 2\nnode.session.iscsi.MaxConnections = 1\nnode.session.iscsi.MaxOutstandingR2T = 1\nnode.session.iscsi.ERL = 0\nnode.session.scan = auto\nnode.session.reopen_max = 0\nnode.conn[0].address = 172.25.59.221\nnode.conn[0].port = 3260\nnode.conn[0].startup = manual\nnode.conn[0].tcp.window_size = 524288\nnode.conn[0].tcp.type_of_service = 0\nnode.conn[0].timeo.logout_timeout = 15\nnode.conn[0].timeo.login_timeout = 15\nnode.conn[0].timeo.auth_timeout = 45\nnode.conn[0].timeo.noop_out_interval = 5\nnode.conn[0].timeo.noop_out_timeout = 5\nnode.conn[0].iscsi.MaxXmitDataSegmentLength = 0\nnode.conn[0].iscsi.MaxRecvDataSegmentLength = 262144\nnode.conn[0].iscsi.HeaderDigest = None\nnode.conn[0].iscsi.DataDigest = None\nnode.conn[0].iscsi.IFMarker = No\nnode.conn[0].iscsi.OFMarker = No\n# END RECORD\n', '')) [00;33m{{(pid=213534) _call_back /opt/stack/data/venv/lib/python3.10/site-packages/oslo_privsep/daemon.py:503}}[00m
2025-10-13 19:06:12.705 194924 DEBUG os_brick.initiator.connectors.iscsi [req-7874ea30-b358-4687-b828-1ff9e9cf9df2 d7b477cece7a4ca8b0024aefbeb17c4c 19fa7e51c0724f05bfb90ed48b59f707 - - default default] iscsiadm (): stdout=# BEGIN RECORD 2.1.5
node.name = iqn.2016-04.com.open-iscsi:d78edfece0b6.hbsd-target
node.tpgt = -1
node.startup = manual
node.leading_login = No
iface.iscsi_ifacename = default
iface.net_ifacename = <empty>
iface.ipaddress = <empty>
iface.prefix_len = 0
iface.hwaddress = <empty>
iface.transport_name = tcp
iface.initiatorname = <empty>
iface.state = <empty>
iface.vlan_id = 0
iface.vlan_priority = 0
iface.vlan_state = <empty>
iface.iface_num = 0
iface.mtu = 0
iface.port = 0
iface.bootproto = <empty>
iface.subnet_mask = <empty>
iface.gateway = <empty>
iface.dhcp_alt_client_id_state = <empty>
iface.dhcp_alt_client_id = <empty>
iface.dhcp_dns = <empty>
iface.dhcp_learn_iqn = <empty>
iface.dhcp_req_vendor_id_state = <empty>
iface.dhcp_vendor_id_state = <empty>
iface.dhcp_vendor_id = <empty>
iface.dhcp_slp_da = <empty>
iface.fragmentation = <empty>
iface.gratuitous_arp = <empty>
iface.incoming_forwarding = <empty>
iface.tos_state = <empty>
iface.tos = 0
iface.ttl = 0
iface.delayed_ack = <empty>
iface.tcp_nagle = <empty>
iface.tcp_wsf_state = <empty>
iface.tcp_wsf = 0
iface.tcp_timer_scale = 0
iface.tcp_timestamp = <empty>
iface.redirect = <empty>
iface.def_task_mgmt_timeout = 0
iface.header_digest = <empty>
iface.data_digest = <empty>
iface.immediate_data = <empty>
iface.initial_r2t = <empty>
iface.data_seq_inorder = <empty>
iface.data_pdu_inorder = <empty>
iface.erl = 0
iface.max_receive_data_len = 0
iface.first_burst_len = 0
iface.max_outstanding_r2t = 0
iface.max_burst_len = 0
iface.chap_auth = <empty>
iface.bidi_chap = <empty>
iface.strict_login_compliance = <empty>
iface.discovery_auth = <empty>
iface.discovery_logout = <empty>
node.discovery_address = <empty>
node.discovery_port = 0
node.discovery_type = static
node.session.initial_cmdsn = 0
node.session.initial_login_retry_max = 8
node.session.xmit_thread_priority = -20
node.session.cmds_max = 128
node.session.queue_depth = 32
node.session.nr_sessions = 1
node.session.auth.authmethod = None
node.session.auth.username = <empty>
node.session.auth.password = ***
node.session.auth.username_in = <empty>
node.session.auth.password_in = <empty>
node.session.auth.chap_algs = SHA3-256,SHA256
node.session.timeo.replacement_timeout = 120
node.session.err_timeo.abort_timeout = 15
node.session.err_timeo.lu_reset_timeout = 30
node.session.err_timeo.tgt_reset_timeout = 30
node.session.err_timeo.host_reset_timeout = 60
node.session.iscsi.FastAbort = Yes
node.session.iscsi.InitialR2T = No
node.session.iscsi.ImmediateData = Yes
node.session.iscsi.FirstBurstLength = 262144
node.session.iscsi.MaxBurstLength = 16776192
node.session.iscsi.DefaultTime2Retain = 0
node.session.iscsi.DefaultTime2Wait = 2
node.session.iscsi.MaxConnections = 1
node.session.iscsi.MaxOutstandingR2T = 1
node.session.iscsi.ERL = 0
node.session.scan = auto
node.session.reopen_max = 0
node.conn[0].address = 172.25.59.221
node.conn[0].port = 3260
node.conn[0].startup = manual
node.conn[0].tcp.window_size = 524288
node.conn[0].tcp.type_of_service = 0
node.conn[0].timeo.logout_timeout = 15
node.conn[0].timeo.login_timeout = 15
node.conn[0].timeo.auth_timeout = 45
node.conn[0].timeo.noop_out_interval = 5
node.conn[0].timeo.noop_out_timeout = 5
node.conn[0].iscsi.MaxXmitDataSegmentLength = 0
node.conn[0].iscsi.MaxRecvDataSegmentLength = 262144
node.conn[0].iscsi.HeaderDigest = None
node.conn[0].iscsi.DataDigest = None
node.conn[0].iscsi.IFMarker = No
node.conn[0].iscsi.OFMarker = No
# END RECORD
 stderr= [00;33m{{(pid=194924) _run_iscsiadm /opt/stack/data/venv/lib/python3.10/site-packages/os_brick/initiator/connectors/iscsi.py:1065}}[00m
2025-10-13 19:06:12.707 213534 DEBUG oslo_concurrency.processutils [-] Running cmd (subprocess): iscsiadm -m node -T iqn.2016-04.com.open-iscsi:d78edfece0b6.hbsd-target -p 172.25.59.221:3260 --op update -n node.session.scan -v manual [00;33m{{(pid=213534) execute /opt/stack/data/venv/lib/python3.10/site-packages/oslo_concurrency/processutils.py:349}}[00m
2025-10-13 19:06:12.726 213534 DEBUG oslo_concurrency.processutils [-] CMD "iscsiadm -m node -T iqn.2016-04.com.open-iscsi:d78edfece0b6.hbsd-target -p 172.25.59.221:3260 --op update -n node.session.scan -v manual" returned: 0 in 0.019s [00;33m{{(pid=213534) execute /opt/stack/data/venv/lib/python3.10/site-packages/oslo_concurrency/processutils.py:372}}[00m
2025-10-13 19:06:12.728 213534 DEBUG oslo.privsep.daemon [-] privsep: reply[b1b22585-ccc9-4518-89f3-cf32a205334f]: (4, ('', '')) [00;33m{{(pid=213534) _call_back /opt/stack/data/venv/lib/python3.10/site-packages/oslo_privsep/daemon.py:503}}[00m
2025-10-13 19:06:12.729 194924 DEBUG os_brick.initiator.connectors.iscsi [req-7874ea30-b358-4687-b828-1ff9e9cf9df2 d7b477cece7a4ca8b0024aefbeb17c4c 19fa7e51c0724f05bfb90ed48b59f707 - - default default] iscsiadm ('--op', 'update', '-n', 'node.session.scan', '-v', 'manual'): stdout= stderr= [00;33m{{(pid=194924) _run_iscsiadm /opt/stack/data/venv/lib/python3.10/site-packages/os_brick/initiator/connectors/iscsi.py:1065}}[00m
2025-10-13 19:06:12.732 213534 DEBUG oslo_concurrency.processutils [-] Running cmd (subprocess): iscsiadm -m session [00;33m{{(pid=213534) execute /opt/stack/data/venv/lib/python3.10/site-packages/oslo_concurrency/processutils.py:349}}[00m
2025-10-13 19:06:12.749 213534 DEBUG oslo_concurrency.processutils [-] CMD "iscsiadm -m session" returned: 21 in 0.018s [00;33m{{(pid=213534) execute /opt/stack/data/venv/lib/python3.10/site-packages/oslo_concurrency/processutils.py:372}}[00m
2025-10-13 19:06:12.750 213534 DEBUG oslo.privsep.daemon [-] privsep: reply[e74a2f8f-6a47-4c53-ac5a-45856768c6e7]: (4, ('', 'iscsiadm: No active sessions.\n')) [00;33m{{(pid=213534) _call_back /opt/stack/data/venv/lib/python3.10/site-packages/oslo_privsep/daemon.py:503}}[00m
2025-10-13 19:06:12.752 194924 DEBUG os_brick.initiator.connectors.iscsi [req-7874ea30-b358-4687-b828-1ff9e9cf9df2 d7b477cece7a4ca8b0024aefbeb17c4c 19fa7e51c0724f05bfb90ed48b59f707 - - default default] iscsiadm ('-m', 'session'): stdout= stderr=iscsiadm: No active sessions.
 [00;33m{{(pid=194924) _run_iscsiadm_bare /opt/stack/data/venv/lib/python3.10/site-packages/os_brick/initiator/connectors/iscsi.py:1221}}[00m
2025-10-13 19:06:12.753 194924 DEBUG os_brick.initiator.connectors.iscsi [req-7874ea30-b358-4687-b828-1ff9e9cf9df2 d7b477cece7a4ca8b0024aefbeb17c4c 19fa7e51c0724f05bfb90ed48b59f707 - - default default] iscsi session list stdout= stderr=iscsiadm: No active sessions.
 [00;33m{{(pid=194924) _run_iscsi_session /opt/stack/data/venv/lib/python3.10/site-packages/os_brick/initiator/connectors/iscsi.py:1210}}[00m
2025-10-13 19:06:12.754 194924 WARNING os_brick.initiator.connectors.iscsi [req-7874ea30-b358-4687-b828-1ff9e9cf9df2 d7b477cece7a4ca8b0024aefbeb17c4c 19fa7e51c0724f05bfb90ed48b59f707 - - default default] iscsiadm stderr output when getting sessions: iscsiadm: No active sessions.

2025-10-13 19:06:12.756 213534 DEBUG oslo_concurrency.processutils [-] Running cmd (subprocess): iscsiadm -m node -T iqn.2016-04.com.open-iscsi:d78edfece0b6.hbsd-target -p 172.25.59.221:3260 --login [00;33m{{(pid=213534) execute /opt/stack/data/venv/lib/python3.10/site-packages/oslo_concurrency/processutils.py:349}}[00m
2025-10-13 19:06:13.805 213534 DEBUG oslo_concurrency.processutils [-] CMD "iscsiadm -m node -T iqn.2016-04.com.open-iscsi:d78edfece0b6.hbsd-target -p 172.25.59.221:3260 --login" returned: 0 in 1.049s [00;33m{{(pid=213534) execute /opt/stack/data/venv/lib/python3.10/site-packages/oslo_concurrency/processutils.py:372}}[00m
2025-10-13 19:06:13.807 213534 DEBUG oslo.privsep.daemon [-] privsep: reply[8d6db2a2-bff2-40a1-95b5-c7419717a1cf]: (4, ('Logging in to [iface: default, target: iqn.2016-04.com.open-iscsi:d78edfece0b6.hbsd-target, portal: 172.25.59.221,3260]\nLogin to [iface: default, target: iqn.2016-04.com.open-iscsi:d78edfece0b6.hbsd-target, portal: 172.25.59.221,3260] successful.\n', '')) [00;33m{{(pid=213534) _call_back /opt/stack/data/venv/lib/python3.10/site-packages/oslo_privsep/daemon.py:503}}[00m
2025-10-13 19:06:13.808 194924 DEBUG os_brick.initiator.connectors.iscsi [req-7874ea30-b358-4687-b828-1ff9e9cf9df2 d7b477cece7a4ca8b0024aefbeb17c4c 19fa7e51c0724f05bfb90ed48b59f707 - - default default] iscsiadm ('--login',): stdout=Logging in to [iface: default, target: iqn.2016-04.com.open-iscsi:d78edfece0b6.hbsd-target, portal: 172.25.59.221,3260]
Login to [iface: default, target: iqn.2016-04.com.open-iscsi:d78edfece0b6.hbsd-target, portal: 172.25.59.221,3260] successful.
 stderr= [00;33m{{(pid=194924) _run_iscsiadm /opt/stack/data/venv/lib/python3.10/site-packages/os_brick/initiator/connectors/iscsi.py:1065}}[00m
2025-10-13 19:06:13.810 213534 DEBUG oslo_concurrency.processutils [-] Running cmd (subprocess): iscsiadm -m node -T iqn.2016-04.com.open-iscsi:d78edfece0b6.hbsd-target -p 172.25.59.221:3260 --op update -n node.startup -v automatic [00;33m{{(pid=213534) execute /opt/stack/data/venv/lib/python3.10/site-packages/oslo_concurrency/processutils.py:349}}[00m
2025-10-13 19:06:13.831 213534 DEBUG oslo_concurrency.processutils [-] CMD "iscsiadm -m node -T iqn.2016-04.com.open-iscsi:d78edfece0b6.hbsd-target -p 172.25.59.221:3260 --op update -n node.startup -v automatic" returned: 0 in 0.020s [00;33m{{(pid=213534) execute /opt/stack/data/venv/lib/python3.10/site-packages/oslo_concurrency/processutils.py:372}}[00m
2025-10-13 19:06:13.832 213534 DEBUG oslo.privsep.daemon [-] privsep: reply[31ba510d-3121-4e1f-b76c-c80e9d47ce8a]: (4, ('', '')) [00;33m{{(pid=213534) _call_back /opt/stack/data/venv/lib/python3.10/site-packages/oslo_privsep/daemon.py:503}}[00m
2025-10-13 19:06:13.834 194924 DEBUG os_brick.initiator.connectors.iscsi [req-7874ea30-b358-4687-b828-1ff9e9cf9df2 d7b477cece7a4ca8b0024aefbeb17c4c 19fa7e51c0724f05bfb90ed48b59f707 - - default default] iscsiadm ('--op', 'update', '-n', 'node.startup', '-v', 'automatic'): stdout= stderr= [00;33m{{(pid=194924) _run_iscsiadm /opt/stack/data/venv/lib/python3.10/site-packages/os_brick/initiator/connectors/iscsi.py:1065}}[00m
2025-10-13 19:06:13.836 213534 DEBUG oslo_concurrency.processutils [-] Running cmd (subprocess): iscsiadm -m session [00;33m{{(pid=213534) execute /opt/stack/data/venv/lib/python3.10/site-packages/oslo_concurrency/processutils.py:349}}[00m
2025-10-13 19:06:13.857 213534 DEBUG oslo_concurrency.processutils [-] CMD "iscsiadm -m session" returned: 0 in 0.020s [00;33m{{(pid=213534) execute /opt/stack/data/venv/lib/python3.10/site-packages/oslo_concurrency/processutils.py:372}}[00m
2025-10-13 19:06:13.858 213534 DEBUG oslo.privsep.daemon [-] privsep: reply[f0fa86d0-8f7c-48eb-94eb-711f4e30865d]: (4, ('tcp: [4] 172.25.59.221:3260,257 iqn.2016-04.com.open-iscsi:d78edfece0b6.hbsd-target (non-flash)\n', '')) [00;33m{{(pid=213534) _call_back /opt/stack/data/venv/lib/python3.10/site-packages/oslo_privsep/daemon.py:503}}[00m
2025-10-13 19:06:13.860 194924 DEBUG os_brick.initiator.connectors.iscsi [req-7874ea30-b358-4687-b828-1ff9e9cf9df2 d7b477cece7a4ca8b0024aefbeb17c4c 19fa7e51c0724f05bfb90ed48b59f707 - - default default] iscsiadm ('-m', 'session'): stdout=tcp: [4] 172.25.59.221:3260,257 iqn.2016-04.com.open-iscsi:d78edfece0b6.hbsd-target (non-flash)
 stderr= [00;33m{{(pid=194924) _run_iscsiadm_bare /opt/stack/data/venv/lib/python3.10/site-packages/os_brick/initiator/connectors/iscsi.py:1221}}[00m
2025-10-13 19:06:13.860 194924 DEBUG os_brick.initiator.connectors.iscsi [req-7874ea30-b358-4687-b828-1ff9e9cf9df2 d7b477cece7a4ca8b0024aefbeb17c4c 19fa7e51c0724f05bfb90ed48b59f707 - - default default] iscsi session list stdout=tcp: [4] 172.25.59.221:3260,257 iqn.2016-04.com.open-iscsi:d78edfece0b6.hbsd-target (non-flash)
 stderr= [00;33m{{(pid=194924) _run_iscsi_session /opt/stack/data/venv/lib/python3.10/site-packages/os_brick/initiator/connectors/iscsi.py:1210}}[00m
2025-10-13 19:06:13.862 194924 DEBUG os_brick.initiator.connectors.base [req-7874ea30-b358-4687-b828-1ff9e9cf9df2 d7b477cece7a4ca8b0024aefbeb17c4c 19fa7e51c0724f05bfb90ed48b59f707 - - default default] Lock "connect_to_iscsi_portal-172.25.59.221:3260-iqn.2016-04.com.open-iscsi:d78edfece0b6.hbsd-target" "released" by "os_brick.initiator.connectors.iscsi.ISCSIConnector._connect_to_iscsi_portal_unsafe" :: held 2.244s [00;33m{{(pid=194924) inner /opt/stack/data/venv/lib/python3.10/site-packages/os_brick/initiator/connectors/base.py:87}}[00m
2025-10-13 19:06:13.862 194924 DEBUG os_brick.initiator.connectors.iscsi [req-7874ea30-b358-4687-b828-1ff9e9cf9df2 d7b477cece7a4ca8b0024aefbeb17c4c 19fa7e51c0724f05bfb90ed48b59f707 - - default default] Connected to 172.25.59.221:3260 [00;33m{{(pid=194924) _connect_vol /opt/stack/data/venv/lib/python3.10/site-packages/os_brick/initiator/connectors/iscsi.py:659}}[00m
2025-10-13 19:06:13.866 194924 DEBUG os_brick.initiator.linuxscsi [req-7874ea30-b358-4687-b828-1ff9e9cf9df2 d7b477cece7a4ca8b0024aefbeb17c4c 19fa7e51c0724f05bfb90ed48b59f707 - - default default] HCTL ('33', '-', '-', 0) found on session 4 with lun 0 [00;33m{{(pid=194924) get_hctl /opt/stack/data/venv/lib/python3.10/site-packages/os_brick/initiator/linuxscsi.py:788}}[00m
2025-10-13 19:06:13.866 194924 DEBUG os_brick.initiator.linuxscsi [req-7874ea30-b358-4687-b828-1ff9e9cf9df2 d7b477cece7a4ca8b0024aefbeb17c4c 19fa7e51c0724f05bfb90ed48b59f707 - - default default] Scanning host 33 c: -, t: -, l: 0) [00;33m{{(pid=194924) scan_iscsi /opt/stack/data/venv/lib/python3.10/site-packages/os_brick/initiator/linuxscsi.py:814}}[00m
2025-10-13 19:06:13.868 213534 DEBUG oslo_concurrency.processutils [-] Running cmd (subprocess): tee -a /sys/class/scsi_host/host33/scan [00;33m{{(pid=213534) execute /opt/stack/data/venv/lib/python3.10/site-packages/oslo_concurrency/processutils.py:349}}[00m
