Oct 18 09:05:51.918347 podb-esxi207 systemd[1]: Starting Devstack devstack@n-api.service...
Oct 18 09:05:51.930266 podb-esxi207 devstack@n-api.service[3558698]: [uWSGI] getting INI configuration from /etc/nova/nova-api-uwsgi.ini
Oct 18 09:05:51.932904 podb-esxi207 devstack@n-api.service[3558698]: *** Starting uWSGI 2.0.20-debian (64bit) on [Sat Oct 18 09:05:51 2025] ***
Oct 18 09:05:51.932904 podb-esxi207 devstack@n-api.service[3558698]: compiled with version: 11.2.0 on 21 March 2022 11:00:44
Oct 18 09:05:51.932904 podb-esxi207 devstack@n-api.service[3558698]: os: Linux-5.15.0-157-generic #167-Ubuntu SMP Wed Sep 17 21:35:53 UTC 2025
Oct 18 09:05:51.932904 podb-esxi207 devstack@n-api.service[3558698]: nodename: podb-esxi207
Oct 18 09:05:51.932904 podb-esxi207 devstack@n-api.service[3558698]: machine: x86_64
Oct 18 09:05:51.932904 podb-esxi207 devstack@n-api.service[3558698]: clock source: unix
Oct 18 09:05:51.932904 podb-esxi207 devstack@n-api.service[3558698]: pcre jit disabled
Oct 18 09:05:51.932904 podb-esxi207 devstack@n-api.service[3558698]: detected number of CPU cores: 152
Oct 18 09:05:51.932904 podb-esxi207 devstack@n-api.service[3558698]: current working directory: /
Oct 18 09:05:51.932904 podb-esxi207 devstack@n-api.service[3558698]: detected binary path: /usr/bin/uwsgi-core
Oct 18 09:05:51.932904 podb-esxi207 devstack@n-api.service[3558698]: your processes number limit is 1029247
Oct 18 09:05:51.932904 podb-esxi207 devstack@n-api.service[3558698]: your memory page size is 4096 bytes
Oct 18 09:05:51.932904 podb-esxi207 devstack@n-api.service[3558698]: detected max file descriptor number: 2048
Oct 18 09:05:51.932904 podb-esxi207 devstack@n-api.service[3558698]: lock engine: pthread robust mutexes
Oct 18 09:05:51.934148 podb-esxi207 devstack@n-api.service[3558698]: thunder lock: enabled
Oct 18 09:05:51.934148 podb-esxi207 devstack@n-api.service[3558698]: uwsgi socket 0 bound to UNIX address /var/run/uwsgi/nova-api.socket fd 4
Oct 18 09:05:51.934148 podb-esxi207 devstack@n-api.service[3558698]: Python version: 3.10.12 (main, Aug 15 2025, 14:32:43) [GCC 11.4.0]
Oct 18 09:05:51.934148 podb-esxi207 devstack@n-api.service[3558698]: PEP 405 virtualenv detected: /opt/stack/data/venv
Oct 18 09:05:51.934148 podb-esxi207 devstack@n-api.service[3558698]: Set PythonHome to /opt/stack/data/venv
Oct 18 09:05:51.975446 podb-esxi207 devstack@n-api.service[3558698]: Python main interpreter initialized at 0x5590d8162390
Oct 18 09:05:51.975446 podb-esxi207 devstack@n-api.service[3558698]: python threads support enabled
Oct 18 09:05:51.975446 podb-esxi207 devstack@n-api.service[3558698]: your server socket listen backlog is limited to 100 connections
Oct 18 09:05:51.975446 podb-esxi207 devstack@n-api.service[3558698]: your mercy for graceful operations on workers is 80 seconds
Oct 18 09:05:51.975886 podb-esxi207 devstack@n-api.service[3558698]: mapped 671795 bytes (656 KB) for 4 cores
Oct 18 09:05:51.975886 podb-esxi207 devstack@n-api.service[3558698]: *** Operational MODE: preforking ***
Oct 18 09:05:51.976055 podb-esxi207 devstack@n-api.service[3558698]: *** uWSGI is running in multiple interpreter mode ***
Oct 18 09:05:51.976055 podb-esxi207 devstack@n-api.service[3558698]: spawned uWSGI master process (pid: 3558698)
Oct 18 09:05:51.976313 podb-esxi207 systemd[1]: Started Devstack devstack@n-api.service.
Oct 18 09:05:51.977015 podb-esxi207 devstack@n-api.service[3558698]: spawned uWSGI worker 1 (pid: 3558699, cores: 1)
Oct 18 09:05:51.977015 podb-esxi207 devstack@n-api.service[3558698]: spawned uWSGI worker 2 (pid: 3558700, cores: 1)
Oct 18 09:05:51.977015 podb-esxi207 devstack@n-api.service[3558698]: spawned uWSGI worker 3 (pid: 3558701, cores: 1)
Oct 18 09:05:51.977306 podb-esxi207 devstack@n-api.service[3558698]: spawned uWSGI worker 4 (pid: 3558702, cores: 1)
Oct 18 09:05:51.977306 podb-esxi207 devstack@n-api.service[3558698]: running "unix_signal:15 gracefully_kill_them_all" (master-start)...
Oct 18 09:05:55.056443 podb-esxi207 devstack@n-api.service[3558699]: WSGI app 0 (mountpoint='') ready in 4 seconds on interpreter 0x5590d8162390 pid: 3558699 (default app)
Oct 18 09:05:55.060074 podb-esxi207 devstack@n-api.service[3558699]: [pid: 3558699|app: 0|req: 1/1] 172.25.66.207 () {50 vars in 792 bytes} [Sat Oct 18 09:05:55 2025] GET /compute/v2.1/ => generated 391 bytes in 3 msecs (HTTP/1.1 200) 9 headers in 357 bytes (1 switches on core 0)
Oct 18 09:05:55.162801 podb-esxi207 devstack@n-api.service[3558700]: WSGI app 0 (mountpoint='') ready in 4 seconds on interpreter 0x5590d8162390 pid: 3558700 (default app)
Oct 18 09:05:55.164037 podb-esxi207 devstack@n-api.service[3558702]: WSGI app 0 (mountpoint='') ready in 4 seconds on interpreter 0x5590d8162390 pid: 3558702 (default app)
Oct 18 09:05:55.164964 podb-esxi207 devstack@n-api.service[3558701]: WSGI app 0 (mountpoint='') ready in 4 seconds on interpreter 0x5590d8162390 pid: 3558701 (default app)
Oct 18 09:07:07.420311 podb-esxi207 devstack@n-api.service[3558699]: [pid: 3558699|app: 0|req: 2/2] 172.25.66.207 () {54 vars in 935 bytes} [Sat Oct 18 09:07:07 2025] GET /compute/v2.1 => generated 391 bytes in 12 msecs (HTTP/1.1 200) 9 headers in 357 bytes (1 switches on core 0)
Oct 18 09:07:08.114281 podb-esxi207 devstack@n-api.service[3558700]: [pid: 3558700|app: 0|req: 1/3] 172.25.66.207 () {60 vars in 1296 bytes} [Sat Oct 18 09:07:07 2025] GET /compute/v2.1/flavors/detail?is_public=True => generated 15 bytes in 690 msecs (HTTP/1.1 200) 9 headers in 358 bytes (1 switches on core 0)
Oct 18 09:07:09.607921 podb-esxi207 devstack@n-api.service[3558702]: [pid: 3558702|app: 0|req: 1/4] 172.25.66.207 () {54 vars in 935 bytes} [Sat Oct 18 09:07:09 2025] GET /compute/v2.1 => generated 391 bytes in 14 msecs (HTTP/1.1 200) 9 headers in 357 bytes (1 switches on core 0)
Oct 18 09:07:10.484351 podb-esxi207 devstack@n-api.service[3558701]: [pid: 3558701|app: 0|req: 1/5] 172.25.66.207 () {64 vars in 1287 bytes} [Sat Oct 18 09:07:09 2025] POST /compute/v2.1/flavors => generated 411 bytes in 872 msecs (HTTP/1.1 200) 9 headers in 359 bytes (1 switches on core 0)
Oct 18 09:07:10.653637 podb-esxi207 devstack@n-api.service[3558699]: [pid: 3558699|app: 0|req: 3/6] 172.25.66.207 () {64 vars in 1340 bytes} [Sat Oct 18 09:07:10 2025] POST /compute/v2.1/flavors/c1/os-extra_specs => generated 43 bytes in 156 msecs (HTTP/1.1 200) 9 headers in 358 bytes (1 switches on core 0)
Oct 18 09:07:12.092486 podb-esxi207 devstack@n-api.service[3558700]: [pid: 3558700|app: 0|req: 2/7] 172.25.66.207 () {54 vars in 935 bytes} [Sat Oct 18 09:07:12 2025] GET /compute/v2.1 => generated 391 bytes in 11 msecs (HTTP/1.1 200) 9 headers in 357 bytes (1 switches on core 0)
Oct 18 09:07:12.782256 podb-esxi207 devstack@n-api.service[3558702]: [pid: 3558702|app: 0|req: 2/8] 172.25.66.207 () {64 vars in 1287 bytes} [Sat Oct 18 09:07:12 2025] POST /compute/v2.1/flavors => generated 408 bytes in 686 msecs (HTTP/1.1 200) 9 headers in 359 bytes (1 switches on core 0)
Oct 18 09:07:12.839885 podb-esxi207 devstack@n-api.service[3558701]: [pid: 3558701|app: 0|req: 2/9] 172.25.66.207 () {64 vars in 1340 bytes} [Sat Oct 18 09:07:12 2025] POST /compute/v2.1/flavors/d1/os-extra_specs => generated 43 bytes in 46 msecs (HTTP/1.1 200) 9 headers in 358 bytes (1 switches on core 0)
Oct 18 09:07:14.313192 podb-esxi207 devstack@n-api.service[3558699]: [pid: 3558699|app: 0|req: 4/10] 172.25.66.207 () {54 vars in 935 bytes} [Sat Oct 18 09:07:14 2025] GET /compute/v2.1 => generated 391 bytes in 12 msecs (HTTP/1.1 200) 9 headers in 357 bytes (1 switches on core 0)
Oct 18 09:07:14.587268 podb-esxi207 devstack@n-api.service[3558700]: [pid: 3558700|app: 0|req: 3/11] 172.25.66.207 () {64 vars in 1287 bytes} [Sat Oct 18 09:07:14 2025] POST /compute/v2.1/flavors => generated 408 bytes in 270 msecs (HTTP/1.1 200) 9 headers in 359 bytes (1 switches on core 0)
Oct 18 09:07:14.648819 podb-esxi207 devstack@n-api.service[3558702]: [pid: 3558702|app: 0|req: 3/12] 172.25.66.207 () {64 vars in 1340 bytes} [Sat Oct 18 09:07:14 2025] POST /compute/v2.1/flavors/d2/os-extra_specs => generated 43 bytes in 50 msecs (HTTP/1.1 200) 9 headers in 358 bytes (1 switches on core 0)
Oct 18 09:07:16.108999 podb-esxi207 devstack@n-api.service[3558701]: [pid: 3558701|app: 0|req: 3/13] 172.25.66.207 () {54 vars in 935 bytes} [Sat Oct 18 09:07:16 2025] GET /compute/v2.1 => generated 391 bytes in 11 msecs (HTTP/1.1 200) 9 headers in 357 bytes (1 switches on core 0)
Oct 18 09:07:16.675859 podb-esxi207 devstack@n-api.service[3558699]: [pid: 3558699|app: 0|req: 5/14] 172.25.66.207 () {64 vars in 1287 bytes} [Sat Oct 18 09:07:16 2025] POST /compute/v2.1/flavors => generated 408 bytes in 563 msecs (HTTP/1.1 200) 9 headers in 359 bytes (1 switches on core 0)
Oct 18 09:07:16.736050 podb-esxi207 devstack@n-api.service[3558700]: [pid: 3558700|app: 0|req: 4/15] 172.25.66.207 () {64 vars in 1340 bytes} [Sat Oct 18 09:07:16 2025] POST /compute/v2.1/flavors/d3/os-extra_specs => generated 43 bytes in 48 msecs (HTTP/1.1 200) 9 headers in 358 bytes (1 switches on core 0)
Oct 18 09:07:18.224498 podb-esxi207 devstack@n-api.service[3558702]: [pid: 3558702|app: 0|req: 4/16] 172.25.66.207 () {54 vars in 935 bytes} [Sat Oct 18 09:07:18 2025] GET /compute/v2.1 => generated 391 bytes in 12 msecs (HTTP/1.1 200) 9 headers in 357 bytes (1 switches on core 0)
Oct 18 09:07:18.483354 podb-esxi207 devstack@n-api.service[3558701]: [pid: 3558701|app: 0|req: 4/17] 172.25.66.207 () {64 vars in 1287 bytes} [Sat Oct 18 09:07:18 2025] POST /compute/v2.1/flavors => generated 408 bytes in 251 msecs (HTTP/1.1 200) 9 headers in 359 bytes (1 switches on core 0)
Oct 18 09:07:18.537277 podb-esxi207 devstack@n-api.service[3558699]: [pid: 3558699|app: 0|req: 6/18] 172.25.66.207 () {64 vars in 1340 bytes} [Sat Oct 18 09:07:18 2025] POST /compute/v2.1/flavors/d4/os-extra_specs => generated 43 bytes in 43 msecs (HTTP/1.1 200) 9 headers in 358 bytes (1 switches on core 0)
Oct 18 09:07:19.989048 podb-esxi207 devstack@n-api.service[3558700]: [pid: 3558700|app: 0|req: 5/19] 172.25.66.207 () {54 vars in 935 bytes} [Sat Oct 18 09:07:19 2025] GET /compute/v2.1 => generated 391 bytes in 11 msecs (HTTP/1.1 200) 9 headers in 357 bytes (1 switches on core 0)
Oct 18 09:07:20.343045 podb-esxi207 devstack@n-api.service[3558702]: [pid: 3558702|app: 0|req: 5/20] 172.25.66.207 () {60 vars in 1296 bytes} [Sat Oct 18 09:07:19 2025] GET /compute/v2.1/flavors/detail?is_public=True => generated 2126 bytes in 350 msecs (HTTP/1.1 200) 9 headers in 360 bytes (1 switches on core 0)
Oct 18 09:07:21.802172 podb-esxi207 devstack@n-api.service[3558701]: [pid: 3558701|app: 0|req: 5/21] 172.25.66.207 () {54 vars in 935 bytes} [Sat Oct 18 09:07:21 2025] GET /compute/v2.1 => generated 391 bytes in 11 msecs (HTTP/1.1 200) 9 headers in 357 bytes (1 switches on core 0)
Oct 18 09:07:22.169952 podb-esxi207 devstack@n-api.service[3558699]: [pid: 3558699|app: 0|req: 7/22] 172.25.66.207 () {64 vars in 1287 bytes} [Sat Oct 18 09:07:21 2025] POST /compute/v2.1/flavors => generated 406 bytes in 364 msecs (HTTP/1.1 200) 9 headers in 359 bytes (1 switches on core 0)
Oct 18 09:07:22.223630 podb-esxi207 devstack@n-api.service[3558700]: [pid: 3558700|app: 0|req: 6/23] 172.25.66.207 () {64 vars in 1337 bytes} [Sat Oct 18 09:07:22 2025] POST /compute/v2.1/flavors/1/os-extra_specs => generated 43 bytes in 42 msecs (HTTP/1.1 200) 9 headers in 358 bytes (1 switches on core 0)
Oct 18 09:07:23.723168 podb-esxi207 devstack@n-api.service[3558702]: [pid: 3558702|app: 0|req: 6/24] 172.25.66.207 () {54 vars in 935 bytes} [Sat Oct 18 09:07:23 2025] GET /compute/v2.1 => generated 391 bytes in 11 msecs (HTTP/1.1 200) 9 headers in 357 bytes (1 switches on core 0)
Oct 18 09:07:24.026234 podb-esxi207 devstack@n-api.service[3558701]: [pid: 3558701|app: 0|req: 6/25] 172.25.66.207 () {64 vars in 1287 bytes} [Sat Oct 18 09:07:23 2025] POST /compute/v2.1/flavors => generated 409 bytes in 298 msecs (HTTP/1.1 200) 9 headers in 359 bytes (1 switches on core 0)
Oct 18 09:07:24.076255 podb-esxi207 devstack@n-api.service[3558699]: [pid: 3558699|app: 0|req: 8/26] 172.25.66.207 () {64 vars in 1337 bytes} [Sat Oct 18 09:07:24 2025] POST /compute/v2.1/flavors/2/os-extra_specs => generated 43 bytes in 38 msecs (HTTP/1.1 200) 9 headers in 358 bytes (1 switches on core 0)
Oct 18 09:07:25.564893 podb-esxi207 devstack@n-api.service[3558700]: [pid: 3558700|app: 0|req: 7/27] 172.25.66.207 () {54 vars in 935 bytes} [Sat Oct 18 09:07:25 2025] GET /compute/v2.1 => generated 391 bytes in 11 msecs (HTTP/1.1 200) 9 headers in 357 bytes (1 switches on core 0)
Oct 18 09:07:25.803713 podb-esxi207 devstack@n-api.service[3558702]: [pid: 3558702|app: 0|req: 7/28] 172.25.66.207 () {64 vars in 1287 bytes} [Sat Oct 18 09:07:25 2025] POST /compute/v2.1/flavors => generated 410 bytes in 235 msecs (HTTP/1.1 200) 9 headers in 359 bytes (1 switches on core 0)
Oct 18 09:07:25.855155 podb-esxi207 devstack@n-api.service[3558701]: [pid: 3558701|app: 0|req: 7/29] 172.25.66.207 () {64 vars in 1337 bytes} [Sat Oct 18 09:07:25 2025] POST /compute/v2.1/flavors/3/os-extra_specs => generated 43 bytes in 39 msecs (HTTP/1.1 200) 9 headers in 358 bytes (1 switches on core 0)
Oct 18 09:07:27.310533 podb-esxi207 devstack@n-api.service[3558699]: [pid: 3558699|app: 0|req: 9/30] 172.25.66.207 () {54 vars in 935 bytes} [Sat Oct 18 09:07:27 2025] GET /compute/v2.1 => generated 391 bytes in 12 msecs (HTTP/1.1 200) 9 headers in 357 bytes (1 switches on core 0)
Oct 18 09:07:27.663808 podb-esxi207 devstack@n-api.service[3558700]: [pid: 3558700|app: 0|req: 8/31] 172.25.66.207 () {64 vars in 1287 bytes} [Sat Oct 18 09:07:27 2025] POST /compute/v2.1/flavors => generated 409 bytes in 350 msecs (HTTP/1.1 200) 9 headers in 359 bytes (1 switches on core 0)
Oct 18 09:07:27.715310 podb-esxi207 devstack@n-api.service[3558702]: [pid: 3558702|app: 0|req: 8/32] 172.25.66.207 () {64 vars in 1337 bytes} [Sat Oct 18 09:07:27 2025] POST /compute/v2.1/flavors/4/os-extra_specs => generated 43 bytes in 40 msecs (HTTP/1.1 200) 9 headers in 358 bytes (1 switches on core 0)
Oct 18 09:07:29.097378 podb-esxi207 devstack@n-api.service[3558701]: [pid: 3558701|app: 0|req: 8/33] 172.25.66.207 () {54 vars in 935 bytes} [Sat Oct 18 09:07:29 2025] GET /compute/v2.1 => generated 391 bytes in 11 msecs (HTTP/1.1 200) 9 headers in 357 bytes (1 switches on core 0)
Oct 18 09:07:29.466531 podb-esxi207 devstack@n-api.service[3558699]: [pid: 3558699|app: 0|req: 10/34] 172.25.66.207 () {64 vars in 1287 bytes} [Sat Oct 18 09:07:29 2025] POST /compute/v2.1/flavors => generated 412 bytes in 361 msecs (HTTP/1.1 200) 9 headers in 359 bytes (1 switches on core 0)
Oct 18 09:07:29.520460 podb-esxi207 devstack@n-api.service[3558700]: [pid: 3558700|app: 0|req: 9/35] 172.25.66.207 () {64 vars in 1337 bytes} [Sat Oct 18 09:07:29 2025] POST /compute/v2.1/flavors/5/os-extra_specs => generated 43 bytes in 42 msecs (HTTP/1.1 200) 9 headers in 358 bytes (1 switches on core 0)
Oct 18 09:07:41.100838 podb-esxi207 devstack@n-api.service[3558702]: [pid: 3558702|app: 0|req: 9/36] 172.25.66.207 () {54 vars in 935 bytes} [Sat Oct 18 09:07:41 2025] GET /compute/v2.1 => generated 391 bytes in 11 msecs (HTTP/1.1 200) 9 headers in 357 bytes (1 switches on core 0)
Oct 18 09:07:41.454464 podb-esxi207 devstack@n-api.service[3558701]: [pid: 3558701|app: 0|req: 9/37] 172.25.66.207 () {60 vars in 1333 bytes} [Sat Oct 18 09:07:41 2025] GET /compute/v2.1/os-services?binary=nova-compute&host=podb-esxi207 => generated 255 bytes in 350 msecs (HTTP/1.1 200) 9 headers in 359 bytes (1 switches on core 0)
Oct 18 09:08:07.835591 podb-esxi207 devstack@n-api.service[3558699]: [pid: 3558699|app: 0|req: 11/38] 172.25.66.207 () {54 vars in 935 bytes} [Sat Oct 18 09:08:07 2025] GET /compute/v2.1 => generated 391 bytes in 11 msecs (HTTP/1.1 200) 9 headers in 357 bytes (1 switches on core 0)
Oct 18 09:08:08.163511 podb-esxi207 devstack@n-api.service[3558700]: [pid: 3558700|app: 0|req: 10/39] 172.25.66.207 () {60 vars in 1296 bytes} [Sat Oct 18 09:08:07 2025] GET /compute/v2.1/flavors/detail?is_public=True => generated 4242 bytes in 324 msecs (HTTP/1.1 200) 9 headers in 360 bytes (1 switches on core 0)
Oct 18 09:08:11.677799 podb-esxi207 devstack@n-api.service[3558702]: [pid: 3558702|app: 0|req: 10/40] 172.25.66.207 () {54 vars in 935 bytes} [Sat Oct 18 09:08:11 2025] GET /compute/v2.1 => generated 391 bytes in 12 msecs (HTTP/1.1 200) 9 headers in 357 bytes (1 switches on core 0)
Oct 18 09:08:12.014003 podb-esxi207 devstack@n-api.service[3558701]: [pid: 3558701|app: 0|req: 10/41] 172.25.66.207 () {64 vars in 1287 bytes} [Sat Oct 18 09:08:11 2025] POST /compute/v2.1/flavors => generated 409 bytes in 333 msecs (HTTP/1.1 200) 9 headers in 359 bytes (1 switches on core 0)
Oct 18 09:08:12.062416 podb-esxi207 devstack@n-api.service[3558699]: [pid: 3558699|app: 0|req: 12/42] 172.25.66.207 () {64 vars in 1340 bytes} [Sat Oct 18 09:08:12 2025] POST /compute/v2.1/flavors/42/os-extra_specs => generated 43 bytes in 37 msecs (HTTP/1.1 200) 9 headers in 358 bytes (1 switches on core 0)
Oct 18 09:08:15.436292 podb-esxi207 devstack@n-api.service[3558700]: [pid: 3558700|app: 0|req: 11/43] 172.25.66.207 () {54 vars in 935 bytes} [Sat Oct 18 09:08:15 2025] GET /compute/v2.1 => generated 391 bytes in 11 msecs (HTTP/1.1 200) 9 headers in 357 bytes (1 switches on core 0)
Oct 18 09:08:15.776546 podb-esxi207 devstack@n-api.service[3558702]: [pid: 3558702|app: 0|req: 11/44] 172.25.66.207 () {64 vars in 1287 bytes} [Sat Oct 18 09:08:15 2025] POST /compute/v2.1/flavors => generated 410 bytes in 336 msecs (HTTP/1.1 200) 9 headers in 359 bytes (1 switches on core 0)
Oct 18 09:08:15.827758 podb-esxi207 devstack@n-api.service[3558701]: [pid: 3558701|app: 0|req: 11/45] 172.25.66.207 () {64 vars in 1340 bytes} [Sat Oct 18 09:08:15 2025] POST /compute/v2.1/flavors/84/os-extra_specs => generated 43 bytes in 40 msecs (HTTP/1.1 200) 9 headers in 358 bytes (1 switches on core 0)
Oct 18 09:14:38.597882 podb-esxi207 devstack@n-api.service[3558699]: [pid: 3558699|app: 0|req: 13/46] 172.25.66.207 () {54 vars in 935 bytes} [Sat Oct 18 09:14:38 2025] GET /compute/v2.1 => generated 391 bytes in 11 msecs (HTTP/1.1 200) 9 headers in 357 bytes (1 switches on core 0)
Oct 18 09:14:38.779953 podb-esxi207 devstack@n-api.service[3558700]: [pid: 3558700|app: 0|req: 12/47] 172.25.66.207 () {60 vars in 1294 bytes} [Sat Oct 18 09:14:38 2025] GET /compute/v2.1/servers/detail?deleted=False => generated 15 bytes in 177 msecs (HTTP/1.1 200) 9 headers in 358 bytes (1 switches on core 0)
Oct 18 09:15:19.140704 podb-esxi207 devstack@n-api.service[3558702]: [pid: 3558702|app: 0|req: 12/48] 172.25.66.207 () {62 vars in 1204 bytes} [Sat Oct 18 09:15:19 2025] POST /compute/v2.1/os-keypairs => generated 401 bytes in 109 msecs (HTTP/1.1 201) 9 headers in 364 bytes (1 switches on core 0)
Oct 18 09:15:20.061032 podb-esxi207 devstack@n-api.service[3558701]: [pid: 3558701|app: 0|req: 12/49] 172.25.66.207 () {60 vars in 1163 bytes} [Sat Oct 18 09:15:19 2025] POST /compute/v2.1/os-keypairs => generated 386 bytes in 259 msecs (HTTP/1.1 200) 9 headers in 357 bytes (1 switches on core 0)
Oct 18 09:15:21.497292 podb-esxi207 devstack@n-api.service[3558699]: [pid: 3558699|app: 0|req: 14/50] 172.25.66.207 () {62 vars in 1192 bytes} [Sat Oct 18 09:15:20 2025] POST /compute/v2.1/servers => generated 410 bytes in 998 msecs (HTTP/1.1 202) 10 headers in 455 bytes (1 switches on core 0)
Oct 18 09:15:21.765850 podb-esxi207 devstack@n-api.service[3558702]: [pid: 3558702|app: 0|req: 13/51] 172.25.66.207 () {60 vars in 1281 bytes} [Sat Oct 18 09:15:21 2025] GET /compute/v2.1/servers/2b7ac05d-4ccc-4027-bd9a-659d70ac3dfc => generated 1329 bytes in 258 msecs (HTTP/1.1 200) 9 headers in 360 bytes (1 switches on core 0)
Oct 18 09:15:22.187224 podb-esxi207 devstack@n-api.service[3558700]: [pid: 3558700|app: 0|req: 13/52] 172.25.66.207 () {60 vars in 1151 bytes} [Sat Oct 18 09:15:21 2025] POST /compute/v2.1/servers => generated 410 bytes in 999 msecs (HTTP/1.1 202) 10 headers in 453 bytes (1 switches on core 0)
Oct 18 09:15:22.451457 podb-esxi207 devstack@n-api.service[3558701]: [pid: 3558701|app: 0|req: 13/53] 172.25.66.207 () {58 vars in 1240 bytes} [Sat Oct 18 09:15:22 2025] GET /compute/v2.1/servers/4aa86841-170c-465c-8fd4-83595be999ed => generated 1250 bytes in 254 msecs (HTTP/1.1 200) 9 headers in 358 bytes (1 switches on core 0)
Oct 18 09:15:23.092124 podb-esxi207 devstack@n-api.service[3558699]: [pid: 3558699|app: 0|req: 15/54] 172.25.66.207 () {60 vars in 1281 bytes} [Sat Oct 18 09:15:22 2025] GET /compute/v2.1/servers/2b7ac05d-4ccc-4027-bd9a-659d70ac3dfc => generated 1333 bytes in 295 msecs (HTTP/1.1 200) 9 headers in 360 bytes (1 switches on core 0)
Oct 18 09:15:23.860603 podb-esxi207 devstack@n-api.service[3558702]: [pid: 3558702|app: 0|req: 14/55] 172.25.66.207 () {58 vars in 1240 bytes} [Sat Oct 18 09:15:23 2025] GET /compute/v2.1/servers/4aa86841-170c-465c-8fd4-83595be999ed => generated 1254 bytes in 380 msecs (HTTP/1.1 200) 9 headers in 358 bytes (1 switches on core 0)
Oct 18 09:15:24.344002 podb-esxi207 devstack@n-api.service[3558700]: [pid: 3558700|app: 0|req: 14/56] 172.25.66.207 () {60 vars in 1281 bytes} [Sat Oct 18 09:15:24 2025] GET /compute/v2.1/servers/2b7ac05d-4ccc-4027-bd9a-659d70ac3dfc => generated 1381 bytes in 222 msecs (HTTP/1.1 200) 9 headers in 360 bytes (1 switches on core 0)
Oct 18 09:15:24.556023 podb-esxi207 devstack@n-api.service[3558701]: [pid: 3558701|app: 0|req: 14/57] 172.25.66.207 () {60 vars in 1163 bytes} [Sat Oct 18 09:15:24 2025] POST /compute/v2.1/os-keypairs => generated 385 bytes in 165 msecs (HTTP/1.1 200) 9 headers in 357 bytes (1 switches on core 0)
Oct 18 09:15:25.009056 podb-esxi207 devstack@n-api.service[3558699]: [pid: 3558699|app: 0|req: 16/58] 172.25.66.207 () {58 vars in 1240 bytes} [Sat Oct 18 09:15:24 2025] GET /compute/v2.1/servers/4aa86841-170c-465c-8fd4-83595be999ed => generated 1246 bytes in 121 msecs (HTTP/1.1 200) 9 headers in 358 bytes (1 switches on core 0)
Oct 18 09:15:25.496518 podb-esxi207 devstack@n-api.service[3558702]: [pid: 3558702|app: 0|req: 15/59] 172.25.66.207 () {60 vars in 1281 bytes} [Sat Oct 18 09:15:25 2025] GET /compute/v2.1/servers/2b7ac05d-4ccc-4027-bd9a-659d70ac3dfc => generated 1381 bytes in 122 msecs (HTTP/1.1 200) 9 headers in 360 bytes (1 switches on core 0)
Oct 18 09:15:26.287239 podb-esxi207 devstack@n-api.service[3558701]: [pid: 3558701|app: 0|req: 15/60] 172.25.66.207 () {58 vars in 1240 bytes} [Sat Oct 18 09:15:26 2025] GET /compute/v2.1/servers/4aa86841-170c-465c-8fd4-83595be999ed => generated 1246 bytes in 253 msecs (HTTP/1.1 200) 9 headers in 358 bytes (1 switches on core 0)
Oct 18 09:15:26.313775 podb-esxi207 devstack@n-api.service[3558700]: [pid: 3558700|app: 0|req: 15/61] 172.25.66.207 () {60 vars in 1151 bytes} [Sat Oct 18 09:15:25 2025] POST /compute/v2.1/servers => generated 409 bytes in 502 msecs (HTTP/1.1 202) 10 headers in 453 bytes (1 switches on core 0)
Oct 18 09:15:26.412175 podb-esxi207 devstack@n-api.service[3558699]: [pid: 3558699|app: 0|req: 17/62] 172.25.66.207 () {58 vars in 1240 bytes} [Sat Oct 18 09:15:26 2025] GET /compute/v2.1/servers/0ba1f63a-e6f1-4db9-bc4a-a6387d5736e3 => generated 1250 bytes in 88 msecs (HTTP/1.1 200) 9 headers in 358 bytes (1 switches on core 0)
Oct 18 09:15:26.622360 podb-esxi207 devstack@n-api.service[3558702]: [pid: 3558702|app: 0|req: 16/63] 172.25.66.207 () {60 vars in 1281 bytes} [Sat Oct 18 09:15:26 2025] GET /compute/v2.1/servers/2b7ac05d-4ccc-4027-bd9a-659d70ac3dfc => generated 1389 bytes in 96 msecs (HTTP/1.1 200) 9 headers in 360 bytes (1 switches on core 0)
Oct 18 09:15:27.410832 podb-esxi207 devstack@n-api.service[3558701]: [pid: 3558701|app: 0|req: 16/64] 172.25.66.207 () {58 vars in 1240 bytes} [Sat Oct 18 09:15:27 2025] GET /compute/v2.1/servers/4aa86841-170c-465c-8fd4-83595be999ed => generated 1302 bytes in 110 msecs (HTTP/1.1 200) 9 headers in 358 bytes (1 switches on core 0)
Oct 18 09:15:27.561300 podb-esxi207 devstack@n-api.service[3558700]: [pid: 3558700|app: 0|req: 16/65] 172.25.66.207 () {58 vars in 1240 bytes} [Sat Oct 18 09:15:27 2025] GET /compute/v2.1/servers/0ba1f63a-e6f1-4db9-bc4a-a6387d5736e3 => generated 1254 bytes in 123 msecs (HTTP/1.1 200) 9 headers in 358 bytes (1 switches on core 0)
Oct 18 09:15:27.853282 podb-esxi207 devstack@n-api.service[3558699]: [pid: 3558699|app: 0|req: 18/66] 172.25.66.207 () {60 vars in 1281 bytes} [Sat Oct 18 09:15:27 2025] GET /compute/v2.1/servers/2b7ac05d-4ccc-4027-bd9a-659d70ac3dfc => generated 1457 bytes in 200 msecs (HTTP/1.1 200) 9 headers in 360 bytes (1 switches on core 0)
Oct 18 09:15:28.378820 podb-esxi207 devstack@n-api.service[3558702]: [pid: 3558702|app: 0|req: 17/67] 172.25.66.207 () {64 vars in 1321 bytes} [Sat Oct 18 09:15:28 2025] POST /compute/v2.1/os-server-external-events => generated 179 bytes in 125 msecs (HTTP/1.1 200) 9 headers in 357 bytes (1 switches on core 0)
Oct 18 09:15:28.521976 podb-esxi207 devstack@n-api.service[3558701]: [pid: 3558701|app: 0|req: 17/68] 172.25.66.207 () {58 vars in 1240 bytes} [Sat Oct 18 09:15:28 2025] GET /compute/v2.1/servers/4aa86841-170c-465c-8fd4-83595be999ed => generated 1302 bytes in 85 msecs (HTTP/1.1 200) 9 headers in 358 bytes (1 switches on core 0)
Oct 18 09:15:28.683583 podb-esxi207 devstack@n-api.service[3558700]: [pid: 3558700|app: 0|req: 17/69] 172.25.66.207 () {58 vars in 1240 bytes} [Sat Oct 18 09:15:28 2025] GET /compute/v2.1/servers/0ba1f63a-e6f1-4db9-bc4a-a6387d5736e3 => generated 1246 bytes in 97 msecs (HTTP/1.1 200) 9 headers in 358 bytes (1 switches on core 0)
Oct 18 09:15:28.971564 podb-esxi207 devstack@n-api.service[3558699]: [pid: 3558699|app: 0|req: 19/70] 172.25.66.207 () {62 vars in 1204 bytes} [Sat Oct 18 09:15:28 2025] POST /compute/v2.1/os-keypairs => generated 401 bytes in 90 msecs (HTTP/1.1 201) 9 headers in 364 bytes (1 switches on core 0)
Oct 18 09:15:29.155418 podb-esxi207 devstack@n-api.service[3558702]: [pid: 3558702|app: 0|req: 18/71] 172.25.66.207 () {60 vars in 1281 bytes} [Sat Oct 18 09:15:28 2025] GET /compute/v2.1/servers/2b7ac05d-4ccc-4027-bd9a-659d70ac3dfc => generated 1455 bytes in 274 msecs (HTTP/1.1 200) 9 headers in 360 bytes (1 switches on core 0)
Oct 18 09:15:29.639478 podb-esxi207 devstack@n-api.service[3558701]: [pid: 3558701|app: 0|req: 18/72] 172.25.66.207 () {58 vars in 1240 bytes} [Sat Oct 18 09:15:29 2025] GET /compute/v2.1/servers/4aa86841-170c-465c-8fd4-83595be999ed => generated 1310 bytes in 91 msecs (HTTP/1.1 200) 9 headers in 358 bytes (1 switches on core 0)
Oct 18 09:15:29.795882 podb-esxi207 devstack@n-api.service[3558700]: [pid: 3558700|app: 0|req: 18/73] 172.25.66.207 () {58 vars in 1240 bytes} [Sat Oct 18 09:15:29 2025] GET /compute/v2.1/servers/0ba1f63a-e6f1-4db9-bc4a-a6387d5736e3 => generated 1246 bytes in 86 msecs (HTTP/1.1 200) 9 headers in 358 bytes (1 switches on core 0)
Oct 18 09:15:30.365807 podb-esxi207 devstack@n-api.service[3558699]: [pid: 3558699|app: 0|req: 20/74] 172.25.66.207 () {60 vars in 1281 bytes} [Sat Oct 18 09:15:30 2025] GET /compute/v2.1/servers/2b7ac05d-4ccc-4027-bd9a-659d70ac3dfc => generated 1455 bytes in 179 msecs (HTTP/1.1 200) 9 headers in 360 bytes (1 switches on core 0)
Oct 18 09:15:30.781501 podb-esxi207 devstack@n-api.service[3558701]: [pid: 3558701|app: 0|req: 19/75] 172.25.66.207 () {64 vars in 1321 bytes} [Sat Oct 18 09:15:30 2025] POST /compute/v2.1/os-server-external-events => generated 179 bytes in 117 msecs (HTTP/1.1 200) 9 headers in 357 bytes (1 switches on core 0)
Oct 18 09:15:30.865509 podb-esxi207 devstack@n-api.service[3558700]: [pid: 3558700|app: 0|req: 19/76] 172.25.66.207 () {58 vars in 1240 bytes} [Sat Oct 18 09:15:30 2025] GET /compute/v2.1/servers/4aa86841-170c-465c-8fd4-83595be999ed => generated 1388 bytes in 199 msecs (HTTP/1.1 200) 9 headers in 358 bytes (1 switches on core 0)
Oct 18 09:15:31.050344 podb-esxi207 devstack@n-api.service[3558699]: [pid: 3558699|app: 0|req: 21/77] 172.25.66.207 () {58 vars in 1240 bytes} [Sat Oct 18 09:15:30 2025] GET /compute/v2.1/servers/0ba1f63a-e6f1-4db9-bc4a-a6387d5736e3 => generated 1246 bytes in 229 msecs (HTTP/1.1 200) 9 headers in 358 bytes (1 switches on core 0)
Oct 18 09:15:31.306897 podb-esxi207 devstack@n-api.service[3558702]: [pid: 3558702|app: 0|req: 19/78] 172.25.66.207 () {62 vars in 1192 bytes} [Sat Oct 18 09:15:30 2025] POST /compute/v2.1/servers => generated 32 bytes in 888 msecs (HTTP/1.1 202) 9 headers in 364 bytes (1 switches on core 0)
Oct 18 09:15:31.389914 podb-esxi207 devstack@n-api.service[3558701]: [pid: 3558701|app: 0|req: 20/79] 172.25.66.207 () {60 vars in 1170 bytes} [Sat Oct 18 09:15:31 2025] GET /compute/v2.1/servers => generated 685 bytes in 79 msecs (HTTP/1.1 200) 9 headers in 359 bytes (1 switches on core 0)
Oct 18 09:15:31.512730 podb-esxi207 devstack@n-api.service[3558699]: [pid: 3558699|app: 0|req: 22/80] 172.25.66.207 () {60 vars in 1281 bytes} [Sat Oct 18 09:15:31 2025] GET /compute/v2.1/servers/528db030-5483-46dc-b524-388f4775e003 => generated 1338 bytes in 111 msecs (HTTP/1.1 200) 9 headers in 360 bytes (1 switches on core 0)
Oct 18 09:15:31.589491 podb-esxi207 devstack@n-api.service[3558700]: [pid: 3558700|app: 0|req: 20/81] 172.25.66.207 () {60 vars in 1281 bytes} [Sat Oct 18 09:15:31 2025] GET /compute/v2.1/servers/2b7ac05d-4ccc-4027-bd9a-659d70ac3dfc => generated 1455 bytes in 195 msecs (HTTP/1.1 200) 9 headers in 360 bytes (1 switches on core 0)
Oct 18 09:15:32.097699 podb-esxi207 devstack@n-api.service[3558702]: [pid: 3558702|app: 0|req: 20/82] 172.25.66.207 () {58 vars in 1240 bytes} [Sat Oct 18 09:15:31 2025] GET /compute/v2.1/servers/4aa86841-170c-465c-8fd4-83595be999ed => generated 1376 bytes in 206 msecs (HTTP/1.1 200) 9 headers in 358 bytes (1 switches on core 0)
Oct 18 09:15:32.167027 podb-esxi207 devstack@n-api.service[3558701]: [pid: 3558701|app: 0|req: 21/83] 172.25.66.207 () {58 vars in 1240 bytes} [Sat Oct 18 09:15:32 2025] GET /compute/v2.1/servers/0ba1f63a-e6f1-4db9-bc4a-a6387d5736e3 => generated 1246 bytes in 92 msecs (HTTP/1.1 200) 9 headers in 358 bytes (1 switches on core 0)
Oct 18 09:15:32.654683 podb-esxi207 devstack@n-api.service[3558699]: [pid: 3558699|app: 0|req: 23/84] 172.25.66.207 () {60 vars in 1281 bytes} [Sat Oct 18 09:15:32 2025] GET /compute/v2.1/servers/528db030-5483-46dc-b524-388f4775e003 => generated 1342 bytes in 112 msecs (HTTP/1.1 200) 9 headers in 360 bytes (1 switches on core 0)
Oct 18 09:15:32.827125 podb-esxi207 devstack@n-api.service[3558700]: [pid: 3558700|app: 0|req: 21/85] 172.25.66.207 () {60 vars in 1281 bytes} [Sat Oct 18 09:15:32 2025] GET /compute/v2.1/servers/2b7ac05d-4ccc-4027-bd9a-659d70ac3dfc => generated 1455 bytes in 204 msecs (HTTP/1.1 200) 9 headers in 360 bytes (1 switches on core 0)
Oct 18 09:15:33.284005 podb-esxi207 devstack@n-api.service[3558701]: [pid: 3558701|app: 0|req: 22/86] 172.25.66.207 () {58 vars in 1240 bytes} [Sat Oct 18 09:15:33 2025] GET /compute/v2.1/servers/0ba1f63a-e6f1-4db9-bc4a-a6387d5736e3 => generated 1302 bytes in 91 msecs (HTTP/1.1 200) 9 headers in 358 bytes (1 switches on core 0)
Oct 18 09:15:33.299965 podb-esxi207 devstack@n-api.service[3558702]: [pid: 3558702|app: 0|req: 21/87] 172.25.66.207 () {58 vars in 1240 bytes} [Sat Oct 18 09:15:33 2025] GET /compute/v2.1/servers/4aa86841-170c-465c-8fd4-83595be999ed => generated 1376 bytes in 176 msecs (HTTP/1.1 200) 9 headers in 358 bytes (1 switches on core 0)
Oct 18 09:15:33.779056 podb-esxi207 devstack@n-api.service[3558699]: [pid: 3558699|app: 0|req: 24/88] 172.25.66.207 () {60 vars in 1281 bytes} [Sat Oct 18 09:15:33 2025] GET /compute/v2.1/servers/528db030-5483-46dc-b524-388f4775e003 => generated 1334 bytes in 96 msecs (HTTP/1.1 200) 9 headers in 360 bytes (1 switches on core 0)
Oct 18 09:15:34.020985 podb-esxi207 devstack@n-api.service[3558700]: [pid: 3558700|app: 0|req: 22/89] 172.25.66.207 () {60 vars in 1281 bytes} [Sat Oct 18 09:15:33 2025] GET /compute/v2.1/servers/2b7ac05d-4ccc-4027-bd9a-659d70ac3dfc => generated 1455 bytes in 164 msecs (HTTP/1.1 200) 9 headers in 360 bytes (1 switches on core 0)
Oct 18 09:15:34.424189 podb-esxi207 devstack@n-api.service[3558701]: [pid: 3558701|app: 0|req: 23/90] 172.25.66.207 () {58 vars in 1240 bytes} [Sat Oct 18 09:15:34 2025] GET /compute/v2.1/servers/0ba1f63a-e6f1-4db9-bc4a-a6387d5736e3 => generated 1302 bytes in 114 msecs (HTTP/1.1 200) 9 headers in 358 bytes (1 switches on core 0)
Oct 18 09:15:34.484733 podb-esxi207 devstack@n-api.service[3558702]: [pid: 3558702|app: 0|req: 22/91] 172.25.66.207 () {58 vars in 1240 bytes} [Sat Oct 18 09:15:34 2025] GET /compute/v2.1/servers/4aa86841-170c-465c-8fd4-83595be999ed => generated 1376 bytes in 159 msecs (HTTP/1.1 200) 9 headers in 358 bytes (1 switches on core 0)
Oct 18 09:15:34.901984 podb-esxi207 devstack@n-api.service[3558699]: [pid: 3558699|app: 0|req: 25/92] 172.25.66.207 () {60 vars in 1281 bytes} [Sat Oct 18 09:15:34 2025] GET /compute/v2.1/servers/528db030-5483-46dc-b524-388f4775e003 => generated 1334 bytes in 93 msecs (HTTP/1.1 200) 9 headers in 360 bytes (1 switches on core 0)
Oct 18 09:15:35.199908 podb-esxi207 devstack@n-api.service[3558700]: [pid: 3558700|app: 0|req: 23/93] 172.25.66.207 () {60 vars in 1281 bytes} [Sat Oct 18 09:15:35 2025] GET /compute/v2.1/servers/2b7ac05d-4ccc-4027-bd9a-659d70ac3dfc => generated 1455 bytes in 150 msecs (HTTP/1.1 200) 9 headers in 360 bytes (1 switches on core 0)
Oct 18 09:15:35.540235 podb-esxi207 devstack@n-api.service[3558701]: [pid: 3558701|app: 0|req: 24/94] 172.25.66.207 () {58 vars in 1240 bytes} [Sat Oct 18 09:15:35 2025] GET /compute/v2.1/servers/0ba1f63a-e6f1-4db9-bc4a-a6387d5736e3 => generated 1310 bytes in 92 msecs (HTTP/1.1 200) 9 headers in 358 bytes (1 switches on core 0)
Oct 18 09:15:35.576592 podb-esxi207 devstack@n-api.service[3558702]: [pid: 3558702|app: 0|req: 23/95] 172.25.66.207 () {64 vars in 1321 bytes} [Sat Oct 18 09:15:35 2025] POST /compute/v2.1/os-server-external-events => generated 183 bytes in 87 msecs (HTTP/1.1 200) 9 headers in 357 bytes (1 switches on core 0)
Oct 18 09:15:35.658454 podb-esxi207 devstack@n-api.service[3558699]: [pid: 3558699|app: 0|req: 26/96] 172.25.66.207 () {58 vars in 1240 bytes} [Sat Oct 18 09:15:35 2025] GET /compute/v2.1/servers/4aa86841-170c-465c-8fd4-83595be999ed => generated 1376 bytes in 148 msecs (HTTP/1.1 200) 9 headers in 358 bytes (1 switches on core 0)
Oct 18 09:15:36.025368 podb-esxi207 devstack@n-api.service[3558700]: [pid: 3558700|app: 0|req: 24/97] 172.25.66.207 () {60 vars in 1281 bytes} [Sat Oct 18 09:15:35 2025] GET /compute/v2.1/servers/528db030-5483-46dc-b524-388f4775e003 => generated 1334 bytes in 94 msecs (HTTP/1.1 200) 9 headers in 360 bytes (1 switches on core 0)
Oct 18 09:15:36.474062 podb-esxi207 devstack@n-api.service[3558701]: [pid: 3558701|app: 0|req: 25/98] 172.25.66.207 () {60 vars in 1281 bytes} [Sat Oct 18 09:15:36 2025] GET /compute/v2.1/servers/2b7ac05d-4ccc-4027-bd9a-659d70ac3dfc => generated 1455 bytes in 244 msecs (HTTP/1.1 200) 9 headers in 360 bytes (1 switches on core 0)
Oct 18 09:15:36.708159 podb-esxi207 devstack@n-api.service[3558699]: [pid: 3558699|app: 0|req: 27/99] 172.25.66.207 () {64 vars in 1321 bytes} [Sat Oct 18 09:15:36 2025] POST /compute/v2.1/os-server-external-events => generated 179 bytes in 71 msecs (HTTP/1.1 200) 9 headers in 357 bytes (1 switches on core 0)
Oct 18 09:15:36.776628 podb-esxi207 devstack@n-api.service[3558702]: [pid: 3558702|app: 0|req: 24/100] 172.25.66.207 () {58 vars in 1240 bytes} [Sat Oct 18 09:15:36 2025] GET /compute/v2.1/servers/0ba1f63a-e6f1-4db9-bc4a-a6387d5736e3 => generated 1377 bytes in 210 msecs (HTTP/1.1 200) 9 headers in 358 bytes (1 switches on core 0)
Oct 18 09:15:36.920071 podb-esxi207 devstack@n-api.service[3558700]: [pid: 3558700|app: 0|req: 25/101] 172.25.66.207 () {58 vars in 1240 bytes} [Sat Oct 18 09:15:36 2025] GET /compute/v2.1/servers/4aa86841-170c-465c-8fd4-83595be999ed => generated 1376 bytes in 236 msecs (HTTP/1.1 200) 9 headers in 358 bytes (1 switches on core 0)
Oct 18 09:15:37.156799 podb-esxi207 devstack@n-api.service[3558701]: [pid: 3558701|app: 0|req: 26/102] 172.25.66.207 () {60 vars in 1281 bytes} [Sat Oct 18 09:15:37 2025] GET /compute/v2.1/servers/528db030-5483-46dc-b524-388f4775e003 => generated 1334 bytes in 103 msecs (HTTP/1.1 200) 9 headers in 360 bytes (1 switches on core 0)
Oct 18 09:15:37.628770 podb-esxi207 devstack@n-api.service[3558702]: [pid: 3558702|app: 0|req: 25/103] 172.25.66.207 () {64 vars in 1321 bytes} [Sat Oct 18 09:15:37 2025] POST /compute/v2.1/os-server-external-events => generated 183 bytes in 40 msecs (HTTP/1.1 200) 9 headers in 357 bytes (1 switches on core 0)
Oct 18 09:15:37.661181 podb-esxi207 devstack@n-api.service[3558699]: [pid: 3558699|app: 0|req: 28/104] 172.25.66.207 () {60 vars in 1281 bytes} [Sat Oct 18 09:15:37 2025] GET /compute/v2.1/servers/2b7ac05d-4ccc-4027-bd9a-659d70ac3dfc => generated 1455 bytes in 156 msecs (HTTP/1.1 200) 9 headers in 360 bytes (1 switches on core 0)
Oct 18 09:15:37.990100 podb-esxi207 devstack@n-api.service[3558700]: [pid: 3558700|app: 0|req: 26/105] 172.25.66.207 () {58 vars in 1240 bytes} [Sat Oct 18 09:15:37 2025] GET /compute/v2.1/servers/0ba1f63a-e6f1-4db9-bc4a-a6387d5736e3 => generated 1375 bytes in 188 msecs (HTTP/1.1 200) 9 headers in 358 bytes (1 switches on core 0)
Oct 18 09:15:38.141487 podb-esxi207 devstack@n-api.service[3558701]: [pid: 3558701|app: 0|req: 27/106] 172.25.66.207 () {58 vars in 1240 bytes} [Sat Oct 18 09:15:37 2025] GET /compute/v2.1/servers/4aa86841-170c-465c-8fd4-83595be999ed => generated 1376 bytes in 197 msecs (HTTP/1.1 200) 9 headers in 358 bytes (1 switches on core 0)
Oct 18 09:15:38.288520 podb-esxi207 devstack@n-api.service[3558702]: [pid: 3558702|app: 0|req: 26/107] 172.25.66.207 () {60 vars in 1281 bytes} [Sat Oct 18 09:15:38 2025] GET /compute/v2.1/servers/528db030-5483-46dc-b524-388f4775e003 => generated 1390 bytes in 102 msecs (HTTP/1.1 200) 9 headers in 360 bytes (1 switches on core 0)
Oct 18 09:15:38.905748 podb-esxi207 devstack@n-api.service[3558699]: [pid: 3558699|app: 0|req: 29/108] 172.25.66.207 () {60 vars in 1281 bytes} [Sat Oct 18 09:15:38 2025] GET /compute/v2.1/servers/2b7ac05d-4ccc-4027-bd9a-659d70ac3dfc => generated 1455 bytes in 223 msecs (HTTP/1.1 200) 9 headers in 360 bytes (1 switches on core 0)
Oct 18 09:15:38.919957 podb-esxi207 devstack@n-api.service[3558700]: [pid: 3558700|app: 0|req: 27/109] 172.25.66.207 () {64 vars in 1321 bytes} [Sat Oct 18 09:15:38 2025] POST /compute/v2.1/os-server-external-events => generated 179 bytes in 73 msecs (HTTP/1.1 200) 9 headers in 357 bytes (1 switches on core 0)
Oct 18 09:15:39.190636 podb-esxi207 devstack@n-api.service[3558701]: [pid: 3558701|app: 0|req: 28/110] 172.25.66.207 () {58 vars in 1240 bytes} [Sat Oct 18 09:15:39 2025] GET /compute/v2.1/servers/0ba1f63a-e6f1-4db9-bc4a-a6387d5736e3 => generated 1375 bytes in 174 msecs (HTTP/1.1 200) 9 headers in 358 bytes (1 switches on core 0)
Oct 18 09:15:39.410563 podb-esxi207 devstack@n-api.service[3558699]: [pid: 3558699|app: 0|req: 30/111] 172.25.66.207 () {60 vars in 1281 bytes} [Sat Oct 18 09:15:39 2025] GET /compute/v2.1/servers/528db030-5483-46dc-b524-388f4775e003 => generated 1390 bytes in 94 msecs (HTTP/1.1 200) 9 headers in 360 bytes (1 switches on core 0)
Oct 18 09:15:39.548330 podb-esxi207 devstack@n-api.service[3558702]: [pid: 3558702|app: 0|req: 27/112] 172.25.66.207 () {58 vars in 1240 bytes} [Sat Oct 18 09:15:39 2025] GET /compute/v2.1/servers/4aa86841-170c-465c-8fd4-83595be999ed => generated 1376 bytes in 382 msecs (HTTP/1.1 200) 9 headers in 358 bytes (1 switches on core 0)
Oct 18 09:15:40.096492 podb-esxi207 devstack@n-api.service[3558700]: [pid: 3558700|app: 0|req: 28/113] 172.25.66.207 () {60 vars in 1281 bytes} [Sat Oct 18 09:15:39 2025] GET /compute/v2.1/servers/2b7ac05d-4ccc-4027-bd9a-659d70ac3dfc => generated 1455 bytes in 161 msecs (HTTP/1.1 200) 9 headers in 360 bytes (1 switches on core 0)
Oct 18 09:15:40.403715 podb-esxi207 devstack@n-api.service[3558701]: [pid: 3558701|app: 0|req: 29/114] 172.25.66.207 () {58 vars in 1240 bytes} [Sat Oct 18 09:15:40 2025] GET /compute/v2.1/servers/0ba1f63a-e6f1-4db9-bc4a-a6387d5736e3 => generated 1375 bytes in 187 msecs (HTTP/1.1 200) 9 headers in 358 bytes (1 switches on core 0)
Oct 18 09:15:40.525324 podb-esxi207 devstack@n-api.service[3558699]: [pid: 3558699|app: 0|req: 31/115] 172.25.66.207 () {60 vars in 1281 bytes} [Sat Oct 18 09:15:40 2025] GET /compute/v2.1/servers/528db030-5483-46dc-b524-388f4775e003 => generated 1398 bytes in 85 msecs (HTTP/1.1 200) 9 headers in 360 bytes (1 switches on core 0)
Oct 18 09:15:40.741918 podb-esxi207 devstack@n-api.service[3558702]: [pid: 3558702|app: 0|req: 28/116] 172.25.66.207 () {58 vars in 1240 bytes} [Sat Oct 18 09:15:40 2025] GET /compute/v2.1/servers/4aa86841-170c-465c-8fd4-83595be999ed => generated 1561 bytes in 169 msecs (HTTP/1.1 200) 9 headers in 358 bytes (2 switches on core 0)
Oct 18 09:15:40.895676 podb-esxi207 devstack@n-api.service[3558700]: [pid: 3558700|app: 0|req: 29/117] 172.25.66.207 () {58 vars in 1279 bytes} [Sat Oct 18 09:15:40 2025] GET /compute/v2.1/servers/4aa86841-170c-465c-8fd4-83595be999ed/os-interface => generated 283 bytes in 129 msecs (HTTP/1.1 200) 9 headers in 357 bytes (1 switches on core 0)
Oct 18 09:15:41.295217 podb-esxi207 devstack@n-api.service[3558701]: [pid: 3558701|app: 0|req: 30/118] 172.25.66.207 () {60 vars in 1281 bytes} [Sat Oct 18 09:15:41 2025] GET /compute/v2.1/servers/2b7ac05d-4ccc-4027-bd9a-659d70ac3dfc => generated 1635 bytes in 170 msecs (HTTP/1.1 200) 9 headers in 360 bytes (1 switches on core 0)
Oct 18 09:15:41.341843 podb-esxi207 devstack@n-api.service[3558699]: [pid: 3558699|app: 0|req: 32/119] 172.25.66.207 () {64 vars in 1321 bytes} [Sat Oct 18 09:15:41 2025] POST /compute/v2.1/os-server-external-events => generated 183 bytes in 40 msecs (HTTP/1.1 200) 9 headers in 357 bytes (1 switches on core 0)
Oct 18 09:15:41.506711 podb-esxi207 devstack@n-api.service[3558702]: [pid: 3558702|app: 0|req: 29/120] 172.25.66.207 () {60 vars in 1320 bytes} [Sat Oct 18 09:15:41 2025] GET /compute/v2.1/servers/2b7ac05d-4ccc-4027-bd9a-659d70ac3dfc/os-interface => generated 282 bytes in 191 msecs (HTTP/1.1 200) 9 headers in 359 bytes (1 switches on core 0)
Oct 18 09:15:41.692987 podb-esxi207 devstack@n-api.service[3558700]: [pid: 3558700|app: 0|req: 30/121] 172.25.66.207 () {58 vars in 1240 bytes} [Sat Oct 18 09:15:41 2025] GET /compute/v2.1/servers/0ba1f63a-e6f1-4db9-bc4a-a6387d5736e3 => generated 1375 bytes in 263 msecs (HTTP/1.1 200) 9 headers in 358 bytes (1 switches on core 0)
Oct 18 09:15:41.800346 podb-esxi207 devstack@n-api.service[3558701]: [pid: 3558701|app: 0|req: 31/122] 172.25.66.207 () {60 vars in 1281 bytes} [Sat Oct 18 09:15:41 2025] GET /compute/v2.1/servers/528db030-5483-46dc-b524-388f4775e003 => generated 1475 bytes in 246 msecs (HTTP/1.1 200) 9 headers in 360 bytes (1 switches on core 0)
Oct 18 09:15:41.828650 podb-esxi207 devstack@n-api.service[3558699]: [pid: 3558699|app: 0|req: 33/123] 172.25.66.207 () {64 vars in 1321 bytes} [Sat Oct 18 09:15:41 2025] POST /compute/v2.1/os-server-external-events => generated 179 bytes in 71 msecs (HTTP/1.1 200) 9 headers in 357 bytes (1 switches on core 0)
Oct 18 09:15:42.950261 podb-esxi207 devstack@n-api.service[3558702]: [pid: 3558702|app: 0|req: 30/124] 172.25.66.207 () {58 vars in 1240 bytes} [Sat Oct 18 09:15:42 2025] GET /compute/v2.1/servers/0ba1f63a-e6f1-4db9-bc4a-a6387d5736e3 => generated 1375 bytes in 231 msecs (HTTP/1.1 200) 9 headers in 358 bytes (1 switches on core 0)
Oct 18 09:15:42.982127 podb-esxi207 devstack@n-api.service[3558700]: [pid: 3558700|app: 0|req: 31/125] 172.25.66.207 () {60 vars in 1281 bytes} [Sat Oct 18 09:15:42 2025] GET /compute/v2.1/servers/528db030-5483-46dc-b524-388f4775e003 => generated 1463 bytes in 161 msecs (HTTP/1.1 200) 9 headers in 360 bytes (1 switches on core 0)
Oct 18 09:15:43.883376 podb-esxi207 devstack@n-api.service[3558701]: [pid: 3558701|app: 0|req: 32/126] 172.25.66.207 () {64 vars in 1321 bytes} [Sat Oct 18 09:15:43 2025] POST /compute/v2.1/os-server-external-events => generated 346 bytes in 45 msecs (HTTP/1.1 200) 9 headers in 357 bytes (1 switches on core 0)
Oct 18 09:15:44.155412 podb-esxi207 devstack@n-api.service[3558699]: [pid: 3558699|app: 0|req: 34/127] 172.25.66.207 () {58 vars in 1240 bytes} [Sat Oct 18 09:15:43 2025] GET /compute/v2.1/servers/0ba1f63a-e6f1-4db9-bc4a-a6387d5736e3 => generated 1375 bytes in 181 msecs (HTTP/1.1 200) 9 headers in 358 bytes (1 switches on core 0)
Oct 18 09:15:44.179299 podb-esxi207 devstack@n-api.service[3558702]: [pid: 3558702|app: 0|req: 31/128] 172.25.66.207 () {60 vars in 1281 bytes} [Sat Oct 18 09:15:44 2025] GET /compute/v2.1/servers/528db030-5483-46dc-b524-388f4775e003 => generated 1463 bytes in 167 msecs (HTTP/1.1 200) 9 headers in 360 bytes (1 switches on core 0)
Oct 18 09:15:44.578722 podb-esxi207 devstack@n-api.service[3558700]: [pid: 3558700|app: 0|req: 32/129] 172.25.66.207 () {64 vars in 1321 bytes} [Sat Oct 18 09:15:44 2025] POST /compute/v2.1/os-server-external-events => generated 183 bytes in 87 msecs (HTTP/1.1 200) 9 headers in 357 bytes (1 switches on core 0)
Oct 18 09:15:45.371294 podb-esxi207 devstack@n-api.service[3558699]: [pid: 3558699|app: 0|req: 35/130] 172.25.66.207 () {60 vars in 1281 bytes} [Sat Oct 18 09:15:45 2025] GET /compute/v2.1/servers/528db030-5483-46dc-b524-388f4775e003 => generated 1463 bytes in 163 msecs (HTTP/1.1 200) 9 headers in 360 bytes (1 switches on core 0)
Oct 18 09:15:45.375501 podb-esxi207 devstack@n-api.service[3558701]: [pid: 3558701|app: 0|req: 33/131] 172.25.66.207 () {58 vars in 1240 bytes} [Sat Oct 18 09:15:45 2025] GET /compute/v2.1/servers/0ba1f63a-e6f1-4db9-bc4a-a6387d5736e3 => generated 1563 bytes in 193 msecs (HTTP/1.1 200) 9 headers in 358 bytes (1 switches on core 0)
Oct 18 09:15:45.539732 podb-esxi207 devstack@n-api.service[3558702]: [pid: 3558702|app: 0|req: 32/132] 172.25.66.207 () {58 vars in 1279 bytes} [Sat Oct 18 09:15:45 2025] GET /compute/v2.1/servers/0ba1f63a-e6f1-4db9-bc4a-a6387d5736e3/os-interface => generated 282 bytes in 139 msecs (HTTP/1.1 200) 9 headers in 357 bytes (1 switches on core 0)
Oct 18 09:15:46.304045 podb-esxi207 devstack@n-api.service[3558700]: [pid: 3558700|app: 0|req: 33/133] 172.25.66.207 () {64 vars in 1321 bytes} [Sat Oct 18 09:15:46 2025] POST /compute/v2.1/os-server-external-events => generated 179 bytes in 45 msecs (HTTP/1.1 200) 9 headers in 357 bytes (1 switches on core 0)
Oct 18 09:15:46.600147 podb-esxi207 devstack@n-api.service[3558699]: [pid: 3558699|app: 0|req: 36/134] 172.25.66.207 () {60 vars in 1281 bytes} [Sat Oct 18 09:15:46 2025] GET /compute/v2.1/servers/528db030-5483-46dc-b524-388f4775e003 => generated 1463 bytes in 200 msecs (HTTP/1.1 200) 9 headers in 360 bytes (1 switches on core 0)
Oct 18 09:15:47.422088 podb-esxi207 devstack@n-api.service[3558701]: [pid: 3558701|app: 0|req: 34/135] 172.25.66.207 () {64 vars in 1321 bytes} [Sat Oct 18 09:15:47 2025] POST /compute/v2.1/os-server-external-events => generated 183 bytes in 45 msecs (HTTP/1.1 200) 9 headers in 357 bytes (1 switches on core 0)
Oct 18 09:15:47.868654 podb-esxi207 devstack@n-api.service[3558702]: [pid: 3558702|app: 0|req: 33/136] 172.25.66.207 () {60 vars in 1281 bytes} [Sat Oct 18 09:15:47 2025] GET /compute/v2.1/servers/528db030-5483-46dc-b524-388f4775e003 => generated 1463 bytes in 239 msecs (HTTP/1.1 200) 9 headers in 360 bytes (1 switches on core 0)
Oct 18 09:15:49.040646 podb-esxi207 devstack@n-api.service[3558700]: [pid: 3558700|app: 0|req: 34/137] 172.25.66.207 () {60 vars in 1281 bytes} [Sat Oct 18 09:15:48 2025] GET /compute/v2.1/servers/528db030-5483-46dc-b524-388f4775e003 => generated 1463 bytes in 143 msecs (HTTP/1.1 200) 9 headers in 360 bytes (1 switches on core 0)
Oct 18 09:15:50.205501 podb-esxi207 devstack@n-api.service[3558699]: [pid: 3558699|app: 0|req: 37/138] 172.25.66.207 () {60 vars in 1281 bytes} [Sat Oct 18 09:15:50 2025] GET /compute/v2.1/servers/528db030-5483-46dc-b524-388f4775e003 => generated 1647 bytes in 136 msecs (HTTP/1.1 200) 9 headers in 360 bytes (1 switches on core 0)
Oct 18 09:15:50.383038 podb-esxi207 devstack@n-api.service[3558701]: [pid: 3558701|app: 0|req: 35/139] 172.25.66.207 () {60 vars in 1281 bytes} [Sat Oct 18 09:15:50 2025] GET /compute/v2.1/servers/bb930489-216c-4d25-b84a-18d0fea31c92 => generated 1647 bytes in 150 msecs (HTTP/1.1 200) 9 headers in 360 bytes (1 switches on core 0)
Oct 18 09:15:50.495964 podb-esxi207 devstack@n-api.service[3558702]: [pid: 3558702|app: 0|req: 34/140] 172.25.66.207 () {60 vars in 1320 bytes} [Sat Oct 18 09:15:50 2025] GET /compute/v2.1/servers/528db030-5483-46dc-b524-388f4775e003/os-interface => generated 282 bytes in 86 msecs (HTTP/1.1 200) 9 headers in 359 bytes (1 switches on core 0)
Oct 18 09:15:51.465553 podb-esxi207 devstack@n-api.service[3558700]: [pid: 3558700|app: 0|req: 35/141] 172.25.66.207 () {64 vars in 1321 bytes} [Sat Oct 18 09:15:51 2025] POST /compute/v2.1/os-server-external-events => generated 179 bytes in 71 msecs (HTTP/1.1 200) 9 headers in 357 bytes (1 switches on core 0)
Oct 18 09:16:04.719484 podb-esxi207 devstack@n-api.service[3558699]: [pid: 3558699|app: 0|req: 38/142] 172.25.66.207 () {60 vars in 1281 bytes} [Sat Oct 18 09:16:04 2025] GET /compute/v2.1/servers/2b7ac05d-4ccc-4027-bd9a-659d70ac3dfc => generated 1754 bytes in 177 msecs (HTTP/1.1 200) 9 headers in 360 bytes (1 switches on core 0)
Oct 18 09:16:07.307544 podb-esxi207 devstack@n-api.service[3558702]: [pid: 3558702|app: 0|req: 35/143] 172.25.66.207 () {64 vars in 1321 bytes} [Sat Oct 18 09:16:07 2025] POST /compute/v2.1/os-server-external-events => generated 179 bytes in 43 msecs (HTTP/1.1 200) 9 headers in 357 bytes (1 switches on core 0)
