Oct 18 09:17:37.796097 podb-esxi207 dnsmasq-dhcp[3588863]: read /opt/stack/data/neutron/dhcp/3eac1d07-4a85-4434-981a-2f2eebb29ed6/host
Oct 18 09:17:37.796191 podb-esxi207 dnsmasq-dhcp[3588863]: read /opt/stack/data/neutron/dhcp/3eac1d07-4a85-4434-981a-2f2eebb29ed6/opts
Oct 18 09:17:38.040004 podb-esxi207 dnsmasq[3585937]: exiting on receipt of SIGTERM
Oct 18 09:17:39.154331 podb-esxi207 dnsmasq-dhcp[3583513]: DHCPRELEASE(tap47aec1a4-ff) 10.1.0.4 fa:16:3e:75:ae:18
Oct 18 09:17:39.170563 podb-esxi207 dnsmasq-dhcp[3583513]: DHCPRELEASE(tap47aec1a4-ff) 10.1.0.4 fa:16:3e:75:ae:18 unknown lease
Oct 18 09:17:39.995908 podb-esxi207 dnsmasq[3583513]: read /opt/stack/data/neutron/dhcp/cc4e4d1a-595f-49d2-b7c1-e47720a45eb0/addn_hosts - 2 names
Oct 18 09:17:39.996028 podb-esxi207 dnsmasq-dhcp[3583513]: read /opt/stack/data/neutron/dhcp/cc4e4d1a-595f-49d2-b7c1-e47720a45eb0/host
Oct 18 09:17:39.996140 podb-esxi207 dnsmasq-dhcp[3583513]: read /opt/stack/data/neutron/dhcp/cc4e4d1a-595f-49d2-b7c1-e47720a45eb0/opts
Oct 18 09:17:40.233876 podb-esxi207 dnsmasq-dhcp[3584179]: DHCPRELEASE(tap10eb4575-36) 10.1.0.1 fa:16:3e:31:72:99
Oct 18 09:17:41.059988 podb-esxi207 dnsmasq[3584179]: read /opt/stack/data/neutron/dhcp/781c269d-2f32-4bf9-9123-e5f8ab8ecc91/addn_hosts - 0 names
Oct 18 09:17:41.060069 podb-esxi207 dnsmasq-dhcp[3584179]: read /opt/stack/data/neutron/dhcp/781c269d-2f32-4bf9-9123-e5f8ab8ecc91/host
Oct 18 09:17:41.060124 podb-esxi207 dnsmasq-dhcp[3584179]: read /opt/stack/data/neutron/dhcp/781c269d-2f32-4bf9-9123-e5f8ab8ecc91/opts
Oct 18 09:17:42.285022 podb-esxi207 dnsmasq[3589488]: read /opt/stack/data/neutron/dhcp/066e20d7-fcf7-4195-b9c9-bfe6479b5b28/addn_hosts - 2 names
Oct 18 09:17:42.285137 podb-esxi207 dnsmasq-dhcp[3589488]: read /opt/stack/data/neutron/dhcp/066e20d7-fcf7-4195-b9c9-bfe6479b5b28/host
Oct 18 09:17:42.285252 podb-esxi207 dnsmasq-dhcp[3589488]: read /opt/stack/data/neutron/dhcp/066e20d7-fcf7-4195-b9c9-bfe6479b5b28/opts
Oct 18 09:17:42.545180 podb-esxi207 dnsmasq-dhcp[3585140]: DHCPRELEASE(tap27a30b24-58) 10.1.0.1 fa:16:3e:77:0b:ce
Oct 18 09:17:43.366532 podb-esxi207 dnsmasq[3585140]: read /opt/stack/data/neutron/dhcp/fbbb1769-e5ea-473d-a072-0d0b16b29e5c/addn_hosts - 0 names
Oct 18 09:17:43.366605 podb-esxi207 dnsmasq-dhcp[3585140]: read /opt/stack/data/neutron/dhcp/fbbb1769-e5ea-473d-a072-0d0b16b29e5c/host
Oct 18 09:17:43.366689 podb-esxi207 dnsmasq-dhcp[3585140]: read /opt/stack/data/neutron/dhcp/fbbb1769-e5ea-473d-a072-0d0b16b29e5c/opts
Oct 18 09:17:44.112128 podb-esxi207 dnsmasq[3589089]: read /opt/stack/data/neutron/dhcp/ec88d01b-6017-47ad-a842-973ce9dcba28/addn_hosts - 2 names
Oct 18 09:17:44.112218 podb-esxi207 dnsmasq-dhcp[3589089]: read /opt/stack/data/neutron/dhcp/ec88d01b-6017-47ad-a842-973ce9dcba28/host
Oct 18 09:17:44.112337 podb-esxi207 dnsmasq-dhcp[3589089]: read /opt/stack/data/neutron/dhcp/ec88d01b-6017-47ad-a842-973ce9dcba28/opts
Oct 18 09:17:44.861033 podb-esxi207 dnsmasq[3588863]: read /opt/stack/data/neutron/dhcp/3eac1d07-4a85-4434-981a-2f2eebb29ed6/addn_hosts - 2 names
Oct 18 09:17:44.861128 podb-esxi207 dnsmasq-dhcp[3588863]: read /opt/stack/data/neutron/dhcp/3eac1d07-4a85-4434-981a-2f2eebb29ed6/host
Oct 18 09:17:44.861221 podb-esxi207 dnsmasq-dhcp[3588863]: read /opt/stack/data/neutron/dhcp/3eac1d07-4a85-4434-981a-2f2eebb29ed6/opts
Oct 18 09:17:48.306217 podb-esxi207 dnsmasq[3590172]: started, version 2.90 cachesize 150
Oct 18 09:17:48.306246 podb-esxi207 dnsmasq[3590172]: DNS service limited to local subnets
Oct 18 09:17:48.306261 podb-esxi207 dnsmasq[3590172]: compile time options: IPv6 GNU-getopt DBus no-UBus i18n IDN2 DHCP DHCPv6 no-Lua TFTP conntrack ipset no-nftset auth cryptohash DNSSEC loop-detect inotify dumpfile
Oct 18 09:17:48.306296 podb-esxi207 dnsmasq-dhcp[3590172]: DHCP, static leases only on 10.1.0.0, lease time 1d
Oct 18 09:17:48.306450 podb-esxi207 dnsmasq[3590172]: reading /etc/resolv.conf
Oct 18 09:17:48.306466 podb-esxi207 dnsmasq[3590172]: using nameserver 127.0.0.53#53
Oct 18 09:17:48.306587 podb-esxi207 dnsmasq[3590172]: read /opt/stack/data/neutron/dhcp/e31c175e-3686-4dcc-a7c6-dd60a11ebb4c/addn_hosts - 2 names
Oct 18 09:17:48.306643 podb-esxi207 dnsmasq-dhcp[3590172]: read /opt/stack/data/neutron/dhcp/e31c175e-3686-4dcc-a7c6-dd60a11ebb4c/host
Oct 18 09:17:48.306722 podb-esxi207 dnsmasq-dhcp[3590172]: read /opt/stack/data/neutron/dhcp/e31c175e-3686-4dcc-a7c6-dd60a11ebb4c/opts
Oct 18 09:17:48.335962 podb-esxi207 dnsmasq[3584179]: exiting on receipt of SIGTERM
Oct 18 09:17:48.951873 podb-esxi207 dnsmasq-dhcp[3583513]: DHCPRELEASE(tap47aec1a4-ff) 10.1.0.1 fa:16:3e:7c:f5:5d
Oct 18 09:17:49.799930 podb-esxi207 dnsmasq[3583513]: read /opt/stack/data/neutron/dhcp/cc4e4d1a-595f-49d2-b7c1-e47720a45eb0/addn_hosts - 0 names
Oct 18 09:17:49.800003 podb-esxi207 dnsmasq-dhcp[3583513]: read /opt/stack/data/neutron/dhcp/cc4e4d1a-595f-49d2-b7c1-e47720a45eb0/host
Oct 18 09:17:49.800099 podb-esxi207 dnsmasq-dhcp[3583513]: read /opt/stack/data/neutron/dhcp/cc4e4d1a-595f-49d2-b7c1-e47720a45eb0/opts
Oct 18 09:17:50.542304 podb-esxi207 dnsmasq[3589488]: read /opt/stack/data/neutron/dhcp/066e20d7-fcf7-4195-b9c9-bfe6479b5b28/addn_hosts - 2 names
Oct 18 09:17:50.542399 podb-esxi207 dnsmasq-dhcp[3589488]: read /opt/stack/data/neutron/dhcp/066e20d7-fcf7-4195-b9c9-bfe6479b5b28/host
Oct 18 09:17:50.542473 podb-esxi207 dnsmasq-dhcp[3589488]: read /opt/stack/data/neutron/dhcp/066e20d7-fcf7-4195-b9c9-bfe6479b5b28/opts
Oct 18 09:17:50.787012 podb-esxi207 dnsmasq-dhcp[3585257]: DHCPRELEASE(tapd49220b2-45) 10.1.0.1 fa:16:3e:e7:81:90
Oct 18 09:17:51.612879 podb-esxi207 dnsmasq[3585257]: read /opt/stack/data/neutron/dhcp/84a39a56-ff05-43fd-a4ca-a4986b635993/addn_hosts - 0 names
Oct 18 09:17:51.612982 podb-esxi207 dnsmasq-dhcp[3585257]: read /opt/stack/data/neutron/dhcp/84a39a56-ff05-43fd-a4ca-a4986b635993/host
Oct 18 09:17:51.613058 podb-esxi207 dnsmasq-dhcp[3585257]: read /opt/stack/data/neutron/dhcp/84a39a56-ff05-43fd-a4ca-a4986b635993/opts
Oct 18 09:17:51.852362 podb-esxi207 dnsmasq[3585140]: exiting on receipt of SIGTERM
Oct 18 09:17:54.966399 podb-esxi207 dnsmasq[3590605]: started, version 2.90 cachesize 150
Oct 18 09:17:54.966426 podb-esxi207 dnsmasq[3590605]: DNS service limited to local subnets
Oct 18 09:17:54.966441 podb-esxi207 dnsmasq[3590605]: compile time options: IPv6 GNU-getopt DBus no-UBus i18n IDN2 DHCP DHCPv6 no-Lua TFTP conntrack ipset no-nftset auth cryptohash DNSSEC loop-detect inotify dumpfile
Oct 18 09:17:54.966480 podb-esxi207 dnsmasq-dhcp[3590605]: DHCP, static leases only on 10.1.0.0, lease time 1d
Oct 18 09:17:54.967105 podb-esxi207 dnsmasq[3590605]: reading /etc/resolv.conf
Oct 18 09:17:54.967121 podb-esxi207 dnsmasq[3590605]: using nameserver 127.0.0.53#53
Oct 18 09:17:54.967236 podb-esxi207 dnsmasq[3590605]: read /opt/stack/data/neutron/dhcp/6eb93f15-408a-40c8-ac71-deffeb2a9b1b/addn_hosts - 2 names
Oct 18 09:17:54.967293 podb-esxi207 dnsmasq-dhcp[3590605]: read /opt/stack/data/neutron/dhcp/6eb93f15-408a-40c8-ac71-deffeb2a9b1b/host
Oct 18 09:17:54.967359 podb-esxi207 dnsmasq-dhcp[3590605]: read /opt/stack/data/neutron/dhcp/6eb93f15-408a-40c8-ac71-deffeb2a9b1b/opts
Oct 18 09:17:55.500554 podb-esxi207 dnsmasq[3589089]: read /opt/stack/data/neutron/dhcp/ec88d01b-6017-47ad-a842-973ce9dcba28/addn_hosts - 2 names
Oct 18 09:17:55.500631 podb-esxi207 dnsmasq-dhcp[3589089]: read /opt/stack/data/neutron/dhcp/ec88d01b-6017-47ad-a842-973ce9dcba28/host
Oct 18 09:17:55.500699 podb-esxi207 dnsmasq-dhcp[3589089]: read /opt/stack/data/neutron/dhcp/ec88d01b-6017-47ad-a842-973ce9dcba28/opts
Oct 18 09:17:56.239724 podb-esxi207 dnsmasq[3588863]: read /opt/stack/data/neutron/dhcp/3eac1d07-4a85-4434-981a-2f2eebb29ed6/addn_hosts - 4 names
Oct 18 09:17:56.239824 podb-esxi207 dnsmasq-dhcp[3588863]: read /opt/stack/data/neutron/dhcp/3eac1d07-4a85-4434-981a-2f2eebb29ed6/host
Oct 18 09:17:56.239912 podb-esxi207 dnsmasq-dhcp[3588863]: read /opt/stack/data/neutron/dhcp/3eac1d07-4a85-4434-981a-2f2eebb29ed6/opts
Oct 18 09:17:56.475310 podb-esxi207 dnsmasq-dhcp[3586054]: DHCPRELEASE(tapfb6c11d7-e6) 10.1.0.1 fa:16:3e:08:8a:bb
Oct 18 09:17:57.299561 podb-esxi207 dnsmasq[3586054]: read /opt/stack/data/neutron/dhcp/fa3c1446-2559-4e64-98d4-ec22495fff60/addn_hosts - 0 names
Oct 18 09:17:57.299646 podb-esxi207 dnsmasq-dhcp[3586054]: read /opt/stack/data/neutron/dhcp/fa3c1446-2559-4e64-98d4-ec22495fff60/host
Oct 18 09:17:57.299727 podb-esxi207 dnsmasq-dhcp[3586054]: read /opt/stack/data/neutron/dhcp/fa3c1446-2559-4e64-98d4-ec22495fff60/opts
Oct 18 09:17:59.068190 podb-esxi207 dnsmasq[3590172]: read /opt/stack/data/neutron/dhcp/e31c175e-3686-4dcc-a7c6-dd60a11ebb4c/addn_hosts - 2 names
Oct 18 09:17:59.068306 podb-esxi207 dnsmasq-dhcp[3590172]: read /opt/stack/data/neutron/dhcp/e31c175e-3686-4dcc-a7c6-dd60a11ebb4c/host
Oct 18 09:17:59.068423 podb-esxi207 dnsmasq-dhcp[3590172]: read /opt/stack/data/neutron/dhcp/e31c175e-3686-4dcc-a7c6-dd60a11ebb4c/opts
Oct 18 09:17:59.318941 podb-esxi207 dnsmasq[3583513]: exiting on receipt of SIGTERM
Oct 18 09:18:00.954956 podb-esxi207 dnsmasq[3589488]: read /opt/stack/data/neutron/dhcp/066e20d7-fcf7-4195-b9c9-bfe6479b5b28/addn_hosts - 2 names
Oct 18 09:18:00.955035 podb-esxi207 dnsmasq-dhcp[3589488]: read /opt/stack/data/neutron/dhcp/066e20d7-fcf7-4195-b9c9-bfe6479b5b28/host
Oct 18 09:18:00.955110 podb-esxi207 dnsmasq-dhcp[3589488]: read /opt/stack/data/neutron/dhcp/066e20d7-fcf7-4195-b9c9-bfe6479b5b28/opts
Oct 18 09:18:01.199417 podb-esxi207 dnsmasq[3585257]: exiting on receipt of SIGTERM
Oct 18 09:18:03.333291 podb-esxi207 dnsmasq[3590605]: read /opt/stack/data/neutron/dhcp/6eb93f15-408a-40c8-ac71-deffeb2a9b1b/addn_hosts - 2 names
Oct 18 09:18:03.333387 podb-esxi207 dnsmasq-dhcp[3590605]: read /opt/stack/data/neutron/dhcp/6eb93f15-408a-40c8-ac71-deffeb2a9b1b/host
Oct 18 09:18:03.333490 podb-esxi207 dnsmasq-dhcp[3590605]: read /opt/stack/data/neutron/dhcp/6eb93f15-408a-40c8-ac71-deffeb2a9b1b/opts
Oct 18 09:18:04.080263 podb-esxi207 dnsmasq[3586054]: exiting on receipt of SIGTERM
Oct 18 09:18:05.695211 podb-esxi207 dnsmasq[3590172]: read /opt/stack/data/neutron/dhcp/e31c175e-3686-4dcc-a7c6-dd60a11ebb4c/addn_hosts - 2 names
Oct 18 09:18:05.695290 podb-esxi207 dnsmasq-dhcp[3590172]: read /opt/stack/data/neutron/dhcp/e31c175e-3686-4dcc-a7c6-dd60a11ebb4c/host
Oct 18 09:18:05.695366 podb-esxi207 dnsmasq-dhcp[3590172]: read /opt/stack/data/neutron/dhcp/e31c175e-3686-4dcc-a7c6-dd60a11ebb4c/opts
Oct 18 09:18:06.461837 podb-esxi207 dnsmasq[3588863]: read /opt/stack/data/neutron/dhcp/3eac1d07-4a85-4434-981a-2f2eebb29ed6/addn_hosts - 2 names
Oct 18 09:18:06.461925 podb-esxi207 dnsmasq-dhcp[3588863]: read /opt/stack/data/neutron/dhcp/3eac1d07-4a85-4434-981a-2f2eebb29ed6/host
Oct 18 09:18:06.462033 podb-esxi207 dnsmasq-dhcp[3588863]: read /opt/stack/data/neutron/dhcp/3eac1d07-4a85-4434-981a-2f2eebb29ed6/opts
Oct 18 09:18:07.726732 podb-esxi207 dnsmasq[3590605]: read /opt/stack/data/neutron/dhcp/6eb93f15-408a-40c8-ac71-deffeb2a9b1b/addn_hosts - 2 names
Oct 18 09:18:07.726835 podb-esxi207 dnsmasq-dhcp[3590605]: read /opt/stack/data/neutron/dhcp/6eb93f15-408a-40c8-ac71-deffeb2a9b1b/host
Oct 18 09:18:07.726910 podb-esxi207 dnsmasq-dhcp[3590605]: read /opt/stack/data/neutron/dhcp/6eb93f15-408a-40c8-ac71-deffeb2a9b1b/opts
Oct 18 09:18:09.529739 podb-esxi207 dnsmasq[3590172]: read /opt/stack/data/neutron/dhcp/e31c175e-3686-4dcc-a7c6-dd60a11ebb4c/addn_hosts - 2 names
Oct 18 09:18:09.529861 podb-esxi207 dnsmasq-dhcp[3590172]: read /opt/stack/data/neutron/dhcp/e31c175e-3686-4dcc-a7c6-dd60a11ebb4c/host
Oct 18 09:18:09.529980 podb-esxi207 dnsmasq-dhcp[3590172]: read /opt/stack/data/neutron/dhcp/e31c175e-3686-4dcc-a7c6-dd60a11ebb4c/opts
Oct 18 09:18:10.799298 podb-esxi207 dnsmasq[3590605]: read /opt/stack/data/neutron/dhcp/6eb93f15-408a-40c8-ac71-deffeb2a9b1b/addn_hosts - 2 names
Oct 18 09:18:10.799393 podb-esxi207 dnsmasq-dhcp[3590605]: read /opt/stack/data/neutron/dhcp/6eb93f15-408a-40c8-ac71-deffeb2a9b1b/host
Oct 18 09:18:10.799519 podb-esxi207 dnsmasq-dhcp[3590605]: read /opt/stack/data/neutron/dhcp/6eb93f15-408a-40c8-ac71-deffeb2a9b1b/opts
Oct 18 09:18:14.652661 podb-esxi207 dnsmasq[3591755]: started, version 2.90 cachesize 150
Oct 18 09:18:14.652692 podb-esxi207 dnsmasq[3591755]: DNS service limited to local subnets
Oct 18 09:18:14.652707 podb-esxi207 dnsmasq[3591755]: compile time options: IPv6 GNU-getopt DBus no-UBus i18n IDN2 DHCP DHCPv6 no-Lua TFTP conntrack ipset no-nftset auth cryptohash DNSSEC loop-detect inotify dumpfile
Oct 18 09:18:14.652744 podb-esxi207 dnsmasq-dhcp[3591755]: DHCP, static leases only on 10.1.0.0, lease time 1d
Oct 18 09:18:14.652908 podb-esxi207 dnsmasq[3591755]: reading /etc/resolv.conf
Oct 18 09:18:14.652925 podb-esxi207 dnsmasq[3591755]: using nameserver 127.0.0.53#53
Oct 18 09:18:14.653040 podb-esxi207 dnsmasq[3591755]: read /opt/stack/data/neutron/dhcp/ac97973f-889c-4d4b-8a19-471ea5288f2a/addn_hosts - 2 names
Oct 18 09:18:14.653096 podb-esxi207 dnsmasq-dhcp[3591755]: read /opt/stack/data/neutron/dhcp/ac97973f-889c-4d4b-8a19-471ea5288f2a/host
Oct 18 09:18:14.653162 podb-esxi207 dnsmasq-dhcp[3591755]: read /opt/stack/data/neutron/dhcp/ac97973f-889c-4d4b-8a19-471ea5288f2a/opts
Oct 18 09:18:14.684666 podb-esxi207 dnsmasq[3588863]: exiting on receipt of SIGTERM
Oct 18 09:18:15.310401 podb-esxi207 dnsmasq[3589089]: exiting on receipt of SIGTERM
Oct 18 09:18:15.946724 podb-esxi207 dnsmasq[3589488]: exiting on receipt of SIGTERM
Oct 18 09:18:19.790514 podb-esxi207 dnsmasq[3592022]: started, version 2.90 cachesize 150
Oct 18 09:18:19.790541 podb-esxi207 dnsmasq[3592022]: DNS service limited to local subnets
Oct 18 09:18:19.790557 podb-esxi207 dnsmasq[3592022]: compile time options: IPv6 GNU-getopt DBus no-UBus i18n IDN2 DHCP DHCPv6 no-Lua TFTP conntrack ipset no-nftset auth cryptohash DNSSEC loop-detect inotify dumpfile
Oct 18 09:18:19.790594 podb-esxi207 dnsmasq-dhcp[3592022]: DHCP, static leases only on 10.1.0.0, lease time 1d
Oct 18 09:18:19.790770 podb-esxi207 dnsmasq[3592022]: reading /etc/resolv.conf
Oct 18 09:18:19.790787 podb-esxi207 dnsmasq[3592022]: using nameserver 127.0.0.53#53
Oct 18 09:18:19.790910 podb-esxi207 dnsmasq[3592022]: read /opt/stack/data/neutron/dhcp/fd8bc32b-12e3-4790-9129-fbe5a64a5a3c/addn_hosts - 2 names
Oct 18 09:18:19.790971 podb-esxi207 dnsmasq-dhcp[3592022]: read /opt/stack/data/neutron/dhcp/fd8bc32b-12e3-4790-9129-fbe5a64a5a3c/host
Oct 18 09:18:19.791048 podb-esxi207 dnsmasq-dhcp[3592022]: read /opt/stack/data/neutron/dhcp/fd8bc32b-12e3-4790-9129-fbe5a64a5a3c/opts
Oct 18 09:18:20.832755 podb-esxi207 dnsmasq[3591755]: read /opt/stack/data/neutron/dhcp/ac97973f-889c-4d4b-8a19-471ea5288f2a/addn_hosts - 4 names
Oct 18 09:18:20.832870 podb-esxi207 dnsmasq-dhcp[3591755]: read /opt/stack/data/neutron/dhcp/ac97973f-889c-4d4b-8a19-471ea5288f2a/host
Oct 18 09:18:20.832987 podb-esxi207 dnsmasq-dhcp[3591755]: read /opt/stack/data/neutron/dhcp/ac97973f-889c-4d4b-8a19-471ea5288f2a/opts
Oct 18 09:18:21.078848 podb-esxi207 dnsmasq-dhcp[3582396]: DHCPRELEASE(tap3c43846e-2e) 10.1.0.8 fa:16:3e:bb:3b:5d
Oct 18 09:18:21.094638 podb-esxi207 dnsmasq-dhcp[3582396]: DHCPRELEASE(tap3c43846e-2e) 10.1.0.8 fa:16:3e:bb:3b:5d unknown lease
Oct 18 09:18:21.915349 podb-esxi207 dnsmasq[3582396]: read /opt/stack/data/neutron/dhcp/feee7f80-2f26-499d-908b-918590079b48/addn_hosts - 4 names
Oct 18 09:18:21.915443 podb-esxi207 dnsmasq-dhcp[3582396]: read /opt/stack/data/neutron/dhcp/feee7f80-2f26-499d-908b-918590079b48/host
Oct 18 09:18:21.915514 podb-esxi207 dnsmasq-dhcp[3582396]: read /opt/stack/data/neutron/dhcp/feee7f80-2f26-499d-908b-918590079b48/opts
Oct 18 09:18:23.672980 podb-esxi207 dnsmasq[3592022]: read /opt/stack/data/neutron/dhcp/fd8bc32b-12e3-4790-9129-fbe5a64a5a3c/addn_hosts - 4 names
Oct 18 09:18:23.673098 podb-esxi207 dnsmasq-dhcp[3592022]: read /opt/stack/data/neutron/dhcp/fd8bc32b-12e3-4790-9129-fbe5a64a5a3c/host
Oct 18 09:18:23.673170 podb-esxi207 dnsmasq-dhcp[3592022]: read /opt/stack/data/neutron/dhcp/fd8bc32b-12e3-4790-9129-fbe5a64a5a3c/opts
Oct 18 09:18:24.427293 podb-esxi207 dnsmasq[3591755]: read /opt/stack/data/neutron/dhcp/ac97973f-889c-4d4b-8a19-471ea5288f2a/addn_hosts - 4 names
Oct 18 09:18:24.427404 podb-esxi207 dnsmasq-dhcp[3591755]: read /opt/stack/data/neutron/dhcp/ac97973f-889c-4d4b-8a19-471ea5288f2a/host
Oct 18 09:18:24.427511 podb-esxi207 dnsmasq-dhcp[3591755]: read /opt/stack/data/neutron/dhcp/ac97973f-889c-4d4b-8a19-471ea5288f2a/opts
Oct 18 09:18:27.845301 podb-esxi207 dnsmasq[3592589]: started, version 2.90 cachesize 150
Oct 18 09:18:27.845329 podb-esxi207 dnsmasq[3592589]: DNS service limited to local subnets
Oct 18 09:18:27.845344 podb-esxi207 dnsmasq[3592589]: compile time options: IPv6 GNU-getopt DBus no-UBus i18n IDN2 DHCP DHCPv6 no-Lua TFTP conntrack ipset no-nftset auth cryptohash DNSSEC loop-detect inotify dumpfile
Oct 18 09:18:27.845385 podb-esxi207 dnsmasq-dhcp[3592589]: DHCP, static leases only on 10.1.1.0, lease time 1d
Oct 18 09:18:27.845540 podb-esxi207 dnsmasq[3592589]: reading /etc/resolv.conf
Oct 18 09:18:27.845557 podb-esxi207 dnsmasq[3592589]: using nameserver 127.0.0.53#53
Oct 18 09:18:27.845677 podb-esxi207 dnsmasq[3592589]: read /opt/stack/data/neutron/dhcp/77c81ee2-011c-4fac-8aac-02c6b0327161/addn_hosts - 4 names
Oct 18 09:18:27.845739 podb-esxi207 dnsmasq-dhcp[3592589]: read /opt/stack/data/neutron/dhcp/77c81ee2-011c-4fac-8aac-02c6b0327161/host
Oct 18 09:18:27.845794 podb-esxi207 dnsmasq-dhcp[3592589]: read /opt/stack/data/neutron/dhcp/77c81ee2-011c-4fac-8aac-02c6b0327161/opts
Oct 18 09:18:28.380792 podb-esxi207 dnsmasq[3591755]: read /opt/stack/data/neutron/dhcp/ac97973f-889c-4d4b-8a19-471ea5288f2a/addn_hosts - 4 names
Oct 18 09:18:28.380897 podb-esxi207 dnsmasq-dhcp[3591755]: read /opt/stack/data/neutron/dhcp/ac97973f-889c-4d4b-8a19-471ea5288f2a/host
Oct 18 09:18:28.381012 podb-esxi207 dnsmasq-dhcp[3591755]: read /opt/stack/data/neutron/dhcp/ac97973f-889c-4d4b-8a19-471ea5288f2a/opts
Oct 18 09:18:32.143065 podb-esxi207 dnsmasq[3592710]: started, version 2.90 cachesize 150
Oct 18 09:18:32.143090 podb-esxi207 dnsmasq[3592710]: DNS service limited to local subnets
Oct 18 09:18:32.143104 podb-esxi207 dnsmasq[3592710]: compile time options: IPv6 GNU-getopt DBus no-UBus i18n IDN2 DHCP DHCPv6 no-Lua TFTP conntrack ipset no-nftset auth cryptohash DNSSEC loop-detect inotify dumpfile
Oct 18 09:18:32.143137 podb-esxi207 dnsmasq-dhcp[3592710]: DHCP, static leases only on 10.2.2.0, lease time 1d
Oct 18 09:18:32.143288 podb-esxi207 dnsmasq[3592710]: reading /etc/resolv.conf
Oct 18 09:18:32.143305 podb-esxi207 dnsmasq[3592710]: using nameserver 127.0.0.53#53
Oct 18 09:18:32.143422 podb-esxi207 dnsmasq[3592710]: read /opt/stack/data/neutron/dhcp/662c9ddb-69b4-4c0f-a278-84bb0af86185/addn_hosts - 4 names
Oct 18 09:18:32.143481 podb-esxi207 dnsmasq-dhcp[3592710]: read /opt/stack/data/neutron/dhcp/662c9ddb-69b4-4c0f-a278-84bb0af86185/host
Oct 18 09:18:32.143531 podb-esxi207 dnsmasq-dhcp[3592710]: read /opt/stack/data/neutron/dhcp/662c9ddb-69b4-4c0f-a278-84bb0af86185/opts
Oct 18 09:18:33.181614 podb-esxi207 dnsmasq[3592589]: read /opt/stack/data/neutron/dhcp/77c81ee2-011c-4fac-8aac-02c6b0327161/addn_hosts - 8 names
Oct 18 09:18:33.181729 podb-esxi207 dnsmasq-dhcp[3592589]: read /opt/stack/data/neutron/dhcp/77c81ee2-011c-4fac-8aac-02c6b0327161/host
Oct 18 09:18:33.181808 podb-esxi207 dnsmasq-dhcp[3592589]: read /opt/stack/data/neutron/dhcp/77c81ee2-011c-4fac-8aac-02c6b0327161/opts
Oct 18 09:18:33.910765 podb-esxi207 dnsmasq[3592022]: read /opt/stack/data/neutron/dhcp/fd8bc32b-12e3-4790-9129-fbe5a64a5a3c/addn_hosts - 4 names
Oct 18 09:18:33.910871 podb-esxi207 dnsmasq-dhcp[3592022]: read /opt/stack/data/neutron/dhcp/fd8bc32b-12e3-4790-9129-fbe5a64a5a3c/host
Oct 18 09:18:33.910939 podb-esxi207 dnsmasq-dhcp[3592022]: read /opt/stack/data/neutron/dhcp/fd8bc32b-12e3-4790-9129-fbe5a64a5a3c/opts
Oct 18 09:18:34.646327 podb-esxi207 dnsmasq[3591755]: read /opt/stack/data/neutron/dhcp/ac97973f-889c-4d4b-8a19-471ea5288f2a/addn_hosts - 4 names
Oct 18 09:18:34.646440 podb-esxi207 dnsmasq-dhcp[3591755]: read /opt/stack/data/neutron/dhcp/ac97973f-889c-4d4b-8a19-471ea5288f2a/host
Oct 18 09:18:34.646544 podb-esxi207 dnsmasq-dhcp[3591755]: read /opt/stack/data/neutron/dhcp/ac97973f-889c-4d4b-8a19-471ea5288f2a/opts
Oct 18 09:18:36.382868 podb-esxi207 dnsmasq[3592710]: read /opt/stack/data/neutron/dhcp/662c9ddb-69b4-4c0f-a278-84bb0af86185/addn_hosts - 4 names
Oct 18 09:18:36.382952 podb-esxi207 dnsmasq-dhcp[3592710]: read /opt/stack/data/neutron/dhcp/662c9ddb-69b4-4c0f-a278-84bb0af86185/host
Oct 18 09:18:36.383005 podb-esxi207 dnsmasq-dhcp[3592710]: read /opt/stack/data/neutron/dhcp/662c9ddb-69b4-4c0f-a278-84bb0af86185/opts
Oct 18 09:18:36.599861 podb-esxi207 dnsmasq[3582396]: exiting on receipt of SIGTERM
Oct 18 09:18:37.205228 podb-esxi207 dnsmasq[3584966]: exiting on receipt of SIGTERM
Oct 18 09:18:38.333448 podb-esxi207 dnsmasq[3592589]: read /opt/stack/data/neutron/dhcp/77c81ee2-011c-4fac-8aac-02c6b0327161/addn_hosts - 8 names
Oct 18 09:18:38.333552 podb-esxi207 dnsmasq-dhcp[3592589]: read /opt/stack/data/neutron/dhcp/77c81ee2-011c-4fac-8aac-02c6b0327161/host
Oct 18 09:18:38.333598 podb-esxi207 dnsmasq-dhcp[3592589]: read /opt/stack/data/neutron/dhcp/77c81ee2-011c-4fac-8aac-02c6b0327161/opts
Oct 18 09:18:39.060025 podb-esxi207 dnsmasq[3590172]: read /opt/stack/data/neutron/dhcp/e31c175e-3686-4dcc-a7c6-dd60a11ebb4c/addn_hosts - 4 names
Oct 18 09:18:39.060149 podb-esxi207 dnsmasq-dhcp[3590172]: read /opt/stack/data/neutron/dhcp/e31c175e-3686-4dcc-a7c6-dd60a11ebb4c/host
Oct 18 09:18:39.060252 podb-esxi207 dnsmasq-dhcp[3590172]: read /opt/stack/data/neutron/dhcp/e31c175e-3686-4dcc-a7c6-dd60a11ebb4c/opts
Oct 18 09:18:39.275055 podb-esxi207 dnsmasq-dhcp[3585788]: DHCPRELEASE(tap12123560-03) 10.1.0.1 fa:16:3e:f0:c0:68
Oct 18 09:18:40.064163 podb-esxi207 dnsmasq-dhcp[3591755]: DHCPDISCOVER(tap8f1eff64-1d) fa:16:3e:8d:b4:56
Oct 18 09:18:40.064194 podb-esxi207 dnsmasq-dhcp[3591755]: DHCPOFFER(tap8f1eff64-1d) 10.1.0.4 fa:16:3e:8d:b4:56
Oct 18 09:18:40.074968 podb-esxi207 dnsmasq-dhcp[3591755]: DHCPREQUEST(tap8f1eff64-1d) 10.1.0.4 fa:16:3e:8d:b4:56
Oct 18 09:18:40.075005 podb-esxi207 dnsmasq-dhcp[3591755]: DHCPACK(tap8f1eff64-1d) 10.1.0.4 fa:16:3e:8d:b4:56 host-10-1-0-4
Oct 18 09:18:40.097526 podb-esxi207 dnsmasq[3585788]: read /opt/stack/data/neutron/dhcp/ccc79a3b-9365-478e-b904-60989eb08e25/addn_hosts - 0 names
Oct 18 09:18:40.097588 podb-esxi207 dnsmasq-dhcp[3585788]: read /opt/stack/data/neutron/dhcp/ccc79a3b-9365-478e-b904-60989eb08e25/host
Oct 18 09:18:40.097650 podb-esxi207 dnsmasq-dhcp[3585788]: read /opt/stack/data/neutron/dhcp/ccc79a3b-9365-478e-b904-60989eb08e25/opts
Oct 18 09:18:40.851406 podb-esxi207 dnsmasq[3592022]: read /opt/stack/data/neutron/dhcp/fd8bc32b-12e3-4790-9129-fbe5a64a5a3c/addn_hosts - 4 names
Oct 18 09:18:40.851509 podb-esxi207 dnsmasq-dhcp[3592022]: read /opt/stack/data/neutron/dhcp/fd8bc32b-12e3-4790-9129-fbe5a64a5a3c/host
Oct 18 09:18:40.851597 podb-esxi207 dnsmasq-dhcp[3592022]: read /opt/stack/data/neutron/dhcp/fd8bc32b-12e3-4790-9129-fbe5a64a5a3c/opts
Oct 18 09:18:44.112232 podb-esxi207 dnsmasq[3593300]: started, version 2.90 cachesize 150
Oct 18 09:18:44.112260 podb-esxi207 dnsmasq[3593300]: DNS service limited to local subnets
Oct 18 09:18:44.112275 podb-esxi207 dnsmasq[3593300]: compile time options: IPv6 GNU-getopt DBus no-UBus i18n IDN2 DHCP DHCPv6 no-Lua TFTP conntrack ipset no-nftset auth cryptohash DNSSEC loop-detect inotify dumpfile
Oct 18 09:18:44.112308 podb-esxi207 dnsmasq-dhcp[3593300]: DHCP, static leases only on 10.1.0.0, lease time 1d
Oct 18 09:18:44.112458 podb-esxi207 dnsmasq[3593300]: reading /etc/resolv.conf
Oct 18 09:18:44.112474 podb-esxi207 dnsmasq[3593300]: using nameserver 127.0.0.53#53
Oct 18 09:18:44.112582 podb-esxi207 dnsmasq[3593300]: read /opt/stack/data/neutron/dhcp/6e7e3e36-2160-4133-bf7a-ad01c1e0f765/addn_hosts - 2 names
Oct 18 09:18:44.112636 podb-esxi207 dnsmasq-dhcp[3593300]: read /opt/stack/data/neutron/dhcp/6e7e3e36-2160-4133-bf7a-ad01c1e0f765/host
Oct 18 09:18:44.112702 podb-esxi207 dnsmasq-dhcp[3593300]: read /opt/stack/data/neutron/dhcp/6e7e3e36-2160-4133-bf7a-ad01c1e0f765/opts
Oct 18 09:18:44.644988 podb-esxi207 dnsmasq[3592710]: read /opt/stack/data/neutron/dhcp/662c9ddb-69b4-4c0f-a278-84bb0af86185/addn_hosts - 4 names
Oct 18 09:18:44.645114 podb-esxi207 dnsmasq-dhcp[3592710]: read /opt/stack/data/neutron/dhcp/662c9ddb-69b4-4c0f-a278-84bb0af86185/host
Oct 18 09:18:44.645195 podb-esxi207 dnsmasq-dhcp[3592710]: read /opt/stack/data/neutron/dhcp/662c9ddb-69b4-4c0f-a278-84bb0af86185/opts
Oct 18 09:18:45.379430 podb-esxi207 dnsmasq[3592589]: read /opt/stack/data/neutron/dhcp/77c81ee2-011c-4fac-8aac-02c6b0327161/addn_hosts - 8 names
Oct 18 09:18:45.379569 podb-esxi207 dnsmasq-dhcp[3592589]: read /opt/stack/data/neutron/dhcp/77c81ee2-011c-4fac-8aac-02c6b0327161/host
Oct 18 09:18:45.379647 podb-esxi207 dnsmasq-dhcp[3592589]: read /opt/stack/data/neutron/dhcp/77c81ee2-011c-4fac-8aac-02c6b0327161/opts
Oct 18 09:18:45.606605 podb-esxi207 dnsmasq[3585788]: exiting on receipt of SIGTERM
Oct 18 09:18:46.736174 podb-esxi207 dnsmasq[3592022]: read /opt/stack/data/neutron/dhcp/fd8bc32b-12e3-4790-9129-fbe5a64a5a3c/addn_hosts - 4 names
Oct 18 09:18:46.736267 podb-esxi207 dnsmasq-dhcp[3592022]: read /opt/stack/data/neutron/dhcp/fd8bc32b-12e3-4790-9129-fbe5a64a5a3c/host
Oct 18 09:18:46.736365 podb-esxi207 dnsmasq-dhcp[3592022]: read /opt/stack/data/neutron/dhcp/fd8bc32b-12e3-4790-9129-fbe5a64a5a3c/opts
Oct 18 09:18:48.474348 podb-esxi207 dnsmasq[3593300]: read /opt/stack/data/neutron/dhcp/6e7e3e36-2160-4133-bf7a-ad01c1e0f765/addn_hosts - 4 names
Oct 18 09:18:48.474464 podb-esxi207 dnsmasq-dhcp[3593300]: read /opt/stack/data/neutron/dhcp/6e7e3e36-2160-4133-bf7a-ad01c1e0f765/host
Oct 18 09:18:48.474573 podb-esxi207 dnsmasq-dhcp[3593300]: read /opt/stack/data/neutron/dhcp/6e7e3e36-2160-4133-bf7a-ad01c1e0f765/opts
Oct 18 09:18:49.230142 podb-esxi207 dnsmasq[3592710]: read /opt/stack/data/neutron/dhcp/662c9ddb-69b4-4c0f-a278-84bb0af86185/addn_hosts - 4 names
Oct 18 09:18:49.230281 podb-esxi207 dnsmasq-dhcp[3592710]: read /opt/stack/data/neutron/dhcp/662c9ddb-69b4-4c0f-a278-84bb0af86185/host
Oct 18 09:18:49.230331 podb-esxi207 dnsmasq-dhcp[3592710]: read /opt/stack/data/neutron/dhcp/662c9ddb-69b4-4c0f-a278-84bb0af86185/opts
Oct 18 09:18:50.006440 podb-esxi207 dnsmasq[3592589]: read /opt/stack/data/neutron/dhcp/77c81ee2-011c-4fac-8aac-02c6b0327161/addn_hosts - 8 names
Oct 18 09:18:50.006546 podb-esxi207 dnsmasq-dhcp[3592589]: read /opt/stack/data/neutron/dhcp/77c81ee2-011c-4fac-8aac-02c6b0327161/host
Oct 18 09:18:50.006630 podb-esxi207 dnsmasq-dhcp[3592589]: read /opt/stack/data/neutron/dhcp/77c81ee2-011c-4fac-8aac-02c6b0327161/opts
Oct 18 09:18:51.270016 podb-esxi207 dnsmasq[3593300]: read /opt/stack/data/neutron/dhcp/6e7e3e36-2160-4133-bf7a-ad01c1e0f765/addn_hosts - 4 names
Oct 18 09:18:51.270160 podb-esxi207 dnsmasq-dhcp[3593300]: read /opt/stack/data/neutron/dhcp/6e7e3e36-2160-4133-bf7a-ad01c1e0f765/host
Oct 18 09:18:51.270277 podb-esxi207 dnsmasq-dhcp[3593300]: read /opt/stack/data/neutron/dhcp/6e7e3e36-2160-4133-bf7a-ad01c1e0f765/opts
Oct 18 09:18:52.019888 podb-esxi207 dnsmasq[3592022]: read /opt/stack/data/neutron/dhcp/fd8bc32b-12e3-4790-9129-fbe5a64a5a3c/addn_hosts - 2 names
Oct 18 09:18:52.020015 podb-esxi207 dnsmasq-dhcp[3592022]: read /opt/stack/data/neutron/dhcp/fd8bc32b-12e3-4790-9129-fbe5a64a5a3c/host
Oct 18 09:18:52.020129 podb-esxi207 dnsmasq-dhcp[3592022]: read /opt/stack/data/neutron/dhcp/fd8bc32b-12e3-4790-9129-fbe5a64a5a3c/opts
Oct 18 09:18:52.767283 podb-esxi207 dnsmasq[3592589]: read /opt/stack/data/neutron/dhcp/77c81ee2-011c-4fac-8aac-02c6b0327161/addn_hosts - 8 names
Oct 18 09:18:52.767438 podb-esxi207 dnsmasq-dhcp[3592589]: read /opt/stack/data/neutron/dhcp/77c81ee2-011c-4fac-8aac-02c6b0327161/host
Oct 18 09:18:52.767525 podb-esxi207 dnsmasq-dhcp[3592589]: read /opt/stack/data/neutron/dhcp/77c81ee2-011c-4fac-8aac-02c6b0327161/opts
Oct 18 09:18:53.990097 podb-esxi207 dnsmasq[3593300]: read /opt/stack/data/neutron/dhcp/6e7e3e36-2160-4133-bf7a-ad01c1e0f765/addn_hosts - 4 names
Oct 18 09:18:53.990226 podb-esxi207 dnsmasq-dhcp[3593300]: read /opt/stack/data/neutron/dhcp/6e7e3e36-2160-4133-bf7a-ad01c1e0f765/host
Oct 18 09:18:53.990353 podb-esxi207 dnsmasq-dhcp[3593300]: read /opt/stack/data/neutron/dhcp/6e7e3e36-2160-4133-bf7a-ad01c1e0f765/opts
Oct 18 09:18:55.253446 podb-esxi207 dnsmasq[3593300]: read /opt/stack/data/neutron/dhcp/6e7e3e36-2160-4133-bf7a-ad01c1e0f765/addn_hosts - 4 names
Oct 18 09:18:55.253560 podb-esxi207 dnsmasq-dhcp[3593300]: read /opt/stack/data/neutron/dhcp/6e7e3e36-2160-4133-bf7a-ad01c1e0f765/host
Oct 18 09:18:55.253674 podb-esxi207 dnsmasq-dhcp[3593300]: read /opt/stack/data/neutron/dhcp/6e7e3e36-2160-4133-bf7a-ad01c1e0f765/opts
Oct 18 09:19:02.513584 podb-esxi207 dnsmasq-dhcp[3592022]: DHCPRELEASE(tapa76af3c6-d5) 10.1.0.1 fa:16:3e:08:ba:b9
Oct 18 09:19:03.335661 podb-esxi207 dnsmasq[3592022]: read /opt/stack/data/neutron/dhcp/fd8bc32b-12e3-4790-9129-fbe5a64a5a3c/addn_hosts - 0 names
Oct 18 09:19:03.335734 podb-esxi207 dnsmasq-dhcp[3592022]: read /opt/stack/data/neutron/dhcp/fd8bc32b-12e3-4790-9129-fbe5a64a5a3c/host
Oct 18 09:19:03.335811 podb-esxi207 dnsmasq-dhcp[3592022]: read /opt/stack/data/neutron/dhcp/fd8bc32b-12e3-4790-9129-fbe5a64a5a3c/opts
Oct 18 09:19:04.051160 podb-esxi207 dnsmasq[3592022]: exiting on receipt of SIGTERM
Oct 18 09:19:07.418012 podb-esxi207 dnsmasq[3594509]: started, version 2.90 cachesize 150
Oct 18 09:19:07.418036 podb-esxi207 dnsmasq[3594509]: DNS service limited to local subnets
Oct 18 09:19:07.418050 podb-esxi207 dnsmasq[3594509]: compile time options: IPv6 GNU-getopt DBus no-UBus i18n IDN2 DHCP DHCPv6 no-Lua TFTP conntrack ipset no-nftset auth cryptohash DNSSEC loop-detect inotify dumpfile
Oct 18 09:19:07.418084 podb-esxi207 dnsmasq-dhcp[3594509]: DHCP, static leases only on 10.1.0.0, lease time 1d
Oct 18 09:19:07.418232 podb-esxi207 dnsmasq[3594509]: reading /etc/resolv.conf
Oct 18 09:19:07.418250 podb-esxi207 dnsmasq[3594509]: using nameserver 127.0.0.53#53
Oct 18 09:19:07.418335 podb-esxi207 dnsmasq[3594509]: read /opt/stack/data/neutron/dhcp/975c8973-d1d1-4eb2-a7d5-c76c01fd9357/addn_hosts - 0 names
Oct 18 09:19:07.418387 podb-esxi207 dnsmasq-dhcp[3594509]: read /opt/stack/data/neutron/dhcp/975c8973-d1d1-4eb2-a7d5-c76c01fd9357/host
Oct 18 09:19:07.418442 podb-esxi207 dnsmasq-dhcp[3594509]: read /opt/stack/data/neutron/dhcp/975c8973-d1d1-4eb2-a7d5-c76c01fd9357/opts
Oct 18 09:19:07.949126 podb-esxi207 dnsmasq-dhcp[3593300]: DHCPDISCOVER(tap48542a1b-56) fa:16:3e:e2:4f:66
Oct 18 09:19:07.949155 podb-esxi207 dnsmasq-dhcp[3593300]: DHCPOFFER(tap48542a1b-56) 10.1.0.7 fa:16:3e:e2:4f:66
Oct 18 09:19:07.960417 podb-esxi207 dnsmasq-dhcp[3593300]: DHCPREQUEST(tap48542a1b-56) 10.1.0.7 fa:16:3e:e2:4f:66
Oct 18 09:19:07.960454 podb-esxi207 dnsmasq-dhcp[3593300]: DHCPACK(tap48542a1b-56) 10.1.0.7 fa:16:3e:e2:4f:66 host-10-1-0-7
Oct 18 09:19:10.570994 podb-esxi207 dnsmasq[3594749]: started, version 2.90 cachesize 150
Oct 18 09:19:10.571018 podb-esxi207 dnsmasq[3594749]: DNS service limited to local subnets
Oct 18 09:19:10.571032 podb-esxi207 dnsmasq[3594749]: compile time options: IPv6 GNU-getopt DBus no-UBus i18n IDN2 DHCP DHCPv6 no-Lua TFTP conntrack ipset no-nftset auth cryptohash DNSSEC loop-detect inotify dumpfile
Oct 18 09:19:10.571075 podb-esxi207 dnsmasq-dhcp[3594749]: DHCP, static leases only on 10.1.0.0, lease time 1d
Oct 18 09:19:10.571224 podb-esxi207 dnsmasq[3594749]: reading /etc/resolv.conf
Oct 18 09:19:10.571240 podb-esxi207 dnsmasq[3594749]: using nameserver 127.0.0.53#53
Oct 18 09:19:10.571322 podb-esxi207 dnsmasq[3594749]: read /opt/stack/data/neutron/dhcp/3a494e86-d5ec-450c-8cf6-c03ac50a2cd8/addn_hosts - 0 names
Oct 18 09:19:10.571377 podb-esxi207 dnsmasq-dhcp[3594749]: read /opt/stack/data/neutron/dhcp/3a494e86-d5ec-450c-8cf6-c03ac50a2cd8/host
Oct 18 09:19:10.571439 podb-esxi207 dnsmasq-dhcp[3594749]: read /opt/stack/data/neutron/dhcp/3a494e86-d5ec-450c-8cf6-c03ac50a2cd8/opts
Oct 18 09:19:11.607774 podb-esxi207 dnsmasq[3594509]: read /opt/stack/data/neutron/dhcp/975c8973-d1d1-4eb2-a7d5-c76c01fd9357/addn_hosts - 2 names
Oct 18 09:19:11.607901 podb-esxi207 dnsmasq-dhcp[3594509]: read /opt/stack/data/neutron/dhcp/975c8973-d1d1-4eb2-a7d5-c76c01fd9357/host
Oct 18 09:19:11.608002 podb-esxi207 dnsmasq-dhcp[3594509]: read /opt/stack/data/neutron/dhcp/975c8973-d1d1-4eb2-a7d5-c76c01fd9357/opts
Oct 18 09:19:13.338217 podb-esxi207 dnsmasq[3594749]: read /opt/stack/data/neutron/dhcp/3a494e86-d5ec-450c-8cf6-c03ac50a2cd8/addn_hosts - 2 names
Oct 18 09:19:13.338260 podb-esxi207 dnsmasq-dhcp[3594749]: read /opt/stack/data/neutron/dhcp/3a494e86-d5ec-450c-8cf6-c03ac50a2cd8/host
Oct 18 09:19:13.338295 podb-esxi207 dnsmasq-dhcp[3594749]: read /opt/stack/data/neutron/dhcp/3a494e86-d5ec-450c-8cf6-c03ac50a2cd8/opts
Oct 18 09:19:14.054946 podb-esxi207 dnsmasq[3594509]: read /opt/stack/data/neutron/dhcp/975c8973-d1d1-4eb2-a7d5-c76c01fd9357/addn_hosts - 2 names
Oct 18 09:19:14.055045 podb-esxi207 dnsmasq-dhcp[3594509]: read /opt/stack/data/neutron/dhcp/975c8973-d1d1-4eb2-a7d5-c76c01fd9357/host
Oct 18 09:19:14.055152 podb-esxi207 dnsmasq-dhcp[3594509]: read /opt/stack/data/neutron/dhcp/975c8973-d1d1-4eb2-a7d5-c76c01fd9357/opts
Oct 18 09:19:15.293891 podb-esxi207 dnsmasq[3594749]: read /opt/stack/data/neutron/dhcp/3a494e86-d5ec-450c-8cf6-c03ac50a2cd8/addn_hosts - 2 names
Oct 18 09:19:15.293998 podb-esxi207 dnsmasq-dhcp[3594749]: read /opt/stack/data/neutron/dhcp/3a494e86-d5ec-450c-8cf6-c03ac50a2cd8/host
Oct 18 09:19:15.294103 podb-esxi207 dnsmasq-dhcp[3594749]: read /opt/stack/data/neutron/dhcp/3a494e86-d5ec-450c-8cf6-c03ac50a2cd8/opts
Oct 18 09:19:16.013994 podb-esxi207 dnsmasq[3594509]: read /opt/stack/data/neutron/dhcp/975c8973-d1d1-4eb2-a7d5-c76c01fd9357/addn_hosts - 2 names
Oct 18 09:19:16.014097 podb-esxi207 dnsmasq-dhcp[3594509]: read /opt/stack/data/neutron/dhcp/975c8973-d1d1-4eb2-a7d5-c76c01fd9357/host
Oct 18 09:19:16.014204 podb-esxi207 dnsmasq-dhcp[3594509]: read /opt/stack/data/neutron/dhcp/975c8973-d1d1-4eb2-a7d5-c76c01fd9357/opts
Oct 18 09:19:17.250694 podb-esxi207 dnsmasq[3594749]: read /opt/stack/data/neutron/dhcp/3a494e86-d5ec-450c-8cf6-c03ac50a2cd8/addn_hosts - 2 names
Oct 18 09:19:17.250804 podb-esxi207 dnsmasq-dhcp[3594749]: read /opt/stack/data/neutron/dhcp/3a494e86-d5ec-450c-8cf6-c03ac50a2cd8/host
Oct 18 09:19:17.250873 podb-esxi207 dnsmasq-dhcp[3594749]: read /opt/stack/data/neutron/dhcp/3a494e86-d5ec-450c-8cf6-c03ac50a2cd8/opts
Oct 18 09:19:18.315309 podb-esxi207 dnsmasq-dhcp[3592589]: DHCPDISCOVER(tap581beb24-94) fa:16:3e:fe:ba:60
Oct 18 09:19:18.315331 podb-esxi207 dnsmasq-dhcp[3592589]: DHCPOFFER(tap581beb24-94) 10.1.1.13 fa:16:3e:fe:ba:60
Oct 18 09:19:18.411916 podb-esxi207 dnsmasq-dhcp[3592589]: DHCPREQUEST(tap581beb24-94) 10.1.1.13 fa:16:3e:fe:ba:60
Oct 18 09:19:18.411944 podb-esxi207 dnsmasq-dhcp[3592589]: DHCPACK(tap581beb24-94) 10.1.1.13 fa:16:3e:fe:ba:60 host-10-1-1-13
Oct 18 09:19:18.656486 podb-esxi207 dnsmasq-dhcp[3590172]: DHCPDISCOVER(tapdccee36d-33) fa:16:3e:87:d2:54
Oct 18 09:19:18.656513 podb-esxi207 dnsmasq-dhcp[3590172]: DHCPOFFER(tapdccee36d-33) 10.1.0.9 fa:16:3e:87:d2:54
Oct 18 09:19:18.752451 podb-esxi207 dnsmasq-dhcp[3590172]: DHCPREQUEST(tapdccee36d-33) 10.1.0.9 fa:16:3e:87:d2:54
Oct 18 09:19:18.752481 podb-esxi207 dnsmasq-dhcp[3590172]: DHCPACK(tapdccee36d-33) 10.1.0.9 fa:16:3e:87:d2:54 host-10-1-0-9
Oct 18 09:19:19.544213 podb-esxi207 dnsmasq-dhcp[3592710]: DHCPDISCOVER(tape8855687-13) fa:16:3e:e2:3e:74
Oct 18 09:19:19.544242 podb-esxi207 dnsmasq-dhcp[3592710]: DHCPOFFER(tape8855687-13) 10.2.2.200 fa:16:3e:e2:3e:74
Oct 18 09:19:19.548422 podb-esxi207 dnsmasq-dhcp[3592710]: DHCPREQUEST(tape8855687-13) 10.2.2.200 fa:16:3e:e2:3e:74
Oct 18 09:19:19.548444 podb-esxi207 dnsmasq-dhcp[3592710]: DHCPACK(tape8855687-13) 10.2.2.200 fa:16:3e:e2:3e:74 host-10-2-2-200
Oct 18 09:19:19.618111 podb-esxi207 dnsmasq-dhcp[3592589]: DHCPDISCOVER(tap581beb24-94) fa:16:3e:4b:1a:7e
Oct 18 09:19:19.618123 podb-esxi207 dnsmasq-dhcp[3592589]: DHCPOFFER(tap581beb24-94) 10.1.1.58 fa:16:3e:4b:1a:7e
Oct 18 09:19:19.622892 podb-esxi207 dnsmasq-dhcp[3592589]: DHCPREQUEST(tap581beb24-94) 10.1.1.58 fa:16:3e:4b:1a:7e
Oct 18 09:19:19.622922 podb-esxi207 dnsmasq-dhcp[3592589]: DHCPACK(tap581beb24-94) 10.1.1.58 fa:16:3e:4b:1a:7e host-10-1-1-58
Oct 18 09:19:19.750393 podb-esxi207 dnsmasq-dhcp[3592589]: DHCPDISCOVER(tap581beb24-94) fa:16:3e:29:e1:bc
Oct 18 09:19:19.750418 podb-esxi207 dnsmasq-dhcp[3592589]: DHCPOFFER(tap581beb24-94) 10.1.1.80 fa:16:3e:29:e1:bc
Oct 18 09:19:19.759586 podb-esxi207 dnsmasq-dhcp[3592589]: DHCPREQUEST(tap581beb24-94) 10.1.1.80 fa:16:3e:29:e1:bc
Oct 18 09:19:19.759611 podb-esxi207 dnsmasq-dhcp[3592589]: DHCPACK(tap581beb24-94) 10.1.1.80 fa:16:3e:29:e1:bc host-10-1-1-80
Oct 18 09:19:20.215885 podb-esxi207 dnsmasq-dhcp[3592589]: DHCPDISCOVER(tap581beb24-94) fa:16:3e:80:ac:f8
Oct 18 09:19:20.215910 podb-esxi207 dnsmasq-dhcp[3592589]: DHCPOFFER(tap581beb24-94) 10.1.1.42 fa:16:3e:80:ac:f8
Oct 18 09:19:20.220661 podb-esxi207 dnsmasq-dhcp[3592589]: DHCPREQUEST(tap581beb24-94) 10.1.1.42 fa:16:3e:80:ac:f8
Oct 18 09:19:20.220690 podb-esxi207 dnsmasq-dhcp[3592589]: DHCPACK(tap581beb24-94) 10.1.1.42 fa:16:3e:80:ac:f8 host-10-1-1-42
Oct 18 09:19:20.274910 podb-esxi207 dnsmasq-dhcp[3592710]: DHCPDISCOVER(tape8855687-13) fa:16:3e:0a:14:f1
Oct 18 09:19:20.274935 podb-esxi207 dnsmasq-dhcp[3592710]: DHCPOFFER(tape8855687-13) 10.2.2.100 fa:16:3e:0a:14:f1
Oct 18 09:19:20.277950 podb-esxi207 dnsmasq-dhcp[3592710]: DHCPREQUEST(tape8855687-13) 10.2.2.100 fa:16:3e:0a:14:f1
Oct 18 09:19:20.277972 podb-esxi207 dnsmasq-dhcp[3592710]: DHCPACK(tape8855687-13) 10.2.2.100 fa:16:3e:0a:14:f1 host-10-2-2-100
Oct 18 09:19:37.793287 podb-esxi207 dnsmasq[3596199]: started, version 2.90 cachesize 150
Oct 18 09:19:37.793309 podb-esxi207 dnsmasq[3596199]: DNS service limited to local subnets
Oct 18 09:19:37.793324 podb-esxi207 dnsmasq[3596199]: compile time options: IPv6 GNU-getopt DBus no-UBus i18n IDN2 DHCP DHCPv6 no-Lua TFTP conntrack ipset no-nftset auth cryptohash DNSSEC loop-detect inotify dumpfile
Oct 18 09:19:37.793370 podb-esxi207 dnsmasq-dhcp[3596199]: DHCP, static leases only on 10.1.1.0, lease time 1d
Oct 18 09:19:37.793513 podb-esxi207 dnsmasq[3596199]: reading /etc/resolv.conf
Oct 18 09:19:37.793529 podb-esxi207 dnsmasq[3596199]: using nameserver 127.0.0.53#53
Oct 18 09:19:37.793614 podb-esxi207 dnsmasq[3596199]: read /opt/stack/data/neutron/dhcp/d7389afb-a470-4d77-8a71-c052fcd22a5b/addn_hosts - 0 names
Oct 18 09:19:37.793663 podb-esxi207 dnsmasq-dhcp[3596199]: read /opt/stack/data/neutron/dhcp/d7389afb-a470-4d77-8a71-c052fcd22a5b/host
Oct 18 09:19:37.793718 podb-esxi207 dnsmasq-dhcp[3596199]: read /opt/stack/data/neutron/dhcp/d7389afb-a470-4d77-8a71-c052fcd22a5b/opts
Oct 18 09:19:40.848033 podb-esxi207 dnsmasq[3596325]: started, version 2.90 cachesize 150
Oct 18 09:19:40.848058 podb-esxi207 dnsmasq[3596325]: DNS service limited to local subnets
Oct 18 09:19:40.848073 podb-esxi207 dnsmasq[3596325]: compile time options: IPv6 GNU-getopt DBus no-UBus i18n IDN2 DHCP DHCPv6 no-Lua TFTP conntrack ipset no-nftset auth cryptohash DNSSEC loop-detect inotify dumpfile
Oct 18 09:19:40.848107 podb-esxi207 dnsmasq-dhcp[3596325]: DHCP, static leases only on 10.2.2.0, lease time 1d
Oct 18 09:19:40.848253 podb-esxi207 dnsmasq[3596325]: reading /etc/resolv.conf
Oct 18 09:19:40.848270 podb-esxi207 dnsmasq[3596325]: using nameserver 127.0.0.53#53
Oct 18 09:19:40.848360 podb-esxi207 dnsmasq[3596325]: read /opt/stack/data/neutron/dhcp/1ce1e8c9-407c-4307-ac22-4bd6e81fb23a/addn_hosts - 0 names
Oct 18 09:19:40.848410 podb-esxi207 dnsmasq-dhcp[3596325]: read /opt/stack/data/neutron/dhcp/1ce1e8c9-407c-4307-ac22-4bd6e81fb23a/host
Oct 18 09:19:40.848472 podb-esxi207 dnsmasq-dhcp[3596325]: read /opt/stack/data/neutron/dhcp/1ce1e8c9-407c-4307-ac22-4bd6e81fb23a/opts
Oct 18 09:19:40.874394 podb-esxi207 dnsmasq-dhcp[3592710]: DHCPRELEASE(tape8855687-13) 10.2.2.200 fa:16:3e:e2:3e:74
Oct 18 09:19:40.891325 podb-esxi207 dnsmasq-dhcp[3592710]: DHCPRELEASE(tape8855687-13) 10.2.2.200 fa:16:3e:e2:3e:74 unknown lease
Oct 18 09:19:41.712628 podb-esxi207 dnsmasq[3592710]: read /opt/stack/data/neutron/dhcp/662c9ddb-69b4-4c0f-a278-84bb0af86185/addn_hosts - 2 names
Oct 18 09:19:41.712747 podb-esxi207 dnsmasq-dhcp[3592710]: read /opt/stack/data/neutron/dhcp/662c9ddb-69b4-4c0f-a278-84bb0af86185/host
Oct 18 09:19:41.712832 podb-esxi207 dnsmasq-dhcp[3592710]: read /opt/stack/data/neutron/dhcp/662c9ddb-69b4-4c0f-a278-84bb0af86185/opts
Oct 18 09:19:41.949005 podb-esxi207 dnsmasq-dhcp[3592589]: DHCPRELEASE(tap581beb24-94) 10.1.1.42 fa:16:3e:80:ac:f8
Oct 18 09:19:41.964834 podb-esxi207 dnsmasq-dhcp[3592589]: DHCPRELEASE(tap581beb24-94) 10.1.1.42 fa:16:3e:80:ac:f8 unknown lease
Oct 18 09:19:42.790145 podb-esxi207 dnsmasq[3592589]: read /opt/stack/data/neutron/dhcp/77c81ee2-011c-4fac-8aac-02c6b0327161/addn_hosts - 6 names
Oct 18 09:19:42.790288 podb-esxi207 dnsmasq-dhcp[3592589]: read /opt/stack/data/neutron/dhcp/77c81ee2-011c-4fac-8aac-02c6b0327161/host
Oct 18 09:19:42.790378 podb-esxi207 dnsmasq-dhcp[3592589]: read /opt/stack/data/neutron/dhcp/77c81ee2-011c-4fac-8aac-02c6b0327161/opts
Oct 18 09:19:44.035268 podb-esxi207 dnsmasq[3596199]: read /opt/stack/data/neutron/dhcp/d7389afb-a470-4d77-8a71-c052fcd22a5b/addn_hosts - 4 names
Oct 18 09:19:44.035376 podb-esxi207 dnsmasq-dhcp[3596199]: read /opt/stack/data/neutron/dhcp/d7389afb-a470-4d77-8a71-c052fcd22a5b/host
Oct 18 09:19:44.035457 podb-esxi207 dnsmasq-dhcp[3596199]: read /opt/stack/data/neutron/dhcp/d7389afb-a470-4d77-8a71-c052fcd22a5b/opts
Oct 18 09:19:44.286992 podb-esxi207 dnsmasq-dhcp[3590172]: DHCPRELEASE(tapdccee36d-33) 10.1.0.9 fa:16:3e:87:d2:54
Oct 18 09:19:44.303751 podb-esxi207 dnsmasq-dhcp[3590172]: DHCPRELEASE(tapdccee36d-33) 10.1.0.9 fa:16:3e:87:d2:54 unknown lease
Oct 18 09:19:45.129012 podb-esxi207 dnsmasq[3590172]: read /opt/stack/data/neutron/dhcp/e31c175e-3686-4dcc-a7c6-dd60a11ebb4c/addn_hosts - 2 names
Oct 18 09:19:45.129111 podb-esxi207 dnsmasq-dhcp[3590172]: read /opt/stack/data/neutron/dhcp/e31c175e-3686-4dcc-a7c6-dd60a11ebb4c/host
Oct 18 09:19:45.129201 podb-esxi207 dnsmasq-dhcp[3590172]: read /opt/stack/data/neutron/dhcp/e31c175e-3686-4dcc-a7c6-dd60a11ebb4c/opts
Oct 18 09:19:46.888564 podb-esxi207 dnsmasq[3596325]: read /opt/stack/data/neutron/dhcp/1ce1e8c9-407c-4307-ac22-4bd6e81fb23a/addn_hosts - 2 names
Oct 18 09:19:46.888674 podb-esxi207 dnsmasq-dhcp[3596325]: read /opt/stack/data/neutron/dhcp/1ce1e8c9-407c-4307-ac22-4bd6e81fb23a/host
Oct 18 09:19:46.888742 podb-esxi207 dnsmasq-dhcp[3596325]: read /opt/stack/data/neutron/dhcp/1ce1e8c9-407c-4307-ac22-4bd6e81fb23a/opts
Oct 18 09:19:47.141746 podb-esxi207 dnsmasq-dhcp[3592710]: DHCPRELEASE(tape8855687-13) 10.2.2.100 fa:16:3e:0a:14:f1
Oct 18 09:19:47.159732 podb-esxi207 dnsmasq-dhcp[3592710]: DHCPRELEASE(tape8855687-13) 10.2.2.100 fa:16:3e:0a:14:f1 unknown lease
Oct 18 09:19:47.984397 podb-esxi207 dnsmasq[3592710]: read /opt/stack/data/neutron/dhcp/662c9ddb-69b4-4c0f-a278-84bb0af86185/addn_hosts - 0 names
Oct 18 09:19:47.984473 podb-esxi207 dnsmasq-dhcp[3592710]: read /opt/stack/data/neutron/dhcp/662c9ddb-69b4-4c0f-a278-84bb0af86185/host
Oct 18 09:19:47.984547 podb-esxi207 dnsmasq-dhcp[3592710]: read /opt/stack/data/neutron/dhcp/662c9ddb-69b4-4c0f-a278-84bb0af86185/opts
Oct 18 09:19:48.237278 podb-esxi207 dnsmasq-dhcp[3592589]: DHCPRELEASE(tap581beb24-94) 10.1.1.58 fa:16:3e:4b:1a:7e
Oct 18 09:19:48.255820 podb-esxi207 dnsmasq-dhcp[3592589]: DHCPRELEASE(tap581beb24-94) 10.1.1.58 fa:16:3e:4b:1a:7e unknown lease
Oct 18 09:19:49.081186 podb-esxi207 dnsmasq[3592589]: read /opt/stack/data/neutron/dhcp/77c81ee2-011c-4fac-8aac-02c6b0327161/addn_hosts - 4 names
Oct 18 09:19:49.081312 podb-esxi207 dnsmasq-dhcp[3592589]: read /opt/stack/data/neutron/dhcp/77c81ee2-011c-4fac-8aac-02c6b0327161/host
Oct 18 09:19:49.081402 podb-esxi207 dnsmasq-dhcp[3592589]: read /opt/stack/data/neutron/dhcp/77c81ee2-011c-4fac-8aac-02c6b0327161/opts
Oct 18 09:19:49.831739 podb-esxi207 dnsmasq[3596199]: read /opt/stack/data/neutron/dhcp/d7389afb-a470-4d77-8a71-c052fcd22a5b/addn_hosts - 4 names
Oct 18 09:19:49.831853 podb-esxi207 dnsmasq-dhcp[3596199]: read /opt/stack/data/neutron/dhcp/d7389afb-a470-4d77-8a71-c052fcd22a5b/host
Oct 18 09:19:49.831939 podb-esxi207 dnsmasq-dhcp[3596199]: read /opt/stack/data/neutron/dhcp/d7389afb-a470-4d77-8a71-c052fcd22a5b/opts
Oct 18 09:19:50.583523 podb-esxi207 dnsmasq[3594509]: read /opt/stack/data/neutron/dhcp/975c8973-d1d1-4eb2-a7d5-c76c01fd9357/addn_hosts - 4 names
Oct 18 09:19:50.583661 podb-esxi207 dnsmasq-dhcp[3594509]: read /opt/stack/data/neutron/dhcp/975c8973-d1d1-4eb2-a7d5-c76c01fd9357/host
Oct 18 09:19:50.583776 podb-esxi207 dnsmasq-dhcp[3594509]: read /opt/stack/data/neutron/dhcp/975c8973-d1d1-4eb2-a7d5-c76c01fd9357/opts
Oct 18 09:19:51.851405 podb-esxi207 dnsmasq[3596325]: read /opt/stack/data/neutron/dhcp/1ce1e8c9-407c-4307-ac22-4bd6e81fb23a/addn_hosts - 2 names
Oct 18 09:19:51.851518 podb-esxi207 dnsmasq-dhcp[3596325]: read /opt/stack/data/neutron/dhcp/1ce1e8c9-407c-4307-ac22-4bd6e81fb23a/host
Oct 18 09:19:51.851612 podb-esxi207 dnsmasq-dhcp[3596325]: read /opt/stack/data/neutron/dhcp/1ce1e8c9-407c-4307-ac22-4bd6e81fb23a/opts
Oct 18 09:19:52.624562 podb-esxi207 dnsmasq[3596199]: read /opt/stack/data/neutron/dhcp/d7389afb-a470-4d77-8a71-c052fcd22a5b/addn_hosts - 4 names
Oct 18 09:19:52.624615 podb-esxi207 dnsmasq-dhcp[3596199]: read /opt/stack/data/neutron/dhcp/d7389afb-a470-4d77-8a71-c052fcd22a5b/host
Oct 18 09:19:52.624642 podb-esxi207 dnsmasq-dhcp[3596199]: read /opt/stack/data/neutron/dhcp/d7389afb-a470-4d77-8a71-c052fcd22a5b/opts
Oct 18 09:19:52.878543 podb-esxi207 dnsmasq-dhcp[3592589]: DHCPRELEASE(tap581beb24-94) 10.1.1.80 fa:16:3e:29:e1:bc
Oct 18 09:19:52.895739 podb-esxi207 dnsmasq-dhcp[3592589]: DHCPRELEASE(tap581beb24-94) 10.1.1.80 fa:16:3e:29:e1:bc unknown lease
Oct 18 09:19:53.720580 podb-esxi207 dnsmasq[3592589]: read /opt/stack/data/neutron/dhcp/77c81ee2-011c-4fac-8aac-02c6b0327161/addn_hosts - 2 names
Oct 18 09:19:53.720683 podb-esxi207 dnsmasq-dhcp[3592589]: read /opt/stack/data/neutron/dhcp/77c81ee2-011c-4fac-8aac-02c6b0327161/host
Oct 18 09:19:53.720728 podb-esxi207 dnsmasq-dhcp[3592589]: read /opt/stack/data/neutron/dhcp/77c81ee2-011c-4fac-8aac-02c6b0327161/opts
Oct 18 09:19:55.488500 podb-esxi207 dnsmasq[3593300]: read /opt/stack/data/neutron/dhcp/6e7e3e36-2160-4133-bf7a-ad01c1e0f765/addn_hosts - 6 names
Oct 18 09:19:55.488633 podb-esxi207 dnsmasq-dhcp[3593300]: read /opt/stack/data/neutron/dhcp/6e7e3e36-2160-4133-bf7a-ad01c1e0f765/host
Oct 18 09:19:55.488746 podb-esxi207 dnsmasq-dhcp[3593300]: read /opt/stack/data/neutron/dhcp/6e7e3e36-2160-4133-bf7a-ad01c1e0f765/opts
Oct 18 09:19:56.237079 podb-esxi207 dnsmasq[3596325]: read /opt/stack/data/neutron/dhcp/1ce1e8c9-407c-4307-ac22-4bd6e81fb23a/addn_hosts - 4 names
Oct 18 09:19:56.237198 podb-esxi207 dnsmasq-dhcp[3596325]: read /opt/stack/data/neutron/dhcp/1ce1e8c9-407c-4307-ac22-4bd6e81fb23a/host
Oct 18 09:19:56.237299 podb-esxi207 dnsmasq-dhcp[3596325]: read /opt/stack/data/neutron/dhcp/1ce1e8c9-407c-4307-ac22-4bd6e81fb23a/opts
Oct 18 09:19:56.996391 podb-esxi207 dnsmasq[3596199]: read /opt/stack/data/neutron/dhcp/d7389afb-a470-4d77-8a71-c052fcd22a5b/addn_hosts - 6 names
Oct 18 09:19:56.996504 podb-esxi207 dnsmasq-dhcp[3596199]: read /opt/stack/data/neutron/dhcp/d7389afb-a470-4d77-8a71-c052fcd22a5b/host
Oct 18 09:19:56.996553 podb-esxi207 dnsmasq-dhcp[3596199]: read /opt/stack/data/neutron/dhcp/d7389afb-a470-4d77-8a71-c052fcd22a5b/opts
Oct 18 09:19:57.239323 podb-esxi207 dnsmasq[3592589]: exiting on receipt of SIGTERM
Oct 18 09:19:57.860376 podb-esxi207 dnsmasq[3592710]: exiting on receipt of SIGTERM
Oct 18 09:19:59.504723 podb-esxi207 dnsmasq[3596199]: read /opt/stack/data/neutron/dhcp/d7389afb-a470-4d77-8a71-c052fcd22a5b/addn_hosts - 8 names
Oct 18 09:19:59.504842 podb-esxi207 dnsmasq-dhcp[3596199]: read /opt/stack/data/neutron/dhcp/d7389afb-a470-4d77-8a71-c052fcd22a5b/host
Oct 18 09:19:59.504922 podb-esxi207 dnsmasq-dhcp[3596199]: read /opt/stack/data/neutron/dhcp/d7389afb-a470-4d77-8a71-c052fcd22a5b/opts
Oct 18 09:20:07.219844 podb-esxi207 dnsmasq-dhcp[3590172]: DHCPRELEASE(tapdccee36d-33) 10.1.0.1 fa:16:3e:7e:97:d0
Oct 18 09:20:08.041562 podb-esxi207 dnsmasq[3590172]: read /opt/stack/data/neutron/dhcp/e31c175e-3686-4dcc-a7c6-dd60a11ebb4c/addn_hosts - 0 names
Oct 18 09:20:08.041624 podb-esxi207 dnsmasq-dhcp[3590172]: read /opt/stack/data/neutron/dhcp/e31c175e-3686-4dcc-a7c6-dd60a11ebb4c/host
Oct 18 09:20:08.041676 podb-esxi207 dnsmasq-dhcp[3590172]: read /opt/stack/data/neutron/dhcp/e31c175e-3686-4dcc-a7c6-dd60a11ebb4c/opts
Oct 18 09:20:08.273174 podb-esxi207 dnsmasq[3590172]: exiting on receipt of SIGTERM
Oct 18 09:20:08.910486 podb-esxi207 dnsmasq-dhcp[3590605]: DHCPRELEASE(tapb22b0e69-89) 10.1.0.1 fa:16:3e:a1:46:70
Oct 18 09:20:09.454243 podb-esxi207 dnsmasq-dhcp[3591755]: DHCPREQUEST(tap8f1eff64-1d) 10.1.0.4 fa:16:3e:8d:b4:56
Oct 18 09:20:09.454270 podb-esxi207 dnsmasq-dhcp[3591755]: DHCPACK(tap8f1eff64-1d) 10.1.0.4 fa:16:3e:8d:b4:56 host-10-1-0-4
Oct 18 09:20:09.733355 podb-esxi207 dnsmasq[3590605]: read /opt/stack/data/neutron/dhcp/6eb93f15-408a-40c8-ac71-deffeb2a9b1b/addn_hosts - 0 names
Oct 18 09:20:09.733440 podb-esxi207 dnsmasq-dhcp[3590605]: read /opt/stack/data/neutron/dhcp/6eb93f15-408a-40c8-ac71-deffeb2a9b1b/host
Oct 18 09:20:09.733490 podb-esxi207 dnsmasq-dhcp[3590605]: read /opt/stack/data/neutron/dhcp/6eb93f15-408a-40c8-ac71-deffeb2a9b1b/opts
Oct 18 09:20:09.943608 podb-esxi207 dnsmasq[3590605]: exiting on receipt of SIGTERM
Oct 18 09:20:14.167634 podb-esxi207 dnsmasq[3597774]: started, version 2.90 cachesize 150
Oct 18 09:20:14.167658 podb-esxi207 dnsmasq[3597774]: DNS service limited to local subnets
