Oct 18 09:28:28.180823 podb-esxi207 dnsmasq[3609928]: read /opt/stack/data/neutron/dhcp/b2a492a1-f5bd-49ee-824b-9f8c50761e89/addn_hosts - 2 names
Oct 18 09:28:28.180951 podb-esxi207 dnsmasq-dhcp[3609928]: read /opt/stack/data/neutron/dhcp/b2a492a1-f5bd-49ee-824b-9f8c50761e89/host
Oct 18 09:28:28.181056 podb-esxi207 dnsmasq-dhcp[3609928]: read /opt/stack/data/neutron/dhcp/b2a492a1-f5bd-49ee-824b-9f8c50761e89/opts
Oct 18 09:28:29.416964 podb-esxi207 dnsmasq[3609928]: read /opt/stack/data/neutron/dhcp/b2a492a1-f5bd-49ee-824b-9f8c50761e89/addn_hosts - 2 names
Oct 18 09:28:29.417059 podb-esxi207 dnsmasq-dhcp[3609928]: read /opt/stack/data/neutron/dhcp/b2a492a1-f5bd-49ee-824b-9f8c50761e89/host
Oct 18 09:28:29.417171 podb-esxi207 dnsmasq-dhcp[3609928]: read /opt/stack/data/neutron/dhcp/b2a492a1-f5bd-49ee-824b-9f8c50761e89/opts
Oct 18 09:28:30.649365 podb-esxi207 dnsmasq[3609928]: read /opt/stack/data/neutron/dhcp/b2a492a1-f5bd-49ee-824b-9f8c50761e89/addn_hosts - 2 names
Oct 18 09:28:30.649468 podb-esxi207 dnsmasq-dhcp[3609928]: read /opt/stack/data/neutron/dhcp/b2a492a1-f5bd-49ee-824b-9f8c50761e89/host
Oct 18 09:28:30.649573 podb-esxi207 dnsmasq-dhcp[3609928]: read /opt/stack/data/neutron/dhcp/b2a492a1-f5bd-49ee-824b-9f8c50761e89/opts
Oct 18 09:28:31.882401 podb-esxi207 dnsmasq[3609928]: read /opt/stack/data/neutron/dhcp/b2a492a1-f5bd-49ee-824b-9f8c50761e89/addn_hosts - 4 names
Oct 18 09:28:31.882516 podb-esxi207 dnsmasq-dhcp[3609928]: read /opt/stack/data/neutron/dhcp/b2a492a1-f5bd-49ee-824b-9f8c50761e89/host
Oct 18 09:28:31.882635 podb-esxi207 dnsmasq-dhcp[3609928]: read /opt/stack/data/neutron/dhcp/b2a492a1-f5bd-49ee-824b-9f8c50761e89/opts
Oct 18 09:28:32.658440 podb-esxi207 dnsmasq-dhcp[3605141]: DHCPDISCOVER(tape007af18-13) fa:16:3e:54:f9:d4
Oct 18 09:28:32.658466 podb-esxi207 dnsmasq-dhcp[3605141]: DHCPOFFER(tape007af18-13) 10.1.0.14 fa:16:3e:54:f9:d4
Oct 18 09:28:32.669684 podb-esxi207 dnsmasq-dhcp[3605141]: DHCPREQUEST(tape007af18-13) 10.1.0.14 fa:16:3e:54:f9:d4
Oct 18 09:28:32.669718 podb-esxi207 dnsmasq-dhcp[3605141]: DHCPACK(tape007af18-13) 10.1.0.14 fa:16:3e:54:f9:d4 host-10-1-0-14
Oct 18 09:28:54.360959 podb-esxi207 dnsmasq[3609928]: read /opt/stack/data/neutron/dhcp/b2a492a1-f5bd-49ee-824b-9f8c50761e89/addn_hosts - 6 names
Oct 18 09:28:54.361071 podb-esxi207 dnsmasq-dhcp[3609928]: read /opt/stack/data/neutron/dhcp/b2a492a1-f5bd-49ee-824b-9f8c50761e89/host
Oct 18 09:28:54.361178 podb-esxi207 dnsmasq-dhcp[3609928]: read /opt/stack/data/neutron/dhcp/b2a492a1-f5bd-49ee-824b-9f8c50761e89/opts
Oct 18 09:28:57.885775 podb-esxi207 dnsmasq-dhcp[3609928]: DHCPDISCOVER(tapabcb1407-2c) fa:16:3e:e1:f1:be
Oct 18 09:28:57.885799 podb-esxi207 dnsmasq-dhcp[3609928]: DHCPOFFER(tapabcb1407-2c) 10.1.0.11 fa:16:3e:e1:f1:be
Oct 18 09:28:57.897720 podb-esxi207 dnsmasq-dhcp[3609928]: DHCPREQUEST(tapabcb1407-2c) 10.1.0.11 fa:16:3e:e1:f1:be
Oct 18 09:28:57.897757 podb-esxi207 dnsmasq-dhcp[3609928]: DHCPACK(tapabcb1407-2c) 10.1.0.11 fa:16:3e:e1:f1:be host-10-1-0-11
Oct 18 09:29:27.011141 podb-esxi207 dnsmasq[3576497]: read /opt/stack/data/neutron/dhcp/a41b665b-d347-4e21-8394-c29a73aa79e5/addn_hosts - 2 names
Oct 18 09:29:27.011233 podb-esxi207 dnsmasq-dhcp[3576497]: read /opt/stack/data/neutron/dhcp/a41b665b-d347-4e21-8394-c29a73aa79e5/host
Oct 18 09:29:27.011299 podb-esxi207 dnsmasq-dhcp[3576497]: read /opt/stack/data/neutron/dhcp/a41b665b-d347-4e21-8394-c29a73aa79e5/opts
Oct 18 09:29:39.295452 podb-esxi207 dnsmasq[3576497]: read /opt/stack/data/neutron/dhcp/a41b665b-d347-4e21-8394-c29a73aa79e5/addn_hosts - 0 names
Oct 18 09:29:39.295523 podb-esxi207 dnsmasq-dhcp[3576497]: read /opt/stack/data/neutron/dhcp/a41b665b-d347-4e21-8394-c29a73aa79e5/host
Oct 18 09:29:39.295580 podb-esxi207 dnsmasq-dhcp[3576497]: read /opt/stack/data/neutron/dhcp/a41b665b-d347-4e21-8394-c29a73aa79e5/opts
Oct 18 09:29:42.785847 podb-esxi207 dnsmasq-dhcp[3602406]: DHCPRELEASE(tapb0e370c3-35) 10.1.0.5 fa:16:3e:af:43:6d
Oct 18 09:29:42.802544 podb-esxi207 dnsmasq-dhcp[3602406]: DHCPRELEASE(tapb0e370c3-35) 10.1.0.5 fa:16:3e:af:43:6d unknown lease
Oct 18 09:29:43.628127 podb-esxi207 dnsmasq[3602406]: read /opt/stack/data/neutron/dhcp/c396a17f-cb65-43d1-abc8-dd8bd57d2952/addn_hosts - 2 names
Oct 18 09:29:43.628235 podb-esxi207 dnsmasq-dhcp[3602406]: read /opt/stack/data/neutron/dhcp/c396a17f-cb65-43d1-abc8-dd8bd57d2952/host
Oct 18 09:29:43.628340 podb-esxi207 dnsmasq-dhcp[3602406]: read /opt/stack/data/neutron/dhcp/c396a17f-cb65-43d1-abc8-dd8bd57d2952/opts
Oct 18 09:29:54.371542 podb-esxi207 dnsmasq[3609928]: read /opt/stack/data/neutron/dhcp/b2a492a1-f5bd-49ee-824b-9f8c50761e89/addn_hosts - 8 names
Oct 18 09:29:54.371677 podb-esxi207 dnsmasq-dhcp[3609928]: read /opt/stack/data/neutron/dhcp/b2a492a1-f5bd-49ee-824b-9f8c50761e89/host
Oct 18 09:29:54.371777 podb-esxi207 dnsmasq-dhcp[3609928]: read /opt/stack/data/neutron/dhcp/b2a492a1-f5bd-49ee-824b-9f8c50761e89/opts
Oct 18 09:29:59.196762 podb-esxi207 dnsmasq-dhcp[3605141]: DHCPREQUEST(tape007af18-13) 10.1.0.14 fa:16:3e:54:f9:d4
Oct 18 09:29:59.196793 podb-esxi207 dnsmasq-dhcp[3605141]: DHCPACK(tape007af18-13) 10.1.0.14 fa:16:3e:54:f9:d4 host-10-1-0-14
Oct 18 09:30:05.499491 podb-esxi207 dnsmasq[3602406]: read /opt/stack/data/neutron/dhcp/c396a17f-cb65-43d1-abc8-dd8bd57d2952/addn_hosts - 0 names
Oct 18 09:30:05.499576 podb-esxi207 dnsmasq-dhcp[3602406]: read /opt/stack/data/neutron/dhcp/c396a17f-cb65-43d1-abc8-dd8bd57d2952/host
Oct 18 09:30:05.499673 podb-esxi207 dnsmasq-dhcp[3602406]: read /opt/stack/data/neutron/dhcp/c396a17f-cb65-43d1-abc8-dd8bd57d2952/opts
Oct 18 09:30:06.334803 podb-esxi207 dnsmasq[3602406]: exiting on receipt of SIGTERM
Oct 18 09:30:15.613409 podb-esxi207 dnsmasq-dhcp[3609928]: DHCPDISCOVER(tapabcb1407-2c) fa:16:3e:2c:d2:69
Oct 18 09:30:15.613440 podb-esxi207 dnsmasq-dhcp[3609928]: DHCPOFFER(tapabcb1407-2c) 10.1.0.6 fa:16:3e:2c:d2:69
Oct 18 09:30:15.624540 podb-esxi207 dnsmasq-dhcp[3609928]: DHCPREQUEST(tapabcb1407-2c) 10.1.0.6 fa:16:3e:2c:d2:69
Oct 18 09:30:15.624577 podb-esxi207 dnsmasq-dhcp[3609928]: DHCPACK(tapabcb1407-2c) 10.1.0.6 fa:16:3e:2c:d2:69 host-10-1-0-6
Oct 18 09:30:16.438532 podb-esxi207 dnsmasq[3609928]: read /opt/stack/data/neutron/dhcp/b2a492a1-f5bd-49ee-824b-9f8c50761e89/addn_hosts - 10 names
Oct 18 09:30:16.438664 podb-esxi207 dnsmasq-dhcp[3609928]: read /opt/stack/data/neutron/dhcp/b2a492a1-f5bd-49ee-824b-9f8c50761e89/host
Oct 18 09:30:16.438812 podb-esxi207 dnsmasq-dhcp[3609928]: read /opt/stack/data/neutron/dhcp/b2a492a1-f5bd-49ee-824b-9f8c50761e89/opts
Oct 18 09:30:37.587096 podb-esxi207 dnsmasq-dhcp[3605141]: DHCPRELEASE(tape007af18-13) 10.1.0.14 fa:16:3e:54:f9:d4
Oct 18 09:30:37.604437 podb-esxi207 dnsmasq-dhcp[3605141]: DHCPRELEASE(tape007af18-13) 10.1.0.14 fa:16:3e:54:f9:d4 unknown lease
Oct 18 09:30:38.431067 podb-esxi207 dnsmasq[3605141]: read /opt/stack/data/neutron/dhcp/1f227227-8fa9-4c99-83b2-f07792c490c5/addn_hosts - 2 names
Oct 18 09:30:38.431188 podb-esxi207 dnsmasq-dhcp[3605141]: read /opt/stack/data/neutron/dhcp/1f227227-8fa9-4c99-83b2-f07792c490c5/host
Oct 18 09:30:38.431309 podb-esxi207 dnsmasq-dhcp[3605141]: read /opt/stack/data/neutron/dhcp/1f227227-8fa9-4c99-83b2-f07792c490c5/opts
Oct 18 09:31:15.032045 podb-esxi207 dnsmasq[3609928]: read /opt/stack/data/neutron/dhcp/b2a492a1-f5bd-49ee-824b-9f8c50761e89/addn_hosts - 8 names
Oct 18 09:31:15.032188 podb-esxi207 dnsmasq-dhcp[3609928]: read /opt/stack/data/neutron/dhcp/b2a492a1-f5bd-49ee-824b-9f8c50761e89/host
Oct 18 09:31:15.032290 podb-esxi207 dnsmasq-dhcp[3609928]: read /opt/stack/data/neutron/dhcp/b2a492a1-f5bd-49ee-824b-9f8c50761e89/opts
Oct 18 09:31:24.493565 podb-esxi207 dnsmasq-dhcp[3609928]: DHCPRELEASE(tapabcb1407-2c) 10.1.0.6 fa:16:3e:2c:d2:69
Oct 18 09:31:24.509733 podb-esxi207 dnsmasq-dhcp[3609928]: DHCPRELEASE(tapabcb1407-2c) 10.1.0.6 fa:16:3e:2c:d2:69 unknown lease
Oct 18 09:31:25.334662 podb-esxi207 dnsmasq[3609928]: read /opt/stack/data/neutron/dhcp/b2a492a1-f5bd-49ee-824b-9f8c50761e89/addn_hosts - 6 names
Oct 18 09:31:25.334862 podb-esxi207 dnsmasq-dhcp[3609928]: read /opt/stack/data/neutron/dhcp/b2a492a1-f5bd-49ee-824b-9f8c50761e89/host
Oct 18 09:31:25.335030 podb-esxi207 dnsmasq-dhcp[3609928]: read /opt/stack/data/neutron/dhcp/b2a492a1-f5bd-49ee-824b-9f8c50761e89/opts
Oct 18 09:31:32.432306 podb-esxi207 dnsmasq[3609928]: read /opt/stack/data/neutron/dhcp/b2a492a1-f5bd-49ee-824b-9f8c50761e89/addn_hosts - 4 names
Oct 18 09:31:32.432429 podb-esxi207 dnsmasq-dhcp[3609928]: read /opt/stack/data/neutron/dhcp/b2a492a1-f5bd-49ee-824b-9f8c50761e89/host
Oct 18 09:31:32.432552 podb-esxi207 dnsmasq-dhcp[3609928]: read /opt/stack/data/neutron/dhcp/b2a492a1-f5bd-49ee-824b-9f8c50761e89/opts
Oct 18 09:31:42.500559 podb-esxi207 dnsmasq[3605141]: read /opt/stack/data/neutron/dhcp/1f227227-8fa9-4c99-83b2-f07792c490c5/addn_hosts - 0 names
Oct 18 09:31:42.500635 podb-esxi207 dnsmasq-dhcp[3605141]: read /opt/stack/data/neutron/dhcp/1f227227-8fa9-4c99-83b2-f07792c490c5/host
Oct 18 09:31:42.500752 podb-esxi207 dnsmasq-dhcp[3605141]: read /opt/stack/data/neutron/dhcp/1f227227-8fa9-4c99-83b2-f07792c490c5/opts
Oct 18 09:31:42.754383 podb-esxi207 dnsmasq-dhcp[3609928]: DHCPRELEASE(tapabcb1407-2c) 10.1.0.11 fa:16:3e:e1:f1:be
Oct 18 09:31:42.769199 podb-esxi207 dnsmasq-dhcp[3609928]: DHCPRELEASE(tapabcb1407-2c) 10.1.0.11 fa:16:3e:e1:f1:be unknown lease
Oct 18 09:31:43.594457 podb-esxi207 dnsmasq[3609928]: read /opt/stack/data/neutron/dhcp/b2a492a1-f5bd-49ee-824b-9f8c50761e89/addn_hosts - 2 names
Oct 18 09:31:43.594568 podb-esxi207 dnsmasq-dhcp[3609928]: read /opt/stack/data/neutron/dhcp/b2a492a1-f5bd-49ee-824b-9f8c50761e89/host
Oct 18 09:31:43.594677 podb-esxi207 dnsmasq-dhcp[3609928]: read /opt/stack/data/neutron/dhcp/b2a492a1-f5bd-49ee-824b-9f8c50761e89/opts
Oct 18 09:31:43.902937 podb-esxi207 dnsmasq[3605141]: exiting on receipt of SIGTERM
Oct 18 09:31:48.101148 podb-esxi207 dnsmasq[3613549]: started, version 2.90 cachesize 150
Oct 18 09:31:48.101169 podb-esxi207 dnsmasq[3613549]: DNS service limited to local subnets
Oct 18 09:31:48.101185 podb-esxi207 dnsmasq[3613549]: compile time options: IPv6 GNU-getopt DBus no-UBus i18n IDN2 DHCP DHCPv6 no-Lua TFTP conntrack ipset no-nftset auth cryptohash DNSSEC loop-detect inotify dumpfile
Oct 18 09:31:48.101229 podb-esxi207 dnsmasq-dhcp[3613549]: DHCP, static leases only on 10.1.0.0, lease time 1d
Oct 18 09:31:48.101397 podb-esxi207 dnsmasq[3613549]: reading /etc/resolv.conf
Oct 18 09:31:48.101414 podb-esxi207 dnsmasq[3613549]: using nameserver 127.0.0.53#53
Oct 18 09:31:48.101517 podb-esxi207 dnsmasq[3613549]: read /opt/stack/data/neutron/dhcp/fc1142dd-9bf5-4cec-bff0-991b2634ea15/addn_hosts - 0 names
Oct 18 09:31:48.101568 podb-esxi207 dnsmasq-dhcp[3613549]: read /opt/stack/data/neutron/dhcp/fc1142dd-9bf5-4cec-bff0-991b2634ea15/host
Oct 18 09:31:48.101625 podb-esxi207 dnsmasq-dhcp[3613549]: read /opt/stack/data/neutron/dhcp/fc1142dd-9bf5-4cec-bff0-991b2634ea15/opts
Oct 18 09:31:49.145073 podb-esxi207 dnsmasq[3609928]: read /opt/stack/data/neutron/dhcp/b2a492a1-f5bd-49ee-824b-9f8c50761e89/addn_hosts - 0 names
Oct 18 09:31:49.145142 podb-esxi207 dnsmasq-dhcp[3609928]: read /opt/stack/data/neutron/dhcp/b2a492a1-f5bd-49ee-824b-9f8c50761e89/host
Oct 18 09:31:49.145200 podb-esxi207 dnsmasq-dhcp[3609928]: read /opt/stack/data/neutron/dhcp/b2a492a1-f5bd-49ee-824b-9f8c50761e89/opts
Oct 18 09:31:50.412103 podb-esxi207 dnsmasq[3613549]: read /opt/stack/data/neutron/dhcp/fc1142dd-9bf5-4cec-bff0-991b2634ea15/addn_hosts - 2 names
Oct 18 09:31:50.412215 podb-esxi207 dnsmasq-dhcp[3613549]: read /opt/stack/data/neutron/dhcp/fc1142dd-9bf5-4cec-bff0-991b2634ea15/host
Oct 18 09:31:50.412332 podb-esxi207 dnsmasq-dhcp[3613549]: read /opt/stack/data/neutron/dhcp/fc1142dd-9bf5-4cec-bff0-991b2634ea15/opts
Oct 18 09:31:53.866405 podb-esxi207 dnsmasq[3614008]: started, version 2.90 cachesize 150
Oct 18 09:31:53.866431 podb-esxi207 dnsmasq[3614008]: DNS service limited to local subnets
Oct 18 09:31:53.866446 podb-esxi207 dnsmasq[3614008]: compile time options: IPv6 GNU-getopt DBus no-UBus i18n IDN2 DHCP DHCPv6 no-Lua TFTP conntrack ipset no-nftset auth cryptohash DNSSEC loop-detect inotify dumpfile
Oct 18 09:31:53.866482 podb-esxi207 dnsmasq-dhcp[3614008]: DHCP, static leases only on 10.1.0.0, lease time 1d
Oct 18 09:31:53.866637 podb-esxi207 dnsmasq[3614008]: reading /etc/resolv.conf
Oct 18 09:31:53.866653 podb-esxi207 dnsmasq[3614008]: using nameserver 127.0.0.53#53
Oct 18 09:31:53.866823 podb-esxi207 dnsmasq[3614008]: read /opt/stack/data/neutron/dhcp/ec00705a-7c34-4cb1-90cc-4f25f74b64e3/addn_hosts - 2 names
Oct 18 09:31:53.866883 podb-esxi207 dnsmasq-dhcp[3614008]: read /opt/stack/data/neutron/dhcp/ec00705a-7c34-4cb1-90cc-4f25f74b64e3/host
Oct 18 09:31:53.866959 podb-esxi207 dnsmasq-dhcp[3614008]: read /opt/stack/data/neutron/dhcp/ec00705a-7c34-4cb1-90cc-4f25f74b64e3/opts
Oct 18 09:31:54.405154 podb-esxi207 dnsmasq[3609928]: exiting on receipt of SIGTERM
Oct 18 09:31:57.710590 podb-esxi207 dnsmasq[3614473]: started, version 2.90 cachesize 150
Oct 18 09:31:57.710615 podb-esxi207 dnsmasq[3614473]: DNS service limited to local subnets
Oct 18 09:31:57.710630 podb-esxi207 dnsmasq[3614473]: compile time options: IPv6 GNU-getopt DBus no-UBus i18n IDN2 DHCP DHCPv6 no-Lua TFTP conntrack ipset no-nftset auth cryptohash DNSSEC loop-detect inotify dumpfile
Oct 18 09:31:57.710666 podb-esxi207 dnsmasq-dhcp[3614473]: DHCP, static leases only on 10.1.0.0, lease time 1d
Oct 18 09:31:57.710842 podb-esxi207 dnsmasq[3614473]: reading /etc/resolv.conf
Oct 18 09:31:57.710860 podb-esxi207 dnsmasq[3614473]: using nameserver 127.0.0.53#53
Oct 18 09:31:57.710982 podb-esxi207 dnsmasq[3614473]: read /opt/stack/data/neutron/dhcp/6899fbe5-2b01-4435-9c55-c343e1cd5042/addn_hosts - 2 names
Oct 18 09:31:57.711041 podb-esxi207 dnsmasq-dhcp[3614473]: read /opt/stack/data/neutron/dhcp/6899fbe5-2b01-4435-9c55-c343e1cd5042/host
Oct 18 09:31:57.711125 podb-esxi207 dnsmasq-dhcp[3614473]: read /opt/stack/data/neutron/dhcp/6899fbe5-2b01-4435-9c55-c343e1cd5042/opts
Oct 18 09:31:58.253036 podb-esxi207 dnsmasq[3613549]: read /opt/stack/data/neutron/dhcp/fc1142dd-9bf5-4cec-bff0-991b2634ea15/addn_hosts - 2 names
Oct 18 09:31:58.253128 podb-esxi207 dnsmasq-dhcp[3613549]: read /opt/stack/data/neutron/dhcp/fc1142dd-9bf5-4cec-bff0-991b2634ea15/host
Oct 18 09:31:58.253198 podb-esxi207 dnsmasq-dhcp[3613549]: read /opt/stack/data/neutron/dhcp/fc1142dd-9bf5-4cec-bff0-991b2634ea15/opts
Oct 18 09:32:01.074301 podb-esxi207 dnsmasq[3614597]: started, version 2.90 cachesize 150
Oct 18 09:32:01.074326 podb-esxi207 dnsmasq[3614597]: DNS service limited to local subnets
Oct 18 09:32:01.074342 podb-esxi207 dnsmasq[3614597]: compile time options: IPv6 GNU-getopt DBus no-UBus i18n IDN2 DHCP DHCPv6 no-Lua TFTP conntrack ipset no-nftset auth cryptohash DNSSEC loop-detect inotify dumpfile
Oct 18 09:32:01.074377 podb-esxi207 dnsmasq-dhcp[3614597]: DHCP, static leases only on 10.1.0.0, lease time 1d
Oct 18 09:32:01.075900 podb-esxi207 dnsmasq[3614597]: reading /etc/resolv.conf
Oct 18 09:32:01.075924 podb-esxi207 dnsmasq[3614597]: using nameserver 127.0.0.53#53
Oct 18 09:32:01.076055 podb-esxi207 dnsmasq[3614597]: read /opt/stack/data/neutron/dhcp/58239e08-88e9-4b7d-a101-4f1014ed3f28/addn_hosts - 2 names
Oct 18 09:32:01.076115 podb-esxi207 dnsmasq-dhcp[3614597]: read /opt/stack/data/neutron/dhcp/58239e08-88e9-4b7d-a101-4f1014ed3f28/host
Oct 18 09:32:01.076182 podb-esxi207 dnsmasq-dhcp[3614597]: read /opt/stack/data/neutron/dhcp/58239e08-88e9-4b7d-a101-4f1014ed3f28/opts
Oct 18 09:32:02.120157 podb-esxi207 dnsmasq[3614008]: read /opt/stack/data/neutron/dhcp/ec00705a-7c34-4cb1-90cc-4f25f74b64e3/addn_hosts - 2 names
Oct 18 09:32:02.120260 podb-esxi207 dnsmasq-dhcp[3614008]: read /opt/stack/data/neutron/dhcp/ec00705a-7c34-4cb1-90cc-4f25f74b64e3/host
Oct 18 09:32:02.120378 podb-esxi207 dnsmasq-dhcp[3614008]: read /opt/stack/data/neutron/dhcp/ec00705a-7c34-4cb1-90cc-4f25f74b64e3/opts
Oct 18 09:32:03.882813 podb-esxi207 dnsmasq[3614473]: read /opt/stack/data/neutron/dhcp/6899fbe5-2b01-4435-9c55-c343e1cd5042/addn_hosts - 2 names
Oct 18 09:32:03.882908 podb-esxi207 dnsmasq-dhcp[3614473]: read /opt/stack/data/neutron/dhcp/6899fbe5-2b01-4435-9c55-c343e1cd5042/host
Oct 18 09:32:03.882978 podb-esxi207 dnsmasq-dhcp[3614473]: read /opt/stack/data/neutron/dhcp/6899fbe5-2b01-4435-9c55-c343e1cd5042/opts
Oct 18 09:32:04.636823 podb-esxi207 dnsmasq[3613549]: read /opt/stack/data/neutron/dhcp/fc1142dd-9bf5-4cec-bff0-991b2634ea15/addn_hosts - 2 names
Oct 18 09:32:04.636916 podb-esxi207 dnsmasq-dhcp[3613549]: read /opt/stack/data/neutron/dhcp/fc1142dd-9bf5-4cec-bff0-991b2634ea15/host
Oct 18 09:32:04.637032 podb-esxi207 dnsmasq-dhcp[3613549]: read /opt/stack/data/neutron/dhcp/fc1142dd-9bf5-4cec-bff0-991b2634ea15/opts
Oct 18 09:32:05.900171 podb-esxi207 dnsmasq[3614597]: read /opt/stack/data/neutron/dhcp/58239e08-88e9-4b7d-a101-4f1014ed3f28/addn_hosts - 2 names
Oct 18 09:32:05.900266 podb-esxi207 dnsmasq-dhcp[3614597]: read /opt/stack/data/neutron/dhcp/58239e08-88e9-4b7d-a101-4f1014ed3f28/host
Oct 18 09:32:05.900376 podb-esxi207 dnsmasq-dhcp[3614597]: read /opt/stack/data/neutron/dhcp/58239e08-88e9-4b7d-a101-4f1014ed3f28/opts
Oct 18 09:32:06.656176 podb-esxi207 dnsmasq[3614008]: read /opt/stack/data/neutron/dhcp/ec00705a-7c34-4cb1-90cc-4f25f74b64e3/addn_hosts - 2 names
Oct 18 09:32:06.656275 podb-esxi207 dnsmasq-dhcp[3614008]: read /opt/stack/data/neutron/dhcp/ec00705a-7c34-4cb1-90cc-4f25f74b64e3/host
Oct 18 09:32:06.656395 podb-esxi207 dnsmasq-dhcp[3614008]: read /opt/stack/data/neutron/dhcp/ec00705a-7c34-4cb1-90cc-4f25f74b64e3/opts
Oct 18 09:32:07.940180 podb-esxi207 dnsmasq[3614473]: read /opt/stack/data/neutron/dhcp/6899fbe5-2b01-4435-9c55-c343e1cd5042/addn_hosts - 2 names
Oct 18 09:32:07.940302 podb-esxi207 dnsmasq-dhcp[3614473]: read /opt/stack/data/neutron/dhcp/6899fbe5-2b01-4435-9c55-c343e1cd5042/host
Oct 18 09:32:07.940414 podb-esxi207 dnsmasq-dhcp[3614473]: read /opt/stack/data/neutron/dhcp/6899fbe5-2b01-4435-9c55-c343e1cd5042/opts
Oct 18 09:32:08.705964 podb-esxi207 dnsmasq[3613549]: read /opt/stack/data/neutron/dhcp/fc1142dd-9bf5-4cec-bff0-991b2634ea15/addn_hosts - 4 names
Oct 18 09:32:08.706119 podb-esxi207 dnsmasq-dhcp[3613549]: read /opt/stack/data/neutron/dhcp/fc1142dd-9bf5-4cec-bff0-991b2634ea15/host
Oct 18 09:32:08.706232 podb-esxi207 dnsmasq-dhcp[3613549]: read /opt/stack/data/neutron/dhcp/fc1142dd-9bf5-4cec-bff0-991b2634ea15/opts
Oct 18 09:32:09.474770 podb-esxi207 dnsmasq[3614597]: read /opt/stack/data/neutron/dhcp/58239e08-88e9-4b7d-a101-4f1014ed3f28/addn_hosts - 2 names
Oct 18 09:32:09.474938 podb-esxi207 dnsmasq-dhcp[3614597]: read /opt/stack/data/neutron/dhcp/58239e08-88e9-4b7d-a101-4f1014ed3f28/host
Oct 18 09:32:09.475066 podb-esxi207 dnsmasq-dhcp[3614597]: read /opt/stack/data/neutron/dhcp/58239e08-88e9-4b7d-a101-4f1014ed3f28/opts
Oct 18 09:32:10.231470 podb-esxi207 dnsmasq[3614008]: read /opt/stack/data/neutron/dhcp/ec00705a-7c34-4cb1-90cc-4f25f74b64e3/addn_hosts - 2 names
Oct 18 09:32:10.231615 podb-esxi207 dnsmasq-dhcp[3614008]: read /opt/stack/data/neutron/dhcp/ec00705a-7c34-4cb1-90cc-4f25f74b64e3/host
Oct 18 09:32:10.231730 podb-esxi207 dnsmasq-dhcp[3614008]: read /opt/stack/data/neutron/dhcp/ec00705a-7c34-4cb1-90cc-4f25f74b64e3/opts
Oct 18 09:32:11.496999 podb-esxi207 dnsmasq[3614473]: read /opt/stack/data/neutron/dhcp/6899fbe5-2b01-4435-9c55-c343e1cd5042/addn_hosts - 2 names
Oct 18 09:32:11.497102 podb-esxi207 dnsmasq-dhcp[3614473]: read /opt/stack/data/neutron/dhcp/6899fbe5-2b01-4435-9c55-c343e1cd5042/host
Oct 18 09:32:11.497175 podb-esxi207 dnsmasq-dhcp[3614473]: read /opt/stack/data/neutron/dhcp/6899fbe5-2b01-4435-9c55-c343e1cd5042/opts
Oct 18 09:32:12.264620 podb-esxi207 dnsmasq[3614597]: read /opt/stack/data/neutron/dhcp/58239e08-88e9-4b7d-a101-4f1014ed3f28/addn_hosts - 2 names
Oct 18 09:32:12.264699 podb-esxi207 dnsmasq-dhcp[3614597]: read /opt/stack/data/neutron/dhcp/58239e08-88e9-4b7d-a101-4f1014ed3f28/host
Oct 18 09:32:12.264797 podb-esxi207 dnsmasq-dhcp[3614597]: read /opt/stack/data/neutron/dhcp/58239e08-88e9-4b7d-a101-4f1014ed3f28/opts
Oct 18 09:32:13.005217 podb-esxi207 dnsmasq[3614008]: read /opt/stack/data/neutron/dhcp/ec00705a-7c34-4cb1-90cc-4f25f74b64e3/addn_hosts - 4 names
Oct 18 09:32:13.005343 podb-esxi207 dnsmasq-dhcp[3614008]: read /opt/stack/data/neutron/dhcp/ec00705a-7c34-4cb1-90cc-4f25f74b64e3/host
Oct 18 09:32:13.005448 podb-esxi207 dnsmasq-dhcp[3614008]: read /opt/stack/data/neutron/dhcp/ec00705a-7c34-4cb1-90cc-4f25f74b64e3/opts
Oct 18 09:32:18.636111 podb-esxi207 dnsmasq[3614473]: read /opt/stack/data/neutron/dhcp/6899fbe5-2b01-4435-9c55-c343e1cd5042/addn_hosts - 4 names
Oct 18 09:32:18.636235 podb-esxi207 dnsmasq-dhcp[3614473]: read /opt/stack/data/neutron/dhcp/6899fbe5-2b01-4435-9c55-c343e1cd5042/host
Oct 18 09:32:18.636346 podb-esxi207 dnsmasq-dhcp[3614473]: read /opt/stack/data/neutron/dhcp/6899fbe5-2b01-4435-9c55-c343e1cd5042/opts
Oct 18 09:32:21.080165 podb-esxi207 dnsmasq-dhcp[3613549]: DHCPDISCOVER(tap282ed3d0-09) fa:16:3e:1c:c9:02
Oct 18 09:32:21.080190 podb-esxi207 dnsmasq-dhcp[3613549]: DHCPOFFER(tap282ed3d0-09) 10.1.0.3 fa:16:3e:1c:c9:02
Oct 18 09:32:21.091399 podb-esxi207 dnsmasq-dhcp[3613549]: DHCPREQUEST(tap282ed3d0-09) 10.1.0.3 fa:16:3e:1c:c9:02
Oct 18 09:32:21.091425 podb-esxi207 dnsmasq-dhcp[3613549]: DHCPACK(tap282ed3d0-09) 10.1.0.3 fa:16:3e:1c:c9:02 host-10-1-0-3
Oct 18 09:32:24.062841 podb-esxi207 dnsmasq-dhcp[3614008]: DHCPDISCOVER(tapeb5b6ce1-70) fa:16:3e:1f:0a:c2
Oct 18 09:32:24.062865 podb-esxi207 dnsmasq-dhcp[3614008]: DHCPOFFER(tapeb5b6ce1-70) 10.1.0.7 fa:16:3e:1f:0a:c2
Oct 18 09:32:24.073999 podb-esxi207 dnsmasq-dhcp[3614008]: DHCPREQUEST(tapeb5b6ce1-70) 10.1.0.7 fa:16:3e:1f:0a:c2
Oct 18 09:32:24.074029 podb-esxi207 dnsmasq-dhcp[3614008]: DHCPACK(tapeb5b6ce1-70) 10.1.0.7 fa:16:3e:1f:0a:c2 host-10-1-0-7
Oct 18 09:32:38.235379 podb-esxi207 dnsmasq[3614473]: read /opt/stack/data/neutron/dhcp/6899fbe5-2b01-4435-9c55-c343e1cd5042/addn_hosts - 6 names
Oct 18 09:32:38.235485 podb-esxi207 dnsmasq-dhcp[3614473]: read /opt/stack/data/neutron/dhcp/6899fbe5-2b01-4435-9c55-c343e1cd5042/host
Oct 18 09:32:38.235563 podb-esxi207 dnsmasq-dhcp[3614473]: read /opt/stack/data/neutron/dhcp/6899fbe5-2b01-4435-9c55-c343e1cd5042/opts
Oct 18 09:32:44.174168 podb-esxi207 dnsmasq-dhcp[3614473]: DHCPDISCOVER(tap4e580fa5-84) fa:16:3e:d4:04:80
Oct 18 09:32:44.174196 podb-esxi207 dnsmasq-dhcp[3614473]: DHCPOFFER(tap4e580fa5-84) 10.1.0.6 fa:16:3e:d4:04:80
Oct 18 09:32:44.187858 podb-esxi207 dnsmasq-dhcp[3614473]: DHCPREQUEST(tap4e580fa5-84) 10.1.0.6 fa:16:3e:d4:04:80
Oct 18 09:32:44.187890 podb-esxi207 dnsmasq-dhcp[3614473]: DHCPACK(tap4e580fa5-84) 10.1.0.6 fa:16:3e:d4:04:80 host-10-1-0-6
Oct 18 09:32:53.877446 podb-esxi207 dnsmasq[3614473]: read /opt/stack/data/neutron/dhcp/6899fbe5-2b01-4435-9c55-c343e1cd5042/addn_hosts - 8 names
Oct 18 09:32:53.877543 podb-esxi207 dnsmasq-dhcp[3614473]: read /opt/stack/data/neutron/dhcp/6899fbe5-2b01-4435-9c55-c343e1cd5042/host
Oct 18 09:32:53.877638 podb-esxi207 dnsmasq-dhcp[3614473]: read /opt/stack/data/neutron/dhcp/6899fbe5-2b01-4435-9c55-c343e1cd5042/opts
Oct 18 09:33:00.615295 podb-esxi207 dnsmasq-dhcp[3614473]: DHCPDISCOVER(tap4e580fa5-84) fa:16:3e:c6:6e:79
Oct 18 09:33:00.615324 podb-esxi207 dnsmasq-dhcp[3614473]: DHCPOFFER(tap4e580fa5-84) 10.1.0.9 fa:16:3e:c6:6e:79
Oct 18 09:33:00.624129 podb-esxi207 dnsmasq-dhcp[3614473]: DHCPREQUEST(tap4e580fa5-84) 10.1.0.9 fa:16:3e:c6:6e:79
Oct 18 09:33:00.624162 podb-esxi207 dnsmasq-dhcp[3614473]: DHCPACK(tap4e580fa5-84) 10.1.0.9 fa:16:3e:c6:6e:79 host-10-1-0-9
Oct 18 09:33:16.633184 podb-esxi207 dnsmasq-dhcp[3614473]: DHCPDISCOVER(tap4e580fa5-84) fa:16:3e:68:46:47
Oct 18 09:33:16.633210 podb-esxi207 dnsmasq-dhcp[3614473]: DHCPOFFER(tap4e580fa5-84) 10.1.0.12 fa:16:3e:68:46:47
Oct 18 09:33:16.643151 podb-esxi207 dnsmasq-dhcp[3614473]: DHCPREQUEST(tap4e580fa5-84) 10.1.0.12 fa:16:3e:68:46:47
Oct 18 09:33:16.643183 podb-esxi207 dnsmasq-dhcp[3614473]: DHCPACK(tap4e580fa5-84) 10.1.0.12 fa:16:3e:68:46:47 host-10-1-0-12
Oct 18 09:33:42.358664 podb-esxi207 dnsmasq-dhcp[3613549]: DHCPREQUEST(tap282ed3d0-09) 10.1.0.3 fa:16:3e:1c:c9:02
Oct 18 09:33:42.358695 podb-esxi207 dnsmasq-dhcp[3613549]: DHCPACK(tap282ed3d0-09) 10.1.0.3 fa:16:3e:1c:c9:02 host-10-1-0-3
Oct 18 09:34:28.718295 podb-esxi207 dnsmasq[3614473]: read /opt/stack/data/neutron/dhcp/6899fbe5-2b01-4435-9c55-c343e1cd5042/addn_hosts - 10 names
Oct 18 09:34:28.718444 podb-esxi207 dnsmasq-dhcp[3614473]: read /opt/stack/data/neutron/dhcp/6899fbe5-2b01-4435-9c55-c343e1cd5042/host
Oct 18 09:34:28.718561 podb-esxi207 dnsmasq-dhcp[3614473]: read /opt/stack/data/neutron/dhcp/6899fbe5-2b01-4435-9c55-c343e1cd5042/opts
Oct 18 09:34:30.502443 podb-esxi207 dnsmasq-dhcp[3614008]: DHCPRELEASE(tapeb5b6ce1-70) 10.1.0.7 fa:16:3e:1f:0a:c2
Oct 18 09:34:30.518984 podb-esxi207 dnsmasq-dhcp[3614008]: DHCPRELEASE(tapeb5b6ce1-70) 10.1.0.7 fa:16:3e:1f:0a:c2 unknown lease
Oct 18 09:34:31.342547 podb-esxi207 dnsmasq[3614008]: read /opt/stack/data/neutron/dhcp/ec00705a-7c34-4cb1-90cc-4f25f74b64e3/addn_hosts - 2 names
Oct 18 09:34:31.342654 podb-esxi207 dnsmasq-dhcp[3614008]: read /opt/stack/data/neutron/dhcp/ec00705a-7c34-4cb1-90cc-4f25f74b64e3/host
Oct 18 09:34:31.342796 podb-esxi207 dnsmasq-dhcp[3614008]: read /opt/stack/data/neutron/dhcp/ec00705a-7c34-4cb1-90cc-4f25f74b64e3/opts
Oct 18 09:34:44.738325 podb-esxi207 dnsmasq[3614473]: read /opt/stack/data/neutron/dhcp/6899fbe5-2b01-4435-9c55-c343e1cd5042/addn_hosts - 12 names
Oct 18 09:34:44.738456 podb-esxi207 dnsmasq-dhcp[3614473]: read /opt/stack/data/neutron/dhcp/6899fbe5-2b01-4435-9c55-c343e1cd5042/host
Oct 18 09:34:44.738561 podb-esxi207 dnsmasq-dhcp[3614473]: read /opt/stack/data/neutron/dhcp/6899fbe5-2b01-4435-9c55-c343e1cd5042/opts
Oct 18 09:34:53.286824 podb-esxi207 dnsmasq-dhcp[3614473]: DHCPDISCOVER(tap4e580fa5-84) fa:16:3e:65:20:66
Oct 18 09:34:53.286855 podb-esxi207 dnsmasq-dhcp[3614473]: DHCPOFFER(tap4e580fa5-84) 10.1.0.4 fa:16:3e:65:20:66
Oct 18 09:34:53.297961 podb-esxi207 dnsmasq-dhcp[3614473]: DHCPREQUEST(tap4e580fa5-84) 10.1.0.4 fa:16:3e:65:20:66
Oct 18 09:34:53.297998 podb-esxi207 dnsmasq-dhcp[3614473]: DHCPACK(tap4e580fa5-84) 10.1.0.4 fa:16:3e:65:20:66 host-10-1-0-4
Oct 18 09:34:56.173961 podb-esxi207 dnsmasq-dhcp[3614008]: DHCPRELEASE(tapeb5b6ce1-70) 10.1.0.1 fa:16:3e:fe:34:06
Oct 18 09:34:56.997720 podb-esxi207 dnsmasq[3614008]: read /opt/stack/data/neutron/dhcp/ec00705a-7c34-4cb1-90cc-4f25f74b64e3/addn_hosts - 0 names
Oct 18 09:34:56.997802 podb-esxi207 dnsmasq-dhcp[3614008]: read /opt/stack/data/neutron/dhcp/ec00705a-7c34-4cb1-90cc-4f25f74b64e3/host
Oct 18 09:34:56.997878 podb-esxi207 dnsmasq-dhcp[3614008]: read /opt/stack/data/neutron/dhcp/ec00705a-7c34-4cb1-90cc-4f25f74b64e3/opts
Oct 18 09:34:57.771962 podb-esxi207 dnsmasq[3614008]: exiting on receipt of SIGTERM
Oct 18 09:34:58.383014 podb-esxi207 dnsmasq-dhcp[3614597]: DHCPRELEASE(tapfeb01269-5d) 10.1.0.1 fa:16:3e:a0:86:7e
Oct 18 09:34:59.205121 podb-esxi207 dnsmasq[3614597]: read /opt/stack/data/neutron/dhcp/58239e08-88e9-4b7d-a101-4f1014ed3f28/addn_hosts - 0 names
Oct 18 09:34:59.205225 podb-esxi207 dnsmasq-dhcp[3614597]: read /opt/stack/data/neutron/dhcp/58239e08-88e9-4b7d-a101-4f1014ed3f28/host
Oct 18 09:34:59.205319 podb-esxi207 dnsmasq-dhcp[3614597]: read /opt/stack/data/neutron/dhcp/58239e08-88e9-4b7d-a101-4f1014ed3f28/opts
Oct 18 09:34:59.458022 podb-esxi207 dnsmasq[3614597]: exiting on receipt of SIGTERM
Oct 18 09:35:09.256845 podb-esxi207 dnsmasq-dhcp[3614473]: DHCPDISCOVER(tap4e580fa5-84) fa:16:3e:c0:e6:5e
Oct 18 09:35:09.256881 podb-esxi207 dnsmasq-dhcp[3614473]: DHCPOFFER(tap4e580fa5-84) 10.1.0.5 fa:16:3e:c0:e6:5e
Oct 18 09:35:09.276057 podb-esxi207 dnsmasq-dhcp[3614473]: DHCPREQUEST(tap4e580fa5-84) 10.1.0.5 fa:16:3e:c0:e6:5e
Oct 18 09:35:09.276093 podb-esxi207 dnsmasq-dhcp[3614473]: DHCPACK(tap4e580fa5-84) 10.1.0.5 fa:16:3e:c0:e6:5e host-10-1-0-5
Oct 18 09:35:10.267489 podb-esxi207 dnsmasq-dhcp[3613549]: DHCPREQUEST(tap282ed3d0-09) 10.1.0.3 fa:16:3e:1c:c9:02
Oct 18 09:35:10.267521 podb-esxi207 dnsmasq-dhcp[3613549]: DHCPACK(tap282ed3d0-09) 10.1.0.3 fa:16:3e:1c:c9:02 host-10-1-0-3
Oct 18 09:35:49.266902 podb-esxi207 dnsmasq-dhcp[3613549]: DHCPRELEASE(tap282ed3d0-09) 10.1.0.3 fa:16:3e:1c:c9:02
Oct 18 09:35:49.282380 podb-esxi207 dnsmasq-dhcp[3613549]: DHCPRELEASE(tap282ed3d0-09) 10.1.0.3 fa:16:3e:1c:c9:02 unknown lease
Oct 18 09:35:50.105596 podb-esxi207 dnsmasq[3613549]: read /opt/stack/data/neutron/dhcp/fc1142dd-9bf5-4cec-bff0-991b2634ea15/addn_hosts - 2 names
Oct 18 09:35:50.105677 podb-esxi207 dnsmasq-dhcp[3613549]: read /opt/stack/data/neutron/dhcp/fc1142dd-9bf5-4cec-bff0-991b2634ea15/host
Oct 18 09:35:50.105771 podb-esxi207 dnsmasq-dhcp[3613549]: read /opt/stack/data/neutron/dhcp/fc1142dd-9bf5-4cec-bff0-991b2634ea15/opts
Oct 18 09:35:55.575038 podb-esxi207 dnsmasq-dhcp[3614473]: DHCPREQUEST(tap4e580fa5-84) 10.1.0.4 fa:16:3e:65:20:66
Oct 18 09:35:55.575068 podb-esxi207 dnsmasq-dhcp[3614473]: DHCPACK(tap4e580fa5-84) 10.1.0.4 fa:16:3e:65:20:66 host-10-1-0-4
Oct 18 09:36:03.369704 podb-esxi207 dnsmasq[3613549]: read /opt/stack/data/neutron/dhcp/fc1142dd-9bf5-4cec-bff0-991b2634ea15/addn_hosts - 4 names
Oct 18 09:36:03.369828 podb-esxi207 dnsmasq-dhcp[3613549]: read /opt/stack/data/neutron/dhcp/fc1142dd-9bf5-4cec-bff0-991b2634ea15/host
Oct 18 09:36:03.369945 podb-esxi207 dnsmasq-dhcp[3613549]: read /opt/stack/data/neutron/dhcp/fc1142dd-9bf5-4cec-bff0-991b2634ea15/opts
Oct 18 09:36:29.817096 podb-esxi207 dnsmasq-dhcp[3613549]: DHCPDISCOVER(tap282ed3d0-09) fa:16:3e:1b:8b:9b
Oct 18 09:36:29.817121 podb-esxi207 dnsmasq-dhcp[3613549]: DHCPOFFER(tap282ed3d0-09) 10.1.0.7 fa:16:3e:1b:8b:9b
Oct 18 09:36:29.826998 podb-esxi207 dnsmasq-dhcp[3613549]: DHCPREQUEST(tap282ed3d0-09) 10.1.0.7 fa:16:3e:1b:8b:9b
Oct 18 09:36:29.827021 podb-esxi207 dnsmasq-dhcp[3613549]: DHCPACK(tap282ed3d0-09) 10.1.0.7 fa:16:3e:1b:8b:9b host-10-1-0-7
Oct 18 09:36:34.729282 podb-esxi207 dnsmasq-dhcp[3614473]: DHCPREQUEST(tap4e580fa5-84) 10.1.0.5 fa:16:3e:c0:e6:5e
Oct 18 09:36:34.729310 podb-esxi207 dnsmasq-dhcp[3614473]: DHCPACK(tap4e580fa5-84) 10.1.0.5 fa:16:3e:c0:e6:5e host-10-1-0-5
Oct 18 09:37:29.706601 podb-esxi207 dnsmasq-dhcp[3614473]: DHCPRELEASE(tap4e580fa5-84) 10.1.0.5 fa:16:3e:c0:e6:5e
Oct 18 09:37:29.721161 podb-esxi207 dnsmasq-dhcp[3614473]: DHCPRELEASE(tap4e580fa5-84) 10.1.0.5 fa:16:3e:c0:e6:5e unknown lease
Oct 18 09:37:30.550219 podb-esxi207 dnsmasq[3614473]: read /opt/stack/data/neutron/dhcp/6899fbe5-2b01-4435-9c55-c343e1cd5042/addn_hosts - 10 names
Oct 18 09:37:30.550366 podb-esxi207 dnsmasq-dhcp[3614473]: read /opt/stack/data/neutron/dhcp/6899fbe5-2b01-4435-9c55-c343e1cd5042/host
Oct 18 09:37:30.550482 podb-esxi207 dnsmasq-dhcp[3614473]: read /opt/stack/data/neutron/dhcp/6899fbe5-2b01-4435-9c55-c343e1cd5042/opts
Oct 18 09:37:36.869075 podb-esxi207 dnsmasq-dhcp[3614473]: DHCPRELEASE(tap4e580fa5-84) 10.1.0.4 fa:16:3e:65:20:66
Oct 18 09:37:36.885267 podb-esxi207 dnsmasq-dhcp[3614473]: DHCPRELEASE(tap4e580fa5-84) 10.1.0.4 fa:16:3e:65:20:66 unknown lease
Oct 18 09:37:37.710835 podb-esxi207 dnsmasq[3614473]: read /opt/stack/data/neutron/dhcp/6899fbe5-2b01-4435-9c55-c343e1cd5042/addn_hosts - 8 names
Oct 18 09:37:37.710938 podb-esxi207 dnsmasq-dhcp[3614473]: read /opt/stack/data/neutron/dhcp/6899fbe5-2b01-4435-9c55-c343e1cd5042/host
Oct 18 09:37:37.711011 podb-esxi207 dnsmasq-dhcp[3614473]: read /opt/stack/data/neutron/dhcp/6899fbe5-2b01-4435-9c55-c343e1cd5042/opts
Oct 18 09:37:41.176630 podb-esxi207 dnsmasq[3620195]: started, version 2.90 cachesize 150
Oct 18 09:37:41.176655 podb-esxi207 dnsmasq[3620195]: DNS service limited to local subnets
Oct 18 09:37:41.176670 podb-esxi207 dnsmasq[3620195]: compile time options: IPv6 GNU-getopt DBus no-UBus i18n IDN2 DHCP DHCPv6 no-Lua TFTP conntrack ipset no-nftset auth cryptohash DNSSEC loop-detect inotify dumpfile
Oct 18 09:37:41.176715 podb-esxi207 dnsmasq-dhcp[3620195]: DHCP, static leases only on 10.1.0.0, lease time 1d
Oct 18 09:37:41.176868 podb-esxi207 dnsmasq[3620195]: reading /etc/resolv.conf
Oct 18 09:37:41.176885 podb-esxi207 dnsmasq[3620195]: using nameserver 127.0.0.53#53
Oct 18 09:37:41.176980 podb-esxi207 dnsmasq[3620195]: read /opt/stack/data/neutron/dhcp/1061d42c-86f9-4b65-a5cf-d487dfe77af1/addn_hosts - 0 names
Oct 18 09:37:41.177036 podb-esxi207 dnsmasq-dhcp[3620195]: read /opt/stack/data/neutron/dhcp/1061d42c-86f9-4b65-a5cf-d487dfe77af1/host
Oct 18 09:37:41.177094 podb-esxi207 dnsmasq-dhcp[3620195]: read /opt/stack/data/neutron/dhcp/1061d42c-86f9-4b65-a5cf-d487dfe77af1/opts
Oct 18 09:37:42.718361 podb-esxi207 dnsmasq[3620195]: read /opt/stack/data/neutron/dhcp/1061d42c-86f9-4b65-a5cf-d487dfe77af1/addn_hosts - 2 names
Oct 18 09:37:42.718471 podb-esxi207 dnsmasq-dhcp[3620195]: read /opt/stack/data/neutron/dhcp/1061d42c-86f9-4b65-a5cf-d487dfe77af1/host
Oct 18 09:37:42.718586 podb-esxi207 dnsmasq-dhcp[3620195]: read /opt/stack/data/neutron/dhcp/1061d42c-86f9-4b65-a5cf-d487dfe77af1/opts
Oct 18 09:37:45.674317 podb-esxi207 dnsmasq[3620510]: started, version 2.90 cachesize 150
Oct 18 09:37:45.674342 podb-esxi207 dnsmasq[3620510]: DNS service limited to local subnets
Oct 18 09:37:45.674357 podb-esxi207 dnsmasq[3620510]: compile time options: IPv6 GNU-getopt DBus no-UBus i18n IDN2 DHCP DHCPv6 no-Lua TFTP conntrack ipset no-nftset auth cryptohash DNSSEC loop-detect inotify dumpfile
Oct 18 09:37:45.674392 podb-esxi207 dnsmasq-dhcp[3620510]: DHCP, static leases only on 10.1.0.0, lease time 1d
Oct 18 09:37:45.674554 podb-esxi207 dnsmasq[3620510]: reading /etc/resolv.conf
Oct 18 09:37:45.674571 podb-esxi207 dnsmasq[3620510]: using nameserver 127.0.0.53#53
Oct 18 09:37:45.674649 podb-esxi207 dnsmasq[3620510]: read /opt/stack/data/neutron/dhcp/ef1071a8-229d-4d30-acb1-c071b53e98c2/addn_hosts - 0 names
Oct 18 09:37:45.674704 podb-esxi207 dnsmasq-dhcp[3620510]: read /opt/stack/data/neutron/dhcp/ef1071a8-229d-4d30-acb1-c071b53e98c2/host
Oct 18 09:37:45.674798 podb-esxi207 dnsmasq-dhcp[3620510]: read /opt/stack/data/neutron/dhcp/ef1071a8-229d-4d30-acb1-c071b53e98c2/opts
Oct 18 09:37:46.717567 podb-esxi207 dnsmasq[3620195]: read /opt/stack/data/neutron/dhcp/1061d42c-86f9-4b65-a5cf-d487dfe77af1/addn_hosts - 2 names
Oct 18 09:37:46.717664 podb-esxi207 dnsmasq-dhcp[3620195]: read /opt/stack/data/neutron/dhcp/1061d42c-86f9-4b65-a5cf-d487dfe77af1/host
Oct 18 09:37:46.717757 podb-esxi207 dnsmasq-dhcp[3620195]: read /opt/stack/data/neutron/dhcp/1061d42c-86f9-4b65-a5cf-d487dfe77af1/opts
Oct 18 09:37:47.993524 podb-esxi207 dnsmasq[3620510]: read /opt/stack/data/neutron/dhcp/ef1071a8-229d-4d30-acb1-c071b53e98c2/addn_hosts - 2 names
Oct 18 09:37:47.993615 podb-esxi207 dnsmasq-dhcp[3620510]: read /opt/stack/data/neutron/dhcp/ef1071a8-229d-4d30-acb1-c071b53e98c2/host
Oct 18 09:37:47.993709 podb-esxi207 dnsmasq-dhcp[3620510]: read /opt/stack/data/neutron/dhcp/ef1071a8-229d-4d30-acb1-c071b53e98c2/opts
Oct 18 09:37:49.246620 podb-esxi207 dnsmasq[3620195]: read /opt/stack/data/neutron/dhcp/1061d42c-86f9-4b65-a5cf-d487dfe77af1/addn_hosts - 2 names
Oct 18 09:37:49.246705 podb-esxi207 dnsmasq-dhcp[3620195]: read /opt/stack/data/neutron/dhcp/1061d42c-86f9-4b65-a5cf-d487dfe77af1/host
Oct 18 09:37:49.246868 podb-esxi207 dnsmasq-dhcp[3620195]: read /opt/stack/data/neutron/dhcp/1061d42c-86f9-4b65-a5cf-d487dfe77af1/opts
Oct 18 09:37:50.023938 podb-esxi207 dnsmasq[3620510]: read /opt/stack/data/neutron/dhcp/ef1071a8-229d-4d30-acb1-c071b53e98c2/addn_hosts - 2 names
Oct 18 09:37:50.024072 podb-esxi207 dnsmasq-dhcp[3620510]: read /opt/stack/data/neutron/dhcp/ef1071a8-229d-4d30-acb1-c071b53e98c2/host
Oct 18 09:37:50.024191 podb-esxi207 dnsmasq-dhcp[3620510]: read /opt/stack/data/neutron/dhcp/ef1071a8-229d-4d30-acb1-c071b53e98c2/opts
Oct 18 09:37:50.272523 podb-esxi207 dnsmasq-dhcp[3614473]: DHCPRELEASE(tap4e580fa5-84) 10.1.0.12 fa:16:3e:68:46:47
Oct 18 09:37:50.288981 podb-esxi207 dnsmasq-dhcp[3614473]: DHCPRELEASE(tap4e580fa5-84) 10.1.0.12 fa:16:3e:68:46:47 unknown lease
Oct 18 09:37:51.113782 podb-esxi207 dnsmasq[3614473]: read /opt/stack/data/neutron/dhcp/6899fbe5-2b01-4435-9c55-c343e1cd5042/addn_hosts - 6 names
Oct 18 09:37:51.113911 podb-esxi207 dnsmasq-dhcp[3614473]: read /opt/stack/data/neutron/dhcp/6899fbe5-2b01-4435-9c55-c343e1cd5042/host
Oct 18 09:37:51.114027 podb-esxi207 dnsmasq-dhcp[3614473]: read /opt/stack/data/neutron/dhcp/6899fbe5-2b01-4435-9c55-c343e1cd5042/opts
Oct 18 09:37:52.384351 podb-esxi207 dnsmasq[3620510]: read /opt/stack/data/neutron/dhcp/ef1071a8-229d-4d30-acb1-c071b53e98c2/addn_hosts - 2 names
Oct 18 09:37:52.384444 podb-esxi207 dnsmasq-dhcp[3620510]: read /opt/stack/data/neutron/dhcp/ef1071a8-229d-4d30-acb1-c071b53e98c2/host
Oct 18 09:37:52.384543 podb-esxi207 dnsmasq-dhcp[3620510]: read /opt/stack/data/neutron/dhcp/ef1071a8-229d-4d30-acb1-c071b53e98c2/opts
Oct 18 09:37:55.989308 podb-esxi207 dnsmasq-dhcp[3614473]: DHCPRELEASE(tap4e580fa5-84) 10.1.0.9 fa:16:3e:c6:6e:79
Oct 18 09:37:56.005458 podb-esxi207 dnsmasq-dhcp[3614473]: DHCPRELEASE(tap4e580fa5-84) 10.1.0.9 fa:16:3e:c6:6e:79 unknown lease
Oct 18 09:37:56.830117 podb-esxi207 dnsmasq[3614473]: read /opt/stack/data/neutron/dhcp/6899fbe5-2b01-4435-9c55-c343e1cd5042/addn_hosts - 4 names
Oct 18 09:37:56.830261 podb-esxi207 dnsmasq-dhcp[3614473]: read /opt/stack/data/neutron/dhcp/6899fbe5-2b01-4435-9c55-c343e1cd5042/host
Oct 18 09:37:56.830378 podb-esxi207 dnsmasq-dhcp[3614473]: read /opt/stack/data/neutron/dhcp/6899fbe5-2b01-4435-9c55-c343e1cd5042/opts
Oct 18 09:38:04.122791 podb-esxi207 dnsmasq-dhcp[3614473]: DHCPRELEASE(tap4e580fa5-84) 10.1.0.6 fa:16:3e:d4:04:80
Oct 18 09:38:04.137879 podb-esxi207 dnsmasq-dhcp[3614473]: DHCPRELEASE(tap4e580fa5-84) 10.1.0.6 fa:16:3e:d4:04:80 unknown lease
Oct 18 09:38:04.972908 podb-esxi207 dnsmasq[3614473]: read /opt/stack/data/neutron/dhcp/6899fbe5-2b01-4435-9c55-c343e1cd5042/addn_hosts - 2 names
Oct 18 09:38:04.973045 podb-esxi207 dnsmasq-dhcp[3614473]: read /opt/stack/data/neutron/dhcp/6899fbe5-2b01-4435-9c55-c343e1cd5042/host
Oct 18 09:38:04.973168 podb-esxi207 dnsmasq-dhcp[3614473]: read /opt/stack/data/neutron/dhcp/6899fbe5-2b01-4435-9c55-c343e1cd5042/opts
Oct 18 09:38:09.607498 podb-esxi207 dnsmasq[3620195]: read /opt/stack/data/neutron/dhcp/1061d42c-86f9-4b65-a5cf-d487dfe77af1/addn_hosts - 4 names
Oct 18 09:38:09.607627 podb-esxi207 dnsmasq-dhcp[3620195]: read /opt/stack/data/neutron/dhcp/1061d42c-86f9-4b65-a5cf-d487dfe77af1/host
Oct 18 09:38:09.607751 podb-esxi207 dnsmasq-dhcp[3620195]: read /opt/stack/data/neutron/dhcp/1061d42c-86f9-4b65-a5cf-d487dfe77af1/opts
Oct 18 09:38:17.776896 podb-esxi207 dnsmasq-dhcp[3614473]: DHCPRELEASE(tap4e580fa5-84) 10.1.0.1 fa:16:3e:a2:18:5e
Oct 18 09:38:18.599916 podb-esxi207 dnsmasq[3614473]: read /opt/stack/data/neutron/dhcp/6899fbe5-2b01-4435-9c55-c343e1cd5042/addn_hosts - 0 names
Oct 18 09:38:18.599994 podb-esxi207 dnsmasq-dhcp[3614473]: read /opt/stack/data/neutron/dhcp/6899fbe5-2b01-4435-9c55-c343e1cd5042/host
Oct 18 09:38:18.600052 podb-esxi207 dnsmasq-dhcp[3614473]: read /opt/stack/data/neutron/dhcp/6899fbe5-2b01-4435-9c55-c343e1cd5042/opts
Oct 18 09:38:19.442507 podb-esxi207 dnsmasq[3614473]: exiting on receipt of SIGTERM
Oct 18 09:38:35.436885 podb-esxi207 dnsmasq-dhcp[3613549]: DHCPRELEASE(tap282ed3d0-09) 10.1.0.7 fa:16:3e:1b:8b:9b
Oct 18 09:38:35.451384 podb-esxi207 dnsmasq-dhcp[3613549]: DHCPRELEASE(tap282ed3d0-09) 10.1.0.7 fa:16:3e:1b:8b:9b unknown lease
Oct 18 09:38:36.271729 podb-esxi207 dnsmasq[3613549]: read /opt/stack/data/neutron/dhcp/fc1142dd-9bf5-4cec-bff0-991b2634ea15/addn_hosts - 2 names
Oct 18 09:38:36.271805 podb-esxi207 dnsmasq-dhcp[3613549]: read /opt/stack/data/neutron/dhcp/fc1142dd-9bf5-4cec-bff0-991b2634ea15/host
Oct 18 09:38:36.271885 podb-esxi207 dnsmasq-dhcp[3613549]: read /opt/stack/data/neutron/dhcp/fc1142dd-9bf5-4cec-bff0-991b2634ea15/opts
Oct 18 09:38:38.438683 podb-esxi207 dnsmasq-dhcp[3620195]: DHCPDISCOVER(tap9440d526-d3) fa:16:3e:07:e5:76
Oct 18 09:38:38.438714 podb-esxi207 dnsmasq-dhcp[3620195]: DHCPOFFER(tap9440d526-d3) 10.1.0.11 fa:16:3e:07:e5:76
Oct 18 09:38:38.453139 podb-esxi207 dnsmasq-dhcp[3620195]: DHCPREQUEST(tap9440d526-d3) 10.1.0.11 fa:16:3e:07:e5:76
Oct 18 09:38:38.453177 podb-esxi207 dnsmasq-dhcp[3620195]: DHCPACK(tap9440d526-d3) 10.1.0.11 fa:16:3e:07:e5:76 host-10-1-0-11
Oct 18 09:39:30.714578 podb-esxi207 dnsmasq[3613549]: read /opt/stack/data/neutron/dhcp/fc1142dd-9bf5-4cec-bff0-991b2634ea15/addn_hosts - 0 names
Oct 18 09:39:30.714655 podb-esxi207 dnsmasq-dhcp[3613549]: read /opt/stack/data/neutron/dhcp/fc1142dd-9bf5-4cec-bff0-991b2634ea15/host
Oct 18 09:39:30.714775 podb-esxi207 dnsmasq-dhcp[3613549]: read /opt/stack/data/neutron/dhcp/fc1142dd-9bf5-4cec-bff0-991b2634ea15/opts
Oct 18 09:39:31.741742 podb-esxi207 dnsmasq[3613549]: exiting on receipt of SIGTERM
Oct 18 09:39:59.101005 podb-esxi207 dnsmasq-dhcp[3620195]: DHCPREQUEST(tap9440d526-d3) 10.1.0.11 fa:16:3e:07:e5:76
Oct 18 09:39:59.101041 podb-esxi207 dnsmasq-dhcp[3620195]: DHCPACK(tap9440d526-d3) 10.1.0.11 fa:16:3e:07:e5:76 host-10-1-0-11
Oct 18 09:40:36.829410 podb-esxi207 dnsmasq-dhcp[3620195]: DHCPRELEASE(tap9440d526-d3) 10.1.0.11 fa:16:3e:07:e5:76
Oct 18 09:40:36.845664 podb-esxi207 dnsmasq-dhcp[3620195]: DHCPRELEASE(tap9440d526-d3) 10.1.0.11 fa:16:3e:07:e5:76 unknown lease
Oct 18 09:40:37.670790 podb-esxi207 dnsmasq[3620195]: read /opt/stack/data/neutron/dhcp/1061d42c-86f9-4b65-a5cf-d487dfe77af1/addn_hosts - 2 names
Oct 18 09:40:37.670899 podb-esxi207 dnsmasq-dhcp[3620195]: read /opt/stack/data/neutron/dhcp/1061d42c-86f9-4b65-a5cf-d487dfe77af1/host
Oct 18 09:40:37.671017 podb-esxi207 dnsmasq-dhcp[3620195]: read /opt/stack/data/neutron/dhcp/1061d42c-86f9-4b65-a5cf-d487dfe77af1/opts
Oct 18 09:40:45.794423 podb-esxi207 dnsmasq[3620195]: read /opt/stack/data/neutron/dhcp/1061d42c-86f9-4b65-a5cf-d487dfe77af1/addn_hosts - 0 names
Oct 18 09:40:45.794507 podb-esxi207 dnsmasq-dhcp[3620195]: read /opt/stack/data/neutron/dhcp/1061d42c-86f9-4b65-a5cf-d487dfe77af1/host
Oct 18 09:40:45.794569 podb-esxi207 dnsmasq-dhcp[3620195]: read /opt/stack/data/neutron/dhcp/1061d42c-86f9-4b65-a5cf-d487dfe77af1/opts
Oct 18 09:40:47.025544 podb-esxi207 dnsmasq[3620195]: exiting on receipt of SIGTERM
Oct 18 09:40:48.186804 podb-esxi207 dnsmasq[3620510]: read /opt/stack/data/neutron/dhcp/ef1071a8-229d-4d30-acb1-c071b53e98c2/addn_hosts - 0 names
Oct 18 09:40:48.186841 podb-esxi207 dnsmasq-dhcp[3620510]: read /opt/stack/data/neutron/dhcp/ef1071a8-229d-4d30-acb1-c071b53e98c2/host
Oct 18 09:40:48.186873 podb-esxi207 dnsmasq-dhcp[3620510]: read /opt/stack/data/neutron/dhcp/ef1071a8-229d-4d30-acb1-c071b53e98c2/opts
Oct 18 09:40:49.224574 podb-esxi207 dnsmasq[3620510]: exiting on receipt of SIGTERM
Oct 18 09:40:54.054185 podb-esxi207 dnsmasq[3622892]: started, version 2.90 cachesize 150
Oct 18 09:40:54.054215 podb-esxi207 dnsmasq[3622892]: DNS service limited to local subnets
Oct 18 09:40:54.054231 podb-esxi207 dnsmasq[3622892]: compile time options: IPv6 GNU-getopt DBus no-UBus i18n IDN2 DHCP DHCPv6 no-Lua TFTP conntrack ipset no-nftset auth cryptohash DNSSEC loop-detect inotify dumpfile
Oct 18 09:40:54.054268 podb-esxi207 dnsmasq-dhcp[3622892]: DHCP, static leases only on 10.1.0.0, lease time 1d
Oct 18 09:40:54.054424 podb-esxi207 dnsmasq[3622892]: reading /etc/resolv.conf
Oct 18 09:40:54.054442 podb-esxi207 dnsmasq[3622892]: using nameserver 127.0.0.53#53
Oct 18 09:40:54.054540 podb-esxi207 dnsmasq[3622892]: read /opt/stack/data/neutron/dhcp/f6f98762-a74e-4a1e-9840-d714cf33c48f/addn_hosts - 0 names
Oct 18 09:40:54.054606 podb-esxi207 dnsmasq-dhcp[3622892]: read /opt/stack/data/neutron/dhcp/f6f98762-a74e-4a1e-9840-d714cf33c48f/host
Oct 18 09:40:54.054683 podb-esxi207 dnsmasq-dhcp[3622892]: read /opt/stack/data/neutron/dhcp/f6f98762-a74e-4a1e-9840-d714cf33c48f/opts
Oct 18 09:40:55.599479 podb-esxi207 dnsmasq[3622892]: read /opt/stack/data/neutron/dhcp/f6f98762-a74e-4a1e-9840-d714cf33c48f/addn_hosts - 2 names
Oct 18 09:40:55.599561 podb-esxi207 dnsmasq-dhcp[3622892]: read /opt/stack/data/neutron/dhcp/f6f98762-a74e-4a1e-9840-d714cf33c48f/host
Oct 18 09:40:55.599639 podb-esxi207 dnsmasq-dhcp[3622892]: read /opt/stack/data/neutron/dhcp/f6f98762-a74e-4a1e-9840-d714cf33c48f/opts
Oct 18 09:40:58.520099 podb-esxi207 dnsmasq[3623162]: started, version 2.90 cachesize 150
Oct 18 09:40:58.520127 podb-esxi207 dnsmasq[3623162]: DNS service limited to local subnets
Oct 18 09:40:58.520143 podb-esxi207 dnsmasq[3623162]: compile time options: IPv6 GNU-getopt DBus no-UBus i18n IDN2 DHCP DHCPv6 no-Lua TFTP conntrack ipset no-nftset auth cryptohash DNSSEC loop-detect inotify dumpfile
Oct 18 09:40:58.520187 podb-esxi207 dnsmasq-dhcp[3623162]: DHCP, static leases only on 10.1.0.0, lease time 1d
Oct 18 09:40:58.520340 podb-esxi207 dnsmasq[3623162]: reading /etc/resolv.conf
Oct 18 09:40:58.520357 podb-esxi207 dnsmasq[3623162]: using nameserver 127.0.0.53#53
Oct 18 09:40:58.520443 podb-esxi207 dnsmasq[3623162]: read /opt/stack/data/neutron/dhcp/9e1852eb-123b-482a-b3a4-665fb01f12d5/addn_hosts - 0 names
Oct 18 09:40:58.520493 podb-esxi207 dnsmasq-dhcp[3623162]: read /opt/stack/data/neutron/dhcp/9e1852eb-123b-482a-b3a4-665fb01f12d5/host
Oct 18 09:40:58.520552 podb-esxi207 dnsmasq-dhcp[3623162]: read /opt/stack/data/neutron/dhcp/9e1852eb-123b-482a-b3a4-665fb01f12d5/opts
Oct 18 09:40:59.562375 podb-esxi207 dnsmasq[3622892]: read /opt/stack/data/neutron/dhcp/f6f98762-a74e-4a1e-9840-d714cf33c48f/addn_hosts - 2 names
Oct 18 09:40:59.562470 podb-esxi207 dnsmasq-dhcp[3622892]: read /opt/stack/data/neutron/dhcp/f6f98762-a74e-4a1e-9840-d714cf33c48f/host
Oct 18 09:40:59.562562 podb-esxi207 dnsmasq-dhcp[3622892]: read /opt/stack/data/neutron/dhcp/f6f98762-a74e-4a1e-9840-d714cf33c48f/opts
Oct 18 09:41:00.836141 podb-esxi207 dnsmasq[3623162]: read /opt/stack/data/neutron/dhcp/9e1852eb-123b-482a-b3a4-665fb01f12d5/addn_hosts - 2 names
Oct 18 09:41:00.836256 podb-esxi207 dnsmasq-dhcp[3623162]: read /opt/stack/data/neutron/dhcp/9e1852eb-123b-482a-b3a4-665fb01f12d5/host
Oct 18 09:41:00.836368 podb-esxi207 dnsmasq-dhcp[3623162]: read /opt/stack/data/neutron/dhcp/9e1852eb-123b-482a-b3a4-665fb01f12d5/opts
Oct 18 09:41:02.106067 podb-esxi207 dnsmasq[3622892]: read /opt/stack/data/neutron/dhcp/f6f98762-a74e-4a1e-9840-d714cf33c48f/addn_hosts - 2 names
Oct 18 09:41:02.106209 podb-esxi207 dnsmasq-dhcp[3622892]: read /opt/stack/data/neutron/dhcp/f6f98762-a74e-4a1e-9840-d714cf33c48f/host
Oct 18 09:41:02.106323 podb-esxi207 dnsmasq-dhcp[3622892]: read /opt/stack/data/neutron/dhcp/f6f98762-a74e-4a1e-9840-d714cf33c48f/opts
Oct 18 09:41:02.868106 podb-esxi207 dnsmasq[3623162]: read /opt/stack/data/neutron/dhcp/9e1852eb-123b-482a-b3a4-665fb01f12d5/addn_hosts - 2 names
Oct 18 09:41:02.868220 podb-esxi207 dnsmasq-dhcp[3623162]: read /opt/stack/data/neutron/dhcp/9e1852eb-123b-482a-b3a4-665fb01f12d5/host
Oct 18 09:41:02.868332 podb-esxi207 dnsmasq-dhcp[3623162]: read /opt/stack/data/neutron/dhcp/9e1852eb-123b-482a-b3a4-665fb01f12d5/opts
Oct 18 09:41:04.126702 podb-esxi207 dnsmasq[3623162]: read /opt/stack/data/neutron/dhcp/9e1852eb-123b-482a-b3a4-665fb01f12d5/addn_hosts - 2 names
Oct 18 09:41:04.126824 podb-esxi207 dnsmasq-dhcp[3623162]: read /opt/stack/data/neutron/dhcp/9e1852eb-123b-482a-b3a4-665fb01f12d5/host
Oct 18 09:41:04.126915 podb-esxi207 dnsmasq-dhcp[3623162]: read /opt/stack/data/neutron/dhcp/9e1852eb-123b-482a-b3a4-665fb01f12d5/opts
Oct 18 09:41:24.105262 podb-esxi207 dnsmasq[3622892]: read /opt/stack/data/neutron/dhcp/f6f98762-a74e-4a1e-9840-d714cf33c48f/addn_hosts - 4 names
Oct 18 09:41:24.105378 podb-esxi207 dnsmasq-dhcp[3622892]: read /opt/stack/data/neutron/dhcp/f6f98762-a74e-4a1e-9840-d714cf33c48f/host
Oct 18 09:41:24.105490 podb-esxi207 dnsmasq-dhcp[3622892]: read /opt/stack/data/neutron/dhcp/f6f98762-a74e-4a1e-9840-d714cf33c48f/opts
Oct 18 09:41:57.643035 podb-esxi207 dnsmasq-dhcp[3622892]: DHCPDISCOVER(tap316378dc-33) fa:16:3e:7a:e4:d0
Oct 18 09:41:57.643067 podb-esxi207 dnsmasq-dhcp[3622892]: DHCPOFFER(tap316378dc-33) 10.1.0.13 fa:16:3e:7a:e4:d0
Oct 18 09:41:57.656482 podb-esxi207 dnsmasq-dhcp[3622892]: DHCPREQUEST(tap316378dc-33) 10.1.0.13 fa:16:3e:7a:e4:d0
Oct 18 09:41:57.656520 podb-esxi207 dnsmasq-dhcp[3622892]: DHCPACK(tap316378dc-33) 10.1.0.13 fa:16:3e:7a:e4:d0 host-10-1-0-13
Oct 18 09:42:56.163046 podb-esxi207 dnsmasq[3622892]: read /opt/stack/data/neutron/dhcp/f6f98762-a74e-4a1e-9840-d714cf33c48f/addn_hosts - 6 names
Oct 18 09:42:56.163155 podb-esxi207 dnsmasq-dhcp[3622892]: read /opt/stack/data/neutron/dhcp/f6f98762-a74e-4a1e-9840-d714cf33c48f/host
Oct 18 09:42:56.163230 podb-esxi207 dnsmasq-dhcp[3622892]: read /opt/stack/data/neutron/dhcp/f6f98762-a74e-4a1e-9840-d714cf33c48f/opts
Oct 18 09:43:48.172521 podb-esxi207 dnsmasq-dhcp[3622892]: DHCPDISCOVER(tap316378dc-33) fa:16:3e:0b:95:24
Oct 18 09:43:48.172552 podb-esxi207 dnsmasq-dhcp[3622892]: DHCPOFFER(tap316378dc-33) 10.1.0.3 fa:16:3e:0b:95:24
Oct 18 09:43:48.185233 podb-esxi207 dnsmasq-dhcp[3622892]: DHCPREQUEST(tap316378dc-33) 10.1.0.3 fa:16:3e:0b:95:24
Oct 18 09:43:48.185265 podb-esxi207 dnsmasq-dhcp[3622892]: DHCPACK(tap316378dc-33) 10.1.0.3 fa:16:3e:0b:95:24 host-10-1-0-3
Oct 18 09:44:24.410719 podb-esxi207 dnsmasq-dhcp[3622892]: DHCPRELEASE(tap316378dc-33) 10.1.0.3 fa:16:3e:0b:95:24
Oct 18 09:44:24.425805 podb-esxi207 dnsmasq-dhcp[3622892]: DHCPRELEASE(tap316378dc-33) 10.1.0.3 fa:16:3e:0b:95:24 unknown lease
Oct 18 09:44:25.251537 podb-esxi207 dnsmasq[3622892]: read /opt/stack/data/neutron/dhcp/f6f98762-a74e-4a1e-9840-d714cf33c48f/addn_hosts - 4 names
Oct 18 09:44:25.251658 podb-esxi207 dnsmasq-dhcp[3622892]: read /opt/stack/data/neutron/dhcp/f6f98762-a74e-4a1e-9840-d714cf33c48f/host
Oct 18 09:44:25.251769 podb-esxi207 dnsmasq-dhcp[3622892]: read /opt/stack/data/neutron/dhcp/f6f98762-a74e-4a1e-9840-d714cf33c48f/opts
Oct 18 09:45:13.070627 podb-esxi207 dnsmasq[3625580]: started, version 2.90 cachesize 150
Oct 18 09:45:13.070653 podb-esxi207 dnsmasq[3625580]: DNS service limited to local subnets
