Oct 18 10:31:28.593860 podb-esxi207 dnsmasq-dhcp[3675235]: read /opt/stack/data/neutron/dhcp/6d824ea9-945b-4316-b325-845c6efb02c4/host
Oct 18 10:31:28.593964 podb-esxi207 dnsmasq-dhcp[3675235]: read /opt/stack/data/neutron/dhcp/6d824ea9-945b-4316-b325-845c6efb02c4/opts
Oct 18 10:31:35.413501 podb-esxi207 dnsmasq-dhcp[3673886]: DHCPDISCOVER(tapafb49c97-c7) fa:16:3e:a5:90:cc
Oct 18 10:31:35.413530 podb-esxi207 dnsmasq-dhcp[3673886]: DHCPOFFER(tapafb49c97-c7) 10.1.0.6 fa:16:3e:a5:90:cc
Oct 18 10:31:35.424856 podb-esxi207 dnsmasq-dhcp[3673886]: DHCPREQUEST(tapafb49c97-c7) 10.1.0.6 fa:16:3e:a5:90:cc
Oct 18 10:31:35.424891 podb-esxi207 dnsmasq-dhcp[3673886]: DHCPACK(tapafb49c97-c7) 10.1.0.6 fa:16:3e:a5:90:cc host-10-1-0-6
Oct 18 10:31:43.091233 podb-esxi207 dnsmasq[3673886]: read /opt/stack/data/neutron/dhcp/bdf06a39-4795-4d21-99a2-8e0536b53e52/addn_hosts - 8 names
Oct 18 10:31:43.091354 podb-esxi207 dnsmasq-dhcp[3673886]: read /opt/stack/data/neutron/dhcp/bdf06a39-4795-4d21-99a2-8e0536b53e52/host
Oct 18 10:31:43.091458 podb-esxi207 dnsmasq-dhcp[3673886]: read /opt/stack/data/neutron/dhcp/bdf06a39-4795-4d21-99a2-8e0536b53e52/opts
Oct 18 10:31:51.305761 podb-esxi207 dnsmasq-dhcp[3673886]: DHCPDISCOVER(tapafb49c97-c7) fa:16:3e:a2:f8:3e
Oct 18 10:31:51.305785 podb-esxi207 dnsmasq-dhcp[3673886]: DHCPOFFER(tapafb49c97-c7) 10.1.0.3 fa:16:3e:a2:f8:3e
Oct 18 10:31:51.315178 podb-esxi207 dnsmasq-dhcp[3673886]: DHCPREQUEST(tapafb49c97-c7) 10.1.0.3 fa:16:3e:a2:f8:3e
Oct 18 10:31:51.315208 podb-esxi207 dnsmasq-dhcp[3673886]: DHCPACK(tapafb49c97-c7) 10.1.0.3 fa:16:3e:a2:f8:3e host-10-1-0-3
Oct 18 10:31:55.930453 podb-esxi207 dnsmasq-dhcp[3671625]: DHCPDISCOVER(tapefe90ef4-9c) fa:16:3e:cc:01:73
Oct 18 10:31:55.930480 podb-esxi207 dnsmasq-dhcp[3671625]: DHCPOFFER(tapefe90ef4-9c) 10.1.0.9 fa:16:3e:cc:01:73
Oct 18 10:31:55.940175 podb-esxi207 dnsmasq-dhcp[3671625]: DHCPREQUEST(tapefe90ef4-9c) 10.1.0.9 fa:16:3e:cc:01:73
Oct 18 10:31:55.940200 podb-esxi207 dnsmasq-dhcp[3671625]: DHCPACK(tapefe90ef4-9c) 10.1.0.9 fa:16:3e:cc:01:73 host-10-1-0-9
Oct 18 10:32:05.487798 podb-esxi207 dnsmasq-dhcp[3673886]: DHCPDISCOVER(tapafb49c97-c7) fa:16:3e:d3:fe:8a
Oct 18 10:32:05.487827 podb-esxi207 dnsmasq-dhcp[3673886]: DHCPOFFER(tapafb49c97-c7) 10.1.0.14 fa:16:3e:d3:fe:8a
Oct 18 10:32:05.496384 podb-esxi207 dnsmasq-dhcp[3673886]: DHCPREQUEST(tapafb49c97-c7) 10.1.0.14 fa:16:3e:d3:fe:8a
Oct 18 10:32:05.496409 podb-esxi207 dnsmasq-dhcp[3673886]: DHCPACK(tapafb49c97-c7) 10.1.0.14 fa:16:3e:d3:fe:8a host-10-1-0-14
Oct 18 10:32:26.055553 podb-esxi207 dnsmasq-dhcp[3670623]: DHCPRELEASE(tap5a6c1264-8e) 10.1.0.10 fa:16:3e:e3:f9:51
Oct 18 10:32:26.070778 podb-esxi207 dnsmasq-dhcp[3670623]: DHCPRELEASE(tap5a6c1264-8e) 10.1.0.10 fa:16:3e:e3:f9:51 unknown lease
Oct 18 10:32:26.896636 podb-esxi207 dnsmasq[3670623]: read /opt/stack/data/neutron/dhcp/2d0551e1-9e05-4e98-88ab-b1c4e4b810ad/addn_hosts - 6 names
Oct 18 10:32:26.896731 podb-esxi207 dnsmasq-dhcp[3670623]: read /opt/stack/data/neutron/dhcp/2d0551e1-9e05-4e98-88ab-b1c4e4b810ad/host
Oct 18 10:32:26.896817 podb-esxi207 dnsmasq-dhcp[3670623]: read /opt/stack/data/neutron/dhcp/2d0551e1-9e05-4e98-88ab-b1c4e4b810ad/opts
Oct 18 10:32:33.652803 podb-esxi207 dnsmasq[3675235]: read /opt/stack/data/neutron/dhcp/6d824ea9-945b-4316-b325-845c6efb02c4/addn_hosts - 8 names
Oct 18 10:32:33.652915 podb-esxi207 dnsmasq-dhcp[3675235]: read /opt/stack/data/neutron/dhcp/6d824ea9-945b-4316-b325-845c6efb02c4/host
Oct 18 10:32:33.652988 podb-esxi207 dnsmasq-dhcp[3675235]: read /opt/stack/data/neutron/dhcp/6d824ea9-945b-4316-b325-845c6efb02c4/opts
Oct 18 10:32:42.190652 podb-esxi207 dnsmasq-dhcp[3670623]: DHCPRELEASE(tap5a6c1264-8e) 10.1.0.5 fa:16:3e:03:ba:ec
Oct 18 10:32:42.206097 podb-esxi207 dnsmasq-dhcp[3670623]: DHCPRELEASE(tap5a6c1264-8e) 10.1.0.5 fa:16:3e:03:ba:ec unknown lease
Oct 18 10:32:43.028016 podb-esxi207 dnsmasq[3670623]: read /opt/stack/data/neutron/dhcp/2d0551e1-9e05-4e98-88ab-b1c4e4b810ad/addn_hosts - 4 names
Oct 18 10:32:43.028102 podb-esxi207 dnsmasq-dhcp[3670623]: read /opt/stack/data/neutron/dhcp/2d0551e1-9e05-4e98-88ab-b1c4e4b810ad/host
Oct 18 10:32:43.028187 podb-esxi207 dnsmasq-dhcp[3670623]: read /opt/stack/data/neutron/dhcp/2d0551e1-9e05-4e98-88ab-b1c4e4b810ad/opts
Oct 18 10:32:49.492290 podb-esxi207 dnsmasq-dhcp[3670623]: DHCPRELEASE(tap5a6c1264-8e) 10.1.0.4 fa:16:3e:d1:f0:06
Oct 18 10:32:49.508978 podb-esxi207 dnsmasq-dhcp[3670623]: DHCPRELEASE(tap5a6c1264-8e) 10.1.0.4 fa:16:3e:d1:f0:06 unknown lease
Oct 18 10:32:50.333508 podb-esxi207 dnsmasq[3670623]: read /opt/stack/data/neutron/dhcp/2d0551e1-9e05-4e98-88ab-b1c4e4b810ad/addn_hosts - 2 names
Oct 18 10:32:50.333593 podb-esxi207 dnsmasq-dhcp[3670623]: read /opt/stack/data/neutron/dhcp/2d0551e1-9e05-4e98-88ab-b1c4e4b810ad/host
Oct 18 10:32:50.333729 podb-esxi207 dnsmasq-dhcp[3670623]: read /opt/stack/data/neutron/dhcp/2d0551e1-9e05-4e98-88ab-b1c4e4b810ad/opts
Oct 18 10:32:54.549277 podb-esxi207 dnsmasq[3670623]: read /opt/stack/data/neutron/dhcp/2d0551e1-9e05-4e98-88ab-b1c4e4b810ad/addn_hosts - 0 names
Oct 18 10:32:54.549342 podb-esxi207 dnsmasq-dhcp[3670623]: read /opt/stack/data/neutron/dhcp/2d0551e1-9e05-4e98-88ab-b1c4e4b810ad/host
Oct 18 10:32:54.549418 podb-esxi207 dnsmasq-dhcp[3670623]: read /opt/stack/data/neutron/dhcp/2d0551e1-9e05-4e98-88ab-b1c4e4b810ad/opts
Oct 18 10:32:55.424917 podb-esxi207 dnsmasq[3670623]: exiting on receipt of SIGTERM
Oct 18 10:32:58.325746 podb-esxi207 dnsmasq-dhcp[3675235]: DHCPDISCOVER(tap1f0ea291-39) fa:16:3e:d0:dd:7f
Oct 18 10:32:58.325775 podb-esxi207 dnsmasq-dhcp[3675235]: DHCPOFFER(tap1f0ea291-39) 10.1.0.11 fa:16:3e:d0:dd:7f
Oct 18 10:32:58.337646 podb-esxi207 dnsmasq-dhcp[3675235]: DHCPREQUEST(tap1f0ea291-39) 10.1.0.11 fa:16:3e:d0:dd:7f
Oct 18 10:32:58.337678 podb-esxi207 dnsmasq-dhcp[3675235]: DHCPACK(tap1f0ea291-39) 10.1.0.11 fa:16:3e:d0:dd:7f host-10-1-0-11
Oct 18 10:32:59.225484 podb-esxi207 dnsmasq[3675235]: read /opt/stack/data/neutron/dhcp/6d824ea9-945b-4316-b325-845c6efb02c4/addn_hosts - 10 names
Oct 18 10:32:59.225635 podb-esxi207 dnsmasq-dhcp[3675235]: read /opt/stack/data/neutron/dhcp/6d824ea9-945b-4316-b325-845c6efb02c4/host
Oct 18 10:32:59.225765 podb-esxi207 dnsmasq-dhcp[3675235]: read /opt/stack/data/neutron/dhcp/6d824ea9-945b-4316-b325-845c6efb02c4/opts
Oct 18 10:33:06.622851 podb-esxi207 dnsmasq-dhcp[3671625]: DHCPRELEASE(tapefe90ef4-9c) 10.1.0.9 fa:16:3e:cc:01:73
Oct 18 10:33:06.636346 podb-esxi207 dnsmasq-dhcp[3671625]: DHCPRELEASE(tapefe90ef4-9c) 10.1.0.9 fa:16:3e:cc:01:73 unknown lease
Oct 18 10:33:07.463363 podb-esxi207 dnsmasq[3671625]: read /opt/stack/data/neutron/dhcp/4a3eaafd-a6bb-48f5-b78b-15126317bde9/addn_hosts - 4 names
Oct 18 10:33:07.463494 podb-esxi207 dnsmasq-dhcp[3671625]: read /opt/stack/data/neutron/dhcp/4a3eaafd-a6bb-48f5-b78b-15126317bde9/host
Oct 18 10:33:07.463578 podb-esxi207 dnsmasq-dhcp[3671625]: read /opt/stack/data/neutron/dhcp/4a3eaafd-a6bb-48f5-b78b-15126317bde9/opts
Oct 18 10:33:48.123232 podb-esxi207 dnsmasq[3673886]: read /opt/stack/data/neutron/dhcp/bdf06a39-4795-4d21-99a2-8e0536b53e52/addn_hosts - 10 names
Oct 18 10:33:48.123349 podb-esxi207 dnsmasq-dhcp[3673886]: read /opt/stack/data/neutron/dhcp/bdf06a39-4795-4d21-99a2-8e0536b53e52/host
Oct 18 10:33:48.123422 podb-esxi207 dnsmasq-dhcp[3673886]: read /opt/stack/data/neutron/dhcp/bdf06a39-4795-4d21-99a2-8e0536b53e52/opts
Oct 18 10:34:04.402494 podb-esxi207 dnsmasq[3673886]: read /opt/stack/data/neutron/dhcp/bdf06a39-4795-4d21-99a2-8e0536b53e52/addn_hosts - 12 names
Oct 18 10:34:04.402659 podb-esxi207 dnsmasq-dhcp[3673886]: read /opt/stack/data/neutron/dhcp/bdf06a39-4795-4d21-99a2-8e0536b53e52/host
Oct 18 10:34:04.402774 podb-esxi207 dnsmasq-dhcp[3673886]: read /opt/stack/data/neutron/dhcp/bdf06a39-4795-4d21-99a2-8e0536b53e52/opts
Oct 18 10:34:08.654629 podb-esxi207 dnsmasq[3671625]: read /opt/stack/data/neutron/dhcp/4a3eaafd-a6bb-48f5-b78b-15126317bde9/addn_hosts - 6 names
Oct 18 10:34:08.654769 podb-esxi207 dnsmasq-dhcp[3671625]: read /opt/stack/data/neutron/dhcp/4a3eaafd-a6bb-48f5-b78b-15126317bde9/host
Oct 18 10:34:08.654876 podb-esxi207 dnsmasq-dhcp[3671625]: read /opt/stack/data/neutron/dhcp/4a3eaafd-a6bb-48f5-b78b-15126317bde9/opts
Oct 18 10:34:12.633285 podb-esxi207 dnsmasq-dhcp[3673886]: DHCPDISCOVER(tapafb49c97-c7) fa:16:3e:64:33:ac
Oct 18 10:34:12.633310 podb-esxi207 dnsmasq-dhcp[3673886]: DHCPOFFER(tapafb49c97-c7) 10.1.0.9 fa:16:3e:64:33:ac
Oct 18 10:34:12.645924 podb-esxi207 dnsmasq-dhcp[3673886]: DHCPREQUEST(tapafb49c97-c7) 10.1.0.9 fa:16:3e:64:33:ac
Oct 18 10:34:12.645956 podb-esxi207 dnsmasq-dhcp[3673886]: DHCPACK(tapafb49c97-c7) 10.1.0.9 fa:16:3e:64:33:ac host-10-1-0-9
Oct 18 10:34:27.556371 podb-esxi207 dnsmasq-dhcp[3673886]: DHCPDISCOVER(tapafb49c97-c7) fa:16:3e:11:2f:5e
Oct 18 10:34:27.556397 podb-esxi207 dnsmasq-dhcp[3673886]: DHCPOFFER(tapafb49c97-c7) 10.1.0.7 fa:16:3e:11:2f:5e
Oct 18 10:34:27.566055 podb-esxi207 dnsmasq-dhcp[3673886]: DHCPREQUEST(tapafb49c97-c7) 10.1.0.7 fa:16:3e:11:2f:5e
Oct 18 10:34:27.566086 podb-esxi207 dnsmasq-dhcp[3673886]: DHCPACK(tapafb49c97-c7) 10.1.0.7 fa:16:3e:11:2f:5e host-10-1-0-7
Oct 18 10:34:40.242429 podb-esxi207 dnsmasq[3675235]: read /opt/stack/data/neutron/dhcp/6d824ea9-945b-4316-b325-845c6efb02c4/addn_hosts - 8 names
Oct 18 10:34:40.242567 podb-esxi207 dnsmasq-dhcp[3675235]: read /opt/stack/data/neutron/dhcp/6d824ea9-945b-4316-b325-845c6efb02c4/host
Oct 18 10:34:40.242683 podb-esxi207 dnsmasq-dhcp[3675235]: read /opt/stack/data/neutron/dhcp/6d824ea9-945b-4316-b325-845c6efb02c4/opts
Oct 18 10:35:12.822898 podb-esxi207 dnsmasq-dhcp[3675235]: DHCPRELEASE(tap1f0ea291-39) 10.1.0.11 fa:16:3e:d0:dd:7f
Oct 18 10:35:12.839827 podb-esxi207 dnsmasq-dhcp[3675235]: DHCPRELEASE(tap1f0ea291-39) 10.1.0.11 fa:16:3e:d0:dd:7f unknown lease
Oct 18 10:35:13.666401 podb-esxi207 dnsmasq[3675235]: read /opt/stack/data/neutron/dhcp/6d824ea9-945b-4316-b325-845c6efb02c4/addn_hosts - 6 names
Oct 18 10:35:13.666500 podb-esxi207 dnsmasq-dhcp[3675235]: read /opt/stack/data/neutron/dhcp/6d824ea9-945b-4316-b325-845c6efb02c4/host
Oct 18 10:35:13.666607 podb-esxi207 dnsmasq-dhcp[3675235]: read /opt/stack/data/neutron/dhcp/6d824ea9-945b-4316-b325-845c6efb02c4/opts
Oct 18 10:35:21.481651 podb-esxi207 dnsmasq[3675235]: read /opt/stack/data/neutron/dhcp/6d824ea9-945b-4316-b325-845c6efb02c4/addn_hosts - 4 names
Oct 18 10:35:21.481748 podb-esxi207 dnsmasq-dhcp[3675235]: read /opt/stack/data/neutron/dhcp/6d824ea9-945b-4316-b325-845c6efb02c4/host
Oct 18 10:35:21.481818 podb-esxi207 dnsmasq-dhcp[3675235]: read /opt/stack/data/neutron/dhcp/6d824ea9-945b-4316-b325-845c6efb02c4/opts
Oct 18 10:35:43.705207 podb-esxi207 dnsmasq-dhcp[3675235]: DHCPRELEASE(tap1f0ea291-39) 10.1.0.7 fa:16:3e:66:82:d4
Oct 18 10:35:43.720594 podb-esxi207 dnsmasq-dhcp[3675235]: DHCPRELEASE(tap1f0ea291-39) 10.1.0.7 fa:16:3e:66:82:d4 unknown lease
Oct 18 10:35:44.542983 podb-esxi207 dnsmasq[3675235]: read /opt/stack/data/neutron/dhcp/6d824ea9-945b-4316-b325-845c6efb02c4/addn_hosts - 2 names
Oct 18 10:35:44.543066 podb-esxi207 dnsmasq-dhcp[3675235]: read /opt/stack/data/neutron/dhcp/6d824ea9-945b-4316-b325-845c6efb02c4/host
Oct 18 10:35:44.543154 podb-esxi207 dnsmasq-dhcp[3675235]: read /opt/stack/data/neutron/dhcp/6d824ea9-945b-4316-b325-845c6efb02c4/opts
Oct 18 10:35:48.944229 podb-esxi207 dnsmasq[3675235]: read /opt/stack/data/neutron/dhcp/6d824ea9-945b-4316-b325-845c6efb02c4/addn_hosts - 0 names
Oct 18 10:35:48.944301 podb-esxi207 dnsmasq-dhcp[3675235]: read /opt/stack/data/neutron/dhcp/6d824ea9-945b-4316-b325-845c6efb02c4/host
Oct 18 10:35:48.944376 podb-esxi207 dnsmasq-dhcp[3675235]: read /opt/stack/data/neutron/dhcp/6d824ea9-945b-4316-b325-845c6efb02c4/opts
Oct 18 10:35:49.762818 podb-esxi207 dnsmasq[3675235]: exiting on receipt of SIGTERM
Oct 18 10:35:52.272954 podb-esxi207 dnsmasq-dhcp[3673886]: DHCPREQUEST(tapafb49c97-c7) 10.1.0.9 fa:16:3e:64:33:ac
Oct 18 10:35:52.272985 podb-esxi207 dnsmasq-dhcp[3673886]: DHCPACK(tapafb49c97-c7) 10.1.0.9 fa:16:3e:64:33:ac host-10-1-0-9
Oct 18 10:35:53.850710 podb-esxi207 dnsmasq[3681561]: started, version 2.90 cachesize 150
Oct 18 10:35:53.850734 podb-esxi207 dnsmasq[3681561]: DNS service limited to local subnets
Oct 18 10:35:53.850778 podb-esxi207 dnsmasq[3681561]: compile time options: IPv6 GNU-getopt DBus no-UBus i18n IDN2 DHCP DHCPv6 no-Lua TFTP conntrack ipset no-nftset auth cryptohash DNSSEC loop-detect inotify dumpfile
Oct 18 10:35:53.850824 podb-esxi207 dnsmasq-dhcp[3681561]: DHCP, static leases only on 10.1.0.0, lease time 1d
Oct 18 10:35:53.850971 podb-esxi207 dnsmasq[3681561]: reading /etc/resolv.conf
Oct 18 10:35:53.850987 podb-esxi207 dnsmasq[3681561]: using nameserver 127.0.0.53#53
Oct 18 10:35:53.851077 podb-esxi207 dnsmasq[3681561]: read /opt/stack/data/neutron/dhcp/b6e33e0d-968a-4344-b710-d6ed7ae50194/addn_hosts - 0 names
Oct 18 10:35:53.851126 podb-esxi207 dnsmasq-dhcp[3681561]: read /opt/stack/data/neutron/dhcp/b6e33e0d-968a-4344-b710-d6ed7ae50194/host
Oct 18 10:35:53.851182 podb-esxi207 dnsmasq-dhcp[3681561]: read /opt/stack/data/neutron/dhcp/b6e33e0d-968a-4344-b710-d6ed7ae50194/opts
Oct 18 10:35:57.129397 podb-esxi207 dnsmasq[3681930]: started, version 2.90 cachesize 150
Oct 18 10:35:57.129417 podb-esxi207 dnsmasq[3681930]: DNS service limited to local subnets
Oct 18 10:35:57.129432 podb-esxi207 dnsmasq[3681930]: compile time options: IPv6 GNU-getopt DBus no-UBus i18n IDN2 DHCP DHCPv6 no-Lua TFTP conntrack ipset no-nftset auth cryptohash DNSSEC loop-detect inotify dumpfile
Oct 18 10:35:57.129467 podb-esxi207 dnsmasq-dhcp[3681930]: DHCP, static leases only on 10.1.0.0, lease time 1d
Oct 18 10:35:57.129629 podb-esxi207 dnsmasq[3681930]: reading /etc/resolv.conf
Oct 18 10:35:57.129645 podb-esxi207 dnsmasq[3681930]: using nameserver 127.0.0.53#53
Oct 18 10:35:57.129767 podb-esxi207 dnsmasq[3681930]: read /opt/stack/data/neutron/dhcp/b5d2d713-b782-4c5b-b9bd-2bcad3f4afbd/addn_hosts - 2 names
Oct 18 10:35:57.129838 podb-esxi207 dnsmasq-dhcp[3681930]: read /opt/stack/data/neutron/dhcp/b5d2d713-b782-4c5b-b9bd-2bcad3f4afbd/host
Oct 18 10:35:57.129904 podb-esxi207 dnsmasq-dhcp[3681930]: read /opt/stack/data/neutron/dhcp/b5d2d713-b782-4c5b-b9bd-2bcad3f4afbd/opts
Oct 18 10:35:58.172124 podb-esxi207 dnsmasq[3681561]: read /opt/stack/data/neutron/dhcp/b6e33e0d-968a-4344-b710-d6ed7ae50194/addn_hosts - 2 names
Oct 18 10:35:58.172245 podb-esxi207 dnsmasq-dhcp[3681561]: read /opt/stack/data/neutron/dhcp/b6e33e0d-968a-4344-b710-d6ed7ae50194/host
Oct 18 10:35:58.172355 podb-esxi207 dnsmasq-dhcp[3681561]: read /opt/stack/data/neutron/dhcp/b6e33e0d-968a-4344-b710-d6ed7ae50194/opts
Oct 18 10:35:59.941456 podb-esxi207 dnsmasq[3681930]: read /opt/stack/data/neutron/dhcp/b5d2d713-b782-4c5b-b9bd-2bcad3f4afbd/addn_hosts - 2 names
Oct 18 10:35:59.941589 podb-esxi207 dnsmasq-dhcp[3681930]: read /opt/stack/data/neutron/dhcp/b5d2d713-b782-4c5b-b9bd-2bcad3f4afbd/host
Oct 18 10:35:59.941701 podb-esxi207 dnsmasq-dhcp[3681930]: read /opt/stack/data/neutron/dhcp/b5d2d713-b782-4c5b-b9bd-2bcad3f4afbd/opts
Oct 18 10:36:00.695424 podb-esxi207 dnsmasq[3681561]: read /opt/stack/data/neutron/dhcp/b6e33e0d-968a-4344-b710-d6ed7ae50194/addn_hosts - 2 names
Oct 18 10:36:00.695541 podb-esxi207 dnsmasq-dhcp[3681561]: read /opt/stack/data/neutron/dhcp/b6e33e0d-968a-4344-b710-d6ed7ae50194/host
Oct 18 10:36:00.695660 podb-esxi207 dnsmasq-dhcp[3681561]: read /opt/stack/data/neutron/dhcp/b6e33e0d-968a-4344-b710-d6ed7ae50194/opts
Oct 18 10:36:01.948585 podb-esxi207 dnsmasq[3681930]: read /opt/stack/data/neutron/dhcp/b5d2d713-b782-4c5b-b9bd-2bcad3f4afbd/addn_hosts - 2 names
Oct 18 10:36:01.948720 podb-esxi207 dnsmasq-dhcp[3681930]: read /opt/stack/data/neutron/dhcp/b5d2d713-b782-4c5b-b9bd-2bcad3f4afbd/host
Oct 18 10:36:01.948844 podb-esxi207 dnsmasq-dhcp[3681930]: read /opt/stack/data/neutron/dhcp/b5d2d713-b782-4c5b-b9bd-2bcad3f4afbd/opts
Oct 18 10:36:02.718162 podb-esxi207 dnsmasq[3681561]: read /opt/stack/data/neutron/dhcp/b6e33e0d-968a-4344-b710-d6ed7ae50194/addn_hosts - 2 names
Oct 18 10:36:02.718299 podb-esxi207 dnsmasq-dhcp[3681561]: read /opt/stack/data/neutron/dhcp/b6e33e0d-968a-4344-b710-d6ed7ae50194/host
Oct 18 10:36:02.718425 podb-esxi207 dnsmasq-dhcp[3681561]: read /opt/stack/data/neutron/dhcp/b6e33e0d-968a-4344-b710-d6ed7ae50194/opts
Oct 18 10:36:03.977842 podb-esxi207 dnsmasq[3681930]: read /opt/stack/data/neutron/dhcp/b5d2d713-b782-4c5b-b9bd-2bcad3f4afbd/addn_hosts - 2 names
Oct 18 10:36:03.977984 podb-esxi207 dnsmasq-dhcp[3681930]: read /opt/stack/data/neutron/dhcp/b5d2d713-b782-4c5b-b9bd-2bcad3f4afbd/host
Oct 18 10:36:03.978099 podb-esxi207 dnsmasq-dhcp[3681930]: read /opt/stack/data/neutron/dhcp/b5d2d713-b782-4c5b-b9bd-2bcad3f4afbd/opts
Oct 18 10:36:04.730607 podb-esxi207 dnsmasq[3681561]: read /opt/stack/data/neutron/dhcp/b6e33e0d-968a-4344-b710-d6ed7ae50194/addn_hosts - 4 names
Oct 18 10:36:04.730722 podb-esxi207 dnsmasq-dhcp[3681561]: read /opt/stack/data/neutron/dhcp/b6e33e0d-968a-4344-b710-d6ed7ae50194/host
Oct 18 10:36:04.730838 podb-esxi207 dnsmasq-dhcp[3681561]: read /opt/stack/data/neutron/dhcp/b6e33e0d-968a-4344-b710-d6ed7ae50194/opts
Oct 18 10:36:06.995370 podb-esxi207 dnsmasq[3681930]: read /opt/stack/data/neutron/dhcp/b5d2d713-b782-4c5b-b9bd-2bcad3f4afbd/addn_hosts - 4 names
Oct 18 10:36:06.995534 podb-esxi207 dnsmasq-dhcp[3681930]: read /opt/stack/data/neutron/dhcp/b5d2d713-b782-4c5b-b9bd-2bcad3f4afbd/host
Oct 18 10:36:06.995647 podb-esxi207 dnsmasq-dhcp[3681930]: read /opt/stack/data/neutron/dhcp/b5d2d713-b782-4c5b-b9bd-2bcad3f4afbd/opts
Oct 18 10:36:16.944929 podb-esxi207 dnsmasq[3681561]: read /opt/stack/data/neutron/dhcp/b6e33e0d-968a-4344-b710-d6ed7ae50194/addn_hosts - 6 names
Oct 18 10:36:16.945065 podb-esxi207 dnsmasq-dhcp[3681561]: read /opt/stack/data/neutron/dhcp/b6e33e0d-968a-4344-b710-d6ed7ae50194/host
Oct 18 10:36:16.945180 podb-esxi207 dnsmasq-dhcp[3681561]: read /opt/stack/data/neutron/dhcp/b6e33e0d-968a-4344-b710-d6ed7ae50194/opts
Oct 18 10:36:20.425485 podb-esxi207 dnsmasq[3681930]: read /opt/stack/data/neutron/dhcp/b5d2d713-b782-4c5b-b9bd-2bcad3f4afbd/addn_hosts - 2 names
Oct 18 10:36:20.425578 podb-esxi207 dnsmasq-dhcp[3681930]: read /opt/stack/data/neutron/dhcp/b5d2d713-b782-4c5b-b9bd-2bcad3f4afbd/host
Oct 18 10:36:20.425693 podb-esxi207 dnsmasq-dhcp[3681930]: read /opt/stack/data/neutron/dhcp/b5d2d713-b782-4c5b-b9bd-2bcad3f4afbd/opts
Oct 18 10:36:28.781851 podb-esxi207 dnsmasq[3681561]: read /opt/stack/data/neutron/dhcp/b6e33e0d-968a-4344-b710-d6ed7ae50194/addn_hosts - 4 names
Oct 18 10:36:28.781933 podb-esxi207 dnsmasq-dhcp[3681561]: read /opt/stack/data/neutron/dhcp/b6e33e0d-968a-4344-b710-d6ed7ae50194/host
Oct 18 10:36:28.782042 podb-esxi207 dnsmasq-dhcp[3681561]: read /opt/stack/data/neutron/dhcp/b6e33e0d-968a-4344-b710-d6ed7ae50194/opts
Oct 18 10:36:29.758306 podb-esxi207 dnsmasq-dhcp[3681561]: DHCPDISCOVER(tap7faf2833-7e) fa:16:3e:29:f7:d8
Oct 18 10:36:29.758330 podb-esxi207 dnsmasq-dhcp[3681561]: DHCPOFFER(tap7faf2833-7e) 10.1.0.9 fa:16:3e:29:f7:d8
Oct 18 10:36:29.769128 podb-esxi207 dnsmasq-dhcp[3681561]: DHCPREQUEST(tap7faf2833-7e) 10.1.0.9 fa:16:3e:29:f7:d8
Oct 18 10:36:29.769152 podb-esxi207 dnsmasq-dhcp[3681561]: DHCPACK(tap7faf2833-7e) 10.1.0.9 fa:16:3e:29:f7:d8 host-10-1-0-9
Oct 18 10:36:30.035963 podb-esxi207 dnsmasq[3681930]: read /opt/stack/data/neutron/dhcp/b5d2d713-b782-4c5b-b9bd-2bcad3f4afbd/addn_hosts - 4 names
Oct 18 10:36:30.036051 podb-esxi207 dnsmasq-dhcp[3681930]: read /opt/stack/data/neutron/dhcp/b5d2d713-b782-4c5b-b9bd-2bcad3f4afbd/host
Oct 18 10:36:30.036120 podb-esxi207 dnsmasq-dhcp[3681930]: read /opt/stack/data/neutron/dhcp/b5d2d713-b782-4c5b-b9bd-2bcad3f4afbd/opts
Oct 18 10:36:34.500873 podb-esxi207 dnsmasq-dhcp[3673886]: DHCPREQUEST(tapafb49c97-c7) 10.1.0.7 fa:16:3e:11:2f:5e
Oct 18 10:36:34.500907 podb-esxi207 dnsmasq-dhcp[3673886]: DHCPACK(tapafb49c97-c7) 10.1.0.7 fa:16:3e:11:2f:5e host-10-1-0-7
Oct 18 10:36:43.500255 podb-esxi207 dnsmasq[3681930]: read /opt/stack/data/neutron/dhcp/b5d2d713-b782-4c5b-b9bd-2bcad3f4afbd/addn_hosts - 2 names
Oct 18 10:36:43.500348 podb-esxi207 dnsmasq-dhcp[3681930]: read /opt/stack/data/neutron/dhcp/b5d2d713-b782-4c5b-b9bd-2bcad3f4afbd/host
Oct 18 10:36:43.500438 podb-esxi207 dnsmasq-dhcp[3681930]: read /opt/stack/data/neutron/dhcp/b5d2d713-b782-4c5b-b9bd-2bcad3f4afbd/opts
Oct 18 10:36:53.505483 podb-esxi207 dnsmasq-dhcp[3681561]: DHCPRELEASE(tap7faf2833-7e) 10.1.0.9 fa:16:3e:29:f7:d8
Oct 18 10:36:53.522529 podb-esxi207 dnsmasq-dhcp[3681561]: DHCPRELEASE(tap7faf2833-7e) 10.1.0.9 fa:16:3e:29:f7:d8 unknown lease
Oct 18 10:36:54.348446 podb-esxi207 dnsmasq[3681561]: read /opt/stack/data/neutron/dhcp/b6e33e0d-968a-4344-b710-d6ed7ae50194/addn_hosts - 2 names
Oct 18 10:36:54.348583 podb-esxi207 dnsmasq-dhcp[3681561]: read /opt/stack/data/neutron/dhcp/b6e33e0d-968a-4344-b710-d6ed7ae50194/host
Oct 18 10:36:54.348696 podb-esxi207 dnsmasq-dhcp[3681561]: read /opt/stack/data/neutron/dhcp/b6e33e0d-968a-4344-b710-d6ed7ae50194/opts
Oct 18 10:36:58.869861 podb-esxi207 dnsmasq[3681561]: read /opt/stack/data/neutron/dhcp/b6e33e0d-968a-4344-b710-d6ed7ae50194/addn_hosts - 0 names
Oct 18 10:36:58.869961 podb-esxi207 dnsmasq-dhcp[3681561]: read /opt/stack/data/neutron/dhcp/b6e33e0d-968a-4344-b710-d6ed7ae50194/host
Oct 18 10:36:58.870063 podb-esxi207 dnsmasq-dhcp[3681561]: read /opt/stack/data/neutron/dhcp/b6e33e0d-968a-4344-b710-d6ed7ae50194/opts
Oct 18 10:36:59.875373 podb-esxi207 dnsmasq[3681561]: exiting on receipt of SIGTERM
Oct 18 10:37:04.257066 podb-esxi207 dnsmasq[3683336]: started, version 2.90 cachesize 150
Oct 18 10:37:04.257092 podb-esxi207 dnsmasq[3683336]: DNS service limited to local subnets
Oct 18 10:37:04.257107 podb-esxi207 dnsmasq[3683336]: compile time options: IPv6 GNU-getopt DBus no-UBus i18n IDN2 DHCP DHCPv6 no-Lua TFTP conntrack ipset no-nftset auth cryptohash DNSSEC loop-detect inotify dumpfile
Oct 18 10:37:04.257143 podb-esxi207 dnsmasq-dhcp[3683336]: DHCP, static leases only on 10.1.0.0, lease time 1d
Oct 18 10:37:04.257300 podb-esxi207 dnsmasq[3683336]: reading /etc/resolv.conf
Oct 18 10:37:04.257321 podb-esxi207 dnsmasq[3683336]: using nameserver 127.0.0.53#53
Oct 18 10:37:04.257403 podb-esxi207 dnsmasq[3683336]: read /opt/stack/data/neutron/dhcp/4babf072-bbb4-4e00-a043-9052194f9d5e/addn_hosts - 0 names
Oct 18 10:37:04.257455 podb-esxi207 dnsmasq-dhcp[3683336]: read /opt/stack/data/neutron/dhcp/4babf072-bbb4-4e00-a043-9052194f9d5e/host
Oct 18 10:37:04.257521 podb-esxi207 dnsmasq-dhcp[3683336]: read /opt/stack/data/neutron/dhcp/4babf072-bbb4-4e00-a043-9052194f9d5e/opts
Oct 18 10:37:05.804243 podb-esxi207 dnsmasq[3683336]: read /opt/stack/data/neutron/dhcp/4babf072-bbb4-4e00-a043-9052194f9d5e/addn_hosts - 2 names
Oct 18 10:37:05.804338 podb-esxi207 dnsmasq-dhcp[3683336]: read /opt/stack/data/neutron/dhcp/4babf072-bbb4-4e00-a043-9052194f9d5e/host
Oct 18 10:37:05.804446 podb-esxi207 dnsmasq-dhcp[3683336]: read /opt/stack/data/neutron/dhcp/4babf072-bbb4-4e00-a043-9052194f9d5e/opts
Oct 18 10:37:07.065966 podb-esxi207 dnsmasq[3683336]: read /opt/stack/data/neutron/dhcp/4babf072-bbb4-4e00-a043-9052194f9d5e/addn_hosts - 2 names
Oct 18 10:37:07.066049 podb-esxi207 dnsmasq-dhcp[3683336]: read /opt/stack/data/neutron/dhcp/4babf072-bbb4-4e00-a043-9052194f9d5e/host
Oct 18 10:37:07.066149 podb-esxi207 dnsmasq-dhcp[3683336]: read /opt/stack/data/neutron/dhcp/4babf072-bbb4-4e00-a043-9052194f9d5e/opts
Oct 18 10:37:08.337818 podb-esxi207 dnsmasq[3683336]: read /opt/stack/data/neutron/dhcp/4babf072-bbb4-4e00-a043-9052194f9d5e/addn_hosts - 2 names
Oct 18 10:37:08.337893 podb-esxi207 dnsmasq-dhcp[3683336]: read /opt/stack/data/neutron/dhcp/4babf072-bbb4-4e00-a043-9052194f9d5e/host
Oct 18 10:37:08.337964 podb-esxi207 dnsmasq-dhcp[3683336]: read /opt/stack/data/neutron/dhcp/4babf072-bbb4-4e00-a043-9052194f9d5e/opts
Oct 18 10:37:12.003378 podb-esxi207 dnsmasq[3683336]: read /opt/stack/data/neutron/dhcp/4babf072-bbb4-4e00-a043-9052194f9d5e/addn_hosts - 4 names
Oct 18 10:37:12.003527 podb-esxi207 dnsmasq-dhcp[3683336]: read /opt/stack/data/neutron/dhcp/4babf072-bbb4-4e00-a043-9052194f9d5e/host
Oct 18 10:37:12.003638 podb-esxi207 dnsmasq-dhcp[3683336]: read /opt/stack/data/neutron/dhcp/4babf072-bbb4-4e00-a043-9052194f9d5e/opts
Oct 18 10:37:36.123981 podb-esxi207 dnsmasq-dhcp[3683336]: DHCPDISCOVER(tapcfb6707d-18) fa:16:3e:6e:8f:ba
Oct 18 10:37:36.124006 podb-esxi207 dnsmasq-dhcp[3683336]: DHCPOFFER(tapcfb6707d-18) 10.1.0.5 fa:16:3e:6e:8f:ba
Oct 18 10:37:36.135199 podb-esxi207 dnsmasq-dhcp[3683336]: DHCPREQUEST(tapcfb6707d-18) 10.1.0.5 fa:16:3e:6e:8f:ba
Oct 18 10:37:36.135230 podb-esxi207 dnsmasq-dhcp[3683336]: DHCPACK(tapcfb6707d-18) 10.1.0.5 fa:16:3e:6e:8f:ba host-10-1-0-5
Oct 18 10:38:04.618323 podb-esxi207 dnsmasq[3673886]: read /opt/stack/data/neutron/dhcp/bdf06a39-4795-4d21-99a2-8e0536b53e52/addn_hosts - 14 names
Oct 18 10:38:04.618502 podb-esxi207 dnsmasq-dhcp[3673886]: read /opt/stack/data/neutron/dhcp/bdf06a39-4795-4d21-99a2-8e0536b53e52/host
Oct 18 10:38:04.618588 podb-esxi207 dnsmasq-dhcp[3673886]: read /opt/stack/data/neutron/dhcp/bdf06a39-4795-4d21-99a2-8e0536b53e52/opts
Oct 18 10:38:19.718270 podb-esxi207 dnsmasq-dhcp[3681930]: DHCPRELEASE(tap43902fb4-25) 10.1.0.1 fa:16:3e:60:7f:19
Oct 18 10:38:20.542824 podb-esxi207 dnsmasq[3681930]: read /opt/stack/data/neutron/dhcp/b5d2d713-b782-4c5b-b9bd-2bcad3f4afbd/addn_hosts - 0 names
Oct 18 10:38:20.542878 podb-esxi207 dnsmasq-dhcp[3681930]: read /opt/stack/data/neutron/dhcp/b5d2d713-b782-4c5b-b9bd-2bcad3f4afbd/host
Oct 18 10:38:20.542919 podb-esxi207 dnsmasq-dhcp[3681930]: read /opt/stack/data/neutron/dhcp/b5d2d713-b782-4c5b-b9bd-2bcad3f4afbd/opts
Oct 18 10:38:21.319895 podb-esxi207 dnsmasq[3681930]: exiting on receipt of SIGTERM
Oct 18 10:38:38.295129 podb-esxi207 dnsmasq[3673886]: read /opt/stack/data/neutron/dhcp/bdf06a39-4795-4d21-99a2-8e0536b53e52/addn_hosts - 12 names
Oct 18 10:38:38.295293 podb-esxi207 dnsmasq-dhcp[3673886]: read /opt/stack/data/neutron/dhcp/bdf06a39-4795-4d21-99a2-8e0536b53e52/host
Oct 18 10:38:38.295426 podb-esxi207 dnsmasq-dhcp[3673886]: read /opt/stack/data/neutron/dhcp/bdf06a39-4795-4d21-99a2-8e0536b53e52/opts
Oct 18 10:39:17.843392 podb-esxi207 dnsmasq-dhcp[3683336]: DHCPREQUEST(tapcfb6707d-18) 10.1.0.5 fa:16:3e:6e:8f:ba
Oct 18 10:39:17.843426 podb-esxi207 dnsmasq-dhcp[3683336]: DHCPACK(tapcfb6707d-18) 10.1.0.5 fa:16:3e:6e:8f:ba host-10-1-0-5
Oct 18 10:39:46.741254 podb-esxi207 dnsmasq-dhcp[3673886]: DHCPRELEASE(tapafb49c97-c7) 10.1.0.7 fa:16:3e:11:2f:5e
Oct 18 10:39:46.758112 podb-esxi207 dnsmasq-dhcp[3673886]: DHCPRELEASE(tapafb49c97-c7) 10.1.0.7 fa:16:3e:11:2f:5e unknown lease
Oct 18 10:39:47.583511 podb-esxi207 dnsmasq[3673886]: read /opt/stack/data/neutron/dhcp/bdf06a39-4795-4d21-99a2-8e0536b53e52/addn_hosts - 10 names
Oct 18 10:39:47.583658 podb-esxi207 dnsmasq-dhcp[3673886]: read /opt/stack/data/neutron/dhcp/bdf06a39-4795-4d21-99a2-8e0536b53e52/host
Oct 18 10:39:47.583730 podb-esxi207 dnsmasq-dhcp[3673886]: read /opt/stack/data/neutron/dhcp/bdf06a39-4795-4d21-99a2-8e0536b53e52/opts
Oct 18 10:39:53.675658 podb-esxi207 dnsmasq-dhcp[3673886]: DHCPRELEASE(tapafb49c97-c7) 10.1.0.9 fa:16:3e:64:33:ac
Oct 18 10:39:53.691490 podb-esxi207 dnsmasq-dhcp[3673886]: DHCPRELEASE(tapafb49c97-c7) 10.1.0.9 fa:16:3e:64:33:ac unknown lease
Oct 18 10:39:54.514097 podb-esxi207 dnsmasq[3673886]: read /opt/stack/data/neutron/dhcp/bdf06a39-4795-4d21-99a2-8e0536b53e52/addn_hosts - 8 names
Oct 18 10:39:54.514222 podb-esxi207 dnsmasq-dhcp[3673886]: read /opt/stack/data/neutron/dhcp/bdf06a39-4795-4d21-99a2-8e0536b53e52/host
Oct 18 10:39:54.514331 podb-esxi207 dnsmasq-dhcp[3673886]: read /opt/stack/data/neutron/dhcp/bdf06a39-4795-4d21-99a2-8e0536b53e52/opts
Oct 18 10:40:07.510239 podb-esxi207 dnsmasq-dhcp[3673886]: DHCPRELEASE(tapafb49c97-c7) 10.1.0.14 fa:16:3e:d3:fe:8a
Oct 18 10:40:07.525993 podb-esxi207 dnsmasq-dhcp[3673886]: DHCPRELEASE(tapafb49c97-c7) 10.1.0.14 fa:16:3e:d3:fe:8a unknown lease
Oct 18 10:40:08.351114 podb-esxi207 dnsmasq[3673886]: read /opt/stack/data/neutron/dhcp/bdf06a39-4795-4d21-99a2-8e0536b53e52/addn_hosts - 6 names
Oct 18 10:40:08.351238 podb-esxi207 dnsmasq-dhcp[3673886]: read /opt/stack/data/neutron/dhcp/bdf06a39-4795-4d21-99a2-8e0536b53e52/host
Oct 18 10:40:08.351360 podb-esxi207 dnsmasq-dhcp[3673886]: read /opt/stack/data/neutron/dhcp/bdf06a39-4795-4d21-99a2-8e0536b53e52/opts
Oct 18 10:40:14.913430 podb-esxi207 dnsmasq-dhcp[3673886]: DHCPRELEASE(tapafb49c97-c7) 10.1.0.3 fa:16:3e:a2:f8:3e
Oct 18 10:40:14.929092 podb-esxi207 dnsmasq-dhcp[3673886]: DHCPRELEASE(tapafb49c97-c7) 10.1.0.3 fa:16:3e:a2:f8:3e unknown lease
Oct 18 10:40:15.754685 podb-esxi207 dnsmasq[3673886]: read /opt/stack/data/neutron/dhcp/bdf06a39-4795-4d21-99a2-8e0536b53e52/addn_hosts - 4 names
Oct 18 10:40:15.754861 podb-esxi207 dnsmasq-dhcp[3673886]: read /opt/stack/data/neutron/dhcp/bdf06a39-4795-4d21-99a2-8e0536b53e52/host
Oct 18 10:40:15.754973 podb-esxi207 dnsmasq-dhcp[3673886]: read /opt/stack/data/neutron/dhcp/bdf06a39-4795-4d21-99a2-8e0536b53e52/opts
Oct 18 10:40:23.253736 podb-esxi207 dnsmasq-dhcp[3673886]: DHCPRELEASE(tapafb49c97-c7) 10.1.0.6 fa:16:3e:a5:90:cc
Oct 18 10:40:23.270212 podb-esxi207 dnsmasq-dhcp[3673886]: DHCPRELEASE(tapafb49c97-c7) 10.1.0.6 fa:16:3e:a5:90:cc unknown lease
Oct 18 10:40:24.096229 podb-esxi207 dnsmasq[3673886]: read /opt/stack/data/neutron/dhcp/bdf06a39-4795-4d21-99a2-8e0536b53e52/addn_hosts - 2 names
Oct 18 10:40:24.096367 podb-esxi207 dnsmasq-dhcp[3673886]: read /opt/stack/data/neutron/dhcp/bdf06a39-4795-4d21-99a2-8e0536b53e52/host
Oct 18 10:40:24.096485 podb-esxi207 dnsmasq-dhcp[3673886]: read /opt/stack/data/neutron/dhcp/bdf06a39-4795-4d21-99a2-8e0536b53e52/opts
Oct 18 10:40:39.686067 podb-esxi207 dnsmasq[3671625]: read /opt/stack/data/neutron/dhcp/4a3eaafd-a6bb-48f5-b78b-15126317bde9/addn_hosts - 4 names
Oct 18 10:40:39.686159 podb-esxi207 dnsmasq-dhcp[3671625]: read /opt/stack/data/neutron/dhcp/4a3eaafd-a6bb-48f5-b78b-15126317bde9/host
Oct 18 10:40:39.686231 podb-esxi207 dnsmasq-dhcp[3671625]: read /opt/stack/data/neutron/dhcp/4a3eaafd-a6bb-48f5-b78b-15126317bde9/opts
Oct 18 10:40:40.198252 podb-esxi207 dnsmasq-dhcp[3683336]: DHCPRELEASE(tapcfb6707d-18) 10.1.0.5 fa:16:3e:6e:8f:ba
Oct 18 10:40:40.217084 podb-esxi207 dnsmasq-dhcp[3683336]: DHCPRELEASE(tapcfb6707d-18) 10.1.0.5 fa:16:3e:6e:8f:ba unknown lease
Oct 18 10:40:41.043256 podb-esxi207 dnsmasq[3683336]: read /opt/stack/data/neutron/dhcp/4babf072-bbb4-4e00-a043-9052194f9d5e/addn_hosts - 2 names
Oct 18 10:40:41.043390 podb-esxi207 dnsmasq-dhcp[3683336]: read /opt/stack/data/neutron/dhcp/4babf072-bbb4-4e00-a043-9052194f9d5e/host
Oct 18 10:40:41.043505 podb-esxi207 dnsmasq-dhcp[3683336]: read /opt/stack/data/neutron/dhcp/4babf072-bbb4-4e00-a043-9052194f9d5e/opts
Oct 18 10:40:52.072459 podb-esxi207 dnsmasq[3673886]: read /opt/stack/data/neutron/dhcp/bdf06a39-4795-4d21-99a2-8e0536b53e52/addn_hosts - 0 names
Oct 18 10:40:52.072568 podb-esxi207 dnsmasq-dhcp[3673886]: read /opt/stack/data/neutron/dhcp/bdf06a39-4795-4d21-99a2-8e0536b53e52/host
Oct 18 10:40:52.072675 podb-esxi207 dnsmasq-dhcp[3673886]: read /opt/stack/data/neutron/dhcp/bdf06a39-4795-4d21-99a2-8e0536b53e52/opts
Oct 18 10:40:52.830082 podb-esxi207 dnsmasq[3683336]: read /opt/stack/data/neutron/dhcp/4babf072-bbb4-4e00-a043-9052194f9d5e/addn_hosts - 4 names
Oct 18 10:40:52.830202 podb-esxi207 dnsmasq-dhcp[3683336]: read /opt/stack/data/neutron/dhcp/4babf072-bbb4-4e00-a043-9052194f9d5e/host
Oct 18 10:40:52.830316 podb-esxi207 dnsmasq-dhcp[3683336]: read /opt/stack/data/neutron/dhcp/4babf072-bbb4-4e00-a043-9052194f9d5e/opts
Oct 18 10:40:54.134878 podb-esxi207 dnsmasq[3673886]: exiting on receipt of SIGTERM
Oct 18 10:41:03.840378 podb-esxi207 dnsmasq-dhcp[3671625]: DHCPRELEASE(tapefe90ef4-9c) 10.1.0.3 fa:16:3e:51:3d:1d
Oct 18 10:41:03.854307 podb-esxi207 dnsmasq-dhcp[3671625]: DHCPRELEASE(tapefe90ef4-9c) 10.1.0.3 fa:16:3e:51:3d:1d unknown lease
Oct 18 10:41:04.680901 podb-esxi207 dnsmasq[3671625]: read /opt/stack/data/neutron/dhcp/4a3eaafd-a6bb-48f5-b78b-15126317bde9/addn_hosts - 2 names
Oct 18 10:41:04.680994 podb-esxi207 dnsmasq-dhcp[3671625]: read /opt/stack/data/neutron/dhcp/4a3eaafd-a6bb-48f5-b78b-15126317bde9/host
Oct 18 10:41:04.681115 podb-esxi207 dnsmasq-dhcp[3671625]: read /opt/stack/data/neutron/dhcp/4a3eaafd-a6bb-48f5-b78b-15126317bde9/opts
Oct 18 10:41:09.468484 podb-esxi207 dnsmasq[3671625]: read /opt/stack/data/neutron/dhcp/4a3eaafd-a6bb-48f5-b78b-15126317bde9/addn_hosts - 0 names
Oct 18 10:41:09.468547 podb-esxi207 dnsmasq-dhcp[3671625]: read /opt/stack/data/neutron/dhcp/4a3eaafd-a6bb-48f5-b78b-15126317bde9/host
Oct 18 10:41:09.468615 podb-esxi207 dnsmasq-dhcp[3671625]: read /opt/stack/data/neutron/dhcp/4a3eaafd-a6bb-48f5-b78b-15126317bde9/opts
Oct 18 10:41:10.470537 podb-esxi207 dnsmasq[3671625]: exiting on receipt of SIGTERM
Oct 18 10:41:14.262887 podb-esxi207 dnsmasq[3686978]: started, version 2.90 cachesize 150
Oct 18 10:41:14.262912 podb-esxi207 dnsmasq[3686978]: DNS service limited to local subnets
Oct 18 10:41:14.262926 podb-esxi207 dnsmasq[3686978]: compile time options: IPv6 GNU-getopt DBus no-UBus i18n IDN2 DHCP DHCPv6 no-Lua TFTP conntrack ipset no-nftset auth cryptohash DNSSEC loop-detect inotify dumpfile
Oct 18 10:41:14.262964 podb-esxi207 dnsmasq-dhcp[3686978]: DHCP, static leases only on 10.1.0.0, lease time 1d
Oct 18 10:41:14.263108 podb-esxi207 dnsmasq[3686978]: reading /etc/resolv.conf
Oct 18 10:41:14.263124 podb-esxi207 dnsmasq[3686978]: using nameserver 127.0.0.53#53
Oct 18 10:41:14.263211 podb-esxi207 dnsmasq[3686978]: read /opt/stack/data/neutron/dhcp/d013ae90-bc14-4b0f-9f45-ca62b66d6504/addn_hosts - 0 names
Oct 18 10:41:14.263260 podb-esxi207 dnsmasq-dhcp[3686978]: read /opt/stack/data/neutron/dhcp/d013ae90-bc14-4b0f-9f45-ca62b66d6504/host
Oct 18 10:41:14.263323 podb-esxi207 dnsmasq-dhcp[3686978]: read /opt/stack/data/neutron/dhcp/d013ae90-bc14-4b0f-9f45-ca62b66d6504/opts
Oct 18 10:41:15.805476 podb-esxi207 dnsmasq[3686978]: read /opt/stack/data/neutron/dhcp/d013ae90-bc14-4b0f-9f45-ca62b66d6504/addn_hosts - 2 names
Oct 18 10:41:15.805572 podb-esxi207 dnsmasq-dhcp[3686978]: read /opt/stack/data/neutron/dhcp/d013ae90-bc14-4b0f-9f45-ca62b66d6504/host
Oct 18 10:41:15.805640 podb-esxi207 dnsmasq-dhcp[3686978]: read /opt/stack/data/neutron/dhcp/d013ae90-bc14-4b0f-9f45-ca62b66d6504/opts
Oct 18 10:41:17.070505 podb-esxi207 dnsmasq[3686978]: read /opt/stack/data/neutron/dhcp/d013ae90-bc14-4b0f-9f45-ca62b66d6504/addn_hosts - 2 names
Oct 18 10:41:17.070611 podb-esxi207 dnsmasq-dhcp[3686978]: read /opt/stack/data/neutron/dhcp/d013ae90-bc14-4b0f-9f45-ca62b66d6504/host
Oct 18 10:41:17.070723 podb-esxi207 dnsmasq-dhcp[3686978]: read /opt/stack/data/neutron/dhcp/d013ae90-bc14-4b0f-9f45-ca62b66d6504/opts
Oct 18 10:41:17.293258 podb-esxi207 dnsmasq-dhcp[3683336]: DHCPDISCOVER(tapcfb6707d-18) fa:16:3e:30:6b:81
Oct 18 10:41:17.293288 podb-esxi207 dnsmasq-dhcp[3683336]: DHCPOFFER(tapcfb6707d-18) 10.1.0.13 fa:16:3e:30:6b:81
Oct 18 10:41:17.302999 podb-esxi207 dnsmasq-dhcp[3683336]: DHCPREQUEST(tapcfb6707d-18) 10.1.0.13 fa:16:3e:30:6b:81
Oct 18 10:41:17.303029 podb-esxi207 dnsmasq-dhcp[3683336]: DHCPACK(tapcfb6707d-18) 10.1.0.13 fa:16:3e:30:6b:81 host-10-1-0-13
Oct 18 10:41:18.294688 podb-esxi207 dnsmasq[3686978]: read /opt/stack/data/neutron/dhcp/d013ae90-bc14-4b0f-9f45-ca62b66d6504/addn_hosts - 2 names
Oct 18 10:41:18.294788 podb-esxi207 dnsmasq-dhcp[3686978]: read /opt/stack/data/neutron/dhcp/d013ae90-bc14-4b0f-9f45-ca62b66d6504/host
Oct 18 10:41:18.294876 podb-esxi207 dnsmasq-dhcp[3686978]: read /opt/stack/data/neutron/dhcp/d013ae90-bc14-4b0f-9f45-ca62b66d6504/opts
Oct 18 10:41:20.757373 podb-esxi207 dnsmasq[3686978]: read /opt/stack/data/neutron/dhcp/d013ae90-bc14-4b0f-9f45-ca62b66d6504/addn_hosts - 4 names
Oct 18 10:41:20.757432 podb-esxi207 dnsmasq-dhcp[3686978]: read /opt/stack/data/neutron/dhcp/d013ae90-bc14-4b0f-9f45-ca62b66d6504/host
Oct 18 10:41:20.757473 podb-esxi207 dnsmasq-dhcp[3686978]: read /opt/stack/data/neutron/dhcp/d013ae90-bc14-4b0f-9f45-ca62b66d6504/opts
Oct 18 10:41:46.503567 podb-esxi207 dnsmasq-dhcp[3686978]: DHCPDISCOVER(tape17e74bc-d8) fa:16:3e:6e:38:e9
Oct 18 10:41:46.503595 podb-esxi207 dnsmasq-dhcp[3686978]: DHCPOFFER(tape17e74bc-d8) 10.1.0.9 fa:16:3e:6e:38:e9
Oct 18 10:41:46.533523 podb-esxi207 dnsmasq-dhcp[3686978]: DHCPREQUEST(tape17e74bc-d8) 10.1.0.9 fa:16:3e:6e:38:e9
Oct 18 10:41:46.533554 podb-esxi207 dnsmasq-dhcp[3686978]: DHCPACK(tape17e74bc-d8) 10.1.0.9 fa:16:3e:6e:38:e9 host-10-1-0-9
Oct 18 10:43:06.093702 podb-esxi207 dnsmasq-dhcp[3683336]: DHCPREQUEST(tapcfb6707d-18) 10.1.0.13 fa:16:3e:30:6b:81
Oct 18 10:43:06.093733 podb-esxi207 dnsmasq-dhcp[3683336]: DHCPACK(tapcfb6707d-18) 10.1.0.13 fa:16:3e:30:6b:81 host-10-1-0-13
Oct 18 10:43:22.923032 podb-esxi207 dnsmasq-dhcp[3686978]: DHCPREQUEST(tape17e74bc-d8) 10.1.0.9 fa:16:3e:6e:38:e9
Oct 18 10:43:22.923068 podb-esxi207 dnsmasq-dhcp[3686978]: DHCPACK(tape17e74bc-d8) 10.1.0.9 fa:16:3e:6e:38:e9 host-10-1-0-9
Oct 18 10:43:43.117646 podb-esxi207 dnsmasq-dhcp[3683336]: DHCPRELEASE(tapcfb6707d-18) 10.1.0.13 fa:16:3e:30:6b:81
Oct 18 10:43:43.135713 podb-esxi207 dnsmasq-dhcp[3683336]: DHCPRELEASE(tapcfb6707d-18) 10.1.0.13 fa:16:3e:30:6b:81 unknown lease
Oct 18 10:43:43.961740 podb-esxi207 dnsmasq[3683336]: read /opt/stack/data/neutron/dhcp/4babf072-bbb4-4e00-a043-9052194f9d5e/addn_hosts - 2 names
Oct 18 10:43:43.961829 podb-esxi207 dnsmasq-dhcp[3683336]: read /opt/stack/data/neutron/dhcp/4babf072-bbb4-4e00-a043-9052194f9d5e/host
Oct 18 10:43:43.961898 podb-esxi207 dnsmasq-dhcp[3683336]: read /opt/stack/data/neutron/dhcp/4babf072-bbb4-4e00-a043-9052194f9d5e/opts
Oct 18 10:44:32.751689 podb-esxi207 dnsmasq-dhcp[3686978]: DHCPRELEASE(tape17e74bc-d8) 10.1.0.9 fa:16:3e:6e:38:e9
Oct 18 10:44:32.768678 podb-esxi207 dnsmasq-dhcp[3686978]: DHCPRELEASE(tape17e74bc-d8) 10.1.0.9 fa:16:3e:6e:38:e9 unknown lease
Oct 18 10:44:33.596346 podb-esxi207 dnsmasq[3686978]: read /opt/stack/data/neutron/dhcp/d013ae90-bc14-4b0f-9f45-ca62b66d6504/addn_hosts - 2 names
Oct 18 10:44:33.596437 podb-esxi207 dnsmasq-dhcp[3686978]: read /opt/stack/data/neutron/dhcp/d013ae90-bc14-4b0f-9f45-ca62b66d6504/host
Oct 18 10:44:33.596549 podb-esxi207 dnsmasq-dhcp[3686978]: read /opt/stack/data/neutron/dhcp/d013ae90-bc14-4b0f-9f45-ca62b66d6504/opts
Oct 18 10:44:41.360841 podb-esxi207 dnsmasq[3689360]: started, version 2.90 cachesize 150
Oct 18 10:44:41.360864 podb-esxi207 dnsmasq[3689360]: DNS service limited to local subnets
Oct 18 10:44:41.360879 podb-esxi207 dnsmasq[3689360]: compile time options: IPv6 GNU-getopt DBus no-UBus i18n IDN2 DHCP DHCPv6 no-Lua TFTP conntrack ipset no-nftset auth cryptohash DNSSEC loop-detect inotify dumpfile
Oct 18 10:44:41.360919 podb-esxi207 dnsmasq-dhcp[3689360]: DHCP, static leases only on 10.1.0.0, lease time 1d
Oct 18 10:44:41.361074 podb-esxi207 dnsmasq[3689360]: reading /etc/resolv.conf
Oct 18 10:44:41.361091 podb-esxi207 dnsmasq[3689360]: using nameserver 127.0.0.53#53
Oct 18 10:44:41.361177 podb-esxi207 dnsmasq[3689360]: read /opt/stack/data/neutron/dhcp/7fc4aee2-4cff-413e-8e90-8654c6eb9797/addn_hosts - 0 names
Oct 18 10:44:41.361229 podb-esxi207 dnsmasq-dhcp[3689360]: read /opt/stack/data/neutron/dhcp/7fc4aee2-4cff-413e-8e90-8654c6eb9797/host
Oct 18 10:44:41.361292 podb-esxi207 dnsmasq-dhcp[3689360]: read /opt/stack/data/neutron/dhcp/7fc4aee2-4cff-413e-8e90-8654c6eb9797/opts
Oct 18 10:44:42.405219 podb-esxi207 dnsmasq[3683336]: read /opt/stack/data/neutron/dhcp/4babf072-bbb4-4e00-a043-9052194f9d5e/addn_hosts - 0 names
Oct 18 10:44:42.405335 podb-esxi207 dnsmasq-dhcp[3683336]: read /opt/stack/data/neutron/dhcp/4babf072-bbb4-4e00-a043-9052194f9d5e/host
Oct 18 10:44:42.405441 podb-esxi207 dnsmasq-dhcp[3683336]: read /opt/stack/data/neutron/dhcp/4babf072-bbb4-4e00-a043-9052194f9d5e/opts
Oct 18 10:44:43.675068 podb-esxi207 dnsmasq[3689360]: read /opt/stack/data/neutron/dhcp/7fc4aee2-4cff-413e-8e90-8654c6eb9797/addn_hosts - 2 names
Oct 18 10:44:43.675147 podb-esxi207 dnsmasq-dhcp[3689360]: read /opt/stack/data/neutron/dhcp/7fc4aee2-4cff-413e-8e90-8654c6eb9797/host
Oct 18 10:44:43.675215 podb-esxi207 dnsmasq-dhcp[3689360]: read /opt/stack/data/neutron/dhcp/7fc4aee2-4cff-413e-8e90-8654c6eb9797/opts
Oct 18 10:44:47.262362 podb-esxi207 dnsmasq[3689838]: started, version 2.90 cachesize 150
Oct 18 10:44:47.262389 podb-esxi207 dnsmasq[3689838]: DNS service limited to local subnets
Oct 18 10:44:47.262404 podb-esxi207 dnsmasq[3689838]: compile time options: IPv6 GNU-getopt DBus no-UBus i18n IDN2 DHCP DHCPv6 no-Lua TFTP conntrack ipset no-nftset auth cryptohash DNSSEC loop-detect inotify dumpfile
Oct 18 10:44:47.262442 podb-esxi207 dnsmasq-dhcp[3689838]: DHCP, static leases only on 10.1.0.0, lease time 1d
Oct 18 10:44:47.262599 podb-esxi207 dnsmasq[3689838]: reading /etc/resolv.conf
Oct 18 10:44:47.262616 podb-esxi207 dnsmasq[3689838]: using nameserver 127.0.0.53#53
Oct 18 10:44:47.262767 podb-esxi207 dnsmasq[3689838]: read /opt/stack/data/neutron/dhcp/427401b4-8f8d-4384-b635-6994d8c4b333/addn_hosts - 2 names
Oct 18 10:44:47.262833 podb-esxi207 dnsmasq-dhcp[3689838]: read /opt/stack/data/neutron/dhcp/427401b4-8f8d-4384-b635-6994d8c4b333/host
Oct 18 10:44:47.262899 podb-esxi207 dnsmasq-dhcp[3689838]: read /opt/stack/data/neutron/dhcp/427401b4-8f8d-4384-b635-6994d8c4b333/opts
Oct 18 10:44:47.796444 podb-esxi207 dnsmasq[3683336]: exiting on receipt of SIGTERM
Oct 18 10:44:48.918258 podb-esxi207 dnsmasq[3686978]: read /opt/stack/data/neutron/dhcp/d013ae90-bc14-4b0f-9f45-ca62b66d6504/addn_hosts - 0 names
Oct 18 10:44:48.918334 podb-esxi207 dnsmasq-dhcp[3686978]: read /opt/stack/data/neutron/dhcp/d013ae90-bc14-4b0f-9f45-ca62b66d6504/host
Oct 18 10:44:48.918385 podb-esxi207 dnsmasq-dhcp[3686978]: read /opt/stack/data/neutron/dhcp/d013ae90-bc14-4b0f-9f45-ca62b66d6504/opts
Oct 18 10:44:51.903172 podb-esxi207 dnsmasq[3690572]: started, version 2.90 cachesize 150
Oct 18 10:44:51.903196 podb-esxi207 dnsmasq[3690572]: DNS service limited to local subnets
Oct 18 10:44:51.903211 podb-esxi207 dnsmasq[3690572]: compile time options: IPv6 GNU-getopt DBus no-UBus i18n IDN2 DHCP DHCPv6 no-Lua TFTP conntrack ipset no-nftset auth cryptohash DNSSEC loop-detect inotify dumpfile
Oct 18 10:44:51.903254 podb-esxi207 dnsmasq-dhcp[3690572]: DHCP, static leases only on 10.1.0.0, lease time 1d
Oct 18 10:44:51.903408 podb-esxi207 dnsmasq[3690572]: reading /etc/resolv.conf
Oct 18 10:44:51.903424 podb-esxi207 dnsmasq[3690572]: using nameserver 127.0.0.53#53
Oct 18 10:44:51.903539 podb-esxi207 dnsmasq[3690572]: read /opt/stack/data/neutron/dhcp/0bbd073c-2da1-4203-905d-2288122436a3/addn_hosts - 2 names
Oct 18 10:44:51.903597 podb-esxi207 dnsmasq-dhcp[3690572]: read /opt/stack/data/neutron/dhcp/0bbd073c-2da1-4203-905d-2288122436a3/host
Oct 18 10:44:51.903666 podb-esxi207 dnsmasq-dhcp[3690572]: read /opt/stack/data/neutron/dhcp/0bbd073c-2da1-4203-905d-2288122436a3/opts
Oct 18 10:44:52.437199 podb-esxi207 dnsmasq[3689360]: read /opt/stack/data/neutron/dhcp/7fc4aee2-4cff-413e-8e90-8654c6eb9797/addn_hosts - 2 names
Oct 18 10:44:52.437276 podb-esxi207 dnsmasq-dhcp[3689360]: read /opt/stack/data/neutron/dhcp/7fc4aee2-4cff-413e-8e90-8654c6eb9797/host
Oct 18 10:44:52.437380 podb-esxi207 dnsmasq-dhcp[3689360]: read /opt/stack/data/neutron/dhcp/7fc4aee2-4cff-413e-8e90-8654c6eb9797/opts
Oct 18 10:44:55.357471 podb-esxi207 dnsmasq[3690730]: started, version 2.90 cachesize 150
Oct 18 10:44:55.357499 podb-esxi207 dnsmasq[3690730]: DNS service limited to local subnets
Oct 18 10:44:55.357514 podb-esxi207 dnsmasq[3690730]: compile time options: IPv6 GNU-getopt DBus no-UBus i18n IDN2 DHCP DHCPv6 no-Lua TFTP conntrack ipset no-nftset auth cryptohash DNSSEC loop-detect inotify dumpfile
Oct 18 10:44:55.357550 podb-esxi207 dnsmasq-dhcp[3690730]: DHCP, static leases only on 10.1.0.0, lease time 1d
Oct 18 10:44:55.357701 podb-esxi207 dnsmasq[3690730]: reading /etc/resolv.conf
Oct 18 10:44:55.357718 podb-esxi207 dnsmasq[3690730]: using nameserver 127.0.0.53#53
Oct 18 10:44:55.357828 podb-esxi207 dnsmasq[3690730]: read /opt/stack/data/neutron/dhcp/cae41426-dbe6-47ec-b161-1cd71ca015a1/addn_hosts - 2 names
Oct 18 10:44:55.357886 podb-esxi207 dnsmasq-dhcp[3690730]: read /opt/stack/data/neutron/dhcp/cae41426-dbe6-47ec-b161-1cd71ca015a1/host
Oct 18 10:44:55.357962 podb-esxi207 dnsmasq-dhcp[3690730]: read /opt/stack/data/neutron/dhcp/cae41426-dbe6-47ec-b161-1cd71ca015a1/opts
Oct 18 10:44:56.396717 podb-esxi207 dnsmasq[3689838]: read /opt/stack/data/neutron/dhcp/427401b4-8f8d-4384-b635-6994d8c4b333/addn_hosts - 2 names
Oct 18 10:44:56.396833 podb-esxi207 dnsmasq-dhcp[3689838]: read /opt/stack/data/neutron/dhcp/427401b4-8f8d-4384-b635-6994d8c4b333/host
Oct 18 10:44:56.396941 podb-esxi207 dnsmasq-dhcp[3689838]: read /opt/stack/data/neutron/dhcp/427401b4-8f8d-4384-b635-6994d8c4b333/opts
Oct 18 10:44:57.144845 podb-esxi207 dnsmasq[3686978]: exiting on receipt of SIGTERM
Oct 18 10:44:58.760290 podb-esxi207 dnsmasq[3690572]: read /opt/stack/data/neutron/dhcp/0bbd073c-2da1-4203-905d-2288122436a3/addn_hosts - 4 names
Oct 18 10:44:58.760394 podb-esxi207 dnsmasq-dhcp[3690572]: read /opt/stack/data/neutron/dhcp/0bbd073c-2da1-4203-905d-2288122436a3/host
Oct 18 10:44:58.760513 podb-esxi207 dnsmasq-dhcp[3690572]: read /opt/stack/data/neutron/dhcp/0bbd073c-2da1-4203-905d-2288122436a3/opts
Oct 18 10:44:59.512223 podb-esxi207 dnsmasq[3689360]: read /opt/stack/data/neutron/dhcp/7fc4aee2-4cff-413e-8e90-8654c6eb9797/addn_hosts - 2 names
Oct 18 10:44:59.512308 podb-esxi207 dnsmasq-dhcp[3689360]: read /opt/stack/data/neutron/dhcp/7fc4aee2-4cff-413e-8e90-8654c6eb9797/host
Oct 18 10:44:59.512429 podb-esxi207 dnsmasq-dhcp[3689360]: read /opt/stack/data/neutron/dhcp/7fc4aee2-4cff-413e-8e90-8654c6eb9797/opts
Oct 18 10:45:00.766343 podb-esxi207 dnsmasq[3690730]: read /opt/stack/data/neutron/dhcp/cae41426-dbe6-47ec-b161-1cd71ca015a1/addn_hosts - 4 names
Oct 18 10:45:00.766489 podb-esxi207 dnsmasq-dhcp[3690730]: read /opt/stack/data/neutron/dhcp/cae41426-dbe6-47ec-b161-1cd71ca015a1/host
Oct 18 10:45:00.766603 podb-esxi207 dnsmasq-dhcp[3690730]: read /opt/stack/data/neutron/dhcp/cae41426-dbe6-47ec-b161-1cd71ca015a1/opts
Oct 18 10:45:01.526870 podb-esxi207 dnsmasq[3689838]: read /opt/stack/data/neutron/dhcp/427401b4-8f8d-4384-b635-6994d8c4b333/addn_hosts - 2 names
Oct 18 10:45:01.526964 podb-esxi207 dnsmasq-dhcp[3689838]: read /opt/stack/data/neutron/dhcp/427401b4-8f8d-4384-b635-6994d8c4b333/host
Oct 18 10:45:01.527035 podb-esxi207 dnsmasq-dhcp[3689838]: read /opt/stack/data/neutron/dhcp/427401b4-8f8d-4384-b635-6994d8c4b333/opts
Oct 18 10:45:02.793749 podb-esxi207 dnsmasq[3690572]: read /opt/stack/data/neutron/dhcp/0bbd073c-2da1-4203-905d-2288122436a3/addn_hosts - 4 names
Oct 18 10:45:02.793892 podb-esxi207 dnsmasq-dhcp[3690572]: read /opt/stack/data/neutron/dhcp/0bbd073c-2da1-4203-905d-2288122436a3/host
Oct 18 10:45:02.794012 podb-esxi207 dnsmasq-dhcp[3690572]: read /opt/stack/data/neutron/dhcp/0bbd073c-2da1-4203-905d-2288122436a3/opts
Oct 18 10:45:03.550246 podb-esxi207 dnsmasq[3689360]: read /opt/stack/data/neutron/dhcp/7fc4aee2-4cff-413e-8e90-8654c6eb9797/addn_hosts - 4 names
Oct 18 10:45:03.550359 podb-esxi207 dnsmasq-dhcp[3689360]: read /opt/stack/data/neutron/dhcp/7fc4aee2-4cff-413e-8e90-8654c6eb9797/host
Oct 18 10:45:03.550452 podb-esxi207 dnsmasq-dhcp[3689360]: read /opt/stack/data/neutron/dhcp/7fc4aee2-4cff-413e-8e90-8654c6eb9797/opts
Oct 18 10:45:04.312069 podb-esxi207 dnsmasq[3690730]: read /opt/stack/data/neutron/dhcp/cae41426-dbe6-47ec-b161-1cd71ca015a1/addn_hosts - 4 names
Oct 18 10:45:04.312243 podb-esxi207 dnsmasq-dhcp[3690730]: read /opt/stack/data/neutron/dhcp/cae41426-dbe6-47ec-b161-1cd71ca015a1/host
Oct 18 10:45:04.312721 podb-esxi207 dnsmasq-dhcp[3690730]: read /opt/stack/data/neutron/dhcp/cae41426-dbe6-47ec-b161-1cd71ca015a1/opts
Oct 18 10:45:05.063926 podb-esxi207 dnsmasq[3689838]: read /opt/stack/data/neutron/dhcp/427401b4-8f8d-4384-b635-6994d8c4b333/addn_hosts - 2 names
Oct 18 10:45:05.064012 podb-esxi207 dnsmasq-dhcp[3689838]: read /opt/stack/data/neutron/dhcp/427401b4-8f8d-4384-b635-6994d8c4b333/host
Oct 18 10:45:05.064120 podb-esxi207 dnsmasq-dhcp[3689838]: read /opt/stack/data/neutron/dhcp/427401b4-8f8d-4384-b635-6994d8c4b333/opts
Oct 18 10:45:06.327209 podb-esxi207 dnsmasq[3690572]: read /opt/stack/data/neutron/dhcp/0bbd073c-2da1-4203-905d-2288122436a3/addn_hosts - 4 names
Oct 18 10:45:06.327400 podb-esxi207 dnsmasq-dhcp[3690572]: read /opt/stack/data/neutron/dhcp/0bbd073c-2da1-4203-905d-2288122436a3/host
Oct 18 10:45:06.327566 podb-esxi207 dnsmasq-dhcp[3690572]: read /opt/stack/data/neutron/dhcp/0bbd073c-2da1-4203-905d-2288122436a3/opts
Oct 18 10:45:07.079055 podb-esxi207 dnsmasq[3690730]: read /opt/stack/data/neutron/dhcp/cae41426-dbe6-47ec-b161-1cd71ca015a1/addn_hosts - 4 names
Oct 18 10:45:07.079161 podb-esxi207 dnsmasq-dhcp[3690730]: read /opt/stack/data/neutron/dhcp/cae41426-dbe6-47ec-b161-1cd71ca015a1/host
Oct 18 10:45:07.079237 podb-esxi207 dnsmasq-dhcp[3690730]: read /opt/stack/data/neutron/dhcp/cae41426-dbe6-47ec-b161-1cd71ca015a1/opts
Oct 18 10:45:08.337043 podb-esxi207 dnsmasq[3690572]: read /opt/stack/data/neutron/dhcp/0bbd073c-2da1-4203-905d-2288122436a3/addn_hosts - 4 names
Oct 18 10:45:08.337134 podb-esxi207 dnsmasq-dhcp[3690572]: read /opt/stack/data/neutron/dhcp/0bbd073c-2da1-4203-905d-2288122436a3/host
Oct 18 10:45:08.337220 podb-esxi207 dnsmasq-dhcp[3690572]: read /opt/stack/data/neutron/dhcp/0bbd073c-2da1-4203-905d-2288122436a3/opts
Oct 18 10:45:09.079262 podb-esxi207 dnsmasq[3690730]: read /opt/stack/data/neutron/dhcp/cae41426-dbe6-47ec-b161-1cd71ca015a1/addn_hosts - 4 names
Oct 18 10:45:09.079370 podb-esxi207 dnsmasq-dhcp[3690730]: read /opt/stack/data/neutron/dhcp/cae41426-dbe6-47ec-b161-1cd71ca015a1/host
Oct 18 10:45:09.079469 podb-esxi207 dnsmasq-dhcp[3690730]: read /opt/stack/data/neutron/dhcp/cae41426-dbe6-47ec-b161-1cd71ca015a1/opts
Oct 18 10:45:18.047230 podb-esxi207 dnsmasq-dhcp[3690572]: DHCPDISCOVER(tapeb189b44-94) fa:16:3e:ff:3f:9c
