Oct 18 10:26:04.404441 podb-esxi207 dnsmasq-dhcp[3664873]: read /opt/stack/data/neutron/dhcp/aea89dee-152d-470c-9581-5ca1e2d30252/host
Oct 18 10:26:04.404529 podb-esxi207 dnsmasq-dhcp[3664873]: read /opt/stack/data/neutron/dhcp/aea89dee-152d-470c-9581-5ca1e2d30252/opts
Oct 18 10:26:06.186801 podb-esxi207 dnsmasq[3665275]: read /opt/stack/data/neutron/dhcp/396bcb1d-2052-4857-a5c8-7f97fb073544/addn_hosts - 2 names
Oct 18 10:26:06.186916 podb-esxi207 dnsmasq-dhcp[3665275]: read /opt/stack/data/neutron/dhcp/396bcb1d-2052-4857-a5c8-7f97fb073544/host
Oct 18 10:26:06.187004 podb-esxi207 dnsmasq-dhcp[3665275]: read /opt/stack/data/neutron/dhcp/396bcb1d-2052-4857-a5c8-7f97fb073544/opts
Oct 18 10:26:06.954981 podb-esxi207 dnsmasq[3663649]: read /opt/stack/data/neutron/dhcp/a886249f-cf1a-4541-9e2f-e29436a5f449/addn_hosts - 8 names
Oct 18 10:26:06.955115 podb-esxi207 dnsmasq-dhcp[3663649]: read /opt/stack/data/neutron/dhcp/a886249f-cf1a-4541-9e2f-e29436a5f449/host
Oct 18 10:26:06.955187 podb-esxi207 dnsmasq-dhcp[3663649]: read /opt/stack/data/neutron/dhcp/a886249f-cf1a-4541-9e2f-e29436a5f449/opts
Oct 18 10:26:07.720330 podb-esxi207 dnsmasq[3663912]: read /opt/stack/data/neutron/dhcp/2be77035-ea19-476e-b4fb-e772ca562d75/addn_hosts - 4 names
Oct 18 10:26:07.720471 podb-esxi207 dnsmasq-dhcp[3663912]: read /opt/stack/data/neutron/dhcp/2be77035-ea19-476e-b4fb-e772ca562d75/host
Oct 18 10:26:07.720586 podb-esxi207 dnsmasq-dhcp[3663912]: read /opt/stack/data/neutron/dhcp/2be77035-ea19-476e-b4fb-e772ca562d75/opts
Oct 18 10:26:08.492199 podb-esxi207 dnsmasq[3664789]: read /opt/stack/data/neutron/dhcp/dea27a96-4035-4de4-800b-3a7e76997950/addn_hosts - 2 names
Oct 18 10:26:08.492293 podb-esxi207 dnsmasq-dhcp[3664789]: read /opt/stack/data/neutron/dhcp/dea27a96-4035-4de4-800b-3a7e76997950/host
Oct 18 10:26:08.492399 podb-esxi207 dnsmasq-dhcp[3664789]: read /opt/stack/data/neutron/dhcp/dea27a96-4035-4de4-800b-3a7e76997950/opts
Oct 18 10:26:09.255510 podb-esxi207 dnsmasq[3664873]: read /opt/stack/data/neutron/dhcp/aea89dee-152d-470c-9581-5ca1e2d30252/addn_hosts - 2 names
Oct 18 10:26:09.255659 podb-esxi207 dnsmasq-dhcp[3664873]: read /opt/stack/data/neutron/dhcp/aea89dee-152d-470c-9581-5ca1e2d30252/host
Oct 18 10:26:09.255750 podb-esxi207 dnsmasq-dhcp[3664873]: read /opt/stack/data/neutron/dhcp/aea89dee-152d-470c-9581-5ca1e2d30252/opts
Oct 18 10:26:10.528780 podb-esxi207 dnsmasq[3665275]: read /opt/stack/data/neutron/dhcp/396bcb1d-2052-4857-a5c8-7f97fb073544/addn_hosts - 2 names
Oct 18 10:26:10.528895 podb-esxi207 dnsmasq-dhcp[3665275]: read /opt/stack/data/neutron/dhcp/396bcb1d-2052-4857-a5c8-7f97fb073544/host
Oct 18 10:26:10.529007 podb-esxi207 dnsmasq-dhcp[3665275]: read /opt/stack/data/neutron/dhcp/396bcb1d-2052-4857-a5c8-7f97fb073544/opts
Oct 18 10:26:11.310564 podb-esxi207 dnsmasq[3663649]: read /opt/stack/data/neutron/dhcp/a886249f-cf1a-4541-9e2f-e29436a5f449/addn_hosts - 8 names
Oct 18 10:26:11.310698 podb-esxi207 dnsmasq-dhcp[3663649]: read /opt/stack/data/neutron/dhcp/a886249f-cf1a-4541-9e2f-e29436a5f449/host
Oct 18 10:26:11.310837 podb-esxi207 dnsmasq-dhcp[3663649]: read /opt/stack/data/neutron/dhcp/a886249f-cf1a-4541-9e2f-e29436a5f449/opts
Oct 18 10:26:12.070463 podb-esxi207 dnsmasq[3663912]: read /opt/stack/data/neutron/dhcp/2be77035-ea19-476e-b4fb-e772ca562d75/addn_hosts - 2 names
Oct 18 10:26:12.070587 podb-esxi207 dnsmasq-dhcp[3663912]: read /opt/stack/data/neutron/dhcp/2be77035-ea19-476e-b4fb-e772ca562d75/host
Oct 18 10:26:12.070697 podb-esxi207 dnsmasq-dhcp[3663912]: read /opt/stack/data/neutron/dhcp/2be77035-ea19-476e-b4fb-e772ca562d75/opts
Oct 18 10:26:12.342153 podb-esxi207 dnsmasq-dhcp[3664789]: DHCPRELEASE(tap4215fce7-50) 10.1.0.1 fa:16:3e:2d:25:93
Oct 18 10:26:13.166344 podb-esxi207 dnsmasq[3664789]: read /opt/stack/data/neutron/dhcp/dea27a96-4035-4de4-800b-3a7e76997950/addn_hosts - 0 names
Oct 18 10:26:13.166428 podb-esxi207 dnsmasq-dhcp[3664789]: read /opt/stack/data/neutron/dhcp/dea27a96-4035-4de4-800b-3a7e76997950/host
Oct 18 10:26:13.166509 podb-esxi207 dnsmasq-dhcp[3664789]: read /opt/stack/data/neutron/dhcp/dea27a96-4035-4de4-800b-3a7e76997950/opts
Oct 18 10:26:14.475141 podb-esxi207 dnsmasq[3665275]: read /opt/stack/data/neutron/dhcp/396bcb1d-2052-4857-a5c8-7f97fb073544/addn_hosts - 2 names
Oct 18 10:26:14.475259 podb-esxi207 dnsmasq-dhcp[3665275]: read /opt/stack/data/neutron/dhcp/396bcb1d-2052-4857-a5c8-7f97fb073544/host
Oct 18 10:26:14.475384 podb-esxi207 dnsmasq-dhcp[3665275]: read /opt/stack/data/neutron/dhcp/396bcb1d-2052-4857-a5c8-7f97fb073544/opts
Oct 18 10:26:14.745850 podb-esxi207 dnsmasq-dhcp[3664873]: DHCPRELEASE(tapa1f92c20-9b) 10.1.0.1 fa:16:3e:d7:c3:d5
Oct 18 10:26:15.571348 podb-esxi207 dnsmasq[3664873]: read /opt/stack/data/neutron/dhcp/aea89dee-152d-470c-9581-5ca1e2d30252/addn_hosts - 0 names
Oct 18 10:26:15.571454 podb-esxi207 dnsmasq-dhcp[3664873]: read /opt/stack/data/neutron/dhcp/aea89dee-152d-470c-9581-5ca1e2d30252/host
Oct 18 10:26:15.571548 podb-esxi207 dnsmasq-dhcp[3664873]: read /opt/stack/data/neutron/dhcp/aea89dee-152d-470c-9581-5ca1e2d30252/opts
Oct 18 10:26:15.816543 podb-esxi207 dnsmasq[3663912]: exiting on receipt of SIGTERM
Oct 18 10:26:16.424630 podb-esxi207 dnsmasq[3664789]: exiting on receipt of SIGTERM
Oct 18 10:26:17.559921 podb-esxi207 dnsmasq[3664873]: exiting on receipt of SIGTERM
Oct 18 10:26:20.822991 podb-esxi207 dnsmasq[3666592]: started, version 2.90 cachesize 150
Oct 18 10:26:20.823015 podb-esxi207 dnsmasq[3666592]: DNS service limited to local subnets
Oct 18 10:26:20.823030 podb-esxi207 dnsmasq[3666592]: compile time options: IPv6 GNU-getopt DBus no-UBus i18n IDN2 DHCP DHCPv6 no-Lua TFTP conntrack ipset no-nftset auth cryptohash DNSSEC loop-detect inotify dumpfile
Oct 18 10:26:20.823070 podb-esxi207 dnsmasq-dhcp[3666592]: DHCP, static leases only on 10.1.0.0, lease time 1d
Oct 18 10:26:20.823214 podb-esxi207 dnsmasq[3666592]: reading /etc/resolv.conf
Oct 18 10:26:20.823230 podb-esxi207 dnsmasq[3666592]: using nameserver 127.0.0.53#53
Oct 18 10:26:20.823336 podb-esxi207 dnsmasq[3666592]: read /opt/stack/data/neutron/dhcp/ded46bb9-3d3e-42ea-9b4c-744497b8daa2/addn_hosts - 2 names
Oct 18 10:26:20.823389 podb-esxi207 dnsmasq-dhcp[3666592]: read /opt/stack/data/neutron/dhcp/ded46bb9-3d3e-42ea-9b4c-744497b8daa2/host
Oct 18 10:26:20.823462 podb-esxi207 dnsmasq-dhcp[3666592]: read /opt/stack/data/neutron/dhcp/ded46bb9-3d3e-42ea-9b4c-744497b8daa2/opts
Oct 18 10:26:22.372576 podb-esxi207 dnsmasq[3666592]: read /opt/stack/data/neutron/dhcp/ded46bb9-3d3e-42ea-9b4c-744497b8daa2/addn_hosts - 2 names
Oct 18 10:26:22.372676 podb-esxi207 dnsmasq-dhcp[3666592]: read /opt/stack/data/neutron/dhcp/ded46bb9-3d3e-42ea-9b4c-744497b8daa2/host
Oct 18 10:26:22.372785 podb-esxi207 dnsmasq-dhcp[3666592]: read /opt/stack/data/neutron/dhcp/ded46bb9-3d3e-42ea-9b4c-744497b8daa2/opts
Oct 18 10:26:23.626863 podb-esxi207 dnsmasq[3666592]: read /opt/stack/data/neutron/dhcp/ded46bb9-3d3e-42ea-9b4c-744497b8daa2/addn_hosts - 2 names
Oct 18 10:26:23.626968 podb-esxi207 dnsmasq-dhcp[3666592]: read /opt/stack/data/neutron/dhcp/ded46bb9-3d3e-42ea-9b4c-744497b8daa2/host
Oct 18 10:26:23.627085 podb-esxi207 dnsmasq-dhcp[3666592]: read /opt/stack/data/neutron/dhcp/ded46bb9-3d3e-42ea-9b4c-744497b8daa2/opts
Oct 18 10:26:24.878365 podb-esxi207 dnsmasq[3666592]: read /opt/stack/data/neutron/dhcp/ded46bb9-3d3e-42ea-9b4c-744497b8daa2/addn_hosts - 2 names
Oct 18 10:26:24.878454 podb-esxi207 dnsmasq-dhcp[3666592]: read /opt/stack/data/neutron/dhcp/ded46bb9-3d3e-42ea-9b4c-744497b8daa2/host
Oct 18 10:26:24.878553 podb-esxi207 dnsmasq-dhcp[3666592]: read /opt/stack/data/neutron/dhcp/ded46bb9-3d3e-42ea-9b4c-744497b8daa2/opts
Oct 18 10:26:26.122510 podb-esxi207 dnsmasq[3666592]: read /opt/stack/data/neutron/dhcp/ded46bb9-3d3e-42ea-9b4c-744497b8daa2/addn_hosts - 4 names
Oct 18 10:26:26.122681 podb-esxi207 dnsmasq-dhcp[3666592]: read /opt/stack/data/neutron/dhcp/ded46bb9-3d3e-42ea-9b4c-744497b8daa2/host
Oct 18 10:26:26.122888 podb-esxi207 dnsmasq-dhcp[3666592]: read /opt/stack/data/neutron/dhcp/ded46bb9-3d3e-42ea-9b4c-744497b8daa2/opts
Oct 18 10:26:34.150656 podb-esxi207 dnsmasq[3665275]: read /opt/stack/data/neutron/dhcp/396bcb1d-2052-4857-a5c8-7f97fb073544/addn_hosts - 4 names
Oct 18 10:26:34.150806 podb-esxi207 dnsmasq-dhcp[3665275]: read /opt/stack/data/neutron/dhcp/396bcb1d-2052-4857-a5c8-7f97fb073544/host
Oct 18 10:26:34.150912 podb-esxi207 dnsmasq-dhcp[3665275]: read /opt/stack/data/neutron/dhcp/396bcb1d-2052-4857-a5c8-7f97fb073544/opts
Oct 18 10:26:35.929201 podb-esxi207 dnsmasq-dhcp[3658969]: DHCPDISCOVER(tap5eead870-60) fa:16:3e:b6:86:28
Oct 18 10:26:35.929229 podb-esxi207 dnsmasq-dhcp[3658969]: DHCPOFFER(tap5eead870-60) 10.1.0.13 fa:16:3e:b6:86:28
Oct 18 10:26:35.945494 podb-esxi207 dnsmasq-dhcp[3658969]: DHCPREQUEST(tap5eead870-60) 10.1.0.13 fa:16:3e:b6:86:28
Oct 18 10:26:35.945525 podb-esxi207 dnsmasq-dhcp[3658969]: DHCPACK(tap5eead870-60) 10.1.0.13 fa:16:3e:b6:86:28 host-10-1-0-13
Oct 18 10:26:36.001164 podb-esxi207 dnsmasq-dhcp[3662390]: DHCPDISCOVER(tapb9394673-ba) fa:16:3e:73:7d:39
Oct 18 10:26:36.001188 podb-esxi207 dnsmasq-dhcp[3662390]: DHCPOFFER(tapb9394673-ba) 10.1.1.176 fa:16:3e:73:7d:39
Oct 18 10:26:36.007998 podb-esxi207 dnsmasq-dhcp[3662390]: DHCPREQUEST(tapb9394673-ba) 10.1.1.176 fa:16:3e:73:7d:39
Oct 18 10:26:36.008025 podb-esxi207 dnsmasq-dhcp[3662390]: DHCPACK(tapb9394673-ba) 10.1.1.176 fa:16:3e:73:7d:39 host-10-1-1-176
Oct 18 10:26:36.255026 podb-esxi207 dnsmasq-dhcp[3662390]: DHCPDISCOVER(tapb9394673-ba) fa:16:3e:65:af:21
Oct 18 10:26:36.255052 podb-esxi207 dnsmasq-dhcp[3662390]: DHCPOFFER(tapb9394673-ba) 10.1.1.231 fa:16:3e:65:af:21
Oct 18 10:26:36.258302 podb-esxi207 dnsmasq-dhcp[3662390]: DHCPREQUEST(tapb9394673-ba) 10.1.1.231 fa:16:3e:65:af:21
Oct 18 10:26:36.258326 podb-esxi207 dnsmasq-dhcp[3662390]: DHCPACK(tapb9394673-ba) 10.1.1.231 fa:16:3e:65:af:21 host-10-1-1-231
Oct 18 10:26:36.553731 podb-esxi207 dnsmasq-dhcp[3662390]: DHCPDISCOVER(tapb9394673-ba) fa:16:3e:93:d5:43
Oct 18 10:26:36.553756 podb-esxi207 dnsmasq-dhcp[3662390]: DHCPOFFER(tapb9394673-ba) 10.1.1.244 fa:16:3e:93:d5:43
Oct 18 10:26:36.559756 podb-esxi207 dnsmasq-dhcp[3662390]: DHCPREQUEST(tapb9394673-ba) 10.1.1.244 fa:16:3e:93:d5:43
Oct 18 10:26:36.559791 podb-esxi207 dnsmasq-dhcp[3662390]: DHCPACK(tapb9394673-ba) 10.1.1.244 fa:16:3e:93:d5:43 host-10-1-1-244
Oct 18 10:26:36.642253 podb-esxi207 dnsmasq-dhcp[3662509]: DHCPDISCOVER(tap6277f6c9-ac) fa:16:3e:48:dd:31
Oct 18 10:26:36.642277 podb-esxi207 dnsmasq-dhcp[3662509]: DHCPOFFER(tap6277f6c9-ac) 10.2.2.100 fa:16:3e:48:dd:31
Oct 18 10:26:36.648272 podb-esxi207 dnsmasq-dhcp[3662509]: DHCPREQUEST(tap6277f6c9-ac) 10.2.2.100 fa:16:3e:48:dd:31
Oct 18 10:26:36.648299 podb-esxi207 dnsmasq-dhcp[3662509]: DHCPACK(tap6277f6c9-ac) 10.2.2.100 fa:16:3e:48:dd:31 host-10-2-2-100
Oct 18 10:26:36.785925 podb-esxi207 dnsmasq-dhcp[3662390]: DHCPDISCOVER(tapb9394673-ba) fa:16:3e:3a:de:2a
Oct 18 10:26:36.785949 podb-esxi207 dnsmasq-dhcp[3662390]: DHCPOFFER(tapb9394673-ba) 10.1.1.219 fa:16:3e:3a:de:2a
Oct 18 10:26:36.791890 podb-esxi207 dnsmasq-dhcp[3662390]: DHCPREQUEST(tapb9394673-ba) 10.1.1.219 fa:16:3e:3a:de:2a
Oct 18 10:26:36.791928 podb-esxi207 dnsmasq-dhcp[3662390]: DHCPACK(tapb9394673-ba) 10.1.1.219 fa:16:3e:3a:de:2a host-10-1-1-219
Oct 18 10:26:37.012675 podb-esxi207 dnsmasq-dhcp[3662509]: DHCPDISCOVER(tap6277f6c9-ac) fa:16:3e:ad:72:a1
Oct 18 10:26:37.012704 podb-esxi207 dnsmasq-dhcp[3662509]: DHCPOFFER(tap6277f6c9-ac) 10.2.2.200 fa:16:3e:ad:72:a1
Oct 18 10:26:37.016027 podb-esxi207 dnsmasq-dhcp[3662509]: DHCPREQUEST(tap6277f6c9-ac) 10.2.2.200 fa:16:3e:ad:72:a1
Oct 18 10:26:37.016059 podb-esxi207 dnsmasq-dhcp[3662509]: DHCPACK(tap6277f6c9-ac) 10.2.2.200 fa:16:3e:ad:72:a1 host-10-2-2-200
Oct 18 10:26:49.330957 podb-esxi207 dnsmasq-dhcp[3666592]: DHCPDISCOVER(tap9443bf40-6b) fa:16:3e:8e:f0:43
Oct 18 10:26:49.330982 podb-esxi207 dnsmasq-dhcp[3666592]: DHCPOFFER(tap9443bf40-6b) 10.1.0.10 fa:16:3e:8e:f0:43
Oct 18 10:26:49.342315 podb-esxi207 dnsmasq-dhcp[3666592]: DHCPREQUEST(tap9443bf40-6b) 10.1.0.10 fa:16:3e:8e:f0:43
Oct 18 10:26:49.342346 podb-esxi207 dnsmasq-dhcp[3666592]: DHCPACK(tap9443bf40-6b) 10.1.0.10 fa:16:3e:8e:f0:43 host-10-1-0-10
Oct 18 10:26:52.506979 podb-esxi207 dnsmasq-dhcp[3662390]: DHCPRELEASE(tapb9394673-ba) 10.1.1.219 fa:16:3e:3a:de:2a
Oct 18 10:26:52.524912 podb-esxi207 dnsmasq-dhcp[3662390]: DHCPRELEASE(tapb9394673-ba) 10.1.1.219 fa:16:3e:3a:de:2a unknown lease
Oct 18 10:26:53.349030 podb-esxi207 dnsmasq[3662390]: read /opt/stack/data/neutron/dhcp/d66832a9-95c0-4bfe-bc7e-07a1d05e81f9/addn_hosts - 6 names
Oct 18 10:26:53.349124 podb-esxi207 dnsmasq-dhcp[3662390]: read /opt/stack/data/neutron/dhcp/d66832a9-95c0-4bfe-bc7e-07a1d05e81f9/host
Oct 18 10:26:53.349176 podb-esxi207 dnsmasq-dhcp[3662390]: read /opt/stack/data/neutron/dhcp/d66832a9-95c0-4bfe-bc7e-07a1d05e81f9/opts
Oct 18 10:26:53.593919 podb-esxi207 dnsmasq-dhcp[3662509]: DHCPRELEASE(tap6277f6c9-ac) 10.2.2.200 fa:16:3e:ad:72:a1
Oct 18 10:26:53.608768 podb-esxi207 dnsmasq-dhcp[3662509]: DHCPRELEASE(tap6277f6c9-ac) 10.2.2.200 fa:16:3e:ad:72:a1 unknown lease
Oct 18 10:26:54.431311 podb-esxi207 dnsmasq[3662509]: read /opt/stack/data/neutron/dhcp/65abcd2b-f363-4045-83cf-961805eaf47b/addn_hosts - 2 names
Oct 18 10:26:54.431340 podb-esxi207 dnsmasq-dhcp[3662509]: read /opt/stack/data/neutron/dhcp/65abcd2b-f363-4045-83cf-961805eaf47b/host
Oct 18 10:26:54.431356 podb-esxi207 dnsmasq-dhcp[3662509]: read /opt/stack/data/neutron/dhcp/65abcd2b-f363-4045-83cf-961805eaf47b/opts
Oct 18 10:26:54.655825 podb-esxi207 dnsmasq-dhcp[3662390]: DHCPRELEASE(tapb9394673-ba) 10.1.1.244 fa:16:3e:93:d5:43
Oct 18 10:26:54.663099 podb-esxi207 dnsmasq-dhcp[3662390]: DHCPRELEASE(tapb9394673-ba) 10.1.1.244 fa:16:3e:93:d5:43 unknown lease
Oct 18 10:26:55.484279 podb-esxi207 dnsmasq[3662390]: read /opt/stack/data/neutron/dhcp/d66832a9-95c0-4bfe-bc7e-07a1d05e81f9/addn_hosts - 4 names
Oct 18 10:26:55.484364 podb-esxi207 dnsmasq-dhcp[3662390]: read /opt/stack/data/neutron/dhcp/d66832a9-95c0-4bfe-bc7e-07a1d05e81f9/host
Oct 18 10:26:55.484437 podb-esxi207 dnsmasq-dhcp[3662390]: read /opt/stack/data/neutron/dhcp/d66832a9-95c0-4bfe-bc7e-07a1d05e81f9/opts
Oct 18 10:26:55.712285 podb-esxi207 dnsmasq-dhcp[3658969]: DHCPRELEASE(tap5eead870-60) 10.1.0.13 fa:16:3e:b6:86:28
Oct 18 10:26:55.727105 podb-esxi207 dnsmasq-dhcp[3658969]: DHCPRELEASE(tap5eead870-60) 10.1.0.13 fa:16:3e:b6:86:28 unknown lease
Oct 18 10:26:56.550068 podb-esxi207 dnsmasq[3658969]: read /opt/stack/data/neutron/dhcp/be355bf2-4662-42ab-ab62-72a5a7c97a51/addn_hosts - 2 names
Oct 18 10:26:56.550112 podb-esxi207 dnsmasq-dhcp[3658969]: read /opt/stack/data/neutron/dhcp/be355bf2-4662-42ab-ab62-72a5a7c97a51/host
Oct 18 10:26:56.550147 podb-esxi207 dnsmasq-dhcp[3658969]: read /opt/stack/data/neutron/dhcp/be355bf2-4662-42ab-ab62-72a5a7c97a51/opts
Oct 18 10:26:56.778117 podb-esxi207 dnsmasq-dhcp[3662509]: DHCPRELEASE(tap6277f6c9-ac) 10.2.2.100 fa:16:3e:48:dd:31
Oct 18 10:26:56.792902 podb-esxi207 dnsmasq-dhcp[3662509]: DHCPRELEASE(tap6277f6c9-ac) 10.2.2.100 fa:16:3e:48:dd:31 unknown lease
Oct 18 10:26:57.614488 podb-esxi207 dnsmasq[3662509]: read /opt/stack/data/neutron/dhcp/65abcd2b-f363-4045-83cf-961805eaf47b/addn_hosts - 0 names
Oct 18 10:26:57.614547 podb-esxi207 dnsmasq-dhcp[3662509]: read /opt/stack/data/neutron/dhcp/65abcd2b-f363-4045-83cf-961805eaf47b/host
Oct 18 10:26:57.614613 podb-esxi207 dnsmasq-dhcp[3662509]: read /opt/stack/data/neutron/dhcp/65abcd2b-f363-4045-83cf-961805eaf47b/opts
Oct 18 10:26:57.792711 podb-esxi207 dnsmasq-dhcp[3663649]: DHCPDISCOVER(tap11a3cd24-fd) fa:16:3e:e5:84:ab
Oct 18 10:26:57.792737 podb-esxi207 dnsmasq-dhcp[3663649]: DHCPOFFER(tap11a3cd24-fd) 10.1.1.139 fa:16:3e:e5:84:ab
Oct 18 10:26:57.812822 podb-esxi207 dnsmasq-dhcp[3663649]: DHCPREQUEST(tap11a3cd24-fd) 10.1.1.139 fa:16:3e:e5:84:ab
Oct 18 10:26:57.812848 podb-esxi207 dnsmasq-dhcp[3663649]: DHCPACK(tap11a3cd24-fd) 10.1.1.139 fa:16:3e:e5:84:ab host-10-1-1-139
Oct 18 10:26:58.067140 podb-esxi207 dnsmasq-dhcp[3664132]: DHCPDISCOVER(tap9ad5361a-5f) fa:16:3e:5c:de:7a
Oct 18 10:26:58.067165 podb-esxi207 dnsmasq-dhcp[3664132]: DHCPOFFER(tap9ad5361a-5f) 10.2.2.200 fa:16:3e:5c:de:7a
Oct 18 10:26:58.073829 podb-esxi207 dnsmasq-dhcp[3664132]: DHCPREQUEST(tap9ad5361a-5f) 10.2.2.200 fa:16:3e:5c:de:7a
Oct 18 10:26:58.073859 podb-esxi207 dnsmasq-dhcp[3664132]: DHCPACK(tap9ad5361a-5f) 10.2.2.200 fa:16:3e:5c:de:7a host-10-2-2-200
Oct 18 10:26:58.115008 podb-esxi207 dnsmasq-dhcp[3664132]: DHCPDISCOVER(tap9ad5361a-5f) fa:16:3e:6d:2a:f7
Oct 18 10:26:58.115042 podb-esxi207 dnsmasq-dhcp[3664132]: DHCPOFFER(tap9ad5361a-5f) 10.2.2.100 fa:16:3e:6d:2a:f7
Oct 18 10:26:58.121626 podb-esxi207 dnsmasq-dhcp[3664132]: DHCPREQUEST(tap9ad5361a-5f) 10.2.2.100 fa:16:3e:6d:2a:f7
Oct 18 10:26:58.121665 podb-esxi207 dnsmasq-dhcp[3664132]: DHCPACK(tap9ad5361a-5f) 10.2.2.100 fa:16:3e:6d:2a:f7 host-10-2-2-100
Oct 18 10:26:58.381688 podb-esxi207 dnsmasq-dhcp[3660089]: DHCPDISCOVER(tap5df7b232-2a) fa:16:3e:4b:55:23
Oct 18 10:26:58.381715 podb-esxi207 dnsmasq-dhcp[3660089]: DHCPOFFER(tap5df7b232-2a) 10.1.0.9 fa:16:3e:4b:55:23
Oct 18 10:26:58.385357 podb-esxi207 dnsmasq-dhcp[3660089]: DHCPREQUEST(tap5df7b232-2a) 10.1.0.9 fa:16:3e:4b:55:23
Oct 18 10:26:58.385380 podb-esxi207 dnsmasq-dhcp[3660089]: DHCPACK(tap5df7b232-2a) 10.1.0.9 fa:16:3e:4b:55:23 host-10-1-0-9
Oct 18 10:26:58.503173 podb-esxi207 dnsmasq-dhcp[3663649]: DHCPDISCOVER(tap11a3cd24-fd) fa:16:3e:9a:33:db
Oct 18 10:26:58.503197 podb-esxi207 dnsmasq-dhcp[3663649]: DHCPOFFER(tap11a3cd24-fd) 10.1.1.217 fa:16:3e:9a:33:db
Oct 18 10:26:58.506199 podb-esxi207 dnsmasq-dhcp[3663649]: DHCPREQUEST(tap11a3cd24-fd) 10.1.1.217 fa:16:3e:9a:33:db
Oct 18 10:26:58.506220 podb-esxi207 dnsmasq-dhcp[3663649]: DHCPACK(tap11a3cd24-fd) 10.1.1.217 fa:16:3e:9a:33:db host-10-1-1-217
Oct 18 10:26:58.572346 podb-esxi207 dnsmasq-dhcp[3663649]: DHCPDISCOVER(tap11a3cd24-fd) fa:16:3e:72:a9:ca
Oct 18 10:26:58.572367 podb-esxi207 dnsmasq-dhcp[3663649]: DHCPOFFER(tap11a3cd24-fd) 10.1.1.105 fa:16:3e:72:a9:ca
Oct 18 10:26:58.597635 podb-esxi207 dnsmasq-dhcp[3663649]: DHCPREQUEST(tap11a3cd24-fd) 10.1.1.105 fa:16:3e:72:a9:ca
Oct 18 10:26:58.597675 podb-esxi207 dnsmasq-dhcp[3663649]: DHCPACK(tap11a3cd24-fd) 10.1.1.105 fa:16:3e:72:a9:ca host-10-1-1-105
Oct 18 10:26:59.369629 podb-esxi207 dnsmasq-dhcp[3666592]: DHCPRELEASE(tap9443bf40-6b) 10.1.0.10 fa:16:3e:8e:f0:43
Oct 18 10:26:59.385273 podb-esxi207 dnsmasq-dhcp[3666592]: DHCPRELEASE(tap9443bf40-6b) 10.1.0.10 fa:16:3e:8e:f0:43 unknown lease
Oct 18 10:26:59.460714 podb-esxi207 dnsmasq-dhcp[3663649]: DHCPDISCOVER(tap11a3cd24-fd) fa:16:3e:c8:75:2a
Oct 18 10:26:59.460736 podb-esxi207 dnsmasq-dhcp[3663649]: DHCPOFFER(tap11a3cd24-fd) 10.1.1.148 fa:16:3e:c8:75:2a
Oct 18 10:26:59.464346 podb-esxi207 dnsmasq-dhcp[3663649]: DHCPREQUEST(tap11a3cd24-fd) 10.1.1.148 fa:16:3e:c8:75:2a
Oct 18 10:26:59.464370 podb-esxi207 dnsmasq-dhcp[3663649]: DHCPACK(tap11a3cd24-fd) 10.1.1.148 fa:16:3e:c8:75:2a host-10-1-1-148
Oct 18 10:27:00.208378 podb-esxi207 dnsmasq[3666592]: read /opt/stack/data/neutron/dhcp/ded46bb9-3d3e-42ea-9b4c-744497b8daa2/addn_hosts - 2 names
Oct 18 10:27:00.208460 podb-esxi207 dnsmasq-dhcp[3666592]: read /opt/stack/data/neutron/dhcp/ded46bb9-3d3e-42ea-9b4c-744497b8daa2/host
Oct 18 10:27:00.208568 podb-esxi207 dnsmasq-dhcp[3666592]: read /opt/stack/data/neutron/dhcp/ded46bb9-3d3e-42ea-9b4c-744497b8daa2/opts
Oct 18 10:27:08.197663 podb-esxi207 dnsmasq-dhcp[3665275]: DHCPDISCOVER(tapbe9d237d-84) fa:16:3e:f8:77:e4
Oct 18 10:27:08.197692 podb-esxi207 dnsmasq-dhcp[3665275]: DHCPOFFER(tapbe9d237d-84) 10.1.0.10 fa:16:3e:f8:77:e4
Oct 18 10:27:08.210015 podb-esxi207 dnsmasq-dhcp[3665275]: DHCPREQUEST(tapbe9d237d-84) 10.1.0.10 fa:16:3e:f8:77:e4
Oct 18 10:27:08.210048 podb-esxi207 dnsmasq-dhcp[3665275]: DHCPACK(tapbe9d237d-84) 10.1.0.10 fa:16:3e:f8:77:e4 host-10-1-0-10
Oct 18 10:27:14.754931 podb-esxi207 dnsmasq-dhcp[3663649]: DHCPRELEASE(tap11a3cd24-fd) 10.1.1.148 fa:16:3e:c8:75:2a
Oct 18 10:27:14.773109 podb-esxi207 dnsmasq-dhcp[3663649]: DHCPRELEASE(tap11a3cd24-fd) 10.1.1.148 fa:16:3e:c8:75:2a unknown lease
Oct 18 10:27:15.604255 podb-esxi207 dnsmasq[3663649]: read /opt/stack/data/neutron/dhcp/a886249f-cf1a-4541-9e2f-e29436a5f449/addn_hosts - 6 names
Oct 18 10:27:15.604357 podb-esxi207 dnsmasq-dhcp[3663649]: read /opt/stack/data/neutron/dhcp/a886249f-cf1a-4541-9e2f-e29436a5f449/host
Oct 18 10:27:15.604408 podb-esxi207 dnsmasq-dhcp[3663649]: read /opt/stack/data/neutron/dhcp/a886249f-cf1a-4541-9e2f-e29436a5f449/opts
Oct 18 10:27:15.867777 podb-esxi207 dnsmasq-dhcp[3660089]: DHCPRELEASE(tap5df7b232-2a) 10.1.0.9 fa:16:3e:4b:55:23
Oct 18 10:27:15.888538 podb-esxi207 dnsmasq-dhcp[3660089]: DHCPRELEASE(tap5df7b232-2a) 10.1.0.9 fa:16:3e:4b:55:23 unknown lease
Oct 18 10:27:16.715664 podb-esxi207 dnsmasq[3660089]: read /opt/stack/data/neutron/dhcp/043765ac-bc1d-4083-8f6e-a8bfdb54bf77/addn_hosts - 2 names
Oct 18 10:27:16.715779 podb-esxi207 dnsmasq-dhcp[3660089]: read /opt/stack/data/neutron/dhcp/043765ac-bc1d-4083-8f6e-a8bfdb54bf77/host
Oct 18 10:27:16.715895 podb-esxi207 dnsmasq-dhcp[3660089]: read /opt/stack/data/neutron/dhcp/043765ac-bc1d-4083-8f6e-a8bfdb54bf77/opts
Oct 18 10:27:16.980230 podb-esxi207 dnsmasq-dhcp[3663649]: DHCPRELEASE(tap11a3cd24-fd) 10.1.1.139 fa:16:3e:e5:84:ab
Oct 18 10:27:16.998152 podb-esxi207 dnsmasq-dhcp[3663649]: DHCPRELEASE(tap11a3cd24-fd) 10.1.1.139 fa:16:3e:e5:84:ab unknown lease
Oct 18 10:27:17.822116 podb-esxi207 dnsmasq[3663649]: read /opt/stack/data/neutron/dhcp/a886249f-cf1a-4541-9e2f-e29436a5f449/addn_hosts - 4 names
Oct 18 10:27:17.822212 podb-esxi207 dnsmasq-dhcp[3663649]: read /opt/stack/data/neutron/dhcp/a886249f-cf1a-4541-9e2f-e29436a5f449/host
Oct 18 10:27:17.822259 podb-esxi207 dnsmasq-dhcp[3663649]: read /opt/stack/data/neutron/dhcp/a886249f-cf1a-4541-9e2f-e29436a5f449/opts
Oct 18 10:27:18.087731 podb-esxi207 dnsmasq-dhcp[3664132]: DHCPRELEASE(tap9ad5361a-5f) 10.2.2.100 fa:16:3e:6d:2a:f7
Oct 18 10:27:18.104929 podb-esxi207 dnsmasq-dhcp[3664132]: DHCPRELEASE(tap9ad5361a-5f) 10.2.2.100 fa:16:3e:6d:2a:f7 unknown lease
Oct 18 10:27:18.929544 podb-esxi207 dnsmasq[3664132]: read /opt/stack/data/neutron/dhcp/a97e3645-9a25-4fb1-a415-1c85c0e5452e/addn_hosts - 2 names
Oct 18 10:27:18.929665 podb-esxi207 dnsmasq-dhcp[3664132]: read /opt/stack/data/neutron/dhcp/a97e3645-9a25-4fb1-a415-1c85c0e5452e/host
Oct 18 10:27:18.929991 podb-esxi207 dnsmasq-dhcp[3664132]: read /opt/stack/data/neutron/dhcp/a97e3645-9a25-4fb1-a415-1c85c0e5452e/opts
Oct 18 10:27:19.172435 podb-esxi207 dnsmasq-dhcp[3664132]: DHCPRELEASE(tap9ad5361a-5f) 10.2.2.200 fa:16:3e:5c:de:7a
Oct 18 10:27:19.189709 podb-esxi207 dnsmasq-dhcp[3664132]: DHCPRELEASE(tap9ad5361a-5f) 10.2.2.200 fa:16:3e:5c:de:7a unknown lease
Oct 18 10:27:20.015619 podb-esxi207 dnsmasq[3664132]: read /opt/stack/data/neutron/dhcp/a97e3645-9a25-4fb1-a415-1c85c0e5452e/addn_hosts - 0 names
Oct 18 10:27:20.015696 podb-esxi207 dnsmasq-dhcp[3664132]: read /opt/stack/data/neutron/dhcp/a97e3645-9a25-4fb1-a415-1c85c0e5452e/host
Oct 18 10:27:20.015755 podb-esxi207 dnsmasq-dhcp[3664132]: read /opt/stack/data/neutron/dhcp/a97e3645-9a25-4fb1-a415-1c85c0e5452e/opts
Oct 18 10:27:24.458422 podb-esxi207 dnsmasq-dhcp[3666592]: DHCPRELEASE(tap9443bf40-6b) 10.1.0.1 fa:16:3e:29:f8:8f
Oct 18 10:27:25.285078 podb-esxi207 dnsmasq[3666592]: read /opt/stack/data/neutron/dhcp/ded46bb9-3d3e-42ea-9b4c-744497b8daa2/addn_hosts - 0 names
Oct 18 10:27:25.285158 podb-esxi207 dnsmasq-dhcp[3666592]: read /opt/stack/data/neutron/dhcp/ded46bb9-3d3e-42ea-9b4c-744497b8daa2/host
Oct 18 10:27:25.285255 podb-esxi207 dnsmasq-dhcp[3666592]: read /opt/stack/data/neutron/dhcp/ded46bb9-3d3e-42ea-9b4c-744497b8daa2/opts
Oct 18 10:27:26.047781 podb-esxi207 dnsmasq[3666592]: exiting on receipt of SIGTERM
Oct 18 10:27:30.243293 podb-esxi207 dnsmasq[3669532]: started, version 2.90 cachesize 150
Oct 18 10:27:30.243321 podb-esxi207 dnsmasq[3669532]: DNS service limited to local subnets
Oct 18 10:27:30.243337 podb-esxi207 dnsmasq[3669532]: compile time options: IPv6 GNU-getopt DBus no-UBus i18n IDN2 DHCP DHCPv6 no-Lua TFTP conntrack ipset no-nftset auth cryptohash DNSSEC loop-detect inotify dumpfile
Oct 18 10:27:30.243381 podb-esxi207 dnsmasq-dhcp[3669532]: DHCP, static leases only on 10.1.0.0, lease time 1d
Oct 18 10:27:30.243534 podb-esxi207 dnsmasq[3669532]: reading /etc/resolv.conf
Oct 18 10:27:30.243550 podb-esxi207 dnsmasq[3669532]: using nameserver 127.0.0.53#53
Oct 18 10:27:30.243639 podb-esxi207 dnsmasq[3669532]: read /opt/stack/data/neutron/dhcp/6a1604aa-4f82-4c8b-8962-f2cd6e9f9e7e/addn_hosts - 0 names
Oct 18 10:27:30.243692 podb-esxi207 dnsmasq-dhcp[3669532]: read /opt/stack/data/neutron/dhcp/6a1604aa-4f82-4c8b-8962-f2cd6e9f9e7e/host
Oct 18 10:27:30.243758 podb-esxi207 dnsmasq-dhcp[3669532]: read /opt/stack/data/neutron/dhcp/6a1604aa-4f82-4c8b-8962-f2cd6e9f9e7e/opts
Oct 18 10:27:32.292553 podb-esxi207 dnsmasq[3669532]: read /opt/stack/data/neutron/dhcp/6a1604aa-4f82-4c8b-8962-f2cd6e9f9e7e/addn_hosts - 2 names
Oct 18 10:27:32.292675 podb-esxi207 dnsmasq-dhcp[3669532]: read /opt/stack/data/neutron/dhcp/6a1604aa-4f82-4c8b-8962-f2cd6e9f9e7e/host
Oct 18 10:27:32.292784 podb-esxi207 dnsmasq-dhcp[3669532]: read /opt/stack/data/neutron/dhcp/6a1604aa-4f82-4c8b-8962-f2cd6e9f9e7e/opts
Oct 18 10:27:33.561374 podb-esxi207 dnsmasq[3669532]: read /opt/stack/data/neutron/dhcp/6a1604aa-4f82-4c8b-8962-f2cd6e9f9e7e/addn_hosts - 2 names
Oct 18 10:27:33.561457 podb-esxi207 dnsmasq-dhcp[3669532]: read /opt/stack/data/neutron/dhcp/6a1604aa-4f82-4c8b-8962-f2cd6e9f9e7e/host
Oct 18 10:27:33.561577 podb-esxi207 dnsmasq-dhcp[3669532]: read /opt/stack/data/neutron/dhcp/6a1604aa-4f82-4c8b-8962-f2cd6e9f9e7e/opts
Oct 18 10:27:34.822514 podb-esxi207 dnsmasq[3669532]: read /opt/stack/data/neutron/dhcp/6a1604aa-4f82-4c8b-8962-f2cd6e9f9e7e/addn_hosts - 2 names
Oct 18 10:27:34.822599 podb-esxi207 dnsmasq-dhcp[3669532]: read /opt/stack/data/neutron/dhcp/6a1604aa-4f82-4c8b-8962-f2cd6e9f9e7e/host
Oct 18 10:27:34.822693 podb-esxi207 dnsmasq-dhcp[3669532]: read /opt/stack/data/neutron/dhcp/6a1604aa-4f82-4c8b-8962-f2cd6e9f9e7e/opts
Oct 18 10:27:37.404239 podb-esxi207 dnsmasq[3669532]: read /opt/stack/data/neutron/dhcp/6a1604aa-4f82-4c8b-8962-f2cd6e9f9e7e/addn_hosts - 4 names
Oct 18 10:27:37.404373 podb-esxi207 dnsmasq-dhcp[3669532]: read /opt/stack/data/neutron/dhcp/6a1604aa-4f82-4c8b-8962-f2cd6e9f9e7e/host
Oct 18 10:27:37.404694 podb-esxi207 dnsmasq-dhcp[3669532]: read /opt/stack/data/neutron/dhcp/6a1604aa-4f82-4c8b-8962-f2cd6e9f9e7e/opts
Oct 18 10:27:46.549005 podb-esxi207 dnsmasq-dhcp[3662390]: DHCPRELEASE(tapb9394673-ba) 10.1.1.176 fa:16:3e:73:7d:39
Oct 18 10:27:46.566347 podb-esxi207 dnsmasq-dhcp[3662390]: DHCPRELEASE(tapb9394673-ba) 10.1.1.176 fa:16:3e:73:7d:39 unknown lease
Oct 18 10:27:47.392969 podb-esxi207 dnsmasq[3662390]: read /opt/stack/data/neutron/dhcp/d66832a9-95c0-4bfe-bc7e-07a1d05e81f9/addn_hosts - 2 names
Oct 18 10:27:47.393060 podb-esxi207 dnsmasq-dhcp[3662390]: read /opt/stack/data/neutron/dhcp/d66832a9-95c0-4bfe-bc7e-07a1d05e81f9/host
Oct 18 10:27:47.393164 podb-esxi207 dnsmasq-dhcp[3662390]: read /opt/stack/data/neutron/dhcp/d66832a9-95c0-4bfe-bc7e-07a1d05e81f9/opts
Oct 18 10:27:48.677091 podb-esxi207 dnsmasq[3662509]: exiting on receipt of SIGTERM
Oct 18 10:27:49.288773 podb-esxi207 dnsmasq[3662390]: exiting on receipt of SIGTERM
Oct 18 10:28:01.379973 podb-esxi207 dnsmasq[3658969]: read /opt/stack/data/neutron/dhcp/be355bf2-4662-42ab-ab62-72a5a7c97a51/addn_hosts - 0 names
Oct 18 10:28:01.380071 podb-esxi207 dnsmasq-dhcp[3658969]: read /opt/stack/data/neutron/dhcp/be355bf2-4662-42ab-ab62-72a5a7c97a51/host
Oct 18 10:28:01.380165 podb-esxi207 dnsmasq-dhcp[3658969]: read /opt/stack/data/neutron/dhcp/be355bf2-4662-42ab-ab62-72a5a7c97a51/opts
Oct 18 10:28:02.515665 podb-esxi207 dnsmasq[3658969]: exiting on receipt of SIGTERM
Oct 18 10:28:02.599965 podb-esxi207 dnsmasq-dhcp[3669532]: DHCPDISCOVER(tapcb334f83-a4) fa:16:3e:12:c9:c4
Oct 18 10:28:02.599990 podb-esxi207 dnsmasq-dhcp[3669532]: DHCPOFFER(tapcb334f83-a4) 10.1.0.8 fa:16:3e:12:c9:c4
Oct 18 10:28:02.609965 podb-esxi207 dnsmasq-dhcp[3669532]: DHCPREQUEST(tapcb334f83-a4) 10.1.0.8 fa:16:3e:12:c9:c4
Oct 18 10:28:02.609989 podb-esxi207 dnsmasq-dhcp[3669532]: DHCPACK(tapcb334f83-a4) 10.1.0.8 fa:16:3e:12:c9:c4 host-10-1-0-8
Oct 18 10:28:03.136918 podb-esxi207 dnsmasq-dhcp[3659384]: DHCPRELEASE(tap5e48a825-c4) 10.1.0.1 fa:16:3e:0c:de:10
Oct 18 10:28:03.960508 podb-esxi207 dnsmasq[3659384]: read /opt/stack/data/neutron/dhcp/01e251dd-14e4-455e-953a-861f30177883/addn_hosts - 0 names
Oct 18 10:28:03.960643 podb-esxi207 dnsmasq-dhcp[3659384]: read /opt/stack/data/neutron/dhcp/01e251dd-14e4-455e-953a-861f30177883/host
Oct 18 10:28:03.960742 podb-esxi207 dnsmasq-dhcp[3659384]: read /opt/stack/data/neutron/dhcp/01e251dd-14e4-455e-953a-861f30177883/opts
Oct 18 10:28:04.734684 podb-esxi207 dnsmasq[3659384]: exiting on receipt of SIGTERM
Oct 18 10:28:09.075923 podb-esxi207 dnsmasq[3670623]: started, version 2.90 cachesize 150
Oct 18 10:28:09.075949 podb-esxi207 dnsmasq[3670623]: DNS service limited to local subnets
Oct 18 10:28:09.075965 podb-esxi207 dnsmasq[3670623]: compile time options: IPv6 GNU-getopt DBus no-UBus i18n IDN2 DHCP DHCPv6 no-Lua TFTP conntrack ipset no-nftset auth cryptohash DNSSEC loop-detect inotify dumpfile
Oct 18 10:28:09.076005 podb-esxi207 dnsmasq-dhcp[3670623]: DHCP, static leases only on 10.1.0.0, lease time 1d
Oct 18 10:28:09.076162 podb-esxi207 dnsmasq[3670623]: reading /etc/resolv.conf
Oct 18 10:28:09.076179 podb-esxi207 dnsmasq[3670623]: using nameserver 127.0.0.53#53
Oct 18 10:28:09.076273 podb-esxi207 dnsmasq[3670623]: read /opt/stack/data/neutron/dhcp/2d0551e1-9e05-4e98-88ab-b1c4e4b810ad/addn_hosts - 0 names
Oct 18 10:28:09.076325 podb-esxi207 dnsmasq-dhcp[3670623]: read /opt/stack/data/neutron/dhcp/2d0551e1-9e05-4e98-88ab-b1c4e4b810ad/host
Oct 18 10:28:09.076391 podb-esxi207 dnsmasq-dhcp[3670623]: read /opt/stack/data/neutron/dhcp/2d0551e1-9e05-4e98-88ab-b1c4e4b810ad/opts
Oct 18 10:28:10.624111 podb-esxi207 dnsmasq[3670623]: read /opt/stack/data/neutron/dhcp/2d0551e1-9e05-4e98-88ab-b1c4e4b810ad/addn_hosts - 2 names
Oct 18 10:28:10.624204 podb-esxi207 dnsmasq-dhcp[3670623]: read /opt/stack/data/neutron/dhcp/2d0551e1-9e05-4e98-88ab-b1c4e4b810ad/host
Oct 18 10:28:10.624276 podb-esxi207 dnsmasq-dhcp[3670623]: read /opt/stack/data/neutron/dhcp/2d0551e1-9e05-4e98-88ab-b1c4e4b810ad/opts
Oct 18 10:28:11.884003 podb-esxi207 dnsmasq[3670623]: read /opt/stack/data/neutron/dhcp/2d0551e1-9e05-4e98-88ab-b1c4e4b810ad/addn_hosts - 2 names
Oct 18 10:28:11.884132 podb-esxi207 dnsmasq-dhcp[3670623]: read /opt/stack/data/neutron/dhcp/2d0551e1-9e05-4e98-88ab-b1c4e4b810ad/host
Oct 18 10:28:11.884243 podb-esxi207 dnsmasq-dhcp[3670623]: read /opt/stack/data/neutron/dhcp/2d0551e1-9e05-4e98-88ab-b1c4e4b810ad/opts
Oct 18 10:28:12.155320 podb-esxi207 dnsmasq-dhcp[3663649]: DHCPRELEASE(tap11a3cd24-fd) 10.1.1.217 fa:16:3e:9a:33:db
Oct 18 10:28:12.167328 podb-esxi207 dnsmasq-dhcp[3663649]: DHCPRELEASE(tap11a3cd24-fd) 10.1.1.217 fa:16:3e:9a:33:db unknown lease
Oct 18 10:28:12.992508 podb-esxi207 dnsmasq[3663649]: read /opt/stack/data/neutron/dhcp/a886249f-cf1a-4541-9e2f-e29436a5f449/addn_hosts - 2 names
Oct 18 10:28:12.992603 podb-esxi207 dnsmasq-dhcp[3663649]: read /opt/stack/data/neutron/dhcp/a886249f-cf1a-4541-9e2f-e29436a5f449/host
Oct 18 10:28:12.992660 podb-esxi207 dnsmasq-dhcp[3663649]: read /opt/stack/data/neutron/dhcp/a886249f-cf1a-4541-9e2f-e29436a5f449/opts
Oct 18 10:28:14.764989 podb-esxi207 dnsmasq[3670623]: read /opt/stack/data/neutron/dhcp/2d0551e1-9e05-4e98-88ab-b1c4e4b810ad/addn_hosts - 2 names
Oct 18 10:28:14.765085 podb-esxi207 dnsmasq-dhcp[3670623]: read /opt/stack/data/neutron/dhcp/2d0551e1-9e05-4e98-88ab-b1c4e4b810ad/host
Oct 18 10:28:14.765204 podb-esxi207 dnsmasq-dhcp[3670623]: read /opt/stack/data/neutron/dhcp/2d0551e1-9e05-4e98-88ab-b1c4e4b810ad/opts
Oct 18 10:28:15.016121 podb-esxi207 dnsmasq[3663649]: exiting on receipt of SIGTERM
Oct 18 10:28:15.640116 podb-esxi207 dnsmasq[3664132]: exiting on receipt of SIGTERM
Oct 18 10:28:17.274212 podb-esxi207 dnsmasq[3670623]: read /opt/stack/data/neutron/dhcp/2d0551e1-9e05-4e98-88ab-b1c4e4b810ad/addn_hosts - 4 names
Oct 18 10:28:17.274356 podb-esxi207 dnsmasq-dhcp[3670623]: read /opt/stack/data/neutron/dhcp/2d0551e1-9e05-4e98-88ab-b1c4e4b810ad/host
Oct 18 10:28:17.274468 podb-esxi207 dnsmasq-dhcp[3670623]: read /opt/stack/data/neutron/dhcp/2d0551e1-9e05-4e98-88ab-b1c4e4b810ad/opts
Oct 18 10:28:18.566814 podb-esxi207 dnsmasq[3670623]: read /opt/stack/data/neutron/dhcp/2d0551e1-9e05-4e98-88ab-b1c4e4b810ad/addn_hosts - 6 names
Oct 18 10:28:18.566956 podb-esxi207 dnsmasq-dhcp[3670623]: read /opt/stack/data/neutron/dhcp/2d0551e1-9e05-4e98-88ab-b1c4e4b810ad/host
Oct 18 10:28:18.567069 podb-esxi207 dnsmasq-dhcp[3670623]: read /opt/stack/data/neutron/dhcp/2d0551e1-9e05-4e98-88ab-b1c4e4b810ad/opts
Oct 18 10:28:27.858520 podb-esxi207 dnsmasq[3660089]: read /opt/stack/data/neutron/dhcp/043765ac-bc1d-4083-8f6e-a8bfdb54bf77/addn_hosts - 0 names
Oct 18 10:28:27.858610 podb-esxi207 dnsmasq-dhcp[3660089]: read /opt/stack/data/neutron/dhcp/043765ac-bc1d-4083-8f6e-a8bfdb54bf77/host
Oct 18 10:28:27.858703 podb-esxi207 dnsmasq-dhcp[3660089]: read /opt/stack/data/neutron/dhcp/043765ac-bc1d-4083-8f6e-a8bfdb54bf77/opts
Oct 18 10:28:28.856611 podb-esxi207 dnsmasq[3660089]: exiting on receipt of SIGTERM
Oct 18 10:28:29.965151 podb-esxi207 dnsmasq[3660346]: read /opt/stack/data/neutron/dhcp/aedf6289-db23-4111-b5ad-e32d3225dd7e/addn_hosts - 0 names
Oct 18 10:28:29.965254 podb-esxi207 dnsmasq-dhcp[3660346]: read /opt/stack/data/neutron/dhcp/aedf6289-db23-4111-b5ad-e32d3225dd7e/host
Oct 18 10:28:29.965357 podb-esxi207 dnsmasq-dhcp[3660346]: read /opt/stack/data/neutron/dhcp/aedf6289-db23-4111-b5ad-e32d3225dd7e/opts
Oct 18 10:28:30.922719 podb-esxi207 dnsmasq[3660346]: exiting on receipt of SIGTERM
Oct 18 10:28:35.465439 podb-esxi207 dnsmasq[3671625]: started, version 2.90 cachesize 150
Oct 18 10:28:35.465465 podb-esxi207 dnsmasq[3671625]: DNS service limited to local subnets
Oct 18 10:28:35.465480 podb-esxi207 dnsmasq[3671625]: compile time options: IPv6 GNU-getopt DBus no-UBus i18n IDN2 DHCP DHCPv6 no-Lua TFTP conntrack ipset no-nftset auth cryptohash DNSSEC loop-detect inotify dumpfile
Oct 18 10:28:35.465523 podb-esxi207 dnsmasq-dhcp[3671625]: DHCP, static leases only on 10.1.0.0, lease time 1d
Oct 18 10:28:35.465670 podb-esxi207 dnsmasq[3671625]: reading /etc/resolv.conf
Oct 18 10:28:35.465686 podb-esxi207 dnsmasq[3671625]: using nameserver 127.0.0.53#53
Oct 18 10:28:35.465774 podb-esxi207 dnsmasq[3671625]: read /opt/stack/data/neutron/dhcp/4a3eaafd-a6bb-48f5-b78b-15126317bde9/addn_hosts - 0 names
Oct 18 10:28:35.465826 podb-esxi207 dnsmasq-dhcp[3671625]: read /opt/stack/data/neutron/dhcp/4a3eaafd-a6bb-48f5-b78b-15126317bde9/host
Oct 18 10:28:35.465883 podb-esxi207 dnsmasq-dhcp[3671625]: read /opt/stack/data/neutron/dhcp/4a3eaafd-a6bb-48f5-b78b-15126317bde9/opts
Oct 18 10:28:37.003917 podb-esxi207 dnsmasq[3671625]: read /opt/stack/data/neutron/dhcp/4a3eaafd-a6bb-48f5-b78b-15126317bde9/addn_hosts - 2 names
Oct 18 10:28:37.004000 podb-esxi207 dnsmasq-dhcp[3671625]: read /opt/stack/data/neutron/dhcp/4a3eaafd-a6bb-48f5-b78b-15126317bde9/host
Oct 18 10:28:37.004066 podb-esxi207 dnsmasq-dhcp[3671625]: read /opt/stack/data/neutron/dhcp/4a3eaafd-a6bb-48f5-b78b-15126317bde9/opts
Oct 18 10:28:38.252528 podb-esxi207 dnsmasq[3671625]: read /opt/stack/data/neutron/dhcp/4a3eaafd-a6bb-48f5-b78b-15126317bde9/addn_hosts - 2 names
Oct 18 10:28:38.252607 podb-esxi207 dnsmasq-dhcp[3671625]: read /opt/stack/data/neutron/dhcp/4a3eaafd-a6bb-48f5-b78b-15126317bde9/host
Oct 18 10:28:38.252690 podb-esxi207 dnsmasq-dhcp[3671625]: read /opt/stack/data/neutron/dhcp/4a3eaafd-a6bb-48f5-b78b-15126317bde9/opts
Oct 18 10:28:39.503631 podb-esxi207 dnsmasq[3671625]: read /opt/stack/data/neutron/dhcp/4a3eaafd-a6bb-48f5-b78b-15126317bde9/addn_hosts - 2 names
Oct 18 10:28:39.503744 podb-esxi207 dnsmasq-dhcp[3671625]: read /opt/stack/data/neutron/dhcp/4a3eaafd-a6bb-48f5-b78b-15126317bde9/host
Oct 18 10:28:39.503861 podb-esxi207 dnsmasq-dhcp[3671625]: read /opt/stack/data/neutron/dhcp/4a3eaafd-a6bb-48f5-b78b-15126317bde9/opts
Oct 18 10:28:40.237217 podb-esxi207 dnsmasq-dhcp[3670623]: DHCPDISCOVER(tap5a6c1264-8e) fa:16:3e:d1:f0:06
Oct 18 10:28:40.237248 podb-esxi207 dnsmasq-dhcp[3670623]: DHCPOFFER(tap5a6c1264-8e) 10.1.0.4 fa:16:3e:d1:f0:06
Oct 18 10:28:40.251798 podb-esxi207 dnsmasq-dhcp[3670623]: DHCPREQUEST(tap5a6c1264-8e) 10.1.0.4 fa:16:3e:d1:f0:06
Oct 18 10:28:40.251836 podb-esxi207 dnsmasq-dhcp[3670623]: DHCPACK(tap5a6c1264-8e) 10.1.0.4 fa:16:3e:d1:f0:06 host-10-1-0-4
Oct 18 10:28:41.391502 podb-esxi207 dnsmasq[3671625]: read /opt/stack/data/neutron/dhcp/4a3eaafd-a6bb-48f5-b78b-15126317bde9/addn_hosts - 4 names
Oct 18 10:28:41.391656 podb-esxi207 dnsmasq-dhcp[3671625]: read /opt/stack/data/neutron/dhcp/4a3eaafd-a6bb-48f5-b78b-15126317bde9/host
Oct 18 10:28:41.391778 podb-esxi207 dnsmasq-dhcp[3671625]: read /opt/stack/data/neutron/dhcp/4a3eaafd-a6bb-48f5-b78b-15126317bde9/opts
Oct 18 10:28:55.596275 podb-esxi207 dnsmasq-dhcp[3670623]: DHCPDISCOVER(tap5a6c1264-8e) fa:16:3e:03:ba:ec
Oct 18 10:28:55.596299 podb-esxi207 dnsmasq-dhcp[3670623]: DHCPOFFER(tap5a6c1264-8e) 10.1.0.5 fa:16:3e:03:ba:ec
Oct 18 10:28:55.606414 podb-esxi207 dnsmasq-dhcp[3670623]: DHCPREQUEST(tap5a6c1264-8e) 10.1.0.5 fa:16:3e:03:ba:ec
Oct 18 10:28:55.606444 podb-esxi207 dnsmasq-dhcp[3670623]: DHCPACK(tap5a6c1264-8e) 10.1.0.5 fa:16:3e:03:ba:ec host-10-1-0-5
Oct 18 10:29:04.952157 podb-esxi207 dnsmasq-dhcp[3671625]: DHCPDISCOVER(tapefe90ef4-9c) fa:16:3e:51:3d:1d
Oct 18 10:29:04.952187 podb-esxi207 dnsmasq-dhcp[3671625]: DHCPOFFER(tapefe90ef4-9c) 10.1.0.3 fa:16:3e:51:3d:1d
Oct 18 10:29:04.962881 podb-esxi207 dnsmasq-dhcp[3671625]: DHCPREQUEST(tapefe90ef4-9c) 10.1.0.3 fa:16:3e:51:3d:1d
Oct 18 10:29:04.962915 podb-esxi207 dnsmasq-dhcp[3671625]: DHCPACK(tapefe90ef4-9c) 10.1.0.3 fa:16:3e:51:3d:1d host-10-1-0-3
Oct 18 10:29:07.718403 podb-esxi207 dnsmasq-dhcp[3665275]: DHCPDISCOVER(tapbe9d237d-84) fa:16:3e:f8:77:e4
Oct 18 10:29:07.718431 podb-esxi207 dnsmasq-dhcp[3665275]: DHCPOFFER(tapbe9d237d-84) 10.1.0.10 fa:16:3e:f8:77:e4
Oct 18 10:29:07.728436 podb-esxi207 dnsmasq-dhcp[3665275]: DHCPREQUEST(tapbe9d237d-84) 10.1.0.10 fa:16:3e:f8:77:e4
Oct 18 10:29:07.728469 podb-esxi207 dnsmasq-dhcp[3665275]: DHCPACK(tapbe9d237d-84) 10.1.0.10 fa:16:3e:f8:77:e4 host-10-1-0-10
Oct 18 10:29:12.391613 podb-esxi207 dnsmasq[3670623]: read /opt/stack/data/neutron/dhcp/2d0551e1-9e05-4e98-88ab-b1c4e4b810ad/addn_hosts - 8 names
Oct 18 10:29:12.391738 podb-esxi207 dnsmasq-dhcp[3670623]: read /opt/stack/data/neutron/dhcp/2d0551e1-9e05-4e98-88ab-b1c4e4b810ad/host
Oct 18 10:29:12.391844 podb-esxi207 dnsmasq-dhcp[3670623]: read /opt/stack/data/neutron/dhcp/2d0551e1-9e05-4e98-88ab-b1c4e4b810ad/opts
Oct 18 10:29:13.516863 podb-esxi207 dnsmasq-dhcp[3670623]: DHCPDISCOVER(tap5a6c1264-8e) fa:16:3e:d1:f0:06
Oct 18 10:29:13.516890 podb-esxi207 dnsmasq-dhcp[3670623]: DHCPOFFER(tap5a6c1264-8e) 10.1.0.4 fa:16:3e:d1:f0:06
Oct 18 10:29:13.536413 podb-esxi207 dnsmasq-dhcp[3670623]: DHCPREQUEST(tap5a6c1264-8e) 10.1.0.4 fa:16:3e:d1:f0:06
Oct 18 10:29:13.536440 podb-esxi207 dnsmasq-dhcp[3670623]: DHCPACK(tap5a6c1264-8e) 10.1.0.4 fa:16:3e:d1:f0:06 host-10-1-0-4
Oct 18 10:29:38.056706 podb-esxi207 dnsmasq-dhcp[3670623]: DHCPDISCOVER(tap5a6c1264-8e) fa:16:3e:e3:f9:51
Oct 18 10:29:38.056738 podb-esxi207 dnsmasq-dhcp[3670623]: DHCPOFFER(tap5a6c1264-8e) 10.1.0.10 fa:16:3e:e3:f9:51
Oct 18 10:29:38.068750 podb-esxi207 dnsmasq-dhcp[3670623]: DHCPREQUEST(tap5a6c1264-8e) 10.1.0.10 fa:16:3e:e3:f9:51
Oct 18 10:29:38.068780 podb-esxi207 dnsmasq-dhcp[3670623]: DHCPACK(tap5a6c1264-8e) 10.1.0.10 fa:16:3e:e3:f9:51 host-10-1-0-10
Oct 18 10:29:45.410200 podb-esxi207 dnsmasq-dhcp[3665275]: DHCPRELEASE(tapbe9d237d-84) 10.1.0.10 fa:16:3e:f8:77:e4
Oct 18 10:29:45.425457 podb-esxi207 dnsmasq-dhcp[3665275]: DHCPRELEASE(tapbe9d237d-84) 10.1.0.10 fa:16:3e:f8:77:e4 unknown lease
Oct 18 10:29:46.253453 podb-esxi207 dnsmasq[3665275]: read /opt/stack/data/neutron/dhcp/396bcb1d-2052-4857-a5c8-7f97fb073544/addn_hosts - 2 names
Oct 18 10:29:46.253543 podb-esxi207 dnsmasq-dhcp[3665275]: read /opt/stack/data/neutron/dhcp/396bcb1d-2052-4857-a5c8-7f97fb073544/host
Oct 18 10:29:46.253657 podb-esxi207 dnsmasq-dhcp[3665275]: read /opt/stack/data/neutron/dhcp/396bcb1d-2052-4857-a5c8-7f97fb073544/opts
Oct 18 10:29:46.984384 podb-esxi207 dnsmasq[3671625]: read /opt/stack/data/neutron/dhcp/4a3eaafd-a6bb-48f5-b78b-15126317bde9/addn_hosts - 6 names
Oct 18 10:29:46.984512 podb-esxi207 dnsmasq-dhcp[3671625]: read /opt/stack/data/neutron/dhcp/4a3eaafd-a6bb-48f5-b78b-15126317bde9/host
Oct 18 10:29:46.984624 podb-esxi207 dnsmasq-dhcp[3671625]: read /opt/stack/data/neutron/dhcp/4a3eaafd-a6bb-48f5-b78b-15126317bde9/opts
Oct 18 10:30:02.379128 podb-esxi207 dnsmasq-dhcp[3665275]: DHCPRELEASE(tapbe9d237d-84) 10.1.0.1 fa:16:3e:e5:66:19
Oct 18 10:30:03.201286 podb-esxi207 dnsmasq[3665275]: read /opt/stack/data/neutron/dhcp/396bcb1d-2052-4857-a5c8-7f97fb073544/addn_hosts - 0 names
Oct 18 10:30:03.201315 podb-esxi207 dnsmasq-dhcp[3665275]: read /opt/stack/data/neutron/dhcp/396bcb1d-2052-4857-a5c8-7f97fb073544/host
Oct 18 10:30:03.201336 podb-esxi207 dnsmasq-dhcp[3665275]: read /opt/stack/data/neutron/dhcp/396bcb1d-2052-4857-a5c8-7f97fb073544/opts
Oct 18 10:30:03.939850 podb-esxi207 dnsmasq[3665275]: exiting on receipt of SIGTERM
Oct 18 10:30:07.501938 podb-esxi207 dnsmasq[3673886]: started, version 2.90 cachesize 150
Oct 18 10:30:07.501963 podb-esxi207 dnsmasq[3673886]: DNS service limited to local subnets
Oct 18 10:30:07.501977 podb-esxi207 dnsmasq[3673886]: compile time options: IPv6 GNU-getopt DBus no-UBus i18n IDN2 DHCP DHCPv6 no-Lua TFTP conntrack ipset no-nftset auth cryptohash DNSSEC loop-detect inotify dumpfile
Oct 18 10:30:07.502020 podb-esxi207 dnsmasq-dhcp[3673886]: DHCP, static leases only on 10.1.0.0, lease time 1d
Oct 18 10:30:07.502166 podb-esxi207 dnsmasq[3673886]: reading /etc/resolv.conf
Oct 18 10:30:07.502183 podb-esxi207 dnsmasq[3673886]: using nameserver 127.0.0.53#53
Oct 18 10:30:07.502265 podb-esxi207 dnsmasq[3673886]: read /opt/stack/data/neutron/dhcp/bdf06a39-4795-4d21-99a2-8e0536b53e52/addn_hosts - 0 names
Oct 18 10:30:07.502315 podb-esxi207 dnsmasq-dhcp[3673886]: read /opt/stack/data/neutron/dhcp/bdf06a39-4795-4d21-99a2-8e0536b53e52/host
Oct 18 10:30:07.502371 podb-esxi207 dnsmasq-dhcp[3673886]: read /opt/stack/data/neutron/dhcp/bdf06a39-4795-4d21-99a2-8e0536b53e52/opts
Oct 18 10:30:08.672688 podb-esxi207 dnsmasq-dhcp[3671625]: DHCPDISCOVER(tapefe90ef4-9c) fa:16:3e:cc:01:73
Oct 18 10:30:08.672716 podb-esxi207 dnsmasq-dhcp[3671625]: DHCPOFFER(tapefe90ef4-9c) 10.1.0.9 fa:16:3e:cc:01:73
Oct 18 10:30:08.683106 podb-esxi207 dnsmasq-dhcp[3671625]: DHCPREQUEST(tapefe90ef4-9c) 10.1.0.9 fa:16:3e:cc:01:73
Oct 18 10:30:08.683135 podb-esxi207 dnsmasq-dhcp[3671625]: DHCPACK(tapefe90ef4-9c) 10.1.0.9 fa:16:3e:cc:01:73 host-10-1-0-9
Oct 18 10:30:09.043613 podb-esxi207 dnsmasq[3673886]: read /opt/stack/data/neutron/dhcp/bdf06a39-4795-4d21-99a2-8e0536b53e52/addn_hosts - 2 names
Oct 18 10:30:09.043700 podb-esxi207 dnsmasq-dhcp[3673886]: read /opt/stack/data/neutron/dhcp/bdf06a39-4795-4d21-99a2-8e0536b53e52/host
Oct 18 10:30:09.061061 podb-esxi207 dnsmasq-dhcp[3673886]: read /opt/stack/data/neutron/dhcp/bdf06a39-4795-4d21-99a2-8e0536b53e52/opts
Oct 18 10:30:10.283331 podb-esxi207 dnsmasq[3673886]: read /opt/stack/data/neutron/dhcp/bdf06a39-4795-4d21-99a2-8e0536b53e52/addn_hosts - 2 names
Oct 18 10:30:10.283424 podb-esxi207 dnsmasq-dhcp[3673886]: read /opt/stack/data/neutron/dhcp/bdf06a39-4795-4d21-99a2-8e0536b53e52/host
Oct 18 10:30:10.283519 podb-esxi207 dnsmasq-dhcp[3673886]: read /opt/stack/data/neutron/dhcp/bdf06a39-4795-4d21-99a2-8e0536b53e52/opts
Oct 18 10:30:11.515879 podb-esxi207 dnsmasq[3673886]: read /opt/stack/data/neutron/dhcp/bdf06a39-4795-4d21-99a2-8e0536b53e52/addn_hosts - 2 names
Oct 18 10:30:11.515989 podb-esxi207 dnsmasq-dhcp[3673886]: read /opt/stack/data/neutron/dhcp/bdf06a39-4795-4d21-99a2-8e0536b53e52/host
Oct 18 10:30:11.516096 podb-esxi207 dnsmasq-dhcp[3673886]: read /opt/stack/data/neutron/dhcp/bdf06a39-4795-4d21-99a2-8e0536b53e52/opts
Oct 18 10:30:18.694022 podb-esxi207 dnsmasq-dhcp[3669532]: DHCPRELEASE(tapcb334f83-a4) 10.1.0.8 fa:16:3e:12:c9:c4
Oct 18 10:30:18.708381 podb-esxi207 dnsmasq-dhcp[3669532]: DHCPRELEASE(tapcb334f83-a4) 10.1.0.8 fa:16:3e:12:c9:c4 unknown lease
Oct 18 10:30:19.535065 podb-esxi207 dnsmasq[3669532]: read /opt/stack/data/neutron/dhcp/6a1604aa-4f82-4c8b-8962-f2cd6e9f9e7e/addn_hosts - 2 names
Oct 18 10:30:19.535154 podb-esxi207 dnsmasq-dhcp[3669532]: read /opt/stack/data/neutron/dhcp/6a1604aa-4f82-4c8b-8962-f2cd6e9f9e7e/host
Oct 18 10:30:19.535224 podb-esxi207 dnsmasq-dhcp[3669532]: read /opt/stack/data/neutron/dhcp/6a1604aa-4f82-4c8b-8962-f2cd6e9f9e7e/opts
Oct 18 10:30:52.626806 podb-esxi207 dnsmasq[3669532]: read /opt/stack/data/neutron/dhcp/6a1604aa-4f82-4c8b-8962-f2cd6e9f9e7e/addn_hosts - 0 names
Oct 18 10:30:52.626883 podb-esxi207 dnsmasq-dhcp[3669532]: read /opt/stack/data/neutron/dhcp/6a1604aa-4f82-4c8b-8962-f2cd6e9f9e7e/host
Oct 18 10:30:52.626942 podb-esxi207 dnsmasq-dhcp[3669532]: read /opt/stack/data/neutron/dhcp/6a1604aa-4f82-4c8b-8962-f2cd6e9f9e7e/opts
Oct 18 10:30:53.710170 podb-esxi207 dnsmasq[3669532]: exiting on receipt of SIGTERM
Oct 18 10:30:57.990165 podb-esxi207 dnsmasq[3675235]: started, version 2.90 cachesize 150
Oct 18 10:30:57.990193 podb-esxi207 dnsmasq[3675235]: DNS service limited to local subnets
Oct 18 10:30:57.990208 podb-esxi207 dnsmasq[3675235]: compile time options: IPv6 GNU-getopt DBus no-UBus i18n IDN2 DHCP DHCPv6 no-Lua TFTP conntrack ipset no-nftset auth cryptohash DNSSEC loop-detect inotify dumpfile
Oct 18 10:30:57.990244 podb-esxi207 dnsmasq-dhcp[3675235]: DHCP, static leases only on 10.1.0.0, lease time 1d
Oct 18 10:30:57.990398 podb-esxi207 dnsmasq[3675235]: reading /etc/resolv.conf
Oct 18 10:30:57.990414 podb-esxi207 dnsmasq[3675235]: using nameserver 127.0.0.53#53
Oct 18 10:30:57.990503 podb-esxi207 dnsmasq[3675235]: read /opt/stack/data/neutron/dhcp/6d824ea9-945b-4316-b325-845c6efb02c4/addn_hosts - 0 names
Oct 18 10:30:57.990558 podb-esxi207 dnsmasq-dhcp[3675235]: read /opt/stack/data/neutron/dhcp/6d824ea9-945b-4316-b325-845c6efb02c4/host
Oct 18 10:30:57.990617 podb-esxi207 dnsmasq-dhcp[3675235]: read /opt/stack/data/neutron/dhcp/6d824ea9-945b-4316-b325-845c6efb02c4/opts
Oct 18 10:30:59.539377 podb-esxi207 dnsmasq[3675235]: read /opt/stack/data/neutron/dhcp/6d824ea9-945b-4316-b325-845c6efb02c4/addn_hosts - 2 names
Oct 18 10:30:59.539462 podb-esxi207 dnsmasq-dhcp[3675235]: read /opt/stack/data/neutron/dhcp/6d824ea9-945b-4316-b325-845c6efb02c4/host
Oct 18 10:30:59.539537 podb-esxi207 dnsmasq-dhcp[3675235]: read /opt/stack/data/neutron/dhcp/6d824ea9-945b-4316-b325-845c6efb02c4/opts
Oct 18 10:31:00.800299 podb-esxi207 dnsmasq[3675235]: read /opt/stack/data/neutron/dhcp/6d824ea9-945b-4316-b325-845c6efb02c4/addn_hosts - 2 names
Oct 18 10:31:00.800388 podb-esxi207 dnsmasq-dhcp[3675235]: read /opt/stack/data/neutron/dhcp/6d824ea9-945b-4316-b325-845c6efb02c4/host
Oct 18 10:31:00.800493 podb-esxi207 dnsmasq-dhcp[3675235]: read /opt/stack/data/neutron/dhcp/6d824ea9-945b-4316-b325-845c6efb02c4/opts
Oct 18 10:31:02.052192 podb-esxi207 dnsmasq[3675235]: read /opt/stack/data/neutron/dhcp/6d824ea9-945b-4316-b325-845c6efb02c4/addn_hosts - 2 names
Oct 18 10:31:02.052323 podb-esxi207 dnsmasq-dhcp[3675235]: read /opt/stack/data/neutron/dhcp/6d824ea9-945b-4316-b325-845c6efb02c4/host
Oct 18 10:31:02.052435 podb-esxi207 dnsmasq-dhcp[3675235]: read /opt/stack/data/neutron/dhcp/6d824ea9-945b-4316-b325-845c6efb02c4/opts
Oct 18 10:31:02.816395 podb-esxi207 dnsmasq[3673886]: read /opt/stack/data/neutron/dhcp/bdf06a39-4795-4d21-99a2-8e0536b53e52/addn_hosts - 4 names
Oct 18 10:31:02.816513 podb-esxi207 dnsmasq-dhcp[3673886]: read /opt/stack/data/neutron/dhcp/bdf06a39-4795-4d21-99a2-8e0536b53e52/host
Oct 18 10:31:02.816622 podb-esxi207 dnsmasq-dhcp[3673886]: read /opt/stack/data/neutron/dhcp/bdf06a39-4795-4d21-99a2-8e0536b53e52/opts
Oct 18 10:31:04.338125 podb-esxi207 dnsmasq[3675235]: read /opt/stack/data/neutron/dhcp/6d824ea9-945b-4316-b325-845c6efb02c4/addn_hosts - 4 names
Oct 18 10:31:04.338271 podb-esxi207 dnsmasq-dhcp[3675235]: read /opt/stack/data/neutron/dhcp/6d824ea9-945b-4316-b325-845c6efb02c4/host
Oct 18 10:31:04.338392 podb-esxi207 dnsmasq-dhcp[3675235]: read /opt/stack/data/neutron/dhcp/6d824ea9-945b-4316-b325-845c6efb02c4/opts
Oct 18 10:31:16.310132 podb-esxi207 dnsmasq-dhcp[3670623]: DHCPREQUEST(tap5a6c1264-8e) 10.1.0.10 fa:16:3e:e3:f9:51
Oct 18 10:31:16.310168 podb-esxi207 dnsmasq-dhcp[3670623]: DHCPACK(tap5a6c1264-8e) 10.1.0.10 fa:16:3e:e3:f9:51 host-10-1-0-10
Oct 18 10:31:26.241663 podb-esxi207 dnsmasq[3673886]: read /opt/stack/data/neutron/dhcp/bdf06a39-4795-4d21-99a2-8e0536b53e52/addn_hosts - 6 names
Oct 18 10:31:26.241747 podb-esxi207 dnsmasq-dhcp[3673886]: read /opt/stack/data/neutron/dhcp/bdf06a39-4795-4d21-99a2-8e0536b53e52/host
Oct 18 10:31:26.241828 podb-esxi207 dnsmasq-dhcp[3673886]: read /opt/stack/data/neutron/dhcp/bdf06a39-4795-4d21-99a2-8e0536b53e52/opts
Oct 18 10:31:28.429935 podb-esxi207 dnsmasq-dhcp[3675235]: DHCPDISCOVER(tap1f0ea291-39) fa:16:3e:66:82:d4
Oct 18 10:31:28.429959 podb-esxi207 dnsmasq-dhcp[3675235]: DHCPOFFER(tap1f0ea291-39) 10.1.0.7 fa:16:3e:66:82:d4
Oct 18 10:31:28.440962 podb-esxi207 dnsmasq-dhcp[3675235]: DHCPREQUEST(tap1f0ea291-39) 10.1.0.7 fa:16:3e:66:82:d4
Oct 18 10:31:28.440997 podb-esxi207 dnsmasq-dhcp[3675235]: DHCPACK(tap1f0ea291-39) 10.1.0.7 fa:16:3e:66:82:d4 host-10-1-0-7
Oct 18 10:31:28.593741 podb-esxi207 dnsmasq[3675235]: read /opt/stack/data/neutron/dhcp/6d824ea9-945b-4316-b325-845c6efb02c4/addn_hosts - 6 names
