Oct 16 17:15:04.362157 podb-esxi207 dnsmasq[838467]: read /opt/stack/data/neutron/dhcp/356bda40-6351-4df3-a9b6-119f4f52aef0/addn_hosts - 4 names
Oct 16 17:15:04.362274 podb-esxi207 dnsmasq-dhcp[838467]: read /opt/stack/data/neutron/dhcp/356bda40-6351-4df3-a9b6-119f4f52aef0/host
Oct 16 17:15:04.362369 podb-esxi207 dnsmasq-dhcp[838467]: read /opt/stack/data/neutron/dhcp/356bda40-6351-4df3-a9b6-119f4f52aef0/opts
Oct 16 17:15:05.095479 podb-esxi207 dnsmasq[839836]: read /opt/stack/data/neutron/dhcp/123abc06-b11c-4cee-94b0-4923b84f09c9/addn_hosts - 2 names
Oct 16 17:15:05.095559 podb-esxi207 dnsmasq-dhcp[839836]: read /opt/stack/data/neutron/dhcp/123abc06-b11c-4cee-94b0-4923b84f09c9/host
Oct 16 17:15:05.095660 podb-esxi207 dnsmasq-dhcp[839836]: read /opt/stack/data/neutron/dhcp/123abc06-b11c-4cee-94b0-4923b84f09c9/opts
Oct 16 17:15:06.333513 podb-esxi207 dnsmasq[838467]: read /opt/stack/data/neutron/dhcp/356bda40-6351-4df3-a9b6-119f4f52aef0/addn_hosts - 4 names
Oct 16 17:15:06.333628 podb-esxi207 dnsmasq-dhcp[838467]: read /opt/stack/data/neutron/dhcp/356bda40-6351-4df3-a9b6-119f4f52aef0/host
Oct 16 17:15:06.333718 podb-esxi207 dnsmasq-dhcp[838467]: read /opt/stack/data/neutron/dhcp/356bda40-6351-4df3-a9b6-119f4f52aef0/opts
Oct 16 17:16:55.408970 podb-esxi207 dnsmasq[838467]: read /opt/stack/data/neutron/dhcp/356bda40-6351-4df3-a9b6-119f4f52aef0/addn_hosts - 6 names
Oct 16 17:16:55.409137 podb-esxi207 dnsmasq-dhcp[838467]: read /opt/stack/data/neutron/dhcp/356bda40-6351-4df3-a9b6-119f4f52aef0/host
Oct 16 17:16:55.409222 podb-esxi207 dnsmasq-dhcp[838467]: read /opt/stack/data/neutron/dhcp/356bda40-6351-4df3-a9b6-119f4f52aef0/opts
Oct 16 17:17:19.950247 podb-esxi207 dnsmasq-dhcp[838467]: DHCPDISCOVER(tap8f4b0f99-22) fa:16:3e:bd:e6:ef
Oct 16 17:17:19.950274 podb-esxi207 dnsmasq-dhcp[838467]: DHCPOFFER(tap8f4b0f99-22) 10.1.0.12 fa:16:3e:bd:e6:ef
Oct 16 17:17:19.960913 podb-esxi207 dnsmasq-dhcp[838467]: DHCPREQUEST(tap8f4b0f99-22) 10.1.0.12 fa:16:3e:bd:e6:ef
Oct 16 17:17:19.960937 podb-esxi207 dnsmasq-dhcp[838467]: DHCPACK(tap8f4b0f99-22) 10.1.0.12 fa:16:3e:bd:e6:ef host-10-1-0-12
Oct 16 17:18:38.999305 podb-esxi207 dnsmasq-dhcp[838467]: DHCPRELEASE(tap8f4b0f99-22) 10.1.0.12 fa:16:3e:bd:e6:ef
Oct 16 17:18:39.015061 podb-esxi207 dnsmasq-dhcp[838467]: DHCPRELEASE(tap8f4b0f99-22) 10.1.0.12 fa:16:3e:bd:e6:ef unknown lease
Oct 16 17:18:39.839092 podb-esxi207 dnsmasq[838467]: read /opt/stack/data/neutron/dhcp/356bda40-6351-4df3-a9b6-119f4f52aef0/addn_hosts - 4 names
Oct 16 17:18:39.839224 podb-esxi207 dnsmasq-dhcp[838467]: read /opt/stack/data/neutron/dhcp/356bda40-6351-4df3-a9b6-119f4f52aef0/host
Oct 16 17:18:39.839329 podb-esxi207 dnsmasq-dhcp[838467]: read /opt/stack/data/neutron/dhcp/356bda40-6351-4df3-a9b6-119f4f52aef0/opts
Oct 16 17:20:11.004971 podb-esxi207 dnsmasq[843375]: started, version 2.90 cachesize 150
Oct 16 17:20:11.005002 podb-esxi207 dnsmasq[843375]: DNS service limited to local subnets
Oct 16 17:20:11.005018 podb-esxi207 dnsmasq[843375]: compile time options: IPv6 GNU-getopt DBus no-UBus i18n IDN2 DHCP DHCPv6 no-Lua TFTP conntrack ipset no-nftset auth cryptohash DNSSEC loop-detect inotify dumpfile
Oct 16 17:20:11.005053 podb-esxi207 dnsmasq-dhcp[843375]: DHCP, static leases only on 10.1.0.0, lease time 1d
Oct 16 17:20:11.005208 podb-esxi207 dnsmasq[843375]: reading /etc/resolv.conf
Oct 16 17:20:11.005225 podb-esxi207 dnsmasq[843375]: using nameserver 127.0.0.53#53
Oct 16 17:20:11.005317 podb-esxi207 dnsmasq[843375]: read /opt/stack/data/neutron/dhcp/e5e10372-c9b2-494b-ba01-6484e7f3d26c/addn_hosts - 0 names
Oct 16 17:20:11.005369 podb-esxi207 dnsmasq-dhcp[843375]: read /opt/stack/data/neutron/dhcp/e5e10372-c9b2-494b-ba01-6484e7f3d26c/host
Oct 16 17:20:11.005434 podb-esxi207 dnsmasq-dhcp[843375]: read /opt/stack/data/neutron/dhcp/e5e10372-c9b2-494b-ba01-6484e7f3d26c/opts
Oct 16 17:20:12.551745 podb-esxi207 dnsmasq[843375]: read /opt/stack/data/neutron/dhcp/e5e10372-c9b2-494b-ba01-6484e7f3d26c/addn_hosts - 2 names
Oct 16 17:20:12.551844 podb-esxi207 dnsmasq-dhcp[843375]: read /opt/stack/data/neutron/dhcp/e5e10372-c9b2-494b-ba01-6484e7f3d26c/host
Oct 16 17:20:12.551957 podb-esxi207 dnsmasq-dhcp[843375]: read /opt/stack/data/neutron/dhcp/e5e10372-c9b2-494b-ba01-6484e7f3d26c/opts
Oct 16 17:20:15.490073 podb-esxi207 dnsmasq[843770]: started, version 2.90 cachesize 150
Oct 16 17:20:15.490103 podb-esxi207 dnsmasq[843770]: DNS service limited to local subnets
Oct 16 17:20:15.490118 podb-esxi207 dnsmasq[843770]: compile time options: IPv6 GNU-getopt DBus no-UBus i18n IDN2 DHCP DHCPv6 no-Lua TFTP conntrack ipset no-nftset auth cryptohash DNSSEC loop-detect inotify dumpfile
Oct 16 17:20:15.490160 podb-esxi207 dnsmasq-dhcp[843770]: DHCP, static leases only on 10.1.0.0, lease time 1d
Oct 16 17:20:15.490320 podb-esxi207 dnsmasq[843770]: reading /etc/resolv.conf
Oct 16 17:20:15.490336 podb-esxi207 dnsmasq[843770]: using nameserver 127.0.0.53#53
Oct 16 17:20:15.490461 podb-esxi207 dnsmasq[843770]: read /opt/stack/data/neutron/dhcp/56d74298-8d21-43be-bc19-4dfeeec601ff/addn_hosts - 2 names
Oct 16 17:20:15.490518 podb-esxi207 dnsmasq-dhcp[843770]: read /opt/stack/data/neutron/dhcp/56d74298-8d21-43be-bc19-4dfeeec601ff/host
Oct 16 17:20:15.490603 podb-esxi207 dnsmasq-dhcp[843770]: read /opt/stack/data/neutron/dhcp/56d74298-8d21-43be-bc19-4dfeeec601ff/opts
Oct 16 17:20:16.531297 podb-esxi207 dnsmasq[843375]: read /opt/stack/data/neutron/dhcp/e5e10372-c9b2-494b-ba01-6484e7f3d26c/addn_hosts - 2 names
Oct 16 17:20:16.531413 podb-esxi207 dnsmasq-dhcp[843375]: read /opt/stack/data/neutron/dhcp/e5e10372-c9b2-494b-ba01-6484e7f3d26c/host
Oct 16 17:20:16.531524 podb-esxi207 dnsmasq-dhcp[843375]: read /opt/stack/data/neutron/dhcp/e5e10372-c9b2-494b-ba01-6484e7f3d26c/opts
Oct 16 17:20:17.780320 podb-esxi207 dnsmasq[843770]: read /opt/stack/data/neutron/dhcp/56d74298-8d21-43be-bc19-4dfeeec601ff/addn_hosts - 2 names
Oct 16 17:20:17.780415 podb-esxi207 dnsmasq-dhcp[843770]: read /opt/stack/data/neutron/dhcp/56d74298-8d21-43be-bc19-4dfeeec601ff/host
Oct 16 17:20:17.780486 podb-esxi207 dnsmasq-dhcp[843770]: read /opt/stack/data/neutron/dhcp/56d74298-8d21-43be-bc19-4dfeeec601ff/opts
Oct 16 17:20:19.034589 podb-esxi207 dnsmasq[843375]: read /opt/stack/data/neutron/dhcp/e5e10372-c9b2-494b-ba01-6484e7f3d26c/addn_hosts - 2 names
Oct 16 17:20:19.034677 podb-esxi207 dnsmasq-dhcp[843375]: read /opt/stack/data/neutron/dhcp/e5e10372-c9b2-494b-ba01-6484e7f3d26c/host
Oct 16 17:20:19.034749 podb-esxi207 dnsmasq-dhcp[843375]: read /opt/stack/data/neutron/dhcp/e5e10372-c9b2-494b-ba01-6484e7f3d26c/opts
Oct 16 17:20:19.780142 podb-esxi207 dnsmasq[843770]: read /opt/stack/data/neutron/dhcp/56d74298-8d21-43be-bc19-4dfeeec601ff/addn_hosts - 2 names
Oct 16 17:20:19.780251 podb-esxi207 dnsmasq-dhcp[843770]: read /opt/stack/data/neutron/dhcp/56d74298-8d21-43be-bc19-4dfeeec601ff/host
Oct 16 17:20:19.780357 podb-esxi207 dnsmasq-dhcp[843770]: read /opt/stack/data/neutron/dhcp/56d74298-8d21-43be-bc19-4dfeeec601ff/opts
Oct 16 17:20:21.023181 podb-esxi207 dnsmasq[843770]: read /opt/stack/data/neutron/dhcp/56d74298-8d21-43be-bc19-4dfeeec601ff/addn_hosts - 2 names
Oct 16 17:20:21.023273 podb-esxi207 dnsmasq-dhcp[843770]: read /opt/stack/data/neutron/dhcp/56d74298-8d21-43be-bc19-4dfeeec601ff/host
Oct 16 17:20:21.023383 podb-esxi207 dnsmasq-dhcp[843770]: read /opt/stack/data/neutron/dhcp/56d74298-8d21-43be-bc19-4dfeeec601ff/opts
Oct 16 17:20:34.745222 podb-esxi207 dnsmasq-dhcp[838467]: DHCPRELEASE(tap8f4b0f99-22) 10.1.0.7 fa:16:3e:21:5a:be
Oct 16 17:20:34.760535 podb-esxi207 dnsmasq-dhcp[838467]: DHCPRELEASE(tap8f4b0f99-22) 10.1.0.7 fa:16:3e:21:5a:be unknown lease
Oct 16 17:20:35.585070 podb-esxi207 dnsmasq[838467]: read /opt/stack/data/neutron/dhcp/356bda40-6351-4df3-a9b6-119f4f52aef0/addn_hosts - 2 names
Oct 16 17:20:35.585195 podb-esxi207 dnsmasq-dhcp[838467]: read /opt/stack/data/neutron/dhcp/356bda40-6351-4df3-a9b6-119f4f52aef0/host
Oct 16 17:20:35.585315 podb-esxi207 dnsmasq-dhcp[838467]: read /opt/stack/data/neutron/dhcp/356bda40-6351-4df3-a9b6-119f4f52aef0/opts
Oct 16 17:20:47.108523 podb-esxi207 dnsmasq[838467]: read /opt/stack/data/neutron/dhcp/356bda40-6351-4df3-a9b6-119f4f52aef0/addn_hosts - 4 names
Oct 16 17:20:47.108648 podb-esxi207 dnsmasq-dhcp[838467]: read /opt/stack/data/neutron/dhcp/356bda40-6351-4df3-a9b6-119f4f52aef0/host
Oct 16 17:20:47.108780 podb-esxi207 dnsmasq-dhcp[838467]: read /opt/stack/data/neutron/dhcp/356bda40-6351-4df3-a9b6-119f4f52aef0/opts
Oct 16 17:21:09.042677 podb-esxi207 dnsmasq-dhcp[838467]: DHCPDISCOVER(tap8f4b0f99-22) fa:16:3e:b4:d5:b1
Oct 16 17:21:09.042705 podb-esxi207 dnsmasq-dhcp[838467]: DHCPOFFER(tap8f4b0f99-22) 10.1.0.12 fa:16:3e:b4:d5:b1
Oct 16 17:21:09.052418 podb-esxi207 dnsmasq-dhcp[838467]: DHCPREQUEST(tap8f4b0f99-22) 10.1.0.12 fa:16:3e:b4:d5:b1
Oct 16 17:21:09.052453 podb-esxi207 dnsmasq-dhcp[838467]: DHCPACK(tap8f4b0f99-22) 10.1.0.12 fa:16:3e:b4:d5:b1 host-10-1-0-12
Oct 16 17:21:22.072615 podb-esxi207 dnsmasq[843375]: read /opt/stack/data/neutron/dhcp/e5e10372-c9b2-494b-ba01-6484e7f3d26c/addn_hosts - 0 names
Oct 16 17:21:22.072693 podb-esxi207 dnsmasq-dhcp[843375]: read /opt/stack/data/neutron/dhcp/e5e10372-c9b2-494b-ba01-6484e7f3d26c/host
Oct 16 17:21:22.072754 podb-esxi207 dnsmasq-dhcp[843375]: read /opt/stack/data/neutron/dhcp/e5e10372-c9b2-494b-ba01-6484e7f3d26c/opts
Oct 16 17:21:23.052134 podb-esxi207 dnsmasq[843375]: exiting on receipt of SIGTERM
Oct 16 17:21:23.663449 podb-esxi207 dnsmasq-dhcp[843770]: DHCPRELEASE(tap25df0a0f-24) 10.1.0.1 fa:16:3e:3f:6f:85
Oct 16 17:21:24.487766 podb-esxi207 dnsmasq[843770]: read /opt/stack/data/neutron/dhcp/56d74298-8d21-43be-bc19-4dfeeec601ff/addn_hosts - 0 names
Oct 16 17:21:24.487840 podb-esxi207 dnsmasq-dhcp[843770]: read /opt/stack/data/neutron/dhcp/56d74298-8d21-43be-bc19-4dfeeec601ff/host
Oct 16 17:21:24.487909 podb-esxi207 dnsmasq-dhcp[843770]: read /opt/stack/data/neutron/dhcp/56d74298-8d21-43be-bc19-4dfeeec601ff/opts
Oct 16 17:21:24.730732 podb-esxi207 dnsmasq[843770]: exiting on receipt of SIGTERM
Oct 16 17:22:50.902310 podb-esxi207 dnsmasq-dhcp[838467]: DHCPRELEASE(tap8f4b0f99-22) 10.1.0.12 fa:16:3e:b4:d5:b1
Oct 16 17:22:50.918400 podb-esxi207 dnsmasq-dhcp[838467]: DHCPRELEASE(tap8f4b0f99-22) 10.1.0.12 fa:16:3e:b4:d5:b1 unknown lease
Oct 16 17:22:51.742691 podb-esxi207 dnsmasq[838467]: read /opt/stack/data/neutron/dhcp/356bda40-6351-4df3-a9b6-119f4f52aef0/addn_hosts - 2 names
Oct 16 17:22:51.742783 podb-esxi207 dnsmasq-dhcp[838467]: read /opt/stack/data/neutron/dhcp/356bda40-6351-4df3-a9b6-119f4f52aef0/host
Oct 16 17:22:51.742855 podb-esxi207 dnsmasq-dhcp[838467]: read /opt/stack/data/neutron/dhcp/356bda40-6351-4df3-a9b6-119f4f52aef0/opts
Oct 16 17:22:56.839805 podb-esxi207 dnsmasq-dhcp[838467]: DHCPRELEASE(tap8f4b0f99-22) 10.1.0.1 fa:16:3e:8c:2e:0b
Oct 16 17:22:57.663568 podb-esxi207 dnsmasq[838467]: read /opt/stack/data/neutron/dhcp/356bda40-6351-4df3-a9b6-119f4f52aef0/addn_hosts - 0 names
Oct 16 17:22:57.663632 podb-esxi207 dnsmasq-dhcp[838467]: read /opt/stack/data/neutron/dhcp/356bda40-6351-4df3-a9b6-119f4f52aef0/host
Oct 16 17:22:57.663691 podb-esxi207 dnsmasq-dhcp[838467]: read /opt/stack/data/neutron/dhcp/356bda40-6351-4df3-a9b6-119f4f52aef0/opts
Oct 16 17:22:58.408874 podb-esxi207 dnsmasq[838467]: exiting on receipt of SIGTERM
Oct 16 17:22:59.010210 podb-esxi207 dnsmasq-dhcp[839836]: DHCPRELEASE(tap7c550e7c-b1) 10.1.0.1 fa:16:3e:aa:35:1b
Oct 16 17:22:59.834002 podb-esxi207 dnsmasq[839836]: read /opt/stack/data/neutron/dhcp/123abc06-b11c-4cee-94b0-4923b84f09c9/addn_hosts - 0 names
Oct 16 17:22:59.834083 podb-esxi207 dnsmasq-dhcp[839836]: read /opt/stack/data/neutron/dhcp/123abc06-b11c-4cee-94b0-4923b84f09c9/host
Oct 16 17:22:59.834151 podb-esxi207 dnsmasq-dhcp[839836]: read /opt/stack/data/neutron/dhcp/123abc06-b11c-4cee-94b0-4923b84f09c9/opts
Oct 16 17:23:00.586137 podb-esxi207 dnsmasq[839836]: exiting on receipt of SIGTERM
