Oct 18 12:12:18.232151 podb-esxi207 systemd[1]: Starting Devstack devstack@n-api.service...
Oct 18 12:12:18.244245 podb-esxi207 devstack@n-api.service[3816432]: [uWSGI] getting INI configuration from /etc/nova/nova-api-uwsgi.ini
Oct 18 12:12:18.247152 podb-esxi207 devstack@n-api.service[3816432]: *** Starting uWSGI 2.0.20-debian (64bit) on [Sat Oct 18 12:12:18 2025] ***
Oct 18 12:12:18.247152 podb-esxi207 devstack@n-api.service[3816432]: compiled with version: 11.2.0 on 21 March 2022 11:00:44
Oct 18 12:12:18.247152 podb-esxi207 devstack@n-api.service[3816432]: os: Linux-5.15.0-157-generic #167-Ubuntu SMP Wed Sep 17 21:35:53 UTC 2025
Oct 18 12:12:18.247152 podb-esxi207 devstack@n-api.service[3816432]: nodename: podb-esxi207
Oct 18 12:12:18.247152 podb-esxi207 devstack@n-api.service[3816432]: machine: x86_64
Oct 18 12:12:18.247152 podb-esxi207 devstack@n-api.service[3816432]: clock source: unix
Oct 18 12:12:18.247152 podb-esxi207 devstack@n-api.service[3816432]: pcre jit disabled
Oct 18 12:12:18.247152 podb-esxi207 devstack@n-api.service[3816432]: detected number of CPU cores: 152
Oct 18 12:12:18.247152 podb-esxi207 devstack@n-api.service[3816432]: current working directory: /
Oct 18 12:12:18.247152 podb-esxi207 devstack@n-api.service[3816432]: detected binary path: /usr/bin/uwsgi-core
Oct 18 12:12:18.247152 podb-esxi207 devstack@n-api.service[3816432]: your processes number limit is 1029247
Oct 18 12:12:18.247152 podb-esxi207 devstack@n-api.service[3816432]: your memory page size is 4096 bytes
Oct 18 12:12:18.247152 podb-esxi207 devstack@n-api.service[3816432]: detected max file descriptor number: 2048
Oct 18 12:12:18.247152 podb-esxi207 devstack@n-api.service[3816432]: lock engine: pthread robust mutexes
Oct 18 12:12:18.248435 podb-esxi207 devstack@n-api.service[3816432]: thunder lock: enabled
Oct 18 12:12:18.248435 podb-esxi207 devstack@n-api.service[3816432]: uwsgi socket 0 bound to UNIX address /var/run/uwsgi/nova-api.socket fd 4
Oct 18 12:12:18.248435 podb-esxi207 devstack@n-api.service[3816432]: Python version: 3.10.12 (main, Aug 15 2025, 14:32:43) [GCC 11.4.0]
Oct 18 12:12:18.248435 podb-esxi207 devstack@n-api.service[3816432]: PEP 405 virtualenv detected: /opt/stack/data/venv
Oct 18 12:12:18.248435 podb-esxi207 devstack@n-api.service[3816432]: Set PythonHome to /opt/stack/data/venv
Oct 18 12:12:18.289151 podb-esxi207 devstack@n-api.service[3816432]: Python main interpreter initialized at 0x5584b8400390
Oct 18 12:12:18.289151 podb-esxi207 devstack@n-api.service[3816432]: python threads support enabled
Oct 18 12:12:18.289151 podb-esxi207 devstack@n-api.service[3816432]: your server socket listen backlog is limited to 100 connections
Oct 18 12:12:18.289151 podb-esxi207 devstack@n-api.service[3816432]: your mercy for graceful operations on workers is 80 seconds
Oct 18 12:12:18.289655 podb-esxi207 devstack@n-api.service[3816432]: mapped 671795 bytes (656 KB) for 4 cores
Oct 18 12:12:18.289655 podb-esxi207 devstack@n-api.service[3816432]: *** Operational MODE: preforking ***
Oct 18 12:12:18.289822 podb-esxi207 devstack@n-api.service[3816432]: *** uWSGI is running in multiple interpreter mode ***
Oct 18 12:12:18.289822 podb-esxi207 devstack@n-api.service[3816432]: spawned uWSGI master process (pid: 3816432)
Oct 18 12:12:18.290055 podb-esxi207 systemd[1]: Started Devstack devstack@n-api.service.
Oct 18 12:12:18.290560 podb-esxi207 devstack@n-api.service[3816432]: spawned uWSGI worker 1 (pid: 3816433, cores: 1)
Oct 18 12:12:18.290560 podb-esxi207 devstack@n-api.service[3816432]: spawned uWSGI worker 2 (pid: 3816434, cores: 1)
Oct 18 12:12:18.290789 podb-esxi207 devstack@n-api.service[3816432]: spawned uWSGI worker 3 (pid: 3816435, cores: 1)
Oct 18 12:12:18.291188 podb-esxi207 devstack@n-api.service[3816432]: spawned uWSGI worker 4 (pid: 3816436, cores: 1)
Oct 18 12:12:18.291188 podb-esxi207 devstack@n-api.service[3816432]: running "unix_signal:15 gracefully_kill_them_all" (master-start)...
Oct 18 12:12:21.343897 podb-esxi207 devstack@n-api.service[3816433]: WSGI app 0 (mountpoint='') ready in 3 seconds on interpreter 0x5584b8400390 pid: 3816433 (default app)
Oct 18 12:12:21.344971 podb-esxi207 devstack@n-api.service[3816434]: WSGI app 0 (mountpoint='') ready in 3 seconds on interpreter 0x5584b8400390 pid: 3816434 (default app)
Oct 18 12:12:21.347505 podb-esxi207 devstack@n-api.service[3816433]: [pid: 3816433|app: 0|req: 1/1] 172.25.66.207 () {50 vars in 792 bytes} [Sat Oct 18 12:12:21 2025] GET /compute/v2.1/ => generated 391 bytes in 3 msecs (HTTP/1.1 200) 9 headers in 357 bytes (1 switches on core 0)
Oct 18 12:12:21.447091 podb-esxi207 devstack@n-api.service[3816436]: WSGI app 0 (mountpoint='') ready in 3 seconds on interpreter 0x5584b8400390 pid: 3816436 (default app)
Oct 18 12:12:21.448900 podb-esxi207 devstack@n-api.service[3816435]: WSGI app 0 (mountpoint='') ready in 3 seconds on interpreter 0x5584b8400390 pid: 3816435 (default app)
Oct 18 12:13:34.203371 podb-esxi207 devstack@n-api.service[3816434]: [pid: 3816434|app: 0|req: 1/2] 172.25.66.207 () {54 vars in 935 bytes} [Sat Oct 18 12:13:34 2025] GET /compute/v2.1 => generated 391 bytes in 15 msecs (HTTP/1.1 200) 9 headers in 357 bytes (1 switches on core 0)
Oct 18 12:13:35.004781 podb-esxi207 devstack@n-api.service[3816433]: [pid: 3816433|app: 0|req: 2/3] 172.25.66.207 () {60 vars in 1296 bytes} [Sat Oct 18 12:13:34 2025] GET /compute/v2.1/flavors/detail?is_public=True => generated 15 bytes in 797 msecs (HTTP/1.1 200) 9 headers in 358 bytes (1 switches on core 0)
Oct 18 12:13:36.483382 podb-esxi207 devstack@n-api.service[3816436]: [pid: 3816436|app: 0|req: 1/4] 172.25.66.207 () {54 vars in 935 bytes} [Sat Oct 18 12:13:36 2025] GET /compute/v2.1 => generated 391 bytes in 15 msecs (HTTP/1.1 200) 9 headers in 357 bytes (1 switches on core 0)
Oct 18 12:13:37.186992 podb-esxi207 devstack@n-api.service[3816435]: [pid: 3816435|app: 0|req: 1/5] 172.25.66.207 () {64 vars in 1287 bytes} [Sat Oct 18 12:13:36 2025] POST /compute/v2.1/flavors => generated 411 bytes in 699 msecs (HTTP/1.1 200) 9 headers in 359 bytes (1 switches on core 0)
Oct 18 12:13:37.415881 podb-esxi207 devstack@n-api.service[3816434]: [pid: 3816434|app: 0|req: 2/6] 172.25.66.207 () {64 vars in 1340 bytes} [Sat Oct 18 12:13:37 2025] POST /compute/v2.1/flavors/c1/os-extra_specs => generated 43 bytes in 221 msecs (HTTP/1.1 200) 9 headers in 358 bytes (1 switches on core 0)
Oct 18 12:13:38.968983 podb-esxi207 devstack@n-api.service[3816433]: [pid: 3816433|app: 0|req: 3/7] 172.25.66.207 () {54 vars in 935 bytes} [Sat Oct 18 12:13:38 2025] GET /compute/v2.1 => generated 391 bytes in 14 msecs (HTTP/1.1 200) 9 headers in 357 bytes (1 switches on core 0)
Oct 18 12:13:39.685980 podb-esxi207 devstack@n-api.service[3816436]: [pid: 3816436|app: 0|req: 2/8] 172.25.66.207 () {64 vars in 1287 bytes} [Sat Oct 18 12:13:38 2025] POST /compute/v2.1/flavors => generated 408 bytes in 713 msecs (HTTP/1.1 200) 9 headers in 359 bytes (1 switches on core 0)
Oct 18 12:13:39.758779 podb-esxi207 devstack@n-api.service[3816435]: [pid: 3816435|app: 0|req: 2/9] 172.25.66.207 () {64 vars in 1340 bytes} [Sat Oct 18 12:13:39 2025] POST /compute/v2.1/flavors/d1/os-extra_specs => generated 43 bytes in 60 msecs (HTTP/1.1 200) 9 headers in 358 bytes (1 switches on core 0)
Oct 18 12:13:41.285809 podb-esxi207 devstack@n-api.service[3816434]: [pid: 3816434|app: 0|req: 3/10] 172.25.66.207 () {54 vars in 935 bytes} [Sat Oct 18 12:13:41 2025] GET /compute/v2.1 => generated 391 bytes in 14 msecs (HTTP/1.1 200) 9 headers in 357 bytes (1 switches on core 0)
Oct 18 12:13:41.592179 podb-esxi207 devstack@n-api.service[3816433]: [pid: 3816433|app: 0|req: 4/11] 172.25.66.207 () {64 vars in 1287 bytes} [Sat Oct 18 12:13:41 2025] POST /compute/v2.1/flavors => generated 408 bytes in 298 msecs (HTTP/1.1 200) 9 headers in 359 bytes (1 switches on core 0)
Oct 18 12:13:41.651930 podb-esxi207 devstack@n-api.service[3816436]: [pid: 3816436|app: 0|req: 3/12] 172.25.66.207 () {64 vars in 1340 bytes} [Sat Oct 18 12:13:41 2025] POST /compute/v2.1/flavors/d2/os-extra_specs => generated 43 bytes in 47 msecs (HTTP/1.1 200) 9 headers in 358 bytes (1 switches on core 0)
Oct 18 12:13:43.150723 podb-esxi207 devstack@n-api.service[3816435]: [pid: 3816435|app: 0|req: 3/13] 172.25.66.207 () {54 vars in 935 bytes} [Sat Oct 18 12:13:43 2025] GET /compute/v2.1 => generated 391 bytes in 12 msecs (HTTP/1.1 200) 9 headers in 357 bytes (1 switches on core 0)
Oct 18 12:13:43.909326 podb-esxi207 devstack@n-api.service[3816434]: [pid: 3816434|app: 0|req: 4/14] 172.25.66.207 () {64 vars in 1287 bytes} [Sat Oct 18 12:13:43 2025] POST /compute/v2.1/flavors => generated 408 bytes in 754 msecs (HTTP/1.1 200) 9 headers in 359 bytes (1 switches on core 0)
Oct 18 12:13:43.968200 podb-esxi207 devstack@n-api.service[3816433]: [pid: 3816433|app: 0|req: 5/15] 172.25.66.207 () {64 vars in 1340 bytes} [Sat Oct 18 12:13:43 2025] POST /compute/v2.1/flavors/d3/os-extra_specs => generated 43 bytes in 50 msecs (HTTP/1.1 200) 9 headers in 358 bytes (1 switches on core 0)
Oct 18 12:13:45.507142 podb-esxi207 devstack@n-api.service[3816436]: [pid: 3816436|app: 0|req: 4/16] 172.25.66.207 () {54 vars in 935 bytes} [Sat Oct 18 12:13:45 2025] GET /compute/v2.1 => generated 391 bytes in 13 msecs (HTTP/1.1 200) 9 headers in 357 bytes (1 switches on core 0)
Oct 18 12:13:45.921302 podb-esxi207 devstack@n-api.service[3816435]: [pid: 3816435|app: 0|req: 4/17] 172.25.66.207 () {64 vars in 1287 bytes} [Sat Oct 18 12:13:45 2025] POST /compute/v2.1/flavors => generated 408 bytes in 410 msecs (HTTP/1.1 200) 9 headers in 359 bytes (1 switches on core 0)
Oct 18 12:13:45.979128 podb-esxi207 devstack@n-api.service[3816434]: [pid: 3816434|app: 0|req: 5/18] 172.25.66.207 () {64 vars in 1340 bytes} [Sat Oct 18 12:13:45 2025] POST /compute/v2.1/flavors/d4/os-extra_specs => generated 43 bytes in 49 msecs (HTTP/1.1 200) 9 headers in 358 bytes (1 switches on core 0)
Oct 18 12:13:47.469264 podb-esxi207 devstack@n-api.service[3816433]: [pid: 3816433|app: 0|req: 6/19] 172.25.66.207 () {54 vars in 935 bytes} [Sat Oct 18 12:13:47 2025] GET /compute/v2.1 => generated 391 bytes in 12 msecs (HTTP/1.1 200) 9 headers in 357 bytes (1 switches on core 0)
Oct 18 12:13:47.893459 podb-esxi207 devstack@n-api.service[3816436]: [pid: 3816436|app: 0|req: 5/20] 172.25.66.207 () {60 vars in 1296 bytes} [Sat Oct 18 12:13:47 2025] GET /compute/v2.1/flavors/detail?is_public=True => generated 2126 bytes in 420 msecs (HTTP/1.1 200) 9 headers in 360 bytes (1 switches on core 0)
Oct 18 12:13:49.350439 podb-esxi207 devstack@n-api.service[3816435]: [pid: 3816435|app: 0|req: 5/21] 172.25.66.207 () {54 vars in 935 bytes} [Sat Oct 18 12:13:49 2025] GET /compute/v2.1 => generated 391 bytes in 11 msecs (HTTP/1.1 200) 9 headers in 357 bytes (1 switches on core 0)
Oct 18 12:13:49.831070 podb-esxi207 devstack@n-api.service[3816434]: [pid: 3816434|app: 0|req: 6/22] 172.25.66.207 () {64 vars in 1287 bytes} [Sat Oct 18 12:13:49 2025] POST /compute/v2.1/flavors => generated 406 bytes in 476 msecs (HTTP/1.1 200) 9 headers in 359 bytes (1 switches on core 0)
Oct 18 12:13:49.886840 podb-esxi207 devstack@n-api.service[3816433]: [pid: 3816433|app: 0|req: 7/23] 172.25.66.207 () {64 vars in 1337 bytes} [Sat Oct 18 12:13:49 2025] POST /compute/v2.1/flavors/1/os-extra_specs => generated 43 bytes in 44 msecs (HTTP/1.1 200) 9 headers in 358 bytes (1 switches on core 0)
Oct 18 12:13:51.400138 podb-esxi207 devstack@n-api.service[3816436]: [pid: 3816436|app: 0|req: 6/24] 172.25.66.207 () {54 vars in 935 bytes} [Sat Oct 18 12:13:51 2025] GET /compute/v2.1 => generated 391 bytes in 12 msecs (HTTP/1.1 200) 9 headers in 357 bytes (1 switches on core 0)
Oct 18 12:13:51.757495 podb-esxi207 devstack@n-api.service[3816435]: [pid: 3816435|app: 0|req: 6/25] 172.25.66.207 () {64 vars in 1287 bytes} [Sat Oct 18 12:13:51 2025] POST /compute/v2.1/flavors => generated 409 bytes in 353 msecs (HTTP/1.1 200) 9 headers in 359 bytes (1 switches on core 0)
Oct 18 12:13:51.805265 podb-esxi207 devstack@n-api.service[3816434]: [pid: 3816434|app: 0|req: 7/26] 172.25.66.207 () {64 vars in 1337 bytes} [Sat Oct 18 12:13:51 2025] POST /compute/v2.1/flavors/2/os-extra_specs => generated 43 bytes in 35 msecs (HTTP/1.1 200) 9 headers in 358 bytes (1 switches on core 0)
Oct 18 12:13:53.297693 podb-esxi207 devstack@n-api.service[3816433]: [pid: 3816433|app: 0|req: 8/27] 172.25.66.207 () {54 vars in 935 bytes} [Sat Oct 18 12:13:53 2025] GET /compute/v2.1 => generated 391 bytes in 12 msecs (HTTP/1.1 200) 9 headers in 357 bytes (1 switches on core 0)
Oct 18 12:13:53.827203 podb-esxi207 devstack@n-api.service[3816436]: [pid: 3816436|app: 0|req: 7/28] 172.25.66.207 () {64 vars in 1287 bytes} [Sat Oct 18 12:13:53 2025] POST /compute/v2.1/flavors => generated 410 bytes in 526 msecs (HTTP/1.1 200) 9 headers in 359 bytes (1 switches on core 0)
Oct 18 12:13:53.877489 podb-esxi207 devstack@n-api.service[3816435]: [pid: 3816435|app: 0|req: 7/29] 172.25.66.207 () {64 vars in 1337 bytes} [Sat Oct 18 12:13:53 2025] POST /compute/v2.1/flavors/3/os-extra_specs => generated 43 bytes in 39 msecs (HTTP/1.1 200) 9 headers in 358 bytes (1 switches on core 0)
Oct 18 12:13:55.401813 podb-esxi207 devstack@n-api.service[3816434]: [pid: 3816434|app: 0|req: 8/30] 172.25.66.207 () {54 vars in 935 bytes} [Sat Oct 18 12:13:55 2025] GET /compute/v2.1 => generated 391 bytes in 12 msecs (HTTP/1.1 200) 9 headers in 357 bytes (1 switches on core 0)
Oct 18 12:13:55.871811 podb-esxi207 devstack@n-api.service[3816433]: [pid: 3816433|app: 0|req: 9/31] 172.25.66.207 () {64 vars in 1287 bytes} [Sat Oct 18 12:13:55 2025] POST /compute/v2.1/flavors => generated 409 bytes in 461 msecs (HTTP/1.1 200) 9 headers in 359 bytes (1 switches on core 0)
Oct 18 12:13:55.923903 podb-esxi207 devstack@n-api.service[3816436]: [pid: 3816436|app: 0|req: 8/32] 172.25.66.207 () {64 vars in 1337 bytes} [Sat Oct 18 12:13:55 2025] POST /compute/v2.1/flavors/4/os-extra_specs => generated 43 bytes in 39 msecs (HTTP/1.1 200) 9 headers in 358 bytes (1 switches on core 0)
Oct 18 12:13:57.435875 podb-esxi207 devstack@n-api.service[3816435]: [pid: 3816435|app: 0|req: 8/33] 172.25.66.207 () {54 vars in 935 bytes} [Sat Oct 18 12:13:57 2025] GET /compute/v2.1 => generated 391 bytes in 11 msecs (HTTP/1.1 200) 9 headers in 357 bytes (1 switches on core 0)
Oct 18 12:13:57.790135 podb-esxi207 devstack@n-api.service[3816434]: [pid: 3816434|app: 0|req: 9/34] 172.25.66.207 () {64 vars in 1287 bytes} [Sat Oct 18 12:13:57 2025] POST /compute/v2.1/flavors => generated 412 bytes in 350 msecs (HTTP/1.1 200) 9 headers in 359 bytes (1 switches on core 0)
Oct 18 12:13:57.846150 podb-esxi207 devstack@n-api.service[3816433]: [pid: 3816433|app: 0|req: 10/35] 172.25.66.207 () {64 vars in 1337 bytes} [Sat Oct 18 12:13:57 2025] POST /compute/v2.1/flavors/5/os-extra_specs => generated 43 bytes in 44 msecs (HTTP/1.1 200) 9 headers in 358 bytes (1 switches on core 0)
Oct 18 12:14:09.093859 podb-esxi207 devstack@n-api.service[3816436]: [pid: 3816436|app: 0|req: 9/36] 172.25.66.207 () {54 vars in 935 bytes} [Sat Oct 18 12:14:09 2025] GET /compute/v2.1 => generated 391 bytes in 12 msecs (HTTP/1.1 200) 9 headers in 357 bytes (1 switches on core 0)
Oct 18 12:14:09.447227 podb-esxi207 devstack@n-api.service[3816435]: [pid: 3816435|app: 0|req: 9/37] 172.25.66.207 () {60 vars in 1333 bytes} [Sat Oct 18 12:14:09 2025] GET /compute/v2.1/os-services?binary=nova-compute&host=podb-esxi207 => generated 255 bytes in 345 msecs (HTTP/1.1 200) 9 headers in 359 bytes (1 switches on core 0)
Oct 18 12:14:36.827799 podb-esxi207 devstack@n-api.service[3816434]: [pid: 3816434|app: 0|req: 10/38] 172.25.66.207 () {54 vars in 935 bytes} [Sat Oct 18 12:14:36 2025] GET /compute/v2.1 => generated 391 bytes in 11 msecs (HTTP/1.1 200) 9 headers in 357 bytes (1 switches on core 0)
Oct 18 12:14:37.321737 podb-esxi207 devstack@n-api.service[3816433]: [pid: 3816433|app: 0|req: 11/39] 172.25.66.207 () {60 vars in 1296 bytes} [Sat Oct 18 12:14:36 2025] GET /compute/v2.1/flavors/detail?is_public=True => generated 4242 bytes in 490 msecs (HTTP/1.1 200) 9 headers in 360 bytes (1 switches on core 0)
Oct 18 12:14:41.042568 podb-esxi207 devstack@n-api.service[3816436]: [pid: 3816436|app: 0|req: 10/40] 172.25.66.207 () {54 vars in 935 bytes} [Sat Oct 18 12:14:41 2025] GET /compute/v2.1 => generated 391 bytes in 13 msecs (HTTP/1.1 200) 9 headers in 357 bytes (1 switches on core 0)
Oct 18 12:14:41.458129 podb-esxi207 devstack@n-api.service[3816435]: [pid: 3816435|app: 0|req: 10/41] 172.25.66.207 () {64 vars in 1287 bytes} [Sat Oct 18 12:14:41 2025] POST /compute/v2.1/flavors => generated 409 bytes in 411 msecs (HTTP/1.1 200) 9 headers in 359 bytes (1 switches on core 0)
Oct 18 12:14:41.513720 podb-esxi207 devstack@n-api.service[3816434]: [pid: 3816434|app: 0|req: 11/42] 172.25.66.207 () {64 vars in 1340 bytes} [Sat Oct 18 12:14:41 2025] POST /compute/v2.1/flavors/42/os-extra_specs => generated 43 bytes in 43 msecs (HTTP/1.1 200) 9 headers in 358 bytes (1 switches on core 0)
Oct 18 12:14:45.035139 podb-esxi207 devstack@n-api.service[3816433]: [pid: 3816433|app: 0|req: 12/43] 172.25.66.207 () {54 vars in 935 bytes} [Sat Oct 18 12:14:45 2025] GET /compute/v2.1 => generated 391 bytes in 12 msecs (HTTP/1.1 200) 9 headers in 357 bytes (1 switches on core 0)
Oct 18 12:14:45.502292 podb-esxi207 devstack@n-api.service[3816436]: [pid: 3816436|app: 0|req: 11/44] 172.25.66.207 () {64 vars in 1287 bytes} [Sat Oct 18 12:14:45 2025] POST /compute/v2.1/flavors => generated 410 bytes in 459 msecs (HTTP/1.1 200) 9 headers in 359 bytes (1 switches on core 0)
Oct 18 12:14:45.560329 podb-esxi207 devstack@n-api.service[3816435]: [pid: 3816435|app: 0|req: 11/45] 172.25.66.207 () {64 vars in 1340 bytes} [Sat Oct 18 12:14:45 2025] POST /compute/v2.1/flavors/84/os-extra_specs => generated 43 bytes in 46 msecs (HTTP/1.1 200) 9 headers in 358 bytes (1 switches on core 0)
Oct 18 12:21:07.524205 podb-esxi207 devstack@n-api.service[3816434]: [pid: 3816434|app: 0|req: 12/46] 172.25.66.207 () {54 vars in 935 bytes} [Sat Oct 18 12:21:07 2025] GET /compute/v2.1 => generated 391 bytes in 12 msecs (HTTP/1.1 200) 9 headers in 357 bytes (1 switches on core 0)
Oct 18 12:21:07.724423 podb-esxi207 devstack@n-api.service[3816433]: [pid: 3816433|app: 0|req: 13/47] 172.25.66.207 () {60 vars in 1294 bytes} [Sat Oct 18 12:21:07 2025] GET /compute/v2.1/servers/detail?deleted=False => generated 15 bytes in 195 msecs (HTTP/1.1 200) 9 headers in 358 bytes (1 switches on core 0)
Oct 18 12:21:49.453204 podb-esxi207 devstack@n-api.service[3816436]: [pid: 3816436|app: 0|req: 12/48] 172.25.66.207 () {60 vars in 1163 bytes} [Sat Oct 18 12:21:49 2025] POST /compute/v2.1/os-keypairs => generated 385 bytes in 272 msecs (HTTP/1.1 200) 9 headers in 357 bytes (1 switches on core 0)
Oct 18 12:21:51.838424 podb-esxi207 devstack@n-api.service[3816435]: [pid: 3816435|app: 0|req: 12/49] 172.25.66.207 () {60 vars in 1151 bytes} [Sat Oct 18 12:21:50 2025] POST /compute/v2.1/servers => generated 410 bytes in 1089 msecs (HTTP/1.1 202) 10 headers in 453 bytes (1 switches on core 0)
Oct 18 12:21:51.912435 podb-esxi207 devstack@n-api.service[3816434]: [pid: 3816434|app: 0|req: 13/50] 172.25.66.207 () {60 vars in 1163 bytes} [Sat Oct 18 12:21:51 2025] POST /compute/v2.1/os-keypairs => generated 386 bytes in 241 msecs (HTTP/1.1 200) 9 headers in 357 bytes (1 switches on core 0)
Oct 18 12:21:52.107467 podb-esxi207 devstack@n-api.service[3816433]: [pid: 3816433|app: 0|req: 14/51] 172.25.66.207 () {58 vars in 1240 bytes} [Sat Oct 18 12:21:51 2025] GET /compute/v2.1/servers/c33fc664-fd2d-4e4b-a9ff-5ee54cd479a5 => generated 1251 bytes in 259 msecs (HTTP/1.1 200) 9 headers in 358 bytes (1 switches on core 0)
Oct 18 12:21:53.510982 podb-esxi207 devstack@n-api.service[3816435]: [pid: 3816435|app: 0|req: 13/52] 172.25.66.207 () {58 vars in 1240 bytes} [Sat Oct 18 12:21:53 2025] GET /compute/v2.1/servers/c33fc664-fd2d-4e4b-a9ff-5ee54cd479a5 => generated 1255 bytes in 377 msecs (HTTP/1.1 200) 9 headers in 358 bytes (1 switches on core 0)
Oct 18 12:21:54.015095 podb-esxi207 devstack@n-api.service[3816436]: [pid: 3816436|app: 0|req: 13/53] 172.25.66.207 () {60 vars in 1151 bytes} [Sat Oct 18 12:21:53 2025] POST /compute/v2.1/servers => generated 409 bytes in 952 msecs (HTTP/1.1 202) 10 headers in 453 bytes (1 switches on core 0)
Oct 18 12:21:54.296918 podb-esxi207 devstack@n-api.service[3816434]: [pid: 3816434|app: 0|req: 14/54] 172.25.66.207 () {58 vars in 1240 bytes} [Sat Oct 18 12:21:54 2025] GET /compute/v2.1/servers/0e3ff54f-9bbe-40b8-a783-f5389e8828a0 => generated 1251 bytes in 272 msecs (HTTP/1.1 200) 9 headers in 358 bytes (1 switches on core 0)
Oct 18 12:21:54.866623 podb-esxi207 devstack@n-api.service[3816433]: [pid: 3816433|app: 0|req: 15/55] 172.25.66.207 () {58 vars in 1240 bytes} [Sat Oct 18 12:21:54 2025] GET /compute/v2.1/servers/c33fc664-fd2d-4e4b-a9ff-5ee54cd479a5 => generated 1303 bytes in 330 msecs (HTTP/1.1 200) 9 headers in 358 bytes (1 switches on core 0)
Oct 18 12:21:55.435585 podb-esxi207 devstack@n-api.service[3816435]: [pid: 3816435|app: 0|req: 14/56] 172.25.66.207 () {58 vars in 1240 bytes} [Sat Oct 18 12:21:55 2025] GET /compute/v2.1/servers/0e3ff54f-9bbe-40b8-a783-f5389e8828a0 => generated 1255 bytes in 120 msecs (HTTP/1.1 200) 9 headers in 358 bytes (1 switches on core 0)
Oct 18 12:21:56.201769 podb-esxi207 devstack@n-api.service[3816436]: [pid: 3816436|app: 0|req: 14/57] 172.25.66.207 () {58 vars in 1240 bytes} [Sat Oct 18 12:21:55 2025] GET /compute/v2.1/servers/c33fc664-fd2d-4e4b-a9ff-5ee54cd479a5 => generated 1303 bytes in 308 msecs (HTTP/1.1 200) 9 headers in 358 bytes (1 switches on core 0)
Oct 18 12:21:56.801910 podb-esxi207 devstack@n-api.service[3816434]: [pid: 3816434|app: 0|req: 15/58] 172.25.66.207 () {58 vars in 1240 bytes} [Sat Oct 18 12:21:56 2025] GET /compute/v2.1/servers/0e3ff54f-9bbe-40b8-a783-f5389e8828a0 => generated 1247 bytes in 340 msecs (HTTP/1.1 200) 9 headers in 358 bytes (1 switches on core 0)
Oct 18 12:21:57.370844 podb-esxi207 devstack@n-api.service[3816433]: [pid: 3816433|app: 0|req: 16/59] 172.25.66.207 () {58 vars in 1240 bytes} [Sat Oct 18 12:21:57 2025] GET /compute/v2.1/servers/c33fc664-fd2d-4e4b-a9ff-5ee54cd479a5 => generated 1311 bytes in 143 msecs (HTTP/1.1 200) 9 headers in 358 bytes (1 switches on core 0)
Oct 18 12:21:57.957175 podb-esxi207 devstack@n-api.service[3816435]: [pid: 3816435|app: 0|req: 15/60] 172.25.66.207 () {58 vars in 1240 bytes} [Sat Oct 18 12:21:57 2025] GET /compute/v2.1/servers/0e3ff54f-9bbe-40b8-a783-f5389e8828a0 => generated 1303 bytes in 130 msecs (HTTP/1.1 200) 9 headers in 358 bytes (1 switches on core 0)
Oct 18 12:21:58.563477 podb-esxi207 devstack@n-api.service[3816436]: [pid: 3816436|app: 0|req: 15/61] 172.25.66.207 () {58 vars in 1240 bytes} [Sat Oct 18 12:21:58 2025] GET /compute/v2.1/servers/c33fc664-fd2d-4e4b-a9ff-5ee54cd479a5 => generated 1389 bytes in 174 msecs (HTTP/1.1 200) 9 headers in 358 bytes (1 switches on core 0)
Oct 18 12:21:59.037942 podb-esxi207 devstack@n-api.service[3816434]: [pid: 3816434|app: 0|req: 16/62] 172.25.66.207 () {64 vars in 1321 bytes} [Sat Oct 18 12:21:58 2025] POST /compute/v2.1/os-server-external-events => generated 179 bytes in 144 msecs (HTTP/1.1 200) 9 headers in 357 bytes (1 switches on core 0)
Oct 18 12:21:59.069093 podb-esxi207 devstack@n-api.service[3816433]: [pid: 3816433|app: 0|req: 17/63] 172.25.66.207 () {58 vars in 1240 bytes} [Sat Oct 18 12:21:58 2025] GET /compute/v2.1/servers/0e3ff54f-9bbe-40b8-a783-f5389e8828a0 => generated 1311 bytes in 86 msecs (HTTP/1.1 200) 9 headers in 358 bytes (1 switches on core 0)
Oct 18 12:21:59.847448 podb-esxi207 devstack@n-api.service[3816435]: [pid: 3816435|app: 0|req: 16/64] 172.25.66.207 () {58 vars in 1240 bytes} [Sat Oct 18 12:21:59 2025] GET /compute/v2.1/servers/c33fc664-fd2d-4e4b-a9ff-5ee54cd479a5 => generated 1377 bytes in 258 msecs (HTTP/1.1 200) 9 headers in 358 bytes (1 switches on core 0)
Oct 18 12:22:00.259284 podb-esxi207 devstack@n-api.service[3816436]: [pid: 3816436|app: 0|req: 16/65] 172.25.66.207 () {58 vars in 1240 bytes} [Sat Oct 18 12:22:00 2025] GET /compute/v2.1/servers/0e3ff54f-9bbe-40b8-a783-f5389e8828a0 => generated 1378 bytes in 164 msecs (HTTP/1.1 200) 9 headers in 358 bytes (1 switches on core 0)
Oct 18 12:22:00.633918 podb-esxi207 devstack@n-api.service[3816434]: [pid: 3816434|app: 0|req: 17/66] 172.25.66.207 () {60 vars in 1163 bytes} [Sat Oct 18 12:22:00 2025] POST /compute/v2.1/os-keypairs => generated 385 bytes in 117 msecs (HTTP/1.1 200) 9 headers in 357 bytes (1 switches on core 0)
Oct 18 12:22:01.033370 podb-esxi207 devstack@n-api.service[3816433]: [pid: 3816433|app: 0|req: 18/67] 172.25.66.207 () {58 vars in 1240 bytes} [Sat Oct 18 12:22:00 2025] GET /compute/v2.1/servers/c33fc664-fd2d-4e4b-a9ff-5ee54cd479a5 => generated 1377 bytes in 156 msecs (HTTP/1.1 200) 9 headers in 358 bytes (1 switches on core 0)
Oct 18 12:22:01.121540 podb-esxi207 devstack@n-api.service[3816435]: [pid: 3816435|app: 0|req: 17/68] 172.25.66.207 () {64 vars in 1321 bytes} [Sat Oct 18 12:22:01 2025] POST /compute/v2.1/os-server-external-events => generated 179 bytes in 75 msecs (HTTP/1.1 200) 9 headers in 357 bytes (1 switches on core 0)
Oct 18 12:22:01.443006 podb-esxi207 devstack@n-api.service[3816436]: [pid: 3816436|app: 0|req: 17/69] 172.25.66.207 () {58 vars in 1240 bytes} [Sat Oct 18 12:22:01 2025] GET /compute/v2.1/servers/0e3ff54f-9bbe-40b8-a783-f5389e8828a0 => generated 1388 bytes in 163 msecs (HTTP/1.1 200) 9 headers in 358 bytes (1 switches on core 0)
Oct 18 12:22:02.270191 podb-esxi207 devstack@n-api.service[3816433]: [pid: 3816433|app: 0|req: 19/70] 172.25.66.207 () {58 vars in 1240 bytes} [Sat Oct 18 12:22:02 2025] GET /compute/v2.1/servers/c33fc664-fd2d-4e4b-a9ff-5ee54cd479a5 => generated 1377 bytes in 210 msecs (HTTP/1.1 200) 9 headers in 358 bytes (1 switches on core 0)
Oct 18 12:22:02.398311 podb-esxi207 devstack@n-api.service[3816434]: [pid: 3816434|app: 0|req: 18/71] 172.25.66.207 () {60 vars in 1151 bytes} [Sat Oct 18 12:22:01 2025] POST /compute/v2.1/servers => generated 413 bytes in 728 msecs (HTTP/1.1 202) 10 headers in 453 bytes (1 switches on core 0)
Oct 18 12:22:02.512096 podb-esxi207 devstack@n-api.service[3816435]: [pid: 3816435|app: 0|req: 18/72] 172.25.66.207 () {58 vars in 1240 bytes} [Sat Oct 18 12:22:02 2025] GET /compute/v2.1/servers/3c763d88-d27f-4992-9d50-ea8a0e1d58b5 => generated 1246 bytes in 104 msecs (HTTP/1.1 200) 9 headers in 358 bytes (1 switches on core 0)
Oct 18 12:22:02.614111 podb-esxi207 devstack@n-api.service[3816436]: [pid: 3816436|app: 0|req: 18/73] 172.25.66.207 () {58 vars in 1240 bytes} [Sat Oct 18 12:22:02 2025] GET /compute/v2.1/servers/0e3ff54f-9bbe-40b8-a783-f5389e8828a0 => generated 1376 bytes in 149 msecs (HTTP/1.1 200) 9 headers in 358 bytes (1 switches on core 0)
Oct 18 12:22:03.556887 podb-esxi207 devstack@n-api.service[3816433]: [pid: 3816433|app: 0|req: 20/74] 172.25.66.207 () {58 vars in 1240 bytes} [Sat Oct 18 12:22:03 2025] GET /compute/v2.1/servers/c33fc664-fd2d-4e4b-a9ff-5ee54cd479a5 => generated 1377 bytes in 260 msecs (HTTP/1.1 200) 9 headers in 358 bytes (1 switches on core 0)
Oct 18 12:22:03.637606 podb-esxi207 devstack@n-api.service[3816434]: [pid: 3816434|app: 0|req: 19/75] 172.25.66.207 () {58 vars in 1240 bytes} [Sat Oct 18 12:22:03 2025] GET /compute/v2.1/servers/3c763d88-d27f-4992-9d50-ea8a0e1d58b5 => generated 1250 bytes in 95 msecs (HTTP/1.1 200) 9 headers in 358 bytes (1 switches on core 0)
Oct 18 12:22:03.848584 podb-esxi207 devstack@n-api.service[3816435]: [pid: 3816435|app: 0|req: 19/76] 172.25.66.207 () {58 vars in 1240 bytes} [Sat Oct 18 12:22:03 2025] GET /compute/v2.1/servers/0e3ff54f-9bbe-40b8-a783-f5389e8828a0 => generated 1376 bytes in 214 msecs (HTTP/1.1 200) 9 headers in 358 bytes (1 switches on core 0)
Oct 18 12:22:04.743969 podb-esxi207 devstack@n-api.service[3816436]: [pid: 3816436|app: 0|req: 19/77] 172.25.66.207 () {58 vars in 1240 bytes} [Sat Oct 18 12:22:04 2025] GET /compute/v2.1/servers/c33fc664-fd2d-4e4b-a9ff-5ee54cd479a5 => generated 1377 bytes in 159 msecs (HTTP/1.1 200) 9 headers in 358 bytes (1 switches on core 0)
Oct 18 12:22:04.758529 podb-esxi207 devstack@n-api.service[3816433]: [pid: 3816433|app: 0|req: 21/78] 172.25.66.207 () {58 vars in 1240 bytes} [Sat Oct 18 12:22:04 2025] GET /compute/v2.1/servers/3c763d88-d27f-4992-9d50-ea8a0e1d58b5 => generated 1298 bytes in 94 msecs (HTTP/1.1 200) 9 headers in 358 bytes (1 switches on core 0)
Oct 18 12:22:05.083766 podb-esxi207 devstack@n-api.service[3816434]: [pid: 3816434|app: 0|req: 20/79] 172.25.66.207 () {58 vars in 1240 bytes} [Sat Oct 18 12:22:04 2025] GET /compute/v2.1/servers/0e3ff54f-9bbe-40b8-a783-f5389e8828a0 => generated 1376 bytes in 203 msecs (HTTP/1.1 200) 9 headers in 358 bytes (1 switches on core 0)
Oct 18 12:22:05.872015 podb-esxi207 devstack@n-api.service[3816436]: [pid: 3816436|app: 0|req: 20/80] 172.25.66.207 () {58 vars in 1240 bytes} [Sat Oct 18 12:22:05 2025] GET /compute/v2.1/servers/3c763d88-d27f-4992-9d50-ea8a0e1d58b5 => generated 1298 bytes in 93 msecs (HTTP/1.1 200) 9 headers in 358 bytes (1 switches on core 0)
Oct 18 12:22:05.953789 podb-esxi207 devstack@n-api.service[3816435]: [pid: 3816435|app: 0|req: 20/81] 172.25.66.207 () {58 vars in 1240 bytes} [Sat Oct 18 12:22:05 2025] GET /compute/v2.1/servers/c33fc664-fd2d-4e4b-a9ff-5ee54cd479a5 => generated 1377 bytes in 184 msecs (HTTP/1.1 200) 9 headers in 358 bytes (1 switches on core 0)
Oct 18 12:22:06.298207 podb-esxi207 devstack@n-api.service[3816433]: [pid: 3816433|app: 0|req: 22/82] 172.25.66.207 () {58 vars in 1240 bytes} [Sat Oct 18 12:22:06 2025] GET /compute/v2.1/servers/0e3ff54f-9bbe-40b8-a783-f5389e8828a0 => generated 1376 bytes in 195 msecs (HTTP/1.1 200) 9 headers in 358 bytes (1 switches on core 0)
Oct 18 12:22:06.988669 podb-esxi207 devstack@n-api.service[3816434]: [pid: 3816434|app: 0|req: 21/83] 172.25.66.207 () {58 vars in 1240 bytes} [Sat Oct 18 12:22:06 2025] GET /compute/v2.1/servers/3c763d88-d27f-4992-9d50-ea8a0e1d58b5 => generated 1306 bytes in 90 msecs (HTTP/1.1 200) 9 headers in 358 bytes (1 switches on core 0)
Oct 18 12:22:07.161717 podb-esxi207 devstack@n-api.service[3816436]: [pid: 3816436|app: 0|req: 21/84] 172.25.66.207 () {58 vars in 1240 bytes} [Sat Oct 18 12:22:06 2025] GET /compute/v2.1/servers/c33fc664-fd2d-4e4b-a9ff-5ee54cd479a5 => generated 1377 bytes in 182 msecs (HTTP/1.1 200) 9 headers in 358 bytes (1 switches on core 0)
Oct 18 12:22:07.500509 podb-esxi207 devstack@n-api.service[3816435]: [pid: 3816435|app: 0|req: 21/85] 172.25.66.207 () {58 vars in 1240 bytes} [Sat Oct 18 12:22:07 2025] GET /compute/v2.1/servers/0e3ff54f-9bbe-40b8-a783-f5389e8828a0 => generated 1376 bytes in 177 msecs (HTTP/1.1 200) 9 headers in 358 bytes (1 switches on core 0)
Oct 18 12:22:07.971416 podb-esxi207 devstack@n-api.service[3816433]: [pid: 3816433|app: 0|req: 23/86] 172.25.66.207 () {64 vars in 1321 bytes} [Sat Oct 18 12:22:07 2025] POST /compute/v2.1/os-server-external-events => generated 183 bytes in 144 msecs (HTTP/1.1 200) 9 headers in 357 bytes (1 switches on core 0)
Oct 18 12:22:08.103265 podb-esxi207 devstack@n-api.service[3816436]: [pid: 3816436|app: 0|req: 22/87] 172.25.66.207 () {64 vars in 1321 bytes} [Sat Oct 18 12:22:08 2025] POST /compute/v2.1/os-server-external-events => generated 179 bytes in 73 msecs (HTTP/1.1 200) 9 headers in 357 bytes (1 switches on core 0)
Oct 18 12:22:08.190688 podb-esxi207 devstack@n-api.service[3816434]: [pid: 3816434|app: 0|req: 22/88] 172.25.66.207 () {58 vars in 1240 bytes} [Sat Oct 18 12:22:08 2025] GET /compute/v2.1/servers/3c763d88-d27f-4992-9d50-ea8a0e1d58b5 => generated 1374 bytes in 176 msecs (HTTP/1.1 200) 9 headers in 358 bytes (1 switches on core 0)
Oct 18 12:22:08.373306 podb-esxi207 devstack@n-api.service[3816435]: [pid: 3816435|app: 0|req: 22/89] 172.25.66.207 () {58 vars in 1240 bytes} [Sat Oct 18 12:22:08 2025] GET /compute/v2.1/servers/c33fc664-fd2d-4e4b-a9ff-5ee54cd479a5 => generated 1377 bytes in 185 msecs (HTTP/1.1 200) 9 headers in 358 bytes (1 switches on core 0)
Oct 18 12:22:08.698401 podb-esxi207 devstack@n-api.service[3816433]: [pid: 3816433|app: 0|req: 24/90] 172.25.66.207 () {58 vars in 1240 bytes} [Sat Oct 18 12:22:08 2025] GET /compute/v2.1/servers/0e3ff54f-9bbe-40b8-a783-f5389e8828a0 => generated 1376 bytes in 173 msecs (HTTP/1.1 200) 9 headers in 358 bytes (1 switches on core 0)
Oct 18 12:22:09.366307 podb-esxi207 devstack@n-api.service[3816436]: [pid: 3816436|app: 0|req: 23/91] 172.25.66.207 () {58 vars in 1240 bytes} [Sat Oct 18 12:22:09 2025] GET /compute/v2.1/servers/3c763d88-d27f-4992-9d50-ea8a0e1d58b5 => generated 1372 bytes in 149 msecs (HTTP/1.1 200) 9 headers in 358 bytes (1 switches on core 0)
Oct 18 12:22:09.582190 podb-esxi207 devstack@n-api.service[3816434]: [pid: 3816434|app: 0|req: 23/92] 172.25.66.207 () {58 vars in 1240 bytes} [Sat Oct 18 12:22:09 2025] GET /compute/v2.1/servers/c33fc664-fd2d-4e4b-a9ff-5ee54cd479a5 => generated 1377 bytes in 184 msecs (HTTP/1.1 200) 9 headers in 358 bytes (1 switches on core 0)
Oct 18 12:22:09.912777 podb-esxi207 devstack@n-api.service[3816435]: [pid: 3816435|app: 0|req: 23/93] 172.25.66.207 () {58 vars in 1240 bytes} [Sat Oct 18 12:22:09 2025] GET /compute/v2.1/servers/0e3ff54f-9bbe-40b8-a783-f5389e8828a0 => generated 1376 bytes in 191 msecs (HTTP/1.1 200) 9 headers in 358 bytes (1 switches on core 0)
Oct 18 12:22:10.020502 podb-esxi207 devstack@n-api.service[3816433]: [pid: 3816433|app: 0|req: 25/94] 172.25.66.207 () {64 vars in 1321 bytes} [Sat Oct 18 12:22:09 2025] POST /compute/v2.1/os-server-external-events => generated 183 bytes in 37 msecs (HTTP/1.1 200) 9 headers in 357 bytes (1 switches on core 0)
Oct 18 12:22:10.546364 podb-esxi207 devstack@n-api.service[3816436]: [pid: 3816436|app: 0|req: 24/95] 172.25.66.207 () {58 vars in 1240 bytes} [Sat Oct 18 12:22:10 2025] GET /compute/v2.1/servers/3c763d88-d27f-4992-9d50-ea8a0e1d58b5 => generated 1372 bytes in 149 msecs (HTTP/1.1 200) 9 headers in 358 bytes (1 switches on core 0)
Oct 18 12:22:10.762114 podb-esxi207 devstack@n-api.service[3816434]: [pid: 3816434|app: 0|req: 24/96] 172.25.66.207 () {58 vars in 1240 bytes} [Sat Oct 18 12:22:10 2025] GET /compute/v2.1/servers/c33fc664-fd2d-4e4b-a9ff-5ee54cd479a5 => generated 1377 bytes in 154 msecs (HTTP/1.1 200) 9 headers in 358 bytes (1 switches on core 0)
Oct 18 12:22:11.084959 podb-esxi207 devstack@n-api.service[3816435]: [pid: 3816435|app: 0|req: 24/97] 172.25.66.207 () {58 vars in 1240 bytes} [Sat Oct 18 12:22:10 2025] GET /compute/v2.1/servers/0e3ff54f-9bbe-40b8-a783-f5389e8828a0 => generated 1564 bytes in 160 msecs (HTTP/1.1 200) 9 headers in 358 bytes (1 switches on core 0)
Oct 18 12:22:11.233909 podb-esxi207 devstack@n-api.service[3816433]: [pid: 3816433|app: 0|req: 26/98] 172.25.66.207 () {58 vars in 1279 bytes} [Sat Oct 18 12:22:11 2025] GET /compute/v2.1/servers/0e3ff54f-9bbe-40b8-a783-f5389e8828a0/os-interface => generated 282 bytes in 128 msecs (HTTP/1.1 200) 9 headers in 357 bytes (1 switches on core 0)
Oct 18 12:22:11.805770 podb-esxi207 devstack@n-api.service[3816436]: [pid: 3816436|app: 0|req: 25/99] 172.25.66.207 () {58 vars in 1240 bytes} [Sat Oct 18 12:22:11 2025] GET /compute/v2.1/servers/3c763d88-d27f-4992-9d50-ea8a0e1d58b5 => generated 1372 bytes in 233 msecs (HTTP/1.1 200) 9 headers in 358 bytes (1 switches on core 0)
Oct 18 12:22:11.938165 podb-esxi207 devstack@n-api.service[3816434]: [pid: 3816434|app: 0|req: 25/100] 172.25.66.207 () {58 vars in 1240 bytes} [Sat Oct 18 12:22:11 2025] GET /compute/v2.1/servers/c33fc664-fd2d-4e4b-a9ff-5ee54cd479a5 => generated 1560 bytes in 150 msecs (HTTP/1.1 200) 9 headers in 358 bytes (1 switches on core 0)
Oct 18 12:22:12.123168 podb-esxi207 devstack@n-api.service[3816435]: [pid: 3816435|app: 0|req: 25/101] 172.25.66.207 () {58 vars in 1279 bytes} [Sat Oct 18 12:22:11 2025] GET /compute/v2.1/servers/c33fc664-fd2d-4e4b-a9ff-5ee54cd479a5/os-interface => generated 282 bytes in 161 msecs (HTTP/1.1 200) 9 headers in 357 bytes (1 switches on core 0)
Oct 18 12:22:12.195921 podb-esxi207 devstack@n-api.service[3816433]: [pid: 3816433|app: 0|req: 27/102] 172.25.66.207 () {64 vars in 1321 bytes} [Sat Oct 18 12:22:12 2025] POST /compute/v2.1/os-server-external-events => generated 179 bytes in 40 msecs (HTTP/1.1 200) 9 headers in 357 bytes (1 switches on core 0)
Oct 18 12:22:13.041331 podb-esxi207 devstack@n-api.service[3816436]: [pid: 3816436|app: 0|req: 26/103] 172.25.66.207 () {58 vars in 1240 bytes} [Sat Oct 18 12:22:12 2025] GET /compute/v2.1/servers/3c763d88-d27f-4992-9d50-ea8a0e1d58b5 => generated 1372 bytes in 210 msecs (HTTP/1.1 200) 9 headers in 358 bytes (1 switches on core 0)
Oct 18 12:22:13.057609 podb-esxi207 devstack@n-api.service[3816434]: [pid: 3816434|app: 0|req: 26/104] 172.25.66.207 () {64 vars in 1321 bytes} [Sat Oct 18 12:22:12 2025] POST /compute/v2.1/os-server-external-events => generated 179 bytes in 70 msecs (HTTP/1.1 200) 9 headers in 357 bytes (2 switches on core 0)
Oct 18 12:22:13.276308 podb-esxi207 devstack@n-api.service[3816435]: [pid: 3816435|app: 0|req: 26/105] 172.25.66.207 () {64 vars in 1321 bytes} [Sat Oct 18 12:22:13 2025] POST /compute/v2.1/os-server-external-events => generated 183 bytes in 39 msecs (HTTP/1.1 200) 9 headers in 357 bytes (1 switches on core 0)
Oct 18 12:22:14.219982 podb-esxi207 devstack@n-api.service[3816433]: [pid: 3816433|app: 0|req: 28/106] 172.25.66.207 () {58 vars in 1240 bytes} [Sat Oct 18 12:22:14 2025] GET /compute/v2.1/servers/3c763d88-d27f-4992-9d50-ea8a0e1d58b5 => generated 1372 bytes in 154 msecs (HTTP/1.1 200) 9 headers in 358 bytes (1 switches on core 0)
Oct 18 12:22:15.380767 podb-esxi207 devstack@n-api.service[3816436]: [pid: 3816436|app: 0|req: 27/107] 172.25.66.207 () {58 vars in 1240 bytes} [Sat Oct 18 12:22:15 2025] GET /compute/v2.1/servers/3c763d88-d27f-4992-9d50-ea8a0e1d58b5 => generated 1372 bytes in 135 msecs (HTTP/1.1 200) 9 headers in 358 bytes (1 switches on core 0)
Oct 18 12:22:16.584077 podb-esxi207 devstack@n-api.service[3816434]: [pid: 3816434|app: 0|req: 27/108] 172.25.66.207 () {58 vars in 1240 bytes} [Sat Oct 18 12:22:16 2025] GET /compute/v2.1/servers/3c763d88-d27f-4992-9d50-ea8a0e1d58b5 => generated 1554 bytes in 178 msecs (HTTP/1.1 200) 9 headers in 358 bytes (1 switches on core 0)
Oct 18 12:22:16.729997 podb-esxi207 devstack@n-api.service[3816435]: [pid: 3816435|app: 0|req: 27/109] 172.25.66.207 () {58 vars in 1279 bytes} [Sat Oct 18 12:22:16 2025] GET /compute/v2.1/servers/3c763d88-d27f-4992-9d50-ea8a0e1d58b5/os-interface => generated 282 bytes in 127 msecs (HTTP/1.1 200) 9 headers in 357 bytes (1 switches on core 0)
Oct 18 12:22:17.531676 podb-esxi207 devstack@n-api.service[3816433]: [pid: 3816433|app: 0|req: 29/110] 172.25.66.207 () {64 vars in 1321 bytes} [Sat Oct 18 12:22:17 2025] POST /compute/v2.1/os-server-external-events => generated 179 bytes in 69 msecs (HTTP/1.1 200) 9 headers in 357 bytes (1 switches on core 0)
Oct 18 12:22:21.877666 podb-esxi207 devstack@n-api.service[3816436]: [pid: 3816436|app: 0|req: 28/111] 172.25.66.207 () {62 vars in 1204 bytes} [Sat Oct 18 12:22:21 2025] POST /compute/v2.1/os-keypairs => generated 400 bytes in 42 msecs (HTTP/1.1 201) 9 headers in 364 bytes (2 switches on core 0)
Oct 18 12:22:24.467413 podb-esxi207 devstack@n-api.service[3816434]: [pid: 3816434|app: 0|req: 28/112] 172.25.66.207 () {62 vars in 1193 bytes} [Sat Oct 18 12:22:22 2025] POST /compute/v2.1/servers => generated 409 bytes in 1605 msecs (HTTP/1.1 202) 10 headers in 455 bytes (1 switches on core 0)
Oct 18 12:22:24.532585 podb-esxi207 devstack@n-api.service[3816435]: [pid: 3816435|app: 0|req: 28/113] 172.25.66.207 () {60 vars in 1281 bytes} [Sat Oct 18 12:22:24 2025] GET /compute/v2.1/servers/299d07f9-184f-4815-a91e-c832649750a8 => generated 1291 bytes in 57 msecs (HTTP/1.1 200) 9 headers in 360 bytes (2 switches on core 0)
Oct 18 12:22:25.665053 podb-esxi207 devstack@n-api.service[3816433]: [pid: 3816433|app: 0|req: 30/114] 172.25.66.207 () {60 vars in 1281 bytes} [Sat Oct 18 12:22:25 2025] GET /compute/v2.1/servers/299d07f9-184f-4815-a91e-c832649750a8 => generated 1533 bytes in 103 msecs (HTTP/1.1 200) 9 headers in 360 bytes (1 switches on core 0)
Oct 18 12:22:26.809806 podb-esxi207 devstack@n-api.service[3816436]: [pid: 3816436|app: 0|req: 29/115] 172.25.66.207 () {60 vars in 1281 bytes} [Sat Oct 18 12:22:26 2025] GET /compute/v2.1/servers/299d07f9-184f-4815-a91e-c832649750a8 => generated 1581 bytes in 117 msecs (HTTP/1.1 200) 9 headers in 360 bytes (1 switches on core 0)
Oct 18 12:22:27.941422 podb-esxi207 devstack@n-api.service[3816434]: [pid: 3816434|app: 0|req: 29/116] 172.25.66.207 () {60 vars in 1281 bytes} [Sat Oct 18 12:22:27 2025] GET /compute/v2.1/servers/299d07f9-184f-4815-a91e-c832649750a8 => generated 1581 bytes in 103 msecs (HTTP/1.1 200) 9 headers in 360 bytes (1 switches on core 0)
Oct 18 12:22:29.102321 podb-esxi207 devstack@n-api.service[3816435]: [pid: 3816435|app: 0|req: 29/117] 172.25.66.207 () {60 vars in 1281 bytes} [Sat Oct 18 12:22:28 2025] GET /compute/v2.1/servers/299d07f9-184f-4815-a91e-c832649750a8 => generated 1589 bytes in 132 msecs (HTTP/1.1 200) 9 headers in 360 bytes (1 switches on core 0)
Oct 18 12:22:30.264685 podb-esxi207 devstack@n-api.service[3816433]: [pid: 3816433|app: 0|req: 31/118] 172.25.66.207 () {60 vars in 1281 bytes} [Sat Oct 18 12:22:30 2025] GET /compute/v2.1/servers/299d07f9-184f-4815-a91e-c832649750a8 => generated 1702 bytes in 145 msecs (HTTP/1.1 200) 9 headers in 360 bytes (1 switches on core 0)
Oct 18 12:22:31.437064 podb-esxi207 devstack@n-api.service[3816436]: [pid: 3816436|app: 0|req: 30/119] 172.25.66.207 () {60 vars in 1281 bytes} [Sat Oct 18 12:22:31 2025] GET /compute/v2.1/servers/299d07f9-184f-4815-a91e-c832649750a8 => generated 1850 bytes in 162 msecs (HTTP/1.1 200) 9 headers in 360 bytes (1 switches on core 0)
Oct 18 12:22:31.563150 podb-esxi207 devstack@n-api.service[3816434]: [pid: 3816434|app: 0|req: 30/120] 172.25.66.207 () {64 vars in 1321 bytes} [Sat Oct 18 12:22:31 2025] POST /compute/v2.1/os-server-external-events => generated 179 bytes in 41 msecs (HTTP/1.1 200) 9 headers in 357 bytes (1 switches on core 0)
Oct 18 12:22:32.710686 podb-esxi207 devstack@n-api.service[3816435]: [pid: 3816435|app: 0|req: 30/121] 172.25.66.207 () {60 vars in 1281 bytes} [Sat Oct 18 12:22:32 2025] GET /compute/v2.1/servers/299d07f9-184f-4815-a91e-c832649750a8 => generated 1871 bytes in 245 msecs (HTTP/1.1 200) 9 headers in 360 bytes (1 switches on core 0)
Oct 18 12:22:33.632333 podb-esxi207 devstack@n-api.service[3816433]: [pid: 3816433|app: 0|req: 32/122] 172.25.66.207 () {64 vars in 1321 bytes} [Sat Oct 18 12:22:33 2025] POST /compute/v2.1/os-server-external-events => generated 346 bytes in 54 msecs (HTTP/1.1 200) 9 headers in 357 bytes (1 switches on core 0)
Oct 18 12:22:33.904236 podb-esxi207 devstack@n-api.service[3816436]: [pid: 3816436|app: 0|req: 31/123] 172.25.66.207 () {60 vars in 1281 bytes} [Sat Oct 18 12:22:33 2025] GET /compute/v2.1/servers/299d07f9-184f-4815-a91e-c832649750a8 => generated 1892 bytes in 165 msecs (HTTP/1.1 200) 9 headers in 360 bytes (1 switches on core 0)
Oct 18 12:22:35.307468 podb-esxi207 devstack@n-api.service[3816434]: [pid: 3816434|app: 0|req: 31/124] 172.25.66.207 () {60 vars in 1281 bytes} [Sat Oct 18 12:22:34 2025] GET /compute/v2.1/servers/299d07f9-184f-4815-a91e-c832649750a8 => generated 1892 bytes in 373 msecs (HTTP/1.1 200) 9 headers in 360 bytes (1 switches on core 0)
Oct 18 12:22:35.380374 podb-esxi207 devstack@n-api.service[3816435]: [pid: 3816435|app: 0|req: 31/125] 172.25.66.207 () {64 vars in 1321 bytes} [Sat Oct 18 12:22:35 2025] POST /compute/v2.1/os-server-external-events => generated 179 bytes in 39 msecs (HTTP/1.1 200) 9 headers in 357 bytes (1 switches on core 0)
Oct 18 12:22:35.694448 podb-esxi207 devstack@n-api.service[3816433]: [pid: 3816433|app: 0|req: 33/126] 172.25.66.207 () {64 vars in 1321 bytes} [Sat Oct 18 12:22:35 2025] POST /compute/v2.1/os-server-external-events => generated 179 bytes in 49 msecs (HTTP/1.1 200) 9 headers in 357 bytes (1 switches on core 0)
Oct 18 12:22:36.622952 podb-esxi207 devstack@n-api.service[3816436]: [pid: 3816436|app: 0|req: 32/127] 172.25.66.207 () {60 vars in 1281 bytes} [Sat Oct 18 12:22:36 2025] GET /compute/v2.1/servers/299d07f9-184f-4815-a91e-c832649750a8 => generated 1892 bytes in 287 msecs (HTTP/1.1 200) 9 headers in 360 bytes (1 switches on core 0)
Oct 18 12:22:37.447386 podb-esxi207 devstack@n-api.service[3816434]: [pid: 3816434|app: 0|req: 32/128] 172.25.66.207 () {64 vars in 1321 bytes} [Sat Oct 18 12:22:37 2025] POST /compute/v2.1/os-server-external-events => generated 346 bytes in 43 msecs (HTTP/1.1 200) 9 headers in 357 bytes (1 switches on core 0)
Oct 18 12:22:37.938187 podb-esxi207 devstack@n-api.service[3816435]: [pid: 3816435|app: 0|req: 32/129] 172.25.66.207 () {60 vars in 1281 bytes} [Sat Oct 18 12:22:37 2025] GET /compute/v2.1/servers/299d07f9-184f-4815-a91e-c832649750a8 => generated 1892 bytes in 287 msecs (HTTP/1.1 200) 9 headers in 360 bytes (1 switches on core 0)
Oct 18 12:22:39.172680 podb-esxi207 devstack@n-api.service[3816433]: [pid: 3816433|app: 0|req: 34/130] 172.25.66.207 () {60 vars in 1281 bytes} [Sat Oct 18 12:22:38 2025] GET /compute/v2.1/servers/299d07f9-184f-4815-a91e-c832649750a8 => generated 1892 bytes in 206 msecs (HTTP/1.1 200) 9 headers in 360 bytes (1 switches on core 0)
Oct 18 12:22:40.546559 podb-esxi207 devstack@n-api.service[3816434]: [pid: 3816434|app: 0|req: 33/131] 172.25.66.207 () {60 vars in 1281 bytes} [Sat Oct 18 12:22:40 2025] GET /compute/v2.1/servers/299d07f9-184f-4815-a91e-c832649750a8 => generated 1892 bytes in 345 msecs (HTTP/1.1 200) 9 headers in 360 bytes (1 switches on core 0)
Oct 18 12:22:41.759376 podb-esxi207 devstack@n-api.service[3816435]: [pid: 3816435|app: 0|req: 33/132] 172.25.66.207 () {60 vars in 1281 bytes} [Sat Oct 18 12:22:41 2025] GET /compute/v2.1/servers/299d07f9-184f-4815-a91e-c832649750a8 => generated 1892 bytes in 184 msecs (HTTP/1.1 200) 9 headers in 360 bytes (1 switches on core 0)
Oct 18 12:22:42.391487 podb-esxi207 devstack@n-api.service[3816436]: [pid: 3816436|app: 0|req: 33/133] 172.25.66.207 () {60 vars in 1327 bytes} [Sat Oct 18 12:22:40 2025] POST /compute/v2.1/servers/c33fc664-fd2d-4e4b-a9ff-5ee54cd479a5/os-volume_attachments => generated 194 bytes in 2318 msecs (HTTP/1.1 200) 9 headers in 357 bytes (1 switches on core 0)
Oct 18 12:22:43.116657 podb-esxi207 devstack@n-api.service[3816433]: [pid: 3816433|app: 0|req: 35/134] 172.25.66.207 () {60 vars in 1281 bytes} [Sat Oct 18 12:22:42 2025] GET /compute/v2.1/servers/299d07f9-184f-4815-a91e-c832649750a8 => generated 1892 bytes in 328 msecs (HTTP/1.1 200) 9 headers in 360 bytes (1 switches on core 0)
Oct 18 12:22:44.373972 podb-esxi207 devstack@n-api.service[3816434]: [pid: 3816434|app: 0|req: 34/135] 172.25.66.207 () {60 vars in 1281 bytes} [Sat Oct 18 12:22:44 2025] GET /compute/v2.1/servers/299d07f9-184f-4815-a91e-c832649750a8 => generated 1892 bytes in 229 msecs (HTTP/1.1 200) 9 headers in 360 bytes (1 switches on core 0)
Oct 18 12:22:45.691980 podb-esxi207 devstack@n-api.service[3816435]: [pid: 3816435|app: 0|req: 34/136] 172.25.66.207 () {60 vars in 1281 bytes} [Sat Oct 18 12:22:45 2025] GET /compute/v2.1/servers/299d07f9-184f-4815-a91e-c832649750a8 => generated 1880 bytes in 290 msecs (HTTP/1.1 200) 9 headers in 360 bytes (1 switches on core 0)
Oct 18 12:22:46.918161 podb-esxi207 devstack@n-api.service[3816436]: [pid: 3816436|app: 0|req: 34/137] 172.25.66.207 () {60 vars in 1281 bytes} [Sat Oct 18 12:22:46 2025] GET /compute/v2.1/servers/299d07f9-184f-4815-a91e-c832649750a8 => generated 1880 bytes in 197 msecs (HTTP/1.1 200) 9 headers in 360 bytes (1 switches on core 0)
Oct 18 12:22:48.236819 podb-esxi207 devstack@n-api.service[3816433]: [pid: 3816433|app: 0|req: 36/138] 172.25.66.207 () {60 vars in 1281 bytes} [Sat Oct 18 12:22:47 2025] GET /compute/v2.1/servers/299d07f9-184f-4815-a91e-c832649750a8 => generated 1880 bytes in 290 msecs (HTTP/1.1 200) 9 headers in 360 bytes (1 switches on core 0)
Oct 18 12:22:49.601236 podb-esxi207 devstack@n-api.service[3816434]: [pid: 3816434|app: 0|req: 35/139] 172.25.66.207 () {60 vars in 1281 bytes} [Sat Oct 18 12:22:49 2025] GET /compute/v2.1/servers/299d07f9-184f-4815-a91e-c832649750a8 => generated 1880 bytes in 337 msecs (HTTP/1.1 200) 9 headers in 360 bytes (1 switches on core 0)
Oct 18 12:22:50.923705 podb-esxi207 devstack@n-api.service[3816435]: [pid: 3816435|app: 0|req: 35/140] 172.25.66.207 () {60 vars in 1281 bytes} [Sat Oct 18 12:22:50 2025] GET /compute/v2.1/servers/299d07f9-184f-4815-a91e-c832649750a8 => generated 1880 bytes in 294 msecs (HTTP/1.1 200) 9 headers in 360 bytes (1 switches on core 0)
Oct 18 12:22:52.131939 podb-esxi207 devstack@n-api.service[3816436]: [pid: 3816436|app: 0|req: 35/141] 172.25.66.207 () {60 vars in 1281 bytes} [Sat Oct 18 12:22:51 2025] GET /compute/v2.1/servers/299d07f9-184f-4815-a91e-c832649750a8 => generated 1880 bytes in 181 msecs (HTTP/1.1 200) 9 headers in 360 bytes (1 switches on core 0)
Oct 18 12:22:53.440639 podb-esxi207 devstack@n-api.service[3816434]: [pid: 3816434|app: 0|req: 36/142] 172.25.66.207 () {58 vars in 1306 bytes} [Sat Oct 18 12:22:53 2025] GET /compute/v2.1/servers/c33fc664-fd2d-4e4b-a9ff-5ee54cd479a5/os-volume_attachments => generated 197 bytes in 66 msecs (HTTP/1.1 200) 9 headers in 357 bytes (1 switches on core 0)
Oct 18 12:22:53.460641 podb-esxi207 devstack@n-api.service[3816433]: [pid: 3816433|app: 0|req: 37/143] 172.25.66.207 () {60 vars in 1281 bytes} [Sat Oct 18 12:22:53 2025] GET /compute/v2.1/servers/299d07f9-184f-4815-a91e-c832649750a8 => generated 1880 bytes in 300 msecs (HTTP/1.1 200) 9 headers in 360 bytes (1 switches on core 0)
