Oct 16 18:31:17.048974 podb-esxi207 dnsmasq-dhcp[977996]: read /opt/stack/data/neutron/dhcp/5c28b4ba-9905-4e38-bd4b-65fb46653309/host
Oct 16 18:31:17.049064 podb-esxi207 dnsmasq-dhcp[977996]: read /opt/stack/data/neutron/dhcp/5c28b4ba-9905-4e38-bd4b-65fb46653309/opts
Oct 16 18:31:17.310022 podb-esxi207 dnsmasq-dhcp[973142]: DHCPRELEASE(tap39a108c7-c2) 10.1.0.1 fa:16:3e:17:2d:99
Oct 16 18:31:18.134793 podb-esxi207 dnsmasq[973142]: read /opt/stack/data/neutron/dhcp/e8c542f7-dc3a-484e-bdd9-f4f57bcac9e2/addn_hosts - 0 names
Oct 16 18:31:18.134854 podb-esxi207 dnsmasq-dhcp[973142]: read /opt/stack/data/neutron/dhcp/e8c542f7-dc3a-484e-bdd9-f4f57bcac9e2/host
Oct 16 18:31:18.134906 podb-esxi207 dnsmasq-dhcp[973142]: read /opt/stack/data/neutron/dhcp/e8c542f7-dc3a-484e-bdd9-f4f57bcac9e2/opts
Oct 16 18:31:18.896101 podb-esxi207 dnsmasq-dhcp[973594]: DHCPRELEASE(tapb8c3c14d-86) 10.1.0.1 fa:16:3e:b8:8f:87
Oct 16 18:31:19.720716 podb-esxi207 dnsmasq[973594]: read /opt/stack/data/neutron/dhcp/5a65015c-c3d0-469a-a24f-34187955603f/addn_hosts - 0 names
Oct 16 18:31:19.720786 podb-esxi207 dnsmasq-dhcp[973594]: read /opt/stack/data/neutron/dhcp/5a65015c-c3d0-469a-a24f-34187955603f/host
Oct 16 18:31:19.720843 podb-esxi207 dnsmasq-dhcp[973594]: read /opt/stack/data/neutron/dhcp/5a65015c-c3d0-469a-a24f-34187955603f/opts
Oct 16 18:31:19.969639 podb-esxi207 dnsmasq-dhcp[972870]: DHCPRELEASE(tapbc43cfa7-b9) 10.1.0.1 fa:16:3e:bd:c3:97
Oct 16 18:31:20.792858 podb-esxi207 dnsmasq[972870]: read /opt/stack/data/neutron/dhcp/6f8885f6-10e0-428a-851e-846309eea108/addn_hosts - 0 names
Oct 16 18:31:20.792925 podb-esxi207 dnsmasq-dhcp[972870]: read /opt/stack/data/neutron/dhcp/6f8885f6-10e0-428a-851e-846309eea108/host
Oct 16 18:31:20.792982 podb-esxi207 dnsmasq-dhcp[972870]: read /opt/stack/data/neutron/dhcp/6f8885f6-10e0-428a-851e-846309eea108/opts
Oct 16 18:31:21.553333 podb-esxi207 dnsmasq[977996]: read /opt/stack/data/neutron/dhcp/5c28b4ba-9905-4e38-bd4b-65fb46653309/addn_hosts - 2 names
Oct 16 18:31:21.553444 podb-esxi207 dnsmasq-dhcp[977996]: read /opt/stack/data/neutron/dhcp/5c28b4ba-9905-4e38-bd4b-65fb46653309/host
Oct 16 18:31:21.553551 podb-esxi207 dnsmasq-dhcp[977996]: read /opt/stack/data/neutron/dhcp/5c28b4ba-9905-4e38-bd4b-65fb46653309/opts
Oct 16 18:31:22.299720 podb-esxi207 dnsmasq[976350]: read /opt/stack/data/neutron/dhcp/cb0d3153-2df3-40f2-aaf4-f6b4c24be964/addn_hosts - 0 names
Oct 16 18:31:22.299800 podb-esxi207 dnsmasq-dhcp[976350]: read /opt/stack/data/neutron/dhcp/cb0d3153-2df3-40f2-aaf4-f6b4c24be964/host
Oct 16 18:31:22.299872 podb-esxi207 dnsmasq-dhcp[976350]: read /opt/stack/data/neutron/dhcp/cb0d3153-2df3-40f2-aaf4-f6b4c24be964/opts
Oct 16 18:31:22.558007 podb-esxi207 dnsmasq[973142]: exiting on receipt of SIGTERM
Oct 16 18:31:23.183701 podb-esxi207 dnsmasq-dhcp[973468]: DHCPRELEASE(tap0cd88e90-9d) 10.1.0.1 fa:16:3e:85:be:ca
Oct 16 18:31:24.014476 podb-esxi207 dnsmasq[973468]: read /opt/stack/data/neutron/dhcp/a027e33f-258b-471c-bb22-e8e41cdb232e/addn_hosts - 0 names
Oct 16 18:31:24.014567 podb-esxi207 dnsmasq-dhcp[973468]: read /opt/stack/data/neutron/dhcp/a027e33f-258b-471c-bb22-e8e41cdb232e/host
Oct 16 18:31:24.014624 podb-esxi207 dnsmasq-dhcp[973468]: read /opt/stack/data/neutron/dhcp/a027e33f-258b-471c-bb22-e8e41cdb232e/opts
Oct 16 18:31:24.789078 podb-esxi207 dnsmasq[973594]: exiting on receipt of SIGTERM
Oct 16 18:31:28.574554 podb-esxi207 dnsmasq[979528]: started, version 2.90 cachesize 150
Oct 16 18:31:28.574584 podb-esxi207 dnsmasq[979528]: DNS service limited to local subnets
Oct 16 18:31:28.574599 podb-esxi207 dnsmasq[979528]: compile time options: IPv6 GNU-getopt DBus no-UBus i18n IDN2 DHCP DHCPv6 no-Lua TFTP conntrack ipset no-nftset auth cryptohash DNSSEC loop-detect inotify dumpfile
Oct 16 18:31:28.574642 podb-esxi207 dnsmasq-dhcp[979528]: DHCP, static leases only on 10.1.0.0, lease time 1d
Oct 16 18:31:28.574796 podb-esxi207 dnsmasq[979528]: reading /etc/resolv.conf
Oct 16 18:31:28.574813 podb-esxi207 dnsmasq[979528]: using nameserver 127.0.0.53#53
Oct 16 18:31:28.574925 podb-esxi207 dnsmasq[979528]: read /opt/stack/data/neutron/dhcp/bc21d974-5bd1-43ce-89ee-0ca384499ba9/addn_hosts - 2 names
Oct 16 18:31:28.574980 podb-esxi207 dnsmasq-dhcp[979528]: read /opt/stack/data/neutron/dhcp/bc21d974-5bd1-43ce-89ee-0ca384499ba9/host
Oct 16 18:31:28.575056 podb-esxi207 dnsmasq-dhcp[979528]: read /opt/stack/data/neutron/dhcp/bc21d974-5bd1-43ce-89ee-0ca384499ba9/opts
Oct 16 18:31:28.599639 podb-esxi207 dnsmasq[972870]: exiting on receipt of SIGTERM
Oct 16 18:31:29.711796 podb-esxi207 dnsmasq[977996]: read /opt/stack/data/neutron/dhcp/5c28b4ba-9905-4e38-bd4b-65fb46653309/addn_hosts - 2 names
Oct 16 18:31:29.711945 podb-esxi207 dnsmasq-dhcp[977996]: read /opt/stack/data/neutron/dhcp/5c28b4ba-9905-4e38-bd4b-65fb46653309/host
Oct 16 18:31:29.712091 podb-esxi207 dnsmasq-dhcp[977996]: read /opt/stack/data/neutron/dhcp/5c28b4ba-9905-4e38-bd4b-65fb46653309/opts
Oct 16 18:31:29.965081 podb-esxi207 dnsmasq[976350]: exiting on receipt of SIGTERM
Oct 16 18:31:30.580250 podb-esxi207 dnsmasq[973468]: exiting on receipt of SIGTERM
Oct 16 18:31:34.328967 podb-esxi207 dnsmasq[979836]: started, version 2.90 cachesize 150
Oct 16 18:31:34.328996 podb-esxi207 dnsmasq[979836]: DNS service limited to local subnets
Oct 16 18:31:34.329011 podb-esxi207 dnsmasq[979836]: compile time options: IPv6 GNU-getopt DBus no-UBus i18n IDN2 DHCP DHCPv6 no-Lua TFTP conntrack ipset no-nftset auth cryptohash DNSSEC loop-detect inotify dumpfile
Oct 16 18:31:34.329061 podb-esxi207 dnsmasq-dhcp[979836]: DHCP, static leases only on 10.1.0.0, lease time 1d
Oct 16 18:31:34.329215 podb-esxi207 dnsmasq[979836]: reading /etc/resolv.conf
Oct 16 18:31:34.329231 podb-esxi207 dnsmasq[979836]: using nameserver 127.0.0.53#53
Oct 16 18:31:34.329348 podb-esxi207 dnsmasq[979836]: read /opt/stack/data/neutron/dhcp/029900d7-cf77-41c3-83ae-6df72f82f4de/addn_hosts - 4 names
Oct 16 18:31:34.329408 podb-esxi207 dnsmasq-dhcp[979836]: read /opt/stack/data/neutron/dhcp/029900d7-cf77-41c3-83ae-6df72f82f4de/host
Oct 16 18:31:34.329472 podb-esxi207 dnsmasq-dhcp[979836]: read /opt/stack/data/neutron/dhcp/029900d7-cf77-41c3-83ae-6df72f82f4de/opts
Oct 16 18:31:36.907304 podb-esxi207 dnsmasq[980023]: started, version 2.90 cachesize 150
Oct 16 18:31:36.907329 podb-esxi207 dnsmasq[980023]: DNS service limited to local subnets
Oct 16 18:31:36.907344 podb-esxi207 dnsmasq[980023]: compile time options: IPv6 GNU-getopt DBus no-UBus i18n IDN2 DHCP DHCPv6 no-Lua TFTP conntrack ipset no-nftset auth cryptohash DNSSEC loop-detect inotify dumpfile
Oct 16 18:31:36.907385 podb-esxi207 dnsmasq-dhcp[980023]: DHCP, static leases only on 10.1.0.0, lease time 1d
Oct 16 18:31:36.907531 podb-esxi207 dnsmasq[980023]: reading /etc/resolv.conf
Oct 16 18:31:36.907548 podb-esxi207 dnsmasq[980023]: using nameserver 127.0.0.53#53
Oct 16 18:31:36.907656 podb-esxi207 dnsmasq[980023]: read /opt/stack/data/neutron/dhcp/d48b7d84-137f-4bbc-9b32-ffe8c328bfe5/addn_hosts - 2 names
Oct 16 18:31:36.907709 podb-esxi207 dnsmasq-dhcp[980023]: read /opt/stack/data/neutron/dhcp/d48b7d84-137f-4bbc-9b32-ffe8c328bfe5/host
Oct 16 18:31:36.907782 podb-esxi207 dnsmasq-dhcp[980023]: read /opt/stack/data/neutron/dhcp/d48b7d84-137f-4bbc-9b32-ffe8c328bfe5/opts
Oct 16 18:31:39.993878 podb-esxi207 dnsmasq[980183]: started, version 2.90 cachesize 150
Oct 16 18:31:39.993900 podb-esxi207 dnsmasq[980183]: DNS service limited to local subnets
Oct 16 18:31:39.993915 podb-esxi207 dnsmasq[980183]: compile time options: IPv6 GNU-getopt DBus no-UBus i18n IDN2 DHCP DHCPv6 no-Lua TFTP conntrack ipset no-nftset auth cryptohash DNSSEC loop-detect inotify dumpfile
Oct 16 18:31:39.993959 podb-esxi207 dnsmasq-dhcp[980183]: DHCP, static leases only on 10.1.0.0, lease time 1d
Oct 16 18:31:39.994104 podb-esxi207 dnsmasq[980183]: reading /etc/resolv.conf
Oct 16 18:31:39.994123 podb-esxi207 dnsmasq[980183]: using nameserver 127.0.0.53#53
Oct 16 18:31:39.994230 podb-esxi207 dnsmasq[980183]: read /opt/stack/data/neutron/dhcp/ca7b4a9d-877a-4739-b79b-49eda91f73b0/addn_hosts - 2 names
Oct 16 18:31:39.994283 podb-esxi207 dnsmasq-dhcp[980183]: read /opt/stack/data/neutron/dhcp/ca7b4a9d-877a-4739-b79b-49eda91f73b0/host
Oct 16 18:31:39.994348 podb-esxi207 dnsmasq-dhcp[980183]: read /opt/stack/data/neutron/dhcp/ca7b4a9d-877a-4739-b79b-49eda91f73b0/opts
Oct 16 18:31:41.031553 podb-esxi207 dnsmasq[979528]: read /opt/stack/data/neutron/dhcp/bc21d974-5bd1-43ce-89ee-0ca384499ba9/addn_hosts - 2 names
Oct 16 18:31:41.031578 podb-esxi207 dnsmasq-dhcp[979528]: read /opt/stack/data/neutron/dhcp/bc21d974-5bd1-43ce-89ee-0ca384499ba9/host
Oct 16 18:31:41.031598 podb-esxi207 dnsmasq-dhcp[979528]: read /opt/stack/data/neutron/dhcp/bc21d974-5bd1-43ce-89ee-0ca384499ba9/opts
Oct 16 18:31:42.776548 podb-esxi207 dnsmasq[979836]: read /opt/stack/data/neutron/dhcp/029900d7-cf77-41c3-83ae-6df72f82f4de/addn_hosts - 4 names
Oct 16 18:31:42.776677 podb-esxi207 dnsmasq-dhcp[979836]: read /opt/stack/data/neutron/dhcp/029900d7-cf77-41c3-83ae-6df72f82f4de/host
Oct 16 18:31:42.776778 podb-esxi207 dnsmasq-dhcp[979836]: read /opt/stack/data/neutron/dhcp/029900d7-cf77-41c3-83ae-6df72f82f4de/opts
Oct 16 18:31:44.002021 podb-esxi207 dnsmasq[980023]: read /opt/stack/data/neutron/dhcp/d48b7d84-137f-4bbc-9b32-ffe8c328bfe5/addn_hosts - 4 names
Oct 16 18:31:44.002100 podb-esxi207 dnsmasq-dhcp[980023]: read /opt/stack/data/neutron/dhcp/d48b7d84-137f-4bbc-9b32-ffe8c328bfe5/host
Oct 16 18:31:44.002197 podb-esxi207 dnsmasq-dhcp[980023]: read /opt/stack/data/neutron/dhcp/d48b7d84-137f-4bbc-9b32-ffe8c328bfe5/opts
Oct 16 18:31:45.235939 podb-esxi207 dnsmasq[980183]: read /opt/stack/data/neutron/dhcp/ca7b4a9d-877a-4739-b79b-49eda91f73b0/addn_hosts - 2 names
Oct 16 18:31:45.236043 podb-esxi207 dnsmasq-dhcp[980183]: read /opt/stack/data/neutron/dhcp/ca7b4a9d-877a-4739-b79b-49eda91f73b0/host
Oct 16 18:31:45.236150 podb-esxi207 dnsmasq-dhcp[980183]: read /opt/stack/data/neutron/dhcp/ca7b4a9d-877a-4739-b79b-49eda91f73b0/opts
Oct 16 18:31:45.963734 podb-esxi207 dnsmasq[977996]: read /opt/stack/data/neutron/dhcp/5c28b4ba-9905-4e38-bd4b-65fb46653309/addn_hosts - 4 names
Oct 16 18:31:45.963834 podb-esxi207 dnsmasq-dhcp[977996]: read /opt/stack/data/neutron/dhcp/5c28b4ba-9905-4e38-bd4b-65fb46653309/host
Oct 16 18:31:45.963910 podb-esxi207 dnsmasq-dhcp[977996]: read /opt/stack/data/neutron/dhcp/5c28b4ba-9905-4e38-bd4b-65fb46653309/opts
Oct 16 18:31:46.687826 podb-esxi207 dnsmasq[979528]: read /opt/stack/data/neutron/dhcp/bc21d974-5bd1-43ce-89ee-0ca384499ba9/addn_hosts - 2 names
Oct 16 18:31:46.687930 podb-esxi207 dnsmasq-dhcp[979528]: read /opt/stack/data/neutron/dhcp/bc21d974-5bd1-43ce-89ee-0ca384499ba9/host
Oct 16 18:31:46.688034 podb-esxi207 dnsmasq-dhcp[979528]: read /opt/stack/data/neutron/dhcp/bc21d974-5bd1-43ce-89ee-0ca384499ba9/opts
Oct 16 18:31:46.853537 podb-esxi207 dnsmasq-dhcp[977996]: DHCPDISCOVER(tap3f9efc1f-a8) fa:16:3e:d6:d7:1d
Oct 16 18:31:46.853561 podb-esxi207 dnsmasq-dhcp[977996]: DHCPOFFER(tap3f9efc1f-a8) 10.1.0.3 fa:16:3e:d6:d7:1d
Oct 16 18:31:46.864231 podb-esxi207 dnsmasq-dhcp[977996]: DHCPREQUEST(tap3f9efc1f-a8) 10.1.0.3 fa:16:3e:d6:d7:1d
Oct 16 18:31:46.864255 podb-esxi207 dnsmasq-dhcp[977996]: DHCPACK(tap3f9efc1f-a8) 10.1.0.3 fa:16:3e:d6:d7:1d host-10-1-0-3
Oct 16 18:31:47.929973 podb-esxi207 dnsmasq[979836]: read /opt/stack/data/neutron/dhcp/029900d7-cf77-41c3-83ae-6df72f82f4de/addn_hosts - 4 names
Oct 16 18:31:47.930088 podb-esxi207 dnsmasq-dhcp[979836]: read /opt/stack/data/neutron/dhcp/029900d7-cf77-41c3-83ae-6df72f82f4de/host
Oct 16 18:31:47.930180 podb-esxi207 dnsmasq-dhcp[979836]: read /opt/stack/data/neutron/dhcp/029900d7-cf77-41c3-83ae-6df72f82f4de/opts
Oct 16 18:31:48.658264 podb-esxi207 dnsmasq[980023]: read /opt/stack/data/neutron/dhcp/d48b7d84-137f-4bbc-9b32-ffe8c328bfe5/addn_hosts - 4 names
Oct 16 18:31:48.658376 podb-esxi207 dnsmasq-dhcp[980023]: read /opt/stack/data/neutron/dhcp/d48b7d84-137f-4bbc-9b32-ffe8c328bfe5/host
Oct 16 18:31:48.658484 podb-esxi207 dnsmasq-dhcp[980023]: read /opt/stack/data/neutron/dhcp/d48b7d84-137f-4bbc-9b32-ffe8c328bfe5/opts
Oct 16 18:31:49.381690 podb-esxi207 dnsmasq[980183]: read /opt/stack/data/neutron/dhcp/ca7b4a9d-877a-4739-b79b-49eda91f73b0/addn_hosts - 2 names
Oct 16 18:31:49.381769 podb-esxi207 dnsmasq-dhcp[980183]: read /opt/stack/data/neutron/dhcp/ca7b4a9d-877a-4739-b79b-49eda91f73b0/host
Oct 16 18:31:49.381859 podb-esxi207 dnsmasq-dhcp[980183]: read /opt/stack/data/neutron/dhcp/ca7b4a9d-877a-4739-b79b-49eda91f73b0/opts
Oct 16 18:31:50.114935 podb-esxi207 dnsmasq[979528]: read /opt/stack/data/neutron/dhcp/bc21d974-5bd1-43ce-89ee-0ca384499ba9/addn_hosts - 2 names
Oct 16 18:31:50.115029 podb-esxi207 dnsmasq-dhcp[979528]: read /opt/stack/data/neutron/dhcp/bc21d974-5bd1-43ce-89ee-0ca384499ba9/host
Oct 16 18:31:50.115113 podb-esxi207 dnsmasq-dhcp[979528]: read /opt/stack/data/neutron/dhcp/bc21d974-5bd1-43ce-89ee-0ca384499ba9/opts
Oct 16 18:31:51.348014 podb-esxi207 dnsmasq[979836]: read /opt/stack/data/neutron/dhcp/029900d7-cf77-41c3-83ae-6df72f82f4de/addn_hosts - 4 names
Oct 16 18:31:51.348124 podb-esxi207 dnsmasq-dhcp[979836]: read /opt/stack/data/neutron/dhcp/029900d7-cf77-41c3-83ae-6df72f82f4de/host
Oct 16 18:31:51.348235 podb-esxi207 dnsmasq-dhcp[979836]: read /opt/stack/data/neutron/dhcp/029900d7-cf77-41c3-83ae-6df72f82f4de/opts
Oct 16 18:31:52.079287 podb-esxi207 dnsmasq[980023]: read /opt/stack/data/neutron/dhcp/d48b7d84-137f-4bbc-9b32-ffe8c328bfe5/addn_hosts - 4 names
Oct 16 18:31:52.079377 podb-esxi207 dnsmasq-dhcp[980023]: read /opt/stack/data/neutron/dhcp/d48b7d84-137f-4bbc-9b32-ffe8c328bfe5/host
Oct 16 18:31:52.079459 podb-esxi207 dnsmasq-dhcp[980023]: read /opt/stack/data/neutron/dhcp/d48b7d84-137f-4bbc-9b32-ffe8c328bfe5/opts
Oct 16 18:31:52.803526 podb-esxi207 dnsmasq[980183]: read /opt/stack/data/neutron/dhcp/ca7b4a9d-877a-4739-b79b-49eda91f73b0/addn_hosts - 2 names
Oct 16 18:31:52.803604 podb-esxi207 dnsmasq-dhcp[980183]: read /opt/stack/data/neutron/dhcp/ca7b4a9d-877a-4739-b79b-49eda91f73b0/host
Oct 16 18:31:52.803694 podb-esxi207 dnsmasq-dhcp[980183]: read /opt/stack/data/neutron/dhcp/ca7b4a9d-877a-4739-b79b-49eda91f73b0/opts
Oct 16 18:31:53.286544 podb-esxi207 dnsmasq-dhcp[979836]: DHCPDISCOVER(tapc431023f-b3) fa:16:3e:2a:0b:b6
Oct 16 18:31:53.286573 podb-esxi207 dnsmasq-dhcp[979836]: DHCPOFFER(tapc431023f-b3) 10.1.0.3 fa:16:3e:2a:0b:b6
Oct 16 18:31:53.296790 podb-esxi207 dnsmasq-dhcp[979836]: DHCPREQUEST(tapc431023f-b3) 10.1.0.3 fa:16:3e:2a:0b:b6
Oct 16 18:31:53.296823 podb-esxi207 dnsmasq-dhcp[979836]: DHCPACK(tapc431023f-b3) 10.1.0.3 fa:16:3e:2a:0b:b6 host-10-1-0-3
Oct 16 18:31:55.477285 podb-esxi207 dnsmasq[980480]: started, version 2.90 cachesize 150
Oct 16 18:31:55.477308 podb-esxi207 dnsmasq[980480]: DNS service limited to local subnets
Oct 16 18:31:55.477322 podb-esxi207 dnsmasq[980480]: compile time options: IPv6 GNU-getopt DBus no-UBus i18n IDN2 DHCP DHCPv6 no-Lua TFTP conntrack ipset no-nftset auth cryptohash DNSSEC loop-detect inotify dumpfile
Oct 16 18:31:55.477360 podb-esxi207 dnsmasq-dhcp[980480]: DHCP, static leases only on 10.1.1.0, lease time 1d
Oct 16 18:31:55.477511 podb-esxi207 dnsmasq[980480]: reading /etc/resolv.conf
Oct 16 18:31:55.477527 podb-esxi207 dnsmasq[980480]: using nameserver 127.0.0.53#53
Oct 16 18:31:55.477640 podb-esxi207 dnsmasq[980480]: read /opt/stack/data/neutron/dhcp/8b4ab435-8130-4111-9a9d-e330d8cd53b6/addn_hosts - 4 names
Oct 16 18:31:55.477698 podb-esxi207 dnsmasq-dhcp[980480]: read /opt/stack/data/neutron/dhcp/8b4ab435-8130-4111-9a9d-e330d8cd53b6/host
Oct 16 18:31:55.477740 podb-esxi207 dnsmasq-dhcp[980480]: read /opt/stack/data/neutron/dhcp/8b4ab435-8130-4111-9a9d-e330d8cd53b6/opts
Oct 16 18:31:57.894797 podb-esxi207 dnsmasq-dhcp[980023]: DHCPDISCOVER(tap697caa40-be) fa:16:3e:30:05:61
Oct 16 18:31:57.894826 podb-esxi207 dnsmasq-dhcp[980023]: DHCPOFFER(tap697caa40-be) 10.1.0.14 fa:16:3e:30:05:61
Oct 16 18:31:57.907011 podb-esxi207 dnsmasq-dhcp[980023]: DHCPREQUEST(tap697caa40-be) 10.1.0.14 fa:16:3e:30:05:61
Oct 16 18:31:57.907046 podb-esxi207 dnsmasq-dhcp[980023]: DHCPACK(tap697caa40-be) 10.1.0.14 fa:16:3e:30:05:61 host-10-1-0-14
Oct 16 18:31:58.571140 podb-esxi207 dnsmasq[980532]: started, version 2.90 cachesize 150
Oct 16 18:31:58.571168 podb-esxi207 dnsmasq[980532]: DNS service limited to local subnets
Oct 16 18:31:58.571183 podb-esxi207 dnsmasq[980532]: compile time options: IPv6 GNU-getopt DBus no-UBus i18n IDN2 DHCP DHCPv6 no-Lua TFTP conntrack ipset no-nftset auth cryptohash DNSSEC loop-detect inotify dumpfile
Oct 16 18:31:58.571221 podb-esxi207 dnsmasq-dhcp[980532]: DHCP, static leases only on 10.2.2.0, lease time 1d
Oct 16 18:31:58.571383 podb-esxi207 dnsmasq[980532]: reading /etc/resolv.conf
Oct 16 18:31:58.571400 podb-esxi207 dnsmasq[980532]: using nameserver 127.0.0.53#53
Oct 16 18:31:58.571488 podb-esxi207 dnsmasq[980532]: read /opt/stack/data/neutron/dhcp/2c8608ff-1a41-4f97-8f99-c68d49bb5c38/addn_hosts - 0 names
Oct 16 18:31:58.571541 podb-esxi207 dnsmasq-dhcp[980532]: read /opt/stack/data/neutron/dhcp/2c8608ff-1a41-4f97-8f99-c68d49bb5c38/host
Oct 16 18:31:58.571599 podb-esxi207 dnsmasq-dhcp[980532]: read /opt/stack/data/neutron/dhcp/2c8608ff-1a41-4f97-8f99-c68d49bb5c38/opts
Oct 16 18:31:59.108149 podb-esxi207 dnsmasq[979836]: read /opt/stack/data/neutron/dhcp/029900d7-cf77-41c3-83ae-6df72f82f4de/addn_hosts - 4 names
Oct 16 18:31:59.108258 podb-esxi207 dnsmasq-dhcp[979836]: read /opt/stack/data/neutron/dhcp/029900d7-cf77-41c3-83ae-6df72f82f4de/host
Oct 16 18:31:59.108362 podb-esxi207 dnsmasq-dhcp[979836]: read /opt/stack/data/neutron/dhcp/029900d7-cf77-41c3-83ae-6df72f82f4de/opts
Oct 16 18:31:59.853629 podb-esxi207 dnsmasq[980023]: read /opt/stack/data/neutron/dhcp/d48b7d84-137f-4bbc-9b32-ffe8c328bfe5/addn_hosts - 4 names
Oct 16 18:31:59.853742 podb-esxi207 dnsmasq-dhcp[980023]: read /opt/stack/data/neutron/dhcp/d48b7d84-137f-4bbc-9b32-ffe8c328bfe5/host
Oct 16 18:31:59.853849 podb-esxi207 dnsmasq-dhcp[980023]: read /opt/stack/data/neutron/dhcp/d48b7d84-137f-4bbc-9b32-ffe8c328bfe5/opts
Oct 16 18:32:01.120723 podb-esxi207 dnsmasq[980480]: read /opt/stack/data/neutron/dhcp/8b4ab435-8130-4111-9a9d-e330d8cd53b6/addn_hosts - 8 names
Oct 16 18:32:01.120854 podb-esxi207 dnsmasq-dhcp[980480]: read /opt/stack/data/neutron/dhcp/8b4ab435-8130-4111-9a9d-e330d8cd53b6/host
Oct 16 18:32:01.120937 podb-esxi207 dnsmasq-dhcp[980480]: read /opt/stack/data/neutron/dhcp/8b4ab435-8130-4111-9a9d-e330d8cd53b6/opts
Oct 16 18:32:02.862018 podb-esxi207 dnsmasq[980532]: read /opt/stack/data/neutron/dhcp/2c8608ff-1a41-4f97-8f99-c68d49bb5c38/addn_hosts - 4 names
Oct 16 18:32:02.862149 podb-esxi207 dnsmasq-dhcp[980532]: read /opt/stack/data/neutron/dhcp/2c8608ff-1a41-4f97-8f99-c68d49bb5c38/host
Oct 16 18:32:02.862231 podb-esxi207 dnsmasq-dhcp[980532]: read /opt/stack/data/neutron/dhcp/2c8608ff-1a41-4f97-8f99-c68d49bb5c38/opts
Oct 16 18:32:03.610677 podb-esxi207 dnsmasq[979528]: read /opt/stack/data/neutron/dhcp/bc21d974-5bd1-43ce-89ee-0ca384499ba9/addn_hosts - 4 names
Oct 16 18:32:03.610827 podb-esxi207 dnsmasq-dhcp[979528]: read /opt/stack/data/neutron/dhcp/bc21d974-5bd1-43ce-89ee-0ca384499ba9/host
Oct 16 18:32:03.610935 podb-esxi207 dnsmasq-dhcp[979528]: read /opt/stack/data/neutron/dhcp/bc21d974-5bd1-43ce-89ee-0ca384499ba9/opts
Oct 16 18:32:04.366577 podb-esxi207 dnsmasq[980480]: read /opt/stack/data/neutron/dhcp/8b4ab435-8130-4111-9a9d-e330d8cd53b6/addn_hosts - 8 names
Oct 16 18:32:04.366710 podb-esxi207 dnsmasq-dhcp[980480]: read /opt/stack/data/neutron/dhcp/8b4ab435-8130-4111-9a9d-e330d8cd53b6/host
Oct 16 18:32:04.366797 podb-esxi207 dnsmasq-dhcp[980480]: read /opt/stack/data/neutron/dhcp/8b4ab435-8130-4111-9a9d-e330d8cd53b6/opts
Oct 16 18:32:05.623825 podb-esxi207 dnsmasq[980532]: read /opt/stack/data/neutron/dhcp/2c8608ff-1a41-4f97-8f99-c68d49bb5c38/addn_hosts - 4 names
Oct 16 18:32:05.623961 podb-esxi207 dnsmasq-dhcp[980532]: read /opt/stack/data/neutron/dhcp/2c8608ff-1a41-4f97-8f99-c68d49bb5c38/host
Oct 16 18:32:05.624053 podb-esxi207 dnsmasq-dhcp[980532]: read /opt/stack/data/neutron/dhcp/2c8608ff-1a41-4f97-8f99-c68d49bb5c38/opts
Oct 16 18:32:06.376481 podb-esxi207 dnsmasq[980480]: read /opt/stack/data/neutron/dhcp/8b4ab435-8130-4111-9a9d-e330d8cd53b6/addn_hosts - 8 names
Oct 16 18:32:06.376624 podb-esxi207 dnsmasq-dhcp[980480]: read /opt/stack/data/neutron/dhcp/8b4ab435-8130-4111-9a9d-e330d8cd53b6/host
Oct 16 18:32:06.376828 podb-esxi207 dnsmasq-dhcp[980480]: read /opt/stack/data/neutron/dhcp/8b4ab435-8130-4111-9a9d-e330d8cd53b6/opts
Oct 16 18:32:07.640485 podb-esxi207 dnsmasq[980532]: read /opt/stack/data/neutron/dhcp/2c8608ff-1a41-4f97-8f99-c68d49bb5c38/addn_hosts - 4 names
Oct 16 18:32:07.640620 podb-esxi207 dnsmasq-dhcp[980532]: read /opt/stack/data/neutron/dhcp/2c8608ff-1a41-4f97-8f99-c68d49bb5c38/host
Oct 16 18:32:07.640730 podb-esxi207 dnsmasq-dhcp[980532]: read /opt/stack/data/neutron/dhcp/2c8608ff-1a41-4f97-8f99-c68d49bb5c38/opts
Oct 16 18:32:08.387698 podb-esxi207 dnsmasq[980480]: read /opt/stack/data/neutron/dhcp/8b4ab435-8130-4111-9a9d-e330d8cd53b6/addn_hosts - 8 names
Oct 16 18:32:08.387854 podb-esxi207 dnsmasq-dhcp[980480]: read /opt/stack/data/neutron/dhcp/8b4ab435-8130-4111-9a9d-e330d8cd53b6/host
Oct 16 18:32:08.387950 podb-esxi207 dnsmasq-dhcp[980480]: read /opt/stack/data/neutron/dhcp/8b4ab435-8130-4111-9a9d-e330d8cd53b6/opts
Oct 16 18:32:09.651386 podb-esxi207 dnsmasq[980480]: read /opt/stack/data/neutron/dhcp/8b4ab435-8130-4111-9a9d-e330d8cd53b6/addn_hosts - 8 names
Oct 16 18:32:09.651543 podb-esxi207 dnsmasq-dhcp[980480]: read /opt/stack/data/neutron/dhcp/8b4ab435-8130-4111-9a9d-e330d8cd53b6/host
Oct 16 18:32:09.651630 podb-esxi207 dnsmasq-dhcp[980480]: read /opt/stack/data/neutron/dhcp/8b4ab435-8130-4111-9a9d-e330d8cd53b6/opts
Oct 16 18:32:40.581316 podb-esxi207 dnsmasq[980023]: read /opt/stack/data/neutron/dhcp/d48b7d84-137f-4bbc-9b32-ffe8c328bfe5/addn_hosts - 6 names
Oct 16 18:32:40.581428 podb-esxi207 dnsmasq-dhcp[980023]: read /opt/stack/data/neutron/dhcp/d48b7d84-137f-4bbc-9b32-ffe8c328bfe5/host
Oct 16 18:32:40.581527 podb-esxi207 dnsmasq-dhcp[980023]: read /opt/stack/data/neutron/dhcp/d48b7d84-137f-4bbc-9b32-ffe8c328bfe5/opts
Oct 16 18:32:51.307644 podb-esxi207 dnsmasq-dhcp[980480]: DHCPDISCOVER(tap9ec0f1af-2c) fa:16:3e:c0:42:3e
Oct 16 18:32:51.307670 podb-esxi207 dnsmasq-dhcp[980480]: DHCPOFFER(tap9ec0f1af-2c) 10.1.1.99 fa:16:3e:c0:42:3e
Oct 16 18:32:51.414823 podb-esxi207 dnsmasq-dhcp[980480]: DHCPREQUEST(tap9ec0f1af-2c) 10.1.1.99 fa:16:3e:c0:42:3e
Oct 16 18:32:51.414856 podb-esxi207 dnsmasq-dhcp[980480]: DHCPACK(tap9ec0f1af-2c) 10.1.1.99 fa:16:3e:c0:42:3e host-10-1-1-99
Oct 16 18:32:51.537012 podb-esxi207 dnsmasq-dhcp[980480]: DHCPDISCOVER(tap9ec0f1af-2c) fa:16:3e:91:2a:ed
Oct 16 18:32:51.537037 podb-esxi207 dnsmasq-dhcp[980480]: DHCPOFFER(tap9ec0f1af-2c) 10.1.1.116 fa:16:3e:91:2a:ed
Oct 16 18:32:51.657709 podb-esxi207 dnsmasq-dhcp[980480]: DHCPREQUEST(tap9ec0f1af-2c) 10.1.1.116 fa:16:3e:91:2a:ed
Oct 16 18:32:51.657741 podb-esxi207 dnsmasq-dhcp[980480]: DHCPACK(tap9ec0f1af-2c) 10.1.1.116 fa:16:3e:91:2a:ed host-10-1-1-116
Oct 16 18:32:51.716344 podb-esxi207 dnsmasq-dhcp[979528]: DHCPDISCOVER(tap0b8b3f3f-89) fa:16:3e:e7:73:e5
Oct 16 18:32:51.716368 podb-esxi207 dnsmasq-dhcp[979528]: DHCPOFFER(tap0b8b3f3f-89) 10.1.0.6 fa:16:3e:e7:73:e5
Oct 16 18:32:51.733392 podb-esxi207 dnsmasq-dhcp[979528]: DHCPREQUEST(tap0b8b3f3f-89) 10.1.0.6 fa:16:3e:e7:73:e5
Oct 16 18:32:51.733416 podb-esxi207 dnsmasq-dhcp[979528]: DHCPACK(tap0b8b3f3f-89) 10.1.0.6 fa:16:3e:e7:73:e5 host-10-1-0-6
Oct 16 18:32:51.828052 podb-esxi207 dnsmasq-dhcp[980480]: DHCPDISCOVER(tap9ec0f1af-2c) fa:16:3e:d0:19:bc
Oct 16 18:32:51.828082 podb-esxi207 dnsmasq-dhcp[980480]: DHCPOFFER(tap9ec0f1af-2c) 10.1.1.30 fa:16:3e:d0:19:bc
Oct 16 18:32:51.835237 podb-esxi207 dnsmasq-dhcp[980480]: DHCPREQUEST(tap9ec0f1af-2c) 10.1.1.30 fa:16:3e:d0:19:bc
Oct 16 18:32:51.835267 podb-esxi207 dnsmasq-dhcp[980480]: DHCPACK(tap9ec0f1af-2c) 10.1.1.30 fa:16:3e:d0:19:bc host-10-1-1-30
Oct 16 18:32:51.929101 podb-esxi207 dnsmasq-dhcp[980532]: DHCPDISCOVER(tap14d7a546-7a) fa:16:3e:fd:a7:6d
Oct 16 18:32:51.929126 podb-esxi207 dnsmasq-dhcp[980532]: DHCPOFFER(tap14d7a546-7a) 10.2.2.100 fa:16:3e:fd:a7:6d
Oct 16 18:32:51.933379 podb-esxi207 dnsmasq-dhcp[980532]: DHCPREQUEST(tap14d7a546-7a) 10.2.2.100 fa:16:3e:fd:a7:6d
Oct 16 18:32:51.933403 podb-esxi207 dnsmasq-dhcp[980532]: DHCPACK(tap14d7a546-7a) 10.2.2.100 fa:16:3e:fd:a7:6d host-10-2-2-100
Oct 16 18:32:52.401577 podb-esxi207 dnsmasq-dhcp[980532]: DHCPDISCOVER(tap14d7a546-7a) fa:16:3e:18:3e:89
Oct 16 18:32:52.401604 podb-esxi207 dnsmasq-dhcp[980532]: DHCPOFFER(tap14d7a546-7a) 10.2.2.200 fa:16:3e:18:3e:89
Oct 16 18:32:52.404992 podb-esxi207 dnsmasq-dhcp[980532]: DHCPREQUEST(tap14d7a546-7a) 10.2.2.200 fa:16:3e:18:3e:89
Oct 16 18:32:52.405017 podb-esxi207 dnsmasq-dhcp[980532]: DHCPACK(tap14d7a546-7a) 10.2.2.200 fa:16:3e:18:3e:89 host-10-2-2-200
Oct 16 18:32:52.921364 podb-esxi207 dnsmasq-dhcp[980480]: DHCPDISCOVER(tap9ec0f1af-2c) fa:16:3e:60:8f:28
Oct 16 18:32:52.921389 podb-esxi207 dnsmasq-dhcp[980480]: DHCPOFFER(tap9ec0f1af-2c) 10.1.1.129 fa:16:3e:60:8f:28
Oct 16 18:32:52.924545 podb-esxi207 dnsmasq-dhcp[980480]: DHCPREQUEST(tap9ec0f1af-2c) 10.1.1.129 fa:16:3e:60:8f:28
Oct 16 18:32:52.924569 podb-esxi207 dnsmasq-dhcp[980480]: DHCPACK(tap9ec0f1af-2c) 10.1.1.129 fa:16:3e:60:8f:28 host-10-1-1-129
Oct 16 18:33:01.327615 podb-esxi207 dnsmasq-dhcp[980023]: DHCPDISCOVER(tap697caa40-be) fa:16:3e:43:09:b5
Oct 16 18:33:01.327645 podb-esxi207 dnsmasq-dhcp[980023]: DHCPOFFER(tap697caa40-be) 10.1.0.13 fa:16:3e:43:09:b5
Oct 16 18:33:01.342048 podb-esxi207 dnsmasq-dhcp[980023]: DHCPREQUEST(tap697caa40-be) 10.1.0.13 fa:16:3e:43:09:b5
Oct 16 18:33:01.342071 podb-esxi207 dnsmasq-dhcp[980023]: DHCPACK(tap697caa40-be) 10.1.0.13 fa:16:3e:43:09:b5 host-10-1-0-13
Oct 16 18:33:09.659334 podb-esxi207 dnsmasq-dhcp[980480]: DHCPRELEASE(tap9ec0f1af-2c) 10.1.1.129 fa:16:3e:60:8f:28
Oct 16 18:33:09.684104 podb-esxi207 dnsmasq-dhcp[980480]: DHCPRELEASE(tap9ec0f1af-2c) 10.1.1.129 fa:16:3e:60:8f:28 unknown lease
Oct 16 18:33:10.508970 podb-esxi207 dnsmasq[980480]: read /opt/stack/data/neutron/dhcp/8b4ab435-8130-4111-9a9d-e330d8cd53b6/addn_hosts - 6 names
Oct 16 18:33:10.509085 podb-esxi207 dnsmasq-dhcp[980480]: read /opt/stack/data/neutron/dhcp/8b4ab435-8130-4111-9a9d-e330d8cd53b6/host
Oct 16 18:33:10.509169 podb-esxi207 dnsmasq-dhcp[980480]: read /opt/stack/data/neutron/dhcp/8b4ab435-8130-4111-9a9d-e330d8cd53b6/opts
Oct 16 18:33:10.752778 podb-esxi207 dnsmasq-dhcp[980532]: DHCPRELEASE(tap14d7a546-7a) 10.2.2.200 fa:16:3e:18:3e:89
Oct 16 18:33:10.771141 podb-esxi207 dnsmasq-dhcp[980532]: DHCPRELEASE(tap14d7a546-7a) 10.2.2.200 fa:16:3e:18:3e:89 unknown lease
Oct 16 18:33:11.594501 podb-esxi207 dnsmasq[980532]: read /opt/stack/data/neutron/dhcp/2c8608ff-1a41-4f97-8f99-c68d49bb5c38/addn_hosts - 2 names
Oct 16 18:33:11.594603 podb-esxi207 dnsmasq-dhcp[980532]: read /opt/stack/data/neutron/dhcp/2c8608ff-1a41-4f97-8f99-c68d49bb5c38/host
Oct 16 18:33:11.594682 podb-esxi207 dnsmasq-dhcp[980532]: read /opt/stack/data/neutron/dhcp/2c8608ff-1a41-4f97-8f99-c68d49bb5c38/opts
Oct 16 18:33:11.811672 podb-esxi207 dnsmasq-dhcp[979528]: DHCPRELEASE(tap0b8b3f3f-89) 10.1.0.6 fa:16:3e:e7:73:e5
Oct 16 18:33:11.827843 podb-esxi207 dnsmasq-dhcp[979528]: DHCPRELEASE(tap0b8b3f3f-89) 10.1.0.6 fa:16:3e:e7:73:e5 unknown lease
Oct 16 18:33:12.651342 podb-esxi207 dnsmasq[979528]: read /opt/stack/data/neutron/dhcp/bc21d974-5bd1-43ce-89ee-0ca384499ba9/addn_hosts - 2 names
Oct 16 18:33:12.651458 podb-esxi207 dnsmasq-dhcp[979528]: read /opt/stack/data/neutron/dhcp/bc21d974-5bd1-43ce-89ee-0ca384499ba9/host
Oct 16 18:33:12.651567 podb-esxi207 dnsmasq-dhcp[979528]: read /opt/stack/data/neutron/dhcp/bc21d974-5bd1-43ce-89ee-0ca384499ba9/opts
Oct 16 18:33:12.883081 podb-esxi207 dnsmasq-dhcp[980480]: DHCPRELEASE(tap9ec0f1af-2c) 10.1.1.116 fa:16:3e:91:2a:ed
Oct 16 18:33:12.898750 podb-esxi207 dnsmasq-dhcp[980480]: DHCPRELEASE(tap9ec0f1af-2c) 10.1.1.116 fa:16:3e:91:2a:ed unknown lease
Oct 16 18:33:13.721233 podb-esxi207 dnsmasq[980480]: read /opt/stack/data/neutron/dhcp/8b4ab435-8130-4111-9a9d-e330d8cd53b6/addn_hosts - 4 names
Oct 16 18:33:13.721343 podb-esxi207 dnsmasq-dhcp[980480]: read /opt/stack/data/neutron/dhcp/8b4ab435-8130-4111-9a9d-e330d8cd53b6/host
Oct 16 18:33:13.721431 podb-esxi207 dnsmasq-dhcp[980480]: read /opt/stack/data/neutron/dhcp/8b4ab435-8130-4111-9a9d-e330d8cd53b6/opts
Oct 16 18:33:13.945479 podb-esxi207 dnsmasq-dhcp[980532]: DHCPRELEASE(tap14d7a546-7a) 10.2.2.100 fa:16:3e:fd:a7:6d
Oct 16 18:33:13.961459 podb-esxi207 dnsmasq-dhcp[980532]: DHCPRELEASE(tap14d7a546-7a) 10.2.2.100 fa:16:3e:fd:a7:6d unknown lease
Oct 16 18:33:14.783347 podb-esxi207 dnsmasq[980532]: read /opt/stack/data/neutron/dhcp/2c8608ff-1a41-4f97-8f99-c68d49bb5c38/addn_hosts - 0 names
Oct 16 18:33:14.783417 podb-esxi207 dnsmasq-dhcp[980532]: read /opt/stack/data/neutron/dhcp/2c8608ff-1a41-4f97-8f99-c68d49bb5c38/host
Oct 16 18:33:14.783501 podb-esxi207 dnsmasq-dhcp[980532]: read /opt/stack/data/neutron/dhcp/2c8608ff-1a41-4f97-8f99-c68d49bb5c38/opts
Oct 16 18:33:22.090928 podb-esxi207 dnsmasq-dhcp[980480]: DHCPRELEASE(tap9ec0f1af-2c) 10.1.1.99 fa:16:3e:c0:42:3e
Oct 16 18:33:22.106468 podb-esxi207 dnsmasq-dhcp[980480]: DHCPRELEASE(tap9ec0f1af-2c) 10.1.1.99 fa:16:3e:c0:42:3e unknown lease
Oct 16 18:33:22.928754 podb-esxi207 dnsmasq[980480]: read /opt/stack/data/neutron/dhcp/8b4ab435-8130-4111-9a9d-e330d8cd53b6/addn_hosts - 2 names
Oct 16 18:33:22.928835 podb-esxi207 dnsmasq-dhcp[980480]: read /opt/stack/data/neutron/dhcp/8b4ab435-8130-4111-9a9d-e330d8cd53b6/host
Oct 16 18:33:22.928883 podb-esxi207 dnsmasq-dhcp[980480]: read /opt/stack/data/neutron/dhcp/8b4ab435-8130-4111-9a9d-e330d8cd53b6/opts
Oct 16 18:33:23.510519 podb-esxi207 dnsmasq-dhcp[977996]: DHCPREQUEST(tap3f9efc1f-a8) 10.1.0.3 fa:16:3e:d6:d7:1d
Oct 16 18:33:23.510551 podb-esxi207 dnsmasq-dhcp[977996]: DHCPACK(tap3f9efc1f-a8) 10.1.0.3 fa:16:3e:d6:d7:1d host-10-1-0-3
Oct 16 18:33:23.651979 podb-esxi207 dnsmasq[980480]: exiting on receipt of SIGTERM
Oct 16 18:33:24.254234 podb-esxi207 dnsmasq[980532]: exiting on receipt of SIGTERM
Oct 16 18:33:31.276533 podb-esxi207 dnsmasq-dhcp[979836]: DHCPREQUEST(tapc431023f-b3) 10.1.0.3 fa:16:3e:2a:0b:b6
Oct 16 18:33:31.276564 podb-esxi207 dnsmasq-dhcp[979836]: DHCPACK(tapc431023f-b3) 10.1.0.3 fa:16:3e:2a:0b:b6 host-10-1-0-3
Oct 16 18:33:37.629821 podb-esxi207 dnsmasq-dhcp[979528]: DHCPRELEASE(tap0b8b3f3f-89) 10.1.0.1 fa:16:3e:9b:77:9a
Oct 16 18:33:38.452416 podb-esxi207 dnsmasq[979528]: read /opt/stack/data/neutron/dhcp/bc21d974-5bd1-43ce-89ee-0ca384499ba9/addn_hosts - 0 names
Oct 16 18:33:38.452450 podb-esxi207 dnsmasq-dhcp[979528]: read /opt/stack/data/neutron/dhcp/bc21d974-5bd1-43ce-89ee-0ca384499ba9/host
Oct 16 18:33:38.452478 podb-esxi207 dnsmasq-dhcp[979528]: read /opt/stack/data/neutron/dhcp/bc21d974-5bd1-43ce-89ee-0ca384499ba9/opts
Oct 16 18:33:38.699284 podb-esxi207 dnsmasq[979528]: exiting on receipt of SIGTERM
Oct 16 18:33:39.403505 podb-esxi207 dnsmasq-dhcp[980183]: DHCPRELEASE(tap4d5be5d2-ae) 10.1.0.1 fa:16:3e:72:a9:da
Oct 16 18:33:40.227157 podb-esxi207 dnsmasq[980183]: read /opt/stack/data/neutron/dhcp/ca7b4a9d-877a-4739-b79b-49eda91f73b0/addn_hosts - 0 names
Oct 16 18:33:40.227253 podb-esxi207 dnsmasq-dhcp[980183]: read /opt/stack/data/neutron/dhcp/ca7b4a9d-877a-4739-b79b-49eda91f73b0/host
Oct 16 18:33:40.227354 podb-esxi207 dnsmasq-dhcp[980183]: read /opt/stack/data/neutron/dhcp/ca7b4a9d-877a-4739-b79b-49eda91f73b0/opts
Oct 16 18:33:40.985869 podb-esxi207 dnsmasq[980183]: exiting on receipt of SIGTERM
Oct 16 18:33:45.261487 podb-esxi207 dnsmasq[983795]: started, version 2.90 cachesize 150
Oct 16 18:33:45.261513 podb-esxi207 dnsmasq[983795]: DNS service limited to local subnets
Oct 16 18:33:45.261528 podb-esxi207 dnsmasq[983795]: compile time options: IPv6 GNU-getopt DBus no-UBus i18n IDN2 DHCP DHCPv6 no-Lua TFTP conntrack ipset no-nftset auth cryptohash DNSSEC loop-detect inotify dumpfile
Oct 16 18:33:45.261569 podb-esxi207 dnsmasq-dhcp[983795]: DHCP, static leases only on 10.1.0.0, lease time 1d
Oct 16 18:33:45.261724 podb-esxi207 dnsmasq[983795]: reading /etc/resolv.conf
Oct 16 18:33:45.261741 podb-esxi207 dnsmasq[983795]: using nameserver 127.0.0.53#53
Oct 16 18:33:45.261831 podb-esxi207 dnsmasq[983795]: read /opt/stack/data/neutron/dhcp/9695c1ee-2a3a-4812-bd00-7a5c7339164e/addn_hosts - 0 names
Oct 16 18:33:45.261884 podb-esxi207 dnsmasq-dhcp[983795]: read /opt/stack/data/neutron/dhcp/9695c1ee-2a3a-4812-bd00-7a5c7339164e/host
Oct 16 18:33:45.261943 podb-esxi207 dnsmasq-dhcp[983795]: read /opt/stack/data/neutron/dhcp/9695c1ee-2a3a-4812-bd00-7a5c7339164e/opts
Oct 16 18:33:46.811427 podb-esxi207 dnsmasq[983795]: read /opt/stack/data/neutron/dhcp/9695c1ee-2a3a-4812-bd00-7a5c7339164e/addn_hosts - 2 names
Oct 16 18:33:46.811539 podb-esxi207 dnsmasq-dhcp[983795]: read /opt/stack/data/neutron/dhcp/9695c1ee-2a3a-4812-bd00-7a5c7339164e/host
Oct 16 18:33:46.811647 podb-esxi207 dnsmasq-dhcp[983795]: read /opt/stack/data/neutron/dhcp/9695c1ee-2a3a-4812-bd00-7a5c7339164e/opts
Oct 16 18:33:48.072421 podb-esxi207 dnsmasq[983795]: read /opt/stack/data/neutron/dhcp/9695c1ee-2a3a-4812-bd00-7a5c7339164e/addn_hosts - 2 names
Oct 16 18:33:48.072517 podb-esxi207 dnsmasq-dhcp[983795]: read /opt/stack/data/neutron/dhcp/9695c1ee-2a3a-4812-bd00-7a5c7339164e/host
Oct 16 18:33:48.072609 podb-esxi207 dnsmasq-dhcp[983795]: read /opt/stack/data/neutron/dhcp/9695c1ee-2a3a-4812-bd00-7a5c7339164e/opts
Oct 16 18:33:49.346088 podb-esxi207 dnsmasq[983795]: read /opt/stack/data/neutron/dhcp/9695c1ee-2a3a-4812-bd00-7a5c7339164e/addn_hosts - 2 names
Oct 16 18:33:49.346203 podb-esxi207 dnsmasq-dhcp[983795]: read /opt/stack/data/neutron/dhcp/9695c1ee-2a3a-4812-bd00-7a5c7339164e/host
Oct 16 18:33:49.346312 podb-esxi207 dnsmasq-dhcp[983795]: read /opt/stack/data/neutron/dhcp/9695c1ee-2a3a-4812-bd00-7a5c7339164e/opts
Oct 16 18:34:09.298113 podb-esxi207 dnsmasq[983795]: read /opt/stack/data/neutron/dhcp/9695c1ee-2a3a-4812-bd00-7a5c7339164e/addn_hosts - 4 names
Oct 16 18:34:09.298242 podb-esxi207 dnsmasq-dhcp[983795]: read /opt/stack/data/neutron/dhcp/9695c1ee-2a3a-4812-bd00-7a5c7339164e/host
Oct 16 18:34:09.298349 podb-esxi207 dnsmasq-dhcp[983795]: read /opt/stack/data/neutron/dhcp/9695c1ee-2a3a-4812-bd00-7a5c7339164e/opts
Oct 16 18:34:24.171224 podb-esxi207 dnsmasq-dhcp[980023]: DHCPDISCOVER(tap697caa40-be) fa:16:3e:43:09:b5
Oct 16 18:34:24.171251 podb-esxi207 dnsmasq-dhcp[980023]: DHCPOFFER(tap697caa40-be) 10.1.0.13 fa:16:3e:43:09:b5
Oct 16 18:34:24.182192 podb-esxi207 dnsmasq-dhcp[980023]: DHCPREQUEST(tap697caa40-be) 10.1.0.13 fa:16:3e:43:09:b5
Oct 16 18:34:24.182223 podb-esxi207 dnsmasq-dhcp[980023]: DHCPACK(tap697caa40-be) 10.1.0.13 fa:16:3e:43:09:b5 host-10-1-0-13
Oct 16 18:34:27.979134 podb-esxi207 dnsmasq-dhcp[977996]: DHCPRELEASE(tap3f9efc1f-a8) 10.1.0.3 fa:16:3e:d6:d7:1d
Oct 16 18:34:27.995057 podb-esxi207 dnsmasq-dhcp[977996]: DHCPRELEASE(tap3f9efc1f-a8) 10.1.0.3 fa:16:3e:d6:d7:1d unknown lease
Oct 16 18:34:28.818494 podb-esxi207 dnsmasq[977996]: read /opt/stack/data/neutron/dhcp/5c28b4ba-9905-4e38-bd4b-65fb46653309/addn_hosts - 2 names
Oct 16 18:34:28.818572 podb-esxi207 dnsmasq-dhcp[977996]: read /opt/stack/data/neutron/dhcp/5c28b4ba-9905-4e38-bd4b-65fb46653309/host
Oct 16 18:34:28.818681 podb-esxi207 dnsmasq-dhcp[977996]: read /opt/stack/data/neutron/dhcp/5c28b4ba-9905-4e38-bd4b-65fb46653309/opts
Oct 16 18:34:29.555510 podb-esxi207 dnsmasq[983795]: read /opt/stack/data/neutron/dhcp/9695c1ee-2a3a-4812-bd00-7a5c7339164e/addn_hosts - 6 names
Oct 16 18:34:29.555630 podb-esxi207 dnsmasq-dhcp[983795]: read /opt/stack/data/neutron/dhcp/9695c1ee-2a3a-4812-bd00-7a5c7339164e/host
Oct 16 18:34:29.555731 podb-esxi207 dnsmasq-dhcp[983795]: read /opt/stack/data/neutron/dhcp/9695c1ee-2a3a-4812-bd00-7a5c7339164e/opts
Oct 16 18:34:35.341025 podb-esxi207 dnsmasq-dhcp[979836]: DHCPRELEASE(tapc431023f-b3) 10.1.0.3 fa:16:3e:2a:0b:b6
Oct 16 18:34:35.357045 podb-esxi207 dnsmasq-dhcp[979836]: DHCPRELEASE(tapc431023f-b3) 10.1.0.3 fa:16:3e:2a:0b:b6 unknown lease
Oct 16 18:34:36.179865 podb-esxi207 dnsmasq[979836]: read /opt/stack/data/neutron/dhcp/029900d7-cf77-41c3-83ae-6df72f82f4de/addn_hosts - 2 names
Oct 16 18:34:36.179968 podb-esxi207 dnsmasq-dhcp[979836]: read /opt/stack/data/neutron/dhcp/029900d7-cf77-41c3-83ae-6df72f82f4de/host
Oct 16 18:34:36.180077 podb-esxi207 dnsmasq-dhcp[979836]: read /opt/stack/data/neutron/dhcp/029900d7-cf77-41c3-83ae-6df72f82f4de/opts
Oct 16 18:34:37.273524 podb-esxi207 dnsmasq-dhcp[983795]: DHCPDISCOVER(tap07077d5e-4e) fa:16:3e:d2:ed:3c
Oct 16 18:34:37.273554 podb-esxi207 dnsmasq-dhcp[983795]: DHCPOFFER(tap07077d5e-4e) 10.1.0.13 fa:16:3e:d2:ed:3c
Oct 16 18:34:37.285679 podb-esxi207 dnsmasq-dhcp[983795]: DHCPREQUEST(tap07077d5e-4e) 10.1.0.13 fa:16:3e:d2:ed:3c
Oct 16 18:34:37.285717 podb-esxi207 dnsmasq-dhcp[983795]: DHCPACK(tap07077d5e-4e) 10.1.0.13 fa:16:3e:d2:ed:3c host-10-1-0-13
Oct 16 18:34:37.550344 podb-esxi207 dnsmasq[977996]: read /opt/stack/data/neutron/dhcp/5c28b4ba-9905-4e38-bd4b-65fb46653309/addn_hosts - 0 names
Oct 16 18:34:37.550424 podb-esxi207 dnsmasq-dhcp[977996]: read /opt/stack/data/neutron/dhcp/5c28b4ba-9905-4e38-bd4b-65fb46653309/host
Oct 16 18:34:37.550495 podb-esxi207 dnsmasq-dhcp[977996]: read /opt/stack/data/neutron/dhcp/5c28b4ba-9905-4e38-bd4b-65fb46653309/opts
Oct 16 18:34:38.381773 podb-esxi207 dnsmasq[977996]: exiting on receipt of SIGTERM
Oct 16 18:34:42.162604 podb-esxi207 dnsmasq[983795]: read /opt/stack/data/neutron/dhcp/9695c1ee-2a3a-4812-bd00-7a5c7339164e/addn_hosts - 8 names
Oct 16 18:34:42.162744 podb-esxi207 dnsmasq-dhcp[983795]: read /opt/stack/data/neutron/dhcp/9695c1ee-2a3a-4812-bd00-7a5c7339164e/host
Oct 16 18:34:42.162856 podb-esxi207 dnsmasq-dhcp[983795]: read /opt/stack/data/neutron/dhcp/9695c1ee-2a3a-4812-bd00-7a5c7339164e/opts
Oct 16 18:34:46.344183 podb-esxi207 dnsmasq[979836]: read /opt/stack/data/neutron/dhcp/029900d7-cf77-41c3-83ae-6df72f82f4de/addn_hosts - 4 names
Oct 16 18:34:46.344271 podb-esxi207 dnsmasq-dhcp[979836]: read /opt/stack/data/neutron/dhcp/029900d7-cf77-41c3-83ae-6df72f82f4de/host
Oct 16 18:34:46.344365 podb-esxi207 dnsmasq-dhcp[979836]: read /opt/stack/data/neutron/dhcp/029900d7-cf77-41c3-83ae-6df72f82f4de/opts
Oct 16 18:34:51.251565 podb-esxi207 dnsmasq-dhcp[983795]: DHCPDISCOVER(tap07077d5e-4e) fa:16:3e:97:5f:d5
Oct 16 18:34:51.251591 podb-esxi207 dnsmasq-dhcp[983795]: DHCPOFFER(tap07077d5e-4e) 10.1.0.7 fa:16:3e:97:5f:d5
Oct 16 18:34:51.260612 podb-esxi207 dnsmasq-dhcp[983795]: DHCPREQUEST(tap07077d5e-4e) 10.1.0.7 fa:16:3e:97:5f:d5
Oct 16 18:34:51.260658 podb-esxi207 dnsmasq-dhcp[983795]: DHCPACK(tap07077d5e-4e) 10.1.0.7 fa:16:3e:97:5f:d5 host-10-1-0-7
Oct 16 18:35:04.204491 podb-esxi207 dnsmasq-dhcp[983795]: DHCPDISCOVER(tap07077d5e-4e) fa:16:3e:04:7f:36
Oct 16 18:35:04.204520 podb-esxi207 dnsmasq-dhcp[983795]: DHCPOFFER(tap07077d5e-4e) 10.1.0.5 fa:16:3e:04:7f:36
Oct 16 18:35:04.217896 podb-esxi207 dnsmasq-dhcp[983795]: DHCPREQUEST(tap07077d5e-4e) 10.1.0.5 fa:16:3e:04:7f:36
Oct 16 18:35:04.217930 podb-esxi207 dnsmasq-dhcp[983795]: DHCPACK(tap07077d5e-4e) 10.1.0.5 fa:16:3e:04:7f:36 host-10-1-0-5
Oct 16 18:35:10.907914 podb-esxi207 dnsmasq-dhcp[979836]: DHCPDISCOVER(tapc431023f-b3) fa:16:3e:54:25:da
Oct 16 18:35:10.907941 podb-esxi207 dnsmasq-dhcp[979836]: DHCPOFFER(tapc431023f-b3) 10.1.0.9 fa:16:3e:54:25:da
Oct 16 18:35:10.922205 podb-esxi207 dnsmasq-dhcp[979836]: DHCPREQUEST(tapc431023f-b3) 10.1.0.9 fa:16:3e:54:25:da
Oct 16 18:35:10.922239 podb-esxi207 dnsmasq-dhcp[979836]: DHCPACK(tapc431023f-b3) 10.1.0.9 fa:16:3e:54:25:da host-10-1-0-9
Oct 16 18:35:33.977661 podb-esxi207 dnsmasq-dhcp[980023]: DHCPRELEASE(tap697caa40-be) 10.1.0.13 fa:16:3e:43:09:b5
Oct 16 18:35:33.993888 podb-esxi207 dnsmasq-dhcp[980023]: DHCPRELEASE(tap697caa40-be) 10.1.0.13 fa:16:3e:43:09:b5 unknown lease
Oct 16 18:35:34.818316 podb-esxi207 dnsmasq[980023]: read /opt/stack/data/neutron/dhcp/d48b7d84-137f-4bbc-9b32-ffe8c328bfe5/addn_hosts - 4 names
Oct 16 18:35:34.818396 podb-esxi207 dnsmasq-dhcp[980023]: read /opt/stack/data/neutron/dhcp/d48b7d84-137f-4bbc-9b32-ffe8c328bfe5/host
Oct 16 18:35:34.818464 podb-esxi207 dnsmasq-dhcp[980023]: read /opt/stack/data/neutron/dhcp/d48b7d84-137f-4bbc-9b32-ffe8c328bfe5/opts
Oct 16 18:36:14.968576 podb-esxi207 dnsmasq[983795]: read /opt/stack/data/neutron/dhcp/9695c1ee-2a3a-4812-bd00-7a5c7339164e/addn_hosts - 10 names
Oct 16 18:36:14.968761 podb-esxi207 dnsmasq-dhcp[983795]: read /opt/stack/data/neutron/dhcp/9695c1ee-2a3a-4812-bd00-7a5c7339164e/host
Oct 16 18:36:14.968849 podb-esxi207 dnsmasq-dhcp[983795]: read /opt/stack/data/neutron/dhcp/9695c1ee-2a3a-4812-bd00-7a5c7339164e/opts
Oct 16 18:36:20.451406 podb-esxi207 dnsmasq[980023]: read /opt/stack/data/neutron/dhcp/d48b7d84-137f-4bbc-9b32-ffe8c328bfe5/addn_hosts - 6 names
Oct 16 18:36:20.451533 podb-esxi207 dnsmasq-dhcp[980023]: read /opt/stack/data/neutron/dhcp/d48b7d84-137f-4bbc-9b32-ffe8c328bfe5/host
Oct 16 18:36:20.451650 podb-esxi207 dnsmasq-dhcp[980023]: read /opt/stack/data/neutron/dhcp/d48b7d84-137f-4bbc-9b32-ffe8c328bfe5/opts
Oct 16 18:36:29.507029 podb-esxi207 dnsmasq[983795]: read /opt/stack/data/neutron/dhcp/9695c1ee-2a3a-4812-bd00-7a5c7339164e/addn_hosts - 12 names
Oct 16 18:36:29.507158 podb-esxi207 dnsmasq-dhcp[983795]: read /opt/stack/data/neutron/dhcp/9695c1ee-2a3a-4812-bd00-7a5c7339164e/host
Oct 16 18:36:29.507263 podb-esxi207 dnsmasq-dhcp[983795]: read /opt/stack/data/neutron/dhcp/9695c1ee-2a3a-4812-bd00-7a5c7339164e/opts
Oct 16 18:36:36.301559 podb-esxi207 dnsmasq-dhcp[983795]: DHCPDISCOVER(tap07077d5e-4e) fa:16:3e:91:f6:64
Oct 16 18:36:36.301597 podb-esxi207 dnsmasq-dhcp[983795]: DHCPOFFER(tap07077d5e-4e) 10.1.0.9 fa:16:3e:91:f6:64
Oct 16 18:36:36.313088 podb-esxi207 dnsmasq-dhcp[983795]: DHCPREQUEST(tap07077d5e-4e) 10.1.0.9 fa:16:3e:91:f6:64
Oct 16 18:36:36.313136 podb-esxi207 dnsmasq-dhcp[983795]: DHCPACK(tap07077d5e-4e) 10.1.0.9 fa:16:3e:91:f6:64 host-10-1-0-9
Oct 16 18:36:48.645861 podb-esxi207 dnsmasq-dhcp[979836]: DHCPREQUEST(tapc431023f-b3) 10.1.0.9 fa:16:3e:54:25:da
Oct 16 18:36:48.645894 podb-esxi207 dnsmasq-dhcp[979836]: DHCPACK(tapc431023f-b3) 10.1.0.9 fa:16:3e:54:25:da host-10-1-0-9
Oct 16 18:36:51.482553 podb-esxi207 dnsmasq-dhcp[983795]: DHCPDISCOVER(tap07077d5e-4e) fa:16:3e:d2:68:aa
Oct 16 18:36:51.482581 podb-esxi207 dnsmasq-dhcp[983795]: DHCPOFFER(tap07077d5e-4e) 10.1.0.14 fa:16:3e:d2:68:aa
Oct 16 18:36:51.490985 podb-esxi207 dnsmasq-dhcp[983795]: DHCPREQUEST(tap07077d5e-4e) 10.1.0.14 fa:16:3e:d2:68:aa
Oct 16 18:36:51.491014 podb-esxi207 dnsmasq-dhcp[983795]: DHCPACK(tap07077d5e-4e) 10.1.0.14 fa:16:3e:d2:68:aa host-10-1-0-14
Oct 16 18:37:25.869758 podb-esxi207 dnsmasq-dhcp[979836]: DHCPRELEASE(tapc431023f-b3) 10.1.0.9 fa:16:3e:54:25:da
Oct 16 18:37:25.887026 podb-esxi207 dnsmasq-dhcp[979836]: DHCPRELEASE(tapc431023f-b3) 10.1.0.9 fa:16:3e:54:25:da unknown lease
Oct 16 18:37:26.714244 podb-esxi207 dnsmasq[979836]: read /opt/stack/data/neutron/dhcp/029900d7-cf77-41c3-83ae-6df72f82f4de/addn_hosts - 2 names
Oct 16 18:37:26.714380 podb-esxi207 dnsmasq-dhcp[979836]: read /opt/stack/data/neutron/dhcp/029900d7-cf77-41c3-83ae-6df72f82f4de/host
Oct 16 18:37:26.714490 podb-esxi207 dnsmasq-dhcp[979836]: read /opt/stack/data/neutron/dhcp/029900d7-cf77-41c3-83ae-6df72f82f4de/opts
Oct 16 18:37:45.243678 podb-esxi207 dnsmasq-dhcp[983795]: DHCPREQUEST(tap07077d5e-4e) 10.1.0.9 fa:16:3e:91:f6:64
Oct 16 18:37:45.243711 podb-esxi207 dnsmasq-dhcp[983795]: DHCPACK(tap07077d5e-4e) 10.1.0.9 fa:16:3e:91:f6:64 host-10-1-0-9
Oct 16 18:38:18.114883 podb-esxi207 dnsmasq-dhcp[979836]: DHCPRELEASE(tapc431023f-b3) 10.1.0.1 fa:16:3e:fd:c0:3d
Oct 16 18:38:18.937186 podb-esxi207 dnsmasq[979836]: read /opt/stack/data/neutron/dhcp/029900d7-cf77-41c3-83ae-6df72f82f4de/addn_hosts - 0 names
Oct 16 18:38:18.937257 podb-esxi207 dnsmasq-dhcp[979836]: read /opt/stack/data/neutron/dhcp/029900d7-cf77-41c3-83ae-6df72f82f4de/host
Oct 16 18:38:18.937338 podb-esxi207 dnsmasq-dhcp[979836]: read /opt/stack/data/neutron/dhcp/029900d7-cf77-41c3-83ae-6df72f82f4de/opts
Oct 16 18:38:19.168131 podb-esxi207 dnsmasq[979836]: exiting on receipt of SIGTERM
Oct 16 18:38:19.557856 podb-esxi207 dnsmasq-dhcp[983795]: DHCPREQUEST(tap07077d5e-4e) 10.1.0.14 fa:16:3e:d2:68:aa
Oct 16 18:38:19.557888 podb-esxi207 dnsmasq-dhcp[983795]: DHCPACK(tap07077d5e-4e) 10.1.0.14 fa:16:3e:d2:68:aa host-10-1-0-14
Oct 16 18:40:13.459324 podb-esxi207 dnsmasq-dhcp[983795]: DHCPRELEASE(tap07077d5e-4e) 10.1.0.14 fa:16:3e:d2:68:aa
Oct 16 18:40:13.477000 podb-esxi207 dnsmasq-dhcp[983795]: DHCPRELEASE(tap07077d5e-4e) 10.1.0.14 fa:16:3e:d2:68:aa unknown lease
Oct 16 18:40:14.302736 podb-esxi207 dnsmasq[983795]: read /opt/stack/data/neutron/dhcp/9695c1ee-2a3a-4812-bd00-7a5c7339164e/addn_hosts - 10 names
Oct 16 18:40:14.302904 podb-esxi207 dnsmasq-dhcp[983795]: read /opt/stack/data/neutron/dhcp/9695c1ee-2a3a-4812-bd00-7a5c7339164e/host
Oct 16 18:40:14.303001 podb-esxi207 dnsmasq-dhcp[983795]: read /opt/stack/data/neutron/dhcp/9695c1ee-2a3a-4812-bd00-7a5c7339164e/opts
Oct 16 18:40:20.581463 podb-esxi207 dnsmasq-dhcp[983795]: DHCPRELEASE(tap07077d5e-4e) 10.1.0.9 fa:16:3e:91:f6:64
Oct 16 18:40:20.598384 podb-esxi207 dnsmasq-dhcp[983795]: DHCPRELEASE(tap07077d5e-4e) 10.1.0.9 fa:16:3e:91:f6:64 unknown lease
Oct 16 18:40:21.432608 podb-esxi207 dnsmasq[983795]: read /opt/stack/data/neutron/dhcp/9695c1ee-2a3a-4812-bd00-7a5c7339164e/addn_hosts - 8 names
Oct 16 18:40:21.432769 podb-esxi207 dnsmasq-dhcp[983795]: read /opt/stack/data/neutron/dhcp/9695c1ee-2a3a-4812-bd00-7a5c7339164e/host
Oct 16 18:40:21.432866 podb-esxi207 dnsmasq-dhcp[983795]: read /opt/stack/data/neutron/dhcp/9695c1ee-2a3a-4812-bd00-7a5c7339164e/opts
Oct 16 18:41:13.843928 podb-esxi207 dnsmasq-dhcp[983795]: DHCPRELEASE(tap07077d5e-4e) 10.1.0.5 fa:16:3e:04:7f:36
Oct 16 18:41:13.861377 podb-esxi207 dnsmasq-dhcp[983795]: DHCPRELEASE(tap07077d5e-4e) 10.1.0.5 fa:16:3e:04:7f:36 unknown lease
Oct 16 18:41:14.687911 podb-esxi207 dnsmasq[983795]: read /opt/stack/data/neutron/dhcp/9695c1ee-2a3a-4812-bd00-7a5c7339164e/addn_hosts - 6 names
Oct 16 18:41:14.688030 podb-esxi207 dnsmasq-dhcp[983795]: read /opt/stack/data/neutron/dhcp/9695c1ee-2a3a-4812-bd00-7a5c7339164e/host
Oct 16 18:41:14.688146 podb-esxi207 dnsmasq-dhcp[983795]: read /opt/stack/data/neutron/dhcp/9695c1ee-2a3a-4812-bd00-7a5c7339164e/opts
Oct 16 18:41:21.230273 podb-esxi207 dnsmasq-dhcp[983795]: DHCPRELEASE(tap07077d5e-4e) 10.1.0.7 fa:16:3e:97:5f:d5
Oct 16 18:41:21.247065 podb-esxi207 dnsmasq-dhcp[983795]: DHCPRELEASE(tap07077d5e-4e) 10.1.0.7 fa:16:3e:97:5f:d5 unknown lease
Oct 16 18:41:22.071258 podb-esxi207 dnsmasq[983795]: read /opt/stack/data/neutron/dhcp/9695c1ee-2a3a-4812-bd00-7a5c7339164e/addn_hosts - 4 names
Oct 16 18:41:22.071376 podb-esxi207 dnsmasq-dhcp[983795]: read /opt/stack/data/neutron/dhcp/9695c1ee-2a3a-4812-bd00-7a5c7339164e/host
Oct 16 18:41:22.071495 podb-esxi207 dnsmasq-dhcp[983795]: read /opt/stack/data/neutron/dhcp/9695c1ee-2a3a-4812-bd00-7a5c7339164e/opts
Oct 16 18:41:29.057755 podb-esxi207 dnsmasq-dhcp[983795]: DHCPRELEASE(tap07077d5e-4e) 10.1.0.13 fa:16:3e:d2:ed:3c
Oct 16 18:41:29.074963 podb-esxi207 dnsmasq-dhcp[983795]: DHCPRELEASE(tap07077d5e-4e) 10.1.0.13 fa:16:3e:d2:ed:3c unknown lease
Oct 16 18:41:29.899113 podb-esxi207 dnsmasq[983795]: read /opt/stack/data/neutron/dhcp/9695c1ee-2a3a-4812-bd00-7a5c7339164e/addn_hosts - 2 names
Oct 16 18:41:29.899222 podb-esxi207 dnsmasq-dhcp[983795]: read /opt/stack/data/neutron/dhcp/9695c1ee-2a3a-4812-bd00-7a5c7339164e/host
Oct 16 18:41:29.899334 podb-esxi207 dnsmasq-dhcp[983795]: read /opt/stack/data/neutron/dhcp/9695c1ee-2a3a-4812-bd00-7a5c7339164e/opts
Oct 16 18:41:42.102334 podb-esxi207 dnsmasq[983795]: read /opt/stack/data/neutron/dhcp/9695c1ee-2a3a-4812-bd00-7a5c7339164e/addn_hosts - 0 names
Oct 16 18:41:42.102438 podb-esxi207 dnsmasq-dhcp[983795]: read /opt/stack/data/neutron/dhcp/9695c1ee-2a3a-4812-bd00-7a5c7339164e/host
Oct 16 18:41:42.102547 podb-esxi207 dnsmasq-dhcp[983795]: read /opt/stack/data/neutron/dhcp/9695c1ee-2a3a-4812-bd00-7a5c7339164e/opts
Oct 16 18:41:42.909907 podb-esxi207 dnsmasq[983795]: exiting on receipt of SIGTERM
Oct 16 18:41:47.013070 podb-esxi207 dnsmasq[990324]: started, version 2.90 cachesize 150
Oct 16 18:41:47.013097 podb-esxi207 dnsmasq[990324]: DNS service limited to local subnets
Oct 16 18:41:47.013113 podb-esxi207 dnsmasq[990324]: compile time options: IPv6 GNU-getopt DBus no-UBus i18n IDN2 DHCP DHCPv6 no-Lua TFTP conntrack ipset no-nftset auth cryptohash DNSSEC loop-detect inotify dumpfile
Oct 16 18:41:47.013148 podb-esxi207 dnsmasq-dhcp[990324]: DHCP, static leases only on 10.1.0.0, lease time 1d
Oct 16 18:41:47.013306 podb-esxi207 dnsmasq[990324]: reading /etc/resolv.conf
Oct 16 18:41:47.013322 podb-esxi207 dnsmasq[990324]: using nameserver 127.0.0.53#53
Oct 16 18:41:47.013403 podb-esxi207 dnsmasq[990324]: read /opt/stack/data/neutron/dhcp/8f7b4b11-ce3b-4a49-8ba8-4ee3e18625c8/addn_hosts - 0 names
Oct 16 18:41:47.013468 podb-esxi207 dnsmasq-dhcp[990324]: read /opt/stack/data/neutron/dhcp/8f7b4b11-ce3b-4a49-8ba8-4ee3e18625c8/host
Oct 16 18:41:47.013534 podb-esxi207 dnsmasq-dhcp[990324]: read /opt/stack/data/neutron/dhcp/8f7b4b11-ce3b-4a49-8ba8-4ee3e18625c8/opts
Oct 16 18:41:48.564894 podb-esxi207 dnsmasq[990324]: read /opt/stack/data/neutron/dhcp/8f7b4b11-ce3b-4a49-8ba8-4ee3e18625c8/addn_hosts - 2 names
Oct 16 18:41:48.564965 podb-esxi207 dnsmasq-dhcp[990324]: read /opt/stack/data/neutron/dhcp/8f7b4b11-ce3b-4a49-8ba8-4ee3e18625c8/host
Oct 16 18:41:48.565074 podb-esxi207 dnsmasq-dhcp[990324]: read /opt/stack/data/neutron/dhcp/8f7b4b11-ce3b-4a49-8ba8-4ee3e18625c8/opts
Oct 16 18:41:49.822436 podb-esxi207 dnsmasq[990324]: read /opt/stack/data/neutron/dhcp/8f7b4b11-ce3b-4a49-8ba8-4ee3e18625c8/addn_hosts - 2 names
Oct 16 18:41:49.822531 podb-esxi207 dnsmasq-dhcp[990324]: read /opt/stack/data/neutron/dhcp/8f7b4b11-ce3b-4a49-8ba8-4ee3e18625c8/host
