Oct 18 12:27:59.970110 podb-esxi207 dnsmasq-dhcp[3854570]: DHCPREQUEST(tapa7c14feb-43) 10.1.0.9 fa:16:3e:8a:f2:64
Oct 18 12:27:59.970126 podb-esxi207 dnsmasq-dhcp[3854570]: DHCPACK(tapa7c14feb-43) 10.1.0.9 fa:16:3e:8a:f2:64 host-10-1-0-9
Oct 18 12:28:07.969099 podb-esxi207 dnsmasq[3854570]: read /opt/stack/data/neutron/dhcp/c2257814-9eca-4361-bbd0-231c34634812/addn_hosts - 8 names
Oct 18 12:28:07.969179 podb-esxi207 dnsmasq-dhcp[3854570]: read /opt/stack/data/neutron/dhcp/c2257814-9eca-4361-bbd0-231c34634812/host
Oct 18 12:28:07.969236 podb-esxi207 dnsmasq-dhcp[3854570]: read /opt/stack/data/neutron/dhcp/c2257814-9eca-4361-bbd0-231c34634812/opts
Oct 18 12:28:12.027834 podb-esxi207 dnsmasq-dhcp[3856439]: DHCPDISCOVER(tap4c104151-d0) fa:16:3e:4a:9c:ea
Oct 18 12:28:12.027861 podb-esxi207 dnsmasq-dhcp[3856439]: DHCPOFFER(tap4c104151-d0) 10.1.0.14 fa:16:3e:4a:9c:ea
Oct 18 12:28:12.039094 podb-esxi207 dnsmasq-dhcp[3856439]: DHCPREQUEST(tap4c104151-d0) 10.1.0.14 fa:16:3e:4a:9c:ea
Oct 18 12:28:12.039124 podb-esxi207 dnsmasq-dhcp[3856439]: DHCPACK(tap4c104151-d0) 10.1.0.14 fa:16:3e:4a:9c:ea host-10-1-0-14
Oct 18 12:28:14.762765 podb-esxi207 dnsmasq-dhcp[3855301]: DHCPDISCOVER(tap083b9a6e-0b) fa:16:3e:e0:2c:cc
Oct 18 12:28:14.762789 podb-esxi207 dnsmasq-dhcp[3855301]: DHCPOFFER(tap083b9a6e-0b) 10.1.0.14 fa:16:3e:e0:2c:cc
Oct 18 12:28:14.774723 podb-esxi207 dnsmasq-dhcp[3855301]: DHCPREQUEST(tap083b9a6e-0b) 10.1.0.14 fa:16:3e:e0:2c:cc
Oct 18 12:28:14.774772 podb-esxi207 dnsmasq-dhcp[3855301]: DHCPACK(tap083b9a6e-0b) 10.1.0.14 fa:16:3e:e0:2c:cc host-10-1-0-14
Oct 18 12:28:17.439521 podb-esxi207 dnsmasq-dhcp[3856439]: DHCPRELEASE(tap4c104151-d0) 10.1.0.14 fa:16:3e:4a:9c:ea
Oct 18 12:28:17.454413 podb-esxi207 dnsmasq-dhcp[3856439]: DHCPRELEASE(tap4c104151-d0) 10.1.0.14 fa:16:3e:4a:9c:ea unknown lease
Oct 18 12:28:17.821791 podb-esxi207 dnsmasq-dhcp[3854570]: DHCPDISCOVER(tapa7c14feb-43) fa:16:3e:07:ad:51
Oct 18 12:28:17.821819 podb-esxi207 dnsmasq-dhcp[3854570]: DHCPOFFER(tapa7c14feb-43) 10.1.0.8 fa:16:3e:07:ad:51
Oct 18 12:28:17.830901 podb-esxi207 dnsmasq-dhcp[3854570]: DHCPREQUEST(tapa7c14feb-43) 10.1.0.8 fa:16:3e:07:ad:51
Oct 18 12:28:17.830928 podb-esxi207 dnsmasq-dhcp[3854570]: DHCPACK(tapa7c14feb-43) 10.1.0.8 fa:16:3e:07:ad:51 host-10-1-0-8
Oct 18 12:28:18.278411 podb-esxi207 dnsmasq[3856439]: read /opt/stack/data/neutron/dhcp/ccd6ef23-1dec-4b58-977c-a9c852704c52/addn_hosts - 2 names
Oct 18 12:28:18.278512 podb-esxi207 dnsmasq-dhcp[3856439]: read /opt/stack/data/neutron/dhcp/ccd6ef23-1dec-4b58-977c-a9c852704c52/host
Oct 18 12:28:18.278626 podb-esxi207 dnsmasq-dhcp[3856439]: read /opt/stack/data/neutron/dhcp/ccd6ef23-1dec-4b58-977c-a9c852704c52/opts
Oct 18 12:28:28.284680 podb-esxi207 dnsmasq[3856439]: read /opt/stack/data/neutron/dhcp/ccd6ef23-1dec-4b58-977c-a9c852704c52/addn_hosts - 0 names
Oct 18 12:28:28.284780 podb-esxi207 dnsmasq-dhcp[3856439]: read /opt/stack/data/neutron/dhcp/ccd6ef23-1dec-4b58-977c-a9c852704c52/host
Oct 18 12:28:28.284868 podb-esxi207 dnsmasq-dhcp[3856439]: read /opt/stack/data/neutron/dhcp/ccd6ef23-1dec-4b58-977c-a9c852704c52/opts
Oct 18 12:28:29.162591 podb-esxi207 dnsmasq[3856439]: exiting on receipt of SIGTERM
Oct 18 12:28:30.757543 podb-esxi207 dnsmasq-dhcp[3854570]: DHCPDISCOVER(tapa7c14feb-43) fa:16:3e:c5:fd:f7
Oct 18 12:28:30.757568 podb-esxi207 dnsmasq-dhcp[3854570]: DHCPOFFER(tapa7c14feb-43) 10.1.0.4 fa:16:3e:c5:fd:f7
Oct 18 12:28:30.766833 podb-esxi207 dnsmasq-dhcp[3854570]: DHCPREQUEST(tapa7c14feb-43) 10.1.0.4 fa:16:3e:c5:fd:f7
Oct 18 12:28:30.766864 podb-esxi207 dnsmasq-dhcp[3854570]: DHCPACK(tapa7c14feb-43) 10.1.0.4 fa:16:3e:c5:fd:f7 host-10-1-0-4
Oct 18 12:28:32.669495 podb-esxi207 dnsmasq[3857788]: started, version 2.90 cachesize 150
Oct 18 12:28:32.669522 podb-esxi207 dnsmasq[3857788]: DNS service limited to local subnets
Oct 18 12:28:32.669537 podb-esxi207 dnsmasq[3857788]: compile time options: IPv6 GNU-getopt DBus no-UBus i18n IDN2 DHCP DHCPv6 no-Lua TFTP conntrack ipset no-nftset auth cryptohash DNSSEC loop-detect inotify dumpfile
Oct 18 12:28:32.669571 podb-esxi207 dnsmasq-dhcp[3857788]: DHCP, static leases only on 10.1.0.0, lease time 1d
Oct 18 12:28:32.669717 podb-esxi207 dnsmasq[3857788]: reading /etc/resolv.conf
Oct 18 12:28:32.669733 podb-esxi207 dnsmasq[3857788]: using nameserver 127.0.0.53#53
Oct 18 12:28:32.669816 podb-esxi207 dnsmasq[3857788]: read /opt/stack/data/neutron/dhcp/a6255c1d-c166-4e3a-bae4-8a107b16f4bc/addn_hosts - 0 names
Oct 18 12:28:32.669867 podb-esxi207 dnsmasq-dhcp[3857788]: read /opt/stack/data/neutron/dhcp/a6255c1d-c166-4e3a-bae4-8a107b16f4bc/host
Oct 18 12:28:32.669923 podb-esxi207 dnsmasq-dhcp[3857788]: read /opt/stack/data/neutron/dhcp/a6255c1d-c166-4e3a-bae4-8a107b16f4bc/opts
Oct 18 12:28:35.859240 podb-esxi207 dnsmasq[3858081]: started, version 2.90 cachesize 150
Oct 18 12:28:35.859268 podb-esxi207 dnsmasq[3858081]: DNS service limited to local subnets
Oct 18 12:28:35.859284 podb-esxi207 dnsmasq[3858081]: compile time options: IPv6 GNU-getopt DBus no-UBus i18n IDN2 DHCP DHCPv6 no-Lua TFTP conntrack ipset no-nftset auth cryptohash DNSSEC loop-detect inotify dumpfile
Oct 18 12:28:35.859322 podb-esxi207 dnsmasq-dhcp[3858081]: DHCP, static leases only on 10.1.0.0, lease time 1d
Oct 18 12:28:35.859490 podb-esxi207 dnsmasq[3858081]: reading /etc/resolv.conf
Oct 18 12:28:35.859507 podb-esxi207 dnsmasq[3858081]: using nameserver 127.0.0.53#53
Oct 18 12:28:35.859605 podb-esxi207 dnsmasq[3858081]: read /opt/stack/data/neutron/dhcp/fe045165-d40f-4bd0-9a2e-75febc81a704/addn_hosts - 0 names
Oct 18 12:28:35.859659 podb-esxi207 dnsmasq-dhcp[3858081]: read /opt/stack/data/neutron/dhcp/fe045165-d40f-4bd0-9a2e-75febc81a704/host
Oct 18 12:28:35.859719 podb-esxi207 dnsmasq-dhcp[3858081]: read /opt/stack/data/neutron/dhcp/fe045165-d40f-4bd0-9a2e-75febc81a704/opts
Oct 18 12:28:36.924428 podb-esxi207 dnsmasq[3857788]: read /opt/stack/data/neutron/dhcp/a6255c1d-c166-4e3a-bae4-8a107b16f4bc/addn_hosts - 2 names
Oct 18 12:28:36.924511 podb-esxi207 dnsmasq-dhcp[3857788]: read /opt/stack/data/neutron/dhcp/a6255c1d-c166-4e3a-bae4-8a107b16f4bc/host
Oct 18 12:28:36.924591 podb-esxi207 dnsmasq-dhcp[3857788]: read /opt/stack/data/neutron/dhcp/a6255c1d-c166-4e3a-bae4-8a107b16f4bc/opts
Oct 18 12:28:37.687646 podb-esxi207 dnsmasq-dhcp[3843875]: DHCPRELEASE(tapfff73988-0b) 10.1.0.4 fa:16:3e:f4:1c:9d
Oct 18 12:28:37.703343 podb-esxi207 dnsmasq-dhcp[3843875]: DHCPRELEASE(tapfff73988-0b) 10.1.0.4 fa:16:3e:f4:1c:9d unknown lease
Oct 18 12:28:38.528557 podb-esxi207 dnsmasq[3843875]: read /opt/stack/data/neutron/dhcp/4f5200e3-db5a-4917-89e8-87110ab9e33a/addn_hosts - 4 names
Oct 18 12:28:38.528683 podb-esxi207 dnsmasq-dhcp[3843875]: read /opt/stack/data/neutron/dhcp/4f5200e3-db5a-4917-89e8-87110ab9e33a/host
Oct 18 12:28:38.528755 podb-esxi207 dnsmasq-dhcp[3843875]: read /opt/stack/data/neutron/dhcp/4f5200e3-db5a-4917-89e8-87110ab9e33a/opts
Oct 18 12:28:39.789273 podb-esxi207 dnsmasq[3858081]: read /opt/stack/data/neutron/dhcp/fe045165-d40f-4bd0-9a2e-75febc81a704/addn_hosts - 2 names
Oct 18 12:28:39.789386 podb-esxi207 dnsmasq-dhcp[3858081]: read /opt/stack/data/neutron/dhcp/fe045165-d40f-4bd0-9a2e-75febc81a704/host
Oct 18 12:28:39.789491 podb-esxi207 dnsmasq-dhcp[3858081]: read /opt/stack/data/neutron/dhcp/fe045165-d40f-4bd0-9a2e-75febc81a704/opts
Oct 18 12:28:40.534352 podb-esxi207 dnsmasq[3857788]: read /opt/stack/data/neutron/dhcp/a6255c1d-c166-4e3a-bae4-8a107b16f4bc/addn_hosts - 2 names
Oct 18 12:28:40.534433 podb-esxi207 dnsmasq-dhcp[3857788]: read /opt/stack/data/neutron/dhcp/a6255c1d-c166-4e3a-bae4-8a107b16f4bc/host
Oct 18 12:28:40.534511 podb-esxi207 dnsmasq-dhcp[3857788]: read /opt/stack/data/neutron/dhcp/a6255c1d-c166-4e3a-bae4-8a107b16f4bc/opts
Oct 18 12:28:41.796734 podb-esxi207 dnsmasq[3858081]: read /opt/stack/data/neutron/dhcp/fe045165-d40f-4bd0-9a2e-75febc81a704/addn_hosts - 2 names
Oct 18 12:28:41.796826 podb-esxi207 dnsmasq-dhcp[3858081]: read /opt/stack/data/neutron/dhcp/fe045165-d40f-4bd0-9a2e-75febc81a704/host
Oct 18 12:28:41.796922 podb-esxi207 dnsmasq-dhcp[3858081]: read /opt/stack/data/neutron/dhcp/fe045165-d40f-4bd0-9a2e-75febc81a704/opts
Oct 18 12:28:42.547912 podb-esxi207 dnsmasq[3857788]: read /opt/stack/data/neutron/dhcp/a6255c1d-c166-4e3a-bae4-8a107b16f4bc/addn_hosts - 2 names
Oct 18 12:28:42.548026 podb-esxi207 dnsmasq-dhcp[3857788]: read /opt/stack/data/neutron/dhcp/a6255c1d-c166-4e3a-bae4-8a107b16f4bc/host
Oct 18 12:28:42.548138 podb-esxi207 dnsmasq-dhcp[3857788]: read /opt/stack/data/neutron/dhcp/a6255c1d-c166-4e3a-bae4-8a107b16f4bc/opts
Oct 18 12:28:43.812746 podb-esxi207 dnsmasq[3858081]: read /opt/stack/data/neutron/dhcp/fe045165-d40f-4bd0-9a2e-75febc81a704/addn_hosts - 2 names
Oct 18 12:28:43.812827 podb-esxi207 dnsmasq-dhcp[3858081]: read /opt/stack/data/neutron/dhcp/fe045165-d40f-4bd0-9a2e-75febc81a704/host
Oct 18 12:28:43.812927 podb-esxi207 dnsmasq-dhcp[3858081]: read /opt/stack/data/neutron/dhcp/fe045165-d40f-4bd0-9a2e-75febc81a704/opts
Oct 18 12:28:49.932950 podb-esxi207 dnsmasq-dhcp[3843875]: DHCPRELEASE(tapfff73988-0b) 10.1.0.9 fa:16:3e:35:a5:b1
Oct 18 12:28:49.949560 podb-esxi207 dnsmasq-dhcp[3843875]: DHCPRELEASE(tapfff73988-0b) 10.1.0.9 fa:16:3e:35:a5:b1 unknown lease
Oct 18 12:28:50.772685 podb-esxi207 dnsmasq[3843875]: read /opt/stack/data/neutron/dhcp/4f5200e3-db5a-4917-89e8-87110ab9e33a/addn_hosts - 2 names
Oct 18 12:28:50.772766 podb-esxi207 dnsmasq-dhcp[3843875]: read /opt/stack/data/neutron/dhcp/4f5200e3-db5a-4917-89e8-87110ab9e33a/host
Oct 18 12:28:50.772869 podb-esxi207 dnsmasq-dhcp[3843875]: read /opt/stack/data/neutron/dhcp/4f5200e3-db5a-4917-89e8-87110ab9e33a/opts
Oct 18 12:28:55.206611 podb-esxi207 dnsmasq-dhcp[3843875]: DHCPRELEASE(tapfff73988-0b) 10.1.0.1 fa:16:3e:47:a3:7b
Oct 18 12:28:56.030229 podb-esxi207 dnsmasq[3843875]: read /opt/stack/data/neutron/dhcp/4f5200e3-db5a-4917-89e8-87110ab9e33a/addn_hosts - 0 names
Oct 18 12:28:56.030301 podb-esxi207 dnsmasq-dhcp[3843875]: read /opt/stack/data/neutron/dhcp/4f5200e3-db5a-4917-89e8-87110ab9e33a/host
Oct 18 12:28:56.030407 podb-esxi207 dnsmasq-dhcp[3843875]: read /opt/stack/data/neutron/dhcp/4f5200e3-db5a-4917-89e8-87110ab9e33a/opts
Oct 18 12:28:56.784055 podb-esxi207 dnsmasq[3843875]: exiting on receipt of SIGTERM
Oct 18 12:29:01.134715 podb-esxi207 dnsmasq[3859237]: started, version 2.90 cachesize 150
Oct 18 12:29:01.134765 podb-esxi207 dnsmasq[3859237]: DNS service limited to local subnets
Oct 18 12:29:01.134781 podb-esxi207 dnsmasq[3859237]: compile time options: IPv6 GNU-getopt DBus no-UBus i18n IDN2 DHCP DHCPv6 no-Lua TFTP conntrack ipset no-nftset auth cryptohash DNSSEC loop-detect inotify dumpfile
Oct 18 12:29:01.134827 podb-esxi207 dnsmasq-dhcp[3859237]: DHCP, static leases only on 10.1.0.0, lease time 1d
Oct 18 12:29:01.134984 podb-esxi207 dnsmasq[3859237]: reading /etc/resolv.conf
Oct 18 12:29:01.135001 podb-esxi207 dnsmasq[3859237]: using nameserver 127.0.0.53#53
Oct 18 12:29:01.135094 podb-esxi207 dnsmasq[3859237]: read /opt/stack/data/neutron/dhcp/9c18c8f3-e3ee-4765-8d1d-91e903de1e3a/addn_hosts - 0 names
Oct 18 12:29:01.135149 podb-esxi207 dnsmasq-dhcp[3859237]: read /opt/stack/data/neutron/dhcp/9c18c8f3-e3ee-4765-8d1d-91e903de1e3a/host
Oct 18 12:29:01.135208 podb-esxi207 dnsmasq-dhcp[3859237]: read /opt/stack/data/neutron/dhcp/9c18c8f3-e3ee-4765-8d1d-91e903de1e3a/opts
Oct 18 12:29:02.679965 podb-esxi207 dnsmasq[3859237]: read /opt/stack/data/neutron/dhcp/9c18c8f3-e3ee-4765-8d1d-91e903de1e3a/addn_hosts - 2 names
Oct 18 12:29:02.680046 podb-esxi207 dnsmasq-dhcp[3859237]: read /opt/stack/data/neutron/dhcp/9c18c8f3-e3ee-4765-8d1d-91e903de1e3a/host
Oct 18 12:29:02.680149 podb-esxi207 dnsmasq-dhcp[3859237]: read /opt/stack/data/neutron/dhcp/9c18c8f3-e3ee-4765-8d1d-91e903de1e3a/opts
Oct 18 12:29:05.967605 podb-esxi207 dnsmasq[3859565]: started, version 2.90 cachesize 150
Oct 18 12:29:05.967633 podb-esxi207 dnsmasq[3859565]: DNS service limited to local subnets
Oct 18 12:29:05.967649 podb-esxi207 dnsmasq[3859565]: compile time options: IPv6 GNU-getopt DBus no-UBus i18n IDN2 DHCP DHCPv6 no-Lua TFTP conntrack ipset no-nftset auth cryptohash DNSSEC loop-detect inotify dumpfile
Oct 18 12:29:05.967684 podb-esxi207 dnsmasq-dhcp[3859565]: DHCP, static leases only on 10.1.1.0, lease time 1d
Oct 18 12:29:05.967840 podb-esxi207 dnsmasq[3859565]: reading /etc/resolv.conf
Oct 18 12:29:05.967856 podb-esxi207 dnsmasq[3859565]: using nameserver 127.0.0.53#53
Oct 18 12:29:05.967968 podb-esxi207 dnsmasq[3859565]: read /opt/stack/data/neutron/dhcp/a8dcd6ac-f580-4c60-bdbc-7d569df05315/addn_hosts - 2 names
Oct 18 12:29:05.968034 podb-esxi207 dnsmasq-dhcp[3859565]: read /opt/stack/data/neutron/dhcp/a8dcd6ac-f580-4c60-bdbc-7d569df05315/host
Oct 18 12:29:05.968079 podb-esxi207 dnsmasq-dhcp[3859565]: read /opt/stack/data/neutron/dhcp/a8dcd6ac-f580-4c60-bdbc-7d569df05315/opts
Oct 18 12:29:06.500853 podb-esxi207 dnsmasq[3859237]: read /opt/stack/data/neutron/dhcp/9c18c8f3-e3ee-4765-8d1d-91e903de1e3a/addn_hosts - 2 names
Oct 18 12:29:06.500955 podb-esxi207 dnsmasq-dhcp[3859237]: read /opt/stack/data/neutron/dhcp/9c18c8f3-e3ee-4765-8d1d-91e903de1e3a/host
Oct 18 12:29:06.501062 podb-esxi207 dnsmasq-dhcp[3859237]: read /opt/stack/data/neutron/dhcp/9c18c8f3-e3ee-4765-8d1d-91e903de1e3a/opts
Oct 18 12:29:09.367569 podb-esxi207 dnsmasq[3859648]: started, version 2.90 cachesize 150
Oct 18 12:29:09.367594 podb-esxi207 dnsmasq[3859648]: DNS service limited to local subnets
Oct 18 12:29:09.367609 podb-esxi207 dnsmasq[3859648]: compile time options: IPv6 GNU-getopt DBus no-UBus i18n IDN2 DHCP DHCPv6 no-Lua TFTP conntrack ipset no-nftset auth cryptohash DNSSEC loop-detect inotify dumpfile
Oct 18 12:29:09.367644 podb-esxi207 dnsmasq-dhcp[3859648]: DHCP, static leases only on 10.2.2.0, lease time 1d
Oct 18 12:29:09.367796 podb-esxi207 dnsmasq[3859648]: reading /etc/resolv.conf
Oct 18 12:29:09.367813 podb-esxi207 dnsmasq[3859648]: using nameserver 127.0.0.53#53
Oct 18 12:29:09.367907 podb-esxi207 dnsmasq[3859648]: read /opt/stack/data/neutron/dhcp/35225174-94eb-4abb-8b7a-e4d44eae2845/addn_hosts - 0 names
Oct 18 12:29:09.367958 podb-esxi207 dnsmasq-dhcp[3859648]: read /opt/stack/data/neutron/dhcp/35225174-94eb-4abb-8b7a-e4d44eae2845/host
Oct 18 12:29:09.368031 podb-esxi207 dnsmasq-dhcp[3859648]: read /opt/stack/data/neutron/dhcp/35225174-94eb-4abb-8b7a-e4d44eae2845/opts
Oct 18 12:29:10.912693 podb-esxi207 dnsmasq[3859565]: read /opt/stack/data/neutron/dhcp/a8dcd6ac-f580-4c60-bdbc-7d569df05315/addn_hosts - 4 names
Oct 18 12:29:10.912807 podb-esxi207 dnsmasq-dhcp[3859565]: read /opt/stack/data/neutron/dhcp/a8dcd6ac-f580-4c60-bdbc-7d569df05315/host
Oct 18 12:29:10.912890 podb-esxi207 dnsmasq-dhcp[3859565]: read /opt/stack/data/neutron/dhcp/a8dcd6ac-f580-4c60-bdbc-7d569df05315/opts
Oct 18 12:29:11.660199 podb-esxi207 dnsmasq[3859237]: read /opt/stack/data/neutron/dhcp/9c18c8f3-e3ee-4765-8d1d-91e903de1e3a/addn_hosts - 2 names
Oct 18 12:29:11.660288 podb-esxi207 dnsmasq-dhcp[3859237]: read /opt/stack/data/neutron/dhcp/9c18c8f3-e3ee-4765-8d1d-91e903de1e3a/host
Oct 18 12:29:11.660400 podb-esxi207 dnsmasq-dhcp[3859237]: read /opt/stack/data/neutron/dhcp/9c18c8f3-e3ee-4765-8d1d-91e903de1e3a/opts
Oct 18 12:29:12.932351 podb-esxi207 dnsmasq[3859648]: read /opt/stack/data/neutron/dhcp/35225174-94eb-4abb-8b7a-e4d44eae2845/addn_hosts - 0 names
Oct 18 12:29:12.932417 podb-esxi207 dnsmasq-dhcp[3859648]: read /opt/stack/data/neutron/dhcp/35225174-94eb-4abb-8b7a-e4d44eae2845/host
Oct 18 12:29:12.932487 podb-esxi207 dnsmasq-dhcp[3859648]: read /opt/stack/data/neutron/dhcp/35225174-94eb-4abb-8b7a-e4d44eae2845/opts
Oct 18 12:29:14.197930 podb-esxi207 dnsmasq[3859565]: read /opt/stack/data/neutron/dhcp/a8dcd6ac-f580-4c60-bdbc-7d569df05315/addn_hosts - 4 names
Oct 18 12:29:14.198045 podb-esxi207 dnsmasq-dhcp[3859565]: read /opt/stack/data/neutron/dhcp/a8dcd6ac-f580-4c60-bdbc-7d569df05315/host
Oct 18 12:29:14.198127 podb-esxi207 dnsmasq-dhcp[3859565]: read /opt/stack/data/neutron/dhcp/a8dcd6ac-f580-4c60-bdbc-7d569df05315/opts
Oct 18 12:29:14.960432 podb-esxi207 dnsmasq[3859237]: read /opt/stack/data/neutron/dhcp/9c18c8f3-e3ee-4765-8d1d-91e903de1e3a/addn_hosts - 4 names
Oct 18 12:29:14.960545 podb-esxi207 dnsmasq-dhcp[3859237]: read /opt/stack/data/neutron/dhcp/9c18c8f3-e3ee-4765-8d1d-91e903de1e3a/host
Oct 18 12:29:14.960616 podb-esxi207 dnsmasq-dhcp[3859237]: read /opt/stack/data/neutron/dhcp/9c18c8f3-e3ee-4765-8d1d-91e903de1e3a/opts
Oct 18 12:29:15.707763 podb-esxi207 dnsmasq[3857788]: read /opt/stack/data/neutron/dhcp/a6255c1d-c166-4e3a-bae4-8a107b16f4bc/addn_hosts - 4 names
Oct 18 12:29:15.707935 podb-esxi207 dnsmasq-dhcp[3857788]: read /opt/stack/data/neutron/dhcp/a6255c1d-c166-4e3a-bae4-8a107b16f4bc/host
Oct 18 12:29:15.708052 podb-esxi207 dnsmasq-dhcp[3857788]: read /opt/stack/data/neutron/dhcp/a6255c1d-c166-4e3a-bae4-8a107b16f4bc/opts
Oct 18 12:29:16.461522 podb-esxi207 dnsmasq[3859648]: read /opt/stack/data/neutron/dhcp/35225174-94eb-4abb-8b7a-e4d44eae2845/addn_hosts - 2 names
Oct 18 12:29:16.461646 podb-esxi207 dnsmasq-dhcp[3859648]: read /opt/stack/data/neutron/dhcp/35225174-94eb-4abb-8b7a-e4d44eae2845/host
Oct 18 12:29:16.461744 podb-esxi207 dnsmasq-dhcp[3859648]: read /opt/stack/data/neutron/dhcp/35225174-94eb-4abb-8b7a-e4d44eae2845/opts
Oct 18 12:29:17.729415 podb-esxi207 dnsmasq[3859565]: read /opt/stack/data/neutron/dhcp/a8dcd6ac-f580-4c60-bdbc-7d569df05315/addn_hosts - 4 names
Oct 18 12:29:17.729552 podb-esxi207 dnsmasq-dhcp[3859565]: read /opt/stack/data/neutron/dhcp/a8dcd6ac-f580-4c60-bdbc-7d569df05315/host
Oct 18 12:29:17.729646 podb-esxi207 dnsmasq-dhcp[3859565]: read /opt/stack/data/neutron/dhcp/a8dcd6ac-f580-4c60-bdbc-7d569df05315/opts
Oct 18 12:29:18.484081 podb-esxi207 dnsmasq[3859648]: read /opt/stack/data/neutron/dhcp/35225174-94eb-4abb-8b7a-e4d44eae2845/addn_hosts - 4 names
Oct 18 12:29:18.484200 podb-esxi207 dnsmasq-dhcp[3859648]: read /opt/stack/data/neutron/dhcp/35225174-94eb-4abb-8b7a-e4d44eae2845/host
Oct 18 12:29:18.484284 podb-esxi207 dnsmasq-dhcp[3859648]: read /opt/stack/data/neutron/dhcp/35225174-94eb-4abb-8b7a-e4d44eae2845/opts
Oct 18 12:29:19.748545 podb-esxi207 dnsmasq[3859565]: read /opt/stack/data/neutron/dhcp/a8dcd6ac-f580-4c60-bdbc-7d569df05315/addn_hosts - 6 names
Oct 18 12:29:19.748667 podb-esxi207 dnsmasq-dhcp[3859565]: read /opt/stack/data/neutron/dhcp/a8dcd6ac-f580-4c60-bdbc-7d569df05315/host
Oct 18 12:29:19.748758 podb-esxi207 dnsmasq-dhcp[3859565]: read /opt/stack/data/neutron/dhcp/a8dcd6ac-f580-4c60-bdbc-7d569df05315/opts
Oct 18 12:29:21.006302 podb-esxi207 dnsmasq[3859565]: read /opt/stack/data/neutron/dhcp/a8dcd6ac-f580-4c60-bdbc-7d569df05315/addn_hosts - 8 names
Oct 18 12:29:21.006427 podb-esxi207 dnsmasq-dhcp[3859565]: read /opt/stack/data/neutron/dhcp/a8dcd6ac-f580-4c60-bdbc-7d569df05315/host
Oct 18 12:29:21.006526 podb-esxi207 dnsmasq-dhcp[3859565]: read /opt/stack/data/neutron/dhcp/a8dcd6ac-f580-4c60-bdbc-7d569df05315/opts
Oct 18 12:29:35.300433 podb-esxi207 dnsmasq-dhcp[3859237]: DHCPDISCOVER(tap23545ae4-49) fa:16:3e:69:1d:45
Oct 18 12:29:35.300460 podb-esxi207 dnsmasq-dhcp[3859237]: DHCPOFFER(tap23545ae4-49) 10.1.0.6 fa:16:3e:69:1d:45
Oct 18 12:29:35.310833 podb-esxi207 dnsmasq-dhcp[3859237]: DHCPREQUEST(tap23545ae4-49) 10.1.0.6 fa:16:3e:69:1d:45
Oct 18 12:29:35.310862 podb-esxi207 dnsmasq-dhcp[3859237]: DHCPACK(tap23545ae4-49) 10.1.0.6 fa:16:3e:69:1d:45 host-10-1-0-6
Oct 18 12:29:37.128381 podb-esxi207 dnsmasq-dhcp[3855301]: DHCPDISCOVER(tap083b9a6e-0b) fa:16:3e:e0:2c:cc
Oct 18 12:29:37.128411 podb-esxi207 dnsmasq-dhcp[3855301]: DHCPOFFER(tap083b9a6e-0b) 10.1.0.14 fa:16:3e:e0:2c:cc
Oct 18 12:29:37.139226 podb-esxi207 dnsmasq-dhcp[3855301]: DHCPREQUEST(tap083b9a6e-0b) 10.1.0.14 fa:16:3e:e0:2c:cc
Oct 18 12:29:37.139246 podb-esxi207 dnsmasq-dhcp[3855301]: DHCPACK(tap083b9a6e-0b) 10.1.0.14 fa:16:3e:e0:2c:cc host-10-1-0-14
Oct 18 12:29:38.277743 podb-esxi207 dnsmasq[3854570]: read /opt/stack/data/neutron/dhcp/c2257814-9eca-4361-bbd0-231c34634812/addn_hosts - 10 names
Oct 18 12:29:38.277875 podb-esxi207 dnsmasq-dhcp[3854570]: read /opt/stack/data/neutron/dhcp/c2257814-9eca-4361-bbd0-231c34634812/host
Oct 18 12:29:38.277993 podb-esxi207 dnsmasq-dhcp[3854570]: read /opt/stack/data/neutron/dhcp/c2257814-9eca-4361-bbd0-231c34634812/opts
Oct 18 12:29:53.648588 podb-esxi207 dnsmasq[3854570]: read /opt/stack/data/neutron/dhcp/c2257814-9eca-4361-bbd0-231c34634812/addn_hosts - 12 names
Oct 18 12:29:53.648696 podb-esxi207 dnsmasq-dhcp[3854570]: read /opt/stack/data/neutron/dhcp/c2257814-9eca-4361-bbd0-231c34634812/host
Oct 18 12:29:53.648790 podb-esxi207 dnsmasq-dhcp[3854570]: read /opt/stack/data/neutron/dhcp/c2257814-9eca-4361-bbd0-231c34634812/opts
Oct 18 12:30:03.795448 podb-esxi207 dnsmasq-dhcp[3854570]: DHCPDISCOVER(tapa7c14feb-43) fa:16:3e:d2:6d:35
Oct 18 12:30:03.795472 podb-esxi207 dnsmasq-dhcp[3854570]: DHCPOFFER(tapa7c14feb-43) 10.1.0.5 fa:16:3e:d2:6d:35
Oct 18 12:30:03.806630 podb-esxi207 dnsmasq-dhcp[3854570]: DHCPREQUEST(tapa7c14feb-43) 10.1.0.5 fa:16:3e:d2:6d:35
Oct 18 12:30:03.806664 podb-esxi207 dnsmasq-dhcp[3854570]: DHCPACK(tapa7c14feb-43) 10.1.0.5 fa:16:3e:d2:6d:35 host-10-1-0-5
Oct 18 12:30:04.085117 podb-esxi207 dnsmasq-dhcp[3859565]: DHCPDISCOVER(tap7c6f08a4-ba) fa:16:3e:20:61:79
Oct 18 12:30:04.085144 podb-esxi207 dnsmasq-dhcp[3859565]: DHCPOFFER(tap7c6f08a4-ba) 10.1.1.221 fa:16:3e:20:61:79
Oct 18 12:30:04.183482 podb-esxi207 dnsmasq-dhcp[3859565]: DHCPREQUEST(tap7c6f08a4-ba) 10.1.1.221 fa:16:3e:20:61:79
Oct 18 12:30:04.183513 podb-esxi207 dnsmasq-dhcp[3859565]: DHCPACK(tap7c6f08a4-ba) 10.1.1.221 fa:16:3e:20:61:79 host-10-1-1-221
Oct 18 12:30:04.313913 podb-esxi207 dnsmasq-dhcp[3859565]: DHCPDISCOVER(tap7c6f08a4-ba) fa:16:3e:2b:c2:4c
Oct 18 12:30:04.313936 podb-esxi207 dnsmasq-dhcp[3859565]: DHCPOFFER(tap7c6f08a4-ba) 10.1.1.105 fa:16:3e:2b:c2:4c
Oct 18 12:30:04.320114 podb-esxi207 dnsmasq-dhcp[3859565]: DHCPREQUEST(tap7c6f08a4-ba) 10.1.1.105 fa:16:3e:2b:c2:4c
Oct 18 12:30:04.320144 podb-esxi207 dnsmasq-dhcp[3859565]: DHCPACK(tap7c6f08a4-ba) 10.1.1.105 fa:16:3e:2b:c2:4c host-10-1-1-105
Oct 18 12:30:04.381708 podb-esxi207 dnsmasq-dhcp[3859565]: DHCPDISCOVER(tap7c6f08a4-ba) fa:16:3e:e4:18:e3
Oct 18 12:30:04.381733 podb-esxi207 dnsmasq-dhcp[3859565]: DHCPOFFER(tap7c6f08a4-ba) 10.1.1.75 fa:16:3e:e4:18:e3
Oct 18 12:30:04.389497 podb-esxi207 dnsmasq-dhcp[3859565]: DHCPREQUEST(tap7c6f08a4-ba) 10.1.1.75 fa:16:3e:e4:18:e3
Oct 18 12:30:04.389524 podb-esxi207 dnsmasq-dhcp[3859565]: DHCPACK(tap7c6f08a4-ba) 10.1.1.75 fa:16:3e:e4:18:e3 host-10-1-1-75
Oct 18 12:30:04.806764 podb-esxi207 dnsmasq-dhcp[3859565]: DHCPDISCOVER(tap7c6f08a4-ba) fa:16:3e:fa:76:06
Oct 18 12:30:04.806789 podb-esxi207 dnsmasq-dhcp[3859565]: DHCPOFFER(tap7c6f08a4-ba) 10.1.1.229 fa:16:3e:fa:76:06
Oct 18 12:30:04.810348 podb-esxi207 dnsmasq-dhcp[3859565]: DHCPREQUEST(tap7c6f08a4-ba) 10.1.1.229 fa:16:3e:fa:76:06
Oct 18 12:30:04.810377 podb-esxi207 dnsmasq-dhcp[3859565]: DHCPACK(tap7c6f08a4-ba) 10.1.1.229 fa:16:3e:fa:76:06 host-10-1-1-229
Oct 18 12:30:04.857796 podb-esxi207 dnsmasq-dhcp[3857788]: DHCPDISCOVER(tap5389a098-bb) fa:16:3e:56:17:fa
Oct 18 12:30:04.857820 podb-esxi207 dnsmasq-dhcp[3857788]: DHCPOFFER(tap5389a098-bb) 10.1.0.5 fa:16:3e:56:17:fa
Oct 18 12:30:04.864044 podb-esxi207 dnsmasq-dhcp[3857788]: DHCPREQUEST(tap5389a098-bb) 10.1.0.5 fa:16:3e:56:17:fa
Oct 18 12:30:04.864074 podb-esxi207 dnsmasq-dhcp[3857788]: DHCPACK(tap5389a098-bb) 10.1.0.5 fa:16:3e:56:17:fa host-10-1-0-5
Oct 18 12:30:05.726654 podb-esxi207 dnsmasq-dhcp[3859648]: DHCPDISCOVER(tape86dc032-c2) fa:16:3e:a7:a7:8a
Oct 18 12:30:05.726683 podb-esxi207 dnsmasq-dhcp[3859648]: DHCPOFFER(tape86dc032-c2) 10.2.2.200 fa:16:3e:a7:a7:8a
Oct 18 12:30:05.730420 podb-esxi207 dnsmasq-dhcp[3859648]: DHCPREQUEST(tape86dc032-c2) 10.2.2.200 fa:16:3e:a7:a7:8a
Oct 18 12:30:05.730450 podb-esxi207 dnsmasq-dhcp[3859648]: DHCPACK(tape86dc032-c2) 10.2.2.200 fa:16:3e:a7:a7:8a host-10-2-2-200
Oct 18 12:30:05.945970 podb-esxi207 dnsmasq-dhcp[3859648]: DHCPDISCOVER(tape86dc032-c2) fa:16:3e:da:05:51
Oct 18 12:30:05.945995 podb-esxi207 dnsmasq-dhcp[3859648]: DHCPOFFER(tape86dc032-c2) 10.2.2.100 fa:16:3e:da:05:51
Oct 18 12:30:05.949486 podb-esxi207 dnsmasq-dhcp[3859648]: DHCPREQUEST(tape86dc032-c2) 10.2.2.100 fa:16:3e:da:05:51
Oct 18 12:30:05.949515 podb-esxi207 dnsmasq-dhcp[3859648]: DHCPACK(tape86dc032-c2) 10.2.2.100 fa:16:3e:da:05:51 host-10-2-2-100
Oct 18 12:30:13.980117 podb-esxi207 dnsmasq-dhcp[3855301]: DHCPRELEASE(tap083b9a6e-0b) 10.1.0.14 fa:16:3e:e0:2c:cc
Oct 18 12:30:13.996138 podb-esxi207 dnsmasq-dhcp[3855301]: DHCPRELEASE(tap083b9a6e-0b) 10.1.0.14 fa:16:3e:e0:2c:cc unknown lease
Oct 18 12:30:14.818375 podb-esxi207 dnsmasq[3855301]: read /opt/stack/data/neutron/dhcp/5cfeae32-d223-433f-8777-94c472233133/addn_hosts - 2 names
Oct 18 12:30:14.818490 podb-esxi207 dnsmasq-dhcp[3855301]: read /opt/stack/data/neutron/dhcp/5cfeae32-d223-433f-8777-94c472233133/host
Oct 18 12:30:14.818596 podb-esxi207 dnsmasq-dhcp[3855301]: read /opt/stack/data/neutron/dhcp/5cfeae32-d223-433f-8777-94c472233133/opts
Oct 18 12:30:16.646486 podb-esxi207 dnsmasq-dhcp[3854570]: DHCPDISCOVER(tapa7c14feb-43) fa:16:3e:37:15:f5
Oct 18 12:30:16.646513 podb-esxi207 dnsmasq-dhcp[3854570]: DHCPOFFER(tapa7c14feb-43) 10.1.0.14 fa:16:3e:37:15:f5
Oct 18 12:30:16.654885 podb-esxi207 dnsmasq-dhcp[3854570]: DHCPREQUEST(tapa7c14feb-43) 10.1.0.14 fa:16:3e:37:15:f5
Oct 18 12:30:16.654920 podb-esxi207 dnsmasq-dhcp[3854570]: DHCPACK(tapa7c14feb-43) 10.1.0.14 fa:16:3e:37:15:f5 host-10-1-0-14
Oct 18 12:30:21.973819 podb-esxi207 dnsmasq[3855301]: read /opt/stack/data/neutron/dhcp/5cfeae32-d223-433f-8777-94c472233133/addn_hosts - 0 names
Oct 18 12:30:21.973906 podb-esxi207 dnsmasq-dhcp[3855301]: read /opt/stack/data/neutron/dhcp/5cfeae32-d223-433f-8777-94c472233133/host
Oct 18 12:30:21.973991 podb-esxi207 dnsmasq-dhcp[3855301]: read /opt/stack/data/neutron/dhcp/5cfeae32-d223-433f-8777-94c472233133/opts
Oct 18 12:30:22.813688 podb-esxi207 dnsmasq[3855301]: exiting on receipt of SIGTERM
Oct 18 12:30:27.462507 podb-esxi207 dnsmasq[3862270]: started, version 2.90 cachesize 150
Oct 18 12:30:27.462535 podb-esxi207 dnsmasq[3862270]: DNS service limited to local subnets
Oct 18 12:30:27.462551 podb-esxi207 dnsmasq[3862270]: compile time options: IPv6 GNU-getopt DBus no-UBus i18n IDN2 DHCP DHCPv6 no-Lua TFTP conntrack ipset no-nftset auth cryptohash DNSSEC loop-detect inotify dumpfile
Oct 18 12:30:27.462596 podb-esxi207 dnsmasq-dhcp[3862270]: DHCP, static leases only on 10.1.0.0, lease time 1d
Oct 18 12:30:27.462781 podb-esxi207 dnsmasq[3862270]: reading /etc/resolv.conf
Oct 18 12:30:27.462797 podb-esxi207 dnsmasq[3862270]: using nameserver 127.0.0.53#53
Oct 18 12:30:27.462890 podb-esxi207 dnsmasq[3862270]: read /opt/stack/data/neutron/dhcp/4b1bafdb-2a98-4a82-9981-d95d4d55b71c/addn_hosts - 0 names
Oct 18 12:30:27.462943 podb-esxi207 dnsmasq-dhcp[3862270]: read /opt/stack/data/neutron/dhcp/4b1bafdb-2a98-4a82-9981-d95d4d55b71c/host
Oct 18 12:30:27.463002 podb-esxi207 dnsmasq-dhcp[3862270]: read /opt/stack/data/neutron/dhcp/4b1bafdb-2a98-4a82-9981-d95d4d55b71c/opts
Oct 18 12:30:29.017134 podb-esxi207 dnsmasq[3862270]: read /opt/stack/data/neutron/dhcp/4b1bafdb-2a98-4a82-9981-d95d4d55b71c/addn_hosts - 2 names
Oct 18 12:30:29.017255 podb-esxi207 dnsmasq-dhcp[3862270]: read /opt/stack/data/neutron/dhcp/4b1bafdb-2a98-4a82-9981-d95d4d55b71c/host
Oct 18 12:30:29.017372 podb-esxi207 dnsmasq-dhcp[3862270]: read /opt/stack/data/neutron/dhcp/4b1bafdb-2a98-4a82-9981-d95d4d55b71c/opts
Oct 18 12:30:29.812236 podb-esxi207 dnsmasq-dhcp[3857788]: DHCPRELEASE(tap5389a098-bb) 10.1.0.5 fa:16:3e:56:17:fa
Oct 18 12:30:29.832179 podb-esxi207 dnsmasq-dhcp[3857788]: DHCPRELEASE(tap5389a098-bb) 10.1.0.5 fa:16:3e:56:17:fa unknown lease
Oct 18 12:30:30.654894 podb-esxi207 dnsmasq[3857788]: read /opt/stack/data/neutron/dhcp/a6255c1d-c166-4e3a-bae4-8a107b16f4bc/addn_hosts - 2 names
Oct 18 12:30:30.654992 podb-esxi207 dnsmasq-dhcp[3857788]: read /opt/stack/data/neutron/dhcp/a6255c1d-c166-4e3a-bae4-8a107b16f4bc/host
Oct 18 12:30:30.655065 podb-esxi207 dnsmasq-dhcp[3857788]: read /opt/stack/data/neutron/dhcp/a6255c1d-c166-4e3a-bae4-8a107b16f4bc/opts
Oct 18 12:30:30.916765 podb-esxi207 dnsmasq-dhcp[3859648]: DHCPRELEASE(tape86dc032-c2) 10.2.2.200 fa:16:3e:a7:a7:8a
Oct 18 12:30:30.934805 podb-esxi207 dnsmasq-dhcp[3859648]: DHCPRELEASE(tape86dc032-c2) 10.2.2.200 fa:16:3e:a7:a7:8a unknown lease
Oct 18 12:30:31.760828 podb-esxi207 dnsmasq[3859648]: read /opt/stack/data/neutron/dhcp/35225174-94eb-4abb-8b7a-e4d44eae2845/addn_hosts - 2 names
Oct 18 12:30:31.760960 podb-esxi207 dnsmasq-dhcp[3859648]: read /opt/stack/data/neutron/dhcp/35225174-94eb-4abb-8b7a-e4d44eae2845/host
Oct 18 12:30:31.761054 podb-esxi207 dnsmasq-dhcp[3859648]: read /opt/stack/data/neutron/dhcp/35225174-94eb-4abb-8b7a-e4d44eae2845/opts
Oct 18 12:30:32.516739 podb-esxi207 dnsmasq[3862270]: read /opt/stack/data/neutron/dhcp/4b1bafdb-2a98-4a82-9981-d95d4d55b71c/addn_hosts - 2 names
Oct 18 12:30:32.516875 podb-esxi207 dnsmasq-dhcp[3862270]: read /opt/stack/data/neutron/dhcp/4b1bafdb-2a98-4a82-9981-d95d4d55b71c/host
Oct 18 12:30:32.516994 podb-esxi207 dnsmasq-dhcp[3862270]: read /opt/stack/data/neutron/dhcp/4b1bafdb-2a98-4a82-9981-d95d4d55b71c/opts
Oct 18 12:30:32.760177 podb-esxi207 dnsmasq-dhcp[3859565]: DHCPRELEASE(tap7c6f08a4-ba) 10.1.1.229 fa:16:3e:fa:76:06
Oct 18 12:30:32.777353 podb-esxi207 dnsmasq-dhcp[3859565]: DHCPRELEASE(tap7c6f08a4-ba) 10.1.1.229 fa:16:3e:fa:76:06 unknown lease
Oct 18 12:30:33.598516 podb-esxi207 dnsmasq[3859565]: read /opt/stack/data/neutron/dhcp/a8dcd6ac-f580-4c60-bdbc-7d569df05315/addn_hosts - 6 names
Oct 18 12:30:33.598655 podb-esxi207 dnsmasq-dhcp[3859565]: read /opt/stack/data/neutron/dhcp/a8dcd6ac-f580-4c60-bdbc-7d569df05315/host
Oct 18 12:30:33.598738 podb-esxi207 dnsmasq-dhcp[3859565]: read /opt/stack/data/neutron/dhcp/a8dcd6ac-f580-4c60-bdbc-7d569df05315/opts
Oct 18 12:30:34.332364 podb-esxi207 dnsmasq-dhcp[3859648]: DHCPRELEASE(tape86dc032-c2) 10.2.2.100 fa:16:3e:da:05:51
Oct 18 12:30:34.347073 podb-esxi207 dnsmasq-dhcp[3859648]: DHCPRELEASE(tape86dc032-c2) 10.2.2.100 fa:16:3e:da:05:51 unknown lease
Oct 18 12:30:35.168554 podb-esxi207 dnsmasq[3859648]: read /opt/stack/data/neutron/dhcp/35225174-94eb-4abb-8b7a-e4d44eae2845/addn_hosts - 0 names
Oct 18 12:30:35.168635 podb-esxi207 dnsmasq-dhcp[3859648]: read /opt/stack/data/neutron/dhcp/35225174-94eb-4abb-8b7a-e4d44eae2845/host
Oct 18 12:30:35.168712 podb-esxi207 dnsmasq-dhcp[3859648]: read /opt/stack/data/neutron/dhcp/35225174-94eb-4abb-8b7a-e4d44eae2845/opts
Oct 18 12:30:35.910450 podb-esxi207 dnsmasq[3862270]: read /opt/stack/data/neutron/dhcp/4b1bafdb-2a98-4a82-9981-d95d4d55b71c/addn_hosts - 2 names
Oct 18 12:30:35.910556 podb-esxi207 dnsmasq-dhcp[3862270]: read /opt/stack/data/neutron/dhcp/4b1bafdb-2a98-4a82-9981-d95d4d55b71c/host
Oct 18 12:30:35.910662 podb-esxi207 dnsmasq-dhcp[3862270]: read /opt/stack/data/neutron/dhcp/4b1bafdb-2a98-4a82-9981-d95d4d55b71c/opts
Oct 18 12:30:36.143199 podb-esxi207 dnsmasq-dhcp[3859565]: DHCPRELEASE(tap7c6f08a4-ba) 10.1.1.221 fa:16:3e:20:61:79
Oct 18 12:30:36.159155 podb-esxi207 dnsmasq-dhcp[3859565]: DHCPRELEASE(tap7c6f08a4-ba) 10.1.1.221 fa:16:3e:20:61:79 unknown lease
Oct 18 12:30:36.982928 podb-esxi207 dnsmasq[3859565]: read /opt/stack/data/neutron/dhcp/a8dcd6ac-f580-4c60-bdbc-7d569df05315/addn_hosts - 4 names
Oct 18 12:30:36.983018 podb-esxi207 dnsmasq-dhcp[3859565]: read /opt/stack/data/neutron/dhcp/a8dcd6ac-f580-4c60-bdbc-7d569df05315/host
Oct 18 12:30:36.983101 podb-esxi207 dnsmasq-dhcp[3859565]: read /opt/stack/data/neutron/dhcp/a8dcd6ac-f580-4c60-bdbc-7d569df05315/opts
Oct 18 12:30:38.234358 podb-esxi207 dnsmasq[3862270]: read /opt/stack/data/neutron/dhcp/4b1bafdb-2a98-4a82-9981-d95d4d55b71c/addn_hosts - 4 names
Oct 18 12:30:38.234521 podb-esxi207 dnsmasq-dhcp[3862270]: read /opt/stack/data/neutron/dhcp/4b1bafdb-2a98-4a82-9981-d95d4d55b71c/host
Oct 18 12:30:38.234661 podb-esxi207 dnsmasq-dhcp[3862270]: read /opt/stack/data/neutron/dhcp/4b1bafdb-2a98-4a82-9981-d95d4d55b71c/opts
Oct 18 12:30:41.869857 podb-esxi207 dnsmasq-dhcp[3859565]: DHCPRELEASE(tap7c6f08a4-ba) 10.1.1.105 fa:16:3e:2b:c2:4c
Oct 18 12:30:41.885822 podb-esxi207 dnsmasq-dhcp[3859565]: DHCPRELEASE(tap7c6f08a4-ba) 10.1.1.105 fa:16:3e:2b:c2:4c unknown lease
Oct 18 12:30:42.711233 podb-esxi207 dnsmasq[3859565]: read /opt/stack/data/neutron/dhcp/a8dcd6ac-f580-4c60-bdbc-7d569df05315/addn_hosts - 2 names
Oct 18 12:30:42.711345 podb-esxi207 dnsmasq-dhcp[3859565]: read /opt/stack/data/neutron/dhcp/a8dcd6ac-f580-4c60-bdbc-7d569df05315/host
Oct 18 12:30:42.711430 podb-esxi207 dnsmasq-dhcp[3859565]: read /opt/stack/data/neutron/dhcp/a8dcd6ac-f580-4c60-bdbc-7d569df05315/opts
Oct 18 12:30:43.975873 podb-esxi207 dnsmasq[3859565]: exiting on receipt of SIGTERM
Oct 18 12:30:44.584268 podb-esxi207 dnsmasq[3859648]: exiting on receipt of SIGTERM
Oct 18 12:30:56.586191 podb-esxi207 dnsmasq-dhcp[3859237]: DHCPREQUEST(tap23545ae4-49) 10.1.0.6 fa:16:3e:69:1d:45
Oct 18 12:30:56.586220 podb-esxi207 dnsmasq-dhcp[3859237]: DHCPACK(tap23545ae4-49) 10.1.0.6 fa:16:3e:69:1d:45 host-10-1-0-6
Oct 18 12:30:57.607706 podb-esxi207 dnsmasq[3857788]: read /opt/stack/data/neutron/dhcp/a6255c1d-c166-4e3a-bae4-8a107b16f4bc/addn_hosts - 0 names
Oct 18 12:30:57.607821 podb-esxi207 dnsmasq-dhcp[3857788]: read /opt/stack/data/neutron/dhcp/a6255c1d-c166-4e3a-bae4-8a107b16f4bc/host
Oct 18 12:30:57.607913 podb-esxi207 dnsmasq-dhcp[3857788]: read /opt/stack/data/neutron/dhcp/a6255c1d-c166-4e3a-bae4-8a107b16f4bc/opts
Oct 18 12:30:58.386806 podb-esxi207 dnsmasq[3857788]: exiting on receipt of SIGTERM
Oct 18 12:30:59.492463 podb-esxi207 dnsmasq[3858081]: read /opt/stack/data/neutron/dhcp/fe045165-d40f-4bd0-9a2e-75febc81a704/addn_hosts - 0 names
Oct 18 12:30:59.492524 podb-esxi207 dnsmasq-dhcp[3858081]: read /opt/stack/data/neutron/dhcp/fe045165-d40f-4bd0-9a2e-75febc81a704/host
Oct 18 12:30:59.492576 podb-esxi207 dnsmasq-dhcp[3858081]: read /opt/stack/data/neutron/dhcp/fe045165-d40f-4bd0-9a2e-75febc81a704/opts
Oct 18 12:31:00.235473 podb-esxi207 dnsmasq[3858081]: exiting on receipt of SIGTERM
Oct 18 12:31:02.488214 podb-esxi207 dnsmasq-dhcp[3862270]: DHCPDISCOVER(tape9aa167f-8c) fa:16:3e:54:ea:41
Oct 18 12:31:02.488227 podb-esxi207 dnsmasq-dhcp[3862270]: DHCPOFFER(tape9aa167f-8c) 10.1.0.8 fa:16:3e:54:ea:41
Oct 18 12:31:02.500220 podb-esxi207 dnsmasq-dhcp[3862270]: DHCPREQUEST(tape9aa167f-8c) 10.1.0.8 fa:16:3e:54:ea:41
Oct 18 12:31:02.500244 podb-esxi207 dnsmasq-dhcp[3862270]: DHCPACK(tape9aa167f-8c) 10.1.0.8 fa:16:3e:54:ea:41 host-10-1-0-8
Oct 18 12:31:03.948785 podb-esxi207 dnsmasq[3863571]: started, version 2.90 cachesize 150
Oct 18 12:31:03.948811 podb-esxi207 dnsmasq[3863571]: DNS service limited to local subnets
Oct 18 12:31:03.948825 podb-esxi207 dnsmasq[3863571]: compile time options: IPv6 GNU-getopt DBus no-UBus i18n IDN2 DHCP DHCPv6 no-Lua TFTP conntrack ipset no-nftset auth cryptohash DNSSEC loop-detect inotify dumpfile
Oct 18 12:31:03.948859 podb-esxi207 dnsmasq-dhcp[3863571]: DHCP, static leases only on 10.1.0.0, lease time 1d
Oct 18 12:31:03.949002 podb-esxi207 dnsmasq[3863571]: reading /etc/resolv.conf
Oct 18 12:31:03.949018 podb-esxi207 dnsmasq[3863571]: using nameserver 127.0.0.53#53
Oct 18 12:31:03.949105 podb-esxi207 dnsmasq[3863571]: read /opt/stack/data/neutron/dhcp/d72561b2-308f-40c0-b46a-533c0bb9cc30/addn_hosts - 0 names
Oct 18 12:31:03.949155 podb-esxi207 dnsmasq-dhcp[3863571]: read /opt/stack/data/neutron/dhcp/d72561b2-308f-40c0-b46a-533c0bb9cc30/host
Oct 18 12:31:03.949211 podb-esxi207 dnsmasq-dhcp[3863571]: read /opt/stack/data/neutron/dhcp/d72561b2-308f-40c0-b46a-533c0bb9cc30/opts
Oct 18 12:31:04.210340 podb-esxi207 dnsmasq-dhcp[3854570]: DHCPREQUEST(tapa7c14feb-43) 10.1.0.5 fa:16:3e:d2:6d:35
Oct 18 12:31:04.210372 podb-esxi207 dnsmasq-dhcp[3854570]: DHCPACK(tapa7c14feb-43) 10.1.0.5 fa:16:3e:d2:6d:35 host-10-1-0-5
Oct 18 12:31:05.487320 podb-esxi207 dnsmasq[3863571]: read /opt/stack/data/neutron/dhcp/d72561b2-308f-40c0-b46a-533c0bb9cc30/addn_hosts - 2 names
Oct 18 12:31:05.487411 podb-esxi207 dnsmasq-dhcp[3863571]: read /opt/stack/data/neutron/dhcp/d72561b2-308f-40c0-b46a-533c0bb9cc30/host
Oct 18 12:31:05.487488 podb-esxi207 dnsmasq-dhcp[3863571]: read /opt/stack/data/neutron/dhcp/d72561b2-308f-40c0-b46a-533c0bb9cc30/opts
Oct 18 12:31:06.724829 podb-esxi207 dnsmasq[3863571]: read /opt/stack/data/neutron/dhcp/d72561b2-308f-40c0-b46a-533c0bb9cc30/addn_hosts - 2 names
Oct 18 12:31:06.724904 podb-esxi207 dnsmasq-dhcp[3863571]: read /opt/stack/data/neutron/dhcp/d72561b2-308f-40c0-b46a-533c0bb9cc30/host
Oct 18 12:31:06.724973 podb-esxi207 dnsmasq-dhcp[3863571]: read /opt/stack/data/neutron/dhcp/d72561b2-308f-40c0-b46a-533c0bb9cc30/opts
Oct 18 12:31:07.958734 podb-esxi207 dnsmasq[3863571]: read /opt/stack/data/neutron/dhcp/d72561b2-308f-40c0-b46a-533c0bb9cc30/addn_hosts - 2 names
Oct 18 12:31:07.958896 podb-esxi207 dnsmasq-dhcp[3863571]: read /opt/stack/data/neutron/dhcp/d72561b2-308f-40c0-b46a-533c0bb9cc30/host
Oct 18 12:31:07.959015 podb-esxi207 dnsmasq-dhcp[3863571]: read /opt/stack/data/neutron/dhcp/d72561b2-308f-40c0-b46a-533c0bb9cc30/opts
Oct 18 12:31:09.190121 podb-esxi207 dnsmasq[3863571]: read /opt/stack/data/neutron/dhcp/d72561b2-308f-40c0-b46a-533c0bb9cc30/addn_hosts - 4 names
Oct 18 12:31:09.190239 podb-esxi207 dnsmasq-dhcp[3863571]: read /opt/stack/data/neutron/dhcp/d72561b2-308f-40c0-b46a-533c0bb9cc30/host
Oct 18 12:31:09.190340 podb-esxi207 dnsmasq-dhcp[3863571]: read /opt/stack/data/neutron/dhcp/d72561b2-308f-40c0-b46a-533c0bb9cc30/opts
Oct 18 12:31:31.888398 podb-esxi207 dnsmasq[3863571]: read /opt/stack/data/neutron/dhcp/d72561b2-308f-40c0-b46a-533c0bb9cc30/addn_hosts - 6 names
Oct 18 12:31:31.888511 podb-esxi207 dnsmasq-dhcp[3863571]: read /opt/stack/data/neutron/dhcp/d72561b2-308f-40c0-b46a-533c0bb9cc30/host
Oct 18 12:31:31.888611 podb-esxi207 dnsmasq-dhcp[3863571]: read /opt/stack/data/neutron/dhcp/d72561b2-308f-40c0-b46a-533c0bb9cc30/opts
Oct 18 12:31:33.740914 podb-esxi207 dnsmasq-dhcp[3863571]: DHCPDISCOVER(tapeb7b9d89-24) fa:16:3e:ea:d9:0b
Oct 18 12:31:33.740940 podb-esxi207 dnsmasq-dhcp[3863571]: DHCPOFFER(tapeb7b9d89-24) 10.1.0.11 fa:16:3e:ea:d9:0b
Oct 18 12:31:33.753728 podb-esxi207 dnsmasq-dhcp[3863571]: DHCPREQUEST(tapeb7b9d89-24) 10.1.0.11 fa:16:3e:ea:d9:0b
Oct 18 12:31:33.753758 podb-esxi207 dnsmasq-dhcp[3863571]: DHCPACK(tapeb7b9d89-24) 10.1.0.11 fa:16:3e:ea:d9:0b host-10-1-0-11
Oct 18 12:32:18.994207 podb-esxi207 dnsmasq-dhcp[3854570]: DHCPREQUEST(tapa7c14feb-43) 10.1.0.14 fa:16:3e:37:15:f5
Oct 18 12:32:18.994240 podb-esxi207 dnsmasq-dhcp[3854570]: DHCPACK(tapa7c14feb-43) 10.1.0.14 fa:16:3e:37:15:f5 host-10-1-0-14
Oct 18 12:32:30.101165 podb-esxi207 dnsmasq-dhcp[3859237]: DHCPREQUEST(tap23545ae4-49) 10.1.0.6 fa:16:3e:69:1d:45
Oct 18 12:32:30.101180 podb-esxi207 dnsmasq-dhcp[3859237]: DHCPACK(tap23545ae4-49) 10.1.0.6 fa:16:3e:69:1d:45 host-10-1-0-6
Oct 18 12:32:37.083377 podb-esxi207 dnsmasq[3863571]: read /opt/stack/data/neutron/dhcp/d72561b2-308f-40c0-b46a-533c0bb9cc30/addn_hosts - 8 names
Oct 18 12:32:37.083471 podb-esxi207 dnsmasq-dhcp[3863571]: read /opt/stack/data/neutron/dhcp/d72561b2-308f-40c0-b46a-533c0bb9cc30/host
Oct 18 12:32:37.083562 podb-esxi207 dnsmasq-dhcp[3863571]: read /opt/stack/data/neutron/dhcp/d72561b2-308f-40c0-b46a-533c0bb9cc30/opts
Oct 18 12:32:46.787036 podb-esxi207 dnsmasq-dhcp[3862270]: DHCPREQUEST(tape9aa167f-8c) 10.1.0.8 fa:16:3e:54:ea:41
Oct 18 12:32:46.787066 podb-esxi207 dnsmasq-dhcp[3862270]: DHCPACK(tape9aa167f-8c) 10.1.0.8 fa:16:3e:54:ea:41 host-10-1-0-8
Oct 18 12:32:58.773313 podb-esxi207 dnsmasq[3863571]: read /opt/stack/data/neutron/dhcp/d72561b2-308f-40c0-b46a-533c0bb9cc30/addn_hosts - 10 names
Oct 18 12:32:58.773423 podb-esxi207 dnsmasq-dhcp[3863571]: read /opt/stack/data/neutron/dhcp/d72561b2-308f-40c0-b46a-533c0bb9cc30/host
Oct 18 12:32:58.773530 podb-esxi207 dnsmasq-dhcp[3863571]: read /opt/stack/data/neutron/dhcp/d72561b2-308f-40c0-b46a-533c0bb9cc30/opts
Oct 18 12:33:01.261407 podb-esxi207 dnsmasq-dhcp[3863571]: DHCPDISCOVER(tapeb7b9d89-24) fa:16:3e:e1:12:eb
Oct 18 12:33:01.261436 podb-esxi207 dnsmasq-dhcp[3863571]: DHCPOFFER(tapeb7b9d89-24) 10.1.0.5 fa:16:3e:e1:12:eb
Oct 18 12:33:01.274560 podb-esxi207 dnsmasq-dhcp[3863571]: DHCPREQUEST(tapeb7b9d89-24) 10.1.0.5 fa:16:3e:e1:12:eb
Oct 18 12:33:01.274595 podb-esxi207 dnsmasq-dhcp[3863571]: DHCPACK(tapeb7b9d89-24) 10.1.0.5 fa:16:3e:e1:12:eb host-10-1-0-5
Oct 18 12:33:08.021163 podb-esxi207 dnsmasq-dhcp[3859237]: DHCPRELEASE(tap23545ae4-49) 10.1.0.6 fa:16:3e:69:1d:45
Oct 18 12:33:08.036303 podb-esxi207 dnsmasq-dhcp[3859237]: DHCPRELEASE(tap23545ae4-49) 10.1.0.6 fa:16:3e:69:1d:45 unknown lease
Oct 18 12:33:08.860425 podb-esxi207 dnsmasq[3859237]: read /opt/stack/data/neutron/dhcp/9c18c8f3-e3ee-4765-8d1d-91e903de1e3a/addn_hosts - 2 names
Oct 18 12:33:08.860553 podb-esxi207 dnsmasq-dhcp[3859237]: read /opt/stack/data/neutron/dhcp/9c18c8f3-e3ee-4765-8d1d-91e903de1e3a/host
Oct 18 12:33:08.860672 podb-esxi207 dnsmasq-dhcp[3859237]: read /opt/stack/data/neutron/dhcp/9c18c8f3-e3ee-4765-8d1d-91e903de1e3a/opts
Oct 18 12:33:09.113374 podb-esxi207 dnsmasq-dhcp[3854570]: DHCPRELEASE(tapa7c14feb-43) 10.1.0.14 fa:16:3e:37:15:f5
Oct 18 12:33:09.129766 podb-esxi207 dnsmasq-dhcp[3854570]: DHCPRELEASE(tapa7c14feb-43) 10.1.0.14 fa:16:3e:37:15:f5 unknown lease
Oct 18 12:33:09.954852 podb-esxi207 dnsmasq[3854570]: read /opt/stack/data/neutron/dhcp/c2257814-9eca-4361-bbd0-231c34634812/addn_hosts - 10 names
Oct 18 12:33:09.954967 podb-esxi207 dnsmasq-dhcp[3854570]: read /opt/stack/data/neutron/dhcp/c2257814-9eca-4361-bbd0-231c34634812/host
Oct 18 12:33:09.955036 podb-esxi207 dnsmasq-dhcp[3854570]: read /opt/stack/data/neutron/dhcp/c2257814-9eca-4361-bbd0-231c34634812/opts
Oct 18 12:33:16.412387 podb-esxi207 dnsmasq-dhcp[3854570]: DHCPRELEASE(tapa7c14feb-43) 10.1.0.5 fa:16:3e:d2:6d:35
Oct 18 12:33:16.429784 podb-esxi207 dnsmasq-dhcp[3854570]: DHCPRELEASE(tapa7c14feb-43) 10.1.0.5 fa:16:3e:d2:6d:35 unknown lease
Oct 18 12:33:17.255901 podb-esxi207 dnsmasq[3854570]: read /opt/stack/data/neutron/dhcp/c2257814-9eca-4361-bbd0-231c34634812/addn_hosts - 8 names
Oct 18 12:33:17.256031 podb-esxi207 dnsmasq-dhcp[3854570]: read /opt/stack/data/neutron/dhcp/c2257814-9eca-4361-bbd0-231c34634812/host
Oct 18 12:33:17.256154 podb-esxi207 dnsmasq-dhcp[3854570]: read /opt/stack/data/neutron/dhcp/c2257814-9eca-4361-bbd0-231c34634812/opts
Oct 18 12:33:19.777790 podb-esxi207 dnsmasq[3859237]: read /opt/stack/data/neutron/dhcp/9c18c8f3-e3ee-4765-8d1d-91e903de1e3a/addn_hosts - 4 names
Oct 18 12:33:19.777900 podb-esxi207 dnsmasq-dhcp[3859237]: read /opt/stack/data/neutron/dhcp/9c18c8f3-e3ee-4765-8d1d-91e903de1e3a/host
Oct 18 12:33:19.778003 podb-esxi207 dnsmasq-dhcp[3859237]: read /opt/stack/data/neutron/dhcp/9c18c8f3-e3ee-4765-8d1d-91e903de1e3a/opts
Oct 18 12:33:28.851058 podb-esxi207 dnsmasq-dhcp[3854570]: DHCPRELEASE(tapa7c14feb-43) 10.1.0.4 fa:16:3e:c5:fd:f7
Oct 18 12:33:28.870127 podb-esxi207 dnsmasq-dhcp[3854570]: DHCPRELEASE(tapa7c14feb-43) 10.1.0.4 fa:16:3e:c5:fd:f7 unknown lease
Oct 18 12:33:29.696953 podb-esxi207 dnsmasq[3854570]: read /opt/stack/data/neutron/dhcp/c2257814-9eca-4361-bbd0-231c34634812/addn_hosts - 6 names
Oct 18 12:33:29.697055 podb-esxi207 dnsmasq-dhcp[3854570]: read /opt/stack/data/neutron/dhcp/c2257814-9eca-4361-bbd0-231c34634812/host
Oct 18 12:33:29.697148 podb-esxi207 dnsmasq-dhcp[3854570]: read /opt/stack/data/neutron/dhcp/c2257814-9eca-4361-bbd0-231c34634812/opts
Oct 18 12:33:35.932119 podb-esxi207 dnsmasq-dhcp[3854570]: DHCPRELEASE(tapa7c14feb-43) 10.1.0.8 fa:16:3e:07:ad:51
Oct 18 12:33:35.947429 podb-esxi207 dnsmasq-dhcp[3854570]: DHCPRELEASE(tapa7c14feb-43) 10.1.0.8 fa:16:3e:07:ad:51 unknown lease
Oct 18 12:33:36.769004 podb-esxi207 dnsmasq[3854570]: read /opt/stack/data/neutron/dhcp/c2257814-9eca-4361-bbd0-231c34634812/addn_hosts - 4 names
Oct 18 12:33:36.769082 podb-esxi207 dnsmasq-dhcp[3854570]: read /opt/stack/data/neutron/dhcp/c2257814-9eca-4361-bbd0-231c34634812/host
Oct 18 12:33:36.769149 podb-esxi207 dnsmasq-dhcp[3854570]: read /opt/stack/data/neutron/dhcp/c2257814-9eca-4361-bbd0-231c34634812/opts
Oct 18 12:33:43.565084 podb-esxi207 dnsmasq-dhcp[3854570]: DHCPRELEASE(tapa7c14feb-43) 10.1.0.9 fa:16:3e:8a:f2:64
Oct 18 12:33:43.581641 podb-esxi207 dnsmasq-dhcp[3854570]: DHCPRELEASE(tapa7c14feb-43) 10.1.0.9 fa:16:3e:8a:f2:64 unknown lease
Oct 18 12:33:43.724217 podb-esxi207 dnsmasq-dhcp[3859237]: DHCPDISCOVER(tap23545ae4-49) fa:16:3e:6f:9d:d4
Oct 18 12:33:43.724243 podb-esxi207 dnsmasq-dhcp[3859237]: DHCPOFFER(tap23545ae4-49) 10.1.0.12 fa:16:3e:6f:9d:d4
Oct 18 12:33:43.735525 podb-esxi207 dnsmasq-dhcp[3859237]: DHCPREQUEST(tap23545ae4-49) 10.1.0.12 fa:16:3e:6f:9d:d4
Oct 18 12:33:43.735557 podb-esxi207 dnsmasq-dhcp[3859237]: DHCPACK(tap23545ae4-49) 10.1.0.12 fa:16:3e:6f:9d:d4 host-10-1-0-12
Oct 18 12:33:44.406688 podb-esxi207 dnsmasq[3854570]: read /opt/stack/data/neutron/dhcp/c2257814-9eca-4361-bbd0-231c34634812/addn_hosts - 2 names
Oct 18 12:33:44.406864 podb-esxi207 dnsmasq-dhcp[3854570]: read /opt/stack/data/neutron/dhcp/c2257814-9eca-4361-bbd0-231c34634812/host
Oct 18 12:33:44.406999 podb-esxi207 dnsmasq-dhcp[3854570]: read /opt/stack/data/neutron/dhcp/c2257814-9eca-4361-bbd0-231c34634812/opts
Oct 18 12:33:54.269081 podb-esxi207 dnsmasq-dhcp[3862270]: DHCPRELEASE(tape9aa167f-8c) 10.1.0.8 fa:16:3e:54:ea:41
Oct 18 12:33:54.286207 podb-esxi207 dnsmasq-dhcp[3862270]: DHCPRELEASE(tape9aa167f-8c) 10.1.0.8 fa:16:3e:54:ea:41 unknown lease
Oct 18 12:33:55.111212 podb-esxi207 dnsmasq[3862270]: read /opt/stack/data/neutron/dhcp/4b1bafdb-2a98-4a82-9981-d95d4d55b71c/addn_hosts - 2 names
Oct 18 12:33:55.111320 podb-esxi207 dnsmasq-dhcp[3862270]: read /opt/stack/data/neutron/dhcp/4b1bafdb-2a98-4a82-9981-d95d4d55b71c/host
Oct 18 12:33:55.111432 podb-esxi207 dnsmasq-dhcp[3862270]: read /opt/stack/data/neutron/dhcp/4b1bafdb-2a98-4a82-9981-d95d4d55b71c/opts
Oct 18 12:33:56.373147 podb-esxi207 dnsmasq[3854570]: read /opt/stack/data/neutron/dhcp/c2257814-9eca-4361-bbd0-231c34634812/addn_hosts - 0 names
Oct 18 12:33:56.373265 podb-esxi207 dnsmasq-dhcp[3854570]: read /opt/stack/data/neutron/dhcp/c2257814-9eca-4361-bbd0-231c34634812/host
Oct 18 12:33:56.373359 podb-esxi207 dnsmasq-dhcp[3854570]: read /opt/stack/data/neutron/dhcp/c2257814-9eca-4361-bbd0-231c34634812/opts
Oct 18 12:33:57.128295 podb-esxi207 dnsmasq[3863571]: read /opt/stack/data/neutron/dhcp/d72561b2-308f-40c0-b46a-533c0bb9cc30/addn_hosts - 8 names
Oct 18 12:33:57.128435 podb-esxi207 dnsmasq-dhcp[3863571]: read /opt/stack/data/neutron/dhcp/d72561b2-308f-40c0-b46a-533c0bb9cc30/host
Oct 18 12:33:57.128559 podb-esxi207 dnsmasq-dhcp[3863571]: read /opt/stack/data/neutron/dhcp/d72561b2-308f-40c0-b46a-533c0bb9cc30/opts
Oct 18 12:33:57.415735 podb-esxi207 dnsmasq[3854570]: exiting on receipt of SIGTERM
Oct 18 12:34:01.839169 podb-esxi207 dnsmasq[3867704]: started, version 2.90 cachesize 150
Oct 18 12:34:01.839198 podb-esxi207 dnsmasq[3867704]: DNS service limited to local subnets
Oct 18 12:34:01.839213 podb-esxi207 dnsmasq[3867704]: compile time options: IPv6 GNU-getopt DBus no-UBus i18n IDN2 DHCP DHCPv6 no-Lua TFTP conntrack ipset no-nftset auth cryptohash DNSSEC loop-detect inotify dumpfile
Oct 18 12:34:01.839268 podb-esxi207 dnsmasq-dhcp[3867704]: DHCP, static leases only on 10.1.0.0, lease time 1d
Oct 18 12:34:01.839425 podb-esxi207 dnsmasq[3867704]: reading /etc/resolv.conf
Oct 18 12:34:01.839442 podb-esxi207 dnsmasq[3867704]: using nameserver 127.0.0.53#53
Oct 18 12:34:01.839538 podb-esxi207 dnsmasq[3867704]: read /opt/stack/data/neutron/dhcp/b4dc90fb-cc86-4fb4-a853-4569caa49b53/addn_hosts - 0 names
Oct 18 12:34:01.839589 podb-esxi207 dnsmasq-dhcp[3867704]: read /opt/stack/data/neutron/dhcp/b4dc90fb-cc86-4fb4-a853-4569caa49b53/host
Oct 18 12:34:01.839656 podb-esxi207 dnsmasq-dhcp[3867704]: read /opt/stack/data/neutron/dhcp/b4dc90fb-cc86-4fb4-a853-4569caa49b53/opts
Oct 18 12:34:03.384434 podb-esxi207 dnsmasq[3867704]: read /opt/stack/data/neutron/dhcp/b4dc90fb-cc86-4fb4-a853-4569caa49b53/addn_hosts - 2 names
Oct 18 12:34:03.384525 podb-esxi207 dnsmasq-dhcp[3867704]: read /opt/stack/data/neutron/dhcp/b4dc90fb-cc86-4fb4-a853-4569caa49b53/host
Oct 18 12:34:03.384615 podb-esxi207 dnsmasq-dhcp[3867704]: read /opt/stack/data/neutron/dhcp/b4dc90fb-cc86-4fb4-a853-4569caa49b53/opts
Oct 18 12:34:04.641781 podb-esxi207 dnsmasq[3867704]: read /opt/stack/data/neutron/dhcp/b4dc90fb-cc86-4fb4-a853-4569caa49b53/addn_hosts - 2 names
Oct 18 12:34:04.641873 podb-esxi207 dnsmasq-dhcp[3867704]: read /opt/stack/data/neutron/dhcp/b4dc90fb-cc86-4fb4-a853-4569caa49b53/host
Oct 18 12:34:04.641999 podb-esxi207 dnsmasq-dhcp[3867704]: read /opt/stack/data/neutron/dhcp/b4dc90fb-cc86-4fb4-a853-4569caa49b53/opts
Oct 18 12:34:05.403408 podb-esxi207 dnsmasq[3862270]: read /opt/stack/data/neutron/dhcp/4b1bafdb-2a98-4a82-9981-d95d4d55b71c/addn_hosts - 0 names
Oct 18 12:34:05.403477 podb-esxi207 dnsmasq-dhcp[3862270]: read /opt/stack/data/neutron/dhcp/4b1bafdb-2a98-4a82-9981-d95d4d55b71c/host
Oct 18 12:34:05.403564 podb-esxi207 dnsmasq-dhcp[3862270]: read /opt/stack/data/neutron/dhcp/4b1bafdb-2a98-4a82-9981-d95d4d55b71c/opts
Oct 18 12:34:06.676218 podb-esxi207 dnsmasq[3867704]: read /opt/stack/data/neutron/dhcp/b4dc90fb-cc86-4fb4-a853-4569caa49b53/addn_hosts - 2 names
Oct 18 12:34:06.676332 podb-esxi207 dnsmasq-dhcp[3867704]: read /opt/stack/data/neutron/dhcp/b4dc90fb-cc86-4fb4-a853-4569caa49b53/host
Oct 18 12:34:06.676460 podb-esxi207 dnsmasq-dhcp[3867704]: read /opt/stack/data/neutron/dhcp/b4dc90fb-cc86-4fb4-a853-4569caa49b53/opts
Oct 18 12:34:06.931995 podb-esxi207 dnsmasq[3862270]: exiting on receipt of SIGTERM
Oct 18 12:34:07.554383 podb-esxi207 dnsmasq-dhcp[3863571]: DHCPRELEASE(tapeb7b9d89-24) 10.1.0.5 fa:16:3e:e1:12:eb
Oct 18 12:34:07.572400 podb-esxi207 dnsmasq-dhcp[3863571]: DHCPRELEASE(tapeb7b9d89-24) 10.1.0.5 fa:16:3e:e1:12:eb unknown lease
