Oct 16 18:16:15.186978 podb-esxi207 systemd[1]: Started Devstack devstack@q-dhcp.service.
Oct 16 18:16:15.625731 podb-esxi207 neutron-dhcp-agent[940783]: This program is using eventlet and has been monkey_patched
Oct 16 18:16:32.228321 podb-esxi207 sudo[942612]:    stack : PWD=/ ; USER=root ; COMMAND=/opt/stack/data/venv/bin/neutron-rootwrap /etc/neutron/rootwrap.conf privsep-helper --config-file /etc/neutron/neutron.conf --config-file /etc/neutron/dhcp_agent.ini --privsep_context neutron.privileged.default --privsep_sock_path /tmp/tmp_t5dj_nu/privsep.sock
Oct 16 18:16:32.229237 podb-esxi207 sudo[942612]: pam_unix(sudo:session): session opened for user root(uid=0) by (uid=1001)
Oct 16 18:16:33.022982 podb-esxi207 sudo[942612]: pam_unix(sudo:session): session closed for user root
Oct 16 18:16:34.057274 podb-esxi207 sudo[942654]:    stack : PWD=/ ; USER=root ; COMMAND=/opt/stack/data/venv/bin/neutron-rootwrap /etc/neutron/rootwrap.conf privsep-helper --config-file /etc/neutron/neutron.conf --config-file /etc/neutron/dhcp_agent.ini --privsep_context neutron.privileged.namespace_cmd --privsep_sock_path /tmp/tmpu7olhnvu/privsep.sock
Oct 16 18:16:34.058413 podb-esxi207 sudo[942654]: pam_unix(sudo:session): session opened for user root(uid=0) by (uid=1001)
Oct 16 18:16:34.847043 podb-esxi207 sudo[942654]: pam_unix(sudo:session): session closed for user root
Oct 16 18:16:35.930396 podb-esxi207 sudo[942704]:    stack : PWD=/ ; USER=root ; COMMAND=/opt/stack/data/venv/bin/neutron-rootwrap /etc/neutron/rootwrap.conf privsep-helper --config-file /etc/neutron/neutron.conf --config-file /etc/neutron/dhcp_agent.ini --privsep_context neutron.privileged.link_cmd --privsep_sock_path /tmp/tmp1qy2csia/privsep.sock
Oct 16 18:16:35.931543 podb-esxi207 sudo[942704]: pam_unix(sudo:session): session opened for user root(uid=0) by (uid=1001)
Oct 16 18:16:36.718120 podb-esxi207 sudo[942704]: pam_unix(sudo:session): session closed for user root
Oct 16 18:16:39.335701 podb-esxi207 sudo[942842]:    stack : PWD=/ ; USER=root ; COMMAND=/opt/stack/data/venv/bin/neutron-rootwrap-daemon /etc/neutron/rootwrap.conf
Oct 16 18:16:39.336554 podb-esxi207 sudo[942842]: pam_unix(sudo:session): session opened for user root(uid=0) by (uid=1001)
Oct 16 18:16:39.624801 podb-esxi207 dnsmasq[942856]: started, version 2.90 cachesize 150
Oct 16 18:16:39.624830 podb-esxi207 dnsmasq[942856]: DNS service limited to local subnets
Oct 16 18:16:39.624845 podb-esxi207 dnsmasq[942856]: compile time options: IPv6 GNU-getopt DBus no-UBus i18n IDN2 DHCP DHCPv6 no-Lua TFTP conntrack ipset no-nftset auth cryptohash DNSSEC loop-detect inotify dumpfile
Oct 16 18:16:39.624882 podb-esxi207 dnsmasq-dhcp[942856]: DHCP, static leases only on 10.1.0.0, lease time 1d
Oct 16 18:16:39.625033 podb-esxi207 dnsmasq[942856]: reading /etc/resolv.conf
Oct 16 18:16:39.625050 podb-esxi207 dnsmasq[942856]: using nameserver 127.0.0.53#53
Oct 16 18:16:39.625143 podb-esxi207 dnsmasq[942856]: read /opt/stack/data/neutron/dhcp/5c689b91-7f49-42a6-aaff-3378c4fe62e3/addn_hosts - 0 names
Oct 16 18:16:39.625193 podb-esxi207 dnsmasq-dhcp[942856]: read /opt/stack/data/neutron/dhcp/5c689b91-7f49-42a6-aaff-3378c4fe62e3/host
Oct 16 18:16:39.625252 podb-esxi207 dnsmasq-dhcp[942856]: read /opt/stack/data/neutron/dhcp/5c689b91-7f49-42a6-aaff-3378c4fe62e3/opts
Oct 16 18:16:41.168630 podb-esxi207 dnsmasq[942856]: read /opt/stack/data/neutron/dhcp/5c689b91-7f49-42a6-aaff-3378c4fe62e3/addn_hosts - 0 names
Oct 16 18:16:41.168717 podb-esxi207 dnsmasq-dhcp[942856]: read /opt/stack/data/neutron/dhcp/5c689b91-7f49-42a6-aaff-3378c4fe62e3/host
Oct 16 18:16:41.168773 podb-esxi207 dnsmasq-dhcp[942856]: read /opt/stack/data/neutron/dhcp/5c689b91-7f49-42a6-aaff-3378c4fe62e3/opts
Oct 16 18:16:43.965201 podb-esxi207 dnsmasq[942856]: read /opt/stack/data/neutron/dhcp/5c689b91-7f49-42a6-aaff-3378c4fe62e3/addn_hosts - 2 names
Oct 16 18:16:43.965285 podb-esxi207 dnsmasq-dhcp[942856]: read /opt/stack/data/neutron/dhcp/5c689b91-7f49-42a6-aaff-3378c4fe62e3/host
Oct 16 18:16:43.965389 podb-esxi207 dnsmasq-dhcp[942856]: read /opt/stack/data/neutron/dhcp/5c689b91-7f49-42a6-aaff-3378c4fe62e3/opts
Oct 16 18:16:45.211726 podb-esxi207 dnsmasq[942856]: read /opt/stack/data/neutron/dhcp/5c689b91-7f49-42a6-aaff-3378c4fe62e3/addn_hosts - 2 names
Oct 16 18:16:45.211829 podb-esxi207 dnsmasq-dhcp[942856]: read /opt/stack/data/neutron/dhcp/5c689b91-7f49-42a6-aaff-3378c4fe62e3/host
Oct 16 18:16:45.211915 podb-esxi207 dnsmasq-dhcp[942856]: read /opt/stack/data/neutron/dhcp/5c689b91-7f49-42a6-aaff-3378c4fe62e3/opts
Oct 16 18:18:36.789389 podb-esxi207 dnsmasq[955785]: started, version 2.90 cachesize 150
Oct 16 18:18:36.789419 podb-esxi207 dnsmasq[955785]: DNS service limited to local subnets
Oct 16 18:18:36.789435 podb-esxi207 dnsmasq[955785]: compile time options: IPv6 GNU-getopt DBus no-UBus i18n IDN2 DHCP DHCPv6 no-Lua TFTP conntrack ipset no-nftset auth cryptohash DNSSEC loop-detect inotify dumpfile
Oct 16 18:18:36.789476 podb-esxi207 dnsmasq-dhcp[955785]: DHCP, static leases only on 192.168.233.0, lease time 1d
Oct 16 18:18:36.789630 podb-esxi207 dnsmasq[955785]: reading /etc/resolv.conf
Oct 16 18:18:36.789648 podb-esxi207 dnsmasq[955785]: using nameserver 127.0.0.53#53
Oct 16 18:18:36.789741 podb-esxi207 dnsmasq[955785]: read /opt/stack/data/neutron/dhcp/32649836-d561-4cbf-a09a-fa8d71457f58/addn_hosts - 0 names
Oct 16 18:18:36.789793 podb-esxi207 dnsmasq-dhcp[955785]: read /opt/stack/data/neutron/dhcp/32649836-d561-4cbf-a09a-fa8d71457f58/host
Oct 16 18:18:36.789852 podb-esxi207 dnsmasq-dhcp[955785]: read /opt/stack/data/neutron/dhcp/32649836-d561-4cbf-a09a-fa8d71457f58/opts
Oct 16 18:18:38.334046 podb-esxi207 dnsmasq[955785]: read /opt/stack/data/neutron/dhcp/32649836-d561-4cbf-a09a-fa8d71457f58/addn_hosts - 0 names
Oct 16 18:18:38.334129 podb-esxi207 dnsmasq-dhcp[955785]: read /opt/stack/data/neutron/dhcp/32649836-d561-4cbf-a09a-fa8d71457f58/host
Oct 16 18:18:38.334207 podb-esxi207 dnsmasq-dhcp[955785]: read /opt/stack/data/neutron/dhcp/32649836-d561-4cbf-a09a-fa8d71457f58/opts
Oct 16 18:25:17.485283 podb-esxi207 dnsmasq[962530]: started, version 2.90 cachesize 150
Oct 16 18:25:17.485313 podb-esxi207 dnsmasq[962530]: DNS service limited to local subnets
Oct 16 18:25:17.485329 podb-esxi207 dnsmasq[962530]: compile time options: IPv6 GNU-getopt DBus no-UBus i18n IDN2 DHCP DHCPv6 no-Lua TFTP conntrack ipset no-nftset auth cryptohash DNSSEC loop-detect inotify dumpfile
Oct 16 18:25:17.485374 podb-esxi207 dnsmasq-dhcp[962530]: DHCP, static leases only on 10.1.0.0, lease time 1d
Oct 16 18:25:17.485531 podb-esxi207 dnsmasq[962530]: reading /etc/resolv.conf
Oct 16 18:25:17.485547 podb-esxi207 dnsmasq[962530]: using nameserver 127.0.0.53#53
Oct 16 18:25:17.485694 podb-esxi207 dnsmasq[962530]: read /opt/stack/data/neutron/dhcp/7be39e39-efa9-49e6-951f-e93fda052246/addn_hosts - 0 names
Oct 16 18:25:17.485750 podb-esxi207 dnsmasq-dhcp[962530]: read /opt/stack/data/neutron/dhcp/7be39e39-efa9-49e6-951f-e93fda052246/host
Oct 16 18:25:17.485829 podb-esxi207 dnsmasq-dhcp[962530]: read /opt/stack/data/neutron/dhcp/7be39e39-efa9-49e6-951f-e93fda052246/opts
Oct 16 18:25:20.280981 podb-esxi207 dnsmasq[962832]: started, version 2.90 cachesize 150
Oct 16 18:25:20.281016 podb-esxi207 dnsmasq[962832]: DNS service limited to local subnets
Oct 16 18:25:20.281032 podb-esxi207 dnsmasq[962832]: compile time options: IPv6 GNU-getopt DBus no-UBus i18n IDN2 DHCP DHCPv6 no-Lua TFTP conntrack ipset no-nftset auth cryptohash DNSSEC loop-detect inotify dumpfile
Oct 16 18:25:20.281069 podb-esxi207 dnsmasq-dhcp[962832]: DHCP, static leases only on 10.1.0.0, lease time 1d
Oct 16 18:25:20.281368 podb-esxi207 dnsmasq[962832]: reading /etc/resolv.conf
Oct 16 18:25:20.281384 podb-esxi207 dnsmasq[962832]: using nameserver 127.0.0.53#53
Oct 16 18:25:20.281502 podb-esxi207 dnsmasq[962832]: read /opt/stack/data/neutron/dhcp/bbac3417-9d30-4c6f-a4fc-519f2a1749a1/addn_hosts - 2 names
Oct 16 18:25:20.281573 podb-esxi207 dnsmasq-dhcp[962832]: read /opt/stack/data/neutron/dhcp/bbac3417-9d30-4c6f-a4fc-519f2a1749a1/host
Oct 16 18:25:20.281651 podb-esxi207 dnsmasq-dhcp[962832]: read /opt/stack/data/neutron/dhcp/bbac3417-9d30-4c6f-a4fc-519f2a1749a1/opts
Oct 16 18:25:24.059982 podb-esxi207 dnsmasq[963766]: started, version 2.90 cachesize 150
Oct 16 18:25:24.060011 podb-esxi207 dnsmasq[963766]: DNS service limited to local subnets
Oct 16 18:25:24.060027 podb-esxi207 dnsmasq[963766]: compile time options: IPv6 GNU-getopt DBus no-UBus i18n IDN2 DHCP DHCPv6 no-Lua TFTP conntrack ipset no-nftset auth cryptohash DNSSEC loop-detect inotify dumpfile
Oct 16 18:25:24.060073 podb-esxi207 dnsmasq-dhcp[963766]: DHCP, static leases only on 10.1.0.0, lease time 1d
Oct 16 18:25:24.060248 podb-esxi207 dnsmasq[963766]: reading /etc/resolv.conf
Oct 16 18:25:24.060265 podb-esxi207 dnsmasq[963766]: using nameserver 127.0.0.53#53
Oct 16 18:25:24.060388 podb-esxi207 dnsmasq[963766]: read /opt/stack/data/neutron/dhcp/bb5262ef-0248-46af-86e2-cfb2a384ec8e/addn_hosts - 2 names
Oct 16 18:25:24.060447 podb-esxi207 dnsmasq-dhcp[963766]: read /opt/stack/data/neutron/dhcp/bb5262ef-0248-46af-86e2-cfb2a384ec8e/host
Oct 16 18:25:24.060517 podb-esxi207 dnsmasq-dhcp[963766]: read /opt/stack/data/neutron/dhcp/bb5262ef-0248-46af-86e2-cfb2a384ec8e/opts
Oct 16 18:25:26.843088 podb-esxi207 dnsmasq[964090]: started, version 2.90 cachesize 150
Oct 16 18:25:26.843116 podb-esxi207 dnsmasq[964090]: DNS service limited to local subnets
Oct 16 18:25:26.843132 podb-esxi207 dnsmasq[964090]: compile time options: IPv6 GNU-getopt DBus no-UBus i18n IDN2 DHCP DHCPv6 no-Lua TFTP conntrack ipset no-nftset auth cryptohash DNSSEC loop-detect inotify dumpfile
Oct 16 18:25:26.843173 podb-esxi207 dnsmasq-dhcp[964090]: DHCP, static leases only on 10.1.0.0, lease time 1d
Oct 16 18:25:26.843328 podb-esxi207 dnsmasq[964090]: reading /etc/resolv.conf
Oct 16 18:25:26.843345 podb-esxi207 dnsmasq[964090]: using nameserver 127.0.0.53#53
Oct 16 18:25:26.843460 podb-esxi207 dnsmasq[964090]: read /opt/stack/data/neutron/dhcp/2a8c044f-a3c4-4083-ae81-3ffc0eb09295/addn_hosts - 2 names
Oct 16 18:25:26.843515 podb-esxi207 dnsmasq-dhcp[964090]: read /opt/stack/data/neutron/dhcp/2a8c044f-a3c4-4083-ae81-3ffc0eb09295/host
Oct 16 18:25:26.843592 podb-esxi207 dnsmasq-dhcp[964090]: read /opt/stack/data/neutron/dhcp/2a8c044f-a3c4-4083-ae81-3ffc0eb09295/opts
Oct 16 18:25:30.101719 podb-esxi207 dnsmasq[964540]: started, version 2.90 cachesize 150
Oct 16 18:25:30.101748 podb-esxi207 dnsmasq[964540]: DNS service limited to local subnets
Oct 16 18:25:30.101763 podb-esxi207 dnsmasq[964540]: compile time options: IPv6 GNU-getopt DBus no-UBus i18n IDN2 DHCP DHCPv6 no-Lua TFTP conntrack ipset no-nftset auth cryptohash DNSSEC loop-detect inotify dumpfile
Oct 16 18:25:30.101797 podb-esxi207 dnsmasq-dhcp[964540]: DHCP, static leases only on 10.1.0.0, lease time 1d
Oct 16 18:25:30.101956 podb-esxi207 dnsmasq[964540]: reading /etc/resolv.conf
Oct 16 18:25:30.101972 podb-esxi207 dnsmasq[964540]: using nameserver 127.0.0.53#53
Oct 16 18:25:30.102079 podb-esxi207 dnsmasq[964540]: read /opt/stack/data/neutron/dhcp/19a6deda-dba5-4d48-8fda-0b9c447f3a9a/addn_hosts - 2 names
Oct 16 18:25:30.102143 podb-esxi207 dnsmasq-dhcp[964540]: read /opt/stack/data/neutron/dhcp/19a6deda-dba5-4d48-8fda-0b9c447f3a9a/host
Oct 16 18:25:30.102221 podb-esxi207 dnsmasq-dhcp[964540]: read /opt/stack/data/neutron/dhcp/19a6deda-dba5-4d48-8fda-0b9c447f3a9a/opts
Oct 16 18:25:31.142489 podb-esxi207 dnsmasq[962530]: read /opt/stack/data/neutron/dhcp/7be39e39-efa9-49e6-951f-e93fda052246/addn_hosts - 2 names
Oct 16 18:25:31.142597 podb-esxi207 dnsmasq-dhcp[962530]: read /opt/stack/data/neutron/dhcp/7be39e39-efa9-49e6-951f-e93fda052246/host
Oct 16 18:25:31.142704 podb-esxi207 dnsmasq-dhcp[962530]: read /opt/stack/data/neutron/dhcp/7be39e39-efa9-49e6-951f-e93fda052246/opts
Oct 16 18:25:34.009469 podb-esxi207 dnsmasq[964984]: started, version 2.90 cachesize 150
Oct 16 18:25:34.009498 podb-esxi207 dnsmasq[964984]: DNS service limited to local subnets
Oct 16 18:25:34.009513 podb-esxi207 dnsmasq[964984]: compile time options: IPv6 GNU-getopt DBus no-UBus i18n IDN2 DHCP DHCPv6 no-Lua TFTP conntrack ipset no-nftset auth cryptohash DNSSEC loop-detect inotify dumpfile
Oct 16 18:25:34.009549 podb-esxi207 dnsmasq-dhcp[964984]: DHCP, static leases only on 10.1.0.0, lease time 1d
Oct 16 18:25:34.009699 podb-esxi207 dnsmasq[964984]: reading /etc/resolv.conf
Oct 16 18:25:34.009716 podb-esxi207 dnsmasq[964984]: using nameserver 127.0.0.53#53
Oct 16 18:25:34.009831 podb-esxi207 dnsmasq[964984]: read /opt/stack/data/neutron/dhcp/a14b4290-c673-4139-9ef0-6c46f54ae654/addn_hosts - 2 names
Oct 16 18:25:34.009887 podb-esxi207 dnsmasq-dhcp[964984]: read /opt/stack/data/neutron/dhcp/a14b4290-c673-4139-9ef0-6c46f54ae654/host
Oct 16 18:25:34.009963 podb-esxi207 dnsmasq-dhcp[964984]: read /opt/stack/data/neutron/dhcp/a14b4290-c673-4139-9ef0-6c46f54ae654/opts
Oct 16 18:25:36.706158 podb-esxi207 dnsmasq[965139]: started, version 2.90 cachesize 150
Oct 16 18:25:36.706182 podb-esxi207 dnsmasq[965139]: DNS service limited to local subnets
Oct 16 18:25:36.706197 podb-esxi207 dnsmasq[965139]: compile time options: IPv6 GNU-getopt DBus no-UBus i18n IDN2 DHCP DHCPv6 no-Lua TFTP conntrack ipset no-nftset auth cryptohash DNSSEC loop-detect inotify dumpfile
Oct 16 18:25:36.706233 podb-esxi207 dnsmasq-dhcp[965139]: DHCP, static leases only on 10.1.0.0, lease time 1d
Oct 16 18:25:36.706388 podb-esxi207 dnsmasq[965139]: reading /etc/resolv.conf
Oct 16 18:25:36.706405 podb-esxi207 dnsmasq[965139]: using nameserver 127.0.0.53#53
Oct 16 18:25:36.706527 podb-esxi207 dnsmasq[965139]: read /opt/stack/data/neutron/dhcp/123eaebb-88d3-48f4-a911-02d8d0337157/addn_hosts - 2 names
Oct 16 18:25:36.706599 podb-esxi207 dnsmasq-dhcp[965139]: read /opt/stack/data/neutron/dhcp/123eaebb-88d3-48f4-a911-02d8d0337157/host
Oct 16 18:25:36.706666 podb-esxi207 dnsmasq-dhcp[965139]: read /opt/stack/data/neutron/dhcp/123eaebb-88d3-48f4-a911-02d8d0337157/opts
Oct 16 18:25:39.299281 podb-esxi207 dnsmasq[963766]: read /opt/stack/data/neutron/dhcp/bb5262ef-0248-46af-86e2-cfb2a384ec8e/addn_hosts - 2 names
Oct 16 18:25:39.299373 podb-esxi207 dnsmasq-dhcp[963766]: read /opt/stack/data/neutron/dhcp/bb5262ef-0248-46af-86e2-cfb2a384ec8e/host
Oct 16 18:25:39.299444 podb-esxi207 dnsmasq-dhcp[963766]: read /opt/stack/data/neutron/dhcp/bb5262ef-0248-46af-86e2-cfb2a384ec8e/opts
Oct 16 18:25:40.502058 podb-esxi207 dnsmasq[964090]: read /opt/stack/data/neutron/dhcp/2a8c044f-a3c4-4083-ae81-3ffc0eb09295/addn_hosts - 4 names
Oct 16 18:25:40.502154 podb-esxi207 dnsmasq-dhcp[964090]: read /opt/stack/data/neutron/dhcp/2a8c044f-a3c4-4083-ae81-3ffc0eb09295/host
Oct 16 18:25:40.502250 podb-esxi207 dnsmasq-dhcp[964090]: read /opt/stack/data/neutron/dhcp/2a8c044f-a3c4-4083-ae81-3ffc0eb09295/opts
Oct 16 18:25:41.758368 podb-esxi207 dnsmasq[962530]: read /opt/stack/data/neutron/dhcp/7be39e39-efa9-49e6-951f-e93fda052246/addn_hosts - 2 names
Oct 16 18:25:41.758455 podb-esxi207 dnsmasq-dhcp[962530]: read /opt/stack/data/neutron/dhcp/7be39e39-efa9-49e6-951f-e93fda052246/host
Oct 16 18:25:41.758714 podb-esxi207 dnsmasq-dhcp[962530]: read /opt/stack/data/neutron/dhcp/7be39e39-efa9-49e6-951f-e93fda052246/opts
Oct 16 18:25:43.022705 podb-esxi207 dnsmasq[964984]: read /opt/stack/data/neutron/dhcp/a14b4290-c673-4139-9ef0-6c46f54ae654/addn_hosts - 2 names
Oct 16 18:25:43.022794 podb-esxi207 dnsmasq-dhcp[964984]: read /opt/stack/data/neutron/dhcp/a14b4290-c673-4139-9ef0-6c46f54ae654/host
Oct 16 18:25:43.022899 podb-esxi207 dnsmasq-dhcp[964984]: read /opt/stack/data/neutron/dhcp/a14b4290-c673-4139-9ef0-6c46f54ae654/opts
Oct 16 18:25:46.010975 podb-esxi207 dnsmasq[966062]: started, version 2.90 cachesize 150
Oct 16 18:25:46.011005 podb-esxi207 dnsmasq[966062]: DNS service limited to local subnets
Oct 16 18:25:46.011021 podb-esxi207 dnsmasq[966062]: compile time options: IPv6 GNU-getopt DBus no-UBus i18n IDN2 DHCP DHCPv6 no-Lua TFTP conntrack ipset no-nftset auth cryptohash DNSSEC loop-detect inotify dumpfile
Oct 16 18:25:46.011068 podb-esxi207 dnsmasq-dhcp[966062]: DHCP, static leases only on 10.1.0.0, lease time 1d
Oct 16 18:25:46.011222 podb-esxi207 dnsmasq[966062]: reading /etc/resolv.conf
Oct 16 18:25:46.011239 podb-esxi207 dnsmasq[966062]: using nameserver 127.0.0.53#53
Oct 16 18:25:46.011357 podb-esxi207 dnsmasq[966062]: read /opt/stack/data/neutron/dhcp/c463ac8b-751e-41bb-a479-d156fe2f0755/addn_hosts - 2 names
Oct 16 18:25:46.011414 podb-esxi207 dnsmasq-dhcp[966062]: read /opt/stack/data/neutron/dhcp/c463ac8b-751e-41bb-a479-d156fe2f0755/host
Oct 16 18:25:46.011493 podb-esxi207 dnsmasq-dhcp[966062]: read /opt/stack/data/neutron/dhcp/c463ac8b-751e-41bb-a479-d156fe2f0755/opts
Oct 16 18:25:48.652759 podb-esxi207 dnsmasq[966253]: started, version 2.90 cachesize 150
Oct 16 18:25:48.652784 podb-esxi207 dnsmasq[966253]: DNS service limited to local subnets
Oct 16 18:25:48.652799 podb-esxi207 dnsmasq[966253]: compile time options: IPv6 GNU-getopt DBus no-UBus i18n IDN2 DHCP DHCPv6 no-Lua TFTP conntrack ipset no-nftset auth cryptohash DNSSEC loop-detect inotify dumpfile
Oct 16 18:25:48.652835 podb-esxi207 dnsmasq-dhcp[966253]: DHCP, static leases only on 10.1.0.0, lease time 1d
Oct 16 18:25:48.652992 podb-esxi207 dnsmasq[966253]: reading /etc/resolv.conf
Oct 16 18:25:48.653009 podb-esxi207 dnsmasq[966253]: using nameserver 127.0.0.53#53
Oct 16 18:25:48.653134 podb-esxi207 dnsmasq[966253]: read /opt/stack/data/neutron/dhcp/bf4b1f4a-40de-4a99-8ffb-0cdf618bd385/addn_hosts - 2 names
Oct 16 18:25:48.653201 podb-esxi207 dnsmasq-dhcp[966253]: read /opt/stack/data/neutron/dhcp/bf4b1f4a-40de-4a99-8ffb-0cdf618bd385/host
Oct 16 18:25:48.653266 podb-esxi207 dnsmasq-dhcp[966253]: read /opt/stack/data/neutron/dhcp/bf4b1f4a-40de-4a99-8ffb-0cdf618bd385/opts
Oct 16 18:25:49.198304 podb-esxi207 dnsmasq[962832]: read /opt/stack/data/neutron/dhcp/bbac3417-9d30-4c6f-a4fc-519f2a1749a1/addn_hosts - 2 names
Oct 16 18:25:49.198460 podb-esxi207 dnsmasq-dhcp[962832]: read /opt/stack/data/neutron/dhcp/bbac3417-9d30-4c6f-a4fc-519f2a1749a1/host
Oct 16 18:25:49.198619 podb-esxi207 dnsmasq-dhcp[962832]: read /opt/stack/data/neutron/dhcp/bbac3417-9d30-4c6f-a4fc-519f2a1749a1/opts
Oct 16 18:25:50.938888 podb-esxi207 dnsmasq[963766]: read /opt/stack/data/neutron/dhcp/bb5262ef-0248-46af-86e2-cfb2a384ec8e/addn_hosts - 2 names
Oct 16 18:25:50.938974 podb-esxi207 dnsmasq-dhcp[963766]: read /opt/stack/data/neutron/dhcp/bb5262ef-0248-46af-86e2-cfb2a384ec8e/host
Oct 16 18:25:50.939060 podb-esxi207 dnsmasq-dhcp[963766]: read /opt/stack/data/neutron/dhcp/bb5262ef-0248-46af-86e2-cfb2a384ec8e/opts
Oct 16 18:25:51.644002 podb-esxi207 dnsmasq[964090]: read /opt/stack/data/neutron/dhcp/2a8c044f-a3c4-4083-ae81-3ffc0eb09295/addn_hosts - 4 names
Oct 16 18:25:51.644116 podb-esxi207 dnsmasq-dhcp[964090]: read /opt/stack/data/neutron/dhcp/2a8c044f-a3c4-4083-ae81-3ffc0eb09295/host
Oct 16 18:25:51.644221 podb-esxi207 dnsmasq-dhcp[964090]: read /opt/stack/data/neutron/dhcp/2a8c044f-a3c4-4083-ae81-3ffc0eb09295/opts
Oct 16 18:25:54.437430 podb-esxi207 dnsmasq[966511]: started, version 2.90 cachesize 150
Oct 16 18:25:54.437458 podb-esxi207 dnsmasq[966511]: DNS service limited to local subnets
Oct 16 18:25:54.437472 podb-esxi207 dnsmasq[966511]: compile time options: IPv6 GNU-getopt DBus no-UBus i18n IDN2 DHCP DHCPv6 no-Lua TFTP conntrack ipset no-nftset auth cryptohash DNSSEC loop-detect inotify dumpfile
Oct 16 18:25:54.437512 podb-esxi207 dnsmasq-dhcp[966511]: DHCP, static leases only on 10.1.0.0, lease time 1d
Oct 16 18:25:54.437654 podb-esxi207 dnsmasq[966511]: reading /etc/resolv.conf
Oct 16 18:25:54.437670 podb-esxi207 dnsmasq[966511]: using nameserver 127.0.0.53#53
Oct 16 18:25:54.437778 podb-esxi207 dnsmasq[966511]: read /opt/stack/data/neutron/dhcp/a7a41365-8bb2-425a-98b1-017dabb61536/addn_hosts - 2 names
Oct 16 18:25:54.437830 podb-esxi207 dnsmasq-dhcp[966511]: read /opt/stack/data/neutron/dhcp/a7a41365-8bb2-425a-98b1-017dabb61536/host
Oct 16 18:25:54.437894 podb-esxi207 dnsmasq-dhcp[966511]: read /opt/stack/data/neutron/dhcp/a7a41365-8bb2-425a-98b1-017dabb61536/opts
Oct 16 18:25:54.971212 podb-esxi207 dnsmasq[962530]: read /opt/stack/data/neutron/dhcp/7be39e39-efa9-49e6-951f-e93fda052246/addn_hosts - 2 names
Oct 16 18:25:54.971309 podb-esxi207 dnsmasq-dhcp[962530]: read /opt/stack/data/neutron/dhcp/7be39e39-efa9-49e6-951f-e93fda052246/host
Oct 16 18:25:54.971378 podb-esxi207 dnsmasq-dhcp[962530]: read /opt/stack/data/neutron/dhcp/7be39e39-efa9-49e6-951f-e93fda052246/opts
Oct 16 18:25:57.206852 podb-esxi207 dnsmasq[964540]: exiting on receipt of SIGTERM
Oct 16 18:25:57.818170 podb-esxi207 dnsmasq[962832]: exiting on receipt of SIGTERM
Oct 16 18:25:59.460489 podb-esxi207 dnsmasq[963766]: read /opt/stack/data/neutron/dhcp/bb5262ef-0248-46af-86e2-cfb2a384ec8e/addn_hosts - 2 names
Oct 16 18:25:59.460574 podb-esxi207 dnsmasq-dhcp[963766]: read /opt/stack/data/neutron/dhcp/bb5262ef-0248-46af-86e2-cfb2a384ec8e/host
Oct 16 18:25:59.460700 podb-esxi207 dnsmasq-dhcp[963766]: read /opt/stack/data/neutron/dhcp/bb5262ef-0248-46af-86e2-cfb2a384ec8e/opts
Oct 16 18:26:00.178975 podb-esxi207 dnsmasq[964090]: read /opt/stack/data/neutron/dhcp/2a8c044f-a3c4-4083-ae81-3ffc0eb09295/addn_hosts - 4 names
Oct 16 18:26:00.179094 podb-esxi207 dnsmasq-dhcp[964090]: read /opt/stack/data/neutron/dhcp/2a8c044f-a3c4-4083-ae81-3ffc0eb09295/host
Oct 16 18:26:00.179201 podb-esxi207 dnsmasq-dhcp[964090]: read /opt/stack/data/neutron/dhcp/2a8c044f-a3c4-4083-ae81-3ffc0eb09295/opts
Oct 16 18:26:02.910354 podb-esxi207 dnsmasq[966826]: started, version 2.90 cachesize 150
Oct 16 18:26:02.910382 podb-esxi207 dnsmasq[966826]: DNS service limited to local subnets
Oct 16 18:26:02.910396 podb-esxi207 dnsmasq[966826]: compile time options: IPv6 GNU-getopt DBus no-UBus i18n IDN2 DHCP DHCPv6 no-Lua TFTP conntrack ipset no-nftset auth cryptohash DNSSEC loop-detect inotify dumpfile
Oct 16 18:26:02.910438 podb-esxi207 dnsmasq-dhcp[966826]: DHCP, static leases only on 10.1.0.0, lease time 1d
Oct 16 18:26:02.910582 podb-esxi207 dnsmasq[966826]: reading /etc/resolv.conf
Oct 16 18:26:02.910602 podb-esxi207 dnsmasq[966826]: using nameserver 127.0.0.53#53
Oct 16 18:26:02.910721 podb-esxi207 dnsmasq[966826]: read /opt/stack/data/neutron/dhcp/110f45f2-39ef-4abf-bb2b-6a5286f6de48/addn_hosts - 6 names
Oct 16 18:26:02.910787 podb-esxi207 dnsmasq-dhcp[966826]: read /opt/stack/data/neutron/dhcp/110f45f2-39ef-4abf-bb2b-6a5286f6de48/host
Oct 16 18:26:02.910853 podb-esxi207 dnsmasq-dhcp[966826]: read /opt/stack/data/neutron/dhcp/110f45f2-39ef-4abf-bb2b-6a5286f6de48/opts
Oct 16 18:26:03.497679 podb-esxi207 dnsmasq-dhcp[964090]: DHCPDISCOVER(tap8479b560-9d) fa:16:3e:11:2b:15
Oct 16 18:26:03.497709 podb-esxi207 dnsmasq-dhcp[964090]: DHCPOFFER(tap8479b560-9d) 10.1.0.7 fa:16:3e:11:2b:15
Oct 16 18:26:03.512072 podb-esxi207 dnsmasq-dhcp[964090]: DHCPREQUEST(tap8479b560-9d) 10.1.0.7 fa:16:3e:11:2b:15
Oct 16 18:26:03.512103 podb-esxi207 dnsmasq-dhcp[964090]: DHCPACK(tap8479b560-9d) 10.1.0.7 fa:16:3e:11:2b:15 host-10-1-0-7
Oct 16 18:26:03.914537 podb-esxi207 dnsmasq-dhcp[962530]: DHCPDISCOVER(tap74b1e5b9-cf) fa:16:3e:22:b5:5b no address available
Oct 16 18:26:03.946408 podb-esxi207 dnsmasq[965139]: read /opt/stack/data/neutron/dhcp/123eaebb-88d3-48f4-a911-02d8d0337157/addn_hosts - 2 names
Oct 16 18:26:03.946484 podb-esxi207 dnsmasq-dhcp[965139]: read /opt/stack/data/neutron/dhcp/123eaebb-88d3-48f4-a911-02d8d0337157/host
Oct 16 18:26:03.946552 podb-esxi207 dnsmasq-dhcp[965139]: read /opt/stack/data/neutron/dhcp/123eaebb-88d3-48f4-a911-02d8d0337157/opts
Oct 16 18:26:05.241321 podb-esxi207 dnsmasq[966062]: read /opt/stack/data/neutron/dhcp/c463ac8b-751e-41bb-a479-d156fe2f0755/addn_hosts - 2 names
Oct 16 18:26:05.241430 podb-esxi207 dnsmasq-dhcp[966062]: read /opt/stack/data/neutron/dhcp/c463ac8b-751e-41bb-a479-d156fe2f0755/host
Oct 16 18:26:05.241540 podb-esxi207 dnsmasq-dhcp[966062]: read /opt/stack/data/neutron/dhcp/c463ac8b-751e-41bb-a479-d156fe2f0755/opts
Oct 16 18:26:06.973229 podb-esxi207 dnsmasq[966253]: read /opt/stack/data/neutron/dhcp/bf4b1f4a-40de-4a99-8ffb-0cdf618bd385/addn_hosts - 2 names
Oct 16 18:26:06.973307 podb-esxi207 dnsmasq-dhcp[966253]: read /opt/stack/data/neutron/dhcp/bf4b1f4a-40de-4a99-8ffb-0cdf618bd385/host
Oct 16 18:26:06.973397 podb-esxi207 dnsmasq-dhcp[966253]: read /opt/stack/data/neutron/dhcp/bf4b1f4a-40de-4a99-8ffb-0cdf618bd385/opts
Oct 16 18:26:07.156493 podb-esxi207 dnsmasq-dhcp[962530]: DHCPDISCOVER(tap74b1e5b9-cf) fa:16:3e:22:b5:5b no address available
Oct 16 18:26:07.425809 podb-esxi207 dnsmasq-dhcp[963766]: DHCPDISCOVER(tap587ae8ec-25) fa:16:3e:a6:a3:dc no address available
Oct 16 18:26:07.469687 podb-esxi207 dnsmasq-dhcp[963766]: DHCPDISCOVER(tap587ae8ec-25) fa:16:3e:f0:a0:65 no address available
Oct 16 18:26:08.194654 podb-esxi207 dnsmasq[966511]: read /opt/stack/data/neutron/dhcp/a7a41365-8bb2-425a-98b1-017dabb61536/addn_hosts - 2 names
Oct 16 18:26:08.194747 podb-esxi207 dnsmasq-dhcp[966511]: read /opt/stack/data/neutron/dhcp/a7a41365-8bb2-425a-98b1-017dabb61536/host
Oct 16 18:26:08.194852 podb-esxi207 dnsmasq-dhcp[966511]: read /opt/stack/data/neutron/dhcp/a7a41365-8bb2-425a-98b1-017dabb61536/opts
Oct 16 18:26:09.417741 podb-esxi207 dnsmasq[966826]: read /opt/stack/data/neutron/dhcp/110f45f2-39ef-4abf-bb2b-6a5286f6de48/addn_hosts - 6 names
Oct 16 18:26:09.417837 podb-esxi207 dnsmasq-dhcp[966826]: read /opt/stack/data/neutron/dhcp/110f45f2-39ef-4abf-bb2b-6a5286f6de48/host
Oct 16 18:26:09.417922 podb-esxi207 dnsmasq-dhcp[966826]: read /opt/stack/data/neutron/dhcp/110f45f2-39ef-4abf-bb2b-6a5286f6de48/opts
Oct 16 18:26:10.660682 podb-esxi207 dnsmasq-dhcp[963766]: DHCPDISCOVER(tap587ae8ec-25) fa:16:3e:a6:a3:dc no address available
Oct 16 18:26:12.169484 podb-esxi207 dnsmasq[964984]: read /opt/stack/data/neutron/dhcp/a14b4290-c673-4139-9ef0-6c46f54ae654/addn_hosts - 2 names
Oct 16 18:26:12.169602 podb-esxi207 dnsmasq-dhcp[964984]: read /opt/stack/data/neutron/dhcp/a14b4290-c673-4139-9ef0-6c46f54ae654/host
Oct 16 18:26:12.169716 podb-esxi207 dnsmasq-dhcp[964984]: read /opt/stack/data/neutron/dhcp/a14b4290-c673-4139-9ef0-6c46f54ae654/opts
Oct 16 18:26:12.295366 podb-esxi207 dnsmasq-dhcp[963766]: DHCPDISCOVER(tap587ae8ec-25) fa:16:3e:f0:a0:65 no address available
Oct 16 18:26:13.404820 podb-esxi207 dnsmasq[965139]: read /opt/stack/data/neutron/dhcp/123eaebb-88d3-48f4-a911-02d8d0337157/addn_hosts - 2 names
Oct 16 18:26:13.404893 podb-esxi207 dnsmasq-dhcp[965139]: read /opt/stack/data/neutron/dhcp/123eaebb-88d3-48f4-a911-02d8d0337157/host
Oct 16 18:26:13.404987 podb-esxi207 dnsmasq-dhcp[965139]: read /opt/stack/data/neutron/dhcp/123eaebb-88d3-48f4-a911-02d8d0337157/opts
Oct 16 18:26:14.138108 podb-esxi207 dnsmasq[966062]: read /opt/stack/data/neutron/dhcp/c463ac8b-751e-41bb-a479-d156fe2f0755/addn_hosts - 2 names
Oct 16 18:26:14.138223 podb-esxi207 dnsmasq-dhcp[966062]: read /opt/stack/data/neutron/dhcp/c463ac8b-751e-41bb-a479-d156fe2f0755/host
Oct 16 18:26:14.138334 podb-esxi207 dnsmasq-dhcp[966062]: read /opt/stack/data/neutron/dhcp/c463ac8b-751e-41bb-a479-d156fe2f0755/opts
Oct 16 18:26:14.884918 podb-esxi207 dnsmasq[966253]: read /opt/stack/data/neutron/dhcp/bf4b1f4a-40de-4a99-8ffb-0cdf618bd385/addn_hosts - 2 names
Oct 16 18:26:14.885014 podb-esxi207 dnsmasq-dhcp[966253]: read /opt/stack/data/neutron/dhcp/bf4b1f4a-40de-4a99-8ffb-0cdf618bd385/host
Oct 16 18:26:14.885086 podb-esxi207 dnsmasq-dhcp[966253]: read /opt/stack/data/neutron/dhcp/bf4b1f4a-40de-4a99-8ffb-0cdf618bd385/opts
Oct 16 18:26:14.951618 podb-esxi207 dnsmasq-dhcp[962530]: DHCPDISCOVER(tap74b1e5b9-cf) fa:16:3e:22:b5:5b no address available
Oct 16 18:26:15.627973 podb-esxi207 dnsmasq[966511]: read /opt/stack/data/neutron/dhcp/a7a41365-8bb2-425a-98b1-017dabb61536/addn_hosts - 2 names
Oct 16 18:26:15.628061 podb-esxi207 dnsmasq-dhcp[966511]: read /opt/stack/data/neutron/dhcp/a7a41365-8bb2-425a-98b1-017dabb61536/host
Oct 16 18:26:15.628172 podb-esxi207 dnsmasq-dhcp[966511]: read /opt/stack/data/neutron/dhcp/a7a41365-8bb2-425a-98b1-017dabb61536/opts
Oct 16 18:26:16.350071 podb-esxi207 dnsmasq[964984]: read /opt/stack/data/neutron/dhcp/a14b4290-c673-4139-9ef0-6c46f54ae654/addn_hosts - 2 names
Oct 16 18:26:16.350175 podb-esxi207 dnsmasq-dhcp[964984]: read /opt/stack/data/neutron/dhcp/a14b4290-c673-4139-9ef0-6c46f54ae654/host
Oct 16 18:26:16.350277 podb-esxi207 dnsmasq-dhcp[964984]: read /opt/stack/data/neutron/dhcp/a14b4290-c673-4139-9ef0-6c46f54ae654/opts
Oct 16 18:26:17.586005 podb-esxi207 dnsmasq[965139]: read /opt/stack/data/neutron/dhcp/123eaebb-88d3-48f4-a911-02d8d0337157/addn_hosts - 2 names
Oct 16 18:26:17.586077 podb-esxi207 dnsmasq-dhcp[965139]: read /opt/stack/data/neutron/dhcp/123eaebb-88d3-48f4-a911-02d8d0337157/host
Oct 16 18:26:17.586183 podb-esxi207 dnsmasq-dhcp[965139]: read /opt/stack/data/neutron/dhcp/123eaebb-88d3-48f4-a911-02d8d0337157/opts
Oct 16 18:26:18.073764 podb-esxi207 dnsmasq-dhcp[963766]: DHCPDISCOVER(tap587ae8ec-25) fa:16:3e:a6:a3:dc no address available
Oct 16 18:26:18.295905 podb-esxi207 dnsmasq[966062]: read /opt/stack/data/neutron/dhcp/c463ac8b-751e-41bb-a479-d156fe2f0755/addn_hosts - 2 names
Oct 16 18:26:18.296011 podb-esxi207 dnsmasq-dhcp[966062]: read /opt/stack/data/neutron/dhcp/c463ac8b-751e-41bb-a479-d156fe2f0755/host
Oct 16 18:26:18.296112 podb-esxi207 dnsmasq-dhcp[966062]: read /opt/stack/data/neutron/dhcp/c463ac8b-751e-41bb-a479-d156fe2f0755/opts
Oct 16 18:26:19.016626 podb-esxi207 dnsmasq[966253]: read /opt/stack/data/neutron/dhcp/bf4b1f4a-40de-4a99-8ffb-0cdf618bd385/addn_hosts - 2 names
Oct 16 18:26:19.016769 podb-esxi207 dnsmasq-dhcp[966253]: read /opt/stack/data/neutron/dhcp/bf4b1f4a-40de-4a99-8ffb-0cdf618bd385/host
Oct 16 18:26:19.016878 podb-esxi207 dnsmasq-dhcp[966253]: read /opt/stack/data/neutron/dhcp/bf4b1f4a-40de-4a99-8ffb-0cdf618bd385/opts
Oct 16 18:26:19.751024 podb-esxi207 dnsmasq[964090]: read /opt/stack/data/neutron/dhcp/2a8c044f-a3c4-4083-ae81-3ffc0eb09295/addn_hosts - 4 names
Oct 16 18:26:19.751136 podb-esxi207 dnsmasq-dhcp[964090]: read /opt/stack/data/neutron/dhcp/2a8c044f-a3c4-4083-ae81-3ffc0eb09295/host
Oct 16 18:26:19.751249 podb-esxi207 dnsmasq-dhcp[964090]: read /opt/stack/data/neutron/dhcp/2a8c044f-a3c4-4083-ae81-3ffc0eb09295/opts
Oct 16 18:26:20.009577 podb-esxi207 dnsmasq-dhcp[963766]: DHCPDISCOVER(tap587ae8ec-25) fa:16:3e:f0:a0:65 no address available
Oct 16 18:26:20.479088 podb-esxi207 dnsmasq[962530]: read /opt/stack/data/neutron/dhcp/7be39e39-efa9-49e6-951f-e93fda052246/addn_hosts - 4 names
Oct 16 18:26:20.479212 podb-esxi207 dnsmasq-dhcp[962530]: read /opt/stack/data/neutron/dhcp/7be39e39-efa9-49e6-951f-e93fda052246/host
Oct 16 18:26:20.479322 podb-esxi207 dnsmasq-dhcp[962530]: read /opt/stack/data/neutron/dhcp/7be39e39-efa9-49e6-951f-e93fda052246/opts
Oct 16 18:26:20.726741 podb-esxi207 dnsmasq-dhcp[966826]: DHCPDISCOVER(tap324a81f3-ad) fa:16:3e:69:7f:1e
Oct 16 18:26:20.726771 podb-esxi207 dnsmasq-dhcp[966826]: DHCPOFFER(tap324a81f3-ad) 10.1.0.2 fa:16:3e:69:7f:1e
Oct 16 18:26:20.738245 podb-esxi207 dnsmasq-dhcp[966826]: DHCPREQUEST(tap324a81f3-ad) 10.1.0.2 fa:16:3e:69:7f:1e
Oct 16 18:26:20.738277 podb-esxi207 dnsmasq-dhcp[966826]: DHCPACK(tap324a81f3-ad) 10.1.0.2 fa:16:3e:69:7f:1e host-10-1-0-2
Oct 16 18:26:21.205679 podb-esxi207 dnsmasq[966511]: read /opt/stack/data/neutron/dhcp/a7a41365-8bb2-425a-98b1-017dabb61536/addn_hosts - 2 names
Oct 16 18:26:21.205760 podb-esxi207 dnsmasq-dhcp[966511]: read /opt/stack/data/neutron/dhcp/a7a41365-8bb2-425a-98b1-017dabb61536/host
Oct 16 18:26:21.205884 podb-esxi207 dnsmasq-dhcp[966511]: read /opt/stack/data/neutron/dhcp/a7a41365-8bb2-425a-98b1-017dabb61536/opts
Oct 16 18:26:22.435165 podb-esxi207 dnsmasq[963766]: read /opt/stack/data/neutron/dhcp/bb5262ef-0248-46af-86e2-cfb2a384ec8e/addn_hosts - 4 names
Oct 16 18:26:22.435268 podb-esxi207 dnsmasq-dhcp[963766]: read /opt/stack/data/neutron/dhcp/bb5262ef-0248-46af-86e2-cfb2a384ec8e/host
Oct 16 18:26:22.435371 podb-esxi207 dnsmasq-dhcp[963766]: read /opt/stack/data/neutron/dhcp/bb5262ef-0248-46af-86e2-cfb2a384ec8e/opts
Oct 16 18:26:23.168539 podb-esxi207 dnsmasq[966826]: read /opt/stack/data/neutron/dhcp/110f45f2-39ef-4abf-bb2b-6a5286f6de48/addn_hosts - 6 names
Oct 16 18:26:23.168702 podb-esxi207 dnsmasq-dhcp[966826]: read /opt/stack/data/neutron/dhcp/110f45f2-39ef-4abf-bb2b-6a5286f6de48/host
Oct 16 18:26:23.168832 podb-esxi207 dnsmasq-dhcp[966826]: read /opt/stack/data/neutron/dhcp/110f45f2-39ef-4abf-bb2b-6a5286f6de48/opts
Oct 16 18:26:24.435766 podb-esxi207 dnsmasq[963766]: read /opt/stack/data/neutron/dhcp/bb5262ef-0248-46af-86e2-cfb2a384ec8e/addn_hosts - 6 names
Oct 16 18:26:24.435897 podb-esxi207 dnsmasq-dhcp[963766]: read /opt/stack/data/neutron/dhcp/bb5262ef-0248-46af-86e2-cfb2a384ec8e/host
Oct 16 18:26:24.436023 podb-esxi207 dnsmasq-dhcp[963766]: read /opt/stack/data/neutron/dhcp/bb5262ef-0248-46af-86e2-cfb2a384ec8e/opts
Oct 16 18:26:25.186872 podb-esxi207 dnsmasq[966826]: read /opt/stack/data/neutron/dhcp/110f45f2-39ef-4abf-bb2b-6a5286f6de48/addn_hosts - 6 names
Oct 16 18:26:25.186964 podb-esxi207 dnsmasq-dhcp[966826]: read /opt/stack/data/neutron/dhcp/110f45f2-39ef-4abf-bb2b-6a5286f6de48/host
Oct 16 18:26:25.187071 podb-esxi207 dnsmasq-dhcp[966826]: read /opt/stack/data/neutron/dhcp/110f45f2-39ef-4abf-bb2b-6a5286f6de48/opts
Oct 16 18:26:26.428240 podb-esxi207 dnsmasq[966826]: read /opt/stack/data/neutron/dhcp/110f45f2-39ef-4abf-bb2b-6a5286f6de48/addn_hosts - 6 names
Oct 16 18:26:26.428386 podb-esxi207 dnsmasq-dhcp[966826]: read /opt/stack/data/neutron/dhcp/110f45f2-39ef-4abf-bb2b-6a5286f6de48/host
Oct 16 18:26:26.428503 podb-esxi207 dnsmasq-dhcp[966826]: read /opt/stack/data/neutron/dhcp/110f45f2-39ef-4abf-bb2b-6a5286f6de48/opts
Oct 16 18:26:27.700371 podb-esxi207 dnsmasq[966826]: read /opt/stack/data/neutron/dhcp/110f45f2-39ef-4abf-bb2b-6a5286f6de48/addn_hosts - 6 names
Oct 16 18:26:27.700520 podb-esxi207 dnsmasq-dhcp[966826]: read /opt/stack/data/neutron/dhcp/110f45f2-39ef-4abf-bb2b-6a5286f6de48/host
Oct 16 18:26:27.700688 podb-esxi207 dnsmasq-dhcp[966826]: read /opt/stack/data/neutron/dhcp/110f45f2-39ef-4abf-bb2b-6a5286f6de48/opts
Oct 16 18:26:30.783859 podb-esxi207 dnsmasq-dhcp[962530]: DHCPDISCOVER(tap74b1e5b9-cf) fa:16:3e:22:b5:5b
Oct 16 18:26:30.783883 podb-esxi207 dnsmasq-dhcp[962530]: DHCPOFFER(tap74b1e5b9-cf) 10.1.0.4 fa:16:3e:22:b5:5b
Oct 16 18:26:30.805880 podb-esxi207 dnsmasq-dhcp[962530]: DHCPREQUEST(tap74b1e5b9-cf) 10.1.0.4 fa:16:3e:22:b5:5b
Oct 16 18:26:30.805909 podb-esxi207 dnsmasq-dhcp[962530]: DHCPACK(tap74b1e5b9-cf) 10.1.0.4 fa:16:3e:22:b5:5b host-10-1-0-4
Oct 16 18:26:33.895465 podb-esxi207 dnsmasq-dhcp[963766]: DHCPDISCOVER(tap587ae8ec-25) fa:16:3e:a6:a3:dc
Oct 16 18:26:33.895489 podb-esxi207 dnsmasq-dhcp[963766]: DHCPOFFER(tap587ae8ec-25) 10.1.0.9 fa:16:3e:a6:a3:dc
Oct 16 18:26:33.916198 podb-esxi207 dnsmasq-dhcp[963766]: DHCPREQUEST(tap587ae8ec-25) 10.1.0.9 fa:16:3e:a6:a3:dc
Oct 16 18:26:33.916228 podb-esxi207 dnsmasq-dhcp[963766]: DHCPACK(tap587ae8ec-25) 10.1.0.9 fa:16:3e:a6:a3:dc host-10-1-0-9
Oct 16 18:26:36.116048 podb-esxi207 dnsmasq-dhcp[963766]: DHCPDISCOVER(tap587ae8ec-25) fa:16:3e:f0:a0:65
Oct 16 18:26:36.116076 podb-esxi207 dnsmasq-dhcp[963766]: DHCPOFFER(tap587ae8ec-25) 10.1.0.5 fa:16:3e:f0:a0:65
Oct 16 18:26:36.136365 podb-esxi207 dnsmasq-dhcp[963766]: DHCPREQUEST(tap587ae8ec-25) 10.1.0.5 fa:16:3e:f0:a0:65
Oct 16 18:26:36.136395 podb-esxi207 dnsmasq-dhcp[963766]: DHCPACK(tap587ae8ec-25) 10.1.0.5 fa:16:3e:f0:a0:65 host-10-1-0-5
Oct 16 18:26:36.511190 podb-esxi207 dnsmasq-dhcp[966826]: DHCPDISCOVER(tap324a81f3-ad) fa:16:3e:cf:a0:06
Oct 16 18:26:36.511219 podb-esxi207 dnsmasq-dhcp[966826]: DHCPOFFER(tap324a81f3-ad) 10.1.0.7 fa:16:3e:cf:a0:06
Oct 16 18:26:36.525321 podb-esxi207 dnsmasq-dhcp[966826]: DHCPREQUEST(tap324a81f3-ad) 10.1.0.7 fa:16:3e:cf:a0:06
Oct 16 18:26:36.525349 podb-esxi207 dnsmasq-dhcp[966826]: DHCPACK(tap324a81f3-ad) 10.1.0.7 fa:16:3e:cf:a0:06 host-10-1-0-7
Oct 16 18:26:55.803432 podb-esxi207 dnsmasq[966826]: read /opt/stack/data/neutron/dhcp/110f45f2-39ef-4abf-bb2b-6a5286f6de48/addn_hosts - 8 names
Oct 16 18:26:55.803556 podb-esxi207 dnsmasq-dhcp[966826]: read /opt/stack/data/neutron/dhcp/110f45f2-39ef-4abf-bb2b-6a5286f6de48/host
Oct 16 18:26:55.803660 podb-esxi207 dnsmasq-dhcp[966826]: read /opt/stack/data/neutron/dhcp/110f45f2-39ef-4abf-bb2b-6a5286f6de48/opts
Oct 16 18:26:57.930405 podb-esxi207 sudo[968064]:    stack : PWD=/ ; USER=root ; COMMAND=/opt/stack/data/venv/bin/neutron-rootwrap /etc/neutron/rootwrap.conf privsep-helper --config-file /etc/neutron/neutron.conf --config-file /etc/neutron/dhcp_agent.ini --privsep_context neutron.privileged.dhcp_release_cmd --privsep_sock_path /tmp/tmpojezn276/privsep.sock
Oct 16 18:26:57.931471 podb-esxi207 sudo[968064]: pam_unix(sudo:session): session opened for user root(uid=0) by (uid=1001)
Oct 16 18:26:58.652894 podb-esxi207 sudo[968064]: pam_unix(sudo:session): session closed for user root
Oct 16 18:26:58.901460 podb-esxi207 dnsmasq-dhcp[964090]: DHCPRELEASE(tap8479b560-9d) 10.1.0.7 fa:16:3e:11:2b:15
Oct 16 18:26:58.915948 podb-esxi207 dnsmasq-dhcp[964090]: DHCPRELEASE(tap8479b560-9d) 10.1.0.7 fa:16:3e:11:2b:15 unknown lease
Oct 16 18:26:59.744852 podb-esxi207 dnsmasq[964090]: read /opt/stack/data/neutron/dhcp/2a8c044f-a3c4-4083-ae81-3ffc0eb09295/addn_hosts - 2 names
Oct 16 18:26:59.744964 podb-esxi207 dnsmasq-dhcp[964090]: read /opt/stack/data/neutron/dhcp/2a8c044f-a3c4-4083-ae81-3ffc0eb09295/host
Oct 16 18:26:59.745103 podb-esxi207 dnsmasq-dhcp[964090]: read /opt/stack/data/neutron/dhcp/2a8c044f-a3c4-4083-ae81-3ffc0eb09295/opts
Oct 16 18:27:00.831363 podb-esxi207 dnsmasq-dhcp[966826]: DHCPDISCOVER(tap324a81f3-ad) fa:16:3e:69:7f:1e
Oct 16 18:27:00.831387 podb-esxi207 dnsmasq-dhcp[966826]: DHCPOFFER(tap324a81f3-ad) 10.1.0.2 fa:16:3e:69:7f:1e
Oct 16 18:27:00.839876 podb-esxi207 dnsmasq-dhcp[966826]: DHCPREQUEST(tap324a81f3-ad) 10.1.0.2 fa:16:3e:69:7f:1e
Oct 16 18:27:00.839901 podb-esxi207 dnsmasq-dhcp[966826]: DHCPACK(tap324a81f3-ad) 10.1.0.2 fa:16:3e:69:7f:1e host-10-1-0-2
Oct 16 18:27:06.745726 podb-esxi207 dnsmasq-dhcp[964090]: DHCPRELEASE(tap8479b560-9d) 10.1.0.1 fa:16:3e:64:f3:91
Oct 16 18:27:07.575452 podb-esxi207 dnsmasq[964090]: read /opt/stack/data/neutron/dhcp/2a8c044f-a3c4-4083-ae81-3ffc0eb09295/addn_hosts - 0 names
Oct 16 18:27:07.575552 podb-esxi207 dnsmasq-dhcp[964090]: read /opt/stack/data/neutron/dhcp/2a8c044f-a3c4-4083-ae81-3ffc0eb09295/host
Oct 16 18:27:07.575635 podb-esxi207 dnsmasq-dhcp[964090]: read /opt/stack/data/neutron/dhcp/2a8c044f-a3c4-4083-ae81-3ffc0eb09295/opts
Oct 16 18:27:08.303983 podb-esxi207 dnsmasq[964090]: exiting on receipt of SIGTERM
Oct 16 18:27:08.913088 podb-esxi207 dnsmasq-dhcp[966062]: DHCPRELEASE(tap2059d24e-97) 10.1.0.1 fa:16:3e:9d:d4:5f
Oct 16 18:27:09.735332 podb-esxi207 dnsmasq[966062]: read /opt/stack/data/neutron/dhcp/c463ac8b-751e-41bb-a479-d156fe2f0755/addn_hosts - 0 names
Oct 16 18:27:09.735395 podb-esxi207 dnsmasq-dhcp[966062]: read /opt/stack/data/neutron/dhcp/c463ac8b-751e-41bb-a479-d156fe2f0755/host
Oct 16 18:27:09.735467 podb-esxi207 dnsmasq-dhcp[966062]: read /opt/stack/data/neutron/dhcp/c463ac8b-751e-41bb-a479-d156fe2f0755/opts
Oct 16 18:27:09.963002 podb-esxi207 dnsmasq[966062]: exiting on receipt of SIGTERM
Oct 16 18:27:13.535911 podb-esxi207 dnsmasq[968794]: started, version 2.90 cachesize 150
Oct 16 18:27:13.535939 podb-esxi207 dnsmasq[968794]: DNS service limited to local subnets
Oct 16 18:27:13.535953 podb-esxi207 dnsmasq[968794]: compile time options: IPv6 GNU-getopt DBus no-UBus i18n IDN2 DHCP DHCPv6 no-Lua TFTP conntrack ipset no-nftset auth cryptohash DNSSEC loop-detect inotify dumpfile
Oct 16 18:27:13.535992 podb-esxi207 dnsmasq-dhcp[968794]: DHCP, static leases only on 10.1.0.0, lease time 1d
Oct 16 18:27:13.536736 podb-esxi207 dnsmasq[968794]: reading /etc/resolv.conf
Oct 16 18:27:13.536755 podb-esxi207 dnsmasq[968794]: using nameserver 127.0.0.53#53
Oct 16 18:27:13.536853 podb-esxi207 dnsmasq[968794]: read /opt/stack/data/neutron/dhcp/ab400660-459f-4e37-8fd4-aceaf0b131e3/addn_hosts - 0 names
Oct 16 18:27:13.536906 podb-esxi207 dnsmasq-dhcp[968794]: read /opt/stack/data/neutron/dhcp/ab400660-459f-4e37-8fd4-aceaf0b131e3/host
Oct 16 18:27:13.536963 podb-esxi207 dnsmasq-dhcp[968794]: read /opt/stack/data/neutron/dhcp/ab400660-459f-4e37-8fd4-aceaf0b131e3/opts
Oct 16 18:27:15.082997 podb-esxi207 dnsmasq[968794]: read /opt/stack/data/neutron/dhcp/ab400660-459f-4e37-8fd4-aceaf0b131e3/addn_hosts - 2 names
Oct 16 18:27:15.083143 podb-esxi207 dnsmasq-dhcp[968794]: read /opt/stack/data/neutron/dhcp/ab400660-459f-4e37-8fd4-aceaf0b131e3/host
Oct 16 18:27:15.083268 podb-esxi207 dnsmasq-dhcp[968794]: read /opt/stack/data/neutron/dhcp/ab400660-459f-4e37-8fd4-aceaf0b131e3/opts
Oct 16 18:27:16.311875 podb-esxi207 dnsmasq[968794]: read /opt/stack/data/neutron/dhcp/ab400660-459f-4e37-8fd4-aceaf0b131e3/addn_hosts - 2 names
Oct 16 18:27:16.311945 podb-esxi207 dnsmasq-dhcp[968794]: read /opt/stack/data/neutron/dhcp/ab400660-459f-4e37-8fd4-aceaf0b131e3/host
Oct 16 18:27:16.312013 podb-esxi207 dnsmasq-dhcp[968794]: read /opt/stack/data/neutron/dhcp/ab400660-459f-4e37-8fd4-aceaf0b131e3/opts
Oct 16 18:27:17.557055 podb-esxi207 dnsmasq[968794]: read /opt/stack/data/neutron/dhcp/ab400660-459f-4e37-8fd4-aceaf0b131e3/addn_hosts - 2 names
Oct 16 18:27:17.557154 podb-esxi207 dnsmasq-dhcp[968794]: read /opt/stack/data/neutron/dhcp/ab400660-459f-4e37-8fd4-aceaf0b131e3/host
Oct 16 18:27:17.557256 podb-esxi207 dnsmasq-dhcp[968794]: read /opt/stack/data/neutron/dhcp/ab400660-459f-4e37-8fd4-aceaf0b131e3/opts
Oct 16 18:27:18.789665 podb-esxi207 dnsmasq[968794]: read /opt/stack/data/neutron/dhcp/ab400660-459f-4e37-8fd4-aceaf0b131e3/addn_hosts - 4 names
Oct 16 18:27:18.789787 podb-esxi207 dnsmasq-dhcp[968794]: read /opt/stack/data/neutron/dhcp/ab400660-459f-4e37-8fd4-aceaf0b131e3/host
Oct 16 18:27:18.789890 podb-esxi207 dnsmasq-dhcp[968794]: read /opt/stack/data/neutron/dhcp/ab400660-459f-4e37-8fd4-aceaf0b131e3/opts
Oct 16 18:27:19.674990 podb-esxi207 dnsmasq-dhcp[966826]: DHCPDISCOVER(tap324a81f3-ad) fa:16:3e:d3:d4:de
Oct 16 18:27:19.675020 podb-esxi207 dnsmasq-dhcp[966826]: DHCPOFFER(tap324a81f3-ad) 10.1.0.9 fa:16:3e:d3:d4:de
Oct 16 18:27:19.686837 podb-esxi207 dnsmasq-dhcp[966826]: DHCPREQUEST(tap324a81f3-ad) 10.1.0.9 fa:16:3e:d3:d4:de
Oct 16 18:27:19.686872 podb-esxi207 dnsmasq-dhcp[966826]: DHCPACK(tap324a81f3-ad) 10.1.0.9 fa:16:3e:d3:d4:de host-10-1-0-9
Oct 16 18:27:41.405078 podb-esxi207 dnsmasq-dhcp[968794]: DHCPDISCOVER(tap26e57161-a0) fa:16:3e:15:21:b2
Oct 16 18:27:41.405096 podb-esxi207 dnsmasq-dhcp[968794]: DHCPOFFER(tap26e57161-a0) 10.1.0.5 fa:16:3e:15:21:b2
Oct 16 18:27:41.417435 podb-esxi207 dnsmasq-dhcp[968794]: DHCPREQUEST(tap26e57161-a0) 10.1.0.5 fa:16:3e:15:21:b2
Oct 16 18:27:41.417461 podb-esxi207 dnsmasq-dhcp[968794]: DHCPACK(tap26e57161-a0) 10.1.0.5 fa:16:3e:15:21:b2 host-10-1-0-5
Oct 16 18:27:45.897239 podb-esxi207 dnsmasq-dhcp[968794]: DHCPRELEASE(tap26e57161-a0) 10.1.0.5 fa:16:3e:15:21:b2
Oct 16 18:27:45.913759 podb-esxi207 dnsmasq-dhcp[968794]: DHCPRELEASE(tap26e57161-a0) 10.1.0.5 fa:16:3e:15:21:b2 unknown lease
Oct 16 18:27:46.740786 podb-esxi207 dnsmasq[968794]: read /opt/stack/data/neutron/dhcp/ab400660-459f-4e37-8fd4-aceaf0b131e3/addn_hosts - 2 names
Oct 16 18:27:46.740877 podb-esxi207 dnsmasq-dhcp[968794]: read /opt/stack/data/neutron/dhcp/ab400660-459f-4e37-8fd4-aceaf0b131e3/host
Oct 16 18:27:46.740950 podb-esxi207 dnsmasq-dhcp[968794]: read /opt/stack/data/neutron/dhcp/ab400660-459f-4e37-8fd4-aceaf0b131e3/opts
Oct 16 18:27:51.293202 podb-esxi207 dnsmasq-dhcp[962530]: DHCPRELEASE(tap74b1e5b9-cf) 10.1.0.4 fa:16:3e:22:b5:5b
Oct 16 18:27:51.309208 podb-esxi207 dnsmasq-dhcp[962530]: DHCPRELEASE(tap74b1e5b9-cf) 10.1.0.4 fa:16:3e:22:b5:5b unknown lease
Oct 16 18:27:52.132294 podb-esxi207 dnsmasq[962530]: read /opt/stack/data/neutron/dhcp/7be39e39-efa9-49e6-951f-e93fda052246/addn_hosts - 2 names
Oct 16 18:27:52.132369 podb-esxi207 dnsmasq-dhcp[962530]: read /opt/stack/data/neutron/dhcp/7be39e39-efa9-49e6-951f-e93fda052246/host
Oct 16 18:27:52.132469 podb-esxi207 dnsmasq-dhcp[962530]: read /opt/stack/data/neutron/dhcp/7be39e39-efa9-49e6-951f-e93fda052246/opts
Oct 16 18:27:56.913932 podb-esxi207 dnsmasq[962530]: read /opt/stack/data/neutron/dhcp/7be39e39-efa9-49e6-951f-e93fda052246/addn_hosts - 0 names
Oct 16 18:27:56.914011 podb-esxi207 dnsmasq-dhcp[962530]: read /opt/stack/data/neutron/dhcp/7be39e39-efa9-49e6-951f-e93fda052246/host
Oct 16 18:27:56.914117 podb-esxi207 dnsmasq-dhcp[962530]: read /opt/stack/data/neutron/dhcp/7be39e39-efa9-49e6-951f-e93fda052246/opts
Oct 16 18:27:57.879624 podb-esxi207 dnsmasq[962530]: exiting on receipt of SIGTERM
Oct 16 18:27:58.993368 podb-esxi207 dnsmasq[968794]: read /opt/stack/data/neutron/dhcp/ab400660-459f-4e37-8fd4-aceaf0b131e3/addn_hosts - 0 names
Oct 16 18:27:58.993479 podb-esxi207 dnsmasq-dhcp[968794]: read /opt/stack/data/neutron/dhcp/ab400660-459f-4e37-8fd4-aceaf0b131e3/host
Oct 16 18:27:58.993576 podb-esxi207 dnsmasq-dhcp[968794]: read /opt/stack/data/neutron/dhcp/ab400660-459f-4e37-8fd4-aceaf0b131e3/opts
Oct 16 18:27:59.239539 podb-esxi207 dnsmasq-dhcp[964984]: DHCPRELEASE(tap3491d9ad-49) 10.1.0.1 fa:16:3e:f7:86:77
Oct 16 18:28:00.066162 podb-esxi207 dnsmasq[964984]: read /opt/stack/data/neutron/dhcp/a14b4290-c673-4139-9ef0-6c46f54ae654/addn_hosts - 0 names
Oct 16 18:28:00.066242 podb-esxi207 dnsmasq-dhcp[964984]: read /opt/stack/data/neutron/dhcp/a14b4290-c673-4139-9ef0-6c46f54ae654/host
Oct 16 18:28:00.066345 podb-esxi207 dnsmasq-dhcp[964984]: read /opt/stack/data/neutron/dhcp/a14b4290-c673-4139-9ef0-6c46f54ae654/opts
Oct 16 18:28:00.310976 podb-esxi207 dnsmasq[968794]: exiting on receipt of SIGTERM
Oct 16 18:28:00.930181 podb-esxi207 dnsmasq[964984]: exiting on receipt of SIGTERM
Oct 16 18:28:01.562083 podb-esxi207 dnsmasq-dhcp[966253]: DHCPRELEASE(tapb0631201-12) 10.1.0.1 fa:16:3e:9c:83:b0
Oct 16 18:28:02.385868 podb-esxi207 dnsmasq[966253]: read /opt/stack/data/neutron/dhcp/bf4b1f4a-40de-4a99-8ffb-0cdf618bd385/addn_hosts - 0 names
Oct 16 18:28:02.385986 podb-esxi207 dnsmasq-dhcp[966253]: read /opt/stack/data/neutron/dhcp/bf4b1f4a-40de-4a99-8ffb-0cdf618bd385/host
Oct 16 18:28:02.386078 podb-esxi207 dnsmasq-dhcp[966253]: read /opt/stack/data/neutron/dhcp/bf4b1f4a-40de-4a99-8ffb-0cdf618bd385/opts
Oct 16 18:28:05.320007 podb-esxi207 dnsmasq[970031]: started, version 2.90 cachesize 150
Oct 16 18:28:05.320038 podb-esxi207 dnsmasq[970031]: DNS service limited to local subnets
Oct 16 18:28:05.320053 podb-esxi207 dnsmasq[970031]: compile time options: IPv6 GNU-getopt DBus no-UBus i18n IDN2 DHCP DHCPv6 no-Lua TFTP conntrack ipset no-nftset auth cryptohash DNSSEC loop-detect inotify dumpfile
Oct 16 18:28:05.320094 podb-esxi207 dnsmasq-dhcp[970031]: DHCP, static leases only on 10.1.0.0, lease time 1d
Oct 16 18:28:05.320253 podb-esxi207 dnsmasq[970031]: reading /etc/resolv.conf
Oct 16 18:28:05.320270 podb-esxi207 dnsmasq[970031]: using nameserver 127.0.0.53#53
Oct 16 18:28:05.320384 podb-esxi207 dnsmasq[970031]: read /opt/stack/data/neutron/dhcp/484e29ae-1a1a-4f79-8607-799bc83e4f8d/addn_hosts - 2 names
Oct 16 18:28:05.320440 podb-esxi207 dnsmasq-dhcp[970031]: read /opt/stack/data/neutron/dhcp/484e29ae-1a1a-4f79-8607-799bc83e4f8d/host
Oct 16 18:28:05.320518 podb-esxi207 dnsmasq-dhcp[970031]: read /opt/stack/data/neutron/dhcp/484e29ae-1a1a-4f79-8607-799bc83e4f8d/opts
Oct 16 18:28:06.362878 podb-esxi207 dnsmasq[966253]: exiting on receipt of SIGTERM
Oct 16 18:28:09.599439 podb-esxi207 dnsmasq[970408]: started, version 2.90 cachesize 150
Oct 16 18:28:09.599464 podb-esxi207 dnsmasq[970408]: DNS service limited to local subnets
Oct 16 18:28:09.599479 podb-esxi207 dnsmasq[970408]: compile time options: IPv6 GNU-getopt DBus no-UBus i18n IDN2 DHCP DHCPv6 no-Lua TFTP conntrack ipset no-nftset auth cryptohash DNSSEC loop-detect inotify dumpfile
Oct 16 18:28:09.599522 podb-esxi207 dnsmasq-dhcp[970408]: DHCP, static leases only on 10.1.0.0, lease time 1d
Oct 16 18:28:09.599678 podb-esxi207 dnsmasq[970408]: reading /etc/resolv.conf
Oct 16 18:28:09.599694 podb-esxi207 dnsmasq[970408]: using nameserver 127.0.0.53#53
Oct 16 18:28:09.599814 podb-esxi207 dnsmasq[970408]: read /opt/stack/data/neutron/dhcp/69964a84-0d09-4cbd-ab39-73dbe6e24a91/addn_hosts - 2 names
Oct 16 18:28:09.599871 podb-esxi207 dnsmasq-dhcp[970408]: read /opt/stack/data/neutron/dhcp/69964a84-0d09-4cbd-ab39-73dbe6e24a91/host
Oct 16 18:28:09.599940 podb-esxi207 dnsmasq-dhcp[970408]: read /opt/stack/data/neutron/dhcp/69964a84-0d09-4cbd-ab39-73dbe6e24a91/opts
Oct 16 18:28:10.644092 podb-esxi207 dnsmasq[970031]: read /opt/stack/data/neutron/dhcp/484e29ae-1a1a-4f79-8607-799bc83e4f8d/addn_hosts - 2 names
Oct 16 18:28:10.644187 podb-esxi207 dnsmasq-dhcp[970031]: read /opt/stack/data/neutron/dhcp/484e29ae-1a1a-4f79-8607-799bc83e4f8d/host
Oct 16 18:28:10.644277 podb-esxi207 dnsmasq-dhcp[970031]: read /opt/stack/data/neutron/dhcp/484e29ae-1a1a-4f79-8607-799bc83e4f8d/opts
Oct 16 18:28:14.035515 podb-esxi207 dnsmasq[971319]: started, version 2.90 cachesize 150
Oct 16 18:28:14.035544 podb-esxi207 dnsmasq[971319]: DNS service limited to local subnets
Oct 16 18:28:14.035559 podb-esxi207 dnsmasq[971319]: compile time options: IPv6 GNU-getopt DBus no-UBus i18n IDN2 DHCP DHCPv6 no-Lua TFTP conntrack ipset no-nftset auth cryptohash DNSSEC loop-detect inotify dumpfile
Oct 16 18:28:14.035596 podb-esxi207 dnsmasq-dhcp[971319]: DHCP, static leases only on 10.1.0.0, lease time 1d
Oct 16 18:28:14.035754 podb-esxi207 dnsmasq[971319]: reading /etc/resolv.conf
Oct 16 18:28:14.035770 podb-esxi207 dnsmasq[971319]: using nameserver 127.0.0.53#53
Oct 16 18:28:14.035883 podb-esxi207 dnsmasq[971319]: read /opt/stack/data/neutron/dhcp/ab7fffb0-ac3a-4a05-821f-d6766f7132e6/addn_hosts - 2 names
Oct 16 18:28:14.035938 podb-esxi207 dnsmasq-dhcp[971319]: read /opt/stack/data/neutron/dhcp/ab7fffb0-ac3a-4a05-821f-d6766f7132e6/host
