Oct 18 12:48:18.122318 podb-esxi207 dnsmasq[3880673]: read /opt/stack/data/neutron/dhcp/97f1a434-32ec-41af-90fb-6182c6efa416/addn_hosts - 2 names
Oct 18 12:48:18.122401 podb-esxi207 dnsmasq-dhcp[3880673]: read /opt/stack/data/neutron/dhcp/97f1a434-32ec-41af-90fb-6182c6efa416/host
Oct 18 12:48:18.122473 podb-esxi207 dnsmasq-dhcp[3880673]: read /opt/stack/data/neutron/dhcp/97f1a434-32ec-41af-90fb-6182c6efa416/opts
Oct 18 12:48:18.385488 podb-esxi207 dnsmasq-dhcp[3873757]: DHCPRELEASE(tap4067f004-19) 10.1.0.12 fa:16:3e:fc:9c:55
Oct 18 12:48:18.402302 podb-esxi207 dnsmasq-dhcp[3873757]: DHCPRELEASE(tap4067f004-19) 10.1.0.12 fa:16:3e:fc:9c:55 unknown lease
Oct 18 12:48:19.228121 podb-esxi207 dnsmasq[3873757]: read /opt/stack/data/neutron/dhcp/f2883883-defb-4268-a2c7-5f7c1975e94b/addn_hosts - 2 names
Oct 18 12:48:19.228240 podb-esxi207 dnsmasq-dhcp[3873757]: read /opt/stack/data/neutron/dhcp/f2883883-defb-4268-a2c7-5f7c1975e94b/host
Oct 18 12:48:19.228357 podb-esxi207 dnsmasq-dhcp[3873757]: read /opt/stack/data/neutron/dhcp/f2883883-defb-4268-a2c7-5f7c1975e94b/opts
Oct 18 12:48:20.502657 podb-esxi207 dnsmasq[3880673]: read /opt/stack/data/neutron/dhcp/97f1a434-32ec-41af-90fb-6182c6efa416/addn_hosts - 2 names
Oct 18 12:48:20.502765 podb-esxi207 dnsmasq-dhcp[3880673]: read /opt/stack/data/neutron/dhcp/97f1a434-32ec-41af-90fb-6182c6efa416/host
Oct 18 12:48:20.502839 podb-esxi207 dnsmasq-dhcp[3880673]: read /opt/stack/data/neutron/dhcp/97f1a434-32ec-41af-90fb-6182c6efa416/opts
Oct 18 12:48:26.296080 podb-esxi207 dnsmasq[3880673]: read /opt/stack/data/neutron/dhcp/97f1a434-32ec-41af-90fb-6182c6efa416/addn_hosts - 4 names
Oct 18 12:48:26.296209 podb-esxi207 dnsmasq-dhcp[3880673]: read /opt/stack/data/neutron/dhcp/97f1a434-32ec-41af-90fb-6182c6efa416/host
Oct 18 12:48:26.296317 podb-esxi207 dnsmasq-dhcp[3880673]: read /opt/stack/data/neutron/dhcp/97f1a434-32ec-41af-90fb-6182c6efa416/opts
Oct 18 12:48:28.557351 podb-esxi207 dnsmasq[3879850]: read /opt/stack/data/neutron/dhcp/ad3266af-8812-4065-8595-6f2cfa4dfce8/addn_hosts - 4 names
Oct 18 12:48:28.557493 podb-esxi207 dnsmasq-dhcp[3879850]: read /opt/stack/data/neutron/dhcp/ad3266af-8812-4065-8595-6f2cfa4dfce8/host
Oct 18 12:48:28.557605 podb-esxi207 dnsmasq-dhcp[3879850]: read /opt/stack/data/neutron/dhcp/ad3266af-8812-4065-8595-6f2cfa4dfce8/opts
Oct 18 12:48:39.966859 podb-esxi207 dnsmasq[3880673]: read /opt/stack/data/neutron/dhcp/97f1a434-32ec-41af-90fb-6182c6efa416/addn_hosts - 2 names
Oct 18 12:48:39.966949 podb-esxi207 dnsmasq-dhcp[3880673]: read /opt/stack/data/neutron/dhcp/97f1a434-32ec-41af-90fb-6182c6efa416/host
Oct 18 12:48:39.967018 podb-esxi207 dnsmasq-dhcp[3880673]: read /opt/stack/data/neutron/dhcp/97f1a434-32ec-41af-90fb-6182c6efa416/opts
Oct 18 12:48:49.823406 podb-esxi207 dnsmasq[3880673]: read /opt/stack/data/neutron/dhcp/97f1a434-32ec-41af-90fb-6182c6efa416/addn_hosts - 4 names
Oct 18 12:48:49.823533 podb-esxi207 dnsmasq-dhcp[3880673]: read /opt/stack/data/neutron/dhcp/97f1a434-32ec-41af-90fb-6182c6efa416/host
Oct 18 12:48:49.823642 podb-esxi207 dnsmasq-dhcp[3880673]: read /opt/stack/data/neutron/dhcp/97f1a434-32ec-41af-90fb-6182c6efa416/opts
Oct 18 12:49:00.187968 podb-esxi207 dnsmasq-dhcp[3879850]: DHCPDISCOVER(tapaf71eca9-48) fa:16:3e:4f:f2:d5
Oct 18 12:49:00.187996 podb-esxi207 dnsmasq-dhcp[3879850]: DHCPOFFER(tapaf71eca9-48) 10.1.0.14 fa:16:3e:4f:f2:d5
Oct 18 12:49:00.198694 podb-esxi207 dnsmasq-dhcp[3879850]: DHCPREQUEST(tapaf71eca9-48) 10.1.0.14 fa:16:3e:4f:f2:d5
Oct 18 12:49:00.198727 podb-esxi207 dnsmasq-dhcp[3879850]: DHCPACK(tapaf71eca9-48) 10.1.0.14 fa:16:3e:4f:f2:d5 host-10-1-0-14
Oct 18 12:49:03.238779 podb-esxi207 dnsmasq[3880673]: read /opt/stack/data/neutron/dhcp/97f1a434-32ec-41af-90fb-6182c6efa416/addn_hosts - 2 names
Oct 18 12:49:03.238872 podb-esxi207 dnsmasq-dhcp[3880673]: read /opt/stack/data/neutron/dhcp/97f1a434-32ec-41af-90fb-6182c6efa416/host
Oct 18 12:49:03.238941 podb-esxi207 dnsmasq-dhcp[3880673]: read /opt/stack/data/neutron/dhcp/97f1a434-32ec-41af-90fb-6182c6efa416/opts
Oct 18 12:49:29.389099 podb-esxi207 dnsmasq[3873757]: read /opt/stack/data/neutron/dhcp/f2883883-defb-4268-a2c7-5f7c1975e94b/addn_hosts - 0 names
Oct 18 12:49:29.389130 podb-esxi207 dnsmasq-dhcp[3873757]: read /opt/stack/data/neutron/dhcp/f2883883-defb-4268-a2c7-5f7c1975e94b/host
Oct 18 12:49:29.389156 podb-esxi207 dnsmasq-dhcp[3873757]: read /opt/stack/data/neutron/dhcp/f2883883-defb-4268-a2c7-5f7c1975e94b/opts
Oct 18 12:49:30.569493 podb-esxi207 dnsmasq[3873757]: exiting on receipt of SIGTERM
Oct 18 12:49:45.685601 podb-esxi207 dnsmasq[3880673]: read /opt/stack/data/neutron/dhcp/97f1a434-32ec-41af-90fb-6182c6efa416/addn_hosts - 0 names
Oct 18 12:49:45.685684 podb-esxi207 dnsmasq-dhcp[3880673]: read /opt/stack/data/neutron/dhcp/97f1a434-32ec-41af-90fb-6182c6efa416/host
Oct 18 12:49:45.685761 podb-esxi207 dnsmasq-dhcp[3880673]: read /opt/stack/data/neutron/dhcp/97f1a434-32ec-41af-90fb-6182c6efa416/opts
Oct 18 12:49:46.728899 podb-esxi207 dnsmasq[3880673]: exiting on receipt of SIGTERM
Oct 18 12:50:24.566952 podb-esxi207 dnsmasq[3882566]: started, version 2.90 cachesize 150
Oct 18 12:50:24.566977 podb-esxi207 dnsmasq[3882566]: DNS service limited to local subnets
Oct 18 12:50:24.566992 podb-esxi207 dnsmasq[3882566]: compile time options: IPv6 GNU-getopt DBus no-UBus i18n IDN2 DHCP DHCPv6 no-Lua TFTP conntrack ipset no-nftset auth cryptohash DNSSEC loop-detect inotify dumpfile
Oct 18 12:50:24.567026 podb-esxi207 dnsmasq-dhcp[3882566]: DHCP, static leases only on 10.1.0.0, lease time 1d
Oct 18 12:50:24.567169 podb-esxi207 dnsmasq[3882566]: reading /etc/resolv.conf
Oct 18 12:50:24.567185 podb-esxi207 dnsmasq[3882566]: using nameserver 127.0.0.53#53
Oct 18 12:50:24.567271 podb-esxi207 dnsmasq[3882566]: read /opt/stack/data/neutron/dhcp/5725c8e4-02cd-423d-863f-c678614a602f/addn_hosts - 0 names
Oct 18 12:50:24.567319 podb-esxi207 dnsmasq-dhcp[3882566]: read /opt/stack/data/neutron/dhcp/5725c8e4-02cd-423d-863f-c678614a602f/host
Oct 18 12:50:24.567377 podb-esxi207 dnsmasq-dhcp[3882566]: read /opt/stack/data/neutron/dhcp/5725c8e4-02cd-423d-863f-c678614a602f/opts
Oct 18 12:50:27.817282 podb-esxi207 dnsmasq[3882887]: started, version 2.90 cachesize 150
Oct 18 12:50:27.817307 podb-esxi207 dnsmasq[3882887]: DNS service limited to local subnets
Oct 18 12:50:27.817322 podb-esxi207 dnsmasq[3882887]: compile time options: IPv6 GNU-getopt DBus no-UBus i18n IDN2 DHCP DHCPv6 no-Lua TFTP conntrack ipset no-nftset auth cryptohash DNSSEC loop-detect inotify dumpfile
Oct 18 12:50:27.817356 podb-esxi207 dnsmasq-dhcp[3882887]: DHCP, static leases only on 10.1.0.0, lease time 1d
Oct 18 12:50:27.817499 podb-esxi207 dnsmasq[3882887]: reading /etc/resolv.conf
Oct 18 12:50:27.817520 podb-esxi207 dnsmasq[3882887]: using nameserver 127.0.0.53#53
Oct 18 12:50:27.817603 podb-esxi207 dnsmasq[3882887]: read /opt/stack/data/neutron/dhcp/fdd0b111-b7f8-41fb-816d-3268963c5ced/addn_hosts - 0 names
Oct 18 12:50:27.817651 podb-esxi207 dnsmasq-dhcp[3882887]: read /opt/stack/data/neutron/dhcp/fdd0b111-b7f8-41fb-816d-3268963c5ced/host
Oct 18 12:50:27.817714 podb-esxi207 dnsmasq-dhcp[3882887]: read /opt/stack/data/neutron/dhcp/fdd0b111-b7f8-41fb-816d-3268963c5ced/opts
Oct 18 12:50:28.852575 podb-esxi207 dnsmasq[3882566]: read /opt/stack/data/neutron/dhcp/5725c8e4-02cd-423d-863f-c678614a602f/addn_hosts - 2 names
Oct 18 12:50:28.852662 podb-esxi207 dnsmasq-dhcp[3882566]: read /opt/stack/data/neutron/dhcp/5725c8e4-02cd-423d-863f-c678614a602f/host
Oct 18 12:50:28.852763 podb-esxi207 dnsmasq-dhcp[3882566]: read /opt/stack/data/neutron/dhcp/5725c8e4-02cd-423d-863f-c678614a602f/opts
Oct 18 12:50:29.573226 podb-esxi207 dnsmasq-dhcp[3879850]: DHCPREQUEST(tapaf71eca9-48) 10.1.0.14 fa:16:3e:4f:f2:d5
Oct 18 12:50:29.573258 podb-esxi207 dnsmasq-dhcp[3879850]: DHCPACK(tapaf71eca9-48) 10.1.0.14 fa:16:3e:4f:f2:d5 host-10-1-0-14
Oct 18 12:50:30.628809 podb-esxi207 dnsmasq[3882887]: read /opt/stack/data/neutron/dhcp/fdd0b111-b7f8-41fb-816d-3268963c5ced/addn_hosts - 2 names
Oct 18 12:50:30.628921 podb-esxi207 dnsmasq-dhcp[3882887]: read /opt/stack/data/neutron/dhcp/fdd0b111-b7f8-41fb-816d-3268963c5ced/host
Oct 18 12:50:30.629028 podb-esxi207 dnsmasq-dhcp[3882887]: read /opt/stack/data/neutron/dhcp/fdd0b111-b7f8-41fb-816d-3268963c5ced/opts
Oct 18 12:50:31.389510 podb-esxi207 dnsmasq[3882566]: read /opt/stack/data/neutron/dhcp/5725c8e4-02cd-423d-863f-c678614a602f/addn_hosts - 2 names
Oct 18 12:50:31.389616 podb-esxi207 dnsmasq-dhcp[3882566]: read /opt/stack/data/neutron/dhcp/5725c8e4-02cd-423d-863f-c678614a602f/host
Oct 18 12:50:31.389724 podb-esxi207 dnsmasq-dhcp[3882566]: read /opt/stack/data/neutron/dhcp/5725c8e4-02cd-423d-863f-c678614a602f/opts
Oct 18 12:50:32.645076 podb-esxi207 dnsmasq[3882887]: read /opt/stack/data/neutron/dhcp/fdd0b111-b7f8-41fb-816d-3268963c5ced/addn_hosts - 2 names
Oct 18 12:50:32.645169 podb-esxi207 dnsmasq-dhcp[3882887]: read /opt/stack/data/neutron/dhcp/fdd0b111-b7f8-41fb-816d-3268963c5ced/host
Oct 18 12:50:32.645237 podb-esxi207 dnsmasq-dhcp[3882887]: read /opt/stack/data/neutron/dhcp/fdd0b111-b7f8-41fb-816d-3268963c5ced/opts
Oct 18 12:50:33.399917 podb-esxi207 dnsmasq[3882566]: read /opt/stack/data/neutron/dhcp/5725c8e4-02cd-423d-863f-c678614a602f/addn_hosts - 2 names
Oct 18 12:50:33.400010 podb-esxi207 dnsmasq-dhcp[3882566]: read /opt/stack/data/neutron/dhcp/5725c8e4-02cd-423d-863f-c678614a602f/host
Oct 18 12:50:33.400117 podb-esxi207 dnsmasq-dhcp[3882566]: read /opt/stack/data/neutron/dhcp/5725c8e4-02cd-423d-863f-c678614a602f/opts
Oct 18 12:50:34.671263 podb-esxi207 dnsmasq[3882887]: read /opt/stack/data/neutron/dhcp/fdd0b111-b7f8-41fb-816d-3268963c5ced/addn_hosts - 2 names
Oct 18 12:50:34.671375 podb-esxi207 dnsmasq-dhcp[3882887]: read /opt/stack/data/neutron/dhcp/fdd0b111-b7f8-41fb-816d-3268963c5ced/host
Oct 18 12:50:34.671464 podb-esxi207 dnsmasq-dhcp[3882887]: read /opt/stack/data/neutron/dhcp/fdd0b111-b7f8-41fb-816d-3268963c5ced/opts
Oct 18 12:50:39.790870 podb-esxi207 dnsmasq[3882566]: read /opt/stack/data/neutron/dhcp/5725c8e4-02cd-423d-863f-c678614a602f/addn_hosts - 4 names
Oct 18 12:50:39.790979 podb-esxi207 dnsmasq-dhcp[3882566]: read /opt/stack/data/neutron/dhcp/5725c8e4-02cd-423d-863f-c678614a602f/host
Oct 18 12:50:39.791053 podb-esxi207 dnsmasq-dhcp[3882566]: read /opt/stack/data/neutron/dhcp/5725c8e4-02cd-423d-863f-c678614a602f/opts
Oct 18 12:51:02.227394 podb-esxi207 dnsmasq-dhcp[3882566]: DHCPDISCOVER(tap6c8193f4-82) fa:16:3e:28:25:eb
Oct 18 12:51:02.227421 podb-esxi207 dnsmasq-dhcp[3882566]: DHCPOFFER(tap6c8193f4-82) 10.1.0.4 fa:16:3e:28:25:eb
Oct 18 12:51:02.236849 podb-esxi207 dnsmasq-dhcp[3882566]: DHCPREQUEST(tap6c8193f4-82) 10.1.0.4 fa:16:3e:28:25:eb
Oct 18 12:51:02.236876 podb-esxi207 dnsmasq-dhcp[3882566]: DHCPACK(tap6c8193f4-82) 10.1.0.4 fa:16:3e:28:25:eb host-10-1-0-4
Oct 18 12:51:07.778458 podb-esxi207 dnsmasq-dhcp[3879850]: DHCPRELEASE(tapaf71eca9-48) 10.1.0.14 fa:16:3e:4f:f2:d5
Oct 18 12:51:07.796019 podb-esxi207 dnsmasq-dhcp[3879850]: DHCPRELEASE(tapaf71eca9-48) 10.1.0.14 fa:16:3e:4f:f2:d5 unknown lease
Oct 18 12:51:08.621151 podb-esxi207 dnsmasq[3879850]: read /opt/stack/data/neutron/dhcp/ad3266af-8812-4065-8595-6f2cfa4dfce8/addn_hosts - 2 names
Oct 18 12:51:08.621313 podb-esxi207 dnsmasq-dhcp[3879850]: read /opt/stack/data/neutron/dhcp/ad3266af-8812-4065-8595-6f2cfa4dfce8/host
Oct 18 12:51:08.621451 podb-esxi207 dnsmasq-dhcp[3879850]: read /opt/stack/data/neutron/dhcp/ad3266af-8812-4065-8595-6f2cfa4dfce8/opts
Oct 18 12:51:15.492690 podb-esxi207 dnsmasq[3879850]: read /opt/stack/data/neutron/dhcp/ad3266af-8812-4065-8595-6f2cfa4dfce8/addn_hosts - 0 names
Oct 18 12:51:15.492779 podb-esxi207 dnsmasq-dhcp[3879850]: read /opt/stack/data/neutron/dhcp/ad3266af-8812-4065-8595-6f2cfa4dfce8/host
Oct 18 12:51:15.492858 podb-esxi207 dnsmasq-dhcp[3879850]: read /opt/stack/data/neutron/dhcp/ad3266af-8812-4065-8595-6f2cfa4dfce8/opts
Oct 18 12:51:16.499947 podb-esxi207 dnsmasq[3879850]: exiting on receipt of SIGTERM
Oct 18 12:51:17.625291 podb-esxi207 dnsmasq[3880164]: read /opt/stack/data/neutron/dhcp/d2565ddf-aece-4582-8fcd-c0883c5ba784/addn_hosts - 0 names
Oct 18 12:51:17.625377 podb-esxi207 dnsmasq-dhcp[3880164]: read /opt/stack/data/neutron/dhcp/d2565ddf-aece-4582-8fcd-c0883c5ba784/host
Oct 18 12:51:17.625455 podb-esxi207 dnsmasq-dhcp[3880164]: read /opt/stack/data/neutron/dhcp/d2565ddf-aece-4582-8fcd-c0883c5ba784/opts
Oct 18 12:51:18.583792 podb-esxi207 dnsmasq[3880164]: exiting on receipt of SIGTERM
Oct 18 12:51:23.393477 podb-esxi207 dnsmasq[3883847]: started, version 2.90 cachesize 150
Oct 18 12:51:23.393506 podb-esxi207 dnsmasq[3883847]: DNS service limited to local subnets
Oct 18 12:51:23.393521 podb-esxi207 dnsmasq[3883847]: compile time options: IPv6 GNU-getopt DBus no-UBus i18n IDN2 DHCP DHCPv6 no-Lua TFTP conntrack ipset no-nftset auth cryptohash DNSSEC loop-detect inotify dumpfile
Oct 18 12:51:23.393557 podb-esxi207 dnsmasq-dhcp[3883847]: DHCP, static leases only on 10.1.0.0, lease time 1d
Oct 18 12:51:23.393714 podb-esxi207 dnsmasq[3883847]: reading /etc/resolv.conf
Oct 18 12:51:23.393731 podb-esxi207 dnsmasq[3883847]: using nameserver 127.0.0.53#53
Oct 18 12:51:23.393811 podb-esxi207 dnsmasq[3883847]: read /opt/stack/data/neutron/dhcp/d325f704-bb78-4fd5-ad0a-b9902ce8bad2/addn_hosts - 0 names
Oct 18 12:51:23.393864 podb-esxi207 dnsmasq-dhcp[3883847]: read /opt/stack/data/neutron/dhcp/d325f704-bb78-4fd5-ad0a-b9902ce8bad2/host
Oct 18 12:51:23.393938 podb-esxi207 dnsmasq-dhcp[3883847]: read /opt/stack/data/neutron/dhcp/d325f704-bb78-4fd5-ad0a-b9902ce8bad2/opts
Oct 18 12:51:24.939091 podb-esxi207 dnsmasq[3883847]: read /opt/stack/data/neutron/dhcp/d325f704-bb78-4fd5-ad0a-b9902ce8bad2/addn_hosts - 2 names
Oct 18 12:51:24.939199 podb-esxi207 dnsmasq-dhcp[3883847]: read /opt/stack/data/neutron/dhcp/d325f704-bb78-4fd5-ad0a-b9902ce8bad2/host
Oct 18 12:51:24.939305 podb-esxi207 dnsmasq-dhcp[3883847]: read /opt/stack/data/neutron/dhcp/d325f704-bb78-4fd5-ad0a-b9902ce8bad2/opts
Oct 18 12:51:28.507784 podb-esxi207 dnsmasq[3884214]: started, version 2.90 cachesize 150
Oct 18 12:51:28.507814 podb-esxi207 dnsmasq[3884214]: DNS service limited to local subnets
Oct 18 12:51:28.507829 podb-esxi207 dnsmasq[3884214]: compile time options: IPv6 GNU-getopt DBus no-UBus i18n IDN2 DHCP DHCPv6 no-Lua TFTP conntrack ipset no-nftset auth cryptohash DNSSEC loop-detect inotify dumpfile
Oct 18 12:51:28.507865 podb-esxi207 dnsmasq-dhcp[3884214]: DHCP, static leases only on 10.1.0.0, lease time 1d
Oct 18 12:51:28.508019 podb-esxi207 dnsmasq[3884214]: reading /etc/resolv.conf
Oct 18 12:51:28.508035 podb-esxi207 dnsmasq[3884214]: using nameserver 127.0.0.53#53
Oct 18 12:51:28.508125 podb-esxi207 dnsmasq[3884214]: read /opt/stack/data/neutron/dhcp/007fb01d-aba3-41df-9de6-523c3ee026cc/addn_hosts - 0 names
Oct 18 12:51:28.508178 podb-esxi207 dnsmasq-dhcp[3884214]: read /opt/stack/data/neutron/dhcp/007fb01d-aba3-41df-9de6-523c3ee026cc/host
Oct 18 12:51:28.508244 podb-esxi207 dnsmasq-dhcp[3884214]: read /opt/stack/data/neutron/dhcp/007fb01d-aba3-41df-9de6-523c3ee026cc/opts
Oct 18 12:51:29.549680 podb-esxi207 dnsmasq[3883847]: read /opt/stack/data/neutron/dhcp/d325f704-bb78-4fd5-ad0a-b9902ce8bad2/addn_hosts - 2 names
Oct 18 12:51:29.549778 podb-esxi207 dnsmasq-dhcp[3883847]: read /opt/stack/data/neutron/dhcp/d325f704-bb78-4fd5-ad0a-b9902ce8bad2/host
Oct 18 12:51:29.549900 podb-esxi207 dnsmasq-dhcp[3883847]: read /opt/stack/data/neutron/dhcp/d325f704-bb78-4fd5-ad0a-b9902ce8bad2/opts
Oct 18 12:51:30.803155 podb-esxi207 dnsmasq[3884214]: read /opt/stack/data/neutron/dhcp/007fb01d-aba3-41df-9de6-523c3ee026cc/addn_hosts - 2 names
Oct 18 12:51:30.803246 podb-esxi207 dnsmasq-dhcp[3884214]: read /opt/stack/data/neutron/dhcp/007fb01d-aba3-41df-9de6-523c3ee026cc/host
Oct 18 12:51:30.803349 podb-esxi207 dnsmasq-dhcp[3884214]: read /opt/stack/data/neutron/dhcp/007fb01d-aba3-41df-9de6-523c3ee026cc/opts
Oct 18 12:51:32.057731 podb-esxi207 dnsmasq[3883847]: read /opt/stack/data/neutron/dhcp/d325f704-bb78-4fd5-ad0a-b9902ce8bad2/addn_hosts - 2 names
Oct 18 12:51:32.057872 podb-esxi207 dnsmasq-dhcp[3883847]: read /opt/stack/data/neutron/dhcp/d325f704-bb78-4fd5-ad0a-b9902ce8bad2/host
Oct 18 12:51:32.057985 podb-esxi207 dnsmasq-dhcp[3883847]: read /opt/stack/data/neutron/dhcp/d325f704-bb78-4fd5-ad0a-b9902ce8bad2/opts
Oct 18 12:51:32.792820 podb-esxi207 dnsmasq[3884214]: read /opt/stack/data/neutron/dhcp/007fb01d-aba3-41df-9de6-523c3ee026cc/addn_hosts - 2 names
Oct 18 12:51:32.792918 podb-esxi207 dnsmasq-dhcp[3884214]: read /opt/stack/data/neutron/dhcp/007fb01d-aba3-41df-9de6-523c3ee026cc/host
Oct 18 12:51:32.793023 podb-esxi207 dnsmasq-dhcp[3884214]: read /opt/stack/data/neutron/dhcp/007fb01d-aba3-41df-9de6-523c3ee026cc/opts
Oct 18 12:51:34.015254 podb-esxi207 dnsmasq[3884214]: read /opt/stack/data/neutron/dhcp/007fb01d-aba3-41df-9de6-523c3ee026cc/addn_hosts - 2 names
Oct 18 12:51:34.015335 podb-esxi207 dnsmasq-dhcp[3884214]: read /opt/stack/data/neutron/dhcp/007fb01d-aba3-41df-9de6-523c3ee026cc/host
Oct 18 12:51:34.015402 podb-esxi207 dnsmasq-dhcp[3884214]: read /opt/stack/data/neutron/dhcp/007fb01d-aba3-41df-9de6-523c3ee026cc/opts
Oct 18 12:52:42.305804 podb-esxi207 dnsmasq[3883847]: read /opt/stack/data/neutron/dhcp/d325f704-bb78-4fd5-ad0a-b9902ce8bad2/addn_hosts - 4 names
Oct 18 12:52:42.305938 podb-esxi207 dnsmasq-dhcp[3883847]: read /opt/stack/data/neutron/dhcp/d325f704-bb78-4fd5-ad0a-b9902ce8bad2/host
Oct 18 12:52:42.306043 podb-esxi207 dnsmasq-dhcp[3883847]: read /opt/stack/data/neutron/dhcp/d325f704-bb78-4fd5-ad0a-b9902ce8bad2/opts
Oct 18 12:52:48.101561 podb-esxi207 dnsmasq-dhcp[3882566]: DHCPRELEASE(tap6c8193f4-82) 10.1.0.4 fa:16:3e:28:25:eb
Oct 18 12:52:48.117046 podb-esxi207 dnsmasq-dhcp[3882566]: DHCPRELEASE(tap6c8193f4-82) 10.1.0.4 fa:16:3e:28:25:eb unknown lease
Oct 18 12:52:48.944993 podb-esxi207 dnsmasq[3882566]: read /opt/stack/data/neutron/dhcp/5725c8e4-02cd-423d-863f-c678614a602f/addn_hosts - 2 names
Oct 18 12:52:48.945122 podb-esxi207 dnsmasq-dhcp[3882566]: read /opt/stack/data/neutron/dhcp/5725c8e4-02cd-423d-863f-c678614a602f/host
Oct 18 12:52:48.945235 podb-esxi207 dnsmasq-dhcp[3882566]: read /opt/stack/data/neutron/dhcp/5725c8e4-02cd-423d-863f-c678614a602f/opts
Oct 18 12:52:58.405520 podb-esxi207 dnsmasq[3882566]: read /opt/stack/data/neutron/dhcp/5725c8e4-02cd-423d-863f-c678614a602f/addn_hosts - 0 names
Oct 18 12:52:58.405630 podb-esxi207 dnsmasq-dhcp[3882566]: read /opt/stack/data/neutron/dhcp/5725c8e4-02cd-423d-863f-c678614a602f/host
Oct 18 12:52:58.405725 podb-esxi207 dnsmasq-dhcp[3882566]: read /opt/stack/data/neutron/dhcp/5725c8e4-02cd-423d-863f-c678614a602f/opts
Oct 18 12:52:59.501581 podb-esxi207 dnsmasq[3882566]: exiting on receipt of SIGTERM
Oct 18 12:53:00.616146 podb-esxi207 dnsmasq[3882887]: read /opt/stack/data/neutron/dhcp/fdd0b111-b7f8-41fb-816d-3268963c5ced/addn_hosts - 0 names
Oct 18 12:53:00.616225 podb-esxi207 dnsmasq-dhcp[3882887]: read /opt/stack/data/neutron/dhcp/fdd0b111-b7f8-41fb-816d-3268963c5ced/host
Oct 18 12:53:00.616296 podb-esxi207 dnsmasq-dhcp[3882887]: read /opt/stack/data/neutron/dhcp/fdd0b111-b7f8-41fb-816d-3268963c5ced/opts
Oct 18 12:53:01.368259 podb-esxi207 dnsmasq[3882887]: exiting on receipt of SIGTERM
Oct 18 12:53:09.781828 podb-esxi207 dnsmasq-dhcp[3883847]: DHCPDISCOVER(tap7b2a08c8-8f) fa:16:3e:89:71:05
Oct 18 12:53:09.781857 podb-esxi207 dnsmasq-dhcp[3883847]: DHCPOFFER(tap7b2a08c8-8f) 10.1.0.5 fa:16:3e:89:71:05
Oct 18 12:53:09.794841 podb-esxi207 dnsmasq-dhcp[3883847]: DHCPREQUEST(tap7b2a08c8-8f) 10.1.0.5 fa:16:3e:89:71:05
Oct 18 12:53:09.794881 podb-esxi207 dnsmasq-dhcp[3883847]: DHCPACK(tap7b2a08c8-8f) 10.1.0.5 fa:16:3e:89:71:05 host-10-1-0-5
Oct 18 12:54:27.999248 podb-esxi207 dnsmasq[3883847]: read /opt/stack/data/neutron/dhcp/d325f704-bb78-4fd5-ad0a-b9902ce8bad2/addn_hosts - 6 names
Oct 18 12:54:27.999389 podb-esxi207 dnsmasq-dhcp[3883847]: read /opt/stack/data/neutron/dhcp/d325f704-bb78-4fd5-ad0a-b9902ce8bad2/host
Oct 18 12:54:27.999496 podb-esxi207 dnsmasq-dhcp[3883847]: read /opt/stack/data/neutron/dhcp/d325f704-bb78-4fd5-ad0a-b9902ce8bad2/opts
Oct 18 12:55:19.310778 podb-esxi207 dnsmasq-dhcp[3883847]: DHCPDISCOVER(tap7b2a08c8-8f) fa:16:3e:48:5e:e6
Oct 18 12:55:19.310804 podb-esxi207 dnsmasq-dhcp[3883847]: DHCPOFFER(tap7b2a08c8-8f) 10.1.0.9 fa:16:3e:48:5e:e6
Oct 18 12:55:19.318789 podb-esxi207 dnsmasq-dhcp[3883847]: DHCPREQUEST(tap7b2a08c8-8f) 10.1.0.9 fa:16:3e:48:5e:e6
Oct 18 12:55:19.318824 podb-esxi207 dnsmasq-dhcp[3883847]: DHCPACK(tap7b2a08c8-8f) 10.1.0.9 fa:16:3e:48:5e:e6 host-10-1-0-9
Oct 18 12:56:04.879061 podb-esxi207 dnsmasq-dhcp[3883847]: DHCPRELEASE(tap7b2a08c8-8f) 10.1.0.9 fa:16:3e:48:5e:e6
Oct 18 12:56:04.897049 podb-esxi207 dnsmasq-dhcp[3883847]: DHCPRELEASE(tap7b2a08c8-8f) 10.1.0.9 fa:16:3e:48:5e:e6 unknown lease
Oct 18 12:56:05.736322 podb-esxi207 dnsmasq[3883847]: read /opt/stack/data/neutron/dhcp/d325f704-bb78-4fd5-ad0a-b9902ce8bad2/addn_hosts - 4 names
Oct 18 12:56:05.736468 podb-esxi207 dnsmasq-dhcp[3883847]: read /opt/stack/data/neutron/dhcp/d325f704-bb78-4fd5-ad0a-b9902ce8bad2/host
Oct 18 12:56:05.736573 podb-esxi207 dnsmasq-dhcp[3883847]: read /opt/stack/data/neutron/dhcp/d325f704-bb78-4fd5-ad0a-b9902ce8bad2/opts
Oct 18 12:56:54.529202 podb-esxi207 dnsmasq-dhcp[3883847]: DHCPRELEASE(tap7b2a08c8-8f) 10.1.0.5 fa:16:3e:89:71:05
Oct 18 12:56:54.554444 podb-esxi207 dnsmasq-dhcp[3883847]: DHCPRELEASE(tap7b2a08c8-8f) 10.1.0.5 fa:16:3e:89:71:05 unknown lease
Oct 18 12:56:55.382984 podb-esxi207 dnsmasq[3883847]: read /opt/stack/data/neutron/dhcp/d325f704-bb78-4fd5-ad0a-b9902ce8bad2/addn_hosts - 2 names
Oct 18 12:56:55.383071 podb-esxi207 dnsmasq-dhcp[3883847]: read /opt/stack/data/neutron/dhcp/d325f704-bb78-4fd5-ad0a-b9902ce8bad2/host
Oct 18 12:56:55.383200 podb-esxi207 dnsmasq-dhcp[3883847]: read /opt/stack/data/neutron/dhcp/d325f704-bb78-4fd5-ad0a-b9902ce8bad2/opts
Oct 18 12:57:09.885193 podb-esxi207 dnsmasq[3888391]: started, version 2.90 cachesize 150
Oct 18 12:57:09.885221 podb-esxi207 dnsmasq[3888391]: DNS service limited to local subnets
Oct 18 12:57:09.885236 podb-esxi207 dnsmasq[3888391]: compile time options: IPv6 GNU-getopt DBus no-UBus i18n IDN2 DHCP DHCPv6 no-Lua TFTP conntrack ipset no-nftset auth cryptohash DNSSEC loop-detect inotify dumpfile
Oct 18 12:57:09.885277 podb-esxi207 dnsmasq-dhcp[3888391]: DHCP, static leases only on 10.1.0.0, lease time 1d
Oct 18 12:57:09.885434 podb-esxi207 dnsmasq[3888391]: reading /etc/resolv.conf
Oct 18 12:57:09.885452 podb-esxi207 dnsmasq[3888391]: using nameserver 127.0.0.53#53
Oct 18 12:57:09.885544 podb-esxi207 dnsmasq[3888391]: read /opt/stack/data/neutron/dhcp/e7d607ec-f056-49b1-88fe-f87586b9b85a/addn_hosts - 0 names
Oct 18 12:57:09.885597 podb-esxi207 dnsmasq-dhcp[3888391]: read /opt/stack/data/neutron/dhcp/e7d607ec-f056-49b1-88fe-f87586b9b85a/host
Oct 18 12:57:09.885666 podb-esxi207 dnsmasq-dhcp[3888391]: read /opt/stack/data/neutron/dhcp/e7d607ec-f056-49b1-88fe-f87586b9b85a/opts
Oct 18 12:57:11.432825 podb-esxi207 dnsmasq[3888391]: read /opt/stack/data/neutron/dhcp/e7d607ec-f056-49b1-88fe-f87586b9b85a/addn_hosts - 2 names
Oct 18 12:57:11.432931 podb-esxi207 dnsmasq-dhcp[3888391]: read /opt/stack/data/neutron/dhcp/e7d607ec-f056-49b1-88fe-f87586b9b85a/host
Oct 18 12:57:11.433039 podb-esxi207 dnsmasq-dhcp[3888391]: read /opt/stack/data/neutron/dhcp/e7d607ec-f056-49b1-88fe-f87586b9b85a/opts
Oct 18 12:57:14.807826 podb-esxi207 dnsmasq[3888788]: started, version 2.90 cachesize 150
Oct 18 12:57:14.807855 podb-esxi207 dnsmasq[3888788]: DNS service limited to local subnets
Oct 18 12:57:14.807871 podb-esxi207 dnsmasq[3888788]: compile time options: IPv6 GNU-getopt DBus no-UBus i18n IDN2 DHCP DHCPv6 no-Lua TFTP conntrack ipset no-nftset auth cryptohash DNSSEC loop-detect inotify dumpfile
Oct 18 12:57:14.807907 podb-esxi207 dnsmasq-dhcp[3888788]: DHCP, static leases only on 10.1.0.0, lease time 1d
Oct 18 12:57:14.808060 podb-esxi207 dnsmasq[3888788]: reading /etc/resolv.conf
Oct 18 12:57:14.808080 podb-esxi207 dnsmasq[3888788]: using nameserver 127.0.0.53#53
Oct 18 12:57:14.808199 podb-esxi207 dnsmasq[3888788]: read /opt/stack/data/neutron/dhcp/ef06dec8-d003-4951-9dcf-73c8db04db49/addn_hosts - 2 names
Oct 18 12:57:14.808256 podb-esxi207 dnsmasq-dhcp[3888788]: read /opt/stack/data/neutron/dhcp/ef06dec8-d003-4951-9dcf-73c8db04db49/host
Oct 18 12:57:14.808333 podb-esxi207 dnsmasq-dhcp[3888788]: read /opt/stack/data/neutron/dhcp/ef06dec8-d003-4951-9dcf-73c8db04db49/opts
Oct 18 12:57:15.339924 podb-esxi207 dnsmasq[3888391]: read /opt/stack/data/neutron/dhcp/e7d607ec-f056-49b1-88fe-f87586b9b85a/addn_hosts - 2 names
Oct 18 12:57:15.340057 podb-esxi207 dnsmasq-dhcp[3888391]: read /opt/stack/data/neutron/dhcp/e7d607ec-f056-49b1-88fe-f87586b9b85a/host
Oct 18 12:57:15.340177 podb-esxi207 dnsmasq-dhcp[3888391]: read /opt/stack/data/neutron/dhcp/e7d607ec-f056-49b1-88fe-f87586b9b85a/opts
Oct 18 12:57:17.601212 podb-esxi207 dnsmasq[3888788]: read /opt/stack/data/neutron/dhcp/ef06dec8-d003-4951-9dcf-73c8db04db49/addn_hosts - 2 names
Oct 18 12:57:17.601314 podb-esxi207 dnsmasq-dhcp[3888788]: read /opt/stack/data/neutron/dhcp/ef06dec8-d003-4951-9dcf-73c8db04db49/host
Oct 18 12:57:17.601419 podb-esxi207 dnsmasq-dhcp[3888788]: read /opt/stack/data/neutron/dhcp/ef06dec8-d003-4951-9dcf-73c8db04db49/opts
Oct 18 12:57:18.353981 podb-esxi207 dnsmasq[3888391]: read /opt/stack/data/neutron/dhcp/e7d607ec-f056-49b1-88fe-f87586b9b85a/addn_hosts - 2 names
Oct 18 12:57:18.354105 podb-esxi207 dnsmasq-dhcp[3888391]: read /opt/stack/data/neutron/dhcp/e7d607ec-f056-49b1-88fe-f87586b9b85a/host
Oct 18 12:57:18.354212 podb-esxi207 dnsmasq-dhcp[3888391]: read /opt/stack/data/neutron/dhcp/e7d607ec-f056-49b1-88fe-f87586b9b85a/opts
Oct 18 12:57:19.619760 podb-esxi207 dnsmasq[3888788]: read /opt/stack/data/neutron/dhcp/ef06dec8-d003-4951-9dcf-73c8db04db49/addn_hosts - 2 names
Oct 18 12:57:19.619870 podb-esxi207 dnsmasq-dhcp[3888788]: read /opt/stack/data/neutron/dhcp/ef06dec8-d003-4951-9dcf-73c8db04db49/host
Oct 18 12:57:19.619985 podb-esxi207 dnsmasq-dhcp[3888788]: read /opt/stack/data/neutron/dhcp/ef06dec8-d003-4951-9dcf-73c8db04db49/opts
Oct 18 12:57:20.880035 podb-esxi207 dnsmasq[3888788]: read /opt/stack/data/neutron/dhcp/ef06dec8-d003-4951-9dcf-73c8db04db49/addn_hosts - 2 names
Oct 18 12:57:20.880149 podb-esxi207 dnsmasq-dhcp[3888788]: read /opt/stack/data/neutron/dhcp/ef06dec8-d003-4951-9dcf-73c8db04db49/host
Oct 18 12:57:20.880260 podb-esxi207 dnsmasq-dhcp[3888788]: read /opt/stack/data/neutron/dhcp/ef06dec8-d003-4951-9dcf-73c8db04db49/opts
Oct 18 12:57:22.320666 podb-esxi207 dnsmasq[3888391]: read /opt/stack/data/neutron/dhcp/e7d607ec-f056-49b1-88fe-f87586b9b85a/addn_hosts - 4 names
Oct 18 12:57:22.320810 podb-esxi207 dnsmasq-dhcp[3888391]: read /opt/stack/data/neutron/dhcp/e7d607ec-f056-49b1-88fe-f87586b9b85a/host
Oct 18 12:57:22.320908 podb-esxi207 dnsmasq-dhcp[3888391]: read /opt/stack/data/neutron/dhcp/e7d607ec-f056-49b1-88fe-f87586b9b85a/opts
Oct 18 12:57:39.326800 podb-esxi207 dnsmasq[3883847]: read /opt/stack/data/neutron/dhcp/d325f704-bb78-4fd5-ad0a-b9902ce8bad2/addn_hosts - 4 names
Oct 18 12:57:39.326889 podb-esxi207 dnsmasq-dhcp[3883847]: read /opt/stack/data/neutron/dhcp/d325f704-bb78-4fd5-ad0a-b9902ce8bad2/host
Oct 18 12:57:39.326956 podb-esxi207 dnsmasq-dhcp[3883847]: read /opt/stack/data/neutron/dhcp/d325f704-bb78-4fd5-ad0a-b9902ce8bad2/opts
Oct 18 12:57:45.192717 podb-esxi207 dnsmasq-dhcp[3888391]: DHCPDISCOVER(tapb5a024db-db) fa:16:3e:39:64:2d
Oct 18 12:57:45.192744 podb-esxi207 dnsmasq-dhcp[3888391]: DHCPOFFER(tapb5a024db-db) 10.1.0.9 fa:16:3e:39:64:2d
Oct 18 12:57:45.204001 podb-esxi207 dnsmasq-dhcp[3888391]: DHCPREQUEST(tapb5a024db-db) 10.1.0.9 fa:16:3e:39:64:2d
Oct 18 12:57:45.204028 podb-esxi207 dnsmasq-dhcp[3888391]: DHCPACK(tapb5a024db-db) 10.1.0.9 fa:16:3e:39:64:2d host-10-1-0-9
Oct 18 12:58:07.770729 podb-esxi207 dnsmasq-dhcp[3883847]: DHCPDISCOVER(tap7b2a08c8-8f) fa:16:3e:30:0b:9e
Oct 18 12:58:07.770809 podb-esxi207 dnsmasq-dhcp[3883847]: DHCPOFFER(tap7b2a08c8-8f) 10.1.0.6 fa:16:3e:30:0b:9e
Oct 18 12:58:07.781783 podb-esxi207 dnsmasq-dhcp[3883847]: DHCPREQUEST(tap7b2a08c8-8f) 10.1.0.6 fa:16:3e:30:0b:9e
Oct 18 12:58:07.781816 podb-esxi207 dnsmasq-dhcp[3883847]: DHCPACK(tap7b2a08c8-8f) 10.1.0.6 fa:16:3e:30:0b:9e host-10-1-0-6
Oct 18 12:58:47.957215 podb-esxi207 dnsmasq-dhcp[3883847]: DHCPRELEASE(tap7b2a08c8-8f) 10.1.0.6 fa:16:3e:30:0b:9e
Oct 18 12:58:47.975021 podb-esxi207 dnsmasq-dhcp[3883847]: DHCPRELEASE(tap7b2a08c8-8f) 10.1.0.6 fa:16:3e:30:0b:9e unknown lease
Oct 18 12:58:48.801123 podb-esxi207 dnsmasq[3883847]: read /opt/stack/data/neutron/dhcp/d325f704-bb78-4fd5-ad0a-b9902ce8bad2/addn_hosts - 2 names
Oct 18 12:58:48.801238 podb-esxi207 dnsmasq-dhcp[3883847]: read /opt/stack/data/neutron/dhcp/d325f704-bb78-4fd5-ad0a-b9902ce8bad2/host
Oct 18 12:58:48.801357 podb-esxi207 dnsmasq-dhcp[3883847]: read /opt/stack/data/neutron/dhcp/d325f704-bb78-4fd5-ad0a-b9902ce8bad2/opts
Oct 18 12:59:01.663344 podb-esxi207 dnsmasq[3883847]: read /opt/stack/data/neutron/dhcp/d325f704-bb78-4fd5-ad0a-b9902ce8bad2/addn_hosts - 4 names
Oct 18 12:59:01.663428 podb-esxi207 dnsmasq-dhcp[3883847]: read /opt/stack/data/neutron/dhcp/d325f704-bb78-4fd5-ad0a-b9902ce8bad2/host
Oct 18 12:59:01.663547 podb-esxi207 dnsmasq-dhcp[3883847]: read /opt/stack/data/neutron/dhcp/d325f704-bb78-4fd5-ad0a-b9902ce8bad2/opts
Oct 18 12:59:10.459634 podb-esxi207 dnsmasq-dhcp[3888391]: DHCPREQUEST(tapb5a024db-db) 10.1.0.9 fa:16:3e:39:64:2d
Oct 18 12:59:10.459662 podb-esxi207 dnsmasq-dhcp[3888391]: DHCPACK(tapb5a024db-db) 10.1.0.9 fa:16:3e:39:64:2d host-10-1-0-9
Oct 18 12:59:35.142402 podb-esxi207 dnsmasq-dhcp[3883847]: DHCPDISCOVER(tap7b2a08c8-8f) fa:16:3e:70:29:fc
Oct 18 12:59:35.142426 podb-esxi207 dnsmasq-dhcp[3883847]: DHCPOFFER(tap7b2a08c8-8f) 10.1.0.11 fa:16:3e:70:29:fc
Oct 18 12:59:35.150896 podb-esxi207 dnsmasq-dhcp[3883847]: DHCPREQUEST(tap7b2a08c8-8f) 10.1.0.11 fa:16:3e:70:29:fc
Oct 18 12:59:35.150926 podb-esxi207 dnsmasq-dhcp[3883847]: DHCPACK(tap7b2a08c8-8f) 10.1.0.11 fa:16:3e:70:29:fc host-10-1-0-11
Oct 18 12:59:48.557178 podb-esxi207 dnsmasq[3891100]: started, version 2.90 cachesize 150
Oct 18 12:59:48.557208 podb-esxi207 dnsmasq[3891100]: DNS service limited to local subnets
Oct 18 12:59:48.557223 podb-esxi207 dnsmasq[3891100]: compile time options: IPv6 GNU-getopt DBus no-UBus i18n IDN2 DHCP DHCPv6 no-Lua TFTP conntrack ipset no-nftset auth cryptohash DNSSEC loop-detect inotify dumpfile
Oct 18 12:59:48.557259 podb-esxi207 dnsmasq-dhcp[3891100]: DHCP, static leases only on 10.1.0.0, lease time 1d
Oct 18 12:59:48.557417 podb-esxi207 dnsmasq[3891100]: reading /etc/resolv.conf
Oct 18 12:59:48.557434 podb-esxi207 dnsmasq[3891100]: using nameserver 127.0.0.53#53
Oct 18 12:59:48.557524 podb-esxi207 dnsmasq[3891100]: read /opt/stack/data/neutron/dhcp/62b23a5c-bad0-4f92-b029-ba6711612dea/addn_hosts - 0 names
Oct 18 12:59:48.557575 podb-esxi207 dnsmasq-dhcp[3891100]: read /opt/stack/data/neutron/dhcp/62b23a5c-bad0-4f92-b029-ba6711612dea/host
Oct 18 12:59:48.557644 podb-esxi207 dnsmasq-dhcp[3891100]: read /opt/stack/data/neutron/dhcp/62b23a5c-bad0-4f92-b029-ba6711612dea/opts
Oct 18 12:59:50.114472 podb-esxi207 dnsmasq[3891100]: read /opt/stack/data/neutron/dhcp/62b23a5c-bad0-4f92-b029-ba6711612dea/addn_hosts - 2 names
Oct 18 12:59:50.114587 podb-esxi207 dnsmasq-dhcp[3891100]: read /opt/stack/data/neutron/dhcp/62b23a5c-bad0-4f92-b029-ba6711612dea/host
Oct 18 12:59:50.114691 podb-esxi207 dnsmasq-dhcp[3891100]: read /opt/stack/data/neutron/dhcp/62b23a5c-bad0-4f92-b029-ba6711612dea/opts
Oct 18 12:59:51.386373 podb-esxi207 dnsmasq[3891100]: read /opt/stack/data/neutron/dhcp/62b23a5c-bad0-4f92-b029-ba6711612dea/addn_hosts - 2 names
Oct 18 12:59:51.386464 podb-esxi207 dnsmasq-dhcp[3891100]: read /opt/stack/data/neutron/dhcp/62b23a5c-bad0-4f92-b029-ba6711612dea/host
Oct 18 12:59:51.386576 podb-esxi207 dnsmasq-dhcp[3891100]: read /opt/stack/data/neutron/dhcp/62b23a5c-bad0-4f92-b029-ba6711612dea/opts
Oct 18 12:59:52.658319 podb-esxi207 dnsmasq[3891100]: read /opt/stack/data/neutron/dhcp/62b23a5c-bad0-4f92-b029-ba6711612dea/addn_hosts - 2 names
Oct 18 12:59:52.658404 podb-esxi207 dnsmasq-dhcp[3891100]: read /opt/stack/data/neutron/dhcp/62b23a5c-bad0-4f92-b029-ba6711612dea/host
Oct 18 12:59:52.658473 podb-esxi207 dnsmasq-dhcp[3891100]: read /opt/stack/data/neutron/dhcp/62b23a5c-bad0-4f92-b029-ba6711612dea/opts
Oct 18 13:00:46.273728 podb-esxi207 dnsmasq-dhcp[3888391]: DHCPRELEASE(tapb5a024db-db) 10.1.0.9 fa:16:3e:39:64:2d
Oct 18 13:00:46.291344 podb-esxi207 dnsmasq-dhcp[3888391]: DHCPRELEASE(tapb5a024db-db) 10.1.0.9 fa:16:3e:39:64:2d unknown lease
Oct 18 13:00:47.125145 podb-esxi207 dnsmasq[3888391]: read /opt/stack/data/neutron/dhcp/e7d607ec-f056-49b1-88fe-f87586b9b85a/addn_hosts - 2 names
Oct 18 13:00:47.125262 podb-esxi207 dnsmasq-dhcp[3888391]: read /opt/stack/data/neutron/dhcp/e7d607ec-f056-49b1-88fe-f87586b9b85a/host
Oct 18 13:00:47.125386 podb-esxi207 dnsmasq-dhcp[3888391]: read /opt/stack/data/neutron/dhcp/e7d607ec-f056-49b1-88fe-f87586b9b85a/opts
Oct 18 13:01:00.155220 podb-esxi207 dnsmasq[3888391]: read /opt/stack/data/neutron/dhcp/e7d607ec-f056-49b1-88fe-f87586b9b85a/addn_hosts - 4 names
Oct 18 13:01:00.155343 podb-esxi207 dnsmasq-dhcp[3888391]: read /opt/stack/data/neutron/dhcp/e7d607ec-f056-49b1-88fe-f87586b9b85a/host
Oct 18 13:01:00.155469 podb-esxi207 dnsmasq-dhcp[3888391]: read /opt/stack/data/neutron/dhcp/e7d607ec-f056-49b1-88fe-f87586b9b85a/opts
Oct 18 13:01:03.254479 podb-esxi207 dnsmasq[3891100]: read /opt/stack/data/neutron/dhcp/62b23a5c-bad0-4f92-b029-ba6711612dea/addn_hosts - 4 names
Oct 18 13:01:03.254616 podb-esxi207 dnsmasq-dhcp[3891100]: read /opt/stack/data/neutron/dhcp/62b23a5c-bad0-4f92-b029-ba6711612dea/host
Oct 18 13:01:03.254722 podb-esxi207 dnsmasq-dhcp[3891100]: read /opt/stack/data/neutron/dhcp/62b23a5c-bad0-4f92-b029-ba6711612dea/opts
Oct 18 13:01:07.090982 podb-esxi207 dnsmasq[3883847]: read /opt/stack/data/neutron/dhcp/d325f704-bb78-4fd5-ad0a-b9902ce8bad2/addn_hosts - 6 names
Oct 18 13:01:07.091077 podb-esxi207 dnsmasq-dhcp[3883847]: read /opt/stack/data/neutron/dhcp/d325f704-bb78-4fd5-ad0a-b9902ce8bad2/host
Oct 18 13:01:07.091151 podb-esxi207 dnsmasq-dhcp[3883847]: read /opt/stack/data/neutron/dhcp/d325f704-bb78-4fd5-ad0a-b9902ce8bad2/opts
Oct 18 13:01:24.349933 podb-esxi207 dnsmasq-dhcp[3888391]: DHCPDISCOVER(tapb5a024db-db) fa:16:3e:a2:dc:fe
Oct 18 13:01:24.349960 podb-esxi207 dnsmasq-dhcp[3888391]: DHCPOFFER(tapb5a024db-db) 10.1.0.5 fa:16:3e:a2:dc:fe
Oct 18 13:01:24.365070 podb-esxi207 dnsmasq-dhcp[3888391]: DHCPREQUEST(tapb5a024db-db) 10.1.0.5 fa:16:3e:a2:dc:fe
Oct 18 13:01:24.365098 podb-esxi207 dnsmasq-dhcp[3888391]: DHCPACK(tapb5a024db-db) 10.1.0.5 fa:16:3e:a2:dc:fe host-10-1-0-5
Oct 18 13:01:30.004782 podb-esxi207 dnsmasq-dhcp[3891100]: DHCPDISCOVER(tap152ab810-09) fa:16:3e:b4:96:ed
Oct 18 13:01:30.004810 podb-esxi207 dnsmasq-dhcp[3891100]: DHCPOFFER(tap152ab810-09) 10.1.0.4 fa:16:3e:b4:96:ed
Oct 18 13:01:30.015996 podb-esxi207 dnsmasq-dhcp[3891100]: DHCPREQUEST(tap152ab810-09) 10.1.0.4 fa:16:3e:b4:96:ed
Oct 18 13:01:30.016027 podb-esxi207 dnsmasq-dhcp[3891100]: DHCPACK(tap152ab810-09) 10.1.0.4 fa:16:3e:b4:96:ed host-10-1-0-4
Oct 18 13:01:42.075069 podb-esxi207 dnsmasq-dhcp[3883847]: DHCPDISCOVER(tap7b2a08c8-8f) fa:16:3e:84:1d:e6
Oct 18 13:01:42.075100 podb-esxi207 dnsmasq-dhcp[3883847]: DHCPOFFER(tap7b2a08c8-8f) 10.1.0.8 fa:16:3e:84:1d:e6
Oct 18 13:01:42.088569 podb-esxi207 dnsmasq-dhcp[3883847]: DHCPREQUEST(tap7b2a08c8-8f) 10.1.0.8 fa:16:3e:84:1d:e6
Oct 18 13:01:42.088608 podb-esxi207 dnsmasq-dhcp[3883847]: DHCPACK(tap7b2a08c8-8f) 10.1.0.8 fa:16:3e:84:1d:e6 host-10-1-0-8
Oct 18 13:02:24.175348 podb-esxi207 dnsmasq-dhcp[3888391]: DHCPREQUEST(tapb5a024db-db) 10.1.0.5 fa:16:3e:a2:dc:fe
Oct 18 13:02:24.175382 podb-esxi207 dnsmasq-dhcp[3888391]: DHCPACK(tapb5a024db-db) 10.1.0.5 fa:16:3e:a2:dc:fe host-10-1-0-5
Oct 18 13:02:26.438240 podb-esxi207 dnsmasq-dhcp[3883847]: DHCPRELEASE(tap7b2a08c8-8f) 10.1.0.8 fa:16:3e:84:1d:e6
Oct 18 13:02:26.453305 podb-esxi207 dnsmasq-dhcp[3883847]: DHCPRELEASE(tap7b2a08c8-8f) 10.1.0.8 fa:16:3e:84:1d:e6 unknown lease
Oct 18 13:02:27.278998 podb-esxi207 dnsmasq[3883847]: read /opt/stack/data/neutron/dhcp/d325f704-bb78-4fd5-ad0a-b9902ce8bad2/addn_hosts - 4 names
Oct 18 13:02:27.279116 podb-esxi207 dnsmasq-dhcp[3883847]: read /opt/stack/data/neutron/dhcp/d325f704-bb78-4fd5-ad0a-b9902ce8bad2/host
Oct 18 13:02:27.279226 podb-esxi207 dnsmasq-dhcp[3883847]: read /opt/stack/data/neutron/dhcp/d325f704-bb78-4fd5-ad0a-b9902ce8bad2/opts
Oct 18 13:03:37.119878 podb-esxi207 dnsmasq-dhcp[3888391]: DHCPRELEASE(tapb5a024db-db) 10.1.0.5 fa:16:3e:a2:dc:fe
Oct 18 13:03:37.137022 podb-esxi207 dnsmasq-dhcp[3888391]: DHCPRELEASE(tapb5a024db-db) 10.1.0.5 fa:16:3e:a2:dc:fe unknown lease
Oct 18 13:03:37.963078 podb-esxi207 dnsmasq[3888391]: read /opt/stack/data/neutron/dhcp/e7d607ec-f056-49b1-88fe-f87586b9b85a/addn_hosts - 2 names
Oct 18 13:03:37.963160 podb-esxi207 dnsmasq-dhcp[3888391]: read /opt/stack/data/neutron/dhcp/e7d607ec-f056-49b1-88fe-f87586b9b85a/host
Oct 18 13:03:37.963230 podb-esxi207 dnsmasq-dhcp[3888391]: read /opt/stack/data/neutron/dhcp/e7d607ec-f056-49b1-88fe-f87586b9b85a/opts
Oct 18 13:03:43.357574 podb-esxi207 dnsmasq[3888391]: read /opt/stack/data/neutron/dhcp/e7d607ec-f056-49b1-88fe-f87586b9b85a/addn_hosts - 0 names
Oct 18 13:03:43.357662 podb-esxi207 dnsmasq-dhcp[3888391]: read /opt/stack/data/neutron/dhcp/e7d607ec-f056-49b1-88fe-f87586b9b85a/host
Oct 18 13:03:43.357770 podb-esxi207 dnsmasq-dhcp[3888391]: read /opt/stack/data/neutron/dhcp/e7d607ec-f056-49b1-88fe-f87586b9b85a/opts
Oct 18 13:03:44.313928 podb-esxi207 dnsmasq[3888391]: exiting on receipt of SIGTERM
Oct 18 13:03:44.923811 podb-esxi207 dnsmasq-dhcp[3888788]: DHCPRELEASE(tapb21158df-ca) 10.1.0.1 fa:16:3e:a1:4d:fe
Oct 18 13:03:45.747199 podb-esxi207 dnsmasq[3888788]: read /opt/stack/data/neutron/dhcp/ef06dec8-d003-4951-9dcf-73c8db04db49/addn_hosts - 0 names
Oct 18 13:03:45.747276 podb-esxi207 dnsmasq-dhcp[3888788]: read /opt/stack/data/neutron/dhcp/ef06dec8-d003-4951-9dcf-73c8db04db49/host
Oct 18 13:03:45.747331 podb-esxi207 dnsmasq-dhcp[3888788]: read /opt/stack/data/neutron/dhcp/ef06dec8-d003-4951-9dcf-73c8db04db49/opts
Oct 18 13:03:46.002574 podb-esxi207 dnsmasq[3888788]: exiting on receipt of SIGTERM
Oct 18 13:04:08.799188 podb-esxi207 dnsmasq-dhcp[3883847]: DHCPRELEASE(tap7b2a08c8-8f) 10.1.0.11 fa:16:3e:70:29:fc
Oct 18 13:04:08.816968 podb-esxi207 dnsmasq-dhcp[3883847]: DHCPRELEASE(tap7b2a08c8-8f) 10.1.0.11 fa:16:3e:70:29:fc unknown lease
Oct 18 13:04:09.643835 podb-esxi207 dnsmasq[3883847]: read /opt/stack/data/neutron/dhcp/d325f704-bb78-4fd5-ad0a-b9902ce8bad2/addn_hosts - 2 names
Oct 18 13:04:09.643958 podb-esxi207 dnsmasq-dhcp[3883847]: read /opt/stack/data/neutron/dhcp/d325f704-bb78-4fd5-ad0a-b9902ce8bad2/host
Oct 18 13:04:09.644096 podb-esxi207 dnsmasq-dhcp[3883847]: read /opt/stack/data/neutron/dhcp/d325f704-bb78-4fd5-ad0a-b9902ce8bad2/opts
Oct 18 13:04:21.582284 podb-esxi207 dnsmasq[3883847]: read /opt/stack/data/neutron/dhcp/d325f704-bb78-4fd5-ad0a-b9902ce8bad2/addn_hosts - 0 names
Oct 18 13:04:21.582384 podb-esxi207 dnsmasq-dhcp[3883847]: read /opt/stack/data/neutron/dhcp/d325f704-bb78-4fd5-ad0a-b9902ce8bad2/host
Oct 18 13:04:21.582489 podb-esxi207 dnsmasq-dhcp[3883847]: read /opt/stack/data/neutron/dhcp/d325f704-bb78-4fd5-ad0a-b9902ce8bad2/opts
Oct 18 13:04:22.600271 podb-esxi207 dnsmasq[3883847]: exiting on receipt of SIGTERM
Oct 18 13:04:23.706924 podb-esxi207 dnsmasq[3884214]: read /opt/stack/data/neutron/dhcp/007fb01d-aba3-41df-9de6-523c3ee026cc/addn_hosts - 0 names
Oct 18 13:04:23.706972 podb-esxi207 dnsmasq-dhcp[3884214]: read /opt/stack/data/neutron/dhcp/007fb01d-aba3-41df-9de6-523c3ee026cc/host
Oct 18 13:04:23.707008 podb-esxi207 dnsmasq-dhcp[3884214]: read /opt/stack/data/neutron/dhcp/007fb01d-aba3-41df-9de6-523c3ee026cc/opts
Oct 18 13:04:24.649321 podb-esxi207 dnsmasq[3884214]: exiting on receipt of SIGTERM
Oct 18 13:04:44.225063 podb-esxi207 dnsmasq-dhcp[3891100]: DHCPRELEASE(tap152ab810-09) 10.1.0.4 fa:16:3e:b4:96:ed
Oct 18 13:04:44.239974 podb-esxi207 dnsmasq-dhcp[3891100]: DHCPRELEASE(tap152ab810-09) 10.1.0.4 fa:16:3e:b4:96:ed unknown lease
Oct 18 13:04:45.064507 podb-esxi207 dnsmasq[3891100]: read /opt/stack/data/neutron/dhcp/62b23a5c-bad0-4f92-b029-ba6711612dea/addn_hosts - 2 names
Oct 18 13:04:45.064636 podb-esxi207 dnsmasq-dhcp[3891100]: read /opt/stack/data/neutron/dhcp/62b23a5c-bad0-4f92-b029-ba6711612dea/host
Oct 18 13:04:45.064735 podb-esxi207 dnsmasq-dhcp[3891100]: read /opt/stack/data/neutron/dhcp/62b23a5c-bad0-4f92-b029-ba6711612dea/opts
Oct 18 13:05:42.309120 podb-esxi207 dnsmasq[3894904]: started, version 2.90 cachesize 150
Oct 18 13:05:42.309150 podb-esxi207 dnsmasq[3894904]: DNS service limited to local subnets
Oct 18 13:05:42.309164 podb-esxi207 dnsmasq[3894904]: compile time options: IPv6 GNU-getopt DBus no-UBus i18n IDN2 DHCP DHCPv6 no-Lua TFTP conntrack ipset no-nftset auth cryptohash DNSSEC loop-detect inotify dumpfile
Oct 18 13:05:42.309205 podb-esxi207 dnsmasq-dhcp[3894904]: DHCP, static leases only on 10.1.0.0, lease time 1d
Oct 18 13:05:42.309362 podb-esxi207 dnsmasq[3894904]: reading /etc/resolv.conf
Oct 18 13:05:42.309379 podb-esxi207 dnsmasq[3894904]: using nameserver 127.0.0.53#53
Oct 18 13:05:42.309475 podb-esxi207 dnsmasq[3894904]: read /opt/stack/data/neutron/dhcp/456e7a75-1d4e-43a0-af1d-5c6de8f86e52/addn_hosts - 0 names
Oct 18 13:05:42.309527 podb-esxi207 dnsmasq-dhcp[3894904]: read /opt/stack/data/neutron/dhcp/456e7a75-1d4e-43a0-af1d-5c6de8f86e52/host
Oct 18 13:05:42.309588 podb-esxi207 dnsmasq-dhcp[3894904]: read /opt/stack/data/neutron/dhcp/456e7a75-1d4e-43a0-af1d-5c6de8f86e52/opts
Oct 18 13:05:45.482250 podb-esxi207 dnsmasq[3895141]: started, version 2.90 cachesize 150
Oct 18 13:05:45.482278 podb-esxi207 dnsmasq[3895141]: DNS service limited to local subnets
Oct 18 13:05:45.482293 podb-esxi207 dnsmasq[3895141]: compile time options: IPv6 GNU-getopt DBus no-UBus i18n IDN2 DHCP DHCPv6 no-Lua TFTP conntrack ipset no-nftset auth cryptohash DNSSEC loop-detect inotify dumpfile
Oct 18 13:05:45.482329 podb-esxi207 dnsmasq-dhcp[3895141]: DHCP, static leases only on 10.1.0.0, lease time 1d
Oct 18 13:05:45.482484 podb-esxi207 dnsmasq[3895141]: reading /etc/resolv.conf
Oct 18 13:05:45.482501 podb-esxi207 dnsmasq[3895141]: using nameserver 127.0.0.53#53
Oct 18 13:05:45.482590 podb-esxi207 dnsmasq[3895141]: read /opt/stack/data/neutron/dhcp/974c323d-a6fd-4849-a815-90a8d4a95bcb/addn_hosts - 0 names
Oct 18 13:05:45.482641 podb-esxi207 dnsmasq-dhcp[3895141]: read /opt/stack/data/neutron/dhcp/974c323d-a6fd-4849-a815-90a8d4a95bcb/host
Oct 18 13:05:45.482699 podb-esxi207 dnsmasq-dhcp[3895141]: read /opt/stack/data/neutron/dhcp/974c323d-a6fd-4849-a815-90a8d4a95bcb/opts
Oct 18 13:05:46.520735 podb-esxi207 dnsmasq[3894904]: read /opt/stack/data/neutron/dhcp/456e7a75-1d4e-43a0-af1d-5c6de8f86e52/addn_hosts - 2 names
Oct 18 13:05:46.520845 podb-esxi207 dnsmasq-dhcp[3894904]: read /opt/stack/data/neutron/dhcp/456e7a75-1d4e-43a0-af1d-5c6de8f86e52/host
Oct 18 13:05:46.520951 podb-esxi207 dnsmasq-dhcp[3894904]: read /opt/stack/data/neutron/dhcp/456e7a75-1d4e-43a0-af1d-5c6de8f86e52/opts
Oct 18 13:05:48.286019 podb-esxi207 dnsmasq[3895141]: read /opt/stack/data/neutron/dhcp/974c323d-a6fd-4849-a815-90a8d4a95bcb/addn_hosts - 2 names
Oct 18 13:05:48.286146 podb-esxi207 dnsmasq-dhcp[3895141]: read /opt/stack/data/neutron/dhcp/974c323d-a6fd-4849-a815-90a8d4a95bcb/host
Oct 18 13:05:48.286255 podb-esxi207 dnsmasq-dhcp[3895141]: read /opt/stack/data/neutron/dhcp/974c323d-a6fd-4849-a815-90a8d4a95bcb/opts
Oct 18 13:05:49.045068 podb-esxi207 dnsmasq[3894904]: read /opt/stack/data/neutron/dhcp/456e7a75-1d4e-43a0-af1d-5c6de8f86e52/addn_hosts - 2 names
Oct 18 13:05:49.045176 podb-esxi207 dnsmasq-dhcp[3894904]: read /opt/stack/data/neutron/dhcp/456e7a75-1d4e-43a0-af1d-5c6de8f86e52/host
Oct 18 13:05:49.045289 podb-esxi207 dnsmasq-dhcp[3894904]: read /opt/stack/data/neutron/dhcp/456e7a75-1d4e-43a0-af1d-5c6de8f86e52/opts
Oct 18 13:05:50.313514 podb-esxi207 dnsmasq[3895141]: read /opt/stack/data/neutron/dhcp/974c323d-a6fd-4849-a815-90a8d4a95bcb/addn_hosts - 2 names
Oct 18 13:05:50.313628 podb-esxi207 dnsmasq-dhcp[3895141]: read /opt/stack/data/neutron/dhcp/974c323d-a6fd-4849-a815-90a8d4a95bcb/host
Oct 18 13:05:50.313737 podb-esxi207 dnsmasq-dhcp[3895141]: read /opt/stack/data/neutron/dhcp/974c323d-a6fd-4849-a815-90a8d4a95bcb/opts
Oct 18 13:05:51.061941 podb-esxi207 dnsmasq[3894904]: read /opt/stack/data/neutron/dhcp/456e7a75-1d4e-43a0-af1d-5c6de8f86e52/addn_hosts - 2 names
Oct 18 13:05:51.062053 podb-esxi207 dnsmasq-dhcp[3894904]: read /opt/stack/data/neutron/dhcp/456e7a75-1d4e-43a0-af1d-5c6de8f86e52/host
Oct 18 13:05:51.062166 podb-esxi207 dnsmasq-dhcp[3894904]: read /opt/stack/data/neutron/dhcp/456e7a75-1d4e-43a0-af1d-5c6de8f86e52/opts
Oct 18 13:05:52.312049 podb-esxi207 dnsmasq[3895141]: read /opt/stack/data/neutron/dhcp/974c323d-a6fd-4849-a815-90a8d4a95bcb/addn_hosts - 2 names
Oct 18 13:05:52.312167 podb-esxi207 dnsmasq-dhcp[3895141]: read /opt/stack/data/neutron/dhcp/974c323d-a6fd-4849-a815-90a8d4a95bcb/host
Oct 18 13:05:52.312282 podb-esxi207 dnsmasq-dhcp[3895141]: read /opt/stack/data/neutron/dhcp/974c323d-a6fd-4849-a815-90a8d4a95bcb/opts
Oct 18 13:07:50.629222 podb-esxi207 dnsmasq[3894904]: read /opt/stack/data/neutron/dhcp/456e7a75-1d4e-43a0-af1d-5c6de8f86e52/addn_hosts - 0 names
Oct 18 13:07:50.629288 podb-esxi207 dnsmasq-dhcp[3894904]: read /opt/stack/data/neutron/dhcp/456e7a75-1d4e-43a0-af1d-5c6de8f86e52/host
Oct 18 13:07:50.629341 podb-esxi207 dnsmasq-dhcp[3894904]: read /opt/stack/data/neutron/dhcp/456e7a75-1d4e-43a0-af1d-5c6de8f86e52/opts
Oct 18 13:07:51.645878 podb-esxi207 dnsmasq[3894904]: exiting on receipt of SIGTERM
Oct 18 13:07:52.753483 podb-esxi207 dnsmasq[3895141]: read /opt/stack/data/neutron/dhcp/974c323d-a6fd-4849-a815-90a8d4a95bcb/addn_hosts - 0 names
Oct 18 13:07:52.753560 podb-esxi207 dnsmasq-dhcp[3895141]: read /opt/stack/data/neutron/dhcp/974c323d-a6fd-4849-a815-90a8d4a95bcb/host
Oct 18 13:07:52.753657 podb-esxi207 dnsmasq-dhcp[3895141]: read /opt/stack/data/neutron/dhcp/974c323d-a6fd-4849-a815-90a8d4a95bcb/opts
Oct 18 13:07:53.778435 podb-esxi207 dnsmasq[3895141]: exiting on receipt of SIGTERM
Oct 18 13:08:25.240173 podb-esxi207 dnsmasq[3891100]: read /opt/stack/data/neutron/dhcp/62b23a5c-bad0-4f92-b029-ba6711612dea/addn_hosts - 0 names
Oct 18 13:08:25.240310 podb-esxi207 dnsmasq-dhcp[3891100]: read /opt/stack/data/neutron/dhcp/62b23a5c-bad0-4f92-b029-ba6711612dea/host
Oct 18 13:08:25.240409 podb-esxi207 dnsmasq-dhcp[3891100]: read /opt/stack/data/neutron/dhcp/62b23a5c-bad0-4f92-b029-ba6711612dea/opts
Oct 18 13:08:26.342471 podb-esxi207 dnsmasq[3891100]: exiting on receipt of SIGTERM
Oct 18 13:08:30.498409 podb-esxi207 dnsmasq[3897025]: started, version 2.90 cachesize 150
Oct 18 13:08:30.498437 podb-esxi207 dnsmasq[3897025]: DNS service limited to local subnets
Oct 18 13:08:30.498453 podb-esxi207 dnsmasq[3897025]: compile time options: IPv6 GNU-getopt DBus no-UBus i18n IDN2 DHCP DHCPv6 no-Lua TFTP conntrack ipset no-nftset auth cryptohash DNSSEC loop-detect inotify dumpfile
Oct 18 13:08:30.498489 podb-esxi207 dnsmasq-dhcp[3897025]: DHCP, static leases only on 10.1.0.0, lease time 1d
Oct 18 13:08:30.498642 podb-esxi207 dnsmasq[3897025]: reading /etc/resolv.conf
Oct 18 13:08:30.498659 podb-esxi207 dnsmasq[3897025]: using nameserver 127.0.0.53#53
Oct 18 13:08:30.498773 podb-esxi207 dnsmasq[3897025]: read /opt/stack/data/neutron/dhcp/92be1020-1b2e-41a5-8b28-ae2adac7d65a/addn_hosts - 0 names
Oct 18 13:08:30.498829 podb-esxi207 dnsmasq-dhcp[3897025]: read /opt/stack/data/neutron/dhcp/92be1020-1b2e-41a5-8b28-ae2adac7d65a/host
Oct 18 13:08:30.498888 podb-esxi207 dnsmasq-dhcp[3897025]: read /opt/stack/data/neutron/dhcp/92be1020-1b2e-41a5-8b28-ae2adac7d65a/opts
Oct 18 13:08:32.047186 podb-esxi207 dnsmasq[3897025]: read /opt/stack/data/neutron/dhcp/92be1020-1b2e-41a5-8b28-ae2adac7d65a/addn_hosts - 2 names
Oct 18 13:08:32.047310 podb-esxi207 dnsmasq-dhcp[3897025]: read /opt/stack/data/neutron/dhcp/92be1020-1b2e-41a5-8b28-ae2adac7d65a/host
Oct 18 13:08:32.047423 podb-esxi207 dnsmasq-dhcp[3897025]: read /opt/stack/data/neutron/dhcp/92be1020-1b2e-41a5-8b28-ae2adac7d65a/opts
Oct 18 13:08:34.954899 podb-esxi207 dnsmasq[3897309]: started, version 2.90 cachesize 150
Oct 18 13:08:34.954928 podb-esxi207 dnsmasq[3897309]: DNS service limited to local subnets
Oct 18 13:08:34.954942 podb-esxi207 dnsmasq[3897309]: compile time options: IPv6 GNU-getopt DBus no-UBus i18n IDN2 DHCP DHCPv6 no-Lua TFTP conntrack ipset no-nftset auth cryptohash DNSSEC loop-detect inotify dumpfile
Oct 18 13:08:34.954983 podb-esxi207 dnsmasq-dhcp[3897309]: DHCP, static leases only on 10.1.0.0, lease time 1d
Oct 18 13:08:34.955140 podb-esxi207 dnsmasq[3897309]: reading /etc/resolv.conf
Oct 18 13:08:34.955157 podb-esxi207 dnsmasq[3897309]: using nameserver 127.0.0.53#53
Oct 18 13:08:34.955246 podb-esxi207 dnsmasq[3897309]: read /opt/stack/data/neutron/dhcp/85b3fe5b-d4c3-40b5-8dad-ae9219dc55bb/addn_hosts - 0 names
Oct 18 13:08:34.955298 podb-esxi207 dnsmasq-dhcp[3897309]: read /opt/stack/data/neutron/dhcp/85b3fe5b-d4c3-40b5-8dad-ae9219dc55bb/host
Oct 18 13:08:34.955361 podb-esxi207 dnsmasq-dhcp[3897309]: read /opt/stack/data/neutron/dhcp/85b3fe5b-d4c3-40b5-8dad-ae9219dc55bb/opts
Oct 18 13:08:36.007727 podb-esxi207 dnsmasq[3897025]: read /opt/stack/data/neutron/dhcp/92be1020-1b2e-41a5-8b28-ae2adac7d65a/addn_hosts - 2 names
Oct 18 13:08:36.007849 podb-esxi207 dnsmasq-dhcp[3897025]: read /opt/stack/data/neutron/dhcp/92be1020-1b2e-41a5-8b28-ae2adac7d65a/host
Oct 18 13:08:36.007957 podb-esxi207 dnsmasq-dhcp[3897025]: read /opt/stack/data/neutron/dhcp/92be1020-1b2e-41a5-8b28-ae2adac7d65a/opts
Oct 18 13:08:37.266641 podb-esxi207 dnsmasq[3897309]: read /opt/stack/data/neutron/dhcp/85b3fe5b-d4c3-40b5-8dad-ae9219dc55bb/addn_hosts - 2 names
