Oct 18 12:34:08.397968 podb-esxi207 dnsmasq[3863571]: read /opt/stack/data/neutron/dhcp/d72561b2-308f-40c0-b46a-533c0bb9cc30/addn_hosts - 6 names
Oct 18 12:34:08.398126 podb-esxi207 dnsmasq-dhcp[3863571]: read /opt/stack/data/neutron/dhcp/d72561b2-308f-40c0-b46a-533c0bb9cc30/host
Oct 18 12:34:08.398237 podb-esxi207 dnsmasq-dhcp[3863571]: read /opt/stack/data/neutron/dhcp/d72561b2-308f-40c0-b46a-533c0bb9cc30/opts
Oct 18 12:34:11.833649 podb-esxi207 dnsmasq[3868215]: started, version 2.90 cachesize 150
Oct 18 12:34:11.833675 podb-esxi207 dnsmasq[3868215]: DNS service limited to local subnets
Oct 18 12:34:11.833692 podb-esxi207 dnsmasq[3868215]: compile time options: IPv6 GNU-getopt DBus no-UBus i18n IDN2 DHCP DHCPv6 no-Lua TFTP conntrack ipset no-nftset auth cryptohash DNSSEC loop-detect inotify dumpfile
Oct 18 12:34:11.833728 podb-esxi207 dnsmasq-dhcp[3868215]: DHCP, static leases only on 10.1.0.0, lease time 1d
Oct 18 12:34:11.833888 podb-esxi207 dnsmasq[3868215]: reading /etc/resolv.conf
Oct 18 12:34:11.833905 podb-esxi207 dnsmasq[3868215]: using nameserver 127.0.0.53#53
Oct 18 12:34:11.834029 podb-esxi207 dnsmasq[3868215]: read /opt/stack/data/neutron/dhcp/5286b440-2359-49f4-8415-5551f364d228/addn_hosts - 2 names
Oct 18 12:34:11.834088 podb-esxi207 dnsmasq-dhcp[3868215]: read /opt/stack/data/neutron/dhcp/5286b440-2359-49f4-8415-5551f364d228/host
Oct 18 12:34:11.834158 podb-esxi207 dnsmasq-dhcp[3868215]: read /opt/stack/data/neutron/dhcp/5286b440-2359-49f4-8415-5551f364d228/opts
Oct 18 12:34:12.873269 podb-esxi207 dnsmasq[3867704]: read /opt/stack/data/neutron/dhcp/b4dc90fb-cc86-4fb4-a853-4569caa49b53/addn_hosts - 4 names
Oct 18 12:34:12.873363 podb-esxi207 dnsmasq-dhcp[3867704]: read /opt/stack/data/neutron/dhcp/b4dc90fb-cc86-4fb4-a853-4569caa49b53/host
Oct 18 12:34:12.873439 podb-esxi207 dnsmasq-dhcp[3867704]: read /opt/stack/data/neutron/dhcp/b4dc90fb-cc86-4fb4-a853-4569caa49b53/opts
Oct 18 12:34:14.117762 podb-esxi207 dnsmasq[3868215]: read /opt/stack/data/neutron/dhcp/5286b440-2359-49f4-8415-5551f364d228/addn_hosts - 2 names
Oct 18 12:34:14.117865 podb-esxi207 dnsmasq-dhcp[3868215]: read /opt/stack/data/neutron/dhcp/5286b440-2359-49f4-8415-5551f364d228/host
Oct 18 12:34:14.117968 podb-esxi207 dnsmasq-dhcp[3868215]: read /opt/stack/data/neutron/dhcp/5286b440-2359-49f4-8415-5551f364d228/opts
Oct 18 12:34:15.356171 podb-esxi207 dnsmasq[3863571]: read /opt/stack/data/neutron/dhcp/d72561b2-308f-40c0-b46a-533c0bb9cc30/addn_hosts - 4 names
Oct 18 12:34:15.356300 podb-esxi207 dnsmasq-dhcp[3863571]: read /opt/stack/data/neutron/dhcp/d72561b2-308f-40c0-b46a-533c0bb9cc30/host
Oct 18 12:34:15.356417 podb-esxi207 dnsmasq-dhcp[3863571]: read /opt/stack/data/neutron/dhcp/d72561b2-308f-40c0-b46a-533c0bb9cc30/opts
Oct 18 12:34:16.090717 podb-esxi207 dnsmasq[3868215]: read /opt/stack/data/neutron/dhcp/5286b440-2359-49f4-8415-5551f364d228/addn_hosts - 2 names
Oct 18 12:34:16.090832 podb-esxi207 dnsmasq-dhcp[3868215]: read /opt/stack/data/neutron/dhcp/5286b440-2359-49f4-8415-5551f364d228/host
Oct 18 12:34:16.090902 podb-esxi207 dnsmasq-dhcp[3868215]: read /opt/stack/data/neutron/dhcp/5286b440-2359-49f4-8415-5551f364d228/opts
Oct 18 12:34:17.330890 podb-esxi207 dnsmasq[3868215]: read /opt/stack/data/neutron/dhcp/5286b440-2359-49f4-8415-5551f364d228/addn_hosts - 2 names
Oct 18 12:34:17.330993 podb-esxi207 dnsmasq-dhcp[3868215]: read /opt/stack/data/neutron/dhcp/5286b440-2359-49f4-8415-5551f364d228/host
Oct 18 12:34:17.331098 podb-esxi207 dnsmasq-dhcp[3868215]: read /opt/stack/data/neutron/dhcp/5286b440-2359-49f4-8415-5551f364d228/opts
Oct 18 12:34:18.572185 podb-esxi207 dnsmasq[3868215]: read /opt/stack/data/neutron/dhcp/5286b440-2359-49f4-8415-5551f364d228/addn_hosts - 4 names
Oct 18 12:34:18.572316 podb-esxi207 dnsmasq-dhcp[3868215]: read /opt/stack/data/neutron/dhcp/5286b440-2359-49f4-8415-5551f364d228/host
Oct 18 12:34:18.572423 podb-esxi207 dnsmasq-dhcp[3868215]: read /opt/stack/data/neutron/dhcp/5286b440-2359-49f4-8415-5551f364d228/opts
Oct 18 12:34:19.827212 podb-esxi207 dnsmasq[3868215]: read /opt/stack/data/neutron/dhcp/5286b440-2359-49f4-8415-5551f364d228/addn_hosts - 6 names
Oct 18 12:34:19.827320 podb-esxi207 dnsmasq-dhcp[3868215]: read /opt/stack/data/neutron/dhcp/5286b440-2359-49f4-8415-5551f364d228/host
Oct 18 12:34:19.827412 podb-esxi207 dnsmasq-dhcp[3868215]: read /opt/stack/data/neutron/dhcp/5286b440-2359-49f4-8415-5551f364d228/opts
Oct 18 12:34:23.755908 podb-esxi207 dnsmasq-dhcp[3863571]: DHCPRELEASE(tapeb7b9d89-24) 10.1.0.11 fa:16:3e:ea:d9:0b
Oct 18 12:34:23.773640 podb-esxi207 dnsmasq-dhcp[3863571]: DHCPRELEASE(tapeb7b9d89-24) 10.1.0.11 fa:16:3e:ea:d9:0b unknown lease
Oct 18 12:34:24.598701 podb-esxi207 dnsmasq[3863571]: read /opt/stack/data/neutron/dhcp/d72561b2-308f-40c0-b46a-533c0bb9cc30/addn_hosts - 2 names
Oct 18 12:34:24.598918 podb-esxi207 dnsmasq-dhcp[3863571]: read /opt/stack/data/neutron/dhcp/d72561b2-308f-40c0-b46a-533c0bb9cc30/host
Oct 18 12:34:24.599030 podb-esxi207 dnsmasq-dhcp[3863571]: read /opt/stack/data/neutron/dhcp/d72561b2-308f-40c0-b46a-533c0bb9cc30/opts
Oct 18 12:34:28.974907 podb-esxi207 dnsmasq[3863571]: read /opt/stack/data/neutron/dhcp/d72561b2-308f-40c0-b46a-533c0bb9cc30/addn_hosts - 0 names
Oct 18 12:34:28.974978 podb-esxi207 dnsmasq-dhcp[3863571]: read /opt/stack/data/neutron/dhcp/d72561b2-308f-40c0-b46a-533c0bb9cc30/host
Oct 18 12:34:28.975075 podb-esxi207 dnsmasq-dhcp[3863571]: read /opt/stack/data/neutron/dhcp/d72561b2-308f-40c0-b46a-533c0bb9cc30/opts
Oct 18 12:34:29.895318 podb-esxi207 dnsmasq[3863571]: exiting on receipt of SIGTERM
Oct 18 12:34:33.613761 podb-esxi207 dnsmasq[3868973]: started, version 2.90 cachesize 150
Oct 18 12:34:33.613784 podb-esxi207 dnsmasq[3868973]: DNS service limited to local subnets
Oct 18 12:34:33.613799 podb-esxi207 dnsmasq[3868973]: compile time options: IPv6 GNU-getopt DBus no-UBus i18n IDN2 DHCP DHCPv6 no-Lua TFTP conntrack ipset no-nftset auth cryptohash DNSSEC loop-detect inotify dumpfile
Oct 18 12:34:33.613841 podb-esxi207 dnsmasq-dhcp[3868973]: DHCP, static leases only on 10.1.0.0, lease time 1d
Oct 18 12:34:33.613986 podb-esxi207 dnsmasq[3868973]: reading /etc/resolv.conf
Oct 18 12:34:33.614003 podb-esxi207 dnsmasq[3868973]: using nameserver 127.0.0.53#53
Oct 18 12:34:33.614219 podb-esxi207 dnsmasq[3868973]: read /opt/stack/data/neutron/dhcp/57141b21-764f-4313-8ebf-3972b8d809e3/addn_hosts - 0 names
Oct 18 12:34:33.614267 podb-esxi207 dnsmasq-dhcp[3868973]: read /opt/stack/data/neutron/dhcp/57141b21-764f-4313-8ebf-3972b8d809e3/host
Oct 18 12:34:33.614323 podb-esxi207 dnsmasq-dhcp[3868973]: read /opt/stack/data/neutron/dhcp/57141b21-764f-4313-8ebf-3972b8d809e3/opts
Oct 18 12:34:33.835386 podb-esxi207 dnsmasq-dhcp[3867704]: DHCPDISCOVER(tapc9a152d8-a4) fa:16:3e:b9:7f:22
Oct 18 12:34:33.835413 podb-esxi207 dnsmasq-dhcp[3867704]: DHCPOFFER(tapc9a152d8-a4) 10.1.0.14 fa:16:3e:b9:7f:22
Oct 18 12:34:33.847507 podb-esxi207 dnsmasq-dhcp[3867704]: DHCPREQUEST(tapc9a152d8-a4) 10.1.0.14 fa:16:3e:b9:7f:22
Oct 18 12:34:33.847548 podb-esxi207 dnsmasq-dhcp[3867704]: DHCPACK(tapc9a152d8-a4) 10.1.0.14 fa:16:3e:b9:7f:22 host-10-1-0-14
Oct 18 12:34:35.155826 podb-esxi207 dnsmasq[3868973]: read /opt/stack/data/neutron/dhcp/57141b21-764f-4313-8ebf-3972b8d809e3/addn_hosts - 2 names
Oct 18 12:34:35.155895 podb-esxi207 dnsmasq-dhcp[3868973]: read /opt/stack/data/neutron/dhcp/57141b21-764f-4313-8ebf-3972b8d809e3/host
Oct 18 12:34:35.155964 podb-esxi207 dnsmasq-dhcp[3868973]: read /opt/stack/data/neutron/dhcp/57141b21-764f-4313-8ebf-3972b8d809e3/opts
Oct 18 12:34:36.387828 podb-esxi207 dnsmasq[3868973]: read /opt/stack/data/neutron/dhcp/57141b21-764f-4313-8ebf-3972b8d809e3/addn_hosts - 2 names
Oct 18 12:34:36.387902 podb-esxi207 dnsmasq-dhcp[3868973]: read /opt/stack/data/neutron/dhcp/57141b21-764f-4313-8ebf-3972b8d809e3/host
Oct 18 12:34:36.387970 podb-esxi207 dnsmasq-dhcp[3868973]: read /opt/stack/data/neutron/dhcp/57141b21-764f-4313-8ebf-3972b8d809e3/opts
Oct 18 12:34:37.630731 podb-esxi207 dnsmasq[3868973]: read /opt/stack/data/neutron/dhcp/57141b21-764f-4313-8ebf-3972b8d809e3/addn_hosts - 2 names
Oct 18 12:34:37.630831 podb-esxi207 dnsmasq-dhcp[3868973]: read /opt/stack/data/neutron/dhcp/57141b21-764f-4313-8ebf-3972b8d809e3/host
Oct 18 12:34:37.630936 podb-esxi207 dnsmasq-dhcp[3868973]: read /opt/stack/data/neutron/dhcp/57141b21-764f-4313-8ebf-3972b8d809e3/opts
Oct 18 12:34:38.482723 podb-esxi207 dnsmasq-dhcp[3868215]: DHCPDISCOVER(tap0a50b81a-00) fa:16:3e:05:4b:94
Oct 18 12:34:38.482736 podb-esxi207 dnsmasq-dhcp[3868215]: DHCPOFFER(tap0a50b81a-00) 10.1.0.9 fa:16:3e:05:4b:94
Oct 18 12:34:38.493644 podb-esxi207 dnsmasq-dhcp[3868215]: DHCPREQUEST(tap0a50b81a-00) 10.1.0.9 fa:16:3e:05:4b:94
Oct 18 12:34:38.493659 podb-esxi207 dnsmasq-dhcp[3868215]: DHCPACK(tap0a50b81a-00) 10.1.0.9 fa:16:3e:05:4b:94 host-10-1-0-9
Oct 18 12:34:38.915945 podb-esxi207 dnsmasq[3868973]: read /opt/stack/data/neutron/dhcp/57141b21-764f-4313-8ebf-3972b8d809e3/addn_hosts - 4 names
Oct 18 12:34:38.916081 podb-esxi207 dnsmasq-dhcp[3868973]: read /opt/stack/data/neutron/dhcp/57141b21-764f-4313-8ebf-3972b8d809e3/host
Oct 18 12:34:38.916189 podb-esxi207 dnsmasq-dhcp[3868973]: read /opt/stack/data/neutron/dhcp/57141b21-764f-4313-8ebf-3972b8d809e3/opts
Oct 18 12:34:53.401996 podb-esxi207 dnsmasq[3868973]: read /opt/stack/data/neutron/dhcp/57141b21-764f-4313-8ebf-3972b8d809e3/addn_hosts - 6 names
Oct 18 12:34:53.402101 podb-esxi207 dnsmasq-dhcp[3868973]: read /opt/stack/data/neutron/dhcp/57141b21-764f-4313-8ebf-3972b8d809e3/host
Oct 18 12:34:53.402210 podb-esxi207 dnsmasq-dhcp[3868973]: read /opt/stack/data/neutron/dhcp/57141b21-764f-4313-8ebf-3972b8d809e3/opts
Oct 18 12:34:57.475603 podb-esxi207 dnsmasq-dhcp[3868215]: DHCPDISCOVER(tap0a50b81a-00) fa:16:3e:9d:ae:0d
Oct 18 12:34:57.475619 podb-esxi207 dnsmasq-dhcp[3868215]: DHCPOFFER(tap0a50b81a-00) 10.1.0.6 fa:16:3e:9d:ae:0d
Oct 18 12:34:57.485656 podb-esxi207 dnsmasq-dhcp[3868215]: DHCPREQUEST(tap0a50b81a-00) 10.1.0.6 fa:16:3e:9d:ae:0d
Oct 18 12:34:57.485686 podb-esxi207 dnsmasq-dhcp[3868215]: DHCPACK(tap0a50b81a-00) 10.1.0.6 fa:16:3e:9d:ae:0d host-10-1-0-6
Oct 18 12:35:01.649282 podb-esxi207 dnsmasq-dhcp[3868973]: DHCPDISCOVER(tap98836769-cf) fa:16:3e:3b:2b:b6
Oct 18 12:35:01.649327 podb-esxi207 dnsmasq-dhcp[3868973]: DHCPOFFER(tap98836769-cf) 10.1.0.8 fa:16:3e:3b:2b:b6
Oct 18 12:35:01.663473 podb-esxi207 dnsmasq-dhcp[3868973]: DHCPREQUEST(tap98836769-cf) 10.1.0.8 fa:16:3e:3b:2b:b6
Oct 18 12:35:01.663502 podb-esxi207 dnsmasq-dhcp[3868973]: DHCPACK(tap98836769-cf) 10.1.0.8 fa:16:3e:3b:2b:b6 host-10-1-0-8
Oct 18 12:35:05.394884 podb-esxi207 dnsmasq[3868973]: read /opt/stack/data/neutron/dhcp/57141b21-764f-4313-8ebf-3972b8d809e3/addn_hosts - 4 names
Oct 18 12:35:05.394977 podb-esxi207 dnsmasq-dhcp[3868973]: read /opt/stack/data/neutron/dhcp/57141b21-764f-4313-8ebf-3972b8d809e3/host
Oct 18 12:35:05.395082 podb-esxi207 dnsmasq-dhcp[3868973]: read /opt/stack/data/neutron/dhcp/57141b21-764f-4313-8ebf-3972b8d809e3/opts
Oct 18 12:35:09.087919 podb-esxi207 dnsmasq[3868215]: read /opt/stack/data/neutron/dhcp/5286b440-2359-49f4-8415-5551f364d228/addn_hosts - 8 names
Oct 18 12:35:09.088012 podb-esxi207 dnsmasq-dhcp[3868215]: read /opt/stack/data/neutron/dhcp/5286b440-2359-49f4-8415-5551f364d228/host
Oct 18 12:35:09.088094 podb-esxi207 dnsmasq-dhcp[3868215]: read /opt/stack/data/neutron/dhcp/5286b440-2359-49f4-8415-5551f364d228/opts
Oct 18 12:35:10.465904 podb-esxi207 dnsmasq-dhcp[3868215]: DHCPDISCOVER(tap0a50b81a-00) fa:16:3e:05:4b:94
Oct 18 12:35:10.465929 podb-esxi207 dnsmasq-dhcp[3868215]: DHCPOFFER(tap0a50b81a-00) 10.1.0.9 fa:16:3e:05:4b:94
Oct 18 12:35:10.475436 podb-esxi207 dnsmasq-dhcp[3868215]: DHCPREQUEST(tap0a50b81a-00) 10.1.0.9 fa:16:3e:05:4b:94
Oct 18 12:35:10.475460 podb-esxi207 dnsmasq-dhcp[3868215]: DHCPACK(tap0a50b81a-00) 10.1.0.9 fa:16:3e:05:4b:94 host-10-1-0-9
Oct 18 12:35:29.792371 podb-esxi207 dnsmasq-dhcp[3868973]: DHCPRELEASE(tap98836769-cf) 10.1.0.8 fa:16:3e:3b:2b:b6
Oct 18 12:35:29.816020 podb-esxi207 dnsmasq-dhcp[3868973]: DHCPRELEASE(tap98836769-cf) 10.1.0.8 fa:16:3e:3b:2b:b6 unknown lease
Oct 18 12:35:30.643208 podb-esxi207 dnsmasq[3868973]: read /opt/stack/data/neutron/dhcp/57141b21-764f-4313-8ebf-3972b8d809e3/addn_hosts - 2 names
Oct 18 12:35:30.643306 podb-esxi207 dnsmasq-dhcp[3868973]: read /opt/stack/data/neutron/dhcp/57141b21-764f-4313-8ebf-3972b8d809e3/host
Oct 18 12:35:30.643413 podb-esxi207 dnsmasq-dhcp[3868973]: read /opt/stack/data/neutron/dhcp/57141b21-764f-4313-8ebf-3972b8d809e3/opts
Oct 18 12:35:31.086310 podb-esxi207 dnsmasq-dhcp[3868215]: DHCPDISCOVER(tap0a50b81a-00) fa:16:3e:e0:3c:8e
Oct 18 12:35:31.086339 podb-esxi207 dnsmasq-dhcp[3868215]: DHCPOFFER(tap0a50b81a-00) 10.1.0.5 fa:16:3e:e0:3c:8e
Oct 18 12:35:31.097070 podb-esxi207 dnsmasq-dhcp[3868215]: DHCPREQUEST(tap0a50b81a-00) 10.1.0.5 fa:16:3e:e0:3c:8e
Oct 18 12:35:31.097102 podb-esxi207 dnsmasq-dhcp[3868215]: DHCPACK(tap0a50b81a-00) 10.1.0.5 fa:16:3e:e0:3c:8e host-10-1-0-5
Oct 18 12:35:35.066955 podb-esxi207 dnsmasq[3868973]: read /opt/stack/data/neutron/dhcp/57141b21-764f-4313-8ebf-3972b8d809e3/addn_hosts - 0 names
Oct 18 12:35:35.067040 podb-esxi207 dnsmasq-dhcp[3868973]: read /opt/stack/data/neutron/dhcp/57141b21-764f-4313-8ebf-3972b8d809e3/host
Oct 18 12:35:35.067091 podb-esxi207 dnsmasq-dhcp[3868973]: read /opt/stack/data/neutron/dhcp/57141b21-764f-4313-8ebf-3972b8d809e3/opts
Oct 18 12:35:36.106057 podb-esxi207 dnsmasq[3868973]: exiting on receipt of SIGTERM
Oct 18 12:35:42.329077 podb-esxi207 dnsmasq-dhcp[3859237]: DHCPRELEASE(tap23545ae4-49) 10.1.0.12 fa:16:3e:6f:9d:d4
Oct 18 12:35:42.343291 podb-esxi207 dnsmasq-dhcp[3859237]: DHCPRELEASE(tap23545ae4-49) 10.1.0.12 fa:16:3e:6f:9d:d4 unknown lease
Oct 18 12:35:43.166830 podb-esxi207 dnsmasq[3859237]: read /opt/stack/data/neutron/dhcp/9c18c8f3-e3ee-4765-8d1d-91e903de1e3a/addn_hosts - 2 names
Oct 18 12:35:43.166904 podb-esxi207 dnsmasq-dhcp[3859237]: read /opt/stack/data/neutron/dhcp/9c18c8f3-e3ee-4765-8d1d-91e903de1e3a/host
Oct 18 12:35:43.166973 podb-esxi207 dnsmasq-dhcp[3859237]: read /opt/stack/data/neutron/dhcp/9c18c8f3-e3ee-4765-8d1d-91e903de1e3a/opts
Oct 18 12:36:00.261270 podb-esxi207 dnsmasq[3859237]: read /opt/stack/data/neutron/dhcp/9c18c8f3-e3ee-4765-8d1d-91e903de1e3a/addn_hosts - 0 names
Oct 18 12:36:00.261339 podb-esxi207 dnsmasq-dhcp[3859237]: read /opt/stack/data/neutron/dhcp/9c18c8f3-e3ee-4765-8d1d-91e903de1e3a/host
Oct 18 12:36:00.261409 podb-esxi207 dnsmasq-dhcp[3859237]: read /opt/stack/data/neutron/dhcp/9c18c8f3-e3ee-4765-8d1d-91e903de1e3a/opts
Oct 18 12:36:01.106384 podb-esxi207 dnsmasq[3859237]: exiting on receipt of SIGTERM
Oct 18 12:36:04.119556 podb-esxi207 dnsmasq-dhcp[3867704]: DHCPREQUEST(tapc9a152d8-a4) 10.1.0.14 fa:16:3e:b9:7f:22
Oct 18 12:36:04.119588 podb-esxi207 dnsmasq-dhcp[3867704]: DHCPACK(tapc9a152d8-a4) 10.1.0.14 fa:16:3e:b9:7f:22 host-10-1-0-14
Oct 18 12:36:51.848068 podb-esxi207 dnsmasq-dhcp[3868215]: DHCPREQUEST(tap0a50b81a-00) 10.1.0.5 fa:16:3e:e0:3c:8e
Oct 18 12:36:51.848100 podb-esxi207 dnsmasq-dhcp[3868215]: DHCPACK(tap0a50b81a-00) 10.1.0.5 fa:16:3e:e0:3c:8e host-10-1-0-5
Oct 18 12:37:07.736870 podb-esxi207 dnsmasq-dhcp[3867704]: DHCPRELEASE(tapc9a152d8-a4) 10.1.0.14 fa:16:3e:b9:7f:22
Oct 18 12:37:07.750874 podb-esxi207 dnsmasq-dhcp[3867704]: DHCPRELEASE(tapc9a152d8-a4) 10.1.0.14 fa:16:3e:b9:7f:22 unknown lease
Oct 18 12:37:08.578148 podb-esxi207 dnsmasq[3867704]: read /opt/stack/data/neutron/dhcp/b4dc90fb-cc86-4fb4-a853-4569caa49b53/addn_hosts - 2 names
Oct 18 12:37:08.578234 podb-esxi207 dnsmasq-dhcp[3867704]: read /opt/stack/data/neutron/dhcp/b4dc90fb-cc86-4fb4-a853-4569caa49b53/host
Oct 18 12:37:08.578308 podb-esxi207 dnsmasq-dhcp[3867704]: read /opt/stack/data/neutron/dhcp/b4dc90fb-cc86-4fb4-a853-4569caa49b53/opts
Oct 18 12:37:19.480184 podb-esxi207 dnsmasq[3867704]: read /opt/stack/data/neutron/dhcp/b4dc90fb-cc86-4fb4-a853-4569caa49b53/addn_hosts - 4 names
Oct 18 12:37:19.480328 podb-esxi207 dnsmasq-dhcp[3867704]: read /opt/stack/data/neutron/dhcp/b4dc90fb-cc86-4fb4-a853-4569caa49b53/host
Oct 18 12:37:19.480454 podb-esxi207 dnsmasq-dhcp[3867704]: read /opt/stack/data/neutron/dhcp/b4dc90fb-cc86-4fb4-a853-4569caa49b53/opts
Oct 18 12:37:42.319328 podb-esxi207 dnsmasq-dhcp[3867704]: DHCPDISCOVER(tapc9a152d8-a4) fa:16:3e:36:c4:9b
Oct 18 12:37:42.319355 podb-esxi207 dnsmasq-dhcp[3867704]: DHCPOFFER(tapc9a152d8-a4) 10.1.0.4 fa:16:3e:36:c4:9b
Oct 18 12:37:42.331017 podb-esxi207 dnsmasq-dhcp[3867704]: DHCPREQUEST(tapc9a152d8-a4) 10.1.0.4 fa:16:3e:36:c4:9b
Oct 18 12:37:42.331049 podb-esxi207 dnsmasq-dhcp[3867704]: DHCPACK(tapc9a152d8-a4) 10.1.0.4 fa:16:3e:36:c4:9b host-10-1-0-4
Oct 18 12:37:56.018712 podb-esxi207 dnsmasq-dhcp[3868215]: DHCPRELEASE(tap0a50b81a-00) 10.1.0.5 fa:16:3e:e0:3c:8e
Oct 18 12:37:56.035781 podb-esxi207 dnsmasq-dhcp[3868215]: DHCPRELEASE(tap0a50b81a-00) 10.1.0.5 fa:16:3e:e0:3c:8e unknown lease
Oct 18 12:37:56.861078 podb-esxi207 dnsmasq[3868215]: read /opt/stack/data/neutron/dhcp/5286b440-2359-49f4-8415-5551f364d228/addn_hosts - 6 names
Oct 18 12:37:56.861193 podb-esxi207 dnsmasq-dhcp[3868215]: read /opt/stack/data/neutron/dhcp/5286b440-2359-49f4-8415-5551f364d228/host
Oct 18 12:37:56.861307 podb-esxi207 dnsmasq-dhcp[3868215]: read /opt/stack/data/neutron/dhcp/5286b440-2359-49f4-8415-5551f364d228/opts
Oct 18 12:39:04.371204 podb-esxi207 dnsmasq-dhcp[3868215]: DHCPRELEASE(tap0a50b81a-00) 10.1.0.6 fa:16:3e:9d:ae:0d
Oct 18 12:39:04.389511 podb-esxi207 dnsmasq-dhcp[3868215]: DHCPRELEASE(tap0a50b81a-00) 10.1.0.6 fa:16:3e:9d:ae:0d unknown lease
Oct 18 12:39:05.216341 podb-esxi207 dnsmasq[3868215]: read /opt/stack/data/neutron/dhcp/5286b440-2359-49f4-8415-5551f364d228/addn_hosts - 4 names
Oct 18 12:39:05.216433 podb-esxi207 dnsmasq-dhcp[3868215]: read /opt/stack/data/neutron/dhcp/5286b440-2359-49f4-8415-5551f364d228/host
Oct 18 12:39:05.216509 podb-esxi207 dnsmasq-dhcp[3868215]: read /opt/stack/data/neutron/dhcp/5286b440-2359-49f4-8415-5551f364d228/opts
Oct 18 12:39:11.587967 podb-esxi207 dnsmasq-dhcp[3868215]: DHCPRELEASE(tap0a50b81a-00) 10.1.0.9 fa:16:3e:05:4b:94
Oct 18 12:39:11.603219 podb-esxi207 dnsmasq-dhcp[3868215]: DHCPRELEASE(tap0a50b81a-00) 10.1.0.9 fa:16:3e:05:4b:94 unknown lease
Oct 18 12:39:12.432291 podb-esxi207 dnsmasq[3868215]: read /opt/stack/data/neutron/dhcp/5286b440-2359-49f4-8415-5551f364d228/addn_hosts - 2 names
Oct 18 12:39:12.432378 podb-esxi207 dnsmasq-dhcp[3868215]: read /opt/stack/data/neutron/dhcp/5286b440-2359-49f4-8415-5551f364d228/host
Oct 18 12:39:12.432447 podb-esxi207 dnsmasq-dhcp[3868215]: read /opt/stack/data/neutron/dhcp/5286b440-2359-49f4-8415-5551f364d228/opts
Oct 18 12:39:17.967206 podb-esxi207 dnsmasq-dhcp[3868215]: DHCPRELEASE(tap0a50b81a-00) 10.1.0.1 fa:16:3e:20:d7:0e
Oct 18 12:39:18.794228 podb-esxi207 dnsmasq[3868215]: read /opt/stack/data/neutron/dhcp/5286b440-2359-49f4-8415-5551f364d228/addn_hosts - 0 names
Oct 18 12:39:18.794358 podb-esxi207 dnsmasq-dhcp[3868215]: read /opt/stack/data/neutron/dhcp/5286b440-2359-49f4-8415-5551f364d228/host
Oct 18 12:39:18.794463 podb-esxi207 dnsmasq-dhcp[3868215]: read /opt/stack/data/neutron/dhcp/5286b440-2359-49f4-8415-5551f364d228/opts
Oct 18 12:39:19.583937 podb-esxi207 dnsmasq[3868215]: exiting on receipt of SIGTERM
Oct 18 12:39:39.919023 podb-esxi207 dnsmasq-dhcp[3867704]: DHCPREQUEST(tapc9a152d8-a4) 10.1.0.4 fa:16:3e:36:c4:9b
Oct 18 12:39:39.919058 podb-esxi207 dnsmasq-dhcp[3867704]: DHCPACK(tapc9a152d8-a4) 10.1.0.4 fa:16:3e:36:c4:9b host-10-1-0-4
Oct 18 12:40:18.887334 podb-esxi207 dnsmasq-dhcp[3867704]: DHCPRELEASE(tapc9a152d8-a4) 10.1.0.4 fa:16:3e:36:c4:9b
Oct 18 12:40:18.904981 podb-esxi207 dnsmasq-dhcp[3867704]: DHCPRELEASE(tapc9a152d8-a4) 10.1.0.4 fa:16:3e:36:c4:9b unknown lease
Oct 18 12:40:19.729777 podb-esxi207 dnsmasq[3867704]: read /opt/stack/data/neutron/dhcp/b4dc90fb-cc86-4fb4-a853-4569caa49b53/addn_hosts - 2 names
Oct 18 12:40:19.729862 podb-esxi207 dnsmasq-dhcp[3867704]: read /opt/stack/data/neutron/dhcp/b4dc90fb-cc86-4fb4-a853-4569caa49b53/host
Oct 18 12:40:19.729933 podb-esxi207 dnsmasq-dhcp[3867704]: read /opt/stack/data/neutron/dhcp/b4dc90fb-cc86-4fb4-a853-4569caa49b53/opts
Oct 18 12:40:41.238470 podb-esxi207 dnsmasq[3867704]: read /opt/stack/data/neutron/dhcp/b4dc90fb-cc86-4fb4-a853-4569caa49b53/addn_hosts - 0 names
Oct 18 12:40:41.238564 podb-esxi207 dnsmasq-dhcp[3867704]: read /opt/stack/data/neutron/dhcp/b4dc90fb-cc86-4fb4-a853-4569caa49b53/host
Oct 18 12:40:41.238672 podb-esxi207 dnsmasq-dhcp[3867704]: read /opt/stack/data/neutron/dhcp/b4dc90fb-cc86-4fb4-a853-4569caa49b53/opts
Oct 18 12:40:42.261446 podb-esxi207 dnsmasq[3867704]: exiting on receipt of SIGTERM
Oct 18 12:40:46.535296 podb-esxi207 dnsmasq[3873757]: started, version 2.90 cachesize 150
Oct 18 12:40:46.535324 podb-esxi207 dnsmasq[3873757]: DNS service limited to local subnets
Oct 18 12:40:46.535339 podb-esxi207 dnsmasq[3873757]: compile time options: IPv6 GNU-getopt DBus no-UBus i18n IDN2 DHCP DHCPv6 no-Lua TFTP conntrack ipset no-nftset auth cryptohash DNSSEC loop-detect inotify dumpfile
Oct 18 12:40:46.535375 podb-esxi207 dnsmasq-dhcp[3873757]: DHCP, static leases only on 10.1.0.0, lease time 1d
Oct 18 12:40:46.535530 podb-esxi207 dnsmasq[3873757]: reading /etc/resolv.conf
Oct 18 12:40:46.535550 podb-esxi207 dnsmasq[3873757]: using nameserver 127.0.0.53#53
Oct 18 12:40:46.535632 podb-esxi207 dnsmasq[3873757]: read /opt/stack/data/neutron/dhcp/f2883883-defb-4268-a2c7-5f7c1975e94b/addn_hosts - 0 names
Oct 18 12:40:46.535684 podb-esxi207 dnsmasq-dhcp[3873757]: read /opt/stack/data/neutron/dhcp/f2883883-defb-4268-a2c7-5f7c1975e94b/host
Oct 18 12:40:46.535759 podb-esxi207 dnsmasq-dhcp[3873757]: read /opt/stack/data/neutron/dhcp/f2883883-defb-4268-a2c7-5f7c1975e94b/opts
Oct 18 12:40:48.078547 podb-esxi207 dnsmasq[3873757]: read /opt/stack/data/neutron/dhcp/f2883883-defb-4268-a2c7-5f7c1975e94b/addn_hosts - 2 names
Oct 18 12:40:48.078652 podb-esxi207 dnsmasq-dhcp[3873757]: read /opt/stack/data/neutron/dhcp/f2883883-defb-4268-a2c7-5f7c1975e94b/host
Oct 18 12:40:48.078786 podb-esxi207 dnsmasq-dhcp[3873757]: read /opt/stack/data/neutron/dhcp/f2883883-defb-4268-a2c7-5f7c1975e94b/opts
Oct 18 12:40:49.350322 podb-esxi207 dnsmasq[3873757]: read /opt/stack/data/neutron/dhcp/f2883883-defb-4268-a2c7-5f7c1975e94b/addn_hosts - 2 names
Oct 18 12:40:49.350452 podb-esxi207 dnsmasq-dhcp[3873757]: read /opt/stack/data/neutron/dhcp/f2883883-defb-4268-a2c7-5f7c1975e94b/host
Oct 18 12:40:49.350566 podb-esxi207 dnsmasq-dhcp[3873757]: read /opt/stack/data/neutron/dhcp/f2883883-defb-4268-a2c7-5f7c1975e94b/opts
Oct 18 12:40:50.614301 podb-esxi207 dnsmasq[3873757]: read /opt/stack/data/neutron/dhcp/f2883883-defb-4268-a2c7-5f7c1975e94b/addn_hosts - 2 names
Oct 18 12:40:50.614431 podb-esxi207 dnsmasq-dhcp[3873757]: read /opt/stack/data/neutron/dhcp/f2883883-defb-4268-a2c7-5f7c1975e94b/host
Oct 18 12:40:50.614534 podb-esxi207 dnsmasq-dhcp[3873757]: read /opt/stack/data/neutron/dhcp/f2883883-defb-4268-a2c7-5f7c1975e94b/opts
Oct 18 12:40:53.478876 podb-esxi207 dnsmasq[3873757]: read /opt/stack/data/neutron/dhcp/f2883883-defb-4268-a2c7-5f7c1975e94b/addn_hosts - 4 names
Oct 18 12:40:53.478992 podb-esxi207 dnsmasq-dhcp[3873757]: read /opt/stack/data/neutron/dhcp/f2883883-defb-4268-a2c7-5f7c1975e94b/host
Oct 18 12:40:53.479065 podb-esxi207 dnsmasq-dhcp[3873757]: read /opt/stack/data/neutron/dhcp/f2883883-defb-4268-a2c7-5f7c1975e94b/opts
Oct 18 12:41:15.252752 podb-esxi207 dnsmasq-dhcp[3873757]: DHCPDISCOVER(tap4067f004-19) fa:16:3e:0e:ff:54
Oct 18 12:41:15.252781 podb-esxi207 dnsmasq-dhcp[3873757]: DHCPOFFER(tap4067f004-19) 10.1.0.10 fa:16:3e:0e:ff:54
Oct 18 12:41:15.263403 podb-esxi207 dnsmasq-dhcp[3873757]: DHCPREQUEST(tap4067f004-19) 10.1.0.10 fa:16:3e:0e:ff:54
Oct 18 12:41:15.263434 podb-esxi207 dnsmasq-dhcp[3873757]: DHCPACK(tap4067f004-19) 10.1.0.10 fa:16:3e:0e:ff:54 host-10-1-0-10
Oct 18 12:42:17.434028 podb-esxi207 dnsmasq[3873757]: read /opt/stack/data/neutron/dhcp/f2883883-defb-4268-a2c7-5f7c1975e94b/addn_hosts - 6 names
Oct 18 12:42:17.434149 podb-esxi207 dnsmasq-dhcp[3873757]: read /opt/stack/data/neutron/dhcp/f2883883-defb-4268-a2c7-5f7c1975e94b/host
Oct 18 12:42:17.434261 podb-esxi207 dnsmasq-dhcp[3873757]: read /opt/stack/data/neutron/dhcp/f2883883-defb-4268-a2c7-5f7c1975e94b/opts
Oct 18 12:42:41.105021 podb-esxi207 dnsmasq-dhcp[3873757]: DHCPDISCOVER(tap4067f004-19) fa:16:3e:68:c2:a5
Oct 18 12:42:41.105049 podb-esxi207 dnsmasq-dhcp[3873757]: DHCPOFFER(tap4067f004-19) 10.1.0.6 fa:16:3e:68:c2:a5
Oct 18 12:42:41.115800 podb-esxi207 dnsmasq-dhcp[3873757]: DHCPREQUEST(tap4067f004-19) 10.1.0.6 fa:16:3e:68:c2:a5
Oct 18 12:42:41.115835 podb-esxi207 dnsmasq-dhcp[3873757]: DHCPACK(tap4067f004-19) 10.1.0.6 fa:16:3e:68:c2:a5 host-10-1-0-6
Oct 18 12:43:18.828169 podb-esxi207 dnsmasq-dhcp[3873757]: DHCPRELEASE(tap4067f004-19) 10.1.0.6 fa:16:3e:68:c2:a5
Oct 18 12:43:18.845477 podb-esxi207 dnsmasq-dhcp[3873757]: DHCPRELEASE(tap4067f004-19) 10.1.0.6 fa:16:3e:68:c2:a5 unknown lease
Oct 18 12:43:19.671070 podb-esxi207 dnsmasq[3873757]: read /opt/stack/data/neutron/dhcp/f2883883-defb-4268-a2c7-5f7c1975e94b/addn_hosts - 4 names
Oct 18 12:43:19.671168 podb-esxi207 dnsmasq-dhcp[3873757]: read /opt/stack/data/neutron/dhcp/f2883883-defb-4268-a2c7-5f7c1975e94b/host
Oct 18 12:43:19.671276 podb-esxi207 dnsmasq-dhcp[3873757]: read /opt/stack/data/neutron/dhcp/f2883883-defb-4268-a2c7-5f7c1975e94b/opts
Oct 18 12:43:52.450814 podb-esxi207 dnsmasq-dhcp[3873757]: DHCPRELEASE(tap4067f004-19) 10.1.0.10 fa:16:3e:0e:ff:54
Oct 18 12:43:52.467844 podb-esxi207 dnsmasq-dhcp[3873757]: DHCPRELEASE(tap4067f004-19) 10.1.0.10 fa:16:3e:0e:ff:54 unknown lease
Oct 18 12:43:53.291803 podb-esxi207 dnsmasq[3873757]: read /opt/stack/data/neutron/dhcp/f2883883-defb-4268-a2c7-5f7c1975e94b/addn_hosts - 2 names
Oct 18 12:43:53.291925 podb-esxi207 dnsmasq-dhcp[3873757]: read /opt/stack/data/neutron/dhcp/f2883883-defb-4268-a2c7-5f7c1975e94b/host
Oct 18 12:43:53.292003 podb-esxi207 dnsmasq-dhcp[3873757]: read /opt/stack/data/neutron/dhcp/f2883883-defb-4268-a2c7-5f7c1975e94b/opts
Oct 18 12:44:04.727522 podb-esxi207 dnsmasq[3873757]: read /opt/stack/data/neutron/dhcp/f2883883-defb-4268-a2c7-5f7c1975e94b/addn_hosts - 4 names
Oct 18 12:44:04.727670 podb-esxi207 dnsmasq-dhcp[3873757]: read /opt/stack/data/neutron/dhcp/f2883883-defb-4268-a2c7-5f7c1975e94b/host
Oct 18 12:44:04.727777 podb-esxi207 dnsmasq-dhcp[3873757]: read /opt/stack/data/neutron/dhcp/f2883883-defb-4268-a2c7-5f7c1975e94b/opts
Oct 18 12:44:24.395066 podb-esxi207 dnsmasq[3833999]: read /opt/stack/data/neutron/dhcp/474588a5-ec39-4dee-b77a-66b10555baa4/addn_hosts - 2 names
Oct 18 12:44:24.395141 podb-esxi207 dnsmasq-dhcp[3833999]: read /opt/stack/data/neutron/dhcp/474588a5-ec39-4dee-b77a-66b10555baa4/host
Oct 18 12:44:24.395200 podb-esxi207 dnsmasq-dhcp[3833999]: read /opt/stack/data/neutron/dhcp/474588a5-ec39-4dee-b77a-66b10555baa4/opts
Oct 18 12:44:28.616476 podb-esxi207 dnsmasq-dhcp[3873757]: DHCPDISCOVER(tap4067f004-19) fa:16:3e:e7:ed:02
Oct 18 12:44:28.616506 podb-esxi207 dnsmasq-dhcp[3873757]: DHCPOFFER(tap4067f004-19) 10.1.0.5 fa:16:3e:e7:ed:02
Oct 18 12:44:28.629570 podb-esxi207 dnsmasq-dhcp[3873757]: DHCPREQUEST(tap4067f004-19) 10.1.0.5 fa:16:3e:e7:ed:02
Oct 18 12:44:28.629602 podb-esxi207 dnsmasq-dhcp[3873757]: DHCPACK(tap4067f004-19) 10.1.0.5 fa:16:3e:e7:ed:02 host-10-1-0-5
Oct 18 12:44:36.620970 podb-esxi207 dnsmasq[3833999]: read /opt/stack/data/neutron/dhcp/474588a5-ec39-4dee-b77a-66b10555baa4/addn_hosts - 0 names
Oct 18 12:44:36.621046 podb-esxi207 dnsmasq-dhcp[3833999]: read /opt/stack/data/neutron/dhcp/474588a5-ec39-4dee-b77a-66b10555baa4/host
Oct 18 12:44:36.621121 podb-esxi207 dnsmasq-dhcp[3833999]: read /opt/stack/data/neutron/dhcp/474588a5-ec39-4dee-b77a-66b10555baa4/opts
Oct 18 12:45:10.449780 podb-esxi207 dnsmasq[3876743]: started, version 2.90 cachesize 150
Oct 18 12:45:10.449805 podb-esxi207 dnsmasq[3876743]: DNS service limited to local subnets
Oct 18 12:45:10.449820 podb-esxi207 dnsmasq[3876743]: compile time options: IPv6 GNU-getopt DBus no-UBus i18n IDN2 DHCP DHCPv6 no-Lua TFTP conntrack ipset no-nftset auth cryptohash DNSSEC loop-detect inotify dumpfile
Oct 18 12:45:10.449867 podb-esxi207 dnsmasq-dhcp[3876743]: DHCP, static leases only on 10.1.0.0, lease time 1d
Oct 18 12:45:10.450022 podb-esxi207 dnsmasq[3876743]: reading /etc/resolv.conf
Oct 18 12:45:10.450038 podb-esxi207 dnsmasq[3876743]: using nameserver 127.0.0.53#53
Oct 18 12:45:10.450135 podb-esxi207 dnsmasq[3876743]: read /opt/stack/data/neutron/dhcp/cf1bea0e-c46e-458d-a135-4dc1a32563bc/addn_hosts - 0 names
Oct 18 12:45:10.450186 podb-esxi207 dnsmasq-dhcp[3876743]: read /opt/stack/data/neutron/dhcp/cf1bea0e-c46e-458d-a135-4dc1a32563bc/host
Oct 18 12:45:10.450245 podb-esxi207 dnsmasq-dhcp[3876743]: read /opt/stack/data/neutron/dhcp/cf1bea0e-c46e-458d-a135-4dc1a32563bc/opts
Oct 18 12:45:11.995860 podb-esxi207 dnsmasq[3876743]: read /opt/stack/data/neutron/dhcp/cf1bea0e-c46e-458d-a135-4dc1a32563bc/addn_hosts - 2 names
Oct 18 12:45:11.995969 podb-esxi207 dnsmasq-dhcp[3876743]: read /opt/stack/data/neutron/dhcp/cf1bea0e-c46e-458d-a135-4dc1a32563bc/host
Oct 18 12:45:11.996073 podb-esxi207 dnsmasq-dhcp[3876743]: read /opt/stack/data/neutron/dhcp/cf1bea0e-c46e-458d-a135-4dc1a32563bc/opts
Oct 18 12:45:14.895611 podb-esxi207 dnsmasq[3877031]: started, version 2.90 cachesize 150
Oct 18 12:45:14.895639 podb-esxi207 dnsmasq[3877031]: DNS service limited to local subnets
Oct 18 12:45:14.895654 podb-esxi207 dnsmasq[3877031]: compile time options: IPv6 GNU-getopt DBus no-UBus i18n IDN2 DHCP DHCPv6 no-Lua TFTP conntrack ipset no-nftset auth cryptohash DNSSEC loop-detect inotify dumpfile
Oct 18 12:45:14.895689 podb-esxi207 dnsmasq-dhcp[3877031]: DHCP, static leases only on 10.1.0.0, lease time 1d
Oct 18 12:45:14.895850 podb-esxi207 dnsmasq[3877031]: reading /etc/resolv.conf
Oct 18 12:45:14.895866 podb-esxi207 dnsmasq[3877031]: using nameserver 127.0.0.53#53
Oct 18 12:45:14.895984 podb-esxi207 dnsmasq[3877031]: read /opt/stack/data/neutron/dhcp/bb5ad1ff-29fd-4b2f-9a73-a86ef155ee9e/addn_hosts - 2 names
Oct 18 12:45:14.896056 podb-esxi207 dnsmasq-dhcp[3877031]: read /opt/stack/data/neutron/dhcp/bb5ad1ff-29fd-4b2f-9a73-a86ef155ee9e/host
Oct 18 12:45:14.896122 podb-esxi207 dnsmasq-dhcp[3877031]: read /opt/stack/data/neutron/dhcp/bb5ad1ff-29fd-4b2f-9a73-a86ef155ee9e/opts
Oct 18 12:45:15.937173 podb-esxi207 dnsmasq[3876743]: read /opt/stack/data/neutron/dhcp/cf1bea0e-c46e-458d-a135-4dc1a32563bc/addn_hosts - 2 names
Oct 18 12:45:15.937306 podb-esxi207 dnsmasq-dhcp[3876743]: read /opt/stack/data/neutron/dhcp/cf1bea0e-c46e-458d-a135-4dc1a32563bc/host
Oct 18 12:45:15.937410 podb-esxi207 dnsmasq-dhcp[3876743]: read /opt/stack/data/neutron/dhcp/cf1bea0e-c46e-458d-a135-4dc1a32563bc/opts
Oct 18 12:45:17.219869 podb-esxi207 dnsmasq[3877031]: read /opt/stack/data/neutron/dhcp/bb5ad1ff-29fd-4b2f-9a73-a86ef155ee9e/addn_hosts - 2 names
Oct 18 12:45:17.219951 podb-esxi207 dnsmasq-dhcp[3877031]: read /opt/stack/data/neutron/dhcp/bb5ad1ff-29fd-4b2f-9a73-a86ef155ee9e/host
Oct 18 12:45:17.220040 podb-esxi207 dnsmasq-dhcp[3877031]: read /opt/stack/data/neutron/dhcp/bb5ad1ff-29fd-4b2f-9a73-a86ef155ee9e/opts
Oct 18 12:45:18.477283 podb-esxi207 dnsmasq[3876743]: read /opt/stack/data/neutron/dhcp/cf1bea0e-c46e-458d-a135-4dc1a32563bc/addn_hosts - 2 names
Oct 18 12:45:18.477395 podb-esxi207 dnsmasq-dhcp[3876743]: read /opt/stack/data/neutron/dhcp/cf1bea0e-c46e-458d-a135-4dc1a32563bc/host
Oct 18 12:45:18.477506 podb-esxi207 dnsmasq-dhcp[3876743]: read /opt/stack/data/neutron/dhcp/cf1bea0e-c46e-458d-a135-4dc1a32563bc/opts
Oct 18 12:45:19.226415 podb-esxi207 dnsmasq[3877031]: read /opt/stack/data/neutron/dhcp/bb5ad1ff-29fd-4b2f-9a73-a86ef155ee9e/addn_hosts - 2 names
Oct 18 12:45:19.226525 podb-esxi207 dnsmasq-dhcp[3877031]: read /opt/stack/data/neutron/dhcp/bb5ad1ff-29fd-4b2f-9a73-a86ef155ee9e/host
Oct 18 12:45:19.226633 podb-esxi207 dnsmasq-dhcp[3877031]: read /opt/stack/data/neutron/dhcp/bb5ad1ff-29fd-4b2f-9a73-a86ef155ee9e/opts
Oct 18 12:45:20.485094 podb-esxi207 dnsmasq[3877031]: read /opt/stack/data/neutron/dhcp/bb5ad1ff-29fd-4b2f-9a73-a86ef155ee9e/addn_hosts - 2 names
Oct 18 12:45:20.485202 podb-esxi207 dnsmasq-dhcp[3877031]: read /opt/stack/data/neutron/dhcp/bb5ad1ff-29fd-4b2f-9a73-a86ef155ee9e/host
Oct 18 12:45:20.485308 podb-esxi207 dnsmasq-dhcp[3877031]: read /opt/stack/data/neutron/dhcp/bb5ad1ff-29fd-4b2f-9a73-a86ef155ee9e/opts
Oct 18 12:45:21.235336 podb-esxi207 dnsmasq[3876743]: read /opt/stack/data/neutron/dhcp/cf1bea0e-c46e-458d-a135-4dc1a32563bc/addn_hosts - 4 names
Oct 18 12:45:21.235463 podb-esxi207 dnsmasq-dhcp[3876743]: read /opt/stack/data/neutron/dhcp/cf1bea0e-c46e-458d-a135-4dc1a32563bc/host
Oct 18 12:45:21.235578 podb-esxi207 dnsmasq-dhcp[3876743]: read /opt/stack/data/neutron/dhcp/cf1bea0e-c46e-458d-a135-4dc1a32563bc/opts
Oct 18 12:45:43.389293 podb-esxi207 dnsmasq-dhcp[3876743]: DHCPDISCOVER(tap8384f27d-8c) fa:16:3e:31:9b:c7
Oct 18 12:45:43.389331 podb-esxi207 dnsmasq-dhcp[3876743]: DHCPOFFER(tap8384f27d-8c) 10.1.0.12 fa:16:3e:31:9b:c7
Oct 18 12:45:43.400873 podb-esxi207 dnsmasq-dhcp[3876743]: DHCPREQUEST(tap8384f27d-8c) 10.1.0.12 fa:16:3e:31:9b:c7
Oct 18 12:45:43.400918 podb-esxi207 dnsmasq-dhcp[3876743]: DHCPACK(tap8384f27d-8c) 10.1.0.12 fa:16:3e:31:9b:c7 host-10-1-0-12
Oct 18 12:45:48.251733 podb-esxi207 dnsmasq[3877507]: started, version 2.90 cachesize 150
Oct 18 12:45:48.251770 podb-esxi207 dnsmasq[3877507]: DNS service limited to local subnets
Oct 18 12:45:48.251800 podb-esxi207 dnsmasq[3877507]: compile time options: IPv6 GNU-getopt DBus no-UBus i18n IDN2 DHCP DHCPv6 no-Lua TFTP conntrack ipset no-nftset auth cryptohash DNSSEC loop-detect inotify dumpfile
Oct 18 12:45:48.251852 podb-esxi207 dnsmasq-dhcp[3877507]: DHCP, static leases only on 10.1.0.0, lease time 1d
Oct 18 12:45:48.252066 podb-esxi207 dnsmasq[3877507]: reading /etc/resolv.conf
Oct 18 12:45:48.252092 podb-esxi207 dnsmasq[3877507]: using nameserver 127.0.0.53#53
Oct 18 12:45:48.252219 podb-esxi207 dnsmasq[3877507]: read /opt/stack/data/neutron/dhcp/6d06e22d-b3b1-4b1b-97a2-8c11a8544546/addn_hosts - 0 names
Oct 18 12:45:48.252300 podb-esxi207 dnsmasq-dhcp[3877507]: read /opt/stack/data/neutron/dhcp/6d06e22d-b3b1-4b1b-97a2-8c11a8544546/host
Oct 18 12:45:48.252404 podb-esxi207 dnsmasq-dhcp[3877507]: read /opt/stack/data/neutron/dhcp/6d06e22d-b3b1-4b1b-97a2-8c11a8544546/opts
Oct 18 12:45:49.798390 podb-esxi207 dnsmasq[3877507]: read /opt/stack/data/neutron/dhcp/6d06e22d-b3b1-4b1b-97a2-8c11a8544546/addn_hosts - 2 names
Oct 18 12:45:49.798478 podb-esxi207 dnsmasq-dhcp[3877507]: read /opt/stack/data/neutron/dhcp/6d06e22d-b3b1-4b1b-97a2-8c11a8544546/host
Oct 18 12:45:49.798572 podb-esxi207 dnsmasq-dhcp[3877507]: read /opt/stack/data/neutron/dhcp/6d06e22d-b3b1-4b1b-97a2-8c11a8544546/opts
Oct 18 12:45:53.216138 podb-esxi207 dnsmasq[3878156]: started, version 2.90 cachesize 150
Oct 18 12:45:53.216167 podb-esxi207 dnsmasq[3878156]: DNS service limited to local subnets
Oct 18 12:45:53.216182 podb-esxi207 dnsmasq[3878156]: compile time options: IPv6 GNU-getopt DBus no-UBus i18n IDN2 DHCP DHCPv6 no-Lua TFTP conntrack ipset no-nftset auth cryptohash DNSSEC loop-detect inotify dumpfile
Oct 18 12:45:53.216223 podb-esxi207 dnsmasq-dhcp[3878156]: DHCP, static leases only on 10.1.0.0, lease time 1d
Oct 18 12:45:53.216383 podb-esxi207 dnsmasq[3878156]: reading /etc/resolv.conf
Oct 18 12:45:53.216400 podb-esxi207 dnsmasq[3878156]: using nameserver 127.0.0.53#53
Oct 18 12:45:53.216491 podb-esxi207 dnsmasq[3878156]: read /opt/stack/data/neutron/dhcp/8a0fa6ae-6a90-4702-a3aa-0afb83a29ee2/addn_hosts - 0 names
Oct 18 12:45:53.216541 podb-esxi207 dnsmasq-dhcp[3878156]: read /opt/stack/data/neutron/dhcp/8a0fa6ae-6a90-4702-a3aa-0afb83a29ee2/host
Oct 18 12:45:53.216599 podb-esxi207 dnsmasq-dhcp[3878156]: read /opt/stack/data/neutron/dhcp/8a0fa6ae-6a90-4702-a3aa-0afb83a29ee2/opts
Oct 18 12:45:53.750874 podb-esxi207 dnsmasq[3877507]: read /opt/stack/data/neutron/dhcp/6d06e22d-b3b1-4b1b-97a2-8c11a8544546/addn_hosts - 2 names
Oct 18 12:45:53.750960 podb-esxi207 dnsmasq-dhcp[3877507]: read /opt/stack/data/neutron/dhcp/6d06e22d-b3b1-4b1b-97a2-8c11a8544546/host
Oct 18 12:45:53.751031 podb-esxi207 dnsmasq-dhcp[3877507]: read /opt/stack/data/neutron/dhcp/6d06e22d-b3b1-4b1b-97a2-8c11a8544546/opts
Oct 18 12:45:55.520019 podb-esxi207 dnsmasq[3878156]: read /opt/stack/data/neutron/dhcp/8a0fa6ae-6a90-4702-a3aa-0afb83a29ee2/addn_hosts - 2 names
Oct 18 12:45:55.520102 podb-esxi207 dnsmasq-dhcp[3878156]: read /opt/stack/data/neutron/dhcp/8a0fa6ae-6a90-4702-a3aa-0afb83a29ee2/host
Oct 18 12:45:55.520213 podb-esxi207 dnsmasq-dhcp[3878156]: read /opt/stack/data/neutron/dhcp/8a0fa6ae-6a90-4702-a3aa-0afb83a29ee2/opts
Oct 18 12:45:56.276445 podb-esxi207 dnsmasq[3877507]: read /opt/stack/data/neutron/dhcp/6d06e22d-b3b1-4b1b-97a2-8c11a8544546/addn_hosts - 2 names
Oct 18 12:45:56.276524 podb-esxi207 dnsmasq-dhcp[3877507]: read /opt/stack/data/neutron/dhcp/6d06e22d-b3b1-4b1b-97a2-8c11a8544546/host
Oct 18 12:45:56.276595 podb-esxi207 dnsmasq-dhcp[3877507]: read /opt/stack/data/neutron/dhcp/6d06e22d-b3b1-4b1b-97a2-8c11a8544546/opts
Oct 18 12:45:57.538274 podb-esxi207 dnsmasq[3878156]: read /opt/stack/data/neutron/dhcp/8a0fa6ae-6a90-4702-a3aa-0afb83a29ee2/addn_hosts - 2 names
Oct 18 12:45:57.538385 podb-esxi207 dnsmasq-dhcp[3878156]: read /opt/stack/data/neutron/dhcp/8a0fa6ae-6a90-4702-a3aa-0afb83a29ee2/host
Oct 18 12:45:57.538489 podb-esxi207 dnsmasq-dhcp[3878156]: read /opt/stack/data/neutron/dhcp/8a0fa6ae-6a90-4702-a3aa-0afb83a29ee2/opts
Oct 18 12:45:58.807929 podb-esxi207 dnsmasq[3877507]: read /opt/stack/data/neutron/dhcp/6d06e22d-b3b1-4b1b-97a2-8c11a8544546/addn_hosts - 4 names
Oct 18 12:45:58.808058 podb-esxi207 dnsmasq-dhcp[3877507]: read /opt/stack/data/neutron/dhcp/6d06e22d-b3b1-4b1b-97a2-8c11a8544546/host
Oct 18 12:45:58.808164 podb-esxi207 dnsmasq-dhcp[3877507]: read /opt/stack/data/neutron/dhcp/6d06e22d-b3b1-4b1b-97a2-8c11a8544546/opts
Oct 18 12:45:59.558784 podb-esxi207 dnsmasq[3878156]: read /opt/stack/data/neutron/dhcp/8a0fa6ae-6a90-4702-a3aa-0afb83a29ee2/addn_hosts - 2 names
Oct 18 12:45:59.558877 podb-esxi207 dnsmasq-dhcp[3878156]: read /opt/stack/data/neutron/dhcp/8a0fa6ae-6a90-4702-a3aa-0afb83a29ee2/host
Oct 18 12:45:59.558982 podb-esxi207 dnsmasq-dhcp[3878156]: read /opt/stack/data/neutron/dhcp/8a0fa6ae-6a90-4702-a3aa-0afb83a29ee2/opts
Oct 18 12:46:17.981525 podb-esxi207 dnsmasq-dhcp[3873757]: DHCPRELEASE(tap4067f004-19) 10.1.0.5 fa:16:3e:e7:ed:02
Oct 18 12:46:17.998395 podb-esxi207 dnsmasq-dhcp[3873757]: DHCPRELEASE(tap4067f004-19) 10.1.0.5 fa:16:3e:e7:ed:02 unknown lease
Oct 18 12:46:18.821700 podb-esxi207 dnsmasq[3873757]: read /opt/stack/data/neutron/dhcp/f2883883-defb-4268-a2c7-5f7c1975e94b/addn_hosts - 2 names
Oct 18 12:46:18.821824 podb-esxi207 dnsmasq-dhcp[3873757]: read /opt/stack/data/neutron/dhcp/f2883883-defb-4268-a2c7-5f7c1975e94b/host
Oct 18 12:46:18.821933 podb-esxi207 dnsmasq-dhcp[3873757]: read /opt/stack/data/neutron/dhcp/f2883883-defb-4268-a2c7-5f7c1975e94b/opts
Oct 18 12:46:20.366950 podb-esxi207 dnsmasq-dhcp[3877507]: DHCPDISCOVER(tap19a6a2f1-29) fa:16:3e:46:42:2c
Oct 18 12:46:20.366996 podb-esxi207 dnsmasq-dhcp[3877507]: DHCPOFFER(tap19a6a2f1-29) 10.1.0.9 fa:16:3e:46:42:2c
Oct 18 12:46:20.377453 podb-esxi207 dnsmasq-dhcp[3877507]: DHCPREQUEST(tap19a6a2f1-29) 10.1.0.9 fa:16:3e:46:42:2c
Oct 18 12:46:20.377483 podb-esxi207 dnsmasq-dhcp[3877507]: DHCPACK(tap19a6a2f1-29) 10.1.0.9 fa:16:3e:46:42:2c host-10-1-0-9
Oct 18 12:46:27.209891 podb-esxi207 dnsmasq-dhcp[3877507]: DHCPRELEASE(tap19a6a2f1-29) 10.1.0.9 fa:16:3e:46:42:2c
Oct 18 12:46:27.227216 podb-esxi207 dnsmasq-dhcp[3877507]: DHCPRELEASE(tap19a6a2f1-29) 10.1.0.9 fa:16:3e:46:42:2c unknown lease
Oct 18 12:46:28.052784 podb-esxi207 dnsmasq[3877507]: read /opt/stack/data/neutron/dhcp/6d06e22d-b3b1-4b1b-97a2-8c11a8544546/addn_hosts - 2 names
Oct 18 12:46:28.052914 podb-esxi207 dnsmasq-dhcp[3877507]: read /opt/stack/data/neutron/dhcp/6d06e22d-b3b1-4b1b-97a2-8c11a8544546/host
Oct 18 12:46:28.053028 podb-esxi207 dnsmasq-dhcp[3877507]: read /opt/stack/data/neutron/dhcp/6d06e22d-b3b1-4b1b-97a2-8c11a8544546/opts
Oct 18 12:46:29.698070 podb-esxi207 dnsmasq[3873757]: read /opt/stack/data/neutron/dhcp/f2883883-defb-4268-a2c7-5f7c1975e94b/addn_hosts - 4 names
Oct 18 12:46:29.698207 podb-esxi207 dnsmasq-dhcp[3873757]: read /opt/stack/data/neutron/dhcp/f2883883-defb-4268-a2c7-5f7c1975e94b/host
Oct 18 12:46:29.698323 podb-esxi207 dnsmasq-dhcp[3873757]: read /opt/stack/data/neutron/dhcp/f2883883-defb-4268-a2c7-5f7c1975e94b/opts
Oct 18 12:46:52.817124 podb-esxi207 dnsmasq-dhcp[3873757]: DHCPDISCOVER(tap4067f004-19) fa:16:3e:fc:9c:55
Oct 18 12:46:52.817154 podb-esxi207 dnsmasq-dhcp[3873757]: DHCPOFFER(tap4067f004-19) 10.1.0.12 fa:16:3e:fc:9c:55
Oct 18 12:46:52.828602 podb-esxi207 dnsmasq-dhcp[3873757]: DHCPREQUEST(tap4067f004-19) 10.1.0.12 fa:16:3e:fc:9c:55
Oct 18 12:46:52.828635 podb-esxi207 dnsmasq-dhcp[3873757]: DHCPACK(tap4067f004-19) 10.1.0.12 fa:16:3e:fc:9c:55 host-10-1-0-12
Oct 18 12:47:36.378957 podb-esxi207 dnsmasq-dhcp[3876743]: DHCPRELEASE(tap8384f27d-8c) 10.1.0.12 fa:16:3e:31:9b:c7
Oct 18 12:47:36.396943 podb-esxi207 dnsmasq-dhcp[3876743]: DHCPRELEASE(tap8384f27d-8c) 10.1.0.12 fa:16:3e:31:9b:c7 unknown lease
Oct 18 12:47:37.220545 podb-esxi207 dnsmasq[3876743]: read /opt/stack/data/neutron/dhcp/cf1bea0e-c46e-458d-a135-4dc1a32563bc/addn_hosts - 2 names
Oct 18 12:47:37.220672 podb-esxi207 dnsmasq-dhcp[3876743]: read /opt/stack/data/neutron/dhcp/cf1bea0e-c46e-458d-a135-4dc1a32563bc/host
Oct 18 12:47:37.220782 podb-esxi207 dnsmasq-dhcp[3876743]: read /opt/stack/data/neutron/dhcp/cf1bea0e-c46e-458d-a135-4dc1a32563bc/opts
Oct 18 12:47:42.638331 podb-esxi207 dnsmasq[3876743]: read /opt/stack/data/neutron/dhcp/cf1bea0e-c46e-458d-a135-4dc1a32563bc/addn_hosts - 0 names
Oct 18 12:47:42.638438 podb-esxi207 dnsmasq-dhcp[3876743]: read /opt/stack/data/neutron/dhcp/cf1bea0e-c46e-458d-a135-4dc1a32563bc/host
Oct 18 12:47:42.638531 podb-esxi207 dnsmasq-dhcp[3876743]: read /opt/stack/data/neutron/dhcp/cf1bea0e-c46e-458d-a135-4dc1a32563bc/opts
Oct 18 12:47:43.632845 podb-esxi207 dnsmasq[3876743]: exiting on receipt of SIGTERM
Oct 18 12:47:44.261661 podb-esxi207 dnsmasq-dhcp[3877031]: DHCPRELEASE(tap1ed9f853-6b) 10.1.0.1 fa:16:3e:95:da:a0
Oct 18 12:47:45.085261 podb-esxi207 dnsmasq[3877031]: read /opt/stack/data/neutron/dhcp/bb5ad1ff-29fd-4b2f-9a73-a86ef155ee9e/addn_hosts - 0 names
Oct 18 12:47:45.085339 podb-esxi207 dnsmasq-dhcp[3877031]: read /opt/stack/data/neutron/dhcp/bb5ad1ff-29fd-4b2f-9a73-a86ef155ee9e/host
Oct 18 12:47:45.085438 podb-esxi207 dnsmasq-dhcp[3877031]: read /opt/stack/data/neutron/dhcp/bb5ad1ff-29fd-4b2f-9a73-a86ef155ee9e/opts
Oct 18 12:47:45.857400 podb-esxi207 dnsmasq[3877031]: exiting on receipt of SIGTERM
Oct 18 12:47:51.040075 podb-esxi207 dnsmasq[3879850]: started, version 2.90 cachesize 150
Oct 18 12:47:51.040105 podb-esxi207 dnsmasq[3879850]: DNS service limited to local subnets
Oct 18 12:47:51.040121 podb-esxi207 dnsmasq[3879850]: compile time options: IPv6 GNU-getopt DBus no-UBus i18n IDN2 DHCP DHCPv6 no-Lua TFTP conntrack ipset no-nftset auth cryptohash DNSSEC loop-detect inotify dumpfile
Oct 18 12:47:51.040164 podb-esxi207 dnsmasq-dhcp[3879850]: DHCP, static leases only on 10.1.0.0, lease time 1d
Oct 18 12:47:51.040327 podb-esxi207 dnsmasq[3879850]: reading /etc/resolv.conf
Oct 18 12:47:51.040344 podb-esxi207 dnsmasq[3879850]: using nameserver 127.0.0.53#53
Oct 18 12:47:51.040980 podb-esxi207 dnsmasq[3879850]: read /opt/stack/data/neutron/dhcp/ad3266af-8812-4065-8595-6f2cfa4dfce8/addn_hosts - 0 names
Oct 18 12:47:51.041032 podb-esxi207 dnsmasq-dhcp[3879850]: read /opt/stack/data/neutron/dhcp/ad3266af-8812-4065-8595-6f2cfa4dfce8/host
Oct 18 12:47:51.041093 podb-esxi207 dnsmasq-dhcp[3879850]: read /opt/stack/data/neutron/dhcp/ad3266af-8812-4065-8595-6f2cfa4dfce8/opts
Oct 18 12:47:52.583190 podb-esxi207 dnsmasq[3879850]: read /opt/stack/data/neutron/dhcp/ad3266af-8812-4065-8595-6f2cfa4dfce8/addn_hosts - 2 names
Oct 18 12:47:52.583293 podb-esxi207 dnsmasq-dhcp[3879850]: read /opt/stack/data/neutron/dhcp/ad3266af-8812-4065-8595-6f2cfa4dfce8/host
Oct 18 12:47:52.583405 podb-esxi207 dnsmasq-dhcp[3879850]: read /opt/stack/data/neutron/dhcp/ad3266af-8812-4065-8595-6f2cfa4dfce8/opts
Oct 18 12:47:55.528913 podb-esxi207 dnsmasq[3880164]: started, version 2.90 cachesize 150
Oct 18 12:47:55.528942 podb-esxi207 dnsmasq[3880164]: DNS service limited to local subnets
Oct 18 12:47:55.528958 podb-esxi207 dnsmasq[3880164]: compile time options: IPv6 GNU-getopt DBus no-UBus i18n IDN2 DHCP DHCPv6 no-Lua TFTP conntrack ipset no-nftset auth cryptohash DNSSEC loop-detect inotify dumpfile
Oct 18 12:47:55.528994 podb-esxi207 dnsmasq-dhcp[3880164]: DHCP, static leases only on 10.1.0.0, lease time 1d
Oct 18 12:47:55.529167 podb-esxi207 dnsmasq[3880164]: reading /etc/resolv.conf
Oct 18 12:47:55.529189 podb-esxi207 dnsmasq[3880164]: using nameserver 127.0.0.53#53
Oct 18 12:47:55.529289 podb-esxi207 dnsmasq[3880164]: read /opt/stack/data/neutron/dhcp/d2565ddf-aece-4582-8fcd-c0883c5ba784/addn_hosts - 0 names
Oct 18 12:47:55.529345 podb-esxi207 dnsmasq-dhcp[3880164]: read /opt/stack/data/neutron/dhcp/d2565ddf-aece-4582-8fcd-c0883c5ba784/host
Oct 18 12:47:55.529412 podb-esxi207 dnsmasq-dhcp[3880164]: read /opt/stack/data/neutron/dhcp/d2565ddf-aece-4582-8fcd-c0883c5ba784/opts
Oct 18 12:47:56.569026 podb-esxi207 dnsmasq[3877507]: read /opt/stack/data/neutron/dhcp/6d06e22d-b3b1-4b1b-97a2-8c11a8544546/addn_hosts - 0 names
Oct 18 12:47:56.569122 podb-esxi207 dnsmasq-dhcp[3877507]: read /opt/stack/data/neutron/dhcp/6d06e22d-b3b1-4b1b-97a2-8c11a8544546/host
Oct 18 12:47:56.569223 podb-esxi207 dnsmasq-dhcp[3877507]: read /opt/stack/data/neutron/dhcp/6d06e22d-b3b1-4b1b-97a2-8c11a8544546/opts
Oct 18 12:47:57.376233 podb-esxi207 dnsmasq[3879850]: read /opt/stack/data/neutron/dhcp/ad3266af-8812-4065-8595-6f2cfa4dfce8/addn_hosts - 2 names
Oct 18 12:47:57.376370 podb-esxi207 dnsmasq-dhcp[3879850]: read /opt/stack/data/neutron/dhcp/ad3266af-8812-4065-8595-6f2cfa4dfce8/host
Oct 18 12:47:57.376477 podb-esxi207 dnsmasq-dhcp[3879850]: read /opt/stack/data/neutron/dhcp/ad3266af-8812-4065-8595-6f2cfa4dfce8/opts
Oct 18 12:47:58.140094 podb-esxi207 dnsmasq[3878156]: read /opt/stack/data/neutron/dhcp/8a0fa6ae-6a90-4702-a3aa-0afb83a29ee2/addn_hosts - 0 names
Oct 18 12:47:58.140167 podb-esxi207 dnsmasq-dhcp[3878156]: read /opt/stack/data/neutron/dhcp/8a0fa6ae-6a90-4702-a3aa-0afb83a29ee2/host
Oct 18 12:47:58.140231 podb-esxi207 dnsmasq-dhcp[3878156]: read /opt/stack/data/neutron/dhcp/8a0fa6ae-6a90-4702-a3aa-0afb83a29ee2/opts
Oct 18 12:47:59.410347 podb-esxi207 dnsmasq[3880164]: read /opt/stack/data/neutron/dhcp/d2565ddf-aece-4582-8fcd-c0883c5ba784/addn_hosts - 2 names
Oct 18 12:47:59.410458 podb-esxi207 dnsmasq-dhcp[3880164]: read /opt/stack/data/neutron/dhcp/d2565ddf-aece-4582-8fcd-c0883c5ba784/host
Oct 18 12:47:59.410562 podb-esxi207 dnsmasq-dhcp[3880164]: read /opt/stack/data/neutron/dhcp/d2565ddf-aece-4582-8fcd-c0883c5ba784/opts
Oct 18 12:48:00.163747 podb-esxi207 dnsmasq[3877507]: exiting on receipt of SIGTERM
Oct 18 12:48:01.269127 podb-esxi207 dnsmasq[3879850]: read /opt/stack/data/neutron/dhcp/ad3266af-8812-4065-8595-6f2cfa4dfce8/addn_hosts - 2 names
Oct 18 12:48:01.269239 podb-esxi207 dnsmasq-dhcp[3879850]: read /opt/stack/data/neutron/dhcp/ad3266af-8812-4065-8595-6f2cfa4dfce8/host
Oct 18 12:48:01.269346 podb-esxi207 dnsmasq-dhcp[3879850]: read /opt/stack/data/neutron/dhcp/ad3266af-8812-4065-8595-6f2cfa4dfce8/opts
Oct 18 12:48:01.511591 podb-esxi207 dnsmasq[3878156]: exiting on receipt of SIGTERM
Oct 18 12:48:02.615683 podb-esxi207 dnsmasq[3880164]: read /opt/stack/data/neutron/dhcp/d2565ddf-aece-4582-8fcd-c0883c5ba784/addn_hosts - 2 names
Oct 18 12:48:02.615804 podb-esxi207 dnsmasq-dhcp[3880164]: read /opt/stack/data/neutron/dhcp/d2565ddf-aece-4582-8fcd-c0883c5ba784/host
Oct 18 12:48:02.615912 podb-esxi207 dnsmasq-dhcp[3880164]: read /opt/stack/data/neutron/dhcp/d2565ddf-aece-4582-8fcd-c0883c5ba784/opts
Oct 18 12:48:03.884044 podb-esxi207 dnsmasq[3880164]: read /opt/stack/data/neutron/dhcp/d2565ddf-aece-4582-8fcd-c0883c5ba784/addn_hosts - 2 names
Oct 18 12:48:03.884131 podb-esxi207 dnsmasq-dhcp[3880164]: read /opt/stack/data/neutron/dhcp/d2565ddf-aece-4582-8fcd-c0883c5ba784/host
Oct 18 12:48:03.884219 podb-esxi207 dnsmasq-dhcp[3880164]: read /opt/stack/data/neutron/dhcp/d2565ddf-aece-4582-8fcd-c0883c5ba784/opts
Oct 18 12:48:15.287980 podb-esxi207 dnsmasq[3880673]: started, version 2.90 cachesize 150
Oct 18 12:48:15.288010 podb-esxi207 dnsmasq[3880673]: DNS service limited to local subnets
Oct 18 12:48:15.288025 podb-esxi207 dnsmasq[3880673]: compile time options: IPv6 GNU-getopt DBus no-UBus i18n IDN2 DHCP DHCPv6 no-Lua TFTP conntrack ipset no-nftset auth cryptohash DNSSEC loop-detect inotify dumpfile
Oct 18 12:48:15.288074 podb-esxi207 dnsmasq-dhcp[3880673]: DHCP, static leases only on 10.1.0.0, lease time 1d
Oct 18 12:48:15.288230 podb-esxi207 dnsmasq[3880673]: reading /etc/resolv.conf
Oct 18 12:48:15.288247 podb-esxi207 dnsmasq[3880673]: using nameserver 127.0.0.53#53
Oct 18 12:48:15.288343 podb-esxi207 dnsmasq[3880673]: read /opt/stack/data/neutron/dhcp/97f1a434-32ec-41af-90fb-6182c6efa416/addn_hosts - 0 names
Oct 18 12:48:15.288396 podb-esxi207 dnsmasq-dhcp[3880673]: read /opt/stack/data/neutron/dhcp/97f1a434-32ec-41af-90fb-6182c6efa416/host
Oct 18 12:48:15.288452 podb-esxi207 dnsmasq-dhcp[3880673]: read /opt/stack/data/neutron/dhcp/97f1a434-32ec-41af-90fb-6182c6efa416/opts
Oct 18 12:48:16.833378 podb-esxi207 dnsmasq[3880673]: read /opt/stack/data/neutron/dhcp/97f1a434-32ec-41af-90fb-6182c6efa416/addn_hosts - 2 names
Oct 18 12:48:16.833502 podb-esxi207 dnsmasq-dhcp[3880673]: read /opt/stack/data/neutron/dhcp/97f1a434-32ec-41af-90fb-6182c6efa416/host
Oct 18 12:48:16.833606 podb-esxi207 dnsmasq-dhcp[3880673]: read /opt/stack/data/neutron/dhcp/97f1a434-32ec-41af-90fb-6182c6efa416/opts
