Oct 16 18:52:08.894767 podb-esxi207 dnsmasq-dhcp[999597]: DHCPRELEASE(tap1a7a6a52-76) 10.1.0.13 fa:16:3e:5f:c0:72
Oct 16 18:52:08.911119 podb-esxi207 dnsmasq-dhcp[999597]: DHCPRELEASE(tap1a7a6a52-76) 10.1.0.13 fa:16:3e:5f:c0:72 unknown lease
Oct 16 18:52:09.735880 podb-esxi207 dnsmasq[999597]: read /opt/stack/data/neutron/dhcp/9ef5dbf4-a7ca-44ce-a18c-a595d4d9861c/addn_hosts - 2 names
Oct 16 18:52:09.735971 podb-esxi207 dnsmasq-dhcp[999597]: read /opt/stack/data/neutron/dhcp/9ef5dbf4-a7ca-44ce-a18c-a595d4d9861c/host
Oct 16 18:52:09.736082 podb-esxi207 dnsmasq-dhcp[999597]: read /opt/stack/data/neutron/dhcp/9ef5dbf4-a7ca-44ce-a18c-a595d4d9861c/opts
Oct 16 18:52:20.454232 podb-esxi207 dnsmasq[999597]: read /opt/stack/data/neutron/dhcp/9ef5dbf4-a7ca-44ce-a18c-a595d4d9861c/addn_hosts - 4 names
Oct 16 18:52:20.454347 podb-esxi207 dnsmasq-dhcp[999597]: read /opt/stack/data/neutron/dhcp/9ef5dbf4-a7ca-44ce-a18c-a595d4d9861c/host
Oct 16 18:52:20.454469 podb-esxi207 dnsmasq-dhcp[999597]: read /opt/stack/data/neutron/dhcp/9ef5dbf4-a7ca-44ce-a18c-a595d4d9861c/opts
Oct 16 18:52:42.354485 podb-esxi207 dnsmasq-dhcp[999597]: DHCPDISCOVER(tap1a7a6a52-76) fa:16:3e:3c:e8:6b
Oct 16 18:52:42.354515 podb-esxi207 dnsmasq-dhcp[999597]: DHCPOFFER(tap1a7a6a52-76) 10.1.0.6 fa:16:3e:3c:e8:6b
Oct 16 18:52:42.367692 podb-esxi207 dnsmasq-dhcp[999597]: DHCPREQUEST(tap1a7a6a52-76) 10.1.0.6 fa:16:3e:3c:e8:6b
Oct 16 18:52:42.367725 podb-esxi207 dnsmasq-dhcp[999597]: DHCPACK(tap1a7a6a52-76) 10.1.0.6 fa:16:3e:3c:e8:6b host-10-1-0-6
Oct 16 18:53:11.177784 podb-esxi207 dnsmasq-dhcp[1000907]: DHCPRELEASE(tap1d1ddd5c-40) 10.1.0.14 fa:16:3e:2f:7a:11
Oct 16 18:53:11.191042 podb-esxi207 dnsmasq-dhcp[1000907]: DHCPRELEASE(tap1d1ddd5c-40) 10.1.0.14 fa:16:3e:2f:7a:11 unknown lease
Oct 16 18:53:12.014220 podb-esxi207 dnsmasq[1000907]: read /opt/stack/data/neutron/dhcp/0947d6fa-37a2-45fb-9f90-eef7b2d6f793/addn_hosts - 2 names
Oct 16 18:53:12.014295 podb-esxi207 dnsmasq-dhcp[1000907]: read /opt/stack/data/neutron/dhcp/0947d6fa-37a2-45fb-9f90-eef7b2d6f793/host
Oct 16 18:53:12.014364 podb-esxi207 dnsmasq-dhcp[1000907]: read /opt/stack/data/neutron/dhcp/0947d6fa-37a2-45fb-9f90-eef7b2d6f793/opts
Oct 16 18:53:24.656426 podb-esxi207 dnsmasq[1000907]: read /opt/stack/data/neutron/dhcp/0947d6fa-37a2-45fb-9f90-eef7b2d6f793/addn_hosts - 4 names
Oct 16 18:53:24.656556 podb-esxi207 dnsmasq-dhcp[1000907]: read /opt/stack/data/neutron/dhcp/0947d6fa-37a2-45fb-9f90-eef7b2d6f793/host
Oct 16 18:53:24.656679 podb-esxi207 dnsmasq-dhcp[1000907]: read /opt/stack/data/neutron/dhcp/0947d6fa-37a2-45fb-9f90-eef7b2d6f793/opts
Oct 16 18:53:47.630718 podb-esxi207 dnsmasq-dhcp[1000907]: DHCPDISCOVER(tap1d1ddd5c-40) fa:16:3e:55:30:db
Oct 16 18:53:47.630746 podb-esxi207 dnsmasq-dhcp[1000907]: DHCPOFFER(tap1d1ddd5c-40) 10.1.0.7 fa:16:3e:55:30:db
Oct 16 18:53:47.643262 podb-esxi207 dnsmasq-dhcp[1000907]: DHCPREQUEST(tap1d1ddd5c-40) 10.1.0.7 fa:16:3e:55:30:db
Oct 16 18:53:47.643292 podb-esxi207 dnsmasq-dhcp[1000907]: DHCPACK(tap1d1ddd5c-40) 10.1.0.7 fa:16:3e:55:30:db host-10-1-0-7
Oct 16 18:54:03.944732 podb-esxi207 dnsmasq-dhcp[999597]: DHCPRELEASE(tap1a7a6a52-76) 10.1.0.6 fa:16:3e:3c:e8:6b
Oct 16 18:54:03.961475 podb-esxi207 dnsmasq-dhcp[999597]: DHCPRELEASE(tap1a7a6a52-76) 10.1.0.6 fa:16:3e:3c:e8:6b unknown lease
Oct 16 18:54:04.787817 podb-esxi207 dnsmasq[999597]: read /opt/stack/data/neutron/dhcp/9ef5dbf4-a7ca-44ce-a18c-a595d4d9861c/addn_hosts - 2 names
Oct 16 18:54:04.787932 podb-esxi207 dnsmasq-dhcp[999597]: read /opt/stack/data/neutron/dhcp/9ef5dbf4-a7ca-44ce-a18c-a595d4d9861c/host
Oct 16 18:54:04.788046 podb-esxi207 dnsmasq-dhcp[999597]: read /opt/stack/data/neutron/dhcp/9ef5dbf4-a7ca-44ce-a18c-a595d4d9861c/opts
Oct 16 18:54:15.811876 podb-esxi207 dnsmasq[999597]: read /opt/stack/data/neutron/dhcp/9ef5dbf4-a7ca-44ce-a18c-a595d4d9861c/addn_hosts - 4 names
Oct 16 18:54:15.811973 podb-esxi207 dnsmasq-dhcp[999597]: read /opt/stack/data/neutron/dhcp/9ef5dbf4-a7ca-44ce-a18c-a595d4d9861c/host
Oct 16 18:54:15.812080 podb-esxi207 dnsmasq-dhcp[999597]: read /opt/stack/data/neutron/dhcp/9ef5dbf4-a7ca-44ce-a18c-a595d4d9861c/opts
Oct 16 18:54:38.044188 podb-esxi207 dnsmasq-dhcp[999597]: DHCPDISCOVER(tap1a7a6a52-76) fa:16:3e:7a:76:fb
Oct 16 18:54:38.044214 podb-esxi207 dnsmasq-dhcp[999597]: DHCPOFFER(tap1a7a6a52-76) 10.1.0.13 fa:16:3e:7a:76:fb
Oct 16 18:54:38.055228 podb-esxi207 dnsmasq-dhcp[999597]: DHCPREQUEST(tap1a7a6a52-76) 10.1.0.13 fa:16:3e:7a:76:fb
Oct 16 18:54:38.055252 podb-esxi207 dnsmasq-dhcp[999597]: DHCPACK(tap1a7a6a52-76) 10.1.0.13 fa:16:3e:7a:76:fb host-10-1-0-13
Oct 16 18:54:43.796375 podb-esxi207 dnsmasq-dhcp[1000907]: DHCPREQUEST(tap1d1ddd5c-40) 10.1.0.7 fa:16:3e:55:30:db
Oct 16 18:54:43.796407 podb-esxi207 dnsmasq-dhcp[1000907]: DHCPACK(tap1d1ddd5c-40) 10.1.0.7 fa:16:3e:55:30:db host-10-1-0-7
Oct 16 18:55:19.723060 podb-esxi207 dnsmasq[1006205]: started, version 2.90 cachesize 150
Oct 16 18:55:19.723090 podb-esxi207 dnsmasq[1006205]: DNS service limited to local subnets
Oct 16 18:55:19.723106 podb-esxi207 dnsmasq[1006205]: compile time options: IPv6 GNU-getopt DBus no-UBus i18n IDN2 DHCP DHCPv6 no-Lua TFTP conntrack ipset no-nftset auth cryptohash DNSSEC loop-detect inotify dumpfile
Oct 16 18:55:19.723141 podb-esxi207 dnsmasq-dhcp[1006205]: DHCP, static leases only on 10.1.0.0, lease time 1d
Oct 16 18:55:19.723293 podb-esxi207 dnsmasq[1006205]: reading /etc/resolv.conf
Oct 16 18:55:19.723310 podb-esxi207 dnsmasq[1006205]: using nameserver 127.0.0.53#53
Oct 16 18:55:19.723408 podb-esxi207 dnsmasq[1006205]: read /opt/stack/data/neutron/dhcp/ad58224e-6537-4a43-933e-864ae7b35e6f/addn_hosts - 0 names
Oct 16 18:55:19.723460 podb-esxi207 dnsmasq-dhcp[1006205]: read /opt/stack/data/neutron/dhcp/ad58224e-6537-4a43-933e-864ae7b35e6f/host
Oct 16 18:55:19.723527 podb-esxi207 dnsmasq-dhcp[1006205]: read /opt/stack/data/neutron/dhcp/ad58224e-6537-4a43-933e-864ae7b35e6f/opts
Oct 16 18:55:21.276990 podb-esxi207 dnsmasq[1006205]: read /opt/stack/data/neutron/dhcp/ad58224e-6537-4a43-933e-864ae7b35e6f/addn_hosts - 2 names
Oct 16 18:55:21.277124 podb-esxi207 dnsmasq-dhcp[1006205]: read /opt/stack/data/neutron/dhcp/ad58224e-6537-4a43-933e-864ae7b35e6f/host
Oct 16 18:55:21.277228 podb-esxi207 dnsmasq-dhcp[1006205]: read /opt/stack/data/neutron/dhcp/ad58224e-6537-4a43-933e-864ae7b35e6f/opts
Oct 16 18:55:22.530032 podb-esxi207 dnsmasq[1006205]: read /opt/stack/data/neutron/dhcp/ad58224e-6537-4a43-933e-864ae7b35e6f/addn_hosts - 2 names
Oct 16 18:55:22.530146 podb-esxi207 dnsmasq-dhcp[1006205]: read /opt/stack/data/neutron/dhcp/ad58224e-6537-4a43-933e-864ae7b35e6f/host
Oct 16 18:55:22.530250 podb-esxi207 dnsmasq-dhcp[1006205]: read /opt/stack/data/neutron/dhcp/ad58224e-6537-4a43-933e-864ae7b35e6f/opts
Oct 16 18:55:23.771797 podb-esxi207 dnsmasq[1006205]: read /opt/stack/data/neutron/dhcp/ad58224e-6537-4a43-933e-864ae7b35e6f/addn_hosts - 2 names
Oct 16 18:55:23.771872 podb-esxi207 dnsmasq-dhcp[1006205]: read /opt/stack/data/neutron/dhcp/ad58224e-6537-4a43-933e-864ae7b35e6f/host
Oct 16 18:55:23.771942 podb-esxi207 dnsmasq-dhcp[1006205]: read /opt/stack/data/neutron/dhcp/ad58224e-6537-4a43-933e-864ae7b35e6f/opts
Oct 16 18:55:28.397837 podb-esxi207 dnsmasq[1006205]: read /opt/stack/data/neutron/dhcp/ad58224e-6537-4a43-933e-864ae7b35e6f/addn_hosts - 4 names
Oct 16 18:55:28.397987 podb-esxi207 dnsmasq-dhcp[1006205]: read /opt/stack/data/neutron/dhcp/ad58224e-6537-4a43-933e-864ae7b35e6f/host
Oct 16 18:55:28.398099 podb-esxi207 dnsmasq-dhcp[1006205]: read /opt/stack/data/neutron/dhcp/ad58224e-6537-4a43-933e-864ae7b35e6f/opts
Oct 16 18:55:41.615190 podb-esxi207 dnsmasq[1006205]: read /opt/stack/data/neutron/dhcp/ad58224e-6537-4a43-933e-864ae7b35e6f/addn_hosts - 2 names
Oct 16 18:55:41.615321 podb-esxi207 dnsmasq-dhcp[1006205]: read /opt/stack/data/neutron/dhcp/ad58224e-6537-4a43-933e-864ae7b35e6f/host
Oct 16 18:55:41.615430 podb-esxi207 dnsmasq-dhcp[1006205]: read /opt/stack/data/neutron/dhcp/ad58224e-6537-4a43-933e-864ae7b35e6f/opts
Oct 16 18:55:51.610423 podb-esxi207 dnsmasq[1006205]: read /opt/stack/data/neutron/dhcp/ad58224e-6537-4a43-933e-864ae7b35e6f/addn_hosts - 4 names
Oct 16 18:55:51.610569 podb-esxi207 dnsmasq-dhcp[1006205]: read /opt/stack/data/neutron/dhcp/ad58224e-6537-4a43-933e-864ae7b35e6f/host
Oct 16 18:55:51.610686 podb-esxi207 dnsmasq-dhcp[1006205]: read /opt/stack/data/neutron/dhcp/ad58224e-6537-4a43-933e-864ae7b35e6f/opts
Oct 16 18:55:54.477672 podb-esxi207 dnsmasq-dhcp[1000907]: DHCPRELEASE(tap1d1ddd5c-40) 10.1.0.7 fa:16:3e:55:30:db
Oct 16 18:55:54.493996 podb-esxi207 dnsmasq-dhcp[1000907]: DHCPRELEASE(tap1d1ddd5c-40) 10.1.0.7 fa:16:3e:55:30:db unknown lease
Oct 16 18:55:55.317979 podb-esxi207 dnsmasq[1000907]: read /opt/stack/data/neutron/dhcp/0947d6fa-37a2-45fb-9f90-eef7b2d6f793/addn_hosts - 2 names
Oct 16 18:55:55.318096 podb-esxi207 dnsmasq-dhcp[1000907]: read /opt/stack/data/neutron/dhcp/0947d6fa-37a2-45fb-9f90-eef7b2d6f793/host
Oct 16 18:55:55.318208 podb-esxi207 dnsmasq-dhcp[1000907]: read /opt/stack/data/neutron/dhcp/0947d6fa-37a2-45fb-9f90-eef7b2d6f793/opts
Oct 16 18:56:00.493036 podb-esxi207 dnsmasq[1000907]: read /opt/stack/data/neutron/dhcp/0947d6fa-37a2-45fb-9f90-eef7b2d6f793/addn_hosts - 0 names
Oct 16 18:56:00.493109 podb-esxi207 dnsmasq-dhcp[1000907]: read /opt/stack/data/neutron/dhcp/0947d6fa-37a2-45fb-9f90-eef7b2d6f793/host
Oct 16 18:56:00.493189 podb-esxi207 dnsmasq-dhcp[1000907]: read /opt/stack/data/neutron/dhcp/0947d6fa-37a2-45fb-9f90-eef7b2d6f793/opts
Oct 16 18:56:01.327377 podb-esxi207 dnsmasq[1000907]: exiting on receipt of SIGTERM
Oct 16 18:56:02.432785 podb-esxi207 dnsmasq[1001159]: read /opt/stack/data/neutron/dhcp/d8e1c8fa-09d8-4b9a-9d6a-d82724e0ddb1/addn_hosts - 0 names
Oct 16 18:56:02.432850 podb-esxi207 dnsmasq-dhcp[1001159]: read /opt/stack/data/neutron/dhcp/d8e1c8fa-09d8-4b9a-9d6a-d82724e0ddb1/host
Oct 16 18:56:02.432906 podb-esxi207 dnsmasq-dhcp[1001159]: read /opt/stack/data/neutron/dhcp/d8e1c8fa-09d8-4b9a-9d6a-d82724e0ddb1/opts
Oct 16 18:56:02.665549 podb-esxi207 dnsmasq[1001159]: exiting on receipt of SIGTERM
Oct 16 18:56:06.991253 podb-esxi207 dnsmasq[1007328]: started, version 2.90 cachesize 150
Oct 16 18:56:06.991284 podb-esxi207 dnsmasq[1007328]: DNS service limited to local subnets
Oct 16 18:56:06.991299 podb-esxi207 dnsmasq[1007328]: compile time options: IPv6 GNU-getopt DBus no-UBus i18n IDN2 DHCP DHCPv6 no-Lua TFTP conntrack ipset no-nftset auth cryptohash DNSSEC loop-detect inotify dumpfile
Oct 16 18:56:06.991335 podb-esxi207 dnsmasq-dhcp[1007328]: DHCP, static leases only on 10.1.0.0, lease time 1d
Oct 16 18:56:06.991487 podb-esxi207 dnsmasq[1007328]: reading /etc/resolv.conf
Oct 16 18:56:06.991504 podb-esxi207 dnsmasq[1007328]: using nameserver 127.0.0.53#53
Oct 16 18:56:06.991594 podb-esxi207 dnsmasq[1007328]: read /opt/stack/data/neutron/dhcp/302b1d22-1aee-4a6b-b1e0-26bf526faf49/addn_hosts - 0 names
Oct 16 18:56:06.991645 podb-esxi207 dnsmasq-dhcp[1007328]: read /opt/stack/data/neutron/dhcp/302b1d22-1aee-4a6b-b1e0-26bf526faf49/host
Oct 16 18:56:06.991713 podb-esxi207 dnsmasq-dhcp[1007328]: read /opt/stack/data/neutron/dhcp/302b1d22-1aee-4a6b-b1e0-26bf526faf49/opts
Oct 16 18:56:07.529059 podb-esxi207 dnsmasq[1006205]: read /opt/stack/data/neutron/dhcp/ad58224e-6537-4a43-933e-864ae7b35e6f/addn_hosts - 2 names
Oct 16 18:56:07.529169 podb-esxi207 dnsmasq-dhcp[1006205]: read /opt/stack/data/neutron/dhcp/ad58224e-6537-4a43-933e-864ae7b35e6f/host
Oct 16 18:56:07.529280 podb-esxi207 dnsmasq-dhcp[1006205]: read /opt/stack/data/neutron/dhcp/ad58224e-6537-4a43-933e-864ae7b35e6f/opts
Oct 16 18:56:09.288707 podb-esxi207 dnsmasq[1007328]: read /opt/stack/data/neutron/dhcp/302b1d22-1aee-4a6b-b1e0-26bf526faf49/addn_hosts - 2 names
Oct 16 18:56:09.288801 podb-esxi207 dnsmasq-dhcp[1007328]: read /opt/stack/data/neutron/dhcp/302b1d22-1aee-4a6b-b1e0-26bf526faf49/host
Oct 16 18:56:09.288869 podb-esxi207 dnsmasq-dhcp[1007328]: read /opt/stack/data/neutron/dhcp/302b1d22-1aee-4a6b-b1e0-26bf526faf49/opts
Oct 16 18:56:12.222546 podb-esxi207 dnsmasq[1007765]: started, version 2.90 cachesize 150
Oct 16 18:56:12.222573 podb-esxi207 dnsmasq[1007765]: DNS service limited to local subnets
Oct 16 18:56:12.222588 podb-esxi207 dnsmasq[1007765]: compile time options: IPv6 GNU-getopt DBus no-UBus i18n IDN2 DHCP DHCPv6 no-Lua TFTP conntrack ipset no-nftset auth cryptohash DNSSEC loop-detect inotify dumpfile
Oct 16 18:56:12.222626 podb-esxi207 dnsmasq-dhcp[1007765]: DHCP, static leases only on 10.1.0.0, lease time 1d
Oct 16 18:56:12.222778 podb-esxi207 dnsmasq[1007765]: reading /etc/resolv.conf
Oct 16 18:56:12.222795 podb-esxi207 dnsmasq[1007765]: using nameserver 127.0.0.53#53
Oct 16 18:56:12.222911 podb-esxi207 dnsmasq[1007765]: read /opt/stack/data/neutron/dhcp/73a364c9-4e84-46b0-a955-29288e413f53/addn_hosts - 2 names
Oct 16 18:56:12.222970 podb-esxi207 dnsmasq-dhcp[1007765]: read /opt/stack/data/neutron/dhcp/73a364c9-4e84-46b0-a955-29288e413f53/host
Oct 16 18:56:12.223037 podb-esxi207 dnsmasq-dhcp[1007765]: read /opt/stack/data/neutron/dhcp/73a364c9-4e84-46b0-a955-29288e413f53/opts
Oct 16 18:56:13.266066 podb-esxi207 dnsmasq[1007328]: read /opt/stack/data/neutron/dhcp/302b1d22-1aee-4a6b-b1e0-26bf526faf49/addn_hosts - 2 names
Oct 16 18:56:13.266182 podb-esxi207 dnsmasq-dhcp[1007328]: read /opt/stack/data/neutron/dhcp/302b1d22-1aee-4a6b-b1e0-26bf526faf49/host
Oct 16 18:56:13.266256 podb-esxi207 dnsmasq-dhcp[1007328]: read /opt/stack/data/neutron/dhcp/302b1d22-1aee-4a6b-b1e0-26bf526faf49/opts
Oct 16 18:56:13.502895 podb-esxi207 dnsmasq-dhcp[999597]: DHCPRELEASE(tap1a7a6a52-76) 10.1.0.13 fa:16:3e:7a:76:fb
Oct 16 18:56:13.519348 podb-esxi207 dnsmasq-dhcp[999597]: DHCPRELEASE(tap1a7a6a52-76) 10.1.0.13 fa:16:3e:7a:76:fb unknown lease
Oct 16 18:56:14.344743 podb-esxi207 dnsmasq[999597]: read /opt/stack/data/neutron/dhcp/9ef5dbf4-a7ca-44ce-a18c-a595d4d9861c/addn_hosts - 2 names
Oct 16 18:56:14.344823 podb-esxi207 dnsmasq-dhcp[999597]: read /opt/stack/data/neutron/dhcp/9ef5dbf4-a7ca-44ce-a18c-a595d4d9861c/host
Oct 16 18:56:14.344916 podb-esxi207 dnsmasq-dhcp[999597]: read /opt/stack/data/neutron/dhcp/9ef5dbf4-a7ca-44ce-a18c-a595d4d9861c/opts
Oct 16 18:56:15.602956 podb-esxi207 dnsmasq[1007765]: read /opt/stack/data/neutron/dhcp/73a364c9-4e84-46b0-a955-29288e413f53/addn_hosts - 2 names
Oct 16 18:56:15.603046 podb-esxi207 dnsmasq-dhcp[1007765]: read /opt/stack/data/neutron/dhcp/73a364c9-4e84-46b0-a955-29288e413f53/host
Oct 16 18:56:15.603157 podb-esxi207 dnsmasq-dhcp[1007765]: read /opt/stack/data/neutron/dhcp/73a364c9-4e84-46b0-a955-29288e413f53/opts
Oct 16 18:56:16.852683 podb-esxi207 dnsmasq[1007328]: read /opt/stack/data/neutron/dhcp/302b1d22-1aee-4a6b-b1e0-26bf526faf49/addn_hosts - 2 names
Oct 16 18:56:16.852775 podb-esxi207 dnsmasq-dhcp[1007328]: read /opt/stack/data/neutron/dhcp/302b1d22-1aee-4a6b-b1e0-26bf526faf49/host
Oct 16 18:56:16.852852 podb-esxi207 dnsmasq-dhcp[1007328]: read /opt/stack/data/neutron/dhcp/302b1d22-1aee-4a6b-b1e0-26bf526faf49/opts
Oct 16 18:56:17.702107 podb-esxi207 dnsmasq[1007765]: read /opt/stack/data/neutron/dhcp/73a364c9-4e84-46b0-a955-29288e413f53/addn_hosts - 2 names
Oct 16 18:56:17.702196 podb-esxi207 dnsmasq-dhcp[1007765]: read /opt/stack/data/neutron/dhcp/73a364c9-4e84-46b0-a955-29288e413f53/host
Oct 16 18:56:17.702284 podb-esxi207 dnsmasq-dhcp[1007765]: read /opt/stack/data/neutron/dhcp/73a364c9-4e84-46b0-a955-29288e413f53/opts
Oct 16 18:56:19.016973 podb-esxi207 dnsmasq[1007328]: read /opt/stack/data/neutron/dhcp/302b1d22-1aee-4a6b-b1e0-26bf526faf49/addn_hosts - 4 names
Oct 16 18:56:19.017109 podb-esxi207 dnsmasq-dhcp[1007328]: read /opt/stack/data/neutron/dhcp/302b1d22-1aee-4a6b-b1e0-26bf526faf49/host
Oct 16 18:56:19.017219 podb-esxi207 dnsmasq-dhcp[1007328]: read /opt/stack/data/neutron/dhcp/302b1d22-1aee-4a6b-b1e0-26bf526faf49/opts
Oct 16 18:56:19.746208 podb-esxi207 dnsmasq[1007765]: read /opt/stack/data/neutron/dhcp/73a364c9-4e84-46b0-a955-29288e413f53/addn_hosts - 2 names
Oct 16 18:56:19.746305 podb-esxi207 dnsmasq-dhcp[1007765]: read /opt/stack/data/neutron/dhcp/73a364c9-4e84-46b0-a955-29288e413f53/host
Oct 16 18:56:19.746419 podb-esxi207 dnsmasq-dhcp[1007765]: read /opt/stack/data/neutron/dhcp/73a364c9-4e84-46b0-a955-29288e413f53/opts
Oct 16 18:56:40.306134 podb-esxi207 dnsmasq-dhcp[1007328]: DHCPDISCOVER(tap3356a856-f5) fa:16:3e:20:e8:93
Oct 16 18:56:40.306166 podb-esxi207 dnsmasq-dhcp[1007328]: DHCPOFFER(tap3356a856-f5) 10.1.0.12 fa:16:3e:20:e8:93
Oct 16 18:56:40.318216 podb-esxi207 dnsmasq-dhcp[1007328]: DHCPREQUEST(tap3356a856-f5) 10.1.0.12 fa:16:3e:20:e8:93
Oct 16 18:56:40.318252 podb-esxi207 dnsmasq-dhcp[1007328]: DHCPACK(tap3356a856-f5) 10.1.0.12 fa:16:3e:20:e8:93 host-10-1-0-12
Oct 16 18:56:50.727664 podb-esxi207 dnsmasq[1006205]: read /opt/stack/data/neutron/dhcp/ad58224e-6537-4a43-933e-864ae7b35e6f/addn_hosts - 0 names
Oct 16 18:56:50.727736 podb-esxi207 dnsmasq-dhcp[1006205]: read /opt/stack/data/neutron/dhcp/ad58224e-6537-4a43-933e-864ae7b35e6f/host
Oct 16 18:56:50.727788 podb-esxi207 dnsmasq-dhcp[1006205]: read /opt/stack/data/neutron/dhcp/ad58224e-6537-4a43-933e-864ae7b35e6f/opts
Oct 16 18:56:51.559165 podb-esxi207 dnsmasq[1006205]: exiting on receipt of SIGTERM
Oct 16 18:56:58.175288 podb-esxi207 dnsmasq[999597]: read /opt/stack/data/neutron/dhcp/9ef5dbf4-a7ca-44ce-a18c-a595d4d9861c/addn_hosts - 0 names
Oct 16 18:56:58.175368 podb-esxi207 dnsmasq-dhcp[999597]: read /opt/stack/data/neutron/dhcp/9ef5dbf4-a7ca-44ce-a18c-a595d4d9861c/host
Oct 16 18:56:58.175461 podb-esxi207 dnsmasq-dhcp[999597]: read /opt/stack/data/neutron/dhcp/9ef5dbf4-a7ca-44ce-a18c-a595d4d9861c/opts
Oct 16 18:56:59.018232 podb-esxi207 dnsmasq[999597]: exiting on receipt of SIGTERM
Oct 16 18:58:32.314747 podb-esxi207 dnsmasq[1007328]: read /opt/stack/data/neutron/dhcp/302b1d22-1aee-4a6b-b1e0-26bf526faf49/addn_hosts - 6 names
Oct 16 18:58:32.314896 podb-esxi207 dnsmasq-dhcp[1007328]: read /opt/stack/data/neutron/dhcp/302b1d22-1aee-4a6b-b1e0-26bf526faf49/host
Oct 16 18:58:32.315006 podb-esxi207 dnsmasq-dhcp[1007328]: read /opt/stack/data/neutron/dhcp/302b1d22-1aee-4a6b-b1e0-26bf526faf49/opts
Oct 16 18:58:58.204328 podb-esxi207 dnsmasq-dhcp[1007328]: DHCPDISCOVER(tap3356a856-f5) fa:16:3e:a8:9b:80
Oct 16 18:58:58.204361 podb-esxi207 dnsmasq-dhcp[1007328]: DHCPOFFER(tap3356a856-f5) 10.1.0.11 fa:16:3e:a8:9b:80
Oct 16 18:58:58.216176 podb-esxi207 dnsmasq-dhcp[1007328]: DHCPREQUEST(tap3356a856-f5) 10.1.0.11 fa:16:3e:a8:9b:80
Oct 16 18:58:58.216213 podb-esxi207 dnsmasq-dhcp[1007328]: DHCPACK(tap3356a856-f5) 10.1.0.11 fa:16:3e:a8:9b:80 host-10-1-0-11
Oct 16 19:00:16.063515 podb-esxi207 dnsmasq-dhcp[1007328]: DHCPRELEASE(tap3356a856-f5) 10.1.0.11 fa:16:3e:a8:9b:80
Oct 16 19:00:16.079567 podb-esxi207 dnsmasq-dhcp[1007328]: DHCPRELEASE(tap3356a856-f5) 10.1.0.11 fa:16:3e:a8:9b:80 unknown lease
Oct 16 19:00:16.904750 podb-esxi207 dnsmasq[1007328]: read /opt/stack/data/neutron/dhcp/302b1d22-1aee-4a6b-b1e0-26bf526faf49/addn_hosts - 4 names
Oct 16 19:00:16.904846 podb-esxi207 dnsmasq-dhcp[1007328]: read /opt/stack/data/neutron/dhcp/302b1d22-1aee-4a6b-b1e0-26bf526faf49/host
Oct 16 19:00:16.904914 podb-esxi207 dnsmasq-dhcp[1007328]: read /opt/stack/data/neutron/dhcp/302b1d22-1aee-4a6b-b1e0-26bf526faf49/opts
Oct 16 19:01:03.266209 podb-esxi207 dnsmasq-dhcp[1007328]: DHCPRELEASE(tap3356a856-f5) 10.1.0.12 fa:16:3e:20:e8:93
Oct 16 19:01:03.282705 podb-esxi207 dnsmasq-dhcp[1007328]: DHCPRELEASE(tap3356a856-f5) 10.1.0.12 fa:16:3e:20:e8:93 unknown lease
Oct 16 19:01:04.107195 podb-esxi207 dnsmasq[1007328]: read /opt/stack/data/neutron/dhcp/302b1d22-1aee-4a6b-b1e0-26bf526faf49/addn_hosts - 2 names
Oct 16 19:01:04.107306 podb-esxi207 dnsmasq-dhcp[1007328]: read /opt/stack/data/neutron/dhcp/302b1d22-1aee-4a6b-b1e0-26bf526faf49/host
Oct 16 19:01:04.107419 podb-esxi207 dnsmasq-dhcp[1007328]: read /opt/stack/data/neutron/dhcp/302b1d22-1aee-4a6b-b1e0-26bf526faf49/opts
Oct 16 19:01:13.468724 podb-esxi207 dnsmasq[1007328]: read /opt/stack/data/neutron/dhcp/302b1d22-1aee-4a6b-b1e0-26bf526faf49/addn_hosts - 0 names
Oct 16 19:01:13.468799 podb-esxi207 dnsmasq-dhcp[1007328]: read /opt/stack/data/neutron/dhcp/302b1d22-1aee-4a6b-b1e0-26bf526faf49/host
Oct 16 19:01:13.468856 podb-esxi207 dnsmasq-dhcp[1007328]: read /opt/stack/data/neutron/dhcp/302b1d22-1aee-4a6b-b1e0-26bf526faf49/opts
Oct 16 19:01:14.273197 podb-esxi207 dnsmasq[1007328]: exiting on receipt of SIGTERM
Oct 16 19:01:14.875266 podb-esxi207 dnsmasq-dhcp[1007765]: DHCPRELEASE(tapf27c3398-93) 10.1.0.1 fa:16:3e:30:ac:42
Oct 16 19:01:15.699188 podb-esxi207 dnsmasq[1007765]: read /opt/stack/data/neutron/dhcp/73a364c9-4e84-46b0-a955-29288e413f53/addn_hosts - 0 names
Oct 16 19:01:15.699282 podb-esxi207 dnsmasq-dhcp[1007765]: read /opt/stack/data/neutron/dhcp/73a364c9-4e84-46b0-a955-29288e413f53/host
Oct 16 19:01:15.699416 podb-esxi207 dnsmasq-dhcp[1007765]: read /opt/stack/data/neutron/dhcp/73a364c9-4e84-46b0-a955-29288e413f53/opts
Oct 16 19:01:15.947043 podb-esxi207 dnsmasq[1007765]: exiting on receipt of SIGTERM
Oct 16 19:02:56.695133 podb-esxi207 dnsmasq[955785]: read /opt/stack/data/neutron/dhcp/32649836-d561-4cbf-a09a-fa8d71457f58/addn_hosts - 2 names
Oct 16 19:02:56.695241 podb-esxi207 dnsmasq-dhcp[955785]: read /opt/stack/data/neutron/dhcp/32649836-d561-4cbf-a09a-fa8d71457f58/host
Oct 16 19:02:56.695331 podb-esxi207 dnsmasq-dhcp[955785]: read /opt/stack/data/neutron/dhcp/32649836-d561-4cbf-a09a-fa8d71457f58/opts
Oct 16 19:03:08.789074 podb-esxi207 dnsmasq[955785]: read /opt/stack/data/neutron/dhcp/32649836-d561-4cbf-a09a-fa8d71457f58/addn_hosts - 0 names
Oct 16 19:03:08.789139 podb-esxi207 dnsmasq-dhcp[955785]: read /opt/stack/data/neutron/dhcp/32649836-d561-4cbf-a09a-fa8d71457f58/host
Oct 16 19:03:08.789189 podb-esxi207 dnsmasq-dhcp[955785]: read /opt/stack/data/neutron/dhcp/32649836-d561-4cbf-a09a-fa8d71457f58/opts
Oct 16 19:03:29.463470 podb-esxi207 dnsmasq[1012409]: started, version 2.90 cachesize 150
Oct 16 19:03:29.463502 podb-esxi207 dnsmasq[1012409]: DNS service limited to local subnets
Oct 16 19:03:29.463518 podb-esxi207 dnsmasq[1012409]: compile time options: IPv6 GNU-getopt DBus no-UBus i18n IDN2 DHCP DHCPv6 no-Lua TFTP conntrack ipset no-nftset auth cryptohash DNSSEC loop-detect inotify dumpfile
Oct 16 19:03:29.463554 podb-esxi207 dnsmasq-dhcp[1012409]: DHCP, static leases only on 10.1.0.0, lease time 1d
Oct 16 19:03:29.463711 podb-esxi207 dnsmasq[1012409]: reading /etc/resolv.conf
Oct 16 19:03:29.463728 podb-esxi207 dnsmasq[1012409]: using nameserver 127.0.0.53#53
Oct 16 19:03:29.463817 podb-esxi207 dnsmasq[1012409]: read /opt/stack/data/neutron/dhcp/9508aed3-b703-4325-9da9-7ab9988fc3b0/addn_hosts - 0 names
Oct 16 19:03:29.463868 podb-esxi207 dnsmasq-dhcp[1012409]: read /opt/stack/data/neutron/dhcp/9508aed3-b703-4325-9da9-7ab9988fc3b0/host
Oct 16 19:03:29.463934 podb-esxi207 dnsmasq-dhcp[1012409]: read /opt/stack/data/neutron/dhcp/9508aed3-b703-4325-9da9-7ab9988fc3b0/opts
Oct 16 19:03:31.010954 podb-esxi207 dnsmasq[1012409]: read /opt/stack/data/neutron/dhcp/9508aed3-b703-4325-9da9-7ab9988fc3b0/addn_hosts - 2 names
Oct 16 19:03:31.011077 podb-esxi207 dnsmasq-dhcp[1012409]: read /opt/stack/data/neutron/dhcp/9508aed3-b703-4325-9da9-7ab9988fc3b0/host
Oct 16 19:03:31.011186 podb-esxi207 dnsmasq-dhcp[1012409]: read /opt/stack/data/neutron/dhcp/9508aed3-b703-4325-9da9-7ab9988fc3b0/opts
Oct 16 19:03:32.262799 podb-esxi207 dnsmasq[1012409]: read /opt/stack/data/neutron/dhcp/9508aed3-b703-4325-9da9-7ab9988fc3b0/addn_hosts - 2 names
Oct 16 19:03:32.262888 podb-esxi207 dnsmasq-dhcp[1012409]: read /opt/stack/data/neutron/dhcp/9508aed3-b703-4325-9da9-7ab9988fc3b0/host
Oct 16 19:03:32.263003 podb-esxi207 dnsmasq-dhcp[1012409]: read /opt/stack/data/neutron/dhcp/9508aed3-b703-4325-9da9-7ab9988fc3b0/opts
Oct 16 19:03:33.529974 podb-esxi207 dnsmasq[1012409]: read /opt/stack/data/neutron/dhcp/9508aed3-b703-4325-9da9-7ab9988fc3b0/addn_hosts - 2 names
Oct 16 19:03:33.530102 podb-esxi207 dnsmasq-dhcp[1012409]: read /opt/stack/data/neutron/dhcp/9508aed3-b703-4325-9da9-7ab9988fc3b0/host
Oct 16 19:03:33.530191 podb-esxi207 dnsmasq-dhcp[1012409]: read /opt/stack/data/neutron/dhcp/9508aed3-b703-4325-9da9-7ab9988fc3b0/opts
Oct 16 19:03:41.452349 podb-esxi207 dnsmasq[1012745]: started, version 2.90 cachesize 150
Oct 16 19:03:41.452378 podb-esxi207 dnsmasq[1012745]: DNS service limited to local subnets
Oct 16 19:03:41.452392 podb-esxi207 dnsmasq[1012745]: compile time options: IPv6 GNU-getopt DBus no-UBus i18n IDN2 DHCP DHCPv6 no-Lua TFTP conntrack ipset no-nftset auth cryptohash DNSSEC loop-detect inotify dumpfile
Oct 16 19:03:41.452435 podb-esxi207 dnsmasq-dhcp[1012745]: DHCP, static leases only on 10.1.0.0, lease time 1d
Oct 16 19:03:41.452587 podb-esxi207 dnsmasq[1012745]: reading /etc/resolv.conf
Oct 16 19:03:41.452604 podb-esxi207 dnsmasq[1012745]: using nameserver 127.0.0.53#53
Oct 16 19:03:41.452725 podb-esxi207 dnsmasq[1012745]: read /opt/stack/data/neutron/dhcp/10ddd29b-2b4c-43d8-82d1-0b6d5299a811/addn_hosts - 0 names
Oct 16 19:03:41.452776 podb-esxi207 dnsmasq-dhcp[1012745]: read /opt/stack/data/neutron/dhcp/10ddd29b-2b4c-43d8-82d1-0b6d5299a811/host
Oct 16 19:03:41.452834 podb-esxi207 dnsmasq-dhcp[1012745]: read /opt/stack/data/neutron/dhcp/10ddd29b-2b4c-43d8-82d1-0b6d5299a811/opts
Oct 16 19:03:43.001881 podb-esxi207 dnsmasq[1012745]: read /opt/stack/data/neutron/dhcp/10ddd29b-2b4c-43d8-82d1-0b6d5299a811/addn_hosts - 2 names
Oct 16 19:03:43.001973 podb-esxi207 dnsmasq-dhcp[1012745]: read /opt/stack/data/neutron/dhcp/10ddd29b-2b4c-43d8-82d1-0b6d5299a811/host
Oct 16 19:03:43.002130 podb-esxi207 dnsmasq-dhcp[1012745]: read /opt/stack/data/neutron/dhcp/10ddd29b-2b4c-43d8-82d1-0b6d5299a811/opts
Oct 16 19:03:45.957811 podb-esxi207 dnsmasq[1013125]: started, version 2.90 cachesize 150
Oct 16 19:03:45.957840 podb-esxi207 dnsmasq[1013125]: DNS service limited to local subnets
Oct 16 19:03:45.957856 podb-esxi207 dnsmasq[1013125]: compile time options: IPv6 GNU-getopt DBus no-UBus i18n IDN2 DHCP DHCPv6 no-Lua TFTP conntrack ipset no-nftset auth cryptohash DNSSEC loop-detect inotify dumpfile
Oct 16 19:03:45.957901 podb-esxi207 dnsmasq-dhcp[1013125]: DHCP, static leases only on 10.1.0.0, lease time 1d
Oct 16 19:03:45.958058 podb-esxi207 dnsmasq[1013125]: reading /etc/resolv.conf
Oct 16 19:03:45.958075 podb-esxi207 dnsmasq[1013125]: using nameserver 127.0.0.53#53
Oct 16 19:03:45.958192 podb-esxi207 dnsmasq[1013125]: read /opt/stack/data/neutron/dhcp/073c98bb-8e5b-4cf8-a362-f1d454abf2cd/addn_hosts - 2 names
Oct 16 19:03:45.958248 podb-esxi207 dnsmasq-dhcp[1013125]: read /opt/stack/data/neutron/dhcp/073c98bb-8e5b-4cf8-a362-f1d454abf2cd/host
Oct 16 19:03:45.958314 podb-esxi207 dnsmasq-dhcp[1013125]: read /opt/stack/data/neutron/dhcp/073c98bb-8e5b-4cf8-a362-f1d454abf2cd/opts
Oct 16 19:03:47.036580 podb-esxi207 dnsmasq[1012745]: read /opt/stack/data/neutron/dhcp/10ddd29b-2b4c-43d8-82d1-0b6d5299a811/addn_hosts - 2 names
Oct 16 19:03:47.036683 podb-esxi207 dnsmasq-dhcp[1012745]: read /opt/stack/data/neutron/dhcp/10ddd29b-2b4c-43d8-82d1-0b6d5299a811/host
Oct 16 19:03:47.036762 podb-esxi207 dnsmasq-dhcp[1012745]: read /opt/stack/data/neutron/dhcp/10ddd29b-2b4c-43d8-82d1-0b6d5299a811/opts
Oct 16 19:03:48.290057 podb-esxi207 dnsmasq[1013125]: read /opt/stack/data/neutron/dhcp/073c98bb-8e5b-4cf8-a362-f1d454abf2cd/addn_hosts - 2 names
Oct 16 19:03:48.290187 podb-esxi207 dnsmasq-dhcp[1013125]: read /opt/stack/data/neutron/dhcp/073c98bb-8e5b-4cf8-a362-f1d454abf2cd/host
Oct 16 19:03:48.290293 podb-esxi207 dnsmasq-dhcp[1013125]: read /opt/stack/data/neutron/dhcp/073c98bb-8e5b-4cf8-a362-f1d454abf2cd/opts
Oct 16 19:03:49.551427 podb-esxi207 dnsmasq[1012745]: read /opt/stack/data/neutron/dhcp/10ddd29b-2b4c-43d8-82d1-0b6d5299a811/addn_hosts - 2 names
Oct 16 19:03:49.551522 podb-esxi207 dnsmasq-dhcp[1012745]: read /opt/stack/data/neutron/dhcp/10ddd29b-2b4c-43d8-82d1-0b6d5299a811/host
Oct 16 19:03:49.551629 podb-esxi207 dnsmasq-dhcp[1012745]: read /opt/stack/data/neutron/dhcp/10ddd29b-2b4c-43d8-82d1-0b6d5299a811/opts
Oct 16 19:03:50.295601 podb-esxi207 dnsmasq[1013125]: read /opt/stack/data/neutron/dhcp/073c98bb-8e5b-4cf8-a362-f1d454abf2cd/addn_hosts - 2 names
Oct 16 19:03:50.295692 podb-esxi207 dnsmasq-dhcp[1013125]: read /opt/stack/data/neutron/dhcp/073c98bb-8e5b-4cf8-a362-f1d454abf2cd/host
Oct 16 19:03:50.295780 podb-esxi207 dnsmasq-dhcp[1013125]: read /opt/stack/data/neutron/dhcp/073c98bb-8e5b-4cf8-a362-f1d454abf2cd/opts
Oct 16 19:03:51.542952 podb-esxi207 dnsmasq[1013125]: read /opt/stack/data/neutron/dhcp/073c98bb-8e5b-4cf8-a362-f1d454abf2cd/addn_hosts - 2 names
Oct 16 19:03:51.543066 podb-esxi207 dnsmasq-dhcp[1013125]: read /opt/stack/data/neutron/dhcp/073c98bb-8e5b-4cf8-a362-f1d454abf2cd/host
Oct 16 19:03:51.543174 podb-esxi207 dnsmasq-dhcp[1013125]: read /opt/stack/data/neutron/dhcp/073c98bb-8e5b-4cf8-a362-f1d454abf2cd/opts
Oct 16 19:04:42.461239 podb-esxi207 dnsmasq[1012745]: read /opt/stack/data/neutron/dhcp/10ddd29b-2b4c-43d8-82d1-0b6d5299a811/addn_hosts - 4 names
Oct 16 19:04:42.461389 podb-esxi207 dnsmasq-dhcp[1012745]: read /opt/stack/data/neutron/dhcp/10ddd29b-2b4c-43d8-82d1-0b6d5299a811/host
Oct 16 19:04:42.461499 podb-esxi207 dnsmasq-dhcp[1012745]: read /opt/stack/data/neutron/dhcp/10ddd29b-2b4c-43d8-82d1-0b6d5299a811/opts
Oct 16 19:04:46.989563 podb-esxi207 dnsmasq[1012409]: read /opt/stack/data/neutron/dhcp/9508aed3-b703-4325-9da9-7ab9988fc3b0/addn_hosts - 4 names
Oct 16 19:04:46.989714 podb-esxi207 dnsmasq-dhcp[1012409]: read /opt/stack/data/neutron/dhcp/9508aed3-b703-4325-9da9-7ab9988fc3b0/host
Oct 16 19:04:46.989865 podb-esxi207 dnsmasq-dhcp[1012409]: read /opt/stack/data/neutron/dhcp/9508aed3-b703-4325-9da9-7ab9988fc3b0/opts
Oct 16 19:05:11.835121 podb-esxi207 dnsmasq-dhcp[1012409]: DHCPDISCOVER(tapa82b48df-67) fa:16:3e:99:e7:07
Oct 16 19:05:11.835146 podb-esxi207 dnsmasq-dhcp[1012409]: DHCPOFFER(tapa82b48df-67) 10.1.0.6 fa:16:3e:99:e7:07
Oct 16 19:05:11.845868 podb-esxi207 dnsmasq-dhcp[1012409]: DHCPREQUEST(tapa82b48df-67) 10.1.0.6 fa:16:3e:99:e7:07
Oct 16 19:05:11.845898 podb-esxi207 dnsmasq-dhcp[1012409]: DHCPACK(tapa82b48df-67) 10.1.0.6 fa:16:3e:99:e7:07 host-10-1-0-6
Oct 16 19:05:12.933423 podb-esxi207 dnsmasq-dhcp[1012745]: DHCPDISCOVER(tap0f7993ec-84) fa:16:3e:6b:c8:a2
Oct 16 19:05:12.933451 podb-esxi207 dnsmasq-dhcp[1012745]: DHCPOFFER(tap0f7993ec-84) 10.1.0.14 fa:16:3e:6b:c8:a2
Oct 16 19:05:12.945463 podb-esxi207 dnsmasq-dhcp[1012745]: DHCPREQUEST(tap0f7993ec-84) 10.1.0.14 fa:16:3e:6b:c8:a2
Oct 16 19:05:12.945494 podb-esxi207 dnsmasq-dhcp[1012745]: DHCPACK(tap0f7993ec-84) 10.1.0.14 fa:16:3e:6b:c8:a2 host-10-1-0-14
Oct 16 19:07:17.674586 podb-esxi207 dnsmasq-dhcp[1012745]: DHCPRELEASE(tap0f7993ec-84) 10.1.0.14 fa:16:3e:6b:c8:a2
Oct 16 19:07:17.691745 podb-esxi207 dnsmasq-dhcp[1012745]: DHCPRELEASE(tap0f7993ec-84) 10.1.0.14 fa:16:3e:6b:c8:a2 unknown lease
Oct 16 19:07:18.516035 podb-esxi207 dnsmasq[1012745]: read /opt/stack/data/neutron/dhcp/10ddd29b-2b4c-43d8-82d1-0b6d5299a811/addn_hosts - 2 names
Oct 16 19:07:18.516153 podb-esxi207 dnsmasq-dhcp[1012745]: read /opt/stack/data/neutron/dhcp/10ddd29b-2b4c-43d8-82d1-0b6d5299a811/host
Oct 16 19:07:18.516259 podb-esxi207 dnsmasq-dhcp[1012745]: read /opt/stack/data/neutron/dhcp/10ddd29b-2b4c-43d8-82d1-0b6d5299a811/opts
Oct 16 19:07:54.257817 podb-esxi207 dnsmasq[1012745]: read /opt/stack/data/neutron/dhcp/10ddd29b-2b4c-43d8-82d1-0b6d5299a811/addn_hosts - 0 names
Oct 16 19:07:54.257897 podb-esxi207 dnsmasq-dhcp[1012745]: read /opt/stack/data/neutron/dhcp/10ddd29b-2b4c-43d8-82d1-0b6d5299a811/host
Oct 16 19:07:54.257980 podb-esxi207 dnsmasq-dhcp[1012745]: read /opt/stack/data/neutron/dhcp/10ddd29b-2b4c-43d8-82d1-0b6d5299a811/opts
Oct 16 19:07:55.217592 podb-esxi207 dnsmasq[1012745]: exiting on receipt of SIGTERM
Oct 16 19:07:55.832872 podb-esxi207 dnsmasq-dhcp[1013125]: DHCPRELEASE(tap8dbe2cb5-e7) 10.1.0.1 fa:16:3e:2f:83:51
Oct 16 19:07:56.656358 podb-esxi207 dnsmasq[1013125]: read /opt/stack/data/neutron/dhcp/073c98bb-8e5b-4cf8-a362-f1d454abf2cd/addn_hosts - 0 names
Oct 16 19:07:56.656514 podb-esxi207 dnsmasq-dhcp[1013125]: read /opt/stack/data/neutron/dhcp/073c98bb-8e5b-4cf8-a362-f1d454abf2cd/host
Oct 16 19:07:56.656601 podb-esxi207 dnsmasq-dhcp[1013125]: read /opt/stack/data/neutron/dhcp/073c98bb-8e5b-4cf8-a362-f1d454abf2cd/opts
Oct 16 19:07:56.910925 podb-esxi207 dnsmasq[1013125]: exiting on receipt of SIGTERM
Oct 16 19:08:01.347530 podb-esxi207 dnsmasq[1015822]: started, version 2.90 cachesize 150
Oct 16 19:08:01.347560 podb-esxi207 dnsmasq[1015822]: DNS service limited to local subnets
Oct 16 19:08:01.347574 podb-esxi207 dnsmasq[1015822]: compile time options: IPv6 GNU-getopt DBus no-UBus i18n IDN2 DHCP DHCPv6 no-Lua TFTP conntrack ipset no-nftset auth cryptohash DNSSEC loop-detect inotify dumpfile
Oct 16 19:08:01.347610 podb-esxi207 dnsmasq-dhcp[1015822]: DHCP, static leases only on 10.1.0.0, lease time 1d
Oct 16 19:08:01.347769 podb-esxi207 dnsmasq[1015822]: reading /etc/resolv.conf
Oct 16 19:08:01.347786 podb-esxi207 dnsmasq[1015822]: using nameserver 127.0.0.53#53
Oct 16 19:08:01.347871 podb-esxi207 dnsmasq[1015822]: read /opt/stack/data/neutron/dhcp/e51dac77-2ba7-4154-9dfb-073ad467c45c/addn_hosts - 0 names
Oct 16 19:08:01.347922 podb-esxi207 dnsmasq-dhcp[1015822]: read /opt/stack/data/neutron/dhcp/e51dac77-2ba7-4154-9dfb-073ad467c45c/host
Oct 16 19:08:01.347978 podb-esxi207 dnsmasq-dhcp[1015822]: read /opt/stack/data/neutron/dhcp/e51dac77-2ba7-4154-9dfb-073ad467c45c/opts
Oct 16 19:08:02.904482 podb-esxi207 dnsmasq[1015822]: read /opt/stack/data/neutron/dhcp/e51dac77-2ba7-4154-9dfb-073ad467c45c/addn_hosts - 2 names
Oct 16 19:08:02.904572 podb-esxi207 dnsmasq-dhcp[1015822]: read /opt/stack/data/neutron/dhcp/e51dac77-2ba7-4154-9dfb-073ad467c45c/host
Oct 16 19:08:02.904735 podb-esxi207 dnsmasq-dhcp[1015822]: read /opt/stack/data/neutron/dhcp/e51dac77-2ba7-4154-9dfb-073ad467c45c/opts
Oct 16 19:08:05.823989 podb-esxi207 dnsmasq[1016180]: started, version 2.90 cachesize 150
Oct 16 19:08:05.824017 podb-esxi207 dnsmasq[1016180]: DNS service limited to local subnets
Oct 16 19:08:05.824032 podb-esxi207 dnsmasq[1016180]: compile time options: IPv6 GNU-getopt DBus no-UBus i18n IDN2 DHCP DHCPv6 no-Lua TFTP conntrack ipset no-nftset auth cryptohash DNSSEC loop-detect inotify dumpfile
Oct 16 19:08:05.824072 podb-esxi207 dnsmasq-dhcp[1016180]: DHCP, static leases only on 10.1.0.0, lease time 1d
Oct 16 19:08:05.824221 podb-esxi207 dnsmasq[1016180]: reading /etc/resolv.conf
Oct 16 19:08:05.824238 podb-esxi207 dnsmasq[1016180]: using nameserver 127.0.0.53#53
Oct 16 19:08:05.824354 podb-esxi207 dnsmasq[1016180]: read /opt/stack/data/neutron/dhcp/159a0816-8527-4265-b52e-53eb6bc90d77/addn_hosts - 2 names
Oct 16 19:08:05.824418 podb-esxi207 dnsmasq-dhcp[1016180]: read /opt/stack/data/neutron/dhcp/159a0816-8527-4265-b52e-53eb6bc90d77/host
Oct 16 19:08:05.824483 podb-esxi207 dnsmasq-dhcp[1016180]: read /opt/stack/data/neutron/dhcp/159a0816-8527-4265-b52e-53eb6bc90d77/opts
Oct 16 19:08:06.864545 podb-esxi207 dnsmasq[1015822]: read /opt/stack/data/neutron/dhcp/e51dac77-2ba7-4154-9dfb-073ad467c45c/addn_hosts - 2 names
Oct 16 19:08:06.864663 podb-esxi207 dnsmasq-dhcp[1015822]: read /opt/stack/data/neutron/dhcp/e51dac77-2ba7-4154-9dfb-073ad467c45c/host
Oct 16 19:08:06.864777 podb-esxi207 dnsmasq-dhcp[1015822]: read /opt/stack/data/neutron/dhcp/e51dac77-2ba7-4154-9dfb-073ad467c45c/opts
Oct 16 19:08:08.130649 podb-esxi207 dnsmasq[1016180]: read /opt/stack/data/neutron/dhcp/159a0816-8527-4265-b52e-53eb6bc90d77/addn_hosts - 2 names
Oct 16 19:08:08.130744 podb-esxi207 dnsmasq-dhcp[1016180]: read /opt/stack/data/neutron/dhcp/159a0816-8527-4265-b52e-53eb6bc90d77/host
Oct 16 19:08:08.130831 podb-esxi207 dnsmasq-dhcp[1016180]: read /opt/stack/data/neutron/dhcp/159a0816-8527-4265-b52e-53eb6bc90d77/opts
Oct 16 19:08:09.387248 podb-esxi207 dnsmasq[1015822]: read /opt/stack/data/neutron/dhcp/e51dac77-2ba7-4154-9dfb-073ad467c45c/addn_hosts - 2 names
Oct 16 19:08:09.387356 podb-esxi207 dnsmasq-dhcp[1015822]: read /opt/stack/data/neutron/dhcp/e51dac77-2ba7-4154-9dfb-073ad467c45c/host
Oct 16 19:08:09.387465 podb-esxi207 dnsmasq-dhcp[1015822]: read /opt/stack/data/neutron/dhcp/e51dac77-2ba7-4154-9dfb-073ad467c45c/opts
Oct 16 19:08:10.159641 podb-esxi207 dnsmasq[1016180]: read /opt/stack/data/neutron/dhcp/159a0816-8527-4265-b52e-53eb6bc90d77/addn_hosts - 2 names
Oct 16 19:08:10.159782 podb-esxi207 dnsmasq-dhcp[1016180]: read /opt/stack/data/neutron/dhcp/159a0816-8527-4265-b52e-53eb6bc90d77/host
Oct 16 19:08:10.159886 podb-esxi207 dnsmasq-dhcp[1016180]: read /opt/stack/data/neutron/dhcp/159a0816-8527-4265-b52e-53eb6bc90d77/opts
Oct 16 19:08:11.428600 podb-esxi207 dnsmasq[1015822]: read /opt/stack/data/neutron/dhcp/e51dac77-2ba7-4154-9dfb-073ad467c45c/addn_hosts - 4 names
Oct 16 19:08:11.428765 podb-esxi207 dnsmasq-dhcp[1015822]: read /opt/stack/data/neutron/dhcp/e51dac77-2ba7-4154-9dfb-073ad467c45c/host
Oct 16 19:08:11.428868 podb-esxi207 dnsmasq-dhcp[1015822]: read /opt/stack/data/neutron/dhcp/e51dac77-2ba7-4154-9dfb-073ad467c45c/opts
Oct 16 19:08:12.178787 podb-esxi207 dnsmasq[1016180]: read /opt/stack/data/neutron/dhcp/159a0816-8527-4265-b52e-53eb6bc90d77/addn_hosts - 2 names
Oct 16 19:08:12.178902 podb-esxi207 dnsmasq-dhcp[1016180]: read /opt/stack/data/neutron/dhcp/159a0816-8527-4265-b52e-53eb6bc90d77/host
Oct 16 19:08:12.179014 podb-esxi207 dnsmasq-dhcp[1016180]: read /opt/stack/data/neutron/dhcp/159a0816-8527-4265-b52e-53eb6bc90d77/opts
Oct 16 19:08:19.452689 podb-esxi207 dnsmasq-dhcp[1012409]: DHCPRELEASE(tapa82b48df-67) 10.1.0.6 fa:16:3e:99:e7:07
Oct 16 19:08:19.469362 podb-esxi207 dnsmasq-dhcp[1012409]: DHCPRELEASE(tapa82b48df-67) 10.1.0.6 fa:16:3e:99:e7:07 unknown lease
Oct 16 19:08:20.294275 podb-esxi207 dnsmasq[1012409]: read /opt/stack/data/neutron/dhcp/9508aed3-b703-4325-9da9-7ab9988fc3b0/addn_hosts - 2 names
Oct 16 19:08:20.294386 podb-esxi207 dnsmasq-dhcp[1012409]: read /opt/stack/data/neutron/dhcp/9508aed3-b703-4325-9da9-7ab9988fc3b0/host
Oct 16 19:08:20.294489 podb-esxi207 dnsmasq-dhcp[1012409]: read /opt/stack/data/neutron/dhcp/9508aed3-b703-4325-9da9-7ab9988fc3b0/opts
Oct 16 19:08:34.430977 podb-esxi207 dnsmasq-dhcp[1015822]: DHCPDISCOVER(tap4a172daa-bc) fa:16:3e:33:ee:da
Oct 16 19:08:34.431002 podb-esxi207 dnsmasq-dhcp[1015822]: DHCPOFFER(tap4a172daa-bc) 10.1.0.13 fa:16:3e:33:ee:da
Oct 16 19:08:34.442364 podb-esxi207 dnsmasq-dhcp[1015822]: DHCPREQUEST(tap4a172daa-bc) 10.1.0.13 fa:16:3e:33:ee:da
Oct 16 19:08:34.442403 podb-esxi207 dnsmasq-dhcp[1015822]: DHCPACK(tap4a172daa-bc) 10.1.0.13 fa:16:3e:33:ee:da host-10-1-0-13
Oct 16 19:10:09.860308 podb-esxi207 dnsmasq-dhcp[1015822]: DHCPRELEASE(tap4a172daa-bc) 10.1.0.13 fa:16:3e:33:ee:da
Oct 16 19:10:09.877470 podb-esxi207 dnsmasq-dhcp[1015822]: DHCPRELEASE(tap4a172daa-bc) 10.1.0.13 fa:16:3e:33:ee:da unknown lease
Oct 16 19:10:10.704048 podb-esxi207 dnsmasq[1015822]: read /opt/stack/data/neutron/dhcp/e51dac77-2ba7-4154-9dfb-073ad467c45c/addn_hosts - 2 names
Oct 16 19:10:10.704131 podb-esxi207 dnsmasq-dhcp[1015822]: read /opt/stack/data/neutron/dhcp/e51dac77-2ba7-4154-9dfb-073ad467c45c/host
Oct 16 19:10:10.704225 podb-esxi207 dnsmasq-dhcp[1015822]: read /opt/stack/data/neutron/dhcp/e51dac77-2ba7-4154-9dfb-073ad467c45c/opts
Oct 16 19:10:15.446166 podb-esxi207 dnsmasq[1015822]: read /opt/stack/data/neutron/dhcp/e51dac77-2ba7-4154-9dfb-073ad467c45c/addn_hosts - 0 names
Oct 16 19:10:15.446254 podb-esxi207 dnsmasq-dhcp[1015822]: read /opt/stack/data/neutron/dhcp/e51dac77-2ba7-4154-9dfb-073ad467c45c/host
Oct 16 19:10:15.446338 podb-esxi207 dnsmasq-dhcp[1015822]: read /opt/stack/data/neutron/dhcp/e51dac77-2ba7-4154-9dfb-073ad467c45c/opts
Oct 16 19:10:16.299316 podb-esxi207 dnsmasq[1015822]: exiting on receipt of SIGTERM
Oct 16 19:10:16.914292 podb-esxi207 dnsmasq-dhcp[1016180]: DHCPRELEASE(tap14590a41-ff) 10.1.0.1 fa:16:3e:da:02:aa
Oct 16 19:10:17.738244 podb-esxi207 dnsmasq[1016180]: read /opt/stack/data/neutron/dhcp/159a0816-8527-4265-b52e-53eb6bc90d77/addn_hosts - 0 names
Oct 16 19:10:17.738340 podb-esxi207 dnsmasq-dhcp[1016180]: read /opt/stack/data/neutron/dhcp/159a0816-8527-4265-b52e-53eb6bc90d77/host
Oct 16 19:10:17.738433 podb-esxi207 dnsmasq-dhcp[1016180]: read /opt/stack/data/neutron/dhcp/159a0816-8527-4265-b52e-53eb6bc90d77/opts
Oct 16 19:10:17.985099 podb-esxi207 dnsmasq[1016180]: exiting on receipt of SIGTERM
Oct 16 19:10:22.248944 podb-esxi207 dnsmasq[1017535]: started, version 2.90 cachesize 150
Oct 16 19:10:22.248974 podb-esxi207 dnsmasq[1017535]: DNS service limited to local subnets
Oct 16 19:10:22.248989 podb-esxi207 dnsmasq[1017535]: compile time options: IPv6 GNU-getopt DBus no-UBus i18n IDN2 DHCP DHCPv6 no-Lua TFTP conntrack ipset no-nftset auth cryptohash DNSSEC loop-detect inotify dumpfile
Oct 16 19:10:22.249030 podb-esxi207 dnsmasq-dhcp[1017535]: DHCP, static leases only on 10.1.0.0, lease time 1d
Oct 16 19:10:22.249184 podb-esxi207 dnsmasq[1017535]: reading /etc/resolv.conf
Oct 16 19:10:22.249201 podb-esxi207 dnsmasq[1017535]: using nameserver 127.0.0.53#53
Oct 16 19:10:22.249294 podb-esxi207 dnsmasq[1017535]: read /opt/stack/data/neutron/dhcp/764a19df-c978-4ebd-b401-49dbbe5b033b/addn_hosts - 0 names
Oct 16 19:10:22.249344 podb-esxi207 dnsmasq-dhcp[1017535]: read /opt/stack/data/neutron/dhcp/764a19df-c978-4ebd-b401-49dbbe5b033b/host
Oct 16 19:10:22.249410 podb-esxi207 dnsmasq-dhcp[1017535]: read /opt/stack/data/neutron/dhcp/764a19df-c978-4ebd-b401-49dbbe5b033b/opts
Oct 16 19:10:25.392893 podb-esxi207 dnsmasq[1017783]: started, version 2.90 cachesize 150
Oct 16 19:10:25.392922 podb-esxi207 dnsmasq[1017783]: DNS service limited to local subnets
Oct 16 19:10:25.392937 podb-esxi207 dnsmasq[1017783]: compile time options: IPv6 GNU-getopt DBus no-UBus i18n IDN2 DHCP DHCPv6 no-Lua TFTP conntrack ipset no-nftset auth cryptohash DNSSEC loop-detect inotify dumpfile
Oct 16 19:10:25.392979 podb-esxi207 dnsmasq-dhcp[1017783]: DHCP, static leases only on 10.1.0.0, lease time 1d
Oct 16 19:10:25.393132 podb-esxi207 dnsmasq[1017783]: reading /etc/resolv.conf
Oct 16 19:10:25.393148 podb-esxi207 dnsmasq[1017783]: using nameserver 127.0.0.53#53
Oct 16 19:10:25.393235 podb-esxi207 dnsmasq[1017783]: read /opt/stack/data/neutron/dhcp/05616e70-86a0-4407-8ee7-47c775d6de71/addn_hosts - 0 names
Oct 16 19:10:25.393287 podb-esxi207 dnsmasq-dhcp[1017783]: read /opt/stack/data/neutron/dhcp/05616e70-86a0-4407-8ee7-47c775d6de71/host
Oct 16 19:10:25.393347 podb-esxi207 dnsmasq-dhcp[1017783]: read /opt/stack/data/neutron/dhcp/05616e70-86a0-4407-8ee7-47c775d6de71/opts
Oct 16 19:10:26.432024 podb-esxi207 dnsmasq[1017535]: read /opt/stack/data/neutron/dhcp/764a19df-c978-4ebd-b401-49dbbe5b033b/addn_hosts - 2 names
Oct 16 19:10:26.432134 podb-esxi207 dnsmasq-dhcp[1017535]: read /opt/stack/data/neutron/dhcp/764a19df-c978-4ebd-b401-49dbbe5b033b/host
Oct 16 19:10:26.432235 podb-esxi207 dnsmasq-dhcp[1017535]: read /opt/stack/data/neutron/dhcp/764a19df-c978-4ebd-b401-49dbbe5b033b/opts
Oct 16 19:10:28.196033 podb-esxi207 dnsmasq[1017783]: read /opt/stack/data/neutron/dhcp/05616e70-86a0-4407-8ee7-47c775d6de71/addn_hosts - 2 names
Oct 16 19:10:28.196117 podb-esxi207 dnsmasq-dhcp[1017783]: read /opt/stack/data/neutron/dhcp/05616e70-86a0-4407-8ee7-47c775d6de71/host
Oct 16 19:10:28.196184 podb-esxi207 dnsmasq-dhcp[1017783]: read /opt/stack/data/neutron/dhcp/05616e70-86a0-4407-8ee7-47c775d6de71/opts
Oct 16 19:10:28.955228 podb-esxi207 dnsmasq[1017535]: read /opt/stack/data/neutron/dhcp/764a19df-c978-4ebd-b401-49dbbe5b033b/addn_hosts - 2 names
Oct 16 19:10:28.955331 podb-esxi207 dnsmasq-dhcp[1017535]: read /opt/stack/data/neutron/dhcp/764a19df-c978-4ebd-b401-49dbbe5b033b/host
Oct 16 19:10:28.955445 podb-esxi207 dnsmasq-dhcp[1017535]: read /opt/stack/data/neutron/dhcp/764a19df-c978-4ebd-b401-49dbbe5b033b/opts
Oct 16 19:10:30.209982 podb-esxi207 dnsmasq[1017783]: read /opt/stack/data/neutron/dhcp/05616e70-86a0-4407-8ee7-47c775d6de71/addn_hosts - 2 names
Oct 16 19:10:30.210070 podb-esxi207 dnsmasq-dhcp[1017783]: read /opt/stack/data/neutron/dhcp/05616e70-86a0-4407-8ee7-47c775d6de71/host
Oct 16 19:10:30.210178 podb-esxi207 dnsmasq-dhcp[1017783]: read /opt/stack/data/neutron/dhcp/05616e70-86a0-4407-8ee7-47c775d6de71/opts
Oct 16 19:10:30.952619 podb-esxi207 dnsmasq[1017535]: read /opt/stack/data/neutron/dhcp/764a19df-c978-4ebd-b401-49dbbe5b033b/addn_hosts - 2 names
Oct 16 19:10:30.952727 podb-esxi207 dnsmasq-dhcp[1017535]: read /opt/stack/data/neutron/dhcp/764a19df-c978-4ebd-b401-49dbbe5b033b/host
Oct 16 19:10:30.952796 podb-esxi207 dnsmasq-dhcp[1017535]: read /opt/stack/data/neutron/dhcp/764a19df-c978-4ebd-b401-49dbbe5b033b/opts
Oct 16 19:10:32.206834 podb-esxi207 dnsmasq[1017783]: read /opt/stack/data/neutron/dhcp/05616e70-86a0-4407-8ee7-47c775d6de71/addn_hosts - 2 names
Oct 16 19:10:32.206940 podb-esxi207 dnsmasq-dhcp[1017783]: read /opt/stack/data/neutron/dhcp/05616e70-86a0-4407-8ee7-47c775d6de71/host
Oct 16 19:10:32.207033 podb-esxi207 dnsmasq-dhcp[1017783]: read /opt/stack/data/neutron/dhcp/05616e70-86a0-4407-8ee7-47c775d6de71/opts
Oct 16 19:11:10.555517 podb-esxi207 dnsmasq[1017535]: read /opt/stack/data/neutron/dhcp/764a19df-c978-4ebd-b401-49dbbe5b033b/addn_hosts - 4 names
Oct 16 19:11:10.555652 podb-esxi207 dnsmasq-dhcp[1017535]: read /opt/stack/data/neutron/dhcp/764a19df-c978-4ebd-b401-49dbbe5b033b/host
Oct 16 19:11:10.555766 podb-esxi207 dnsmasq-dhcp[1017535]: read /opt/stack/data/neutron/dhcp/764a19df-c978-4ebd-b401-49dbbe5b033b/opts
Oct 16 19:11:36.121604 podb-esxi207 dnsmasq-dhcp[1017535]: DHCPDISCOVER(tap61d52476-34) fa:16:3e:4c:b2:51
Oct 16 19:11:36.121633 podb-esxi207 dnsmasq-dhcp[1017535]: DHCPOFFER(tap61d52476-34) 10.1.0.8 fa:16:3e:4c:b2:51
Oct 16 19:11:36.130703 podb-esxi207 dnsmasq-dhcp[1017535]: DHCPREQUEST(tap61d52476-34) 10.1.0.8 fa:16:3e:4c:b2:51
Oct 16 19:11:36.130736 podb-esxi207 dnsmasq-dhcp[1017535]: DHCPACK(tap61d52476-34) 10.1.0.8 fa:16:3e:4c:b2:51 host-10-1-0-8
Oct 16 19:12:20.475624 podb-esxi207 dnsmasq[1012409]: read /opt/stack/data/neutron/dhcp/9508aed3-b703-4325-9da9-7ab9988fc3b0/addn_hosts - 0 names
Oct 16 19:12:20.475695 podb-esxi207 dnsmasq-dhcp[1012409]: read /opt/stack/data/neutron/dhcp/9508aed3-b703-4325-9da9-7ab9988fc3b0/host
Oct 16 19:12:20.475782 podb-esxi207 dnsmasq-dhcp[1012409]: read /opt/stack/data/neutron/dhcp/9508aed3-b703-4325-9da9-7ab9988fc3b0/opts
Oct 16 19:12:21.275779 podb-esxi207 dnsmasq[1012409]: exiting on receipt of SIGTERM
Oct 16 19:12:34.170173 podb-esxi207 dnsmasq[1017535]: read /opt/stack/data/neutron/dhcp/764a19df-c978-4ebd-b401-49dbbe5b033b/addn_hosts - 6 names
Oct 16 19:12:34.170328 podb-esxi207 dnsmasq-dhcp[1017535]: read /opt/stack/data/neutron/dhcp/764a19df-c978-4ebd-b401-49dbbe5b033b/host
Oct 16 19:12:34.170436 podb-esxi207 dnsmasq-dhcp[1017535]: read /opt/stack/data/neutron/dhcp/764a19df-c978-4ebd-b401-49dbbe5b033b/opts
Oct 16 19:13:24.015198 podb-esxi207 dnsmasq[1019693]: started, version 2.90 cachesize 150
Oct 16 19:13:24.015229 podb-esxi207 dnsmasq[1019693]: DNS service limited to local subnets
Oct 16 19:13:24.015244 podb-esxi207 dnsmasq[1019693]: compile time options: IPv6 GNU-getopt DBus no-UBus i18n IDN2 DHCP DHCPv6 no-Lua TFTP conntrack ipset no-nftset auth cryptohash DNSSEC loop-detect inotify dumpfile
Oct 16 19:13:24.015293 podb-esxi207 dnsmasq-dhcp[1019693]: DHCP, static leases only on 10.1.0.0, lease time 1d
Oct 16 19:13:24.015446 podb-esxi207 dnsmasq[1019693]: reading /etc/resolv.conf
Oct 16 19:13:24.015462 podb-esxi207 dnsmasq[1019693]: using nameserver 127.0.0.53#53
Oct 16 19:13:24.015563 podb-esxi207 dnsmasq[1019693]: read /opt/stack/data/neutron/dhcp/a438da3d-c410-49b7-bf2c-e0558b689cc5/addn_hosts - 0 names
Oct 16 19:13:24.015616 podb-esxi207 dnsmasq-dhcp[1019693]: read /opt/stack/data/neutron/dhcp/a438da3d-c410-49b7-bf2c-e0558b689cc5/host
Oct 16 19:13:24.015674 podb-esxi207 dnsmasq-dhcp[1019693]: read /opt/stack/data/neutron/dhcp/a438da3d-c410-49b7-bf2c-e0558b689cc5/opts
Oct 16 19:13:25.339296 podb-esxi207 dnsmasq-dhcp[1017535]: DHCPDISCOVER(tap61d52476-34) fa:16:3e:35:57:c8
Oct 16 19:13:25.339323 podb-esxi207 dnsmasq-dhcp[1017535]: DHCPOFFER(tap61d52476-34) 10.1.0.12 fa:16:3e:35:57:c8
Oct 16 19:13:25.347058 podb-esxi207 dnsmasq-dhcp[1017535]: DHCPREQUEST(tap61d52476-34) 10.1.0.12 fa:16:3e:35:57:c8
Oct 16 19:13:25.347084 podb-esxi207 dnsmasq-dhcp[1017535]: DHCPACK(tap61d52476-34) 10.1.0.12 fa:16:3e:35:57:c8 host-10-1-0-12
Oct 16 19:13:25.560480 podb-esxi207 dnsmasq[1019693]: read /opt/stack/data/neutron/dhcp/a438da3d-c410-49b7-bf2c-e0558b689cc5/addn_hosts - 2 names
Oct 16 19:13:25.560584 podb-esxi207 dnsmasq-dhcp[1019693]: read /opt/stack/data/neutron/dhcp/a438da3d-c410-49b7-bf2c-e0558b689cc5/host
Oct 16 19:13:25.560708 podb-esxi207 dnsmasq-dhcp[1019693]: read /opt/stack/data/neutron/dhcp/a438da3d-c410-49b7-bf2c-e0558b689cc5/opts
Oct 16 19:13:28.526099 podb-esxi207 dnsmasq[1019986]: started, version 2.90 cachesize 150
Oct 16 19:13:28.526128 podb-esxi207 dnsmasq[1019986]: DNS service limited to local subnets
Oct 16 19:13:28.526143 podb-esxi207 dnsmasq[1019986]: compile time options: IPv6 GNU-getopt DBus no-UBus i18n IDN2 DHCP DHCPv6 no-Lua TFTP conntrack ipset no-nftset auth cryptohash DNSSEC loop-detect inotify dumpfile
Oct 16 19:13:28.526185 podb-esxi207 dnsmasq-dhcp[1019986]: DHCP, static leases only on 10.1.0.0, lease time 1d
Oct 16 19:13:28.526344 podb-esxi207 dnsmasq[1019986]: reading /etc/resolv.conf
Oct 16 19:13:28.526361 podb-esxi207 dnsmasq[1019986]: using nameserver 127.0.0.53#53
Oct 16 19:13:28.526476 podb-esxi207 dnsmasq[1019986]: read /opt/stack/data/neutron/dhcp/fa3152c3-b5f1-46a3-870c-86f341db8621/addn_hosts - 2 names
Oct 16 19:13:28.526534 podb-esxi207 dnsmasq-dhcp[1019986]: read /opt/stack/data/neutron/dhcp/fa3152c3-b5f1-46a3-870c-86f341db8621/host
Oct 16 19:13:28.526604 podb-esxi207 dnsmasq-dhcp[1019986]: read /opt/stack/data/neutron/dhcp/fa3152c3-b5f1-46a3-870c-86f341db8621/opts
Oct 16 19:13:29.571130 podb-esxi207 dnsmasq[1019693]: read /opt/stack/data/neutron/dhcp/a438da3d-c410-49b7-bf2c-e0558b689cc5/addn_hosts - 2 names
