Oct 18 13:08:37.266732 podb-esxi207 dnsmasq-dhcp[3897309]: read /opt/stack/data/neutron/dhcp/85b3fe5b-d4c3-40b5-8dad-ae9219dc55bb/host
Oct 18 13:08:37.266870 podb-esxi207 dnsmasq-dhcp[3897309]: read /opt/stack/data/neutron/dhcp/85b3fe5b-d4c3-40b5-8dad-ae9219dc55bb/opts
Oct 18 13:08:38.531036 podb-esxi207 dnsmasq[3897025]: read /opt/stack/data/neutron/dhcp/92be1020-1b2e-41a5-8b28-ae2adac7d65a/addn_hosts - 2 names
Oct 18 13:08:38.531130 podb-esxi207 dnsmasq-dhcp[3897025]: read /opt/stack/data/neutron/dhcp/92be1020-1b2e-41a5-8b28-ae2adac7d65a/host
Oct 18 13:08:38.531203 podb-esxi207 dnsmasq-dhcp[3897025]: read /opt/stack/data/neutron/dhcp/92be1020-1b2e-41a5-8b28-ae2adac7d65a/opts
Oct 18 13:08:39.280024 podb-esxi207 dnsmasq[3897309]: read /opt/stack/data/neutron/dhcp/85b3fe5b-d4c3-40b5-8dad-ae9219dc55bb/addn_hosts - 2 names
Oct 18 13:08:39.280159 podb-esxi207 dnsmasq-dhcp[3897309]: read /opt/stack/data/neutron/dhcp/85b3fe5b-d4c3-40b5-8dad-ae9219dc55bb/host
Oct 18 13:08:39.280268 podb-esxi207 dnsmasq-dhcp[3897309]: read /opt/stack/data/neutron/dhcp/85b3fe5b-d4c3-40b5-8dad-ae9219dc55bb/opts
Oct 18 13:08:40.531955 podb-esxi207 dnsmasq[3897309]: read /opt/stack/data/neutron/dhcp/85b3fe5b-d4c3-40b5-8dad-ae9219dc55bb/addn_hosts - 2 names
Oct 18 13:08:40.532074 podb-esxi207 dnsmasq-dhcp[3897309]: read /opt/stack/data/neutron/dhcp/85b3fe5b-d4c3-40b5-8dad-ae9219dc55bb/host
Oct 18 13:08:40.532178 podb-esxi207 dnsmasq-dhcp[3897309]: read /opt/stack/data/neutron/dhcp/85b3fe5b-d4c3-40b5-8dad-ae9219dc55bb/opts
Oct 18 13:09:10.449865 podb-esxi207 dnsmasq[3897025]: read /opt/stack/data/neutron/dhcp/92be1020-1b2e-41a5-8b28-ae2adac7d65a/addn_hosts - 4 names
Oct 18 13:09:10.449998 podb-esxi207 dnsmasq-dhcp[3897025]: read /opt/stack/data/neutron/dhcp/92be1020-1b2e-41a5-8b28-ae2adac7d65a/host
Oct 18 13:09:10.450110 podb-esxi207 dnsmasq-dhcp[3897025]: read /opt/stack/data/neutron/dhcp/92be1020-1b2e-41a5-8b28-ae2adac7d65a/opts
Oct 18 13:09:39.572518 podb-esxi207 dnsmasq-dhcp[3897025]: DHCPDISCOVER(tapf8b0be23-68) fa:16:3e:cb:e9:ff
Oct 18 13:09:39.572544 podb-esxi207 dnsmasq-dhcp[3897025]: DHCPOFFER(tapf8b0be23-68) 10.1.0.13 fa:16:3e:cb:e9:ff
Oct 18 13:09:39.585478 podb-esxi207 dnsmasq-dhcp[3897025]: DHCPREQUEST(tapf8b0be23-68) 10.1.0.13 fa:16:3e:cb:e9:ff
Oct 18 13:09:39.585508 podb-esxi207 dnsmasq-dhcp[3897025]: DHCPACK(tapf8b0be23-68) 10.1.0.13 fa:16:3e:cb:e9:ff host-10-1-0-13
Oct 18 13:11:53.441713 podb-esxi207 dnsmasq-dhcp[3897025]: DHCPRELEASE(tapf8b0be23-68) 10.1.0.13 fa:16:3e:cb:e9:ff
Oct 18 13:11:53.458641 podb-esxi207 dnsmasq-dhcp[3897025]: DHCPRELEASE(tapf8b0be23-68) 10.1.0.13 fa:16:3e:cb:e9:ff unknown lease
Oct 18 13:11:54.284878 podb-esxi207 dnsmasq[3897025]: read /opt/stack/data/neutron/dhcp/92be1020-1b2e-41a5-8b28-ae2adac7d65a/addn_hosts - 2 names
Oct 18 13:11:54.284964 podb-esxi207 dnsmasq-dhcp[3897025]: read /opt/stack/data/neutron/dhcp/92be1020-1b2e-41a5-8b28-ae2adac7d65a/host
Oct 18 13:11:54.285035 podb-esxi207 dnsmasq-dhcp[3897025]: read /opt/stack/data/neutron/dhcp/92be1020-1b2e-41a5-8b28-ae2adac7d65a/opts
Oct 18 13:12:06.540436 podb-esxi207 dnsmasq[3897025]: read /opt/stack/data/neutron/dhcp/92be1020-1b2e-41a5-8b28-ae2adac7d65a/addn_hosts - 0 names
Oct 18 13:12:06.540586 podb-esxi207 dnsmasq-dhcp[3897025]: read /opt/stack/data/neutron/dhcp/92be1020-1b2e-41a5-8b28-ae2adac7d65a/host
Oct 18 13:12:06.540699 podb-esxi207 dnsmasq-dhcp[3897025]: read /opt/stack/data/neutron/dhcp/92be1020-1b2e-41a5-8b28-ae2adac7d65a/opts
Oct 18 13:12:07.538229 podb-esxi207 dnsmasq[3897025]: exiting on receipt of SIGTERM
Oct 18 13:12:08.639065 podb-esxi207 dnsmasq[3897309]: read /opt/stack/data/neutron/dhcp/85b3fe5b-d4c3-40b5-8dad-ae9219dc55bb/addn_hosts - 0 names
Oct 18 13:12:08.639143 podb-esxi207 dnsmasq-dhcp[3897309]: read /opt/stack/data/neutron/dhcp/85b3fe5b-d4c3-40b5-8dad-ae9219dc55bb/host
Oct 18 13:12:08.639243 podb-esxi207 dnsmasq-dhcp[3897309]: read /opt/stack/data/neutron/dhcp/85b3fe5b-d4c3-40b5-8dad-ae9219dc55bb/opts
Oct 18 13:12:09.489164 podb-esxi207 dnsmasq[3897309]: exiting on receipt of SIGTERM
Oct 18 13:12:14.177736 podb-esxi207 dnsmasq[3899791]: started, version 2.90 cachesize 150
Oct 18 13:12:14.177761 podb-esxi207 dnsmasq[3899791]: DNS service limited to local subnets
Oct 18 13:12:14.177776 podb-esxi207 dnsmasq[3899791]: compile time options: IPv6 GNU-getopt DBus no-UBus i18n IDN2 DHCP DHCPv6 no-Lua TFTP conntrack ipset no-nftset auth cryptohash DNSSEC loop-detect inotify dumpfile
Oct 18 13:12:14.177811 podb-esxi207 dnsmasq-dhcp[3899791]: DHCP, static leases only on 10.1.0.0, lease time 1d
Oct 18 13:12:14.177962 podb-esxi207 dnsmasq[3899791]: reading /etc/resolv.conf
Oct 18 13:12:14.177979 podb-esxi207 dnsmasq[3899791]: using nameserver 127.0.0.53#53
Oct 18 13:12:14.178074 podb-esxi207 dnsmasq[3899791]: read /opt/stack/data/neutron/dhcp/9935907a-d8aa-41c8-8f22-42595c70cf22/addn_hosts - 0 names
Oct 18 13:12:14.178130 podb-esxi207 dnsmasq-dhcp[3899791]: read /opt/stack/data/neutron/dhcp/9935907a-d8aa-41c8-8f22-42595c70cf22/host
Oct 18 13:12:14.178188 podb-esxi207 dnsmasq-dhcp[3899791]: read /opt/stack/data/neutron/dhcp/9935907a-d8aa-41c8-8f22-42595c70cf22/opts
Oct 18 13:12:15.723982 podb-esxi207 dnsmasq[3899791]: read /opt/stack/data/neutron/dhcp/9935907a-d8aa-41c8-8f22-42595c70cf22/addn_hosts - 2 names
Oct 18 13:12:15.724104 podb-esxi207 dnsmasq-dhcp[3899791]: read /opt/stack/data/neutron/dhcp/9935907a-d8aa-41c8-8f22-42595c70cf22/host
Oct 18 13:12:15.724217 podb-esxi207 dnsmasq-dhcp[3899791]: read /opt/stack/data/neutron/dhcp/9935907a-d8aa-41c8-8f22-42595c70cf22/opts
Oct 18 13:12:18.683742 podb-esxi207 dnsmasq[3900071]: started, version 2.90 cachesize 150
Oct 18 13:12:18.683774 podb-esxi207 dnsmasq[3900071]: DNS service limited to local subnets
Oct 18 13:12:18.683788 podb-esxi207 dnsmasq[3900071]: compile time options: IPv6 GNU-getopt DBus no-UBus i18n IDN2 DHCP DHCPv6 no-Lua TFTP conntrack ipset no-nftset auth cryptohash DNSSEC loop-detect inotify dumpfile
Oct 18 13:12:18.683826 podb-esxi207 dnsmasq-dhcp[3900071]: DHCP, static leases only on 10.1.0.0, lease time 1d
Oct 18 13:12:18.683979 podb-esxi207 dnsmasq[3900071]: reading /etc/resolv.conf
Oct 18 13:12:18.683995 podb-esxi207 dnsmasq[3900071]: using nameserver 127.0.0.53#53
Oct 18 13:12:18.684085 podb-esxi207 dnsmasq[3900071]: read /opt/stack/data/neutron/dhcp/316e9701-2df2-4e24-a104-36ece0969f6b/addn_hosts - 0 names
Oct 18 13:12:18.684136 podb-esxi207 dnsmasq-dhcp[3900071]: read /opt/stack/data/neutron/dhcp/316e9701-2df2-4e24-a104-36ece0969f6b/host
Oct 18 13:12:18.684201 podb-esxi207 dnsmasq-dhcp[3900071]: read /opt/stack/data/neutron/dhcp/316e9701-2df2-4e24-a104-36ece0969f6b/opts
Oct 18 13:12:19.725501 podb-esxi207 dnsmasq[3899791]: read /opt/stack/data/neutron/dhcp/9935907a-d8aa-41c8-8f22-42595c70cf22/addn_hosts - 2 names
Oct 18 13:12:19.725609 podb-esxi207 dnsmasq-dhcp[3899791]: read /opt/stack/data/neutron/dhcp/9935907a-d8aa-41c8-8f22-42595c70cf22/host
Oct 18 13:12:19.725721 podb-esxi207 dnsmasq-dhcp[3899791]: read /opt/stack/data/neutron/dhcp/9935907a-d8aa-41c8-8f22-42595c70cf22/opts
Oct 18 13:12:20.987742 podb-esxi207 dnsmasq[3900071]: read /opt/stack/data/neutron/dhcp/316e9701-2df2-4e24-a104-36ece0969f6b/addn_hosts - 2 names
Oct 18 13:12:20.987882 podb-esxi207 dnsmasq-dhcp[3900071]: read /opt/stack/data/neutron/dhcp/316e9701-2df2-4e24-a104-36ece0969f6b/host
Oct 18 13:12:20.987986 podb-esxi207 dnsmasq-dhcp[3900071]: read /opt/stack/data/neutron/dhcp/316e9701-2df2-4e24-a104-36ece0969f6b/opts
Oct 18 13:12:22.245373 podb-esxi207 dnsmasq[3899791]: read /opt/stack/data/neutron/dhcp/9935907a-d8aa-41c8-8f22-42595c70cf22/addn_hosts - 2 names
Oct 18 13:12:22.245496 podb-esxi207 dnsmasq-dhcp[3899791]: read /opt/stack/data/neutron/dhcp/9935907a-d8aa-41c8-8f22-42595c70cf22/host
Oct 18 13:12:22.245591 podb-esxi207 dnsmasq-dhcp[3899791]: read /opt/stack/data/neutron/dhcp/9935907a-d8aa-41c8-8f22-42595c70cf22/opts
Oct 18 13:12:22.988092 podb-esxi207 dnsmasq[3900071]: read /opt/stack/data/neutron/dhcp/316e9701-2df2-4e24-a104-36ece0969f6b/addn_hosts - 2 names
Oct 18 13:12:22.988203 podb-esxi207 dnsmasq-dhcp[3900071]: read /opt/stack/data/neutron/dhcp/316e9701-2df2-4e24-a104-36ece0969f6b/host
Oct 18 13:12:22.988310 podb-esxi207 dnsmasq-dhcp[3900071]: read /opt/stack/data/neutron/dhcp/316e9701-2df2-4e24-a104-36ece0969f6b/opts
Oct 18 13:12:24.246124 podb-esxi207 dnsmasq[3900071]: read /opt/stack/data/neutron/dhcp/316e9701-2df2-4e24-a104-36ece0969f6b/addn_hosts - 2 names
Oct 18 13:12:24.246227 podb-esxi207 dnsmasq-dhcp[3900071]: read /opt/stack/data/neutron/dhcp/316e9701-2df2-4e24-a104-36ece0969f6b/host
Oct 18 13:12:24.246336 podb-esxi207 dnsmasq-dhcp[3900071]: read /opt/stack/data/neutron/dhcp/316e9701-2df2-4e24-a104-36ece0969f6b/opts
Oct 18 13:12:25.500028 podb-esxi207 dnsmasq[3899791]: read /opt/stack/data/neutron/dhcp/9935907a-d8aa-41c8-8f22-42595c70cf22/addn_hosts - 4 names
Oct 18 13:12:25.500173 podb-esxi207 dnsmasq-dhcp[3899791]: read /opt/stack/data/neutron/dhcp/9935907a-d8aa-41c8-8f22-42595c70cf22/host
Oct 18 13:12:25.500273 podb-esxi207 dnsmasq-dhcp[3899791]: read /opt/stack/data/neutron/dhcp/9935907a-d8aa-41c8-8f22-42595c70cf22/opts
Oct 18 13:12:48.180144 podb-esxi207 dnsmasq-dhcp[3899791]: DHCPDISCOVER(tap98721a72-6e) fa:16:3e:73:0e:c8
Oct 18 13:12:48.180174 podb-esxi207 dnsmasq-dhcp[3899791]: DHCPOFFER(tap98721a72-6e) 10.1.0.11 fa:16:3e:73:0e:c8
Oct 18 13:12:48.191843 podb-esxi207 dnsmasq-dhcp[3899791]: DHCPREQUEST(tap98721a72-6e) 10.1.0.11 fa:16:3e:73:0e:c8
Oct 18 13:12:48.191876 podb-esxi207 dnsmasq-dhcp[3899791]: DHCPACK(tap98721a72-6e) 10.1.0.11 fa:16:3e:73:0e:c8 host-10-1-0-11
Oct 18 13:14:44.269416 podb-esxi207 dnsmasq-dhcp[3899791]: DHCPRELEASE(tap98721a72-6e) 10.1.0.11 fa:16:3e:73:0e:c8
Oct 18 13:14:44.284380 podb-esxi207 dnsmasq-dhcp[3899791]: DHCPRELEASE(tap98721a72-6e) 10.1.0.11 fa:16:3e:73:0e:c8 unknown lease
Oct 18 13:14:45.109893 podb-esxi207 dnsmasq[3899791]: read /opt/stack/data/neutron/dhcp/9935907a-d8aa-41c8-8f22-42595c70cf22/addn_hosts - 2 names
Oct 18 13:14:45.110011 podb-esxi207 dnsmasq-dhcp[3899791]: read /opt/stack/data/neutron/dhcp/9935907a-d8aa-41c8-8f22-42595c70cf22/host
Oct 18 13:14:45.110107 podb-esxi207 dnsmasq-dhcp[3899791]: read /opt/stack/data/neutron/dhcp/9935907a-d8aa-41c8-8f22-42595c70cf22/opts
Oct 18 13:15:01.395184 podb-esxi207 dnsmasq[3899791]: read /opt/stack/data/neutron/dhcp/9935907a-d8aa-41c8-8f22-42595c70cf22/addn_hosts - 0 names
Oct 18 13:15:01.395304 podb-esxi207 dnsmasq-dhcp[3899791]: read /opt/stack/data/neutron/dhcp/9935907a-d8aa-41c8-8f22-42595c70cf22/host
Oct 18 13:15:01.395397 podb-esxi207 dnsmasq-dhcp[3899791]: read /opt/stack/data/neutron/dhcp/9935907a-d8aa-41c8-8f22-42595c70cf22/opts
Oct 18 13:15:02.416872 podb-esxi207 dnsmasq[3899791]: exiting on receipt of SIGTERM
Oct 18 13:15:03.536364 podb-esxi207 dnsmasq[3900071]: read /opt/stack/data/neutron/dhcp/316e9701-2df2-4e24-a104-36ece0969f6b/addn_hosts - 0 names
Oct 18 13:15:03.536464 podb-esxi207 dnsmasq-dhcp[3900071]: read /opt/stack/data/neutron/dhcp/316e9701-2df2-4e24-a104-36ece0969f6b/host
Oct 18 13:15:03.536560 podb-esxi207 dnsmasq-dhcp[3900071]: read /opt/stack/data/neutron/dhcp/316e9701-2df2-4e24-a104-36ece0969f6b/opts
Oct 18 13:15:04.517227 podb-esxi207 dnsmasq[3900071]: exiting on receipt of SIGTERM
Oct 18 13:15:09.298462 podb-esxi207 dnsmasq[3901896]: started, version 2.90 cachesize 150
Oct 18 13:15:09.298489 podb-esxi207 dnsmasq[3901896]: DNS service limited to local subnets
Oct 18 13:15:09.298504 podb-esxi207 dnsmasq[3901896]: compile time options: IPv6 GNU-getopt DBus no-UBus i18n IDN2 DHCP DHCPv6 no-Lua TFTP conntrack ipset no-nftset auth cryptohash DNSSEC loop-detect inotify dumpfile
Oct 18 13:15:09.298541 podb-esxi207 dnsmasq-dhcp[3901896]: DHCP, static leases only on 10.1.0.0, lease time 1d
Oct 18 13:15:09.298698 podb-esxi207 dnsmasq[3901896]: reading /etc/resolv.conf
Oct 18 13:15:09.298715 podb-esxi207 dnsmasq[3901896]: using nameserver 127.0.0.53#53
Oct 18 13:15:09.298834 podb-esxi207 dnsmasq[3901896]: read /opt/stack/data/neutron/dhcp/5de0f14c-8106-4555-a630-f1e54f1845fa/addn_hosts - 0 names
Oct 18 13:15:09.298887 podb-esxi207 dnsmasq-dhcp[3901896]: read /opt/stack/data/neutron/dhcp/5de0f14c-8106-4555-a630-f1e54f1845fa/host
Oct 18 13:15:09.298964 podb-esxi207 dnsmasq-dhcp[3901896]: read /opt/stack/data/neutron/dhcp/5de0f14c-8106-4555-a630-f1e54f1845fa/opts
Oct 18 13:15:10.843124 podb-esxi207 dnsmasq[3901896]: read /opt/stack/data/neutron/dhcp/5de0f14c-8106-4555-a630-f1e54f1845fa/addn_hosts - 2 names
Oct 18 13:15:10.843207 podb-esxi207 dnsmasq-dhcp[3901896]: read /opt/stack/data/neutron/dhcp/5de0f14c-8106-4555-a630-f1e54f1845fa/host
Oct 18 13:15:10.843289 podb-esxi207 dnsmasq-dhcp[3901896]: read /opt/stack/data/neutron/dhcp/5de0f14c-8106-4555-a630-f1e54f1845fa/opts
Oct 18 13:15:13.706071 podb-esxi207 dnsmasq[3902190]: started, version 2.90 cachesize 150
Oct 18 13:15:13.706096 podb-esxi207 dnsmasq[3902190]: DNS service limited to local subnets
Oct 18 13:15:13.706111 podb-esxi207 dnsmasq[3902190]: compile time options: IPv6 GNU-getopt DBus no-UBus i18n IDN2 DHCP DHCPv6 no-Lua TFTP conntrack ipset no-nftset auth cryptohash DNSSEC loop-detect inotify dumpfile
Oct 18 13:15:13.706159 podb-esxi207 dnsmasq-dhcp[3902190]: DHCP, static leases only on 10.1.0.0, lease time 1d
Oct 18 13:15:13.706337 podb-esxi207 dnsmasq[3902190]: reading /etc/resolv.conf
Oct 18 13:15:13.706354 podb-esxi207 dnsmasq[3902190]: using nameserver 127.0.0.53#53
Oct 18 13:15:13.706450 podb-esxi207 dnsmasq[3902190]: read /opt/stack/data/neutron/dhcp/1276197e-1f1a-4371-80af-c251d7d67f9d/addn_hosts - 0 names
Oct 18 13:15:13.706502 podb-esxi207 dnsmasq-dhcp[3902190]: read /opt/stack/data/neutron/dhcp/1276197e-1f1a-4371-80af-c251d7d67f9d/host
Oct 18 13:15:13.706574 podb-esxi207 dnsmasq-dhcp[3902190]: read /opt/stack/data/neutron/dhcp/1276197e-1f1a-4371-80af-c251d7d67f9d/opts
Oct 18 13:15:14.744306 podb-esxi207 dnsmasq[3901896]: read /opt/stack/data/neutron/dhcp/5de0f14c-8106-4555-a630-f1e54f1845fa/addn_hosts - 2 names
Oct 18 13:15:14.744443 podb-esxi207 dnsmasq-dhcp[3901896]: read /opt/stack/data/neutron/dhcp/5de0f14c-8106-4555-a630-f1e54f1845fa/host
Oct 18 13:15:14.744564 podb-esxi207 dnsmasq-dhcp[3901896]: read /opt/stack/data/neutron/dhcp/5de0f14c-8106-4555-a630-f1e54f1845fa/opts
Oct 18 13:15:16.064254 podb-esxi207 dnsmasq[3902190]: read /opt/stack/data/neutron/dhcp/1276197e-1f1a-4371-80af-c251d7d67f9d/addn_hosts - 2 names
Oct 18 13:15:16.064338 podb-esxi207 dnsmasq-dhcp[3902190]: read /opt/stack/data/neutron/dhcp/1276197e-1f1a-4371-80af-c251d7d67f9d/host
Oct 18 13:15:16.064433 podb-esxi207 dnsmasq-dhcp[3902190]: read /opt/stack/data/neutron/dhcp/1276197e-1f1a-4371-80af-c251d7d67f9d/opts
Oct 18 13:15:17.322595 podb-esxi207 dnsmasq[3901896]: read /opt/stack/data/neutron/dhcp/5de0f14c-8106-4555-a630-f1e54f1845fa/addn_hosts - 2 names
Oct 18 13:15:17.322695 podb-esxi207 dnsmasq-dhcp[3901896]: read /opt/stack/data/neutron/dhcp/5de0f14c-8106-4555-a630-f1e54f1845fa/host
Oct 18 13:15:17.322811 podb-esxi207 dnsmasq-dhcp[3901896]: read /opt/stack/data/neutron/dhcp/5de0f14c-8106-4555-a630-f1e54f1845fa/opts
Oct 18 13:15:18.070308 podb-esxi207 dnsmasq[3902190]: read /opt/stack/data/neutron/dhcp/1276197e-1f1a-4371-80af-c251d7d67f9d/addn_hosts - 2 names
Oct 18 13:15:18.070423 podb-esxi207 dnsmasq-dhcp[3902190]: read /opt/stack/data/neutron/dhcp/1276197e-1f1a-4371-80af-c251d7d67f9d/host
Oct 18 13:15:18.070550 podb-esxi207 dnsmasq-dhcp[3902190]: read /opt/stack/data/neutron/dhcp/1276197e-1f1a-4371-80af-c251d7d67f9d/opts
Oct 18 13:15:19.319404 podb-esxi207 dnsmasq[3902190]: read /opt/stack/data/neutron/dhcp/1276197e-1f1a-4371-80af-c251d7d67f9d/addn_hosts - 2 names
Oct 18 13:15:19.319500 podb-esxi207 dnsmasq-dhcp[3902190]: read /opt/stack/data/neutron/dhcp/1276197e-1f1a-4371-80af-c251d7d67f9d/host
Oct 18 13:15:19.319572 podb-esxi207 dnsmasq-dhcp[3902190]: read /opt/stack/data/neutron/dhcp/1276197e-1f1a-4371-80af-c251d7d67f9d/opts
Oct 18 13:15:20.573004 podb-esxi207 dnsmasq[3901896]: read /opt/stack/data/neutron/dhcp/5de0f14c-8106-4555-a630-f1e54f1845fa/addn_hosts - 4 names
Oct 18 13:15:20.573130 podb-esxi207 dnsmasq-dhcp[3901896]: read /opt/stack/data/neutron/dhcp/5de0f14c-8106-4555-a630-f1e54f1845fa/host
Oct 18 13:15:20.573245 podb-esxi207 dnsmasq-dhcp[3901896]: read /opt/stack/data/neutron/dhcp/5de0f14c-8106-4555-a630-f1e54f1845fa/opts
Oct 18 13:15:45.818049 podb-esxi207 dnsmasq-dhcp[3901896]: DHCPDISCOVER(tapaaee6700-6b) fa:16:3e:f9:90:b8
Oct 18 13:15:45.818074 podb-esxi207 dnsmasq-dhcp[3901896]: DHCPOFFER(tapaaee6700-6b) 10.1.0.7 fa:16:3e:f9:90:b8
Oct 18 13:15:45.838987 podb-esxi207 dnsmasq-dhcp[3901896]: DHCPREQUEST(tapaaee6700-6b) 10.1.0.7 fa:16:3e:f9:90:b8
Oct 18 13:15:45.839020 podb-esxi207 dnsmasq-dhcp[3901896]: DHCPACK(tapaaee6700-6b) 10.1.0.7 fa:16:3e:f9:90:b8 host-10-1-0-7
Oct 18 13:17:24.235384 podb-esxi207 dnsmasq[3901896]: read /opt/stack/data/neutron/dhcp/5de0f14c-8106-4555-a630-f1e54f1845fa/addn_hosts - 6 names
Oct 18 13:17:24.235524 podb-esxi207 dnsmasq-dhcp[3901896]: read /opt/stack/data/neutron/dhcp/5de0f14c-8106-4555-a630-f1e54f1845fa/host
Oct 18 13:17:24.235635 podb-esxi207 dnsmasq-dhcp[3901896]: read /opt/stack/data/neutron/dhcp/5de0f14c-8106-4555-a630-f1e54f1845fa/opts
Oct 18 13:17:53.112605 podb-esxi207 dnsmasq-dhcp[3901896]: DHCPDISCOVER(tapaaee6700-6b) fa:16:3e:5a:5c:19
Oct 18 13:17:53.112636 podb-esxi207 dnsmasq-dhcp[3901896]: DHCPOFFER(tapaaee6700-6b) 10.1.0.6 fa:16:3e:5a:5c:19
Oct 18 13:17:53.139458 podb-esxi207 dnsmasq-dhcp[3901896]: DHCPREQUEST(tapaaee6700-6b) 10.1.0.6 fa:16:3e:5a:5c:19
Oct 18 13:17:53.139495 podb-esxi207 dnsmasq-dhcp[3901896]: DHCPACK(tapaaee6700-6b) 10.1.0.6 fa:16:3e:5a:5c:19 host-10-1-0-6
Oct 18 13:19:20.938366 podb-esxi207 dnsmasq-dhcp[3901896]: DHCPRELEASE(tapaaee6700-6b) 10.1.0.6 fa:16:3e:5a:5c:19
Oct 18 13:19:20.955384 podb-esxi207 dnsmasq-dhcp[3901896]: DHCPRELEASE(tapaaee6700-6b) 10.1.0.6 fa:16:3e:5a:5c:19 unknown lease
Oct 18 13:19:21.779872 podb-esxi207 dnsmasq[3901896]: read /opt/stack/data/neutron/dhcp/5de0f14c-8106-4555-a630-f1e54f1845fa/addn_hosts - 4 names
Oct 18 13:19:21.779962 podb-esxi207 dnsmasq-dhcp[3901896]: read /opt/stack/data/neutron/dhcp/5de0f14c-8106-4555-a630-f1e54f1845fa/host
Oct 18 13:19:21.780036 podb-esxi207 dnsmasq-dhcp[3901896]: read /opt/stack/data/neutron/dhcp/5de0f14c-8106-4555-a630-f1e54f1845fa/opts
Oct 18 13:20:10.209410 podb-esxi207 dnsmasq-dhcp[3901896]: DHCPRELEASE(tapaaee6700-6b) 10.1.0.7 fa:16:3e:f9:90:b8
Oct 18 13:20:10.225565 podb-esxi207 dnsmasq-dhcp[3901896]: DHCPRELEASE(tapaaee6700-6b) 10.1.0.7 fa:16:3e:f9:90:b8 unknown lease
Oct 18 13:20:11.048951 podb-esxi207 dnsmasq[3901896]: read /opt/stack/data/neutron/dhcp/5de0f14c-8106-4555-a630-f1e54f1845fa/addn_hosts - 2 names
Oct 18 13:20:11.049071 podb-esxi207 dnsmasq-dhcp[3901896]: read /opt/stack/data/neutron/dhcp/5de0f14c-8106-4555-a630-f1e54f1845fa/host
Oct 18 13:20:11.049185 podb-esxi207 dnsmasq-dhcp[3901896]: read /opt/stack/data/neutron/dhcp/5de0f14c-8106-4555-a630-f1e54f1845fa/opts
Oct 18 13:20:19.522502 podb-esxi207 dnsmasq[3901896]: read /opt/stack/data/neutron/dhcp/5de0f14c-8106-4555-a630-f1e54f1845fa/addn_hosts - 0 names
Oct 18 13:20:19.522599 podb-esxi207 dnsmasq-dhcp[3901896]: read /opt/stack/data/neutron/dhcp/5de0f14c-8106-4555-a630-f1e54f1845fa/host
Oct 18 13:20:19.522677 podb-esxi207 dnsmasq-dhcp[3901896]: read /opt/stack/data/neutron/dhcp/5de0f14c-8106-4555-a630-f1e54f1845fa/opts
Oct 18 13:20:20.504069 podb-esxi207 dnsmasq[3901896]: exiting on receipt of SIGTERM
Oct 18 13:20:21.638813 podb-esxi207 dnsmasq[3902190]: read /opt/stack/data/neutron/dhcp/1276197e-1f1a-4371-80af-c251d7d67f9d/addn_hosts - 0 names
Oct 18 13:20:21.638888 podb-esxi207 dnsmasq-dhcp[3902190]: read /opt/stack/data/neutron/dhcp/1276197e-1f1a-4371-80af-c251d7d67f9d/host
Oct 18 13:20:21.638943 podb-esxi207 dnsmasq-dhcp[3902190]: read /opt/stack/data/neutron/dhcp/1276197e-1f1a-4371-80af-c251d7d67f9d/opts
Oct 18 13:20:22.737107 podb-esxi207 dnsmasq[3902190]: exiting on receipt of SIGTERM
Oct 18 13:21:00.947689 podb-esxi207 dnsmasq[3904992]: started, version 2.90 cachesize 150
Oct 18 13:21:00.947719 podb-esxi207 dnsmasq[3904992]: DNS service limited to local subnets
Oct 18 13:21:00.947733 podb-esxi207 dnsmasq[3904992]: compile time options: IPv6 GNU-getopt DBus no-UBus i18n IDN2 DHCP DHCPv6 no-Lua TFTP conntrack ipset no-nftset auth cryptohash DNSSEC loop-detect inotify dumpfile
Oct 18 13:21:00.947769 podb-esxi207 dnsmasq-dhcp[3904992]: DHCP, static leases only on 10.1.0.0, lease time 1d
Oct 18 13:21:00.947925 podb-esxi207 dnsmasq[3904992]: reading /etc/resolv.conf
Oct 18 13:21:00.947942 podb-esxi207 dnsmasq[3904992]: using nameserver 127.0.0.53#53
Oct 18 13:21:00.948024 podb-esxi207 dnsmasq[3904992]: read /opt/stack/data/neutron/dhcp/357f21e3-50c4-4803-8667-6e988a968e95/addn_hosts - 0 names
Oct 18 13:21:00.948076 podb-esxi207 dnsmasq-dhcp[3904992]: read /opt/stack/data/neutron/dhcp/357f21e3-50c4-4803-8667-6e988a968e95/host
Oct 18 13:21:00.948153 podb-esxi207 dnsmasq-dhcp[3904992]: read /opt/stack/data/neutron/dhcp/357f21e3-50c4-4803-8667-6e988a968e95/opts
Oct 18 13:21:02.494573 podb-esxi207 dnsmasq[3904992]: read /opt/stack/data/neutron/dhcp/357f21e3-50c4-4803-8667-6e988a968e95/addn_hosts - 2 names
Oct 18 13:21:02.494656 podb-esxi207 dnsmasq-dhcp[3904992]: read /opt/stack/data/neutron/dhcp/357f21e3-50c4-4803-8667-6e988a968e95/host
Oct 18 13:21:02.494726 podb-esxi207 dnsmasq-dhcp[3904992]: read /opt/stack/data/neutron/dhcp/357f21e3-50c4-4803-8667-6e988a968e95/opts
Oct 18 13:21:05.409873 podb-esxi207 dnsmasq[3905637]: started, version 2.90 cachesize 150
Oct 18 13:21:05.409897 podb-esxi207 dnsmasq[3905637]: DNS service limited to local subnets
Oct 18 13:21:05.409913 podb-esxi207 dnsmasq[3905637]: compile time options: IPv6 GNU-getopt DBus no-UBus i18n IDN2 DHCP DHCPv6 no-Lua TFTP conntrack ipset no-nftset auth cryptohash DNSSEC loop-detect inotify dumpfile
Oct 18 13:21:05.409954 podb-esxi207 dnsmasq-dhcp[3905637]: DHCP, static leases only on 10.1.0.0, lease time 1d
Oct 18 13:21:05.410108 podb-esxi207 dnsmasq[3905637]: reading /etc/resolv.conf
Oct 18 13:21:05.410124 podb-esxi207 dnsmasq[3905637]: using nameserver 127.0.0.53#53
Oct 18 13:21:05.410237 podb-esxi207 dnsmasq[3905637]: read /opt/stack/data/neutron/dhcp/7252a09b-3c4d-489a-8d83-7b5cfd47fa99/addn_hosts - 2 names
Oct 18 13:21:05.410294 podb-esxi207 dnsmasq-dhcp[3905637]: read /opt/stack/data/neutron/dhcp/7252a09b-3c4d-489a-8d83-7b5cfd47fa99/host
Oct 18 13:21:05.410371 podb-esxi207 dnsmasq-dhcp[3905637]: read /opt/stack/data/neutron/dhcp/7252a09b-3c4d-489a-8d83-7b5cfd47fa99/opts
Oct 18 13:21:06.450686 podb-esxi207 dnsmasq[3904992]: read /opt/stack/data/neutron/dhcp/357f21e3-50c4-4803-8667-6e988a968e95/addn_hosts - 2 names
Oct 18 13:21:06.450814 podb-esxi207 dnsmasq-dhcp[3904992]: read /opt/stack/data/neutron/dhcp/357f21e3-50c4-4803-8667-6e988a968e95/host
Oct 18 13:21:06.450922 podb-esxi207 dnsmasq-dhcp[3904992]: read /opt/stack/data/neutron/dhcp/357f21e3-50c4-4803-8667-6e988a968e95/opts
Oct 18 13:21:07.712263 podb-esxi207 dnsmasq[3905637]: read /opt/stack/data/neutron/dhcp/7252a09b-3c4d-489a-8d83-7b5cfd47fa99/addn_hosts - 2 names
Oct 18 13:21:07.712345 podb-esxi207 dnsmasq-dhcp[3905637]: read /opt/stack/data/neutron/dhcp/7252a09b-3c4d-489a-8d83-7b5cfd47fa99/host
Oct 18 13:21:07.712416 podb-esxi207 dnsmasq-dhcp[3905637]: read /opt/stack/data/neutron/dhcp/7252a09b-3c4d-489a-8d83-7b5cfd47fa99/opts
Oct 18 13:21:08.980503 podb-esxi207 dnsmasq[3904992]: read /opt/stack/data/neutron/dhcp/357f21e3-50c4-4803-8667-6e988a968e95/addn_hosts - 2 names
Oct 18 13:21:08.980622 podb-esxi207 dnsmasq-dhcp[3904992]: read /opt/stack/data/neutron/dhcp/357f21e3-50c4-4803-8667-6e988a968e95/host
Oct 18 13:21:08.980724 podb-esxi207 dnsmasq-dhcp[3904992]: read /opt/stack/data/neutron/dhcp/357f21e3-50c4-4803-8667-6e988a968e95/opts
Oct 18 13:21:09.731873 podb-esxi207 dnsmasq[3905637]: read /opt/stack/data/neutron/dhcp/7252a09b-3c4d-489a-8d83-7b5cfd47fa99/addn_hosts - 2 names
Oct 18 13:21:09.731981 podb-esxi207 dnsmasq-dhcp[3905637]: read /opt/stack/data/neutron/dhcp/7252a09b-3c4d-489a-8d83-7b5cfd47fa99/host
Oct 18 13:21:09.732095 podb-esxi207 dnsmasq-dhcp[3905637]: read /opt/stack/data/neutron/dhcp/7252a09b-3c4d-489a-8d83-7b5cfd47fa99/opts
Oct 18 13:21:10.990454 podb-esxi207 dnsmasq[3905637]: read /opt/stack/data/neutron/dhcp/7252a09b-3c4d-489a-8d83-7b5cfd47fa99/addn_hosts - 2 names
Oct 18 13:21:10.990567 podb-esxi207 dnsmasq-dhcp[3905637]: read /opt/stack/data/neutron/dhcp/7252a09b-3c4d-489a-8d83-7b5cfd47fa99/host
Oct 18 13:21:10.990676 podb-esxi207 dnsmasq-dhcp[3905637]: read /opt/stack/data/neutron/dhcp/7252a09b-3c4d-489a-8d83-7b5cfd47fa99/opts
Oct 18 13:21:12.254275 podb-esxi207 dnsmasq[3904992]: read /opt/stack/data/neutron/dhcp/357f21e3-50c4-4803-8667-6e988a968e95/addn_hosts - 4 names
Oct 18 13:21:12.254425 podb-esxi207 dnsmasq-dhcp[3904992]: read /opt/stack/data/neutron/dhcp/357f21e3-50c4-4803-8667-6e988a968e95/host
Oct 18 13:21:12.254518 podb-esxi207 dnsmasq-dhcp[3904992]: read /opt/stack/data/neutron/dhcp/357f21e3-50c4-4803-8667-6e988a968e95/opts
Oct 18 13:21:34.266648 podb-esxi207 dnsmasq-dhcp[3904992]: DHCPDISCOVER(tapbc583a91-a2) fa:16:3e:b8:48:5d
Oct 18 13:21:34.266676 podb-esxi207 dnsmasq-dhcp[3904992]: DHCPOFFER(tapbc583a91-a2) 10.1.0.6 fa:16:3e:b8:48:5d
Oct 18 13:21:34.277026 podb-esxi207 dnsmasq-dhcp[3904992]: DHCPREQUEST(tapbc583a91-a2) 10.1.0.6 fa:16:3e:b8:48:5d
Oct 18 13:21:34.277056 podb-esxi207 dnsmasq-dhcp[3904992]: DHCPACK(tapbc583a91-a2) 10.1.0.6 fa:16:3e:b8:48:5d host-10-1-0-6
Oct 18 13:23:11.746452 podb-esxi207 dnsmasq[3904992]: read /opt/stack/data/neutron/dhcp/357f21e3-50c4-4803-8667-6e988a968e95/addn_hosts - 6 names
Oct 18 13:23:11.746554 podb-esxi207 dnsmasq-dhcp[3904992]: read /opt/stack/data/neutron/dhcp/357f21e3-50c4-4803-8667-6e988a968e95/host
Oct 18 13:23:11.746658 podb-esxi207 dnsmasq-dhcp[3904992]: read /opt/stack/data/neutron/dhcp/357f21e3-50c4-4803-8667-6e988a968e95/opts
Oct 18 13:23:34.592675 podb-esxi207 dnsmasq-dhcp[3904992]: DHCPDISCOVER(tapbc583a91-a2) fa:16:3e:8f:4e:97
Oct 18 13:23:34.592705 podb-esxi207 dnsmasq-dhcp[3904992]: DHCPOFFER(tapbc583a91-a2) 10.1.0.11 fa:16:3e:8f:4e:97
Oct 18 13:23:34.606192 podb-esxi207 dnsmasq-dhcp[3904992]: DHCPREQUEST(tapbc583a91-a2) 10.1.0.11 fa:16:3e:8f:4e:97
Oct 18 13:23:34.606226 podb-esxi207 dnsmasq-dhcp[3904992]: DHCPACK(tapbc583a91-a2) 10.1.0.11 fa:16:3e:8f:4e:97 host-10-1-0-11
Oct 18 13:24:49.287718 podb-esxi207 dnsmasq-dhcp[3904992]: DHCPRELEASE(tapbc583a91-a2) 10.1.0.11 fa:16:3e:8f:4e:97
Oct 18 13:24:49.305053 podb-esxi207 dnsmasq-dhcp[3904992]: DHCPRELEASE(tapbc583a91-a2) 10.1.0.11 fa:16:3e:8f:4e:97 unknown lease
Oct 18 13:24:50.131816 podb-esxi207 dnsmasq[3904992]: read /opt/stack/data/neutron/dhcp/357f21e3-50c4-4803-8667-6e988a968e95/addn_hosts - 4 names
Oct 18 13:24:50.131915 podb-esxi207 dnsmasq-dhcp[3904992]: read /opt/stack/data/neutron/dhcp/357f21e3-50c4-4803-8667-6e988a968e95/host
Oct 18 13:24:50.131983 podb-esxi207 dnsmasq-dhcp[3904992]: read /opt/stack/data/neutron/dhcp/357f21e3-50c4-4803-8667-6e988a968e95/opts
Oct 18 13:26:24.785225 podb-esxi207 dnsmasq-dhcp[3904992]: DHCPRELEASE(tapbc583a91-a2) 10.1.0.6 fa:16:3e:b8:48:5d
Oct 18 13:26:24.802142 podb-esxi207 dnsmasq-dhcp[3904992]: DHCPRELEASE(tapbc583a91-a2) 10.1.0.6 fa:16:3e:b8:48:5d unknown lease
Oct 18 13:26:25.626461 podb-esxi207 dnsmasq[3904992]: read /opt/stack/data/neutron/dhcp/357f21e3-50c4-4803-8667-6e988a968e95/addn_hosts - 2 names
Oct 18 13:26:25.626569 podb-esxi207 dnsmasq-dhcp[3904992]: read /opt/stack/data/neutron/dhcp/357f21e3-50c4-4803-8667-6e988a968e95/host
Oct 18 13:26:25.626682 podb-esxi207 dnsmasq-dhcp[3904992]: read /opt/stack/data/neutron/dhcp/357f21e3-50c4-4803-8667-6e988a968e95/opts
Oct 18 13:26:38.235242 podb-esxi207 dnsmasq[3904992]: read /opt/stack/data/neutron/dhcp/357f21e3-50c4-4803-8667-6e988a968e95/addn_hosts - 4 names
Oct 18 13:26:38.235336 podb-esxi207 dnsmasq-dhcp[3904992]: read /opt/stack/data/neutron/dhcp/357f21e3-50c4-4803-8667-6e988a968e95/host
Oct 18 13:26:38.235431 podb-esxi207 dnsmasq-dhcp[3904992]: read /opt/stack/data/neutron/dhcp/357f21e3-50c4-4803-8667-6e988a968e95/opts
Oct 18 13:27:00.128638 podb-esxi207 dnsmasq-dhcp[3904992]: DHCPDISCOVER(tapbc583a91-a2) fa:16:3e:e2:ae:68
Oct 18 13:27:00.128665 podb-esxi207 dnsmasq-dhcp[3904992]: DHCPOFFER(tapbc583a91-a2) 10.1.0.6 fa:16:3e:e2:ae:68
Oct 18 13:27:00.139123 podb-esxi207 dnsmasq-dhcp[3904992]: DHCPREQUEST(tapbc583a91-a2) 10.1.0.6 fa:16:3e:e2:ae:68
Oct 18 13:27:00.139152 podb-esxi207 dnsmasq-dhcp[3904992]: DHCPACK(tapbc583a91-a2) 10.1.0.6 fa:16:3e:e2:ae:68 host-10-1-0-6
Oct 18 13:28:32.442071 podb-esxi207 dnsmasq-dhcp[3904992]: DHCPRELEASE(tapbc583a91-a2) 10.1.0.6 fa:16:3e:e2:ae:68
Oct 18 13:28:32.458361 podb-esxi207 dnsmasq-dhcp[3904992]: DHCPRELEASE(tapbc583a91-a2) 10.1.0.6 fa:16:3e:e2:ae:68 unknown lease
Oct 18 13:28:33.282294 podb-esxi207 dnsmasq[3904992]: read /opt/stack/data/neutron/dhcp/357f21e3-50c4-4803-8667-6e988a968e95/addn_hosts - 2 names
Oct 18 13:28:33.282374 podb-esxi207 dnsmasq-dhcp[3904992]: read /opt/stack/data/neutron/dhcp/357f21e3-50c4-4803-8667-6e988a968e95/host
Oct 18 13:28:33.282446 podb-esxi207 dnsmasq-dhcp[3904992]: read /opt/stack/data/neutron/dhcp/357f21e3-50c4-4803-8667-6e988a968e95/opts
Oct 18 13:28:38.738065 podb-esxi207 dnsmasq[3904992]: read /opt/stack/data/neutron/dhcp/357f21e3-50c4-4803-8667-6e988a968e95/addn_hosts - 0 names
Oct 18 13:28:38.738170 podb-esxi207 dnsmasq-dhcp[3904992]: read /opt/stack/data/neutron/dhcp/357f21e3-50c4-4803-8667-6e988a968e95/host
Oct 18 13:28:38.738252 podb-esxi207 dnsmasq-dhcp[3904992]: read /opt/stack/data/neutron/dhcp/357f21e3-50c4-4803-8667-6e988a968e95/opts
Oct 18 13:28:39.844425 podb-esxi207 dnsmasq[3904992]: exiting on receipt of SIGTERM
Oct 18 13:28:40.466376 podb-esxi207 dnsmasq-dhcp[3905637]: DHCPRELEASE(tap8b4282eb-5c) 10.1.0.1 fa:16:3e:71:dc:0a
Oct 18 13:28:41.288199 podb-esxi207 dnsmasq[3905637]: read /opt/stack/data/neutron/dhcp/7252a09b-3c4d-489a-8d83-7b5cfd47fa99/addn_hosts - 0 names
Oct 18 13:28:41.288300 podb-esxi207 dnsmasq-dhcp[3905637]: read /opt/stack/data/neutron/dhcp/7252a09b-3c4d-489a-8d83-7b5cfd47fa99/host
Oct 18 13:28:41.288397 podb-esxi207 dnsmasq-dhcp[3905637]: read /opt/stack/data/neutron/dhcp/7252a09b-3c4d-489a-8d83-7b5cfd47fa99/opts
Oct 18 13:28:42.052846 podb-esxi207 dnsmasq[3905637]: exiting on receipt of SIGTERM
