Oct 16 18:28:14.036012 podb-esxi207 dnsmasq-dhcp[971319]: read /opt/stack/data/neutron/dhcp/ab7fffb0-ac3a-4a05-821f-d6766f7132e6/opts
Oct 16 18:28:15.076250 podb-esxi207 dnsmasq[970408]: read /opt/stack/data/neutron/dhcp/69964a84-0d09-4cbd-ab39-73dbe6e24a91/addn_hosts - 2 names
Oct 16 18:28:15.076331 podb-esxi207 dnsmasq-dhcp[970408]: read /opt/stack/data/neutron/dhcp/69964a84-0d09-4cbd-ab39-73dbe6e24a91/host
Oct 16 18:28:15.076407 podb-esxi207 dnsmasq-dhcp[970408]: read /opt/stack/data/neutron/dhcp/69964a84-0d09-4cbd-ab39-73dbe6e24a91/opts
Oct 16 18:28:17.890290 podb-esxi207 dnsmasq[971589]: started, version 2.90 cachesize 150
Oct 16 18:28:17.890322 podb-esxi207 dnsmasq[971589]: DNS service limited to local subnets
Oct 16 18:28:17.890337 podb-esxi207 dnsmasq[971589]: compile time options: IPv6 GNU-getopt DBus no-UBus i18n IDN2 DHCP DHCPv6 no-Lua TFTP conntrack ipset no-nftset auth cryptohash DNSSEC loop-detect inotify dumpfile
Oct 16 18:28:17.890378 podb-esxi207 dnsmasq-dhcp[971589]: DHCP, static leases only on 10.1.0.0, lease time 1d
Oct 16 18:28:17.890532 podb-esxi207 dnsmasq[971589]: reading /etc/resolv.conf
Oct 16 18:28:17.890549 podb-esxi207 dnsmasq[971589]: using nameserver 127.0.0.53#53
Oct 16 18:28:17.890658 podb-esxi207 dnsmasq[971589]: read /opt/stack/data/neutron/dhcp/6917b4fc-34fc-43a9-adb1-41b0d6e61e3d/addn_hosts - 2 names
Oct 16 18:28:17.890714 podb-esxi207 dnsmasq-dhcp[971589]: read /opt/stack/data/neutron/dhcp/6917b4fc-34fc-43a9-adb1-41b0d6e61e3d/host
Oct 16 18:28:17.890781 podb-esxi207 dnsmasq-dhcp[971589]: read /opt/stack/data/neutron/dhcp/6917b4fc-34fc-43a9-adb1-41b0d6e61e3d/opts
Oct 16 18:28:18.418123 podb-esxi207 dnsmasq[970031]: read /opt/stack/data/neutron/dhcp/484e29ae-1a1a-4f79-8607-799bc83e4f8d/addn_hosts - 2 names
Oct 16 18:28:18.418214 podb-esxi207 dnsmasq-dhcp[970031]: read /opt/stack/data/neutron/dhcp/484e29ae-1a1a-4f79-8607-799bc83e4f8d/host
Oct 16 18:28:18.418313 podb-esxi207 dnsmasq-dhcp[970031]: read /opt/stack/data/neutron/dhcp/484e29ae-1a1a-4f79-8607-799bc83e4f8d/opts
Oct 16 18:28:20.162742 podb-esxi207 dnsmasq[971319]: read /opt/stack/data/neutron/dhcp/ab7fffb0-ac3a-4a05-821f-d6766f7132e6/addn_hosts - 2 names
Oct 16 18:28:20.162856 podb-esxi207 dnsmasq-dhcp[971319]: read /opt/stack/data/neutron/dhcp/ab7fffb0-ac3a-4a05-821f-d6766f7132e6/host
Oct 16 18:28:20.162957 podb-esxi207 dnsmasq-dhcp[971319]: read /opt/stack/data/neutron/dhcp/ab7fffb0-ac3a-4a05-821f-d6766f7132e6/opts
Oct 16 18:28:20.912408 podb-esxi207 dnsmasq[970408]: read /opt/stack/data/neutron/dhcp/69964a84-0d09-4cbd-ab39-73dbe6e24a91/addn_hosts - 2 names
Oct 16 18:28:20.912492 podb-esxi207 dnsmasq-dhcp[970408]: read /opt/stack/data/neutron/dhcp/69964a84-0d09-4cbd-ab39-73dbe6e24a91/host
Oct 16 18:28:20.912613 podb-esxi207 dnsmasq-dhcp[970408]: read /opt/stack/data/neutron/dhcp/69964a84-0d09-4cbd-ab39-73dbe6e24a91/opts
Oct 16 18:28:22.142728 podb-esxi207 dnsmasq[971589]: read /opt/stack/data/neutron/dhcp/6917b4fc-34fc-43a9-adb1-41b0d6e61e3d/addn_hosts - 2 names
Oct 16 18:28:22.142819 podb-esxi207 dnsmasq-dhcp[971589]: read /opt/stack/data/neutron/dhcp/6917b4fc-34fc-43a9-adb1-41b0d6e61e3d/host
Oct 16 18:28:22.142936 podb-esxi207 dnsmasq-dhcp[971589]: read /opt/stack/data/neutron/dhcp/6917b4fc-34fc-43a9-adb1-41b0d6e61e3d/opts
Oct 16 18:28:22.882009 podb-esxi207 dnsmasq[970031]: read /opt/stack/data/neutron/dhcp/484e29ae-1a1a-4f79-8607-799bc83e4f8d/addn_hosts - 2 names
Oct 16 18:28:22.882125 podb-esxi207 dnsmasq-dhcp[970031]: read /opt/stack/data/neutron/dhcp/484e29ae-1a1a-4f79-8607-799bc83e4f8d/host
Oct 16 18:28:22.882249 podb-esxi207 dnsmasq-dhcp[970031]: read /opt/stack/data/neutron/dhcp/484e29ae-1a1a-4f79-8607-799bc83e4f8d/opts
Oct 16 18:28:24.146672 podb-esxi207 dnsmasq[971319]: read /opt/stack/data/neutron/dhcp/ab7fffb0-ac3a-4a05-821f-d6766f7132e6/addn_hosts - 2 names
Oct 16 18:28:24.146791 podb-esxi207 dnsmasq-dhcp[971319]: read /opt/stack/data/neutron/dhcp/ab7fffb0-ac3a-4a05-821f-d6766f7132e6/host
Oct 16 18:28:24.146905 podb-esxi207 dnsmasq-dhcp[971319]: read /opt/stack/data/neutron/dhcp/ab7fffb0-ac3a-4a05-821f-d6766f7132e6/opts
Oct 16 18:28:24.887485 podb-esxi207 dnsmasq[970408]: read /opt/stack/data/neutron/dhcp/69964a84-0d09-4cbd-ab39-73dbe6e24a91/addn_hosts - 2 names
Oct 16 18:28:24.887599 podb-esxi207 dnsmasq-dhcp[970408]: read /opt/stack/data/neutron/dhcp/69964a84-0d09-4cbd-ab39-73dbe6e24a91/host
Oct 16 18:28:24.887707 podb-esxi207 dnsmasq-dhcp[970408]: read /opt/stack/data/neutron/dhcp/69964a84-0d09-4cbd-ab39-73dbe6e24a91/opts
Oct 16 18:28:25.634913 podb-esxi207 dnsmasq[971589]: read /opt/stack/data/neutron/dhcp/6917b4fc-34fc-43a9-adb1-41b0d6e61e3d/addn_hosts - 2 names
Oct 16 18:28:25.635000 podb-esxi207 dnsmasq-dhcp[971589]: read /opt/stack/data/neutron/dhcp/6917b4fc-34fc-43a9-adb1-41b0d6e61e3d/host
Oct 16 18:28:25.635131 podb-esxi207 dnsmasq-dhcp[971589]: read /opt/stack/data/neutron/dhcp/6917b4fc-34fc-43a9-adb1-41b0d6e61e3d/opts
Oct 16 18:28:26.892011 podb-esxi207 dnsmasq[971319]: read /opt/stack/data/neutron/dhcp/ab7fffb0-ac3a-4a05-821f-d6766f7132e6/addn_hosts - 2 names
Oct 16 18:28:26.892117 podb-esxi207 dnsmasq-dhcp[971319]: read /opt/stack/data/neutron/dhcp/ab7fffb0-ac3a-4a05-821f-d6766f7132e6/host
Oct 16 18:28:26.892213 podb-esxi207 dnsmasq-dhcp[971319]: read /opt/stack/data/neutron/dhcp/ab7fffb0-ac3a-4a05-821f-d6766f7132e6/opts
Oct 16 18:28:27.628107 podb-esxi207 dnsmasq[970408]: read /opt/stack/data/neutron/dhcp/69964a84-0d09-4cbd-ab39-73dbe6e24a91/addn_hosts - 4 names
Oct 16 18:28:27.628249 podb-esxi207 dnsmasq-dhcp[970408]: read /opt/stack/data/neutron/dhcp/69964a84-0d09-4cbd-ab39-73dbe6e24a91/host
Oct 16 18:28:27.628347 podb-esxi207 dnsmasq-dhcp[970408]: read /opt/stack/data/neutron/dhcp/69964a84-0d09-4cbd-ab39-73dbe6e24a91/opts
Oct 16 18:28:28.366708 podb-esxi207 dnsmasq[971589]: read /opt/stack/data/neutron/dhcp/6917b4fc-34fc-43a9-adb1-41b0d6e61e3d/addn_hosts - 2 names
Oct 16 18:28:28.366788 podb-esxi207 dnsmasq-dhcp[971589]: read /opt/stack/data/neutron/dhcp/6917b4fc-34fc-43a9-adb1-41b0d6e61e3d/host
Oct 16 18:28:28.366894 podb-esxi207 dnsmasq-dhcp[971589]: read /opt/stack/data/neutron/dhcp/6917b4fc-34fc-43a9-adb1-41b0d6e61e3d/opts
Oct 16 18:28:29.206327 podb-esxi207 dnsmasq-dhcp[963766]: DHCPRELEASE(tap587ae8ec-25) 10.1.0.9 fa:16:3e:a6:a3:dc
Oct 16 18:28:29.222684 podb-esxi207 dnsmasq-dhcp[963766]: DHCPRELEASE(tap587ae8ec-25) 10.1.0.9 fa:16:3e:a6:a3:dc unknown lease
Oct 16 18:28:30.045971 podb-esxi207 dnsmasq[963766]: read /opt/stack/data/neutron/dhcp/bb5262ef-0248-46af-86e2-cfb2a384ec8e/addn_hosts - 4 names
Oct 16 18:28:30.046087 podb-esxi207 dnsmasq-dhcp[963766]: read /opt/stack/data/neutron/dhcp/bb5262ef-0248-46af-86e2-cfb2a384ec8e/host
Oct 16 18:28:30.046190 podb-esxi207 dnsmasq-dhcp[963766]: read /opt/stack/data/neutron/dhcp/bb5262ef-0248-46af-86e2-cfb2a384ec8e/opts
Oct 16 18:28:30.774855 podb-esxi207 dnsmasq[970031]: read /opt/stack/data/neutron/dhcp/484e29ae-1a1a-4f79-8607-799bc83e4f8d/addn_hosts - 4 names
Oct 16 18:28:30.774976 podb-esxi207 dnsmasq-dhcp[970031]: read /opt/stack/data/neutron/dhcp/484e29ae-1a1a-4f79-8607-799bc83e4f8d/host
Oct 16 18:28:30.775078 podb-esxi207 dnsmasq-dhcp[970031]: read /opt/stack/data/neutron/dhcp/484e29ae-1a1a-4f79-8607-799bc83e4f8d/opts
Oct 16 18:28:30.995416 podb-esxi207 dnsmasq-dhcp[963766]: DHCPRELEASE(tap587ae8ec-25) 10.1.0.5 fa:16:3e:f0:a0:65
Oct 16 18:28:31.011242 podb-esxi207 dnsmasq-dhcp[963766]: DHCPRELEASE(tap587ae8ec-25) 10.1.0.5 fa:16:3e:f0:a0:65 unknown lease
Oct 16 18:28:31.833836 podb-esxi207 dnsmasq[963766]: read /opt/stack/data/neutron/dhcp/bb5262ef-0248-46af-86e2-cfb2a384ec8e/addn_hosts - 2 names
Oct 16 18:28:31.833926 podb-esxi207 dnsmasq-dhcp[963766]: read /opt/stack/data/neutron/dhcp/bb5262ef-0248-46af-86e2-cfb2a384ec8e/host
Oct 16 18:28:31.834014 podb-esxi207 dnsmasq-dhcp[963766]: read /opt/stack/data/neutron/dhcp/bb5262ef-0248-46af-86e2-cfb2a384ec8e/opts
Oct 16 18:28:39.078784 podb-esxi207 dnsmasq-dhcp[966826]: DHCPREQUEST(tap324a81f3-ad) 10.1.0.9 fa:16:3e:d3:d4:de
Oct 16 18:28:39.078820 podb-esxi207 dnsmasq-dhcp[966826]: DHCPACK(tap324a81f3-ad) 10.1.0.9 fa:16:3e:d3:d4:de host-10-1-0-9
Oct 16 18:28:39.968083 podb-esxi207 dnsmasq[970408]: read /opt/stack/data/neutron/dhcp/69964a84-0d09-4cbd-ab39-73dbe6e24a91/addn_hosts - 2 names
Oct 16 18:28:39.968184 podb-esxi207 dnsmasq-dhcp[970408]: read /opt/stack/data/neutron/dhcp/69964a84-0d09-4cbd-ab39-73dbe6e24a91/host
Oct 16 18:28:39.968301 podb-esxi207 dnsmasq-dhcp[970408]: read /opt/stack/data/neutron/dhcp/69964a84-0d09-4cbd-ab39-73dbe6e24a91/opts
Oct 16 18:28:44.019865 podb-esxi207 dnsmasq-dhcp[970408]: DHCPRELEASE(tap4201c73d-c6) 10.1.0.1 fa:16:3e:74:41:7d
Oct 16 18:28:44.843214 podb-esxi207 dnsmasq[970408]: read /opt/stack/data/neutron/dhcp/69964a84-0d09-4cbd-ab39-73dbe6e24a91/addn_hosts - 0 names
Oct 16 18:28:44.843280 podb-esxi207 dnsmasq-dhcp[970408]: read /opt/stack/data/neutron/dhcp/69964a84-0d09-4cbd-ab39-73dbe6e24a91/host
Oct 16 18:28:44.843330 podb-esxi207 dnsmasq-dhcp[970408]: read /opt/stack/data/neutron/dhcp/69964a84-0d09-4cbd-ab39-73dbe6e24a91/opts
Oct 16 18:28:45.076114 podb-esxi207 dnsmasq-dhcp[963766]: DHCPRELEASE(tap587ae8ec-25) 10.1.0.1 fa:16:3e:10:c8:ae
Oct 16 18:28:45.897496 podb-esxi207 dnsmasq[963766]: read /opt/stack/data/neutron/dhcp/bb5262ef-0248-46af-86e2-cfb2a384ec8e/addn_hosts - 0 names
Oct 16 18:28:45.897598 podb-esxi207 dnsmasq-dhcp[963766]: read /opt/stack/data/neutron/dhcp/bb5262ef-0248-46af-86e2-cfb2a384ec8e/host
Oct 16 18:28:45.897654 podb-esxi207 dnsmasq-dhcp[963766]: read /opt/stack/data/neutron/dhcp/bb5262ef-0248-46af-86e2-cfb2a384ec8e/opts
Oct 16 18:28:46.623165 podb-esxi207 dnsmasq-dhcp[965139]: DHCPRELEASE(tap5aeca9ca-f8) 10.1.0.1 fa:16:3e:34:a0:60
Oct 16 18:28:47.448298 podb-esxi207 dnsmasq[965139]: read /opt/stack/data/neutron/dhcp/123eaebb-88d3-48f4-a911-02d8d0337157/addn_hosts - 0 names
Oct 16 18:28:47.448358 podb-esxi207 dnsmasq-dhcp[965139]: read /opt/stack/data/neutron/dhcp/123eaebb-88d3-48f4-a911-02d8d0337157/host
Oct 16 18:28:47.448412 podb-esxi207 dnsmasq-dhcp[965139]: read /opt/stack/data/neutron/dhcp/123eaebb-88d3-48f4-a911-02d8d0337157/opts
Oct 16 18:28:47.673485 podb-esxi207 dnsmasq-dhcp[971319]: DHCPRELEASE(tapec746f57-8b) 10.1.0.1 fa:16:3e:98:82:c0
Oct 16 18:28:48.493532 podb-esxi207 dnsmasq[971319]: read /opt/stack/data/neutron/dhcp/ab7fffb0-ac3a-4a05-821f-d6766f7132e6/addn_hosts - 0 names
Oct 16 18:28:48.493600 podb-esxi207 dnsmasq-dhcp[971319]: read /opt/stack/data/neutron/dhcp/ab7fffb0-ac3a-4a05-821f-d6766f7132e6/host
Oct 16 18:28:48.493671 podb-esxi207 dnsmasq-dhcp[971319]: read /opt/stack/data/neutron/dhcp/ab7fffb0-ac3a-4a05-821f-d6766f7132e6/opts
Oct 16 18:28:48.703825 podb-esxi207 dnsmasq[963766]: exiting on receipt of SIGTERM
Oct 16 18:28:49.307451 podb-esxi207 dnsmasq[970408]: exiting on receipt of SIGTERM
Oct 16 18:28:49.901707 podb-esxi207 dnsmasq-dhcp[966511]: DHCPRELEASE(tap840c64ba-d3) 10.1.0.1 fa:16:3e:5e:a5:fb
Oct 16 18:28:50.722558 podb-esxi207 dnsmasq[966511]: read /opt/stack/data/neutron/dhcp/a7a41365-8bb2-425a-98b1-017dabb61536/addn_hosts - 0 names
Oct 16 18:28:50.722628 podb-esxi207 dnsmasq-dhcp[966511]: read /opt/stack/data/neutron/dhcp/a7a41365-8bb2-425a-98b1-017dabb61536/host
Oct 16 18:28:50.722698 podb-esxi207 dnsmasq-dhcp[966511]: read /opt/stack/data/neutron/dhcp/a7a41365-8bb2-425a-98b1-017dabb61536/opts
Oct 16 18:28:50.923020 podb-esxi207 dnsmasq-dhcp[971589]: DHCPRELEASE(tap25280a4b-47) 10.1.0.1 fa:16:3e:64:5c:e7
Oct 16 18:28:51.744031 podb-esxi207 dnsmasq[971589]: read /opt/stack/data/neutron/dhcp/6917b4fc-34fc-43a9-adb1-41b0d6e61e3d/addn_hosts - 0 names
Oct 16 18:28:51.744105 podb-esxi207 dnsmasq-dhcp[971589]: read /opt/stack/data/neutron/dhcp/6917b4fc-34fc-43a9-adb1-41b0d6e61e3d/host
Oct 16 18:28:51.744183 podb-esxi207 dnsmasq-dhcp[971589]: read /opt/stack/data/neutron/dhcp/6917b4fc-34fc-43a9-adb1-41b0d6e61e3d/opts
Oct 16 18:28:51.954716 podb-esxi207 dnsmasq[965139]: exiting on receipt of SIGTERM
Oct 16 18:28:52.548217 podb-esxi207 dnsmasq[971319]: exiting on receipt of SIGTERM
Oct 16 18:28:53.164455 podb-esxi207 dnsmasq[966511]: exiting on receipt of SIGTERM
Oct 16 18:28:56.553637 podb-esxi207 dnsmasq[972870]: started, version 2.90 cachesize 150
Oct 16 18:28:56.553663 podb-esxi207 dnsmasq[972870]: DNS service limited to local subnets
Oct 16 18:28:56.553678 podb-esxi207 dnsmasq[972870]: compile time options: IPv6 GNU-getopt DBus no-UBus i18n IDN2 DHCP DHCPv6 no-Lua TFTP conntrack ipset no-nftset auth cryptohash DNSSEC loop-detect inotify dumpfile
Oct 16 18:28:56.553721 podb-esxi207 dnsmasq-dhcp[972870]: DHCP, static leases only on 10.1.0.0, lease time 1d
Oct 16 18:28:56.553867 podb-esxi207 dnsmasq[972870]: reading /etc/resolv.conf
Oct 16 18:28:56.553883 podb-esxi207 dnsmasq[972870]: using nameserver 127.0.0.53#53
Oct 16 18:28:56.554000 podb-esxi207 dnsmasq[972870]: read /opt/stack/data/neutron/dhcp/6f8885f6-10e0-428a-851e-846309eea108/addn_hosts - 2 names
Oct 16 18:28:56.554062 podb-esxi207 dnsmasq-dhcp[972870]: read /opt/stack/data/neutron/dhcp/6f8885f6-10e0-428a-851e-846309eea108/host
Oct 16 18:28:56.554127 podb-esxi207 dnsmasq-dhcp[972870]: read /opt/stack/data/neutron/dhcp/6f8885f6-10e0-428a-851e-846309eea108/opts
Oct 16 18:28:58.025827 podb-esxi207 dnsmasq-dhcp[970031]: DHCPDISCOVER(tap7e578369-55) fa:16:3e:92:f5:7a
Oct 16 18:28:58.025853 podb-esxi207 dnsmasq-dhcp[970031]: DHCPOFFER(tap7e578369-55) 10.1.0.13 fa:16:3e:92:f5:7a
Oct 16 18:28:58.046894 podb-esxi207 dnsmasq-dhcp[970031]: DHCPREQUEST(tap7e578369-55) 10.1.0.13 fa:16:3e:92:f5:7a
Oct 16 18:28:58.046933 podb-esxi207 dnsmasq-dhcp[970031]: DHCPACK(tap7e578369-55) 10.1.0.13 fa:16:3e:92:f5:7a host-10-1-0-13
Oct 16 18:28:59.196856 podb-esxi207 dnsmasq[973142]: started, version 2.90 cachesize 150
Oct 16 18:28:59.196884 podb-esxi207 dnsmasq[973142]: DNS service limited to local subnets
Oct 16 18:28:59.196899 podb-esxi207 dnsmasq[973142]: compile time options: IPv6 GNU-getopt DBus no-UBus i18n IDN2 DHCP DHCPv6 no-Lua TFTP conntrack ipset no-nftset auth cryptohash DNSSEC loop-detect inotify dumpfile
Oct 16 18:28:59.196935 podb-esxi207 dnsmasq-dhcp[973142]: DHCP, static leases only on 10.1.0.0, lease time 1d
Oct 16 18:28:59.197098 podb-esxi207 dnsmasq[973142]: reading /etc/resolv.conf
Oct 16 18:28:59.197114 podb-esxi207 dnsmasq[973142]: using nameserver 127.0.0.53#53
Oct 16 18:28:59.197221 podb-esxi207 dnsmasq[973142]: read /opt/stack/data/neutron/dhcp/e8c542f7-dc3a-484e-bdd9-f4f57bcac9e2/addn_hosts - 2 names
Oct 16 18:28:59.197286 podb-esxi207 dnsmasq-dhcp[973142]: read /opt/stack/data/neutron/dhcp/e8c542f7-dc3a-484e-bdd9-f4f57bcac9e2/host
Oct 16 18:28:59.197363 podb-esxi207 dnsmasq-dhcp[973142]: read /opt/stack/data/neutron/dhcp/e8c542f7-dc3a-484e-bdd9-f4f57bcac9e2/opts
Oct 16 18:28:59.224194 podb-esxi207 dnsmasq[971589]: exiting on receipt of SIGTERM
Oct 16 18:29:01.364609 podb-esxi207 dnsmasq[972870]: read /opt/stack/data/neutron/dhcp/6f8885f6-10e0-428a-851e-846309eea108/addn_hosts - 2 names
Oct 16 18:29:01.364716 podb-esxi207 dnsmasq-dhcp[972870]: read /opt/stack/data/neutron/dhcp/6f8885f6-10e0-428a-851e-846309eea108/host
Oct 16 18:29:01.364810 podb-esxi207 dnsmasq-dhcp[972870]: read /opt/stack/data/neutron/dhcp/6f8885f6-10e0-428a-851e-846309eea108/opts
Oct 16 18:29:04.249530 podb-esxi207 dnsmasq[973468]: started, version 2.90 cachesize 150
Oct 16 18:29:04.249559 podb-esxi207 dnsmasq[973468]: DNS service limited to local subnets
Oct 16 18:29:04.249574 podb-esxi207 dnsmasq[973468]: compile time options: IPv6 GNU-getopt DBus no-UBus i18n IDN2 DHCP DHCPv6 no-Lua TFTP conntrack ipset no-nftset auth cryptohash DNSSEC loop-detect inotify dumpfile
Oct 16 18:29:04.249609 podb-esxi207 dnsmasq-dhcp[973468]: DHCP, static leases only on 10.1.0.0, lease time 1d
Oct 16 18:29:04.249756 podb-esxi207 dnsmasq[973468]: reading /etc/resolv.conf
Oct 16 18:29:04.249773 podb-esxi207 dnsmasq[973468]: using nameserver 127.0.0.53#53
Oct 16 18:29:04.249889 podb-esxi207 dnsmasq[973468]: read /opt/stack/data/neutron/dhcp/a027e33f-258b-471c-bb22-e8e41cdb232e/addn_hosts - 2 names
Oct 16 18:29:04.249943 podb-esxi207 dnsmasq-dhcp[973468]: read /opt/stack/data/neutron/dhcp/a027e33f-258b-471c-bb22-e8e41cdb232e/host
Oct 16 18:29:04.250008 podb-esxi207 dnsmasq-dhcp[973468]: read /opt/stack/data/neutron/dhcp/a027e33f-258b-471c-bb22-e8e41cdb232e/opts
Oct 16 18:29:07.361718 podb-esxi207 dnsmasq[973594]: started, version 2.90 cachesize 150
Oct 16 18:29:07.361750 podb-esxi207 dnsmasq[973594]: DNS service limited to local subnets
Oct 16 18:29:07.361764 podb-esxi207 dnsmasq[973594]: compile time options: IPv6 GNU-getopt DBus no-UBus i18n IDN2 DHCP DHCPv6 no-Lua TFTP conntrack ipset no-nftset auth cryptohash DNSSEC loop-detect inotify dumpfile
Oct 16 18:29:07.361805 podb-esxi207 dnsmasq-dhcp[973594]: DHCP, static leases only on 10.1.0.0, lease time 1d
Oct 16 18:29:07.361963 podb-esxi207 dnsmasq[973594]: reading /etc/resolv.conf
Oct 16 18:29:07.361981 podb-esxi207 dnsmasq[973594]: using nameserver 127.0.0.53#53
Oct 16 18:29:07.362102 podb-esxi207 dnsmasq[973594]: read /opt/stack/data/neutron/dhcp/5a65015c-c3d0-469a-a24f-34187955603f/addn_hosts - 2 names
Oct 16 18:29:07.362168 podb-esxi207 dnsmasq-dhcp[973594]: read /opt/stack/data/neutron/dhcp/5a65015c-c3d0-469a-a24f-34187955603f/host
Oct 16 18:29:07.362236 podb-esxi207 dnsmasq-dhcp[973594]: read /opt/stack/data/neutron/dhcp/5a65015c-c3d0-469a-a24f-34187955603f/opts
Oct 16 18:29:10.008452 podb-esxi207 dnsmasq[973740]: started, version 2.90 cachesize 150
Oct 16 18:29:10.008478 podb-esxi207 dnsmasq[973740]: DNS service limited to local subnets
Oct 16 18:29:10.008492 podb-esxi207 dnsmasq[973740]: compile time options: IPv6 GNU-getopt DBus no-UBus i18n IDN2 DHCP DHCPv6 no-Lua TFTP conntrack ipset no-nftset auth cryptohash DNSSEC loop-detect inotify dumpfile
Oct 16 18:29:10.008526 podb-esxi207 dnsmasq-dhcp[973740]: DHCP, static leases only on 10.10.10.0, lease time 1d
Oct 16 18:29:10.008732 podb-esxi207 dnsmasq[973740]: reading /etc/resolv.conf
Oct 16 18:29:10.008748 podb-esxi207 dnsmasq[973740]: using nameserver 127.0.0.53#53
Oct 16 18:29:10.008824 podb-esxi207 dnsmasq[973740]: read /opt/stack/data/neutron/dhcp/b4e2d1ae-4809-4fa7-9c79-8fe12f6d399e/addn_hosts - 0 names
Oct 16 18:29:10.008868 podb-esxi207 dnsmasq-dhcp[973740]: read /opt/stack/data/neutron/dhcp/b4e2d1ae-4809-4fa7-9c79-8fe12f6d399e/host
Oct 16 18:29:10.008931 podb-esxi207 dnsmasq-dhcp[973740]: read /opt/stack/data/neutron/dhcp/b4e2d1ae-4809-4fa7-9c79-8fe12f6d399e/opts
Oct 16 18:29:11.046296 podb-esxi207 dnsmasq[973142]: read /opt/stack/data/neutron/dhcp/e8c542f7-dc3a-484e-bdd9-f4f57bcac9e2/addn_hosts - 4 names
Oct 16 18:29:11.046374 podb-esxi207 dnsmasq-dhcp[973142]: read /opt/stack/data/neutron/dhcp/e8c542f7-dc3a-484e-bdd9-f4f57bcac9e2/host
Oct 16 18:29:11.046440 podb-esxi207 dnsmasq-dhcp[973142]: read /opt/stack/data/neutron/dhcp/e8c542f7-dc3a-484e-bdd9-f4f57bcac9e2/opts
Oct 16 18:29:12.282812 podb-esxi207 dnsmasq[973468]: read /opt/stack/data/neutron/dhcp/a027e33f-258b-471c-bb22-e8e41cdb232e/addn_hosts - 2 names
Oct 16 18:29:12.282889 podb-esxi207 dnsmasq-dhcp[973468]: read /opt/stack/data/neutron/dhcp/a027e33f-258b-471c-bb22-e8e41cdb232e/host
Oct 16 18:29:12.282992 podb-esxi207 dnsmasq-dhcp[973468]: read /opt/stack/data/neutron/dhcp/a027e33f-258b-471c-bb22-e8e41cdb232e/opts
Oct 16 18:29:14.024395 podb-esxi207 dnsmasq[973594]: read /opt/stack/data/neutron/dhcp/5a65015c-c3d0-469a-a24f-34187955603f/addn_hosts - 2 names
Oct 16 18:29:14.024491 podb-esxi207 dnsmasq-dhcp[973594]: read /opt/stack/data/neutron/dhcp/5a65015c-c3d0-469a-a24f-34187955603f/host
Oct 16 18:29:14.024594 podb-esxi207 dnsmasq-dhcp[973594]: read /opt/stack/data/neutron/dhcp/5a65015c-c3d0-469a-a24f-34187955603f/opts
Oct 16 18:29:14.761536 podb-esxi207 dnsmasq[972870]: read /opt/stack/data/neutron/dhcp/6f8885f6-10e0-428a-851e-846309eea108/addn_hosts - 2 names
Oct 16 18:29:14.761643 podb-esxi207 dnsmasq-dhcp[972870]: read /opt/stack/data/neutron/dhcp/6f8885f6-10e0-428a-851e-846309eea108/host
Oct 16 18:29:14.761750 podb-esxi207 dnsmasq-dhcp[972870]: read /opt/stack/data/neutron/dhcp/6f8885f6-10e0-428a-851e-846309eea108/opts
Oct 16 18:29:16.002380 podb-esxi207 dnsmasq[973740]: read /opt/stack/data/neutron/dhcp/b4e2d1ae-4809-4fa7-9c79-8fe12f6d399e/addn_hosts - 0 names
Oct 16 18:29:16.002439 podb-esxi207 dnsmasq-dhcp[973740]: read /opt/stack/data/neutron/dhcp/b4e2d1ae-4809-4fa7-9c79-8fe12f6d399e/host
Oct 16 18:29:16.002510 podb-esxi207 dnsmasq-dhcp[973740]: read /opt/stack/data/neutron/dhcp/b4e2d1ae-4809-4fa7-9c79-8fe12f6d399e/opts
Oct 16 18:29:16.743440 podb-esxi207 dnsmasq[973142]: read /opt/stack/data/neutron/dhcp/e8c542f7-dc3a-484e-bdd9-f4f57bcac9e2/addn_hosts - 4 names
Oct 16 18:29:16.743576 podb-esxi207 dnsmasq-dhcp[973142]: read /opt/stack/data/neutron/dhcp/e8c542f7-dc3a-484e-bdd9-f4f57bcac9e2/host
Oct 16 18:29:16.743696 podb-esxi207 dnsmasq-dhcp[973142]: read /opt/stack/data/neutron/dhcp/e8c542f7-dc3a-484e-bdd9-f4f57bcac9e2/opts
Oct 16 18:29:17.490089 podb-esxi207 dnsmasq[973468]: read /opt/stack/data/neutron/dhcp/a027e33f-258b-471c-bb22-e8e41cdb232e/addn_hosts - 2 names
Oct 16 18:29:17.490184 podb-esxi207 dnsmasq-dhcp[973468]: read /opt/stack/data/neutron/dhcp/a027e33f-258b-471c-bb22-e8e41cdb232e/host
Oct 16 18:29:17.490310 podb-esxi207 dnsmasq-dhcp[973468]: read /opt/stack/data/neutron/dhcp/a027e33f-258b-471c-bb22-e8e41cdb232e/opts
Oct 16 18:29:18.741996 podb-esxi207 dnsmasq[973594]: read /opt/stack/data/neutron/dhcp/5a65015c-c3d0-469a-a24f-34187955603f/addn_hosts - 2 names
Oct 16 18:29:18.742091 podb-esxi207 dnsmasq-dhcp[973594]: read /opt/stack/data/neutron/dhcp/5a65015c-c3d0-469a-a24f-34187955603f/host
Oct 16 18:29:18.742198 podb-esxi207 dnsmasq-dhcp[973594]: read /opt/stack/data/neutron/dhcp/5a65015c-c3d0-469a-a24f-34187955603f/opts
Oct 16 18:29:19.487745 podb-esxi207 dnsmasq[972870]: read /opt/stack/data/neutron/dhcp/6f8885f6-10e0-428a-851e-846309eea108/addn_hosts - 2 names
Oct 16 18:29:19.487827 podb-esxi207 dnsmasq-dhcp[972870]: read /opt/stack/data/neutron/dhcp/6f8885f6-10e0-428a-851e-846309eea108/host
Oct 16 18:29:19.487932 podb-esxi207 dnsmasq-dhcp[972870]: read /opt/stack/data/neutron/dhcp/6f8885f6-10e0-428a-851e-846309eea108/opts
Oct 16 18:29:20.233967 podb-esxi207 dnsmasq[973142]: read /opt/stack/data/neutron/dhcp/e8c542f7-dc3a-484e-bdd9-f4f57bcac9e2/addn_hosts - 4 names
Oct 16 18:29:20.234066 podb-esxi207 dnsmasq-dhcp[973142]: read /opt/stack/data/neutron/dhcp/e8c542f7-dc3a-484e-bdd9-f4f57bcac9e2/host
Oct 16 18:29:20.234163 podb-esxi207 dnsmasq-dhcp[973142]: read /opt/stack/data/neutron/dhcp/e8c542f7-dc3a-484e-bdd9-f4f57bcac9e2/opts
Oct 16 18:29:20.976431 podb-esxi207 dnsmasq[973468]: read /opt/stack/data/neutron/dhcp/a027e33f-258b-471c-bb22-e8e41cdb232e/addn_hosts - 2 names
Oct 16 18:29:20.976527 podb-esxi207 dnsmasq-dhcp[973468]: read /opt/stack/data/neutron/dhcp/a027e33f-258b-471c-bb22-e8e41cdb232e/host
Oct 16 18:29:20.976633 podb-esxi207 dnsmasq-dhcp[973468]: read /opt/stack/data/neutron/dhcp/a027e33f-258b-471c-bb22-e8e41cdb232e/opts
Oct 16 18:29:22.217089 podb-esxi207 dnsmasq[973594]: read /opt/stack/data/neutron/dhcp/5a65015c-c3d0-469a-a24f-34187955603f/addn_hosts - 2 names
Oct 16 18:29:22.217185 podb-esxi207 dnsmasq-dhcp[973594]: read /opt/stack/data/neutron/dhcp/5a65015c-c3d0-469a-a24f-34187955603f/host
Oct 16 18:29:22.217284 podb-esxi207 dnsmasq-dhcp[973594]: read /opt/stack/data/neutron/dhcp/5a65015c-c3d0-469a-a24f-34187955603f/opts
Oct 16 18:29:22.948586 podb-esxi207 dnsmasq[973142]: read /opt/stack/data/neutron/dhcp/e8c542f7-dc3a-484e-bdd9-f4f57bcac9e2/addn_hosts - 4 names
Oct 16 18:29:22.948702 podb-esxi207 dnsmasq-dhcp[973142]: read /opt/stack/data/neutron/dhcp/e8c542f7-dc3a-484e-bdd9-f4f57bcac9e2/host
Oct 16 18:29:22.948780 podb-esxi207 dnsmasq-dhcp[973142]: read /opt/stack/data/neutron/dhcp/e8c542f7-dc3a-484e-bdd9-f4f57bcac9e2/opts
Oct 16 18:29:26.265451 podb-esxi207 dnsmasq[974374]: started, version 2.90 cachesize 150
Oct 16 18:29:26.265478 podb-esxi207 dnsmasq[974374]: DNS service limited to local subnets
Oct 16 18:29:26.265494 podb-esxi207 dnsmasq[974374]: compile time options: IPv6 GNU-getopt DBus no-UBus i18n IDN2 DHCP DHCPv6 no-Lua TFTP conntrack ipset no-nftset auth cryptohash DNSSEC loop-detect inotify dumpfile
Oct 16 18:29:26.265536 podb-esxi207 dnsmasq-dhcp[974374]: DHCP, static leases only on 10.1.1.0, lease time 1d
Oct 16 18:29:26.265683 podb-esxi207 dnsmasq[974374]: reading /etc/resolv.conf
Oct 16 18:29:26.265699 podb-esxi207 dnsmasq[974374]: using nameserver 127.0.0.53#53
Oct 16 18:29:26.265895 podb-esxi207 dnsmasq[974374]: read /opt/stack/data/neutron/dhcp/542dd6ce-b1a9-4568-ae18-636378035983/addn_hosts - 0 names
Oct 16 18:29:26.265996 podb-esxi207 dnsmasq-dhcp[974374]: read /opt/stack/data/neutron/dhcp/542dd6ce-b1a9-4568-ae18-636378035983/host
Oct 16 18:29:26.266062 podb-esxi207 dnsmasq-dhcp[974374]: read /opt/stack/data/neutron/dhcp/542dd6ce-b1a9-4568-ae18-636378035983/opts
Oct 16 18:29:28.800069 podb-esxi207 dnsmasq[974438]: started, version 2.90 cachesize 150
Oct 16 18:29:28.800093 podb-esxi207 dnsmasq[974438]: DNS service limited to local subnets
Oct 16 18:29:28.800107 podb-esxi207 dnsmasq[974438]: compile time options: IPv6 GNU-getopt DBus no-UBus i18n IDN2 DHCP DHCPv6 no-Lua TFTP conntrack ipset no-nftset auth cryptohash DNSSEC loop-detect inotify dumpfile
Oct 16 18:29:28.800142 podb-esxi207 dnsmasq-dhcp[974438]: DHCP, static leases only on 10.2.2.0, lease time 1d
Oct 16 18:29:28.800285 podb-esxi207 dnsmasq[974438]: reading /etc/resolv.conf
Oct 16 18:29:28.800301 podb-esxi207 dnsmasq[974438]: using nameserver 127.0.0.53#53
Oct 16 18:29:28.800384 podb-esxi207 dnsmasq[974438]: read /opt/stack/data/neutron/dhcp/5eb36af9-dce9-4d90-aca1-5ade89794bf0/addn_hosts - 0 names
Oct 16 18:29:28.800434 podb-esxi207 dnsmasq-dhcp[974438]: read /opt/stack/data/neutron/dhcp/5eb36af9-dce9-4d90-aca1-5ade89794bf0/host
Oct 16 18:29:28.800489 podb-esxi207 dnsmasq-dhcp[974438]: read /opt/stack/data/neutron/dhcp/5eb36af9-dce9-4d90-aca1-5ade89794bf0/opts
Oct 16 18:29:30.341795 podb-esxi207 dnsmasq[974374]: read /opt/stack/data/neutron/dhcp/542dd6ce-b1a9-4568-ae18-636378035983/addn_hosts - 4 names
Oct 16 18:29:30.341899 podb-esxi207 dnsmasq-dhcp[974374]: read /opt/stack/data/neutron/dhcp/542dd6ce-b1a9-4568-ae18-636378035983/host
Oct 16 18:29:30.341980 podb-esxi207 dnsmasq-dhcp[974374]: read /opt/stack/data/neutron/dhcp/542dd6ce-b1a9-4568-ae18-636378035983/opts
Oct 16 18:29:31.575571 podb-esxi207 dnsmasq[974438]: read /opt/stack/data/neutron/dhcp/5eb36af9-dce9-4d90-aca1-5ade89794bf0/addn_hosts - 0 names
Oct 16 18:29:31.575642 podb-esxi207 dnsmasq-dhcp[974438]: read /opt/stack/data/neutron/dhcp/5eb36af9-dce9-4d90-aca1-5ade89794bf0/host
Oct 16 18:29:31.575739 podb-esxi207 dnsmasq-dhcp[974438]: read /opt/stack/data/neutron/dhcp/5eb36af9-dce9-4d90-aca1-5ade89794bf0/opts
Oct 16 18:29:32.810878 podb-esxi207 dnsmasq[974374]: read /opt/stack/data/neutron/dhcp/542dd6ce-b1a9-4568-ae18-636378035983/addn_hosts - 4 names
Oct 16 18:29:32.810968 podb-esxi207 dnsmasq-dhcp[974374]: read /opt/stack/data/neutron/dhcp/542dd6ce-b1a9-4568-ae18-636378035983/host
Oct 16 18:29:32.811043 podb-esxi207 dnsmasq-dhcp[974374]: read /opt/stack/data/neutron/dhcp/542dd6ce-b1a9-4568-ae18-636378035983/opts
Oct 16 18:29:33.531012 podb-esxi207 dnsmasq[972870]: read /opt/stack/data/neutron/dhcp/6f8885f6-10e0-428a-851e-846309eea108/addn_hosts - 4 names
Oct 16 18:29:33.531124 podb-esxi207 dnsmasq-dhcp[972870]: read /opt/stack/data/neutron/dhcp/6f8885f6-10e0-428a-851e-846309eea108/host
Oct 16 18:29:33.531213 podb-esxi207 dnsmasq-dhcp[972870]: read /opt/stack/data/neutron/dhcp/6f8885f6-10e0-428a-851e-846309eea108/opts
Oct 16 18:29:34.772715 podb-esxi207 dnsmasq[974374]: read /opt/stack/data/neutron/dhcp/542dd6ce-b1a9-4568-ae18-636378035983/addn_hosts - 4 names
Oct 16 18:29:34.772809 podb-esxi207 dnsmasq-dhcp[974374]: read /opt/stack/data/neutron/dhcp/542dd6ce-b1a9-4568-ae18-636378035983/host
Oct 16 18:29:34.772855 podb-esxi207 dnsmasq-dhcp[974374]: read /opt/stack/data/neutron/dhcp/542dd6ce-b1a9-4568-ae18-636378035983/opts
Oct 16 18:29:35.418970 podb-esxi207 dnsmasq-dhcp[973142]: DHCPDISCOVER(tap39a108c7-c2) fa:16:3e:89:54:0a
Oct 16 18:29:35.418998 podb-esxi207 dnsmasq-dhcp[973142]: DHCPOFFER(tap39a108c7-c2) 10.1.0.5 fa:16:3e:89:54:0a
Oct 16 18:29:35.428556 podb-esxi207 dnsmasq-dhcp[973142]: DHCPREQUEST(tap39a108c7-c2) 10.1.0.5 fa:16:3e:89:54:0a
Oct 16 18:29:35.428584 podb-esxi207 dnsmasq-dhcp[973142]: DHCPACK(tap39a108c7-c2) 10.1.0.5 fa:16:3e:89:54:0a host-10-1-0-5
Oct 16 18:29:35.508698 podb-esxi207 dnsmasq[974438]: read /opt/stack/data/neutron/dhcp/5eb36af9-dce9-4d90-aca1-5ade89794bf0/addn_hosts - 2 names
Oct 16 18:29:35.508797 podb-esxi207 dnsmasq-dhcp[974438]: read /opt/stack/data/neutron/dhcp/5eb36af9-dce9-4d90-aca1-5ade89794bf0/host
Oct 16 18:29:35.508868 podb-esxi207 dnsmasq-dhcp[974438]: read /opt/stack/data/neutron/dhcp/5eb36af9-dce9-4d90-aca1-5ade89794bf0/opts
Oct 16 18:29:36.755949 podb-esxi207 dnsmasq[974374]: read /opt/stack/data/neutron/dhcp/542dd6ce-b1a9-4568-ae18-636378035983/addn_hosts - 6 names
Oct 16 18:29:36.756090 podb-esxi207 dnsmasq-dhcp[974374]: read /opt/stack/data/neutron/dhcp/542dd6ce-b1a9-4568-ae18-636378035983/host
Oct 16 18:29:36.756168 podb-esxi207 dnsmasq-dhcp[974374]: read /opt/stack/data/neutron/dhcp/542dd6ce-b1a9-4568-ae18-636378035983/opts
Oct 16 18:29:37.487496 podb-esxi207 dnsmasq[974438]: read /opt/stack/data/neutron/dhcp/5eb36af9-dce9-4d90-aca1-5ade89794bf0/addn_hosts - 4 names
Oct 16 18:29:37.487603 podb-esxi207 dnsmasq-dhcp[974438]: read /opt/stack/data/neutron/dhcp/5eb36af9-dce9-4d90-aca1-5ade89794bf0/host
Oct 16 18:29:37.487687 podb-esxi207 dnsmasq-dhcp[974438]: read /opt/stack/data/neutron/dhcp/5eb36af9-dce9-4d90-aca1-5ade89794bf0/opts
Oct 16 18:29:38.733836 podb-esxi207 dnsmasq[974374]: read /opt/stack/data/neutron/dhcp/542dd6ce-b1a9-4568-ae18-636378035983/addn_hosts - 8 names
Oct 16 18:29:38.733982 podb-esxi207 dnsmasq-dhcp[974374]: read /opt/stack/data/neutron/dhcp/542dd6ce-b1a9-4568-ae18-636378035983/host
Oct 16 18:29:38.734062 podb-esxi207 dnsmasq-dhcp[974374]: read /opt/stack/data/neutron/dhcp/542dd6ce-b1a9-4568-ae18-636378035983/opts
Oct 16 18:29:43.086464 podb-esxi207 dnsmasq[973740]: read /opt/stack/data/neutron/dhcp/b4e2d1ae-4809-4fa7-9c79-8fe12f6d399e/addn_hosts - 2 names
Oct 16 18:29:43.086585 podb-esxi207 dnsmasq-dhcp[973740]: read /opt/stack/data/neutron/dhcp/b4e2d1ae-4809-4fa7-9c79-8fe12f6d399e/host
Oct 16 18:29:43.086672 podb-esxi207 dnsmasq-dhcp[973740]: read /opt/stack/data/neutron/dhcp/b4e2d1ae-4809-4fa7-9c79-8fe12f6d399e/opts
Oct 16 18:29:43.836398 podb-esxi207 dnsmasq-dhcp[966826]: DHCPRELEASE(tap324a81f3-ad) 10.1.0.9 fa:16:3e:d3:d4:de
Oct 16 18:29:43.853789 podb-esxi207 dnsmasq-dhcp[966826]: DHCPRELEASE(tap324a81f3-ad) 10.1.0.9 fa:16:3e:d3:d4:de unknown lease
Oct 16 18:29:44.679904 podb-esxi207 dnsmasq[966826]: read /opt/stack/data/neutron/dhcp/110f45f2-39ef-4abf-bb2b-6a5286f6de48/addn_hosts - 6 names
Oct 16 18:29:44.680033 podb-esxi207 dnsmasq-dhcp[966826]: read /opt/stack/data/neutron/dhcp/110f45f2-39ef-4abf-bb2b-6a5286f6de48/host
Oct 16 18:29:44.680142 podb-esxi207 dnsmasq-dhcp[966826]: read /opt/stack/data/neutron/dhcp/110f45f2-39ef-4abf-bb2b-6a5286f6de48/opts
Oct 16 18:29:49.326800 podb-esxi207 dnsmasq-dhcp[973740]: DHCPDISCOVER(tap1a83cec1-98) fa:16:3e:a8:e9:4e
Oct 16 18:29:49.326826 podb-esxi207 dnsmasq-dhcp[973740]: DHCPOFFER(tap1a83cec1-98) 10.10.10.197 fa:16:3e:a8:e9:4e
Oct 16 18:29:49.334168 podb-esxi207 dnsmasq-dhcp[973740]: DHCPREQUEST(tap1a83cec1-98) 10.10.10.197 fa:16:3e:a8:e9:4e
Oct 16 18:29:49.334199 podb-esxi207 dnsmasq-dhcp[973740]: DHCPACK(tap1a83cec1-98) 10.10.10.197 fa:16:3e:a8:e9:4e host-10-10-10-197
Oct 16 18:30:02.478041 podb-esxi207 dnsmasq-dhcp[966826]: DHCPRELEASE(tap324a81f3-ad) 10.1.0.7 fa:16:3e:cf:a0:06
Oct 16 18:30:02.496735 podb-esxi207 dnsmasq-dhcp[966826]: DHCPRELEASE(tap324a81f3-ad) 10.1.0.7 fa:16:3e:cf:a0:06 unknown lease
Oct 16 18:30:03.323733 podb-esxi207 dnsmasq[966826]: read /opt/stack/data/neutron/dhcp/110f45f2-39ef-4abf-bb2b-6a5286f6de48/addn_hosts - 4 names
Oct 16 18:30:03.323848 podb-esxi207 dnsmasq-dhcp[966826]: read /opt/stack/data/neutron/dhcp/110f45f2-39ef-4abf-bb2b-6a5286f6de48/host
Oct 16 18:30:03.323964 podb-esxi207 dnsmasq-dhcp[966826]: read /opt/stack/data/neutron/dhcp/110f45f2-39ef-4abf-bb2b-6a5286f6de48/opts
Oct 16 18:30:09.605631 podb-esxi207 dnsmasq-dhcp[966826]: DHCPRELEASE(tap324a81f3-ad) 10.1.0.2 fa:16:3e:69:7f:1e
Oct 16 18:30:09.621903 podb-esxi207 dnsmasq-dhcp[966826]: DHCPRELEASE(tap324a81f3-ad) 10.1.0.2 fa:16:3e:69:7f:1e unknown lease
Oct 16 18:30:10.444605 podb-esxi207 dnsmasq[966826]: read /opt/stack/data/neutron/dhcp/110f45f2-39ef-4abf-bb2b-6a5286f6de48/addn_hosts - 2 names
Oct 16 18:30:10.444714 podb-esxi207 dnsmasq-dhcp[966826]: read /opt/stack/data/neutron/dhcp/110f45f2-39ef-4abf-bb2b-6a5286f6de48/host
Oct 16 18:30:10.444783 podb-esxi207 dnsmasq-dhcp[966826]: read /opt/stack/data/neutron/dhcp/110f45f2-39ef-4abf-bb2b-6a5286f6de48/opts
Oct 16 18:30:14.244256 podb-esxi207 dnsmasq-dhcp[966826]: DHCPRELEASE(tap324a81f3-ad) 10.1.0.1 fa:16:3e:9d:0a:84
Oct 16 18:30:15.065590 podb-esxi207 dnsmasq[966826]: read /opt/stack/data/neutron/dhcp/110f45f2-39ef-4abf-bb2b-6a5286f6de48/addn_hosts - 0 names
Oct 16 18:30:15.065658 podb-esxi207 dnsmasq-dhcp[966826]: read /opt/stack/data/neutron/dhcp/110f45f2-39ef-4abf-bb2b-6a5286f6de48/host
Oct 16 18:30:15.065731 podb-esxi207 dnsmasq-dhcp[966826]: read /opt/stack/data/neutron/dhcp/110f45f2-39ef-4abf-bb2b-6a5286f6de48/opts
Oct 16 18:30:15.288199 podb-esxi207 dnsmasq[966826]: exiting on receipt of SIGTERM
Oct 16 18:30:18.869544 podb-esxi207 dnsmasq[976350]: started, version 2.90 cachesize 150
Oct 16 18:30:18.869571 podb-esxi207 dnsmasq[976350]: DNS service limited to local subnets
Oct 16 18:30:18.869585 podb-esxi207 dnsmasq[976350]: compile time options: IPv6 GNU-getopt DBus no-UBus i18n IDN2 DHCP DHCPv6 no-Lua TFTP conntrack ipset no-nftset auth cryptohash DNSSEC loop-detect inotify dumpfile
Oct 16 18:30:18.869626 podb-esxi207 dnsmasq-dhcp[976350]: DHCP, static leases only on 10.1.0.0, lease time 1d
Oct 16 18:30:18.869772 podb-esxi207 dnsmasq[976350]: reading /etc/resolv.conf
Oct 16 18:30:18.869788 podb-esxi207 dnsmasq[976350]: using nameserver 127.0.0.53#53
Oct 16 18:30:18.869870 podb-esxi207 dnsmasq[976350]: read /opt/stack/data/neutron/dhcp/cb0d3153-2df3-40f2-aaf4-f6b4c24be964/addn_hosts - 0 names
Oct 16 18:30:18.869920 podb-esxi207 dnsmasq-dhcp[976350]: read /opt/stack/data/neutron/dhcp/cb0d3153-2df3-40f2-aaf4-f6b4c24be964/host
Oct 16 18:30:18.869974 podb-esxi207 dnsmasq-dhcp[976350]: read /opt/stack/data/neutron/dhcp/cb0d3153-2df3-40f2-aaf4-f6b4c24be964/opts
Oct 16 18:30:20.427971 podb-esxi207 dnsmasq[976350]: read /opt/stack/data/neutron/dhcp/cb0d3153-2df3-40f2-aaf4-f6b4c24be964/addn_hosts - 2 names
Oct 16 18:30:20.428060 podb-esxi207 dnsmasq-dhcp[976350]: read /opt/stack/data/neutron/dhcp/cb0d3153-2df3-40f2-aaf4-f6b4c24be964/host
Oct 16 18:30:20.428130 podb-esxi207 dnsmasq-dhcp[976350]: read /opt/stack/data/neutron/dhcp/cb0d3153-2df3-40f2-aaf4-f6b4c24be964/opts
Oct 16 18:30:21.665126 podb-esxi207 dnsmasq[976350]: read /opt/stack/data/neutron/dhcp/cb0d3153-2df3-40f2-aaf4-f6b4c24be964/addn_hosts - 2 names
Oct 16 18:30:21.665200 podb-esxi207 dnsmasq-dhcp[976350]: read /opt/stack/data/neutron/dhcp/cb0d3153-2df3-40f2-aaf4-f6b4c24be964/host
Oct 16 18:30:21.665268 podb-esxi207 dnsmasq-dhcp[976350]: read /opt/stack/data/neutron/dhcp/cb0d3153-2df3-40f2-aaf4-f6b4c24be964/opts
Oct 16 18:30:22.897334 podb-esxi207 dnsmasq[976350]: read /opt/stack/data/neutron/dhcp/cb0d3153-2df3-40f2-aaf4-f6b4c24be964/addn_hosts - 2 names
Oct 16 18:30:22.897409 podb-esxi207 dnsmasq-dhcp[976350]: read /opt/stack/data/neutron/dhcp/cb0d3153-2df3-40f2-aaf4-f6b4c24be964/host
Oct 16 18:30:22.897483 podb-esxi207 dnsmasq-dhcp[976350]: read /opt/stack/data/neutron/dhcp/cb0d3153-2df3-40f2-aaf4-f6b4c24be964/opts
Oct 16 18:30:23.938044 podb-esxi207 dnsmasq-dhcp[970031]: DHCPDISCOVER(tap7e578369-55) fa:16:3e:92:f5:7a
Oct 16 18:30:23.938070 podb-esxi207 dnsmasq-dhcp[970031]: DHCPOFFER(tap7e578369-55) 10.1.0.13 fa:16:3e:92:f5:7a
Oct 16 18:30:23.947318 podb-esxi207 dnsmasq-dhcp[970031]: DHCPREQUEST(tap7e578369-55) 10.1.0.13 fa:16:3e:92:f5:7a
Oct 16 18:30:23.947339 podb-esxi207 dnsmasq-dhcp[970031]: DHCPACK(tap7e578369-55) 10.1.0.13 fa:16:3e:92:f5:7a host-10-1-0-13
Oct 16 18:30:24.132296 podb-esxi207 dnsmasq[976350]: read /opt/stack/data/neutron/dhcp/cb0d3153-2df3-40f2-aaf4-f6b4c24be964/addn_hosts - 4 names
Oct 16 18:30:24.132422 podb-esxi207 dnsmasq-dhcp[976350]: read /opt/stack/data/neutron/dhcp/cb0d3153-2df3-40f2-aaf4-f6b4c24be964/host
Oct 16 18:30:24.132523 podb-esxi207 dnsmasq-dhcp[976350]: read /opt/stack/data/neutron/dhcp/cb0d3153-2df3-40f2-aaf4-f6b4c24be964/opts
Oct 16 18:30:28.405123 podb-esxi207 dnsmasq-dhcp[974374]: DHCPDISCOVER(tapc6904d3d-a7) fa:16:3e:3c:63:0a
Oct 16 18:30:28.405151 podb-esxi207 dnsmasq-dhcp[974374]: DHCPOFFER(tapc6904d3d-a7) 10.1.1.72 fa:16:3e:3c:63:0a
Oct 16 18:30:28.417097 podb-esxi207 dnsmasq-dhcp[972870]: DHCPDISCOVER(tapbc43cfa7-b9) fa:16:3e:66:e7:a1
Oct 16 18:30:28.417121 podb-esxi207 dnsmasq-dhcp[972870]: DHCPOFFER(tapbc43cfa7-b9) 10.1.0.12 fa:16:3e:66:e7:a1
Oct 16 18:30:28.427076 podb-esxi207 dnsmasq-dhcp[974374]: DHCPREQUEST(tapc6904d3d-a7) 10.1.1.72 fa:16:3e:3c:63:0a
Oct 16 18:30:28.427101 podb-esxi207 dnsmasq-dhcp[974374]: DHCPACK(tapc6904d3d-a7) 10.1.1.72 fa:16:3e:3c:63:0a host-10-1-1-72
Oct 16 18:30:28.432187 podb-esxi207 dnsmasq-dhcp[972870]: DHCPREQUEST(tapbc43cfa7-b9) 10.1.0.12 fa:16:3e:66:e7:a1
Oct 16 18:30:28.432211 podb-esxi207 dnsmasq-dhcp[972870]: DHCPACK(tapbc43cfa7-b9) 10.1.0.12 fa:16:3e:66:e7:a1 host-10-1-0-12
Oct 16 18:30:28.551655 podb-esxi207 dnsmasq-dhcp[974374]: DHCPDISCOVER(tapc6904d3d-a7) fa:16:3e:2e:a0:50
Oct 16 18:30:28.551682 podb-esxi207 dnsmasq-dhcp[974374]: DHCPOFFER(tapc6904d3d-a7) 10.1.1.102 fa:16:3e:2e:a0:50
Oct 16 18:30:28.561507 podb-esxi207 dnsmasq-dhcp[974374]: DHCPREQUEST(tapc6904d3d-a7) 10.1.1.102 fa:16:3e:2e:a0:50
Oct 16 18:30:28.561541 podb-esxi207 dnsmasq-dhcp[974374]: DHCPACK(tapc6904d3d-a7) 10.1.1.102 fa:16:3e:2e:a0:50 host-10-1-1-102
Oct 16 18:30:28.708146 podb-esxi207 dnsmasq-dhcp[974374]: DHCPDISCOVER(tapc6904d3d-a7) fa:16:3e:e0:1f:12
Oct 16 18:30:28.708169 podb-esxi207 dnsmasq-dhcp[974374]: DHCPOFFER(tapc6904d3d-a7) 10.1.1.74 fa:16:3e:e0:1f:12
Oct 16 18:30:28.713736 podb-esxi207 dnsmasq-dhcp[974374]: DHCPREQUEST(tapc6904d3d-a7) 10.1.1.74 fa:16:3e:e0:1f:12
Oct 16 18:30:28.713764 podb-esxi207 dnsmasq-dhcp[974374]: DHCPACK(tapc6904d3d-a7) 10.1.1.74 fa:16:3e:e0:1f:12 host-10-1-1-74
Oct 16 18:30:29.015426 podb-esxi207 dnsmasq-dhcp[974438]: DHCPDISCOVER(tap2cd8b98f-06) fa:16:3e:c5:f0:d4
Oct 16 18:30:29.015449 podb-esxi207 dnsmasq-dhcp[974438]: DHCPOFFER(tap2cd8b98f-06) 10.2.2.100 fa:16:3e:c5:f0:d4
Oct 16 18:30:29.024054 podb-esxi207 dnsmasq-dhcp[974438]: DHCPREQUEST(tap2cd8b98f-06) 10.2.2.100 fa:16:3e:c5:f0:d4
Oct 16 18:30:29.024079 podb-esxi207 dnsmasq-dhcp[974438]: DHCPACK(tap2cd8b98f-06) 10.2.2.100 fa:16:3e:c5:f0:d4 host-10-2-2-100
Oct 16 18:30:29.429970 podb-esxi207 dnsmasq-dhcp[974374]: DHCPDISCOVER(tapc6904d3d-a7) fa:16:3e:9e:22:41
Oct 16 18:30:29.429998 podb-esxi207 dnsmasq-dhcp[974374]: DHCPOFFER(tapc6904d3d-a7) 10.1.1.33 fa:16:3e:9e:22:41
Oct 16 18:30:29.436044 podb-esxi207 dnsmasq-dhcp[974374]: DHCPREQUEST(tapc6904d3d-a7) 10.1.1.33 fa:16:3e:9e:22:41
Oct 16 18:30:29.436067 podb-esxi207 dnsmasq-dhcp[974374]: DHCPACK(tapc6904d3d-a7) 10.1.1.33 fa:16:3e:9e:22:41 host-10-1-1-33
Oct 16 18:30:29.972182 podb-esxi207 dnsmasq-dhcp[974438]: DHCPDISCOVER(tap2cd8b98f-06) fa:16:3e:c4:fa:a5
Oct 16 18:30:29.972206 podb-esxi207 dnsmasq-dhcp[974438]: DHCPOFFER(tap2cd8b98f-06) 10.2.2.200 fa:16:3e:c4:fa:a5
Oct 16 18:30:29.975298 podb-esxi207 dnsmasq-dhcp[974438]: DHCPREQUEST(tap2cd8b98f-06) 10.2.2.200 fa:16:3e:c4:fa:a5
Oct 16 18:30:29.975321 podb-esxi207 dnsmasq-dhcp[974438]: DHCPACK(tap2cd8b98f-06) 10.2.2.200 fa:16:3e:c4:fa:a5 host-10-2-2-200
Oct 16 18:30:36.931475 podb-esxi207 dnsmasq[976350]: read /opt/stack/data/neutron/dhcp/cb0d3153-2df3-40f2-aaf4-f6b4c24be964/addn_hosts - 6 names
Oct 16 18:30:36.931564 podb-esxi207 dnsmasq-dhcp[976350]: read /opt/stack/data/neutron/dhcp/cb0d3153-2df3-40f2-aaf4-f6b4c24be964/host
Oct 16 18:30:36.931652 podb-esxi207 dnsmasq-dhcp[976350]: read /opt/stack/data/neutron/dhcp/cb0d3153-2df3-40f2-aaf4-f6b4c24be964/opts
Oct 16 18:30:44.052590 podb-esxi207 dnsmasq-dhcp[974438]: DHCPRELEASE(tap2cd8b98f-06) 10.2.2.200 fa:16:3e:c4:fa:a5
Oct 16 18:30:44.068574 podb-esxi207 dnsmasq-dhcp[974438]: DHCPRELEASE(tap2cd8b98f-06) 10.2.2.200 fa:16:3e:c4:fa:a5 unknown lease
Oct 16 18:30:44.892827 podb-esxi207 dnsmasq[974438]: read /opt/stack/data/neutron/dhcp/5eb36af9-dce9-4d90-aca1-5ade89794bf0/addn_hosts - 2 names
Oct 16 18:30:44.892929 podb-esxi207 dnsmasq-dhcp[974438]: read /opt/stack/data/neutron/dhcp/5eb36af9-dce9-4d90-aca1-5ade89794bf0/host
Oct 16 18:30:44.893015 podb-esxi207 dnsmasq-dhcp[974438]: read /opt/stack/data/neutron/dhcp/5eb36af9-dce9-4d90-aca1-5ade89794bf0/opts
Oct 16 18:30:45.122225 podb-esxi207 dnsmasq-dhcp[974374]: DHCPRELEASE(tapc6904d3d-a7) 10.1.1.33 fa:16:3e:9e:22:41
Oct 16 18:30:45.139460 podb-esxi207 dnsmasq-dhcp[974374]: DHCPRELEASE(tapc6904d3d-a7) 10.1.1.33 fa:16:3e:9e:22:41 unknown lease
Oct 16 18:30:45.963704 podb-esxi207 dnsmasq[974374]: read /opt/stack/data/neutron/dhcp/542dd6ce-b1a9-4568-ae18-636378035983/addn_hosts - 6 names
Oct 16 18:30:45.963822 podb-esxi207 dnsmasq-dhcp[974374]: read /opt/stack/data/neutron/dhcp/542dd6ce-b1a9-4568-ae18-636378035983/host
Oct 16 18:30:45.963908 podb-esxi207 dnsmasq-dhcp[974374]: read /opt/stack/data/neutron/dhcp/542dd6ce-b1a9-4568-ae18-636378035983/opts
Oct 16 18:30:46.191970 podb-esxi207 dnsmasq-dhcp[972870]: DHCPRELEASE(tapbc43cfa7-b9) 10.1.0.12 fa:16:3e:66:e7:a1
Oct 16 18:30:46.207812 podb-esxi207 dnsmasq-dhcp[972870]: DHCPRELEASE(tapbc43cfa7-b9) 10.1.0.12 fa:16:3e:66:e7:a1 unknown lease
Oct 16 18:30:46.381199 podb-esxi207 dnsmasq-dhcp[976350]: DHCPDISCOVER(tapc6fe3231-fc) fa:16:3e:37:a5:c7
Oct 16 18:30:46.381228 podb-esxi207 dnsmasq-dhcp[976350]: DHCPOFFER(tapc6fe3231-fc) 10.1.0.13 fa:16:3e:37:a5:c7
Oct 16 18:30:46.388851 podb-esxi207 dnsmasq-dhcp[976350]: DHCPREQUEST(tapc6fe3231-fc) 10.1.0.13 fa:16:3e:37:a5:c7
Oct 16 18:30:46.388882 podb-esxi207 dnsmasq-dhcp[976350]: DHCPACK(tapc6fe3231-fc) 10.1.0.13 fa:16:3e:37:a5:c7 host-10-1-0-13
Oct 16 18:30:47.038249 podb-esxi207 dnsmasq[972870]: read /opt/stack/data/neutron/dhcp/6f8885f6-10e0-428a-851e-846309eea108/addn_hosts - 2 names
Oct 16 18:30:47.038366 podb-esxi207 dnsmasq-dhcp[972870]: read /opt/stack/data/neutron/dhcp/6f8885f6-10e0-428a-851e-846309eea108/host
Oct 16 18:30:47.038479 podb-esxi207 dnsmasq-dhcp[972870]: read /opt/stack/data/neutron/dhcp/6f8885f6-10e0-428a-851e-846309eea108/opts
Oct 16 18:30:47.279335 podb-esxi207 dnsmasq-dhcp[974438]: DHCPRELEASE(tap2cd8b98f-06) 10.2.2.100 fa:16:3e:c5:f0:d4
Oct 16 18:30:47.295990 podb-esxi207 dnsmasq-dhcp[974438]: DHCPRELEASE(tap2cd8b98f-06) 10.2.2.100 fa:16:3e:c5:f0:d4 unknown lease
Oct 16 18:30:48.119256 podb-esxi207 dnsmasq[974438]: read /opt/stack/data/neutron/dhcp/5eb36af9-dce9-4d90-aca1-5ade89794bf0/addn_hosts - 0 names
Oct 16 18:30:48.119327 podb-esxi207 dnsmasq-dhcp[974438]: read /opt/stack/data/neutron/dhcp/5eb36af9-dce9-4d90-aca1-5ade89794bf0/host
Oct 16 18:30:48.119421 podb-esxi207 dnsmasq-dhcp[974438]: read /opt/stack/data/neutron/dhcp/5eb36af9-dce9-4d90-aca1-5ade89794bf0/opts
Oct 16 18:30:48.366219 podb-esxi207 dnsmasq-dhcp[974374]: DHCPRELEASE(tapc6904d3d-a7) 10.1.1.74 fa:16:3e:e0:1f:12
Oct 16 18:30:48.383094 podb-esxi207 dnsmasq-dhcp[974374]: DHCPRELEASE(tapc6904d3d-a7) 10.1.1.74 fa:16:3e:e0:1f:12 unknown lease
Oct 16 18:30:49.207672 podb-esxi207 dnsmasq[974374]: read /opt/stack/data/neutron/dhcp/542dd6ce-b1a9-4568-ae18-636378035983/addn_hosts - 4 names
Oct 16 18:30:49.207791 podb-esxi207 dnsmasq-dhcp[974374]: read /opt/stack/data/neutron/dhcp/542dd6ce-b1a9-4568-ae18-636378035983/host
Oct 16 18:30:49.207877 podb-esxi207 dnsmasq-dhcp[974374]: read /opt/stack/data/neutron/dhcp/542dd6ce-b1a9-4568-ae18-636378035983/opts
Oct 16 18:30:49.955409 podb-esxi207 dnsmasq[976350]: read /opt/stack/data/neutron/dhcp/cb0d3153-2df3-40f2-aaf4-f6b4c24be964/addn_hosts - 4 names
Oct 16 18:30:49.955527 podb-esxi207 dnsmasq-dhcp[976350]: read /opt/stack/data/neutron/dhcp/cb0d3153-2df3-40f2-aaf4-f6b4c24be964/host
Oct 16 18:30:49.955635 podb-esxi207 dnsmasq-dhcp[976350]: read /opt/stack/data/neutron/dhcp/cb0d3153-2df3-40f2-aaf4-f6b4c24be964/opts
Oct 16 18:30:53.837370 podb-esxi207 dnsmasq-dhcp[973740]: DHCPRELEASE(tap1a83cec1-98) 10.10.10.197 fa:16:3e:a8:e9:4e
Oct 16 18:30:53.853175 podb-esxi207 dnsmasq-dhcp[973740]: DHCPRELEASE(tap1a83cec1-98) 10.10.10.197 fa:16:3e:a8:e9:4e unknown lease
Oct 16 18:30:54.675491 podb-esxi207 dnsmasq[973740]: read /opt/stack/data/neutron/dhcp/b4e2d1ae-4809-4fa7-9c79-8fe12f6d399e/addn_hosts - 0 names
Oct 16 18:30:54.675550 podb-esxi207 dnsmasq-dhcp[973740]: read /opt/stack/data/neutron/dhcp/b4e2d1ae-4809-4fa7-9c79-8fe12f6d399e/host
Oct 16 18:30:54.675614 podb-esxi207 dnsmasq-dhcp[973740]: read /opt/stack/data/neutron/dhcp/b4e2d1ae-4809-4fa7-9c79-8fe12f6d399e/opts
Oct 16 18:30:56.879271 podb-esxi207 dnsmasq-dhcp[974374]: DHCPRELEASE(tapc6904d3d-a7) 10.1.1.72 fa:16:3e:3c:63:0a
Oct 16 18:30:56.895614 podb-esxi207 dnsmasq-dhcp[974374]: DHCPRELEASE(tapc6904d3d-a7) 10.1.1.72 fa:16:3e:3c:63:0a unknown lease
Oct 16 18:30:57.717768 podb-esxi207 dnsmasq[974374]: read /opt/stack/data/neutron/dhcp/542dd6ce-b1a9-4568-ae18-636378035983/addn_hosts - 2 names
Oct 16 18:30:57.717859 podb-esxi207 dnsmasq-dhcp[974374]: read /opt/stack/data/neutron/dhcp/542dd6ce-b1a9-4568-ae18-636378035983/host
Oct 16 18:30:57.717949 podb-esxi207 dnsmasq-dhcp[974374]: read /opt/stack/data/neutron/dhcp/542dd6ce-b1a9-4568-ae18-636378035983/opts
Oct 16 18:30:58.467615 podb-esxi207 dnsmasq[974374]: exiting on receipt of SIGTERM
Oct 16 18:30:59.106425 podb-esxi207 dnsmasq[974438]: exiting on receipt of SIGTERM
Oct 16 18:31:00.868718 podb-esxi207 dnsmasq-dhcp[973142]: DHCPRELEASE(tap39a108c7-c2) 10.1.0.5 fa:16:3e:89:54:0a
Oct 16 18:31:00.884687 podb-esxi207 dnsmasq-dhcp[973142]: DHCPRELEASE(tap39a108c7-c2) 10.1.0.5 fa:16:3e:89:54:0a unknown lease
Oct 16 18:31:01.710070 podb-esxi207 dnsmasq[973142]: read /opt/stack/data/neutron/dhcp/e8c542f7-dc3a-484e-bdd9-f4f57bcac9e2/addn_hosts - 2 names
Oct 16 18:31:01.710161 podb-esxi207 dnsmasq-dhcp[973142]: read /opt/stack/data/neutron/dhcp/e8c542f7-dc3a-484e-bdd9-f4f57bcac9e2/host
Oct 16 18:31:01.710232 podb-esxi207 dnsmasq-dhcp[973142]: read /opt/stack/data/neutron/dhcp/e8c542f7-dc3a-484e-bdd9-f4f57bcac9e2/opts
Oct 16 18:31:01.961269 podb-esxi207 dnsmasq-dhcp[970031]: DHCPRELEASE(tap7e578369-55) 10.1.0.13 fa:16:3e:92:f5:7a
Oct 16 18:31:01.978130 podb-esxi207 dnsmasq-dhcp[970031]: DHCPRELEASE(tap7e578369-55) 10.1.0.13 fa:16:3e:92:f5:7a unknown lease
Oct 16 18:31:02.803540 podb-esxi207 dnsmasq[970031]: read /opt/stack/data/neutron/dhcp/484e29ae-1a1a-4f79-8607-799bc83e4f8d/addn_hosts - 2 names
Oct 16 18:31:02.803639 podb-esxi207 dnsmasq-dhcp[970031]: read /opt/stack/data/neutron/dhcp/484e29ae-1a1a-4f79-8607-799bc83e4f8d/host
Oct 16 18:31:02.803763 podb-esxi207 dnsmasq-dhcp[970031]: read /opt/stack/data/neutron/dhcp/484e29ae-1a1a-4f79-8607-799bc83e4f8d/opts
Oct 16 18:31:05.975351 podb-esxi207 dnsmasq[973740]: exiting on receipt of SIGTERM
Oct 16 18:31:09.018097 podb-esxi207 dnsmasq-dhcp[970031]: DHCPRELEASE(tap7e578369-55) 10.1.0.1 fa:16:3e:84:9c:b9
Oct 16 18:31:09.842606 podb-esxi207 dnsmasq[970031]: read /opt/stack/data/neutron/dhcp/484e29ae-1a1a-4f79-8607-799bc83e4f8d/addn_hosts - 0 names
Oct 16 18:31:09.842704 podb-esxi207 dnsmasq-dhcp[970031]: read /opt/stack/data/neutron/dhcp/484e29ae-1a1a-4f79-8607-799bc83e4f8d/host
Oct 16 18:31:09.842780 podb-esxi207 dnsmasq-dhcp[970031]: read /opt/stack/data/neutron/dhcp/484e29ae-1a1a-4f79-8607-799bc83e4f8d/opts
Oct 16 18:31:10.597935 podb-esxi207 dnsmasq[970031]: exiting on receipt of SIGTERM
Oct 16 18:31:14.413973 podb-esxi207 dnsmasq[977996]: started, version 2.90 cachesize 150
Oct 16 18:31:14.414001 podb-esxi207 dnsmasq[977996]: DNS service limited to local subnets
Oct 16 18:31:14.414016 podb-esxi207 dnsmasq[977996]: compile time options: IPv6 GNU-getopt DBus no-UBus i18n IDN2 DHCP DHCPv6 no-Lua TFTP conntrack ipset no-nftset auth cryptohash DNSSEC loop-detect inotify dumpfile
Oct 16 18:31:14.414063 podb-esxi207 dnsmasq-dhcp[977996]: DHCP, static leases only on 10.1.0.0, lease time 1d
Oct 16 18:31:14.414220 podb-esxi207 dnsmasq[977996]: reading /etc/resolv.conf
Oct 16 18:31:14.414237 podb-esxi207 dnsmasq[977996]: using nameserver 127.0.0.53#53
Oct 16 18:31:14.414326 podb-esxi207 dnsmasq[977996]: read /opt/stack/data/neutron/dhcp/5c28b4ba-9905-4e38-bd4b-65fb46653309/addn_hosts - 0 names
Oct 16 18:31:14.414377 podb-esxi207 dnsmasq-dhcp[977996]: read /opt/stack/data/neutron/dhcp/5c28b4ba-9905-4e38-bd4b-65fb46653309/host
Oct 16 18:31:14.414440 podb-esxi207 dnsmasq-dhcp[977996]: read /opt/stack/data/neutron/dhcp/5c28b4ba-9905-4e38-bd4b-65fb46653309/opts
Oct 16 18:31:14.951496 podb-esxi207 dnsmasq-dhcp[976350]: DHCPRELEASE(tapc6fe3231-fc) 10.1.0.13 fa:16:3e:37:a5:c7
Oct 16 18:31:14.968881 podb-esxi207 dnsmasq-dhcp[976350]: DHCPRELEASE(tapc6fe3231-fc) 10.1.0.13 fa:16:3e:37:a5:c7 unknown lease
Oct 16 18:31:15.795089 podb-esxi207 dnsmasq[976350]: read /opt/stack/data/neutron/dhcp/cb0d3153-2df3-40f2-aaf4-f6b4c24be964/addn_hosts - 2 names
Oct 16 18:31:15.795198 podb-esxi207 dnsmasq-dhcp[976350]: read /opt/stack/data/neutron/dhcp/cb0d3153-2df3-40f2-aaf4-f6b4c24be964/host
Oct 16 18:31:15.795306 podb-esxi207 dnsmasq-dhcp[976350]: read /opt/stack/data/neutron/dhcp/cb0d3153-2df3-40f2-aaf4-f6b4c24be964/opts
Oct 16 18:31:17.048887 podb-esxi207 dnsmasq[977996]: read /opt/stack/data/neutron/dhcp/5c28b4ba-9905-4e38-bd4b-65fb46653309/addn_hosts - 2 names
