Oct 10 18:39:17.181651 podb-esxi207 systemd[1]: Starting Devstack devstack@n-api.service...
Oct 10 18:39:17.193888 podb-esxi207 devstack@n-api.service[2788995]: [uWSGI] getting INI configuration from /etc/nova/nova-api-uwsgi.ini
Oct 10 18:39:17.196399 podb-esxi207 devstack@n-api.service[2788995]: *** Starting uWSGI 2.0.20-debian (64bit) on [Fri Oct 10 18:39:17 2025] ***
Oct 10 18:39:17.196399 podb-esxi207 devstack@n-api.service[2788995]: compiled with version: 11.2.0 on 21 March 2022 11:00:44
Oct 10 18:39:17.196399 podb-esxi207 devstack@n-api.service[2788995]: os: Linux-5.15.0-157-generic #167-Ubuntu SMP Wed Sep 17 21:35:53 UTC 2025
Oct 10 18:39:17.196399 podb-esxi207 devstack@n-api.service[2788995]: nodename: podb-esxi207
Oct 10 18:39:17.196399 podb-esxi207 devstack@n-api.service[2788995]: machine: x86_64
Oct 10 18:39:17.196399 podb-esxi207 devstack@n-api.service[2788995]: clock source: unix
Oct 10 18:39:17.196399 podb-esxi207 devstack@n-api.service[2788995]: pcre jit disabled
Oct 10 18:39:17.196399 podb-esxi207 devstack@n-api.service[2788995]: detected number of CPU cores: 152
Oct 10 18:39:17.196399 podb-esxi207 devstack@n-api.service[2788995]: current working directory: /
Oct 10 18:39:17.196399 podb-esxi207 devstack@n-api.service[2788995]: detected binary path: /usr/bin/uwsgi-core
Oct 10 18:39:17.196399 podb-esxi207 devstack@n-api.service[2788995]: your processes number limit is 1029247
Oct 10 18:39:17.196399 podb-esxi207 devstack@n-api.service[2788995]: your memory page size is 4096 bytes
Oct 10 18:39:17.196399 podb-esxi207 devstack@n-api.service[2788995]: detected max file descriptor number: 2048
Oct 10 18:39:17.196399 podb-esxi207 devstack@n-api.service[2788995]: lock engine: pthread robust mutexes
Oct 10 18:39:17.197638 podb-esxi207 devstack@n-api.service[2788995]: thunder lock: enabled
Oct 10 18:39:17.197638 podb-esxi207 devstack@n-api.service[2788995]: uwsgi socket 0 bound to UNIX address /var/run/uwsgi/nova-api.socket fd 4
Oct 10 18:39:17.197638 podb-esxi207 devstack@n-api.service[2788995]: Python version: 3.10.12 (main, Aug 15 2025, 14:32:43) [GCC 11.4.0]
Oct 10 18:39:17.197638 podb-esxi207 devstack@n-api.service[2788995]: PEP 405 virtualenv detected: /opt/stack/data/venv
Oct 10 18:39:17.197638 podb-esxi207 devstack@n-api.service[2788995]: Set PythonHome to /opt/stack/data/venv
Oct 10 18:39:17.236420 podb-esxi207 devstack@n-api.service[2788995]: Python main interpreter initialized at 0x562792119390
Oct 10 18:39:17.236420 podb-esxi207 devstack@n-api.service[2788995]: python threads support enabled
Oct 10 18:39:17.236420 podb-esxi207 devstack@n-api.service[2788995]: your server socket listen backlog is limited to 100 connections
Oct 10 18:39:17.236420 podb-esxi207 devstack@n-api.service[2788995]: your mercy for graceful operations on workers is 80 seconds
Oct 10 18:39:17.236948 podb-esxi207 devstack@n-api.service[2788995]: mapped 671795 bytes (656 KB) for 4 cores
Oct 10 18:39:17.236948 podb-esxi207 devstack@n-api.service[2788995]: *** Operational MODE: preforking ***
Oct 10 18:39:17.236948 podb-esxi207 devstack@n-api.service[2788995]: *** uWSGI is running in multiple interpreter mode ***
Oct 10 18:39:17.236948 podb-esxi207 devstack@n-api.service[2788995]: spawned uWSGI master process (pid: 2788995)
Oct 10 18:39:17.237486 podb-esxi207 devstack@n-api.service[2788995]: spawned uWSGI worker 1 (pid: 2788996, cores: 1)
Oct 10 18:39:17.237236 podb-esxi207 systemd[1]: Started Devstack devstack@n-api.service.
Oct 10 18:39:17.237790 podb-esxi207 devstack@n-api.service[2788995]: spawned uWSGI worker 2 (pid: 2788997, cores: 1)
Oct 10 18:39:17.237790 podb-esxi207 devstack@n-api.service[2788995]: spawned uWSGI worker 3 (pid: 2788998, cores: 1)
Oct 10 18:39:17.238105 podb-esxi207 devstack@n-api.service[2788995]: spawned uWSGI worker 4 (pid: 2788999, cores: 1)
Oct 10 18:39:17.238253 podb-esxi207 devstack@n-api.service[2788995]: running "unix_signal:15 gracefully_kill_them_all" (master-start)...
Oct 10 18:39:20.458593 podb-esxi207 devstack@n-api.service[2788996]: WSGI app 0 (mountpoint='') ready in 3 seconds on interpreter 0x562792119390 pid: 2788996 (default app)
Oct 10 18:39:20.462089 podb-esxi207 devstack@n-api.service[2788996]: [pid: 2788996|app: 0|req: 1/1] 172.25.66.207 () {50 vars in 792 bytes} [Fri Oct 10 18:39:20 2025] GET /compute/v2.1/ => generated 391 bytes in 3 msecs (HTTP/1.1 200) 9 headers in 357 bytes (1 switches on core 0)
Oct 10 18:39:20.577459 podb-esxi207 devstack@n-api.service[2788998]: WSGI app 0 (mountpoint='') ready in 3 seconds on interpreter 0x562792119390 pid: 2788998 (default app)
Oct 10 18:39:20.578360 podb-esxi207 devstack@n-api.service[2788997]: WSGI app 0 (mountpoint='') ready in 3 seconds on interpreter 0x562792119390 pid: 2788997 (default app)
Oct 10 18:39:20.578944 podb-esxi207 devstack@n-api.service[2788999]: WSGI app 0 (mountpoint='') ready in 3 seconds on interpreter 0x562792119390 pid: 2788999 (default app)
Oct 10 18:40:32.206182 podb-esxi207 devstack@n-api.service[2788996]: [pid: 2788996|app: 0|req: 2/2] 172.25.66.207 () {54 vars in 935 bytes} [Fri Oct 10 18:40:32 2025] GET /compute/v2.1 => generated 391 bytes in 12 msecs (HTTP/1.1 200) 9 headers in 357 bytes (1 switches on core 0)
Oct 10 18:40:33.259599 podb-esxi207 devstack@n-api.service[2788998]: [pid: 2788998|app: 0|req: 1/3] 172.25.66.207 () {60 vars in 1296 bytes} [Fri Oct 10 18:40:32 2025] GET /compute/v2.1/flavors/detail?is_public=True => generated 15 bytes in 1049 msecs (HTTP/1.1 200) 9 headers in 358 bytes (1 switches on core 0)
Oct 10 18:40:34.878324 podb-esxi207 devstack@n-api.service[2788997]: [pid: 2788997|app: 0|req: 1/4] 172.25.66.207 () {54 vars in 935 bytes} [Fri Oct 10 18:40:34 2025] GET /compute/v2.1 => generated 391 bytes in 14 msecs (HTTP/1.1 200) 9 headers in 357 bytes (1 switches on core 0)
Oct 10 18:40:35.714915 podb-esxi207 devstack@n-api.service[2788999]: [pid: 2788999|app: 0|req: 1/5] 172.25.66.207 () {64 vars in 1287 bytes} [Fri Oct 10 18:40:34 2025] POST /compute/v2.1/flavors => generated 411 bytes in 828 msecs (HTTP/1.1 200) 9 headers in 359 bytes (1 switches on core 0)
Oct 10 18:40:35.884860 podb-esxi207 devstack@n-api.service[2788996]: [pid: 2788996|app: 0|req: 3/6] 172.25.66.207 () {64 vars in 1340 bytes} [Fri Oct 10 18:40:35 2025] POST /compute/v2.1/flavors/c1/os-extra_specs => generated 43 bytes in 158 msecs (HTTP/1.1 200) 9 headers in 358 bytes (1 switches on core 0)
Oct 10 18:40:37.390871 podb-esxi207 devstack@n-api.service[2788998]: [pid: 2788998|app: 0|req: 2/7] 172.25.66.207 () {54 vars in 935 bytes} [Fri Oct 10 18:40:37 2025] GET /compute/v2.1 => generated 391 bytes in 12 msecs (HTTP/1.1 200) 9 headers in 357 bytes (1 switches on core 0)
Oct 10 18:40:38.137567 podb-esxi207 devstack@n-api.service[2788997]: [pid: 2788997|app: 0|req: 2/8] 172.25.66.207 () {64 vars in 1287 bytes} [Fri Oct 10 18:40:37 2025] POST /compute/v2.1/flavors => generated 408 bytes in 742 msecs (HTTP/1.1 200) 9 headers in 359 bytes (1 switches on core 0)
Oct 10 18:40:38.209760 podb-esxi207 devstack@n-api.service[2788999]: [pid: 2788999|app: 0|req: 2/9] 172.25.66.207 () {64 vars in 1340 bytes} [Fri Oct 10 18:40:38 2025] POST /compute/v2.1/flavors/d1/os-extra_specs => generated 43 bytes in 60 msecs (HTTP/1.1 200) 9 headers in 358 bytes (1 switches on core 0)
Oct 10 18:40:39.671433 podb-esxi207 devstack@n-api.service[2788996]: [pid: 2788996|app: 0|req: 4/10] 172.25.66.207 () {54 vars in 935 bytes} [Fri Oct 10 18:40:39 2025] GET /compute/v2.1 => generated 391 bytes in 12 msecs (HTTP/1.1 200) 9 headers in 357 bytes (1 switches on core 0)
Oct 10 18:40:39.990685 podb-esxi207 devstack@n-api.service[2788998]: [pid: 2788998|app: 0|req: 3/11] 172.25.66.207 () {64 vars in 1287 bytes} [Fri Oct 10 18:40:39 2025] POST /compute/v2.1/flavors => generated 408 bytes in 315 msecs (HTTP/1.1 200) 9 headers in 359 bytes (1 switches on core 0)
Oct 10 18:40:40.066907 podb-esxi207 devstack@n-api.service[2788997]: [pid: 2788997|app: 0|req: 3/12] 172.25.66.207 () {64 vars in 1340 bytes} [Fri Oct 10 18:40:40 2025] POST /compute/v2.1/flavors/d2/os-extra_specs => generated 43 bytes in 63 msecs (HTTP/1.1 200) 9 headers in 358 bytes (1 switches on core 0)
Oct 10 18:40:41.627145 podb-esxi207 devstack@n-api.service[2788999]: [pid: 2788999|app: 0|req: 3/13] 172.25.66.207 () {54 vars in 935 bytes} [Fri Oct 10 18:40:41 2025] GET /compute/v2.1 => generated 391 bytes in 12 msecs (HTTP/1.1 200) 9 headers in 357 bytes (1 switches on core 0)
Oct 10 18:40:42.272218 podb-esxi207 devstack@n-api.service[2788996]: [pid: 2788996|app: 0|req: 5/14] 172.25.66.207 () {64 vars in 1287 bytes} [Fri Oct 10 18:40:41 2025] POST /compute/v2.1/flavors => generated 408 bytes in 641 msecs (HTTP/1.1 200) 9 headers in 359 bytes (1 switches on core 0)
Oct 10 18:40:42.345906 podb-esxi207 devstack@n-api.service[2788998]: [pid: 2788998|app: 0|req: 4/15] 172.25.66.207 () {64 vars in 1340 bytes} [Fri Oct 10 18:40:42 2025] POST /compute/v2.1/flavors/d3/os-extra_specs => generated 43 bytes in 61 msecs (HTTP/1.1 200) 9 headers in 358 bytes (1 switches on core 0)
Oct 10 18:40:43.786668 podb-esxi207 devstack@n-api.service[2788997]: [pid: 2788997|app: 0|req: 4/16] 172.25.66.207 () {54 vars in 935 bytes} [Fri Oct 10 18:40:43 2025] GET /compute/v2.1 => generated 391 bytes in 13 msecs (HTTP/1.1 200) 9 headers in 357 bytes (1 switches on core 0)
Oct 10 18:40:44.060112 podb-esxi207 devstack@n-api.service[2788999]: [pid: 2788999|app: 0|req: 4/17] 172.25.66.207 () {64 vars in 1287 bytes} [Fri Oct 10 18:40:43 2025] POST /compute/v2.1/flavors => generated 408 bytes in 265 msecs (HTTP/1.1 200) 9 headers in 359 bytes (1 switches on core 0)
Oct 10 18:40:44.114727 podb-esxi207 devstack@n-api.service[2788996]: [pid: 2788996|app: 0|req: 6/18] 172.25.66.207 () {64 vars in 1340 bytes} [Fri Oct 10 18:40:44 2025] POST /compute/v2.1/flavors/d4/os-extra_specs => generated 43 bytes in 42 msecs (HTTP/1.1 200) 9 headers in 358 bytes (1 switches on core 0)
Oct 10 18:40:45.750587 podb-esxi207 devstack@n-api.service[2788998]: [pid: 2788998|app: 0|req: 5/19] 172.25.66.207 () {54 vars in 935 bytes} [Fri Oct 10 18:40:45 2025] GET /compute/v2.1 => generated 391 bytes in 11 msecs (HTTP/1.1 200) 9 headers in 357 bytes (1 switches on core 0)
Oct 10 18:40:46.184316 podb-esxi207 devstack@n-api.service[2788997]: [pid: 2788997|app: 0|req: 5/20] 172.25.66.207 () {60 vars in 1296 bytes} [Fri Oct 10 18:40:45 2025] GET /compute/v2.1/flavors/detail?is_public=True => generated 2126 bytes in 430 msecs (HTTP/1.1 200) 9 headers in 360 bytes (1 switches on core 0)
Oct 10 18:40:47.713645 podb-esxi207 devstack@n-api.service[2788999]: [pid: 2788999|app: 0|req: 5/21] 172.25.66.207 () {54 vars in 935 bytes} [Fri Oct 10 18:40:47 2025] GET /compute/v2.1 => generated 391 bytes in 12 msecs (HTTP/1.1 200) 9 headers in 357 bytes (1 switches on core 0)
Oct 10 18:40:48.223945 podb-esxi207 devstack@n-api.service[2788996]: [pid: 2788996|app: 0|req: 7/22] 172.25.66.207 () {64 vars in 1287 bytes} [Fri Oct 10 18:40:47 2025] POST /compute/v2.1/flavors => generated 406 bytes in 506 msecs (HTTP/1.1 200) 9 headers in 359 bytes (1 switches on core 0)
Oct 10 18:40:48.281445 podb-esxi207 devstack@n-api.service[2788998]: [pid: 2788998|app: 0|req: 6/23] 172.25.66.207 () {64 vars in 1337 bytes} [Fri Oct 10 18:40:48 2025] POST /compute/v2.1/flavors/1/os-extra_specs => generated 43 bytes in 44 msecs (HTTP/1.1 200) 9 headers in 358 bytes (1 switches on core 0)
Oct 10 18:40:49.765626 podb-esxi207 devstack@n-api.service[2788997]: [pid: 2788997|app: 0|req: 6/24] 172.25.66.207 () {54 vars in 935 bytes} [Fri Oct 10 18:40:49 2025] GET /compute/v2.1 => generated 391 bytes in 12 msecs (HTTP/1.1 200) 9 headers in 357 bytes (1 switches on core 0)
Oct 10 18:40:50.040863 podb-esxi207 devstack@n-api.service[2788999]: [pid: 2788999|app: 0|req: 6/25] 172.25.66.207 () {64 vars in 1287 bytes} [Fri Oct 10 18:40:49 2025] POST /compute/v2.1/flavors => generated 409 bytes in 267 msecs (HTTP/1.1 200) 9 headers in 359 bytes (1 switches on core 0)
Oct 10 18:40:50.098990 podb-esxi207 devstack@n-api.service[2788996]: [pid: 2788996|app: 0|req: 8/26] 172.25.66.207 () {64 vars in 1337 bytes} [Fri Oct 10 18:40:50 2025] POST /compute/v2.1/flavors/2/os-extra_specs => generated 43 bytes in 46 msecs (HTTP/1.1 200) 9 headers in 358 bytes (1 switches on core 0)
Oct 10 18:40:51.539660 podb-esxi207 devstack@n-api.service[2788998]: [pid: 2788998|app: 0|req: 7/27] 172.25.66.207 () {54 vars in 935 bytes} [Fri Oct 10 18:40:51 2025] GET /compute/v2.1 => generated 391 bytes in 11 msecs (HTTP/1.1 200) 9 headers in 357 bytes (1 switches on core 0)
Oct 10 18:40:51.870438 podb-esxi207 devstack@n-api.service[2788997]: [pid: 2788997|app: 0|req: 7/28] 172.25.66.207 () {64 vars in 1287 bytes} [Fri Oct 10 18:40:51 2025] POST /compute/v2.1/flavors => generated 410 bytes in 326 msecs (HTTP/1.1 200) 9 headers in 359 bytes (1 switches on core 0)
Oct 10 18:40:51.926637 podb-esxi207 devstack@n-api.service[2788999]: [pid: 2788999|app: 0|req: 7/29] 172.25.66.207 () {64 vars in 1337 bytes} [Fri Oct 10 18:40:51 2025] POST /compute/v2.1/flavors/3/os-extra_specs => generated 43 bytes in 43 msecs (HTTP/1.1 200) 9 headers in 358 bytes (1 switches on core 0)
Oct 10 18:40:53.357246 podb-esxi207 devstack@n-api.service[2788996]: [pid: 2788996|app: 0|req: 9/30] 172.25.66.207 () {54 vars in 935 bytes} [Fri Oct 10 18:40:53 2025] GET /compute/v2.1 => generated 391 bytes in 12 msecs (HTTP/1.1 200) 9 headers in 357 bytes (1 switches on core 0)
Oct 10 18:40:53.679863 podb-esxi207 devstack@n-api.service[2788998]: [pid: 2788998|app: 0|req: 8/31] 172.25.66.207 () {64 vars in 1287 bytes} [Fri Oct 10 18:40:53 2025] POST /compute/v2.1/flavors => generated 409 bytes in 318 msecs (HTTP/1.1 200) 9 headers in 359 bytes (1 switches on core 0)
Oct 10 18:40:53.726848 podb-esxi207 devstack@n-api.service[2788997]: [pid: 2788997|app: 0|req: 8/32] 172.25.66.207 () {64 vars in 1337 bytes} [Fri Oct 10 18:40:53 2025] POST /compute/v2.1/flavors/4/os-extra_specs => generated 43 bytes in 35 msecs (HTTP/1.1 200) 9 headers in 358 bytes (1 switches on core 0)
Oct 10 18:40:55.214806 podb-esxi207 devstack@n-api.service[2788999]: [pid: 2788999|app: 0|req: 8/33] 172.25.66.207 () {54 vars in 935 bytes} [Fri Oct 10 18:40:55 2025] GET /compute/v2.1 => generated 391 bytes in 12 msecs (HTTP/1.1 200) 9 headers in 357 bytes (1 switches on core 0)
Oct 10 18:40:55.544534 podb-esxi207 devstack@n-api.service[2788996]: [pid: 2788996|app: 0|req: 10/34] 172.25.66.207 () {64 vars in 1287 bytes} [Fri Oct 10 18:40:55 2025] POST /compute/v2.1/flavors => generated 412 bytes in 321 msecs (HTTP/1.1 200) 9 headers in 359 bytes (1 switches on core 0)
Oct 10 18:40:55.597946 podb-esxi207 devstack@n-api.service[2788998]: [pid: 2788998|app: 0|req: 9/35] 172.25.66.207 () {64 vars in 1337 bytes} [Fri Oct 10 18:40:55 2025] POST /compute/v2.1/flavors/5/os-extra_specs => generated 43 bytes in 41 msecs (HTTP/1.1 200) 9 headers in 358 bytes (1 switches on core 0)
Oct 10 18:41:07.258966 podb-esxi207 devstack@n-api.service[2788997]: [pid: 2788997|app: 0|req: 9/36] 172.25.66.207 () {54 vars in 935 bytes} [Fri Oct 10 18:41:07 2025] GET /compute/v2.1 => generated 391 bytes in 12 msecs (HTTP/1.1 200) 9 headers in 357 bytes (1 switches on core 0)
Oct 10 18:41:07.594409 podb-esxi207 devstack@n-api.service[2788999]: [pid: 2788999|app: 0|req: 9/37] 172.25.66.207 () {60 vars in 1333 bytes} [Fri Oct 10 18:41:07 2025] GET /compute/v2.1/os-services?binary=nova-compute&host=podb-esxi207 => generated 255 bytes in 332 msecs (HTTP/1.1 200) 9 headers in 359 bytes (1 switches on core 0)
Oct 10 18:41:34.996339 podb-esxi207 devstack@n-api.service[2788996]: [pid: 2788996|app: 0|req: 11/38] 172.25.66.207 () {54 vars in 935 bytes} [Fri Oct 10 18:41:34 2025] GET /compute/v2.1 => generated 391 bytes in 12 msecs (HTTP/1.1 200) 9 headers in 357 bytes (1 switches on core 0)
Oct 10 18:41:35.430552 podb-esxi207 devstack@n-api.service[2788998]: [pid: 2788998|app: 0|req: 10/39] 172.25.66.207 () {60 vars in 1296 bytes} [Fri Oct 10 18:41:34 2025] GET /compute/v2.1/flavors/detail?is_public=True => generated 4242 bytes in 430 msecs (HTTP/1.1 200) 9 headers in 360 bytes (1 switches on core 0)
Oct 10 18:41:39.171498 podb-esxi207 devstack@n-api.service[2788997]: [pid: 2788997|app: 0|req: 10/40] 172.25.66.207 () {54 vars in 935 bytes} [Fri Oct 10 18:41:39 2025] GET /compute/v2.1 => generated 391 bytes in 13 msecs (HTTP/1.1 200) 9 headers in 357 bytes (1 switches on core 0)
Oct 10 18:41:39.534526 podb-esxi207 devstack@n-api.service[2788999]: [pid: 2788999|app: 0|req: 10/41] 172.25.66.207 () {64 vars in 1287 bytes} [Fri Oct 10 18:41:39 2025] POST /compute/v2.1/flavors => generated 409 bytes in 359 msecs (HTTP/1.1 200) 9 headers in 359 bytes (1 switches on core 0)
Oct 10 18:41:39.587333 podb-esxi207 devstack@n-api.service[2788996]: [pid: 2788996|app: 0|req: 12/42] 172.25.66.207 () {64 vars in 1340 bytes} [Fri Oct 10 18:41:39 2025] POST /compute/v2.1/flavors/42/os-extra_specs => generated 43 bytes in 40 msecs (HTTP/1.1 200) 9 headers in 358 bytes (1 switches on core 0)
Oct 10 18:41:43.061681 podb-esxi207 devstack@n-api.service[2788998]: [pid: 2788998|app: 0|req: 11/43] 172.25.66.207 () {54 vars in 935 bytes} [Fri Oct 10 18:41:43 2025] GET /compute/v2.1 => generated 391 bytes in 11 msecs (HTTP/1.1 200) 9 headers in 357 bytes (1 switches on core 0)
Oct 10 18:41:43.530453 podb-esxi207 devstack@n-api.service[2788997]: [pid: 2788997|app: 0|req: 11/44] 172.25.66.207 () {64 vars in 1287 bytes} [Fri Oct 10 18:41:43 2025] POST /compute/v2.1/flavors => generated 410 bytes in 460 msecs (HTTP/1.1 200) 9 headers in 359 bytes (1 switches on core 0)
Oct 10 18:41:43.589656 podb-esxi207 devstack@n-api.service[2788999]: [pid: 2788999|app: 0|req: 11/45] 172.25.66.207 () {64 vars in 1340 bytes} [Fri Oct 10 18:41:43 2025] POST /compute/v2.1/flavors/84/os-extra_specs => generated 43 bytes in 47 msecs (HTTP/1.1 200) 9 headers in 358 bytes (1 switches on core 0)
Oct 10 18:48:06.583044 podb-esxi207 devstack@n-api.service[2788996]: [pid: 2788996|app: 0|req: 13/46] 172.25.66.207 () {54 vars in 935 bytes} [Fri Oct 10 18:48:06 2025] GET /compute/v2.1 => generated 391 bytes in 11 msecs (HTTP/1.1 200) 9 headers in 357 bytes (1 switches on core 0)
Oct 10 18:48:06.775674 podb-esxi207 devstack@n-api.service[2788998]: [pid: 2788998|app: 0|req: 12/47] 172.25.66.207 () {60 vars in 1294 bytes} [Fri Oct 10 18:48:06 2025] GET /compute/v2.1/servers/detail?deleted=False => generated 15 bytes in 184 msecs (HTTP/1.1 200) 9 headers in 358 bytes (1 switches on core 0)
Oct 10 19:26:51.446513 podb-esxi207 devstack@n-api.service[2788997]: [pid: 2788997|app: 0|req: 12/48] 172.25.66.207 () {60 vars in 1163 bytes} [Fri Oct 10 19:26:51 2025] POST /compute/v2.1/os-keypairs => generated 386 bytes in 316 msecs (HTTP/1.1 200) 9 headers in 357 bytes (1 switches on core 0)
Oct 10 19:26:53.915439 podb-esxi207 devstack@n-api.service[2788999]: [pid: 2788999|app: 0|req: 12/49] 172.25.66.207 () {60 vars in 1151 bytes} [Fri Oct 10 19:26:52 2025] POST /compute/v2.1/servers => generated 410 bytes in 1149 msecs (HTTP/1.1 202) 10 headers in 453 bytes (1 switches on core 0)
Oct 10 19:26:54.165137 podb-esxi207 devstack@n-api.service[2788996]: [pid: 2788996|app: 0|req: 14/50] 172.25.66.207 () {58 vars in 1240 bytes} [Fri Oct 10 19:26:53 2025] GET /compute/v2.1/servers/f62f8463-dfa4-45bb-a2cd-bf896a054acf => generated 1252 bytes in 239 msecs (HTTP/1.1 200) 9 headers in 358 bytes (1 switches on core 0)
Oct 10 19:26:54.549815 podb-esxi207 devstack@n-api.service[2788998]: [pid: 2788998|app: 0|req: 13/51] 172.25.66.207 () {60 vars in 1163 bytes} [Fri Oct 10 19:26:54 2025] POST /compute/v2.1/os-keypairs => generated 385 bytes in 447 msecs (HTTP/1.1 200) 9 headers in 357 bytes (1 switches on core 0)
Oct 10 19:26:55.488848 podb-esxi207 devstack@n-api.service[2788997]: [pid: 2788997|app: 0|req: 13/52] 172.25.66.207 () {58 vars in 1240 bytes} [Fri Oct 10 19:26:55 2025] GET /compute/v2.1/servers/f62f8463-dfa4-45bb-a2cd-bf896a054acf => generated 1256 bytes in 295 msecs (HTTP/1.1 200) 9 headers in 358 bytes (1 switches on core 0)
Oct 10 19:26:56.156014 podb-esxi207 devstack@n-api.service[2788999]: [pid: 2788999|app: 0|req: 13/53] 172.25.66.207 () {60 vars in 1151 bytes} [Fri Oct 10 19:26:55 2025] POST /compute/v2.1/servers => generated 409 bytes in 508 msecs (HTTP/1.1 202) 10 headers in 453 bytes (1 switches on core 0)
Oct 10 19:26:56.244423 podb-esxi207 devstack@n-api.service[2788996]: [pid: 2788996|app: 0|req: 15/54] 172.25.66.207 () {58 vars in 1240 bytes} [Fri Oct 10 19:26:56 2025] GET /compute/v2.1/servers/d235976b-3775-48df-bcee-3c61d2f15aa8 => generated 1251 bytes in 81 msecs (HTTP/1.1 200) 9 headers in 358 bytes (1 switches on core 0)
Oct 10 19:26:56.880262 podb-esxi207 devstack@n-api.service[2788998]: [pid: 2788998|app: 0|req: 14/55] 172.25.66.207 () {58 vars in 1240 bytes} [Fri Oct 10 19:26:56 2025] GET /compute/v2.1/servers/f62f8463-dfa4-45bb-a2cd-bf896a054acf => generated 1304 bytes in 366 msecs (HTTP/1.1 200) 9 headers in 358 bytes (1 switches on core 0)
Oct 10 19:26:57.630928 podb-esxi207 devstack@n-api.service[2788997]: [pid: 2788997|app: 0|req: 14/56] 172.25.66.207 () {58 vars in 1240 bytes} [Fri Oct 10 19:26:57 2025] GET /compute/v2.1/servers/d235976b-3775-48df-bcee-3c61d2f15aa8 => generated 1255 bytes in 367 msecs (HTTP/1.1 200) 9 headers in 358 bytes (1 switches on core 0)
Oct 10 19:26:58.220391 podb-esxi207 devstack@n-api.service[2788999]: [pid: 2788999|app: 0|req: 14/57] 172.25.66.207 () {58 vars in 1240 bytes} [Fri Oct 10 19:26:57 2025] GET /compute/v2.1/servers/f62f8463-dfa4-45bb-a2cd-bf896a054acf => generated 1304 bytes in 315 msecs (HTTP/1.1 200) 9 headers in 358 bytes (1 switches on core 0)
Oct 10 19:26:58.804591 podb-esxi207 devstack@n-api.service[2788996]: [pid: 2788996|app: 0|req: 16/58] 172.25.66.207 () {58 vars in 1240 bytes} [Fri Oct 10 19:26:58 2025] GET /compute/v2.1/servers/d235976b-3775-48df-bcee-3c61d2f15aa8 => generated 1303 bytes in 148 msecs (HTTP/1.1 200) 9 headers in 358 bytes (1 switches on core 0)
Oct 10 19:26:59.336926 podb-esxi207 devstack@n-api.service[2788998]: [pid: 2788998|app: 0|req: 15/59] 172.25.66.207 () {58 vars in 1240 bytes} [Fri Oct 10 19:26:59 2025] GET /compute/v2.1/servers/f62f8463-dfa4-45bb-a2cd-bf896a054acf => generated 1312 bytes in 90 msecs (HTTP/1.1 200) 9 headers in 358 bytes (1 switches on core 0)
Oct 10 19:26:59.929608 podb-esxi207 devstack@n-api.service[2788997]: [pid: 2788997|app: 0|req: 15/60] 172.25.66.207 () {58 vars in 1240 bytes} [Fri Oct 10 19:26:59 2025] GET /compute/v2.1/servers/d235976b-3775-48df-bcee-3c61d2f15aa8 => generated 1303 bytes in 99 msecs (HTTP/1.1 200) 9 headers in 358 bytes (1 switches on core 0)
Oct 10 19:27:00.574137 podb-esxi207 devstack@n-api.service[2788999]: [pid: 2788999|app: 0|req: 15/61] 172.25.66.207 () {58 vars in 1240 bytes} [Fri Oct 10 19:27:00 2025] GET /compute/v2.1/servers/f62f8463-dfa4-45bb-a2cd-bf896a054acf => generated 1378 bytes in 210 msecs (HTTP/1.1 200) 9 headers in 358 bytes (1 switches on core 0)
Oct 10 19:27:01.064033 podb-esxi207 devstack@n-api.service[2788998]: [pid: 2788998|app: 0|req: 16/62] 172.25.66.207 () {58 vars in 1240 bytes} [Fri Oct 10 19:27:00 2025] GET /compute/v2.1/servers/d235976b-3775-48df-bcee-3c61d2f15aa8 => generated 1311 bytes in 109 msecs (HTTP/1.1 200) 9 headers in 358 bytes (1 switches on core 0)
Oct 10 19:27:01.183769 podb-esxi207 devstack@n-api.service[2788996]: [pid: 2788996|app: 0|req: 17/63] 172.25.66.207 () {64 vars in 1321 bytes} [Fri Oct 10 19:27:00 2025] POST /compute/v2.1/os-server-external-events => generated 179 bytes in 328 msecs (HTTP/1.1 200) 9 headers in 357 bytes (1 switches on core 0)
Oct 10 19:27:01.758232 podb-esxi207 devstack@n-api.service[2788999]: [pid: 2788999|app: 0|req: 16/64] 172.25.66.207 () {58 vars in 1240 bytes} [Fri Oct 10 19:27:01 2025] GET /compute/v2.1/servers/f62f8463-dfa4-45bb-a2cd-bf896a054acf => generated 1378 bytes in 158 msecs (HTTP/1.1 200) 9 headers in 358 bytes (1 switches on core 0)
Oct 10 19:27:02.320320 podb-esxi207 devstack@n-api.service[2788998]: [pid: 2788998|app: 0|req: 17/65] 172.25.66.207 () {58 vars in 1240 bytes} [Fri Oct 10 19:27:02 2025] GET /compute/v2.1/servers/d235976b-3775-48df-bcee-3c61d2f15aa8 => generated 1378 bytes in 231 msecs (HTTP/1.1 200) 9 headers in 358 bytes (1 switches on core 0)
Oct 10 19:27:02.386680 podb-esxi207 devstack@n-api.service[2788997]: [pid: 2788997|app: 0|req: 16/66] 172.25.66.207 () {60 vars in 1151 bytes} [Fri Oct 10 19:27:01 2025] POST /compute/v2.1/servers => generated 384 bytes in 900 msecs (HTTP/1.1 202) 10 headers in 453 bytes (1 switches on core 0)
Oct 10 19:27:02.476652 podb-esxi207 devstack@n-api.service[2788996]: [pid: 2788996|app: 0|req: 18/67] 172.25.66.207 () {58 vars in 1240 bytes} [Fri Oct 10 19:27:02 2025] GET /compute/v2.1/servers/fe604b31-f8d7-4b09-97dd-8f6be607ef41 => generated 1220 bytes in 79 msecs (HTTP/1.1 200) 9 headers in 358 bytes (1 switches on core 0)
Oct 10 19:27:02.962822 podb-esxi207 devstack@n-api.service[2788999]: [pid: 2788999|app: 0|req: 17/68] 172.25.66.207 () {58 vars in 1240 bytes} [Fri Oct 10 19:27:02 2025] GET /compute/v2.1/servers/f62f8463-dfa4-45bb-a2cd-bf896a054acf => generated 1378 bytes in 179 msecs (HTTP/1.1 200) 9 headers in 358 bytes (1 switches on core 0)
Oct 10 19:27:03.267138 podb-esxi207 devstack@n-api.service[2788998]: [pid: 2788998|app: 0|req: 18/69] 172.25.66.207 () {64 vars in 1321 bytes} [Fri Oct 10 19:27:03 2025] POST /compute/v2.1/os-server-external-events => generated 179 bytes in 67 msecs (HTTP/1.1 200) 9 headers in 357 bytes (1 switches on core 0)
Oct 10 19:27:03.522653 podb-esxi207 devstack@n-api.service[2788997]: [pid: 2788997|app: 0|req: 17/70] 172.25.66.207 () {58 vars in 1240 bytes} [Fri Oct 10 19:27:03 2025] GET /compute/v2.1/servers/d235976b-3775-48df-bcee-3c61d2f15aa8 => generated 1376 bytes in 174 msecs (HTTP/1.1 200) 9 headers in 358 bytes (1 switches on core 0)
Oct 10 19:27:03.596152 podb-esxi207 devstack@n-api.service[2788996]: [pid: 2788996|app: 0|req: 19/71] 172.25.66.207 () {58 vars in 1240 bytes} [Fri Oct 10 19:27:03 2025] GET /compute/v2.1/servers/fe604b31-f8d7-4b09-97dd-8f6be607ef41 => generated 1224 bytes in 93 msecs (HTTP/1.1 200) 9 headers in 358 bytes (1 switches on core 0)
Oct 10 19:27:04.173690 podb-esxi207 devstack@n-api.service[2788999]: [pid: 2788999|app: 0|req: 18/72] 172.25.66.207 () {58 vars in 1240 bytes} [Fri Oct 10 19:27:03 2025] GET /compute/v2.1/servers/f62f8463-dfa4-45bb-a2cd-bf896a054acf => generated 1378 bytes in 187 msecs (HTTP/1.1 200) 9 headers in 358 bytes (1 switches on core 0)
Oct 10 19:27:04.715554 podb-esxi207 devstack@n-api.service[2788998]: [pid: 2788998|app: 0|req: 19/73] 172.25.66.207 () {58 vars in 1240 bytes} [Fri Oct 10 19:27:04 2025] GET /compute/v2.1/servers/d235976b-3775-48df-bcee-3c61d2f15aa8 => generated 1376 bytes in 164 msecs (HTTP/1.1 200) 9 headers in 358 bytes (1 switches on core 0)
Oct 10 19:27:04.720091 podb-esxi207 devstack@n-api.service[2788997]: [pid: 2788997|app: 0|req: 18/74] 172.25.66.207 () {58 vars in 1240 bytes} [Fri Oct 10 19:27:04 2025] GET /compute/v2.1/servers/fe604b31-f8d7-4b09-97dd-8f6be607ef41 => generated 1216 bytes in 93 msecs (HTTP/1.1 200) 9 headers in 358 bytes (1 switches on core 0)
Oct 10 19:27:05.362760 podb-esxi207 devstack@n-api.service[2788996]: [pid: 2788996|app: 0|req: 20/75] 172.25.66.207 () {58 vars in 1240 bytes} [Fri Oct 10 19:27:05 2025] GET /compute/v2.1/servers/f62f8463-dfa4-45bb-a2cd-bf896a054acf => generated 1378 bytes in 162 msecs (HTTP/1.1 200) 9 headers in 358 bytes (1 switches on core 0)
Oct 10 19:27:05.839369 podb-esxi207 devstack@n-api.service[2788998]: [pid: 2788998|app: 0|req: 20/76] 172.25.66.207 () {58 vars in 1240 bytes} [Fri Oct 10 19:27:05 2025] GET /compute/v2.1/servers/fe604b31-f8d7-4b09-97dd-8f6be607ef41 => generated 1272 bytes in 92 msecs (HTTP/1.1 200) 9 headers in 358 bytes (1 switches on core 0)
Oct 10 19:27:05.941141 podb-esxi207 devstack@n-api.service[2788999]: [pid: 2788999|app: 0|req: 19/77] 172.25.66.207 () {58 vars in 1240 bytes} [Fri Oct 10 19:27:05 2025] GET /compute/v2.1/servers/d235976b-3775-48df-bcee-3c61d2f15aa8 => generated 1376 bytes in 201 msecs (HTTP/1.1 200) 9 headers in 358 bytes (1 switches on core 0)
Oct 10 19:27:06.568771 podb-esxi207 devstack@n-api.service[2788997]: [pid: 2788997|app: 0|req: 19/78] 172.25.66.207 () {58 vars in 1240 bytes} [Fri Oct 10 19:27:06 2025] GET /compute/v2.1/servers/f62f8463-dfa4-45bb-a2cd-bf896a054acf => generated 1378 bytes in 192 msecs (HTTP/1.1 200) 9 headers in 358 bytes (1 switches on core 0)
Oct 10 19:27:06.952219 podb-esxi207 devstack@n-api.service[2788996]: [pid: 2788996|app: 0|req: 21/79] 172.25.66.207 () {58 vars in 1240 bytes} [Fri Oct 10 19:27:06 2025] GET /compute/v2.1/servers/fe604b31-f8d7-4b09-97dd-8f6be607ef41 => generated 1272 bytes in 86 msecs (HTTP/1.1 200) 9 headers in 358 bytes (1 switches on core 0)
Oct 10 19:27:07.143610 podb-esxi207 devstack@n-api.service[2788998]: [pid: 2788998|app: 0|req: 21/80] 172.25.66.207 () {58 vars in 1240 bytes} [Fri Oct 10 19:27:06 2025] GET /compute/v2.1/servers/d235976b-3775-48df-bcee-3c61d2f15aa8 => generated 1376 bytes in 177 msecs (HTTP/1.1 200) 9 headers in 358 bytes (1 switches on core 0)
Oct 10 19:27:07.844330 podb-esxi207 devstack@n-api.service[2788999]: [pid: 2788999|app: 0|req: 20/81] 172.25.66.207 () {58 vars in 1240 bytes} [Fri Oct 10 19:27:07 2025] GET /compute/v2.1/servers/f62f8463-dfa4-45bb-a2cd-bf896a054acf => generated 1378 bytes in 249 msecs (HTTP/1.1 200) 9 headers in 358 bytes (1 switches on core 0)
Oct 10 19:27:08.151879 podb-esxi207 devstack@n-api.service[2788997]: [pid: 2788997|app: 0|req: 20/82] 172.25.66.207 () {58 vars in 1240 bytes} [Fri Oct 10 19:27:07 2025] GET /compute/v2.1/servers/fe604b31-f8d7-4b09-97dd-8f6be607ef41 => generated 1322 bytes in 174 msecs (HTTP/1.1 200) 9 headers in 358 bytes (1 switches on core 0)
Oct 10 19:27:08.283308 podb-esxi207 devstack@n-api.service[2788998]: [pid: 2788998|app: 0|req: 22/83] 172.25.66.207 () {64 vars in 1321 bytes} [Fri Oct 10 19:27:08 2025] POST /compute/v2.1/os-server-external-events => generated 183 bytes in 89 msecs (HTTP/1.1 200) 9 headers in 357 bytes (1 switches on core 0)
Oct 10 19:27:08.325776 podb-esxi207 devstack@n-api.service[2788996]: [pid: 2788996|app: 0|req: 22/84] 172.25.66.207 () {58 vars in 1240 bytes} [Fri Oct 10 19:27:08 2025] GET /compute/v2.1/servers/d235976b-3775-48df-bcee-3c61d2f15aa8 => generated 1376 bytes in 156 msecs (HTTP/1.1 200) 9 headers in 358 bytes (1 switches on core 0)
Oct 10 19:27:08.629184 podb-esxi207 devstack@n-api.service[2788997]: [pid: 2788997|app: 0|req: 21/85] 172.25.66.207 () {64 vars in 1321 bytes} [Fri Oct 10 19:27:08 2025] POST /compute/v2.1/os-server-external-events => generated 179 bytes in 132 msecs (HTTP/1.1 200) 9 headers in 357 bytes (1 switches on core 0)
Oct 10 19:27:08.840146 podb-esxi207 devstack@n-api.service[2788999]: [pid: 2788999|app: 0|req: 21/86] 172.25.66.207 () {60 vars in 1151 bytes} [Fri Oct 10 19:27:08 2025] POST /compute/v2.1/servers => generated 384 bytes in 552 msecs (HTTP/1.1 202) 10 headers in 453 bytes (1 switches on core 0)
Oct 10 19:27:08.953242 podb-esxi207 devstack@n-api.service[2788998]: [pid: 2788998|app: 0|req: 23/87] 172.25.66.207 () {58 vars in 1240 bytes} [Fri Oct 10 19:27:08 2025] GET /compute/v2.1/servers/f3fec0db-d4fb-486d-b154-ab25af257623 => generated 1224 bytes in 100 msecs (HTTP/1.1 200) 9 headers in 358 bytes (1 switches on core 0)
Oct 10 19:27:09.032844 podb-esxi207 devstack@n-api.service[2788996]: [pid: 2788996|app: 0|req: 23/88] 172.25.66.207 () {58 vars in 1240 bytes} [Fri Oct 10 19:27:08 2025] GET /compute/v2.1/servers/f62f8463-dfa4-45bb-a2cd-bf896a054acf => generated 1378 bytes in 163 msecs (HTTP/1.1 200) 9 headers in 358 bytes (1 switches on core 0)
Oct 10 19:27:09.364454 podb-esxi207 devstack@n-api.service[2788997]: [pid: 2788997|app: 0|req: 22/89] 172.25.66.207 () {58 vars in 1240 bytes} [Fri Oct 10 19:27:09 2025] GET /compute/v2.1/servers/fe604b31-f8d7-4b09-97dd-8f6be607ef41 => generated 1320 bytes in 192 msecs (HTTP/1.1 200) 9 headers in 358 bytes (1 switches on core 0)
Oct 10 19:27:09.503395 podb-esxi207 devstack@n-api.service[2788999]: [pid: 2788999|app: 0|req: 22/90] 172.25.66.207 () {58 vars in 1240 bytes} [Fri Oct 10 19:27:09 2025] GET /compute/v2.1/servers/d235976b-3775-48df-bcee-3c61d2f15aa8 => generated 1376 bytes in 152 msecs (HTTP/1.1 200) 9 headers in 358 bytes (1 switches on core 0)
Oct 10 19:27:10.087985 podb-esxi207 devstack@n-api.service[2788998]: [pid: 2788998|app: 0|req: 24/91] 172.25.66.207 () {58 vars in 1240 bytes} [Fri Oct 10 19:27:09 2025] GET /compute/v2.1/servers/f3fec0db-d4fb-486d-b154-ab25af257623 => generated 1228 bytes in 107 msecs (HTTP/1.1 200) 9 headers in 358 bytes (1 switches on core 0)
Oct 10 19:27:10.222718 podb-esxi207 devstack@n-api.service[2788996]: [pid: 2788996|app: 0|req: 24/92] 172.25.66.207 () {58 vars in 1240 bytes} [Fri Oct 10 19:27:10 2025] GET /compute/v2.1/servers/f62f8463-dfa4-45bb-a2cd-bf896a054acf => generated 1378 bytes in 165 msecs (HTTP/1.1 200) 9 headers in 358 bytes (1 switches on core 0)
Oct 10 19:27:10.365415 podb-esxi207 devstack@n-api.service[2788997]: [pid: 2788997|app: 0|req: 23/93] 172.25.66.207 () {64 vars in 1321 bytes} [Fri Oct 10 19:27:10 2025] POST /compute/v2.1/os-server-external-events => generated 183 bytes in 66 msecs (HTTP/1.1 200) 9 headers in 357 bytes (1 switches on core 0)
Oct 10 19:27:10.572486 podb-esxi207 devstack@n-api.service[2788999]: [pid: 2788999|app: 0|req: 23/94] 172.25.66.207 () {58 vars in 1240 bytes} [Fri Oct 10 19:27:10 2025] GET /compute/v2.1/servers/fe604b31-f8d7-4b09-97dd-8f6be607ef41 => generated 1320 bytes in 180 msecs (HTTP/1.1 200) 9 headers in 358 bytes (1 switches on core 0)
Oct 10 19:27:10.734019 podb-esxi207 devstack@n-api.service[2788998]: [pid: 2788998|app: 0|req: 25/95] 172.25.66.207 () {58 vars in 1240 bytes} [Fri Oct 10 19:27:10 2025] GET /compute/v2.1/servers/d235976b-3775-48df-bcee-3c61d2f15aa8 => generated 1376 bytes in 205 msecs (HTTP/1.1 200) 9 headers in 358 bytes (1 switches on core 0)
Oct 10 19:27:11.205412 podb-esxi207 devstack@n-api.service[2788996]: [pid: 2788996|app: 0|req: 25/96] 172.25.66.207 () {58 vars in 1240 bytes} [Fri Oct 10 19:27:11 2025] GET /compute/v2.1/servers/f3fec0db-d4fb-486d-b154-ab25af257623 => generated 1276 bytes in 92 msecs (HTTP/1.1 200) 9 headers in 358 bytes (1 switches on core 0)
Oct 10 19:27:11.408074 podb-esxi207 devstack@n-api.service[2788997]: [pid: 2788997|app: 0|req: 24/97] 172.25.66.207 () {58 vars in 1240 bytes} [Fri Oct 10 19:27:11 2025] GET /compute/v2.1/servers/f62f8463-dfa4-45bb-a2cd-bf896a054acf => generated 1378 bytes in 159 msecs (HTTP/1.1 200) 9 headers in 358 bytes (1 switches on core 0)
Oct 10 19:27:11.734110 podb-esxi207 devstack@n-api.service[2788999]: [pid: 2788999|app: 0|req: 24/98] 172.25.66.207 () {58 vars in 1240 bytes} [Fri Oct 10 19:27:11 2025] GET /compute/v2.1/servers/fe604b31-f8d7-4b09-97dd-8f6be607ef41 => generated 1320 bytes in 135 msecs (HTTP/1.1 200) 9 headers in 358 bytes (1 switches on core 0)
Oct 10 19:27:11.986875 podb-esxi207 devstack@n-api.service[2788998]: [pid: 2788998|app: 0|req: 26/99] 172.25.66.207 () {58 vars in 1240 bytes} [Fri Oct 10 19:27:11 2025] GET /compute/v2.1/servers/d235976b-3775-48df-bcee-3c61d2f15aa8 => generated 1376 bytes in 228 msecs (HTTP/1.1 200) 9 headers in 358 bytes (1 switches on core 0)
Oct 10 19:27:12.337316 podb-esxi207 devstack@n-api.service[2788996]: [pid: 2788996|app: 0|req: 26/100] 172.25.66.207 () {58 vars in 1240 bytes} [Fri Oct 10 19:27:12 2025] GET /compute/v2.1/servers/f3fec0db-d4fb-486d-b154-ab25af257623 => generated 1276 bytes in 105 msecs (HTTP/1.1 200) 9 headers in 358 bytes (1 switches on core 0)
Oct 10 19:27:12.515203 podb-esxi207 devstack@n-api.service[2788999]: [pid: 2788999|app: 0|req: 25/101] 172.25.66.207 () {64 vars in 1321 bytes} [Fri Oct 10 19:27:12 2025] POST /compute/v2.1/os-server-external-events => generated 183 bytes in 72 msecs (HTTP/1.1 200) 9 headers in 357 bytes (1 switches on core 0)
Oct 10 19:27:12.620833 podb-esxi207 devstack@n-api.service[2788997]: [pid: 2788997|app: 0|req: 25/102] 172.25.66.207 () {58 vars in 1240 bytes} [Fri Oct 10 19:27:12 2025] GET /compute/v2.1/servers/f62f8463-dfa4-45bb-a2cd-bf896a054acf => generated 1562 bytes in 187 msecs (HTTP/1.1 200) 9 headers in 358 bytes (1 switches on core 0)
Oct 10 19:27:12.811254 podb-esxi207 devstack@n-api.service[2788998]: [pid: 2788998|app: 0|req: 27/103] 172.25.66.207 () {58 vars in 1279 bytes} [Fri Oct 10 19:27:12 2025] GET /compute/v2.1/servers/f62f8463-dfa4-45bb-a2cd-bf896a054acf/os-interface => generated 282 bytes in 162 msecs (HTTP/1.1 200) 9 headers in 357 bytes (1 switches on core 0)
Oct 10 19:27:12.917697 podb-esxi207 devstack@n-api.service[2788996]: [pid: 2788996|app: 0|req: 27/104] 172.25.66.207 () {58 vars in 1240 bytes} [Fri Oct 10 19:27:12 2025] GET /compute/v2.1/servers/fe604b31-f8d7-4b09-97dd-8f6be607ef41 => generated 1320 bytes in 157 msecs (HTTP/1.1 200) 9 headers in 358 bytes (1 switches on core 0)
Oct 10 19:27:13.182875 podb-esxi207 devstack@n-api.service[2788999]: [pid: 2788999|app: 0|req: 26/105] 172.25.66.207 () {58 vars in 1240 bytes} [Fri Oct 10 19:27:13 2025] GET /compute/v2.1/servers/d235976b-3775-48df-bcee-3c61d2f15aa8 => generated 1563 bytes in 170 msecs (HTTP/1.1 200) 9 headers in 358 bytes (1 switches on core 0)
Oct 10 19:27:13.356400 podb-esxi207 devstack@n-api.service[2788997]: [pid: 2788997|app: 0|req: 26/106] 172.25.66.207 () {58 vars in 1279 bytes} [Fri Oct 10 19:27:13 2025] GET /compute/v2.1/servers/d235976b-3775-48df-bcee-3c61d2f15aa8/os-interface => generated 282 bytes in 148 msecs (HTTP/1.1 200) 9 headers in 357 bytes (1 switches on core 0)
Oct 10 19:27:13.454851 podb-esxi207 devstack@n-api.service[2788998]: [pid: 2788998|app: 0|req: 28/107] 172.25.66.207 () {58 vars in 1240 bytes} [Fri Oct 10 19:27:13 2025] GET /compute/v2.1/servers/f3fec0db-d4fb-486d-b154-ab25af257623 => generated 1284 bytes in 93 msecs (HTTP/1.1 200) 9 headers in 358 bytes (1 switches on core 0)
Oct 10 19:27:14.035182 podb-esxi207 devstack@n-api.service[2788996]: [pid: 2788996|app: 0|req: 28/108] 172.25.66.207 () {64 vars in 1321 bytes} [Fri Oct 10 19:27:13 2025] POST /compute/v2.1/os-server-external-events => generated 179 bytes in 122 msecs (HTTP/1.1 200) 9 headers in 357 bytes (1 switches on core 0)
Oct 10 19:27:14.110541 podb-esxi207 devstack@n-api.service[2788999]: [pid: 2788999|app: 0|req: 27/109] 172.25.66.207 () {58 vars in 1240 bytes} [Fri Oct 10 19:27:13 2025] GET /compute/v2.1/servers/fe604b31-f8d7-4b09-97dd-8f6be607ef41 => generated 1320 bytes in 166 msecs (HTTP/1.1 200) 9 headers in 358 bytes (1 switches on core 0)
Oct 10 19:27:14.364749 podb-esxi207 devstack@n-api.service[2788997]: [pid: 2788997|app: 0|req: 27/110] 172.25.66.207 () {64 vars in 1321 bytes} [Fri Oct 10 19:27:14 2025] POST /compute/v2.1/os-server-external-events => generated 179 bytes in 91 msecs (HTTP/1.1 200) 9 headers in 357 bytes (1 switches on core 0)
Oct 10 19:27:14.699711 podb-esxi207 devstack@n-api.service[2788998]: [pid: 2788998|app: 0|req: 29/111] 172.25.66.207 () {58 vars in 1240 bytes} [Fri Oct 10 19:27:14 2025] GET /compute/v2.1/servers/f3fec0db-d4fb-486d-b154-ab25af257623 => generated 1326 bytes in 218 msecs (HTTP/1.1 200) 9 headers in 358 bytes (1 switches on core 0)
Oct 10 19:27:14.748242 podb-esxi207 devstack@n-api.service[2788996]: [pid: 2788996|app: 0|req: 29/112] 172.25.66.207 () {64 vars in 1321 bytes} [Fri Oct 10 19:27:14 2025] POST /compute/v2.1/os-server-external-events => generated 179 bytes in 35 msecs (HTTP/1.1 200) 9 headers in 357 bytes (1 switches on core 0)
Oct 10 19:27:15.291602 podb-esxi207 devstack@n-api.service[2788999]: [pid: 2788999|app: 0|req: 28/113] 172.25.66.207 () {58 vars in 1240 bytes} [Fri Oct 10 19:27:15 2025] GET /compute/v2.1/servers/fe604b31-f8d7-4b09-97dd-8f6be607ef41 => generated 1320 bytes in 156 msecs (HTTP/1.1 200) 9 headers in 358 bytes (1 switches on core 0)
Oct 10 19:27:15.868810 podb-esxi207 devstack@n-api.service[2788997]: [pid: 2788997|app: 0|req: 28/114] 172.25.66.207 () {58 vars in 1240 bytes} [Fri Oct 10 19:27:15 2025] GET /compute/v2.1/servers/f3fec0db-d4fb-486d-b154-ab25af257623 => generated 1324 bytes in 144 msecs (HTTP/1.1 200) 9 headers in 358 bytes (1 switches on core 0)
Oct 10 19:27:16.484145 podb-esxi207 devstack@n-api.service[2788998]: [pid: 2788998|app: 0|req: 30/115] 172.25.66.207 () {58 vars in 1240 bytes} [Fri Oct 10 19:27:16 2025] GET /compute/v2.1/servers/fe604b31-f8d7-4b09-97dd-8f6be607ef41 => generated 1502 bytes in 167 msecs (HTTP/1.1 200) 9 headers in 358 bytes (1 switches on core 0)
Oct 10 19:27:17.068568 podb-esxi207 devstack@n-api.service[2788996]: [pid: 2788996|app: 0|req: 30/116] 172.25.66.207 () {58 vars in 1240 bytes} [Fri Oct 10 19:27:16 2025] GET /compute/v2.1/servers/f3fec0db-d4fb-486d-b154-ab25af257623 => generated 1324 bytes in 175 msecs (HTTP/1.1 200) 9 headers in 358 bytes (1 switches on core 0)
Oct 10 19:27:18.238764 podb-esxi207 devstack@n-api.service[2788999]: [pid: 2788999|app: 0|req: 29/117] 172.25.66.207 () {58 vars in 1240 bytes} [Fri Oct 10 19:27:18 2025] GET /compute/v2.1/servers/f3fec0db-d4fb-486d-b154-ab25af257623 => generated 1324 bytes in 144 msecs (HTTP/1.1 200) 9 headers in 358 bytes (1 switches on core 0)
Oct 10 19:27:18.384162 podb-esxi207 devstack@n-api.service[2788997]: [pid: 2788997|app: 0|req: 29/118] 172.25.66.207 () {64 vars in 1321 bytes} [Fri Oct 10 19:27:18 2025] POST /compute/v2.1/os-server-external-events => generated 183 bytes in 86 msecs (HTTP/1.1 200) 9 headers in 357 bytes (1 switches on core 0)
Oct 10 19:27:19.414455 podb-esxi207 devstack@n-api.service[2788998]: [pid: 2788998|app: 0|req: 31/119] 172.25.66.207 () {58 vars in 1240 bytes} [Fri Oct 10 19:27:19 2025] GET /compute/v2.1/servers/f3fec0db-d4fb-486d-b154-ab25af257623 => generated 1324 bytes in 151 msecs (HTTP/1.1 200) 9 headers in 358 bytes (1 switches on core 0)
Oct 10 19:27:20.584435 podb-esxi207 devstack@n-api.service[2788999]: [pid: 2788999|app: 0|req: 30/120] 172.25.66.207 () {58 vars in 1240 bytes} [Fri Oct 10 19:27:20 2025] GET /compute/v2.1/servers/f3fec0db-d4fb-486d-b154-ab25af257623 => generated 1324 bytes in 146 msecs (HTTP/1.1 200) 9 headers in 358 bytes (2 switches on core 0)
Oct 10 19:27:21.802860 podb-esxi207 devstack@n-api.service[2788997]: [pid: 2788997|app: 0|req: 30/121] 172.25.66.207 () {58 vars in 1240 bytes} [Fri Oct 10 19:27:21 2025] GET /compute/v2.1/servers/f3fec0db-d4fb-486d-b154-ab25af257623 => generated 1324 bytes in 194 msecs (HTTP/1.1 200) 9 headers in 358 bytes (1 switches on core 0)
Oct 10 19:27:22.631350 podb-esxi207 devstack@n-api.service[2788996]: [pid: 2788996|app: 0|req: 31/122] 172.25.66.207 () {60 vars in 1327 bytes} [Fri Oct 10 19:27:20 2025] POST /compute/v2.1/servers/fe604b31-f8d7-4b09-97dd-8f6be607ef41/os-volume_attachments => generated 194 bytes in 2382 msecs (HTTP/1.1 200) 9 headers in 357 bytes (1 switches on core 0)
Oct 10 19:27:22.931965 podb-esxi207 devstack@n-api.service[2788998]: [pid: 2788998|app: 0|req: 32/123] 172.25.66.207 () {58 vars in 1240 bytes} [Fri Oct 10 19:27:22 2025] GET /compute/v2.1/servers/f3fec0db-d4fb-486d-b154-ab25af257623 => generated 1507 bytes in 104 msecs (HTTP/1.1 200) 9 headers in 358 bytes (1 switches on core 0)
Oct 10 19:27:27.599850 podb-esxi207 devstack@n-api.service[2788999]: [pid: 2788999|app: 0|req: 31/124] 172.25.66.207 () {60 vars in 1437 bytes} [Fri Oct 10 19:27:27 2025] PUT /compute/v2.1/servers/f3fec0db-d4fb-486d-b154-ab25af257623/os-volume_attachments/5a0915f3-dcc1-4d11-8050-3954856ced0b => generated 109 bytes in 159 msecs (HTTP/1.1 404) 9 headers in 379 bytes (1 switches on core 0)
Oct 10 19:27:32.213174 podb-esxi207 devstack@n-api.service[2788997]: [pid: 2788997|app: 0|req: 31/125] 172.25.66.207 () {58 vars in 1243 bytes} [Fri Oct 10 19:27:31 2025] DELETE /compute/v2.1/servers/f3fec0db-d4fb-486d-b154-ab25af257623 => generated 0 bytes in 267 msecs (HTTP/1.1 204) 9 headers in 363 bytes (1 switches on core 0)
Oct 10 19:27:32.411999 podb-esxi207 devstack@n-api.service[2788996]: [pid: 2788996|app: 0|req: 32/126] 172.25.66.207 () {58 vars in 1240 bytes} [Fri Oct 10 19:27:32 2025] GET /compute/v2.1/servers/f3fec0db-d4fb-486d-b154-ab25af257623 => generated 1513 bytes in 194 msecs (HTTP/1.1 200) 9 headers in 358 bytes (1 switches on core 0)
Oct 10 19:27:32.543051 podb-esxi207 devstack@n-api.service[2788998]: [pid: 2788998|app: 0|req: 33/127] 172.25.66.207 () {58 vars in 1243 bytes} [Fri Oct 10 19:27:32 2025] DELETE /compute/v2.1/servers/fe604b31-f8d7-4b09-97dd-8f6be607ef41 => generated 0 bytes in 188 msecs (HTTP/1.1 204) 9 headers in 363 bytes (1 switches on core 0)
Oct 10 19:27:32.708948 podb-esxi207 devstack@n-api.service[2788999]: [pid: 2788999|app: 0|req: 32/128] 172.25.66.207 () {58 vars in 1240 bytes} [Fri Oct 10 19:27:32 2025] GET /compute/v2.1/servers/fe604b31-f8d7-4b09-97dd-8f6be607ef41 => generated 1554 bytes in 160 msecs (HTTP/1.1 200) 9 headers in 358 bytes (1 switches on core 0)
Oct 10 19:27:33.624997 podb-esxi207 devstack@n-api.service[2788997]: [pid: 2788997|app: 0|req: 32/129] 172.25.66.207 () {58 vars in 1240 bytes} [Fri Oct 10 19:27:33 2025] GET /compute/v2.1/servers/f3fec0db-d4fb-486d-b154-ab25af257623 => generated 1513 bytes in 187 msecs (HTTP/1.1 200) 9 headers in 358 bytes (1 switches on core 0)
Oct 10 19:27:33.873644 podb-esxi207 devstack@n-api.service[2788996]: [pid: 2788996|app: 0|req: 33/130] 172.25.66.207 () {58 vars in 1240 bytes} [Fri Oct 10 19:27:33 2025] GET /compute/v2.1/servers/fe604b31-f8d7-4b09-97dd-8f6be607ef41 => generated 1554 bytes in 140 msecs (HTTP/1.1 200) 9 headers in 358 bytes (1 switches on core 0)
Oct 10 19:27:34.804158 podb-esxi207 devstack@n-api.service[2788998]: [pid: 2788998|app: 0|req: 34/131] 172.25.66.207 () {58 vars in 1240 bytes} [Fri Oct 10 19:27:34 2025] GET /compute/v2.1/servers/f3fec0db-d4fb-486d-b154-ab25af257623 => generated 1513 bytes in 155 msecs (HTTP/1.1 200) 9 headers in 358 bytes (1 switches on core 0)
Oct 10 19:27:35.056011 podb-esxi207 devstack@n-api.service[2788999]: [pid: 2788999|app: 0|req: 33/132] 172.25.66.207 () {58 vars in 1240 bytes} [Fri Oct 10 19:27:34 2025] GET /compute/v2.1/servers/fe604b31-f8d7-4b09-97dd-8f6be607ef41 => generated 1554 bytes in 156 msecs (HTTP/1.1 200) 9 headers in 358 bytes (1 switches on core 0)
Oct 10 19:27:35.314966 podb-esxi207 devstack@n-api.service[2788997]: [pid: 2788997|app: 0|req: 33/133] 172.25.66.207 () {64 vars in 1321 bytes} [Fri Oct 10 19:27:35 2025] POST /compute/v2.1/os-server-external-events => generated 183 bytes in 36 msecs (HTTP/1.1 200) 9 headers in 357 bytes (1 switches on core 0)
Oct 10 19:27:35.734403 podb-esxi207 devstack@n-api.service[2788996]: [pid: 2788996|app: 0|req: 34/134] 172.25.66.207 () {64 vars in 1321 bytes} [Fri Oct 10 19:27:35 2025] POST /compute/v2.1/os-server-external-events => generated 183 bytes in 37 msecs (HTTP/1.1 200) 9 headers in 357 bytes (1 switches on core 0)
Oct 10 19:27:35.912524 podb-esxi207 devstack@n-api.service[2788998]: [pid: 2788998|app: 0|req: 35/135] 172.25.66.207 () {58 vars in 1240 bytes} [Fri Oct 10 19:27:35 2025] GET /compute/v2.1/servers/f3fec0db-d4fb-486d-b154-ab25af257623 => generated 1305 bytes in 92 msecs (HTTP/1.1 200) 9 headers in 358 bytes (1 switches on core 0)
Oct 10 19:27:36.167762 podb-esxi207 devstack@n-api.service[2788999]: [pid: 2788999|app: 0|req: 34/136] 172.25.66.207 () {58 vars in 1240 bytes} [Fri Oct 10 19:27:36 2025] GET /compute/v2.1/servers/fe604b31-f8d7-4b09-97dd-8f6be607ef41 => generated 1347 bytes in 85 msecs (HTTP/1.1 200) 9 headers in 358 bytes (1 switches on core 0)
Oct 10 19:27:37.045226 podb-esxi207 devstack@n-api.service[2788997]: [pid: 2788997|app: 0|req: 34/137] 172.25.66.207 () {58 vars in 1240 bytes} [Fri Oct 10 19:27:36 2025] GET /compute/v2.1/servers/f3fec0db-d4fb-486d-b154-ab25af257623 => generated 1310 bytes in 102 msecs (HTTP/1.1 200) 9 headers in 358 bytes (1 switches on core 0)
Oct 10 19:27:37.300645 podb-esxi207 devstack@n-api.service[2788996]: [pid: 2788996|app: 0|req: 35/138] 172.25.66.207 () {58 vars in 1240 bytes} [Fri Oct 10 19:27:37 2025] GET /compute/v2.1/servers/fe604b31-f8d7-4b09-97dd-8f6be607ef41 => generated 1347 bytes in 108 msecs (HTTP/1.1 200) 9 headers in 358 bytes (1 switches on core 0)
Oct 10 19:27:38.184644 podb-esxi207 devstack@n-api.service[2788998]: [pid: 2788998|app: 0|req: 36/139] 172.25.66.207 () {58 vars in 1240 bytes} [Fri Oct 10 19:27:38 2025] GET /compute/v2.1/servers/f3fec0db-d4fb-486d-b154-ab25af257623 => generated 1310 bytes in 113 msecs (HTTP/1.1 200) 9 headers in 358 bytes (1 switches on core 0)
Oct 10 19:27:38.421278 podb-esxi207 devstack@n-api.service[2788999]: [pid: 2788999|app: 0|req: 35/140] 172.25.66.207 () {58 vars in 1240 bytes} [Fri Oct 10 19:27:38 2025] GET /compute/v2.1/servers/fe604b31-f8d7-4b09-97dd-8f6be607ef41 => generated 1347 bytes in 95 msecs (HTTP/1.1 200) 9 headers in 358 bytes (1 switches on core 0)
Oct 10 19:27:39.247082 podb-esxi207 devstack@n-api.service[2788997]: [pid: 2788997|app: 0|req: 35/141] 172.25.66.207 () {58 vars in 1240 bytes} [Fri Oct 10 19:27:39 2025] GET /compute/v2.1/servers/f3fec0db-d4fb-486d-b154-ab25af257623 => generated 111 bytes in 38 msecs (HTTP/1.1 404) 9 headers in 379 bytes (1 switches on core 0)
Oct 10 19:27:39.532907 podb-esxi207 devstack@n-api.service[2788996]: [pid: 2788996|app: 0|req: 36/142] 172.25.66.207 () {58 vars in 1240 bytes} [Fri Oct 10 19:27:39 2025] GET /compute/v2.1/servers/fe604b31-f8d7-4b09-97dd-8f6be607ef41 => generated 1352 bytes in 79 msecs (HTTP/1.1 200) 9 headers in 358 bytes (1 switches on core 0)
Oct 10 19:27:40.663001 podb-esxi207 devstack@n-api.service[2788998]: [pid: 2788998|app: 0|req: 37/143] 172.25.66.207 () {58 vars in 1240 bytes} [Fri Oct 10 19:27:40 2025] GET /compute/v2.1/servers/fe604b31-f8d7-4b09-97dd-8f6be607ef41 => generated 1352 bytes in 103 msecs (HTTP/1.1 200) 9 headers in 358 bytes (1 switches on core 0)
