Oct 10 19:24:17.932150 podb-esxi207 devstack@placement-api.service[2790476]: DEBUG placement.requestlog [req-a6cae794-0bef-41a6-927c-90c4efc36210 req-20f1b160-b80e-40cc-a755-136fdcc88e3d None None] Starting request: 172.25.66.207 "GET /placement/resource_providers/dd9fbbe5-b16e-461e-867c-59c9f0e624b2/allocations" {{(pid=2790476) __call__ /opt/stack/placement/placement/requestlog.py:55}}
Oct 10 19:24:17.953628 podb-esxi207 devstack@placement-api.service[2790476]: INFO placement.requestlog [req-a6cae794-0bef-41a6-927c-90c4efc36210 req-20f1b160-b80e-40cc-a755-136fdcc88e3d service nova] 172.25.66.207 "GET /placement/resource_providers/dd9fbbe5-b16e-461e-867c-59c9f0e624b2/allocations" status: 200 len: 54 microversion: 1.0
Oct 10 19:24:17.953892 podb-esxi207 devstack@placement-api.service[2790476]: [pid: 2790476|app: 0|req: 33/130] 172.25.66.207 () {58 vars in 1402 bytes} [Fri Oct 10 19:24:17 2025] GET /placement/resource_providers/dd9fbbe5-b16e-461e-867c-59c9f0e624b2/allocations => generated 54 bytes in 23 msecs (HTTP/1.1 200) 6 headers in 223 bytes (1 switches on core 0)
Oct 10 19:24:27.916734 podb-esxi207 devstack@placement-api.service[2790473]: DEBUG dbcounter [-] [2790473] Writing DB stats placement:SELECT=2 {{(pid=2790473) stat_writer /opt/stack/data/venv/lib/python3.10/site-packages/dbcounter.py:115}}
Oct 10 19:24:27.951037 podb-esxi207 devstack@placement-api.service[2790476]: DEBUG dbcounter [-] [2790476] Writing DB stats placement:SELECT=2 {{(pid=2790476) stat_writer /opt/stack/data/venv/lib/python3.10/site-packages/dbcounter.py:115}}
Oct 10 19:25:18.966261 podb-esxi207 devstack@placement-api.service[2790474]: DEBUG placement.requestlog [req-091a5857-4ac3-4c0f-81d8-d0f57aaec33b req-cdd6d9b5-90e4-454c-8774-b274b1005e11 None None] Starting request: 172.25.66.207 "GET /placement/resource_providers/dd9fbbe5-b16e-461e-867c-59c9f0e624b2/allocations" {{(pid=2790474) __call__ /opt/stack/placement/placement/requestlog.py:55}}
Oct 10 19:25:18.990382 podb-esxi207 devstack@placement-api.service[2790474]: INFO placement.requestlog [req-091a5857-4ac3-4c0f-81d8-d0f57aaec33b req-cdd6d9b5-90e4-454c-8774-b274b1005e11 service nova] 172.25.66.207 "GET /placement/resource_providers/dd9fbbe5-b16e-461e-867c-59c9f0e624b2/allocations" status: 200 len: 54 microversion: 1.0
Oct 10 19:25:18.990710 podb-esxi207 devstack@placement-api.service[2790474]: [pid: 2790474|app: 0|req: 33/131] 172.25.66.207 () {58 vars in 1402 bytes} [Fri Oct 10 19:25:18 2025] GET /placement/resource_providers/dd9fbbe5-b16e-461e-867c-59c9f0e624b2/allocations => generated 54 bytes in 26 msecs (HTTP/1.1 200) 6 headers in 223 bytes (1 switches on core 0)
Oct 10 19:25:19.003274 podb-esxi207 devstack@placement-api.service[2790475]: DEBUG placement.requestlog [req-091a5857-4ac3-4c0f-81d8-d0f57aaec33b req-2cb2a191-40bf-4cc1-bf5e-42ea76f2cbeb None None] Starting request: 172.25.66.207 "GET /placement/resource_providers/dd9fbbe5-b16e-461e-867c-59c9f0e624b2/allocations" {{(pid=2790475) __call__ /opt/stack/placement/placement/requestlog.py:55}}
Oct 10 19:25:19.029638 podb-esxi207 devstack@placement-api.service[2790475]: INFO placement.requestlog [req-091a5857-4ac3-4c0f-81d8-d0f57aaec33b req-2cb2a191-40bf-4cc1-bf5e-42ea76f2cbeb service nova] 172.25.66.207 "GET /placement/resource_providers/dd9fbbe5-b16e-461e-867c-59c9f0e624b2/allocations" status: 200 len: 54 microversion: 1.0
Oct 10 19:25:19.030197 podb-esxi207 devstack@placement-api.service[2790475]: [pid: 2790475|app: 0|req: 34/132] 172.25.66.207 () {58 vars in 1402 bytes} [Fri Oct 10 19:25:19 2025] GET /placement/resource_providers/dd9fbbe5-b16e-461e-867c-59c9f0e624b2/allocations => generated 54 bytes in 28 msecs (HTTP/1.1 200) 6 headers in 223 bytes (1 switches on core 0)
Oct 10 19:25:28.987394 podb-esxi207 devstack@placement-api.service[2790474]: DEBUG dbcounter [-] [2790474] Writing DB stats placement:SELECT=2 {{(pid=2790474) stat_writer /opt/stack/data/venv/lib/python3.10/site-packages/dbcounter.py:115}}
Oct 10 19:25:29.026648 podb-esxi207 devstack@placement-api.service[2790475]: DEBUG dbcounter [-] [2790475] Writing DB stats placement:SELECT=2 {{(pid=2790475) stat_writer /opt/stack/data/venv/lib/python3.10/site-packages/dbcounter.py:115}}
Oct 10 19:26:20.863897 podb-esxi207 devstack@placement-api.service[2790473]: DEBUG placement.requestlog [req-f848c9bb-d382-4888-9d51-9f8ecc05197c req-cd8b05fa-56e4-4782-946c-837dbb62dc03 None None] Starting request: 172.25.66.207 "GET /placement/resource_providers/dd9fbbe5-b16e-461e-867c-59c9f0e624b2/allocations" {{(pid=2790473) __call__ /opt/stack/placement/placement/requestlog.py:55}}
Oct 10 19:26:20.890963 podb-esxi207 devstack@placement-api.service[2790473]: INFO placement.requestlog [req-f848c9bb-d382-4888-9d51-9f8ecc05197c req-cd8b05fa-56e4-4782-946c-837dbb62dc03 service nova] 172.25.66.207 "GET /placement/resource_providers/dd9fbbe5-b16e-461e-867c-59c9f0e624b2/allocations" status: 200 len: 54 microversion: 1.0
Oct 10 19:26:20.891520 podb-esxi207 devstack@placement-api.service[2790473]: [pid: 2790473|app: 0|req: 33/133] 172.25.66.207 () {58 vars in 1402 bytes} [Fri Oct 10 19:26:20 2025] GET /placement/resource_providers/dd9fbbe5-b16e-461e-867c-59c9f0e624b2/allocations => generated 54 bytes in 28 msecs (HTTP/1.1 200) 6 headers in 223 bytes (1 switches on core 0)
Oct 10 19:26:20.903822 podb-esxi207 devstack@placement-api.service[2790476]: DEBUG placement.requestlog [req-f848c9bb-d382-4888-9d51-9f8ecc05197c req-84945b46-0697-4ab0-8bdb-53bc2aa58733 None None] Starting request: 172.25.66.207 "GET /placement/resource_providers/dd9fbbe5-b16e-461e-867c-59c9f0e624b2/allocations" {{(pid=2790476) __call__ /opt/stack/placement/placement/requestlog.py:55}}
Oct 10 19:26:20.929561 podb-esxi207 devstack@placement-api.service[2790476]: INFO placement.requestlog [req-f848c9bb-d382-4888-9d51-9f8ecc05197c req-84945b46-0697-4ab0-8bdb-53bc2aa58733 service nova] 172.25.66.207 "GET /placement/resource_providers/dd9fbbe5-b16e-461e-867c-59c9f0e624b2/allocations" status: 200 len: 54 microversion: 1.0
Oct 10 19:26:20.930049 podb-esxi207 devstack@placement-api.service[2790476]: [pid: 2790476|app: 0|req: 34/134] 172.25.66.207 () {58 vars in 1402 bytes} [Fri Oct 10 19:26:20 2025] GET /placement/resource_providers/dd9fbbe5-b16e-461e-867c-59c9f0e624b2/allocations => generated 54 bytes in 27 msecs (HTTP/1.1 200) 6 headers in 223 bytes (1 switches on core 0)
Oct 10 19:26:30.887385 podb-esxi207 devstack@placement-api.service[2790473]: DEBUG dbcounter [-] [2790473] Writing DB stats placement:SELECT=2 {{(pid=2790473) stat_writer /opt/stack/data/venv/lib/python3.10/site-packages/dbcounter.py:115}}
Oct 10 19:26:30.926579 podb-esxi207 devstack@placement-api.service[2790476]: DEBUG dbcounter [-] [2790476] Writing DB stats placement:SELECT=2 {{(pid=2790476) stat_writer /opt/stack/data/venv/lib/python3.10/site-packages/dbcounter.py:115}}
Oct 10 19:26:52.117898 podb-esxi207 devstack@placement-api.service[2790474]: DEBUG placement.requestlog [None req-0e920b74-1113-4371-be1a-87078d7d0a2a None None] Starting request: 172.25.66.207 "GET /placement/resource_providers/dd621f56-b4d5-4c24-af87-2818280beb12/aggregates" {{(pid=2790474) __call__ /opt/stack/placement/placement/requestlog.py:55}}
Oct 10 19:26:52.179965 podb-esxi207 devstack@placement-api.service[2790474]: INFO placement.requestlog [None req-0e920b74-1113-4371-be1a-87078d7d0a2a service placement] 172.25.66.207 "GET /placement/resource_providers/dd621f56-b4d5-4c24-af87-2818280beb12/aggregates" status: 404 len: 235 microversion: 1.1
Oct 10 19:26:52.180390 podb-esxi207 devstack@placement-api.service[2790474]: [pid: 2790474|app: 0|req: 34/135] 172.25.66.207 () {58 vars in 1373 bytes} [Fri Oct 10 19:26:52 2025] GET /placement/resource_providers/dd621f56-b4d5-4c24-af87-2818280beb12/aggregates => generated 235 bytes in 63 msecs (HTTP/1.1 404) 5 headers in 202 bytes (1 switches on core 0)
Oct 10 19:26:52.201028 podb-esxi207 devstack@placement-api.service[2790475]: DEBUG placement.requestlog [None req-1c40c92c-7379-44f1-9f04-95617f86d90c None None] Starting request: 172.25.66.207 "DELETE /placement/resource_providers/dd621f56-b4d5-4c24-af87-2818280beb12" {{(pid=2790475) __call__ /opt/stack/placement/placement/requestlog.py:55}}
Oct 10 19:26:52.220468 podb-esxi207 devstack@placement-api.service[2790475]: DEBUG placement.wsgi_wrapper [None req-1c40c92c-7379-44f1-9f04-95617f86d90c service placement] Placement API returning an error response: No resource provider with uuid dd621f56-b4d5-4c24-af87-2818280beb12 found for delete {{(pid=2790475) call_func /opt/stack/placement/placement/wsgi_wrapper.py:31}}
Oct 10 19:26:52.221887 podb-esxi207 devstack@placement-api.service[2790475]: INFO placement.requestlog [None req-1c40c92c-7379-44f1-9f04-95617f86d90c service placement] 172.25.66.207 "DELETE /placement/resource_providers/dd621f56-b4d5-4c24-af87-2818280beb12" status: 404 len: 246 microversion: 1.1
Oct 10 19:26:52.222410 podb-esxi207 devstack@placement-api.service[2790475]: [pid: 2790475|app: 0|req: 35/136] 172.25.66.207 () {60 vars in 1362 bytes} [Fri Oct 10 19:26:52 2025] DELETE /placement/resource_providers/dd621f56-b4d5-4c24-af87-2818280beb12 => generated 246 bytes in 22 msecs (HTTP/1.1 404) 6 headers in 231 bytes (1 switches on core 0)
Oct 10 19:26:52.289325 podb-esxi207 devstack@placement-api.service[2790473]: DEBUG placement.requestlog [None req-9856d034-c5c5-44c7-9e37-5cee730a7aca None None] Starting request: 172.25.66.207 "GET /placement/resource_providers/f2b38875-edf6-429a-9dd5-2ac4bd4a9878/aggregates" {{(pid=2790473) __call__ /opt/stack/placement/placement/requestlog.py:55}}
Oct 10 19:26:52.348641 podb-esxi207 devstack@placement-api.service[2790473]: INFO placement.requestlog [None req-9856d034-c5c5-44c7-9e37-5cee730a7aca service placement] 172.25.66.207 "GET /placement/resource_providers/f2b38875-edf6-429a-9dd5-2ac4bd4a9878/aggregates" status: 404 len: 235 microversion: 1.1
Oct 10 19:26:52.348948 podb-esxi207 devstack@placement-api.service[2790473]: [pid: 2790473|app: 0|req: 34/137] 172.25.66.207 () {58 vars in 1373 bytes} [Fri Oct 10 19:26:52 2025] GET /placement/resource_providers/f2b38875-edf6-429a-9dd5-2ac4bd4a9878/aggregates => generated 235 bytes in 61 msecs (HTTP/1.1 404) 5 headers in 202 bytes (1 switches on core 0)
Oct 10 19:26:52.357525 podb-esxi207 devstack@placement-api.service[2790476]: DEBUG placement.requestlog [None req-2a59a054-0267-4c63-af4c-1973aaa0856e None None] Starting request: 172.25.66.207 "DELETE /placement/resource_providers/f2b38875-edf6-429a-9dd5-2ac4bd4a9878" {{(pid=2790476) __call__ /opt/stack/placement/placement/requestlog.py:55}}
Oct 10 19:26:52.372641 podb-esxi207 devstack@placement-api.service[2790476]: DEBUG placement.wsgi_wrapper [None req-2a59a054-0267-4c63-af4c-1973aaa0856e service placement] Placement API returning an error response: No resource provider with uuid f2b38875-edf6-429a-9dd5-2ac4bd4a9878 found for delete {{(pid=2790476) call_func /opt/stack/placement/placement/wsgi_wrapper.py:31}}
Oct 10 19:26:52.373754 podb-esxi207 devstack@placement-api.service[2790476]: INFO placement.requestlog [None req-2a59a054-0267-4c63-af4c-1973aaa0856e service placement] 172.25.66.207 "DELETE /placement/resource_providers/f2b38875-edf6-429a-9dd5-2ac4bd4a9878" status: 404 len: 246 microversion: 1.1
Oct 10 19:26:52.374101 podb-esxi207 devstack@placement-api.service[2790476]: [pid: 2790476|app: 0|req: 35/138] 172.25.66.207 () {60 vars in 1362 bytes} [Fri Oct 10 19:26:52 2025] DELETE /placement/resource_providers/f2b38875-edf6-429a-9dd5-2ac4bd4a9878 => generated 246 bytes in 17 msecs (HTTP/1.1 404) 6 headers in 231 bytes (1 switches on core 0)
Oct 10 19:26:54.013729 podb-esxi207 devstack@placement-api.service[2790474]: DEBUG placement.requestlog [req-32d9537a-d0fb-448b-8d59-396365148e1a req-220c46c0-1089-46f1-a734-ddaf5114af54 None None] Starting request: 172.25.66.207 "GET /placement/allocation_candidates?limit=1000&resources=DISK_GB%3A1%2CMEMORY_MB%3A192%2CVCPU%3A1&root_required=%21COMPUTE_STATUS_DISABLED" {{(pid=2790474) __call__ /opt/stack/placement/placement/requestlog.py:55}}
Oct 10 19:26:54.126324 podb-esxi207 devstack@placement-api.service[2790474]: DEBUG placement.objects.research_context [req-32d9537a-d0fb-448b-8d59-396365148e1a req-220c46c0-1089-46f1-a734-ddaf5114af54 service nova] getting providers with 1 DISK_GB {{(pid=2790474) __init__ /opt/stack/placement/placement/objects/research_context.py:137}}
Oct 10 19:26:54.135055 podb-esxi207 devstack@placement-api.service[2790474]: DEBUG placement.objects.research_context [req-32d9537a-d0fb-448b-8d59-396365148e1a req-220c46c0-1089-46f1-a734-ddaf5114af54 service nova] getting providers with 192 MEMORY_MB {{(pid=2790474) __init__ /opt/stack/placement/placement/objects/research_context.py:137}}
Oct 10 19:26:54.139138 podb-esxi207 devstack@placement-api.service[2790474]: DEBUG placement.objects.research_context [req-32d9537a-d0fb-448b-8d59-396365148e1a req-220c46c0-1089-46f1-a734-ddaf5114af54 service nova] getting providers with 1 VCPU {{(pid=2790474) __init__ /opt/stack/placement/placement/objects/research_context.py:137}}
Oct 10 19:26:54.143464 podb-esxi207 devstack@placement-api.service[2790474]: DEBUG placement.objects.research_context [req-32d9537a-d0fb-448b-8d59-396365148e1a req-220c46c0-1089-46f1-a734-ddaf5114af54 service nova] found 1 providers with available 1 DISK_GB {{(pid=2790474) get_provider_ids_matching /opt/stack/placement/placement/objects/research_context.py:569}}
Oct 10 19:26:54.144002 podb-esxi207 devstack@placement-api.service[2790474]: DEBUG placement.objects.research_context [req-32d9537a-d0fb-448b-8d59-396365148e1a req-220c46c0-1089-46f1-a734-ddaf5114af54 service nova] found 1 providers with available 192 MEMORY_MB {{(pid=2790474) get_provider_ids_matching /opt/stack/placement/placement/objects/research_context.py:569}}
Oct 10 19:26:54.144002 podb-esxi207 devstack@placement-api.service[2790474]: DEBUG placement.objects.research_context [req-32d9537a-d0fb-448b-8d59-396365148e1a req-220c46c0-1089-46f1-a734-ddaf5114af54 service nova] found 1 providers after filtering by previous result {{(pid=2790474) get_provider_ids_matching /opt/stack/placement/placement/objects/research_context.py:600}}
Oct 10 19:26:54.144002 podb-esxi207 devstack@placement-api.service[2790474]: DEBUG placement.objects.research_context [req-32d9537a-d0fb-448b-8d59-396365148e1a req-220c46c0-1089-46f1-a734-ddaf5114af54 service nova] found 1 providers with available 1 VCPU {{(pid=2790474) get_provider_ids_matching /opt/stack/placement/placement/objects/research_context.py:569}}
Oct 10 19:26:54.144002 podb-esxi207 devstack@placement-api.service[2790474]: DEBUG placement.objects.research_context [req-32d9537a-d0fb-448b-8d59-396365148e1a req-220c46c0-1089-46f1-a734-ddaf5114af54 service nova] found 1 providers after filtering by previous result {{(pid=2790474) get_provider_ids_matching /opt/stack/placement/placement/objects/research_context.py:600}}
Oct 10 19:26:54.155444 podb-esxi207 devstack@placement-api.service[2790474]: DEBUG placement.objects.allocation_candidate [req-32d9537a-d0fb-448b-8d59-396365148e1a req-220c46c0-1089-46f1-a734-ddaf5114af54 service nova] RequestGroup(use_same_provider=False, resources={DISK_GB:1, MEMORY_MB:192, VCPU:1}, traits=(), aggregates=[]) (suffix '') returned 1 matches {{(pid=2790474) _get_by_requests /opt/stack/placement/placement/objects/allocation_candidate.py:157}}
Oct 10 19:26:54.155762 podb-esxi207 devstack@placement-api.service[2790474]: DEBUG placement.objects.allocation_candidate [req-32d9537a-d0fb-448b-8d59-396365148e1a req-220c46c0-1089-46f1-a734-ddaf5114af54 service nova] Merging candidates yields 1 allocation requests and 1 provider summaries {{(pid=2790474) _merge_candidates /opt/stack/placement/placement/objects/allocation_candidate.py:841}}
Oct 10 19:26:54.158170 podb-esxi207 devstack@placement-api.service[2790474]: INFO placement.requestlog [req-32d9537a-d0fb-448b-8d59-396365148e1a req-220c46c0-1089-46f1-a734-ddaf5114af54 service nova] 172.25.66.207 "GET /placement/allocation_candidates?limit=1000&resources=DISK_GB%3A1%2CMEMORY_MB%3A192%2CVCPU%3A1&root_required=%21COMPUTE_STATUS_DISABLED" status: 200 len: 2155 microversion: 1.36
Oct 10 19:26:54.158446 podb-esxi207 devstack@placement-api.service[2790474]: [pid: 2790474|app: 0|req: 35/139] 172.25.66.207 () {60 vars in 1515 bytes} [Fri Oct 10 19:26:54 2025] GET /placement/allocation_candidates?limit=1000&resources=DISK_GB%3A1%2CMEMORY_MB%3A192%2CVCPU%3A1&root_required=%21COMPUTE_STATUS_DISABLED => generated 2155 bytes in 145 msecs (HTTP/1.1 200) 8 headers in 297 bytes (1 switches on core 0)
Oct 10 19:26:54.243411 podb-esxi207 devstack@placement-api.service[2790475]: DEBUG placement.requestlog [None req-55c6d650-5aa2-4665-a483-86e3357f9520 None None] Starting request: 172.25.66.207 "GET /placement/resource_providers/6e558e65-3a05-4cc3-a329-b161790c0ce3/aggregates" {{(pid=2790475) __call__ /opt/stack/placement/placement/requestlog.py:55}}
Oct 10 19:26:54.261281 podb-esxi207 devstack@placement-api.service[2790475]: INFO placement.requestlog [None req-55c6d650-5aa2-4665-a483-86e3357f9520 service placement] 172.25.66.207 "GET /placement/resource_providers/6e558e65-3a05-4cc3-a329-b161790c0ce3/aggregates" status: 404 len: 235 microversion: 1.1
Oct 10 19:26:54.261646 podb-esxi207 devstack@placement-api.service[2790475]: [pid: 2790475|app: 0|req: 36/140] 172.25.66.207 () {58 vars in 1373 bytes} [Fri Oct 10 19:26:54 2025] GET /placement/resource_providers/6e558e65-3a05-4cc3-a329-b161790c0ce3/aggregates => generated 235 bytes in 19 msecs (HTTP/1.1 404) 5 headers in 202 bytes (1 switches on core 0)
Oct 10 19:26:54.267447 podb-esxi207 devstack@placement-api.service[2790473]: DEBUG placement.requestlog [None req-a337494f-c981-4660-b911-89e6ae4ac03b None None] Starting request: 172.25.66.207 "DELETE /placement/resource_providers/6e558e65-3a05-4cc3-a329-b161790c0ce3" {{(pid=2790473) __call__ /opt/stack/placement/placement/requestlog.py:55}}
Oct 10 19:26:54.274146 podb-esxi207 devstack@placement-api.service[2790476]: DEBUG placement.requestlog [req-32d9537a-d0fb-448b-8d59-396365148e1a req-68b26b33-04ff-464b-a53a-809e92a88639 None None] Starting request: 172.25.66.207 "GET /placement/allocations/f62f8463-dfa4-45bb-a2cd-bf896a054acf" {{(pid=2790476) __call__ /opt/stack/placement/placement/requestlog.py:55}}
Oct 10 19:26:54.282717 podb-esxi207 devstack@placement-api.service[2790473]: DEBUG placement.wsgi_wrapper [None req-a337494f-c981-4660-b911-89e6ae4ac03b service placement] Placement API returning an error response: No resource provider with uuid 6e558e65-3a05-4cc3-a329-b161790c0ce3 found for delete {{(pid=2790473) call_func /opt/stack/placement/placement/wsgi_wrapper.py:31}}
Oct 10 19:26:54.283595 podb-esxi207 devstack@placement-api.service[2790473]: INFO placement.requestlog [None req-a337494f-c981-4660-b911-89e6ae4ac03b service placement] 172.25.66.207 "DELETE /placement/resource_providers/6e558e65-3a05-4cc3-a329-b161790c0ce3" status: 404 len: 246 microversion: 1.1
Oct 10 19:26:54.283854 podb-esxi207 devstack@placement-api.service[2790473]: [pid: 2790473|app: 0|req: 35/141] 172.25.66.207 () {60 vars in 1362 bytes} [Fri Oct 10 19:26:54 2025] DELETE /placement/resource_providers/6e558e65-3a05-4cc3-a329-b161790c0ce3 => generated 246 bytes in 17 msecs (HTTP/1.1 404) 6 headers in 231 bytes (1 switches on core 0)
Oct 10 19:26:54.296735 podb-esxi207 devstack@placement-api.service[2790476]: INFO placement.requestlog [req-32d9537a-d0fb-448b-8d59-396365148e1a req-68b26b33-04ff-464b-a53a-809e92a88639 service nova] 172.25.66.207 "GET /placement/allocations/f62f8463-dfa4-45bb-a2cd-bf896a054acf" status: 200 len: 19 microversion: 1.28
Oct 10 19:26:54.297155 podb-esxi207 devstack@placement-api.service[2790476]: [pid: 2790476|app: 0|req: 36/142] 172.25.66.207 () {60 vars in 1391 bytes} [Fri Oct 10 19:26:54 2025] GET /placement/allocations/f62f8463-dfa4-45bb-a2cd-bf896a054acf => generated 19 bytes in 24 msecs (HTTP/1.1 200) 8 headers in 295 bytes (1 switches on core 0)
Oct 10 19:26:54.306852 podb-esxi207 devstack@placement-api.service[2790474]: DEBUG placement.requestlog [req-32d9537a-d0fb-448b-8d59-396365148e1a req-6b7542b9-f39e-49ce-b874-2e3cf1728695 None None] Starting request: 172.25.66.207 "PUT /placement/allocations/f62f8463-dfa4-45bb-a2cd-bf896a054acf" {{(pid=2790474) __call__ /opt/stack/placement/placement/requestlog.py:55}}
Oct 10 19:26:54.382724 podb-esxi207 devstack@placement-api.service[2790474]: DEBUG placement.handlers.allocation [req-32d9537a-d0fb-448b-8d59-396365148e1a req-6b7542b9-f39e-49ce-b874-2e3cf1728695 service nova] Successfully wrote allocations [<placement.objects.allocation.Allocation object at 0x7ffac0b3b3a0>, <placement.objects.allocation.Allocation object at 0x7ffac0b390f0>, <placement.objects.allocation.Allocation object at 0x7ffac0b38280>] {{(pid=2790474) _update_consumers_and_create_allocations /opt/stack/placement/placement/handlers/allocation.py:462}}
Oct 10 19:26:54.385344 podb-esxi207 devstack@placement-api.service[2790474]: INFO placement.requestlog [req-32d9537a-d0fb-448b-8d59-396365148e1a req-6b7542b9-f39e-49ce-b874-2e3cf1728695 service nova] 172.25.66.207 "PUT /placement/allocations/f62f8463-dfa4-45bb-a2cd-bf896a054acf" status: 204 len: 0 microversion: 1.36
Oct 10 19:26:54.385812 podb-esxi207 devstack@placement-api.service[2790474]: [pid: 2790474|app: 0|req: 36/143] 172.25.66.207 () {64 vars in 1444 bytes} [Fri Oct 10 19:26:54 2025] PUT /placement/allocations/f62f8463-dfa4-45bb-a2cd-bf896a054acf => generated 0 bytes in 80 msecs (HTTP/1.1 204) 5 headers in 199 bytes (1 switches on core 0)
Oct 10 19:26:54.389299 podb-esxi207 devstack@placement-api.service[2790475]: DEBUG placement.requestlog [None req-a007a026-6238-446a-bff8-12e20bc36d9b None None] Starting request: 172.25.66.207 "GET /placement/resource_providers/7e38708b-1426-477c-9847-aee440cf9550/aggregates" {{(pid=2790475) __call__ /opt/stack/placement/placement/requestlog.py:55}}
Oct 10 19:26:54.675285 podb-esxi207 devstack@placement-api.service[2790475]: INFO placement.requestlog [None req-a007a026-6238-446a-bff8-12e20bc36d9b service placement] 172.25.66.207 "GET /placement/resource_providers/7e38708b-1426-477c-9847-aee440cf9550/aggregates" status: 404 len: 235 microversion: 1.1
Oct 10 19:26:54.675765 podb-esxi207 devstack@placement-api.service[2790475]: [pid: 2790475|app: 0|req: 37/144] 172.25.66.207 () {58 vars in 1373 bytes} [Fri Oct 10 19:26:54 2025] GET /placement/resource_providers/7e38708b-1426-477c-9847-aee440cf9550/aggregates => generated 235 bytes in 287 msecs (HTTP/1.1 404) 5 headers in 202 bytes (1 switches on core 0)
Oct 10 19:26:54.709476 podb-esxi207 devstack@placement-api.service[2790473]: DEBUG placement.requestlog [None req-dd96689d-8d1c-4911-be2a-9203441f91fd None None] Starting request: 172.25.66.207 "DELETE /placement/resource_providers/7e38708b-1426-477c-9847-aee440cf9550" {{(pid=2790473) __call__ /opt/stack/placement/placement/requestlog.py:55}}
Oct 10 19:26:54.726652 podb-esxi207 devstack@placement-api.service[2790473]: DEBUG placement.wsgi_wrapper [None req-dd96689d-8d1c-4911-be2a-9203441f91fd service placement] Placement API returning an error response: No resource provider with uuid 7e38708b-1426-477c-9847-aee440cf9550 found for delete {{(pid=2790473) call_func /opt/stack/placement/placement/wsgi_wrapper.py:31}}
Oct 10 19:26:54.727885 podb-esxi207 devstack@placement-api.service[2790473]: INFO placement.requestlog [None req-dd96689d-8d1c-4911-be2a-9203441f91fd service placement] 172.25.66.207 "DELETE /placement/resource_providers/7e38708b-1426-477c-9847-aee440cf9550" status: 404 len: 246 microversion: 1.1
Oct 10 19:26:54.728459 podb-esxi207 devstack@placement-api.service[2790473]: [pid: 2790473|app: 0|req: 36/145] 172.25.66.207 () {60 vars in 1362 bytes} [Fri Oct 10 19:26:54 2025] DELETE /placement/resource_providers/7e38708b-1426-477c-9847-aee440cf9550 => generated 246 bytes in 20 msecs (HTTP/1.1 404) 6 headers in 231 bytes (1 switches on core 0)
Oct 10 19:26:55.986473 podb-esxi207 devstack@placement-api.service[2790476]: DEBUG placement.requestlog [req-32d9537a-d0fb-448b-8d59-396365148e1a req-426cc200-e0e0-464e-ac22-e8e820866013 None None] Starting request: 172.25.66.207 "GET /placement/allocations/f62f8463-dfa4-45bb-a2cd-bf896a054acf" {{(pid=2790476) __call__ /opt/stack/placement/placement/requestlog.py:55}}
Oct 10 19:26:56.011968 podb-esxi207 devstack@placement-api.service[2790476]: INFO placement.requestlog [req-32d9537a-d0fb-448b-8d59-396365148e1a req-426cc200-e0e0-464e-ac22-e8e820866013 service nova] 172.25.66.207 "GET /placement/allocations/f62f8463-dfa4-45bb-a2cd-bf896a054acf" status: 200 len: 257 microversion: 1.28
Oct 10 19:26:56.012409 podb-esxi207 devstack@placement-api.service[2790476]: [pid: 2790476|app: 0|req: 37/146] 172.25.66.207 () {60 vars in 1389 bytes} [Fri Oct 10 19:26:55 2025] GET /placement/allocations/f62f8463-dfa4-45bb-a2cd-bf896a054acf => generated 257 bytes in 27 msecs (HTTP/1.1 200) 8 headers in 296 bytes (1 switches on core 0)
Oct 10 19:26:56.118959 podb-esxi207 devstack@placement-api.service[2790474]: DEBUG placement.requestlog [None req-5b7683c6-69dc-4e16-87bd-d48eec4322c1 None None] Starting request: 172.25.66.207 "GET /placement/resource_providers/328b73ea-13fa-4b0c-a6d2-f5cd0d58b424/aggregates" {{(pid=2790474) __call__ /opt/stack/placement/placement/requestlog.py:55}}
Oct 10 19:26:56.130783 podb-esxi207 devstack@placement-api.service[2790474]: INFO placement.requestlog [None req-5b7683c6-69dc-4e16-87bd-d48eec4322c1 service placement] 172.25.66.207 "GET /placement/resource_providers/328b73ea-13fa-4b0c-a6d2-f5cd0d58b424/aggregates" status: 404 len: 235 microversion: 1.1
Oct 10 19:26:56.131058 podb-esxi207 devstack@placement-api.service[2790474]: [pid: 2790474|app: 0|req: 37/147] 172.25.66.207 () {58 vars in 1373 bytes} [Fri Oct 10 19:26:56 2025] GET /placement/resource_providers/328b73ea-13fa-4b0c-a6d2-f5cd0d58b424/aggregates => generated 235 bytes in 13 msecs (HTTP/1.1 404) 5 headers in 202 bytes (2 switches on core 0)
Oct 10 19:26:56.136660 podb-esxi207 devstack@placement-api.service[2790475]: DEBUG placement.requestlog [None req-69a98758-5855-44c6-bec5-caf081cabc53 None None] Starting request: 172.25.66.207 "DELETE /placement/resource_providers/328b73ea-13fa-4b0c-a6d2-f5cd0d58b424" {{(pid=2790475) __call__ /opt/stack/placement/placement/requestlog.py:55}}
Oct 10 19:26:56.150578 podb-esxi207 devstack@placement-api.service[2790475]: DEBUG placement.wsgi_wrapper [None req-69a98758-5855-44c6-bec5-caf081cabc53 service placement] Placement API returning an error response: No resource provider with uuid 328b73ea-13fa-4b0c-a6d2-f5cd0d58b424 found for delete {{(pid=2790475) call_func /opt/stack/placement/placement/wsgi_wrapper.py:31}}
Oct 10 19:26:56.151510 podb-esxi207 devstack@placement-api.service[2790475]: INFO placement.requestlog [None req-69a98758-5855-44c6-bec5-caf081cabc53 service placement] 172.25.66.207 "DELETE /placement/resource_providers/328b73ea-13fa-4b0c-a6d2-f5cd0d58b424" status: 404 len: 246 microversion: 1.1
Oct 10 19:26:56.151747 podb-esxi207 devstack@placement-api.service[2790475]: [pid: 2790475|app: 0|req: 38/148] 172.25.66.207 () {60 vars in 1362 bytes} [Fri Oct 10 19:26:56 2025] DELETE /placement/resource_providers/328b73ea-13fa-4b0c-a6d2-f5cd0d58b424 => generated 246 bytes in 16 msecs (HTTP/1.1 404) 6 headers in 231 bytes (1 switches on core 0)
Oct 10 19:26:56.240582 podb-esxi207 devstack@placement-api.service[2790473]: DEBUG placement.requestlog [req-cd1692de-eefd-49a0-b1ef-668fc47e7239 req-1aea0f71-cf22-43a2-a30e-e9a82e2e61ac None None] Starting request: 172.25.66.207 "GET /placement/allocation_candidates?limit=1000&resources=DISK_GB%3A1%2CMEMORY_MB%3A192%2CVCPU%3A1&root_required=%21COMPUTE_STATUS_DISABLED" {{(pid=2790473) __call__ /opt/stack/placement/placement/requestlog.py:55}}
Oct 10 19:26:56.291246 podb-esxi207 devstack@placement-api.service[2790476]: DEBUG placement.requestlog [None req-581d5015-37dc-44ce-8db2-d6bc080abba3 None None] Starting request: 172.25.66.207 "GET /placement/resource_providers/626652a3-1f7b-43cd-a5b7-6268ae62fab5/aggregates" {{(pid=2790476) __call__ /opt/stack/placement/placement/requestlog.py:55}}
Oct 10 19:26:56.298332 podb-esxi207 devstack@placement-api.service[2790473]: DEBUG placement.objects.research_context [req-cd1692de-eefd-49a0-b1ef-668fc47e7239 req-1aea0f71-cf22-43a2-a30e-e9a82e2e61ac service nova] getting providers with 1 DISK_GB {{(pid=2790473) __init__ /opt/stack/placement/placement/objects/research_context.py:137}}
Oct 10 19:26:56.307925 podb-esxi207 devstack@placement-api.service[2790476]: INFO placement.requestlog [None req-581d5015-37dc-44ce-8db2-d6bc080abba3 service placement] 172.25.66.207 "GET /placement/resource_providers/626652a3-1f7b-43cd-a5b7-6268ae62fab5/aggregates" status: 404 len: 235 microversion: 1.1
Oct 10 19:26:56.308454 podb-esxi207 devstack@placement-api.service[2790476]: [pid: 2790476|app: 0|req: 38/149] 172.25.66.207 () {58 vars in 1373 bytes} [Fri Oct 10 19:26:56 2025] GET /placement/resource_providers/626652a3-1f7b-43cd-a5b7-6268ae62fab5/aggregates => generated 235 bytes in 18 msecs (HTTP/1.1 404) 5 headers in 202 bytes (1 switches on core 0)
Oct 10 19:26:56.308821 podb-esxi207 devstack@placement-api.service[2790473]: DEBUG placement.objects.research_context [req-cd1692de-eefd-49a0-b1ef-668fc47e7239 req-1aea0f71-cf22-43a2-a30e-e9a82e2e61ac service nova] getting providers with 192 MEMORY_MB {{(pid=2790473) __init__ /opt/stack/placement/placement/objects/research_context.py:137}}
Oct 10 19:26:56.313302 podb-esxi207 devstack@placement-api.service[2790473]: DEBUG placement.objects.research_context [req-cd1692de-eefd-49a0-b1ef-668fc47e7239 req-1aea0f71-cf22-43a2-a30e-e9a82e2e61ac service nova] getting providers with 1 VCPU {{(pid=2790473) __init__ /opt/stack/placement/placement/objects/research_context.py:137}}
Oct 10 19:26:56.317578 podb-esxi207 devstack@placement-api.service[2790473]: DEBUG placement.objects.research_context [req-cd1692de-eefd-49a0-b1ef-668fc47e7239 req-1aea0f71-cf22-43a2-a30e-e9a82e2e61ac service nova] found 1 providers with available 1 DISK_GB {{(pid=2790473) get_provider_ids_matching /opt/stack/placement/placement/objects/research_context.py:569}}
Oct 10 19:26:56.317887 podb-esxi207 devstack@placement-api.service[2790473]: DEBUG placement.objects.research_context [req-cd1692de-eefd-49a0-b1ef-668fc47e7239 req-1aea0f71-cf22-43a2-a30e-e9a82e2e61ac service nova] found 1 providers with available 192 MEMORY_MB {{(pid=2790473) get_provider_ids_matching /opt/stack/placement/placement/objects/research_context.py:569}}
Oct 10 19:26:56.318025 podb-esxi207 devstack@placement-api.service[2790473]: DEBUG placement.objects.research_context [req-cd1692de-eefd-49a0-b1ef-668fc47e7239 req-1aea0f71-cf22-43a2-a30e-e9a82e2e61ac service nova] found 1 providers after filtering by previous result {{(pid=2790473) get_provider_ids_matching /opt/stack/placement/placement/objects/research_context.py:600}}
Oct 10 19:26:56.318132 podb-esxi207 devstack@placement-api.service[2790473]: DEBUG placement.objects.research_context [req-cd1692de-eefd-49a0-b1ef-668fc47e7239 req-1aea0f71-cf22-43a2-a30e-e9a82e2e61ac service nova] found 1 providers with available 1 VCPU {{(pid=2790473) get_provider_ids_matching /opt/stack/placement/placement/objects/research_context.py:569}}
Oct 10 19:26:56.318229 podb-esxi207 devstack@placement-api.service[2790473]: DEBUG placement.objects.research_context [req-cd1692de-eefd-49a0-b1ef-668fc47e7239 req-1aea0f71-cf22-43a2-a30e-e9a82e2e61ac service nova] found 1 providers after filtering by previous result {{(pid=2790473) get_provider_ids_matching /opt/stack/placement/placement/objects/research_context.py:600}}
Oct 10 19:26:56.318344 podb-esxi207 devstack@placement-api.service[2790474]: DEBUG placement.requestlog [None req-3ee7581a-7dd8-4c84-ba5d-d7638c1fc4b5 None None] Starting request: 172.25.66.207 "DELETE /placement/resource_providers/626652a3-1f7b-43cd-a5b7-6268ae62fab5" {{(pid=2790474) __call__ /opt/stack/placement/placement/requestlog.py:55}}
Oct 10 19:26:56.329389 podb-esxi207 devstack@placement-api.service[2790473]: DEBUG placement.objects.allocation_candidate [req-cd1692de-eefd-49a0-b1ef-668fc47e7239 req-1aea0f71-cf22-43a2-a30e-e9a82e2e61ac service nova] RequestGroup(use_same_provider=False, resources={DISK_GB:1, MEMORY_MB:192, VCPU:1}, traits=(), aggregates=[]) (suffix '') returned 1 matches {{(pid=2790473) _get_by_requests /opt/stack/placement/placement/objects/allocation_candidate.py:157}}
Oct 10 19:26:56.329906 podb-esxi207 devstack@placement-api.service[2790473]: DEBUG placement.objects.allocation_candidate [req-cd1692de-eefd-49a0-b1ef-668fc47e7239 req-1aea0f71-cf22-43a2-a30e-e9a82e2e61ac service nova] Merging candidates yields 1 allocation requests and 1 provider summaries {{(pid=2790473) _merge_candidates /opt/stack/placement/placement/objects/allocation_candidate.py:841}}
Oct 10 19:26:56.331996 podb-esxi207 devstack@placement-api.service[2790473]: INFO placement.requestlog [req-cd1692de-eefd-49a0-b1ef-668fc47e7239 req-1aea0f71-cf22-43a2-a30e-e9a82e2e61ac service nova] 172.25.66.207 "GET /placement/allocation_candidates?limit=1000&resources=DISK_GB%3A1%2CMEMORY_MB%3A192%2CVCPU%3A1&root_required=%21COMPUTE_STATUS_DISABLED" status: 200 len: 2157 microversion: 1.36
Oct 10 19:26:56.332287 podb-esxi207 devstack@placement-api.service[2790473]: [pid: 2790473|app: 0|req: 37/150] 172.25.66.207 () {60 vars in 1515 bytes} [Fri Oct 10 19:26:56 2025] GET /placement/allocation_candidates?limit=1000&resources=DISK_GB%3A1%2CMEMORY_MB%3A192%2CVCPU%3A1&root_required=%21COMPUTE_STATUS_DISABLED => generated 2157 bytes in 92 msecs (HTTP/1.1 200) 8 headers in 297 bytes (1 switches on core 0)
Oct 10 19:26:56.334753 podb-esxi207 devstack@placement-api.service[2790474]: DEBUG placement.wsgi_wrapper [None req-3ee7581a-7dd8-4c84-ba5d-d7638c1fc4b5 service placement] Placement API returning an error response: No resource provider with uuid 626652a3-1f7b-43cd-a5b7-6268ae62fab5 found for delete {{(pid=2790474) call_func /opt/stack/placement/placement/wsgi_wrapper.py:31}}
Oct 10 19:26:56.335931 podb-esxi207 devstack@placement-api.service[2790474]: INFO placement.requestlog [None req-3ee7581a-7dd8-4c84-ba5d-d7638c1fc4b5 service placement] 172.25.66.207 "DELETE /placement/resource_providers/626652a3-1f7b-43cd-a5b7-6268ae62fab5" status: 404 len: 246 microversion: 1.1
Oct 10 19:26:56.336446 podb-esxi207 devstack@placement-api.service[2790474]: [pid: 2790474|app: 0|req: 38/151] 172.25.66.207 () {60 vars in 1362 bytes} [Fri Oct 10 19:26:56 2025] DELETE /placement/resource_providers/626652a3-1f7b-43cd-a5b7-6268ae62fab5 => generated 246 bytes in 19 msecs (HTTP/1.1 404) 6 headers in 231 bytes (1 switches on core 0)
Oct 10 19:26:56.469642 podb-esxi207 devstack@placement-api.service[2790475]: DEBUG placement.requestlog [req-cd1692de-eefd-49a0-b1ef-668fc47e7239 req-b2f38a51-02f2-4fbf-939f-8b45641e33b3 None None] Starting request: 172.25.66.207 "GET /placement/allocations/d235976b-3775-48df-bcee-3c61d2f15aa8" {{(pid=2790475) __call__ /opt/stack/placement/placement/requestlog.py:55}}
Oct 10 19:26:56.478832 podb-esxi207 devstack@placement-api.service[2790475]: INFO placement.requestlog [req-cd1692de-eefd-49a0-b1ef-668fc47e7239 req-b2f38a51-02f2-4fbf-939f-8b45641e33b3 service nova] 172.25.66.207 "GET /placement/allocations/d235976b-3775-48df-bcee-3c61d2f15aa8" status: 200 len: 19 microversion: 1.28
Oct 10 19:26:56.479102 podb-esxi207 devstack@placement-api.service[2790475]: [pid: 2790475|app: 0|req: 39/152] 172.25.66.207 () {60 vars in 1391 bytes} [Fri Oct 10 19:26:56 2025] GET /placement/allocations/d235976b-3775-48df-bcee-3c61d2f15aa8 => generated 19 bytes in 10 msecs (HTTP/1.1 200) 8 headers in 295 bytes (2 switches on core 0)
Oct 10 19:26:56.488610 podb-esxi207 devstack@placement-api.service[2790476]: DEBUG placement.requestlog [req-cd1692de-eefd-49a0-b1ef-668fc47e7239 req-a627f708-00e2-404a-a540-f4607b3e6bc5 None None] Starting request: 172.25.66.207 "PUT /placement/allocations/d235976b-3775-48df-bcee-3c61d2f15aa8" {{(pid=2790476) __call__ /opt/stack/placement/placement/requestlog.py:55}}
Oct 10 19:26:56.597776 podb-esxi207 devstack@placement-api.service[2790476]: DEBUG placement.handlers.allocation [req-cd1692de-eefd-49a0-b1ef-668fc47e7239 req-a627f708-00e2-404a-a540-f4607b3e6bc5 service nova] Successfully wrote allocations [<placement.objects.allocation.Allocation object at 0x7ffac0920460>, <placement.objects.allocation.Allocation object at 0x7ffac0980c40>, <placement.objects.allocation.Allocation object at 0x7ffac0980880>] {{(pid=2790476) _update_consumers_and_create_allocations /opt/stack/placement/placement/handlers/allocation.py:462}}
Oct 10 19:26:56.600706 podb-esxi207 devstack@placement-api.service[2790476]: INFO placement.requestlog [req-cd1692de-eefd-49a0-b1ef-668fc47e7239 req-a627f708-00e2-404a-a540-f4607b3e6bc5 service nova] 172.25.66.207 "PUT /placement/allocations/d235976b-3775-48df-bcee-3c61d2f15aa8" status: 204 len: 0 microversion: 1.36
Oct 10 19:26:56.600945 podb-esxi207 devstack@placement-api.service[2790476]: [pid: 2790476|app: 0|req: 39/153] 172.25.66.207 () {64 vars in 1444 bytes} [Fri Oct 10 19:26:56 2025] PUT /placement/allocations/d235976b-3775-48df-bcee-3c61d2f15aa8 => generated 0 bytes in 113 msecs (HTTP/1.1 204) 5 headers in 199 bytes (1 switches on core 0)
Oct 10 19:26:57.046080 podb-esxi207 devstack@placement-api.service[2790473]: DEBUG placement.requestlog [req-32d9537a-d0fb-448b-8d59-396365148e1a req-50648cfe-302c-4120-a113-ad24a8a73d63 None None] Starting request: 172.25.66.207 "GET /placement/resource_providers/dd9fbbe5-b16e-461e-867c-59c9f0e624b2/allocations" {{(pid=2790473) __call__ /opt/stack/placement/placement/requestlog.py:55}}
Oct 10 19:26:57.071855 podb-esxi207 devstack@placement-api.service[2790473]: INFO placement.requestlog [req-32d9537a-d0fb-448b-8d59-396365148e1a req-50648cfe-302c-4120-a113-ad24a8a73d63 service nova] 172.25.66.207 "GET /placement/resource_providers/dd9fbbe5-b16e-461e-867c-59c9f0e624b2/allocations" status: 200 len: 252 microversion: 1.0
Oct 10 19:26:57.072189 podb-esxi207 devstack@placement-api.service[2790473]: [pid: 2790473|app: 0|req: 38/154] 172.25.66.207 () {58 vars in 1402 bytes} [Fri Oct 10 19:26:57 2025] GET /placement/resource_providers/dd9fbbe5-b16e-461e-867c-59c9f0e624b2/allocations => generated 252 bytes in 27 msecs (HTTP/1.1 200) 6 headers in 224 bytes (1 switches on core 0)
Oct 10 19:26:57.080846 podb-esxi207 devstack@placement-api.service[2790474]: DEBUG placement.requestlog [req-32d9537a-d0fb-448b-8d59-396365148e1a req-7c1533a3-36b0-4644-8178-fbc234d4674d None None] Starting request: 172.25.66.207 "GET /placement/allocations/d235976b-3775-48df-bcee-3c61d2f15aa8" {{(pid=2790474) __call__ /opt/stack/placement/placement/requestlog.py:55}}
Oct 10 19:26:57.102720 podb-esxi207 devstack@placement-api.service[2790474]: INFO placement.requestlog [req-32d9537a-d0fb-448b-8d59-396365148e1a req-7c1533a3-36b0-4644-8178-fbc234d4674d service nova] 172.25.66.207 "GET /placement/allocations/d235976b-3775-48df-bcee-3c61d2f15aa8" status: 200 len: 257 microversion: 1.28
Oct 10 19:26:57.103071 podb-esxi207 devstack@placement-api.service[2790474]: [pid: 2790474|app: 0|req: 39/155] 172.25.66.207 () {60 vars in 1389 bytes} [Fri Oct 10 19:26:57 2025] GET /placement/allocations/d235976b-3775-48df-bcee-3c61d2f15aa8 => generated 257 bytes in 23 msecs (HTTP/1.1 200) 8 headers in 296 bytes (1 switches on core 0)
Oct 10 19:26:57.114954 podb-esxi207 devstack@placement-api.service[2790475]: DEBUG placement.requestlog [req-32d9537a-d0fb-448b-8d59-396365148e1a req-31ad2f01-3f99-49d8-997e-2f3bb72192d5 None None] Starting request: 172.25.66.207 "GET /placement/allocations/f62f8463-dfa4-45bb-a2cd-bf896a054acf" {{(pid=2790475) __call__ /opt/stack/placement/placement/requestlog.py:55}}
Oct 10 19:26:57.127357 podb-esxi207 devstack@placement-api.service[2790475]: INFO placement.requestlog [req-32d9537a-d0fb-448b-8d59-396365148e1a req-31ad2f01-3f99-49d8-997e-2f3bb72192d5 service nova] 172.25.66.207 "GET /placement/allocations/f62f8463-dfa4-45bb-a2cd-bf896a054acf" status: 200 len: 257 microversion: 1.28
Oct 10 19:26:57.127605 podb-esxi207 devstack@placement-api.service[2790475]: [pid: 2790475|app: 0|req: 40/156] 172.25.66.207 () {60 vars in 1389 bytes} [Fri Oct 10 19:26:57 2025] GET /placement/allocations/f62f8463-dfa4-45bb-a2cd-bf896a054acf => generated 257 bytes in 13 msecs (HTTP/1.1 200) 8 headers in 296 bytes (1 switches on core 0)
Oct 10 19:26:58.080074 podb-esxi207 devstack@placement-api.service[2790476]: DEBUG placement.requestlog [req-cd1692de-eefd-49a0-b1ef-668fc47e7239 req-4be68606-9236-4236-835e-263c2e0189cf None None] Starting request: 172.25.66.207 "GET /placement/allocations/d235976b-3775-48df-bcee-3c61d2f15aa8" {{(pid=2790476) __call__ /opt/stack/placement/placement/requestlog.py:55}}
Oct 10 19:26:58.100598 podb-esxi207 devstack@placement-api.service[2790476]: INFO placement.requestlog [req-cd1692de-eefd-49a0-b1ef-668fc47e7239 req-4be68606-9236-4236-835e-263c2e0189cf service nova] 172.25.66.207 "GET /placement/allocations/d235976b-3775-48df-bcee-3c61d2f15aa8" status: 200 len: 257 microversion: 1.28
Oct 10 19:26:58.100928 podb-esxi207 devstack@placement-api.service[2790476]: [pid: 2790476|app: 0|req: 40/157] 172.25.66.207 () {60 vars in 1389 bytes} [Fri Oct 10 19:26:58 2025] GET /placement/allocations/d235976b-3775-48df-bcee-3c61d2f15aa8 => generated 257 bytes in 22 msecs (HTTP/1.1 200) 8 headers in 296 bytes (1 switches on core 0)
Oct 10 19:26:59.255269 podb-esxi207 devstack@placement-api.service[2790473]: DEBUG placement.requestlog [req-cd1692de-eefd-49a0-b1ef-668fc47e7239 req-e59fff07-4677-4b6b-8bf2-f2fba05f6edc None None] Starting request: 172.25.66.207 "GET /placement/resource_providers/dd9fbbe5-b16e-461e-867c-59c9f0e624b2/allocations" {{(pid=2790473) __call__ /opt/stack/placement/placement/requestlog.py:55}}
Oct 10 19:26:59.270062 podb-esxi207 devstack@placement-api.service[2790473]: INFO placement.requestlog [req-cd1692de-eefd-49a0-b1ef-668fc47e7239 req-e59fff07-4677-4b6b-8bf2-f2fba05f6edc service nova] 172.25.66.207 "GET /placement/resource_providers/dd9fbbe5-b16e-461e-867c-59c9f0e624b2/allocations" status: 200 len: 252 microversion: 1.0
Oct 10 19:26:59.270320 podb-esxi207 devstack@placement-api.service[2790473]: [pid: 2790473|app: 0|req: 39/158] 172.25.66.207 () {58 vars in 1402 bytes} [Fri Oct 10 19:26:59 2025] GET /placement/resource_providers/dd9fbbe5-b16e-461e-867c-59c9f0e624b2/allocations => generated 252 bytes in 15 msecs (HTTP/1.1 200) 6 headers in 224 bytes (2 switches on core 0)
Oct 10 19:26:59.279348 podb-esxi207 devstack@placement-api.service[2790474]: DEBUG placement.requestlog [req-cd1692de-eefd-49a0-b1ef-668fc47e7239 req-f079e40a-1410-4862-a063-24c44fa1dbaf None None] Starting request: 172.25.66.207 "GET /placement/allocations/d235976b-3775-48df-bcee-3c61d2f15aa8" {{(pid=2790474) __call__ /opt/stack/placement/placement/requestlog.py:55}}
Oct 10 19:26:59.299846 podb-esxi207 devstack@placement-api.service[2790474]: INFO placement.requestlog [req-cd1692de-eefd-49a0-b1ef-668fc47e7239 req-f079e40a-1410-4862-a063-24c44fa1dbaf service nova] 172.25.66.207 "GET /placement/allocations/d235976b-3775-48df-bcee-3c61d2f15aa8" status: 200 len: 257 microversion: 1.28
Oct 10 19:26:59.300141 podb-esxi207 devstack@placement-api.service[2790474]: [pid: 2790474|app: 0|req: 40/159] 172.25.66.207 () {60 vars in 1389 bytes} [Fri Oct 10 19:26:59 2025] GET /placement/allocations/d235976b-3775-48df-bcee-3c61d2f15aa8 => generated 257 bytes in 22 msecs (HTTP/1.1 200) 8 headers in 296 bytes (1 switches on core 0)
Oct 10 19:26:59.309782 podb-esxi207 devstack@placement-api.service[2790475]: DEBUG placement.requestlog [req-cd1692de-eefd-49a0-b1ef-668fc47e7239 req-ea9fb0cc-db8f-4f5d-b2d3-e24bfac4407d None None] Starting request: 172.25.66.207 "GET /placement/allocations/f62f8463-dfa4-45bb-a2cd-bf896a054acf" {{(pid=2790475) __call__ /opt/stack/placement/placement/requestlog.py:55}}
Oct 10 19:26:59.333443 podb-esxi207 devstack@placement-api.service[2790475]: INFO placement.requestlog [req-cd1692de-eefd-49a0-b1ef-668fc47e7239 req-ea9fb0cc-db8f-4f5d-b2d3-e24bfac4407d service nova] 172.25.66.207 "GET /placement/allocations/f62f8463-dfa4-45bb-a2cd-bf896a054acf" status: 200 len: 257 microversion: 1.28
Oct 10 19:26:59.333936 podb-esxi207 devstack@placement-api.service[2790475]: [pid: 2790475|app: 0|req: 41/160] 172.25.66.207 () {60 vars in 1389 bytes} [Fri Oct 10 19:26:59 2025] GET /placement/allocations/f62f8463-dfa4-45bb-a2cd-bf896a054acf => generated 257 bytes in 25 msecs (HTTP/1.1 200) 8 headers in 296 bytes (1 switches on core 0)
Oct 10 19:27:02.459134 podb-esxi207 devstack@placement-api.service[2790476]: DEBUG placement.requestlog [req-d3e79976-7a0c-431f-8b2a-364c19d9227d req-0d866b05-1e3c-4d0e-ab8e-e2a0e50f1c31 None None] Starting request: 172.25.66.207 "GET /placement/allocation_candidates?limit=1000&resources=DISK_GB%3A1%2CMEMORY_MB%3A192%2CVCPU%3A1&root_required=%21COMPUTE_STATUS_DISABLED" {{(pid=2790476) __call__ /opt/stack/placement/placement/requestlog.py:55}}
Oct 10 19:27:02.505484 podb-esxi207 devstack@placement-api.service[2790476]: DEBUG placement.objects.research_context [req-d3e79976-7a0c-431f-8b2a-364c19d9227d req-0d866b05-1e3c-4d0e-ab8e-e2a0e50f1c31 service nova] getting providers with 1 DISK_GB {{(pid=2790476) __init__ /opt/stack/placement/placement/objects/research_context.py:137}}
Oct 10 19:27:02.511471 podb-esxi207 devstack@placement-api.service[2790476]: DEBUG placement.objects.research_context [req-d3e79976-7a0c-431f-8b2a-364c19d9227d req-0d866b05-1e3c-4d0e-ab8e-e2a0e50f1c31 service nova] getting providers with 192 MEMORY_MB {{(pid=2790476) __init__ /opt/stack/placement/placement/objects/research_context.py:137}}
Oct 10 19:27:02.515688 podb-esxi207 devstack@placement-api.service[2790476]: DEBUG placement.objects.research_context [req-d3e79976-7a0c-431f-8b2a-364c19d9227d req-0d866b05-1e3c-4d0e-ab8e-e2a0e50f1c31 service nova] getting providers with 1 VCPU {{(pid=2790476) __init__ /opt/stack/placement/placement/objects/research_context.py:137}}
Oct 10 19:27:02.519875 podb-esxi207 devstack@placement-api.service[2790476]: DEBUG placement.objects.research_context [req-d3e79976-7a0c-431f-8b2a-364c19d9227d req-0d866b05-1e3c-4d0e-ab8e-e2a0e50f1c31 service nova] found 1 providers with available 1 DISK_GB {{(pid=2790476) get_provider_ids_matching /opt/stack/placement/placement/objects/research_context.py:569}}
Oct 10 19:27:02.519875 podb-esxi207 devstack@placement-api.service[2790476]: DEBUG placement.objects.research_context [req-d3e79976-7a0c-431f-8b2a-364c19d9227d req-0d866b05-1e3c-4d0e-ab8e-e2a0e50f1c31 service nova] found 1 providers with available 192 MEMORY_MB {{(pid=2790476) get_provider_ids_matching /opt/stack/placement/placement/objects/research_context.py:569}}
Oct 10 19:27:02.520231 podb-esxi207 devstack@placement-api.service[2790476]: DEBUG placement.objects.research_context [req-d3e79976-7a0c-431f-8b2a-364c19d9227d req-0d866b05-1e3c-4d0e-ab8e-e2a0e50f1c31 service nova] found 1 providers after filtering by previous result {{(pid=2790476) get_provider_ids_matching /opt/stack/placement/placement/objects/research_context.py:600}}
Oct 10 19:27:02.520338 podb-esxi207 devstack@placement-api.service[2790476]: DEBUG placement.objects.research_context [req-d3e79976-7a0c-431f-8b2a-364c19d9227d req-0d866b05-1e3c-4d0e-ab8e-e2a0e50f1c31 service nova] found 1 providers with available 1 VCPU {{(pid=2790476) get_provider_ids_matching /opt/stack/placement/placement/objects/research_context.py:569}}
Oct 10 19:27:02.520475 podb-esxi207 devstack@placement-api.service[2790476]: DEBUG placement.objects.research_context [req-d3e79976-7a0c-431f-8b2a-364c19d9227d req-0d866b05-1e3c-4d0e-ab8e-e2a0e50f1c31 service nova] found 1 providers after filtering by previous result {{(pid=2790476) get_provider_ids_matching /opt/stack/placement/placement/objects/research_context.py:600}}
Oct 10 19:27:02.531976 podb-esxi207 devstack@placement-api.service[2790476]: DEBUG placement.objects.allocation_candidate [req-d3e79976-7a0c-431f-8b2a-364c19d9227d req-0d866b05-1e3c-4d0e-ab8e-e2a0e50f1c31 service nova] RequestGroup(use_same_provider=False, resources={DISK_GB:1, MEMORY_MB:192, VCPU:1}, traits=(), aggregates=[]) (suffix '') returned 1 matches {{(pid=2790476) _get_by_requests /opt/stack/placement/placement/objects/allocation_candidate.py:157}}
Oct 10 19:27:02.532259 podb-esxi207 devstack@placement-api.service[2790476]: DEBUG placement.objects.allocation_candidate [req-d3e79976-7a0c-431f-8b2a-364c19d9227d req-0d866b05-1e3c-4d0e-ab8e-e2a0e50f1c31 service nova] Merging candidates yields 1 allocation requests and 1 provider summaries {{(pid=2790476) _merge_candidates /opt/stack/placement/placement/objects/allocation_candidate.py:841}}
Oct 10 19:27:02.534395 podb-esxi207 devstack@placement-api.service[2790476]: INFO placement.requestlog [req-d3e79976-7a0c-431f-8b2a-364c19d9227d req-0d866b05-1e3c-4d0e-ab8e-e2a0e50f1c31 service nova] 172.25.66.207 "GET /placement/allocation_candidates?limit=1000&resources=DISK_GB%3A1%2CMEMORY_MB%3A192%2CVCPU%3A1&root_required=%21COMPUTE_STATUS_DISABLED" status: 200 len: 2157 microversion: 1.36
Oct 10 19:27:02.535103 podb-esxi207 devstack@placement-api.service[2790476]: [pid: 2790476|app: 0|req: 41/161] 172.25.66.207 () {60 vars in 1515 bytes} [Fri Oct 10 19:27:02 2025] GET /placement/allocation_candidates?limit=1000&resources=DISK_GB%3A1%2CMEMORY_MB%3A192%2CVCPU%3A1&root_required=%21COMPUTE_STATUS_DISABLED => generated 2157 bytes in 77 msecs (HTTP/1.1 200) 8 headers in 297 bytes (1 switches on core 0)
