Oct 10 19:38:32.773054 podb-esxi207 dnsmasq[2850500]: read /opt/stack/data/neutron/dhcp/1d583619-1a59-4832-be6f-50ba96f62d4a/addn_hosts - 0 names
Oct 10 19:38:32.773115 podb-esxi207 dnsmasq-dhcp[2850500]: read /opt/stack/data/neutron/dhcp/1d583619-1a59-4832-be6f-50ba96f62d4a/host
Oct 10 19:38:32.773167 podb-esxi207 dnsmasq-dhcp[2850500]: read /opt/stack/data/neutron/dhcp/1d583619-1a59-4832-be6f-50ba96f62d4a/opts
Oct 10 19:38:33.674110 podb-esxi207 dnsmasq[2850500]: exiting on receipt of SIGTERM
Oct 10 19:38:37.421621 podb-esxi207 dnsmasq[2855652]: started, version 2.90 cachesize 150
Oct 10 19:38:37.421647 podb-esxi207 dnsmasq[2855652]: DNS service limited to local subnets
Oct 10 19:38:37.421662 podb-esxi207 dnsmasq[2855652]: compile time options: IPv6 GNU-getopt DBus no-UBus i18n IDN2 DHCP DHCPv6 no-Lua TFTP conntrack ipset no-nftset auth cryptohash DNSSEC loop-detect inotify dumpfile
Oct 10 19:38:37.421708 podb-esxi207 dnsmasq-dhcp[2855652]: DHCP, static leases only on 10.1.0.0, lease time 1d
Oct 10 19:38:37.421896 podb-esxi207 dnsmasq[2855652]: reading /etc/resolv.conf
Oct 10 19:38:37.421913 podb-esxi207 dnsmasq[2855652]: using nameserver 127.0.0.53#53
Oct 10 19:38:37.422006 podb-esxi207 dnsmasq[2855652]: read /opt/stack/data/neutron/dhcp/ec46e43c-738a-49bf-aa5c-7078c5e88540/addn_hosts - 0 names
Oct 10 19:38:37.422060 podb-esxi207 dnsmasq-dhcp[2855652]: read /opt/stack/data/neutron/dhcp/ec46e43c-738a-49bf-aa5c-7078c5e88540/host
Oct 10 19:38:37.422130 podb-esxi207 dnsmasq-dhcp[2855652]: read /opt/stack/data/neutron/dhcp/ec46e43c-738a-49bf-aa5c-7078c5e88540/opts
Oct 10 19:38:38.307495 podb-esxi207 dnsmasq-dhcp[2854405]: DHCPDISCOVER(tap97aa39c6-52) fa:16:3e:8f:ed:34
Oct 10 19:38:38.307524 podb-esxi207 dnsmasq-dhcp[2854405]: DHCPOFFER(tap97aa39c6-52) 10.1.0.13 fa:16:3e:8f:ed:34
Oct 10 19:38:38.319186 podb-esxi207 dnsmasq-dhcp[2854405]: DHCPREQUEST(tap97aa39c6-52) 10.1.0.13 fa:16:3e:8f:ed:34
Oct 10 19:38:38.319216 podb-esxi207 dnsmasq-dhcp[2854405]: DHCPACK(tap97aa39c6-52) 10.1.0.13 fa:16:3e:8f:ed:34 host-10-1-0-13
Oct 10 19:38:38.961921 podb-esxi207 dnsmasq[2855652]: read /opt/stack/data/neutron/dhcp/ec46e43c-738a-49bf-aa5c-7078c5e88540/addn_hosts - 2 names
Oct 10 19:38:38.961997 podb-esxi207 dnsmasq-dhcp[2855652]: read /opt/stack/data/neutron/dhcp/ec46e43c-738a-49bf-aa5c-7078c5e88540/host
Oct 10 19:38:38.962075 podb-esxi207 dnsmasq-dhcp[2855652]: read /opt/stack/data/neutron/dhcp/ec46e43c-738a-49bf-aa5c-7078c5e88540/opts
Oct 10 19:38:40.209000 podb-esxi207 dnsmasq[2855652]: read /opt/stack/data/neutron/dhcp/ec46e43c-738a-49bf-aa5c-7078c5e88540/addn_hosts - 2 names
Oct 10 19:38:40.209100 podb-esxi207 dnsmasq-dhcp[2855652]: read /opt/stack/data/neutron/dhcp/ec46e43c-738a-49bf-aa5c-7078c5e88540/host
Oct 10 19:38:40.209205 podb-esxi207 dnsmasq-dhcp[2855652]: read /opt/stack/data/neutron/dhcp/ec46e43c-738a-49bf-aa5c-7078c5e88540/opts
Oct 10 19:38:41.431302 podb-esxi207 dnsmasq[2855652]: read /opt/stack/data/neutron/dhcp/ec46e43c-738a-49bf-aa5c-7078c5e88540/addn_hosts - 2 names
Oct 10 19:38:41.431419 podb-esxi207 dnsmasq-dhcp[2855652]: read /opt/stack/data/neutron/dhcp/ec46e43c-738a-49bf-aa5c-7078c5e88540/host
Oct 10 19:38:41.431520 podb-esxi207 dnsmasq-dhcp[2855652]: read /opt/stack/data/neutron/dhcp/ec46e43c-738a-49bf-aa5c-7078c5e88540/opts
Oct 10 19:38:43.876358 podb-esxi207 dnsmasq[2855652]: read /opt/stack/data/neutron/dhcp/ec46e43c-738a-49bf-aa5c-7078c5e88540/addn_hosts - 4 names
Oct 10 19:38:43.876453 podb-esxi207 dnsmasq-dhcp[2855652]: read /opt/stack/data/neutron/dhcp/ec46e43c-738a-49bf-aa5c-7078c5e88540/host
Oct 10 19:38:43.876549 podb-esxi207 dnsmasq-dhcp[2855652]: read /opt/stack/data/neutron/dhcp/ec46e43c-738a-49bf-aa5c-7078c5e88540/opts
Oct 10 19:38:49.575366 podb-esxi207 dnsmasq-dhcp[2854815]: DHCPDISCOVER(tap037cf71b-85) fa:16:3e:db:71:bc
Oct 10 19:38:49.575395 podb-esxi207 dnsmasq-dhcp[2854815]: DHCPOFFER(tap037cf71b-85) 10.1.0.13 fa:16:3e:db:71:bc
Oct 10 19:38:49.584166 podb-esxi207 dnsmasq-dhcp[2854815]: DHCPREQUEST(tap037cf71b-85) 10.1.0.13 fa:16:3e:db:71:bc
Oct 10 19:38:49.584200 podb-esxi207 dnsmasq-dhcp[2854815]: DHCPACK(tap037cf71b-85) 10.1.0.13 fa:16:3e:db:71:bc host-10-1-0-13
Oct 10 19:38:59.005251 podb-esxi207 dnsmasq-dhcp[2852343]: DHCPREQUEST(tap1282ac14-ee) 10.1.0.14 fa:16:3e:cd:02:82
Oct 10 19:38:59.005280 podb-esxi207 dnsmasq-dhcp[2852343]: DHCPACK(tap1282ac14-ee) 10.1.0.14 fa:16:3e:cd:02:82 host-10-1-0-14
Oct 10 19:39:07.828482 podb-esxi207 dnsmasq-dhcp[2855652]: DHCPDISCOVER(tap80f96672-fb) fa:16:3e:24:fc:d8
Oct 10 19:39:07.828513 podb-esxi207 dnsmasq-dhcp[2855652]: DHCPOFFER(tap80f96672-fb) 10.1.0.12 fa:16:3e:24:fc:d8
Oct 10 19:39:07.839321 podb-esxi207 dnsmasq-dhcp[2855652]: DHCPREQUEST(tap80f96672-fb) 10.1.0.12 fa:16:3e:24:fc:d8
Oct 10 19:39:07.839355 podb-esxi207 dnsmasq-dhcp[2855652]: DHCPACK(tap80f96672-fb) 10.1.0.12 fa:16:3e:24:fc:d8 host-10-1-0-12
Oct 10 19:39:39.710492 podb-esxi207 dnsmasq[2854405]: read /opt/stack/data/neutron/dhcp/8970fd67-385f-4806-8b85-42410feff132/addn_hosts - 6 names
Oct 10 19:39:39.710649 podb-esxi207 dnsmasq-dhcp[2854405]: read /opt/stack/data/neutron/dhcp/8970fd67-385f-4806-8b85-42410feff132/host
Oct 10 19:39:39.710771 podb-esxi207 dnsmasq-dhcp[2854405]: read /opt/stack/data/neutron/dhcp/8970fd67-385f-4806-8b85-42410feff132/opts
Oct 10 19:40:02.783932 podb-esxi207 dnsmasq-dhcp[2854405]: DHCPDISCOVER(tap97aa39c6-52) fa:16:3e:bd:ce:c3
Oct 10 19:40:02.783957 podb-esxi207 dnsmasq-dhcp[2854405]: DHCPOFFER(tap97aa39c6-52) 10.1.0.11 fa:16:3e:bd:ce:c3
Oct 10 19:40:02.795314 podb-esxi207 dnsmasq-dhcp[2854405]: DHCPREQUEST(tap97aa39c6-52) 10.1.0.11 fa:16:3e:bd:ce:c3
Oct 10 19:40:02.795351 podb-esxi207 dnsmasq-dhcp[2854405]: DHCPACK(tap97aa39c6-52) 10.1.0.11 fa:16:3e:bd:ce:c3 host-10-1-0-11
Oct 10 19:40:11.857652 podb-esxi207 dnsmasq-dhcp[2852343]: DHCPRELEASE(tap1282ac14-ee) 10.1.0.14 fa:16:3e:cd:02:82
Oct 10 19:40:11.874807 podb-esxi207 dnsmasq-dhcp[2852343]: DHCPRELEASE(tap1282ac14-ee) 10.1.0.14 fa:16:3e:cd:02:82 unknown lease
Oct 10 19:40:12.700858 podb-esxi207 dnsmasq[2852343]: read /opt/stack/data/neutron/dhcp/d3e5df9d-17ec-4398-8769-60cc83574b10/addn_hosts - 2 names
Oct 10 19:40:12.700973 podb-esxi207 dnsmasq-dhcp[2852343]: read /opt/stack/data/neutron/dhcp/d3e5df9d-17ec-4398-8769-60cc83574b10/host
Oct 10 19:40:12.701091 podb-esxi207 dnsmasq-dhcp[2852343]: read /opt/stack/data/neutron/dhcp/d3e5df9d-17ec-4398-8769-60cc83574b10/opts
Oct 10 19:40:21.493765 podb-esxi207 dnsmasq[2852343]: read /opt/stack/data/neutron/dhcp/d3e5df9d-17ec-4398-8769-60cc83574b10/addn_hosts - 0 names
Oct 10 19:40:21.493859 podb-esxi207 dnsmasq-dhcp[2852343]: read /opt/stack/data/neutron/dhcp/d3e5df9d-17ec-4398-8769-60cc83574b10/host
Oct 10 19:40:21.493917 podb-esxi207 dnsmasq-dhcp[2852343]: read /opt/stack/data/neutron/dhcp/d3e5df9d-17ec-4398-8769-60cc83574b10/opts
Oct 10 19:40:22.312782 podb-esxi207 dnsmasq-dhcp[2854815]: DHCPREQUEST(tap037cf71b-85) 10.1.0.13 fa:16:3e:db:71:bc
Oct 10 19:40:22.312813 podb-esxi207 dnsmasq-dhcp[2854815]: DHCPACK(tap037cf71b-85) 10.1.0.13 fa:16:3e:db:71:bc host-10-1-0-13
Oct 10 19:40:22.360209 podb-esxi207 dnsmasq[2852343]: exiting on receipt of SIGTERM
Oct 10 19:40:26.452213 podb-esxi207 dnsmasq[2857750]: started, version 2.90 cachesize 150
Oct 10 19:40:26.452240 podb-esxi207 dnsmasq[2857750]: DNS service limited to local subnets
Oct 10 19:40:26.452255 podb-esxi207 dnsmasq[2857750]: compile time options: IPv6 GNU-getopt DBus no-UBus i18n IDN2 DHCP DHCPv6 no-Lua TFTP conntrack ipset no-nftset auth cryptohash DNSSEC loop-detect inotify dumpfile
Oct 10 19:40:26.452290 podb-esxi207 dnsmasq-dhcp[2857750]: DHCP, static leases only on 10.1.0.0, lease time 1d
Oct 10 19:40:26.452434 podb-esxi207 dnsmasq[2857750]: reading /etc/resolv.conf
Oct 10 19:40:26.452450 podb-esxi207 dnsmasq[2857750]: using nameserver 127.0.0.53#53
Oct 10 19:40:26.452532 podb-esxi207 dnsmasq[2857750]: read /opt/stack/data/neutron/dhcp/4655a7a6-5b8f-4658-b2c9-f3610eb559c3/addn_hosts - 0 names
Oct 10 19:40:26.452583 podb-esxi207 dnsmasq-dhcp[2857750]: read /opt/stack/data/neutron/dhcp/4655a7a6-5b8f-4658-b2c9-f3610eb559c3/host
Oct 10 19:40:26.452638 podb-esxi207 dnsmasq-dhcp[2857750]: read /opt/stack/data/neutron/dhcp/4655a7a6-5b8f-4658-b2c9-f3610eb559c3/opts
Oct 10 19:40:27.992550 podb-esxi207 dnsmasq[2857750]: read /opt/stack/data/neutron/dhcp/4655a7a6-5b8f-4658-b2c9-f3610eb559c3/addn_hosts - 2 names
Oct 10 19:40:27.992640 podb-esxi207 dnsmasq-dhcp[2857750]: read /opt/stack/data/neutron/dhcp/4655a7a6-5b8f-4658-b2c9-f3610eb559c3/host
Oct 10 19:40:27.992737 podb-esxi207 dnsmasq-dhcp[2857750]: read /opt/stack/data/neutron/dhcp/4655a7a6-5b8f-4658-b2c9-f3610eb559c3/opts
Oct 10 19:40:29.249359 podb-esxi207 dnsmasq[2857750]: read /opt/stack/data/neutron/dhcp/4655a7a6-5b8f-4658-b2c9-f3610eb559c3/addn_hosts - 2 names
Oct 10 19:40:29.249437 podb-esxi207 dnsmasq-dhcp[2857750]: read /opt/stack/data/neutron/dhcp/4655a7a6-5b8f-4658-b2c9-f3610eb559c3/host
Oct 10 19:40:29.249547 podb-esxi207 dnsmasq-dhcp[2857750]: read /opt/stack/data/neutron/dhcp/4655a7a6-5b8f-4658-b2c9-f3610eb559c3/opts
Oct 10 19:40:30.491397 podb-esxi207 dnsmasq[2857750]: read /opt/stack/data/neutron/dhcp/4655a7a6-5b8f-4658-b2c9-f3610eb559c3/addn_hosts - 2 names
Oct 10 19:40:30.491492 podb-esxi207 dnsmasq-dhcp[2857750]: read /opt/stack/data/neutron/dhcp/4655a7a6-5b8f-4658-b2c9-f3610eb559c3/host
Oct 10 19:40:30.491596 podb-esxi207 dnsmasq-dhcp[2857750]: read /opt/stack/data/neutron/dhcp/4655a7a6-5b8f-4658-b2c9-f3610eb559c3/opts
Oct 10 19:40:31.727211 podb-esxi207 dnsmasq[2857750]: read /opt/stack/data/neutron/dhcp/4655a7a6-5b8f-4658-b2c9-f3610eb559c3/addn_hosts - 4 names
Oct 10 19:40:31.727330 podb-esxi207 dnsmasq-dhcp[2857750]: read /opt/stack/data/neutron/dhcp/4655a7a6-5b8f-4658-b2c9-f3610eb559c3/host
Oct 10 19:40:31.727440 podb-esxi207 dnsmasq-dhcp[2857750]: read /opt/stack/data/neutron/dhcp/4655a7a6-5b8f-4658-b2c9-f3610eb559c3/opts
Oct 10 19:40:31.952875 podb-esxi207 dnsmasq-dhcp[2855652]: DHCPREQUEST(tap80f96672-fb) 10.1.0.12 fa:16:3e:24:fc:d8
Oct 10 19:40:31.952903 podb-esxi207 dnsmasq-dhcp[2855652]: DHCPACK(tap80f96672-fb) 10.1.0.12 fa:16:3e:24:fc:d8 host-10-1-0-12
Oct 10 19:40:40.784374 podb-esxi207 dnsmasq-dhcp[2854405]: DHCPRELEASE(tap97aa39c6-52) 10.1.0.11 fa:16:3e:bd:ce:c3
Oct 10 19:40:40.801483 podb-esxi207 dnsmasq-dhcp[2854405]: DHCPRELEASE(tap97aa39c6-52) 10.1.0.11 fa:16:3e:bd:ce:c3 unknown lease
Oct 10 19:40:41.626093 podb-esxi207 dnsmasq[2854405]: read /opt/stack/data/neutron/dhcp/8970fd67-385f-4806-8b85-42410feff132/addn_hosts - 4 names
Oct 10 19:40:41.626189 podb-esxi207 dnsmasq-dhcp[2854405]: read /opt/stack/data/neutron/dhcp/8970fd67-385f-4806-8b85-42410feff132/host
Oct 10 19:40:41.626259 podb-esxi207 dnsmasq-dhcp[2854405]: read /opt/stack/data/neutron/dhcp/8970fd67-385f-4806-8b85-42410feff132/opts
Oct 10 19:40:46.511948 podb-esxi207 dnsmasq[2857750]: read /opt/stack/data/neutron/dhcp/4655a7a6-5b8f-4658-b2c9-f3610eb559c3/addn_hosts - 6 names
Oct 10 19:40:46.512040 podb-esxi207 dnsmasq-dhcp[2857750]: read /opt/stack/data/neutron/dhcp/4655a7a6-5b8f-4658-b2c9-f3610eb559c3/host
Oct 10 19:40:46.512133 podb-esxi207 dnsmasq-dhcp[2857750]: read /opt/stack/data/neutron/dhcp/4655a7a6-5b8f-4658-b2c9-f3610eb559c3/opts
Oct 10 19:40:54.753964 podb-esxi207 dnsmasq-dhcp[2857750]: DHCPDISCOVER(tap84b1ceb7-89) fa:16:3e:49:10:a8
Oct 10 19:40:54.753989 podb-esxi207 dnsmasq-dhcp[2857750]: DHCPOFFER(tap84b1ceb7-89) 10.1.0.13 fa:16:3e:49:10:a8
Oct 10 19:40:54.766026 podb-esxi207 dnsmasq-dhcp[2857750]: DHCPREQUEST(tap84b1ceb7-89) 10.1.0.13 fa:16:3e:49:10:a8
Oct 10 19:40:54.766059 podb-esxi207 dnsmasq-dhcp[2857750]: DHCPACK(tap84b1ceb7-89) 10.1.0.13 fa:16:3e:49:10:a8 host-10-1-0-13
Oct 10 19:40:57.901812 podb-esxi207 dnsmasq[2857750]: read /opt/stack/data/neutron/dhcp/4655a7a6-5b8f-4658-b2c9-f3610eb559c3/addn_hosts - 4 names
Oct 10 19:40:57.901934 podb-esxi207 dnsmasq-dhcp[2857750]: read /opt/stack/data/neutron/dhcp/4655a7a6-5b8f-4658-b2c9-f3610eb559c3/host
Oct 10 19:40:57.902043 podb-esxi207 dnsmasq-dhcp[2857750]: read /opt/stack/data/neutron/dhcp/4655a7a6-5b8f-4658-b2c9-f3610eb559c3/opts
Oct 10 19:41:17.577046 podb-esxi207 dnsmasq-dhcp[2854405]: DHCPRELEASE(tap97aa39c6-52) 10.1.0.13 fa:16:3e:8f:ed:34
Oct 10 19:41:17.594866 podb-esxi207 dnsmasq-dhcp[2854405]: DHCPRELEASE(tap97aa39c6-52) 10.1.0.13 fa:16:3e:8f:ed:34 unknown lease
Oct 10 19:41:18.420618 podb-esxi207 dnsmasq[2854405]: read /opt/stack/data/neutron/dhcp/8970fd67-385f-4806-8b85-42410feff132/addn_hosts - 2 names
Oct 10 19:41:18.420758 podb-esxi207 dnsmasq-dhcp[2854405]: read /opt/stack/data/neutron/dhcp/8970fd67-385f-4806-8b85-42410feff132/host
Oct 10 19:41:18.420890 podb-esxi207 dnsmasq-dhcp[2854405]: read /opt/stack/data/neutron/dhcp/8970fd67-385f-4806-8b85-42410feff132/opts
Oct 10 19:41:20.513752 podb-esxi207 dnsmasq-dhcp[2857750]: DHCPRELEASE(tap84b1ceb7-89) 10.1.0.13 fa:16:3e:49:10:a8
Oct 10 19:41:20.530737 podb-esxi207 dnsmasq-dhcp[2857750]: DHCPRELEASE(tap84b1ceb7-89) 10.1.0.13 fa:16:3e:49:10:a8 unknown lease
Oct 10 19:41:21.356766 podb-esxi207 dnsmasq[2857750]: read /opt/stack/data/neutron/dhcp/4655a7a6-5b8f-4658-b2c9-f3610eb559c3/addn_hosts - 2 names
Oct 10 19:41:21.356857 podb-esxi207 dnsmasq-dhcp[2857750]: read /opt/stack/data/neutron/dhcp/4655a7a6-5b8f-4658-b2c9-f3610eb559c3/host
Oct 10 19:41:21.356980 podb-esxi207 dnsmasq-dhcp[2857750]: read /opt/stack/data/neutron/dhcp/4655a7a6-5b8f-4658-b2c9-f3610eb559c3/opts
Oct 10 19:41:24.629893 podb-esxi207 dnsmasq-dhcp[2854815]: DHCPRELEASE(tap037cf71b-85) 10.1.0.13 fa:16:3e:db:71:bc
Oct 10 19:41:24.646694 podb-esxi207 dnsmasq-dhcp[2854815]: DHCPRELEASE(tap037cf71b-85) 10.1.0.13 fa:16:3e:db:71:bc unknown lease
Oct 10 19:41:25.471467 podb-esxi207 dnsmasq[2854815]: read /opt/stack/data/neutron/dhcp/ca4c085c-2561-416d-a2c4-06e387dbac7a/addn_hosts - 2 names
Oct 10 19:41:25.471565 podb-esxi207 dnsmasq-dhcp[2854815]: read /opt/stack/data/neutron/dhcp/ca4c085c-2561-416d-a2c4-06e387dbac7a/host
Oct 10 19:41:25.471688 podb-esxi207 dnsmasq-dhcp[2854815]: read /opt/stack/data/neutron/dhcp/ca4c085c-2561-416d-a2c4-06e387dbac7a/opts
Oct 10 19:41:26.230970 podb-esxi207 dnsmasq[2857750]: read /opt/stack/data/neutron/dhcp/4655a7a6-5b8f-4658-b2c9-f3610eb559c3/addn_hosts - 0 names
Oct 10 19:41:26.231041 podb-esxi207 dnsmasq-dhcp[2857750]: read /opt/stack/data/neutron/dhcp/4655a7a6-5b8f-4658-b2c9-f3610eb559c3/host
Oct 10 19:41:26.231097 podb-esxi207 dnsmasq-dhcp[2857750]: read /opt/stack/data/neutron/dhcp/4655a7a6-5b8f-4658-b2c9-f3610eb559c3/opts
Oct 10 19:41:26.484138 podb-esxi207 dnsmasq[2857750]: exiting on receipt of SIGTERM
Oct 10 19:41:29.582167 podb-esxi207 dnsmasq[2854405]: read /opt/stack/data/neutron/dhcp/8970fd67-385f-4806-8b85-42410feff132/addn_hosts - 4 names
Oct 10 19:41:29.582293 podb-esxi207 dnsmasq-dhcp[2854405]: read /opt/stack/data/neutron/dhcp/8970fd67-385f-4806-8b85-42410feff132/host
Oct 10 19:41:29.582410 podb-esxi207 dnsmasq-dhcp[2854405]: read /opt/stack/data/neutron/dhcp/8970fd67-385f-4806-8b85-42410feff132/opts
Oct 10 19:41:38.648991 podb-esxi207 dnsmasq[2854815]: read /opt/stack/data/neutron/dhcp/ca4c085c-2561-416d-a2c4-06e387dbac7a/addn_hosts - 4 names
Oct 10 19:41:38.649154 podb-esxi207 dnsmasq-dhcp[2854815]: read /opt/stack/data/neutron/dhcp/ca4c085c-2561-416d-a2c4-06e387dbac7a/host
Oct 10 19:41:38.649268 podb-esxi207 dnsmasq-dhcp[2854815]: read /opt/stack/data/neutron/dhcp/ca4c085c-2561-416d-a2c4-06e387dbac7a/opts
Oct 10 19:41:51.288779 podb-esxi207 dnsmasq-dhcp[2854405]: DHCPDISCOVER(tap97aa39c6-52) fa:16:3e:9d:67:fe
Oct 10 19:41:51.288807 podb-esxi207 dnsmasq-dhcp[2854405]: DHCPOFFER(tap97aa39c6-52) 10.1.0.13 fa:16:3e:9d:67:fe
Oct 10 19:41:51.306865 podb-esxi207 dnsmasq-dhcp[2854405]: DHCPREQUEST(tap97aa39c6-52) 10.1.0.13 fa:16:3e:9d:67:fe
Oct 10 19:41:51.306895 podb-esxi207 dnsmasq-dhcp[2854405]: DHCPACK(tap97aa39c6-52) 10.1.0.13 fa:16:3e:9d:67:fe host-10-1-0-13
Oct 10 19:42:00.400080 podb-esxi207 dnsmasq-dhcp[2854815]: DHCPDISCOVER(tap037cf71b-85) fa:16:3e:0b:bc:a2
Oct 10 19:42:00.400106 podb-esxi207 dnsmasq-dhcp[2854815]: DHCPOFFER(tap037cf71b-85) 10.1.0.5 fa:16:3e:0b:bc:a2
Oct 10 19:42:00.410823 podb-esxi207 dnsmasq-dhcp[2854815]: DHCPREQUEST(tap037cf71b-85) 10.1.0.5 fa:16:3e:0b:bc:a2
Oct 10 19:42:00.410853 podb-esxi207 dnsmasq-dhcp[2854815]: DHCPACK(tap037cf71b-85) 10.1.0.5 fa:16:3e:0b:bc:a2 host-10-1-0-5
Oct 10 19:42:01.109316 podb-esxi207 dnsmasq-dhcp[2855652]: DHCPREQUEST(tap80f96672-fb) 10.1.0.12 fa:16:3e:24:fc:d8
Oct 10 19:42:01.109346 podb-esxi207 dnsmasq-dhcp[2855652]: DHCPACK(tap80f96672-fb) 10.1.0.12 fa:16:3e:24:fc:d8 host-10-1-0-12
Oct 10 19:42:40.425597 podb-esxi207 dnsmasq-dhcp[2855652]: DHCPRELEASE(tap80f96672-fb) 10.1.0.12 fa:16:3e:24:fc:d8
Oct 10 19:42:40.441318 podb-esxi207 dnsmasq-dhcp[2855652]: DHCPRELEASE(tap80f96672-fb) 10.1.0.12 fa:16:3e:24:fc:d8 unknown lease
Oct 10 19:42:41.266304 podb-esxi207 dnsmasq[2855652]: read /opt/stack/data/neutron/dhcp/ec46e43c-738a-49bf-aa5c-7078c5e88540/addn_hosts - 2 names
Oct 10 19:42:41.266415 podb-esxi207 dnsmasq-dhcp[2855652]: read /opt/stack/data/neutron/dhcp/ec46e43c-738a-49bf-aa5c-7078c5e88540/host
Oct 10 19:42:41.266532 podb-esxi207 dnsmasq-dhcp[2855652]: read /opt/stack/data/neutron/dhcp/ec46e43c-738a-49bf-aa5c-7078c5e88540/opts
Oct 10 19:42:52.154793 podb-esxi207 dnsmasq[2855652]: read /opt/stack/data/neutron/dhcp/ec46e43c-738a-49bf-aa5c-7078c5e88540/addn_hosts - 4 names
Oct 10 19:42:52.155226 podb-esxi207 dnsmasq-dhcp[2855652]: read /opt/stack/data/neutron/dhcp/ec46e43c-738a-49bf-aa5c-7078c5e88540/host
Oct 10 19:42:52.155318 podb-esxi207 dnsmasq-dhcp[2855652]: read /opt/stack/data/neutron/dhcp/ec46e43c-738a-49bf-aa5c-7078c5e88540/opts
Oct 10 19:43:16.203731 podb-esxi207 dnsmasq-dhcp[2855652]: DHCPDISCOVER(tap80f96672-fb) fa:16:3e:5e:56:8a
Oct 10 19:43:16.203756 podb-esxi207 dnsmasq-dhcp[2855652]: DHCPOFFER(tap80f96672-fb) 10.1.0.10 fa:16:3e:5e:56:8a
Oct 10 19:43:16.215256 podb-esxi207 dnsmasq-dhcp[2855652]: DHCPREQUEST(tap80f96672-fb) 10.1.0.10 fa:16:3e:5e:56:8a
Oct 10 19:43:16.215287 podb-esxi207 dnsmasq-dhcp[2855652]: DHCPACK(tap80f96672-fb) 10.1.0.10 fa:16:3e:5e:56:8a host-10-1-0-10
Oct 10 19:43:29.240915 podb-esxi207 dnsmasq-dhcp[2854405]: DHCPRELEASE(tap97aa39c6-52) 10.1.0.13 fa:16:3e:9d:67:fe
Oct 10 19:43:29.259167 podb-esxi207 dnsmasq-dhcp[2854405]: DHCPRELEASE(tap97aa39c6-52) 10.1.0.13 fa:16:3e:9d:67:fe unknown lease
Oct 10 19:43:30.083822 podb-esxi207 dnsmasq[2854405]: read /opt/stack/data/neutron/dhcp/8970fd67-385f-4806-8b85-42410feff132/addn_hosts - 2 names
Oct 10 19:43:30.083909 podb-esxi207 dnsmasq-dhcp[2854405]: read /opt/stack/data/neutron/dhcp/8970fd67-385f-4806-8b85-42410feff132/host
Oct 10 19:43:30.083980 podb-esxi207 dnsmasq-dhcp[2854405]: read /opt/stack/data/neutron/dhcp/8970fd67-385f-4806-8b85-42410feff132/opts
Oct 10 19:43:37.775782 podb-esxi207 dnsmasq-dhcp[2854815]: DHCPREQUEST(tap037cf71b-85) 10.1.0.5 fa:16:3e:0b:bc:a2
Oct 10 19:43:37.775819 podb-esxi207 dnsmasq-dhcp[2854815]: DHCPACK(tap037cf71b-85) 10.1.0.5 fa:16:3e:0b:bc:a2 host-10-1-0-5
Oct 10 19:43:41.172280 podb-esxi207 dnsmasq[2854405]: read /opt/stack/data/neutron/dhcp/8970fd67-385f-4806-8b85-42410feff132/addn_hosts - 4 names
Oct 10 19:43:41.172403 podb-esxi207 dnsmasq-dhcp[2854405]: read /opt/stack/data/neutron/dhcp/8970fd67-385f-4806-8b85-42410feff132/host
Oct 10 19:43:41.172520 podb-esxi207 dnsmasq-dhcp[2854405]: read /opt/stack/data/neutron/dhcp/8970fd67-385f-4806-8b85-42410feff132/opts
Oct 10 19:43:46.489974 podb-esxi207 dnsmasq[2806637]: read /opt/stack/data/neutron/dhcp/1fe2a821-615c-43d1-ab2b-03423b95469b/addn_hosts - 2 names
Oct 10 19:43:46.490054 podb-esxi207 dnsmasq-dhcp[2806637]: read /opt/stack/data/neutron/dhcp/1fe2a821-615c-43d1-ab2b-03423b95469b/host
Oct 10 19:43:46.490099 podb-esxi207 dnsmasq-dhcp[2806637]: read /opt/stack/data/neutron/dhcp/1fe2a821-615c-43d1-ab2b-03423b95469b/opts
Oct 10 19:43:57.354604 podb-esxi207 dnsmasq[2806637]: read /opt/stack/data/neutron/dhcp/1fe2a821-615c-43d1-ab2b-03423b95469b/addn_hosts - 0 names
Oct 10 19:43:57.354681 podb-esxi207 dnsmasq-dhcp[2806637]: read /opt/stack/data/neutron/dhcp/1fe2a821-615c-43d1-ab2b-03423b95469b/host
Oct 10 19:43:57.354749 podb-esxi207 dnsmasq-dhcp[2806637]: read /opt/stack/data/neutron/dhcp/1fe2a821-615c-43d1-ab2b-03423b95469b/opts
Oct 10 19:44:02.832685 podb-esxi207 dnsmasq-dhcp[2854405]: DHCPDISCOVER(tap97aa39c6-52) fa:16:3e:78:2b:ca
Oct 10 19:44:02.832711 podb-esxi207 dnsmasq-dhcp[2854405]: DHCPOFFER(tap97aa39c6-52) 10.1.0.4 fa:16:3e:78:2b:ca
Oct 10 19:44:02.843982 podb-esxi207 dnsmasq-dhcp[2854405]: DHCPREQUEST(tap97aa39c6-52) 10.1.0.4 fa:16:3e:78:2b:ca
Oct 10 19:44:02.844016 podb-esxi207 dnsmasq-dhcp[2854405]: DHCPACK(tap97aa39c6-52) 10.1.0.4 fa:16:3e:78:2b:ca host-10-1-0-4
Oct 10 19:44:14.971337 podb-esxi207 dnsmasq-dhcp[2854815]: DHCPRELEASE(tap037cf71b-85) 10.1.0.5 fa:16:3e:0b:bc:a2
Oct 10 19:44:14.988218 podb-esxi207 dnsmasq-dhcp[2854815]: DHCPRELEASE(tap037cf71b-85) 10.1.0.5 fa:16:3e:0b:bc:a2 unknown lease
Oct 10 19:44:15.812825 podb-esxi207 dnsmasq[2854815]: read /opt/stack/data/neutron/dhcp/ca4c085c-2561-416d-a2c4-06e387dbac7a/addn_hosts - 2 names
Oct 10 19:44:15.812915 podb-esxi207 dnsmasq-dhcp[2854815]: read /opt/stack/data/neutron/dhcp/ca4c085c-2561-416d-a2c4-06e387dbac7a/host
Oct 10 19:44:15.812990 podb-esxi207 dnsmasq-dhcp[2854815]: read /opt/stack/data/neutron/dhcp/ca4c085c-2561-416d-a2c4-06e387dbac7a/opts
Oct 10 19:44:30.178095 podb-esxi207 dnsmasq[2854815]: read /opt/stack/data/neutron/dhcp/ca4c085c-2561-416d-a2c4-06e387dbac7a/addn_hosts - 0 names
Oct 10 19:44:30.178207 podb-esxi207 dnsmasq-dhcp[2854815]: read /opt/stack/data/neutron/dhcp/ca4c085c-2561-416d-a2c4-06e387dbac7a/host
Oct 10 19:44:30.178311 podb-esxi207 dnsmasq-dhcp[2854815]: read /opt/stack/data/neutron/dhcp/ca4c085c-2561-416d-a2c4-06e387dbac7a/opts
Oct 10 19:44:31.156010 podb-esxi207 dnsmasq[2854815]: exiting on receipt of SIGTERM
Oct 10 19:45:17.637470 podb-esxi207 dnsmasq-dhcp[2855652]: DHCPRELEASE(tap80f96672-fb) 10.1.0.10 fa:16:3e:5e:56:8a
Oct 10 19:45:17.654206 podb-esxi207 dnsmasq-dhcp[2855652]: DHCPRELEASE(tap80f96672-fb) 10.1.0.10 fa:16:3e:5e:56:8a unknown lease
Oct 10 19:45:18.478225 podb-esxi207 dnsmasq[2855652]: read /opt/stack/data/neutron/dhcp/ec46e43c-738a-49bf-aa5c-7078c5e88540/addn_hosts - 2 names
Oct 10 19:45:18.478329 podb-esxi207 dnsmasq-dhcp[2855652]: read /opt/stack/data/neutron/dhcp/ec46e43c-738a-49bf-aa5c-7078c5e88540/host
Oct 10 19:45:18.478444 podb-esxi207 dnsmasq-dhcp[2855652]: read /opt/stack/data/neutron/dhcp/ec46e43c-738a-49bf-aa5c-7078c5e88540/opts
Oct 10 19:45:43.210100 podb-esxi207 dnsmasq[2862014]: started, version 2.90 cachesize 150
Oct 10 19:45:43.210127 podb-esxi207 dnsmasq[2862014]: DNS service limited to local subnets
Oct 10 19:45:43.210141 podb-esxi207 dnsmasq[2862014]: compile time options: IPv6 GNU-getopt DBus no-UBus i18n IDN2 DHCP DHCPv6 no-Lua TFTP conntrack ipset no-nftset auth cryptohash DNSSEC loop-detect inotify dumpfile
Oct 10 19:45:43.210178 podb-esxi207 dnsmasq-dhcp[2862014]: DHCP, static leases only on 10.1.0.0, lease time 1d
Oct 10 19:45:43.210343 podb-esxi207 dnsmasq[2862014]: reading /etc/resolv.conf
Oct 10 19:45:43.210360 podb-esxi207 dnsmasq[2862014]: using nameserver 127.0.0.53#53
Oct 10 19:45:43.210464 podb-esxi207 dnsmasq[2862014]: read /opt/stack/data/neutron/dhcp/ab162d6e-1dad-448f-b1a6-7baa7d8cd782/addn_hosts - 0 names
Oct 10 19:45:43.210517 podb-esxi207 dnsmasq-dhcp[2862014]: read /opt/stack/data/neutron/dhcp/ab162d6e-1dad-448f-b1a6-7baa7d8cd782/host
Oct 10 19:45:43.210577 podb-esxi207 dnsmasq-dhcp[2862014]: read /opt/stack/data/neutron/dhcp/ab162d6e-1dad-448f-b1a6-7baa7d8cd782/opts
Oct 10 19:45:44.755948 podb-esxi207 dnsmasq[2862014]: read /opt/stack/data/neutron/dhcp/ab162d6e-1dad-448f-b1a6-7baa7d8cd782/addn_hosts - 2 names
Oct 10 19:45:44.756051 podb-esxi207 dnsmasq-dhcp[2862014]: read /opt/stack/data/neutron/dhcp/ab162d6e-1dad-448f-b1a6-7baa7d8cd782/host
Oct 10 19:45:44.756165 podb-esxi207 dnsmasq-dhcp[2862014]: read /opt/stack/data/neutron/dhcp/ab162d6e-1dad-448f-b1a6-7baa7d8cd782/opts
Oct 10 19:45:47.649377 podb-esxi207 dnsmasq[2862306]: started, version 2.90 cachesize 150
Oct 10 19:45:47.649407 podb-esxi207 dnsmasq[2862306]: DNS service limited to local subnets
Oct 10 19:45:47.649422 podb-esxi207 dnsmasq[2862306]: compile time options: IPv6 GNU-getopt DBus no-UBus i18n IDN2 DHCP DHCPv6 no-Lua TFTP conntrack ipset no-nftset auth cryptohash DNSSEC loop-detect inotify dumpfile
Oct 10 19:45:47.649458 podb-esxi207 dnsmasq-dhcp[2862306]: DHCP, static leases only on 10.1.0.0, lease time 1d
Oct 10 19:45:47.649617 podb-esxi207 dnsmasq[2862306]: reading /etc/resolv.conf
Oct 10 19:45:47.649634 podb-esxi207 dnsmasq[2862306]: using nameserver 127.0.0.53#53
Oct 10 19:45:47.649730 podb-esxi207 dnsmasq[2862306]: read /opt/stack/data/neutron/dhcp/72602127-d969-4317-8cea-61d9554b52f2/addn_hosts - 0 names
Oct 10 19:45:47.649781 podb-esxi207 dnsmasq-dhcp[2862306]: read /opt/stack/data/neutron/dhcp/72602127-d969-4317-8cea-61d9554b52f2/host
Oct 10 19:45:47.649861 podb-esxi207 dnsmasq-dhcp[2862306]: read /opt/stack/data/neutron/dhcp/72602127-d969-4317-8cea-61d9554b52f2/opts
Oct 10 19:45:48.689809 podb-esxi207 dnsmasq[2862014]: read /opt/stack/data/neutron/dhcp/ab162d6e-1dad-448f-b1a6-7baa7d8cd782/addn_hosts - 2 names
Oct 10 19:45:48.689962 podb-esxi207 dnsmasq-dhcp[2862014]: read /opt/stack/data/neutron/dhcp/ab162d6e-1dad-448f-b1a6-7baa7d8cd782/host
Oct 10 19:45:48.690056 podb-esxi207 dnsmasq-dhcp[2862014]: read /opt/stack/data/neutron/dhcp/ab162d6e-1dad-448f-b1a6-7baa7d8cd782/opts
Oct 10 19:45:49.970734 podb-esxi207 dnsmasq[2862306]: read /opt/stack/data/neutron/dhcp/72602127-d969-4317-8cea-61d9554b52f2/addn_hosts - 2 names
Oct 10 19:45:49.970860 podb-esxi207 dnsmasq-dhcp[2862306]: read /opt/stack/data/neutron/dhcp/72602127-d969-4317-8cea-61d9554b52f2/host
Oct 10 19:45:49.970968 podb-esxi207 dnsmasq-dhcp[2862306]: read /opt/stack/data/neutron/dhcp/72602127-d969-4317-8cea-61d9554b52f2/opts
Oct 10 19:45:51.229691 podb-esxi207 dnsmasq[2855652]: read /opt/stack/data/neutron/dhcp/ec46e43c-738a-49bf-aa5c-7078c5e88540/addn_hosts - 0 names
Oct 10 19:45:51.229813 podb-esxi207 dnsmasq-dhcp[2855652]: read /opt/stack/data/neutron/dhcp/ec46e43c-738a-49bf-aa5c-7078c5e88540/host
Oct 10 19:45:51.229961 podb-esxi207 dnsmasq-dhcp[2855652]: read /opt/stack/data/neutron/dhcp/ec46e43c-738a-49bf-aa5c-7078c5e88540/opts
Oct 10 19:45:51.974229 podb-esxi207 dnsmasq[2862014]: read /opt/stack/data/neutron/dhcp/ab162d6e-1dad-448f-b1a6-7baa7d8cd782/addn_hosts - 2 names
Oct 10 19:45:51.974320 podb-esxi207 dnsmasq-dhcp[2862014]: read /opt/stack/data/neutron/dhcp/ab162d6e-1dad-448f-b1a6-7baa7d8cd782/host
Oct 10 19:45:51.974432 podb-esxi207 dnsmasq-dhcp[2862014]: read /opt/stack/data/neutron/dhcp/ab162d6e-1dad-448f-b1a6-7baa7d8cd782/opts
Oct 10 19:45:52.719033 podb-esxi207 dnsmasq[2862306]: read /opt/stack/data/neutron/dhcp/72602127-d969-4317-8cea-61d9554b52f2/addn_hosts - 2 names
Oct 10 19:45:52.719125 podb-esxi207 dnsmasq-dhcp[2862306]: read /opt/stack/data/neutron/dhcp/72602127-d969-4317-8cea-61d9554b52f2/host
Oct 10 19:45:52.719213 podb-esxi207 dnsmasq-dhcp[2862306]: read /opt/stack/data/neutron/dhcp/72602127-d969-4317-8cea-61d9554b52f2/opts
Oct 10 19:45:53.468972 podb-esxi207 dnsmasq[2855652]: exiting on receipt of SIGTERM
Oct 10 19:45:54.571547 podb-esxi207 dnsmasq[2862306]: read /opt/stack/data/neutron/dhcp/72602127-d969-4317-8cea-61d9554b52f2/addn_hosts - 2 names
Oct 10 19:45:54.571641 podb-esxi207 dnsmasq-dhcp[2862306]: read /opt/stack/data/neutron/dhcp/72602127-d969-4317-8cea-61d9554b52f2/host
Oct 10 19:45:54.571709 podb-esxi207 dnsmasq-dhcp[2862306]: read /opt/stack/data/neutron/dhcp/72602127-d969-4317-8cea-61d9554b52f2/opts
Oct 10 19:46:14.873264 podb-esxi207 dnsmasq-dhcp[2854405]: DHCPRELEASE(tap97aa39c6-52) 10.1.0.4 fa:16:3e:78:2b:ca
Oct 10 19:46:14.890191 podb-esxi207 dnsmasq-dhcp[2854405]: DHCPRELEASE(tap97aa39c6-52) 10.1.0.4 fa:16:3e:78:2b:ca unknown lease
Oct 10 19:46:15.715875 podb-esxi207 dnsmasq[2854405]: read /opt/stack/data/neutron/dhcp/8970fd67-385f-4806-8b85-42410feff132/addn_hosts - 2 names
Oct 10 19:46:15.715986 podb-esxi207 dnsmasq-dhcp[2854405]: read /opt/stack/data/neutron/dhcp/8970fd67-385f-4806-8b85-42410feff132/host
Oct 10 19:46:15.716103 podb-esxi207 dnsmasq-dhcp[2854405]: read /opt/stack/data/neutron/dhcp/8970fd67-385f-4806-8b85-42410feff132/opts
Oct 10 19:46:21.301749 podb-esxi207 dnsmasq[2862014]: read /opt/stack/data/neutron/dhcp/ab162d6e-1dad-448f-b1a6-7baa7d8cd782/addn_hosts - 4 names
Oct 10 19:46:21.301917 podb-esxi207 dnsmasq-dhcp[2862014]: read /opt/stack/data/neutron/dhcp/ab162d6e-1dad-448f-b1a6-7baa7d8cd782/host
Oct 10 19:46:21.302009 podb-esxi207 dnsmasq-dhcp[2862014]: read /opt/stack/data/neutron/dhcp/ab162d6e-1dad-448f-b1a6-7baa7d8cd782/opts
Oct 10 19:46:49.602970 podb-esxi207 dnsmasq-dhcp[2862014]: DHCPDISCOVER(tap97b4e899-c4) fa:16:3e:73:89:71
Oct 10 19:46:49.602996 podb-esxi207 dnsmasq-dhcp[2862014]: DHCPOFFER(tap97b4e899-c4) 10.1.0.12 fa:16:3e:73:89:71
Oct 10 19:46:49.620465 podb-esxi207 dnsmasq-dhcp[2862014]: DHCPREQUEST(tap97b4e899-c4) 10.1.0.12 fa:16:3e:73:89:71
Oct 10 19:46:49.620497 podb-esxi207 dnsmasq-dhcp[2862014]: DHCPACK(tap97b4e899-c4) 10.1.0.12 fa:16:3e:73:89:71 host-10-1-0-12
Oct 10 19:47:03.289679 podb-esxi207 dnsmasq[2854405]: read /opt/stack/data/neutron/dhcp/8970fd67-385f-4806-8b85-42410feff132/addn_hosts - 0 names
Oct 10 19:47:03.289804 podb-esxi207 dnsmasq-dhcp[2854405]: read /opt/stack/data/neutron/dhcp/8970fd67-385f-4806-8b85-42410feff132/host
Oct 10 19:47:03.289961 podb-esxi207 dnsmasq-dhcp[2854405]: read /opt/stack/data/neutron/dhcp/8970fd67-385f-4806-8b85-42410feff132/opts
Oct 10 19:47:04.329594 podb-esxi207 dnsmasq[2854405]: exiting on receipt of SIGTERM
Oct 10 19:48:54.258926 podb-esxi207 dnsmasq-dhcp[2862014]: DHCPRELEASE(tap97b4e899-c4) 10.1.0.12 fa:16:3e:73:89:71
Oct 10 19:48:54.275478 podb-esxi207 dnsmasq-dhcp[2862014]: DHCPRELEASE(tap97b4e899-c4) 10.1.0.12 fa:16:3e:73:89:71 unknown lease
Oct 10 19:48:55.099639 podb-esxi207 dnsmasq[2862014]: read /opt/stack/data/neutron/dhcp/ab162d6e-1dad-448f-b1a6-7baa7d8cd782/addn_hosts - 2 names
Oct 10 19:48:55.099774 podb-esxi207 dnsmasq-dhcp[2862014]: read /opt/stack/data/neutron/dhcp/ab162d6e-1dad-448f-b1a6-7baa7d8cd782/host
Oct 10 19:48:55.099889 podb-esxi207 dnsmasq-dhcp[2862014]: read /opt/stack/data/neutron/dhcp/ab162d6e-1dad-448f-b1a6-7baa7d8cd782/opts
Oct 10 19:49:10.881209 podb-esxi207 dnsmasq[2862014]: read /opt/stack/data/neutron/dhcp/ab162d6e-1dad-448f-b1a6-7baa7d8cd782/addn_hosts - 0 names
Oct 10 19:49:10.881244 podb-esxi207 dnsmasq-dhcp[2862014]: read /opt/stack/data/neutron/dhcp/ab162d6e-1dad-448f-b1a6-7baa7d8cd782/host
Oct 10 19:49:10.881269 podb-esxi207 dnsmasq-dhcp[2862014]: read /opt/stack/data/neutron/dhcp/ab162d6e-1dad-448f-b1a6-7baa7d8cd782/opts
Oct 10 19:49:12.083403 podb-esxi207 dnsmasq[2862014]: exiting on receipt of SIGTERM
Oct 10 19:49:13.365003 podb-esxi207 dnsmasq[2862306]: read /opt/stack/data/neutron/dhcp/72602127-d969-4317-8cea-61d9554b52f2/addn_hosts - 0 names
Oct 10 19:49:13.365093 podb-esxi207 dnsmasq-dhcp[2862306]: read /opt/stack/data/neutron/dhcp/72602127-d969-4317-8cea-61d9554b52f2/host
Oct 10 19:49:13.365186 podb-esxi207 dnsmasq-dhcp[2862306]: read /opt/stack/data/neutron/dhcp/72602127-d969-4317-8cea-61d9554b52f2/opts
Oct 10 19:49:14.372369 podb-esxi207 dnsmasq[2862306]: exiting on receipt of SIGTERM
Oct 10 19:49:18.884662 podb-esxi207 dnsmasq[2864923]: started, version 2.90 cachesize 150
Oct 10 19:49:18.884692 podb-esxi207 dnsmasq[2864923]: DNS service limited to local subnets
Oct 10 19:49:18.884708 podb-esxi207 dnsmasq[2864923]: compile time options: IPv6 GNU-getopt DBus no-UBus i18n IDN2 DHCP DHCPv6 no-Lua TFTP conntrack ipset no-nftset auth cryptohash DNSSEC loop-detect inotify dumpfile
Oct 10 19:49:18.884744 podb-esxi207 dnsmasq-dhcp[2864923]: DHCP, static leases only on 10.1.0.0, lease time 1d
Oct 10 19:49:18.884898 podb-esxi207 dnsmasq[2864923]: reading /etc/resolv.conf
Oct 10 19:49:18.884916 podb-esxi207 dnsmasq[2864923]: using nameserver 127.0.0.53#53
Oct 10 19:49:18.885072 podb-esxi207 dnsmasq[2864923]: read /opt/stack/data/neutron/dhcp/e36ab1a4-8aa2-4a1b-93e1-50569602b735/addn_hosts - 0 names
Oct 10 19:49:18.885128 podb-esxi207 dnsmasq-dhcp[2864923]: read /opt/stack/data/neutron/dhcp/e36ab1a4-8aa2-4a1b-93e1-50569602b735/host
Oct 10 19:49:18.885195 podb-esxi207 dnsmasq-dhcp[2864923]: read /opt/stack/data/neutron/dhcp/e36ab1a4-8aa2-4a1b-93e1-50569602b735/opts
Oct 10 19:49:20.430838 podb-esxi207 dnsmasq[2864923]: read /opt/stack/data/neutron/dhcp/e36ab1a4-8aa2-4a1b-93e1-50569602b735/addn_hosts - 2 names
Oct 10 19:49:20.430949 podb-esxi207 dnsmasq-dhcp[2864923]: read /opt/stack/data/neutron/dhcp/e36ab1a4-8aa2-4a1b-93e1-50569602b735/host
Oct 10 19:49:20.431053 podb-esxi207 dnsmasq-dhcp[2864923]: read /opt/stack/data/neutron/dhcp/e36ab1a4-8aa2-4a1b-93e1-50569602b735/opts
Oct 10 19:49:23.302366 podb-esxi207 dnsmasq[2865214]: started, version 2.90 cachesize 150
Oct 10 19:49:23.302391 podb-esxi207 dnsmasq[2865214]: DNS service limited to local subnets
Oct 10 19:49:23.302406 podb-esxi207 dnsmasq[2865214]: compile time options: IPv6 GNU-getopt DBus no-UBus i18n IDN2 DHCP DHCPv6 no-Lua TFTP conntrack ipset no-nftset auth cryptohash DNSSEC loop-detect inotify dumpfile
Oct 10 19:49:23.302442 podb-esxi207 dnsmasq-dhcp[2865214]: DHCP, static leases only on 10.1.0.0, lease time 1d
Oct 10 19:49:23.302598 podb-esxi207 dnsmasq[2865214]: reading /etc/resolv.conf
Oct 10 19:49:23.302615 podb-esxi207 dnsmasq[2865214]: using nameserver 127.0.0.53#53
Oct 10 19:49:23.302702 podb-esxi207 dnsmasq[2865214]: read /opt/stack/data/neutron/dhcp/ca449eea-8721-42fa-8cca-fea4c50f1361/addn_hosts - 0 names
Oct 10 19:49:23.302754 podb-esxi207 dnsmasq-dhcp[2865214]: read /opt/stack/data/neutron/dhcp/ca449eea-8721-42fa-8cca-fea4c50f1361/host
Oct 10 19:49:23.302821 podb-esxi207 dnsmasq-dhcp[2865214]: read /opt/stack/data/neutron/dhcp/ca449eea-8721-42fa-8cca-fea4c50f1361/opts
Oct 10 19:49:24.344719 podb-esxi207 dnsmasq[2864923]: read /opt/stack/data/neutron/dhcp/e36ab1a4-8aa2-4a1b-93e1-50569602b735/addn_hosts - 2 names
Oct 10 19:49:24.344834 podb-esxi207 dnsmasq-dhcp[2864923]: read /opt/stack/data/neutron/dhcp/e36ab1a4-8aa2-4a1b-93e1-50569602b735/host
Oct 10 19:49:24.344948 podb-esxi207 dnsmasq-dhcp[2864923]: read /opt/stack/data/neutron/dhcp/e36ab1a4-8aa2-4a1b-93e1-50569602b735/opts
Oct 10 19:49:25.644704 podb-esxi207 dnsmasq[2865214]: read /opt/stack/data/neutron/dhcp/ca449eea-8721-42fa-8cca-fea4c50f1361/addn_hosts - 2 names
Oct 10 19:49:25.644819 podb-esxi207 dnsmasq-dhcp[2865214]: read /opt/stack/data/neutron/dhcp/ca449eea-8721-42fa-8cca-fea4c50f1361/host
Oct 10 19:49:25.644910 podb-esxi207 dnsmasq-dhcp[2865214]: read /opt/stack/data/neutron/dhcp/ca449eea-8721-42fa-8cca-fea4c50f1361/opts
Oct 10 19:49:26.898430 podb-esxi207 dnsmasq[2864923]: read /opt/stack/data/neutron/dhcp/e36ab1a4-8aa2-4a1b-93e1-50569602b735/addn_hosts - 2 names
Oct 10 19:49:26.898531 podb-esxi207 dnsmasq-dhcp[2864923]: read /opt/stack/data/neutron/dhcp/e36ab1a4-8aa2-4a1b-93e1-50569602b735/host
Oct 10 19:49:26.898639 podb-esxi207 dnsmasq-dhcp[2864923]: read /opt/stack/data/neutron/dhcp/e36ab1a4-8aa2-4a1b-93e1-50569602b735/opts
Oct 10 19:49:27.641206 podb-esxi207 dnsmasq[2865214]: read /opt/stack/data/neutron/dhcp/ca449eea-8721-42fa-8cca-fea4c50f1361/addn_hosts - 2 names
Oct 10 19:49:27.641321 podb-esxi207 dnsmasq-dhcp[2865214]: read /opt/stack/data/neutron/dhcp/ca449eea-8721-42fa-8cca-fea4c50f1361/host
Oct 10 19:49:27.641427 podb-esxi207 dnsmasq-dhcp[2865214]: read /opt/stack/data/neutron/dhcp/ca449eea-8721-42fa-8cca-fea4c50f1361/opts
Oct 10 19:49:28.900905 podb-esxi207 dnsmasq[2865214]: read /opt/stack/data/neutron/dhcp/ca449eea-8721-42fa-8cca-fea4c50f1361/addn_hosts - 2 names
Oct 10 19:49:28.901023 podb-esxi207 dnsmasq-dhcp[2865214]: read /opt/stack/data/neutron/dhcp/ca449eea-8721-42fa-8cca-fea4c50f1361/host
Oct 10 19:49:28.901127 podb-esxi207 dnsmasq-dhcp[2865214]: read /opt/stack/data/neutron/dhcp/ca449eea-8721-42fa-8cca-fea4c50f1361/opts
Oct 10 19:49:30.155213 podb-esxi207 dnsmasq[2864923]: read /opt/stack/data/neutron/dhcp/e36ab1a4-8aa2-4a1b-93e1-50569602b735/addn_hosts - 4 names
Oct 10 19:49:30.155348 podb-esxi207 dnsmasq-dhcp[2864923]: read /opt/stack/data/neutron/dhcp/e36ab1a4-8aa2-4a1b-93e1-50569602b735/host
Oct 10 19:49:30.155455 podb-esxi207 dnsmasq-dhcp[2864923]: read /opt/stack/data/neutron/dhcp/e36ab1a4-8aa2-4a1b-93e1-50569602b735/opts
Oct 10 19:49:52.626202 podb-esxi207 dnsmasq-dhcp[2864923]: DHCPDISCOVER(tap7c5289bc-38) fa:16:3e:c1:35:b0
Oct 10 19:49:52.626226 podb-esxi207 dnsmasq-dhcp[2864923]: DHCPOFFER(tap7c5289bc-38) 10.1.0.12 fa:16:3e:c1:35:b0
Oct 10 19:49:52.637076 podb-esxi207 dnsmasq-dhcp[2864923]: DHCPREQUEST(tap7c5289bc-38) 10.1.0.12 fa:16:3e:c1:35:b0
Oct 10 19:49:52.637105 podb-esxi207 dnsmasq-dhcp[2864923]: DHCPACK(tap7c5289bc-38) 10.1.0.12 fa:16:3e:c1:35:b0 host-10-1-0-12
Oct 10 19:51:51.370329 podb-esxi207 dnsmasq[2864923]: read /opt/stack/data/neutron/dhcp/e36ab1a4-8aa2-4a1b-93e1-50569602b735/addn_hosts - 6 names
Oct 10 19:51:51.370472 podb-esxi207 dnsmasq-dhcp[2864923]: read /opt/stack/data/neutron/dhcp/e36ab1a4-8aa2-4a1b-93e1-50569602b735/host
Oct 10 19:51:51.370564 podb-esxi207 dnsmasq-dhcp[2864923]: read /opt/stack/data/neutron/dhcp/e36ab1a4-8aa2-4a1b-93e1-50569602b735/opts
Oct 10 19:52:02.790702 podb-esxi207 dnsmasq[2866633]: started, version 2.90 cachesize 150
Oct 10 19:52:02.790732 podb-esxi207 dnsmasq[2866633]: DNS service limited to local subnets
Oct 10 19:52:02.790748 podb-esxi207 dnsmasq[2866633]: compile time options: IPv6 GNU-getopt DBus no-UBus i18n IDN2 DHCP DHCPv6 no-Lua TFTP conntrack ipset no-nftset auth cryptohash DNSSEC loop-detect inotify dumpfile
Oct 10 19:52:02.790788 podb-esxi207 dnsmasq-dhcp[2866633]: DHCP, static leases only on 10.1.0.0, lease time 1d
Oct 10 19:52:02.790946 podb-esxi207 dnsmasq[2866633]: reading /etc/resolv.conf
Oct 10 19:52:02.790963 podb-esxi207 dnsmasq[2866633]: using nameserver 127.0.0.53#53
Oct 10 19:52:02.791054 podb-esxi207 dnsmasq[2866633]: read /opt/stack/data/neutron/dhcp/abc176ac-a9bf-4fcf-9066-d0c910fe9e9e/addn_hosts - 0 names
Oct 10 19:52:02.791104 podb-esxi207 dnsmasq-dhcp[2866633]: read /opt/stack/data/neutron/dhcp/abc176ac-a9bf-4fcf-9066-d0c910fe9e9e/host
Oct 10 19:52:02.791161 podb-esxi207 dnsmasq-dhcp[2866633]: read /opt/stack/data/neutron/dhcp/abc176ac-a9bf-4fcf-9066-d0c910fe9e9e/opts
Oct 10 19:52:04.339879 podb-esxi207 dnsmasq[2866633]: read /opt/stack/data/neutron/dhcp/abc176ac-a9bf-4fcf-9066-d0c910fe9e9e/addn_hosts - 2 names
Oct 10 19:52:04.339981 podb-esxi207 dnsmasq-dhcp[2866633]: read /opt/stack/data/neutron/dhcp/abc176ac-a9bf-4fcf-9066-d0c910fe9e9e/host
Oct 10 19:52:04.340081 podb-esxi207 dnsmasq-dhcp[2866633]: read /opt/stack/data/neutron/dhcp/abc176ac-a9bf-4fcf-9066-d0c910fe9e9e/opts
Oct 10 19:52:07.704479 podb-esxi207 dnsmasq[2867001]: started, version 2.90 cachesize 150
Oct 10 19:52:07.704508 podb-esxi207 dnsmasq[2867001]: DNS service limited to local subnets
Oct 10 19:52:07.704523 podb-esxi207 dnsmasq[2867001]: compile time options: IPv6 GNU-getopt DBus no-UBus i18n IDN2 DHCP DHCPv6 no-Lua TFTP conntrack ipset no-nftset auth cryptohash DNSSEC loop-detect inotify dumpfile
Oct 10 19:52:07.704560 podb-esxi207 dnsmasq-dhcp[2867001]: DHCP, static leases only on 10.1.0.0, lease time 1d
Oct 10 19:52:07.704715 podb-esxi207 dnsmasq[2867001]: reading /etc/resolv.conf
Oct 10 19:52:07.704735 podb-esxi207 dnsmasq[2867001]: using nameserver 127.0.0.53#53
Oct 10 19:52:07.704844 podb-esxi207 dnsmasq[2867001]: read /opt/stack/data/neutron/dhcp/dec81c47-bb39-448c-bdcc-7e25022387e1/addn_hosts - 2 names
Oct 10 19:52:07.704909 podb-esxi207 dnsmasq-dhcp[2867001]: read /opt/stack/data/neutron/dhcp/dec81c47-bb39-448c-bdcc-7e25022387e1/host
Oct 10 19:52:07.704975 podb-esxi207 dnsmasq-dhcp[2867001]: read /opt/stack/data/neutron/dhcp/dec81c47-bb39-448c-bdcc-7e25022387e1/opts
Oct 10 19:52:08.237855 podb-esxi207 dnsmasq[2866633]: read /opt/stack/data/neutron/dhcp/abc176ac-a9bf-4fcf-9066-d0c910fe9e9e/addn_hosts - 2 names
Oct 10 19:52:08.237970 podb-esxi207 dnsmasq-dhcp[2866633]: read /opt/stack/data/neutron/dhcp/abc176ac-a9bf-4fcf-9066-d0c910fe9e9e/host
Oct 10 19:52:08.238080 podb-esxi207 dnsmasq-dhcp[2866633]: read /opt/stack/data/neutron/dhcp/abc176ac-a9bf-4fcf-9066-d0c910fe9e9e/opts
Oct 10 19:52:09.961479 podb-esxi207 dnsmasq[2867001]: read /opt/stack/data/neutron/dhcp/dec81c47-bb39-448c-bdcc-7e25022387e1/addn_hosts - 2 names
Oct 10 19:52:09.961566 podb-esxi207 dnsmasq-dhcp[2867001]: read /opt/stack/data/neutron/dhcp/dec81c47-bb39-448c-bdcc-7e25022387e1/host
Oct 10 19:52:09.961687 podb-esxi207 dnsmasq-dhcp[2867001]: read /opt/stack/data/neutron/dhcp/dec81c47-bb39-448c-bdcc-7e25022387e1/opts
Oct 10 19:52:10.717840 podb-esxi207 dnsmasq[2866633]: read /opt/stack/data/neutron/dhcp/abc176ac-a9bf-4fcf-9066-d0c910fe9e9e/addn_hosts - 2 names
Oct 10 19:52:10.717924 podb-esxi207 dnsmasq-dhcp[2866633]: read /opt/stack/data/neutron/dhcp/abc176ac-a9bf-4fcf-9066-d0c910fe9e9e/host
Oct 10 19:52:10.718024 podb-esxi207 dnsmasq-dhcp[2866633]: read /opt/stack/data/neutron/dhcp/abc176ac-a9bf-4fcf-9066-d0c910fe9e9e/opts
Oct 10 19:52:11.979375 podb-esxi207 dnsmasq[2867001]: read /opt/stack/data/neutron/dhcp/dec81c47-bb39-448c-bdcc-7e25022387e1/addn_hosts - 2 names
Oct 10 19:52:11.979477 podb-esxi207 dnsmasq-dhcp[2867001]: read /opt/stack/data/neutron/dhcp/dec81c47-bb39-448c-bdcc-7e25022387e1/host
Oct 10 19:52:11.979581 podb-esxi207 dnsmasq-dhcp[2867001]: read /opt/stack/data/neutron/dhcp/dec81c47-bb39-448c-bdcc-7e25022387e1/opts
Oct 10 19:52:13.217005 podb-esxi207 dnsmasq[2867001]: read /opt/stack/data/neutron/dhcp/dec81c47-bb39-448c-bdcc-7e25022387e1/addn_hosts - 2 names
Oct 10 19:52:13.217095 podb-esxi207 dnsmasq-dhcp[2867001]: read /opt/stack/data/neutron/dhcp/dec81c47-bb39-448c-bdcc-7e25022387e1/host
Oct 10 19:52:13.217202 podb-esxi207 dnsmasq-dhcp[2867001]: read /opt/stack/data/neutron/dhcp/dec81c47-bb39-448c-bdcc-7e25022387e1/opts
Oct 10 19:52:14.461805 podb-esxi207 dnsmasq[2866633]: read /opt/stack/data/neutron/dhcp/abc176ac-a9bf-4fcf-9066-d0c910fe9e9e/addn_hosts - 4 names
Oct 10 19:52:14.461940 podb-esxi207 dnsmasq-dhcp[2866633]: read /opt/stack/data/neutron/dhcp/abc176ac-a9bf-4fcf-9066-d0c910fe9e9e/host
Oct 10 19:52:14.462016 podb-esxi207 dnsmasq-dhcp[2866633]: read /opt/stack/data/neutron/dhcp/abc176ac-a9bf-4fcf-9066-d0c910fe9e9e/opts
Oct 10 19:52:20.892128 podb-esxi207 dnsmasq-dhcp[2864923]: DHCPDISCOVER(tap7c5289bc-38) fa:16:3e:6c:f8:e1
Oct 10 19:52:20.892159 podb-esxi207 dnsmasq-dhcp[2864923]: DHCPOFFER(tap7c5289bc-38) 10.1.0.9 fa:16:3e:6c:f8:e1
Oct 10 19:52:20.904709 podb-esxi207 dnsmasq-dhcp[2864923]: DHCPREQUEST(tap7c5289bc-38) 10.1.0.9 fa:16:3e:6c:f8:e1
Oct 10 19:52:20.904746 podb-esxi207 dnsmasq-dhcp[2864923]: DHCPACK(tap7c5289bc-38) 10.1.0.9 fa:16:3e:6c:f8:e1 host-10-1-0-9
Oct 10 19:52:36.833108 podb-esxi207 dnsmasq-dhcp[2866633]: DHCPDISCOVER(tapa7ce7513-24) fa:16:3e:2f:87:83
Oct 10 19:52:36.833154 podb-esxi207 dnsmasq-dhcp[2866633]: DHCPOFFER(tapa7ce7513-24) 10.1.0.7 fa:16:3e:2f:87:83
Oct 10 19:52:36.846056 podb-esxi207 dnsmasq-dhcp[2866633]: DHCPREQUEST(tapa7ce7513-24) 10.1.0.7 fa:16:3e:2f:87:83
Oct 10 19:52:36.846096 podb-esxi207 dnsmasq-dhcp[2866633]: DHCPACK(tapa7ce7513-24) 10.1.0.7 fa:16:3e:2f:87:83 host-10-1-0-7
Oct 10 19:53:48.434071 podb-esxi207 dnsmasq-dhcp[2864923]: DHCPRELEASE(tap7c5289bc-38) 10.1.0.9 fa:16:3e:6c:f8:e1
Oct 10 19:53:48.451642 podb-esxi207 dnsmasq-dhcp[2864923]: DHCPRELEASE(tap7c5289bc-38) 10.1.0.9 fa:16:3e:6c:f8:e1 unknown lease
Oct 10 19:53:49.276733 podb-esxi207 dnsmasq[2864923]: read /opt/stack/data/neutron/dhcp/e36ab1a4-8aa2-4a1b-93e1-50569602b735/addn_hosts - 4 names
Oct 10 19:53:49.276868 podb-esxi207 dnsmasq-dhcp[2864923]: read /opt/stack/data/neutron/dhcp/e36ab1a4-8aa2-4a1b-93e1-50569602b735/host
Oct 10 19:53:49.276999 podb-esxi207 dnsmasq-dhcp[2864923]: read /opt/stack/data/neutron/dhcp/e36ab1a4-8aa2-4a1b-93e1-50569602b735/opts
Oct 10 19:54:34.652841 podb-esxi207 dnsmasq-dhcp[2866633]: DHCPRELEASE(tapa7ce7513-24) 10.1.0.7 fa:16:3e:2f:87:83
Oct 10 19:54:34.669935 podb-esxi207 dnsmasq-dhcp[2866633]: DHCPRELEASE(tapa7ce7513-24) 10.1.0.7 fa:16:3e:2f:87:83 unknown lease
Oct 10 19:54:35.501385 podb-esxi207 dnsmasq[2866633]: read /opt/stack/data/neutron/dhcp/abc176ac-a9bf-4fcf-9066-d0c910fe9e9e/addn_hosts - 2 names
Oct 10 19:54:35.501472 podb-esxi207 dnsmasq-dhcp[2866633]: read /opt/stack/data/neutron/dhcp/abc176ac-a9bf-4fcf-9066-d0c910fe9e9e/host
Oct 10 19:54:35.501542 podb-esxi207 dnsmasq-dhcp[2866633]: read /opt/stack/data/neutron/dhcp/abc176ac-a9bf-4fcf-9066-d0c910fe9e9e/opts
Oct 10 19:55:07.559778 podb-esxi207 dnsmasq[2866633]: read /opt/stack/data/neutron/dhcp/abc176ac-a9bf-4fcf-9066-d0c910fe9e9e/addn_hosts - 0 names
Oct 10 19:55:07.559847 podb-esxi207 dnsmasq-dhcp[2866633]: read /opt/stack/data/neutron/dhcp/abc176ac-a9bf-4fcf-9066-d0c910fe9e9e/host
Oct 10 19:55:07.559902 podb-esxi207 dnsmasq-dhcp[2866633]: read /opt/stack/data/neutron/dhcp/abc176ac-a9bf-4fcf-9066-d0c910fe9e9e/opts
Oct 10 19:55:08.583857 podb-esxi207 dnsmasq[2866633]: exiting on receipt of SIGTERM
Oct 10 19:55:09.188537 podb-esxi207 dnsmasq-dhcp[2864923]: DHCPRELEASE(tap7c5289bc-38) 10.1.0.12 fa:16:3e:c1:35:b0
Oct 10 19:55:09.205059 podb-esxi207 dnsmasq-dhcp[2864923]: DHCPRELEASE(tap7c5289bc-38) 10.1.0.12 fa:16:3e:c1:35:b0 unknown lease
Oct 10 19:55:10.029565 podb-esxi207 dnsmasq[2864923]: read /opt/stack/data/neutron/dhcp/e36ab1a4-8aa2-4a1b-93e1-50569602b735/addn_hosts - 2 names
Oct 10 19:55:10.029658 podb-esxi207 dnsmasq-dhcp[2864923]: read /opt/stack/data/neutron/dhcp/e36ab1a4-8aa2-4a1b-93e1-50569602b735/host
Oct 10 19:55:10.029800 podb-esxi207 dnsmasq-dhcp[2864923]: read /opt/stack/data/neutron/dhcp/e36ab1a4-8aa2-4a1b-93e1-50569602b735/opts
Oct 10 19:55:10.274968 podb-esxi207 dnsmasq-dhcp[2867001]: DHCPRELEASE(tap5d66d614-19) 10.1.0.1 fa:16:3e:45:2d:ba
Oct 10 19:55:11.099859 podb-esxi207 dnsmasq[2867001]: read /opt/stack/data/neutron/dhcp/dec81c47-bb39-448c-bdcc-7e25022387e1/addn_hosts - 0 names
Oct 10 19:55:11.099937 podb-esxi207 dnsmasq-dhcp[2867001]: read /opt/stack/data/neutron/dhcp/dec81c47-bb39-448c-bdcc-7e25022387e1/host
Oct 10 19:55:11.099991 podb-esxi207 dnsmasq-dhcp[2867001]: read /opt/stack/data/neutron/dhcp/dec81c47-bb39-448c-bdcc-7e25022387e1/opts
Oct 10 19:55:11.350929 podb-esxi207 dnsmasq[2867001]: exiting on receipt of SIGTERM
Oct 10 19:55:15.374133 podb-esxi207 dnsmasq[2869767]: started, version 2.90 cachesize 150
Oct 10 19:55:15.374154 podb-esxi207 dnsmasq[2869767]: DNS service limited to local subnets
Oct 10 19:55:15.374169 podb-esxi207 dnsmasq[2869767]: compile time options: IPv6 GNU-getopt DBus no-UBus i18n IDN2 DHCP DHCPv6 no-Lua TFTP conntrack ipset no-nftset auth cryptohash DNSSEC loop-detect inotify dumpfile
Oct 10 19:55:15.374209 podb-esxi207 dnsmasq-dhcp[2869767]: DHCP, static leases only on 10.1.0.0, lease time 1d
Oct 10 19:55:15.374362 podb-esxi207 dnsmasq[2869767]: reading /etc/resolv.conf
Oct 10 19:55:15.374379 podb-esxi207 dnsmasq[2869767]: using nameserver 127.0.0.53#53
Oct 10 19:55:15.374469 podb-esxi207 dnsmasq[2869767]: read /opt/stack/data/neutron/dhcp/b53d0b9c-f31c-43c6-b1d8-f62c10d58446/addn_hosts - 0 names
Oct 10 19:55:15.374527 podb-esxi207 dnsmasq-dhcp[2869767]: read /opt/stack/data/neutron/dhcp/b53d0b9c-f31c-43c6-b1d8-f62c10d58446/host
Oct 10 19:55:15.374598 podb-esxi207 dnsmasq-dhcp[2869767]: read /opt/stack/data/neutron/dhcp/b53d0b9c-f31c-43c6-b1d8-f62c10d58446/opts
Oct 10 19:55:16.919869 podb-esxi207 dnsmasq[2869767]: read /opt/stack/data/neutron/dhcp/b53d0b9c-f31c-43c6-b1d8-f62c10d58446/addn_hosts - 2 names
Oct 10 19:55:16.919971 podb-esxi207 dnsmasq-dhcp[2869767]: read /opt/stack/data/neutron/dhcp/b53d0b9c-f31c-43c6-b1d8-f62c10d58446/host
Oct 10 19:55:16.920080 podb-esxi207 dnsmasq-dhcp[2869767]: read /opt/stack/data/neutron/dhcp/b53d0b9c-f31c-43c6-b1d8-f62c10d58446/opts
Oct 10 19:55:20.323587 podb-esxi207 dnsmasq[2870161]: started, version 2.90 cachesize 150
Oct 10 19:55:20.323612 podb-esxi207 dnsmasq[2870161]: DNS service limited to local subnets
Oct 10 19:55:20.323627 podb-esxi207 dnsmasq[2870161]: compile time options: IPv6 GNU-getopt DBus no-UBus i18n IDN2 DHCP DHCPv6 no-Lua TFTP conntrack ipset no-nftset auth cryptohash DNSSEC loop-detect inotify dumpfile
Oct 10 19:55:20.323663 podb-esxi207 dnsmasq-dhcp[2870161]: DHCP, static leases only on 10.1.0.0, lease time 1d
Oct 10 19:55:20.323817 podb-esxi207 dnsmasq[2870161]: reading /etc/resolv.conf
Oct 10 19:55:20.323833 podb-esxi207 dnsmasq[2870161]: using nameserver 127.0.0.53#53
Oct 10 19:55:20.323952 podb-esxi207 dnsmasq[2870161]: read /opt/stack/data/neutron/dhcp/c53da9a6-1c77-4002-850e-07bfe3888a2f/addn_hosts - 2 names
Oct 10 19:55:20.324016 podb-esxi207 dnsmasq-dhcp[2870161]: read /opt/stack/data/neutron/dhcp/c53da9a6-1c77-4002-850e-07bfe3888a2f/host
Oct 10 19:55:20.324082 podb-esxi207 dnsmasq-dhcp[2870161]: read /opt/stack/data/neutron/dhcp/c53da9a6-1c77-4002-850e-07bfe3888a2f/opts
Oct 10 19:55:20.856838 podb-esxi207 dnsmasq[2869767]: read /opt/stack/data/neutron/dhcp/b53d0b9c-f31c-43c6-b1d8-f62c10d58446/addn_hosts - 2 names
Oct 10 19:55:20.856928 podb-esxi207 dnsmasq-dhcp[2869767]: read /opt/stack/data/neutron/dhcp/b53d0b9c-f31c-43c6-b1d8-f62c10d58446/host
Oct 10 19:55:20.856999 podb-esxi207 dnsmasq-dhcp[2869767]: read /opt/stack/data/neutron/dhcp/b53d0b9c-f31c-43c6-b1d8-f62c10d58446/opts
Oct 10 19:55:22.104191 podb-esxi207 dnsmasq[2864923]: read /opt/stack/data/neutron/dhcp/e36ab1a4-8aa2-4a1b-93e1-50569602b735/addn_hosts - 0 names
Oct 10 19:55:22.104316 podb-esxi207 dnsmasq-dhcp[2864923]: read /opt/stack/data/neutron/dhcp/e36ab1a4-8aa2-4a1b-93e1-50569602b735/host
Oct 10 19:55:22.104437 podb-esxi207 dnsmasq-dhcp[2864923]: read /opt/stack/data/neutron/dhcp/e36ab1a4-8aa2-4a1b-93e1-50569602b735/opts
