Oct 10 18:38:19.061384 podb-esxi207 dnsmasq[1084701]: exiting on receipt of SIGTERM
Oct 10 18:38:19.061456 podb-esxi207 dnsmasq[1097794]: exiting on receipt of SIGTERM
Oct 10 18:39:35.408285 podb-esxi207 systemd[1]: Started Devstack devstack@q-dhcp.service.
Oct 10 18:39:35.841192 podb-esxi207 neutron-dhcp-agent[2791520]: This program is using eventlet and has been monkey_patched
Oct 10 18:39:52.475770 podb-esxi207 sudo[2793623]:    stack : PWD=/ ; USER=root ; COMMAND=/opt/stack/data/venv/bin/neutron-rootwrap /etc/neutron/rootwrap.conf privsep-helper --config-file /etc/neutron/neutron.conf --config-file /etc/neutron/dhcp_agent.ini --privsep_context neutron.privileged.default --privsep_sock_path /tmp/tmpr3zhtqd2/privsep.sock
Oct 10 18:39:52.476696 podb-esxi207 sudo[2793623]: pam_unix(sudo:session): session opened for user root(uid=0) by (uid=1001)
Oct 10 18:39:53.194857 podb-esxi207 sudo[2793623]: pam_unix(sudo:session): session closed for user root
Oct 10 18:39:54.213674 podb-esxi207 sudo[2793665]:    stack : PWD=/ ; USER=root ; COMMAND=/opt/stack/data/venv/bin/neutron-rootwrap /etc/neutron/rootwrap.conf privsep-helper --config-file /etc/neutron/neutron.conf --config-file /etc/neutron/dhcp_agent.ini --privsep_context neutron.privileged.namespace_cmd --privsep_sock_path /tmp/tmpujsh9op0/privsep.sock
Oct 10 18:39:54.214820 podb-esxi207 sudo[2793665]: pam_unix(sudo:session): session opened for user root(uid=0) by (uid=1001)
Oct 10 18:39:54.987179 podb-esxi207 sudo[2793665]: pam_unix(sudo:session): session closed for user root
Oct 10 18:39:56.080360 podb-esxi207 sudo[2793713]:    stack : PWD=/ ; USER=root ; COMMAND=/opt/stack/data/venv/bin/neutron-rootwrap /etc/neutron/rootwrap.conf privsep-helper --config-file /etc/neutron/neutron.conf --config-file /etc/neutron/dhcp_agent.ini --privsep_context neutron.privileged.link_cmd --privsep_sock_path /tmp/tmp6h18ho_x/privsep.sock
Oct 10 18:39:56.081478 podb-esxi207 sudo[2793713]: pam_unix(sudo:session): session opened for user root(uid=0) by (uid=1001)
Oct 10 18:39:56.850478 podb-esxi207 sudo[2793713]: pam_unix(sudo:session): session closed for user root
Oct 10 18:39:59.425879 podb-esxi207 sudo[2793853]:    stack : PWD=/ ; USER=root ; COMMAND=/opt/stack/data/venv/bin/neutron-rootwrap-daemon /etc/neutron/rootwrap.conf
Oct 10 18:39:59.426993 podb-esxi207 sudo[2793853]: pam_unix(sudo:session): session opened for user root(uid=0) by (uid=1001)
Oct 10 18:39:59.709612 podb-esxi207 dnsmasq[2793865]: started, version 2.90 cachesize 150
Oct 10 18:39:59.709642 podb-esxi207 dnsmasq[2793865]: DNS service limited to local subnets
Oct 10 18:39:59.709657 podb-esxi207 dnsmasq[2793865]: compile time options: IPv6 GNU-getopt DBus no-UBus i18n IDN2 DHCP DHCPv6 no-Lua TFTP conntrack ipset no-nftset auth cryptohash DNSSEC loop-detect inotify dumpfile
Oct 10 18:39:59.709694 podb-esxi207 dnsmasq-dhcp[2793865]: DHCP, static leases only on 10.1.0.0, lease time 1d
Oct 10 18:39:59.709882 podb-esxi207 dnsmasq[2793865]: reading /etc/resolv.conf
Oct 10 18:39:59.709899 podb-esxi207 dnsmasq[2793865]: using nameserver 127.0.0.53#53
Oct 10 18:39:59.709984 podb-esxi207 dnsmasq[2793865]: read /opt/stack/data/neutron/dhcp/f3c6b50a-9eae-46d9-9571-4141791f86b5/addn_hosts - 0 names
Oct 10 18:39:59.710037 podb-esxi207 dnsmasq-dhcp[2793865]: read /opt/stack/data/neutron/dhcp/f3c6b50a-9eae-46d9-9571-4141791f86b5/host
Oct 10 18:39:59.710106 podb-esxi207 dnsmasq-dhcp[2793865]: read /opt/stack/data/neutron/dhcp/f3c6b50a-9eae-46d9-9571-4141791f86b5/opts
Oct 10 18:40:01.257945 podb-esxi207 dnsmasq[2793865]: read /opt/stack/data/neutron/dhcp/f3c6b50a-9eae-46d9-9571-4141791f86b5/addn_hosts - 0 names
Oct 10 18:40:01.258019 podb-esxi207 dnsmasq-dhcp[2793865]: read /opt/stack/data/neutron/dhcp/f3c6b50a-9eae-46d9-9571-4141791f86b5/host
Oct 10 18:40:01.258072 podb-esxi207 dnsmasq-dhcp[2793865]: read /opt/stack/data/neutron/dhcp/f3c6b50a-9eae-46d9-9571-4141791f86b5/opts
Oct 10 18:40:03.756909 podb-esxi207 dnsmasq[2793865]: read /opt/stack/data/neutron/dhcp/f3c6b50a-9eae-46d9-9571-4141791f86b5/addn_hosts - 2 names
Oct 10 18:40:03.757033 podb-esxi207 dnsmasq-dhcp[2793865]: read /opt/stack/data/neutron/dhcp/f3c6b50a-9eae-46d9-9571-4141791f86b5/host
Oct 10 18:40:03.757126 podb-esxi207 dnsmasq-dhcp[2793865]: read /opt/stack/data/neutron/dhcp/f3c6b50a-9eae-46d9-9571-4141791f86b5/opts
Oct 10 18:40:04.996432 podb-esxi207 dnsmasq[2793865]: read /opt/stack/data/neutron/dhcp/f3c6b50a-9eae-46d9-9571-4141791f86b5/addn_hosts - 2 names
Oct 10 18:40:04.996538 podb-esxi207 dnsmasq-dhcp[2793865]: read /opt/stack/data/neutron/dhcp/f3c6b50a-9eae-46d9-9571-4141791f86b5/host
Oct 10 18:40:04.996653 podb-esxi207 dnsmasq-dhcp[2793865]: read /opt/stack/data/neutron/dhcp/f3c6b50a-9eae-46d9-9571-4141791f86b5/opts
Oct 10 18:41:58.720879 podb-esxi207 dnsmasq[2806637]: started, version 2.90 cachesize 150
Oct 10 18:41:58.720905 podb-esxi207 dnsmasq[2806637]: DNS service limited to local subnets
Oct 10 18:41:58.720920 podb-esxi207 dnsmasq[2806637]: compile time options: IPv6 GNU-getopt DBus no-UBus i18n IDN2 DHCP DHCPv6 no-Lua TFTP conntrack ipset no-nftset auth cryptohash DNSSEC loop-detect inotify dumpfile
Oct 10 18:41:58.720964 podb-esxi207 dnsmasq-dhcp[2806637]: DHCP, static leases only on 192.168.233.0, lease time 1d
Oct 10 18:41:58.721118 podb-esxi207 dnsmasq[2806637]: reading /etc/resolv.conf
Oct 10 18:41:58.721136 podb-esxi207 dnsmasq[2806637]: using nameserver 127.0.0.53#53
Oct 10 18:41:58.721222 podb-esxi207 dnsmasq[2806637]: read /opt/stack/data/neutron/dhcp/1fe2a821-615c-43d1-ab2b-03423b95469b/addn_hosts - 0 names
Oct 10 18:41:58.721285 podb-esxi207 dnsmasq-dhcp[2806637]: read /opt/stack/data/neutron/dhcp/1fe2a821-615c-43d1-ab2b-03423b95469b/host
Oct 10 18:41:58.721343 podb-esxi207 dnsmasq-dhcp[2806637]: read /opt/stack/data/neutron/dhcp/1fe2a821-615c-43d1-ab2b-03423b95469b/opts
Oct 10 18:42:00.262535 podb-esxi207 dnsmasq[2806637]: read /opt/stack/data/neutron/dhcp/1fe2a821-615c-43d1-ab2b-03423b95469b/addn_hosts - 0 names
Oct 10 18:42:00.262618 podb-esxi207 dnsmasq-dhcp[2806637]: read /opt/stack/data/neutron/dhcp/1fe2a821-615c-43d1-ab2b-03423b95469b/host
Oct 10 18:42:00.262678 podb-esxi207 dnsmasq-dhcp[2806637]: read /opt/stack/data/neutron/dhcp/1fe2a821-615c-43d1-ab2b-03423b95469b/opts
Oct 10 19:26:42.276141 podb-esxi207 dnsmasq[2827264]: started, version 2.90 cachesize 150
Oct 10 19:26:42.276168 podb-esxi207 dnsmasq[2827264]: DNS service limited to local subnets
Oct 10 19:26:42.276184 podb-esxi207 dnsmasq[2827264]: compile time options: IPv6 GNU-getopt DBus no-UBus i18n IDN2 DHCP DHCPv6 no-Lua TFTP conntrack ipset no-nftset auth cryptohash DNSSEC loop-detect inotify dumpfile
Oct 10 19:26:42.276224 podb-esxi207 dnsmasq-dhcp[2827264]: DHCP, static leases only on 10.1.0.0, lease time 1d
Oct 10 19:26:42.276377 podb-esxi207 dnsmasq[2827264]: reading /etc/resolv.conf
Oct 10 19:26:42.276393 podb-esxi207 dnsmasq[2827264]: using nameserver 127.0.0.53#53
Oct 10 19:26:42.276478 podb-esxi207 dnsmasq[2827264]: read /opt/stack/data/neutron/dhcp/93f13948-f6b6-430f-a69f-6576d97043ac/addn_hosts - 0 names
Oct 10 19:26:42.276529 podb-esxi207 dnsmasq-dhcp[2827264]: read /opt/stack/data/neutron/dhcp/93f13948-f6b6-430f-a69f-6576d97043ac/host
Oct 10 19:26:42.276586 podb-esxi207 dnsmasq-dhcp[2827264]: read /opt/stack/data/neutron/dhcp/93f13948-f6b6-430f-a69f-6576d97043ac/opts
Oct 10 19:26:45.073236 podb-esxi207 dnsmasq[2827816]: started, version 2.90 cachesize 150
Oct 10 19:26:45.073266 podb-esxi207 dnsmasq[2827816]: DNS service limited to local subnets
Oct 10 19:26:45.073281 podb-esxi207 dnsmasq[2827816]: compile time options: IPv6 GNU-getopt DBus no-UBus i18n IDN2 DHCP DHCPv6 no-Lua TFTP conntrack ipset no-nftset auth cryptohash DNSSEC loop-detect inotify dumpfile
Oct 10 19:26:45.073317 podb-esxi207 dnsmasq-dhcp[2827816]: DHCP, static leases only on 10.1.0.0, lease time 1d
Oct 10 19:26:45.073469 podb-esxi207 dnsmasq[2827816]: reading /etc/resolv.conf
Oct 10 19:26:45.073486 podb-esxi207 dnsmasq[2827816]: using nameserver 127.0.0.53#53
Oct 10 19:26:45.073605 podb-esxi207 dnsmasq[2827816]: read /opt/stack/data/neutron/dhcp/91e20004-59d8-414d-ae8e-0235cb6aea85/addn_hosts - 2 names
Oct 10 19:26:45.073661 podb-esxi207 dnsmasq-dhcp[2827816]: read /opt/stack/data/neutron/dhcp/91e20004-59d8-414d-ae8e-0235cb6aea85/host
Oct 10 19:26:45.073734 podb-esxi207 dnsmasq-dhcp[2827816]: read /opt/stack/data/neutron/dhcp/91e20004-59d8-414d-ae8e-0235cb6aea85/opts
Oct 10 19:26:48.728583 podb-esxi207 dnsmasq[2828262]: started, version 2.90 cachesize 150
Oct 10 19:26:48.728614 podb-esxi207 dnsmasq[2828262]: DNS service limited to local subnets
Oct 10 19:26:48.728629 podb-esxi207 dnsmasq[2828262]: compile time options: IPv6 GNU-getopt DBus no-UBus i18n IDN2 DHCP DHCPv6 no-Lua TFTP conntrack ipset no-nftset auth cryptohash DNSSEC loop-detect inotify dumpfile
Oct 10 19:26:48.728668 podb-esxi207 dnsmasq-dhcp[2828262]: DHCP, static leases only on 10.1.0.0, lease time 1d
Oct 10 19:26:48.728826 podb-esxi207 dnsmasq[2828262]: reading /etc/resolv.conf
Oct 10 19:26:48.728842 podb-esxi207 dnsmasq[2828262]: using nameserver 127.0.0.53#53
Oct 10 19:26:48.728953 podb-esxi207 dnsmasq[2828262]: read /opt/stack/data/neutron/dhcp/0e04c3d1-42a1-44d7-b01c-02be6b880fef/addn_hosts - 2 names
Oct 10 19:26:48.729018 podb-esxi207 dnsmasq-dhcp[2828262]: read /opt/stack/data/neutron/dhcp/0e04c3d1-42a1-44d7-b01c-02be6b880fef/host
Oct 10 19:26:48.729083 podb-esxi207 dnsmasq-dhcp[2828262]: read /opt/stack/data/neutron/dhcp/0e04c3d1-42a1-44d7-b01c-02be6b880fef/opts
Oct 10 19:26:51.470336 podb-esxi207 dnsmasq[2828758]: started, version 2.90 cachesize 150
Oct 10 19:26:51.470367 podb-esxi207 dnsmasq[2828758]: DNS service limited to local subnets
Oct 10 19:26:51.470383 podb-esxi207 dnsmasq[2828758]: compile time options: IPv6 GNU-getopt DBus no-UBus i18n IDN2 DHCP DHCPv6 no-Lua TFTP conntrack ipset no-nftset auth cryptohash DNSSEC loop-detect inotify dumpfile
Oct 10 19:26:51.470420 podb-esxi207 dnsmasq-dhcp[2828758]: DHCP, static leases only on 10.1.0.0, lease time 1d
Oct 10 19:26:51.470584 podb-esxi207 dnsmasq[2828758]: reading /etc/resolv.conf
Oct 10 19:26:51.470605 podb-esxi207 dnsmasq[2828758]: using nameserver 127.0.0.53#53
Oct 10 19:26:51.470724 podb-esxi207 dnsmasq[2828758]: read /opt/stack/data/neutron/dhcp/e8c7f45e-f38f-4465-86ca-6f27ceeb501b/addn_hosts - 2 names
Oct 10 19:26:51.470902 podb-esxi207 dnsmasq-dhcp[2828758]: read /opt/stack/data/neutron/dhcp/e8c7f45e-f38f-4465-86ca-6f27ceeb501b/host
Oct 10 19:26:51.470973 podb-esxi207 dnsmasq-dhcp[2828758]: read /opt/stack/data/neutron/dhcp/e8c7f45e-f38f-4465-86ca-6f27ceeb501b/opts
Oct 10 19:26:52.515910 podb-esxi207 dnsmasq[2827264]: read /opt/stack/data/neutron/dhcp/93f13948-f6b6-430f-a69f-6576d97043ac/addn_hosts - 2 names
Oct 10 19:26:52.516029 podb-esxi207 dnsmasq-dhcp[2827264]: read /opt/stack/data/neutron/dhcp/93f13948-f6b6-430f-a69f-6576d97043ac/host
Oct 10 19:26:52.516102 podb-esxi207 dnsmasq-dhcp[2827264]: read /opt/stack/data/neutron/dhcp/93f13948-f6b6-430f-a69f-6576d97043ac/opts
Oct 10 19:26:55.387367 podb-esxi207 dnsmasq[2829267]: started, version 2.90 cachesize 150
Oct 10 19:26:55.387388 podb-esxi207 dnsmasq[2829267]: DNS service limited to local subnets
Oct 10 19:26:55.387403 podb-esxi207 dnsmasq[2829267]: compile time options: IPv6 GNU-getopt DBus no-UBus i18n IDN2 DHCP DHCPv6 no-Lua TFTP conntrack ipset no-nftset auth cryptohash DNSSEC loop-detect inotify dumpfile
Oct 10 19:26:55.387453 podb-esxi207 dnsmasq-dhcp[2829267]: DHCP, static leases only on 10.1.0.0, lease time 1d
Oct 10 19:26:55.387614 podb-esxi207 dnsmasq[2829267]: reading /etc/resolv.conf
Oct 10 19:26:55.387631 podb-esxi207 dnsmasq[2829267]: using nameserver 127.0.0.53#53
Oct 10 19:26:55.387747 podb-esxi207 dnsmasq[2829267]: read /opt/stack/data/neutron/dhcp/e2fc43b1-7d6d-4f2e-8b4b-d9e3103915de/addn_hosts - 2 names
Oct 10 19:26:55.387807 podb-esxi207 dnsmasq-dhcp[2829267]: read /opt/stack/data/neutron/dhcp/e2fc43b1-7d6d-4f2e-8b4b-d9e3103915de/host
Oct 10 19:26:55.387887 podb-esxi207 dnsmasq-dhcp[2829267]: read /opt/stack/data/neutron/dhcp/e2fc43b1-7d6d-4f2e-8b4b-d9e3103915de/opts
Oct 10 19:26:58.963642 podb-esxi207 dnsmasq[2828758]: read /opt/stack/data/neutron/dhcp/e8c7f45e-f38f-4465-86ca-6f27ceeb501b/addn_hosts - 2 names
Oct 10 19:26:58.963761 podb-esxi207 dnsmasq-dhcp[2828758]: read /opt/stack/data/neutron/dhcp/e8c7f45e-f38f-4465-86ca-6f27ceeb501b/host
Oct 10 19:26:58.963881 podb-esxi207 dnsmasq-dhcp[2828758]: read /opt/stack/data/neutron/dhcp/e8c7f45e-f38f-4465-86ca-6f27ceeb501b/opts
Oct 10 19:26:59.709521 podb-esxi207 dnsmasq[2827264]: read /opt/stack/data/neutron/dhcp/93f13948-f6b6-430f-a69f-6576d97043ac/addn_hosts - 2 names
Oct 10 19:26:59.709608 podb-esxi207 dnsmasq-dhcp[2827264]: read /opt/stack/data/neutron/dhcp/93f13948-f6b6-430f-a69f-6576d97043ac/host
Oct 10 19:26:59.709698 podb-esxi207 dnsmasq-dhcp[2827264]: read /opt/stack/data/neutron/dhcp/93f13948-f6b6-430f-a69f-6576d97043ac/opts
Oct 10 19:27:00.962866 podb-esxi207 dnsmasq[2829267]: read /opt/stack/data/neutron/dhcp/e2fc43b1-7d6d-4f2e-8b4b-d9e3103915de/addn_hosts - 2 names
Oct 10 19:27:00.962957 podb-esxi207 dnsmasq-dhcp[2829267]: read /opt/stack/data/neutron/dhcp/e2fc43b1-7d6d-4f2e-8b4b-d9e3103915de/host
Oct 10 19:27:00.963071 podb-esxi207 dnsmasq-dhcp[2829267]: read /opt/stack/data/neutron/dhcp/e2fc43b1-7d6d-4f2e-8b4b-d9e3103915de/opts
Oct 10 19:27:04.436359 podb-esxi207 dnsmasq[2830483]: started, version 2.90 cachesize 150
Oct 10 19:27:04.436388 podb-esxi207 dnsmasq[2830483]: DNS service limited to local subnets
Oct 10 19:27:04.436403 podb-esxi207 dnsmasq[2830483]: compile time options: IPv6 GNU-getopt DBus no-UBus i18n IDN2 DHCP DHCPv6 no-Lua TFTP conntrack ipset no-nftset auth cryptohash DNSSEC loop-detect inotify dumpfile
Oct 10 19:27:04.436442 podb-esxi207 dnsmasq-dhcp[2830483]: DHCP, static leases only on 10.1.0.0, lease time 1d
Oct 10 19:27:04.436605 podb-esxi207 dnsmasq[2830483]: reading /etc/resolv.conf
Oct 10 19:27:04.436622 podb-esxi207 dnsmasq[2830483]: using nameserver 127.0.0.53#53
Oct 10 19:27:04.436742 podb-esxi207 dnsmasq[2830483]: read /opt/stack/data/neutron/dhcp/cfbee219-2fcf-40e3-ad24-151d0dc95065/addn_hosts - 2 names
Oct 10 19:27:04.436800 podb-esxi207 dnsmasq-dhcp[2830483]: read /opt/stack/data/neutron/dhcp/cfbee219-2fcf-40e3-ad24-151d0dc95065/host
Oct 10 19:27:04.436866 podb-esxi207 dnsmasq-dhcp[2830483]: read /opt/stack/data/neutron/dhcp/cfbee219-2fcf-40e3-ad24-151d0dc95065/opts
Oct 10 19:27:04.968821 podb-esxi207 dnsmasq[2827816]: read /opt/stack/data/neutron/dhcp/91e20004-59d8-414d-ae8e-0235cb6aea85/addn_hosts - 2 names
Oct 10 19:27:04.968913 podb-esxi207 dnsmasq-dhcp[2827816]: read /opt/stack/data/neutron/dhcp/91e20004-59d8-414d-ae8e-0235cb6aea85/host
Oct 10 19:27:04.969021 podb-esxi207 dnsmasq-dhcp[2827816]: read /opt/stack/data/neutron/dhcp/91e20004-59d8-414d-ae8e-0235cb6aea85/opts
Oct 10 19:27:06.231223 podb-esxi207 dnsmasq[2828262]: read /opt/stack/data/neutron/dhcp/0e04c3d1-42a1-44d7-b01c-02be6b880fef/addn_hosts - 2 names
Oct 10 19:27:06.231315 podb-esxi207 dnsmasq-dhcp[2828262]: read /opt/stack/data/neutron/dhcp/0e04c3d1-42a1-44d7-b01c-02be6b880fef/host
Oct 10 19:27:06.231405 podb-esxi207 dnsmasq-dhcp[2828262]: read /opt/stack/data/neutron/dhcp/0e04c3d1-42a1-44d7-b01c-02be6b880fef/opts
Oct 10 19:27:06.985934 podb-esxi207 dnsmasq[2828758]: read /opt/stack/data/neutron/dhcp/e8c7f45e-f38f-4465-86ca-6f27ceeb501b/addn_hosts - 2 names
Oct 10 19:27:06.986028 podb-esxi207 dnsmasq-dhcp[2828758]: read /opt/stack/data/neutron/dhcp/e8c7f45e-f38f-4465-86ca-6f27ceeb501b/host
Oct 10 19:27:06.986101 podb-esxi207 dnsmasq-dhcp[2828758]: read /opt/stack/data/neutron/dhcp/e8c7f45e-f38f-4465-86ca-6f27ceeb501b/opts
Oct 10 19:27:07.736628 podb-esxi207 dnsmasq[2827264]: read /opt/stack/data/neutron/dhcp/93f13948-f6b6-430f-a69f-6576d97043ac/addn_hosts - 2 names
Oct 10 19:27:07.736720 podb-esxi207 dnsmasq-dhcp[2827264]: read /opt/stack/data/neutron/dhcp/93f13948-f6b6-430f-a69f-6576d97043ac/host
Oct 10 19:27:07.736811 podb-esxi207 dnsmasq-dhcp[2827264]: read /opt/stack/data/neutron/dhcp/93f13948-f6b6-430f-a69f-6576d97043ac/opts
Oct 10 19:27:10.569603 podb-esxi207 dnsmasq[2831301]: started, version 2.90 cachesize 150
Oct 10 19:27:10.569633 podb-esxi207 dnsmasq[2831301]: DNS service limited to local subnets
Oct 10 19:27:10.569649 podb-esxi207 dnsmasq[2831301]: compile time options: IPv6 GNU-getopt DBus no-UBus i18n IDN2 DHCP DHCPv6 no-Lua TFTP conntrack ipset no-nftset auth cryptohash DNSSEC loop-detect inotify dumpfile
Oct 10 19:27:10.569687 podb-esxi207 dnsmasq-dhcp[2831301]: DHCP, static leases only on 10.1.0.0, lease time 1d
Oct 10 19:27:10.569875 podb-esxi207 dnsmasq[2831301]: reading /etc/resolv.conf
Oct 10 19:27:10.569893 podb-esxi207 dnsmasq[2831301]: using nameserver 127.0.0.53#53
Oct 10 19:27:10.570004 podb-esxi207 dnsmasq[2831301]: read /opt/stack/data/neutron/dhcp/1204d20a-4c24-46fc-a29d-d03aa3556d28/addn_hosts - 2 names
Oct 10 19:27:10.570069 podb-esxi207 dnsmasq-dhcp[2831301]: read /opt/stack/data/neutron/dhcp/1204d20a-4c24-46fc-a29d-d03aa3556d28/host
Oct 10 19:27:10.570138 podb-esxi207 dnsmasq-dhcp[2831301]: read /opt/stack/data/neutron/dhcp/1204d20a-4c24-46fc-a29d-d03aa3556d28/opts
Oct 10 19:27:12.118726 podb-esxi207 dnsmasq[2827816]: read /opt/stack/data/neutron/dhcp/91e20004-59d8-414d-ae8e-0235cb6aea85/addn_hosts - 2 names
Oct 10 19:27:12.118818 podb-esxi207 dnsmasq-dhcp[2827816]: read /opt/stack/data/neutron/dhcp/91e20004-59d8-414d-ae8e-0235cb6aea85/host
Oct 10 19:27:12.118898 podb-esxi207 dnsmasq-dhcp[2827816]: read /opt/stack/data/neutron/dhcp/91e20004-59d8-414d-ae8e-0235cb6aea85/opts
Oct 10 19:27:13.373217 podb-esxi207 dnsmasq[2828262]: read /opt/stack/data/neutron/dhcp/0e04c3d1-42a1-44d7-b01c-02be6b880fef/addn_hosts - 2 names
Oct 10 19:27:13.373322 podb-esxi207 dnsmasq-dhcp[2828262]: read /opt/stack/data/neutron/dhcp/0e04c3d1-42a1-44d7-b01c-02be6b880fef/host
Oct 10 19:27:13.373426 podb-esxi207 dnsmasq-dhcp[2828262]: read /opt/stack/data/neutron/dhcp/0e04c3d1-42a1-44d7-b01c-02be6b880fef/opts
Oct 10 19:27:14.078855 podb-esxi207 dnsmasq[2828758]: read /opt/stack/data/neutron/dhcp/e8c7f45e-f38f-4465-86ca-6f27ceeb501b/addn_hosts - 2 names
Oct 10 19:27:14.078962 podb-esxi207 dnsmasq-dhcp[2828758]: read /opt/stack/data/neutron/dhcp/e8c7f45e-f38f-4465-86ca-6f27ceeb501b/host
Oct 10 19:27:14.079033 podb-esxi207 dnsmasq-dhcp[2828758]: read /opt/stack/data/neutron/dhcp/e8c7f45e-f38f-4465-86ca-6f27ceeb501b/opts
Oct 10 19:27:16.816593 podb-esxi207 dnsmasq[2831619]: started, version 2.90 cachesize 150
Oct 10 19:27:16.816615 podb-esxi207 dnsmasq[2831619]: DNS service limited to local subnets
Oct 10 19:27:16.816630 podb-esxi207 dnsmasq[2831619]: compile time options: IPv6 GNU-getopt DBus no-UBus i18n IDN2 DHCP DHCPv6 no-Lua TFTP conntrack ipset no-nftset auth cryptohash DNSSEC loop-detect inotify dumpfile
Oct 10 19:27:16.816670 podb-esxi207 dnsmasq-dhcp[2831619]: DHCP, static leases only on 10.1.0.0, lease time 1d
Oct 10 19:27:16.816816 podb-esxi207 dnsmasq[2831619]: reading /etc/resolv.conf
Oct 10 19:27:16.816832 podb-esxi207 dnsmasq[2831619]: using nameserver 127.0.0.53#53
Oct 10 19:27:16.816943 podb-esxi207 dnsmasq[2831619]: read /opt/stack/data/neutron/dhcp/c0b5a3bf-a1b7-49f7-9b2a-fd62ba7107f3/addn_hosts - 4 names
Oct 10 19:27:16.817003 podb-esxi207 dnsmasq-dhcp[2831619]: read /opt/stack/data/neutron/dhcp/c0b5a3bf-a1b7-49f7-9b2a-fd62ba7107f3/host
Oct 10 19:27:16.817067 podb-esxi207 dnsmasq-dhcp[2831619]: read /opt/stack/data/neutron/dhcp/c0b5a3bf-a1b7-49f7-9b2a-fd62ba7107f3/opts
Oct 10 19:27:19.367662 podb-esxi207 dnsmasq[2831697]: started, version 2.90 cachesize 150
Oct 10 19:27:19.367686 podb-esxi207 dnsmasq[2831697]: DNS service limited to local subnets
Oct 10 19:27:19.367700 podb-esxi207 dnsmasq[2831697]: compile time options: IPv6 GNU-getopt DBus no-UBus i18n IDN2 DHCP DHCPv6 no-Lua TFTP conntrack ipset no-nftset auth cryptohash DNSSEC loop-detect inotify dumpfile
Oct 10 19:27:19.367734 podb-esxi207 dnsmasq-dhcp[2831697]: DHCP, static leases only on 10.1.0.0, lease time 1d
Oct 10 19:27:19.367879 podb-esxi207 dnsmasq[2831697]: reading /etc/resolv.conf
Oct 10 19:27:19.367895 podb-esxi207 dnsmasq[2831697]: using nameserver 127.0.0.53#53
Oct 10 19:27:19.368002 podb-esxi207 dnsmasq[2831697]: read /opt/stack/data/neutron/dhcp/fbe04b26-6c7f-418d-a7ba-d885521015e6/addn_hosts - 4 names
Oct 10 19:27:19.368069 podb-esxi207 dnsmasq-dhcp[2831697]: read /opt/stack/data/neutron/dhcp/fbe04b26-6c7f-418d-a7ba-d885521015e6/host
Oct 10 19:27:19.368133 podb-esxi207 dnsmasq-dhcp[2831697]: read /opt/stack/data/neutron/dhcp/fbe04b26-6c7f-418d-a7ba-d885521015e6/opts
Oct 10 19:27:21.871775 podb-esxi207 dnsmasq[2831798]: started, version 2.90 cachesize 150
Oct 10 19:27:21.871797 podb-esxi207 dnsmasq[2831798]: DNS service limited to local subnets
Oct 10 19:27:21.871812 podb-esxi207 dnsmasq[2831798]: compile time options: IPv6 GNU-getopt DBus no-UBus i18n IDN2 DHCP DHCPv6 no-Lua TFTP conntrack ipset no-nftset auth cryptohash DNSSEC loop-detect inotify dumpfile
Oct 10 19:27:21.871846 podb-esxi207 dnsmasq-dhcp[2831798]: DHCP, static leases only on 10.1.0.0, lease time 1d
Oct 10 19:27:21.871989 podb-esxi207 dnsmasq[2831798]: reading /etc/resolv.conf
Oct 10 19:27:21.872005 podb-esxi207 dnsmasq[2831798]: using nameserver 127.0.0.53#53
Oct 10 19:27:21.872108 podb-esxi207 dnsmasq[2831798]: read /opt/stack/data/neutron/dhcp/cdd0bee7-062f-453d-a92c-824f536c5fe3/addn_hosts - 2 names
Oct 10 19:27:21.872161 podb-esxi207 dnsmasq-dhcp[2831798]: read /opt/stack/data/neutron/dhcp/cdd0bee7-062f-453d-a92c-824f536c5fe3/host
Oct 10 19:27:21.872231 podb-esxi207 dnsmasq-dhcp[2831798]: read /opt/stack/data/neutron/dhcp/cdd0bee7-062f-453d-a92c-824f536c5fe3/opts
Oct 10 19:27:24.369342 podb-esxi207 dnsmasq[2831909]: started, version 2.90 cachesize 150
Oct 10 19:27:24.369365 podb-esxi207 dnsmasq[2831909]: DNS service limited to local subnets
Oct 10 19:27:24.369380 podb-esxi207 dnsmasq[2831909]: compile time options: IPv6 GNU-getopt DBus no-UBus i18n IDN2 DHCP DHCPv6 no-Lua TFTP conntrack ipset no-nftset auth cryptohash DNSSEC loop-detect inotify dumpfile
Oct 10 19:27:24.369421 podb-esxi207 dnsmasq-dhcp[2831909]: DHCP, static leases only on 10.1.0.0, lease time 1d
Oct 10 19:27:24.369569 podb-esxi207 dnsmasq[2831909]: reading /etc/resolv.conf
Oct 10 19:27:24.369585 podb-esxi207 dnsmasq[2831909]: using nameserver 127.0.0.53#53
Oct 10 19:27:24.369692 podb-esxi207 dnsmasq[2831909]: read /opt/stack/data/neutron/dhcp/8ceff635-1899-453e-8c25-22878a4b64ff/addn_hosts - 2 names
Oct 10 19:27:24.369747 podb-esxi207 dnsmasq-dhcp[2831909]: read /opt/stack/data/neutron/dhcp/8ceff635-1899-453e-8c25-22878a4b64ff/host
Oct 10 19:27:24.369811 podb-esxi207 dnsmasq-dhcp[2831909]: read /opt/stack/data/neutron/dhcp/8ceff635-1899-453e-8c25-22878a4b64ff/opts
Oct 10 19:27:24.395936 podb-esxi207 dnsmasq[2827816]: exiting on receipt of SIGTERM
Oct 10 19:27:25.503658 podb-esxi207 dnsmasq[2828262]: exiting on receipt of SIGTERM
Oct 10 19:27:27.120841 podb-esxi207 dnsmasq[2830483]: read /opt/stack/data/neutron/dhcp/cfbee219-2fcf-40e3-ad24-151d0dc95065/addn_hosts - 2 names
Oct 10 19:27:27.120918 podb-esxi207 dnsmasq-dhcp[2830483]: read /opt/stack/data/neutron/dhcp/cfbee219-2fcf-40e3-ad24-151d0dc95065/host
Oct 10 19:27:27.120996 podb-esxi207 dnsmasq-dhcp[2830483]: read /opt/stack/data/neutron/dhcp/cfbee219-2fcf-40e3-ad24-151d0dc95065/opts
Oct 10 19:27:27.280879 podb-esxi207 dnsmasq-dhcp[2827264]: DHCPDISCOVER(tap545abfbf-7b) fa:16:3e:fc:1b:c8 no address available
Oct 10 19:27:28.340280 podb-esxi207 dnsmasq[2831301]: read /opt/stack/data/neutron/dhcp/1204d20a-4c24-46fc-a29d-d03aa3556d28/addn_hosts - 2 names
Oct 10 19:27:28.340370 podb-esxi207 dnsmasq-dhcp[2831301]: read /opt/stack/data/neutron/dhcp/1204d20a-4c24-46fc-a29d-d03aa3556d28/host
Oct 10 19:27:28.340459 podb-esxi207 dnsmasq-dhcp[2831301]: read /opt/stack/data/neutron/dhcp/1204d20a-4c24-46fc-a29d-d03aa3556d28/opts
Oct 10 19:27:29.563775 podb-esxi207 dnsmasq[2831619]: read /opt/stack/data/neutron/dhcp/c0b5a3bf-a1b7-49f7-9b2a-fd62ba7107f3/addn_hosts - 4 names
Oct 10 19:27:29.563858 podb-esxi207 dnsmasq-dhcp[2831619]: read /opt/stack/data/neutron/dhcp/c0b5a3bf-a1b7-49f7-9b2a-fd62ba7107f3/host
Oct 10 19:27:29.563934 podb-esxi207 dnsmasq-dhcp[2831619]: read /opt/stack/data/neutron/dhcp/c0b5a3bf-a1b7-49f7-9b2a-fd62ba7107f3/opts
Oct 10 19:27:29.815156 podb-esxi207 dnsmasq-dhcp[2828758]: DHCPDISCOVER(tapee86a689-d5) fa:16:3e:5c:3c:b3 no address available
Oct 10 19:27:30.788353 podb-esxi207 dnsmasq[2831697]: read /opt/stack/data/neutron/dhcp/fbe04b26-6c7f-418d-a7ba-d885521015e6/addn_hosts - 4 names
Oct 10 19:27:30.788480 podb-esxi207 dnsmasq-dhcp[2831697]: read /opt/stack/data/neutron/dhcp/fbe04b26-6c7f-418d-a7ba-d885521015e6/host
Oct 10 19:27:30.788586 podb-esxi207 dnsmasq-dhcp[2831697]: read /opt/stack/data/neutron/dhcp/fbe04b26-6c7f-418d-a7ba-d885521015e6/opts
Oct 10 19:27:31.120198 podb-esxi207 dnsmasq-dhcp[2827264]: DHCPDISCOVER(tap545abfbf-7b) fa:16:3e:fc:1b:c8 no address available
Oct 10 19:27:32.024016 podb-esxi207 dnsmasq[2831798]: read /opt/stack/data/neutron/dhcp/cdd0bee7-062f-453d-a92c-824f536c5fe3/addn_hosts - 2 names
Oct 10 19:27:32.024110 podb-esxi207 dnsmasq-dhcp[2831798]: read /opt/stack/data/neutron/dhcp/cdd0bee7-062f-453d-a92c-824f536c5fe3/host
Oct 10 19:27:32.024216 podb-esxi207 dnsmasq-dhcp[2831798]: read /opt/stack/data/neutron/dhcp/cdd0bee7-062f-453d-a92c-824f536c5fe3/opts
Oct 10 19:27:32.619075 podb-esxi207 dnsmasq-dhcp[2831619]: DHCPDISCOVER(tap4a8d399d-19) fa:16:3e:09:d0:a1
Oct 10 19:27:32.619084 podb-esxi207 dnsmasq-dhcp[2831619]: DHCPOFFER(tap4a8d399d-19) 10.1.0.12 fa:16:3e:09:d0:a1
Oct 10 19:27:32.629914 podb-esxi207 dnsmasq-dhcp[2831619]: DHCPREQUEST(tap4a8d399d-19) 10.1.0.12 fa:16:3e:09:d0:a1
Oct 10 19:27:32.629936 podb-esxi207 dnsmasq-dhcp[2831619]: DHCPACK(tap4a8d399d-19) 10.1.0.12 fa:16:3e:09:d0:a1 host-10-1-0-12
Oct 10 19:27:33.310853 podb-esxi207 dnsmasq[2831909]: read /opt/stack/data/neutron/dhcp/8ceff635-1899-453e-8c25-22878a4b64ff/addn_hosts - 2 names
Oct 10 19:27:33.310941 podb-esxi207 dnsmasq-dhcp[2831909]: read /opt/stack/data/neutron/dhcp/8ceff635-1899-453e-8c25-22878a4b64ff/host
Oct 10 19:27:33.311044 podb-esxi207 dnsmasq-dhcp[2831909]: read /opt/stack/data/neutron/dhcp/8ceff635-1899-453e-8c25-22878a4b64ff/opts
Oct 10 19:27:33.404480 podb-esxi207 dnsmasq-dhcp[2828758]: DHCPDISCOVER(tapee86a689-d5) fa:16:3e:5c:3c:b3 no address available
Oct 10 19:27:36.566403 podb-esxi207 dnsmasq[2829267]: read /opt/stack/data/neutron/dhcp/e2fc43b1-7d6d-4f2e-8b4b-d9e3103915de/addn_hosts - 2 names
Oct 10 19:27:36.566506 podb-esxi207 dnsmasq-dhcp[2829267]: read /opt/stack/data/neutron/dhcp/e2fc43b1-7d6d-4f2e-8b4b-d9e3103915de/host
Oct 10 19:27:36.566611 podb-esxi207 dnsmasq-dhcp[2829267]: read /opt/stack/data/neutron/dhcp/e2fc43b1-7d6d-4f2e-8b4b-d9e3103915de/opts
Oct 10 19:27:37.290320 podb-esxi207 dnsmasq[2830483]: read /opt/stack/data/neutron/dhcp/cfbee219-2fcf-40e3-ad24-151d0dc95065/addn_hosts - 2 names
Oct 10 19:27:37.290434 podb-esxi207 dnsmasq-dhcp[2830483]: read /opt/stack/data/neutron/dhcp/cfbee219-2fcf-40e3-ad24-151d0dc95065/host
Oct 10 19:27:37.290551 podb-esxi207 dnsmasq-dhcp[2830483]: read /opt/stack/data/neutron/dhcp/cfbee219-2fcf-40e3-ad24-151d0dc95065/opts
Oct 10 19:27:38.016435 podb-esxi207 dnsmasq[2831301]: read /opt/stack/data/neutron/dhcp/1204d20a-4c24-46fc-a29d-d03aa3556d28/addn_hosts - 2 names
Oct 10 19:27:38.016514 podb-esxi207 dnsmasq-dhcp[2831301]: read /opt/stack/data/neutron/dhcp/1204d20a-4c24-46fc-a29d-d03aa3556d28/host
Oct 10 19:27:38.016618 podb-esxi207 dnsmasq-dhcp[2831301]: read /opt/stack/data/neutron/dhcp/1204d20a-4c24-46fc-a29d-d03aa3556d28/opts
Oct 10 19:27:38.803050 podb-esxi207 dnsmasq-dhcp[2827264]: DHCPDISCOVER(tap545abfbf-7b) fa:16:3e:fc:1b:c8 no address available
Oct 10 19:27:38.849349 podb-esxi207 dnsmasq[2828758]: read /opt/stack/data/neutron/dhcp/e8c7f45e-f38f-4465-86ca-6f27ceeb501b/addn_hosts - 4 names
Oct 10 19:27:38.849452 podb-esxi207 dnsmasq-dhcp[2828758]: read /opt/stack/data/neutron/dhcp/e8c7f45e-f38f-4465-86ca-6f27ceeb501b/host
Oct 10 19:27:38.849562 podb-esxi207 dnsmasq-dhcp[2828758]: read /opt/stack/data/neutron/dhcp/e8c7f45e-f38f-4465-86ca-6f27ceeb501b/opts
Oct 10 19:27:39.573285 podb-esxi207 dnsmasq[2831619]: read /opt/stack/data/neutron/dhcp/c0b5a3bf-a1b7-49f7-9b2a-fd62ba7107f3/addn_hosts - 4 names
Oct 10 19:27:39.573391 podb-esxi207 dnsmasq-dhcp[2831619]: read /opt/stack/data/neutron/dhcp/c0b5a3bf-a1b7-49f7-9b2a-fd62ba7107f3/host
Oct 10 19:27:39.573496 podb-esxi207 dnsmasq-dhcp[2831619]: read /opt/stack/data/neutron/dhcp/c0b5a3bf-a1b7-49f7-9b2a-fd62ba7107f3/opts
Oct 10 19:27:40.307162 podb-esxi207 dnsmasq[2831697]: read /opt/stack/data/neutron/dhcp/fbe04b26-6c7f-418d-a7ba-d885521015e6/addn_hosts - 4 names
Oct 10 19:27:40.307303 podb-esxi207 dnsmasq-dhcp[2831697]: read /opt/stack/data/neutron/dhcp/fbe04b26-6c7f-418d-a7ba-d885521015e6/host
Oct 10 19:27:40.307416 podb-esxi207 dnsmasq-dhcp[2831697]: read /opt/stack/data/neutron/dhcp/fbe04b26-6c7f-418d-a7ba-d885521015e6/opts
Oct 10 19:27:41.021611 podb-esxi207 dnsmasq-dhcp[2828758]: DHCPDISCOVER(tapee86a689-d5) fa:16:3e:5c:3c:b3
Oct 10 19:27:41.021641 podb-esxi207 dnsmasq-dhcp[2828758]: DHCPOFFER(tapee86a689-d5) 10.1.0.6 fa:16:3e:5c:3c:b3
Oct 10 19:27:41.049318 podb-esxi207 dnsmasq-dhcp[2828758]: DHCPREQUEST(tapee86a689-d5) 10.1.0.6 fa:16:3e:5c:3c:b3
Oct 10 19:27:41.049355 podb-esxi207 dnsmasq-dhcp[2828758]: DHCPACK(tapee86a689-d5) 10.1.0.6 fa:16:3e:5c:3c:b3 host-10-1-0-6
Oct 10 19:27:41.529227 podb-esxi207 dnsmasq[2829267]: read /opt/stack/data/neutron/dhcp/e2fc43b1-7d6d-4f2e-8b4b-d9e3103915de/addn_hosts - 2 names
Oct 10 19:27:41.529343 podb-esxi207 dnsmasq-dhcp[2829267]: read /opt/stack/data/neutron/dhcp/e2fc43b1-7d6d-4f2e-8b4b-d9e3103915de/host
Oct 10 19:27:41.529472 podb-esxi207 dnsmasq-dhcp[2829267]: read /opt/stack/data/neutron/dhcp/e2fc43b1-7d6d-4f2e-8b4b-d9e3103915de/opts
Oct 10 19:27:42.239198 podb-esxi207 dnsmasq[2830483]: read /opt/stack/data/neutron/dhcp/cfbee219-2fcf-40e3-ad24-151d0dc95065/addn_hosts - 2 names
Oct 10 19:27:42.239312 podb-esxi207 dnsmasq-dhcp[2830483]: read /opt/stack/data/neutron/dhcp/cfbee219-2fcf-40e3-ad24-151d0dc95065/host
Oct 10 19:27:42.239436 podb-esxi207 dnsmasq-dhcp[2830483]: read /opt/stack/data/neutron/dhcp/cfbee219-2fcf-40e3-ad24-151d0dc95065/opts
Oct 10 19:27:42.987385 podb-esxi207 dnsmasq[2831301]: read /opt/stack/data/neutron/dhcp/1204d20a-4c24-46fc-a29d-d03aa3556d28/addn_hosts - 2 names
Oct 10 19:27:42.987520 podb-esxi207 dnsmasq-dhcp[2831301]: read /opt/stack/data/neutron/dhcp/1204d20a-4c24-46fc-a29d-d03aa3556d28/host
Oct 10 19:27:42.987634 podb-esxi207 dnsmasq-dhcp[2831301]: read /opt/stack/data/neutron/dhcp/1204d20a-4c24-46fc-a29d-d03aa3556d28/opts
Oct 10 19:27:43.730072 podb-esxi207 dnsmasq[2831619]: read /opt/stack/data/neutron/dhcp/c0b5a3bf-a1b7-49f7-9b2a-fd62ba7107f3/addn_hosts - 4 names
Oct 10 19:27:43.730162 podb-esxi207 dnsmasq-dhcp[2831619]: read /opt/stack/data/neutron/dhcp/c0b5a3bf-a1b7-49f7-9b2a-fd62ba7107f3/host
Oct 10 19:27:43.730241 podb-esxi207 dnsmasq-dhcp[2831619]: read /opt/stack/data/neutron/dhcp/c0b5a3bf-a1b7-49f7-9b2a-fd62ba7107f3/opts
Oct 10 19:27:44.473945 podb-esxi207 dnsmasq[2831697]: exiting on receipt of SIGTERM
Oct 10 19:27:45.660934 podb-esxi207 dnsmasq[2827264]: read /opt/stack/data/neutron/dhcp/93f13948-f6b6-430f-a69f-6576d97043ac/addn_hosts - 4 names
Oct 10 19:27:45.661072 podb-esxi207 dnsmasq-dhcp[2827264]: read /opt/stack/data/neutron/dhcp/93f13948-f6b6-430f-a69f-6576d97043ac/host
Oct 10 19:27:45.661192 podb-esxi207 dnsmasq-dhcp[2827264]: read /opt/stack/data/neutron/dhcp/93f13948-f6b6-430f-a69f-6576d97043ac/opts
Oct 10 19:27:45.898868 podb-esxi207 dnsmasq[2831798]: exiting on receipt of SIGTERM
Oct 10 19:27:47.012801 podb-esxi207 dnsmasq[2831619]: read /opt/stack/data/neutron/dhcp/c0b5a3bf-a1b7-49f7-9b2a-fd62ba7107f3/addn_hosts - 4 names
Oct 10 19:27:47.012957 podb-esxi207 dnsmasq-dhcp[2831619]: read /opt/stack/data/neutron/dhcp/c0b5a3bf-a1b7-49f7-9b2a-fd62ba7107f3/host
Oct 10 19:27:47.013078 podb-esxi207 dnsmasq-dhcp[2831619]: read /opt/stack/data/neutron/dhcp/c0b5a3bf-a1b7-49f7-9b2a-fd62ba7107f3/opts
Oct 10 19:27:47.768345 podb-esxi207 dnsmasq[2831909]: exiting on receipt of SIGTERM
Oct 10 19:27:51.012943 podb-esxi207 dnsmasq[2832464]: started, version 2.90 cachesize 150
Oct 10 19:27:51.012973 podb-esxi207 dnsmasq[2832464]: DNS service limited to local subnets
Oct 10 19:27:51.012988 podb-esxi207 dnsmasq[2832464]: compile time options: IPv6 GNU-getopt DBus no-UBus i18n IDN2 DHCP DHCPv6 no-Lua TFTP conntrack ipset no-nftset auth cryptohash DNSSEC loop-detect inotify dumpfile
Oct 10 19:27:51.013024 podb-esxi207 dnsmasq-dhcp[2832464]: DHCP, static leases only on 10.1.0.0, lease time 1d
Oct 10 19:27:51.013179 podb-esxi207 dnsmasq[2832464]: reading /etc/resolv.conf
Oct 10 19:27:51.013195 podb-esxi207 dnsmasq[2832464]: using nameserver 127.0.0.53#53
Oct 10 19:27:51.013285 podb-esxi207 dnsmasq[2832464]: read /opt/stack/data/neutron/dhcp/1cf7f117-6342-4e34-90b5-54fc224a76d3/addn_hosts - 0 names
Oct 10 19:27:51.013338 podb-esxi207 dnsmasq-dhcp[2832464]: read /opt/stack/data/neutron/dhcp/1cf7f117-6342-4e34-90b5-54fc224a76d3/host
Oct 10 19:27:51.013409 podb-esxi207 dnsmasq-dhcp[2832464]: read /opt/stack/data/neutron/dhcp/1cf7f117-6342-4e34-90b5-54fc224a76d3/opts
Oct 10 19:27:52.578531 podb-esxi207 dnsmasq[2832464]: read /opt/stack/data/neutron/dhcp/1cf7f117-6342-4e34-90b5-54fc224a76d3/addn_hosts - 2 names
Oct 10 19:27:52.578627 podb-esxi207 dnsmasq-dhcp[2832464]: read /opt/stack/data/neutron/dhcp/1cf7f117-6342-4e34-90b5-54fc224a76d3/host
Oct 10 19:27:52.578737 podb-esxi207 dnsmasq-dhcp[2832464]: read /opt/stack/data/neutron/dhcp/1cf7f117-6342-4e34-90b5-54fc224a76d3/opts
Oct 10 19:27:54.330254 podb-esxi207 dnsmasq-dhcp[2827264]: DHCPDISCOVER(tap545abfbf-7b) fa:16:3e:fc:1b:c8
Oct 10 19:27:54.330283 podb-esxi207 dnsmasq-dhcp[2827264]: DHCPOFFER(tap545abfbf-7b) 10.1.0.9 fa:16:3e:fc:1b:c8
Oct 10 19:27:54.356064 podb-esxi207 dnsmasq-dhcp[2827264]: DHCPREQUEST(tap545abfbf-7b) 10.1.0.9 fa:16:3e:fc:1b:c8
Oct 10 19:27:54.356097 podb-esxi207 dnsmasq-dhcp[2827264]: DHCPACK(tap545abfbf-7b) 10.1.0.9 fa:16:3e:fc:1b:c8 host-10-1-0-9
Oct 10 19:27:55.541119 podb-esxi207 dnsmasq[2832982]: started, version 2.90 cachesize 150
Oct 10 19:27:55.541148 podb-esxi207 dnsmasq[2832982]: DNS service limited to local subnets
Oct 10 19:27:55.541163 podb-esxi207 dnsmasq[2832982]: compile time options: IPv6 GNU-getopt DBus no-UBus i18n IDN2 DHCP DHCPv6 no-Lua TFTP conntrack ipset no-nftset auth cryptohash DNSSEC loop-detect inotify dumpfile
Oct 10 19:27:55.541208 podb-esxi207 dnsmasq-dhcp[2832982]: DHCP, static leases only on 10.1.0.0, lease time 1d
Oct 10 19:27:55.542067 podb-esxi207 dnsmasq[2832982]: reading /etc/resolv.conf
Oct 10 19:27:55.542086 podb-esxi207 dnsmasq[2832982]: using nameserver 127.0.0.53#53
Oct 10 19:27:55.542206 podb-esxi207 dnsmasq[2832982]: read /opt/stack/data/neutron/dhcp/62aef568-15d5-4a87-b349-2239a34a4f34/addn_hosts - 2 names
Oct 10 19:27:55.542288 podb-esxi207 dnsmasq-dhcp[2832982]: read /opt/stack/data/neutron/dhcp/62aef568-15d5-4a87-b349-2239a34a4f34/host
Oct 10 19:27:55.542365 podb-esxi207 dnsmasq-dhcp[2832982]: read /opt/stack/data/neutron/dhcp/62aef568-15d5-4a87-b349-2239a34a4f34/opts
Oct 10 19:27:58.211928 podb-esxi207 dnsmasq[2833309]: started, version 2.90 cachesize 150
Oct 10 19:27:58.211953 podb-esxi207 dnsmasq[2833309]: DNS service limited to local subnets
Oct 10 19:27:58.211968 podb-esxi207 dnsmasq[2833309]: compile time options: IPv6 GNU-getopt DBus no-UBus i18n IDN2 DHCP DHCPv6 no-Lua TFTP conntrack ipset no-nftset auth cryptohash DNSSEC loop-detect inotify dumpfile
Oct 10 19:27:58.212005 podb-esxi207 dnsmasq-dhcp[2833309]: DHCP, static leases only on 10.1.0.0, lease time 1d
Oct 10 19:27:58.212159 podb-esxi207 dnsmasq[2833309]: reading /etc/resolv.conf
Oct 10 19:27:58.212176 podb-esxi207 dnsmasq[2833309]: using nameserver 127.0.0.53#53
Oct 10 19:27:58.212292 podb-esxi207 dnsmasq[2833309]: read /opt/stack/data/neutron/dhcp/cbcf2bbd-e671-46d0-b43d-8273612054f8/addn_hosts - 2 names
Oct 10 19:27:58.212348 podb-esxi207 dnsmasq-dhcp[2833309]: read /opt/stack/data/neutron/dhcp/cbcf2bbd-e671-46d0-b43d-8273612054f8/host
Oct 10 19:27:58.212415 podb-esxi207 dnsmasq-dhcp[2833309]: read /opt/stack/data/neutron/dhcp/cbcf2bbd-e671-46d0-b43d-8273612054f8/opts
Oct 10 19:27:58.241196 podb-esxi207 dnsmasq[2831619]: exiting on receipt of SIGTERM
Oct 10 19:27:59.871879 podb-esxi207 dnsmasq[2832464]: read /opt/stack/data/neutron/dhcp/1cf7f117-6342-4e34-90b5-54fc224a76d3/addn_hosts - 2 names
Oct 10 19:27:59.871994 podb-esxi207 dnsmasq-dhcp[2832464]: read /opt/stack/data/neutron/dhcp/1cf7f117-6342-4e34-90b5-54fc224a76d3/host
Oct 10 19:27:59.872121 podb-esxi207 dnsmasq-dhcp[2832464]: read /opt/stack/data/neutron/dhcp/1cf7f117-6342-4e34-90b5-54fc224a76d3/opts
Oct 10 19:28:02.674338 podb-esxi207 dnsmasq[2833594]: started, version 2.90 cachesize 150
Oct 10 19:28:02.674367 podb-esxi207 dnsmasq[2833594]: DNS service limited to local subnets
Oct 10 19:28:02.674382 podb-esxi207 dnsmasq[2833594]: compile time options: IPv6 GNU-getopt DBus no-UBus i18n IDN2 DHCP DHCPv6 no-Lua TFTP conntrack ipset no-nftset auth cryptohash DNSSEC loop-detect inotify dumpfile
Oct 10 19:28:02.674419 podb-esxi207 dnsmasq-dhcp[2833594]: DHCP, static leases only on 10.1.0.0, lease time 1d
Oct 10 19:28:02.674568 podb-esxi207 dnsmasq[2833594]: reading /etc/resolv.conf
Oct 10 19:28:02.674586 podb-esxi207 dnsmasq[2833594]: using nameserver 127.0.0.53#53
Oct 10 19:28:02.674713 podb-esxi207 dnsmasq[2833594]: read /opt/stack/data/neutron/dhcp/edd56b42-4321-4639-ac16-06ce139b8086/addn_hosts - 2 names
Oct 10 19:28:02.674778 podb-esxi207 dnsmasq-dhcp[2833594]: read /opt/stack/data/neutron/dhcp/edd56b42-4321-4639-ac16-06ce139b8086/host
Oct 10 19:28:02.674844 podb-esxi207 dnsmasq-dhcp[2833594]: read /opt/stack/data/neutron/dhcp/edd56b42-4321-4639-ac16-06ce139b8086/opts
Oct 10 19:28:03.713749 podb-esxi207 dnsmasq[2832982]: read /opt/stack/data/neutron/dhcp/62aef568-15d5-4a87-b349-2239a34a4f34/addn_hosts - 2 names
Oct 10 19:28:03.713917 podb-esxi207 dnsmasq-dhcp[2832982]: read /opt/stack/data/neutron/dhcp/62aef568-15d5-4a87-b349-2239a34a4f34/host
Oct 10 19:28:03.714046 podb-esxi207 dnsmasq-dhcp[2832982]: read /opt/stack/data/neutron/dhcp/62aef568-15d5-4a87-b349-2239a34a4f34/opts
Oct 10 19:28:04.956700 podb-esxi207 dnsmasq[2833309]: read /opt/stack/data/neutron/dhcp/cbcf2bbd-e671-46d0-b43d-8273612054f8/addn_hosts - 2 names
Oct 10 19:28:04.956834 podb-esxi207 dnsmasq-dhcp[2833309]: read /opt/stack/data/neutron/dhcp/cbcf2bbd-e671-46d0-b43d-8273612054f8/host
Oct 10 19:28:04.956956 podb-esxi207 dnsmasq-dhcp[2833309]: read /opt/stack/data/neutron/dhcp/cbcf2bbd-e671-46d0-b43d-8273612054f8/opts
Oct 10 19:28:06.211072 podb-esxi207 dnsmasq[2832464]: read /opt/stack/data/neutron/dhcp/1cf7f117-6342-4e34-90b5-54fc224a76d3/addn_hosts - 2 names
Oct 10 19:28:06.211213 podb-esxi207 dnsmasq-dhcp[2832464]: read /opt/stack/data/neutron/dhcp/1cf7f117-6342-4e34-90b5-54fc224a76d3/host
Oct 10 19:28:06.211320 podb-esxi207 dnsmasq-dhcp[2832464]: read /opt/stack/data/neutron/dhcp/1cf7f117-6342-4e34-90b5-54fc224a76d3/opts
Oct 10 19:28:09.006283 podb-esxi207 dnsmasq[2834119]: started, version 2.90 cachesize 150
Oct 10 19:28:09.006309 podb-esxi207 dnsmasq[2834119]: DNS service limited to local subnets
Oct 10 19:28:09.006324 podb-esxi207 dnsmasq[2834119]: compile time options: IPv6 GNU-getopt DBus no-UBus i18n IDN2 DHCP DHCPv6 no-Lua TFTP conntrack ipset no-nftset auth cryptohash DNSSEC loop-detect inotify dumpfile
Oct 10 19:28:09.006367 podb-esxi207 dnsmasq-dhcp[2834119]: DHCP, static leases only on 10.10.10.0, lease time 1d
Oct 10 19:28:09.006518 podb-esxi207 dnsmasq[2834119]: reading /etc/resolv.conf
Oct 10 19:28:09.006535 podb-esxi207 dnsmasq[2834119]: using nameserver 127.0.0.53#53
Oct 10 19:28:09.006621 podb-esxi207 dnsmasq[2834119]: read /opt/stack/data/neutron/dhcp/a0152301-77db-45d0-8355-c5dd696eb850/addn_hosts - 0 names
Oct 10 19:28:09.006672 podb-esxi207 dnsmasq-dhcp[2834119]: read /opt/stack/data/neutron/dhcp/a0152301-77db-45d0-8355-c5dd696eb850/host
Oct 10 19:28:09.006740 podb-esxi207 dnsmasq-dhcp[2834119]: read /opt/stack/data/neutron/dhcp/a0152301-77db-45d0-8355-c5dd696eb850/opts
Oct 10 19:28:10.047384 podb-esxi207 dnsmasq[2833594]: read /opt/stack/data/neutron/dhcp/edd56b42-4321-4639-ac16-06ce139b8086/addn_hosts - 2 names
Oct 10 19:28:10.047467 podb-esxi207 dnsmasq-dhcp[2833594]: read /opt/stack/data/neutron/dhcp/edd56b42-4321-4639-ac16-06ce139b8086/host
Oct 10 19:28:10.047580 podb-esxi207 dnsmasq-dhcp[2833594]: read /opt/stack/data/neutron/dhcp/edd56b42-4321-4639-ac16-06ce139b8086/opts
Oct 10 19:28:10.793574 podb-esxi207 dnsmasq[2832982]: read /opt/stack/data/neutron/dhcp/62aef568-15d5-4a87-b349-2239a34a4f34/addn_hosts - 2 names
Oct 10 19:28:10.793736 podb-esxi207 dnsmasq-dhcp[2832982]: read /opt/stack/data/neutron/dhcp/62aef568-15d5-4a87-b349-2239a34a4f34/host
Oct 10 19:28:10.793926 podb-esxi207 dnsmasq-dhcp[2832982]: read /opt/stack/data/neutron/dhcp/62aef568-15d5-4a87-b349-2239a34a4f34/opts
Oct 10 19:28:11.550384 podb-esxi207 dnsmasq[2833309]: read /opt/stack/data/neutron/dhcp/cbcf2bbd-e671-46d0-b43d-8273612054f8/addn_hosts - 2 names
Oct 10 19:28:11.550520 podb-esxi207 dnsmasq-dhcp[2833309]: read /opt/stack/data/neutron/dhcp/cbcf2bbd-e671-46d0-b43d-8273612054f8/host
Oct 10 19:28:11.550640 podb-esxi207 dnsmasq-dhcp[2833309]: read /opt/stack/data/neutron/dhcp/cbcf2bbd-e671-46d0-b43d-8273612054f8/opts
Oct 10 19:28:12.799291 podb-esxi207 dnsmasq[2832464]: read /opt/stack/data/neutron/dhcp/1cf7f117-6342-4e34-90b5-54fc224a76d3/addn_hosts - 4 names
Oct 10 19:28:12.799391 podb-esxi207 dnsmasq-dhcp[2832464]: read /opt/stack/data/neutron/dhcp/1cf7f117-6342-4e34-90b5-54fc224a76d3/host
Oct 10 19:28:12.799495 podb-esxi207 dnsmasq-dhcp[2832464]: read /opt/stack/data/neutron/dhcp/1cf7f117-6342-4e34-90b5-54fc224a76d3/opts
Oct 10 19:28:14.035399 podb-esxi207 dnsmasq[2834119]: read /opt/stack/data/neutron/dhcp/a0152301-77db-45d0-8355-c5dd696eb850/addn_hosts - 0 names
Oct 10 19:28:14.035472 podb-esxi207 dnsmasq-dhcp[2834119]: read /opt/stack/data/neutron/dhcp/a0152301-77db-45d0-8355-c5dd696eb850/host
Oct 10 19:28:14.035575 podb-esxi207 dnsmasq-dhcp[2834119]: read /opt/stack/data/neutron/dhcp/a0152301-77db-45d0-8355-c5dd696eb850/opts
Oct 10 19:28:14.775991 podb-esxi207 dnsmasq[2833594]: read /opt/stack/data/neutron/dhcp/edd56b42-4321-4639-ac16-06ce139b8086/addn_hosts - 2 names
Oct 10 19:28:14.776076 podb-esxi207 dnsmasq-dhcp[2833594]: read /opt/stack/data/neutron/dhcp/edd56b42-4321-4639-ac16-06ce139b8086/host
Oct 10 19:28:14.776186 podb-esxi207 dnsmasq-dhcp[2833594]: read /opt/stack/data/neutron/dhcp/edd56b42-4321-4639-ac16-06ce139b8086/opts
Oct 10 19:28:15.516521 podb-esxi207 dnsmasq[2832982]: read /opt/stack/data/neutron/dhcp/62aef568-15d5-4a87-b349-2239a34a4f34/addn_hosts - 2 names
Oct 10 19:28:15.516603 podb-esxi207 dnsmasq-dhcp[2832982]: read /opt/stack/data/neutron/dhcp/62aef568-15d5-4a87-b349-2239a34a4f34/host
Oct 10 19:28:15.516706 podb-esxi207 dnsmasq-dhcp[2832982]: read /opt/stack/data/neutron/dhcp/62aef568-15d5-4a87-b349-2239a34a4f34/opts
Oct 10 19:28:16.253682 podb-esxi207 dnsmasq[2833309]: read /opt/stack/data/neutron/dhcp/cbcf2bbd-e671-46d0-b43d-8273612054f8/addn_hosts - 2 names
Oct 10 19:28:16.253765 podb-esxi207 dnsmasq-dhcp[2833309]: read /opt/stack/data/neutron/dhcp/cbcf2bbd-e671-46d0-b43d-8273612054f8/host
Oct 10 19:28:16.253907 podb-esxi207 dnsmasq-dhcp[2833309]: read /opt/stack/data/neutron/dhcp/cbcf2bbd-e671-46d0-b43d-8273612054f8/opts
Oct 10 19:28:17.494915 podb-esxi207 dnsmasq[2833594]: read /opt/stack/data/neutron/dhcp/edd56b42-4321-4639-ac16-06ce139b8086/addn_hosts - 2 names
Oct 10 19:28:17.494997 podb-esxi207 dnsmasq-dhcp[2833594]: read /opt/stack/data/neutron/dhcp/edd56b42-4321-4639-ac16-06ce139b8086/host
Oct 10 19:28:17.495101 podb-esxi207 dnsmasq-dhcp[2833594]: read /opt/stack/data/neutron/dhcp/edd56b42-4321-4639-ac16-06ce139b8086/opts
Oct 10 19:28:25.578057 podb-esxi207 dnsmasq[2834553]: started, version 2.90 cachesize 150
Oct 10 19:28:25.578079 podb-esxi207 dnsmasq[2834553]: DNS service limited to local subnets
Oct 10 19:28:25.578094 podb-esxi207 dnsmasq[2834553]: compile time options: IPv6 GNU-getopt DBus no-UBus i18n IDN2 DHCP DHCPv6 no-Lua TFTP conntrack ipset no-nftset auth cryptohash DNSSEC loop-detect inotify dumpfile
Oct 10 19:28:25.578129 podb-esxi207 dnsmasq-dhcp[2834553]: DHCP, static leases only on 10.1.1.0, lease time 1d
Oct 10 19:28:25.578281 podb-esxi207 dnsmasq[2834553]: reading /etc/resolv.conf
Oct 10 19:28:25.578297 podb-esxi207 dnsmasq[2834553]: using nameserver 127.0.0.53#53
Oct 10 19:28:25.578373 podb-esxi207 dnsmasq[2834553]: read /opt/stack/data/neutron/dhcp/090e34e5-d033-4dc4-aa88-708d1e983d32/addn_hosts - 0 names
Oct 10 19:28:25.578423 podb-esxi207 dnsmasq-dhcp[2834553]: read /opt/stack/data/neutron/dhcp/090e34e5-d033-4dc4-aa88-708d1e983d32/host
Oct 10 19:28:25.578484 podb-esxi207 dnsmasq-dhcp[2834553]: read /opt/stack/data/neutron/dhcp/090e34e5-d033-4dc4-aa88-708d1e983d32/opts
Oct 10 19:28:28.652629 podb-esxi207 dnsmasq[2834633]: started, version 2.90 cachesize 150
Oct 10 19:28:28.652651 podb-esxi207 dnsmasq[2834633]: DNS service limited to local subnets
Oct 10 19:28:28.652666 podb-esxi207 dnsmasq[2834633]: compile time options: IPv6 GNU-getopt DBus no-UBus i18n IDN2 DHCP DHCPv6 no-Lua TFTP conntrack ipset no-nftset auth cryptohash DNSSEC loop-detect inotify dumpfile
Oct 10 19:28:28.652699 podb-esxi207 dnsmasq-dhcp[2834633]: DHCP, static leases only on 10.2.2.0, lease time 1d
Oct 10 19:28:28.652843 podb-esxi207 dnsmasq[2834633]: reading /etc/resolv.conf
Oct 10 19:28:28.652860 podb-esxi207 dnsmasq[2834633]: using nameserver 127.0.0.53#53
Oct 10 19:28:28.652941 podb-esxi207 dnsmasq[2834633]: read /opt/stack/data/neutron/dhcp/43e64ca6-99b4-4279-98fe-af0efb3f48d5/addn_hosts - 0 names
Oct 10 19:28:28.652989 podb-esxi207 dnsmasq-dhcp[2834633]: read /opt/stack/data/neutron/dhcp/43e64ca6-99b4-4279-98fe-af0efb3f48d5/host
Oct 10 19:28:28.653044 podb-esxi207 dnsmasq-dhcp[2834633]: read /opt/stack/data/neutron/dhcp/43e64ca6-99b4-4279-98fe-af0efb3f48d5/opts
Oct 10 19:28:29.688937 podb-esxi207 dnsmasq[2834553]: read /opt/stack/data/neutron/dhcp/090e34e5-d033-4dc4-aa88-708d1e983d32/addn_hosts - 4 names
Oct 10 19:28:29.689062 podb-esxi207 dnsmasq-dhcp[2834553]: read /opt/stack/data/neutron/dhcp/090e34e5-d033-4dc4-aa88-708d1e983d32/host
Oct 10 19:28:29.689140 podb-esxi207 dnsmasq-dhcp[2834553]: read /opt/stack/data/neutron/dhcp/090e34e5-d033-4dc4-aa88-708d1e983d32/opts
Oct 10 19:28:31.313235 podb-esxi207 dnsmasq-dhcp[2832464]: DHCPDISCOVER(tapa02383ed-c4) fa:16:3e:a8:79:9a
Oct 10 19:28:31.313263 podb-esxi207 dnsmasq-dhcp[2832464]: DHCPOFFER(tapa02383ed-c4) 10.1.0.4 fa:16:3e:a8:79:9a
Oct 10 19:28:31.323747 podb-esxi207 dnsmasq-dhcp[2832464]: DHCPREQUEST(tapa02383ed-c4) 10.1.0.4 fa:16:3e:a8:79:9a
Oct 10 19:28:31.323779 podb-esxi207 dnsmasq-dhcp[2832464]: DHCPACK(tapa02383ed-c4) 10.1.0.4 fa:16:3e:a8:79:9a host-10-1-0-4
Oct 10 19:28:31.424753 podb-esxi207 dnsmasq[2834633]: read /opt/stack/data/neutron/dhcp/43e64ca6-99b4-4279-98fe-af0efb3f48d5/addn_hosts - 0 names
Oct 10 19:28:31.424829 podb-esxi207 dnsmasq-dhcp[2834633]: read /opt/stack/data/neutron/dhcp/43e64ca6-99b4-4279-98fe-af0efb3f48d5/host
Oct 10 19:28:31.424898 podb-esxi207 dnsmasq-dhcp[2834633]: read /opt/stack/data/neutron/dhcp/43e64ca6-99b4-4279-98fe-af0efb3f48d5/opts
Oct 10 19:28:31.650860 podb-esxi207 sudo[2834668]:    stack : PWD=/ ; USER=root ; COMMAND=/opt/stack/data/venv/bin/neutron-rootwrap /etc/neutron/rootwrap.conf privsep-helper --config-file /etc/neutron/neutron.conf --config-file /etc/neutron/dhcp_agent.ini --privsep_context neutron.privileged.dhcp_release_cmd --privsep_sock_path /tmp/tmpjzjjt74o/privsep.sock
Oct 10 19:28:31.651915 podb-esxi207 sudo[2834668]: pam_unix(sudo:session): session opened for user root(uid=0) by (uid=1001)
Oct 10 19:28:32.373484 podb-esxi207 sudo[2834668]: pam_unix(sudo:session): session closed for user root
Oct 10 19:28:32.606373 podb-esxi207 dnsmasq-dhcp[2828758]: DHCPRELEASE(tapee86a689-d5) 10.1.0.6 fa:16:3e:5c:3c:b3
Oct 10 19:28:32.618782 podb-esxi207 dnsmasq-dhcp[2828758]: DHCPRELEASE(tapee86a689-d5) 10.1.0.6 fa:16:3e:5c:3c:b3 unknown lease
Oct 10 19:28:33.440801 podb-esxi207 dnsmasq[2828758]: read /opt/stack/data/neutron/dhcp/e8c7f45e-f38f-4465-86ca-6f27ceeb501b/addn_hosts - 2 names
Oct 10 19:28:33.440907 podb-esxi207 dnsmasq-dhcp[2828758]: read /opt/stack/data/neutron/dhcp/e8c7f45e-f38f-4465-86ca-6f27ceeb501b/host
Oct 10 19:28:33.441007 podb-esxi207 dnsmasq-dhcp[2828758]: read /opt/stack/data/neutron/dhcp/e8c7f45e-f38f-4465-86ca-6f27ceeb501b/opts
Oct 10 19:28:34.168215 podb-esxi207 dnsmasq[2834553]: read /opt/stack/data/neutron/dhcp/090e34e5-d033-4dc4-aa88-708d1e983d32/addn_hosts - 4 names
Oct 10 19:28:34.168323 podb-esxi207 dnsmasq-dhcp[2834553]: read /opt/stack/data/neutron/dhcp/090e34e5-d033-4dc4-aa88-708d1e983d32/host
Oct 10 19:28:34.168405 podb-esxi207 dnsmasq-dhcp[2834553]: read /opt/stack/data/neutron/dhcp/090e34e5-d033-4dc4-aa88-708d1e983d32/opts
Oct 10 19:28:35.409337 podb-esxi207 dnsmasq[2832982]: read /opt/stack/data/neutron/dhcp/62aef568-15d5-4a87-b349-2239a34a4f34/addn_hosts - 4 names
Oct 10 19:28:35.409485 podb-esxi207 dnsmasq-dhcp[2832982]: read /opt/stack/data/neutron/dhcp/62aef568-15d5-4a87-b349-2239a34a4f34/host
Oct 10 19:28:35.409594 podb-esxi207 dnsmasq-dhcp[2832982]: read /opt/stack/data/neutron/dhcp/62aef568-15d5-4a87-b349-2239a34a4f34/opts
Oct 10 19:28:36.157018 podb-esxi207 dnsmasq[2834633]: read /opt/stack/data/neutron/dhcp/43e64ca6-99b4-4279-98fe-af0efb3f48d5/addn_hosts - 2 names
Oct 10 19:28:36.157128 podb-esxi207 dnsmasq-dhcp[2834633]: read /opt/stack/data/neutron/dhcp/43e64ca6-99b4-4279-98fe-af0efb3f48d5/host
