Oct 10 20:06:57.027594 podb-esxi207 dnsmasq-dhcp[2882609]: read /opt/stack/data/neutron/dhcp/9ea363a0-8591-4a57-9648-4a441185837e/host
Oct 10 20:06:57.027653 podb-esxi207 dnsmasq-dhcp[2882609]: read /opt/stack/data/neutron/dhcp/9ea363a0-8591-4a57-9648-4a441185837e/opts
Oct 10 20:06:58.572083 podb-esxi207 dnsmasq[2882609]: read /opt/stack/data/neutron/dhcp/9ea363a0-8591-4a57-9648-4a441185837e/addn_hosts - 2 names
Oct 10 20:06:58.572205 podb-esxi207 dnsmasq-dhcp[2882609]: read /opt/stack/data/neutron/dhcp/9ea363a0-8591-4a57-9648-4a441185837e/host
Oct 10 20:06:58.572310 podb-esxi207 dnsmasq-dhcp[2882609]: read /opt/stack/data/neutron/dhcp/9ea363a0-8591-4a57-9648-4a441185837e/opts
Oct 10 20:06:59.832970 podb-esxi207 dnsmasq[2882609]: read /opt/stack/data/neutron/dhcp/9ea363a0-8591-4a57-9648-4a441185837e/addn_hosts - 2 names
Oct 10 20:06:59.833073 podb-esxi207 dnsmasq-dhcp[2882609]: read /opt/stack/data/neutron/dhcp/9ea363a0-8591-4a57-9648-4a441185837e/host
Oct 10 20:06:59.833143 podb-esxi207 dnsmasq-dhcp[2882609]: read /opt/stack/data/neutron/dhcp/9ea363a0-8591-4a57-9648-4a441185837e/opts
Oct 10 20:07:01.094438 podb-esxi207 dnsmasq[2882609]: read /opt/stack/data/neutron/dhcp/9ea363a0-8591-4a57-9648-4a441185837e/addn_hosts - 2 names
Oct 10 20:07:01.094534 podb-esxi207 dnsmasq-dhcp[2882609]: read /opt/stack/data/neutron/dhcp/9ea363a0-8591-4a57-9648-4a441185837e/host
Oct 10 20:07:01.094639 podb-esxi207 dnsmasq-dhcp[2882609]: read /opt/stack/data/neutron/dhcp/9ea363a0-8591-4a57-9648-4a441185837e/opts
Oct 10 20:07:21.933390 podb-esxi207 dnsmasq[2880529]: read /opt/stack/data/neutron/dhcp/f1d722ad-68ec-47ef-a641-d9d3d8551f39/addn_hosts - 6 names
Oct 10 20:07:21.933521 podb-esxi207 dnsmasq-dhcp[2880529]: read /opt/stack/data/neutron/dhcp/f1d722ad-68ec-47ef-a641-d9d3d8551f39/host
Oct 10 20:07:21.933652 podb-esxi207 dnsmasq-dhcp[2880529]: read /opt/stack/data/neutron/dhcp/f1d722ad-68ec-47ef-a641-d9d3d8551f39/opts
Oct 10 20:07:43.341992 podb-esxi207 dnsmasq-dhcp[2880529]: DHCPDISCOVER(tapf3373cff-53) fa:16:3e:6e:9b:0e
Oct 10 20:07:43.342019 podb-esxi207 dnsmasq-dhcp[2880529]: DHCPOFFER(tapf3373cff-53) 10.1.0.14 fa:16:3e:6e:9b:0e
Oct 10 20:07:43.350712 podb-esxi207 dnsmasq-dhcp[2880529]: DHCPREQUEST(tapf3373cff-53) 10.1.0.14 fa:16:3e:6e:9b:0e
Oct 10 20:07:43.350745 podb-esxi207 dnsmasq-dhcp[2880529]: DHCPACK(tapf3373cff-53) 10.1.0.14 fa:16:3e:6e:9b:0e host-10-1-0-14
Oct 10 20:08:20.788075 podb-esxi207 dnsmasq[2882609]: read /opt/stack/data/neutron/dhcp/9ea363a0-8591-4a57-9648-4a441185837e/addn_hosts - 4 names
Oct 10 20:08:20.788204 podb-esxi207 dnsmasq-dhcp[2882609]: read /opt/stack/data/neutron/dhcp/9ea363a0-8591-4a57-9648-4a441185837e/host
Oct 10 20:08:20.788309 podb-esxi207 dnsmasq-dhcp[2882609]: read /opt/stack/data/neutron/dhcp/9ea363a0-8591-4a57-9648-4a441185837e/opts
Oct 10 20:08:44.610219 podb-esxi207 dnsmasq-dhcp[2882609]: DHCPDISCOVER(tap3c68f3db-bf) fa:16:3e:61:6a:99
Oct 10 20:08:44.610245 podb-esxi207 dnsmasq-dhcp[2882609]: DHCPOFFER(tap3c68f3db-bf) 10.1.0.4 fa:16:3e:61:6a:99
Oct 10 20:08:44.620967 podb-esxi207 dnsmasq-dhcp[2882609]: DHCPREQUEST(tap3c68f3db-bf) 10.1.0.4 fa:16:3e:61:6a:99
Oct 10 20:08:44.620998 podb-esxi207 dnsmasq-dhcp[2882609]: DHCPACK(tap3c68f3db-bf) 10.1.0.4 fa:16:3e:61:6a:99 host-10-1-0-4
Oct 10 20:09:00.323773 podb-esxi207 dnsmasq-dhcp[2880529]: DHCPRELEASE(tapf3373cff-53) 10.1.0.14 fa:16:3e:6e:9b:0e
Oct 10 20:09:00.341393 podb-esxi207 dnsmasq-dhcp[2880529]: DHCPRELEASE(tapf3373cff-53) 10.1.0.14 fa:16:3e:6e:9b:0e unknown lease
Oct 10 20:09:01.166805 podb-esxi207 dnsmasq[2880529]: read /opt/stack/data/neutron/dhcp/f1d722ad-68ec-47ef-a641-d9d3d8551f39/addn_hosts - 4 names
Oct 10 20:09:01.166926 podb-esxi207 dnsmasq-dhcp[2880529]: read /opt/stack/data/neutron/dhcp/f1d722ad-68ec-47ef-a641-d9d3d8551f39/host
Oct 10 20:09:01.167051 podb-esxi207 dnsmasq-dhcp[2880529]: read /opt/stack/data/neutron/dhcp/f1d722ad-68ec-47ef-a641-d9d3d8551f39/opts
Oct 10 20:11:47.990371 podb-esxi207 dnsmasq-dhcp[2880529]: DHCPRELEASE(tapf3373cff-53) 10.1.0.7 fa:16:3e:0f:ad:2c
Oct 10 20:11:48.009841 podb-esxi207 dnsmasq-dhcp[2880529]: DHCPRELEASE(tapf3373cff-53) 10.1.0.7 fa:16:3e:0f:ad:2c unknown lease
Oct 10 20:11:48.838684 podb-esxi207 dnsmasq[2880529]: read /opt/stack/data/neutron/dhcp/f1d722ad-68ec-47ef-a641-d9d3d8551f39/addn_hosts - 2 names
Oct 10 20:11:48.838832 podb-esxi207 dnsmasq-dhcp[2880529]: read /opt/stack/data/neutron/dhcp/f1d722ad-68ec-47ef-a641-d9d3d8551f39/host
Oct 10 20:11:48.838947 podb-esxi207 dnsmasq-dhcp[2880529]: read /opt/stack/data/neutron/dhcp/f1d722ad-68ec-47ef-a641-d9d3d8551f39/opts
Oct 10 20:12:01.585406 podb-esxi207 dnsmasq[2880529]: read /opt/stack/data/neutron/dhcp/f1d722ad-68ec-47ef-a641-d9d3d8551f39/addn_hosts - 4 names
Oct 10 20:12:01.585515 podb-esxi207 dnsmasq-dhcp[2880529]: read /opt/stack/data/neutron/dhcp/f1d722ad-68ec-47ef-a641-d9d3d8551f39/host
Oct 10 20:12:01.585635 podb-esxi207 dnsmasq-dhcp[2880529]: read /opt/stack/data/neutron/dhcp/f1d722ad-68ec-47ef-a641-d9d3d8551f39/opts
Oct 10 20:12:22.794833 podb-esxi207 dnsmasq-dhcp[2882609]: DHCPRELEASE(tap3c68f3db-bf) 10.1.0.4 fa:16:3e:61:6a:99
Oct 10 20:12:22.809912 podb-esxi207 dnsmasq-dhcp[2882609]: DHCPRELEASE(tap3c68f3db-bf) 10.1.0.4 fa:16:3e:61:6a:99 unknown lease
Oct 10 20:12:23.632072 podb-esxi207 dnsmasq[2882609]: read /opt/stack/data/neutron/dhcp/9ea363a0-8591-4a57-9648-4a441185837e/addn_hosts - 2 names
Oct 10 20:12:23.632147 podb-esxi207 dnsmasq-dhcp[2882609]: read /opt/stack/data/neutron/dhcp/9ea363a0-8591-4a57-9648-4a441185837e/host
Oct 10 20:12:23.632216 podb-esxi207 dnsmasq-dhcp[2882609]: read /opt/stack/data/neutron/dhcp/9ea363a0-8591-4a57-9648-4a441185837e/opts
Oct 10 20:12:25.041565 podb-esxi207 dnsmasq-dhcp[2880529]: DHCPDISCOVER(tapf3373cff-53) fa:16:3e:06:04:55
Oct 10 20:12:25.041592 podb-esxi207 dnsmasq-dhcp[2880529]: DHCPOFFER(tapf3373cff-53) 10.1.0.9 fa:16:3e:06:04:55
Oct 10 20:12:25.050899 podb-esxi207 dnsmasq-dhcp[2880529]: DHCPREQUEST(tapf3373cff-53) 10.1.0.9 fa:16:3e:06:04:55
Oct 10 20:12:25.050924 podb-esxi207 dnsmasq-dhcp[2880529]: DHCPACK(tapf3373cff-53) 10.1.0.9 fa:16:3e:06:04:55 host-10-1-0-9
Oct 10 20:13:53.871106 podb-esxi207 dnsmasq-dhcp[2880529]: DHCPRELEASE(tapf3373cff-53) 10.1.0.9 fa:16:3e:06:04:55
Oct 10 20:13:53.887639 podb-esxi207 dnsmasq-dhcp[2880529]: DHCPRELEASE(tapf3373cff-53) 10.1.0.9 fa:16:3e:06:04:55 unknown lease
Oct 10 20:13:54.711501 podb-esxi207 dnsmasq[2880529]: read /opt/stack/data/neutron/dhcp/f1d722ad-68ec-47ef-a641-d9d3d8551f39/addn_hosts - 2 names
Oct 10 20:13:54.711587 podb-esxi207 dnsmasq-dhcp[2880529]: read /opt/stack/data/neutron/dhcp/f1d722ad-68ec-47ef-a641-d9d3d8551f39/host
Oct 10 20:13:54.711659 podb-esxi207 dnsmasq-dhcp[2880529]: read /opt/stack/data/neutron/dhcp/f1d722ad-68ec-47ef-a641-d9d3d8551f39/opts
Oct 10 20:14:00.032256 podb-esxi207 dnsmasq[2880529]: read /opt/stack/data/neutron/dhcp/f1d722ad-68ec-47ef-a641-d9d3d8551f39/addn_hosts - 0 names
Oct 10 20:14:00.032336 podb-esxi207 dnsmasq-dhcp[2880529]: read /opt/stack/data/neutron/dhcp/f1d722ad-68ec-47ef-a641-d9d3d8551f39/host
Oct 10 20:14:00.032408 podb-esxi207 dnsmasq-dhcp[2880529]: read /opt/stack/data/neutron/dhcp/f1d722ad-68ec-47ef-a641-d9d3d8551f39/opts
Oct 10 20:14:00.889435 podb-esxi207 dnsmasq[2880529]: exiting on receipt of SIGTERM
Oct 10 20:14:01.995862 podb-esxi207 dnsmasq[2880902]: read /opt/stack/data/neutron/dhcp/ac4551dc-a4ee-481c-939c-72b4bb2e1ffe/addn_hosts - 0 names
Oct 10 20:14:01.995968 podb-esxi207 dnsmasq-dhcp[2880902]: read /opt/stack/data/neutron/dhcp/ac4551dc-a4ee-481c-939c-72b4bb2e1ffe/host
Oct 10 20:14:01.996060 podb-esxi207 dnsmasq-dhcp[2880902]: read /opt/stack/data/neutron/dhcp/ac4551dc-a4ee-481c-939c-72b4bb2e1ffe/opts
Oct 10 20:14:02.730000 podb-esxi207 dnsmasq[2880902]: exiting on receipt of SIGTERM
Oct 10 20:16:43.064092 podb-esxi207 dnsmasq[2882609]: read /opt/stack/data/neutron/dhcp/9ea363a0-8591-4a57-9648-4a441185837e/addn_hosts - 0 names
Oct 10 20:16:43.064224 podb-esxi207 dnsmasq-dhcp[2882609]: read /opt/stack/data/neutron/dhcp/9ea363a0-8591-4a57-9648-4a441185837e/host
Oct 10 20:16:43.064322 podb-esxi207 dnsmasq-dhcp[2882609]: read /opt/stack/data/neutron/dhcp/9ea363a0-8591-4a57-9648-4a441185837e/opts
Oct 10 20:16:44.169218 podb-esxi207 dnsmasq[2882609]: exiting on receipt of SIGTERM
Oct 10 20:16:49.028766 podb-esxi207 dnsmasq[2887721]: started, version 2.90 cachesize 150
Oct 10 20:16:49.028796 podb-esxi207 dnsmasq[2887721]: DNS service limited to local subnets
Oct 10 20:16:49.028812 podb-esxi207 dnsmasq[2887721]: compile time options: IPv6 GNU-getopt DBus no-UBus i18n IDN2 DHCP DHCPv6 no-Lua TFTP conntrack ipset no-nftset auth cryptohash DNSSEC loop-detect inotify dumpfile
Oct 10 20:16:49.028848 podb-esxi207 dnsmasq-dhcp[2887721]: DHCP, static leases only on 10.1.0.0, lease time 1d
Oct 10 20:16:49.029000 podb-esxi207 dnsmasq[2887721]: reading /etc/resolv.conf
Oct 10 20:16:49.029017 podb-esxi207 dnsmasq[2887721]: using nameserver 127.0.0.53#53
Oct 10 20:16:49.029112 podb-esxi207 dnsmasq[2887721]: read /opt/stack/data/neutron/dhcp/9165adb2-e73a-4282-a44f-62bc9f872ed5/addn_hosts - 0 names
Oct 10 20:16:49.029164 podb-esxi207 dnsmasq-dhcp[2887721]: read /opt/stack/data/neutron/dhcp/9165adb2-e73a-4282-a44f-62bc9f872ed5/host
Oct 10 20:16:49.029221 podb-esxi207 dnsmasq-dhcp[2887721]: read /opt/stack/data/neutron/dhcp/9165adb2-e73a-4282-a44f-62bc9f872ed5/opts
Oct 10 20:16:52.745262 podb-esxi207 dnsmasq[2887985]: started, version 2.90 cachesize 150
Oct 10 20:16:52.745291 podb-esxi207 dnsmasq[2887985]: DNS service limited to local subnets
Oct 10 20:16:52.745306 podb-esxi207 dnsmasq[2887985]: compile time options: IPv6 GNU-getopt DBus no-UBus i18n IDN2 DHCP DHCPv6 no-Lua TFTP conntrack ipset no-nftset auth cryptohash DNSSEC loop-detect inotify dumpfile
Oct 10 20:16:52.745341 podb-esxi207 dnsmasq-dhcp[2887985]: DHCP, static leases only on 10.1.0.0, lease time 1d
Oct 10 20:16:52.745501 podb-esxi207 dnsmasq[2887985]: reading /etc/resolv.conf
Oct 10 20:16:52.745517 podb-esxi207 dnsmasq[2887985]: using nameserver 127.0.0.53#53
Oct 10 20:16:52.745605 podb-esxi207 dnsmasq[2887985]: read /opt/stack/data/neutron/dhcp/4ad717ff-a9b1-42ed-a561-ddba05dafd8b/addn_hosts - 0 names
Oct 10 20:16:52.745657 podb-esxi207 dnsmasq-dhcp[2887985]: read /opt/stack/data/neutron/dhcp/4ad717ff-a9b1-42ed-a561-ddba05dafd8b/host
Oct 10 20:16:52.745722 podb-esxi207 dnsmasq-dhcp[2887985]: read /opt/stack/data/neutron/dhcp/4ad717ff-a9b1-42ed-a561-ddba05dafd8b/opts
Oct 10 20:16:53.784133 podb-esxi207 dnsmasq[2887721]: read /opt/stack/data/neutron/dhcp/9165adb2-e73a-4282-a44f-62bc9f872ed5/addn_hosts - 2 names
Oct 10 20:16:53.784211 podb-esxi207 dnsmasq-dhcp[2887721]: read /opt/stack/data/neutron/dhcp/9165adb2-e73a-4282-a44f-62bc9f872ed5/host
Oct 10 20:16:53.784292 podb-esxi207 dnsmasq-dhcp[2887721]: read /opt/stack/data/neutron/dhcp/9165adb2-e73a-4282-a44f-62bc9f872ed5/opts
Oct 10 20:16:55.543885 podb-esxi207 dnsmasq[2887985]: read /opt/stack/data/neutron/dhcp/4ad717ff-a9b1-42ed-a561-ddba05dafd8b/addn_hosts - 2 names
Oct 10 20:16:55.544032 podb-esxi207 dnsmasq-dhcp[2887985]: read /opt/stack/data/neutron/dhcp/4ad717ff-a9b1-42ed-a561-ddba05dafd8b/host
Oct 10 20:16:55.544123 podb-esxi207 dnsmasq-dhcp[2887985]: read /opt/stack/data/neutron/dhcp/4ad717ff-a9b1-42ed-a561-ddba05dafd8b/opts
Oct 10 20:16:56.299632 podb-esxi207 dnsmasq[2887721]: read /opt/stack/data/neutron/dhcp/9165adb2-e73a-4282-a44f-62bc9f872ed5/addn_hosts - 2 names
Oct 10 20:16:56.299722 podb-esxi207 dnsmasq-dhcp[2887721]: read /opt/stack/data/neutron/dhcp/9165adb2-e73a-4282-a44f-62bc9f872ed5/host
Oct 10 20:16:56.299830 podb-esxi207 dnsmasq-dhcp[2887721]: read /opt/stack/data/neutron/dhcp/9165adb2-e73a-4282-a44f-62bc9f872ed5/opts
Oct 10 20:16:57.553003 podb-esxi207 dnsmasq[2887985]: read /opt/stack/data/neutron/dhcp/4ad717ff-a9b1-42ed-a561-ddba05dafd8b/addn_hosts - 2 names
Oct 10 20:16:57.553088 podb-esxi207 dnsmasq-dhcp[2887985]: read /opt/stack/data/neutron/dhcp/4ad717ff-a9b1-42ed-a561-ddba05dafd8b/host
Oct 10 20:16:57.553189 podb-esxi207 dnsmasq-dhcp[2887985]: read /opt/stack/data/neutron/dhcp/4ad717ff-a9b1-42ed-a561-ddba05dafd8b/opts
Oct 10 20:16:58.304125 podb-esxi207 dnsmasq[2887721]: read /opt/stack/data/neutron/dhcp/9165adb2-e73a-4282-a44f-62bc9f872ed5/addn_hosts - 2 names
Oct 10 20:16:58.304227 podb-esxi207 dnsmasq-dhcp[2887721]: read /opt/stack/data/neutron/dhcp/9165adb2-e73a-4282-a44f-62bc9f872ed5/host
Oct 10 20:16:58.304332 podb-esxi207 dnsmasq-dhcp[2887721]: read /opt/stack/data/neutron/dhcp/9165adb2-e73a-4282-a44f-62bc9f872ed5/opts
Oct 10 20:16:59.559775 podb-esxi207 dnsmasq[2887985]: read /opt/stack/data/neutron/dhcp/4ad717ff-a9b1-42ed-a561-ddba05dafd8b/addn_hosts - 2 names
Oct 10 20:16:59.559911 podb-esxi207 dnsmasq-dhcp[2887985]: read /opt/stack/data/neutron/dhcp/4ad717ff-a9b1-42ed-a561-ddba05dafd8b/host
Oct 10 20:16:59.560025 podb-esxi207 dnsmasq-dhcp[2887985]: read /opt/stack/data/neutron/dhcp/4ad717ff-a9b1-42ed-a561-ddba05dafd8b/opts
Oct 10 20:17:00.817836 podb-esxi207 dnsmasq[2887721]: read /opt/stack/data/neutron/dhcp/9165adb2-e73a-4282-a44f-62bc9f872ed5/addn_hosts - 4 names
Oct 10 20:17:00.817964 podb-esxi207 dnsmasq-dhcp[2887721]: read /opt/stack/data/neutron/dhcp/9165adb2-e73a-4282-a44f-62bc9f872ed5/host
Oct 10 20:17:00.818068 podb-esxi207 dnsmasq-dhcp[2887721]: read /opt/stack/data/neutron/dhcp/9165adb2-e73a-4282-a44f-62bc9f872ed5/opts
Oct 10 20:17:26.566171 podb-esxi207 dnsmasq-dhcp[2887721]: DHCPDISCOVER(tapc5c49a56-45) fa:16:3e:99:77:95
Oct 10 20:17:26.566195 podb-esxi207 dnsmasq-dhcp[2887721]: DHCPOFFER(tapc5c49a56-45) 10.1.0.12 fa:16:3e:99:77:95
Oct 10 20:17:26.578082 podb-esxi207 dnsmasq-dhcp[2887721]: DHCPREQUEST(tapc5c49a56-45) 10.1.0.12 fa:16:3e:99:77:95
Oct 10 20:17:26.578114 podb-esxi207 dnsmasq-dhcp[2887721]: DHCPACK(tapc5c49a56-45) 10.1.0.12 fa:16:3e:99:77:95 host-10-1-0-12
Oct 10 20:19:10.039059 podb-esxi207 dnsmasq-dhcp[2887721]: DHCPREQUEST(tapc5c49a56-45) 10.1.0.12 fa:16:3e:99:77:95
Oct 10 20:19:10.039088 podb-esxi207 dnsmasq-dhcp[2887721]: DHCPACK(tapc5c49a56-45) 10.1.0.12 fa:16:3e:99:77:95 host-10-1-0-12
Oct 10 20:20:20.497295 podb-esxi207 dnsmasq-dhcp[2887721]: DHCPRELEASE(tapc5c49a56-45) 10.1.0.12 fa:16:3e:99:77:95
Oct 10 20:20:20.515243 podb-esxi207 dnsmasq-dhcp[2887721]: DHCPRELEASE(tapc5c49a56-45) 10.1.0.12 fa:16:3e:99:77:95 unknown lease
Oct 10 20:20:21.341748 podb-esxi207 dnsmasq[2887721]: read /opt/stack/data/neutron/dhcp/9165adb2-e73a-4282-a44f-62bc9f872ed5/addn_hosts - 2 names
Oct 10 20:20:21.341895 podb-esxi207 dnsmasq-dhcp[2887721]: read /opt/stack/data/neutron/dhcp/9165adb2-e73a-4282-a44f-62bc9f872ed5/host
Oct 10 20:20:21.342008 podb-esxi207 dnsmasq-dhcp[2887721]: read /opt/stack/data/neutron/dhcp/9165adb2-e73a-4282-a44f-62bc9f872ed5/opts
Oct 10 20:20:34.690572 podb-esxi207 dnsmasq[2887721]: read /opt/stack/data/neutron/dhcp/9165adb2-e73a-4282-a44f-62bc9f872ed5/addn_hosts - 4 names
Oct 10 20:20:34.690661 podb-esxi207 dnsmasq-dhcp[2887721]: read /opt/stack/data/neutron/dhcp/9165adb2-e73a-4282-a44f-62bc9f872ed5/host
Oct 10 20:20:34.690733 podb-esxi207 dnsmasq-dhcp[2887721]: read /opt/stack/data/neutron/dhcp/9165adb2-e73a-4282-a44f-62bc9f872ed5/opts
Oct 10 20:20:56.613413 podb-esxi207 dnsmasq-dhcp[2887721]: DHCPDISCOVER(tapc5c49a56-45) fa:16:3e:fb:4a:2c
Oct 10 20:20:56.613438 podb-esxi207 dnsmasq-dhcp[2887721]: DHCPOFFER(tapc5c49a56-45) 10.1.0.4 fa:16:3e:fb:4a:2c
Oct 10 20:20:56.624033 podb-esxi207 dnsmasq-dhcp[2887721]: DHCPREQUEST(tapc5c49a56-45) 10.1.0.4 fa:16:3e:fb:4a:2c
Oct 10 20:20:56.624063 podb-esxi207 dnsmasq-dhcp[2887721]: DHCPACK(tapc5c49a56-45) 10.1.0.4 fa:16:3e:fb:4a:2c host-10-1-0-4
Oct 10 20:21:59.183493 podb-esxi207 dnsmasq-dhcp[2887721]: DHCPREQUEST(tapc5c49a56-45) 10.1.0.4 fa:16:3e:fb:4a:2c
Oct 10 20:21:59.183528 podb-esxi207 dnsmasq-dhcp[2887721]: DHCPACK(tapc5c49a56-45) 10.1.0.4 fa:16:3e:fb:4a:2c host-10-1-0-4
Oct 10 20:23:07.464027 podb-esxi207 dnsmasq-dhcp[2887721]: DHCPRELEASE(tapc5c49a56-45) 10.1.0.4 fa:16:3e:fb:4a:2c
Oct 10 20:23:07.481620 podb-esxi207 dnsmasq-dhcp[2887721]: DHCPRELEASE(tapc5c49a56-45) 10.1.0.4 fa:16:3e:fb:4a:2c unknown lease
Oct 10 20:23:08.307141 podb-esxi207 dnsmasq[2887721]: read /opt/stack/data/neutron/dhcp/9165adb2-e73a-4282-a44f-62bc9f872ed5/addn_hosts - 2 names
Oct 10 20:23:08.307223 podb-esxi207 dnsmasq-dhcp[2887721]: read /opt/stack/data/neutron/dhcp/9165adb2-e73a-4282-a44f-62bc9f872ed5/host
Oct 10 20:23:08.307299 podb-esxi207 dnsmasq-dhcp[2887721]: read /opt/stack/data/neutron/dhcp/9165adb2-e73a-4282-a44f-62bc9f872ed5/opts
Oct 10 20:23:13.683356 podb-esxi207 dnsmasq[2887721]: read /opt/stack/data/neutron/dhcp/9165adb2-e73a-4282-a44f-62bc9f872ed5/addn_hosts - 0 names
Oct 10 20:23:13.683475 podb-esxi207 dnsmasq-dhcp[2887721]: read /opt/stack/data/neutron/dhcp/9165adb2-e73a-4282-a44f-62bc9f872ed5/host
Oct 10 20:23:13.683602 podb-esxi207 dnsmasq-dhcp[2887721]: read /opt/stack/data/neutron/dhcp/9165adb2-e73a-4282-a44f-62bc9f872ed5/opts
Oct 10 20:23:14.713312 podb-esxi207 dnsmasq[2887721]: exiting on receipt of SIGTERM
Oct 10 20:23:15.823415 podb-esxi207 dnsmasq[2887985]: read /opt/stack/data/neutron/dhcp/4ad717ff-a9b1-42ed-a561-ddba05dafd8b/addn_hosts - 0 names
Oct 10 20:23:15.823486 podb-esxi207 dnsmasq-dhcp[2887985]: read /opt/stack/data/neutron/dhcp/4ad717ff-a9b1-42ed-a561-ddba05dafd8b/host
Oct 10 20:23:15.823587 podb-esxi207 dnsmasq-dhcp[2887985]: read /opt/stack/data/neutron/dhcp/4ad717ff-a9b1-42ed-a561-ddba05dafd8b/opts
Oct 10 20:23:16.701752 podb-esxi207 dnsmasq[2887985]: exiting on receipt of SIGTERM
Oct 10 20:23:21.203800 podb-esxi207 dnsmasq[2891485]: started, version 2.90 cachesize 150
Oct 10 20:23:21.203818 podb-esxi207 dnsmasq[2891485]: DNS service limited to local subnets
Oct 10 20:23:21.203826 podb-esxi207 dnsmasq[2891485]: compile time options: IPv6 GNU-getopt DBus no-UBus i18n IDN2 DHCP DHCPv6 no-Lua TFTP conntrack ipset no-nftset auth cryptohash DNSSEC loop-detect inotify dumpfile
Oct 10 20:23:21.203846 podb-esxi207 dnsmasq-dhcp[2891485]: DHCP, static leases only on 10.1.0.0, lease time 1d
Oct 10 20:23:21.203933 podb-esxi207 dnsmasq[2891485]: reading /etc/resolv.conf
Oct 10 20:23:21.203943 podb-esxi207 dnsmasq[2891485]: using nameserver 127.0.0.53#53
Oct 10 20:23:21.203996 podb-esxi207 dnsmasq[2891485]: read /opt/stack/data/neutron/dhcp/3f843d25-93f6-4e98-bb81-f6d984fdb9c0/addn_hosts - 0 names
Oct 10 20:23:21.204024 podb-esxi207 dnsmasq-dhcp[2891485]: read /opt/stack/data/neutron/dhcp/3f843d25-93f6-4e98-bb81-f6d984fdb9c0/host
Oct 10 20:23:21.204061 podb-esxi207 dnsmasq-dhcp[2891485]: read /opt/stack/data/neutron/dhcp/3f843d25-93f6-4e98-bb81-f6d984fdb9c0/opts
Oct 10 20:23:22.751407 podb-esxi207 dnsmasq[2891485]: read /opt/stack/data/neutron/dhcp/3f843d25-93f6-4e98-bb81-f6d984fdb9c0/addn_hosts - 2 names
Oct 10 20:23:22.751498 podb-esxi207 dnsmasq-dhcp[2891485]: read /opt/stack/data/neutron/dhcp/3f843d25-93f6-4e98-bb81-f6d984fdb9c0/host
Oct 10 20:23:22.751617 podb-esxi207 dnsmasq-dhcp[2891485]: read /opt/stack/data/neutron/dhcp/3f843d25-93f6-4e98-bb81-f6d984fdb9c0/opts
Oct 10 20:23:25.606343 podb-esxi207 dnsmasq[2892107]: started, version 2.90 cachesize 150
Oct 10 20:23:25.606373 podb-esxi207 dnsmasq[2892107]: DNS service limited to local subnets
Oct 10 20:23:25.606388 podb-esxi207 dnsmasq[2892107]: compile time options: IPv6 GNU-getopt DBus no-UBus i18n IDN2 DHCP DHCPv6 no-Lua TFTP conntrack ipset no-nftset auth cryptohash DNSSEC loop-detect inotify dumpfile
Oct 10 20:23:25.606423 podb-esxi207 dnsmasq-dhcp[2892107]: DHCP, static leases only on 10.1.0.0, lease time 1d
Oct 10 20:23:25.606578 podb-esxi207 dnsmasq[2892107]: reading /etc/resolv.conf
Oct 10 20:23:25.606595 podb-esxi207 dnsmasq[2892107]: using nameserver 127.0.0.53#53
Oct 10 20:23:25.606706 podb-esxi207 dnsmasq[2892107]: read /opt/stack/data/neutron/dhcp/f742788a-d654-4599-881e-f7838e2e1830/addn_hosts - 0 names
Oct 10 20:23:25.606757 podb-esxi207 dnsmasq-dhcp[2892107]: read /opt/stack/data/neutron/dhcp/f742788a-d654-4599-881e-f7838e2e1830/host
Oct 10 20:23:25.606820 podb-esxi207 dnsmasq-dhcp[2892107]: read /opt/stack/data/neutron/dhcp/f742788a-d654-4599-881e-f7838e2e1830/opts
Oct 10 20:23:26.648413 podb-esxi207 dnsmasq[2891485]: read /opt/stack/data/neutron/dhcp/3f843d25-93f6-4e98-bb81-f6d984fdb9c0/addn_hosts - 2 names
Oct 10 20:23:26.648524 podb-esxi207 dnsmasq-dhcp[2891485]: read /opt/stack/data/neutron/dhcp/3f843d25-93f6-4e98-bb81-f6d984fdb9c0/host
Oct 10 20:23:26.648661 podb-esxi207 dnsmasq-dhcp[2891485]: read /opt/stack/data/neutron/dhcp/3f843d25-93f6-4e98-bb81-f6d984fdb9c0/opts
Oct 10 20:23:27.897858 podb-esxi207 dnsmasq[2892107]: read /opt/stack/data/neutron/dhcp/f742788a-d654-4599-881e-f7838e2e1830/addn_hosts - 2 names
Oct 10 20:23:27.897968 podb-esxi207 dnsmasq-dhcp[2892107]: read /opt/stack/data/neutron/dhcp/f742788a-d654-4599-881e-f7838e2e1830/host
Oct 10 20:23:27.898073 podb-esxi207 dnsmasq-dhcp[2892107]: read /opt/stack/data/neutron/dhcp/f742788a-d654-4599-881e-f7838e2e1830/opts
Oct 10 20:23:29.155505 podb-esxi207 dnsmasq[2891485]: read /opt/stack/data/neutron/dhcp/3f843d25-93f6-4e98-bb81-f6d984fdb9c0/addn_hosts - 2 names
Oct 10 20:23:29.155594 podb-esxi207 dnsmasq-dhcp[2891485]: read /opt/stack/data/neutron/dhcp/3f843d25-93f6-4e98-bb81-f6d984fdb9c0/host
Oct 10 20:23:29.155686 podb-esxi207 dnsmasq-dhcp[2891485]: read /opt/stack/data/neutron/dhcp/3f843d25-93f6-4e98-bb81-f6d984fdb9c0/opts
Oct 10 20:23:29.899189 podb-esxi207 dnsmasq[2892107]: read /opt/stack/data/neutron/dhcp/f742788a-d654-4599-881e-f7838e2e1830/addn_hosts - 2 names
Oct 10 20:23:29.899280 podb-esxi207 dnsmasq-dhcp[2892107]: read /opt/stack/data/neutron/dhcp/f742788a-d654-4599-881e-f7838e2e1830/host
Oct 10 20:23:29.899397 podb-esxi207 dnsmasq-dhcp[2892107]: read /opt/stack/data/neutron/dhcp/f742788a-d654-4599-881e-f7838e2e1830/opts
Oct 10 20:23:31.157650 podb-esxi207 dnsmasq[2892107]: read /opt/stack/data/neutron/dhcp/f742788a-d654-4599-881e-f7838e2e1830/addn_hosts - 2 names
Oct 10 20:23:31.157741 podb-esxi207 dnsmasq-dhcp[2892107]: read /opt/stack/data/neutron/dhcp/f742788a-d654-4599-881e-f7838e2e1830/host
Oct 10 20:23:31.157857 podb-esxi207 dnsmasq-dhcp[2892107]: read /opt/stack/data/neutron/dhcp/f742788a-d654-4599-881e-f7838e2e1830/opts
Oct 10 20:23:31.916330 podb-esxi207 dnsmasq[2891485]: read /opt/stack/data/neutron/dhcp/3f843d25-93f6-4e98-bb81-f6d984fdb9c0/addn_hosts - 4 names
Oct 10 20:23:31.916457 podb-esxi207 dnsmasq-dhcp[2891485]: read /opt/stack/data/neutron/dhcp/3f843d25-93f6-4e98-bb81-f6d984fdb9c0/host
Oct 10 20:23:31.916616 podb-esxi207 dnsmasq-dhcp[2891485]: read /opt/stack/data/neutron/dhcp/3f843d25-93f6-4e98-bb81-f6d984fdb9c0/opts
Oct 10 20:23:53.924403 podb-esxi207 dnsmasq-dhcp[2891485]: DHCPDISCOVER(tap57ca9254-f9) fa:16:3e:77:71:06
Oct 10 20:23:53.924431 podb-esxi207 dnsmasq-dhcp[2891485]: DHCPOFFER(tap57ca9254-f9) 10.1.0.10 fa:16:3e:77:71:06
Oct 10 20:23:53.936089 podb-esxi207 dnsmasq-dhcp[2891485]: DHCPREQUEST(tap57ca9254-f9) 10.1.0.10 fa:16:3e:77:71:06
Oct 10 20:23:53.936122 podb-esxi207 dnsmasq-dhcp[2891485]: DHCPACK(tap57ca9254-f9) 10.1.0.10 fa:16:3e:77:71:06 host-10-1-0-10
Oct 10 20:25:29.767559 podb-esxi207 dnsmasq-dhcp[2891485]: DHCPRELEASE(tap57ca9254-f9) 10.1.0.10 fa:16:3e:77:71:06
Oct 10 20:25:29.785057 podb-esxi207 dnsmasq-dhcp[2891485]: DHCPRELEASE(tap57ca9254-f9) 10.1.0.10 fa:16:3e:77:71:06 unknown lease
Oct 10 20:25:30.609828 podb-esxi207 dnsmasq[2891485]: read /opt/stack/data/neutron/dhcp/3f843d25-93f6-4e98-bb81-f6d984fdb9c0/addn_hosts - 2 names
Oct 10 20:25:30.609959 podb-esxi207 dnsmasq-dhcp[2891485]: read /opt/stack/data/neutron/dhcp/3f843d25-93f6-4e98-bb81-f6d984fdb9c0/host
Oct 10 20:25:30.610059 podb-esxi207 dnsmasq-dhcp[2891485]: read /opt/stack/data/neutron/dhcp/3f843d25-93f6-4e98-bb81-f6d984fdb9c0/opts
Oct 10 20:25:35.522022 podb-esxi207 dnsmasq[2891485]: read /opt/stack/data/neutron/dhcp/3f843d25-93f6-4e98-bb81-f6d984fdb9c0/addn_hosts - 0 names
Oct 10 20:25:35.522096 podb-esxi207 dnsmasq-dhcp[2891485]: read /opt/stack/data/neutron/dhcp/3f843d25-93f6-4e98-bb81-f6d984fdb9c0/host
Oct 10 20:25:35.522152 podb-esxi207 dnsmasq-dhcp[2891485]: read /opt/stack/data/neutron/dhcp/3f843d25-93f6-4e98-bb81-f6d984fdb9c0/opts
Oct 10 20:25:36.460764 podb-esxi207 dnsmasq[2891485]: exiting on receipt of SIGTERM
Oct 10 20:25:37.576798 podb-esxi207 dnsmasq[2892107]: read /opt/stack/data/neutron/dhcp/f742788a-d654-4599-881e-f7838e2e1830/addn_hosts - 0 names
Oct 10 20:25:37.576866 podb-esxi207 dnsmasq-dhcp[2892107]: read /opt/stack/data/neutron/dhcp/f742788a-d654-4599-881e-f7838e2e1830/host
Oct 10 20:25:37.576928 podb-esxi207 dnsmasq-dhcp[2892107]: read /opt/stack/data/neutron/dhcp/f742788a-d654-4599-881e-f7838e2e1830/opts
Oct 10 20:25:38.333748 podb-esxi207 dnsmasq[2892107]: exiting on receipt of SIGTERM
