Oct 10 19:30:57.111560 podb-esxi207 dnsmasq-dhcp[2837022]: read /opt/stack/data/neutron/dhcp/19633add-43f0-449b-bb5f-220797347331/host
Oct 10 19:30:57.111661 podb-esxi207 dnsmasq-dhcp[2837022]: read /opt/stack/data/neutron/dhcp/19633add-43f0-449b-bb5f-220797347331/opts
Oct 10 19:30:58.369797 podb-esxi207 dnsmasq[2837112]: exiting on receipt of SIGTERM
Oct 10 19:30:58.982706 podb-esxi207 dnsmasq[2837022]: exiting on receipt of SIGTERM
Oct 10 19:31:11.782223 podb-esxi207 dnsmasq[2835148]: read /opt/stack/data/neutron/dhcp/2c200a03-fb8d-4512-83b0-bb7fde9f70dd/addn_hosts - 0 names
Oct 10 19:31:11.782291 podb-esxi207 dnsmasq-dhcp[2835148]: read /opt/stack/data/neutron/dhcp/2c200a03-fb8d-4512-83b0-bb7fde9f70dd/host
Oct 10 19:31:11.782390 podb-esxi207 dnsmasq-dhcp[2835148]: read /opt/stack/data/neutron/dhcp/2c200a03-fb8d-4512-83b0-bb7fde9f70dd/opts
Oct 10 19:31:12.662613 podb-esxi207 dnsmasq[2835148]: exiting on receipt of SIGTERM
Oct 10 19:31:13.279338 podb-esxi207 dnsmasq-dhcp[2835529]: DHCPRELEASE(tap9999912b-00) 10.1.0.1 fa:16:3e:40:16:6a
Oct 10 19:31:14.104106 podb-esxi207 dnsmasq[2835529]: read /opt/stack/data/neutron/dhcp/9ce99305-c029-4678-908a-e300af0ab9b5/addn_hosts - 0 names
Oct 10 19:31:14.104204 podb-esxi207 dnsmasq-dhcp[2835529]: read /opt/stack/data/neutron/dhcp/9ce99305-c029-4678-908a-e300af0ab9b5/host
Oct 10 19:31:14.104299 podb-esxi207 dnsmasq-dhcp[2835529]: read /opt/stack/data/neutron/dhcp/9ce99305-c029-4678-908a-e300af0ab9b5/opts
Oct 10 19:31:14.830140 podb-esxi207 dnsmasq[2835529]: exiting on receipt of SIGTERM
Oct 10 19:31:18.710402 podb-esxi207 dnsmasq[2842845]: started, version 2.90 cachesize 150
Oct 10 19:31:18.710425 podb-esxi207 dnsmasq[2842845]: DNS service limited to local subnets
Oct 10 19:31:18.710439 podb-esxi207 dnsmasq[2842845]: compile time options: IPv6 GNU-getopt DBus no-UBus i18n IDN2 DHCP DHCPv6 no-Lua TFTP conntrack ipset no-nftset auth cryptohash DNSSEC loop-detect inotify dumpfile
Oct 10 19:31:18.710484 podb-esxi207 dnsmasq-dhcp[2842845]: DHCP, static leases only on 10.1.0.0, lease time 1d
Oct 10 19:31:18.710630 podb-esxi207 dnsmasq[2842845]: reading /etc/resolv.conf
Oct 10 19:31:18.710646 podb-esxi207 dnsmasq[2842845]: using nameserver 127.0.0.53#53
Oct 10 19:31:18.710728 podb-esxi207 dnsmasq[2842845]: read /opt/stack/data/neutron/dhcp/e5798e81-37d0-407a-87a0-46afab47f9f3/addn_hosts - 0 names
Oct 10 19:31:18.710777 podb-esxi207 dnsmasq-dhcp[2842845]: read /opt/stack/data/neutron/dhcp/e5798e81-37d0-407a-87a0-46afab47f9f3/host
Oct 10 19:31:18.710833 podb-esxi207 dnsmasq-dhcp[2842845]: read /opt/stack/data/neutron/dhcp/e5798e81-37d0-407a-87a0-46afab47f9f3/opts
Oct 10 19:31:20.252999 podb-esxi207 dnsmasq[2842845]: read /opt/stack/data/neutron/dhcp/e5798e81-37d0-407a-87a0-46afab47f9f3/addn_hosts - 2 names
Oct 10 19:31:20.253067 podb-esxi207 dnsmasq-dhcp[2842845]: read /opt/stack/data/neutron/dhcp/e5798e81-37d0-407a-87a0-46afab47f9f3/host
Oct 10 19:31:20.253145 podb-esxi207 dnsmasq-dhcp[2842845]: read /opt/stack/data/neutron/dhcp/e5798e81-37d0-407a-87a0-46afab47f9f3/opts
Oct 10 19:31:21.486795 podb-esxi207 dnsmasq[2842845]: read /opt/stack/data/neutron/dhcp/e5798e81-37d0-407a-87a0-46afab47f9f3/addn_hosts - 2 names
Oct 10 19:31:21.486877 podb-esxi207 dnsmasq-dhcp[2842845]: read /opt/stack/data/neutron/dhcp/e5798e81-37d0-407a-87a0-46afab47f9f3/host
Oct 10 19:31:21.486964 podb-esxi207 dnsmasq-dhcp[2842845]: read /opt/stack/data/neutron/dhcp/e5798e81-37d0-407a-87a0-46afab47f9f3/opts
Oct 10 19:31:22.731444 podb-esxi207 dnsmasq[2842845]: read /opt/stack/data/neutron/dhcp/e5798e81-37d0-407a-87a0-46afab47f9f3/addn_hosts - 2 names
Oct 10 19:31:22.731525 podb-esxi207 dnsmasq-dhcp[2842845]: read /opt/stack/data/neutron/dhcp/e5798e81-37d0-407a-87a0-46afab47f9f3/host
Oct 10 19:31:22.731648 podb-esxi207 dnsmasq-dhcp[2842845]: read /opt/stack/data/neutron/dhcp/e5798e81-37d0-407a-87a0-46afab47f9f3/opts
Oct 10 19:31:34.739952 podb-esxi207 dnsmasq[2841093]: read /opt/stack/data/neutron/dhcp/670a2029-3057-47b6-ae06-1e92419a4307/addn_hosts - 6 names
Oct 10 19:31:34.740132 podb-esxi207 dnsmasq-dhcp[2841093]: read /opt/stack/data/neutron/dhcp/670a2029-3057-47b6-ae06-1e92419a4307/host
Oct 10 19:31:34.740246 podb-esxi207 dnsmasq-dhcp[2841093]: read /opt/stack/data/neutron/dhcp/670a2029-3057-47b6-ae06-1e92419a4307/opts
Oct 10 19:31:40.752447 podb-esxi207 dnsmasq[2842845]: read /opt/stack/data/neutron/dhcp/e5798e81-37d0-407a-87a0-46afab47f9f3/addn_hosts - 4 names
Oct 10 19:31:40.752553 podb-esxi207 dnsmasq-dhcp[2842845]: read /opt/stack/data/neutron/dhcp/e5798e81-37d0-407a-87a0-46afab47f9f3/host
Oct 10 19:31:40.752653 podb-esxi207 dnsmasq-dhcp[2842845]: read /opt/stack/data/neutron/dhcp/e5798e81-37d0-407a-87a0-46afab47f9f3/opts
Oct 10 19:31:46.183326 podb-esxi207 dnsmasq[2840805]: read /opt/stack/data/neutron/dhcp/2c4b369d-351d-4feb-bafc-33a2f560585f/addn_hosts - 8 names
Oct 10 19:31:46.183460 podb-esxi207 dnsmasq-dhcp[2840805]: read /opt/stack/data/neutron/dhcp/2c4b369d-351d-4feb-bafc-33a2f560585f/host
Oct 10 19:31:46.183565 podb-esxi207 dnsmasq-dhcp[2840805]: read /opt/stack/data/neutron/dhcp/2c4b369d-351d-4feb-bafc-33a2f560585f/opts
Oct 10 19:31:57.031841 podb-esxi207 dnsmasq-dhcp[2841093]: DHCPDISCOVER(tapd96df19a-d6) fa:16:3e:13:d3:cf
Oct 10 19:31:57.031863 podb-esxi207 dnsmasq-dhcp[2841093]: DHCPOFFER(tapd96df19a-d6) 10.1.0.6 fa:16:3e:13:d3:cf
Oct 10 19:31:57.043136 podb-esxi207 dnsmasq-dhcp[2841093]: DHCPREQUEST(tapd96df19a-d6) 10.1.0.6 fa:16:3e:13:d3:cf
Oct 10 19:31:57.043170 podb-esxi207 dnsmasq-dhcp[2841093]: DHCPACK(tapd96df19a-d6) 10.1.0.6 fa:16:3e:13:d3:cf host-10-1-0-6
Oct 10 19:32:01.232525 podb-esxi207 dnsmasq[2842845]: read /opt/stack/data/neutron/dhcp/e5798e81-37d0-407a-87a0-46afab47f9f3/addn_hosts - 6 names
Oct 10 19:32:01.232616 podb-esxi207 dnsmasq-dhcp[2842845]: read /opt/stack/data/neutron/dhcp/e5798e81-37d0-407a-87a0-46afab47f9f3/host
Oct 10 19:32:01.232708 podb-esxi207 dnsmasq-dhcp[2842845]: read /opt/stack/data/neutron/dhcp/e5798e81-37d0-407a-87a0-46afab47f9f3/opts
Oct 10 19:32:07.879633 podb-esxi207 dnsmasq[2840805]: read /opt/stack/data/neutron/dhcp/2c4b369d-351d-4feb-bafc-33a2f560585f/addn_hosts - 10 names
Oct 10 19:32:07.879763 podb-esxi207 dnsmasq-dhcp[2840805]: read /opt/stack/data/neutron/dhcp/2c4b369d-351d-4feb-bafc-33a2f560585f/host
Oct 10 19:32:07.879865 podb-esxi207 dnsmasq-dhcp[2840805]: read /opt/stack/data/neutron/dhcp/2c4b369d-351d-4feb-bafc-33a2f560585f/opts
Oct 10 19:32:08.125968 podb-esxi207 dnsmasq-dhcp[2840805]: DHCPDISCOVER(tap76af342a-da) fa:16:3e:73:45:14
Oct 10 19:32:08.125995 podb-esxi207 dnsmasq-dhcp[2840805]: DHCPOFFER(tap76af342a-da) 10.1.0.12 fa:16:3e:73:45:14
Oct 10 19:32:08.136935 podb-esxi207 dnsmasq-dhcp[2840805]: DHCPREQUEST(tap76af342a-da) 10.1.0.12 fa:16:3e:73:45:14
Oct 10 19:32:08.136965 podb-esxi207 dnsmasq-dhcp[2840805]: DHCPACK(tap76af342a-da) 10.1.0.12 fa:16:3e:73:45:14 host-10-1-0-12
Oct 10 19:32:08.578933 podb-esxi207 dnsmasq-dhcp[2842845]: DHCPDISCOVER(tap6a614cd6-39) fa:16:3e:51:61:57
Oct 10 19:32:08.578958 podb-esxi207 dnsmasq-dhcp[2842845]: DHCPOFFER(tap6a614cd6-39) 10.1.0.14 fa:16:3e:51:61:57
Oct 10 19:32:08.590155 podb-esxi207 dnsmasq-dhcp[2842845]: DHCPREQUEST(tap6a614cd6-39) 10.1.0.14 fa:16:3e:51:61:57
Oct 10 19:32:08.590187 podb-esxi207 dnsmasq-dhcp[2842845]: DHCPACK(tap6a614cd6-39) 10.1.0.14 fa:16:3e:51:61:57 host-10-1-0-14
Oct 10 19:32:14.552408 podb-esxi207 dnsmasq-dhcp[2837732]: DHCPRELEASE(tap829cf30a-ca) 10.1.0.7 fa:16:3e:e0:38:ce
Oct 10 19:32:14.569904 podb-esxi207 dnsmasq-dhcp[2837732]: DHCPRELEASE(tap829cf30a-ca) 10.1.0.7 fa:16:3e:e0:38:ce unknown lease
Oct 10 19:32:15.393931 podb-esxi207 dnsmasq[2837732]: read /opt/stack/data/neutron/dhcp/4ab05b57-06ed-45ad-84b6-783e382f729e/addn_hosts - 4 names
Oct 10 19:32:15.394024 podb-esxi207 dnsmasq-dhcp[2837732]: read /opt/stack/data/neutron/dhcp/4ab05b57-06ed-45ad-84b6-783e382f729e/host
Oct 10 19:32:15.394092 podb-esxi207 dnsmasq-dhcp[2837732]: read /opt/stack/data/neutron/dhcp/4ab05b57-06ed-45ad-84b6-783e382f729e/opts
Oct 10 19:32:16.130669 podb-esxi207 dnsmasq[2842845]: read /opt/stack/data/neutron/dhcp/e5798e81-37d0-407a-87a0-46afab47f9f3/addn_hosts - 8 names
Oct 10 19:32:16.130797 podb-esxi207 dnsmasq-dhcp[2842845]: read /opt/stack/data/neutron/dhcp/e5798e81-37d0-407a-87a0-46afab47f9f3/host
Oct 10 19:32:16.130905 podb-esxi207 dnsmasq-dhcp[2842845]: read /opt/stack/data/neutron/dhcp/e5798e81-37d0-407a-87a0-46afab47f9f3/opts
Oct 10 19:32:16.362807 podb-esxi207 dnsmasq-dhcp[2837732]: DHCPRELEASE(tap829cf30a-ca) 10.1.0.13 fa:16:3e:19:a2:67
Oct 10 19:32:16.379077 podb-esxi207 dnsmasq-dhcp[2837732]: DHCPRELEASE(tap829cf30a-ca) 10.1.0.13 fa:16:3e:19:a2:67 unknown lease
Oct 10 19:32:17.203549 podb-esxi207 dnsmasq[2837732]: read /opt/stack/data/neutron/dhcp/4ab05b57-06ed-45ad-84b6-783e382f729e/addn_hosts - 2 names
Oct 10 19:32:17.203633 podb-esxi207 dnsmasq-dhcp[2837732]: read /opt/stack/data/neutron/dhcp/4ab05b57-06ed-45ad-84b6-783e382f729e/host
Oct 10 19:32:17.203742 podb-esxi207 dnsmasq-dhcp[2837732]: read /opt/stack/data/neutron/dhcp/4ab05b57-06ed-45ad-84b6-783e382f729e/opts
Oct 10 19:32:24.554677 podb-esxi207 dnsmasq-dhcp[2842845]: DHCPDISCOVER(tap6a614cd6-39) fa:16:3e:45:70:ae
Oct 10 19:32:24.554703 podb-esxi207 dnsmasq-dhcp[2842845]: DHCPOFFER(tap6a614cd6-39) 10.1.0.5 fa:16:3e:45:70:ae
Oct 10 19:32:24.567064 podb-esxi207 dnsmasq-dhcp[2842845]: DHCPREQUEST(tap6a614cd6-39) 10.1.0.5 fa:16:3e:45:70:ae
Oct 10 19:32:24.567087 podb-esxi207 dnsmasq-dhcp[2842845]: DHCPACK(tap6a614cd6-39) 10.1.0.5 fa:16:3e:45:70:ae host-10-1-0-5
Oct 10 19:32:31.340454 podb-esxi207 dnsmasq-dhcp[2837732]: DHCPRELEASE(tap829cf30a-ca) 10.1.0.1 fa:16:3e:2f:e2:40
Oct 10 19:32:32.161743 podb-esxi207 dnsmasq[2837732]: read /opt/stack/data/neutron/dhcp/4ab05b57-06ed-45ad-84b6-783e382f729e/addn_hosts - 0 names
Oct 10 19:32:32.161809 podb-esxi207 dnsmasq-dhcp[2837732]: read /opt/stack/data/neutron/dhcp/4ab05b57-06ed-45ad-84b6-783e382f729e/host
Oct 10 19:32:32.161897 podb-esxi207 dnsmasq-dhcp[2837732]: read /opt/stack/data/neutron/dhcp/4ab05b57-06ed-45ad-84b6-783e382f729e/opts
Oct 10 19:32:32.390253 podb-esxi207 dnsmasq[2837732]: exiting on receipt of SIGTERM
Oct 10 19:32:32.991345 podb-esxi207 dnsmasq-dhcp[2838679]: DHCPRELEASE(tap6bead22c-d5) 10.1.0.1 fa:16:3e:bb:5b:78
Oct 10 19:32:33.814749 podb-esxi207 dnsmasq[2838679]: read /opt/stack/data/neutron/dhcp/26233cf1-5d47-4e82-abe1-4d4f21afee22/addn_hosts - 0 names
Oct 10 19:32:33.814813 podb-esxi207 dnsmasq-dhcp[2838679]: read /opt/stack/data/neutron/dhcp/26233cf1-5d47-4e82-abe1-4d4f21afee22/host
Oct 10 19:32:33.814864 podb-esxi207 dnsmasq-dhcp[2838679]: read /opt/stack/data/neutron/dhcp/26233cf1-5d47-4e82-abe1-4d4f21afee22/opts
Oct 10 19:32:34.031484 podb-esxi207 dnsmasq[2838679]: exiting on receipt of SIGTERM
Oct 10 19:32:34.632998 podb-esxi207 dnsmasq-dhcp[2838854]: DHCPRELEASE(tap4d172b32-99) 10.1.0.1 fa:16:3e:4d:e5:a6
Oct 10 19:32:35.452188 podb-esxi207 dnsmasq[2838854]: read /opt/stack/data/neutron/dhcp/1a683315-5d6a-44c5-8a23-e424c46777a6/addn_hosts - 0 names
Oct 10 19:32:35.452267 podb-esxi207 dnsmasq-dhcp[2838854]: read /opt/stack/data/neutron/dhcp/1a683315-5d6a-44c5-8a23-e424c46777a6/host
Oct 10 19:32:35.452350 podb-esxi207 dnsmasq-dhcp[2838854]: read /opt/stack/data/neutron/dhcp/1a683315-5d6a-44c5-8a23-e424c46777a6/opts
Oct 10 19:32:35.686148 podb-esxi207 dnsmasq[2838854]: exiting on receipt of SIGTERM
Oct 10 19:32:38.225918 podb-esxi207 dnsmasq-dhcp[2842845]: DHCPDISCOVER(tap6a614cd6-39) fa:16:3e:ec:d1:2b
Oct 10 19:32:38.225943 podb-esxi207 dnsmasq-dhcp[2842845]: DHCPOFFER(tap6a614cd6-39) 10.1.0.6 fa:16:3e:ec:d1:2b
Oct 10 19:32:38.234244 podb-esxi207 dnsmasq-dhcp[2842845]: DHCPREQUEST(tap6a614cd6-39) 10.1.0.6 fa:16:3e:ec:d1:2b
Oct 10 19:32:38.234274 podb-esxi207 dnsmasq-dhcp[2842845]: DHCPACK(tap6a614cd6-39) 10.1.0.6 fa:16:3e:ec:d1:2b host-10-1-0-6
Oct 10 19:32:40.207511 podb-esxi207 dnsmasq[2845464]: started, version 2.90 cachesize 150
Oct 10 19:32:40.207534 podb-esxi207 dnsmasq[2845464]: DNS service limited to local subnets
Oct 10 19:32:40.207550 podb-esxi207 dnsmasq[2845464]: compile time options: IPv6 GNU-getopt DBus no-UBus i18n IDN2 DHCP DHCPv6 no-Lua TFTP conntrack ipset no-nftset auth cryptohash DNSSEC loop-detect inotify dumpfile
Oct 10 19:32:40.207591 podb-esxi207 dnsmasq-dhcp[2845464]: DHCP, static leases only on 10.1.0.0, lease time 1d
Oct 10 19:32:40.207736 podb-esxi207 dnsmasq[2845464]: reading /etc/resolv.conf
Oct 10 19:32:40.207751 podb-esxi207 dnsmasq[2845464]: using nameserver 127.0.0.53#53
Oct 10 19:32:40.207843 podb-esxi207 dnsmasq[2845464]: read /opt/stack/data/neutron/dhcp/630ae263-4238-47e3-a081-99b2181bcfe1/addn_hosts - 0 names
Oct 10 19:32:40.207890 podb-esxi207 dnsmasq-dhcp[2845464]: read /opt/stack/data/neutron/dhcp/630ae263-4238-47e3-a081-99b2181bcfe1/host
Oct 10 19:32:40.207945 podb-esxi207 dnsmasq-dhcp[2845464]: read /opt/stack/data/neutron/dhcp/630ae263-4238-47e3-a081-99b2181bcfe1/opts
Oct 10 19:32:41.750025 podb-esxi207 dnsmasq[2845464]: read /opt/stack/data/neutron/dhcp/630ae263-4238-47e3-a081-99b2181bcfe1/addn_hosts - 2 names
Oct 10 19:32:41.750120 podb-esxi207 dnsmasq-dhcp[2845464]: read /opt/stack/data/neutron/dhcp/630ae263-4238-47e3-a081-99b2181bcfe1/host
Oct 10 19:32:41.750190 podb-esxi207 dnsmasq-dhcp[2845464]: read /opt/stack/data/neutron/dhcp/630ae263-4238-47e3-a081-99b2181bcfe1/opts
Oct 10 19:32:42.971866 podb-esxi207 dnsmasq[2845464]: read /opt/stack/data/neutron/dhcp/630ae263-4238-47e3-a081-99b2181bcfe1/addn_hosts - 2 names
Oct 10 19:32:42.971946 podb-esxi207 dnsmasq-dhcp[2845464]: read /opt/stack/data/neutron/dhcp/630ae263-4238-47e3-a081-99b2181bcfe1/host
Oct 10 19:32:42.972022 podb-esxi207 dnsmasq-dhcp[2845464]: read /opt/stack/data/neutron/dhcp/630ae263-4238-47e3-a081-99b2181bcfe1/opts
Oct 10 19:32:44.195017 podb-esxi207 dnsmasq[2845464]: read /opt/stack/data/neutron/dhcp/630ae263-4238-47e3-a081-99b2181bcfe1/addn_hosts - 2 names
Oct 10 19:32:44.195117 podb-esxi207 dnsmasq-dhcp[2845464]: read /opt/stack/data/neutron/dhcp/630ae263-4238-47e3-a081-99b2181bcfe1/host
Oct 10 19:32:44.195216 podb-esxi207 dnsmasq-dhcp[2845464]: read /opt/stack/data/neutron/dhcp/630ae263-4238-47e3-a081-99b2181bcfe1/opts
Oct 10 19:32:45.954262 podb-esxi207 dnsmasq[2845464]: read /opt/stack/data/neutron/dhcp/630ae263-4238-47e3-a081-99b2181bcfe1/addn_hosts - 4 names
Oct 10 19:32:45.954379 podb-esxi207 dnsmasq-dhcp[2845464]: read /opt/stack/data/neutron/dhcp/630ae263-4238-47e3-a081-99b2181bcfe1/host
Oct 10 19:32:45.954486 podb-esxi207 dnsmasq-dhcp[2845464]: read /opt/stack/data/neutron/dhcp/630ae263-4238-47e3-a081-99b2181bcfe1/opts
Oct 10 19:33:05.512989 podb-esxi207 dnsmasq[2840805]: read /opt/stack/data/neutron/dhcp/2c4b369d-351d-4feb-bafc-33a2f560585f/addn_hosts - 8 names
Oct 10 19:33:05.513089 podb-esxi207 dnsmasq-dhcp[2840805]: read /opt/stack/data/neutron/dhcp/2c4b369d-351d-4feb-bafc-33a2f560585f/host
Oct 10 19:33:05.513165 podb-esxi207 dnsmasq-dhcp[2840805]: read /opt/stack/data/neutron/dhcp/2c4b369d-351d-4feb-bafc-33a2f560585f/opts
Oct 10 19:33:08.437491 podb-esxi207 dnsmasq-dhcp[2845464]: DHCPDISCOVER(tapa9648af8-00) fa:16:3e:b5:fe:06
Oct 10 19:33:08.437517 podb-esxi207 dnsmasq-dhcp[2845464]: DHCPOFFER(tapa9648af8-00) 10.1.0.10 fa:16:3e:b5:fe:06
Oct 10 19:33:08.447881 podb-esxi207 dnsmasq-dhcp[2845464]: DHCPREQUEST(tapa9648af8-00) 10.1.0.10 fa:16:3e:b5:fe:06
Oct 10 19:33:08.447913 podb-esxi207 dnsmasq-dhcp[2845464]: DHCPACK(tapa9648af8-00) 10.1.0.10 fa:16:3e:b5:fe:06 host-10-1-0-10
Oct 10 19:33:15.676595 podb-esxi207 dnsmasq-dhcp[2840805]: DHCPRELEASE(tap76af342a-da) 10.1.0.12 fa:16:3e:73:45:14
Oct 10 19:33:15.692516 podb-esxi207 dnsmasq-dhcp[2840805]: DHCPRELEASE(tap76af342a-da) 10.1.0.12 fa:16:3e:73:45:14 unknown lease
Oct 10 19:33:16.517634 podb-esxi207 dnsmasq[2840805]: read /opt/stack/data/neutron/dhcp/2c4b369d-351d-4feb-bafc-33a2f560585f/addn_hosts - 6 names
Oct 10 19:33:16.517739 podb-esxi207 dnsmasq-dhcp[2840805]: read /opt/stack/data/neutron/dhcp/2c4b369d-351d-4feb-bafc-33a2f560585f/host
Oct 10 19:33:16.517816 podb-esxi207 dnsmasq-dhcp[2840805]: read /opt/stack/data/neutron/dhcp/2c4b369d-351d-4feb-bafc-33a2f560585f/opts
Oct 10 19:33:23.460794 podb-esxi207 dnsmasq[2840805]: read /opt/stack/data/neutron/dhcp/2c4b369d-351d-4feb-bafc-33a2f560585f/addn_hosts - 4 names
Oct 10 19:33:23.460907 podb-esxi207 dnsmasq-dhcp[2840805]: read /opt/stack/data/neutron/dhcp/2c4b369d-351d-4feb-bafc-33a2f560585f/host
Oct 10 19:33:23.461008 podb-esxi207 dnsmasq-dhcp[2840805]: read /opt/stack/data/neutron/dhcp/2c4b369d-351d-4feb-bafc-33a2f560585f/opts
Oct 10 19:33:24.523086 podb-esxi207 dnsmasq-dhcp[2841093]: DHCPDISCOVER(tapd96df19a-d6) fa:16:3e:13:d3:cf
Oct 10 19:33:24.523117 podb-esxi207 dnsmasq-dhcp[2841093]: DHCPOFFER(tapd96df19a-d6) 10.1.0.6 fa:16:3e:13:d3:cf
Oct 10 19:33:24.532776 podb-esxi207 dnsmasq-dhcp[2841093]: DHCPREQUEST(tapd96df19a-d6) 10.1.0.6 fa:16:3e:13:d3:cf
Oct 10 19:33:24.532799 podb-esxi207 dnsmasq-dhcp[2841093]: DHCPACK(tapd96df19a-d6) 10.1.0.6 fa:16:3e:13:d3:cf host-10-1-0-6
Oct 10 19:33:32.320716 podb-esxi207 dnsmasq-dhcp[2840805]: DHCPRELEASE(tap76af342a-da) 10.1.0.13 fa:16:3e:1d:a3:b6
Oct 10 19:33:32.337344 podb-esxi207 dnsmasq-dhcp[2840805]: DHCPRELEASE(tap76af342a-da) 10.1.0.13 fa:16:3e:1d:a3:b6 unknown lease
Oct 10 19:33:33.162334 podb-esxi207 dnsmasq[2840805]: read /opt/stack/data/neutron/dhcp/2c4b369d-351d-4feb-bafc-33a2f560585f/addn_hosts - 2 names
Oct 10 19:33:33.162446 podb-esxi207 dnsmasq-dhcp[2840805]: read /opt/stack/data/neutron/dhcp/2c4b369d-351d-4feb-bafc-33a2f560585f/host
Oct 10 19:33:33.162550 podb-esxi207 dnsmasq-dhcp[2840805]: read /opt/stack/data/neutron/dhcp/2c4b369d-351d-4feb-bafc-33a2f560585f/opts
Oct 10 19:33:37.965109 podb-esxi207 dnsmasq[2840805]: read /opt/stack/data/neutron/dhcp/2c4b369d-351d-4feb-bafc-33a2f560585f/addn_hosts - 0 names
Oct 10 19:33:37.965177 podb-esxi207 dnsmasq-dhcp[2840805]: read /opt/stack/data/neutron/dhcp/2c4b369d-351d-4feb-bafc-33a2f560585f/host
Oct 10 19:33:37.965263 podb-esxi207 dnsmasq-dhcp[2840805]: read /opt/stack/data/neutron/dhcp/2c4b369d-351d-4feb-bafc-33a2f560585f/opts
Oct 10 19:33:38.776869 podb-esxi207 dnsmasq[2840805]: exiting on receipt of SIGTERM
Oct 10 19:33:42.304713 podb-esxi207 dnsmasq[2847165]: started, version 2.90 cachesize 150
Oct 10 19:33:42.304725 podb-esxi207 dnsmasq[2847165]: DNS service limited to local subnets
Oct 10 19:33:42.304733 podb-esxi207 dnsmasq[2847165]: compile time options: IPv6 GNU-getopt DBus no-UBus i18n IDN2 DHCP DHCPv6 no-Lua TFTP conntrack ipset no-nftset auth cryptohash DNSSEC loop-detect inotify dumpfile
Oct 10 19:33:42.304751 podb-esxi207 dnsmasq-dhcp[2847165]: DHCP, static leases only on 10.1.0.0, lease time 1d
Oct 10 19:33:42.304828 podb-esxi207 dnsmasq[2847165]: reading /etc/resolv.conf
Oct 10 19:33:42.304837 podb-esxi207 dnsmasq[2847165]: using nameserver 127.0.0.53#53
Oct 10 19:33:42.304885 podb-esxi207 dnsmasq[2847165]: read /opt/stack/data/neutron/dhcp/ae64845c-8bd3-4c64-a0b7-e1011d306afc/addn_hosts - 0 names
Oct 10 19:33:42.304913 podb-esxi207 dnsmasq-dhcp[2847165]: read /opt/stack/data/neutron/dhcp/ae64845c-8bd3-4c64-a0b7-e1011d306afc/host
Oct 10 19:33:42.304944 podb-esxi207 dnsmasq-dhcp[2847165]: read /opt/stack/data/neutron/dhcp/ae64845c-8bd3-4c64-a0b7-e1011d306afc/opts
Oct 10 19:33:43.847006 podb-esxi207 dnsmasq[2847165]: read /opt/stack/data/neutron/dhcp/ae64845c-8bd3-4c64-a0b7-e1011d306afc/addn_hosts - 2 names
Oct 10 19:33:43.847101 podb-esxi207 dnsmasq-dhcp[2847165]: read /opt/stack/data/neutron/dhcp/ae64845c-8bd3-4c64-a0b7-e1011d306afc/host
Oct 10 19:33:43.847206 podb-esxi207 dnsmasq-dhcp[2847165]: read /opt/stack/data/neutron/dhcp/ae64845c-8bd3-4c64-a0b7-e1011d306afc/opts
Oct 10 19:33:45.088593 podb-esxi207 dnsmasq[2847165]: read /opt/stack/data/neutron/dhcp/ae64845c-8bd3-4c64-a0b7-e1011d306afc/addn_hosts - 2 names
Oct 10 19:33:45.088709 podb-esxi207 dnsmasq-dhcp[2847165]: read /opt/stack/data/neutron/dhcp/ae64845c-8bd3-4c64-a0b7-e1011d306afc/host
Oct 10 19:33:45.088812 podb-esxi207 dnsmasq-dhcp[2847165]: read /opt/stack/data/neutron/dhcp/ae64845c-8bd3-4c64-a0b7-e1011d306afc/opts
Oct 10 19:33:46.306855 podb-esxi207 dnsmasq[2847165]: read /opt/stack/data/neutron/dhcp/ae64845c-8bd3-4c64-a0b7-e1011d306afc/addn_hosts - 2 names
Oct 10 19:33:46.306950 podb-esxi207 dnsmasq-dhcp[2847165]: read /opt/stack/data/neutron/dhcp/ae64845c-8bd3-4c64-a0b7-e1011d306afc/host
Oct 10 19:33:46.307054 podb-esxi207 dnsmasq-dhcp[2847165]: read /opt/stack/data/neutron/dhcp/ae64845c-8bd3-4c64-a0b7-e1011d306afc/opts
Oct 10 19:33:47.541580 podb-esxi207 dnsmasq[2847165]: read /opt/stack/data/neutron/dhcp/ae64845c-8bd3-4c64-a0b7-e1011d306afc/addn_hosts - 4 names
Oct 10 19:33:47.541700 podb-esxi207 dnsmasq-dhcp[2847165]: read /opt/stack/data/neutron/dhcp/ae64845c-8bd3-4c64-a0b7-e1011d306afc/host
Oct 10 19:33:47.541803 podb-esxi207 dnsmasq-dhcp[2847165]: read /opt/stack/data/neutron/dhcp/ae64845c-8bd3-4c64-a0b7-e1011d306afc/opts
Oct 10 19:33:49.919281 podb-esxi207 dnsmasq[2847165]: read /opt/stack/data/neutron/dhcp/ae64845c-8bd3-4c64-a0b7-e1011d306afc/addn_hosts - 6 names
Oct 10 19:33:49.919393 podb-esxi207 dnsmasq-dhcp[2847165]: read /opt/stack/data/neutron/dhcp/ae64845c-8bd3-4c64-a0b7-e1011d306afc/host
Oct 10 19:33:49.919494 podb-esxi207 dnsmasq-dhcp[2847165]: read /opt/stack/data/neutron/dhcp/ae64845c-8bd3-4c64-a0b7-e1011d306afc/opts
Oct 10 19:33:52.104989 podb-esxi207 dnsmasq[2842845]: read /opt/stack/data/neutron/dhcp/e5798e81-37d0-407a-87a0-46afab47f9f3/addn_hosts - 10 names
Oct 10 19:33:52.105117 podb-esxi207 dnsmasq-dhcp[2842845]: read /opt/stack/data/neutron/dhcp/e5798e81-37d0-407a-87a0-46afab47f9f3/host
Oct 10 19:33:52.105220 podb-esxi207 dnsmasq-dhcp[2842845]: read /opt/stack/data/neutron/dhcp/e5798e81-37d0-407a-87a0-46afab47f9f3/opts
Oct 10 19:34:07.268128 podb-esxi207 dnsmasq[2842845]: read /opt/stack/data/neutron/dhcp/e5798e81-37d0-407a-87a0-46afab47f9f3/addn_hosts - 12 names
Oct 10 19:34:07.268234 podb-esxi207 dnsmasq-dhcp[2842845]: read /opt/stack/data/neutron/dhcp/e5798e81-37d0-407a-87a0-46afab47f9f3/host
Oct 10 19:34:07.268320 podb-esxi207 dnsmasq-dhcp[2842845]: read /opt/stack/data/neutron/dhcp/e5798e81-37d0-407a-87a0-46afab47f9f3/opts
Oct 10 19:34:08.880222 podb-esxi207 dnsmasq-dhcp[2847165]: DHCPDISCOVER(tap85887b8f-0f) fa:16:3e:69:cf:28
Oct 10 19:34:08.880231 podb-esxi207 dnsmasq-dhcp[2847165]: DHCPOFFER(tap85887b8f-0f) 10.1.0.13 fa:16:3e:69:cf:28
Oct 10 19:34:08.890005 podb-esxi207 dnsmasq-dhcp[2847165]: DHCPREQUEST(tap85887b8f-0f) 10.1.0.13 fa:16:3e:69:cf:28
Oct 10 19:34:08.890033 podb-esxi207 dnsmasq-dhcp[2847165]: DHCPACK(tap85887b8f-0f) 10.1.0.13 fa:16:3e:69:cf:28 host-10-1-0-13
Oct 10 19:34:13.894036 podb-esxi207 dnsmasq-dhcp[2842845]: DHCPDISCOVER(tap6a614cd6-39) fa:16:3e:5f:ef:9d
Oct 10 19:34:13.894063 podb-esxi207 dnsmasq-dhcp[2842845]: DHCPOFFER(tap6a614cd6-39) 10.1.0.8 fa:16:3e:5f:ef:9d
Oct 10 19:34:13.904679 podb-esxi207 dnsmasq-dhcp[2842845]: DHCPREQUEST(tap6a614cd6-39) 10.1.0.8 fa:16:3e:5f:ef:9d
Oct 10 19:34:13.904711 podb-esxi207 dnsmasq-dhcp[2842845]: DHCPACK(tap6a614cd6-39) 10.1.0.8 fa:16:3e:5f:ef:9d host-10-1-0-8
Oct 10 19:34:25.868614 podb-esxi207 dnsmasq-dhcp[2847165]: DHCPDISCOVER(tap85887b8f-0f) fa:16:3e:9a:72:55
Oct 10 19:34:25.868638 podb-esxi207 dnsmasq-dhcp[2847165]: DHCPOFFER(tap85887b8f-0f) 10.1.0.14 fa:16:3e:9a:72:55
Oct 10 19:34:25.877362 podb-esxi207 dnsmasq-dhcp[2847165]: DHCPREQUEST(tap85887b8f-0f) 10.1.0.14 fa:16:3e:9a:72:55
Oct 10 19:34:25.877387 podb-esxi207 dnsmasq-dhcp[2847165]: DHCPACK(tap85887b8f-0f) 10.1.0.14 fa:16:3e:9a:72:55 host-10-1-0-14
Oct 10 19:34:26.258658 podb-esxi207 dnsmasq-dhcp[2841093]: DHCPRELEASE(tapd96df19a-d6) 10.1.0.6 fa:16:3e:13:d3:cf
Oct 10 19:34:26.272525 podb-esxi207 dnsmasq-dhcp[2841093]: DHCPRELEASE(tapd96df19a-d6) 10.1.0.6 fa:16:3e:13:d3:cf unknown lease
Oct 10 19:34:27.089649 podb-esxi207 dnsmasq[2841093]: read /opt/stack/data/neutron/dhcp/670a2029-3057-47b6-ae06-1e92419a4307/addn_hosts - 4 names
Oct 10 19:34:27.089729 podb-esxi207 dnsmasq-dhcp[2841093]: read /opt/stack/data/neutron/dhcp/670a2029-3057-47b6-ae06-1e92419a4307/host
Oct 10 19:34:27.089799 podb-esxi207 dnsmasq-dhcp[2841093]: read /opt/stack/data/neutron/dhcp/670a2029-3057-47b6-ae06-1e92419a4307/opts
Oct 10 19:34:30.865126 podb-esxi207 dnsmasq-dhcp[2842845]: DHCPDISCOVER(tap6a614cd6-39) fa:16:3e:f1:12:4e
Oct 10 19:34:30.865156 podb-esxi207 dnsmasq-dhcp[2842845]: DHCPOFFER(tap6a614cd6-39) 10.1.0.12 fa:16:3e:f1:12:4e
Oct 10 19:34:30.874437 podb-esxi207 dnsmasq-dhcp[2842845]: DHCPREQUEST(tap6a614cd6-39) 10.1.0.12 fa:16:3e:f1:12:4e
Oct 10 19:34:30.874481 podb-esxi207 dnsmasq-dhcp[2842845]: DHCPACK(tap6a614cd6-39) 10.1.0.12 fa:16:3e:f1:12:4e host-10-1-0-12
Oct 10 19:34:42.046949 podb-esxi207 dnsmasq[2847165]: read /opt/stack/data/neutron/dhcp/ae64845c-8bd3-4c64-a0b7-e1011d306afc/addn_hosts - 8 names
Oct 10 19:34:42.047090 podb-esxi207 dnsmasq-dhcp[2847165]: read /opt/stack/data/neutron/dhcp/ae64845c-8bd3-4c64-a0b7-e1011d306afc/host
Oct 10 19:34:42.047212 podb-esxi207 dnsmasq-dhcp[2847165]: read /opt/stack/data/neutron/dhcp/ae64845c-8bd3-4c64-a0b7-e1011d306afc/opts
Oct 10 19:34:47.480943 podb-esxi207 dnsmasq-dhcp[2847165]: DHCPDISCOVER(tap85887b8f-0f) fa:16:3e:69:cf:28
Oct 10 19:34:47.480968 podb-esxi207 dnsmasq-dhcp[2847165]: DHCPOFFER(tap85887b8f-0f) 10.1.0.13 fa:16:3e:69:cf:28
Oct 10 19:34:47.496811 podb-esxi207 dnsmasq-dhcp[2847165]: DHCPREQUEST(tap85887b8f-0f) 10.1.0.13 fa:16:3e:69:cf:28
Oct 10 19:34:47.496838 podb-esxi207 dnsmasq-dhcp[2847165]: DHCPACK(tap85887b8f-0f) 10.1.0.13 fa:16:3e:69:cf:28 host-10-1-0-13
Oct 10 19:34:56.434447 podb-esxi207 dnsmasq[2841093]: read /opt/stack/data/neutron/dhcp/670a2029-3057-47b6-ae06-1e92419a4307/addn_hosts - 6 names
Oct 10 19:34:56.434556 podb-esxi207 dnsmasq-dhcp[2841093]: read /opt/stack/data/neutron/dhcp/670a2029-3057-47b6-ae06-1e92419a4307/host
Oct 10 19:34:56.434657 podb-esxi207 dnsmasq-dhcp[2841093]: read /opt/stack/data/neutron/dhcp/670a2029-3057-47b6-ae06-1e92419a4307/opts
Oct 10 19:35:04.880026 podb-esxi207 dnsmasq-dhcp[2847165]: DHCPDISCOVER(tap85887b8f-0f) fa:16:3e:8b:23:c9
Oct 10 19:35:04.880051 podb-esxi207 dnsmasq-dhcp[2847165]: DHCPOFFER(tap85887b8f-0f) 10.1.0.5 fa:16:3e:8b:23:c9
Oct 10 19:35:04.891820 podb-esxi207 dnsmasq-dhcp[2847165]: DHCPREQUEST(tap85887b8f-0f) 10.1.0.5 fa:16:3e:8b:23:c9
Oct 10 19:35:04.891852 podb-esxi207 dnsmasq-dhcp[2847165]: DHCPACK(tap85887b8f-0f) 10.1.0.5 fa:16:3e:8b:23:c9 host-10-1-0-5
Oct 10 19:35:09.724119 podb-esxi207 dnsmasq-dhcp[2845464]: DHCPRELEASE(tapa9648af8-00) 10.1.0.10 fa:16:3e:b5:fe:06
Oct 10 19:35:09.738662 podb-esxi207 dnsmasq-dhcp[2845464]: DHCPRELEASE(tapa9648af8-00) 10.1.0.10 fa:16:3e:b5:fe:06 unknown lease
Oct 10 19:35:10.565310 podb-esxi207 dnsmasq[2845464]: read /opt/stack/data/neutron/dhcp/630ae263-4238-47e3-a081-99b2181bcfe1/addn_hosts - 2 names
Oct 10 19:35:10.565438 podb-esxi207 dnsmasq-dhcp[2845464]: read /opt/stack/data/neutron/dhcp/630ae263-4238-47e3-a081-99b2181bcfe1/host
Oct 10 19:35:10.565542 podb-esxi207 dnsmasq-dhcp[2845464]: read /opt/stack/data/neutron/dhcp/630ae263-4238-47e3-a081-99b2181bcfe1/opts
Oct 10 19:35:26.475712 podb-esxi207 dnsmasq[2845464]: read /opt/stack/data/neutron/dhcp/630ae263-4238-47e3-a081-99b2181bcfe1/addn_hosts - 0 names
Oct 10 19:35:26.475801 podb-esxi207 dnsmasq-dhcp[2845464]: read /opt/stack/data/neutron/dhcp/630ae263-4238-47e3-a081-99b2181bcfe1/host
Oct 10 19:35:26.475894 podb-esxi207 dnsmasq-dhcp[2845464]: read /opt/stack/data/neutron/dhcp/630ae263-4238-47e3-a081-99b2181bcfe1/opts
Oct 10 19:35:27.262017 podb-esxi207 dnsmasq[2845464]: exiting on receipt of SIGTERM
Oct 10 19:35:27.994976 podb-esxi207 dnsmasq-dhcp[2842845]: DHCPREQUEST(tap6a614cd6-39) 10.1.0.8 fa:16:3e:5f:ef:9d
Oct 10 19:35:27.995005 podb-esxi207 dnsmasq-dhcp[2842845]: DHCPACK(tap6a614cd6-39) 10.1.0.8 fa:16:3e:5f:ef:9d host-10-1-0-8
Oct 10 19:35:31.220630 podb-esxi207 dnsmasq[2850500]: started, version 2.90 cachesize 150
Oct 10 19:35:31.220657 podb-esxi207 dnsmasq[2850500]: DNS service limited to local subnets
Oct 10 19:35:31.220672 podb-esxi207 dnsmasq[2850500]: compile time options: IPv6 GNU-getopt DBus no-UBus i18n IDN2 DHCP DHCPv6 no-Lua TFTP conntrack ipset no-nftset auth cryptohash DNSSEC loop-detect inotify dumpfile
Oct 10 19:35:31.220707 podb-esxi207 dnsmasq-dhcp[2850500]: DHCP, static leases only on 10.1.0.0, lease time 1d
Oct 10 19:35:31.220863 podb-esxi207 dnsmasq[2850500]: reading /etc/resolv.conf
Oct 10 19:35:31.220880 podb-esxi207 dnsmasq[2850500]: using nameserver 127.0.0.53#53
Oct 10 19:35:31.220964 podb-esxi207 dnsmasq[2850500]: read /opt/stack/data/neutron/dhcp/1d583619-1a59-4832-be6f-50ba96f62d4a/addn_hosts - 0 names
Oct 10 19:35:31.221015 podb-esxi207 dnsmasq-dhcp[2850500]: read /opt/stack/data/neutron/dhcp/1d583619-1a59-4832-be6f-50ba96f62d4a/host
Oct 10 19:35:31.221091 podb-esxi207 dnsmasq-dhcp[2850500]: read /opt/stack/data/neutron/dhcp/1d583619-1a59-4832-be6f-50ba96f62d4a/opts
Oct 10 19:35:32.765759 podb-esxi207 dnsmasq[2850500]: read /opt/stack/data/neutron/dhcp/1d583619-1a59-4832-be6f-50ba96f62d4a/addn_hosts - 2 names
Oct 10 19:35:32.765894 podb-esxi207 dnsmasq-dhcp[2850500]: read /opt/stack/data/neutron/dhcp/1d583619-1a59-4832-be6f-50ba96f62d4a/host
Oct 10 19:35:32.765999 podb-esxi207 dnsmasq-dhcp[2850500]: read /opt/stack/data/neutron/dhcp/1d583619-1a59-4832-be6f-50ba96f62d4a/opts
Oct 10 19:35:34.018992 podb-esxi207 dnsmasq[2850500]: read /opt/stack/data/neutron/dhcp/1d583619-1a59-4832-be6f-50ba96f62d4a/addn_hosts - 2 names
Oct 10 19:35:34.019109 podb-esxi207 dnsmasq-dhcp[2850500]: read /opt/stack/data/neutron/dhcp/1d583619-1a59-4832-be6f-50ba96f62d4a/host
Oct 10 19:35:34.019255 podb-esxi207 dnsmasq-dhcp[2850500]: read /opt/stack/data/neutron/dhcp/1d583619-1a59-4832-be6f-50ba96f62d4a/opts
Oct 10 19:35:35.272336 podb-esxi207 dnsmasq[2850500]: read /opt/stack/data/neutron/dhcp/1d583619-1a59-4832-be6f-50ba96f62d4a/addn_hosts - 2 names
Oct 10 19:35:35.272413 podb-esxi207 dnsmasq-dhcp[2850500]: read /opt/stack/data/neutron/dhcp/1d583619-1a59-4832-be6f-50ba96f62d4a/host
Oct 10 19:35:35.272483 podb-esxi207 dnsmasq-dhcp[2850500]: read /opt/stack/data/neutron/dhcp/1d583619-1a59-4832-be6f-50ba96f62d4a/opts
Oct 10 19:35:55.294720 podb-esxi207 dnsmasq-dhcp[2841093]: DHCPDISCOVER(tapd96df19a-d6) fa:16:3e:64:04:84
Oct 10 19:35:55.294748 podb-esxi207 dnsmasq-dhcp[2841093]: DHCPOFFER(tapd96df19a-d6) 10.1.0.4 fa:16:3e:64:04:84
Oct 10 19:35:55.305517 podb-esxi207 dnsmasq-dhcp[2841093]: DHCPREQUEST(tapd96df19a-d6) 10.1.0.4 fa:16:3e:64:04:84
Oct 10 19:35:55.305544 podb-esxi207 dnsmasq-dhcp[2841093]: DHCPACK(tapd96df19a-d6) 10.1.0.4 fa:16:3e:64:04:84 host-10-1-0-4
Oct 10 19:35:57.544653 podb-esxi207 dnsmasq[2850500]: read /opt/stack/data/neutron/dhcp/1d583619-1a59-4832-be6f-50ba96f62d4a/addn_hosts - 4 names
Oct 10 19:35:57.544768 podb-esxi207 dnsmasq-dhcp[2850500]: read /opt/stack/data/neutron/dhcp/1d583619-1a59-4832-be6f-50ba96f62d4a/host
Oct 10 19:35:57.544873 podb-esxi207 dnsmasq-dhcp[2850500]: read /opt/stack/data/neutron/dhcp/1d583619-1a59-4832-be6f-50ba96f62d4a/opts
Oct 10 19:35:58.336916 podb-esxi207 dnsmasq-dhcp[2842845]: DHCPREQUEST(tap6a614cd6-39) 10.1.0.12 fa:16:3e:f1:12:4e
Oct 10 19:35:58.336945 podb-esxi207 dnsmasq-dhcp[2842845]: DHCPACK(tap6a614cd6-39) 10.1.0.12 fa:16:3e:f1:12:4e host-10-1-0-12
Oct 10 19:36:25.480190 podb-esxi207 dnsmasq-dhcp[2847165]: DHCPREQUEST(tap85887b8f-0f) 10.1.0.5 fa:16:3e:8b:23:c9
Oct 10 19:36:25.480221 podb-esxi207 dnsmasq-dhcp[2847165]: DHCPACK(tap85887b8f-0f) 10.1.0.5 fa:16:3e:8b:23:c9 host-10-1-0-5
Oct 10 19:36:25.644889 podb-esxi207 dnsmasq-dhcp[2850500]: DHCPDISCOVER(tap3a35c35a-3c) fa:16:3e:64:57:6f
Oct 10 19:36:25.644927 podb-esxi207 dnsmasq-dhcp[2850500]: DHCPOFFER(tap3a35c35a-3c) 10.1.0.12 fa:16:3e:64:57:6f
Oct 10 19:36:25.655739 podb-esxi207 dnsmasq-dhcp[2850500]: DHCPREQUEST(tap3a35c35a-3c) 10.1.0.12 fa:16:3e:64:57:6f
Oct 10 19:36:25.655790 podb-esxi207 dnsmasq-dhcp[2850500]: DHCPACK(tap3a35c35a-3c) 10.1.0.12 fa:16:3e:64:57:6f host-10-1-0-12
Oct 10 19:36:30.198013 podb-esxi207 dnsmasq-dhcp[2841093]: DHCPRELEASE(tapd96df19a-d6) 10.1.0.4 fa:16:3e:64:04:84
Oct 10 19:36:30.211267 podb-esxi207 dnsmasq-dhcp[2841093]: DHCPRELEASE(tapd96df19a-d6) 10.1.0.4 fa:16:3e:64:04:84 unknown lease
Oct 10 19:36:31.032109 podb-esxi207 dnsmasq[2841093]: read /opt/stack/data/neutron/dhcp/670a2029-3057-47b6-ae06-1e92419a4307/addn_hosts - 4 names
Oct 10 19:36:31.032189 podb-esxi207 dnsmasq-dhcp[2841093]: read /opt/stack/data/neutron/dhcp/670a2029-3057-47b6-ae06-1e92419a4307/host
Oct 10 19:36:31.032265 podb-esxi207 dnsmasq-dhcp[2841093]: read /opt/stack/data/neutron/dhcp/670a2029-3057-47b6-ae06-1e92419a4307/opts
Oct 10 19:36:45.052384 podb-esxi207 dnsmasq-dhcp[2841093]: DHCPRELEASE(tapd96df19a-d6) 10.1.0.5 fa:16:3e:ac:c8:61
Oct 10 19:36:45.069090 podb-esxi207 dnsmasq-dhcp[2841093]: DHCPRELEASE(tapd96df19a-d6) 10.1.0.5 fa:16:3e:ac:c8:61 unknown lease
Oct 10 19:36:45.894087 podb-esxi207 dnsmasq[2841093]: read /opt/stack/data/neutron/dhcp/670a2029-3057-47b6-ae06-1e92419a4307/addn_hosts - 2 names
Oct 10 19:36:45.894197 podb-esxi207 dnsmasq-dhcp[2841093]: read /opt/stack/data/neutron/dhcp/670a2029-3057-47b6-ae06-1e92419a4307/host
Oct 10 19:36:45.894267 podb-esxi207 dnsmasq-dhcp[2841093]: read /opt/stack/data/neutron/dhcp/670a2029-3057-47b6-ae06-1e92419a4307/opts
Oct 10 19:36:50.353009 podb-esxi207 dnsmasq-dhcp[2841093]: DHCPRELEASE(tapd96df19a-d6) 10.1.0.1 fa:16:3e:c7:4a:0a
Oct 10 19:36:51.175506 podb-esxi207 dnsmasq[2841093]: read /opt/stack/data/neutron/dhcp/670a2029-3057-47b6-ae06-1e92419a4307/addn_hosts - 0 names
Oct 10 19:36:51.175575 podb-esxi207 dnsmasq-dhcp[2841093]: read /opt/stack/data/neutron/dhcp/670a2029-3057-47b6-ae06-1e92419a4307/host
Oct 10 19:36:51.175660 podb-esxi207 dnsmasq-dhcp[2841093]: read /opt/stack/data/neutron/dhcp/670a2029-3057-47b6-ae06-1e92419a4307/opts
Oct 10 19:36:51.929388 podb-esxi207 dnsmasq[2841093]: exiting on receipt of SIGTERM
Oct 10 19:36:56.156911 podb-esxi207 dnsmasq[2852343]: started, version 2.90 cachesize 150
Oct 10 19:36:56.156934 podb-esxi207 dnsmasq[2852343]: DNS service limited to local subnets
Oct 10 19:36:56.156948 podb-esxi207 dnsmasq[2852343]: compile time options: IPv6 GNU-getopt DBus no-UBus i18n IDN2 DHCP DHCPv6 no-Lua TFTP conntrack ipset no-nftset auth cryptohash DNSSEC loop-detect inotify dumpfile
Oct 10 19:36:56.156991 podb-esxi207 dnsmasq-dhcp[2852343]: DHCP, static leases only on 10.1.0.0, lease time 1d
Oct 10 19:36:56.157139 podb-esxi207 dnsmasq[2852343]: reading /etc/resolv.conf
Oct 10 19:36:56.157155 podb-esxi207 dnsmasq[2852343]: using nameserver 127.0.0.53#53
Oct 10 19:36:56.157240 podb-esxi207 dnsmasq[2852343]: read /opt/stack/data/neutron/dhcp/d3e5df9d-17ec-4398-8769-60cc83574b10/addn_hosts - 0 names
Oct 10 19:36:56.157290 podb-esxi207 dnsmasq-dhcp[2852343]: read /opt/stack/data/neutron/dhcp/d3e5df9d-17ec-4398-8769-60cc83574b10/host
Oct 10 19:36:56.157345 podb-esxi207 dnsmasq-dhcp[2852343]: read /opt/stack/data/neutron/dhcp/d3e5df9d-17ec-4398-8769-60cc83574b10/opts
Oct 10 19:36:57.699338 podb-esxi207 dnsmasq[2852343]: read /opt/stack/data/neutron/dhcp/d3e5df9d-17ec-4398-8769-60cc83574b10/addn_hosts - 2 names
Oct 10 19:36:57.699409 podb-esxi207 dnsmasq-dhcp[2852343]: read /opt/stack/data/neutron/dhcp/d3e5df9d-17ec-4398-8769-60cc83574b10/host
Oct 10 19:36:57.699482 podb-esxi207 dnsmasq-dhcp[2852343]: read /opt/stack/data/neutron/dhcp/d3e5df9d-17ec-4398-8769-60cc83574b10/opts
Oct 10 19:36:58.923753 podb-esxi207 dnsmasq[2852343]: read /opt/stack/data/neutron/dhcp/d3e5df9d-17ec-4398-8769-60cc83574b10/addn_hosts - 2 names
Oct 10 19:36:58.923830 podb-esxi207 dnsmasq-dhcp[2852343]: read /opt/stack/data/neutron/dhcp/d3e5df9d-17ec-4398-8769-60cc83574b10/host
Oct 10 19:36:58.923924 podb-esxi207 dnsmasq-dhcp[2852343]: read /opt/stack/data/neutron/dhcp/d3e5df9d-17ec-4398-8769-60cc83574b10/opts
Oct 10 19:37:00.158265 podb-esxi207 dnsmasq[2852343]: read /opt/stack/data/neutron/dhcp/d3e5df9d-17ec-4398-8769-60cc83574b10/addn_hosts - 2 names
Oct 10 19:37:00.158345 podb-esxi207 dnsmasq-dhcp[2852343]: read /opt/stack/data/neutron/dhcp/d3e5df9d-17ec-4398-8769-60cc83574b10/host
Oct 10 19:37:00.158438 podb-esxi207 dnsmasq-dhcp[2852343]: read /opt/stack/data/neutron/dhcp/d3e5df9d-17ec-4398-8769-60cc83574b10/opts
Oct 10 19:37:03.043028 podb-esxi207 dnsmasq[2852343]: read /opt/stack/data/neutron/dhcp/d3e5df9d-17ec-4398-8769-60cc83574b10/addn_hosts - 4 names
Oct 10 19:37:03.043105 podb-esxi207 dnsmasq-dhcp[2852343]: read /opt/stack/data/neutron/dhcp/d3e5df9d-17ec-4398-8769-60cc83574b10/host
Oct 10 19:37:03.043148 podb-esxi207 dnsmasq-dhcp[2852343]: read /opt/stack/data/neutron/dhcp/d3e5df9d-17ec-4398-8769-60cc83574b10/opts
Oct 10 19:37:26.144892 podb-esxi207 dnsmasq-dhcp[2852343]: DHCPDISCOVER(tap1282ac14-ee) fa:16:3e:cd:02:82
Oct 10 19:37:26.144919 podb-esxi207 dnsmasq-dhcp[2852343]: DHCPOFFER(tap1282ac14-ee) 10.1.0.14 fa:16:3e:cd:02:82
Oct 10 19:37:26.155295 podb-esxi207 dnsmasq-dhcp[2852343]: DHCPREQUEST(tap1282ac14-ee) 10.1.0.14 fa:16:3e:cd:02:82
Oct 10 19:37:26.155327 podb-esxi207 dnsmasq-dhcp[2852343]: DHCPACK(tap1282ac14-ee) 10.1.0.14 fa:16:3e:cd:02:82 host-10-1-0-14
Oct 10 19:37:28.627306 podb-esxi207 dnsmasq-dhcp[2842845]: DHCPRELEASE(tap6a614cd6-39) 10.1.0.12 fa:16:3e:f1:12:4e
Oct 10 19:37:28.642256 podb-esxi207 dnsmasq-dhcp[2842845]: DHCPRELEASE(tap6a614cd6-39) 10.1.0.12 fa:16:3e:f1:12:4e unknown lease
Oct 10 19:37:29.467226 podb-esxi207 dnsmasq[2842845]: read /opt/stack/data/neutron/dhcp/e5798e81-37d0-407a-87a0-46afab47f9f3/addn_hosts - 10 names
Oct 10 19:37:29.467381 podb-esxi207 dnsmasq-dhcp[2842845]: read /opt/stack/data/neutron/dhcp/e5798e81-37d0-407a-87a0-46afab47f9f3/host
Oct 10 19:37:29.467473 podb-esxi207 dnsmasq-dhcp[2842845]: read /opt/stack/data/neutron/dhcp/e5798e81-37d0-407a-87a0-46afab47f9f3/opts
Oct 10 19:37:29.713308 podb-esxi207 dnsmasq-dhcp[2847165]: DHCPRELEASE(tap85887b8f-0f) 10.1.0.5 fa:16:3e:8b:23:c9
Oct 10 19:37:29.737249 podb-esxi207 dnsmasq-dhcp[2847165]: DHCPRELEASE(tap85887b8f-0f) 10.1.0.5 fa:16:3e:8b:23:c9 unknown lease
Oct 10 19:37:30.563362 podb-esxi207 dnsmasq[2847165]: read /opt/stack/data/neutron/dhcp/ae64845c-8bd3-4c64-a0b7-e1011d306afc/addn_hosts - 6 names
Oct 10 19:37:30.563536 podb-esxi207 dnsmasq-dhcp[2847165]: read /opt/stack/data/neutron/dhcp/ae64845c-8bd3-4c64-a0b7-e1011d306afc/host
Oct 10 19:37:30.563664 podb-esxi207 dnsmasq-dhcp[2847165]: read /opt/stack/data/neutron/dhcp/ae64845c-8bd3-4c64-a0b7-e1011d306afc/opts
Oct 10 19:37:35.466784 podb-esxi207 dnsmasq-dhcp[2842845]: DHCPRELEASE(tap6a614cd6-39) 10.1.0.8 fa:16:3e:5f:ef:9d
Oct 10 19:37:35.482631 podb-esxi207 dnsmasq-dhcp[2842845]: DHCPRELEASE(tap6a614cd6-39) 10.1.0.8 fa:16:3e:5f:ef:9d unknown lease
Oct 10 19:37:36.304979 podb-esxi207 dnsmasq[2842845]: read /opt/stack/data/neutron/dhcp/e5798e81-37d0-407a-87a0-46afab47f9f3/addn_hosts - 8 names
Oct 10 19:37:36.305109 podb-esxi207 dnsmasq-dhcp[2842845]: read /opt/stack/data/neutron/dhcp/e5798e81-37d0-407a-87a0-46afab47f9f3/host
Oct 10 19:37:36.305219 podb-esxi207 dnsmasq-dhcp[2842845]: read /opt/stack/data/neutron/dhcp/e5798e81-37d0-407a-87a0-46afab47f9f3/opts
Oct 10 19:37:46.665642 podb-esxi207 dnsmasq-dhcp[2850500]: DHCPDISCOVER(tap3a35c35a-3c) fa:16:3e:64:57:6f
Oct 10 19:37:46.665670 podb-esxi207 dnsmasq-dhcp[2850500]: DHCPOFFER(tap3a35c35a-3c) 10.1.0.12 fa:16:3e:64:57:6f
Oct 10 19:37:46.675344 podb-esxi207 dnsmasq-dhcp[2850500]: DHCPREQUEST(tap3a35c35a-3c) 10.1.0.12 fa:16:3e:64:57:6f
Oct 10 19:37:46.675374 podb-esxi207 dnsmasq-dhcp[2850500]: DHCPACK(tap3a35c35a-3c) 10.1.0.12 fa:16:3e:64:57:6f host-10-1-0-12
Oct 10 19:37:48.273877 podb-esxi207 dnsmasq-dhcp[2842845]: DHCPRELEASE(tap6a614cd6-39) 10.1.0.6 fa:16:3e:ec:d1:2b
Oct 10 19:37:48.291120 podb-esxi207 dnsmasq-dhcp[2842845]: DHCPRELEASE(tap6a614cd6-39) 10.1.0.6 fa:16:3e:ec:d1:2b unknown lease
Oct 10 19:37:49.113708 podb-esxi207 dnsmasq[2842845]: read /opt/stack/data/neutron/dhcp/e5798e81-37d0-407a-87a0-46afab47f9f3/addn_hosts - 6 names
Oct 10 19:37:49.113852 podb-esxi207 dnsmasq-dhcp[2842845]: read /opt/stack/data/neutron/dhcp/e5798e81-37d0-407a-87a0-46afab47f9f3/host
Oct 10 19:37:49.113930 podb-esxi207 dnsmasq-dhcp[2842845]: read /opt/stack/data/neutron/dhcp/e5798e81-37d0-407a-87a0-46afab47f9f3/opts
Oct 10 19:37:51.149387 podb-esxi207 dnsmasq-dhcp[2847165]: DHCPRELEASE(tap85887b8f-0f) 10.1.0.14 fa:16:3e:9a:72:55
Oct 10 19:37:51.170308 podb-esxi207 dnsmasq-dhcp[2847165]: DHCPRELEASE(tap85887b8f-0f) 10.1.0.14 fa:16:3e:9a:72:55 unknown lease
Oct 10 19:37:51.995380 podb-esxi207 dnsmasq[2847165]: read /opt/stack/data/neutron/dhcp/ae64845c-8bd3-4c64-a0b7-e1011d306afc/addn_hosts - 4 names
Oct 10 19:37:51.995491 podb-esxi207 dnsmasq-dhcp[2847165]: read /opt/stack/data/neutron/dhcp/ae64845c-8bd3-4c64-a0b7-e1011d306afc/host
Oct 10 19:37:51.995594 podb-esxi207 dnsmasq-dhcp[2847165]: read /opt/stack/data/neutron/dhcp/ae64845c-8bd3-4c64-a0b7-e1011d306afc/opts
Oct 10 19:37:55.362441 podb-esxi207 dnsmasq-dhcp[2842845]: DHCPRELEASE(tap6a614cd6-39) 10.1.0.5 fa:16:3e:45:70:ae
Oct 10 19:37:55.377807 podb-esxi207 dnsmasq-dhcp[2842845]: DHCPRELEASE(tap6a614cd6-39) 10.1.0.5 fa:16:3e:45:70:ae unknown lease
Oct 10 19:37:56.200278 podb-esxi207 dnsmasq[2842845]: read /opt/stack/data/neutron/dhcp/e5798e81-37d0-407a-87a0-46afab47f9f3/addn_hosts - 4 names
Oct 10 19:37:56.200397 podb-esxi207 dnsmasq-dhcp[2842845]: read /opt/stack/data/neutron/dhcp/e5798e81-37d0-407a-87a0-46afab47f9f3/host
Oct 10 19:37:56.200500 podb-esxi207 dnsmasq-dhcp[2842845]: read /opt/stack/data/neutron/dhcp/e5798e81-37d0-407a-87a0-46afab47f9f3/opts
Oct 10 19:37:58.145706 podb-esxi207 dnsmasq-dhcp[2847165]: DHCPRELEASE(tap85887b8f-0f) 10.1.0.13 fa:16:3e:69:cf:28
Oct 10 19:37:58.158843 podb-esxi207 dnsmasq-dhcp[2847165]: DHCPRELEASE(tap85887b8f-0f) 10.1.0.13 fa:16:3e:69:cf:28 unknown lease
Oct 10 19:37:58.981718 podb-esxi207 dnsmasq[2847165]: read /opt/stack/data/neutron/dhcp/ae64845c-8bd3-4c64-a0b7-e1011d306afc/addn_hosts - 2 names
Oct 10 19:37:58.981794 podb-esxi207 dnsmasq-dhcp[2847165]: read /opt/stack/data/neutron/dhcp/ae64845c-8bd3-4c64-a0b7-e1011d306afc/host
Oct 10 19:37:58.981923 podb-esxi207 dnsmasq-dhcp[2847165]: read /opt/stack/data/neutron/dhcp/ae64845c-8bd3-4c64-a0b7-e1011d306afc/opts
Oct 10 19:38:03.309945 podb-esxi207 dnsmasq[2847165]: read /opt/stack/data/neutron/dhcp/ae64845c-8bd3-4c64-a0b7-e1011d306afc/addn_hosts - 0 names
Oct 10 19:38:03.310026 podb-esxi207 dnsmasq-dhcp[2847165]: read /opt/stack/data/neutron/dhcp/ae64845c-8bd3-4c64-a0b7-e1011d306afc/host
Oct 10 19:38:03.310079 podb-esxi207 dnsmasq-dhcp[2847165]: read /opt/stack/data/neutron/dhcp/ae64845c-8bd3-4c64-a0b7-e1011d306afc/opts
Oct 10 19:38:03.555599 podb-esxi207 dnsmasq-dhcp[2842845]: DHCPRELEASE(tap6a614cd6-39) 10.1.0.14 fa:16:3e:51:61:57
Oct 10 19:38:03.573196 podb-esxi207 dnsmasq-dhcp[2842845]: DHCPRELEASE(tap6a614cd6-39) 10.1.0.14 fa:16:3e:51:61:57 unknown lease
Oct 10 19:38:04.396111 podb-esxi207 dnsmasq[2842845]: read /opt/stack/data/neutron/dhcp/e5798e81-37d0-407a-87a0-46afab47f9f3/addn_hosts - 2 names
Oct 10 19:38:04.396199 podb-esxi207 dnsmasq-dhcp[2842845]: read /opt/stack/data/neutron/dhcp/e5798e81-37d0-407a-87a0-46afab47f9f3/host
Oct 10 19:38:04.396294 podb-esxi207 dnsmasq-dhcp[2842845]: read /opt/stack/data/neutron/dhcp/e5798e81-37d0-407a-87a0-46afab47f9f3/opts
Oct 10 19:38:04.685663 podb-esxi207 dnsmasq[2847165]: exiting on receipt of SIGTERM
Oct 10 19:38:08.396253 podb-esxi207 dnsmasq[2854405]: started, version 2.90 cachesize 150
Oct 10 19:38:08.396281 podb-esxi207 dnsmasq[2854405]: DNS service limited to local subnets
Oct 10 19:38:08.396297 podb-esxi207 dnsmasq[2854405]: compile time options: IPv6 GNU-getopt DBus no-UBus i18n IDN2 DHCP DHCPv6 no-Lua TFTP conntrack ipset no-nftset auth cryptohash DNSSEC loop-detect inotify dumpfile
Oct 10 19:38:08.396334 podb-esxi207 dnsmasq-dhcp[2854405]: DHCP, static leases only on 10.1.0.0, lease time 1d
Oct 10 19:38:08.396487 podb-esxi207 dnsmasq[2854405]: reading /etc/resolv.conf
Oct 10 19:38:08.396504 podb-esxi207 dnsmasq[2854405]: using nameserver 127.0.0.53#53
Oct 10 19:38:08.396594 podb-esxi207 dnsmasq[2854405]: read /opt/stack/data/neutron/dhcp/8970fd67-385f-4806-8b85-42410feff132/addn_hosts - 0 names
Oct 10 19:38:08.396647 podb-esxi207 dnsmasq-dhcp[2854405]: read /opt/stack/data/neutron/dhcp/8970fd67-385f-4806-8b85-42410feff132/host
Oct 10 19:38:08.396713 podb-esxi207 dnsmasq-dhcp[2854405]: read /opt/stack/data/neutron/dhcp/8970fd67-385f-4806-8b85-42410feff132/opts
Oct 10 19:38:09.943992 podb-esxi207 dnsmasq[2854405]: read /opt/stack/data/neutron/dhcp/8970fd67-385f-4806-8b85-42410feff132/addn_hosts - 2 names
Oct 10 19:38:09.944108 podb-esxi207 dnsmasq-dhcp[2854405]: read /opt/stack/data/neutron/dhcp/8970fd67-385f-4806-8b85-42410feff132/host
Oct 10 19:38:09.944225 podb-esxi207 dnsmasq-dhcp[2854405]: read /opt/stack/data/neutron/dhcp/8970fd67-385f-4806-8b85-42410feff132/opts
Oct 10 19:38:11.216359 podb-esxi207 dnsmasq[2854405]: read /opt/stack/data/neutron/dhcp/8970fd67-385f-4806-8b85-42410feff132/addn_hosts - 2 names
Oct 10 19:38:11.216448 podb-esxi207 dnsmasq-dhcp[2854405]: read /opt/stack/data/neutron/dhcp/8970fd67-385f-4806-8b85-42410feff132/host
Oct 10 19:38:11.216578 podb-esxi207 dnsmasq-dhcp[2854405]: read /opt/stack/data/neutron/dhcp/8970fd67-385f-4806-8b85-42410feff132/opts
Oct 10 19:38:12.479619 podb-esxi207 dnsmasq[2854405]: read /opt/stack/data/neutron/dhcp/8970fd67-385f-4806-8b85-42410feff132/addn_hosts - 2 names
Oct 10 19:38:12.479755 podb-esxi207 dnsmasq-dhcp[2854405]: read /opt/stack/data/neutron/dhcp/8970fd67-385f-4806-8b85-42410feff132/host
Oct 10 19:38:12.479905 podb-esxi207 dnsmasq-dhcp[2854405]: read /opt/stack/data/neutron/dhcp/8970fd67-385f-4806-8b85-42410feff132/opts
Oct 10 19:38:13.735469 podb-esxi207 dnsmasq[2842845]: read /opt/stack/data/neutron/dhcp/e5798e81-37d0-407a-87a0-46afab47f9f3/addn_hosts - 0 names
Oct 10 19:38:13.735549 podb-esxi207 dnsmasq-dhcp[2842845]: read /opt/stack/data/neutron/dhcp/e5798e81-37d0-407a-87a0-46afab47f9f3/host
Oct 10 19:38:13.735637 podb-esxi207 dnsmasq-dhcp[2842845]: read /opt/stack/data/neutron/dhcp/e5798e81-37d0-407a-87a0-46afab47f9f3/opts
Oct 10 19:38:14.745246 podb-esxi207 dnsmasq[2842845]: exiting on receipt of SIGTERM
Oct 10 19:38:15.877187 podb-esxi207 dnsmasq[2854405]: read /opt/stack/data/neutron/dhcp/8970fd67-385f-4806-8b85-42410feff132/addn_hosts - 4 names
Oct 10 19:38:15.877341 podb-esxi207 dnsmasq-dhcp[2854405]: read /opt/stack/data/neutron/dhcp/8970fd67-385f-4806-8b85-42410feff132/host
Oct 10 19:38:15.877438 podb-esxi207 dnsmasq-dhcp[2854405]: read /opt/stack/data/neutron/dhcp/8970fd67-385f-4806-8b85-42410feff132/opts
Oct 10 19:38:19.212286 podb-esxi207 dnsmasq[2854815]: started, version 2.90 cachesize 150
Oct 10 19:38:19.212313 podb-esxi207 dnsmasq[2854815]: DNS service limited to local subnets
Oct 10 19:38:19.212328 podb-esxi207 dnsmasq[2854815]: compile time options: IPv6 GNU-getopt DBus no-UBus i18n IDN2 DHCP DHCPv6 no-Lua TFTP conntrack ipset no-nftset auth cryptohash DNSSEC loop-detect inotify dumpfile
Oct 10 19:38:19.212363 podb-esxi207 dnsmasq-dhcp[2854815]: DHCP, static leases only on 10.1.0.0, lease time 1d
Oct 10 19:38:19.212528 podb-esxi207 dnsmasq[2854815]: reading /etc/resolv.conf
Oct 10 19:38:19.212544 podb-esxi207 dnsmasq[2854815]: using nameserver 127.0.0.53#53
Oct 10 19:38:19.212621 podb-esxi207 dnsmasq[2854815]: read /opt/stack/data/neutron/dhcp/ca4c085c-2561-416d-a2c4-06e387dbac7a/addn_hosts - 0 names
Oct 10 19:38:19.212671 podb-esxi207 dnsmasq-dhcp[2854815]: read /opt/stack/data/neutron/dhcp/ca4c085c-2561-416d-a2c4-06e387dbac7a/host
Oct 10 19:38:19.212734 podb-esxi207 dnsmasq-dhcp[2854815]: read /opt/stack/data/neutron/dhcp/ca4c085c-2561-416d-a2c4-06e387dbac7a/opts
Oct 10 19:38:20.755479 podb-esxi207 dnsmasq[2854815]: read /opt/stack/data/neutron/dhcp/ca4c085c-2561-416d-a2c4-06e387dbac7a/addn_hosts - 2 names
Oct 10 19:38:20.755562 podb-esxi207 dnsmasq-dhcp[2854815]: read /opt/stack/data/neutron/dhcp/ca4c085c-2561-416d-a2c4-06e387dbac7a/host
Oct 10 19:38:20.755664 podb-esxi207 dnsmasq-dhcp[2854815]: read /opt/stack/data/neutron/dhcp/ca4c085c-2561-416d-a2c4-06e387dbac7a/opts
Oct 10 19:38:22.071014 podb-esxi207 dnsmasq[2854815]: read /opt/stack/data/neutron/dhcp/ca4c085c-2561-416d-a2c4-06e387dbac7a/addn_hosts - 2 names
Oct 10 19:38:22.071108 podb-esxi207 dnsmasq-dhcp[2854815]: read /opt/stack/data/neutron/dhcp/ca4c085c-2561-416d-a2c4-06e387dbac7a/host
Oct 10 19:38:22.071222 podb-esxi207 dnsmasq-dhcp[2854815]: read /opt/stack/data/neutron/dhcp/ca4c085c-2561-416d-a2c4-06e387dbac7a/opts
Oct 10 19:38:23.328736 podb-esxi207 dnsmasq[2854815]: read /opt/stack/data/neutron/dhcp/ca4c085c-2561-416d-a2c4-06e387dbac7a/addn_hosts - 2 names
Oct 10 19:38:23.328899 podb-esxi207 dnsmasq-dhcp[2854815]: read /opt/stack/data/neutron/dhcp/ca4c085c-2561-416d-a2c4-06e387dbac7a/host
Oct 10 19:38:23.329041 podb-esxi207 dnsmasq-dhcp[2854815]: read /opt/stack/data/neutron/dhcp/ca4c085c-2561-416d-a2c4-06e387dbac7a/opts
Oct 10 19:38:25.115229 podb-esxi207 dnsmasq[2854815]: read /opt/stack/data/neutron/dhcp/ca4c085c-2561-416d-a2c4-06e387dbac7a/addn_hosts - 4 names
Oct 10 19:38:25.115354 podb-esxi207 dnsmasq-dhcp[2854815]: read /opt/stack/data/neutron/dhcp/ca4c085c-2561-416d-a2c4-06e387dbac7a/host
Oct 10 19:38:25.115463 podb-esxi207 dnsmasq-dhcp[2854815]: read /opt/stack/data/neutron/dhcp/ca4c085c-2561-416d-a2c4-06e387dbac7a/opts
Oct 10 19:38:25.861153 podb-esxi207 dnsmasq-dhcp[2850500]: DHCPRELEASE(tap3a35c35a-3c) 10.1.0.12 fa:16:3e:64:57:6f
Oct 10 19:38:25.875727 podb-esxi207 dnsmasq-dhcp[2850500]: DHCPRELEASE(tap3a35c35a-3c) 10.1.0.12 fa:16:3e:64:57:6f unknown lease
Oct 10 19:38:26.698405 podb-esxi207 dnsmasq[2850500]: read /opt/stack/data/neutron/dhcp/1d583619-1a59-4832-be6f-50ba96f62d4a/addn_hosts - 2 names
Oct 10 19:38:26.698486 podb-esxi207 dnsmasq-dhcp[2850500]: read /opt/stack/data/neutron/dhcp/1d583619-1a59-4832-be6f-50ba96f62d4a/host
Oct 10 19:38:26.698586 podb-esxi207 dnsmasq-dhcp[2850500]: read /opt/stack/data/neutron/dhcp/1d583619-1a59-4832-be6f-50ba96f62d4a/opts
