Oct 18 14:01:25.274111 podb-esxi207 dnsmasq-dhcp[3945719]: DHCPACK(tapa9ac74d1-1a) 10.1.0.10 fa:16:3e:d6:ae:b8 host-10-1-0-10
Oct 18 14:01:46.563854 podb-esxi207 dnsmasq-dhcp[3948786]: DHCPDISCOVER(tapd45f00c6-aa) fa:16:3e:6f:75:0d
Oct 18 14:01:46.563878 podb-esxi207 dnsmasq-dhcp[3948786]: DHCPOFFER(tapd45f00c6-aa) 10.1.0.11 fa:16:3e:6f:75:0d
Oct 18 14:01:46.574653 podb-esxi207 dnsmasq-dhcp[3948786]: DHCPREQUEST(tapd45f00c6-aa) 10.1.0.11 fa:16:3e:6f:75:0d
Oct 18 14:01:46.574681 podb-esxi207 dnsmasq-dhcp[3948786]: DHCPACK(tapd45f00c6-aa) 10.1.0.11 fa:16:3e:6f:75:0d host-10-1-0-11
Oct 18 14:01:48.126282 podb-esxi207 dnsmasq-dhcp[3949702]: DHCPDISCOVER(tap7278ee09-b7) fa:16:3e:f5:54:71
Oct 18 14:01:48.126307 podb-esxi207 dnsmasq-dhcp[3949702]: DHCPOFFER(tap7278ee09-b7) 10.1.0.11 fa:16:3e:f5:54:71
Oct 18 14:01:48.136694 podb-esxi207 dnsmasq-dhcp[3949702]: DHCPREQUEST(tap7278ee09-b7) 10.1.0.11 fa:16:3e:f5:54:71
Oct 18 14:01:48.136724 podb-esxi207 dnsmasq-dhcp[3949702]: DHCPACK(tap7278ee09-b7) 10.1.0.11 fa:16:3e:f5:54:71 host-10-1-0-11
Oct 18 14:02:50.058545 podb-esxi207 dnsmasq-dhcp[3945719]: DHCPREQUEST(tapa9ac74d1-1a) 10.1.0.10 fa:16:3e:d6:ae:b8
Oct 18 14:02:50.058578 podb-esxi207 dnsmasq-dhcp[3945719]: DHCPACK(tapa9ac74d1-1a) 10.1.0.10 fa:16:3e:d6:ae:b8 host-10-1-0-10
Oct 18 14:03:10.594135 podb-esxi207 dnsmasq-dhcp[3948786]: DHCPREQUEST(tapd45f00c6-aa) 10.1.0.11 fa:16:3e:6f:75:0d
Oct 18 14:03:10.594171 podb-esxi207 dnsmasq-dhcp[3948786]: DHCPACK(tapd45f00c6-aa) 10.1.0.11 fa:16:3e:6f:75:0d host-10-1-0-11
Oct 18 14:03:29.629700 podb-esxi207 dnsmasq-dhcp[3945719]: DHCPRELEASE(tapa9ac74d1-1a) 10.1.0.10 fa:16:3e:d6:ae:b8
Oct 18 14:03:29.646871 podb-esxi207 dnsmasq-dhcp[3945719]: DHCPRELEASE(tapa9ac74d1-1a) 10.1.0.10 fa:16:3e:d6:ae:b8 unknown lease
Oct 18 14:03:30.471779 podb-esxi207 dnsmasq[3945719]: read /opt/stack/data/neutron/dhcp/b3521593-222c-41da-9b1b-bf1cad10126d/addn_hosts - 2 names
Oct 18 14:03:30.471899 podb-esxi207 dnsmasq-dhcp[3945719]: read /opt/stack/data/neutron/dhcp/b3521593-222c-41da-9b1b-bf1cad10126d/host
Oct 18 14:03:30.471979 podb-esxi207 dnsmasq-dhcp[3945719]: read /opt/stack/data/neutron/dhcp/b3521593-222c-41da-9b1b-bf1cad10126d/opts
Oct 18 14:03:52.962261 podb-esxi207 dnsmasq[3945719]: read /opt/stack/data/neutron/dhcp/b3521593-222c-41da-9b1b-bf1cad10126d/addn_hosts - 0 names
Oct 18 14:03:52.962368 podb-esxi207 dnsmasq-dhcp[3945719]: read /opt/stack/data/neutron/dhcp/b3521593-222c-41da-9b1b-bf1cad10126d/host
Oct 18 14:03:52.962461 podb-esxi207 dnsmasq-dhcp[3945719]: read /opt/stack/data/neutron/dhcp/b3521593-222c-41da-9b1b-bf1cad10126d/opts
Oct 18 14:03:54.123288 podb-esxi207 dnsmasq[3945719]: exiting on receipt of SIGTERM
Oct 18 14:04:21.517251 podb-esxi207 dnsmasq-dhcp[3948786]: DHCPRELEASE(tapd45f00c6-aa) 10.1.0.11 fa:16:3e:6f:75:0d
Oct 18 14:04:21.532897 podb-esxi207 dnsmasq-dhcp[3948786]: DHCPRELEASE(tapd45f00c6-aa) 10.1.0.11 fa:16:3e:6f:75:0d unknown lease
Oct 18 14:04:22.358394 podb-esxi207 dnsmasq[3948786]: read /opt/stack/data/neutron/dhcp/63f3a847-780b-4dec-9ef8-0a6a63800618/addn_hosts - 6 names
Oct 18 14:04:22.358528 podb-esxi207 dnsmasq-dhcp[3948786]: read /opt/stack/data/neutron/dhcp/63f3a847-780b-4dec-9ef8-0a6a63800618/host
Oct 18 14:04:22.358641 podb-esxi207 dnsmasq-dhcp[3948786]: read /opt/stack/data/neutron/dhcp/63f3a847-780b-4dec-9ef8-0a6a63800618/opts
Oct 18 14:05:25.917440 podb-esxi207 dnsmasq-dhcp[3948786]: DHCPRELEASE(tapd45f00c6-aa) 10.1.0.5 fa:16:3e:47:e4:eb
Oct 18 14:05:25.934114 podb-esxi207 dnsmasq-dhcp[3948786]: DHCPRELEASE(tapd45f00c6-aa) 10.1.0.5 fa:16:3e:47:e4:eb unknown lease
Oct 18 14:05:26.759472 podb-esxi207 dnsmasq[3948786]: read /opt/stack/data/neutron/dhcp/63f3a847-780b-4dec-9ef8-0a6a63800618/addn_hosts - 4 names
Oct 18 14:05:26.759605 podb-esxi207 dnsmasq-dhcp[3948786]: read /opt/stack/data/neutron/dhcp/63f3a847-780b-4dec-9ef8-0a6a63800618/host
Oct 18 14:05:26.759718 podb-esxi207 dnsmasq-dhcp[3948786]: read /opt/stack/data/neutron/dhcp/63f3a847-780b-4dec-9ef8-0a6a63800618/opts
Oct 18 14:05:33.423884 podb-esxi207 dnsmasq-dhcp[3948786]: DHCPRELEASE(tapd45f00c6-aa) 10.1.0.3 fa:16:3e:79:31:c8
Oct 18 14:05:33.440096 podb-esxi207 dnsmasq-dhcp[3948786]: DHCPRELEASE(tapd45f00c6-aa) 10.1.0.3 fa:16:3e:79:31:c8 unknown lease
Oct 18 14:05:34.265923 podb-esxi207 dnsmasq[3948786]: read /opt/stack/data/neutron/dhcp/63f3a847-780b-4dec-9ef8-0a6a63800618/addn_hosts - 2 names
Oct 18 14:05:34.266062 podb-esxi207 dnsmasq-dhcp[3948786]: read /opt/stack/data/neutron/dhcp/63f3a847-780b-4dec-9ef8-0a6a63800618/host
Oct 18 14:05:34.266180 podb-esxi207 dnsmasq-dhcp[3948786]: read /opt/stack/data/neutron/dhcp/63f3a847-780b-4dec-9ef8-0a6a63800618/opts
Oct 18 14:05:38.806031 podb-esxi207 dnsmasq[3948786]: read /opt/stack/data/neutron/dhcp/63f3a847-780b-4dec-9ef8-0a6a63800618/addn_hosts - 0 names
Oct 18 14:05:38.806108 podb-esxi207 dnsmasq-dhcp[3948786]: read /opt/stack/data/neutron/dhcp/63f3a847-780b-4dec-9ef8-0a6a63800618/host
Oct 18 14:05:38.806216 podb-esxi207 dnsmasq-dhcp[3948786]: read /opt/stack/data/neutron/dhcp/63f3a847-780b-4dec-9ef8-0a6a63800618/opts
Oct 18 14:05:40.035328 podb-esxi207 dnsmasq[3948786]: exiting on receipt of SIGTERM
Oct 18 14:05:44.652018 podb-esxi207 dnsmasq[3953906]: started, version 2.90 cachesize 150
Oct 18 14:05:44.652049 podb-esxi207 dnsmasq[3953906]: DNS service limited to local subnets
Oct 18 14:05:44.652065 podb-esxi207 dnsmasq[3953906]: compile time options: IPv6 GNU-getopt DBus no-UBus i18n IDN2 DHCP DHCPv6 no-Lua TFTP conntrack ipset no-nftset auth cryptohash DNSSEC loop-detect inotify dumpfile
Oct 18 14:05:44.652101 podb-esxi207 dnsmasq-dhcp[3953906]: DHCP, static leases only on 10.1.0.0, lease time 1d
Oct 18 14:05:44.652256 podb-esxi207 dnsmasq[3953906]: reading /etc/resolv.conf
Oct 18 14:05:44.652273 podb-esxi207 dnsmasq[3953906]: using nameserver 127.0.0.53#53
Oct 18 14:05:44.652361 podb-esxi207 dnsmasq[3953906]: read /opt/stack/data/neutron/dhcp/4bb946dd-43fd-486a-98c7-46be01b48b99/addn_hosts - 0 names
Oct 18 14:05:44.652414 podb-esxi207 dnsmasq-dhcp[3953906]: read /opt/stack/data/neutron/dhcp/4bb946dd-43fd-486a-98c7-46be01b48b99/host
Oct 18 14:05:44.652469 podb-esxi207 dnsmasq-dhcp[3953906]: read /opt/stack/data/neutron/dhcp/4bb946dd-43fd-486a-98c7-46be01b48b99/opts
Oct 18 14:05:46.197158 podb-esxi207 dnsmasq[3953906]: read /opt/stack/data/neutron/dhcp/4bb946dd-43fd-486a-98c7-46be01b48b99/addn_hosts - 2 names
Oct 18 14:05:46.197249 podb-esxi207 dnsmasq-dhcp[3953906]: read /opt/stack/data/neutron/dhcp/4bb946dd-43fd-486a-98c7-46be01b48b99/host
Oct 18 14:05:46.197369 podb-esxi207 dnsmasq-dhcp[3953906]: read /opt/stack/data/neutron/dhcp/4bb946dd-43fd-486a-98c7-46be01b48b99/opts
Oct 18 14:05:47.462954 podb-esxi207 dnsmasq[3953906]: read /opt/stack/data/neutron/dhcp/4bb946dd-43fd-486a-98c7-46be01b48b99/addn_hosts - 2 names
Oct 18 14:05:47.463089 podb-esxi207 dnsmasq-dhcp[3953906]: read /opt/stack/data/neutron/dhcp/4bb946dd-43fd-486a-98c7-46be01b48b99/host
Oct 18 14:05:47.463199 podb-esxi207 dnsmasq-dhcp[3953906]: read /opt/stack/data/neutron/dhcp/4bb946dd-43fd-486a-98c7-46be01b48b99/opts
Oct 18 14:05:48.729876 podb-esxi207 dnsmasq[3953906]: read /opt/stack/data/neutron/dhcp/4bb946dd-43fd-486a-98c7-46be01b48b99/addn_hosts - 2 names
Oct 18 14:05:48.729983 podb-esxi207 dnsmasq-dhcp[3953906]: read /opt/stack/data/neutron/dhcp/4bb946dd-43fd-486a-98c7-46be01b48b99/host
Oct 18 14:05:48.730103 podb-esxi207 dnsmasq-dhcp[3953906]: read /opt/stack/data/neutron/dhcp/4bb946dd-43fd-486a-98c7-46be01b48b99/opts
Oct 18 14:06:23.697030 podb-esxi207 dnsmasq[3953906]: read /opt/stack/data/neutron/dhcp/4bb946dd-43fd-486a-98c7-46be01b48b99/addn_hosts - 4 names
Oct 18 14:06:23.697144 podb-esxi207 dnsmasq-dhcp[3953906]: read /opt/stack/data/neutron/dhcp/4bb946dd-43fd-486a-98c7-46be01b48b99/host
Oct 18 14:06:23.697235 podb-esxi207 dnsmasq-dhcp[3953906]: read /opt/stack/data/neutron/dhcp/4bb946dd-43fd-486a-98c7-46be01b48b99/opts
Oct 18 14:06:27.573517 podb-esxi207 dnsmasq-dhcp[3949702]: DHCPRELEASE(tap7278ee09-b7) 10.1.0.11 fa:16:3e:f5:54:71
Oct 18 14:06:27.592165 podb-esxi207 dnsmasq-dhcp[3949702]: DHCPRELEASE(tap7278ee09-b7) 10.1.0.11 fa:16:3e:f5:54:71 unknown lease
Oct 18 14:06:28.416471 podb-esxi207 dnsmasq[3949702]: read /opt/stack/data/neutron/dhcp/9cb13543-8891-44dc-a028-2c552837278c/addn_hosts - 2 names
Oct 18 14:06:28.416604 podb-esxi207 dnsmasq-dhcp[3949702]: read /opt/stack/data/neutron/dhcp/9cb13543-8891-44dc-a028-2c552837278c/host
Oct 18 14:06:28.416725 podb-esxi207 dnsmasq-dhcp[3949702]: read /opt/stack/data/neutron/dhcp/9cb13543-8891-44dc-a028-2c552837278c/opts
Oct 18 14:06:52.595952 podb-esxi207 dnsmasq[3953906]: read /opt/stack/data/neutron/dhcp/4bb946dd-43fd-486a-98c7-46be01b48b99/addn_hosts - 6 names
Oct 18 14:06:52.596060 podb-esxi207 dnsmasq-dhcp[3953906]: read /opt/stack/data/neutron/dhcp/4bb946dd-43fd-486a-98c7-46be01b48b99/host
Oct 18 14:06:52.596138 podb-esxi207 dnsmasq-dhcp[3953906]: read /opt/stack/data/neutron/dhcp/4bb946dd-43fd-486a-98c7-46be01b48b99/opts
Oct 18 14:07:02.038404 podb-esxi207 dnsmasq-dhcp[3953906]: DHCPDISCOVER(tap7b65db6b-38) fa:16:3e:9d:75:d6
Oct 18 14:07:02.038434 podb-esxi207 dnsmasq-dhcp[3953906]: DHCPOFFER(tap7b65db6b-38) 10.1.0.9 fa:16:3e:9d:75:d6
Oct 18 14:07:02.068306 podb-esxi207 dnsmasq-dhcp[3953906]: DHCPREQUEST(tap7b65db6b-38) 10.1.0.9 fa:16:3e:9d:75:d6
Oct 18 14:07:02.068342 podb-esxi207 dnsmasq-dhcp[3953906]: DHCPACK(tap7b65db6b-38) 10.1.0.9 fa:16:3e:9d:75:d6 host-10-1-0-9
Oct 18 14:07:05.674105 podb-esxi207 dnsmasq[3955068]: started, version 2.90 cachesize 150
Oct 18 14:07:05.674124 podb-esxi207 dnsmasq[3955068]: DNS service limited to local subnets
Oct 18 14:07:05.674137 podb-esxi207 dnsmasq[3955068]: compile time options: IPv6 GNU-getopt DBus no-UBus i18n IDN2 DHCP DHCPv6 no-Lua TFTP conntrack ipset no-nftset auth cryptohash DNSSEC loop-detect inotify dumpfile
Oct 18 14:07:05.674168 podb-esxi207 dnsmasq-dhcp[3955068]: DHCP, static leases only on 10.1.0.0, lease time 1d
Oct 18 14:07:05.674294 podb-esxi207 dnsmasq[3955068]: reading /etc/resolv.conf
Oct 18 14:07:05.674310 podb-esxi207 dnsmasq[3955068]: using nameserver 127.0.0.53#53
Oct 18 14:07:05.674382 podb-esxi207 dnsmasq[3955068]: read /opt/stack/data/neutron/dhcp/38434e53-e417-4216-88de-9ed394c089a4/addn_hosts - 0 names
Oct 18 14:07:05.674427 podb-esxi207 dnsmasq-dhcp[3955068]: read /opt/stack/data/neutron/dhcp/38434e53-e417-4216-88de-9ed394c089a4/host
Oct 18 14:07:05.674477 podb-esxi207 dnsmasq-dhcp[3955068]: read /opt/stack/data/neutron/dhcp/38434e53-e417-4216-88de-9ed394c089a4/opts
Oct 18 14:07:07.215444 podb-esxi207 dnsmasq[3955068]: read /opt/stack/data/neutron/dhcp/38434e53-e417-4216-88de-9ed394c089a4/addn_hosts - 2 names
Oct 18 14:07:07.215517 podb-esxi207 dnsmasq-dhcp[3955068]: read /opt/stack/data/neutron/dhcp/38434e53-e417-4216-88de-9ed394c089a4/host
Oct 18 14:07:07.215602 podb-esxi207 dnsmasq-dhcp[3955068]: read /opt/stack/data/neutron/dhcp/38434e53-e417-4216-88de-9ed394c089a4/opts
Oct 18 14:07:08.456682 podb-esxi207 dnsmasq[3955068]: read /opt/stack/data/neutron/dhcp/38434e53-e417-4216-88de-9ed394c089a4/addn_hosts - 2 names
Oct 18 14:07:08.456771 podb-esxi207 dnsmasq-dhcp[3955068]: read /opt/stack/data/neutron/dhcp/38434e53-e417-4216-88de-9ed394c089a4/host
Oct 18 14:07:08.456841 podb-esxi207 dnsmasq-dhcp[3955068]: read /opt/stack/data/neutron/dhcp/38434e53-e417-4216-88de-9ed394c089a4/opts
Oct 18 14:07:09.193209 podb-esxi207 dnsmasq[3953906]: read /opt/stack/data/neutron/dhcp/4bb946dd-43fd-486a-98c7-46be01b48b99/addn_hosts - 8 names
Oct 18 14:07:09.193343 podb-esxi207 dnsmasq-dhcp[3953906]: read /opt/stack/data/neutron/dhcp/4bb946dd-43fd-486a-98c7-46be01b48b99/host
Oct 18 14:07:09.193446 podb-esxi207 dnsmasq-dhcp[3953906]: read /opt/stack/data/neutron/dhcp/4bb946dd-43fd-486a-98c7-46be01b48b99/opts
Oct 18 14:07:10.444891 podb-esxi207 dnsmasq[3955068]: read /opt/stack/data/neutron/dhcp/38434e53-e417-4216-88de-9ed394c089a4/addn_hosts - 2 names
Oct 18 14:07:10.444968 podb-esxi207 dnsmasq-dhcp[3955068]: read /opt/stack/data/neutron/dhcp/38434e53-e417-4216-88de-9ed394c089a4/host
Oct 18 14:07:10.445036 podb-esxi207 dnsmasq-dhcp[3955068]: read /opt/stack/data/neutron/dhcp/38434e53-e417-4216-88de-9ed394c089a4/opts
Oct 18 14:07:15.579229 podb-esxi207 dnsmasq-dhcp[3953906]: DHCPDISCOVER(tap7b65db6b-38) fa:16:3e:bd:8e:76
Oct 18 14:07:15.579261 podb-esxi207 dnsmasq-dhcp[3953906]: DHCPOFFER(tap7b65db6b-38) 10.1.0.3 fa:16:3e:bd:8e:76
Oct 18 14:07:15.588646 podb-esxi207 dnsmasq-dhcp[3953906]: DHCPREQUEST(tap7b65db6b-38) 10.1.0.3 fa:16:3e:bd:8e:76
Oct 18 14:07:15.588683 podb-esxi207 dnsmasq-dhcp[3953906]: DHCPACK(tap7b65db6b-38) 10.1.0.3 fa:16:3e:bd:8e:76 host-10-1-0-3
Oct 18 14:07:32.355298 podb-esxi207 dnsmasq-dhcp[3953906]: DHCPDISCOVER(tap7b65db6b-38) fa:16:3e:d8:f2:4d
Oct 18 14:07:32.355328 podb-esxi207 dnsmasq-dhcp[3953906]: DHCPOFFER(tap7b65db6b-38) 10.1.0.4 fa:16:3e:d8:f2:4d
Oct 18 14:07:32.363267 podb-esxi207 dnsmasq-dhcp[3953906]: DHCPREQUEST(tap7b65db6b-38) 10.1.0.4 fa:16:3e:d8:f2:4d
Oct 18 14:07:32.363292 podb-esxi207 dnsmasq-dhcp[3953906]: DHCPACK(tap7b65db6b-38) 10.1.0.4 fa:16:3e:d8:f2:4d host-10-1-0-4
Oct 18 14:07:35.525386 podb-esxi207 dnsmasq[3955068]: read /opt/stack/data/neutron/dhcp/38434e53-e417-4216-88de-9ed394c089a4/addn_hosts - 4 names
Oct 18 14:07:35.525484 podb-esxi207 dnsmasq-dhcp[3955068]: read /opt/stack/data/neutron/dhcp/38434e53-e417-4216-88de-9ed394c089a4/host
Oct 18 14:07:35.525584 podb-esxi207 dnsmasq-dhcp[3955068]: read /opt/stack/data/neutron/dhcp/38434e53-e417-4216-88de-9ed394c089a4/opts
Oct 18 14:07:42.457385 podb-esxi207 dnsmasq[3949702]: read /opt/stack/data/neutron/dhcp/9cb13543-8891-44dc-a028-2c552837278c/addn_hosts - 4 names
Oct 18 14:07:42.457513 podb-esxi207 dnsmasq-dhcp[3949702]: read /opt/stack/data/neutron/dhcp/9cb13543-8891-44dc-a028-2c552837278c/host
Oct 18 14:07:42.457630 podb-esxi207 dnsmasq-dhcp[3949702]: read /opt/stack/data/neutron/dhcp/9cb13543-8891-44dc-a028-2c552837278c/opts
Oct 18 14:07:49.155465 podb-esxi207 dnsmasq[3955068]: read /opt/stack/data/neutron/dhcp/38434e53-e417-4216-88de-9ed394c089a4/addn_hosts - 2 names
Oct 18 14:07:49.155575 podb-esxi207 dnsmasq-dhcp[3955068]: read /opt/stack/data/neutron/dhcp/38434e53-e417-4216-88de-9ed394c089a4/host
Oct 18 14:07:49.155683 podb-esxi207 dnsmasq-dhcp[3955068]: read /opt/stack/data/neutron/dhcp/38434e53-e417-4216-88de-9ed394c089a4/opts
Oct 18 14:07:58.721478 podb-esxi207 dnsmasq[3955068]: read /opt/stack/data/neutron/dhcp/38434e53-e417-4216-88de-9ed394c089a4/addn_hosts - 4 names
Oct 18 14:07:58.721622 podb-esxi207 dnsmasq-dhcp[3955068]: read /opt/stack/data/neutron/dhcp/38434e53-e417-4216-88de-9ed394c089a4/host
Oct 18 14:07:58.721741 podb-esxi207 dnsmasq-dhcp[3955068]: read /opt/stack/data/neutron/dhcp/38434e53-e417-4216-88de-9ed394c089a4/opts
Oct 18 14:08:06.669892 podb-esxi207 dnsmasq-dhcp[3949702]: DHCPDISCOVER(tap7278ee09-b7) fa:16:3e:21:00:2e
Oct 18 14:08:06.669920 podb-esxi207 dnsmasq-dhcp[3949702]: DHCPOFFER(tap7278ee09-b7) 10.1.0.6 fa:16:3e:21:00:2e
Oct 18 14:08:06.680558 podb-esxi207 dnsmasq-dhcp[3949702]: DHCPREQUEST(tap7278ee09-b7) 10.1.0.6 fa:16:3e:21:00:2e
Oct 18 14:08:06.680592 podb-esxi207 dnsmasq-dhcp[3949702]: DHCPACK(tap7278ee09-b7) 10.1.0.6 fa:16:3e:21:00:2e host-10-1-0-6
Oct 18 14:08:10.988741 podb-esxi207 dnsmasq[3955068]: read /opt/stack/data/neutron/dhcp/38434e53-e417-4216-88de-9ed394c089a4/addn_hosts - 2 names
Oct 18 14:08:10.988853 podb-esxi207 dnsmasq-dhcp[3955068]: read /opt/stack/data/neutron/dhcp/38434e53-e417-4216-88de-9ed394c089a4/host
Oct 18 14:08:10.988974 podb-esxi207 dnsmasq-dhcp[3955068]: read /opt/stack/data/neutron/dhcp/38434e53-e417-4216-88de-9ed394c089a4/opts
Oct 18 14:09:20.770418 podb-esxi207 dnsmasq[3953906]: read /opt/stack/data/neutron/dhcp/4bb946dd-43fd-486a-98c7-46be01b48b99/addn_hosts - 10 names
Oct 18 14:09:20.770568 podb-esxi207 dnsmasq-dhcp[3953906]: read /opt/stack/data/neutron/dhcp/4bb946dd-43fd-486a-98c7-46be01b48b99/host
Oct 18 14:09:20.770679 podb-esxi207 dnsmasq-dhcp[3953906]: read /opt/stack/data/neutron/dhcp/4bb946dd-43fd-486a-98c7-46be01b48b99/opts
Oct 18 14:09:36.419689 podb-esxi207 dnsmasq[3953906]: read /opt/stack/data/neutron/dhcp/4bb946dd-43fd-486a-98c7-46be01b48b99/addn_hosts - 12 names
Oct 18 14:09:36.419832 podb-esxi207 dnsmasq-dhcp[3953906]: read /opt/stack/data/neutron/dhcp/4bb946dd-43fd-486a-98c7-46be01b48b99/host
Oct 18 14:09:36.419941 podb-esxi207 dnsmasq-dhcp[3953906]: read /opt/stack/data/neutron/dhcp/4bb946dd-43fd-486a-98c7-46be01b48b99/opts
Oct 18 14:09:43.160811 podb-esxi207 dnsmasq-dhcp[3953906]: DHCPDISCOVER(tap7b65db6b-38) fa:16:3e:7d:e2:e3
Oct 18 14:09:43.160837 podb-esxi207 dnsmasq-dhcp[3953906]: DHCPOFFER(tap7b65db6b-38) 10.1.0.6 fa:16:3e:7d:e2:e3
Oct 18 14:09:43.172577 podb-esxi207 dnsmasq-dhcp[3953906]: DHCPREQUEST(tap7b65db6b-38) 10.1.0.6 fa:16:3e:7d:e2:e3
Oct 18 14:09:43.172608 podb-esxi207 dnsmasq-dhcp[3953906]: DHCPACK(tap7b65db6b-38) 10.1.0.6 fa:16:3e:7d:e2:e3 host-10-1-0-6
Oct 18 14:09:59.080244 podb-esxi207 dnsmasq-dhcp[3953906]: DHCPDISCOVER(tap7b65db6b-38) fa:16:3e:a9:c4:13
Oct 18 14:09:59.080274 podb-esxi207 dnsmasq-dhcp[3953906]: DHCPOFFER(tap7b65db6b-38) 10.1.0.11 fa:16:3e:a9:c4:13
Oct 18 14:09:59.090034 podb-esxi207 dnsmasq-dhcp[3953906]: DHCPREQUEST(tap7b65db6b-38) 10.1.0.11 fa:16:3e:a9:c4:13
Oct 18 14:09:59.090067 podb-esxi207 dnsmasq-dhcp[3953906]: DHCPACK(tap7b65db6b-38) 10.1.0.11 fa:16:3e:a9:c4:13 host-10-1-0-11
Oct 18 14:10:11.348135 podb-esxi207 dnsmasq[3955068]: read /opt/stack/data/neutron/dhcp/38434e53-e417-4216-88de-9ed394c089a4/addn_hosts - 0 names
Oct 18 14:10:11.348240 podb-esxi207 dnsmasq-dhcp[3955068]: read /opt/stack/data/neutron/dhcp/38434e53-e417-4216-88de-9ed394c089a4/host
Oct 18 14:10:11.348345 podb-esxi207 dnsmasq-dhcp[3955068]: read /opt/stack/data/neutron/dhcp/38434e53-e417-4216-88de-9ed394c089a4/opts
Oct 18 14:10:12.340518 podb-esxi207 dnsmasq[3955068]: exiting on receipt of SIGTERM
Oct 18 14:11:31.499559 podb-esxi207 dnsmasq-dhcp[3953906]: DHCPREQUEST(tap7b65db6b-38) 10.1.0.6 fa:16:3e:7d:e2:e3
Oct 18 14:11:31.499593 podb-esxi207 dnsmasq-dhcp[3953906]: DHCPACK(tap7b65db6b-38) 10.1.0.6 fa:16:3e:7d:e2:e3 host-10-1-0-6
Oct 18 14:11:54.101536 podb-esxi207 dnsmasq[3833999]: read /opt/stack/data/neutron/dhcp/474588a5-ec39-4dee-b77a-66b10555baa4/addn_hosts - 2 names
Oct 18 14:11:54.101619 podb-esxi207 dnsmasq-dhcp[3833999]: read /opt/stack/data/neutron/dhcp/474588a5-ec39-4dee-b77a-66b10555baa4/host
Oct 18 14:11:54.101670 podb-esxi207 dnsmasq-dhcp[3833999]: read /opt/stack/data/neutron/dhcp/474588a5-ec39-4dee-b77a-66b10555baa4/opts
Oct 18 14:12:06.045624 podb-esxi207 dnsmasq[3833999]: read /opt/stack/data/neutron/dhcp/474588a5-ec39-4dee-b77a-66b10555baa4/addn_hosts - 0 names
Oct 18 14:12:06.045688 podb-esxi207 dnsmasq-dhcp[3833999]: read /opt/stack/data/neutron/dhcp/474588a5-ec39-4dee-b77a-66b10555baa4/host
Oct 18 14:12:06.045752 podb-esxi207 dnsmasq-dhcp[3833999]: read /opt/stack/data/neutron/dhcp/474588a5-ec39-4dee-b77a-66b10555baa4/opts
Oct 18 14:12:12.956825 podb-esxi207 dnsmasq-dhcp[3953906]: DHCPREQUEST(tap7b65db6b-38) 10.1.0.11 fa:16:3e:a9:c4:13
Oct 18 14:12:12.956859 podb-esxi207 dnsmasq-dhcp[3953906]: DHCPACK(tap7b65db6b-38) 10.1.0.11 fa:16:3e:a9:c4:13 host-10-1-0-11
Oct 18 14:12:21.934390 podb-esxi207 dnsmasq[3959785]: started, version 2.90 cachesize 150
Oct 18 14:12:21.934415 podb-esxi207 dnsmasq[3959785]: DNS service limited to local subnets
Oct 18 14:12:21.934430 podb-esxi207 dnsmasq[3959785]: compile time options: IPv6 GNU-getopt DBus no-UBus i18n IDN2 DHCP DHCPv6 no-Lua TFTP conntrack ipset no-nftset auth cryptohash DNSSEC loop-detect inotify dumpfile
Oct 18 14:12:21.934477 podb-esxi207 dnsmasq-dhcp[3959785]: DHCP, static leases only on 10.1.0.0, lease time 1d
Oct 18 14:12:21.935274 podb-esxi207 dnsmasq[3959785]: reading /etc/resolv.conf
Oct 18 14:12:21.935293 podb-esxi207 dnsmasq[3959785]: using nameserver 127.0.0.53#53
Oct 18 14:12:21.935386 podb-esxi207 dnsmasq[3959785]: read /opt/stack/data/neutron/dhcp/99e707d7-42b3-407c-b45f-9ed53b8635fe/addn_hosts - 0 names
Oct 18 14:12:21.935444 podb-esxi207 dnsmasq-dhcp[3959785]: read /opt/stack/data/neutron/dhcp/99e707d7-42b3-407c-b45f-9ed53b8635fe/host
Oct 18 14:12:21.935507 podb-esxi207 dnsmasq-dhcp[3959785]: read /opt/stack/data/neutron/dhcp/99e707d7-42b3-407c-b45f-9ed53b8635fe/opts
Oct 18 14:12:23.490445 podb-esxi207 dnsmasq[3959785]: read /opt/stack/data/neutron/dhcp/99e707d7-42b3-407c-b45f-9ed53b8635fe/addn_hosts - 2 names
Oct 18 14:12:23.490536 podb-esxi207 dnsmasq-dhcp[3959785]: read /opt/stack/data/neutron/dhcp/99e707d7-42b3-407c-b45f-9ed53b8635fe/host
Oct 18 14:12:23.490658 podb-esxi207 dnsmasq-dhcp[3959785]: read /opt/stack/data/neutron/dhcp/99e707d7-42b3-407c-b45f-9ed53b8635fe/opts
Oct 18 14:12:26.968189 podb-esxi207 dnsmasq[3960109]: started, version 2.90 cachesize 150
Oct 18 14:12:26.968212 podb-esxi207 dnsmasq[3960109]: DNS service limited to local subnets
Oct 18 14:12:26.968228 podb-esxi207 dnsmasq[3960109]: compile time options: IPv6 GNU-getopt DBus no-UBus i18n IDN2 DHCP DHCPv6 no-Lua TFTP conntrack ipset no-nftset auth cryptohash DNSSEC loop-detect inotify dumpfile
Oct 18 14:12:26.968274 podb-esxi207 dnsmasq-dhcp[3960109]: DHCP, static leases only on 10.1.0.0, lease time 1d
Oct 18 14:12:26.968428 podb-esxi207 dnsmasq[3960109]: reading /etc/resolv.conf
Oct 18 14:12:26.968444 podb-esxi207 dnsmasq[3960109]: using nameserver 127.0.0.53#53
Oct 18 14:12:26.968531 podb-esxi207 dnsmasq[3960109]: read /opt/stack/data/neutron/dhcp/14e0fdb4-c048-42ff-819b-61f55523fab0/addn_hosts - 0 names
Oct 18 14:12:26.968581 podb-esxi207 dnsmasq-dhcp[3960109]: read /opt/stack/data/neutron/dhcp/14e0fdb4-c048-42ff-819b-61f55523fab0/host
Oct 18 14:12:26.968639 podb-esxi207 dnsmasq-dhcp[3960109]: read /opt/stack/data/neutron/dhcp/14e0fdb4-c048-42ff-819b-61f55523fab0/opts
Oct 18 14:12:27.504619 podb-esxi207 dnsmasq[3959785]: read /opt/stack/data/neutron/dhcp/99e707d7-42b3-407c-b45f-9ed53b8635fe/addn_hosts - 2 names
Oct 18 14:12:27.504964 podb-esxi207 dnsmasq-dhcp[3959785]: read /opt/stack/data/neutron/dhcp/99e707d7-42b3-407c-b45f-9ed53b8635fe/host
Oct 18 14:12:27.505085 podb-esxi207 dnsmasq-dhcp[3959785]: read /opt/stack/data/neutron/dhcp/99e707d7-42b3-407c-b45f-9ed53b8635fe/opts
Oct 18 14:12:29.274302 podb-esxi207 dnsmasq[3960109]: read /opt/stack/data/neutron/dhcp/14e0fdb4-c048-42ff-819b-61f55523fab0/addn_hosts - 2 names
Oct 18 14:12:29.274389 podb-esxi207 dnsmasq-dhcp[3960109]: read /opt/stack/data/neutron/dhcp/14e0fdb4-c048-42ff-819b-61f55523fab0/host
Oct 18 14:12:29.274496 podb-esxi207 dnsmasq-dhcp[3960109]: read /opt/stack/data/neutron/dhcp/14e0fdb4-c048-42ff-819b-61f55523fab0/opts
Oct 18 14:12:30.052577 podb-esxi207 dnsmasq[3959785]: read /opt/stack/data/neutron/dhcp/99e707d7-42b3-407c-b45f-9ed53b8635fe/addn_hosts - 2 names
Oct 18 14:12:30.052697 podb-esxi207 dnsmasq-dhcp[3959785]: read /opt/stack/data/neutron/dhcp/99e707d7-42b3-407c-b45f-9ed53b8635fe/host
Oct 18 14:12:30.052813 podb-esxi207 dnsmasq-dhcp[3959785]: read /opt/stack/data/neutron/dhcp/99e707d7-42b3-407c-b45f-9ed53b8635fe/opts
Oct 18 14:12:31.320386 podb-esxi207 dnsmasq[3960109]: read /opt/stack/data/neutron/dhcp/14e0fdb4-c048-42ff-819b-61f55523fab0/addn_hosts - 2 names
Oct 18 14:12:31.320496 podb-esxi207 dnsmasq-dhcp[3960109]: read /opt/stack/data/neutron/dhcp/14e0fdb4-c048-42ff-819b-61f55523fab0/host
Oct 18 14:12:31.320609 podb-esxi207 dnsmasq-dhcp[3960109]: read /opt/stack/data/neutron/dhcp/14e0fdb4-c048-42ff-819b-61f55523fab0/opts
Oct 18 14:12:32.588976 podb-esxi207 dnsmasq[3960109]: read /opt/stack/data/neutron/dhcp/14e0fdb4-c048-42ff-819b-61f55523fab0/addn_hosts - 2 names
Oct 18 14:12:32.589065 podb-esxi207 dnsmasq-dhcp[3960109]: read /opt/stack/data/neutron/dhcp/14e0fdb4-c048-42ff-819b-61f55523fab0/host
Oct 18 14:12:32.589158 podb-esxi207 dnsmasq-dhcp[3960109]: read /opt/stack/data/neutron/dhcp/14e0fdb4-c048-42ff-819b-61f55523fab0/opts
Oct 18 14:12:49.684514 podb-esxi207 dnsmasq-dhcp[3949702]: DHCPRELEASE(tap7278ee09-b7) 10.1.0.6 fa:16:3e:21:00:2e
Oct 18 14:12:49.699898 podb-esxi207 dnsmasq-dhcp[3949702]: DHCPRELEASE(tap7278ee09-b7) 10.1.0.6 fa:16:3e:21:00:2e unknown lease
Oct 18 14:12:50.526199 podb-esxi207 dnsmasq[3949702]: read /opt/stack/data/neutron/dhcp/9cb13543-8891-44dc-a028-2c552837278c/addn_hosts - 2 names
Oct 18 14:12:50.526315 podb-esxi207 dnsmasq-dhcp[3949702]: read /opt/stack/data/neutron/dhcp/9cb13543-8891-44dc-a028-2c552837278c/host
Oct 18 14:12:50.526429 podb-esxi207 dnsmasq-dhcp[3949702]: read /opt/stack/data/neutron/dhcp/9cb13543-8891-44dc-a028-2c552837278c/opts
Oct 18 14:13:28.953994 podb-esxi207 dnsmasq[3959785]: read /opt/stack/data/neutron/dhcp/99e707d7-42b3-407c-b45f-9ed53b8635fe/addn_hosts - 4 names
Oct 18 14:13:28.954149 podb-esxi207 dnsmasq-dhcp[3959785]: read /opt/stack/data/neutron/dhcp/99e707d7-42b3-407c-b45f-9ed53b8635fe/host
Oct 18 14:13:28.954269 podb-esxi207 dnsmasq-dhcp[3959785]: read /opt/stack/data/neutron/dhcp/99e707d7-42b3-407c-b45f-9ed53b8635fe/opts
Oct 18 14:13:54.849403 podb-esxi207 dnsmasq[3953906]: read /opt/stack/data/neutron/dhcp/4bb946dd-43fd-486a-98c7-46be01b48b99/addn_hosts - 14 names
Oct 18 14:13:54.849544 podb-esxi207 dnsmasq-dhcp[3953906]: read /opt/stack/data/neutron/dhcp/4bb946dd-43fd-486a-98c7-46be01b48b99/host
Oct 18 14:13:54.849628 podb-esxi207 dnsmasq-dhcp[3953906]: read /opt/stack/data/neutron/dhcp/4bb946dd-43fd-486a-98c7-46be01b48b99/opts
Oct 18 14:14:05.187089 podb-esxi207 dnsmasq-dhcp[3959785]: DHCPDISCOVER(tap3c73a52d-41) fa:16:3e:c8:33:83
Oct 18 14:14:05.187116 podb-esxi207 dnsmasq-dhcp[3959785]: DHCPOFFER(tap3c73a52d-41) 10.1.0.5 fa:16:3e:c8:33:83
Oct 18 14:14:05.196222 podb-esxi207 dnsmasq-dhcp[3959785]: DHCPREQUEST(tap3c73a52d-41) 10.1.0.5 fa:16:3e:c8:33:83
Oct 18 14:14:05.196254 podb-esxi207 dnsmasq-dhcp[3959785]: DHCPACK(tap3c73a52d-41) 10.1.0.5 fa:16:3e:c8:33:83 host-10-1-0-5
Oct 18 14:14:20.036983 podb-esxi207 dnsmasq[3953906]: read /opt/stack/data/neutron/dhcp/4bb946dd-43fd-486a-98c7-46be01b48b99/addn_hosts - 12 names
Oct 18 14:14:20.037133 podb-esxi207 dnsmasq-dhcp[3953906]: read /opt/stack/data/neutron/dhcp/4bb946dd-43fd-486a-98c7-46be01b48b99/host
Oct 18 14:14:20.037260 podb-esxi207 dnsmasq-dhcp[3953906]: read /opt/stack/data/neutron/dhcp/4bb946dd-43fd-486a-98c7-46be01b48b99/opts
Oct 18 14:16:12.500282 podb-esxi207 dnsmasq[3949702]: read /opt/stack/data/neutron/dhcp/9cb13543-8891-44dc-a028-2c552837278c/addn_hosts - 0 names
Oct 18 14:16:12.500363 podb-esxi207 dnsmasq-dhcp[3949702]: read /opt/stack/data/neutron/dhcp/9cb13543-8891-44dc-a028-2c552837278c/host
Oct 18 14:16:12.500466 podb-esxi207 dnsmasq-dhcp[3949702]: read /opt/stack/data/neutron/dhcp/9cb13543-8891-44dc-a028-2c552837278c/opts
Oct 18 14:16:13.581789 podb-esxi207 dnsmasq[3949702]: exiting on receipt of SIGTERM
Oct 18 14:16:46.471218 podb-esxi207 dnsmasq-dhcp[3959785]: DHCPRELEASE(tap3c73a52d-41) 10.1.0.5 fa:16:3e:c8:33:83
Oct 18 14:16:46.488650 podb-esxi207 dnsmasq-dhcp[3959785]: DHCPRELEASE(tap3c73a52d-41) 10.1.0.5 fa:16:3e:c8:33:83 unknown lease
Oct 18 14:16:47.315693 podb-esxi207 dnsmasq[3959785]: read /opt/stack/data/neutron/dhcp/99e707d7-42b3-407c-b45f-9ed53b8635fe/addn_hosts - 2 names
Oct 18 14:16:47.315834 podb-esxi207 dnsmasq-dhcp[3959785]: read /opt/stack/data/neutron/dhcp/99e707d7-42b3-407c-b45f-9ed53b8635fe/host
Oct 18 14:16:47.315941 podb-esxi207 dnsmasq-dhcp[3959785]: read /opt/stack/data/neutron/dhcp/99e707d7-42b3-407c-b45f-9ed53b8635fe/opts
Oct 18 14:17:41.621251 podb-esxi207 dnsmasq[3959785]: read /opt/stack/data/neutron/dhcp/99e707d7-42b3-407c-b45f-9ed53b8635fe/addn_hosts - 0 names
Oct 18 14:17:41.621321 podb-esxi207 dnsmasq-dhcp[3959785]: read /opt/stack/data/neutron/dhcp/99e707d7-42b3-407c-b45f-9ed53b8635fe/host
Oct 18 14:17:41.621374 podb-esxi207 dnsmasq-dhcp[3959785]: read /opt/stack/data/neutron/dhcp/99e707d7-42b3-407c-b45f-9ed53b8635fe/opts
Oct 18 14:17:42.692687 podb-esxi207 dnsmasq[3959785]: exiting on receipt of SIGTERM
Oct 18 14:17:43.802362 podb-esxi207 dnsmasq[3960109]: read /opt/stack/data/neutron/dhcp/14e0fdb4-c048-42ff-819b-61f55523fab0/addn_hosts - 0 names
Oct 18 14:17:43.802473 podb-esxi207 dnsmasq-dhcp[3960109]: read /opt/stack/data/neutron/dhcp/14e0fdb4-c048-42ff-819b-61f55523fab0/host
Oct 18 14:17:43.802575 podb-esxi207 dnsmasq-dhcp[3960109]: read /opt/stack/data/neutron/dhcp/14e0fdb4-c048-42ff-819b-61f55523fab0/opts
Oct 18 14:17:44.709754 podb-esxi207 dnsmasq[3960109]: exiting on receipt of SIGTERM
Oct 18 14:17:49.453036 podb-esxi207 dnsmasq[3963710]: started, version 2.90 cachesize 150
Oct 18 14:17:49.453061 podb-esxi207 dnsmasq[3963710]: DNS service limited to local subnets
Oct 18 14:17:49.453076 podb-esxi207 dnsmasq[3963710]: compile time options: IPv6 GNU-getopt DBus no-UBus i18n IDN2 DHCP DHCPv6 no-Lua TFTP conntrack ipset no-nftset auth cryptohash DNSSEC loop-detect inotify dumpfile
Oct 18 14:17:49.453111 podb-esxi207 dnsmasq-dhcp[3963710]: DHCP, static leases only on 10.1.0.0, lease time 1d
Oct 18 14:17:49.453269 podb-esxi207 dnsmasq[3963710]: reading /etc/resolv.conf
Oct 18 14:17:49.453286 podb-esxi207 dnsmasq[3963710]: using nameserver 127.0.0.53#53
Oct 18 14:17:49.453373 podb-esxi207 dnsmasq[3963710]: read /opt/stack/data/neutron/dhcp/f8957472-06f5-401b-a6c8-b286e7b76904/addn_hosts - 0 names
Oct 18 14:17:49.453425 podb-esxi207 dnsmasq-dhcp[3963710]: read /opt/stack/data/neutron/dhcp/f8957472-06f5-401b-a6c8-b286e7b76904/host
Oct 18 14:17:49.453484 podb-esxi207 dnsmasq-dhcp[3963710]: read /opt/stack/data/neutron/dhcp/f8957472-06f5-401b-a6c8-b286e7b76904/opts
Oct 18 14:17:51.001230 podb-esxi207 dnsmasq[3963710]: read /opt/stack/data/neutron/dhcp/f8957472-06f5-401b-a6c8-b286e7b76904/addn_hosts - 2 names
Oct 18 14:17:51.001316 podb-esxi207 dnsmasq-dhcp[3963710]: read /opt/stack/data/neutron/dhcp/f8957472-06f5-401b-a6c8-b286e7b76904/host
Oct 18 14:17:51.001386 podb-esxi207 dnsmasq-dhcp[3963710]: read /opt/stack/data/neutron/dhcp/f8957472-06f5-401b-a6c8-b286e7b76904/opts
Oct 18 14:17:53.924343 podb-esxi207 dnsmasq[3964088]: started, version 2.90 cachesize 150
Oct 18 14:17:53.924366 podb-esxi207 dnsmasq[3964088]: DNS service limited to local subnets
Oct 18 14:17:53.924380 podb-esxi207 dnsmasq[3964088]: compile time options: IPv6 GNU-getopt DBus no-UBus i18n IDN2 DHCP DHCPv6 no-Lua TFTP conntrack ipset no-nftset auth cryptohash DNSSEC loop-detect inotify dumpfile
Oct 18 14:17:53.924417 podb-esxi207 dnsmasq-dhcp[3964088]: DHCP, static leases only on 10.1.0.0, lease time 1d
Oct 18 14:17:53.924568 podb-esxi207 dnsmasq[3964088]: reading /etc/resolv.conf
Oct 18 14:17:53.924584 podb-esxi207 dnsmasq[3964088]: using nameserver 127.0.0.53#53
Oct 18 14:17:53.924702 podb-esxi207 dnsmasq[3964088]: read /opt/stack/data/neutron/dhcp/d0384ad7-e17a-4b5b-8ea3-8809ef5bec3f/addn_hosts - 2 names
Oct 18 14:17:53.924757 podb-esxi207 dnsmasq-dhcp[3964088]: read /opt/stack/data/neutron/dhcp/d0384ad7-e17a-4b5b-8ea3-8809ef5bec3f/host
Oct 18 14:17:53.924831 podb-esxi207 dnsmasq-dhcp[3964088]: read /opt/stack/data/neutron/dhcp/d0384ad7-e17a-4b5b-8ea3-8809ef5bec3f/opts
Oct 18 14:17:54.971815 podb-esxi207 dnsmasq[3963710]: read /opt/stack/data/neutron/dhcp/f8957472-06f5-401b-a6c8-b286e7b76904/addn_hosts - 2 names
Oct 18 14:17:54.971965 podb-esxi207 dnsmasq-dhcp[3963710]: read /opt/stack/data/neutron/dhcp/f8957472-06f5-401b-a6c8-b286e7b76904/host
Oct 18 14:17:54.972086 podb-esxi207 dnsmasq-dhcp[3963710]: read /opt/stack/data/neutron/dhcp/f8957472-06f5-401b-a6c8-b286e7b76904/opts
Oct 18 14:17:56.234398 podb-esxi207 dnsmasq[3964088]: read /opt/stack/data/neutron/dhcp/d0384ad7-e17a-4b5b-8ea3-8809ef5bec3f/addn_hosts - 2 names
Oct 18 14:17:56.234496 podb-esxi207 dnsmasq-dhcp[3964088]: read /opt/stack/data/neutron/dhcp/d0384ad7-e17a-4b5b-8ea3-8809ef5bec3f/host
Oct 18 14:17:56.234567 podb-esxi207 dnsmasq-dhcp[3964088]: read /opt/stack/data/neutron/dhcp/d0384ad7-e17a-4b5b-8ea3-8809ef5bec3f/opts
Oct 18 14:17:57.495353 podb-esxi207 dnsmasq[3963710]: read /opt/stack/data/neutron/dhcp/f8957472-06f5-401b-a6c8-b286e7b76904/addn_hosts - 2 names
Oct 18 14:17:57.495496 podb-esxi207 dnsmasq-dhcp[3963710]: read /opt/stack/data/neutron/dhcp/f8957472-06f5-401b-a6c8-b286e7b76904/host
Oct 18 14:17:57.495620 podb-esxi207 dnsmasq-dhcp[3963710]: read /opt/stack/data/neutron/dhcp/f8957472-06f5-401b-a6c8-b286e7b76904/opts
Oct 18 14:17:58.248774 podb-esxi207 dnsmasq[3964088]: read /opt/stack/data/neutron/dhcp/d0384ad7-e17a-4b5b-8ea3-8809ef5bec3f/addn_hosts - 2 names
Oct 18 14:17:58.248896 podb-esxi207 dnsmasq-dhcp[3964088]: read /opt/stack/data/neutron/dhcp/d0384ad7-e17a-4b5b-8ea3-8809ef5bec3f/host
Oct 18 14:17:58.249011 podb-esxi207 dnsmasq-dhcp[3964088]: read /opt/stack/data/neutron/dhcp/d0384ad7-e17a-4b5b-8ea3-8809ef5bec3f/opts
Oct 18 14:17:59.509614 podb-esxi207 dnsmasq[3964088]: read /opt/stack/data/neutron/dhcp/d0384ad7-e17a-4b5b-8ea3-8809ef5bec3f/addn_hosts - 2 names
Oct 18 14:17:59.509755 podb-esxi207 dnsmasq-dhcp[3964088]: read /opt/stack/data/neutron/dhcp/d0384ad7-e17a-4b5b-8ea3-8809ef5bec3f/host
Oct 18 14:17:59.509891 podb-esxi207 dnsmasq-dhcp[3964088]: read /opt/stack/data/neutron/dhcp/d0384ad7-e17a-4b5b-8ea3-8809ef5bec3f/opts
Oct 18 14:18:01.450985 podb-esxi207 dnsmasq[3963710]: read /opt/stack/data/neutron/dhcp/f8957472-06f5-401b-a6c8-b286e7b76904/addn_hosts - 4 names
Oct 18 14:18:01.451128 podb-esxi207 dnsmasq-dhcp[3963710]: read /opt/stack/data/neutron/dhcp/f8957472-06f5-401b-a6c8-b286e7b76904/host
Oct 18 14:18:01.451256 podb-esxi207 dnsmasq-dhcp[3963710]: read /opt/stack/data/neutron/dhcp/f8957472-06f5-401b-a6c8-b286e7b76904/opts
Oct 18 14:18:25.250674 podb-esxi207 dnsmasq-dhcp[3963710]: DHCPDISCOVER(tap13f9ca5a-d6) fa:16:3e:01:e4:1f
Oct 18 14:18:25.250704 podb-esxi207 dnsmasq-dhcp[3963710]: DHCPOFFER(tap13f9ca5a-d6) 10.1.0.5 fa:16:3e:01:e4:1f
Oct 18 14:18:25.261433 podb-esxi207 dnsmasq-dhcp[3963710]: DHCPREQUEST(tap13f9ca5a-d6) 10.1.0.5 fa:16:3e:01:e4:1f
Oct 18 14:18:25.261462 podb-esxi207 dnsmasq-dhcp[3963710]: DHCPACK(tap13f9ca5a-d6) 10.1.0.5 fa:16:3e:01:e4:1f host-10-1-0-5
Oct 18 14:19:51.942920 podb-esxi207 dnsmasq[3965378]: started, version 2.90 cachesize 150
Oct 18 14:19:51.942945 podb-esxi207 dnsmasq[3965378]: DNS service limited to local subnets
Oct 18 14:19:51.942961 podb-esxi207 dnsmasq[3965378]: compile time options: IPv6 GNU-getopt DBus no-UBus i18n IDN2 DHCP DHCPv6 no-Lua TFTP conntrack ipset no-nftset auth cryptohash DNSSEC loop-detect inotify dumpfile
Oct 18 14:19:51.943002 podb-esxi207 dnsmasq-dhcp[3965378]: DHCP, static leases only on 10.1.0.0, lease time 1d
Oct 18 14:19:51.943158 podb-esxi207 dnsmasq[3965378]: reading /etc/resolv.conf
Oct 18 14:19:51.943175 podb-esxi207 dnsmasq[3965378]: using nameserver 127.0.0.53#53
Oct 18 14:19:51.943274 podb-esxi207 dnsmasq[3965378]: read /opt/stack/data/neutron/dhcp/8b617bf7-af56-4414-8047-1cff8b9e3b2d/addn_hosts - 0 names
Oct 18 14:19:51.943326 podb-esxi207 dnsmasq-dhcp[3965378]: read /opt/stack/data/neutron/dhcp/8b617bf7-af56-4414-8047-1cff8b9e3b2d/host
Oct 18 14:19:51.943383 podb-esxi207 dnsmasq-dhcp[3965378]: read /opt/stack/data/neutron/dhcp/8b617bf7-af56-4414-8047-1cff8b9e3b2d/opts
Oct 18 14:19:53.489272 podb-esxi207 dnsmasq[3965378]: read /opt/stack/data/neutron/dhcp/8b617bf7-af56-4414-8047-1cff8b9e3b2d/addn_hosts - 2 names
Oct 18 14:19:53.489382 podb-esxi207 dnsmasq-dhcp[3965378]: read /opt/stack/data/neutron/dhcp/8b617bf7-af56-4414-8047-1cff8b9e3b2d/host
Oct 18 14:19:53.489499 podb-esxi207 dnsmasq-dhcp[3965378]: read /opt/stack/data/neutron/dhcp/8b617bf7-af56-4414-8047-1cff8b9e3b2d/opts
Oct 18 14:19:56.853941 podb-esxi207 dnsmasq[3965728]: started, version 2.90 cachesize 150
Oct 18 14:19:56.853967 podb-esxi207 dnsmasq[3965728]: DNS service limited to local subnets
Oct 18 14:19:56.853982 podb-esxi207 dnsmasq[3965728]: compile time options: IPv6 GNU-getopt DBus no-UBus i18n IDN2 DHCP DHCPv6 no-Lua TFTP conntrack ipset no-nftset auth cryptohash DNSSEC loop-detect inotify dumpfile
Oct 18 14:19:56.854020 podb-esxi207 dnsmasq-dhcp[3965728]: DHCP, static leases only on 10.1.0.0, lease time 1d
Oct 18 14:19:56.854174 podb-esxi207 dnsmasq[3965728]: reading /etc/resolv.conf
Oct 18 14:19:56.854191 podb-esxi207 dnsmasq[3965728]: using nameserver 127.0.0.53#53
Oct 18 14:19:56.854297 podb-esxi207 dnsmasq[3965728]: read /opt/stack/data/neutron/dhcp/85c71da8-a866-4d01-8a3c-706decceb541/addn_hosts - 2 names
Oct 18 14:19:56.854361 podb-esxi207 dnsmasq-dhcp[3965728]: read /opt/stack/data/neutron/dhcp/85c71da8-a866-4d01-8a3c-706decceb541/host
Oct 18 14:19:56.854438 podb-esxi207 dnsmasq-dhcp[3965728]: read /opt/stack/data/neutron/dhcp/85c71da8-a866-4d01-8a3c-706decceb541/opts
Oct 18 14:19:57.388865 podb-esxi207 dnsmasq[3965378]: read /opt/stack/data/neutron/dhcp/8b617bf7-af56-4414-8047-1cff8b9e3b2d/addn_hosts - 2 names
Oct 18 14:19:57.388971 podb-esxi207 dnsmasq-dhcp[3965378]: read /opt/stack/data/neutron/dhcp/8b617bf7-af56-4414-8047-1cff8b9e3b2d/host
Oct 18 14:19:57.389042 podb-esxi207 dnsmasq-dhcp[3965378]: read /opt/stack/data/neutron/dhcp/8b617bf7-af56-4414-8047-1cff8b9e3b2d/opts
Oct 18 14:19:59.158339 podb-esxi207 dnsmasq[3965728]: read /opt/stack/data/neutron/dhcp/85c71da8-a866-4d01-8a3c-706decceb541/addn_hosts - 2 names
Oct 18 14:19:59.158434 podb-esxi207 dnsmasq-dhcp[3965728]: read /opt/stack/data/neutron/dhcp/85c71da8-a866-4d01-8a3c-706decceb541/host
Oct 18 14:19:59.158549 podb-esxi207 dnsmasq-dhcp[3965728]: read /opt/stack/data/neutron/dhcp/85c71da8-a866-4d01-8a3c-706decceb541/opts
Oct 18 14:19:59.920961 podb-esxi207 dnsmasq[3965378]: read /opt/stack/data/neutron/dhcp/8b617bf7-af56-4414-8047-1cff8b9e3b2d/addn_hosts - 2 names
Oct 18 14:19:59.921078 podb-esxi207 dnsmasq-dhcp[3965378]: read /opt/stack/data/neutron/dhcp/8b617bf7-af56-4414-8047-1cff8b9e3b2d/host
Oct 18 14:19:59.921191 podb-esxi207 dnsmasq-dhcp[3965378]: read /opt/stack/data/neutron/dhcp/8b617bf7-af56-4414-8047-1cff8b9e3b2d/opts
Oct 18 14:20:01.182953 podb-esxi207 dnsmasq[3965728]: read /opt/stack/data/neutron/dhcp/85c71da8-a866-4d01-8a3c-706decceb541/addn_hosts - 2 names
Oct 18 14:20:01.183104 podb-esxi207 dnsmasq-dhcp[3965728]: read /opt/stack/data/neutron/dhcp/85c71da8-a866-4d01-8a3c-706decceb541/host
Oct 18 14:20:01.183217 podb-esxi207 dnsmasq-dhcp[3965728]: read /opt/stack/data/neutron/dhcp/85c71da8-a866-4d01-8a3c-706decceb541/opts
Oct 18 14:20:02.441464 podb-esxi207 dnsmasq[3965728]: read /opt/stack/data/neutron/dhcp/85c71da8-a866-4d01-8a3c-706decceb541/addn_hosts - 2 names
Oct 18 14:20:02.441568 podb-esxi207 dnsmasq-dhcp[3965728]: read /opt/stack/data/neutron/dhcp/85c71da8-a866-4d01-8a3c-706decceb541/host
Oct 18 14:20:02.441674 podb-esxi207 dnsmasq-dhcp[3965728]: read /opt/stack/data/neutron/dhcp/85c71da8-a866-4d01-8a3c-706decceb541/opts
Oct 18 14:20:03.188020 podb-esxi207 dnsmasq[3965378]: read /opt/stack/data/neutron/dhcp/8b617bf7-af56-4414-8047-1cff8b9e3b2d/addn_hosts - 4 names
Oct 18 14:20:03.188139 podb-esxi207 dnsmasq-dhcp[3965378]: read /opt/stack/data/neutron/dhcp/8b617bf7-af56-4414-8047-1cff8b9e3b2d/host
Oct 18 14:20:03.188243 podb-esxi207 dnsmasq-dhcp[3965378]: read /opt/stack/data/neutron/dhcp/8b617bf7-af56-4414-8047-1cff8b9e3b2d/opts
Oct 18 14:20:12.434473 podb-esxi207 dnsmasq-dhcp[3963710]: DHCPREQUEST(tap13f9ca5a-d6) 10.1.0.5 fa:16:3e:01:e4:1f
Oct 18 14:20:12.434507 podb-esxi207 dnsmasq-dhcp[3963710]: DHCPACK(tap13f9ca5a-d6) 10.1.0.5 fa:16:3e:01:e4:1f host-10-1-0-5
Oct 18 14:20:25.064469 podb-esxi207 dnsmasq-dhcp[3965378]: DHCPDISCOVER(tapb79c00f4-48) fa:16:3e:6a:60:32
Oct 18 14:20:25.064499 podb-esxi207 dnsmasq-dhcp[3965378]: DHCPOFFER(tapb79c00f4-48) 10.1.0.12 fa:16:3e:6a:60:32
Oct 18 14:20:25.074811 podb-esxi207 dnsmasq-dhcp[3965378]: DHCPREQUEST(tapb79c00f4-48) 10.1.0.12 fa:16:3e:6a:60:32
Oct 18 14:20:25.074841 podb-esxi207 dnsmasq-dhcp[3965378]: DHCPACK(tapb79c00f4-48) 10.1.0.12 fa:16:3e:6a:60:32 host-10-1-0-12
Oct 18 14:21:40.229406 podb-esxi207 dnsmasq-dhcp[3963710]: DHCPRELEASE(tap13f9ca5a-d6) 10.1.0.5 fa:16:3e:01:e4:1f
Oct 18 14:21:40.246804 podb-esxi207 dnsmasq-dhcp[3963710]: DHCPRELEASE(tap13f9ca5a-d6) 10.1.0.5 fa:16:3e:01:e4:1f unknown lease
Oct 18 14:21:41.072238 podb-esxi207 dnsmasq[3963710]: read /opt/stack/data/neutron/dhcp/f8957472-06f5-401b-a6c8-b286e7b76904/addn_hosts - 2 names
Oct 18 14:21:41.072382 podb-esxi207 dnsmasq-dhcp[3963710]: read /opt/stack/data/neutron/dhcp/f8957472-06f5-401b-a6c8-b286e7b76904/host
Oct 18 14:21:41.072495 podb-esxi207 dnsmasq-dhcp[3963710]: read /opt/stack/data/neutron/dhcp/f8957472-06f5-401b-a6c8-b286e7b76904/opts
Oct 18 14:21:54.562482 podb-esxi207 dnsmasq[3963710]: read /opt/stack/data/neutron/dhcp/f8957472-06f5-401b-a6c8-b286e7b76904/addn_hosts - 4 names
Oct 18 14:21:54.562588 podb-esxi207 dnsmasq-dhcp[3963710]: read /opt/stack/data/neutron/dhcp/f8957472-06f5-401b-a6c8-b286e7b76904/host
Oct 18 14:21:54.562713 podb-esxi207 dnsmasq-dhcp[3963710]: read /opt/stack/data/neutron/dhcp/f8957472-06f5-401b-a6c8-b286e7b76904/opts
Oct 18 14:21:59.100440 podb-esxi207 dnsmasq-dhcp[3965378]: DHCPRELEASE(tapb79c00f4-48) 10.1.0.12 fa:16:3e:6a:60:32
Oct 18 14:21:59.116054 podb-esxi207 dnsmasq-dhcp[3965378]: DHCPRELEASE(tapb79c00f4-48) 10.1.0.12 fa:16:3e:6a:60:32 unknown lease
Oct 18 14:21:59.942941 podb-esxi207 dnsmasq[3965378]: read /opt/stack/data/neutron/dhcp/8b617bf7-af56-4414-8047-1cff8b9e3b2d/addn_hosts - 2 names
Oct 18 14:21:59.943051 podb-esxi207 dnsmasq-dhcp[3965378]: read /opt/stack/data/neutron/dhcp/8b617bf7-af56-4414-8047-1cff8b9e3b2d/host
Oct 18 14:21:59.943161 podb-esxi207 dnsmasq-dhcp[3965378]: read /opt/stack/data/neutron/dhcp/8b617bf7-af56-4414-8047-1cff8b9e3b2d/opts
Oct 18 14:22:05.047669 podb-esxi207 dnsmasq[3965378]: read /opt/stack/data/neutron/dhcp/8b617bf7-af56-4414-8047-1cff8b9e3b2d/addn_hosts - 0 names
Oct 18 14:22:05.047736 podb-esxi207 dnsmasq-dhcp[3965378]: read /opt/stack/data/neutron/dhcp/8b617bf7-af56-4414-8047-1cff8b9e3b2d/host
Oct 18 14:22:05.047788 podb-esxi207 dnsmasq-dhcp[3965378]: read /opt/stack/data/neutron/dhcp/8b617bf7-af56-4414-8047-1cff8b9e3b2d/opts
Oct 18 14:22:05.789238 podb-esxi207 dnsmasq[3965378]: exiting on receipt of SIGTERM
Oct 18 14:22:06.390028 podb-esxi207 dnsmasq-dhcp[3965728]: DHCPRELEASE(tapd81d6320-e7) 10.1.0.1 fa:16:3e:30:49:28
Oct 18 14:22:07.211272 podb-esxi207 dnsmasq[3965728]: read /opt/stack/data/neutron/dhcp/85c71da8-a866-4d01-8a3c-706decceb541/addn_hosts - 0 names
Oct 18 14:22:07.211335 podb-esxi207 dnsmasq-dhcp[3965728]: read /opt/stack/data/neutron/dhcp/85c71da8-a866-4d01-8a3c-706decceb541/host
Oct 18 14:22:07.211385 podb-esxi207 dnsmasq-dhcp[3965728]: read /opt/stack/data/neutron/dhcp/85c71da8-a866-4d01-8a3c-706decceb541/opts
Oct 18 14:22:07.454903 podb-esxi207 dnsmasq[3965728]: exiting on receipt of SIGTERM
Oct 18 14:22:12.124708 podb-esxi207 dnsmasq[3967514]: started, version 2.90 cachesize 150
Oct 18 14:22:12.124731 podb-esxi207 dnsmasq[3967514]: DNS service limited to local subnets
Oct 18 14:22:12.124746 podb-esxi207 dnsmasq[3967514]: compile time options: IPv6 GNU-getopt DBus no-UBus i18n IDN2 DHCP DHCPv6 no-Lua TFTP conntrack ipset no-nftset auth cryptohash DNSSEC loop-detect inotify dumpfile
Oct 18 14:22:12.124780 podb-esxi207 dnsmasq-dhcp[3967514]: DHCP, static leases only on 10.1.0.0, lease time 1d
Oct 18 14:22:12.125384 podb-esxi207 dnsmasq[3967514]: reading /etc/resolv.conf
Oct 18 14:22:12.125401 podb-esxi207 dnsmasq[3967514]: using nameserver 127.0.0.53#53
Oct 18 14:22:12.125486 podb-esxi207 dnsmasq[3967514]: read /opt/stack/data/neutron/dhcp/ba896285-681d-420b-a623-80e2e4b35767/addn_hosts - 0 names
Oct 18 14:22:12.125536 podb-esxi207 dnsmasq-dhcp[3967514]: read /opt/stack/data/neutron/dhcp/ba896285-681d-420b-a623-80e2e4b35767/host
Oct 18 14:22:12.125602 podb-esxi207 dnsmasq-dhcp[3967514]: read /opt/stack/data/neutron/dhcp/ba896285-681d-420b-a623-80e2e4b35767/opts
Oct 18 14:22:15.188828 podb-esxi207 dnsmasq[3967764]: started, version 2.90 cachesize 150
Oct 18 14:22:15.188852 podb-esxi207 dnsmasq[3967764]: DNS service limited to local subnets
Oct 18 14:22:15.188867 podb-esxi207 dnsmasq[3967764]: compile time options: IPv6 GNU-getopt DBus no-UBus i18n IDN2 DHCP DHCPv6 no-Lua TFTP conntrack ipset no-nftset auth cryptohash DNSSEC loop-detect inotify dumpfile
Oct 18 14:22:15.188907 podb-esxi207 dnsmasq-dhcp[3967764]: DHCP, static leases only on 10.1.0.0, lease time 1d
Oct 18 14:22:15.189054 podb-esxi207 dnsmasq[3967764]: reading /etc/resolv.conf
Oct 18 14:22:15.189070 podb-esxi207 dnsmasq[3967764]: using nameserver 127.0.0.53#53
Oct 18 14:22:15.189151 podb-esxi207 dnsmasq[3967764]: read /opt/stack/data/neutron/dhcp/b3ea0a18-2fb0-4980-9b1d-490623fc4449/addn_hosts - 0 names
Oct 18 14:22:15.189199 podb-esxi207 dnsmasq-dhcp[3967764]: read /opt/stack/data/neutron/dhcp/b3ea0a18-2fb0-4980-9b1d-490623fc4449/host
Oct 18 14:22:15.189254 podb-esxi207 dnsmasq-dhcp[3967764]: read /opt/stack/data/neutron/dhcp/b3ea0a18-2fb0-4980-9b1d-490623fc4449/opts
Oct 18 14:22:16.227114 podb-esxi207 dnsmasq[3967514]: read /opt/stack/data/neutron/dhcp/ba896285-681d-420b-a623-80e2e4b35767/addn_hosts - 2 names
Oct 18 14:22:16.227193 podb-esxi207 dnsmasq-dhcp[3967514]: read /opt/stack/data/neutron/dhcp/ba896285-681d-420b-a623-80e2e4b35767/host
Oct 18 14:22:16.227266 podb-esxi207 dnsmasq-dhcp[3967514]: read /opt/stack/data/neutron/dhcp/ba896285-681d-420b-a623-80e2e4b35767/opts
Oct 18 14:22:17.061904 podb-esxi207 dnsmasq-dhcp[3963710]: DHCPDISCOVER(tap13f9ca5a-d6) fa:16:3e:0a:80:2d
Oct 18 14:22:17.061933 podb-esxi207 dnsmasq-dhcp[3963710]: DHCPOFFER(tap13f9ca5a-d6) 10.1.0.11 fa:16:3e:0a:80:2d
Oct 18 14:22:17.074542 podb-esxi207 dnsmasq-dhcp[3963710]: DHCPREQUEST(tap13f9ca5a-d6) 10.1.0.11 fa:16:3e:0a:80:2d
Oct 18 14:22:17.074577 podb-esxi207 dnsmasq-dhcp[3963710]: DHCPACK(tap13f9ca5a-d6) 10.1.0.11 fa:16:3e:0a:80:2d host-10-1-0-11
Oct 18 14:22:17.984408 podb-esxi207 dnsmasq[3967764]: read /opt/stack/data/neutron/dhcp/b3ea0a18-2fb0-4980-9b1d-490623fc4449/addn_hosts - 2 names
Oct 18 14:22:17.984512 podb-esxi207 dnsmasq-dhcp[3967764]: read /opt/stack/data/neutron/dhcp/b3ea0a18-2fb0-4980-9b1d-490623fc4449/host
Oct 18 14:22:17.984614 podb-esxi207 dnsmasq-dhcp[3967764]: read /opt/stack/data/neutron/dhcp/b3ea0a18-2fb0-4980-9b1d-490623fc4449/opts
Oct 18 14:22:18.744297 podb-esxi207 dnsmasq[3967514]: read /opt/stack/data/neutron/dhcp/ba896285-681d-420b-a623-80e2e4b35767/addn_hosts - 2 names
Oct 18 14:22:18.744372 podb-esxi207 dnsmasq-dhcp[3967514]: read /opt/stack/data/neutron/dhcp/ba896285-681d-420b-a623-80e2e4b35767/host
Oct 18 14:22:18.744473 podb-esxi207 dnsmasq-dhcp[3967514]: read /opt/stack/data/neutron/dhcp/ba896285-681d-420b-a623-80e2e4b35767/opts
Oct 18 14:22:20.024357 podb-esxi207 dnsmasq[3967764]: read /opt/stack/data/neutron/dhcp/b3ea0a18-2fb0-4980-9b1d-490623fc4449/addn_hosts - 2 names
Oct 18 14:22:20.024438 podb-esxi207 dnsmasq-dhcp[3967764]: read /opt/stack/data/neutron/dhcp/b3ea0a18-2fb0-4980-9b1d-490623fc4449/host
Oct 18 14:22:20.024517 podb-esxi207 dnsmasq-dhcp[3967764]: read /opt/stack/data/neutron/dhcp/b3ea0a18-2fb0-4980-9b1d-490623fc4449/opts
Oct 18 14:22:20.782602 podb-esxi207 dnsmasq[3967514]: read /opt/stack/data/neutron/dhcp/ba896285-681d-420b-a623-80e2e4b35767/addn_hosts - 2 names
Oct 18 14:22:20.782705 podb-esxi207 dnsmasq-dhcp[3967514]: read /opt/stack/data/neutron/dhcp/ba896285-681d-420b-a623-80e2e4b35767/host
Oct 18 14:22:20.782816 podb-esxi207 dnsmasq-dhcp[3967514]: read /opt/stack/data/neutron/dhcp/ba896285-681d-420b-a623-80e2e4b35767/opts
Oct 18 14:22:22.044528 podb-esxi207 dnsmasq[3967764]: read /opt/stack/data/neutron/dhcp/b3ea0a18-2fb0-4980-9b1d-490623fc4449/addn_hosts - 2 names
Oct 18 14:22:22.044632 podb-esxi207 dnsmasq-dhcp[3967764]: read /opt/stack/data/neutron/dhcp/b3ea0a18-2fb0-4980-9b1d-490623fc4449/host
Oct 18 14:22:22.044739 podb-esxi207 dnsmasq-dhcp[3967764]: read /opt/stack/data/neutron/dhcp/b3ea0a18-2fb0-4980-9b1d-490623fc4449/opts
Oct 18 14:22:22.817130 podb-esxi207 dnsmasq[3967514]: read /opt/stack/data/neutron/dhcp/ba896285-681d-420b-a623-80e2e4b35767/addn_hosts - 4 names
Oct 18 14:22:22.817229 podb-esxi207 dnsmasq-dhcp[3967514]: read /opt/stack/data/neutron/dhcp/ba896285-681d-420b-a623-80e2e4b35767/host
Oct 18 14:22:22.817325 podb-esxi207 dnsmasq-dhcp[3967514]: read /opt/stack/data/neutron/dhcp/ba896285-681d-420b-a623-80e2e4b35767/opts
Oct 18 14:22:44.434497 podb-esxi207 dnsmasq-dhcp[3967514]: DHCPDISCOVER(tap9d635682-ab) fa:16:3e:83:de:e8
Oct 18 14:22:44.434525 podb-esxi207 dnsmasq-dhcp[3967514]: DHCPOFFER(tap9d635682-ab) 10.1.0.7 fa:16:3e:83:de:e8
Oct 18 14:22:44.445344 podb-esxi207 dnsmasq-dhcp[3967514]: DHCPREQUEST(tap9d635682-ab) 10.1.0.7 fa:16:3e:83:de:e8
Oct 18 14:22:44.445373 podb-esxi207 dnsmasq-dhcp[3967514]: DHCPACK(tap9d635682-ab) 10.1.0.7 fa:16:3e:83:de:e8 host-10-1-0-7
Oct 18 14:23:15.036146 podb-esxi207 dnsmasq-dhcp[3963710]: DHCPREQUEST(tap13f9ca5a-d6) 10.1.0.11 fa:16:3e:0a:80:2d
Oct 18 14:23:15.036179 podb-esxi207 dnsmasq-dhcp[3963710]: DHCPACK(tap13f9ca5a-d6) 10.1.0.11 fa:16:3e:0a:80:2d host-10-1-0-11
Oct 18 14:24:35.367199 podb-esxi207 dnsmasq-dhcp[3963710]: DHCPRELEASE(tap13f9ca5a-d6) 10.1.0.11 fa:16:3e:0a:80:2d
Oct 18 14:24:35.383074 podb-esxi207 dnsmasq-dhcp[3963710]: DHCPRELEASE(tap13f9ca5a-d6) 10.1.0.11 fa:16:3e:0a:80:2d unknown lease
Oct 18 14:24:36.220459 podb-esxi207 dnsmasq[3963710]: read /opt/stack/data/neutron/dhcp/f8957472-06f5-401b-a6c8-b286e7b76904/addn_hosts - 2 names
Oct 18 14:24:36.220551 podb-esxi207 dnsmasq-dhcp[3963710]: read /opt/stack/data/neutron/dhcp/f8957472-06f5-401b-a6c8-b286e7b76904/host
Oct 18 14:24:36.220625 podb-esxi207 dnsmasq-dhcp[3963710]: read /opt/stack/data/neutron/dhcp/f8957472-06f5-401b-a6c8-b286e7b76904/opts
Oct 18 14:24:41.455579 podb-esxi207 dnsmasq[3963710]: read /opt/stack/data/neutron/dhcp/f8957472-06f5-401b-a6c8-b286e7b76904/addn_hosts - 0 names
Oct 18 14:24:41.455656 podb-esxi207 dnsmasq-dhcp[3963710]: read /opt/stack/data/neutron/dhcp/f8957472-06f5-401b-a6c8-b286e7b76904/host
Oct 18 14:24:41.455712 podb-esxi207 dnsmasq-dhcp[3963710]: read /opt/stack/data/neutron/dhcp/f8957472-06f5-401b-a6c8-b286e7b76904/opts
Oct 18 14:24:42.429151 podb-esxi207 dnsmasq[3963710]: exiting on receipt of SIGTERM
