Oct 18 12:12:35.908508 podb-esxi207 systemd[1]: Started Devstack devstack@q-dhcp.service.
Oct 18 12:12:36.341688 podb-esxi207 neutron-dhcp-agent[3818964]: This program is using eventlet and has been monkey_patched
Oct 18 12:12:54.046266 podb-esxi207 sudo[3821087]:    stack : PWD=/ ; USER=root ; COMMAND=/opt/stack/data/venv/bin/neutron-rootwrap /etc/neutron/rootwrap.conf privsep-helper --config-file /etc/neutron/neutron.conf --config-file /etc/neutron/dhcp_agent.ini --privsep_context neutron.privileged.default --privsep_sock_path /tmp/tmp2qddj8py/privsep.sock
Oct 18 12:12:54.047380 podb-esxi207 sudo[3821087]: pam_unix(sudo:session): session opened for user root(uid=0) by (uid=1001)
Oct 18 12:12:54.828522 podb-esxi207 sudo[3821087]: pam_unix(sudo:session): session closed for user root
Oct 18 12:12:55.849445 podb-esxi207 sudo[3821130]:    stack : PWD=/ ; USER=root ; COMMAND=/opt/stack/data/venv/bin/neutron-rootwrap /etc/neutron/rootwrap.conf privsep-helper --config-file /etc/neutron/neutron.conf --config-file /etc/neutron/dhcp_agent.ini --privsep_context neutron.privileged.namespace_cmd --privsep_sock_path /tmp/tmpzt__a8zh/privsep.sock
Oct 18 12:12:55.850581 podb-esxi207 sudo[3821130]: pam_unix(sudo:session): session opened for user root(uid=0) by (uid=1001)
Oct 18 12:12:56.616978 podb-esxi207 sudo[3821130]: pam_unix(sudo:session): session closed for user root
Oct 18 12:12:57.693508 podb-esxi207 sudo[3821175]:    stack : PWD=/ ; USER=root ; COMMAND=/opt/stack/data/venv/bin/neutron-rootwrap /etc/neutron/rootwrap.conf privsep-helper --config-file /etc/neutron/neutron.conf --config-file /etc/neutron/dhcp_agent.ini --privsep_context neutron.privileged.link_cmd --privsep_sock_path /tmp/tmp9_1zh0px/privsep.sock
Oct 18 12:12:57.694632 podb-esxi207 sudo[3821175]: pam_unix(sudo:session): session opened for user root(uid=0) by (uid=1001)
Oct 18 12:12:58.463803 podb-esxi207 sudo[3821175]: pam_unix(sudo:session): session closed for user root
Oct 18 12:13:00.995043 podb-esxi207 sudo[3821319]:    stack : PWD=/ ; USER=root ; COMMAND=/opt/stack/data/venv/bin/neutron-rootwrap-daemon /etc/neutron/rootwrap.conf
Oct 18 12:13:00.995933 podb-esxi207 sudo[3821319]: pam_unix(sudo:session): session opened for user root(uid=0) by (uid=1001)
Oct 18 12:13:01.285285 podb-esxi207 dnsmasq[3821337]: started, version 2.90 cachesize 150
Oct 18 12:13:01.285309 podb-esxi207 dnsmasq[3821337]: DNS service limited to local subnets
Oct 18 12:13:01.285324 podb-esxi207 dnsmasq[3821337]: compile time options: IPv6 GNU-getopt DBus no-UBus i18n IDN2 DHCP DHCPv6 no-Lua TFTP conntrack ipset no-nftset auth cryptohash DNSSEC loop-detect inotify dumpfile
Oct 18 12:13:01.285372 podb-esxi207 dnsmasq-dhcp[3821337]: DHCP, static leases only on 10.1.0.0, lease time 1d
Oct 18 12:13:01.285528 podb-esxi207 dnsmasq[3821337]: reading /etc/resolv.conf
Oct 18 12:13:01.285544 podb-esxi207 dnsmasq[3821337]: using nameserver 127.0.0.53#53
Oct 18 12:13:01.285632 podb-esxi207 dnsmasq[3821337]: read /opt/stack/data/neutron/dhcp/2a1c8a04-a2e4-4e64-8e5f-5fc6aac5a522/addn_hosts - 0 names
Oct 18 12:13:01.285684 podb-esxi207 dnsmasq-dhcp[3821337]: read /opt/stack/data/neutron/dhcp/2a1c8a04-a2e4-4e64-8e5f-5fc6aac5a522/host
Oct 18 12:13:01.285751 podb-esxi207 dnsmasq-dhcp[3821337]: read /opt/stack/data/neutron/dhcp/2a1c8a04-a2e4-4e64-8e5f-5fc6aac5a522/opts
Oct 18 12:13:02.832125 podb-esxi207 dnsmasq[3821337]: read /opt/stack/data/neutron/dhcp/2a1c8a04-a2e4-4e64-8e5f-5fc6aac5a522/addn_hosts - 0 names
Oct 18 12:13:02.832187 podb-esxi207 dnsmasq-dhcp[3821337]: read /opt/stack/data/neutron/dhcp/2a1c8a04-a2e4-4e64-8e5f-5fc6aac5a522/host
Oct 18 12:13:02.832238 podb-esxi207 dnsmasq-dhcp[3821337]: read /opt/stack/data/neutron/dhcp/2a1c8a04-a2e4-4e64-8e5f-5fc6aac5a522/opts
Oct 18 12:13:05.943242 podb-esxi207 dnsmasq[3821337]: read /opt/stack/data/neutron/dhcp/2a1c8a04-a2e4-4e64-8e5f-5fc6aac5a522/addn_hosts - 2 names
Oct 18 12:13:05.943380 podb-esxi207 dnsmasq-dhcp[3821337]: read /opt/stack/data/neutron/dhcp/2a1c8a04-a2e4-4e64-8e5f-5fc6aac5a522/host
Oct 18 12:13:05.943466 podb-esxi207 dnsmasq-dhcp[3821337]: read /opt/stack/data/neutron/dhcp/2a1c8a04-a2e4-4e64-8e5f-5fc6aac5a522/opts
Oct 18 12:13:07.187352 podb-esxi207 dnsmasq[3821337]: read /opt/stack/data/neutron/dhcp/2a1c8a04-a2e4-4e64-8e5f-5fc6aac5a522/addn_hosts - 2 names
Oct 18 12:13:07.187430 podb-esxi207 dnsmasq-dhcp[3821337]: read /opt/stack/data/neutron/dhcp/2a1c8a04-a2e4-4e64-8e5f-5fc6aac5a522/host
Oct 18 12:13:07.187501 podb-esxi207 dnsmasq-dhcp[3821337]: read /opt/stack/data/neutron/dhcp/2a1c8a04-a2e4-4e64-8e5f-5fc6aac5a522/opts
Oct 18 12:14:59.815747 podb-esxi207 dnsmasq[3833999]: started, version 2.90 cachesize 150
Oct 18 12:14:59.815772 podb-esxi207 dnsmasq[3833999]: DNS service limited to local subnets
Oct 18 12:14:59.815787 podb-esxi207 dnsmasq[3833999]: compile time options: IPv6 GNU-getopt DBus no-UBus i18n IDN2 DHCP DHCPv6 no-Lua TFTP conntrack ipset no-nftset auth cryptohash DNSSEC loop-detect inotify dumpfile
Oct 18 12:14:59.815824 podb-esxi207 dnsmasq-dhcp[3833999]: DHCP, static leases only on 192.168.233.0, lease time 1d
Oct 18 12:14:59.815984 podb-esxi207 dnsmasq[3833999]: reading /etc/resolv.conf
Oct 18 12:14:59.816001 podb-esxi207 dnsmasq[3833999]: using nameserver 127.0.0.53#53
Oct 18 12:14:59.816086 podb-esxi207 dnsmasq[3833999]: read /opt/stack/data/neutron/dhcp/474588a5-ec39-4dee-b77a-66b10555baa4/addn_hosts - 0 names
Oct 18 12:14:59.816137 podb-esxi207 dnsmasq-dhcp[3833999]: read /opt/stack/data/neutron/dhcp/474588a5-ec39-4dee-b77a-66b10555baa4/host
Oct 18 12:14:59.816199 podb-esxi207 dnsmasq-dhcp[3833999]: read /opt/stack/data/neutron/dhcp/474588a5-ec39-4dee-b77a-66b10555baa4/opts
Oct 18 12:15:01.360971 podb-esxi207 dnsmasq[3833999]: read /opt/stack/data/neutron/dhcp/474588a5-ec39-4dee-b77a-66b10555baa4/addn_hosts - 0 names
Oct 18 12:15:01.361046 podb-esxi207 dnsmasq-dhcp[3833999]: read /opt/stack/data/neutron/dhcp/474588a5-ec39-4dee-b77a-66b10555baa4/host
Oct 18 12:15:01.361146 podb-esxi207 dnsmasq-dhcp[3833999]: read /opt/stack/data/neutron/dhcp/474588a5-ec39-4dee-b77a-66b10555baa4/opts
Oct 18 12:21:40.200917 podb-esxi207 dnsmasq[3840107]: started, version 2.90 cachesize 150
Oct 18 12:21:40.200947 podb-esxi207 dnsmasq[3840107]: DNS service limited to local subnets
Oct 18 12:21:40.200962 podb-esxi207 dnsmasq[3840107]: compile time options: IPv6 GNU-getopt DBus no-UBus i18n IDN2 DHCP DHCPv6 no-Lua TFTP conntrack ipset no-nftset auth cryptohash DNSSEC loop-detect inotify dumpfile
Oct 18 12:21:40.200998 podb-esxi207 dnsmasq-dhcp[3840107]: DHCP, static leases only on 10.1.0.0, lease time 1d
Oct 18 12:21:40.201153 podb-esxi207 dnsmasq[3840107]: reading /etc/resolv.conf
Oct 18 12:21:40.201171 podb-esxi207 dnsmasq[3840107]: using nameserver 127.0.0.53#53
Oct 18 12:21:40.201263 podb-esxi207 dnsmasq[3840107]: read /opt/stack/data/neutron/dhcp/a92617f6-7a75-4e1b-a874-df2ab5f0b108/addn_hosts - 0 names
Oct 18 12:21:40.201314 podb-esxi207 dnsmasq-dhcp[3840107]: read /opt/stack/data/neutron/dhcp/a92617f6-7a75-4e1b-a874-df2ab5f0b108/host
Oct 18 12:21:40.201373 podb-esxi207 dnsmasq-dhcp[3840107]: read /opt/stack/data/neutron/dhcp/a92617f6-7a75-4e1b-a874-df2ab5f0b108/opts
Oct 18 12:21:43.561661 podb-esxi207 dnsmasq[3841035]: started, version 2.90 cachesize 150
Oct 18 12:21:43.561689 podb-esxi207 dnsmasq[3841035]: DNS service limited to local subnets
Oct 18 12:21:43.561704 podb-esxi207 dnsmasq[3841035]: compile time options: IPv6 GNU-getopt DBus no-UBus i18n IDN2 DHCP DHCPv6 no-Lua TFTP conntrack ipset no-nftset auth cryptohash DNSSEC loop-detect inotify dumpfile
Oct 18 12:21:43.561746 podb-esxi207 dnsmasq-dhcp[3841035]: DHCP, static leases only on 10.1.0.0, lease time 1d
Oct 18 12:21:43.561905 podb-esxi207 dnsmasq[3841035]: reading /etc/resolv.conf
Oct 18 12:21:43.561921 podb-esxi207 dnsmasq[3841035]: using nameserver 127.0.0.53#53
Oct 18 12:21:43.562035 podb-esxi207 dnsmasq[3841035]: read /opt/stack/data/neutron/dhcp/457a776f-c043-4b7b-b2a7-f5c796307987/addn_hosts - 2 names
Oct 18 12:21:43.562094 podb-esxi207 dnsmasq-dhcp[3841035]: read /opt/stack/data/neutron/dhcp/457a776f-c043-4b7b-b2a7-f5c796307987/host
Oct 18 12:21:43.562168 podb-esxi207 dnsmasq-dhcp[3841035]: read /opt/stack/data/neutron/dhcp/457a776f-c043-4b7b-b2a7-f5c796307987/opts
Oct 18 12:21:47.118563 podb-esxi207 dnsmasq[3841541]: started, version 2.90 cachesize 150
Oct 18 12:21:47.118591 podb-esxi207 dnsmasq[3841541]: DNS service limited to local subnets
Oct 18 12:21:47.118606 podb-esxi207 dnsmasq[3841541]: compile time options: IPv6 GNU-getopt DBus no-UBus i18n IDN2 DHCP DHCPv6 no-Lua TFTP conntrack ipset no-nftset auth cryptohash DNSSEC loop-detect inotify dumpfile
Oct 18 12:21:47.118642 podb-esxi207 dnsmasq-dhcp[3841541]: DHCP, static leases only on 10.1.0.0, lease time 1d
Oct 18 12:21:47.118827 podb-esxi207 dnsmasq[3841541]: reading /etc/resolv.conf
Oct 18 12:21:47.118844 podb-esxi207 dnsmasq[3841541]: using nameserver 127.0.0.53#53
Oct 18 12:21:47.118962 podb-esxi207 dnsmasq[3841541]: read /opt/stack/data/neutron/dhcp/07084306-f471-445b-9352-63a5e099e723/addn_hosts - 2 names
Oct 18 12:21:47.119027 podb-esxi207 dnsmasq-dhcp[3841541]: read /opt/stack/data/neutron/dhcp/07084306-f471-445b-9352-63a5e099e723/host
Oct 18 12:21:47.119095 podb-esxi207 dnsmasq-dhcp[3841541]: read /opt/stack/data/neutron/dhcp/07084306-f471-445b-9352-63a5e099e723/opts
Oct 18 12:21:50.463601 podb-esxi207 dnsmasq[3842135]: started, version 2.90 cachesize 150
Oct 18 12:21:50.463631 podb-esxi207 dnsmasq[3842135]: DNS service limited to local subnets
Oct 18 12:21:50.463646 podb-esxi207 dnsmasq[3842135]: compile time options: IPv6 GNU-getopt DBus no-UBus i18n IDN2 DHCP DHCPv6 no-Lua TFTP conntrack ipset no-nftset auth cryptohash DNSSEC loop-detect inotify dumpfile
Oct 18 12:21:50.463683 podb-esxi207 dnsmasq-dhcp[3842135]: DHCP, static leases only on 10.1.0.0, lease time 1d
Oct 18 12:21:50.463844 podb-esxi207 dnsmasq[3842135]: reading /etc/resolv.conf
Oct 18 12:21:50.463860 podb-esxi207 dnsmasq[3842135]: using nameserver 127.0.0.53#53
Oct 18 12:21:50.463970 podb-esxi207 dnsmasq[3842135]: read /opt/stack/data/neutron/dhcp/9b8af0e4-19aa-4e9e-a544-4bfb9d407163/addn_hosts - 2 names
Oct 18 12:21:50.464034 podb-esxi207 dnsmasq-dhcp[3842135]: read /opt/stack/data/neutron/dhcp/9b8af0e4-19aa-4e9e-a544-4bfb9d407163/host
Oct 18 12:21:50.464103 podb-esxi207 dnsmasq-dhcp[3842135]: read /opt/stack/data/neutron/dhcp/9b8af0e4-19aa-4e9e-a544-4bfb9d407163/opts
Oct 18 12:21:51.513654 podb-esxi207 dnsmasq[3840107]: read /opt/stack/data/neutron/dhcp/a92617f6-7a75-4e1b-a874-df2ab5f0b108/addn_hosts - 2 names
Oct 18 12:21:51.513758 podb-esxi207 dnsmasq-dhcp[3840107]: read /opt/stack/data/neutron/dhcp/a92617f6-7a75-4e1b-a874-df2ab5f0b108/host
Oct 18 12:21:51.513860 podb-esxi207 dnsmasq-dhcp[3840107]: read /opt/stack/data/neutron/dhcp/a92617f6-7a75-4e1b-a874-df2ab5f0b108/opts
Oct 18 12:21:54.899889 podb-esxi207 dnsmasq[3842658]: started, version 2.90 cachesize 150
Oct 18 12:21:54.899919 podb-esxi207 dnsmasq[3842658]: DNS service limited to local subnets
Oct 18 12:21:54.899934 podb-esxi207 dnsmasq[3842658]: compile time options: IPv6 GNU-getopt DBus no-UBus i18n IDN2 DHCP DHCPv6 no-Lua TFTP conntrack ipset no-nftset auth cryptohash DNSSEC loop-detect inotify dumpfile
Oct 18 12:21:54.899969 podb-esxi207 dnsmasq-dhcp[3842658]: DHCP, static leases only on 10.1.0.0, lease time 1d
Oct 18 12:21:54.900121 podb-esxi207 dnsmasq[3842658]: reading /etc/resolv.conf
Oct 18 12:21:54.900138 podb-esxi207 dnsmasq[3842658]: using nameserver 127.0.0.53#53
Oct 18 12:21:54.900246 podb-esxi207 dnsmasq[3842658]: read /opt/stack/data/neutron/dhcp/e582dd8c-717a-4b88-a2c7-20da332bd481/addn_hosts - 2 names
Oct 18 12:21:54.900311 podb-esxi207 dnsmasq-dhcp[3842658]: read /opt/stack/data/neutron/dhcp/e582dd8c-717a-4b88-a2c7-20da332bd481/host
Oct 18 12:21:54.900377 podb-esxi207 dnsmasq-dhcp[3842658]: read /opt/stack/data/neutron/dhcp/e582dd8c-717a-4b88-a2c7-20da332bd481/opts
Oct 18 12:21:57.586456 podb-esxi207 dnsmasq[3842929]: started, version 2.90 cachesize 150
Oct 18 12:21:57.586480 podb-esxi207 dnsmasq[3842929]: DNS service limited to local subnets
Oct 18 12:21:57.586496 podb-esxi207 dnsmasq[3842929]: compile time options: IPv6 GNU-getopt DBus no-UBus i18n IDN2 DHCP DHCPv6 no-Lua TFTP conntrack ipset no-nftset auth cryptohash DNSSEC loop-detect inotify dumpfile
Oct 18 12:21:57.586533 podb-esxi207 dnsmasq-dhcp[3842929]: DHCP, static leases only on 10.1.0.0, lease time 1d
Oct 18 12:21:57.586690 podb-esxi207 dnsmasq[3842929]: reading /etc/resolv.conf
Oct 18 12:21:57.586706 podb-esxi207 dnsmasq[3842929]: using nameserver 127.0.0.53#53
Oct 18 12:21:57.586848 podb-esxi207 dnsmasq[3842929]: read /opt/stack/data/neutron/dhcp/11cc8ea7-f3f5-4af1-8315-2ccb70c8ca66/addn_hosts - 2 names
Oct 18 12:21:57.586919 podb-esxi207 dnsmasq-dhcp[3842929]: read /opt/stack/data/neutron/dhcp/11cc8ea7-f3f5-4af1-8315-2ccb70c8ca66/host
Oct 18 12:21:57.586985 podb-esxi207 dnsmasq-dhcp[3842929]: read /opt/stack/data/neutron/dhcp/11cc8ea7-f3f5-4af1-8315-2ccb70c8ca66/opts
Oct 18 12:21:59.636932 podb-esxi207 dnsmasq[3841541]: read /opt/stack/data/neutron/dhcp/07084306-f471-445b-9352-63a5e099e723/addn_hosts - 2 names
Oct 18 12:21:59.637015 podb-esxi207 dnsmasq-dhcp[3841541]: read /opt/stack/data/neutron/dhcp/07084306-f471-445b-9352-63a5e099e723/host
Oct 18 12:21:59.637101 podb-esxi207 dnsmasq-dhcp[3841541]: read /opt/stack/data/neutron/dhcp/07084306-f471-445b-9352-63a5e099e723/opts
Oct 18 12:22:00.889423 podb-esxi207 dnsmasq[3842135]: read /opt/stack/data/neutron/dhcp/9b8af0e4-19aa-4e9e-a544-4bfb9d407163/addn_hosts - 4 names
Oct 18 12:22:00.889546 podb-esxi207 dnsmasq-dhcp[3842135]: read /opt/stack/data/neutron/dhcp/9b8af0e4-19aa-4e9e-a544-4bfb9d407163/host
Oct 18 12:22:00.889647 podb-esxi207 dnsmasq-dhcp[3842135]: read /opt/stack/data/neutron/dhcp/9b8af0e4-19aa-4e9e-a544-4bfb9d407163/opts
Oct 18 12:22:01.648015 podb-esxi207 dnsmasq[3840107]: read /opt/stack/data/neutron/dhcp/a92617f6-7a75-4e1b-a874-df2ab5f0b108/addn_hosts - 2 names
Oct 18 12:22:01.648131 podb-esxi207 dnsmasq-dhcp[3840107]: read /opt/stack/data/neutron/dhcp/a92617f6-7a75-4e1b-a874-df2ab5f0b108/host
Oct 18 12:22:01.648244 podb-esxi207 dnsmasq-dhcp[3840107]: read /opt/stack/data/neutron/dhcp/a92617f6-7a75-4e1b-a874-df2ab5f0b108/opts
Oct 18 12:22:03.902095 podb-esxi207 dnsmasq[3842658]: read /opt/stack/data/neutron/dhcp/e582dd8c-717a-4b88-a2c7-20da332bd481/addn_hosts - 2 names
Oct 18 12:22:03.902241 podb-esxi207 dnsmasq-dhcp[3842658]: read /opt/stack/data/neutron/dhcp/e582dd8c-717a-4b88-a2c7-20da332bd481/host
Oct 18 12:22:03.902346 podb-esxi207 dnsmasq-dhcp[3842658]: read /opt/stack/data/neutron/dhcp/e582dd8c-717a-4b88-a2c7-20da332bd481/opts
Oct 18 12:22:05.150696 podb-esxi207 dnsmasq[3842929]: read /opt/stack/data/neutron/dhcp/11cc8ea7-f3f5-4af1-8315-2ccb70c8ca66/addn_hosts - 2 names
Oct 18 12:22:05.150812 podb-esxi207 dnsmasq-dhcp[3842929]: read /opt/stack/data/neutron/dhcp/11cc8ea7-f3f5-4af1-8315-2ccb70c8ca66/host
Oct 18 12:22:05.150911 podb-esxi207 dnsmasq-dhcp[3842929]: read /opt/stack/data/neutron/dhcp/11cc8ea7-f3f5-4af1-8315-2ccb70c8ca66/opts
Oct 18 12:22:08.019228 podb-esxi207 dnsmasq[3843506]: started, version 2.90 cachesize 150
Oct 18 12:22:08.019252 podb-esxi207 dnsmasq[3843506]: DNS service limited to local subnets
Oct 18 12:22:08.019268 podb-esxi207 dnsmasq[3843506]: compile time options: IPv6 GNU-getopt DBus no-UBus i18n IDN2 DHCP DHCPv6 no-Lua TFTP conntrack ipset no-nftset auth cryptohash DNSSEC loop-detect inotify dumpfile
Oct 18 12:22:08.019303 podb-esxi207 dnsmasq-dhcp[3843506]: DHCP, static leases only on 10.1.0.0, lease time 1d
Oct 18 12:22:08.019459 podb-esxi207 dnsmasq[3843506]: reading /etc/resolv.conf
Oct 18 12:22:08.019475 podb-esxi207 dnsmasq[3843506]: using nameserver 127.0.0.53#53
Oct 18 12:22:08.019583 podb-esxi207 dnsmasq[3843506]: read /opt/stack/data/neutron/dhcp/d9e3d936-43bf-4f53-9914-6046d9698663/addn_hosts - 2 names
Oct 18 12:22:08.019649 podb-esxi207 dnsmasq-dhcp[3843506]: read /opt/stack/data/neutron/dhcp/d9e3d936-43bf-4f53-9914-6046d9698663/host
Oct 18 12:22:08.019726 podb-esxi207 dnsmasq-dhcp[3843506]: read /opt/stack/data/neutron/dhcp/d9e3d936-43bf-4f53-9914-6046d9698663/opts
Oct 18 12:22:08.553222 podb-esxi207 dnsmasq[3841035]: read /opt/stack/data/neutron/dhcp/457a776f-c043-4b7b-b2a7-f5c796307987/addn_hosts - 2 names
Oct 18 12:22:08.553332 podb-esxi207 dnsmasq-dhcp[3841035]: read /opt/stack/data/neutron/dhcp/457a776f-c043-4b7b-b2a7-f5c796307987/host
Oct 18 12:22:08.553444 podb-esxi207 dnsmasq-dhcp[3841035]: read /opt/stack/data/neutron/dhcp/457a776f-c043-4b7b-b2a7-f5c796307987/opts
Oct 18 12:22:09.256031 podb-esxi207 dnsmasq[3841541]: read /opt/stack/data/neutron/dhcp/07084306-f471-445b-9352-63a5e099e723/addn_hosts - 2 names
Oct 18 12:22:09.256144 podb-esxi207 dnsmasq-dhcp[3841541]: read /opt/stack/data/neutron/dhcp/07084306-f471-445b-9352-63a5e099e723/host
Oct 18 12:22:09.256269 podb-esxi207 dnsmasq-dhcp[3841541]: read /opt/stack/data/neutron/dhcp/07084306-f471-445b-9352-63a5e099e723/opts
Oct 18 12:22:10.018274 podb-esxi207 dnsmasq[3842135]: read /opt/stack/data/neutron/dhcp/9b8af0e4-19aa-4e9e-a544-4bfb9d407163/addn_hosts - 4 names
Oct 18 12:22:10.018403 podb-esxi207 dnsmasq-dhcp[3842135]: read /opt/stack/data/neutron/dhcp/9b8af0e4-19aa-4e9e-a544-4bfb9d407163/host
Oct 18 12:22:10.018512 podb-esxi207 dnsmasq-dhcp[3842135]: read /opt/stack/data/neutron/dhcp/9b8af0e4-19aa-4e9e-a544-4bfb9d407163/opts
Oct 18 12:22:10.772095 podb-esxi207 dnsmasq[3840107]: read /opt/stack/data/neutron/dhcp/a92617f6-7a75-4e1b-a874-df2ab5f0b108/addn_hosts - 2 names
Oct 18 12:22:10.772184 podb-esxi207 dnsmasq-dhcp[3840107]: read /opt/stack/data/neutron/dhcp/a92617f6-7a75-4e1b-a874-df2ab5f0b108/host
Oct 18 12:22:10.772292 podb-esxi207 dnsmasq-dhcp[3840107]: read /opt/stack/data/neutron/dhcp/a92617f6-7a75-4e1b-a874-df2ab5f0b108/opts
Oct 18 12:22:14.544056 podb-esxi207 dnsmasq[3843817]: started, version 2.90 cachesize 150
Oct 18 12:22:14.544083 podb-esxi207 dnsmasq[3843817]: DNS service limited to local subnets
Oct 18 12:22:14.544097 podb-esxi207 dnsmasq[3843817]: compile time options: IPv6 GNU-getopt DBus no-UBus i18n IDN2 DHCP DHCPv6 no-Lua TFTP conntrack ipset no-nftset auth cryptohash DNSSEC loop-detect inotify dumpfile
Oct 18 12:22:14.544131 podb-esxi207 dnsmasq-dhcp[3843817]: DHCP, static leases only on 10.1.0.0, lease time 1d
Oct 18 12:22:14.544274 podb-esxi207 dnsmasq[3843817]: reading /etc/resolv.conf
Oct 18 12:22:14.544290 podb-esxi207 dnsmasq[3843817]: using nameserver 127.0.0.53#53
Oct 18 12:22:14.544395 podb-esxi207 dnsmasq[3843817]: read /opt/stack/data/neutron/dhcp/705498ad-63f9-4f6f-9694-d04645e6b6ab/addn_hosts - 2 names
Oct 18 12:22:14.544448 podb-esxi207 dnsmasq-dhcp[3843817]: read /opt/stack/data/neutron/dhcp/705498ad-63f9-4f6f-9694-d04645e6b6ab/host
Oct 18 12:22:14.544513 podb-esxi207 dnsmasq-dhcp[3843817]: read /opt/stack/data/neutron/dhcp/705498ad-63f9-4f6f-9694-d04645e6b6ab/opts
Oct 18 12:22:17.560724 podb-esxi207 dnsmasq[3843875]: started, version 2.90 cachesize 150
Oct 18 12:22:17.560748 podb-esxi207 dnsmasq[3843875]: DNS service limited to local subnets
Oct 18 12:22:17.560764 podb-esxi207 dnsmasq[3843875]: compile time options: IPv6 GNU-getopt DBus no-UBus i18n IDN2 DHCP DHCPv6 no-Lua TFTP conntrack ipset no-nftset auth cryptohash DNSSEC loop-detect inotify dumpfile
Oct 18 12:22:17.560798 podb-esxi207 dnsmasq-dhcp[3843875]: DHCP, static leases only on 10.1.0.0, lease time 1d
Oct 18 12:22:17.560955 podb-esxi207 dnsmasq[3843875]: reading /etc/resolv.conf
Oct 18 12:22:17.560971 podb-esxi207 dnsmasq[3843875]: using nameserver 127.0.0.53#53
Oct 18 12:22:17.561082 podb-esxi207 dnsmasq[3843875]: read /opt/stack/data/neutron/dhcp/4f5200e3-db5a-4917-89e8-87110ab9e33a/addn_hosts - 4 names
Oct 18 12:22:17.561150 podb-esxi207 dnsmasq-dhcp[3843875]: read /opt/stack/data/neutron/dhcp/4f5200e3-db5a-4917-89e8-87110ab9e33a/host
Oct 18 12:22:17.561213 podb-esxi207 dnsmasq-dhcp[3843875]: read /opt/stack/data/neutron/dhcp/4f5200e3-db5a-4917-89e8-87110ab9e33a/opts
Oct 18 12:22:17.587212 podb-esxi207 dnsmasq[3841035]: exiting on receipt of SIGTERM
Oct 18 12:22:18.706574 podb-esxi207 dnsmasq[3841541]: read /opt/stack/data/neutron/dhcp/07084306-f471-445b-9352-63a5e099e723/addn_hosts - 2 names
Oct 18 12:22:18.706654 podb-esxi207 dnsmasq-dhcp[3841541]: read /opt/stack/data/neutron/dhcp/07084306-f471-445b-9352-63a5e099e723/host
Oct 18 12:22:18.706781 podb-esxi207 dnsmasq-dhcp[3841541]: read /opt/stack/data/neutron/dhcp/07084306-f471-445b-9352-63a5e099e723/opts
Oct 18 12:22:19.417208 podb-esxi207 dnsmasq[3842135]: read /opt/stack/data/neutron/dhcp/9b8af0e4-19aa-4e9e-a544-4bfb9d407163/addn_hosts - 4 names
Oct 18 12:22:19.417297 podb-esxi207 dnsmasq-dhcp[3842135]: read /opt/stack/data/neutron/dhcp/9b8af0e4-19aa-4e9e-a544-4bfb9d407163/host
Oct 18 12:22:19.417380 podb-esxi207 dnsmasq-dhcp[3842135]: read /opt/stack/data/neutron/dhcp/9b8af0e4-19aa-4e9e-a544-4bfb9d407163/opts
Oct 18 12:22:20.641755 podb-esxi207 dnsmasq[3843506]: read /opt/stack/data/neutron/dhcp/d9e3d936-43bf-4f53-9914-6046d9698663/addn_hosts - 2 names
Oct 18 12:22:20.641834 podb-esxi207 dnsmasq-dhcp[3843506]: read /opt/stack/data/neutron/dhcp/d9e3d936-43bf-4f53-9914-6046d9698663/host
Oct 18 12:22:20.641902 podb-esxi207 dnsmasq-dhcp[3843506]: read /opt/stack/data/neutron/dhcp/d9e3d936-43bf-4f53-9914-6046d9698663/opts
Oct 18 12:22:22.383427 podb-esxi207 dnsmasq[3843817]: read /opt/stack/data/neutron/dhcp/705498ad-63f9-4f6f-9694-d04645e6b6ab/addn_hosts - 2 names
Oct 18 12:22:22.383510 podb-esxi207 dnsmasq-dhcp[3843817]: read /opt/stack/data/neutron/dhcp/705498ad-63f9-4f6f-9694-d04645e6b6ab/host
Oct 18 12:22:22.383593 podb-esxi207 dnsmasq-dhcp[3843817]: read /opt/stack/data/neutron/dhcp/705498ad-63f9-4f6f-9694-d04645e6b6ab/opts
Oct 18 12:22:23.108036 podb-esxi207 dnsmasq[3842658]: read /opt/stack/data/neutron/dhcp/e582dd8c-717a-4b88-a2c7-20da332bd481/addn_hosts - 2 names
Oct 18 12:22:23.108125 podb-esxi207 dnsmasq-dhcp[3842658]: read /opt/stack/data/neutron/dhcp/e582dd8c-717a-4b88-a2c7-20da332bd481/host
Oct 18 12:22:23.108232 podb-esxi207 dnsmasq-dhcp[3842658]: read /opt/stack/data/neutron/dhcp/e582dd8c-717a-4b88-a2c7-20da332bd481/opts
Oct 18 12:22:24.334279 podb-esxi207 dnsmasq[3843875]: read /opt/stack/data/neutron/dhcp/4f5200e3-db5a-4917-89e8-87110ab9e33a/addn_hosts - 4 names
Oct 18 12:22:24.334365 podb-esxi207 dnsmasq-dhcp[3843875]: read /opt/stack/data/neutron/dhcp/4f5200e3-db5a-4917-89e8-87110ab9e33a/host
Oct 18 12:22:24.334455 podb-esxi207 dnsmasq-dhcp[3843875]: read /opt/stack/data/neutron/dhcp/4f5200e3-db5a-4917-89e8-87110ab9e33a/opts
Oct 18 12:22:25.561277 podb-esxi207 dnsmasq[3842929]: read /opt/stack/data/neutron/dhcp/11cc8ea7-f3f5-4af1-8315-2ccb70c8ca66/addn_hosts - 2 names
Oct 18 12:22:25.561367 podb-esxi207 dnsmasq-dhcp[3842929]: read /opt/stack/data/neutron/dhcp/11cc8ea7-f3f5-4af1-8315-2ccb70c8ca66/host
Oct 18 12:22:25.561471 podb-esxi207 dnsmasq-dhcp[3842929]: read /opt/stack/data/neutron/dhcp/11cc8ea7-f3f5-4af1-8315-2ccb70c8ca66/opts
Oct 18 12:22:26.084264 podb-esxi207 dnsmasq-dhcp[3841541]: DHCPDISCOVER(tapefb608fd-85) fa:16:3e:75:8c:ae no address available
Oct 18 12:22:26.277080 podb-esxi207 dnsmasq[3842135]: read /opt/stack/data/neutron/dhcp/9b8af0e4-19aa-4e9e-a544-4bfb9d407163/addn_hosts - 4 names
Oct 18 12:22:26.277204 podb-esxi207 dnsmasq-dhcp[3842135]: read /opt/stack/data/neutron/dhcp/9b8af0e4-19aa-4e9e-a544-4bfb9d407163/host
Oct 18 12:22:26.277302 podb-esxi207 dnsmasq-dhcp[3842135]: read /opt/stack/data/neutron/dhcp/9b8af0e4-19aa-4e9e-a544-4bfb9d407163/opts
Oct 18 12:22:26.997365 podb-esxi207 dnsmasq[3843506]: read /opt/stack/data/neutron/dhcp/d9e3d936-43bf-4f53-9914-6046d9698663/addn_hosts - 2 names
Oct 18 12:22:26.997442 podb-esxi207 dnsmasq-dhcp[3843506]: read /opt/stack/data/neutron/dhcp/d9e3d936-43bf-4f53-9914-6046d9698663/host
Oct 18 12:22:26.997512 podb-esxi207 dnsmasq-dhcp[3843506]: read /opt/stack/data/neutron/dhcp/d9e3d936-43bf-4f53-9914-6046d9698663/opts
Oct 18 12:22:28.220190 podb-esxi207 dnsmasq[3843817]: read /opt/stack/data/neutron/dhcp/705498ad-63f9-4f6f-9694-d04645e6b6ab/addn_hosts - 2 names
Oct 18 12:22:28.220285 podb-esxi207 dnsmasq-dhcp[3843817]: read /opt/stack/data/neutron/dhcp/705498ad-63f9-4f6f-9694-d04645e6b6ab/host
Oct 18 12:22:28.220391 podb-esxi207 dnsmasq-dhcp[3843817]: read /opt/stack/data/neutron/dhcp/705498ad-63f9-4f6f-9694-d04645e6b6ab/opts
Oct 18 12:22:28.578400 podb-esxi207 dnsmasq-dhcp[3842135]: DHCPDISCOVER(tap50d6f83f-17) fa:16:3e:48:07:6c
Oct 18 12:22:28.578424 podb-esxi207 dnsmasq-dhcp[3842135]: DHCPOFFER(tap50d6f83f-17) 10.1.0.3 fa:16:3e:48:07:6c
Oct 18 12:22:28.591658 podb-esxi207 dnsmasq-dhcp[3842135]: DHCPREQUEST(tap50d6f83f-17) 10.1.0.3 fa:16:3e:48:07:6c
Oct 18 12:22:28.591690 podb-esxi207 dnsmasq-dhcp[3842135]: DHCPACK(tap50d6f83f-17) 10.1.0.3 fa:16:3e:48:07:6c host-10-1-0-3
Oct 18 12:22:28.938352 podb-esxi207 dnsmasq[3842658]: read /opt/stack/data/neutron/dhcp/e582dd8c-717a-4b88-a2c7-20da332bd481/addn_hosts - 2 names
Oct 18 12:22:28.938425 podb-esxi207 dnsmasq-dhcp[3842658]: read /opt/stack/data/neutron/dhcp/e582dd8c-717a-4b88-a2c7-20da332bd481/host
Oct 18 12:22:28.938540 podb-esxi207 dnsmasq-dhcp[3842658]: read /opt/stack/data/neutron/dhcp/e582dd8c-717a-4b88-a2c7-20da332bd481/opts
Oct 18 12:22:29.420446 podb-esxi207 dnsmasq-dhcp[3841541]: DHCPDISCOVER(tapefb608fd-85) fa:16:3e:75:8c:ae no address available
Oct 18 12:22:30.452334 podb-esxi207 dnsmasq-dhcp[3843875]: DHCPDISCOVER(tapfff73988-0b) fa:16:3e:35:a5:b1
Oct 18 12:22:30.452359 podb-esxi207 dnsmasq-dhcp[3843875]: DHCPOFFER(tapfff73988-0b) 10.1.0.9 fa:16:3e:35:a5:b1
Oct 18 12:22:30.463721 podb-esxi207 dnsmasq-dhcp[3843875]: DHCPREQUEST(tapfff73988-0b) 10.1.0.9 fa:16:3e:35:a5:b1
Oct 18 12:22:30.463748 podb-esxi207 dnsmasq-dhcp[3843875]: DHCPACK(tapfff73988-0b) 10.1.0.9 fa:16:3e:35:a5:b1 host-10-1-0-9
Oct 18 12:22:32.221814 podb-esxi207 dnsmasq[3844115]: started, version 2.90 cachesize 150
Oct 18 12:22:32.221826 podb-esxi207 dnsmasq[3844115]: DNS service limited to local subnets
Oct 18 12:22:32.221834 podb-esxi207 dnsmasq[3844115]: compile time options: IPv6 GNU-getopt DBus no-UBus i18n IDN2 DHCP DHCPv6 no-Lua TFTP conntrack ipset no-nftset auth cryptohash DNSSEC loop-detect inotify dumpfile
Oct 18 12:22:32.221852 podb-esxi207 dnsmasq-dhcp[3844115]: DHCP, static leases only on 10.1.1.0, lease time 1d
Oct 18 12:22:32.221931 podb-esxi207 dnsmasq[3844115]: reading /etc/resolv.conf
Oct 18 12:22:32.221940 podb-esxi207 dnsmasq[3844115]: using nameserver 127.0.0.53#53
Oct 18 12:22:32.221997 podb-esxi207 dnsmasq[3844115]: read /opt/stack/data/neutron/dhcp/6e6e4c0b-cd28-46c7-a3b5-16c850183ced/addn_hosts - 4 names
Oct 18 12:22:32.222033 podb-esxi207 dnsmasq-dhcp[3844115]: read /opt/stack/data/neutron/dhcp/6e6e4c0b-cd28-46c7-a3b5-16c850183ced/host
Oct 18 12:22:32.222059 podb-esxi207 dnsmasq-dhcp[3844115]: read /opt/stack/data/neutron/dhcp/6e6e4c0b-cd28-46c7-a3b5-16c850183ced/opts
Oct 18 12:22:32.753000 podb-esxi207 dnsmasq[3842929]: read /opt/stack/data/neutron/dhcp/11cc8ea7-f3f5-4af1-8315-2ccb70c8ca66/addn_hosts - 2 names
Oct 18 12:22:32.753081 podb-esxi207 dnsmasq-dhcp[3842929]: read /opt/stack/data/neutron/dhcp/11cc8ea7-f3f5-4af1-8315-2ccb70c8ca66/host
Oct 18 12:22:32.753201 podb-esxi207 dnsmasq-dhcp[3842929]: read /opt/stack/data/neutron/dhcp/11cc8ea7-f3f5-4af1-8315-2ccb70c8ca66/opts
Oct 18 12:22:35.503097 podb-esxi207 dnsmasq[3844193]: started, version 2.90 cachesize 150
Oct 18 12:22:35.503126 podb-esxi207 dnsmasq[3844193]: DNS service limited to local subnets
Oct 18 12:22:35.503142 podb-esxi207 dnsmasq[3844193]: compile time options: IPv6 GNU-getopt DBus no-UBus i18n IDN2 DHCP DHCPv6 no-Lua TFTP conntrack ipset no-nftset auth cryptohash DNSSEC loop-detect inotify dumpfile
Oct 18 12:22:35.503178 podb-esxi207 dnsmasq-dhcp[3844193]: DHCP, static leases only on 10.2.2.0, lease time 1d
Oct 18 12:22:35.503339 podb-esxi207 dnsmasq[3844193]: reading /etc/resolv.conf
Oct 18 12:22:35.503356 podb-esxi207 dnsmasq[3844193]: using nameserver 127.0.0.53#53
Oct 18 12:22:35.503470 podb-esxi207 dnsmasq[3844193]: read /opt/stack/data/neutron/dhcp/79eb690d-4af3-4459-9dcf-56e04f186f22/addn_hosts - 4 names
Oct 18 12:22:35.503541 podb-esxi207 dnsmasq-dhcp[3844193]: read /opt/stack/data/neutron/dhcp/79eb690d-4af3-4459-9dcf-56e04f186f22/host
Oct 18 12:22:35.503595 podb-esxi207 dnsmasq-dhcp[3844193]: read /opt/stack/data/neutron/dhcp/79eb690d-4af3-4459-9dcf-56e04f186f22/opts
Oct 18 12:22:36.038495 podb-esxi207 dnsmasq[3843506]: read /opt/stack/data/neutron/dhcp/d9e3d936-43bf-4f53-9914-6046d9698663/addn_hosts - 2 names
Oct 18 12:22:36.038594 podb-esxi207 dnsmasq-dhcp[3843506]: read /opt/stack/data/neutron/dhcp/d9e3d936-43bf-4f53-9914-6046d9698663/host
Oct 18 12:22:36.038681 podb-esxi207 dnsmasq-dhcp[3843506]: read /opt/stack/data/neutron/dhcp/d9e3d936-43bf-4f53-9914-6046d9698663/opts
Oct 18 12:22:36.999265 podb-esxi207 dnsmasq-dhcp[3841541]: DHCPDISCOVER(tapefb608fd-85) fa:16:3e:75:8c:ae no address available
Oct 18 12:22:37.289122 podb-esxi207 dnsmasq[3843817]: read /opt/stack/data/neutron/dhcp/705498ad-63f9-4f6f-9694-d04645e6b6ab/addn_hosts - 2 names
Oct 18 12:22:37.289218 podb-esxi207 dnsmasq-dhcp[3843817]: read /opt/stack/data/neutron/dhcp/705498ad-63f9-4f6f-9694-d04645e6b6ab/host
Oct 18 12:22:37.289326 podb-esxi207 dnsmasq-dhcp[3843817]: read /opt/stack/data/neutron/dhcp/705498ad-63f9-4f6f-9694-d04645e6b6ab/opts
Oct 18 12:22:38.040873 podb-esxi207 dnsmasq[3841541]: read /opt/stack/data/neutron/dhcp/07084306-f471-445b-9352-63a5e099e723/addn_hosts - 4 names
Oct 18 12:22:38.040972 podb-esxi207 dnsmasq-dhcp[3841541]: read /opt/stack/data/neutron/dhcp/07084306-f471-445b-9352-63a5e099e723/host
Oct 18 12:22:38.041099 podb-esxi207 dnsmasq-dhcp[3841541]: read /opt/stack/data/neutron/dhcp/07084306-f471-445b-9352-63a5e099e723/opts
Oct 18 12:22:39.288769 podb-esxi207 dnsmasq[3844115]: read /opt/stack/data/neutron/dhcp/6e6e4c0b-cd28-46c7-a3b5-16c850183ced/addn_hosts - 8 names
Oct 18 12:22:39.288886 podb-esxi207 dnsmasq-dhcp[3844115]: read /opt/stack/data/neutron/dhcp/6e6e4c0b-cd28-46c7-a3b5-16c850183ced/host
Oct 18 12:22:39.288964 podb-esxi207 dnsmasq-dhcp[3844115]: read /opt/stack/data/neutron/dhcp/6e6e4c0b-cd28-46c7-a3b5-16c850183ced/opts
Oct 18 12:22:40.023034 podb-esxi207 dnsmasq[3843875]: read /opt/stack/data/neutron/dhcp/4f5200e3-db5a-4917-89e8-87110ab9e33a/addn_hosts - 4 names
Oct 18 12:22:40.023169 podb-esxi207 dnsmasq-dhcp[3843875]: read /opt/stack/data/neutron/dhcp/4f5200e3-db5a-4917-89e8-87110ab9e33a/host
Oct 18 12:22:40.023300 podb-esxi207 dnsmasq-dhcp[3843875]: read /opt/stack/data/neutron/dhcp/4f5200e3-db5a-4917-89e8-87110ab9e33a/opts
Oct 18 12:22:40.765537 podb-esxi207 dnsmasq[3840107]: read /opt/stack/data/neutron/dhcp/a92617f6-7a75-4e1b-a874-df2ab5f0b108/addn_hosts - 4 names
Oct 18 12:22:40.765661 podb-esxi207 dnsmasq-dhcp[3840107]: read /opt/stack/data/neutron/dhcp/a92617f6-7a75-4e1b-a874-df2ab5f0b108/host
Oct 18 12:22:40.765764 podb-esxi207 dnsmasq-dhcp[3840107]: read /opt/stack/data/neutron/dhcp/a92617f6-7a75-4e1b-a874-df2ab5f0b108/opts
Oct 18 12:22:42.016144 podb-esxi207 dnsmasq[3844193]: read /opt/stack/data/neutron/dhcp/79eb690d-4af3-4459-9dcf-56e04f186f22/addn_hosts - 4 names
Oct 18 12:22:42.016261 podb-esxi207 dnsmasq-dhcp[3844193]: read /opt/stack/data/neutron/dhcp/79eb690d-4af3-4459-9dcf-56e04f186f22/host
Oct 18 12:22:42.016361 podb-esxi207 dnsmasq-dhcp[3844193]: read /opt/stack/data/neutron/dhcp/79eb690d-4af3-4459-9dcf-56e04f186f22/opts
Oct 18 12:22:43.272164 podb-esxi207 dnsmasq[3844115]: read /opt/stack/data/neutron/dhcp/6e6e4c0b-cd28-46c7-a3b5-16c850183ced/addn_hosts - 8 names
Oct 18 12:22:43.272275 podb-esxi207 dnsmasq-dhcp[3844115]: read /opt/stack/data/neutron/dhcp/6e6e4c0b-cd28-46c7-a3b5-16c850183ced/host
Oct 18 12:22:43.272359 podb-esxi207 dnsmasq-dhcp[3844115]: read /opt/stack/data/neutron/dhcp/6e6e4c0b-cd28-46c7-a3b5-16c850183ced/opts
Oct 18 12:22:44.019973 podb-esxi207 dnsmasq[3843875]: read /opt/stack/data/neutron/dhcp/4f5200e3-db5a-4917-89e8-87110ab9e33a/addn_hosts - 4 names
Oct 18 12:22:44.020102 podb-esxi207 dnsmasq-dhcp[3843875]: read /opt/stack/data/neutron/dhcp/4f5200e3-db5a-4917-89e8-87110ab9e33a/host
Oct 18 12:22:44.020222 podb-esxi207 dnsmasq-dhcp[3843875]: read /opt/stack/data/neutron/dhcp/4f5200e3-db5a-4917-89e8-87110ab9e33a/opts
Oct 18 12:22:44.777492 podb-esxi207 dnsmasq[3844193]: read /opt/stack/data/neutron/dhcp/79eb690d-4af3-4459-9dcf-56e04f186f22/addn_hosts - 4 names
Oct 18 12:22:44.777610 podb-esxi207 dnsmasq-dhcp[3844193]: read /opt/stack/data/neutron/dhcp/79eb690d-4af3-4459-9dcf-56e04f186f22/host
Oct 18 12:22:44.777703 podb-esxi207 dnsmasq-dhcp[3844193]: read /opt/stack/data/neutron/dhcp/79eb690d-4af3-4459-9dcf-56e04f186f22/opts
Oct 18 12:22:46.032274 podb-esxi207 dnsmasq[3844115]: read /opt/stack/data/neutron/dhcp/6e6e4c0b-cd28-46c7-a3b5-16c850183ced/addn_hosts - 8 names
Oct 18 12:22:46.032428 podb-esxi207 dnsmasq-dhcp[3844115]: read /opt/stack/data/neutron/dhcp/6e6e4c0b-cd28-46c7-a3b5-16c850183ced/host
Oct 18 12:22:46.032518 podb-esxi207 dnsmasq-dhcp[3844115]: read /opt/stack/data/neutron/dhcp/6e6e4c0b-cd28-46c7-a3b5-16c850183ced/opts
Oct 18 12:22:46.783244 podb-esxi207 dnsmasq[3843875]: read /opt/stack/data/neutron/dhcp/4f5200e3-db5a-4917-89e8-87110ab9e33a/addn_hosts - 4 names
Oct 18 12:22:46.783339 podb-esxi207 dnsmasq-dhcp[3843875]: read /opt/stack/data/neutron/dhcp/4f5200e3-db5a-4917-89e8-87110ab9e33a/host
Oct 18 12:22:46.783409 podb-esxi207 dnsmasq-dhcp[3843875]: read /opt/stack/data/neutron/dhcp/4f5200e3-db5a-4917-89e8-87110ab9e33a/opts
Oct 18 12:22:47.529921 podb-esxi207 dnsmasq[3844193]: read /opt/stack/data/neutron/dhcp/79eb690d-4af3-4459-9dcf-56e04f186f22/addn_hosts - 4 names
Oct 18 12:22:47.530068 podb-esxi207 dnsmasq-dhcp[3844193]: read /opt/stack/data/neutron/dhcp/79eb690d-4af3-4459-9dcf-56e04f186f22/host
Oct 18 12:22:47.530155 podb-esxi207 dnsmasq-dhcp[3844193]: read /opt/stack/data/neutron/dhcp/79eb690d-4af3-4459-9dcf-56e04f186f22/opts
Oct 18 12:22:48.780691 podb-esxi207 dnsmasq[3844115]: read /opt/stack/data/neutron/dhcp/6e6e4c0b-cd28-46c7-a3b5-16c850183ced/addn_hosts - 8 names
Oct 18 12:22:48.780859 podb-esxi207 dnsmasq-dhcp[3844115]: read /opt/stack/data/neutron/dhcp/6e6e4c0b-cd28-46c7-a3b5-16c850183ced/host
Oct 18 12:22:48.780943 podb-esxi207 dnsmasq-dhcp[3844115]: read /opt/stack/data/neutron/dhcp/6e6e4c0b-cd28-46c7-a3b5-16c850183ced/opts
Oct 18 12:22:50.041565 podb-esxi207 dnsmasq[3844115]: read /opt/stack/data/neutron/dhcp/6e6e4c0b-cd28-46c7-a3b5-16c850183ced/addn_hosts - 8 names
Oct 18 12:22:50.041694 podb-esxi207 dnsmasq-dhcp[3844115]: read /opt/stack/data/neutron/dhcp/6e6e4c0b-cd28-46c7-a3b5-16c850183ced/host
Oct 18 12:22:50.041783 podb-esxi207 dnsmasq-dhcp[3844115]: read /opt/stack/data/neutron/dhcp/6e6e4c0b-cd28-46c7-a3b5-16c850183ced/opts
Oct 18 12:22:52.440832 podb-esxi207 dnsmasq-dhcp[3841541]: DHCPDISCOVER(tapefb608fd-85) fa:16:3e:75:8c:ae
Oct 18 12:22:52.440862 podb-esxi207 dnsmasq-dhcp[3841541]: DHCPOFFER(tapefb608fd-85) 10.1.0.6 fa:16:3e:75:8c:ae
Oct 18 12:22:52.465421 podb-esxi207 dnsmasq-dhcp[3841541]: DHCPREQUEST(tapefb608fd-85) 10.1.0.6 fa:16:3e:75:8c:ae
Oct 18 12:22:52.465452 podb-esxi207 dnsmasq-dhcp[3841541]: DHCPACK(tapefb608fd-85) 10.1.0.6 fa:16:3e:75:8c:ae host-10-1-0-6
Oct 18 12:23:22.934201 podb-esxi207 dnsmasq[3843875]: read /opt/stack/data/neutron/dhcp/4f5200e3-db5a-4917-89e8-87110ab9e33a/addn_hosts - 6 names
Oct 18 12:23:22.934374 podb-esxi207 dnsmasq-dhcp[3843875]: read /opt/stack/data/neutron/dhcp/4f5200e3-db5a-4917-89e8-87110ab9e33a/host
Oct 18 12:23:22.934516 podb-esxi207 dnsmasq-dhcp[3843875]: read /opt/stack/data/neutron/dhcp/4f5200e3-db5a-4917-89e8-87110ab9e33a/opts
Oct 18 12:23:24.130669 podb-esxi207 dnsmasq-dhcp[3844115]: DHCPDISCOVER(tapb3cc5812-cd) fa:16:3e:47:49:f1
Oct 18 12:23:24.130697 podb-esxi207 dnsmasq-dhcp[3844115]: DHCPOFFER(tapb3cc5812-cd) 10.1.1.15 fa:16:3e:47:49:f1
Oct 18 12:23:24.230625 podb-esxi207 dnsmasq-dhcp[3844115]: DHCPREQUEST(tapb3cc5812-cd) 10.1.1.15 fa:16:3e:47:49:f1
Oct 18 12:23:24.230657 podb-esxi207 dnsmasq-dhcp[3844115]: DHCPACK(tapb3cc5812-cd) 10.1.1.15 fa:16:3e:47:49:f1 host-10-1-1-15
Oct 18 12:23:24.377817 podb-esxi207 dnsmasq-dhcp[3844115]: DHCPDISCOVER(tapb3cc5812-cd) fa:16:3e:93:4b:9d
Oct 18 12:23:24.377845 podb-esxi207 dnsmasq-dhcp[3844115]: DHCPOFFER(tapb3cc5812-cd) 10.1.1.63 fa:16:3e:93:4b:9d
Oct 18 12:23:24.483132 podb-esxi207 dnsmasq-dhcp[3844115]: DHCPREQUEST(tapb3cc5812-cd) 10.1.1.63 fa:16:3e:93:4b:9d
Oct 18 12:23:24.483163 podb-esxi207 dnsmasq-dhcp[3844115]: DHCPACK(tapb3cc5812-cd) 10.1.1.63 fa:16:3e:93:4b:9d host-10-1-1-63
Oct 18 12:23:24.842651 podb-esxi207 dnsmasq-dhcp[3844115]: DHCPDISCOVER(tapb3cc5812-cd) fa:16:3e:26:32:9e
Oct 18 12:23:24.842681 podb-esxi207 dnsmasq-dhcp[3844115]: DHCPOFFER(tapb3cc5812-cd) 10.1.1.36 fa:16:3e:26:32:9e
Oct 18 12:23:24.850336 podb-esxi207 dnsmasq-dhcp[3844115]: DHCPREQUEST(tapb3cc5812-cd) 10.1.1.36 fa:16:3e:26:32:9e
Oct 18 12:23:24.850360 podb-esxi207 dnsmasq-dhcp[3844115]: DHCPACK(tapb3cc5812-cd) 10.1.1.36 fa:16:3e:26:32:9e host-10-1-1-36
Oct 18 12:23:24.917296 podb-esxi207 dnsmasq-dhcp[3840107]: DHCPDISCOVER(tapa5b522a7-00) fa:16:3e:4c:76:2a
Oct 18 12:23:24.917321 podb-esxi207 dnsmasq-dhcp[3840107]: DHCPOFFER(tapa5b522a7-00) 10.1.0.8 fa:16:3e:4c:76:2a
Oct 18 12:23:24.923994 podb-esxi207 dnsmasq-dhcp[3840107]: DHCPREQUEST(tapa5b522a7-00) 10.1.0.8 fa:16:3e:4c:76:2a
Oct 18 12:23:24.924023 podb-esxi207 dnsmasq-dhcp[3840107]: DHCPACK(tapa5b522a7-00) 10.1.0.8 fa:16:3e:4c:76:2a host-10-1-0-8
Oct 18 12:23:24.928951 podb-esxi207 sudo[3845605]:    stack : PWD=/ ; USER=root ; COMMAND=/opt/stack/data/venv/bin/neutron-rootwrap /etc/neutron/rootwrap.conf privsep-helper --config-file /etc/neutron/neutron.conf --config-file /etc/neutron/dhcp_agent.ini --privsep_context neutron.privileged.dhcp_release_cmd --privsep_sock_path /tmp/tmp5amicpuc/privsep.sock
Oct 18 12:23:24.929811 podb-esxi207 sudo[3845605]: pam_unix(sudo:session): session opened for user root(uid=0) by (uid=1001)
Oct 18 12:23:25.623248 podb-esxi207 sudo[3845605]: pam_unix(sudo:session): session closed for user root
Oct 18 12:23:25.734350 podb-esxi207 dnsmasq-dhcp[3844193]: DHCPDISCOVER(tap50fa116a-5b) fa:16:3e:7c:08:60
Oct 18 12:23:25.734379 podb-esxi207 dnsmasq-dhcp[3844193]: DHCPOFFER(tap50fa116a-5b) 10.2.2.200 fa:16:3e:7c:08:60
Oct 18 12:23:25.740101 podb-esxi207 dnsmasq-dhcp[3844193]: DHCPREQUEST(tap50fa116a-5b) 10.2.2.200 fa:16:3e:7c:08:60
Oct 18 12:23:25.740130 podb-esxi207 dnsmasq-dhcp[3844193]: DHCPACK(tap50fa116a-5b) 10.2.2.200 fa:16:3e:7c:08:60 host-10-2-2-200
Oct 18 12:23:25.868198 podb-esxi207 dnsmasq-dhcp[3842135]: DHCPRELEASE(tap50d6f83f-17) 10.1.0.3 fa:16:3e:48:07:6c
Oct 18 12:23:25.881897 podb-esxi207 dnsmasq-dhcp[3842135]: DHCPRELEASE(tap50d6f83f-17) 10.1.0.3 fa:16:3e:48:07:6c unknown lease
Oct 18 12:23:26.077775 podb-esxi207 dnsmasq-dhcp[3844115]: DHCPDISCOVER(tapb3cc5812-cd) fa:16:3e:17:48:ef
Oct 18 12:23:26.077802 podb-esxi207 dnsmasq-dhcp[3844115]: DHCPOFFER(tapb3cc5812-cd) 10.1.1.120 fa:16:3e:17:48:ef
Oct 18 12:23:26.086517 podb-esxi207 dnsmasq-dhcp[3844115]: DHCPREQUEST(tapb3cc5812-cd) 10.1.1.120 fa:16:3e:17:48:ef
Oct 18 12:23:26.086550 podb-esxi207 dnsmasq-dhcp[3844115]: DHCPACK(tapb3cc5812-cd) 10.1.1.120 fa:16:3e:17:48:ef host-10-1-1-120
Oct 18 12:23:26.300213 podb-esxi207 dnsmasq-dhcp[3844193]: DHCPDISCOVER(tap50fa116a-5b) fa:16:3e:b0:c1:f5
Oct 18 12:23:26.300243 podb-esxi207 dnsmasq-dhcp[3844193]: DHCPOFFER(tap50fa116a-5b) 10.2.2.100 fa:16:3e:b0:c1:f5
Oct 18 12:23:26.306267 podb-esxi207 dnsmasq-dhcp[3844193]: DHCPREQUEST(tap50fa116a-5b) 10.2.2.100 fa:16:3e:b0:c1:f5
Oct 18 12:23:26.306289 podb-esxi207 dnsmasq-dhcp[3844193]: DHCPACK(tap50fa116a-5b) 10.2.2.100 fa:16:3e:b0:c1:f5 host-10-2-2-100
Oct 18 12:23:26.705915 podb-esxi207 dnsmasq[3842135]: read /opt/stack/data/neutron/dhcp/9b8af0e4-19aa-4e9e-a544-4bfb9d407163/addn_hosts - 2 names
Oct 18 12:23:26.706026 podb-esxi207 dnsmasq-dhcp[3842135]: read /opt/stack/data/neutron/dhcp/9b8af0e4-19aa-4e9e-a544-4bfb9d407163/host
Oct 18 12:23:26.706140 podb-esxi207 dnsmasq-dhcp[3842135]: read /opt/stack/data/neutron/dhcp/9b8af0e4-19aa-4e9e-a544-4bfb9d407163/opts
Oct 18 12:23:33.979202 podb-esxi207 dnsmasq-dhcp[3842135]: DHCPRELEASE(tap50d6f83f-17) 10.1.0.1 fa:16:3e:95:71:1c
Oct 18 12:23:34.804321 podb-esxi207 dnsmasq[3842135]: read /opt/stack/data/neutron/dhcp/9b8af0e4-19aa-4e9e-a544-4bfb9d407163/addn_hosts - 0 names
Oct 18 12:23:34.804434 podb-esxi207 dnsmasq-dhcp[3842135]: read /opt/stack/data/neutron/dhcp/9b8af0e4-19aa-4e9e-a544-4bfb9d407163/host
Oct 18 12:23:34.804534 podb-esxi207 dnsmasq-dhcp[3842135]: read /opt/stack/data/neutron/dhcp/9b8af0e4-19aa-4e9e-a544-4bfb9d407163/opts
Oct 18 12:23:35.544821 podb-esxi207 dnsmasq[3842135]: exiting on receipt of SIGTERM
Oct 18 12:23:36.161644 podb-esxi207 dnsmasq-dhcp[3843506]: DHCPRELEASE(tapb01f290a-43) 10.1.0.1 fa:16:3e:c4:71:fd
Oct 18 12:23:36.983784 podb-esxi207 dnsmasq[3843506]: read /opt/stack/data/neutron/dhcp/d9e3d936-43bf-4f53-9914-6046d9698663/addn_hosts - 0 names
Oct 18 12:23:36.983847 podb-esxi207 dnsmasq-dhcp[3843506]: read /opt/stack/data/neutron/dhcp/d9e3d936-43bf-4f53-9914-6046d9698663/host
Oct 18 12:23:36.983908 podb-esxi207 dnsmasq-dhcp[3843506]: read /opt/stack/data/neutron/dhcp/d9e3d936-43bf-4f53-9914-6046d9698663/opts
Oct 18 12:23:37.203346 podb-esxi207 dnsmasq[3843506]: exiting on receipt of SIGTERM
Oct 18 12:23:41.852333 podb-esxi207 dnsmasq[3845980]: started, version 2.90 cachesize 150
Oct 18 12:23:41.852361 podb-esxi207 dnsmasq[3845980]: DNS service limited to local subnets
Oct 18 12:23:41.852376 podb-esxi207 dnsmasq[3845980]: compile time options: IPv6 GNU-getopt DBus no-UBus i18n IDN2 DHCP DHCPv6 no-Lua TFTP conntrack ipset no-nftset auth cryptohash DNSSEC loop-detect inotify dumpfile
Oct 18 12:23:41.852421 podb-esxi207 dnsmasq-dhcp[3845980]: DHCP, static leases only on 10.1.0.0, lease time 1d
Oct 18 12:23:41.852576 podb-esxi207 dnsmasq[3845980]: reading /etc/resolv.conf
Oct 18 12:23:41.852592 podb-esxi207 dnsmasq[3845980]: using nameserver 127.0.0.53#53
Oct 18 12:23:41.852682 podb-esxi207 dnsmasq[3845980]: read /opt/stack/data/neutron/dhcp/e96deeeb-2acf-4d12-b769-21eed9e2935b/addn_hosts - 0 names
Oct 18 12:23:41.852733 podb-esxi207 dnsmasq-dhcp[3845980]: read /opt/stack/data/neutron/dhcp/e96deeeb-2acf-4d12-b769-21eed9e2935b/host
Oct 18 12:23:41.852791 podb-esxi207 dnsmasq-dhcp[3845980]: read /opt/stack/data/neutron/dhcp/e96deeeb-2acf-4d12-b769-21eed9e2935b/opts
Oct 18 12:23:44.929404 podb-esxi207 dnsmasq[3846904]: started, version 2.90 cachesize 150
Oct 18 12:23:44.929428 podb-esxi207 dnsmasq[3846904]: DNS service limited to local subnets
Oct 18 12:23:44.929443 podb-esxi207 dnsmasq[3846904]: compile time options: IPv6 GNU-getopt DBus no-UBus i18n IDN2 DHCP DHCPv6 no-Lua TFTP conntrack ipset no-nftset auth cryptohash DNSSEC loop-detect inotify dumpfile
Oct 18 12:23:44.929484 podb-esxi207 dnsmasq-dhcp[3846904]: DHCP, static leases only on 10.1.0.0, lease time 1d
Oct 18 12:23:44.929644 podb-esxi207 dnsmasq[3846904]: reading /etc/resolv.conf
Oct 18 12:23:44.929660 podb-esxi207 dnsmasq[3846904]: using nameserver 127.0.0.53#53
Oct 18 12:23:44.929748 podb-esxi207 dnsmasq[3846904]: read /opt/stack/data/neutron/dhcp/a05d5fd0-50b8-49d4-ac58-5f7b6acabe98/addn_hosts - 0 names
Oct 18 12:23:44.929798 podb-esxi207 dnsmasq-dhcp[3846904]: read /opt/stack/data/neutron/dhcp/a05d5fd0-50b8-49d4-ac58-5f7b6acabe98/host
Oct 18 12:23:44.929857 podb-esxi207 dnsmasq-dhcp[3846904]: read /opt/stack/data/neutron/dhcp/a05d5fd0-50b8-49d4-ac58-5f7b6acabe98/opts
Oct 18 12:23:45.966847 podb-esxi207 dnsmasq[3845980]: read /opt/stack/data/neutron/dhcp/e96deeeb-2acf-4d12-b769-21eed9e2935b/addn_hosts - 2 names
Oct 18 12:23:45.966927 podb-esxi207 dnsmasq-dhcp[3845980]: read /opt/stack/data/neutron/dhcp/e96deeeb-2acf-4d12-b769-21eed9e2935b/host
Oct 18 12:23:45.966992 podb-esxi207 dnsmasq-dhcp[3845980]: read /opt/stack/data/neutron/dhcp/e96deeeb-2acf-4d12-b769-21eed9e2935b/opts
Oct 18 12:23:48.558323 podb-esxi207 dnsmasq-dhcp[3843875]: DHCPDISCOVER(tapfff73988-0b) fa:16:3e:4f:12:84
Oct 18 12:23:48.558349 podb-esxi207 dnsmasq-dhcp[3843875]: DHCPOFFER(tapfff73988-0b) 10.1.0.12 fa:16:3e:4f:12:84
Oct 18 12:23:48.570509 podb-esxi207 dnsmasq-dhcp[3843875]: DHCPREQUEST(tapfff73988-0b) 10.1.0.12 fa:16:3e:4f:12:84
Oct 18 12:23:48.570540 podb-esxi207 dnsmasq-dhcp[3843875]: DHCPACK(tapfff73988-0b) 10.1.0.12 fa:16:3e:4f:12:84 host-10-1-0-12
Oct 18 12:23:49.381402 podb-esxi207 dnsmasq[3847509]: started, version 2.90 cachesize 150
Oct 18 12:23:49.381430 podb-esxi207 dnsmasq[3847509]: DNS service limited to local subnets
Oct 18 12:23:49.381445 podb-esxi207 dnsmasq[3847509]: compile time options: IPv6 GNU-getopt DBus no-UBus i18n IDN2 DHCP DHCPv6 no-Lua TFTP conntrack ipset no-nftset auth cryptohash DNSSEC loop-detect inotify dumpfile
Oct 18 12:23:49.381481 podb-esxi207 dnsmasq-dhcp[3847509]: DHCP, static leases only on 10.1.0.0, lease time 1d
Oct 18 12:23:49.381643 podb-esxi207 dnsmasq[3847509]: reading /etc/resolv.conf
Oct 18 12:23:49.381661 podb-esxi207 dnsmasq[3847509]: using nameserver 127.0.0.53#53
Oct 18 12:23:49.381778 podb-esxi207 dnsmasq[3847509]: read /opt/stack/data/neutron/dhcp/9893e435-d26e-4c36-96f2-2d4e5b616d4e/addn_hosts - 2 names
Oct 18 12:23:49.381833 podb-esxi207 dnsmasq-dhcp[3847509]: read /opt/stack/data/neutron/dhcp/9893e435-d26e-4c36-96f2-2d4e5b616d4e/host
Oct 18 12:23:49.381908 podb-esxi207 dnsmasq-dhcp[3847509]: read /opt/stack/data/neutron/dhcp/9893e435-d26e-4c36-96f2-2d4e5b616d4e/opts
Oct 18 12:23:49.916041 podb-esxi207 dnsmasq[3846904]: exiting on receipt of SIGTERM
Oct 18 12:23:51.038999 podb-esxi207 dnsmasq[3845980]: read /opt/stack/data/neutron/dhcp/e96deeeb-2acf-4d12-b769-21eed9e2935b/addn_hosts - 2 names
Oct 18 12:23:51.039083 podb-esxi207 dnsmasq-dhcp[3845980]: read /opt/stack/data/neutron/dhcp/e96deeeb-2acf-4d12-b769-21eed9e2935b/host
Oct 18 12:23:51.039151 podb-esxi207 dnsmasq-dhcp[3845980]: read /opt/stack/data/neutron/dhcp/e96deeeb-2acf-4d12-b769-21eed9e2935b/opts
Oct 18 12:23:51.778586 podb-esxi207 dnsmasq-dhcp[3844115]: DHCPRELEASE(tapb3cc5812-cd) 10.1.1.63 fa:16:3e:93:4b:9d
Oct 18 12:23:51.797867 podb-esxi207 dnsmasq-dhcp[3844115]: DHCPRELEASE(tapb3cc5812-cd) 10.1.1.63 fa:16:3e:93:4b:9d unknown lease
Oct 18 12:23:52.622268 podb-esxi207 dnsmasq[3844115]: read /opt/stack/data/neutron/dhcp/6e6e4c0b-cd28-46c7-a3b5-16c850183ced/addn_hosts - 6 names
Oct 18 12:23:52.622435 podb-esxi207 dnsmasq-dhcp[3844115]: read /opt/stack/data/neutron/dhcp/6e6e4c0b-cd28-46c7-a3b5-16c850183ced/host
Oct 18 12:23:52.622542 podb-esxi207 dnsmasq-dhcp[3844115]: read /opt/stack/data/neutron/dhcp/6e6e4c0b-cd28-46c7-a3b5-16c850183ced/opts
Oct 18 12:23:52.857755 podb-esxi207 dnsmasq-dhcp[3844193]: DHCPRELEASE(tap50fa116a-5b) 10.2.2.100 fa:16:3e:b0:c1:f5
Oct 18 12:23:52.876342 podb-esxi207 dnsmasq-dhcp[3844193]: DHCPRELEASE(tap50fa116a-5b) 10.2.2.100 fa:16:3e:b0:c1:f5 unknown lease
Oct 18 12:23:53.700679 podb-esxi207 dnsmasq[3844193]: read /opt/stack/data/neutron/dhcp/79eb690d-4af3-4459-9dcf-56e04f186f22/addn_hosts - 2 names
Oct 18 12:23:53.700766 podb-esxi207 dnsmasq-dhcp[3844193]: read /opt/stack/data/neutron/dhcp/79eb690d-4af3-4459-9dcf-56e04f186f22/host
Oct 18 12:23:53.700818 podb-esxi207 dnsmasq-dhcp[3844193]: read /opt/stack/data/neutron/dhcp/79eb690d-4af3-4459-9dcf-56e04f186f22/opts
Oct 18 12:23:53.922922 podb-esxi207 dnsmasq-dhcp[3840107]: DHCPRELEASE(tapa5b522a7-00) 10.1.0.8 fa:16:3e:4c:76:2a
Oct 18 12:23:53.939197 podb-esxi207 dnsmasq-dhcp[3840107]: DHCPRELEASE(tapa5b522a7-00) 10.1.0.8 fa:16:3e:4c:76:2a unknown lease
Oct 18 12:23:54.760927 podb-esxi207 dnsmasq[3840107]: read /opt/stack/data/neutron/dhcp/a92617f6-7a75-4e1b-a874-df2ab5f0b108/addn_hosts - 2 names
Oct 18 12:23:54.761045 podb-esxi207 dnsmasq-dhcp[3840107]: read /opt/stack/data/neutron/dhcp/a92617f6-7a75-4e1b-a874-df2ab5f0b108/host
Oct 18 12:23:54.761158 podb-esxi207 dnsmasq-dhcp[3840107]: read /opt/stack/data/neutron/dhcp/a92617f6-7a75-4e1b-a874-df2ab5f0b108/opts
Oct 18 12:23:55.485623 podb-esxi207 dnsmasq[3845980]: exiting on receipt of SIGTERM
Oct 18 12:23:56.101748 podb-esxi207 dnsmasq-dhcp[3844115]: DHCPRELEASE(tapb3cc5812-cd) 10.1.1.120 fa:16:3e:17:48:ef
Oct 18 12:23:56.116681 podb-esxi207 dnsmasq-dhcp[3844115]: DHCPRELEASE(tapb3cc5812-cd) 10.1.1.120 fa:16:3e:17:48:ef unknown lease
Oct 18 12:23:56.941307 podb-esxi207 dnsmasq[3844115]: read /opt/stack/data/neutron/dhcp/6e6e4c0b-cd28-46c7-a3b5-16c850183ced/addn_hosts - 4 names
Oct 18 12:23:56.941462 podb-esxi207 dnsmasq-dhcp[3844115]: read /opt/stack/data/neutron/dhcp/6e6e4c0b-cd28-46c7-a3b5-16c850183ced/host
Oct 18 12:23:56.941573 podb-esxi207 dnsmasq-dhcp[3844115]: read /opt/stack/data/neutron/dhcp/6e6e4c0b-cd28-46c7-a3b5-16c850183ced/opts
Oct 18 12:23:59.941498 podb-esxi207 dnsmasq[3847968]: started, version 2.90 cachesize 150
Oct 18 12:23:59.941528 podb-esxi207 dnsmasq[3847968]: DNS service limited to local subnets
Oct 18 12:23:59.941542 podb-esxi207 dnsmasq[3847968]: compile time options: IPv6 GNU-getopt DBus no-UBus i18n IDN2 DHCP DHCPv6 no-Lua TFTP conntrack ipset no-nftset auth cryptohash DNSSEC loop-detect inotify dumpfile
Oct 18 12:23:59.941585 podb-esxi207 dnsmasq-dhcp[3847968]: DHCP, static leases only on 10.1.0.0, lease time 1d
Oct 18 12:23:59.941742 podb-esxi207 dnsmasq[3847968]: reading /etc/resolv.conf
Oct 18 12:23:59.941758 podb-esxi207 dnsmasq[3847968]: using nameserver 127.0.0.53#53
Oct 18 12:23:59.941882 podb-esxi207 dnsmasq[3847968]: read /opt/stack/data/neutron/dhcp/fb2422a5-eab6-468f-b074-2ecc58a2f894/addn_hosts - 2 names
Oct 18 12:23:59.941948 podb-esxi207 dnsmasq-dhcp[3847968]: read /opt/stack/data/neutron/dhcp/fb2422a5-eab6-468f-b074-2ecc58a2f894/host
Oct 18 12:23:59.942014 podb-esxi207 dnsmasq-dhcp[3847968]: read /opt/stack/data/neutron/dhcp/fb2422a5-eab6-468f-b074-2ecc58a2f894/opts
Oct 18 12:23:59.972424 podb-esxi207 dnsmasq-dhcp[3844193]: DHCPRELEASE(tap50fa116a-5b) 10.2.2.200 fa:16:3e:7c:08:60
