Oct 18 13:48:38.929362 podb-esxi207 dnsmasq[3935866]: started, version 2.90 cachesize 150
Oct 18 13:48:38.929384 podb-esxi207 dnsmasq[3935866]: DNS service limited to local subnets
Oct 18 13:48:38.929399 podb-esxi207 dnsmasq[3935866]: compile time options: IPv6 GNU-getopt DBus no-UBus i18n IDN2 DHCP DHCPv6 no-Lua TFTP conntrack ipset no-nftset auth cryptohash DNSSEC loop-detect inotify dumpfile
Oct 18 13:48:38.929432 podb-esxi207 dnsmasq-dhcp[3935866]: DHCP, static leases only on 10.1.0.0, lease time 1d
Oct 18 13:48:38.929582 podb-esxi207 dnsmasq[3935866]: reading /etc/resolv.conf
Oct 18 13:48:38.929598 podb-esxi207 dnsmasq[3935866]: using nameserver 127.0.0.53#53
Oct 18 13:48:38.929679 podb-esxi207 dnsmasq[3935866]: read /opt/stack/data/neutron/dhcp/0d8fd4f4-f47a-4936-aa9b-fc9448a29b91/addn_hosts - 0 names
Oct 18 13:48:38.929729 podb-esxi207 dnsmasq-dhcp[3935866]: read /opt/stack/data/neutron/dhcp/0d8fd4f4-f47a-4936-aa9b-fc9448a29b91/host
Oct 18 13:48:38.929791 podb-esxi207 dnsmasq-dhcp[3935866]: read /opt/stack/data/neutron/dhcp/0d8fd4f4-f47a-4936-aa9b-fc9448a29b91/opts
Oct 18 13:48:40.470132 podb-esxi207 dnsmasq[3935866]: read /opt/stack/data/neutron/dhcp/0d8fd4f4-f47a-4936-aa9b-fc9448a29b91/addn_hosts - 2 names
Oct 18 13:48:40.470221 podb-esxi207 dnsmasq-dhcp[3935866]: read /opt/stack/data/neutron/dhcp/0d8fd4f4-f47a-4936-aa9b-fc9448a29b91/host
Oct 18 13:48:40.470340 podb-esxi207 dnsmasq-dhcp[3935866]: read /opt/stack/data/neutron/dhcp/0d8fd4f4-f47a-4936-aa9b-fc9448a29b91/opts
Oct 18 13:48:41.716331 podb-esxi207 dnsmasq[3935866]: read /opt/stack/data/neutron/dhcp/0d8fd4f4-f47a-4936-aa9b-fc9448a29b91/addn_hosts - 2 names
Oct 18 13:48:41.716449 podb-esxi207 dnsmasq-dhcp[3935866]: read /opt/stack/data/neutron/dhcp/0d8fd4f4-f47a-4936-aa9b-fc9448a29b91/host
Oct 18 13:48:41.716547 podb-esxi207 dnsmasq-dhcp[3935866]: read /opt/stack/data/neutron/dhcp/0d8fd4f4-f47a-4936-aa9b-fc9448a29b91/opts
Oct 18 13:48:42.971246 podb-esxi207 dnsmasq[3935866]: read /opt/stack/data/neutron/dhcp/0d8fd4f4-f47a-4936-aa9b-fc9448a29b91/addn_hosts - 2 names
Oct 18 13:48:42.971317 podb-esxi207 dnsmasq-dhcp[3935866]: read /opt/stack/data/neutron/dhcp/0d8fd4f4-f47a-4936-aa9b-fc9448a29b91/host
Oct 18 13:48:42.971383 podb-esxi207 dnsmasq-dhcp[3935866]: read /opt/stack/data/neutron/dhcp/0d8fd4f4-f47a-4936-aa9b-fc9448a29b91/opts
Oct 18 13:48:45.019886 podb-esxi207 dnsmasq[3935866]: read /opt/stack/data/neutron/dhcp/0d8fd4f4-f47a-4936-aa9b-fc9448a29b91/addn_hosts - 4 names
Oct 18 13:48:45.020020 podb-esxi207 dnsmasq-dhcp[3935866]: read /opt/stack/data/neutron/dhcp/0d8fd4f4-f47a-4936-aa9b-fc9448a29b91/host
Oct 18 13:48:45.020124 podb-esxi207 dnsmasq-dhcp[3935866]: read /opt/stack/data/neutron/dhcp/0d8fd4f4-f47a-4936-aa9b-fc9448a29b91/opts
Oct 18 13:48:47.414430 podb-esxi207 dnsmasq-dhcp[3934151]: DHCPRELEASE(tap6c36ef7a-c5) 10.1.0.13 fa:16:3e:bc:61:77
Oct 18 13:48:47.430681 podb-esxi207 dnsmasq-dhcp[3934151]: DHCPRELEASE(tap6c36ef7a-c5) 10.1.0.13 fa:16:3e:bc:61:77 unknown lease
Oct 18 13:48:48.253876 podb-esxi207 dnsmasq[3934151]: read /opt/stack/data/neutron/dhcp/e66f9241-b7b4-4acd-878d-85807a1bc1e0/addn_hosts - 2 names
Oct 18 13:48:48.254004 podb-esxi207 dnsmasq-dhcp[3934151]: read /opt/stack/data/neutron/dhcp/e66f9241-b7b4-4acd-878d-85807a1bc1e0/host
Oct 18 13:48:48.254110 podb-esxi207 dnsmasq-dhcp[3934151]: read /opt/stack/data/neutron/dhcp/e66f9241-b7b4-4acd-878d-85807a1bc1e0/opts
Oct 18 13:48:52.546913 podb-esxi207 dnsmasq[3935413]: read /opt/stack/data/neutron/dhcp/c6e861f6-37f8-49c6-950a-761e40d014f6/addn_hosts - 6 names
Oct 18 13:48:52.547039 podb-esxi207 dnsmasq-dhcp[3935413]: read /opt/stack/data/neutron/dhcp/c6e861f6-37f8-49c6-950a-761e40d014f6/host
Oct 18 13:48:52.547111 podb-esxi207 dnsmasq-dhcp[3935413]: read /opt/stack/data/neutron/dhcp/c6e861f6-37f8-49c6-950a-761e40d014f6/opts
Oct 18 13:48:52.591489 podb-esxi207 dnsmasq-dhcp[3935413]: DHCPDISCOVER(tap23f9f7cd-cf) fa:16:3e:36:49:c9
Oct 18 13:48:52.591514 podb-esxi207 dnsmasq-dhcp[3935413]: DHCPOFFER(tap23f9f7cd-cf) 10.1.0.10 fa:16:3e:36:49:c9
Oct 18 13:48:52.603232 podb-esxi207 dnsmasq-dhcp[3935413]: DHCPREQUEST(tap23f9f7cd-cf) 10.1.0.10 fa:16:3e:36:49:c9
Oct 18 13:48:52.603263 podb-esxi207 dnsmasq-dhcp[3935413]: DHCPACK(tap23f9f7cd-cf) 10.1.0.10 fa:16:3e:36:49:c9 host-10-1-0-10
Oct 18 13:48:54.812216 podb-esxi207 dnsmasq[3934151]: read /opt/stack/data/neutron/dhcp/e66f9241-b7b4-4acd-878d-85807a1bc1e0/addn_hosts - 0 names
Oct 18 13:48:54.812295 podb-esxi207 dnsmasq-dhcp[3934151]: read /opt/stack/data/neutron/dhcp/e66f9241-b7b4-4acd-878d-85807a1bc1e0/host
Oct 18 13:48:54.812382 podb-esxi207 dnsmasq-dhcp[3934151]: read /opt/stack/data/neutron/dhcp/e66f9241-b7b4-4acd-878d-85807a1bc1e0/opts
Oct 18 13:48:55.632860 podb-esxi207 dnsmasq[3934151]: exiting on receipt of SIGTERM
Oct 18 13:48:59.361995 podb-esxi207 dnsmasq[3936395]: started, version 2.90 cachesize 150
Oct 18 13:48:59.362017 podb-esxi207 dnsmasq[3936395]: DNS service limited to local subnets
Oct 18 13:48:59.362032 podb-esxi207 dnsmasq[3936395]: compile time options: IPv6 GNU-getopt DBus no-UBus i18n IDN2 DHCP DHCPv6 no-Lua TFTP conntrack ipset no-nftset auth cryptohash DNSSEC loop-detect inotify dumpfile
Oct 18 13:48:59.362065 podb-esxi207 dnsmasq-dhcp[3936395]: DHCP, static leases only on 10.1.0.0, lease time 1d
Oct 18 13:48:59.362217 podb-esxi207 dnsmasq[3936395]: reading /etc/resolv.conf
Oct 18 13:48:59.362233 podb-esxi207 dnsmasq[3936395]: using nameserver 127.0.0.53#53
Oct 18 13:48:59.362322 podb-esxi207 dnsmasq[3936395]: read /opt/stack/data/neutron/dhcp/13ec617a-55c0-46c8-bfd6-f54222e39063/addn_hosts - 0 names
Oct 18 13:48:59.362371 podb-esxi207 dnsmasq-dhcp[3936395]: read /opt/stack/data/neutron/dhcp/13ec617a-55c0-46c8-bfd6-f54222e39063/host
Oct 18 13:48:59.362427 podb-esxi207 dnsmasq-dhcp[3936395]: read /opt/stack/data/neutron/dhcp/13ec617a-55c0-46c8-bfd6-f54222e39063/opts
Oct 18 13:49:00.903672 podb-esxi207 dnsmasq[3936395]: read /opt/stack/data/neutron/dhcp/13ec617a-55c0-46c8-bfd6-f54222e39063/addn_hosts - 2 names
Oct 18 13:49:00.903761 podb-esxi207 dnsmasq-dhcp[3936395]: read /opt/stack/data/neutron/dhcp/13ec617a-55c0-46c8-bfd6-f54222e39063/host
Oct 18 13:49:00.903850 podb-esxi207 dnsmasq-dhcp[3936395]: read /opt/stack/data/neutron/dhcp/13ec617a-55c0-46c8-bfd6-f54222e39063/opts
Oct 18 13:49:02.149012 podb-esxi207 dnsmasq[3936395]: read /opt/stack/data/neutron/dhcp/13ec617a-55c0-46c8-bfd6-f54222e39063/addn_hosts - 2 names
Oct 18 13:49:02.149100 podb-esxi207 dnsmasq-dhcp[3936395]: read /opt/stack/data/neutron/dhcp/13ec617a-55c0-46c8-bfd6-f54222e39063/host
Oct 18 13:49:02.149200 podb-esxi207 dnsmasq-dhcp[3936395]: read /opt/stack/data/neutron/dhcp/13ec617a-55c0-46c8-bfd6-f54222e39063/opts
Oct 18 13:49:03.395823 podb-esxi207 dnsmasq[3936395]: read /opt/stack/data/neutron/dhcp/13ec617a-55c0-46c8-bfd6-f54222e39063/addn_hosts - 2 names
Oct 18 13:49:03.395920 podb-esxi207 dnsmasq-dhcp[3936395]: read /opt/stack/data/neutron/dhcp/13ec617a-55c0-46c8-bfd6-f54222e39063/host
Oct 18 13:49:03.396026 podb-esxi207 dnsmasq-dhcp[3936395]: read /opt/stack/data/neutron/dhcp/13ec617a-55c0-46c8-bfd6-f54222e39063/opts
Oct 18 13:49:05.647433 podb-esxi207 dnsmasq[3936395]: read /opt/stack/data/neutron/dhcp/13ec617a-55c0-46c8-bfd6-f54222e39063/addn_hosts - 4 names
Oct 18 13:49:05.647561 podb-esxi207 dnsmasq-dhcp[3936395]: read /opt/stack/data/neutron/dhcp/13ec617a-55c0-46c8-bfd6-f54222e39063/host
Oct 18 13:49:05.647665 podb-esxi207 dnsmasq-dhcp[3936395]: read /opt/stack/data/neutron/dhcp/13ec617a-55c0-46c8-bfd6-f54222e39063/opts
Oct 18 13:49:06.539338 podb-esxi207 dnsmasq-dhcp[3935866]: DHCPDISCOVER(tape3f6d4a4-6f) fa:16:3e:93:1f:27
Oct 18 13:49:06.539361 podb-esxi207 dnsmasq-dhcp[3935866]: DHCPOFFER(tape3f6d4a4-6f) 10.1.0.14 fa:16:3e:93:1f:27
Oct 18 13:49:06.550862 podb-esxi207 dnsmasq-dhcp[3935866]: DHCPREQUEST(tape3f6d4a4-6f) 10.1.0.14 fa:16:3e:93:1f:27
Oct 18 13:49:06.550893 podb-esxi207 dnsmasq-dhcp[3935866]: DHCPACK(tape3f6d4a4-6f) 10.1.0.14 fa:16:3e:93:1f:27 host-10-1-0-14
Oct 18 13:49:31.356864 podb-esxi207 dnsmasq-dhcp[3936395]: DHCPDISCOVER(tapb25d7a1d-b1) fa:16:3e:0e:60:77
Oct 18 13:49:31.356890 podb-esxi207 dnsmasq-dhcp[3936395]: DHCPOFFER(tapb25d7a1d-b1) 10.1.0.4 fa:16:3e:0e:60:77
Oct 18 13:49:31.369067 podb-esxi207 dnsmasq-dhcp[3936395]: DHCPREQUEST(tapb25d7a1d-b1) 10.1.0.4 fa:16:3e:0e:60:77
Oct 18 13:49:31.369102 podb-esxi207 dnsmasq-dhcp[3936395]: DHCPACK(tapb25d7a1d-b1) 10.1.0.4 fa:16:3e:0e:60:77 host-10-1-0-4
Oct 18 13:49:48.319067 podb-esxi207 dnsmasq[3833999]: read /opt/stack/data/neutron/dhcp/474588a5-ec39-4dee-b77a-66b10555baa4/addn_hosts - 2 names
Oct 18 13:49:48.319185 podb-esxi207 dnsmasq-dhcp[3833999]: read /opt/stack/data/neutron/dhcp/474588a5-ec39-4dee-b77a-66b10555baa4/host
Oct 18 13:49:48.319284 podb-esxi207 dnsmasq-dhcp[3833999]: read /opt/stack/data/neutron/dhcp/474588a5-ec39-4dee-b77a-66b10555baa4/opts
Oct 18 13:49:50.569327 podb-esxi207 dnsmasq[3935866]: read /opt/stack/data/neutron/dhcp/0d8fd4f4-f47a-4936-aa9b-fc9448a29b91/addn_hosts - 6 names
Oct 18 13:49:50.569456 podb-esxi207 dnsmasq-dhcp[3935866]: read /opt/stack/data/neutron/dhcp/0d8fd4f4-f47a-4936-aa9b-fc9448a29b91/host
Oct 18 13:49:50.569575 podb-esxi207 dnsmasq-dhcp[3935866]: read /opt/stack/data/neutron/dhcp/0d8fd4f4-f47a-4936-aa9b-fc9448a29b91/opts
Oct 18 13:49:59.842907 podb-esxi207 dnsmasq[3935413]: read /opt/stack/data/neutron/dhcp/c6e861f6-37f8-49c6-950a-761e40d014f6/addn_hosts - 8 names
Oct 18 13:49:59.843043 podb-esxi207 dnsmasq-dhcp[3935413]: read /opt/stack/data/neutron/dhcp/c6e861f6-37f8-49c6-950a-761e40d014f6/host
Oct 18 13:49:59.843150 podb-esxi207 dnsmasq-dhcp[3935413]: read /opt/stack/data/neutron/dhcp/c6e861f6-37f8-49c6-950a-761e40d014f6/opts
Oct 18 13:50:13.001181 podb-esxi207 dnsmasq-dhcp[3935866]: DHCPDISCOVER(tape3f6d4a4-6f) fa:16:3e:96:e2:31
Oct 18 13:50:13.001211 podb-esxi207 dnsmasq-dhcp[3935866]: DHCPOFFER(tape3f6d4a4-6f) 10.1.0.3 fa:16:3e:96:e2:31
Oct 18 13:50:13.011890 podb-esxi207 dnsmasq-dhcp[3935866]: DHCPREQUEST(tape3f6d4a4-6f) 10.1.0.3 fa:16:3e:96:e2:31
Oct 18 13:50:13.011924 podb-esxi207 dnsmasq-dhcp[3935866]: DHCPACK(tape3f6d4a4-6f) 10.1.0.3 fa:16:3e:96:e2:31 host-10-1-0-3
Oct 18 13:50:21.277724 podb-esxi207 dnsmasq[3935413]: read /opt/stack/data/neutron/dhcp/c6e861f6-37f8-49c6-950a-761e40d014f6/addn_hosts - 10 names
Oct 18 13:50:21.277859 podb-esxi207 dnsmasq-dhcp[3935413]: read /opt/stack/data/neutron/dhcp/c6e861f6-37f8-49c6-950a-761e40d014f6/host
Oct 18 13:50:21.277963 podb-esxi207 dnsmasq-dhcp[3935413]: read /opt/stack/data/neutron/dhcp/c6e861f6-37f8-49c6-950a-761e40d014f6/opts
Oct 18 13:50:22.229761 podb-esxi207 dnsmasq-dhcp[3935413]: DHCPDISCOVER(tap23f9f7cd-cf) fa:16:3e:51:00:33
Oct 18 13:50:22.229790 podb-esxi207 dnsmasq-dhcp[3935413]: DHCPOFFER(tap23f9f7cd-cf) 10.1.0.4 fa:16:3e:51:00:33
Oct 18 13:50:22.241966 podb-esxi207 dnsmasq-dhcp[3935413]: DHCPREQUEST(tap23f9f7cd-cf) 10.1.0.4 fa:16:3e:51:00:33
Oct 18 13:50:22.242003 podb-esxi207 dnsmasq-dhcp[3935413]: DHCPACK(tap23f9f7cd-cf) 10.1.0.4 fa:16:3e:51:00:33 host-10-1-0-4
Oct 18 13:50:59.589314 podb-esxi207 dnsmasq-dhcp[3936395]: DHCPREQUEST(tapb25d7a1d-b1) 10.1.0.4 fa:16:3e:0e:60:77
Oct 18 13:50:59.589347 podb-esxi207 dnsmasq-dhcp[3936395]: DHCPACK(tapb25d7a1d-b1) 10.1.0.4 fa:16:3e:0e:60:77 host-10-1-0-4
Oct 18 13:51:24.987870 podb-esxi207 dnsmasq[3833999]: read /opt/stack/data/neutron/dhcp/474588a5-ec39-4dee-b77a-66b10555baa4/addn_hosts - 0 names
Oct 18 13:51:24.988002 podb-esxi207 dnsmasq-dhcp[3833999]: read /opt/stack/data/neutron/dhcp/474588a5-ec39-4dee-b77a-66b10555baa4/host
Oct 18 13:51:24.988101 podb-esxi207 dnsmasq-dhcp[3833999]: read /opt/stack/data/neutron/dhcp/474588a5-ec39-4dee-b77a-66b10555baa4/opts
Oct 18 13:51:55.158190 podb-esxi207 dnsmasq-dhcp[3935866]: DHCPDISCOVER(tape3f6d4a4-6f) fa:16:3e:96:e2:31
Oct 18 13:51:55.158221 podb-esxi207 dnsmasq-dhcp[3935866]: DHCPOFFER(tape3f6d4a4-6f) 10.1.0.3 fa:16:3e:96:e2:31
Oct 18 13:51:55.167825 podb-esxi207 dnsmasq-dhcp[3935866]: DHCPREQUEST(tape3f6d4a4-6f) 10.1.0.3 fa:16:3e:96:e2:31
Oct 18 13:51:55.167859 podb-esxi207 dnsmasq-dhcp[3935866]: DHCPACK(tape3f6d4a4-6f) 10.1.0.3 fa:16:3e:96:e2:31 host-10-1-0-3
Oct 18 13:52:33.313623 podb-esxi207 dnsmasq-dhcp[3936395]: DHCPREQUEST(tapb25d7a1d-b1) 10.1.0.4 fa:16:3e:0e:60:77
Oct 18 13:52:33.313656 podb-esxi207 dnsmasq-dhcp[3936395]: DHCPACK(tapb25d7a1d-b1) 10.1.0.4 fa:16:3e:0e:60:77 host-10-1-0-4
Oct 18 13:52:47.350944 podb-esxi207 dnsmasq[3935413]: read /opt/stack/data/neutron/dhcp/c6e861f6-37f8-49c6-950a-761e40d014f6/addn_hosts - 8 names
Oct 18 13:52:47.351053 podb-esxi207 dnsmasq-dhcp[3935413]: read /opt/stack/data/neutron/dhcp/c6e861f6-37f8-49c6-950a-761e40d014f6/host
Oct 18 13:52:47.351123 podb-esxi207 dnsmasq-dhcp[3935413]: read /opt/stack/data/neutron/dhcp/c6e861f6-37f8-49c6-950a-761e40d014f6/opts
Oct 18 13:53:03.338611 podb-esxi207 dnsmasq-dhcp[3935413]: DHCPRELEASE(tap23f9f7cd-cf) 10.1.0.4 fa:16:3e:51:00:33
Oct 18 13:53:03.354845 podb-esxi207 dnsmasq-dhcp[3935413]: DHCPRELEASE(tap23f9f7cd-cf) 10.1.0.4 fa:16:3e:51:00:33 unknown lease
Oct 18 13:53:04.179169 podb-esxi207 dnsmasq[3935413]: read /opt/stack/data/neutron/dhcp/c6e861f6-37f8-49c6-950a-761e40d014f6/addn_hosts - 6 names
Oct 18 13:53:04.179252 podb-esxi207 dnsmasq-dhcp[3935413]: read /opt/stack/data/neutron/dhcp/c6e861f6-37f8-49c6-950a-761e40d014f6/host
Oct 18 13:53:04.179320 podb-esxi207 dnsmasq-dhcp[3935413]: read /opt/stack/data/neutron/dhcp/c6e861f6-37f8-49c6-950a-761e40d014f6/opts
Oct 18 13:53:09.320120 podb-esxi207 dnsmasq-dhcp[3935866]: DHCPRELEASE(tape3f6d4a4-6f) 10.1.0.3 fa:16:3e:96:e2:31
Oct 18 13:53:09.337116 podb-esxi207 dnsmasq-dhcp[3935866]: DHCPRELEASE(tape3f6d4a4-6f) 10.1.0.3 fa:16:3e:96:e2:31 unknown lease
Oct 18 13:53:10.161652 podb-esxi207 dnsmasq[3935866]: read /opt/stack/data/neutron/dhcp/0d8fd4f4-f47a-4936-aa9b-fc9448a29b91/addn_hosts - 4 names
Oct 18 13:53:10.161765 podb-esxi207 dnsmasq-dhcp[3935866]: read /opt/stack/data/neutron/dhcp/0d8fd4f4-f47a-4936-aa9b-fc9448a29b91/host
Oct 18 13:53:10.161879 podb-esxi207 dnsmasq-dhcp[3935866]: read /opt/stack/data/neutron/dhcp/0d8fd4f4-f47a-4936-aa9b-fc9448a29b91/opts
Oct 18 13:53:11.682231 podb-esxi207 dnsmasq[3935413]: read /opt/stack/data/neutron/dhcp/c6e861f6-37f8-49c6-950a-761e40d014f6/addn_hosts - 4 names
Oct 18 13:53:11.682377 podb-esxi207 dnsmasq-dhcp[3935413]: read /opt/stack/data/neutron/dhcp/c6e861f6-37f8-49c6-950a-761e40d014f6/host
Oct 18 13:53:11.682484 podb-esxi207 dnsmasq-dhcp[3935413]: read /opt/stack/data/neutron/dhcp/c6e861f6-37f8-49c6-950a-761e40d014f6/opts
Oct 18 13:53:12.588452 podb-esxi207 dnsmasq-dhcp[3936395]: DHCPRELEASE(tapb25d7a1d-b1) 10.1.0.4 fa:16:3e:0e:60:77
Oct 18 13:53:12.604824 podb-esxi207 dnsmasq-dhcp[3936395]: DHCPRELEASE(tapb25d7a1d-b1) 10.1.0.4 fa:16:3e:0e:60:77 unknown lease
Oct 18 13:53:13.430430 podb-esxi207 dnsmasq[3936395]: read /opt/stack/data/neutron/dhcp/13ec617a-55c0-46c8-bfd6-f54222e39063/addn_hosts - 2 names
Oct 18 13:53:13.430509 podb-esxi207 dnsmasq-dhcp[3936395]: read /opt/stack/data/neutron/dhcp/13ec617a-55c0-46c8-bfd6-f54222e39063/host
Oct 18 13:53:13.430588 podb-esxi207 dnsmasq-dhcp[3936395]: read /opt/stack/data/neutron/dhcp/13ec617a-55c0-46c8-bfd6-f54222e39063/opts
Oct 18 13:53:27.266028 podb-esxi207 dnsmasq[3936395]: read /opt/stack/data/neutron/dhcp/13ec617a-55c0-46c8-bfd6-f54222e39063/addn_hosts - 4 names
Oct 18 13:53:27.266248 podb-esxi207 dnsmasq-dhcp[3936395]: read /opt/stack/data/neutron/dhcp/13ec617a-55c0-46c8-bfd6-f54222e39063/host
Oct 18 13:53:27.266331 podb-esxi207 dnsmasq-dhcp[3936395]: read /opt/stack/data/neutron/dhcp/13ec617a-55c0-46c8-bfd6-f54222e39063/opts
Oct 18 13:53:31.262793 podb-esxi207 dnsmasq-dhcp[3935413]: DHCPRELEASE(tap23f9f7cd-cf) 10.1.0.10 fa:16:3e:36:49:c9
Oct 18 13:53:31.279738 podb-esxi207 dnsmasq-dhcp[3935413]: DHCPRELEASE(tap23f9f7cd-cf) 10.1.0.10 fa:16:3e:36:49:c9 unknown lease
Oct 18 13:53:32.105291 podb-esxi207 dnsmasq[3935413]: read /opt/stack/data/neutron/dhcp/c6e861f6-37f8-49c6-950a-761e40d014f6/addn_hosts - 2 names
Oct 18 13:53:32.105402 podb-esxi207 dnsmasq-dhcp[3935413]: read /opt/stack/data/neutron/dhcp/c6e861f6-37f8-49c6-950a-761e40d014f6/host
Oct 18 13:53:32.105506 podb-esxi207 dnsmasq-dhcp[3935413]: read /opt/stack/data/neutron/dhcp/c6e861f6-37f8-49c6-950a-761e40d014f6/opts
Oct 18 13:53:36.630096 podb-esxi207 dnsmasq[3935413]: read /opt/stack/data/neutron/dhcp/c6e861f6-37f8-49c6-950a-761e40d014f6/addn_hosts - 0 names
Oct 18 13:53:36.630165 podb-esxi207 dnsmasq-dhcp[3935413]: read /opt/stack/data/neutron/dhcp/c6e861f6-37f8-49c6-950a-761e40d014f6/host
Oct 18 13:53:36.630256 podb-esxi207 dnsmasq-dhcp[3935413]: read /opt/stack/data/neutron/dhcp/c6e861f6-37f8-49c6-950a-761e40d014f6/opts
Oct 18 13:53:37.749309 podb-esxi207 dnsmasq[3935413]: exiting on receipt of SIGTERM
Oct 18 13:53:41.812644 podb-esxi207 dnsmasq[3941580]: started, version 2.90 cachesize 150
Oct 18 13:53:41.812668 podb-esxi207 dnsmasq[3941580]: DNS service limited to local subnets
Oct 18 13:53:41.812682 podb-esxi207 dnsmasq[3941580]: compile time options: IPv6 GNU-getopt DBus no-UBus i18n IDN2 DHCP DHCPv6 no-Lua TFTP conntrack ipset no-nftset auth cryptohash DNSSEC loop-detect inotify dumpfile
Oct 18 13:53:41.812719 podb-esxi207 dnsmasq-dhcp[3941580]: DHCP, static leases only on 10.1.0.0, lease time 1d
Oct 18 13:53:41.812863 podb-esxi207 dnsmasq[3941580]: reading /etc/resolv.conf
Oct 18 13:53:41.812879 podb-esxi207 dnsmasq[3941580]: using nameserver 127.0.0.53#53
Oct 18 13:53:41.812962 podb-esxi207 dnsmasq[3941580]: read /opt/stack/data/neutron/dhcp/684a7627-aff5-4c41-85b0-ebb3fcf7f99e/addn_hosts - 0 names
Oct 18 13:53:41.813010 podb-esxi207 dnsmasq-dhcp[3941580]: read /opt/stack/data/neutron/dhcp/684a7627-aff5-4c41-85b0-ebb3fcf7f99e/host
Oct 18 13:53:41.813065 podb-esxi207 dnsmasq-dhcp[3941580]: read /opt/stack/data/neutron/dhcp/684a7627-aff5-4c41-85b0-ebb3fcf7f99e/opts
Oct 18 13:53:43.378316 podb-esxi207 dnsmasq[3941580]: read /opt/stack/data/neutron/dhcp/684a7627-aff5-4c41-85b0-ebb3fcf7f99e/addn_hosts - 2 names
Oct 18 13:53:43.378404 podb-esxi207 dnsmasq-dhcp[3941580]: read /opt/stack/data/neutron/dhcp/684a7627-aff5-4c41-85b0-ebb3fcf7f99e/host
Oct 18 13:53:43.378501 podb-esxi207 dnsmasq-dhcp[3941580]: read /opt/stack/data/neutron/dhcp/684a7627-aff5-4c41-85b0-ebb3fcf7f99e/opts
Oct 18 13:53:44.640401 podb-esxi207 dnsmasq[3941580]: read /opt/stack/data/neutron/dhcp/684a7627-aff5-4c41-85b0-ebb3fcf7f99e/addn_hosts - 2 names
Oct 18 13:53:44.640480 podb-esxi207 dnsmasq-dhcp[3941580]: read /opt/stack/data/neutron/dhcp/684a7627-aff5-4c41-85b0-ebb3fcf7f99e/host
Oct 18 13:53:44.640556 podb-esxi207 dnsmasq-dhcp[3941580]: read /opt/stack/data/neutron/dhcp/684a7627-aff5-4c41-85b0-ebb3fcf7f99e/opts
Oct 18 13:53:45.886397 podb-esxi207 dnsmasq[3941580]: read /opt/stack/data/neutron/dhcp/684a7627-aff5-4c41-85b0-ebb3fcf7f99e/addn_hosts - 2 names
Oct 18 13:53:45.886482 podb-esxi207 dnsmasq-dhcp[3941580]: read /opt/stack/data/neutron/dhcp/684a7627-aff5-4c41-85b0-ebb3fcf7f99e/host
Oct 18 13:53:45.886571 podb-esxi207 dnsmasq-dhcp[3941580]: read /opt/stack/data/neutron/dhcp/684a7627-aff5-4c41-85b0-ebb3fcf7f99e/opts
Oct 18 13:53:48.060913 podb-esxi207 dnsmasq[3941580]: read /opt/stack/data/neutron/dhcp/684a7627-aff5-4c41-85b0-ebb3fcf7f99e/addn_hosts - 4 names
Oct 18 13:53:48.061031 podb-esxi207 dnsmasq-dhcp[3941580]: read /opt/stack/data/neutron/dhcp/684a7627-aff5-4c41-85b0-ebb3fcf7f99e/host
Oct 18 13:53:48.061141 podb-esxi207 dnsmasq-dhcp[3941580]: read /opt/stack/data/neutron/dhcp/684a7627-aff5-4c41-85b0-ebb3fcf7f99e/opts
Oct 18 13:53:51.762160 podb-esxi207 dnsmasq-dhcp[3936395]: DHCPDISCOVER(tapb25d7a1d-b1) fa:16:3e:2f:da:c0
Oct 18 13:53:51.762186 podb-esxi207 dnsmasq-dhcp[3936395]: DHCPOFFER(tapb25d7a1d-b1) 10.1.0.10 fa:16:3e:2f:da:c0
Oct 18 13:53:51.773472 podb-esxi207 dnsmasq-dhcp[3936395]: DHCPREQUEST(tapb25d7a1d-b1) 10.1.0.10 fa:16:3e:2f:da:c0
Oct 18 13:53:51.773509 podb-esxi207 dnsmasq-dhcp[3936395]: DHCPACK(tapb25d7a1d-b1) 10.1.0.10 fa:16:3e:2f:da:c0 host-10-1-0-10
Oct 18 13:54:06.965372 podb-esxi207 dnsmasq[3935866]: read /opt/stack/data/neutron/dhcp/0d8fd4f4-f47a-4936-aa9b-fc9448a29b91/addn_hosts - 6 names
Oct 18 13:54:06.965489 podb-esxi207 dnsmasq-dhcp[3935866]: read /opt/stack/data/neutron/dhcp/0d8fd4f4-f47a-4936-aa9b-fc9448a29b91/host
Oct 18 13:54:06.965589 podb-esxi207 dnsmasq-dhcp[3935866]: read /opt/stack/data/neutron/dhcp/0d8fd4f4-f47a-4936-aa9b-fc9448a29b91/opts
Oct 18 13:54:11.031490 podb-esxi207 dnsmasq-dhcp[3941580]: DHCPDISCOVER(tapa8375fe3-c8) fa:16:3e:fe:bf:07
Oct 18 13:54:11.031515 podb-esxi207 dnsmasq-dhcp[3941580]: DHCPOFFER(tapa8375fe3-c8) 10.1.0.4 fa:16:3e:fe:bf:07
Oct 18 13:54:11.044045 podb-esxi207 dnsmasq-dhcp[3941580]: DHCPREQUEST(tapa8375fe3-c8) 10.1.0.4 fa:16:3e:fe:bf:07
Oct 18 13:54:11.044075 podb-esxi207 dnsmasq-dhcp[3941580]: DHCPACK(tapa8375fe3-c8) 10.1.0.4 fa:16:3e:fe:bf:07 host-10-1-0-4
Oct 18 13:55:26.468317 podb-esxi207 dnsmasq-dhcp[3935866]: DHCPDISCOVER(tape3f6d4a4-6f) fa:16:3e:0d:3c:f6
Oct 18 13:55:26.468343 podb-esxi207 dnsmasq-dhcp[3935866]: DHCPOFFER(tape3f6d4a4-6f) 10.1.0.4 fa:16:3e:0d:3c:f6
Oct 18 13:55:26.479835 podb-esxi207 dnsmasq-dhcp[3935866]: DHCPREQUEST(tape3f6d4a4-6f) 10.1.0.4 fa:16:3e:0d:3c:f6
Oct 18 13:55:26.479867 podb-esxi207 dnsmasq-dhcp[3935866]: DHCPACK(tape3f6d4a4-6f) 10.1.0.4 fa:16:3e:0d:3c:f6 host-10-1-0-4
Oct 18 13:55:50.240238 podb-esxi207 dnsmasq-dhcp[3941580]: DHCPREQUEST(tapa8375fe3-c8) 10.1.0.4 fa:16:3e:fe:bf:07
Oct 18 13:55:50.240271 podb-esxi207 dnsmasq-dhcp[3941580]: DHCPACK(tapa8375fe3-c8) 10.1.0.4 fa:16:3e:fe:bf:07 host-10-1-0-4
Oct 18 13:56:07.663783 podb-esxi207 dnsmasq-dhcp[3935866]: DHCPRELEASE(tape3f6d4a4-6f) 10.1.0.4 fa:16:3e:0d:3c:f6
Oct 18 13:56:07.679318 podb-esxi207 dnsmasq-dhcp[3935866]: DHCPRELEASE(tape3f6d4a4-6f) 10.1.0.4 fa:16:3e:0d:3c:f6 unknown lease
Oct 18 13:56:08.503098 podb-esxi207 dnsmasq[3935866]: read /opt/stack/data/neutron/dhcp/0d8fd4f4-f47a-4936-aa9b-fc9448a29b91/addn_hosts - 4 names
Oct 18 13:56:08.503197 podb-esxi207 dnsmasq-dhcp[3935866]: read /opt/stack/data/neutron/dhcp/0d8fd4f4-f47a-4936-aa9b-fc9448a29b91/host
Oct 18 13:56:08.503300 podb-esxi207 dnsmasq-dhcp[3935866]: read /opt/stack/data/neutron/dhcp/0d8fd4f4-f47a-4936-aa9b-fc9448a29b91/opts
Oct 18 13:56:30.971516 podb-esxi207 dnsmasq-dhcp[3935866]: DHCPRELEASE(tape3f6d4a4-6f) 10.1.0.14 fa:16:3e:93:1f:27
Oct 18 13:56:30.987263 podb-esxi207 dnsmasq-dhcp[3935866]: DHCPRELEASE(tape3f6d4a4-6f) 10.1.0.14 fa:16:3e:93:1f:27 unknown lease
Oct 18 13:56:31.813622 podb-esxi207 dnsmasq[3935866]: read /opt/stack/data/neutron/dhcp/0d8fd4f4-f47a-4936-aa9b-fc9448a29b91/addn_hosts - 2 names
Oct 18 13:56:31.813715 podb-esxi207 dnsmasq-dhcp[3935866]: read /opt/stack/data/neutron/dhcp/0d8fd4f4-f47a-4936-aa9b-fc9448a29b91/host
Oct 18 13:56:31.813789 podb-esxi207 dnsmasq-dhcp[3935866]: read /opt/stack/data/neutron/dhcp/0d8fd4f4-f47a-4936-aa9b-fc9448a29b91/opts
Oct 18 13:56:36.849939 podb-esxi207 dnsmasq[3935866]: read /opt/stack/data/neutron/dhcp/0d8fd4f4-f47a-4936-aa9b-fc9448a29b91/addn_hosts - 0 names
Oct 18 13:56:36.850000 podb-esxi207 dnsmasq-dhcp[3935866]: read /opt/stack/data/neutron/dhcp/0d8fd4f4-f47a-4936-aa9b-fc9448a29b91/host
Oct 18 13:56:36.850068 podb-esxi207 dnsmasq-dhcp[3935866]: read /opt/stack/data/neutron/dhcp/0d8fd4f4-f47a-4936-aa9b-fc9448a29b91/opts
Oct 18 13:56:37.747980 podb-esxi207 dnsmasq[3935866]: exiting on receipt of SIGTERM
Oct 18 13:56:41.931907 podb-esxi207 dnsmasq[3944844]: started, version 2.90 cachesize 150
Oct 18 13:56:41.931931 podb-esxi207 dnsmasq[3944844]: DNS service limited to local subnets
Oct 18 13:56:41.931946 podb-esxi207 dnsmasq[3944844]: compile time options: IPv6 GNU-getopt DBus no-UBus i18n IDN2 DHCP DHCPv6 no-Lua TFTP conntrack ipset no-nftset auth cryptohash DNSSEC loop-detect inotify dumpfile
Oct 18 13:56:41.931981 podb-esxi207 dnsmasq-dhcp[3944844]: DHCP, static leases only on 10.1.0.0, lease time 1d
Oct 18 13:56:41.932136 podb-esxi207 dnsmasq[3944844]: reading /etc/resolv.conf
Oct 18 13:56:41.932153 podb-esxi207 dnsmasq[3944844]: using nameserver 127.0.0.53#53
Oct 18 13:56:41.932235 podb-esxi207 dnsmasq[3944844]: read /opt/stack/data/neutron/dhcp/dedb519e-249f-44f4-8022-a1c1092e5180/addn_hosts - 0 names
Oct 18 13:56:41.932286 podb-esxi207 dnsmasq-dhcp[3944844]: read /opt/stack/data/neutron/dhcp/dedb519e-249f-44f4-8022-a1c1092e5180/host
Oct 18 13:56:41.932353 podb-esxi207 dnsmasq-dhcp[3944844]: read /opt/stack/data/neutron/dhcp/dedb519e-249f-44f4-8022-a1c1092e5180/opts
Oct 18 13:56:43.479166 podb-esxi207 dnsmasq[3944844]: read /opt/stack/data/neutron/dhcp/dedb519e-249f-44f4-8022-a1c1092e5180/addn_hosts - 2 names
Oct 18 13:56:43.479294 podb-esxi207 dnsmasq-dhcp[3944844]: read /opt/stack/data/neutron/dhcp/dedb519e-249f-44f4-8022-a1c1092e5180/host
Oct 18 13:56:43.479403 podb-esxi207 dnsmasq-dhcp[3944844]: read /opt/stack/data/neutron/dhcp/dedb519e-249f-44f4-8022-a1c1092e5180/opts
Oct 18 13:56:44.741886 podb-esxi207 dnsmasq[3944844]: read /opt/stack/data/neutron/dhcp/dedb519e-249f-44f4-8022-a1c1092e5180/addn_hosts - 2 names
Oct 18 13:56:44.741964 podb-esxi207 dnsmasq-dhcp[3944844]: read /opt/stack/data/neutron/dhcp/dedb519e-249f-44f4-8022-a1c1092e5180/host
Oct 18 13:56:44.742034 podb-esxi207 dnsmasq-dhcp[3944844]: read /opt/stack/data/neutron/dhcp/dedb519e-249f-44f4-8022-a1c1092e5180/opts
Oct 18 13:56:46.001430 podb-esxi207 dnsmasq[3944844]: read /opt/stack/data/neutron/dhcp/dedb519e-249f-44f4-8022-a1c1092e5180/addn_hosts - 2 names
Oct 18 13:56:46.001526 podb-esxi207 dnsmasq-dhcp[3944844]: read /opt/stack/data/neutron/dhcp/dedb519e-249f-44f4-8022-a1c1092e5180/host
Oct 18 13:56:46.001633 podb-esxi207 dnsmasq-dhcp[3944844]: read /opt/stack/data/neutron/dhcp/dedb519e-249f-44f4-8022-a1c1092e5180/opts
Oct 18 13:56:49.013183 podb-esxi207 dnsmasq[3944844]: read /opt/stack/data/neutron/dhcp/dedb519e-249f-44f4-8022-a1c1092e5180/addn_hosts - 4 names
Oct 18 13:56:49.013315 podb-esxi207 dnsmasq-dhcp[3944844]: read /opt/stack/data/neutron/dhcp/dedb519e-249f-44f4-8022-a1c1092e5180/host
Oct 18 13:56:49.013421 podb-esxi207 dnsmasq-dhcp[3944844]: read /opt/stack/data/neutron/dhcp/dedb519e-249f-44f4-8022-a1c1092e5180/opts
Oct 18 13:56:58.802436 podb-esxi207 dnsmasq-dhcp[3941580]: DHCPRELEASE(tapa8375fe3-c8) 10.1.0.4 fa:16:3e:fe:bf:07
Oct 18 13:56:58.820166 podb-esxi207 dnsmasq-dhcp[3941580]: DHCPRELEASE(tapa8375fe3-c8) 10.1.0.4 fa:16:3e:fe:bf:07 unknown lease
Oct 18 13:56:59.645765 podb-esxi207 dnsmasq[3941580]: read /opt/stack/data/neutron/dhcp/684a7627-aff5-4c41-85b0-ebb3fcf7f99e/addn_hosts - 2 names
Oct 18 13:56:59.645857 podb-esxi207 dnsmasq-dhcp[3941580]: read /opt/stack/data/neutron/dhcp/684a7627-aff5-4c41-85b0-ebb3fcf7f99e/host
Oct 18 13:56:59.645960 podb-esxi207 dnsmasq-dhcp[3941580]: read /opt/stack/data/neutron/dhcp/684a7627-aff5-4c41-85b0-ebb3fcf7f99e/opts
Oct 18 13:57:06.772149 podb-esxi207 dnsmasq-dhcp[3936395]: DHCPRELEASE(tapb25d7a1d-b1) 10.1.0.10 fa:16:3e:2f:da:c0
Oct 18 13:57:06.786383 podb-esxi207 dnsmasq-dhcp[3936395]: DHCPRELEASE(tapb25d7a1d-b1) 10.1.0.10 fa:16:3e:2f:da:c0 unknown lease
Oct 18 13:57:07.610542 podb-esxi207 dnsmasq[3936395]: read /opt/stack/data/neutron/dhcp/13ec617a-55c0-46c8-bfd6-f54222e39063/addn_hosts - 2 names
Oct 18 13:57:07.610620 podb-esxi207 dnsmasq-dhcp[3936395]: read /opt/stack/data/neutron/dhcp/13ec617a-55c0-46c8-bfd6-f54222e39063/host
Oct 18 13:57:07.610722 podb-esxi207 dnsmasq-dhcp[3936395]: read /opt/stack/data/neutron/dhcp/13ec617a-55c0-46c8-bfd6-f54222e39063/opts
Oct 18 13:57:08.772262 podb-esxi207 dnsmasq[3941580]: read /opt/stack/data/neutron/dhcp/684a7627-aff5-4c41-85b0-ebb3fcf7f99e/addn_hosts - 0 names
Oct 18 13:57:08.772325 podb-esxi207 dnsmasq-dhcp[3941580]: read /opt/stack/data/neutron/dhcp/684a7627-aff5-4c41-85b0-ebb3fcf7f99e/host
Oct 18 13:57:08.772375 podb-esxi207 dnsmasq-dhcp[3941580]: read /opt/stack/data/neutron/dhcp/684a7627-aff5-4c41-85b0-ebb3fcf7f99e/opts
Oct 18 13:57:09.729165 podb-esxi207 dnsmasq[3941580]: exiting on receipt of SIGTERM
Oct 18 13:57:11.870376 podb-esxi207 dnsmasq-dhcp[3944844]: DHCPDISCOVER(tape07a12b8-57) fa:16:3e:39:54:b3
Oct 18 13:57:11.870401 podb-esxi207 dnsmasq-dhcp[3944844]: DHCPOFFER(tape07a12b8-57) 10.1.0.12 fa:16:3e:39:54:b3
Oct 18 13:57:11.885155 podb-esxi207 dnsmasq-dhcp[3944844]: DHCPREQUEST(tape07a12b8-57) 10.1.0.12 fa:16:3e:39:54:b3
Oct 18 13:57:11.885188 podb-esxi207 dnsmasq-dhcp[3944844]: DHCPACK(tape07a12b8-57) 10.1.0.12 fa:16:3e:39:54:b3 host-10-1-0-12
Oct 18 13:57:13.599136 podb-esxi207 dnsmasq[3945719]: started, version 2.90 cachesize 150
Oct 18 13:57:13.599165 podb-esxi207 dnsmasq[3945719]: DNS service limited to local subnets
Oct 18 13:57:13.599181 podb-esxi207 dnsmasq[3945719]: compile time options: IPv6 GNU-getopt DBus no-UBus i18n IDN2 DHCP DHCPv6 no-Lua TFTP conntrack ipset no-nftset auth cryptohash DNSSEC loop-detect inotify dumpfile
Oct 18 13:57:13.599222 podb-esxi207 dnsmasq-dhcp[3945719]: DHCP, static leases only on 10.1.0.0, lease time 1d
Oct 18 13:57:13.599378 podb-esxi207 dnsmasq[3945719]: reading /etc/resolv.conf
Oct 18 13:57:13.599395 podb-esxi207 dnsmasq[3945719]: using nameserver 127.0.0.53#53
Oct 18 13:57:13.599488 podb-esxi207 dnsmasq[3945719]: read /opt/stack/data/neutron/dhcp/b3521593-222c-41da-9b1b-bf1cad10126d/addn_hosts - 0 names
Oct 18 13:57:13.599543 podb-esxi207 dnsmasq-dhcp[3945719]: read /opt/stack/data/neutron/dhcp/b3521593-222c-41da-9b1b-bf1cad10126d/host
Oct 18 13:57:13.599610 podb-esxi207 dnsmasq-dhcp[3945719]: read /opt/stack/data/neutron/dhcp/b3521593-222c-41da-9b1b-bf1cad10126d/opts
Oct 18 13:57:15.145884 podb-esxi207 dnsmasq[3945719]: read /opt/stack/data/neutron/dhcp/b3521593-222c-41da-9b1b-bf1cad10126d/addn_hosts - 2 names
Oct 18 13:57:15.145995 podb-esxi207 dnsmasq-dhcp[3945719]: read /opt/stack/data/neutron/dhcp/b3521593-222c-41da-9b1b-bf1cad10126d/host
Oct 18 13:57:15.146085 podb-esxi207 dnsmasq-dhcp[3945719]: read /opt/stack/data/neutron/dhcp/b3521593-222c-41da-9b1b-bf1cad10126d/opts
Oct 18 13:57:16.405539 podb-esxi207 dnsmasq[3945719]: read /opt/stack/data/neutron/dhcp/b3521593-222c-41da-9b1b-bf1cad10126d/addn_hosts - 2 names
Oct 18 13:57:16.405660 podb-esxi207 dnsmasq-dhcp[3945719]: read /opt/stack/data/neutron/dhcp/b3521593-222c-41da-9b1b-bf1cad10126d/host
Oct 18 13:57:16.405777 podb-esxi207 dnsmasq-dhcp[3945719]: read /opt/stack/data/neutron/dhcp/b3521593-222c-41da-9b1b-bf1cad10126d/opts
Oct 18 13:57:17.673199 podb-esxi207 dnsmasq[3945719]: read /opt/stack/data/neutron/dhcp/b3521593-222c-41da-9b1b-bf1cad10126d/addn_hosts - 2 names
Oct 18 13:57:17.673284 podb-esxi207 dnsmasq-dhcp[3945719]: read /opt/stack/data/neutron/dhcp/b3521593-222c-41da-9b1b-bf1cad10126d/host
Oct 18 13:57:17.673359 podb-esxi207 dnsmasq-dhcp[3945719]: read /opt/stack/data/neutron/dhcp/b3521593-222c-41da-9b1b-bf1cad10126d/opts
Oct 18 13:57:20.988327 podb-esxi207 dnsmasq[3945719]: read /opt/stack/data/neutron/dhcp/b3521593-222c-41da-9b1b-bf1cad10126d/addn_hosts - 4 names
Oct 18 13:57:20.988480 podb-esxi207 dnsmasq-dhcp[3945719]: read /opt/stack/data/neutron/dhcp/b3521593-222c-41da-9b1b-bf1cad10126d/host
Oct 18 13:57:20.988587 podb-esxi207 dnsmasq-dhcp[3945719]: read /opt/stack/data/neutron/dhcp/b3521593-222c-41da-9b1b-bf1cad10126d/opts
Oct 18 13:57:29.046479 podb-esxi207 dnsmasq[3946214]: started, version 2.90 cachesize 150
Oct 18 13:57:29.046508 podb-esxi207 dnsmasq[3946214]: DNS service limited to local subnets
Oct 18 13:57:29.046524 podb-esxi207 dnsmasq[3946214]: compile time options: IPv6 GNU-getopt DBus no-UBus i18n IDN2 DHCP DHCPv6 no-Lua TFTP conntrack ipset no-nftset auth cryptohash DNSSEC loop-detect inotify dumpfile
Oct 18 13:57:29.046562 podb-esxi207 dnsmasq-dhcp[3946214]: DHCP, static leases only on 10.1.0.0, lease time 1d
Oct 18 13:57:29.046716 podb-esxi207 dnsmasq[3946214]: reading /etc/resolv.conf
Oct 18 13:57:29.046732 podb-esxi207 dnsmasq[3946214]: using nameserver 127.0.0.53#53
Oct 18 13:57:29.046851 podb-esxi207 dnsmasq[3946214]: read /opt/stack/data/neutron/dhcp/26d1b84e-e6b9-47bd-81c6-5643c3d3e995/addn_hosts - 0 names
Oct 18 13:57:29.046904 podb-esxi207 dnsmasq-dhcp[3946214]: read /opt/stack/data/neutron/dhcp/26d1b84e-e6b9-47bd-81c6-5643c3d3e995/host
Oct 18 13:57:29.046963 podb-esxi207 dnsmasq-dhcp[3946214]: read /opt/stack/data/neutron/dhcp/26d1b84e-e6b9-47bd-81c6-5643c3d3e995/opts
Oct 18 13:57:30.089501 podb-esxi207 dnsmasq[3936395]: read /opt/stack/data/neutron/dhcp/13ec617a-55c0-46c8-bfd6-f54222e39063/addn_hosts - 0 names
Oct 18 13:57:30.089583 podb-esxi207 dnsmasq-dhcp[3936395]: read /opt/stack/data/neutron/dhcp/13ec617a-55c0-46c8-bfd6-f54222e39063/host
Oct 18 13:57:30.089683 podb-esxi207 dnsmasq-dhcp[3936395]: read /opt/stack/data/neutron/dhcp/13ec617a-55c0-46c8-bfd6-f54222e39063/opts
Oct 18 13:57:31.360431 podb-esxi207 dnsmasq[3946214]: read /opt/stack/data/neutron/dhcp/26d1b84e-e6b9-47bd-81c6-5643c3d3e995/addn_hosts - 2 names
Oct 18 13:57:31.360521 podb-esxi207 dnsmasq-dhcp[3946214]: read /opt/stack/data/neutron/dhcp/26d1b84e-e6b9-47bd-81c6-5643c3d3e995/host
Oct 18 13:57:31.360610 podb-esxi207 dnsmasq-dhcp[3946214]: read /opt/stack/data/neutron/dhcp/26d1b84e-e6b9-47bd-81c6-5643c3d3e995/opts
Oct 18 13:57:34.255463 podb-esxi207 dnsmasq[3946599]: started, version 2.90 cachesize 150
Oct 18 13:57:34.255488 podb-esxi207 dnsmasq[3946599]: DNS service limited to local subnets
Oct 18 13:57:34.255503 podb-esxi207 dnsmasq[3946599]: compile time options: IPv6 GNU-getopt DBus no-UBus i18n IDN2 DHCP DHCPv6 no-Lua TFTP conntrack ipset no-nftset auth cryptohash DNSSEC loop-detect inotify dumpfile
Oct 18 13:57:34.255553 podb-esxi207 dnsmasq-dhcp[3946599]: DHCP, static leases only on 10.1.0.0, lease time 1d
Oct 18 13:57:34.255705 podb-esxi207 dnsmasq[3946599]: reading /etc/resolv.conf
Oct 18 13:57:34.255722 podb-esxi207 dnsmasq[3946599]: using nameserver 127.0.0.53#53
Oct 18 13:57:34.255828 podb-esxi207 dnsmasq[3946599]: read /opt/stack/data/neutron/dhcp/6a1bc0e4-c6a3-49e8-a172-5d8d5e677db3/addn_hosts - 2 names
Oct 18 13:57:34.255884 podb-esxi207 dnsmasq-dhcp[3946599]: read /opt/stack/data/neutron/dhcp/6a1bc0e4-c6a3-49e8-a172-5d8d5e677db3/host
Oct 18 13:57:34.255949 podb-esxi207 dnsmasq-dhcp[3946599]: read /opt/stack/data/neutron/dhcp/6a1bc0e4-c6a3-49e8-a172-5d8d5e677db3/opts
Oct 18 13:57:34.790718 podb-esxi207 dnsmasq[3936395]: exiting on receipt of SIGTERM
Oct 18 13:57:35.919511 podb-esxi207 dnsmasq[3946214]: read /opt/stack/data/neutron/dhcp/26d1b84e-e6b9-47bd-81c6-5643c3d3e995/addn_hosts - 2 names
Oct 18 13:57:35.919588 podb-esxi207 dnsmasq-dhcp[3946214]: read /opt/stack/data/neutron/dhcp/26d1b84e-e6b9-47bd-81c6-5643c3d3e995/host
Oct 18 13:57:35.919655 podb-esxi207 dnsmasq-dhcp[3946214]: read /opt/stack/data/neutron/dhcp/26d1b84e-e6b9-47bd-81c6-5643c3d3e995/opts
Oct 18 13:57:37.168598 podb-esxi207 dnsmasq[3946599]: read /opt/stack/data/neutron/dhcp/6a1bc0e4-c6a3-49e8-a172-5d8d5e677db3/addn_hosts - 2 names
Oct 18 13:57:37.168680 podb-esxi207 dnsmasq-dhcp[3946599]: read /opt/stack/data/neutron/dhcp/6a1bc0e4-c6a3-49e8-a172-5d8d5e677db3/host
Oct 18 13:57:37.168782 podb-esxi207 dnsmasq-dhcp[3946599]: read /opt/stack/data/neutron/dhcp/6a1bc0e4-c6a3-49e8-a172-5d8d5e677db3/opts
Oct 18 13:57:38.417547 podb-esxi207 dnsmasq[3946214]: read /opt/stack/data/neutron/dhcp/26d1b84e-e6b9-47bd-81c6-5643c3d3e995/addn_hosts - 2 names
Oct 18 13:57:38.417635 podb-esxi207 dnsmasq-dhcp[3946214]: read /opt/stack/data/neutron/dhcp/26d1b84e-e6b9-47bd-81c6-5643c3d3e995/host
Oct 18 13:57:38.417730 podb-esxi207 dnsmasq-dhcp[3946214]: read /opt/stack/data/neutron/dhcp/26d1b84e-e6b9-47bd-81c6-5643c3d3e995/opts
Oct 18 13:57:39.157292 podb-esxi207 dnsmasq[3946599]: read /opt/stack/data/neutron/dhcp/6a1bc0e4-c6a3-49e8-a172-5d8d5e677db3/addn_hosts - 2 names
Oct 18 13:57:39.157336 podb-esxi207 dnsmasq-dhcp[3946599]: read /opt/stack/data/neutron/dhcp/6a1bc0e4-c6a3-49e8-a172-5d8d5e677db3/host
Oct 18 13:57:39.157374 podb-esxi207 dnsmasq-dhcp[3946599]: read /opt/stack/data/neutron/dhcp/6a1bc0e4-c6a3-49e8-a172-5d8d5e677db3/opts
Oct 18 13:57:40.403526 podb-esxi207 dnsmasq[3946214]: read /opt/stack/data/neutron/dhcp/26d1b84e-e6b9-47bd-81c6-5643c3d3e995/addn_hosts - 4 names
Oct 18 13:57:40.403650 podb-esxi207 dnsmasq-dhcp[3946214]: read /opt/stack/data/neutron/dhcp/26d1b84e-e6b9-47bd-81c6-5643c3d3e995/host
Oct 18 13:57:40.403755 podb-esxi207 dnsmasq-dhcp[3946214]: read /opt/stack/data/neutron/dhcp/26d1b84e-e6b9-47bd-81c6-5643c3d3e995/opts
Oct 18 13:57:41.144307 podb-esxi207 dnsmasq[3946599]: read /opt/stack/data/neutron/dhcp/6a1bc0e4-c6a3-49e8-a172-5d8d5e677db3/addn_hosts - 2 names
Oct 18 13:57:41.144381 podb-esxi207 dnsmasq-dhcp[3946599]: read /opt/stack/data/neutron/dhcp/6a1bc0e4-c6a3-49e8-a172-5d8d5e677db3/host
Oct 18 13:57:41.144458 podb-esxi207 dnsmasq-dhcp[3946599]: read /opt/stack/data/neutron/dhcp/6a1bc0e4-c6a3-49e8-a172-5d8d5e677db3/opts
Oct 18 13:57:43.068692 podb-esxi207 dnsmasq-dhcp[3945719]: DHCPDISCOVER(tapa9ac74d1-1a) fa:16:3e:39:f7:2e
Oct 18 13:57:43.068716 podb-esxi207 dnsmasq-dhcp[3945719]: DHCPOFFER(tapa9ac74d1-1a) 10.1.0.12 fa:16:3e:39:f7:2e
Oct 18 13:57:43.081365 podb-esxi207 dnsmasq-dhcp[3945719]: DHCPREQUEST(tapa9ac74d1-1a) 10.1.0.12 fa:16:3e:39:f7:2e
Oct 18 13:57:43.081393 podb-esxi207 dnsmasq-dhcp[3945719]: DHCPACK(tapa9ac74d1-1a) 10.1.0.12 fa:16:3e:39:f7:2e host-10-1-0-12
Oct 18 13:57:59.802845 podb-esxi207 dnsmasq-dhcp[3946214]: DHCPDISCOVER(tap4f13802c-39) fa:16:3e:dd:38:e8
Oct 18 13:57:59.802875 podb-esxi207 dnsmasq-dhcp[3946214]: DHCPOFFER(tap4f13802c-39) 10.1.0.11 fa:16:3e:dd:38:e8
Oct 18 13:57:59.811994 podb-esxi207 dnsmasq-dhcp[3946214]: DHCPREQUEST(tap4f13802c-39) 10.1.0.11 fa:16:3e:dd:38:e8
Oct 18 13:57:59.812019 podb-esxi207 dnsmasq-dhcp[3946214]: DHCPACK(tap4f13802c-39) 10.1.0.11 fa:16:3e:dd:38:e8 host-10-1-0-11
Oct 18 13:58:02.343724 podb-esxi207 dnsmasq-dhcp[3946214]: DHCPRELEASE(tap4f13802c-39) 10.1.0.11 fa:16:3e:dd:38:e8
Oct 18 13:58:02.360976 podb-esxi207 dnsmasq-dhcp[3946214]: DHCPRELEASE(tap4f13802c-39) 10.1.0.11 fa:16:3e:dd:38:e8 unknown lease
Oct 18 13:58:03.188142 podb-esxi207 dnsmasq[3946214]: read /opt/stack/data/neutron/dhcp/26d1b84e-e6b9-47bd-81c6-5643c3d3e995/addn_hosts - 2 names
Oct 18 13:58:03.188220 podb-esxi207 dnsmasq-dhcp[3946214]: read /opt/stack/data/neutron/dhcp/26d1b84e-e6b9-47bd-81c6-5643c3d3e995/host
Oct 18 13:58:03.188315 podb-esxi207 dnsmasq-dhcp[3946214]: read /opt/stack/data/neutron/dhcp/26d1b84e-e6b9-47bd-81c6-5643c3d3e995/opts
Oct 18 13:59:22.842046 podb-esxi207 dnsmasq[3946214]: read /opt/stack/data/neutron/dhcp/26d1b84e-e6b9-47bd-81c6-5643c3d3e995/addn_hosts - 0 names
Oct 18 13:59:22.842148 podb-esxi207 dnsmasq-dhcp[3946214]: read /opt/stack/data/neutron/dhcp/26d1b84e-e6b9-47bd-81c6-5643c3d3e995/host
Oct 18 13:59:22.842256 podb-esxi207 dnsmasq-dhcp[3946214]: read /opt/stack/data/neutron/dhcp/26d1b84e-e6b9-47bd-81c6-5643c3d3e995/opts
Oct 18 13:59:23.868208 podb-esxi207 dnsmasq[3946214]: exiting on receipt of SIGTERM
Oct 18 13:59:24.490037 podb-esxi207 dnsmasq-dhcp[3946599]: DHCPRELEASE(tapd58fc09d-05) 10.1.0.1 fa:16:3e:c2:cb:78
Oct 18 13:59:25.316255 podb-esxi207 dnsmasq[3946599]: read /opt/stack/data/neutron/dhcp/6a1bc0e4-c6a3-49e8-a172-5d8d5e677db3/addn_hosts - 0 names
Oct 18 13:59:25.316341 podb-esxi207 dnsmasq-dhcp[3946599]: read /opt/stack/data/neutron/dhcp/6a1bc0e4-c6a3-49e8-a172-5d8d5e677db3/host
Oct 18 13:59:25.316440 podb-esxi207 dnsmasq-dhcp[3946599]: read /opt/stack/data/neutron/dhcp/6a1bc0e4-c6a3-49e8-a172-5d8d5e677db3/opts
Oct 18 13:59:26.091228 podb-esxi207 dnsmasq[3946599]: exiting on receipt of SIGTERM
Oct 18 13:59:39.555001 podb-esxi207 dnsmasq-dhcp[3945719]: DHCPREQUEST(tapa9ac74d1-1a) 10.1.0.12 fa:16:3e:39:f7:2e
Oct 18 13:59:39.555034 podb-esxi207 dnsmasq-dhcp[3945719]: DHCPACK(tapa9ac74d1-1a) 10.1.0.12 fa:16:3e:39:f7:2e host-10-1-0-12
Oct 18 13:59:41.421768 podb-esxi207 dnsmasq-dhcp[3944844]: DHCPRELEASE(tape07a12b8-57) 10.1.0.12 fa:16:3e:39:54:b3
Oct 18 13:59:41.438454 podb-esxi207 dnsmasq-dhcp[3944844]: DHCPRELEASE(tape07a12b8-57) 10.1.0.12 fa:16:3e:39:54:b3 unknown lease
Oct 18 13:59:42.263550 podb-esxi207 dnsmasq[3944844]: read /opt/stack/data/neutron/dhcp/dedb519e-249f-44f4-8022-a1c1092e5180/addn_hosts - 2 names
Oct 18 13:59:42.263635 podb-esxi207 dnsmasq-dhcp[3944844]: read /opt/stack/data/neutron/dhcp/dedb519e-249f-44f4-8022-a1c1092e5180/host
Oct 18 13:59:42.263746 podb-esxi207 dnsmasq-dhcp[3944844]: read /opt/stack/data/neutron/dhcp/dedb519e-249f-44f4-8022-a1c1092e5180/opts
Oct 18 14:00:01.494139 podb-esxi207 dnsmasq[3944844]: read /opt/stack/data/neutron/dhcp/dedb519e-249f-44f4-8022-a1c1092e5180/addn_hosts - 0 names
Oct 18 14:00:01.494253 podb-esxi207 dnsmasq-dhcp[3944844]: read /opt/stack/data/neutron/dhcp/dedb519e-249f-44f4-8022-a1c1092e5180/host
Oct 18 14:00:01.494346 podb-esxi207 dnsmasq-dhcp[3944844]: read /opt/stack/data/neutron/dhcp/dedb519e-249f-44f4-8022-a1c1092e5180/opts
Oct 18 14:00:02.479078 podb-esxi207 dnsmasq[3944844]: exiting on receipt of SIGTERM
Oct 18 14:00:06.565502 podb-esxi207 dnsmasq[3948786]: started, version 2.90 cachesize 150
Oct 18 14:00:06.565528 podb-esxi207 dnsmasq[3948786]: DNS service limited to local subnets
Oct 18 14:00:06.565543 podb-esxi207 dnsmasq[3948786]: compile time options: IPv6 GNU-getopt DBus no-UBus i18n IDN2 DHCP DHCPv6 no-Lua TFTP conntrack ipset no-nftset auth cryptohash DNSSEC loop-detect inotify dumpfile
Oct 18 14:00:06.565589 podb-esxi207 dnsmasq-dhcp[3948786]: DHCP, static leases only on 10.1.0.0, lease time 1d
Oct 18 14:00:06.565743 podb-esxi207 dnsmasq[3948786]: reading /etc/resolv.conf
Oct 18 14:00:06.565760 podb-esxi207 dnsmasq[3948786]: using nameserver 127.0.0.53#53
Oct 18 14:00:06.565842 podb-esxi207 dnsmasq[3948786]: read /opt/stack/data/neutron/dhcp/63f3a847-780b-4dec-9ef8-0a6a63800618/addn_hosts - 0 names
Oct 18 14:00:06.565895 podb-esxi207 dnsmasq-dhcp[3948786]: read /opt/stack/data/neutron/dhcp/63f3a847-780b-4dec-9ef8-0a6a63800618/host
Oct 18 14:00:06.565955 podb-esxi207 dnsmasq-dhcp[3948786]: read /opt/stack/data/neutron/dhcp/63f3a847-780b-4dec-9ef8-0a6a63800618/opts
Oct 18 14:00:08.114320 podb-esxi207 dnsmasq[3948786]: read /opt/stack/data/neutron/dhcp/63f3a847-780b-4dec-9ef8-0a6a63800618/addn_hosts - 2 names
Oct 18 14:00:08.114445 podb-esxi207 dnsmasq-dhcp[3948786]: read /opt/stack/data/neutron/dhcp/63f3a847-780b-4dec-9ef8-0a6a63800618/host
Oct 18 14:00:08.114800 podb-esxi207 dnsmasq-dhcp[3948786]: read /opt/stack/data/neutron/dhcp/63f3a847-780b-4dec-9ef8-0a6a63800618/opts
Oct 18 14:00:09.382260 podb-esxi207 dnsmasq[3948786]: read /opt/stack/data/neutron/dhcp/63f3a847-780b-4dec-9ef8-0a6a63800618/addn_hosts - 2 names
Oct 18 14:00:09.382335 podb-esxi207 dnsmasq-dhcp[3948786]: read /opt/stack/data/neutron/dhcp/63f3a847-780b-4dec-9ef8-0a6a63800618/host
Oct 18 14:00:09.382408 podb-esxi207 dnsmasq-dhcp[3948786]: read /opt/stack/data/neutron/dhcp/63f3a847-780b-4dec-9ef8-0a6a63800618/opts
Oct 18 14:00:10.626694 podb-esxi207 dnsmasq[3948786]: read /opt/stack/data/neutron/dhcp/63f3a847-780b-4dec-9ef8-0a6a63800618/addn_hosts - 2 names
Oct 18 14:00:10.626792 podb-esxi207 dnsmasq-dhcp[3948786]: read /opt/stack/data/neutron/dhcp/63f3a847-780b-4dec-9ef8-0a6a63800618/host
Oct 18 14:00:10.626868 podb-esxi207 dnsmasq-dhcp[3948786]: read /opt/stack/data/neutron/dhcp/63f3a847-780b-4dec-9ef8-0a6a63800618/opts
Oct 18 14:00:12.038945 podb-esxi207 dnsmasq[3948786]: read /opt/stack/data/neutron/dhcp/63f3a847-780b-4dec-9ef8-0a6a63800618/addn_hosts - 4 names
Oct 18 14:00:12.039071 podb-esxi207 dnsmasq-dhcp[3948786]: read /opt/stack/data/neutron/dhcp/63f3a847-780b-4dec-9ef8-0a6a63800618/host
Oct 18 14:00:12.039145 podb-esxi207 dnsmasq-dhcp[3948786]: read /opt/stack/data/neutron/dhcp/63f3a847-780b-4dec-9ef8-0a6a63800618/opts
Oct 18 14:00:14.258929 podb-esxi207 dnsmasq[3948786]: read /opt/stack/data/neutron/dhcp/63f3a847-780b-4dec-9ef8-0a6a63800618/addn_hosts - 6 names
Oct 18 14:00:14.259042 podb-esxi207 dnsmasq-dhcp[3948786]: read /opt/stack/data/neutron/dhcp/63f3a847-780b-4dec-9ef8-0a6a63800618/host
Oct 18 14:00:14.259150 podb-esxi207 dnsmasq-dhcp[3948786]: read /opt/stack/data/neutron/dhcp/63f3a847-780b-4dec-9ef8-0a6a63800618/opts
Oct 18 14:00:31.705181 podb-esxi207 dnsmasq[3949702]: started, version 2.90 cachesize 150
Oct 18 14:00:31.705207 podb-esxi207 dnsmasq[3949702]: DNS service limited to local subnets
Oct 18 14:00:31.705221 podb-esxi207 dnsmasq[3949702]: compile time options: IPv6 GNU-getopt DBus no-UBus i18n IDN2 DHCP DHCPv6 no-Lua TFTP conntrack ipset no-nftset auth cryptohash DNSSEC loop-detect inotify dumpfile
Oct 18 14:00:31.705259 podb-esxi207 dnsmasq-dhcp[3949702]: DHCP, static leases only on 10.1.0.0, lease time 1d
Oct 18 14:00:31.705407 podb-esxi207 dnsmasq[3949702]: reading /etc/resolv.conf
Oct 18 14:00:31.705423 podb-esxi207 dnsmasq[3949702]: using nameserver 127.0.0.53#53
Oct 18 14:00:31.705513 podb-esxi207 dnsmasq[3949702]: read /opt/stack/data/neutron/dhcp/9cb13543-8891-44dc-a028-2c552837278c/addn_hosts - 0 names
Oct 18 14:00:31.705562 podb-esxi207 dnsmasq-dhcp[3949702]: read /opt/stack/data/neutron/dhcp/9cb13543-8891-44dc-a028-2c552837278c/host
Oct 18 14:00:31.705617 podb-esxi207 dnsmasq-dhcp[3949702]: read /opt/stack/data/neutron/dhcp/9cb13543-8891-44dc-a028-2c552837278c/opts
Oct 18 14:00:33.246164 podb-esxi207 dnsmasq[3949702]: read /opt/stack/data/neutron/dhcp/9cb13543-8891-44dc-a028-2c552837278c/addn_hosts - 2 names
Oct 18 14:00:33.246256 podb-esxi207 dnsmasq-dhcp[3949702]: read /opt/stack/data/neutron/dhcp/9cb13543-8891-44dc-a028-2c552837278c/host
Oct 18 14:00:33.246332 podb-esxi207 dnsmasq-dhcp[3949702]: read /opt/stack/data/neutron/dhcp/9cb13543-8891-44dc-a028-2c552837278c/opts
Oct 18 14:00:34.492680 podb-esxi207 dnsmasq[3949702]: read /opt/stack/data/neutron/dhcp/9cb13543-8891-44dc-a028-2c552837278c/addn_hosts - 2 names
Oct 18 14:00:34.492755 podb-esxi207 dnsmasq-dhcp[3949702]: read /opt/stack/data/neutron/dhcp/9cb13543-8891-44dc-a028-2c552837278c/host
Oct 18 14:00:34.492846 podb-esxi207 dnsmasq-dhcp[3949702]: read /opt/stack/data/neutron/dhcp/9cb13543-8891-44dc-a028-2c552837278c/opts
Oct 18 14:00:35.745588 podb-esxi207 dnsmasq[3949702]: read /opt/stack/data/neutron/dhcp/9cb13543-8891-44dc-a028-2c552837278c/addn_hosts - 2 names
Oct 18 14:00:35.745663 podb-esxi207 dnsmasq-dhcp[3949702]: read /opt/stack/data/neutron/dhcp/9cb13543-8891-44dc-a028-2c552837278c/host
Oct 18 14:00:35.745733 podb-esxi207 dnsmasq-dhcp[3949702]: read /opt/stack/data/neutron/dhcp/9cb13543-8891-44dc-a028-2c552837278c/opts
Oct 18 14:00:36.142376 podb-esxi207 dnsmasq-dhcp[3948786]: DHCPDISCOVER(tapd45f00c6-aa) fa:16:3e:79:31:c8
Oct 18 14:00:36.142405 podb-esxi207 dnsmasq-dhcp[3948786]: DHCPOFFER(tapd45f00c6-aa) 10.1.0.3 fa:16:3e:79:31:c8
Oct 18 14:00:36.153330 podb-esxi207 dnsmasq-dhcp[3948786]: DHCPREQUEST(tapd45f00c6-aa) 10.1.0.3 fa:16:3e:79:31:c8
Oct 18 14:00:36.153364 podb-esxi207 dnsmasq-dhcp[3948786]: DHCPACK(tapd45f00c6-aa) 10.1.0.3 fa:16:3e:79:31:c8 host-10-1-0-3
Oct 18 14:00:50.927692 podb-esxi207 dnsmasq-dhcp[3945719]: DHCPRELEASE(tapa9ac74d1-1a) 10.1.0.12 fa:16:3e:39:f7:2e
Oct 18 14:00:50.943063 podb-esxi207 dnsmasq-dhcp[3945719]: DHCPRELEASE(tapa9ac74d1-1a) 10.1.0.12 fa:16:3e:39:f7:2e unknown lease
Oct 18 14:00:51.767589 podb-esxi207 dnsmasq[3945719]: read /opt/stack/data/neutron/dhcp/b3521593-222c-41da-9b1b-bf1cad10126d/addn_hosts - 2 names
Oct 18 14:00:51.767692 podb-esxi207 dnsmasq-dhcp[3945719]: read /opt/stack/data/neutron/dhcp/b3521593-222c-41da-9b1b-bf1cad10126d/host
Oct 18 14:00:51.767791 podb-esxi207 dnsmasq-dhcp[3945719]: read /opt/stack/data/neutron/dhcp/b3521593-222c-41da-9b1b-bf1cad10126d/opts
Oct 18 14:00:52.026331 podb-esxi207 dnsmasq-dhcp[3948786]: DHCPDISCOVER(tapd45f00c6-aa) fa:16:3e:47:e4:eb
Oct 18 14:00:52.026360 podb-esxi207 dnsmasq-dhcp[3948786]: DHCPOFFER(tapd45f00c6-aa) 10.1.0.5 fa:16:3e:47:e4:eb
Oct 18 14:00:52.034993 podb-esxi207 dnsmasq-dhcp[3948786]: DHCPREQUEST(tapd45f00c6-aa) 10.1.0.5 fa:16:3e:47:e4:eb
Oct 18 14:00:52.035023 podb-esxi207 dnsmasq-dhcp[3948786]: DHCPACK(tapd45f00c6-aa) 10.1.0.5 fa:16:3e:47:e4:eb host-10-1-0-5
Oct 18 14:01:02.339481 podb-esxi207 dnsmasq[3945719]: read /opt/stack/data/neutron/dhcp/b3521593-222c-41da-9b1b-bf1cad10126d/addn_hosts - 4 names
Oct 18 14:01:02.339565 podb-esxi207 dnsmasq-dhcp[3945719]: read /opt/stack/data/neutron/dhcp/b3521593-222c-41da-9b1b-bf1cad10126d/host
Oct 18 14:01:02.339656 podb-esxi207 dnsmasq-dhcp[3945719]: read /opt/stack/data/neutron/dhcp/b3521593-222c-41da-9b1b-bf1cad10126d/opts
Oct 18 14:01:10.376283 podb-esxi207 dnsmasq-dhcp[3948786]: DHCPDISCOVER(tapd45f00c6-aa) fa:16:3e:79:31:c8
Oct 18 14:01:10.376313 podb-esxi207 dnsmasq-dhcp[3948786]: DHCPOFFER(tapd45f00c6-aa) 10.1.0.3 fa:16:3e:79:31:c8
Oct 18 14:01:10.387200 podb-esxi207 dnsmasq-dhcp[3948786]: DHCPREQUEST(tapd45f00c6-aa) 10.1.0.3 fa:16:3e:79:31:c8
Oct 18 14:01:10.387227 podb-esxi207 dnsmasq-dhcp[3948786]: DHCPACK(tapd45f00c6-aa) 10.1.0.3 fa:16:3e:79:31:c8 host-10-1-0-3
Oct 18 14:01:22.007475 podb-esxi207 dnsmasq[3948786]: read /opt/stack/data/neutron/dhcp/63f3a847-780b-4dec-9ef8-0a6a63800618/addn_hosts - 8 names
Oct 18 14:01:22.007570 podb-esxi207 dnsmasq-dhcp[3948786]: read /opt/stack/data/neutron/dhcp/63f3a847-780b-4dec-9ef8-0a6a63800618/host
Oct 18 14:01:22.007662 podb-esxi207 dnsmasq-dhcp[3948786]: read /opt/stack/data/neutron/dhcp/63f3a847-780b-4dec-9ef8-0a6a63800618/opts
Oct 18 14:01:24.327443 podb-esxi207 dnsmasq[3949702]: read /opt/stack/data/neutron/dhcp/9cb13543-8891-44dc-a028-2c552837278c/addn_hosts - 4 names
Oct 18 14:01:24.327624 podb-esxi207 dnsmasq-dhcp[3949702]: read /opt/stack/data/neutron/dhcp/9cb13543-8891-44dc-a028-2c552837278c/host
Oct 18 14:01:24.327786 podb-esxi207 dnsmasq-dhcp[3949702]: read /opt/stack/data/neutron/dhcp/9cb13543-8891-44dc-a028-2c552837278c/opts
Oct 18 14:01:25.261770 podb-esxi207 dnsmasq-dhcp[3945719]: DHCPDISCOVER(tapa9ac74d1-1a) fa:16:3e:d6:ae:b8
Oct 18 14:01:25.261796 podb-esxi207 dnsmasq-dhcp[3945719]: DHCPOFFER(tapa9ac74d1-1a) 10.1.0.10 fa:16:3e:d6:ae:b8
Oct 18 14:01:25.274080 podb-esxi207 dnsmasq-dhcp[3945719]: DHCPREQUEST(tapa9ac74d1-1a) 10.1.0.10 fa:16:3e:d6:ae:b8
