Oct 18 13:39:58.106785 podb-esxi207 dnsmasq[3918675]: read /opt/stack/data/neutron/dhcp/1374b9c9-e976-43ef-840c-377d97deca32/addn_hosts - 2 names
Oct 18 13:39:58.106864 podb-esxi207 dnsmasq-dhcp[3918675]: read /opt/stack/data/neutron/dhcp/1374b9c9-e976-43ef-840c-377d97deca32/host
Oct 18 13:39:58.106950 podb-esxi207 dnsmasq-dhcp[3918675]: read /opt/stack/data/neutron/dhcp/1374b9c9-e976-43ef-840c-377d97deca32/opts
Oct 18 13:39:58.880348 podb-esxi207 dnsmasq[3918403]: read /opt/stack/data/neutron/dhcp/83f3b062-92bd-4a5f-85cf-86da0abd8455/addn_hosts - 2 names
Oct 18 13:39:58.880425 podb-esxi207 dnsmasq-dhcp[3918403]: read /opt/stack/data/neutron/dhcp/83f3b062-92bd-4a5f-85cf-86da0abd8455/host
Oct 18 13:39:58.880495 podb-esxi207 dnsmasq-dhcp[3918403]: read /opt/stack/data/neutron/dhcp/83f3b062-92bd-4a5f-85cf-86da0abd8455/opts
Oct 18 13:39:59.623479 podb-esxi207 dnsmasq[3918964]: read /opt/stack/data/neutron/dhcp/4c850b7a-1cac-4cb6-bb95-22d2dad84d9d/addn_hosts - 2 names
Oct 18 13:39:59.623566 podb-esxi207 dnsmasq-dhcp[3918964]: read /opt/stack/data/neutron/dhcp/4c850b7a-1cac-4cb6-bb95-22d2dad84d9d/host
Oct 18 13:39:59.623675 podb-esxi207 dnsmasq-dhcp[3918964]: read /opt/stack/data/neutron/dhcp/4c850b7a-1cac-4cb6-bb95-22d2dad84d9d/opts
Oct 18 13:40:00.376039 podb-esxi207 dnsmasq[3919076]: read /opt/stack/data/neutron/dhcp/ab98a37b-7563-441c-9574-ea1bf68fa69d/addn_hosts - 2 names
Oct 18 13:40:00.376144 podb-esxi207 dnsmasq-dhcp[3919076]: read /opt/stack/data/neutron/dhcp/ab98a37b-7563-441c-9574-ea1bf68fa69d/host
Oct 18 13:40:00.376251 podb-esxi207 dnsmasq-dhcp[3919076]: read /opt/stack/data/neutron/dhcp/ab98a37b-7563-441c-9574-ea1bf68fa69d/opts
Oct 18 13:40:01.139227 podb-esxi207 dnsmasq[3916606]: read /opt/stack/data/neutron/dhcp/02b99e58-df3d-42cc-b94f-dccfd1212dec/addn_hosts - 4 names
Oct 18 13:40:01.139371 podb-esxi207 dnsmasq-dhcp[3916606]: read /opt/stack/data/neutron/dhcp/02b99e58-df3d-42cc-b94f-dccfd1212dec/host
Oct 18 13:40:01.139484 podb-esxi207 dnsmasq-dhcp[3916606]: read /opt/stack/data/neutron/dhcp/02b99e58-df3d-42cc-b94f-dccfd1212dec/opts
Oct 18 13:40:01.403130 podb-esxi207 dnsmasq[3917270]: exiting on receipt of SIGTERM
Oct 18 13:40:02.506503 podb-esxi207 dnsmasq[3917554]: read /opt/stack/data/neutron/dhcp/306efadc-f4af-4f27-9318-844dbef56d1f/addn_hosts - 4 names
Oct 18 13:40:02.506629 podb-esxi207 dnsmasq-dhcp[3917554]: read /opt/stack/data/neutron/dhcp/306efadc-f4af-4f27-9318-844dbef56d1f/host
Oct 18 13:40:02.506777 podb-esxi207 dnsmasq-dhcp[3917554]: read /opt/stack/data/neutron/dhcp/306efadc-f4af-4f27-9318-844dbef56d1f/opts
Oct 18 13:40:05.398782 podb-esxi207 dnsmasq[3919730]: started, version 2.90 cachesize 150
Oct 18 13:40:05.398806 podb-esxi207 dnsmasq[3919730]: DNS service limited to local subnets
Oct 18 13:40:05.398822 podb-esxi207 dnsmasq[3919730]: compile time options: IPv6 GNU-getopt DBus no-UBus i18n IDN2 DHCP DHCPv6 no-Lua TFTP conntrack ipset no-nftset auth cryptohash DNSSEC loop-detect inotify dumpfile
Oct 18 13:40:05.398859 podb-esxi207 dnsmasq-dhcp[3919730]: DHCP, static leases only on 10.1.0.0, lease time 1d
Oct 18 13:40:05.399015 podb-esxi207 dnsmasq[3919730]: reading /etc/resolv.conf
Oct 18 13:40:05.399032 podb-esxi207 dnsmasq[3919730]: using nameserver 127.0.0.53#53
Oct 18 13:40:05.399157 podb-esxi207 dnsmasq[3919730]: read /opt/stack/data/neutron/dhcp/6e72ee7e-3b57-4fae-9c27-b0c1ccb30ed8/addn_hosts - 2 names
Oct 18 13:40:05.399215 podb-esxi207 dnsmasq-dhcp[3919730]: read /opt/stack/data/neutron/dhcp/6e72ee7e-3b57-4fae-9c27-b0c1ccb30ed8/host
Oct 18 13:40:05.399284 podb-esxi207 dnsmasq-dhcp[3919730]: read /opt/stack/data/neutron/dhcp/6e72ee7e-3b57-4fae-9c27-b0c1ccb30ed8/opts
Oct 18 13:40:05.936262 podb-esxi207 dnsmasq[3918510]: exiting on receipt of SIGTERM
Oct 18 13:40:06.553517 podb-esxi207 dnsmasq-dhcp[3916254]: DHCPRELEASE(tapc6ccb1ef-fa) 10.1.0.9 fa:16:3e:f9:4c:4e
Oct 18 13:40:06.571250 podb-esxi207 dnsmasq-dhcp[3916254]: DHCPRELEASE(tapc6ccb1ef-fa) 10.1.0.9 fa:16:3e:f9:4c:4e unknown lease
Oct 18 13:40:07.394598 podb-esxi207 dnsmasq[3916254]: read /opt/stack/data/neutron/dhcp/ba19ac24-dc66-42db-8356-922c9638d7fc/addn_hosts - 2 names
Oct 18 13:40:07.394693 podb-esxi207 dnsmasq-dhcp[3916254]: read /opt/stack/data/neutron/dhcp/ba19ac24-dc66-42db-8356-922c9638d7fc/host
Oct 18 13:40:07.394816 podb-esxi207 dnsmasq-dhcp[3916254]: read /opt/stack/data/neutron/dhcp/ba19ac24-dc66-42db-8356-922c9638d7fc/opts
Oct 18 13:40:08.152499 podb-esxi207 dnsmasq[3918675]: read /opt/stack/data/neutron/dhcp/1374b9c9-e976-43ef-840c-377d97deca32/addn_hosts - 2 names
Oct 18 13:40:08.152635 podb-esxi207 dnsmasq-dhcp[3918675]: read /opt/stack/data/neutron/dhcp/1374b9c9-e976-43ef-840c-377d97deca32/host
Oct 18 13:40:08.152740 podb-esxi207 dnsmasq-dhcp[3918675]: read /opt/stack/data/neutron/dhcp/1374b9c9-e976-43ef-840c-377d97deca32/opts
Oct 18 13:40:08.408086 podb-esxi207 dnsmasq[3918964]: exiting on receipt of SIGTERM
Oct 18 13:40:09.520166 podb-esxi207 dnsmasq[3919076]: read /opt/stack/data/neutron/dhcp/ab98a37b-7563-441c-9574-ea1bf68fa69d/addn_hosts - 2 names
Oct 18 13:40:09.520301 podb-esxi207 dnsmasq-dhcp[3919076]: read /opt/stack/data/neutron/dhcp/ab98a37b-7563-441c-9574-ea1bf68fa69d/host
Oct 18 13:40:09.520417 podb-esxi207 dnsmasq-dhcp[3919076]: read /opt/stack/data/neutron/dhcp/ab98a37b-7563-441c-9574-ea1bf68fa69d/opts
Oct 18 13:40:10.776946 podb-esxi207 dnsmasq[3919730]: read /opt/stack/data/neutron/dhcp/6e72ee7e-3b57-4fae-9c27-b0c1ccb30ed8/addn_hosts - 4 names
Oct 18 13:40:10.777054 podb-esxi207 dnsmasq-dhcp[3919730]: read /opt/stack/data/neutron/dhcp/6e72ee7e-3b57-4fae-9c27-b0c1ccb30ed8/host
Oct 18 13:40:10.777179 podb-esxi207 dnsmasq-dhcp[3919730]: read /opt/stack/data/neutron/dhcp/6e72ee7e-3b57-4fae-9c27-b0c1ccb30ed8/opts
Oct 18 13:40:12.040395 podb-esxi207 dnsmasq[3916254]: read /opt/stack/data/neutron/dhcp/ba19ac24-dc66-42db-8356-922c9638d7fc/addn_hosts - 0 names
Oct 18 13:40:12.040472 podb-esxi207 dnsmasq-dhcp[3916254]: read /opt/stack/data/neutron/dhcp/ba19ac24-dc66-42db-8356-922c9638d7fc/host
Oct 18 13:40:12.040569 podb-esxi207 dnsmasq-dhcp[3916254]: read /opt/stack/data/neutron/dhcp/ba19ac24-dc66-42db-8356-922c9638d7fc/opts
Oct 18 13:40:12.805465 podb-esxi207 dnsmasq[3919730]: read /opt/stack/data/neutron/dhcp/6e72ee7e-3b57-4fae-9c27-b0c1ccb30ed8/addn_hosts - 4 names
Oct 18 13:40:12.805594 podb-esxi207 dnsmasq-dhcp[3919730]: read /opt/stack/data/neutron/dhcp/6e72ee7e-3b57-4fae-9c27-b0c1ccb30ed8/host
Oct 18 13:40:12.805723 podb-esxi207 dnsmasq-dhcp[3919730]: read /opt/stack/data/neutron/dhcp/6e72ee7e-3b57-4fae-9c27-b0c1ccb30ed8/opts
Oct 18 13:40:13.563310 podb-esxi207 dnsmasq[3916254]: exiting on receipt of SIGTERM
Oct 18 13:40:14.675574 podb-esxi207 dnsmasq[3919730]: read /opt/stack/data/neutron/dhcp/6e72ee7e-3b57-4fae-9c27-b0c1ccb30ed8/addn_hosts - 4 names
Oct 18 13:40:14.675667 podb-esxi207 dnsmasq-dhcp[3919730]: read /opt/stack/data/neutron/dhcp/6e72ee7e-3b57-4fae-9c27-b0c1ccb30ed8/host
Oct 18 13:40:14.675740 podb-esxi207 dnsmasq-dhcp[3919730]: read /opt/stack/data/neutron/dhcp/6e72ee7e-3b57-4fae-9c27-b0c1ccb30ed8/opts
Oct 18 13:40:17.431908 podb-esxi207 dnsmasq[3920485]: started, version 2.90 cachesize 150
Oct 18 13:40:17.431934 podb-esxi207 dnsmasq[3920485]: DNS service limited to local subnets
Oct 18 13:40:17.431949 podb-esxi207 dnsmasq[3920485]: compile time options: IPv6 GNU-getopt DBus no-UBus i18n IDN2 DHCP DHCPv6 no-Lua TFTP conntrack ipset no-nftset auth cryptohash DNSSEC loop-detect inotify dumpfile
Oct 18 13:40:17.431991 podb-esxi207 dnsmasq-dhcp[3920485]: DHCP, static leases only on 10.1.0.0, lease time 1d
Oct 18 13:40:17.432136 podb-esxi207 dnsmasq[3920485]: reading /etc/resolv.conf
Oct 18 13:40:17.432152 podb-esxi207 dnsmasq[3920485]: using nameserver 127.0.0.53#53
Oct 18 13:40:17.432253 podb-esxi207 dnsmasq[3920485]: read /opt/stack/data/neutron/dhcp/3b4b0afd-6793-4417-8374-d90ffc527539/addn_hosts - 2 names
Oct 18 13:40:17.432315 podb-esxi207 dnsmasq-dhcp[3920485]: read /opt/stack/data/neutron/dhcp/3b4b0afd-6793-4417-8374-d90ffc527539/host
Oct 18 13:40:17.432388 podb-esxi207 dnsmasq-dhcp[3920485]: read /opt/stack/data/neutron/dhcp/3b4b0afd-6793-4417-8374-d90ffc527539/opts
Oct 18 13:40:18.464796 podb-esxi207 dnsmasq[3919730]: read /opt/stack/data/neutron/dhcp/6e72ee7e-3b57-4fae-9c27-b0c1ccb30ed8/addn_hosts - 4 names
Oct 18 13:40:18.464911 podb-esxi207 dnsmasq-dhcp[3919730]: read /opt/stack/data/neutron/dhcp/6e72ee7e-3b57-4fae-9c27-b0c1ccb30ed8/host
Oct 18 13:40:18.465016 podb-esxi207 dnsmasq-dhcp[3919730]: read /opt/stack/data/neutron/dhcp/6e72ee7e-3b57-4fae-9c27-b0c1ccb30ed8/opts
Oct 18 13:40:21.200510 podb-esxi207 dnsmasq[3920791]: started, version 2.90 cachesize 150
Oct 18 13:40:21.200532 podb-esxi207 dnsmasq[3920791]: DNS service limited to local subnets
Oct 18 13:40:21.200546 podb-esxi207 dnsmasq[3920791]: compile time options: IPv6 GNU-getopt DBus no-UBus i18n IDN2 DHCP DHCPv6 no-Lua TFTP conntrack ipset no-nftset auth cryptohash DNSSEC loop-detect inotify dumpfile
Oct 18 13:40:21.200579 podb-esxi207 dnsmasq-dhcp[3920791]: DHCP, static leases only on 10.1.0.0, lease time 1d
Oct 18 13:40:21.200722 podb-esxi207 dnsmasq[3920791]: reading /etc/resolv.conf
Oct 18 13:40:21.200737 podb-esxi207 dnsmasq[3920791]: using nameserver 127.0.0.53#53
Oct 18 13:40:21.200839 podb-esxi207 dnsmasq[3920791]: read /opt/stack/data/neutron/dhcp/271e3ffc-ba40-485d-b9e5-7e515a5efb00/addn_hosts - 2 names
Oct 18 13:40:21.200900 podb-esxi207 dnsmasq-dhcp[3920791]: read /opt/stack/data/neutron/dhcp/271e3ffc-ba40-485d-b9e5-7e515a5efb00/host
Oct 18 13:40:21.200971 podb-esxi207 dnsmasq-dhcp[3920791]: read /opt/stack/data/neutron/dhcp/271e3ffc-ba40-485d-b9e5-7e515a5efb00/opts
Oct 18 13:40:22.235365 podb-esxi207 dnsmasq[3920485]: read /opt/stack/data/neutron/dhcp/3b4b0afd-6793-4417-8374-d90ffc527539/addn_hosts - 2 names
Oct 18 13:40:22.235460 podb-esxi207 dnsmasq-dhcp[3920485]: read /opt/stack/data/neutron/dhcp/3b4b0afd-6793-4417-8374-d90ffc527539/host
Oct 18 13:40:22.235564 podb-esxi207 dnsmasq-dhcp[3920485]: read /opt/stack/data/neutron/dhcp/3b4b0afd-6793-4417-8374-d90ffc527539/opts
Oct 18 13:40:23.986620 podb-esxi207 dnsmasq[3920791]: read /opt/stack/data/neutron/dhcp/271e3ffc-ba40-485d-b9e5-7e515a5efb00/addn_hosts - 2 names
Oct 18 13:40:23.986706 podb-esxi207 dnsmasq-dhcp[3920791]: read /opt/stack/data/neutron/dhcp/271e3ffc-ba40-485d-b9e5-7e515a5efb00/host
Oct 18 13:40:23.986807 podb-esxi207 dnsmasq-dhcp[3920791]: read /opt/stack/data/neutron/dhcp/271e3ffc-ba40-485d-b9e5-7e515a5efb00/opts
Oct 18 13:40:24.714675 podb-esxi207 dnsmasq[3920485]: read /opt/stack/data/neutron/dhcp/3b4b0afd-6793-4417-8374-d90ffc527539/addn_hosts - 2 names
Oct 18 13:40:24.714768 podb-esxi207 dnsmasq-dhcp[3920485]: read /opt/stack/data/neutron/dhcp/3b4b0afd-6793-4417-8374-d90ffc527539/host
Oct 18 13:40:24.714859 podb-esxi207 dnsmasq-dhcp[3920485]: read /opt/stack/data/neutron/dhcp/3b4b0afd-6793-4417-8374-d90ffc527539/opts
Oct 18 13:40:25.961179 podb-esxi207 dnsmasq[3920791]: read /opt/stack/data/neutron/dhcp/271e3ffc-ba40-485d-b9e5-7e515a5efb00/addn_hosts - 2 names
Oct 18 13:40:25.961265 podb-esxi207 dnsmasq-dhcp[3920791]: read /opt/stack/data/neutron/dhcp/271e3ffc-ba40-485d-b9e5-7e515a5efb00/host
Oct 18 13:40:25.961371 podb-esxi207 dnsmasq-dhcp[3920791]: read /opt/stack/data/neutron/dhcp/271e3ffc-ba40-485d-b9e5-7e515a5efb00/opts
Oct 18 13:40:26.702249 podb-esxi207 dnsmasq[3920485]: read /opt/stack/data/neutron/dhcp/3b4b0afd-6793-4417-8374-d90ffc527539/addn_hosts - 2 names
Oct 18 13:40:26.702326 podb-esxi207 dnsmasq-dhcp[3920485]: read /opt/stack/data/neutron/dhcp/3b4b0afd-6793-4417-8374-d90ffc527539/host
Oct 18 13:40:26.702393 podb-esxi207 dnsmasq-dhcp[3920485]: read /opt/stack/data/neutron/dhcp/3b4b0afd-6793-4417-8374-d90ffc527539/opts
Oct 18 13:40:27.931261 podb-esxi207 dnsmasq-dhcp[3919730]: DHCPDISCOVER(tapefef57af-1b) fa:16:3e:64:c6:ef
Oct 18 13:40:27.931286 podb-esxi207 dnsmasq-dhcp[3919730]: DHCPOFFER(tapefef57af-1b) 10.1.0.11 fa:16:3e:64:c6:ef
Oct 18 13:40:27.943885 podb-esxi207 dnsmasq-dhcp[3919730]: DHCPREQUEST(tapefef57af-1b) 10.1.0.11 fa:16:3e:64:c6:ef
Oct 18 13:40:27.943919 podb-esxi207 dnsmasq-dhcp[3919730]: DHCPACK(tapefef57af-1b) 10.1.0.11 fa:16:3e:64:c6:ef host-10-1-0-11
Oct 18 13:40:27.945497 podb-esxi207 dnsmasq[3920791]: read /opt/stack/data/neutron/dhcp/271e3ffc-ba40-485d-b9e5-7e515a5efb00/addn_hosts - 2 names
Oct 18 13:40:27.945602 podb-esxi207 dnsmasq-dhcp[3920791]: read /opt/stack/data/neutron/dhcp/271e3ffc-ba40-485d-b9e5-7e515a5efb00/host
Oct 18 13:40:27.945709 podb-esxi207 dnsmasq-dhcp[3920791]: read /opt/stack/data/neutron/dhcp/271e3ffc-ba40-485d-b9e5-7e515a5efb00/opts
Oct 18 13:41:00.915254 podb-esxi207 dnsmasq-dhcp[3916606]: DHCPRELEASE(tap71131a00-4a) 10.1.0.11 fa:16:3e:a4:6e:bb
Oct 18 13:41:00.931500 podb-esxi207 dnsmasq-dhcp[3916606]: DHCPRELEASE(tap71131a00-4a) 10.1.0.11 fa:16:3e:a4:6e:bb unknown lease
Oct 18 13:41:01.755272 podb-esxi207 dnsmasq[3916606]: read /opt/stack/data/neutron/dhcp/02b99e58-df3d-42cc-b94f-dccfd1212dec/addn_hosts - 2 names
Oct 18 13:41:01.755398 podb-esxi207 dnsmasq-dhcp[3916606]: read /opt/stack/data/neutron/dhcp/02b99e58-df3d-42cc-b94f-dccfd1212dec/host
Oct 18 13:41:01.755514 podb-esxi207 dnsmasq-dhcp[3916606]: read /opt/stack/data/neutron/dhcp/02b99e58-df3d-42cc-b94f-dccfd1212dec/opts
Oct 18 13:41:13.374510 podb-esxi207 dnsmasq-dhcp[3916606]: DHCPRELEASE(tap71131a00-4a) 10.1.0.1 fa:16:3e:d0:7f:40
Oct 18 13:41:14.196481 podb-esxi207 dnsmasq[3916606]: read /opt/stack/data/neutron/dhcp/02b99e58-df3d-42cc-b94f-dccfd1212dec/addn_hosts - 0 names
Oct 18 13:41:14.196559 podb-esxi207 dnsmasq-dhcp[3916606]: read /opt/stack/data/neutron/dhcp/02b99e58-df3d-42cc-b94f-dccfd1212dec/host
Oct 18 13:41:14.196615 podb-esxi207 dnsmasq-dhcp[3916606]: read /opt/stack/data/neutron/dhcp/02b99e58-df3d-42cc-b94f-dccfd1212dec/opts
Oct 18 13:41:14.966284 podb-esxi207 dnsmasq[3916606]: exiting on receipt of SIGTERM
Oct 18 13:41:18.300889 podb-esxi207 dnsmasq[3921795]: started, version 2.90 cachesize 150
Oct 18 13:41:18.300909 podb-esxi207 dnsmasq[3921795]: DNS service limited to local subnets
Oct 18 13:41:18.300924 podb-esxi207 dnsmasq[3921795]: compile time options: IPv6 GNU-getopt DBus no-UBus i18n IDN2 DHCP DHCPv6 no-Lua TFTP conntrack ipset no-nftset auth cryptohash DNSSEC loop-detect inotify dumpfile
Oct 18 13:41:18.300969 podb-esxi207 dnsmasq-dhcp[3921795]: DHCP, static leases only on 10.1.1.0, lease time 1d
Oct 18 13:41:18.301125 podb-esxi207 dnsmasq[3921795]: reading /etc/resolv.conf
Oct 18 13:41:18.301141 podb-esxi207 dnsmasq[3921795]: using nameserver 127.0.0.53#53
Oct 18 13:41:18.301230 podb-esxi207 dnsmasq[3921795]: read /opt/stack/data/neutron/dhcp/b5dc39c5-981c-4b63-bfbd-6f8585399cda/addn_hosts - 0 names
Oct 18 13:41:18.301283 podb-esxi207 dnsmasq-dhcp[3921795]: read /opt/stack/data/neutron/dhcp/b5dc39c5-981c-4b63-bfbd-6f8585399cda/host
Oct 18 13:41:18.301352 podb-esxi207 dnsmasq-dhcp[3921795]: read /opt/stack/data/neutron/dhcp/b5dc39c5-981c-4b63-bfbd-6f8585399cda/opts
Oct 18 13:41:18.329852 podb-esxi207 dnsmasq-dhcp[3918675]: DHCPRELEASE(tap4573a222-59) 10.1.0.1 fa:16:3e:cb:34:7f
Oct 18 13:41:19.153634 podb-esxi207 dnsmasq[3918675]: read /opt/stack/data/neutron/dhcp/1374b9c9-e976-43ef-840c-377d97deca32/addn_hosts - 0 names
Oct 18 13:41:19.153727 podb-esxi207 dnsmasq-dhcp[3918675]: read /opt/stack/data/neutron/dhcp/1374b9c9-e976-43ef-840c-377d97deca32/host
Oct 18 13:41:19.153822 podb-esxi207 dnsmasq-dhcp[3918675]: read /opt/stack/data/neutron/dhcp/1374b9c9-e976-43ef-840c-377d97deca32/opts
Oct 18 13:41:22.497363 podb-esxi207 dnsmasq[3921941]: started, version 2.90 cachesize 150
Oct 18 13:41:22.497383 podb-esxi207 dnsmasq[3921941]: DNS service limited to local subnets
Oct 18 13:41:22.497397 podb-esxi207 dnsmasq[3921941]: compile time options: IPv6 GNU-getopt DBus no-UBus i18n IDN2 DHCP DHCPv6 no-Lua TFTP conntrack ipset no-nftset auth cryptohash DNSSEC loop-detect inotify dumpfile
Oct 18 13:41:22.497440 podb-esxi207 dnsmasq-dhcp[3921941]: DHCP, static leases only on 10.2.2.0, lease time 1d
Oct 18 13:41:22.497595 podb-esxi207 dnsmasq[3921941]: reading /etc/resolv.conf
Oct 18 13:41:22.497612 podb-esxi207 dnsmasq[3921941]: using nameserver 127.0.0.53#53
Oct 18 13:41:22.497699 podb-esxi207 dnsmasq[3921941]: read /opt/stack/data/neutron/dhcp/580995fa-851c-4ecb-9a0b-f7e2285aec61/addn_hosts - 0 names
Oct 18 13:41:22.497750 podb-esxi207 dnsmasq-dhcp[3921941]: read /opt/stack/data/neutron/dhcp/580995fa-851c-4ecb-9a0b-f7e2285aec61/host
Oct 18 13:41:22.497815 podb-esxi207 dnsmasq-dhcp[3921941]: read /opt/stack/data/neutron/dhcp/580995fa-851c-4ecb-9a0b-f7e2285aec61/opts
Oct 18 13:41:23.537834 podb-esxi207 dnsmasq[3921795]: read /opt/stack/data/neutron/dhcp/b5dc39c5-981c-4b63-bfbd-6f8585399cda/addn_hosts - 4 names
Oct 18 13:41:23.537948 podb-esxi207 dnsmasq-dhcp[3921795]: read /opt/stack/data/neutron/dhcp/b5dc39c5-981c-4b63-bfbd-6f8585399cda/host
Oct 18 13:41:23.538036 podb-esxi207 dnsmasq-dhcp[3921795]: read /opt/stack/data/neutron/dhcp/b5dc39c5-981c-4b63-bfbd-6f8585399cda/opts
Oct 18 13:41:23.795109 podb-esxi207 dnsmasq[3918675]: exiting on receipt of SIGTERM
Oct 18 13:41:27.106552 podb-esxi207 dnsmasq[3922228]: started, version 2.90 cachesize 150
Oct 18 13:41:27.106577 podb-esxi207 dnsmasq[3922228]: DNS service limited to local subnets
Oct 18 13:41:27.106593 podb-esxi207 dnsmasq[3922228]: compile time options: IPv6 GNU-getopt DBus no-UBus i18n IDN2 DHCP DHCPv6 no-Lua TFTP conntrack ipset no-nftset auth cryptohash DNSSEC loop-detect inotify dumpfile
Oct 18 13:41:27.106637 podb-esxi207 dnsmasq-dhcp[3922228]: DHCP, static leases only on 10.1.0.0, lease time 1d
Oct 18 13:41:27.106829 podb-esxi207 dnsmasq[3922228]: reading /etc/resolv.conf
Oct 18 13:41:27.106846 podb-esxi207 dnsmasq[3922228]: using nameserver 127.0.0.53#53
Oct 18 13:41:27.106974 podb-esxi207 dnsmasq[3922228]: read /opt/stack/data/neutron/dhcp/f6c33485-8279-46f4-a659-3c3a4c66d4a7/addn_hosts - 2 names
Oct 18 13:41:27.107033 podb-esxi207 dnsmasq-dhcp[3922228]: read /opt/stack/data/neutron/dhcp/f6c33485-8279-46f4-a659-3c3a4c66d4a7/host
Oct 18 13:41:27.107102 podb-esxi207 dnsmasq-dhcp[3922228]: read /opt/stack/data/neutron/dhcp/f6c33485-8279-46f4-a659-3c3a4c66d4a7/opts
Oct 18 13:41:29.150850 podb-esxi207 dnsmasq[3921941]: read /opt/stack/data/neutron/dhcp/580995fa-851c-4ecb-9a0b-f7e2285aec61/addn_hosts - 2 names
Oct 18 13:41:29.150937 podb-esxi207 dnsmasq-dhcp[3921941]: read /opt/stack/data/neutron/dhcp/580995fa-851c-4ecb-9a0b-f7e2285aec61/host
Oct 18 13:41:29.151001 podb-esxi207 dnsmasq-dhcp[3921941]: read /opt/stack/data/neutron/dhcp/580995fa-851c-4ecb-9a0b-f7e2285aec61/opts
Oct 18 13:41:32.061293 podb-esxi207 dnsmasq[3922567]: started, version 2.90 cachesize 150
Oct 18 13:41:32.061324 podb-esxi207 dnsmasq[3922567]: DNS service limited to local subnets
Oct 18 13:41:32.061339 podb-esxi207 dnsmasq[3922567]: compile time options: IPv6 GNU-getopt DBus no-UBus i18n IDN2 DHCP DHCPv6 no-Lua TFTP conntrack ipset no-nftset auth cryptohash DNSSEC loop-detect inotify dumpfile
Oct 18 13:41:32.061377 podb-esxi207 dnsmasq-dhcp[3922567]: DHCP, static leases only on 10.1.0.0, lease time 1d
Oct 18 13:41:32.061537 podb-esxi207 dnsmasq[3922567]: reading /etc/resolv.conf
Oct 18 13:41:32.061553 podb-esxi207 dnsmasq[3922567]: using nameserver 127.0.0.53#53
Oct 18 13:41:32.061667 podb-esxi207 dnsmasq[3922567]: read /opt/stack/data/neutron/dhcp/039293cf-66e1-4c98-abdf-5cae434932da/addn_hosts - 2 names
Oct 18 13:41:32.061723 podb-esxi207 dnsmasq-dhcp[3922567]: read /opt/stack/data/neutron/dhcp/039293cf-66e1-4c98-abdf-5cae434932da/host
Oct 18 13:41:32.061789 podb-esxi207 dnsmasq-dhcp[3922567]: read /opt/stack/data/neutron/dhcp/039293cf-66e1-4c98-abdf-5cae434932da/opts
Oct 18 13:41:32.596304 podb-esxi207 dnsmasq[3921795]: read /opt/stack/data/neutron/dhcp/b5dc39c5-981c-4b63-bfbd-6f8585399cda/addn_hosts - 4 names
Oct 18 13:41:32.596399 podb-esxi207 dnsmasq-dhcp[3921795]: read /opt/stack/data/neutron/dhcp/b5dc39c5-981c-4b63-bfbd-6f8585399cda/host
Oct 18 13:41:32.596452 podb-esxi207 dnsmasq-dhcp[3921795]: read /opt/stack/data/neutron/dhcp/b5dc39c5-981c-4b63-bfbd-6f8585399cda/opts
Oct 18 13:41:35.467856 podb-esxi207 dnsmasq[3922691]: started, version 2.90 cachesize 150
Oct 18 13:41:35.467886 podb-esxi207 dnsmasq[3922691]: DNS service limited to local subnets
Oct 18 13:41:35.467901 podb-esxi207 dnsmasq[3922691]: compile time options: IPv6 GNU-getopt DBus no-UBus i18n IDN2 DHCP DHCPv6 no-Lua TFTP conntrack ipset no-nftset auth cryptohash DNSSEC loop-detect inotify dumpfile
Oct 18 13:41:35.467937 podb-esxi207 dnsmasq-dhcp[3922691]: DHCP, static leases only on 10.1.0.0, lease time 1d
Oct 18 13:41:35.468090 podb-esxi207 dnsmasq[3922691]: reading /etc/resolv.conf
Oct 18 13:41:35.468107 podb-esxi207 dnsmasq[3922691]: using nameserver 127.0.0.53#53
Oct 18 13:41:35.468223 podb-esxi207 dnsmasq[3922691]: read /opt/stack/data/neutron/dhcp/02325479-fe06-457e-915a-8eb94d4fd3a8/addn_hosts - 2 names
Oct 18 13:41:35.468280 podb-esxi207 dnsmasq-dhcp[3922691]: read /opt/stack/data/neutron/dhcp/02325479-fe06-457e-915a-8eb94d4fd3a8/host
Oct 18 13:41:35.468348 podb-esxi207 dnsmasq-dhcp[3922691]: read /opt/stack/data/neutron/dhcp/02325479-fe06-457e-915a-8eb94d4fd3a8/opts
Oct 18 13:41:36.001845 podb-esxi207 dnsmasq[3920485]: read /opt/stack/data/neutron/dhcp/3b4b0afd-6793-4417-8374-d90ffc527539/addn_hosts - 4 names
Oct 18 13:41:36.001997 podb-esxi207 dnsmasq-dhcp[3920485]: read /opt/stack/data/neutron/dhcp/3b4b0afd-6793-4417-8374-d90ffc527539/host
Oct 18 13:41:36.002107 podb-esxi207 dnsmasq-dhcp[3920485]: read /opt/stack/data/neutron/dhcp/3b4b0afd-6793-4417-8374-d90ffc527539/opts
Oct 18 13:41:37.264020 podb-esxi207 dnsmasq[3922228]: read /opt/stack/data/neutron/dhcp/f6c33485-8279-46f4-a659-3c3a4c66d4a7/addn_hosts - 2 names
Oct 18 13:41:37.264111 podb-esxi207 dnsmasq-dhcp[3922228]: read /opt/stack/data/neutron/dhcp/f6c33485-8279-46f4-a659-3c3a4c66d4a7/host
Oct 18 13:41:37.264215 podb-esxi207 dnsmasq-dhcp[3922228]: read /opt/stack/data/neutron/dhcp/f6c33485-8279-46f4-a659-3c3a4c66d4a7/opts
Oct 18 13:41:38.528284 podb-esxi207 dnsmasq[3921941]: read /opt/stack/data/neutron/dhcp/580995fa-851c-4ecb-9a0b-f7e2285aec61/addn_hosts - 2 names
Oct 18 13:41:38.528377 podb-esxi207 dnsmasq-dhcp[3921941]: read /opt/stack/data/neutron/dhcp/580995fa-851c-4ecb-9a0b-f7e2285aec61/host
Oct 18 13:41:38.528427 podb-esxi207 dnsmasq-dhcp[3921941]: read /opt/stack/data/neutron/dhcp/580995fa-851c-4ecb-9a0b-f7e2285aec61/opts
Oct 18 13:41:39.297085 podb-esxi207 dnsmasq[3919730]: read /opt/stack/data/neutron/dhcp/6e72ee7e-3b57-4fae-9c27-b0c1ccb30ed8/addn_hosts - 6 names
Oct 18 13:41:39.297238 podb-esxi207 dnsmasq-dhcp[3919730]: read /opt/stack/data/neutron/dhcp/6e72ee7e-3b57-4fae-9c27-b0c1ccb30ed8/host
Oct 18 13:41:39.297348 podb-esxi207 dnsmasq-dhcp[3919730]: read /opt/stack/data/neutron/dhcp/6e72ee7e-3b57-4fae-9c27-b0c1ccb30ed8/opts
Oct 18 13:41:40.564917 podb-esxi207 dnsmasq[3922567]: read /opt/stack/data/neutron/dhcp/039293cf-66e1-4c98-abdf-5cae434932da/addn_hosts - 2 names
Oct 18 13:41:40.565044 podb-esxi207 dnsmasq-dhcp[3922567]: read /opt/stack/data/neutron/dhcp/039293cf-66e1-4c98-abdf-5cae434932da/host
Oct 18 13:41:40.565153 podb-esxi207 dnsmasq-dhcp[3922567]: read /opt/stack/data/neutron/dhcp/039293cf-66e1-4c98-abdf-5cae434932da/opts
Oct 18 13:41:41.322287 podb-esxi207 dnsmasq[3921795]: read /opt/stack/data/neutron/dhcp/b5dc39c5-981c-4b63-bfbd-6f8585399cda/addn_hosts - 4 names
Oct 18 13:41:41.322402 podb-esxi207 dnsmasq-dhcp[3921795]: read /opt/stack/data/neutron/dhcp/b5dc39c5-981c-4b63-bfbd-6f8585399cda/host
Oct 18 13:41:41.322494 podb-esxi207 dnsmasq-dhcp[3921795]: read /opt/stack/data/neutron/dhcp/b5dc39c5-981c-4b63-bfbd-6f8585399cda/opts
Oct 18 13:41:42.581672 podb-esxi207 dnsmasq[3922691]: read /opt/stack/data/neutron/dhcp/02325479-fe06-457e-915a-8eb94d4fd3a8/addn_hosts - 2 names
Oct 18 13:41:42.581813 podb-esxi207 dnsmasq-dhcp[3922691]: read /opt/stack/data/neutron/dhcp/02325479-fe06-457e-915a-8eb94d4fd3a8/host
Oct 18 13:41:42.581943 podb-esxi207 dnsmasq-dhcp[3922691]: read /opt/stack/data/neutron/dhcp/02325479-fe06-457e-915a-8eb94d4fd3a8/opts
Oct 18 13:41:43.335960 podb-esxi207 dnsmasq[3922228]: read /opt/stack/data/neutron/dhcp/f6c33485-8279-46f4-a659-3c3a4c66d4a7/addn_hosts - 2 names
Oct 18 13:41:43.336095 podb-esxi207 dnsmasq-dhcp[3922228]: read /opt/stack/data/neutron/dhcp/f6c33485-8279-46f4-a659-3c3a4c66d4a7/host
Oct 18 13:41:43.336206 podb-esxi207 dnsmasq-dhcp[3922228]: read /opt/stack/data/neutron/dhcp/f6c33485-8279-46f4-a659-3c3a4c66d4a7/opts
Oct 18 13:41:44.610581 podb-esxi207 dnsmasq[3921941]: read /opt/stack/data/neutron/dhcp/580995fa-851c-4ecb-9a0b-f7e2285aec61/addn_hosts - 4 names
Oct 18 13:41:44.610696 podb-esxi207 dnsmasq-dhcp[3921941]: read /opt/stack/data/neutron/dhcp/580995fa-851c-4ecb-9a0b-f7e2285aec61/host
Oct 18 13:41:44.610806 podb-esxi207 dnsmasq-dhcp[3921941]: read /opt/stack/data/neutron/dhcp/580995fa-851c-4ecb-9a0b-f7e2285aec61/opts
Oct 18 13:41:45.369823 podb-esxi207 dnsmasq[3922567]: read /opt/stack/data/neutron/dhcp/039293cf-66e1-4c98-abdf-5cae434932da/addn_hosts - 2 names
Oct 18 13:41:45.369938 podb-esxi207 dnsmasq-dhcp[3922567]: read /opt/stack/data/neutron/dhcp/039293cf-66e1-4c98-abdf-5cae434932da/host
Oct 18 13:41:45.370056 podb-esxi207 dnsmasq-dhcp[3922567]: read /opt/stack/data/neutron/dhcp/039293cf-66e1-4c98-abdf-5cae434932da/opts
Oct 18 13:41:46.084289 podb-esxi207 dnsmasq[3921795]: read /opt/stack/data/neutron/dhcp/b5dc39c5-981c-4b63-bfbd-6f8585399cda/addn_hosts - 6 names
Oct 18 13:41:46.084437 podb-esxi207 dnsmasq-dhcp[3921795]: read /opt/stack/data/neutron/dhcp/b5dc39c5-981c-4b63-bfbd-6f8585399cda/host
Oct 18 13:41:46.084538 podb-esxi207 dnsmasq-dhcp[3921795]: read /opt/stack/data/neutron/dhcp/b5dc39c5-981c-4b63-bfbd-6f8585399cda/opts
Oct 18 13:41:46.858710 podb-esxi207 dnsmasq[3922691]: read /opt/stack/data/neutron/dhcp/02325479-fe06-457e-915a-8eb94d4fd3a8/addn_hosts - 2 names
Oct 18 13:41:46.858857 podb-esxi207 dnsmasq-dhcp[3922691]: read /opt/stack/data/neutron/dhcp/02325479-fe06-457e-915a-8eb94d4fd3a8/host
Oct 18 13:41:46.858973 podb-esxi207 dnsmasq-dhcp[3922691]: read /opt/stack/data/neutron/dhcp/02325479-fe06-457e-915a-8eb94d4fd3a8/opts
Oct 18 13:41:47.611992 podb-esxi207 dnsmasq[3922228]: read /opt/stack/data/neutron/dhcp/f6c33485-8279-46f4-a659-3c3a4c66d4a7/addn_hosts - 2 names
Oct 18 13:41:47.612065 podb-esxi207 dnsmasq-dhcp[3922228]: read /opt/stack/data/neutron/dhcp/f6c33485-8279-46f4-a659-3c3a4c66d4a7/host
Oct 18 13:41:47.612135 podb-esxi207 dnsmasq-dhcp[3922228]: read /opt/stack/data/neutron/dhcp/f6c33485-8279-46f4-a659-3c3a4c66d4a7/opts
Oct 18 13:41:48.842260 podb-esxi207 dnsmasq[3922567]: read /opt/stack/data/neutron/dhcp/039293cf-66e1-4c98-abdf-5cae434932da/addn_hosts - 2 names
Oct 18 13:41:48.842379 podb-esxi207 dnsmasq-dhcp[3922567]: read /opt/stack/data/neutron/dhcp/039293cf-66e1-4c98-abdf-5cae434932da/host
Oct 18 13:41:48.842487 podb-esxi207 dnsmasq-dhcp[3922567]: read /opt/stack/data/neutron/dhcp/039293cf-66e1-4c98-abdf-5cae434932da/opts
Oct 18 13:41:49.528473 podb-esxi207 dnsmasq[3921795]: read /opt/stack/data/neutron/dhcp/b5dc39c5-981c-4b63-bfbd-6f8585399cda/addn_hosts - 8 names
Oct 18 13:41:49.528598 podb-esxi207 dnsmasq-dhcp[3921795]: read /opt/stack/data/neutron/dhcp/b5dc39c5-981c-4b63-bfbd-6f8585399cda/host
Oct 18 13:41:49.528687 podb-esxi207 dnsmasq-dhcp[3921795]: read /opt/stack/data/neutron/dhcp/b5dc39c5-981c-4b63-bfbd-6f8585399cda/opts
Oct 18 13:41:50.212624 podb-esxi207 dnsmasq[3922691]: read /opt/stack/data/neutron/dhcp/02325479-fe06-457e-915a-8eb94d4fd3a8/addn_hosts - 2 names
Oct 18 13:41:50.212741 podb-esxi207 dnsmasq-dhcp[3922691]: read /opt/stack/data/neutron/dhcp/02325479-fe06-457e-915a-8eb94d4fd3a8/host
Oct 18 13:41:50.212844 podb-esxi207 dnsmasq-dhcp[3922691]: read /opt/stack/data/neutron/dhcp/02325479-fe06-457e-915a-8eb94d4fd3a8/opts
Oct 18 13:41:50.934158 podb-esxi207 dnsmasq-dhcp[3917554]: DHCPRELEASE(tap883f82af-44) 10.1.0.4 fa:16:3e:2c:99:7a
Oct 18 13:41:50.948433 podb-esxi207 dnsmasq-dhcp[3917554]: DHCPRELEASE(tap883f82af-44) 10.1.0.4 fa:16:3e:2c:99:7a unknown lease
Oct 18 13:41:51.769752 podb-esxi207 dnsmasq[3917554]: read /opt/stack/data/neutron/dhcp/306efadc-f4af-4f27-9318-844dbef56d1f/addn_hosts - 2 names
Oct 18 13:41:51.769829 podb-esxi207 dnsmasq-dhcp[3917554]: read /opt/stack/data/neutron/dhcp/306efadc-f4af-4f27-9318-844dbef56d1f/host
Oct 18 13:41:51.769914 podb-esxi207 dnsmasq-dhcp[3917554]: read /opt/stack/data/neutron/dhcp/306efadc-f4af-4f27-9318-844dbef56d1f/opts
Oct 18 13:41:54.063752 podb-esxi207 dnsmasq-dhcp[3917554]: DHCPRELEASE(tap883f82af-44) 10.1.0.1 fa:16:3e:fd:c7:c0
Oct 18 13:41:54.887125 podb-esxi207 dnsmasq[3917554]: read /opt/stack/data/neutron/dhcp/306efadc-f4af-4f27-9318-844dbef56d1f/addn_hosts - 0 names
Oct 18 13:41:54.887220 podb-esxi207 dnsmasq-dhcp[3917554]: read /opt/stack/data/neutron/dhcp/306efadc-f4af-4f27-9318-844dbef56d1f/host
Oct 18 13:41:54.887298 podb-esxi207 dnsmasq-dhcp[3917554]: read /opt/stack/data/neutron/dhcp/306efadc-f4af-4f27-9318-844dbef56d1f/opts
Oct 18 13:41:55.650731 podb-esxi207 dnsmasq[3917554]: exiting on receipt of SIGTERM
Oct 18 13:41:56.773657 podb-esxi207 dnsmasq[3922228]: read /opt/stack/data/neutron/dhcp/f6c33485-8279-46f4-a659-3c3a4c66d4a7/addn_hosts - 4 names
Oct 18 13:41:56.773805 podb-esxi207 dnsmasq-dhcp[3922228]: read /opt/stack/data/neutron/dhcp/f6c33485-8279-46f4-a659-3c3a4c66d4a7/host
Oct 18 13:41:56.773910 podb-esxi207 dnsmasq-dhcp[3922228]: read /opt/stack/data/neutron/dhcp/f6c33485-8279-46f4-a659-3c3a4c66d4a7/opts
Oct 18 13:41:56.941822 podb-esxi207 dnsmasq-dhcp[3919730]: DHCPDISCOVER(tapefef57af-1b) fa:16:3e:95:e9:ba
Oct 18 13:41:56.941849 podb-esxi207 dnsmasq-dhcp[3919730]: DHCPOFFER(tapefef57af-1b) 10.1.0.4 fa:16:3e:95:e9:ba
Oct 18 13:41:56.954718 podb-esxi207 dnsmasq-dhcp[3919730]: DHCPREQUEST(tapefef57af-1b) 10.1.0.4 fa:16:3e:95:e9:ba
Oct 18 13:41:56.954776 podb-esxi207 dnsmasq-dhcp[3919730]: DHCPACK(tapefef57af-1b) 10.1.0.4 fa:16:3e:95:e9:ba host-10-1-0-4
Oct 18 13:41:57.540992 podb-esxi207 dnsmasq-dhcp[3918403]: DHCPRELEASE(tap91568801-93) 10.1.0.1 fa:16:3e:02:ea:dd
Oct 18 13:41:58.363717 podb-esxi207 dnsmasq[3918403]: read /opt/stack/data/neutron/dhcp/83f3b062-92bd-4a5f-85cf-86da0abd8455/addn_hosts - 0 names
Oct 18 13:41:58.363792 podb-esxi207 dnsmasq-dhcp[3918403]: read /opt/stack/data/neutron/dhcp/83f3b062-92bd-4a5f-85cf-86da0abd8455/host
Oct 18 13:41:58.363871 podb-esxi207 dnsmasq-dhcp[3918403]: read /opt/stack/data/neutron/dhcp/83f3b062-92bd-4a5f-85cf-86da0abd8455/opts
Oct 18 13:41:58.624111 podb-esxi207 dnsmasq-dhcp[3919076]: DHCPRELEASE(tap617192b8-f7) 10.1.0.1 fa:16:3e:e0:fc:63
Oct 18 13:41:59.452729 podb-esxi207 dnsmasq[3919076]: read /opt/stack/data/neutron/dhcp/ab98a37b-7563-441c-9574-ea1bf68fa69d/addn_hosts - 0 names
Oct 18 13:41:59.452841 podb-esxi207 dnsmasq-dhcp[3919076]: read /opt/stack/data/neutron/dhcp/ab98a37b-7563-441c-9574-ea1bf68fa69d/host
Oct 18 13:41:59.452903 podb-esxi207 dnsmasq-dhcp[3919076]: read /opt/stack/data/neutron/dhcp/ab98a37b-7563-441c-9574-ea1bf68fa69d/opts
Oct 18 13:42:00.215432 podb-esxi207 dnsmasq[3922228]: read /opt/stack/data/neutron/dhcp/f6c33485-8279-46f4-a659-3c3a4c66d4a7/addn_hosts - 6 names
Oct 18 13:42:00.215571 podb-esxi207 dnsmasq-dhcp[3922228]: read /opt/stack/data/neutron/dhcp/f6c33485-8279-46f4-a659-3c3a4c66d4a7/host
Oct 18 13:42:00.215681 podb-esxi207 dnsmasq-dhcp[3922228]: read /opt/stack/data/neutron/dhcp/f6c33485-8279-46f4-a659-3c3a4c66d4a7/opts
Oct 18 13:42:00.973418 podb-esxi207 dnsmasq[3918403]: exiting on receipt of SIGTERM
Oct 18 13:42:01.600650 podb-esxi207 dnsmasq[3919076]: exiting on receipt of SIGTERM
Oct 18 13:42:04.928779 podb-esxi207 dnsmasq[3923537]: started, version 2.90 cachesize 150
Oct 18 13:42:04.928809 podb-esxi207 dnsmasq[3923537]: DNS service limited to local subnets
Oct 18 13:42:04.928824 podb-esxi207 dnsmasq[3923537]: compile time options: IPv6 GNU-getopt DBus no-UBus i18n IDN2 DHCP DHCPv6 no-Lua TFTP conntrack ipset no-nftset auth cryptohash DNSSEC loop-detect inotify dumpfile
Oct 18 13:42:04.928860 podb-esxi207 dnsmasq-dhcp[3923537]: DHCP, static leases only on 10.1.0.0, lease time 1d
Oct 18 13:42:04.929013 podb-esxi207 dnsmasq[3923537]: reading /etc/resolv.conf
Oct 18 13:42:04.929031 podb-esxi207 dnsmasq[3923537]: using nameserver 127.0.0.53#53
Oct 18 13:42:04.929122 podb-esxi207 dnsmasq[3923537]: read /opt/stack/data/neutron/dhcp/62212d22-3cb6-4eaa-a192-1f75ea7a65f6/addn_hosts - 0 names
Oct 18 13:42:04.929174 podb-esxi207 dnsmasq-dhcp[3923537]: read /opt/stack/data/neutron/dhcp/62212d22-3cb6-4eaa-a192-1f75ea7a65f6/host
Oct 18 13:42:04.929232 podb-esxi207 dnsmasq-dhcp[3923537]: read /opt/stack/data/neutron/dhcp/62212d22-3cb6-4eaa-a192-1f75ea7a65f6/opts
Oct 18 13:42:08.211980 podb-esxi207 dnsmasq[3924118]: started, version 2.90 cachesize 150
Oct 18 13:42:08.212010 podb-esxi207 dnsmasq[3924118]: DNS service limited to local subnets
Oct 18 13:42:08.212025 podb-esxi207 dnsmasq[3924118]: compile time options: IPv6 GNU-getopt DBus no-UBus i18n IDN2 DHCP DHCPv6 no-Lua TFTP conntrack ipset no-nftset auth cryptohash DNSSEC loop-detect inotify dumpfile
Oct 18 13:42:08.212060 podb-esxi207 dnsmasq-dhcp[3924118]: DHCP, static leases only on 10.1.0.0, lease time 1d
Oct 18 13:42:08.212217 podb-esxi207 dnsmasq[3924118]: reading /etc/resolv.conf
Oct 18 13:42:08.212233 podb-esxi207 dnsmasq[3924118]: using nameserver 127.0.0.53#53
Oct 18 13:42:08.212323 podb-esxi207 dnsmasq[3924118]: read /opt/stack/data/neutron/dhcp/0549dc18-46f9-4cf2-b67a-a5290be15342/addn_hosts - 0 names
Oct 18 13:42:08.212379 podb-esxi207 dnsmasq-dhcp[3924118]: read /opt/stack/data/neutron/dhcp/0549dc18-46f9-4cf2-b67a-a5290be15342/host
Oct 18 13:42:08.212448 podb-esxi207 dnsmasq-dhcp[3924118]: read /opt/stack/data/neutron/dhcp/0549dc18-46f9-4cf2-b67a-a5290be15342/opts
Oct 18 13:42:09.251086 podb-esxi207 dnsmasq[3923537]: read /opt/stack/data/neutron/dhcp/62212d22-3cb6-4eaa-a192-1f75ea7a65f6/addn_hosts - 2 names
Oct 18 13:42:09.251199 podb-esxi207 dnsmasq-dhcp[3923537]: read /opt/stack/data/neutron/dhcp/62212d22-3cb6-4eaa-a192-1f75ea7a65f6/host
Oct 18 13:42:09.251297 podb-esxi207 dnsmasq-dhcp[3923537]: read /opt/stack/data/neutron/dhcp/62212d22-3cb6-4eaa-a192-1f75ea7a65f6/opts
Oct 18 13:42:12.651357 podb-esxi207 dnsmasq[3925194]: started, version 2.90 cachesize 150
Oct 18 13:42:12.651381 podb-esxi207 dnsmasq[3925194]: DNS service limited to local subnets
Oct 18 13:42:12.651396 podb-esxi207 dnsmasq[3925194]: compile time options: IPv6 GNU-getopt DBus no-UBus i18n IDN2 DHCP DHCPv6 no-Lua TFTP conntrack ipset no-nftset auth cryptohash DNSSEC loop-detect inotify dumpfile
Oct 18 13:42:12.651431 podb-esxi207 dnsmasq-dhcp[3925194]: DHCP, static leases only on 10.1.0.0, lease time 1d
Oct 18 13:42:12.651590 podb-esxi207 dnsmasq[3925194]: reading /etc/resolv.conf
Oct 18 13:42:12.651606 podb-esxi207 dnsmasq[3925194]: using nameserver 127.0.0.53#53
Oct 18 13:42:12.651724 podb-esxi207 dnsmasq[3925194]: read /opt/stack/data/neutron/dhcp/8f53a5ca-514f-4fa8-a181-8e37cf68a5b4/addn_hosts - 2 names
Oct 18 13:42:12.651779 podb-esxi207 dnsmasq-dhcp[3925194]: read /opt/stack/data/neutron/dhcp/8f53a5ca-514f-4fa8-a181-8e37cf68a5b4/host
Oct 18 13:42:12.651853 podb-esxi207 dnsmasq-dhcp[3925194]: read /opt/stack/data/neutron/dhcp/8f53a5ca-514f-4fa8-a181-8e37cf68a5b4/opts
Oct 18 13:42:13.697859 podb-esxi207 dnsmasq[3924118]: read /opt/stack/data/neutron/dhcp/0549dc18-46f9-4cf2-b67a-a5290be15342/addn_hosts - 0 names
Oct 18 13:42:13.697928 podb-esxi207 dnsmasq-dhcp[3924118]: read /opt/stack/data/neutron/dhcp/0549dc18-46f9-4cf2-b67a-a5290be15342/host
Oct 18 13:42:13.697987 podb-esxi207 dnsmasq-dhcp[3924118]: read /opt/stack/data/neutron/dhcp/0549dc18-46f9-4cf2-b67a-a5290be15342/opts
Oct 18 13:42:14.464976 podb-esxi207 dnsmasq[3923537]: read /opt/stack/data/neutron/dhcp/62212d22-3cb6-4eaa-a192-1f75ea7a65f6/addn_hosts - 2 names
Oct 18 13:42:14.465104 podb-esxi207 dnsmasq-dhcp[3923537]: read /opt/stack/data/neutron/dhcp/62212d22-3cb6-4eaa-a192-1f75ea7a65f6/host
Oct 18 13:42:14.465242 podb-esxi207 dnsmasq-dhcp[3923537]: read /opt/stack/data/neutron/dhcp/62212d22-3cb6-4eaa-a192-1f75ea7a65f6/opts
Oct 18 13:42:15.731637 podb-esxi207 dnsmasq-dhcp[3925194]: DHCPRELEASE(tapea48d9ff-c9) 10.1.0.1 fa:16:3e:88:10:b2
Oct 18 13:42:16.560126 podb-esxi207 dnsmasq[3925194]: read /opt/stack/data/neutron/dhcp/8f53a5ca-514f-4fa8-a181-8e37cf68a5b4/addn_hosts - 0 names
Oct 18 13:42:16.560199 podb-esxi207 dnsmasq-dhcp[3925194]: read /opt/stack/data/neutron/dhcp/8f53a5ca-514f-4fa8-a181-8e37cf68a5b4/host
Oct 18 13:42:16.560264 podb-esxi207 dnsmasq-dhcp[3925194]: read /opt/stack/data/neutron/dhcp/8f53a5ca-514f-4fa8-a181-8e37cf68a5b4/opts
Oct 18 13:42:16.791234 podb-esxi207 dnsmasq[3924118]: exiting on receipt of SIGTERM
Oct 18 13:42:17.391562 podb-esxi207 dnsmasq[3923537]: exiting on receipt of SIGTERM
Oct 18 13:42:18.489783 podb-esxi207 dnsmasq[3925194]: exiting on receipt of SIGTERM
Oct 18 13:42:20.700424 podb-esxi207 dnsmasq-dhcp[3922228]: DHCPDISCOVER(tap81abf38a-0c) fa:16:3e:63:f6:f3
Oct 18 13:42:20.700452 podb-esxi207 dnsmasq-dhcp[3922228]: DHCPOFFER(tap81abf38a-0c) 10.1.0.11 fa:16:3e:63:f6:f3
Oct 18 13:42:20.709886 podb-esxi207 dnsmasq-dhcp[3922228]: DHCPREQUEST(tap81abf38a-0c) 10.1.0.11 fa:16:3e:63:f6:f3
Oct 18 13:42:20.709913 podb-esxi207 dnsmasq-dhcp[3922228]: DHCPACK(tap81abf38a-0c) 10.1.0.11 fa:16:3e:63:f6:f3 host-10-1-0-11
Oct 18 13:42:21.628626 podb-esxi207 dnsmasq[3925614]: started, version 2.90 cachesize 150
Oct 18 13:42:21.628649 podb-esxi207 dnsmasq[3925614]: DNS service limited to local subnets
Oct 18 13:42:21.628665 podb-esxi207 dnsmasq[3925614]: compile time options: IPv6 GNU-getopt DBus no-UBus i18n IDN2 DHCP DHCPv6 no-Lua TFTP conntrack ipset no-nftset auth cryptohash DNSSEC loop-detect inotify dumpfile
Oct 18 13:42:21.628699 podb-esxi207 dnsmasq-dhcp[3925614]: DHCP, static leases only on 10.1.0.0, lease time 1d
Oct 18 13:42:21.628850 podb-esxi207 dnsmasq[3925614]: reading /etc/resolv.conf
Oct 18 13:42:21.628865 podb-esxi207 dnsmasq[3925614]: using nameserver 127.0.0.53#53
Oct 18 13:42:21.628978 podb-esxi207 dnsmasq[3925614]: read /opt/stack/data/neutron/dhcp/d3f2b90e-dffb-4068-b960-6847a4174b5a/addn_hosts - 2 names
Oct 18 13:42:21.629031 podb-esxi207 dnsmasq-dhcp[3925614]: read /opt/stack/data/neutron/dhcp/d3f2b90e-dffb-4068-b960-6847a4174b5a/host
Oct 18 13:42:21.629096 podb-esxi207 dnsmasq-dhcp[3925614]: read /opt/stack/data/neutron/dhcp/d3f2b90e-dffb-4068-b960-6847a4174b5a/opts
Oct 18 13:42:22.351197 podb-esxi207 dnsmasq-dhcp[3922228]: DHCPDISCOVER(tap81abf38a-0c) fa:16:3e:7d:7e:05
Oct 18 13:42:22.351223 podb-esxi207 dnsmasq-dhcp[3922228]: DHCPOFFER(tap81abf38a-0c) 10.1.0.4 fa:16:3e:7d:7e:05
Oct 18 13:42:22.362820 podb-esxi207 dnsmasq-dhcp[3922228]: DHCPREQUEST(tap81abf38a-0c) 10.1.0.4 fa:16:3e:7d:7e:05
Oct 18 13:42:22.362844 podb-esxi207 dnsmasq-dhcp[3922228]: DHCPACK(tap81abf38a-0c) 10.1.0.4 fa:16:3e:7d:7e:05 host-10-1-0-4
Oct 18 13:42:24.788822 podb-esxi207 dnsmasq[3925904]: started, version 2.90 cachesize 150
Oct 18 13:42:24.788847 podb-esxi207 dnsmasq[3925904]: DNS service limited to local subnets
Oct 18 13:42:24.788861 podb-esxi207 dnsmasq[3925904]: compile time options: IPv6 GNU-getopt DBus no-UBus i18n IDN2 DHCP DHCPv6 no-Lua TFTP conntrack ipset no-nftset auth cryptohash DNSSEC loop-detect inotify dumpfile
Oct 18 13:42:24.788912 podb-esxi207 dnsmasq-dhcp[3925904]: DHCP, static leases only on 10.1.0.0, lease time 1d
Oct 18 13:42:24.789069 podb-esxi207 dnsmasq[3925904]: reading /etc/resolv.conf
Oct 18 13:42:24.789086 podb-esxi207 dnsmasq[3925904]: using nameserver 127.0.0.53#53
Oct 18 13:42:24.789200 podb-esxi207 dnsmasq[3925904]: read /opt/stack/data/neutron/dhcp/1151c6c4-a497-4cb8-98a7-bfb7a3c4d5dc/addn_hosts - 2 names
Oct 18 13:42:24.789263 podb-esxi207 dnsmasq-dhcp[3925904]: read /opt/stack/data/neutron/dhcp/1151c6c4-a497-4cb8-98a7-bfb7a3c4d5dc/host
Oct 18 13:42:24.789329 podb-esxi207 dnsmasq-dhcp[3925904]: read /opt/stack/data/neutron/dhcp/1151c6c4-a497-4cb8-98a7-bfb7a3c4d5dc/opts
Oct 18 13:42:25.827953 podb-esxi207 dnsmasq[3925614]: read /opt/stack/data/neutron/dhcp/d3f2b90e-dffb-4068-b960-6847a4174b5a/addn_hosts - 2 names
Oct 18 13:42:25.828046 podb-esxi207 dnsmasq-dhcp[3925614]: read /opt/stack/data/neutron/dhcp/d3f2b90e-dffb-4068-b960-6847a4174b5a/host
Oct 18 13:42:25.828152 podb-esxi207 dnsmasq-dhcp[3925614]: read /opt/stack/data/neutron/dhcp/d3f2b90e-dffb-4068-b960-6847a4174b5a/opts
Oct 18 13:42:29.252528 podb-esxi207 dnsmasq[3926225]: started, version 2.90 cachesize 150
Oct 18 13:42:29.252551 podb-esxi207 dnsmasq[3926225]: DNS service limited to local subnets
Oct 18 13:42:29.252565 podb-esxi207 dnsmasq[3926225]: compile time options: IPv6 GNU-getopt DBus no-UBus i18n IDN2 DHCP DHCPv6 no-Lua TFTP conntrack ipset no-nftset auth cryptohash DNSSEC loop-detect inotify dumpfile
Oct 18 13:42:29.252600 podb-esxi207 dnsmasq-dhcp[3926225]: DHCP, static leases only on 10.1.0.0, lease time 1d
Oct 18 13:42:29.252743 podb-esxi207 dnsmasq[3926225]: reading /etc/resolv.conf
Oct 18 13:42:29.252759 podb-esxi207 dnsmasq[3926225]: using nameserver 127.0.0.53#53
Oct 18 13:42:29.252871 podb-esxi207 dnsmasq[3926225]: read /opt/stack/data/neutron/dhcp/ba0869d9-d709-4607-808a-b5ad8f7672e2/addn_hosts - 2 names
Oct 18 13:42:29.252932 podb-esxi207 dnsmasq-dhcp[3926225]: read /opt/stack/data/neutron/dhcp/ba0869d9-d709-4607-808a-b5ad8f7672e2/host
Oct 18 13:42:29.252996 podb-esxi207 dnsmasq-dhcp[3926225]: read /opt/stack/data/neutron/dhcp/ba0869d9-d709-4607-808a-b5ad8f7672e2/opts
Oct 18 13:42:31.307237 podb-esxi207 dnsmasq[3925904]: exiting on receipt of SIGTERM
Oct 18 13:42:31.902574 podb-esxi207 dnsmasq[3925614]: exiting on receipt of SIGTERM
Oct 18 13:42:32.517814 podb-esxi207 dnsmasq[3926225]: exiting on receipt of SIGTERM
Oct 18 13:42:35.914062 podb-esxi207 dnsmasq[3926483]: started, version 2.90 cachesize 150
Oct 18 13:42:35.914091 podb-esxi207 dnsmasq[3926483]: DNS service limited to local subnets
Oct 18 13:42:35.914106 podb-esxi207 dnsmasq[3926483]: compile time options: IPv6 GNU-getopt DBus no-UBus i18n IDN2 DHCP DHCPv6 no-Lua TFTP conntrack ipset no-nftset auth cryptohash DNSSEC loop-detect inotify dumpfile
Oct 18 13:42:35.914147 podb-esxi207 dnsmasq-dhcp[3926483]: DHCP, static leases only on 10.1.0.0, lease time 1d
Oct 18 13:42:35.914305 podb-esxi207 dnsmasq[3926483]: reading /etc/resolv.conf
Oct 18 13:42:35.914322 podb-esxi207 dnsmasq[3926483]: using nameserver 127.0.0.53#53
Oct 18 13:42:35.914444 podb-esxi207 dnsmasq[3926483]: read /opt/stack/data/neutron/dhcp/b8275d87-b762-4043-b520-4da717807394/addn_hosts - 2 names
Oct 18 13:42:35.914509 podb-esxi207 dnsmasq-dhcp[3926483]: read /opt/stack/data/neutron/dhcp/b8275d87-b762-4043-b520-4da717807394/host
Oct 18 13:42:35.914576 podb-esxi207 dnsmasq-dhcp[3926483]: read /opt/stack/data/neutron/dhcp/b8275d87-b762-4043-b520-4da717807394/opts
Oct 18 13:42:36.483530 podb-esxi207 dnsmasq-dhcp[3919730]: DHCPRELEASE(tapefef57af-1b) 10.1.0.4 fa:16:3e:95:e9:ba
Oct 18 13:42:36.500971 podb-esxi207 dnsmasq-dhcp[3919730]: DHCPRELEASE(tapefef57af-1b) 10.1.0.4 fa:16:3e:95:e9:ba unknown lease
Oct 18 13:42:37.326819 podb-esxi207 dnsmasq[3919730]: read /opt/stack/data/neutron/dhcp/6e72ee7e-3b57-4fae-9c27-b0c1ccb30ed8/addn_hosts - 4 names
Oct 18 13:42:37.326934 podb-esxi207 dnsmasq-dhcp[3919730]: read /opt/stack/data/neutron/dhcp/6e72ee7e-3b57-4fae-9c27-b0c1ccb30ed8/host
Oct 18 13:42:37.327006 podb-esxi207 dnsmasq-dhcp[3919730]: read /opt/stack/data/neutron/dhcp/6e72ee7e-3b57-4fae-9c27-b0c1ccb30ed8/opts
Oct 18 13:42:38.591257 podb-esxi207 dnsmasq[3926483]: read /opt/stack/data/neutron/dhcp/b8275d87-b762-4043-b520-4da717807394/addn_hosts - 2 names
Oct 18 13:42:38.591350 podb-esxi207 dnsmasq-dhcp[3926483]: read /opt/stack/data/neutron/dhcp/b8275d87-b762-4043-b520-4da717807394/host
Oct 18 13:42:38.591418 podb-esxi207 dnsmasq-dhcp[3926483]: read /opt/stack/data/neutron/dhcp/b8275d87-b762-4043-b520-4da717807394/opts
Oct 18 13:42:39.862671 podb-esxi207 dnsmasq[3926483]: read /opt/stack/data/neutron/dhcp/b8275d87-b762-4043-b520-4da717807394/addn_hosts - 2 names
Oct 18 13:42:39.862805 podb-esxi207 dnsmasq-dhcp[3926483]: read /opt/stack/data/neutron/dhcp/b8275d87-b762-4043-b520-4da717807394/host
Oct 18 13:42:39.862915 podb-esxi207 dnsmasq-dhcp[3926483]: read /opt/stack/data/neutron/dhcp/b8275d87-b762-4043-b520-4da717807394/opts
Oct 18 13:42:41.125139 podb-esxi207 dnsmasq[3926483]: read /opt/stack/data/neutron/dhcp/b8275d87-b762-4043-b520-4da717807394/addn_hosts - 2 names
Oct 18 13:42:41.125227 podb-esxi207 dnsmasq-dhcp[3926483]: read /opt/stack/data/neutron/dhcp/b8275d87-b762-4043-b520-4da717807394/host
Oct 18 13:42:41.125347 podb-esxi207 dnsmasq-dhcp[3926483]: read /opt/stack/data/neutron/dhcp/b8275d87-b762-4043-b520-4da717807394/opts
Oct 18 13:42:46.114179 podb-esxi207 dnsmasq-dhcp[3921795]: DHCPDISCOVER(tap74e42ecb-a9) fa:16:3e:eb:28:2e
Oct 18 13:42:46.114201 podb-esxi207 dnsmasq-dhcp[3921795]: DHCPOFFER(tap74e42ecb-a9) 10.1.1.144 fa:16:3e:eb:28:2e
Oct 18 13:42:46.223594 podb-esxi207 dnsmasq-dhcp[3921795]: DHCPREQUEST(tap74e42ecb-a9) 10.1.1.144 fa:16:3e:eb:28:2e
Oct 18 13:42:46.223625 podb-esxi207 dnsmasq-dhcp[3921795]: DHCPACK(tap74e42ecb-a9) 10.1.1.144 fa:16:3e:eb:28:2e host-10-1-1-144
Oct 18 13:42:46.242018 podb-esxi207 dnsmasq-dhcp[3920485]: DHCPDISCOVER(tap45f173a9-4b) fa:16:3e:cf:c7:21
Oct 18 13:42:46.242043 podb-esxi207 dnsmasq-dhcp[3920485]: DHCPOFFER(tap45f173a9-4b) 10.1.0.14 fa:16:3e:cf:c7:21
Oct 18 13:42:46.354803 podb-esxi207 dnsmasq-dhcp[3921795]: DHCPDISCOVER(tap74e42ecb-a9) fa:16:3e:0a:5a:b6
Oct 18 13:42:46.354828 podb-esxi207 dnsmasq-dhcp[3921795]: DHCPOFFER(tap74e42ecb-a9) 10.1.1.120 fa:16:3e:0a:5a:b6
Oct 18 13:42:46.476991 podb-esxi207 dnsmasq-dhcp[3920485]: DHCPREQUEST(tap45f173a9-4b) 10.1.0.14 fa:16:3e:cf:c7:21
Oct 18 13:42:46.477021 podb-esxi207 dnsmasq-dhcp[3920485]: DHCPACK(tap45f173a9-4b) 10.1.0.14 fa:16:3e:cf:c7:21 host-10-1-0-14
Oct 18 13:42:46.496202 podb-esxi207 dnsmasq-dhcp[3921795]: DHCPREQUEST(tap74e42ecb-a9) 10.1.1.120 fa:16:3e:0a:5a:b6
Oct 18 13:42:46.496232 podb-esxi207 dnsmasq-dhcp[3921795]: DHCPACK(tap74e42ecb-a9) 10.1.1.120 fa:16:3e:0a:5a:b6 host-10-1-1-120
Oct 18 13:42:46.504914 podb-esxi207 dnsmasq-dhcp[3921941]: DHCPDISCOVER(tap70d8f4b8-ae) fa:16:3e:61:97:d4
Oct 18 13:42:46.504937 podb-esxi207 dnsmasq-dhcp[3921941]: DHCPOFFER(tap70d8f4b8-ae) 10.2.2.100 fa:16:3e:61:97:d4
Oct 18 13:42:46.544417 podb-esxi207 dnsmasq-dhcp[3921941]: DHCPREQUEST(tap70d8f4b8-ae) 10.2.2.100 fa:16:3e:61:97:d4
Oct 18 13:42:46.544441 podb-esxi207 dnsmasq-dhcp[3921941]: DHCPACK(tap70d8f4b8-ae) 10.2.2.100 fa:16:3e:61:97:d4 host-10-2-2-100
Oct 18 13:42:46.610316 podb-esxi207 dnsmasq-dhcp[3921795]: DHCPDISCOVER(tap74e42ecb-a9) fa:16:3e:9e:2e:7c
Oct 18 13:42:46.610340 podb-esxi207 dnsmasq-dhcp[3921795]: DHCPOFFER(tap74e42ecb-a9) 10.1.1.77 fa:16:3e:9e:2e:7c
Oct 18 13:42:46.619849 podb-esxi207 dnsmasq-dhcp[3921795]: DHCPREQUEST(tap74e42ecb-a9) 10.1.1.77 fa:16:3e:9e:2e:7c
Oct 18 13:42:46.619880 podb-esxi207 dnsmasq-dhcp[3921795]: DHCPACK(tap74e42ecb-a9) 10.1.1.77 fa:16:3e:9e:2e:7c host-10-1-1-77
Oct 18 13:42:46.955675 podb-esxi207 dnsmasq-dhcp[3921941]: DHCPDISCOVER(tap70d8f4b8-ae) fa:16:3e:85:7d:96
Oct 18 13:42:46.955702 podb-esxi207 dnsmasq-dhcp[3921941]: DHCPOFFER(tap70d8f4b8-ae) 10.2.2.200 fa:16:3e:85:7d:96
Oct 18 13:42:46.961428 podb-esxi207 dnsmasq-dhcp[3921941]: DHCPREQUEST(tap70d8f4b8-ae) 10.2.2.200 fa:16:3e:85:7d:96
Oct 18 13:42:46.961453 podb-esxi207 dnsmasq-dhcp[3921941]: DHCPACK(tap70d8f4b8-ae) 10.2.2.200 fa:16:3e:85:7d:96 host-10-2-2-200
Oct 18 13:42:47.064593 podb-esxi207 dnsmasq-dhcp[3921795]: DHCPDISCOVER(tap74e42ecb-a9) fa:16:3e:fa:f8:53
Oct 18 13:42:47.064617 podb-esxi207 dnsmasq-dhcp[3921795]: DHCPOFFER(tap74e42ecb-a9) 10.1.1.156 fa:16:3e:fa:f8:53
Oct 18 13:42:47.067725 podb-esxi207 dnsmasq-dhcp[3921795]: DHCPREQUEST(tap74e42ecb-a9) 10.1.1.156 fa:16:3e:fa:f8:53
Oct 18 13:42:47.067748 podb-esxi207 dnsmasq-dhcp[3921795]: DHCPACK(tap74e42ecb-a9) 10.1.1.156 fa:16:3e:fa:f8:53 host-10-1-1-156
Oct 18 13:43:06.445847 podb-esxi207 dnsmasq-dhcp[3921795]: DHCPRELEASE(tap74e42ecb-a9) 10.1.1.120 fa:16:3e:0a:5a:b6
Oct 18 13:43:06.463553 podb-esxi207 dnsmasq-dhcp[3921795]: DHCPRELEASE(tap74e42ecb-a9) 10.1.1.120 fa:16:3e:0a:5a:b6 unknown lease
Oct 18 13:43:07.288840 podb-esxi207 dnsmasq[3921795]: read /opt/stack/data/neutron/dhcp/b5dc39c5-981c-4b63-bfbd-6f8585399cda/addn_hosts - 6 names
Oct 18 13:43:07.288989 podb-esxi207 dnsmasq-dhcp[3921795]: read /opt/stack/data/neutron/dhcp/b5dc39c5-981c-4b63-bfbd-6f8585399cda/host
Oct 18 13:43:07.289076 podb-esxi207 dnsmasq-dhcp[3921795]: read /opt/stack/data/neutron/dhcp/b5dc39c5-981c-4b63-bfbd-6f8585399cda/opts
Oct 18 13:43:07.549600 podb-esxi207 dnsmasq-dhcp[3921941]: DHCPRELEASE(tap70d8f4b8-ae) 10.2.2.100 fa:16:3e:61:97:d4
Oct 18 13:43:07.567772 podb-esxi207 dnsmasq-dhcp[3921941]: DHCPRELEASE(tap70d8f4b8-ae) 10.2.2.100 fa:16:3e:61:97:d4 unknown lease
Oct 18 13:43:08.393534 podb-esxi207 dnsmasq[3921941]: read /opt/stack/data/neutron/dhcp/580995fa-851c-4ecb-9a0b-f7e2285aec61/addn_hosts - 2 names
Oct 18 13:43:08.393639 podb-esxi207 dnsmasq-dhcp[3921941]: read /opt/stack/data/neutron/dhcp/580995fa-851c-4ecb-9a0b-f7e2285aec61/host
Oct 18 13:43:08.393727 podb-esxi207 dnsmasq-dhcp[3921941]: read /opt/stack/data/neutron/dhcp/580995fa-851c-4ecb-9a0b-f7e2285aec61/opts
Oct 18 13:43:08.643973 podb-esxi207 dnsmasq-dhcp[3920485]: DHCPRELEASE(tap45f173a9-4b) 10.1.0.14 fa:16:3e:cf:c7:21
Oct 18 13:43:08.659819 podb-esxi207 dnsmasq-dhcp[3920485]: DHCPRELEASE(tap45f173a9-4b) 10.1.0.14 fa:16:3e:cf:c7:21 unknown lease
Oct 18 13:43:09.485585 podb-esxi207 dnsmasq[3920485]: read /opt/stack/data/neutron/dhcp/3b4b0afd-6793-4417-8374-d90ffc527539/addn_hosts - 2 names
Oct 18 13:43:09.485707 podb-esxi207 dnsmasq-dhcp[3920485]: read /opt/stack/data/neutron/dhcp/3b4b0afd-6793-4417-8374-d90ffc527539/host
