Oct 17 01:23:33.811243 podb-esxi207 dnsmasq-dhcp[1313181]: DHCPACK(tap39fef75a-2b) 10.1.0.6 fa:16:3e:0a:ec:b5 host-10-1-0-6
Oct 17 01:24:31.249478 podb-esxi207 dnsmasq-dhcp[1304845]: DHCPRELEASE(tap11ffefb6-d3) 10.1.0.10 fa:16:3e:e7:31:b6
Oct 17 01:24:31.267033 podb-esxi207 dnsmasq-dhcp[1304845]: DHCPRELEASE(tap11ffefb6-d3) 10.1.0.10 fa:16:3e:e7:31:b6 unknown lease
Oct 17 01:24:32.093280 podb-esxi207 dnsmasq[1304845]: read /opt/stack/data/neutron/dhcp/f48f7c11-b10c-4f7b-88ef-594ea2c78165/addn_hosts - 2 names
Oct 17 01:24:32.093369 podb-esxi207 dnsmasq-dhcp[1304845]: read /opt/stack/data/neutron/dhcp/f48f7c11-b10c-4f7b-88ef-594ea2c78165/host
Oct 17 01:24:32.093464 podb-esxi207 dnsmasq-dhcp[1304845]: read /opt/stack/data/neutron/dhcp/f48f7c11-b10c-4f7b-88ef-594ea2c78165/opts
Oct 17 01:24:53.964488 podb-esxi207 dnsmasq-dhcp[1313181]: DHCPREQUEST(tap39fef75a-2b) 10.1.0.6 fa:16:3e:0a:ec:b5
Oct 17 01:24:53.964520 podb-esxi207 dnsmasq-dhcp[1313181]: DHCPACK(tap39fef75a-2b) 10.1.0.6 fa:16:3e:0a:ec:b5 host-10-1-0-6
Oct 17 01:24:59.928592 podb-esxi207 dnsmasq[1304845]: read /opt/stack/data/neutron/dhcp/f48f7c11-b10c-4f7b-88ef-594ea2c78165/addn_hosts - 0 names
Oct 17 01:24:59.928677 podb-esxi207 dnsmasq-dhcp[1304845]: read /opt/stack/data/neutron/dhcp/f48f7c11-b10c-4f7b-88ef-594ea2c78165/host
Oct 17 01:24:59.928731 podb-esxi207 dnsmasq-dhcp[1304845]: read /opt/stack/data/neutron/dhcp/f48f7c11-b10c-4f7b-88ef-594ea2c78165/opts
Oct 17 01:25:00.954182 podb-esxi207 dnsmasq[1304845]: exiting on receipt of SIGTERM
Oct 17 01:25:02.079960 podb-esxi207 dnsmasq[1305139]: read /opt/stack/data/neutron/dhcp/30f9d30f-9e00-4192-b54a-394150e9d11c/addn_hosts - 0 names
Oct 17 01:25:02.080033 podb-esxi207 dnsmasq-dhcp[1305139]: read /opt/stack/data/neutron/dhcp/30f9d30f-9e00-4192-b54a-394150e9d11c/host
Oct 17 01:25:02.080117 podb-esxi207 dnsmasq-dhcp[1305139]: read /opt/stack/data/neutron/dhcp/30f9d30f-9e00-4192-b54a-394150e9d11c/opts
Oct 17 01:25:02.839189 podb-esxi207 dnsmasq[1305139]: exiting on receipt of SIGTERM
Oct 17 01:25:07.534266 podb-esxi207 dnsmasq[1315994]: started, version 2.90 cachesize 150
Oct 17 01:25:07.534294 podb-esxi207 dnsmasq[1315994]: DNS service limited to local subnets
Oct 17 01:25:07.534310 podb-esxi207 dnsmasq[1315994]: compile time options: IPv6 GNU-getopt DBus no-UBus i18n IDN2 DHCP DHCPv6 no-Lua TFTP conntrack ipset no-nftset auth cryptohash DNSSEC loop-detect inotify dumpfile
Oct 17 01:25:07.534346 podb-esxi207 dnsmasq-dhcp[1315994]: DHCP, static leases only on 10.1.0.0, lease time 1d
Oct 17 01:25:07.534498 podb-esxi207 dnsmasq[1315994]: reading /etc/resolv.conf
Oct 17 01:25:07.534515 podb-esxi207 dnsmasq[1315994]: using nameserver 127.0.0.53#53
Oct 17 01:25:07.534607 podb-esxi207 dnsmasq[1315994]: read /opt/stack/data/neutron/dhcp/a2b5586a-0682-440b-882f-d4dc10ff8df8/addn_hosts - 0 names
Oct 17 01:25:07.534686 podb-esxi207 dnsmasq-dhcp[1315994]: read /opt/stack/data/neutron/dhcp/a2b5586a-0682-440b-882f-d4dc10ff8df8/host
Oct 17 01:25:07.534744 podb-esxi207 dnsmasq-dhcp[1315994]: read /opt/stack/data/neutron/dhcp/a2b5586a-0682-440b-882f-d4dc10ff8df8/opts
Oct 17 01:25:09.068941 podb-esxi207 dnsmasq[1315994]: read /opt/stack/data/neutron/dhcp/a2b5586a-0682-440b-882f-d4dc10ff8df8/addn_hosts - 2 names
Oct 17 01:25:09.069020 podb-esxi207 dnsmasq-dhcp[1315994]: read /opt/stack/data/neutron/dhcp/a2b5586a-0682-440b-882f-d4dc10ff8df8/host
Oct 17 01:25:09.069089 podb-esxi207 dnsmasq-dhcp[1315994]: read /opt/stack/data/neutron/dhcp/a2b5586a-0682-440b-882f-d4dc10ff8df8/opts
Oct 17 01:25:12.423893 podb-esxi207 dnsmasq[1316385]: started, version 2.90 cachesize 150
Oct 17 01:25:12.423924 podb-esxi207 dnsmasq[1316385]: DNS service limited to local subnets
Oct 17 01:25:12.423940 podb-esxi207 dnsmasq[1316385]: compile time options: IPv6 GNU-getopt DBus no-UBus i18n IDN2 DHCP DHCPv6 no-Lua TFTP conntrack ipset no-nftset auth cryptohash DNSSEC loop-detect inotify dumpfile
Oct 17 01:25:12.423983 podb-esxi207 dnsmasq-dhcp[1316385]: DHCP, static leases only on 10.1.0.0, lease time 1d
Oct 17 01:25:12.424137 podb-esxi207 dnsmasq[1316385]: reading /etc/resolv.conf
Oct 17 01:25:12.424154 podb-esxi207 dnsmasq[1316385]: using nameserver 127.0.0.53#53
Oct 17 01:25:12.424272 podb-esxi207 dnsmasq[1316385]: read /opt/stack/data/neutron/dhcp/b529fb9e-9481-4aac-8f72-e7c2687595f5/addn_hosts - 2 names
Oct 17 01:25:12.424331 podb-esxi207 dnsmasq-dhcp[1316385]: read /opt/stack/data/neutron/dhcp/b529fb9e-9481-4aac-8f72-e7c2687595f5/host
Oct 17 01:25:12.424397 podb-esxi207 dnsmasq-dhcp[1316385]: read /opt/stack/data/neutron/dhcp/b529fb9e-9481-4aac-8f72-e7c2687595f5/opts
Oct 17 01:25:12.960777 podb-esxi207 dnsmasq[1315994]: read /opt/stack/data/neutron/dhcp/a2b5586a-0682-440b-882f-d4dc10ff8df8/addn_hosts - 2 names
Oct 17 01:25:12.960865 podb-esxi207 dnsmasq-dhcp[1315994]: read /opt/stack/data/neutron/dhcp/a2b5586a-0682-440b-882f-d4dc10ff8df8/host
Oct 17 01:25:12.960937 podb-esxi207 dnsmasq-dhcp[1315994]: read /opt/stack/data/neutron/dhcp/a2b5586a-0682-440b-882f-d4dc10ff8df8/opts
Oct 17 01:25:14.739589 podb-esxi207 dnsmasq[1316385]: read /opt/stack/data/neutron/dhcp/b529fb9e-9481-4aac-8f72-e7c2687595f5/addn_hosts - 2 names
Oct 17 01:25:14.739694 podb-esxi207 dnsmasq-dhcp[1316385]: read /opt/stack/data/neutron/dhcp/b529fb9e-9481-4aac-8f72-e7c2687595f5/host
Oct 17 01:25:14.739789 podb-esxi207 dnsmasq-dhcp[1316385]: read /opt/stack/data/neutron/dhcp/b529fb9e-9481-4aac-8f72-e7c2687595f5/opts
Oct 17 01:25:15.497195 podb-esxi207 dnsmasq[1315994]: read /opt/stack/data/neutron/dhcp/a2b5586a-0682-440b-882f-d4dc10ff8df8/addn_hosts - 2 names
Oct 17 01:25:15.497315 podb-esxi207 dnsmasq-dhcp[1315994]: read /opt/stack/data/neutron/dhcp/a2b5586a-0682-440b-882f-d4dc10ff8df8/host
Oct 17 01:25:15.497426 podb-esxi207 dnsmasq-dhcp[1315994]: read /opt/stack/data/neutron/dhcp/a2b5586a-0682-440b-882f-d4dc10ff8df8/opts
Oct 17 01:25:16.755819 podb-esxi207 dnsmasq[1316385]: read /opt/stack/data/neutron/dhcp/b529fb9e-9481-4aac-8f72-e7c2687595f5/addn_hosts - 2 names
Oct 17 01:25:16.755934 podb-esxi207 dnsmasq-dhcp[1316385]: read /opt/stack/data/neutron/dhcp/b529fb9e-9481-4aac-8f72-e7c2687595f5/host
Oct 17 01:25:16.756065 podb-esxi207 dnsmasq-dhcp[1316385]: read /opt/stack/data/neutron/dhcp/b529fb9e-9481-4aac-8f72-e7c2687595f5/opts
Oct 17 01:25:18.022024 podb-esxi207 dnsmasq[1316385]: read /opt/stack/data/neutron/dhcp/b529fb9e-9481-4aac-8f72-e7c2687595f5/addn_hosts - 2 names
Oct 17 01:25:18.022135 podb-esxi207 dnsmasq-dhcp[1316385]: read /opt/stack/data/neutron/dhcp/b529fb9e-9481-4aac-8f72-e7c2687595f5/host
Oct 17 01:25:18.022249 podb-esxi207 dnsmasq-dhcp[1316385]: read /opt/stack/data/neutron/dhcp/b529fb9e-9481-4aac-8f72-e7c2687595f5/opts
Oct 17 01:25:33.175711 podb-esxi207 dnsmasq-dhcp[1313181]: DHCPRELEASE(tap39fef75a-2b) 10.1.0.6 fa:16:3e:0a:ec:b5
Oct 17 01:25:33.192602 podb-esxi207 dnsmasq-dhcp[1313181]: DHCPRELEASE(tap39fef75a-2b) 10.1.0.6 fa:16:3e:0a:ec:b5 unknown lease
Oct 17 01:25:34.021143 podb-esxi207 dnsmasq[1313181]: read /opt/stack/data/neutron/dhcp/55f52bd1-4168-4a6b-9ce4-d7f531055c44/addn_hosts - 2 names
Oct 17 01:25:34.021256 podb-esxi207 dnsmasq-dhcp[1313181]: read /opt/stack/data/neutron/dhcp/55f52bd1-4168-4a6b-9ce4-d7f531055c44/host
Oct 17 01:25:34.021352 podb-esxi207 dnsmasq-dhcp[1313181]: read /opt/stack/data/neutron/dhcp/55f52bd1-4168-4a6b-9ce4-d7f531055c44/opts
Oct 17 01:25:42.029950 podb-esxi207 dnsmasq[1313181]: read /opt/stack/data/neutron/dhcp/55f52bd1-4168-4a6b-9ce4-d7f531055c44/addn_hosts - 0 names
Oct 17 01:25:42.030020 podb-esxi207 dnsmasq-dhcp[1313181]: read /opt/stack/data/neutron/dhcp/55f52bd1-4168-4a6b-9ce4-d7f531055c44/host
Oct 17 01:25:42.030080 podb-esxi207 dnsmasq-dhcp[1313181]: read /opt/stack/data/neutron/dhcp/55f52bd1-4168-4a6b-9ce4-d7f531055c44/opts
Oct 17 01:25:43.189699 podb-esxi207 dnsmasq[1313181]: exiting on receipt of SIGTERM
Oct 17 01:25:43.897902 podb-esxi207 dnsmasq-dhcp[1313555]: DHCPRELEASE(tap8fa4f025-30) 10.1.0.1 fa:16:3e:7a:d1:32
Oct 17 01:25:44.721200 podb-esxi207 dnsmasq[1313555]: read /opt/stack/data/neutron/dhcp/4e1bf9da-c0ce-4935-9db0-c6e4203d78a2/addn_hosts - 0 names
Oct 17 01:25:44.721274 podb-esxi207 dnsmasq-dhcp[1313555]: read /opt/stack/data/neutron/dhcp/4e1bf9da-c0ce-4935-9db0-c6e4203d78a2/host
Oct 17 01:25:44.721357 podb-esxi207 dnsmasq-dhcp[1313555]: read /opt/stack/data/neutron/dhcp/4e1bf9da-c0ce-4935-9db0-c6e4203d78a2/opts
Oct 17 01:25:45.471867 podb-esxi207 dnsmasq[1313555]: exiting on receipt of SIGTERM
Oct 17 01:25:50.325355 podb-esxi207 dnsmasq[1316852]: started, version 2.90 cachesize 150
Oct 17 01:25:50.325379 podb-esxi207 dnsmasq[1316852]: DNS service limited to local subnets
Oct 17 01:25:50.325395 podb-esxi207 dnsmasq[1316852]: compile time options: IPv6 GNU-getopt DBus no-UBus i18n IDN2 DHCP DHCPv6 no-Lua TFTP conntrack ipset no-nftset auth cryptohash DNSSEC loop-detect inotify dumpfile
Oct 17 01:25:50.325431 podb-esxi207 dnsmasq-dhcp[1316852]: DHCP, static leases only on 10.1.0.0, lease time 1d
Oct 17 01:25:50.325588 podb-esxi207 dnsmasq[1316852]: reading /etc/resolv.conf
Oct 17 01:25:50.325603 podb-esxi207 dnsmasq[1316852]: using nameserver 127.0.0.53#53
Oct 17 01:25:50.325696 podb-esxi207 dnsmasq[1316852]: read /opt/stack/data/neutron/dhcp/26136702-a1f1-49b4-8c97-cbcab1063254/addn_hosts - 0 names
Oct 17 01:25:50.325753 podb-esxi207 dnsmasq-dhcp[1316852]: read /opt/stack/data/neutron/dhcp/26136702-a1f1-49b4-8c97-cbcab1063254/host
Oct 17 01:25:50.325821 podb-esxi207 dnsmasq-dhcp[1316852]: read /opt/stack/data/neutron/dhcp/26136702-a1f1-49b4-8c97-cbcab1063254/opts
Oct 17 01:25:51.870770 podb-esxi207 dnsmasq[1316852]: read /opt/stack/data/neutron/dhcp/26136702-a1f1-49b4-8c97-cbcab1063254/addn_hosts - 2 names
Oct 17 01:25:51.870852 podb-esxi207 dnsmasq-dhcp[1316852]: read /opt/stack/data/neutron/dhcp/26136702-a1f1-49b4-8c97-cbcab1063254/host
Oct 17 01:25:51.870962 podb-esxi207 dnsmasq-dhcp[1316852]: read /opt/stack/data/neutron/dhcp/26136702-a1f1-49b4-8c97-cbcab1063254/opts
Oct 17 01:25:54.863929 podb-esxi207 dnsmasq[1317134]: started, version 2.90 cachesize 150
Oct 17 01:25:54.863954 podb-esxi207 dnsmasq[1317134]: DNS service limited to local subnets
Oct 17 01:25:54.863969 podb-esxi207 dnsmasq[1317134]: compile time options: IPv6 GNU-getopt DBus no-UBus i18n IDN2 DHCP DHCPv6 no-Lua TFTP conntrack ipset no-nftset auth cryptohash DNSSEC loop-detect inotify dumpfile
Oct 17 01:25:54.864005 podb-esxi207 dnsmasq-dhcp[1317134]: DHCP, static leases only on 10.1.0.0, lease time 1d
Oct 17 01:25:54.864158 podb-esxi207 dnsmasq[1317134]: reading /etc/resolv.conf
Oct 17 01:25:54.864174 podb-esxi207 dnsmasq[1317134]: using nameserver 127.0.0.53#53
Oct 17 01:25:54.864256 podb-esxi207 dnsmasq[1317134]: read /opt/stack/data/neutron/dhcp/826c4863-84b8-4a25-822f-dee565b61203/addn_hosts - 0 names
Oct 17 01:25:54.864312 podb-esxi207 dnsmasq-dhcp[1317134]: read /opt/stack/data/neutron/dhcp/826c4863-84b8-4a25-822f-dee565b61203/host
Oct 17 01:25:54.864381 podb-esxi207 dnsmasq-dhcp[1317134]: read /opt/stack/data/neutron/dhcp/826c4863-84b8-4a25-822f-dee565b61203/opts
Oct 17 01:25:55.900870 podb-esxi207 dnsmasq[1316852]: read /opt/stack/data/neutron/dhcp/26136702-a1f1-49b4-8c97-cbcab1063254/addn_hosts - 2 names
Oct 17 01:25:55.900957 podb-esxi207 dnsmasq-dhcp[1316852]: read /opt/stack/data/neutron/dhcp/26136702-a1f1-49b4-8c97-cbcab1063254/host
Oct 17 01:25:55.901027 podb-esxi207 dnsmasq-dhcp[1316852]: read /opt/stack/data/neutron/dhcp/26136702-a1f1-49b4-8c97-cbcab1063254/opts
Oct 17 01:25:57.161647 podb-esxi207 dnsmasq[1317134]: read /opt/stack/data/neutron/dhcp/826c4863-84b8-4a25-822f-dee565b61203/addn_hosts - 2 names
Oct 17 01:25:57.161725 podb-esxi207 dnsmasq-dhcp[1317134]: read /opt/stack/data/neutron/dhcp/826c4863-84b8-4a25-822f-dee565b61203/host
Oct 17 01:25:57.161792 podb-esxi207 dnsmasq-dhcp[1317134]: read /opt/stack/data/neutron/dhcp/826c4863-84b8-4a25-822f-dee565b61203/opts
Oct 17 01:25:58.423120 podb-esxi207 dnsmasq[1316852]: read /opt/stack/data/neutron/dhcp/26136702-a1f1-49b4-8c97-cbcab1063254/addn_hosts - 2 names
Oct 17 01:25:58.423201 podb-esxi207 dnsmasq-dhcp[1316852]: read /opt/stack/data/neutron/dhcp/26136702-a1f1-49b4-8c97-cbcab1063254/host
Oct 17 01:25:58.423308 podb-esxi207 dnsmasq-dhcp[1316852]: read /opt/stack/data/neutron/dhcp/26136702-a1f1-49b4-8c97-cbcab1063254/opts
Oct 17 01:25:59.169746 podb-esxi207 dnsmasq[1317134]: read /opt/stack/data/neutron/dhcp/826c4863-84b8-4a25-822f-dee565b61203/addn_hosts - 2 names
Oct 17 01:25:59.169832 podb-esxi207 dnsmasq-dhcp[1317134]: read /opt/stack/data/neutron/dhcp/826c4863-84b8-4a25-822f-dee565b61203/host
Oct 17 01:25:59.169918 podb-esxi207 dnsmasq-dhcp[1317134]: read /opt/stack/data/neutron/dhcp/826c4863-84b8-4a25-822f-dee565b61203/opts
Oct 17 01:26:00.436882 podb-esxi207 dnsmasq[1317134]: read /opt/stack/data/neutron/dhcp/826c4863-84b8-4a25-822f-dee565b61203/addn_hosts - 2 names
Oct 17 01:26:00.436980 podb-esxi207 dnsmasq-dhcp[1317134]: read /opt/stack/data/neutron/dhcp/826c4863-84b8-4a25-822f-dee565b61203/host
Oct 17 01:26:00.437106 podb-esxi207 dnsmasq-dhcp[1317134]: read /opt/stack/data/neutron/dhcp/826c4863-84b8-4a25-822f-dee565b61203/opts
Oct 17 01:26:01.694386 podb-esxi207 dnsmasq[1316852]: read /opt/stack/data/neutron/dhcp/26136702-a1f1-49b4-8c97-cbcab1063254/addn_hosts - 4 names
Oct 17 01:26:01.694519 podb-esxi207 dnsmasq-dhcp[1316852]: read /opt/stack/data/neutron/dhcp/26136702-a1f1-49b4-8c97-cbcab1063254/host
Oct 17 01:26:01.694639 podb-esxi207 dnsmasq-dhcp[1316852]: read /opt/stack/data/neutron/dhcp/26136702-a1f1-49b4-8c97-cbcab1063254/opts
Oct 17 01:26:23.827883 podb-esxi207 dnsmasq-dhcp[1316852]: DHCPDISCOVER(tapcf8305b0-3b) fa:16:3e:2f:69:3b
Oct 17 01:26:23.827909 podb-esxi207 dnsmasq-dhcp[1316852]: DHCPOFFER(tapcf8305b0-3b) 10.1.0.4 fa:16:3e:2f:69:3b
Oct 17 01:26:23.837847 podb-esxi207 dnsmasq-dhcp[1316852]: DHCPREQUEST(tapcf8305b0-3b) 10.1.0.4 fa:16:3e:2f:69:3b
Oct 17 01:26:23.837877 podb-esxi207 dnsmasq-dhcp[1316852]: DHCPACK(tapcf8305b0-3b) 10.1.0.4 fa:16:3e:2f:69:3b host-10-1-0-4
Oct 17 01:26:38.069951 podb-esxi207 dnsmasq[1315994]: read /opt/stack/data/neutron/dhcp/a2b5586a-0682-440b-882f-d4dc10ff8df8/addn_hosts - 0 names
Oct 17 01:26:38.070028 podb-esxi207 dnsmasq-dhcp[1315994]: read /opt/stack/data/neutron/dhcp/a2b5586a-0682-440b-882f-d4dc10ff8df8/host
Oct 17 01:26:38.070123 podb-esxi207 dnsmasq-dhcp[1315994]: read /opt/stack/data/neutron/dhcp/a2b5586a-0682-440b-882f-d4dc10ff8df8/opts
Oct 17 01:26:39.013303 podb-esxi207 dnsmasq[1315994]: exiting on receipt of SIGTERM
Oct 17 01:26:39.623208 podb-esxi207 dnsmasq-dhcp[1316385]: DHCPRELEASE(tap2632e233-4a) 10.1.0.1 fa:16:3e:5a:14:a7
Oct 17 01:26:40.447711 podb-esxi207 dnsmasq[1316385]: read /opt/stack/data/neutron/dhcp/b529fb9e-9481-4aac-8f72-e7c2687595f5/addn_hosts - 0 names
Oct 17 01:26:40.447816 podb-esxi207 dnsmasq-dhcp[1316385]: read /opt/stack/data/neutron/dhcp/b529fb9e-9481-4aac-8f72-e7c2687595f5/host
Oct 17 01:26:40.447911 podb-esxi207 dnsmasq-dhcp[1316385]: read /opt/stack/data/neutron/dhcp/b529fb9e-9481-4aac-8f72-e7c2687595f5/opts
Oct 17 01:26:40.722846 podb-esxi207 dnsmasq[1316385]: exiting on receipt of SIGTERM
Oct 17 01:27:40.937359 podb-esxi207 dnsmasq[1318438]: started, version 2.90 cachesize 150
Oct 17 01:27:40.937383 podb-esxi207 dnsmasq[1318438]: DNS service limited to local subnets
Oct 17 01:27:40.937398 podb-esxi207 dnsmasq[1318438]: compile time options: IPv6 GNU-getopt DBus no-UBus i18n IDN2 DHCP DHCPv6 no-Lua TFTP conntrack ipset no-nftset auth cryptohash DNSSEC loop-detect inotify dumpfile
Oct 17 01:27:40.937434 podb-esxi207 dnsmasq-dhcp[1318438]: DHCP, static leases only on 10.1.0.0, lease time 1d
Oct 17 01:27:40.937599 podb-esxi207 dnsmasq[1318438]: reading /etc/resolv.conf
Oct 17 01:27:40.937616 podb-esxi207 dnsmasq[1318438]: using nameserver 127.0.0.53#53
Oct 17 01:27:40.937708 podb-esxi207 dnsmasq[1318438]: read /opt/stack/data/neutron/dhcp/e51dd076-be36-4abd-99d7-0d5ed288f32c/addn_hosts - 0 names
Oct 17 01:27:40.937759 podb-esxi207 dnsmasq-dhcp[1318438]: read /opt/stack/data/neutron/dhcp/e51dd076-be36-4abd-99d7-0d5ed288f32c/host
Oct 17 01:27:40.937821 podb-esxi207 dnsmasq-dhcp[1318438]: read /opt/stack/data/neutron/dhcp/e51dd076-be36-4abd-99d7-0d5ed288f32c/opts
Oct 17 01:27:42.484432 podb-esxi207 dnsmasq[1318438]: read /opt/stack/data/neutron/dhcp/e51dd076-be36-4abd-99d7-0d5ed288f32c/addn_hosts - 2 names
Oct 17 01:27:42.484521 podb-esxi207 dnsmasq-dhcp[1318438]: read /opt/stack/data/neutron/dhcp/e51dd076-be36-4abd-99d7-0d5ed288f32c/host
Oct 17 01:27:42.484623 podb-esxi207 dnsmasq-dhcp[1318438]: read /opt/stack/data/neutron/dhcp/e51dd076-be36-4abd-99d7-0d5ed288f32c/opts
Oct 17 01:27:45.885733 podb-esxi207 dnsmasq[1318754]: started, version 2.90 cachesize 150
Oct 17 01:27:45.885762 podb-esxi207 dnsmasq[1318754]: DNS service limited to local subnets
Oct 17 01:27:45.885777 podb-esxi207 dnsmasq[1318754]: compile time options: IPv6 GNU-getopt DBus no-UBus i18n IDN2 DHCP DHCPv6 no-Lua TFTP conntrack ipset no-nftset auth cryptohash DNSSEC loop-detect inotify dumpfile
Oct 17 01:27:45.885812 podb-esxi207 dnsmasq-dhcp[1318754]: DHCP, static leases only on 10.1.0.0, lease time 1d
Oct 17 01:27:45.885962 podb-esxi207 dnsmasq[1318754]: reading /etc/resolv.conf
Oct 17 01:27:45.885978 podb-esxi207 dnsmasq[1318754]: using nameserver 127.0.0.53#53
Oct 17 01:27:45.886062 podb-esxi207 dnsmasq[1318754]: read /opt/stack/data/neutron/dhcp/9da4f363-b93e-4524-953c-c3f95173e3e2/addn_hosts - 0 names
Oct 17 01:27:45.886113 podb-esxi207 dnsmasq-dhcp[1318754]: read /opt/stack/data/neutron/dhcp/9da4f363-b93e-4524-953c-c3f95173e3e2/host
Oct 17 01:27:45.886177 podb-esxi207 dnsmasq-dhcp[1318754]: read /opt/stack/data/neutron/dhcp/9da4f363-b93e-4524-953c-c3f95173e3e2/opts
Oct 17 01:27:46.421079 podb-esxi207 dnsmasq[1318438]: read /opt/stack/data/neutron/dhcp/e51dd076-be36-4abd-99d7-0d5ed288f32c/addn_hosts - 2 names
Oct 17 01:27:46.421181 podb-esxi207 dnsmasq-dhcp[1318438]: read /opt/stack/data/neutron/dhcp/e51dd076-be36-4abd-99d7-0d5ed288f32c/host
Oct 17 01:27:46.421267 podb-esxi207 dnsmasq-dhcp[1318438]: read /opt/stack/data/neutron/dhcp/e51dd076-be36-4abd-99d7-0d5ed288f32c/opts
Oct 17 01:27:48.189905 podb-esxi207 dnsmasq[1318754]: read /opt/stack/data/neutron/dhcp/9da4f363-b93e-4524-953c-c3f95173e3e2/addn_hosts - 2 names
Oct 17 01:27:48.189987 podb-esxi207 dnsmasq-dhcp[1318754]: read /opt/stack/data/neutron/dhcp/9da4f363-b93e-4524-953c-c3f95173e3e2/host
Oct 17 01:27:48.190104 podb-esxi207 dnsmasq-dhcp[1318754]: read /opt/stack/data/neutron/dhcp/9da4f363-b93e-4524-953c-c3f95173e3e2/opts
Oct 17 01:27:48.958625 podb-esxi207 dnsmasq[1318438]: read /opt/stack/data/neutron/dhcp/e51dd076-be36-4abd-99d7-0d5ed288f32c/addn_hosts - 2 names
Oct 17 01:27:48.958752 podb-esxi207 dnsmasq-dhcp[1318438]: read /opt/stack/data/neutron/dhcp/e51dd076-be36-4abd-99d7-0d5ed288f32c/host
Oct 17 01:27:48.958864 podb-esxi207 dnsmasq-dhcp[1318438]: read /opt/stack/data/neutron/dhcp/e51dd076-be36-4abd-99d7-0d5ed288f32c/opts
Oct 17 01:27:50.217732 podb-esxi207 dnsmasq[1318754]: read /opt/stack/data/neutron/dhcp/9da4f363-b93e-4524-953c-c3f95173e3e2/addn_hosts - 2 names
Oct 17 01:27:50.217805 podb-esxi207 dnsmasq-dhcp[1318754]: read /opt/stack/data/neutron/dhcp/9da4f363-b93e-4524-953c-c3f95173e3e2/host
Oct 17 01:27:50.217889 podb-esxi207 dnsmasq-dhcp[1318754]: read /opt/stack/data/neutron/dhcp/9da4f363-b93e-4524-953c-c3f95173e3e2/opts
Oct 17 01:27:51.483588 podb-esxi207 dnsmasq[1318754]: read /opt/stack/data/neutron/dhcp/9da4f363-b93e-4524-953c-c3f95173e3e2/addn_hosts - 2 names
Oct 17 01:27:51.483685 podb-esxi207 dnsmasq-dhcp[1318754]: read /opt/stack/data/neutron/dhcp/9da4f363-b93e-4524-953c-c3f95173e3e2/host
Oct 17 01:27:51.483792 podb-esxi207 dnsmasq-dhcp[1318754]: read /opt/stack/data/neutron/dhcp/9da4f363-b93e-4524-953c-c3f95173e3e2/opts
Oct 17 01:27:53.005761 podb-esxi207 dnsmasq[1318438]: read /opt/stack/data/neutron/dhcp/e51dd076-be36-4abd-99d7-0d5ed288f32c/addn_hosts - 4 names
Oct 17 01:27:53.005867 podb-esxi207 dnsmasq-dhcp[1318438]: read /opt/stack/data/neutron/dhcp/e51dd076-be36-4abd-99d7-0d5ed288f32c/host
Oct 17 01:27:53.005937 podb-esxi207 dnsmasq-dhcp[1318438]: read /opt/stack/data/neutron/dhcp/e51dd076-be36-4abd-99d7-0d5ed288f32c/opts
Oct 17 01:28:07.758710 podb-esxi207 dnsmasq[1316852]: read /opt/stack/data/neutron/dhcp/26136702-a1f1-49b4-8c97-cbcab1063254/addn_hosts - 6 names
Oct 17 01:28:07.758839 podb-esxi207 dnsmasq-dhcp[1316852]: read /opt/stack/data/neutron/dhcp/26136702-a1f1-49b4-8c97-cbcab1063254/host
Oct 17 01:28:07.758945 podb-esxi207 dnsmasq-dhcp[1316852]: read /opt/stack/data/neutron/dhcp/26136702-a1f1-49b4-8c97-cbcab1063254/opts
Oct 17 01:28:16.094085 podb-esxi207 dnsmasq-dhcp[1318438]: DHCPDISCOVER(tapfef926fa-c5) fa:16:3e:e2:fe:3b
Oct 17 01:28:16.094113 podb-esxi207 dnsmasq-dhcp[1318438]: DHCPOFFER(tapfef926fa-c5) 10.1.0.3 fa:16:3e:e2:fe:3b
Oct 17 01:28:16.105041 podb-esxi207 dnsmasq-dhcp[1318438]: DHCPREQUEST(tapfef926fa-c5) 10.1.0.3 fa:16:3e:e2:fe:3b
Oct 17 01:28:16.105074 podb-esxi207 dnsmasq-dhcp[1318438]: DHCPACK(tapfef926fa-c5) 10.1.0.3 fa:16:3e:e2:fe:3b host-10-1-0-3
Oct 17 01:28:34.307208 podb-esxi207 dnsmasq-dhcp[1316852]: DHCPDISCOVER(tapcf8305b0-3b) fa:16:3e:ec:76:ef
Oct 17 01:28:34.307239 podb-esxi207 dnsmasq-dhcp[1316852]: DHCPOFFER(tapcf8305b0-3b) 10.1.0.7 fa:16:3e:ec:76:ef
Oct 17 01:28:34.319768 podb-esxi207 dnsmasq-dhcp[1316852]: DHCPREQUEST(tapcf8305b0-3b) 10.1.0.7 fa:16:3e:ec:76:ef
Oct 17 01:28:34.319805 podb-esxi207 dnsmasq-dhcp[1316852]: DHCPACK(tapcf8305b0-3b) 10.1.0.7 fa:16:3e:ec:76:ef host-10-1-0-7
Oct 17 01:29:59.642125 podb-esxi207 dnsmasq-dhcp[1316852]: DHCPRELEASE(tapcf8305b0-3b) 10.1.0.7 fa:16:3e:ec:76:ef
Oct 17 01:29:59.659806 podb-esxi207 dnsmasq-dhcp[1316852]: DHCPRELEASE(tapcf8305b0-3b) 10.1.0.7 fa:16:3e:ec:76:ef unknown lease
Oct 17 01:30:00.485323 podb-esxi207 dnsmasq[1316852]: read /opt/stack/data/neutron/dhcp/26136702-a1f1-49b4-8c97-cbcab1063254/addn_hosts - 4 names
Oct 17 01:30:00.485432 podb-esxi207 dnsmasq-dhcp[1316852]: read /opt/stack/data/neutron/dhcp/26136702-a1f1-49b4-8c97-cbcab1063254/host
Oct 17 01:30:00.485543 podb-esxi207 dnsmasq-dhcp[1316852]: read /opt/stack/data/neutron/dhcp/26136702-a1f1-49b4-8c97-cbcab1063254/opts
Oct 17 01:30:42.986922 podb-esxi207 dnsmasq[1318438]: read /opt/stack/data/neutron/dhcp/e51dd076-be36-4abd-99d7-0d5ed288f32c/addn_hosts - 6 names
Oct 17 01:30:42.987064 podb-esxi207 dnsmasq-dhcp[1318438]: read /opt/stack/data/neutron/dhcp/e51dd076-be36-4abd-99d7-0d5ed288f32c/host
Oct 17 01:30:42.987174 podb-esxi207 dnsmasq-dhcp[1318438]: read /opt/stack/data/neutron/dhcp/e51dd076-be36-4abd-99d7-0d5ed288f32c/opts
Oct 17 01:30:47.312024 podb-esxi207 dnsmasq-dhcp[1316852]: DHCPRELEASE(tapcf8305b0-3b) 10.1.0.4 fa:16:3e:2f:69:3b
Oct 17 01:30:47.329278 podb-esxi207 dnsmasq-dhcp[1316852]: DHCPRELEASE(tapcf8305b0-3b) 10.1.0.4 fa:16:3e:2f:69:3b unknown lease
Oct 17 01:30:48.153836 podb-esxi207 dnsmasq[1316852]: read /opt/stack/data/neutron/dhcp/26136702-a1f1-49b4-8c97-cbcab1063254/addn_hosts - 2 names
Oct 17 01:30:48.153934 podb-esxi207 dnsmasq-dhcp[1316852]: read /opt/stack/data/neutron/dhcp/26136702-a1f1-49b4-8c97-cbcab1063254/host
Oct 17 01:30:48.154034 podb-esxi207 dnsmasq-dhcp[1316852]: read /opt/stack/data/neutron/dhcp/26136702-a1f1-49b4-8c97-cbcab1063254/opts
Oct 17 01:30:57.358312 podb-esxi207 dnsmasq[1316852]: read /opt/stack/data/neutron/dhcp/26136702-a1f1-49b4-8c97-cbcab1063254/addn_hosts - 0 names
Oct 17 01:30:57.358374 podb-esxi207 dnsmasq-dhcp[1316852]: read /opt/stack/data/neutron/dhcp/26136702-a1f1-49b4-8c97-cbcab1063254/host
Oct 17 01:30:57.358463 podb-esxi207 dnsmasq-dhcp[1316852]: read /opt/stack/data/neutron/dhcp/26136702-a1f1-49b4-8c97-cbcab1063254/opts
Oct 17 01:30:58.301552 podb-esxi207 dnsmasq[1316852]: exiting on receipt of SIGTERM
Oct 17 01:30:59.407845 podb-esxi207 dnsmasq[1317134]: read /opt/stack/data/neutron/dhcp/826c4863-84b8-4a25-822f-dee565b61203/addn_hosts - 0 names
Oct 17 01:30:59.407912 podb-esxi207 dnsmasq-dhcp[1317134]: read /opt/stack/data/neutron/dhcp/826c4863-84b8-4a25-822f-dee565b61203/host
Oct 17 01:30:59.407986 podb-esxi207 dnsmasq-dhcp[1317134]: read /opt/stack/data/neutron/dhcp/826c4863-84b8-4a25-822f-dee565b61203/opts
Oct 17 01:31:00.140297 podb-esxi207 dnsmasq[1317134]: exiting on receipt of SIGTERM
Oct 17 01:31:06.271751 podb-esxi207 dnsmasq-dhcp[1318438]: DHCPDISCOVER(tapfef926fa-c5) fa:16:3e:38:a4:22
Oct 17 01:31:06.271777 podb-esxi207 dnsmasq-dhcp[1318438]: DHCPOFFER(tapfef926fa-c5) 10.1.0.10 fa:16:3e:38:a4:22
Oct 17 01:31:06.282641 podb-esxi207 dnsmasq-dhcp[1318438]: DHCPREQUEST(tapfef926fa-c5) 10.1.0.10 fa:16:3e:38:a4:22
Oct 17 01:31:06.282671 podb-esxi207 dnsmasq-dhcp[1318438]: DHCPACK(tapfef926fa-c5) 10.1.0.10 fa:16:3e:38:a4:22 host-10-1-0-10
Oct 17 01:32:19.086939 podb-esxi207 dnsmasq-dhcp[1318438]: DHCPRELEASE(tapfef926fa-c5) 10.1.0.10 fa:16:3e:38:a4:22
Oct 17 01:32:19.101888 podb-esxi207 dnsmasq-dhcp[1318438]: DHCPRELEASE(tapfef926fa-c5) 10.1.0.10 fa:16:3e:38:a4:22 unknown lease
Oct 17 01:32:19.926743 podb-esxi207 dnsmasq[1318438]: read /opt/stack/data/neutron/dhcp/e51dd076-be36-4abd-99d7-0d5ed288f32c/addn_hosts - 4 names
Oct 17 01:32:19.926860 podb-esxi207 dnsmasq-dhcp[1318438]: read /opt/stack/data/neutron/dhcp/e51dd076-be36-4abd-99d7-0d5ed288f32c/host
Oct 17 01:32:19.926968 podb-esxi207 dnsmasq-dhcp[1318438]: read /opt/stack/data/neutron/dhcp/e51dd076-be36-4abd-99d7-0d5ed288f32c/opts
Oct 17 01:33:57.961794 podb-esxi207 dnsmasq-dhcp[1318438]: DHCPRELEASE(tapfef926fa-c5) 10.1.0.3 fa:16:3e:e2:fe:3b
Oct 17 01:33:57.978882 podb-esxi207 dnsmasq-dhcp[1318438]: DHCPRELEASE(tapfef926fa-c5) 10.1.0.3 fa:16:3e:e2:fe:3b unknown lease
Oct 17 01:33:58.804385 podb-esxi207 dnsmasq[1318438]: read /opt/stack/data/neutron/dhcp/e51dd076-be36-4abd-99d7-0d5ed288f32c/addn_hosts - 2 names
Oct 17 01:33:58.804492 podb-esxi207 dnsmasq-dhcp[1318438]: read /opt/stack/data/neutron/dhcp/e51dd076-be36-4abd-99d7-0d5ed288f32c/host
Oct 17 01:33:58.804588 podb-esxi207 dnsmasq-dhcp[1318438]: read /opt/stack/data/neutron/dhcp/e51dd076-be36-4abd-99d7-0d5ed288f32c/opts
Oct 17 01:34:10.472859 podb-esxi207 dnsmasq[1318438]: read /opt/stack/data/neutron/dhcp/e51dd076-be36-4abd-99d7-0d5ed288f32c/addn_hosts - 4 names
Oct 17 01:34:10.472953 podb-esxi207 dnsmasq-dhcp[1318438]: read /opt/stack/data/neutron/dhcp/e51dd076-be36-4abd-99d7-0d5ed288f32c/host
Oct 17 01:34:10.473026 podb-esxi207 dnsmasq-dhcp[1318438]: read /opt/stack/data/neutron/dhcp/e51dd076-be36-4abd-99d7-0d5ed288f32c/opts
Oct 17 01:34:34.184301 podb-esxi207 dnsmasq-dhcp[1318438]: DHCPDISCOVER(tapfef926fa-c5) fa:16:3e:7e:d1:df
Oct 17 01:34:34.184326 podb-esxi207 dnsmasq-dhcp[1318438]: DHCPOFFER(tapfef926fa-c5) 10.1.0.6 fa:16:3e:7e:d1:df
Oct 17 01:34:34.194208 podb-esxi207 dnsmasq-dhcp[1318438]: DHCPREQUEST(tapfef926fa-c5) 10.1.0.6 fa:16:3e:7e:d1:df
Oct 17 01:34:34.194238 podb-esxi207 dnsmasq-dhcp[1318438]: DHCPACK(tapfef926fa-c5) 10.1.0.6 fa:16:3e:7e:d1:df host-10-1-0-6
Oct 17 01:36:00.609038 podb-esxi207 dnsmasq-dhcp[1318438]: DHCPRELEASE(tapfef926fa-c5) 10.1.0.6 fa:16:3e:7e:d1:df
Oct 17 01:36:00.626439 podb-esxi207 dnsmasq-dhcp[1318438]: DHCPRELEASE(tapfef926fa-c5) 10.1.0.6 fa:16:3e:7e:d1:df unknown lease
Oct 17 01:36:01.452304 podb-esxi207 dnsmasq[1318438]: read /opt/stack/data/neutron/dhcp/e51dd076-be36-4abd-99d7-0d5ed288f32c/addn_hosts - 2 names
Oct 17 01:36:01.452393 podb-esxi207 dnsmasq-dhcp[1318438]: read /opt/stack/data/neutron/dhcp/e51dd076-be36-4abd-99d7-0d5ed288f32c/host
Oct 17 01:36:01.452463 podb-esxi207 dnsmasq-dhcp[1318438]: read /opt/stack/data/neutron/dhcp/e51dd076-be36-4abd-99d7-0d5ed288f32c/opts
Oct 17 01:36:06.994794 podb-esxi207 dnsmasq[1318438]: read /opt/stack/data/neutron/dhcp/e51dd076-be36-4abd-99d7-0d5ed288f32c/addn_hosts - 0 names
Oct 17 01:36:06.994859 podb-esxi207 dnsmasq-dhcp[1318438]: read /opt/stack/data/neutron/dhcp/e51dd076-be36-4abd-99d7-0d5ed288f32c/host
Oct 17 01:36:06.994911 podb-esxi207 dnsmasq-dhcp[1318438]: read /opt/stack/data/neutron/dhcp/e51dd076-be36-4abd-99d7-0d5ed288f32c/opts
Oct 17 01:36:08.055527 podb-esxi207 dnsmasq[1318438]: exiting on receipt of SIGTERM
Oct 17 01:36:09.168949 podb-esxi207 dnsmasq[1318754]: read /opt/stack/data/neutron/dhcp/9da4f363-b93e-4524-953c-c3f95173e3e2/addn_hosts - 0 names
Oct 17 01:36:09.169029 podb-esxi207 dnsmasq-dhcp[1318754]: read /opt/stack/data/neutron/dhcp/9da4f363-b93e-4524-953c-c3f95173e3e2/host
Oct 17 01:36:09.169086 podb-esxi207 dnsmasq-dhcp[1318754]: read /opt/stack/data/neutron/dhcp/9da4f363-b93e-4524-953c-c3f95173e3e2/opts
Oct 17 01:36:09.930690 podb-esxi207 dnsmasq[1318754]: exiting on receipt of SIGTERM
