Oct 17 00:46:01.078548 podb-esxi207 dnsmasq-dhcp[1263902]: read /opt/stack/data/neutron/dhcp/bcc9e0f0-d905-4fbb-9dca-99dfc813efed/host
Oct 17 00:46:01.078597 podb-esxi207 dnsmasq-dhcp[1263902]: read /opt/stack/data/neutron/dhcp/bcc9e0f0-d905-4fbb-9dca-99dfc813efed/opts
Oct 17 00:46:01.838568 podb-esxi207 dnsmasq[1266377]: read /opt/stack/data/neutron/dhcp/76c289d4-f5a2-45ec-8a50-fe309f114f1f/addn_hosts - 2 names
Oct 17 00:46:01.838644 podb-esxi207 dnsmasq-dhcp[1266377]: read /opt/stack/data/neutron/dhcp/76c289d4-f5a2-45ec-8a50-fe309f114f1f/host
Oct 17 00:46:01.838715 podb-esxi207 dnsmasq-dhcp[1266377]: read /opt/stack/data/neutron/dhcp/76c289d4-f5a2-45ec-8a50-fe309f114f1f/opts
Oct 17 00:46:04.669481 podb-esxi207 dnsmasq[1267602]: started, version 2.90 cachesize 150
Oct 17 00:46:04.669512 podb-esxi207 dnsmasq[1267602]: DNS service limited to local subnets
Oct 17 00:46:04.669527 podb-esxi207 dnsmasq[1267602]: compile time options: IPv6 GNU-getopt DBus no-UBus i18n IDN2 DHCP DHCPv6 no-Lua TFTP conntrack ipset no-nftset auth cryptohash DNSSEC loop-detect inotify dumpfile
Oct 17 00:46:04.669573 podb-esxi207 dnsmasq-dhcp[1267602]: DHCP, static leases only on 10.1.0.0, lease time 1d
Oct 17 00:46:04.669725 podb-esxi207 dnsmasq[1267602]: reading /etc/resolv.conf
Oct 17 00:46:04.669742 podb-esxi207 dnsmasq[1267602]: using nameserver 127.0.0.53#53
Oct 17 00:46:04.669858 podb-esxi207 dnsmasq[1267602]: read /opt/stack/data/neutron/dhcp/3541d282-1bff-4f8c-a31f-59ad883f6b01/addn_hosts - 2 names
Oct 17 00:46:04.669916 podb-esxi207 dnsmasq-dhcp[1267602]: read /opt/stack/data/neutron/dhcp/3541d282-1bff-4f8c-a31f-59ad883f6b01/host
Oct 17 00:46:04.669994 podb-esxi207 dnsmasq-dhcp[1267602]: read /opt/stack/data/neutron/dhcp/3541d282-1bff-4f8c-a31f-59ad883f6b01/opts
Oct 17 00:46:04.700583 podb-esxi207 dnsmasq-dhcp[1261791]: DHCPRELEASE(tap35050a92-36) 10.1.0.12 fa:16:3e:a8:c6:2c
Oct 17 00:46:04.718311 podb-esxi207 dnsmasq-dhcp[1261791]: DHCPRELEASE(tap35050a92-36) 10.1.0.12 fa:16:3e:a8:c6:2c unknown lease
Oct 17 00:46:05.544504 podb-esxi207 dnsmasq[1261791]: read /opt/stack/data/neutron/dhcp/ed191d26-a74a-45fc-baac-7b3987c793ab/addn_hosts - 2 names
Oct 17 00:46:05.544679 podb-esxi207 dnsmasq-dhcp[1261791]: read /opt/stack/data/neutron/dhcp/ed191d26-a74a-45fc-baac-7b3987c793ab/host
Oct 17 00:46:05.544801 podb-esxi207 dnsmasq-dhcp[1261791]: read /opt/stack/data/neutron/dhcp/ed191d26-a74a-45fc-baac-7b3987c793ab/opts
Oct 17 00:46:05.782575 podb-esxi207 dnsmasq-dhcp[1263974]: DHCPRELEASE(tap31627aa8-33) 10.2.2.100 fa:16:3e:18:92:ac
Oct 17 00:46:05.798107 podb-esxi207 dnsmasq-dhcp[1263974]: DHCPRELEASE(tap31627aa8-33) 10.2.2.100 fa:16:3e:18:92:ac unknown lease
Oct 17 00:46:06.622851 podb-esxi207 dnsmasq[1263974]: read /opt/stack/data/neutron/dhcp/f4927e0e-445f-42b0-ac01-1371a2ac6877/addn_hosts - 0 names
Oct 17 00:46:06.622965 podb-esxi207 dnsmasq-dhcp[1263974]: read /opt/stack/data/neutron/dhcp/f4927e0e-445f-42b0-ac01-1371a2ac6877/host
Oct 17 00:46:06.623032 podb-esxi207 dnsmasq-dhcp[1263974]: read /opt/stack/data/neutron/dhcp/f4927e0e-445f-42b0-ac01-1371a2ac6877/opts
Oct 17 00:46:07.874768 podb-esxi207 dnsmasq[1266377]: exiting on receipt of SIGTERM
Oct 17 00:46:08.486269 podb-esxi207 dnsmasq-dhcp[1263322]: DHCPRELEASE(tap8847d60e-62) 10.1.0.1 fa:16:3e:62:30:32
Oct 17 00:46:09.311677 podb-esxi207 dnsmasq[1263322]: read /opt/stack/data/neutron/dhcp/c22d7053-5aff-43b2-a695-419add61373d/addn_hosts - 0 names
Oct 17 00:46:09.311766 podb-esxi207 dnsmasq-dhcp[1263322]: read /opt/stack/data/neutron/dhcp/c22d7053-5aff-43b2-a695-419add61373d/host
Oct 17 00:46:09.312054 podb-esxi207 dnsmasq-dhcp[1263322]: read /opt/stack/data/neutron/dhcp/c22d7053-5aff-43b2-a695-419add61373d/opts
Oct 17 00:46:09.542419 podb-esxi207 dnsmasq-dhcp[1263613]: DHCPRELEASE(tapb9729b05-ae) 10.1.0.1 fa:16:3e:ad:5c:d6
Oct 17 00:46:10.366406 podb-esxi207 dnsmasq[1263613]: read /opt/stack/data/neutron/dhcp/0af91d2e-44a4-49f4-acf0-082615e7db1b/addn_hosts - 0 names
Oct 17 00:46:10.366477 podb-esxi207 dnsmasq-dhcp[1263613]: read /opt/stack/data/neutron/dhcp/0af91d2e-44a4-49f4-acf0-082615e7db1b/host
Oct 17 00:46:10.366541 podb-esxi207 dnsmasq-dhcp[1263613]: read /opt/stack/data/neutron/dhcp/0af91d2e-44a4-49f4-acf0-082615e7db1b/opts
Oct 17 00:46:10.604389 podb-esxi207 dnsmasq[1267602]: exiting on receipt of SIGTERM
Oct 17 00:46:11.216479 podb-esxi207 dnsmasq-dhcp[1263902]: DHCPRELEASE(tap0e24604d-ae) 10.1.1.71 fa:16:3e:d4:5b:71
Oct 17 00:46:11.235639 podb-esxi207 dnsmasq-dhcp[1263902]: DHCPRELEASE(tap0e24604d-ae) 10.1.1.71 fa:16:3e:d4:5b:71 unknown lease
Oct 17 00:46:12.062994 podb-esxi207 dnsmasq[1263902]: read /opt/stack/data/neutron/dhcp/bcc9e0f0-d905-4fbb-9dca-99dfc813efed/addn_hosts - 2 names
Oct 17 00:46:12.063088 podb-esxi207 dnsmasq-dhcp[1263902]: read /opt/stack/data/neutron/dhcp/bcc9e0f0-d905-4fbb-9dca-99dfc813efed/host
Oct 17 00:46:12.063196 podb-esxi207 dnsmasq-dhcp[1263902]: read /opt/stack/data/neutron/dhcp/bcc9e0f0-d905-4fbb-9dca-99dfc813efed/opts
Oct 17 00:46:12.310413 podb-esxi207 dnsmasq[1261791]: exiting on receipt of SIGTERM
Oct 17 00:46:13.427010 podb-esxi207 dnsmasq[1267233]: exiting on receipt of SIGTERM
Oct 17 00:46:16.622268 podb-esxi207 dnsmasq[1268253]: started, version 2.90 cachesize 150
Oct 17 00:46:16.622298 podb-esxi207 dnsmasq[1268253]: DNS service limited to local subnets
Oct 17 00:46:16.622313 podb-esxi207 dnsmasq[1268253]: compile time options: IPv6 GNU-getopt DBus no-UBus i18n IDN2 DHCP DHCPv6 no-Lua TFTP conntrack ipset no-nftset auth cryptohash DNSSEC loop-detect inotify dumpfile
Oct 17 00:46:16.622354 podb-esxi207 dnsmasq-dhcp[1268253]: DHCP, static leases only on 10.1.0.0, lease time 1d
Oct 17 00:46:16.622508 podb-esxi207 dnsmasq[1268253]: reading /etc/resolv.conf
Oct 17 00:46:16.622524 podb-esxi207 dnsmasq[1268253]: using nameserver 127.0.0.53#53
Oct 17 00:46:16.622641 podb-esxi207 dnsmasq[1268253]: read /opt/stack/data/neutron/dhcp/cdaf8305-6005-4cc7-9900-52ac0349c66f/addn_hosts - 2 names
Oct 17 00:46:16.622698 podb-esxi207 dnsmasq-dhcp[1268253]: read /opt/stack/data/neutron/dhcp/cdaf8305-6005-4cc7-9900-52ac0349c66f/host
Oct 17 00:46:16.622763 podb-esxi207 dnsmasq-dhcp[1268253]: read /opt/stack/data/neutron/dhcp/cdaf8305-6005-4cc7-9900-52ac0349c66f/opts
Oct 17 00:46:19.854038 podb-esxi207 dnsmasq[1268518]: started, version 2.90 cachesize 150
Oct 17 00:46:19.854068 podb-esxi207 dnsmasq[1268518]: DNS service limited to local subnets
Oct 17 00:46:19.854083 podb-esxi207 dnsmasq[1268518]: compile time options: IPv6 GNU-getopt DBus no-UBus i18n IDN2 DHCP DHCPv6 no-Lua TFTP conntrack ipset no-nftset auth cryptohash DNSSEC loop-detect inotify dumpfile
Oct 17 00:46:19.854119 podb-esxi207 dnsmasq-dhcp[1268518]: DHCP, static leases only on 10.1.0.0, lease time 1d
Oct 17 00:46:19.854270 podb-esxi207 dnsmasq[1268518]: reading /etc/resolv.conf
Oct 17 00:46:19.854287 podb-esxi207 dnsmasq[1268518]: using nameserver 127.0.0.53#53
Oct 17 00:46:19.854406 podb-esxi207 dnsmasq[1268518]: read /opt/stack/data/neutron/dhcp/ba4aae09-578b-43e9-b64c-36361ab0009c/addn_hosts - 2 names
Oct 17 00:46:19.854464 podb-esxi207 dnsmasq-dhcp[1268518]: read /opt/stack/data/neutron/dhcp/ba4aae09-578b-43e9-b64c-36361ab0009c/host
Oct 17 00:46:19.854530 podb-esxi207 dnsmasq-dhcp[1268518]: read /opt/stack/data/neutron/dhcp/ba4aae09-578b-43e9-b64c-36361ab0009c/opts
Oct 17 00:46:19.885043 podb-esxi207 dnsmasq[1263322]: exiting on receipt of SIGTERM
Oct 17 00:46:20.494562 podb-esxi207 dnsmasq[1263613]: exiting on receipt of SIGTERM
Oct 17 00:46:21.633912 podb-esxi207 dnsmasq[1263902]: exiting on receipt of SIGTERM
Oct 17 00:46:24.818331 podb-esxi207 dnsmasq[1268771]: started, version 2.90 cachesize 150
Oct 17 00:46:24.818355 podb-esxi207 dnsmasq[1268771]: DNS service limited to local subnets
Oct 17 00:46:24.818370 podb-esxi207 dnsmasq[1268771]: compile time options: IPv6 GNU-getopt DBus no-UBus i18n IDN2 DHCP DHCPv6 no-Lua TFTP conntrack ipset no-nftset auth cryptohash DNSSEC loop-detect inotify dumpfile
Oct 17 00:46:24.818412 podb-esxi207 dnsmasq-dhcp[1268771]: DHCP, static leases only on 10.1.0.0, lease time 1d
Oct 17 00:46:24.818567 podb-esxi207 dnsmasq[1268771]: reading /etc/resolv.conf
Oct 17 00:46:24.818583 podb-esxi207 dnsmasq[1268771]: using nameserver 127.0.0.53#53
Oct 17 00:46:24.818698 podb-esxi207 dnsmasq[1268771]: read /opt/stack/data/neutron/dhcp/75e9b0ca-612b-4c0d-9392-c212055b8d5e/addn_hosts - 2 names
Oct 17 00:46:24.818761 podb-esxi207 dnsmasq-dhcp[1268771]: read /opt/stack/data/neutron/dhcp/75e9b0ca-612b-4c0d-9392-c212055b8d5e/host
Oct 17 00:46:24.818827 podb-esxi207 dnsmasq-dhcp[1268771]: read /opt/stack/data/neutron/dhcp/75e9b0ca-612b-4c0d-9392-c212055b8d5e/opts
Oct 17 00:46:24.848983 podb-esxi207 dnsmasq[1263974]: exiting on receipt of SIGTERM
Oct 17 00:46:26.466805 podb-esxi207 dnsmasq[1268253]: read /opt/stack/data/neutron/dhcp/cdaf8305-6005-4cc7-9900-52ac0349c66f/addn_hosts - 4 names
Oct 17 00:46:26.466892 podb-esxi207 dnsmasq-dhcp[1268253]: read /opt/stack/data/neutron/dhcp/cdaf8305-6005-4cc7-9900-52ac0349c66f/host
Oct 17 00:46:26.466995 podb-esxi207 dnsmasq-dhcp[1268253]: read /opt/stack/data/neutron/dhcp/cdaf8305-6005-4cc7-9900-52ac0349c66f/opts
Oct 17 00:46:28.221153 podb-esxi207 dnsmasq[1268518]: read /opt/stack/data/neutron/dhcp/ba4aae09-578b-43e9-b64c-36361ab0009c/addn_hosts - 4 names
Oct 17 00:46:28.221246 podb-esxi207 dnsmasq-dhcp[1268518]: read /opt/stack/data/neutron/dhcp/ba4aae09-578b-43e9-b64c-36361ab0009c/host
Oct 17 00:46:28.221360 podb-esxi207 dnsmasq-dhcp[1268518]: read /opt/stack/data/neutron/dhcp/ba4aae09-578b-43e9-b64c-36361ab0009c/opts
Oct 17 00:46:29.483935 podb-esxi207 dnsmasq[1268771]: read /opt/stack/data/neutron/dhcp/75e9b0ca-612b-4c0d-9392-c212055b8d5e/addn_hosts - 2 names
Oct 17 00:46:29.484015 podb-esxi207 dnsmasq-dhcp[1268771]: read /opt/stack/data/neutron/dhcp/75e9b0ca-612b-4c0d-9392-c212055b8d5e/host
Oct 17 00:46:29.484108 podb-esxi207 dnsmasq-dhcp[1268771]: read /opt/stack/data/neutron/dhcp/75e9b0ca-612b-4c0d-9392-c212055b8d5e/opts
Oct 17 00:46:30.222445 podb-esxi207 dnsmasq[1268253]: read /opt/stack/data/neutron/dhcp/cdaf8305-6005-4cc7-9900-52ac0349c66f/addn_hosts - 4 names
Oct 17 00:46:30.222594 podb-esxi207 dnsmasq-dhcp[1268253]: read /opt/stack/data/neutron/dhcp/cdaf8305-6005-4cc7-9900-52ac0349c66f/host
Oct 17 00:46:30.222706 podb-esxi207 dnsmasq-dhcp[1268253]: read /opt/stack/data/neutron/dhcp/cdaf8305-6005-4cc7-9900-52ac0349c66f/opts
Oct 17 00:46:31.479247 podb-esxi207 dnsmasq[1268518]: read /opt/stack/data/neutron/dhcp/ba4aae09-578b-43e9-b64c-36361ab0009c/addn_hosts - 4 names
Oct 17 00:46:31.479385 podb-esxi207 dnsmasq-dhcp[1268518]: read /opt/stack/data/neutron/dhcp/ba4aae09-578b-43e9-b64c-36361ab0009c/host
Oct 17 00:46:31.479496 podb-esxi207 dnsmasq-dhcp[1268518]: read /opt/stack/data/neutron/dhcp/ba4aae09-578b-43e9-b64c-36361ab0009c/opts
Oct 17 00:46:32.358956 podb-esxi207 dnsmasq[1268771]: read /opt/stack/data/neutron/dhcp/75e9b0ca-612b-4c0d-9392-c212055b8d5e/addn_hosts - 2 names
Oct 17 00:46:32.359039 podb-esxi207 dnsmasq-dhcp[1268771]: read /opt/stack/data/neutron/dhcp/75e9b0ca-612b-4c0d-9392-c212055b8d5e/host
Oct 17 00:46:32.359134 podb-esxi207 dnsmasq-dhcp[1268771]: read /opt/stack/data/neutron/dhcp/75e9b0ca-612b-4c0d-9392-c212055b8d5e/opts
Oct 17 00:46:33.108608 podb-esxi207 dnsmasq[1268253]: read /opt/stack/data/neutron/dhcp/cdaf8305-6005-4cc7-9900-52ac0349c66f/addn_hosts - 4 names
Oct 17 00:46:33.108734 podb-esxi207 dnsmasq-dhcp[1268253]: read /opt/stack/data/neutron/dhcp/cdaf8305-6005-4cc7-9900-52ac0349c66f/host
Oct 17 00:46:33.108810 podb-esxi207 dnsmasq-dhcp[1268253]: read /opt/stack/data/neutron/dhcp/cdaf8305-6005-4cc7-9900-52ac0349c66f/opts
Oct 17 00:46:34.346014 podb-esxi207 dnsmasq[1268518]: read /opt/stack/data/neutron/dhcp/ba4aae09-578b-43e9-b64c-36361ab0009c/addn_hosts - 4 names
Oct 17 00:46:34.346158 podb-esxi207 dnsmasq-dhcp[1268518]: read /opt/stack/data/neutron/dhcp/ba4aae09-578b-43e9-b64c-36361ab0009c/host
Oct 17 00:46:34.346260 podb-esxi207 dnsmasq-dhcp[1268518]: read /opt/stack/data/neutron/dhcp/ba4aae09-578b-43e9-b64c-36361ab0009c/opts
Oct 17 00:46:37.108133 podb-esxi207 dnsmasq[1269315]: started, version 2.90 cachesize 150
Oct 17 00:46:37.108161 podb-esxi207 dnsmasq[1269315]: DNS service limited to local subnets
Oct 17 00:46:37.108174 podb-esxi207 dnsmasq[1269315]: compile time options: IPv6 GNU-getopt DBus no-UBus i18n IDN2 DHCP DHCPv6 no-Lua TFTP conntrack ipset no-nftset auth cryptohash DNSSEC loop-detect inotify dumpfile
Oct 17 00:46:37.108208 podb-esxi207 dnsmasq-dhcp[1269315]: DHCP, static leases only on 10.1.0.0, lease time 1d
Oct 17 00:46:37.108356 podb-esxi207 dnsmasq[1269315]: reading /etc/resolv.conf
Oct 17 00:46:37.108372 podb-esxi207 dnsmasq[1269315]: using nameserver 127.0.0.53#53
Oct 17 00:46:37.108472 podb-esxi207 dnsmasq[1269315]: read /opt/stack/data/neutron/dhcp/fe33e7e5-6315-4f83-9a9e-88970ae2f298/addn_hosts - 2 names
Oct 17 00:46:37.108534 podb-esxi207 dnsmasq-dhcp[1269315]: read /opt/stack/data/neutron/dhcp/fe33e7e5-6315-4f83-9a9e-88970ae2f298/host
Oct 17 00:46:37.108599 podb-esxi207 dnsmasq-dhcp[1269315]: read /opt/stack/data/neutron/dhcp/fe33e7e5-6315-4f83-9a9e-88970ae2f298/opts
Oct 17 00:46:40.175288 podb-esxi207 dnsmasq[1269425]: started, version 2.90 cachesize 150
Oct 17 00:46:40.175310 podb-esxi207 dnsmasq[1269425]: DNS service limited to local subnets
Oct 17 00:46:40.175324 podb-esxi207 dnsmasq[1269425]: compile time options: IPv6 GNU-getopt DBus no-UBus i18n IDN2 DHCP DHCPv6 no-Lua TFTP conntrack ipset no-nftset auth cryptohash DNSSEC loop-detect inotify dumpfile
Oct 17 00:46:40.175359 podb-esxi207 dnsmasq-dhcp[1269425]: DHCP, static leases only on 10.1.0.0, lease time 1d
Oct 17 00:46:40.175501 podb-esxi207 dnsmasq[1269425]: reading /etc/resolv.conf
Oct 17 00:46:40.175516 podb-esxi207 dnsmasq[1269425]: using nameserver 127.0.0.53#53
Oct 17 00:46:40.175629 podb-esxi207 dnsmasq[1269425]: read /opt/stack/data/neutron/dhcp/3141935d-4a00-4f3f-a8f7-c4f413d88284/addn_hosts - 2 names
Oct 17 00:46:40.175690 podb-esxi207 dnsmasq-dhcp[1269425]: read /opt/stack/data/neutron/dhcp/3141935d-4a00-4f3f-a8f7-c4f413d88284/host
Oct 17 00:46:40.175755 podb-esxi207 dnsmasq-dhcp[1269425]: read /opt/stack/data/neutron/dhcp/3141935d-4a00-4f3f-a8f7-c4f413d88284/opts
Oct 17 00:46:40.201810 podb-esxi207 dnsmasq[1260273]: exiting on receipt of SIGTERM
Oct 17 00:46:40.808487 podb-esxi207 dnsmasq[1262692]: exiting on receipt of SIGTERM
Oct 17 00:46:41.926150 podb-esxi207 dnsmasq[1268771]: read /opt/stack/data/neutron/dhcp/75e9b0ca-612b-4c0d-9392-c212055b8d5e/addn_hosts - 2 names
Oct 17 00:46:41.926253 podb-esxi207 dnsmasq-dhcp[1268771]: read /opt/stack/data/neutron/dhcp/75e9b0ca-612b-4c0d-9392-c212055b8d5e/host
Oct 17 00:46:41.926336 podb-esxi207 dnsmasq-dhcp[1268771]: read /opt/stack/data/neutron/dhcp/75e9b0ca-612b-4c0d-9392-c212055b8d5e/opts
Oct 17 00:46:42.658828 podb-esxi207 dnsmasq[1268253]: read /opt/stack/data/neutron/dhcp/cdaf8305-6005-4cc7-9900-52ac0349c66f/addn_hosts - 4 names
Oct 17 00:46:42.658908 podb-esxi207 dnsmasq-dhcp[1268253]: read /opt/stack/data/neutron/dhcp/cdaf8305-6005-4cc7-9900-52ac0349c66f/host
Oct 17 00:46:42.659003 podb-esxi207 dnsmasq-dhcp[1268253]: read /opt/stack/data/neutron/dhcp/cdaf8305-6005-4cc7-9900-52ac0349c66f/opts
Oct 17 00:46:43.378922 podb-esxi207 dnsmasq[1268518]: read /opt/stack/data/neutron/dhcp/ba4aae09-578b-43e9-b64c-36361ab0009c/addn_hosts - 4 names
Oct 17 00:46:43.379038 podb-esxi207 dnsmasq-dhcp[1268518]: read /opt/stack/data/neutron/dhcp/ba4aae09-578b-43e9-b64c-36361ab0009c/host
Oct 17 00:46:43.379127 podb-esxi207 dnsmasq-dhcp[1268518]: read /opt/stack/data/neutron/dhcp/ba4aae09-578b-43e9-b64c-36361ab0009c/opts
Oct 17 00:46:44.642795 podb-esxi207 dnsmasq[1269315]: read /opt/stack/data/neutron/dhcp/fe33e7e5-6315-4f83-9a9e-88970ae2f298/addn_hosts - 2 names
Oct 17 00:46:44.642905 podb-esxi207 dnsmasq-dhcp[1269315]: read /opt/stack/data/neutron/dhcp/fe33e7e5-6315-4f83-9a9e-88970ae2f298/host
Oct 17 00:46:44.642999 podb-esxi207 dnsmasq-dhcp[1269315]: read /opt/stack/data/neutron/dhcp/fe33e7e5-6315-4f83-9a9e-88970ae2f298/opts
Oct 17 00:46:46.393125 podb-esxi207 dnsmasq[1269425]: read /opt/stack/data/neutron/dhcp/3141935d-4a00-4f3f-a8f7-c4f413d88284/addn_hosts - 2 names
Oct 17 00:46:46.393220 podb-esxi207 dnsmasq-dhcp[1269425]: read /opt/stack/data/neutron/dhcp/3141935d-4a00-4f3f-a8f7-c4f413d88284/host
Oct 17 00:46:46.393332 podb-esxi207 dnsmasq-dhcp[1269425]: read /opt/stack/data/neutron/dhcp/3141935d-4a00-4f3f-a8f7-c4f413d88284/opts
Oct 17 00:46:47.138155 podb-esxi207 dnsmasq[1268253]: read /opt/stack/data/neutron/dhcp/cdaf8305-6005-4cc7-9900-52ac0349c66f/addn_hosts - 2 names
Oct 17 00:46:47.138250 podb-esxi207 dnsmasq-dhcp[1268253]: read /opt/stack/data/neutron/dhcp/cdaf8305-6005-4cc7-9900-52ac0349c66f/host
Oct 17 00:46:47.138362 podb-esxi207 dnsmasq-dhcp[1268253]: read /opt/stack/data/neutron/dhcp/cdaf8305-6005-4cc7-9900-52ac0349c66f/opts
Oct 17 00:46:47.882321 podb-esxi207 dnsmasq[1268518]: read /opt/stack/data/neutron/dhcp/ba4aae09-578b-43e9-b64c-36361ab0009c/addn_hosts - 2 names
Oct 17 00:46:47.882468 podb-esxi207 dnsmasq-dhcp[1268518]: read /opt/stack/data/neutron/dhcp/ba4aae09-578b-43e9-b64c-36361ab0009c/host
Oct 17 00:46:47.882718 podb-esxi207 dnsmasq-dhcp[1268518]: read /opt/stack/data/neutron/dhcp/ba4aae09-578b-43e9-b64c-36361ab0009c/opts
Oct 17 00:46:48.630536 podb-esxi207 dnsmasq[1269315]: read /opt/stack/data/neutron/dhcp/fe33e7e5-6315-4f83-9a9e-88970ae2f298/addn_hosts - 2 names
Oct 17 00:46:48.630643 podb-esxi207 dnsmasq-dhcp[1269315]: read /opt/stack/data/neutron/dhcp/fe33e7e5-6315-4f83-9a9e-88970ae2f298/host
Oct 17 00:46:48.630767 podb-esxi207 dnsmasq-dhcp[1269315]: read /opt/stack/data/neutron/dhcp/fe33e7e5-6315-4f83-9a9e-88970ae2f298/opts
Oct 17 00:46:49.880663 podb-esxi207 dnsmasq[1269425]: read /opt/stack/data/neutron/dhcp/3141935d-4a00-4f3f-a8f7-c4f413d88284/addn_hosts - 2 names
Oct 17 00:46:49.880746 podb-esxi207 dnsmasq-dhcp[1269425]: read /opt/stack/data/neutron/dhcp/3141935d-4a00-4f3f-a8f7-c4f413d88284/host
Oct 17 00:46:49.880823 podb-esxi207 dnsmasq-dhcp[1269425]: read /opt/stack/data/neutron/dhcp/3141935d-4a00-4f3f-a8f7-c4f413d88284/opts
Oct 17 00:46:50.128768 podb-esxi207 dnsmasq-dhcp[1259901]: DHCPRELEASE(tapa5e3014f-1c) 10.1.0.4 fa:16:3e:13:49:06
Oct 17 00:46:50.144040 podb-esxi207 dnsmasq-dhcp[1259901]: DHCPRELEASE(tapa5e3014f-1c) 10.1.0.4 fa:16:3e:13:49:06 unknown lease
Oct 17 00:46:50.968502 podb-esxi207 dnsmasq[1259901]: read /opt/stack/data/neutron/dhcp/99a9da0c-55e9-4a32-9f0f-2b492787203d/addn_hosts - 4 names
Oct 17 00:46:50.968627 podb-esxi207 dnsmasq-dhcp[1259901]: read /opt/stack/data/neutron/dhcp/99a9da0c-55e9-4a32-9f0f-2b492787203d/host
Oct 17 00:46:50.968781 podb-esxi207 dnsmasq-dhcp[1259901]: read /opt/stack/data/neutron/dhcp/99a9da0c-55e9-4a32-9f0f-2b492787203d/opts
Oct 17 00:46:51.714357 podb-esxi207 dnsmasq[1269315]: read /opt/stack/data/neutron/dhcp/fe33e7e5-6315-4f83-9a9e-88970ae2f298/addn_hosts - 2 names
Oct 17 00:46:51.714472 podb-esxi207 dnsmasq-dhcp[1269315]: read /opt/stack/data/neutron/dhcp/fe33e7e5-6315-4f83-9a9e-88970ae2f298/host
Oct 17 00:46:51.714591 podb-esxi207 dnsmasq-dhcp[1269315]: read /opt/stack/data/neutron/dhcp/fe33e7e5-6315-4f83-9a9e-88970ae2f298/opts
Oct 17 00:46:51.956710 podb-esxi207 dnsmasq-dhcp[1268518]: DHCPRELEASE(tap4cdd03d8-30) 10.1.0.1 fa:16:3e:35:42:69
Oct 17 00:46:52.782397 podb-esxi207 dnsmasq[1268518]: read /opt/stack/data/neutron/dhcp/ba4aae09-578b-43e9-b64c-36361ab0009c/addn_hosts - 0 names
Oct 17 00:46:52.782492 podb-esxi207 dnsmasq-dhcp[1268518]: read /opt/stack/data/neutron/dhcp/ba4aae09-578b-43e9-b64c-36361ab0009c/host
Oct 17 00:46:52.782913 podb-esxi207 dnsmasq-dhcp[1268518]: read /opt/stack/data/neutron/dhcp/ba4aae09-578b-43e9-b64c-36361ab0009c/opts
Oct 17 00:46:54.044519 podb-esxi207 dnsmasq[1269425]: read /opt/stack/data/neutron/dhcp/3141935d-4a00-4f3f-a8f7-c4f413d88284/addn_hosts - 2 names
Oct 17 00:46:54.044658 podb-esxi207 dnsmasq-dhcp[1269425]: read /opt/stack/data/neutron/dhcp/3141935d-4a00-4f3f-a8f7-c4f413d88284/host
Oct 17 00:46:54.044786 podb-esxi207 dnsmasq-dhcp[1269425]: read /opt/stack/data/neutron/dhcp/3141935d-4a00-4f3f-a8f7-c4f413d88284/opts
Oct 17 00:46:54.313387 podb-esxi207 dnsmasq-dhcp[1259901]: DHCPRELEASE(tapa5e3014f-1c) 10.1.0.13 fa:16:3e:cf:05:4a
Oct 17 00:46:54.331156 podb-esxi207 dnsmasq-dhcp[1259901]: DHCPRELEASE(tapa5e3014f-1c) 10.1.0.13 fa:16:3e:cf:05:4a unknown lease
Oct 17 00:46:55.158257 podb-esxi207 dnsmasq[1259901]: read /opt/stack/data/neutron/dhcp/99a9da0c-55e9-4a32-9f0f-2b492787203d/addn_hosts - 2 names
Oct 17 00:46:55.158377 podb-esxi207 dnsmasq-dhcp[1259901]: read /opt/stack/data/neutron/dhcp/99a9da0c-55e9-4a32-9f0f-2b492787203d/host
Oct 17 00:46:55.158496 podb-esxi207 dnsmasq-dhcp[1259901]: read /opt/stack/data/neutron/dhcp/99a9da0c-55e9-4a32-9f0f-2b492787203d/opts
Oct 17 00:46:55.394967 podb-esxi207 dnsmasq-dhcp[1268771]: DHCPRELEASE(tap5744a3c5-89) 10.1.0.1 fa:16:3e:c0:df:be
Oct 17 00:46:56.222859 podb-esxi207 dnsmasq[1268771]: read /opt/stack/data/neutron/dhcp/75e9b0ca-612b-4c0d-9392-c212055b8d5e/addn_hosts - 0 names
Oct 17 00:46:56.222936 podb-esxi207 dnsmasq-dhcp[1268771]: read /opt/stack/data/neutron/dhcp/75e9b0ca-612b-4c0d-9392-c212055b8d5e/host
Oct 17 00:46:56.223014 podb-esxi207 dnsmasq-dhcp[1268771]: read /opt/stack/data/neutron/dhcp/75e9b0ca-612b-4c0d-9392-c212055b8d5e/opts
Oct 17 00:46:56.452176 podb-esxi207 dnsmasq[1268518]: exiting on receipt of SIGTERM
Oct 17 00:46:57.062193 podb-esxi207 dnsmasq-dhcp[1269315]: DHCPRELEASE(tap7a76ac7c-79) 10.1.0.1 fa:16:3e:a4:53:b6
Oct 17 00:46:57.887733 podb-esxi207 dnsmasq[1269315]: read /opt/stack/data/neutron/dhcp/fe33e7e5-6315-4f83-9a9e-88970ae2f298/addn_hosts - 0 names
Oct 17 00:46:57.887831 podb-esxi207 dnsmasq-dhcp[1269315]: read /opt/stack/data/neutron/dhcp/fe33e7e5-6315-4f83-9a9e-88970ae2f298/host
Oct 17 00:46:57.887935 podb-esxi207 dnsmasq-dhcp[1269315]: read /opt/stack/data/neutron/dhcp/fe33e7e5-6315-4f83-9a9e-88970ae2f298/opts
Oct 17 00:46:59.147802 podb-esxi207 dnsmasq[1269425]: read /opt/stack/data/neutron/dhcp/3141935d-4a00-4f3f-a8f7-c4f413d88284/addn_hosts - 4 names
Oct 17 00:46:59.147936 podb-esxi207 dnsmasq-dhcp[1269425]: read /opt/stack/data/neutron/dhcp/3141935d-4a00-4f3f-a8f7-c4f413d88284/host
Oct 17 00:46:59.148043 podb-esxi207 dnsmasq-dhcp[1269425]: read /opt/stack/data/neutron/dhcp/3141935d-4a00-4f3f-a8f7-c4f413d88284/opts
Oct 17 00:46:59.395365 podb-esxi207 dnsmasq-dhcp[1268253]: DHCPRELEASE(tap7b2c9fcb-38) 10.1.0.1 fa:16:3e:30:9a:ef
Oct 17 00:47:00.219812 podb-esxi207 dnsmasq[1268253]: read /opt/stack/data/neutron/dhcp/cdaf8305-6005-4cc7-9900-52ac0349c66f/addn_hosts - 0 names
Oct 17 00:47:00.219926 podb-esxi207 dnsmasq-dhcp[1268253]: read /opt/stack/data/neutron/dhcp/cdaf8305-6005-4cc7-9900-52ac0349c66f/host
Oct 17 00:47:00.220027 podb-esxi207 dnsmasq-dhcp[1268253]: read /opt/stack/data/neutron/dhcp/cdaf8305-6005-4cc7-9900-52ac0349c66f/opts
Oct 17 00:47:00.499018 podb-esxi207 dnsmasq[1268771]: exiting on receipt of SIGTERM
Oct 17 00:47:03.768065 podb-esxi207 dnsmasq[1270641]: started, version 2.90 cachesize 150
Oct 17 00:47:03.768091 podb-esxi207 dnsmasq[1270641]: DNS service limited to local subnets
Oct 17 00:47:03.768106 podb-esxi207 dnsmasq[1270641]: compile time options: IPv6 GNU-getopt DBus no-UBus i18n IDN2 DHCP DHCPv6 no-Lua TFTP conntrack ipset no-nftset auth cryptohash DNSSEC loop-detect inotify dumpfile
Oct 17 00:47:03.768150 podb-esxi207 dnsmasq-dhcp[1270641]: DHCP, static leases only on 10.1.0.0, lease time 1d
Oct 17 00:47:03.768315 podb-esxi207 dnsmasq[1270641]: reading /etc/resolv.conf
Oct 17 00:47:03.768331 podb-esxi207 dnsmasq[1270641]: using nameserver 127.0.0.53#53
Oct 17 00:47:03.768440 podb-esxi207 dnsmasq[1270641]: read /opt/stack/data/neutron/dhcp/44772504-4389-4190-80b2-d0af22c6ec0c/addn_hosts - 2 names
Oct 17 00:47:03.768508 podb-esxi207 dnsmasq-dhcp[1270641]: read /opt/stack/data/neutron/dhcp/44772504-4389-4190-80b2-d0af22c6ec0c/host
Oct 17 00:47:03.768575 podb-esxi207 dnsmasq-dhcp[1270641]: read /opt/stack/data/neutron/dhcp/44772504-4389-4190-80b2-d0af22c6ec0c/opts
Oct 17 00:47:03.795669 podb-esxi207 dnsmasq[1269315]: exiting on receipt of SIGTERM
Oct 17 00:47:08.065991 podb-esxi207 dnsmasq[1271063]: started, version 2.90 cachesize 150
Oct 17 00:47:08.066020 podb-esxi207 dnsmasq[1271063]: DNS service limited to local subnets
Oct 17 00:47:08.066035 podb-esxi207 dnsmasq[1271063]: compile time options: IPv6 GNU-getopt DBus no-UBus i18n IDN2 DHCP DHCPv6 no-Lua TFTP conntrack ipset no-nftset auth cryptohash DNSSEC loop-detect inotify dumpfile
Oct 17 00:47:08.066071 podb-esxi207 dnsmasq-dhcp[1271063]: DHCP, static leases only on 10.1.0.0, lease time 1d
Oct 17 00:47:08.066223 podb-esxi207 dnsmasq[1271063]: reading /etc/resolv.conf
Oct 17 00:47:08.066239 podb-esxi207 dnsmasq[1271063]: using nameserver 127.0.0.53#53
Oct 17 00:47:08.066353 podb-esxi207 dnsmasq[1271063]: read /opt/stack/data/neutron/dhcp/d721be77-d99d-403c-a2fb-f1bef1be681a/addn_hosts - 2 names
Oct 17 00:47:08.066408 podb-esxi207 dnsmasq-dhcp[1271063]: read /opt/stack/data/neutron/dhcp/d721be77-d99d-403c-a2fb-f1bef1be681a/host
Oct 17 00:47:08.066474 podb-esxi207 dnsmasq-dhcp[1271063]: read /opt/stack/data/neutron/dhcp/d721be77-d99d-403c-a2fb-f1bef1be681a/opts
Oct 17 00:47:08.088786 podb-esxi207 dnsmasq[1268253]: exiting on receipt of SIGTERM
Oct 17 00:47:11.303351 podb-esxi207 dnsmasq[1271238]: started, version 2.90 cachesize 150
Oct 17 00:47:11.303382 podb-esxi207 dnsmasq[1271238]: DNS service limited to local subnets
Oct 17 00:47:11.303398 podb-esxi207 dnsmasq[1271238]: compile time options: IPv6 GNU-getopt DBus no-UBus i18n IDN2 DHCP DHCPv6 no-Lua TFTP conntrack ipset no-nftset auth cryptohash DNSSEC loop-detect inotify dumpfile
Oct 17 00:47:11.303433 podb-esxi207 dnsmasq-dhcp[1271238]: DHCP, static leases only on 10.1.0.0, lease time 1d
Oct 17 00:47:11.303586 podb-esxi207 dnsmasq[1271238]: reading /etc/resolv.conf
Oct 17 00:47:11.303606 podb-esxi207 dnsmasq[1271238]: using nameserver 127.0.0.53#53
Oct 17 00:47:11.303720 podb-esxi207 dnsmasq[1271238]: read /opt/stack/data/neutron/dhcp/6d80a327-5f66-42c9-951a-d6b3c1e6ef37/addn_hosts - 2 names
Oct 17 00:47:11.303774 podb-esxi207 dnsmasq-dhcp[1271238]: read /opt/stack/data/neutron/dhcp/6d80a327-5f66-42c9-951a-d6b3c1e6ef37/host
Oct 17 00:47:11.303843 podb-esxi207 dnsmasq-dhcp[1271238]: read /opt/stack/data/neutron/dhcp/6d80a327-5f66-42c9-951a-d6b3c1e6ef37/opts
Oct 17 00:47:12.344494 podb-esxi207 dnsmasq[1270641]: read /opt/stack/data/neutron/dhcp/44772504-4389-4190-80b2-d0af22c6ec0c/addn_hosts - 4 names
Oct 17 00:47:12.344623 podb-esxi207 dnsmasq-dhcp[1270641]: read /opt/stack/data/neutron/dhcp/44772504-4389-4190-80b2-d0af22c6ec0c/host
Oct 17 00:47:12.344768 podb-esxi207 dnsmasq-dhcp[1270641]: read /opt/stack/data/neutron/dhcp/44772504-4389-4190-80b2-d0af22c6ec0c/opts
Oct 17 00:47:14.099970 podb-esxi207 dnsmasq[1271063]: read /opt/stack/data/neutron/dhcp/d721be77-d99d-403c-a2fb-f1bef1be681a/addn_hosts - 2 names
Oct 17 00:47:14.100004 podb-esxi207 dnsmasq-dhcp[1271063]: read /opt/stack/data/neutron/dhcp/d721be77-d99d-403c-a2fb-f1bef1be681a/host
Oct 17 00:47:14.100029 podb-esxi207 dnsmasq-dhcp[1271063]: read /opt/stack/data/neutron/dhcp/d721be77-d99d-403c-a2fb-f1bef1be681a/opts
Oct 17 00:47:16.885872 podb-esxi207 dnsmasq[1271432]: started, version 2.90 cachesize 150
Oct 17 00:47:16.885900 podb-esxi207 dnsmasq[1271432]: DNS service limited to local subnets
Oct 17 00:47:16.885914 podb-esxi207 dnsmasq[1271432]: compile time options: IPv6 GNU-getopt DBus no-UBus i18n IDN2 DHCP DHCPv6 no-Lua TFTP conntrack ipset no-nftset auth cryptohash DNSSEC loop-detect inotify dumpfile
Oct 17 00:47:16.885954 podb-esxi207 dnsmasq-dhcp[1271432]: DHCP, static leases only on 10.10.10.0, lease time 1d
Oct 17 00:47:16.886192 podb-esxi207 dnsmasq[1271432]: reading /etc/resolv.conf
Oct 17 00:47:16.886209 podb-esxi207 dnsmasq[1271432]: using nameserver 127.0.0.53#53
Oct 17 00:47:16.886290 podb-esxi207 dnsmasq[1271432]: read /opt/stack/data/neutron/dhcp/b8f15aab-4c01-4369-a631-78e8264f6719/addn_hosts - 0 names
Oct 17 00:47:16.886339 podb-esxi207 dnsmasq-dhcp[1271432]: read /opt/stack/data/neutron/dhcp/b8f15aab-4c01-4369-a631-78e8264f6719/host
Oct 17 00:47:16.886394 podb-esxi207 dnsmasq-dhcp[1271432]: read /opt/stack/data/neutron/dhcp/b8f15aab-4c01-4369-a631-78e8264f6719/opts
Oct 17 00:47:16.915304 podb-esxi207 dnsmasq[1259901]: exiting on receipt of SIGTERM
Oct 17 00:47:18.015329 podb-esxi207 dnsmasq[1270641]: read /opt/stack/data/neutron/dhcp/44772504-4389-4190-80b2-d0af22c6ec0c/addn_hosts - 4 names
Oct 17 00:47:18.015458 podb-esxi207 dnsmasq-dhcp[1270641]: read /opt/stack/data/neutron/dhcp/44772504-4389-4190-80b2-d0af22c6ec0c/host
Oct 17 00:47:18.015551 podb-esxi207 dnsmasq-dhcp[1270641]: read /opt/stack/data/neutron/dhcp/44772504-4389-4190-80b2-d0af22c6ec0c/opts
Oct 17 00:47:19.251223 podb-esxi207 dnsmasq[1271063]: read /opt/stack/data/neutron/dhcp/d721be77-d99d-403c-a2fb-f1bef1be681a/addn_hosts - 2 names
Oct 17 00:47:19.251319 podb-esxi207 dnsmasq-dhcp[1271063]: read /opt/stack/data/neutron/dhcp/d721be77-d99d-403c-a2fb-f1bef1be681a/host
Oct 17 00:47:19.251413 podb-esxi207 dnsmasq-dhcp[1271063]: read /opt/stack/data/neutron/dhcp/d721be77-d99d-403c-a2fb-f1bef1be681a/opts
Oct 17 00:47:19.491684 podb-esxi207 dnsmasq[1262412]: exiting on receipt of SIGTERM
Oct 17 00:47:23.219999 podb-esxi207 dnsmasq[1271997]: started, version 2.90 cachesize 150
Oct 17 00:47:23.220022 podb-esxi207 dnsmasq[1271997]: DNS service limited to local subnets
Oct 17 00:47:23.220037 podb-esxi207 dnsmasq[1271997]: compile time options: IPv6 GNU-getopt DBus no-UBus i18n IDN2 DHCP DHCPv6 no-Lua TFTP conntrack ipset no-nftset auth cryptohash DNSSEC loop-detect inotify dumpfile
Oct 17 00:47:23.220084 podb-esxi207 dnsmasq-dhcp[1271997]: DHCP, static leases only on 10.1.0.0, lease time 1d
Oct 17 00:47:23.220232 podb-esxi207 dnsmasq[1271997]: reading /etc/resolv.conf
Oct 17 00:47:23.220248 podb-esxi207 dnsmasq[1271997]: using nameserver 127.0.0.53#53
Oct 17 00:47:23.220356 podb-esxi207 dnsmasq[1271997]: read /opt/stack/data/neutron/dhcp/b5b460a4-a238-4b22-b541-76c476a8ab1d/addn_hosts - 2 names
Oct 17 00:47:23.220412 podb-esxi207 dnsmasq-dhcp[1271997]: read /opt/stack/data/neutron/dhcp/b5b460a4-a238-4b22-b541-76c476a8ab1d/host
Oct 17 00:47:23.220477 podb-esxi207 dnsmasq-dhcp[1271997]: read /opt/stack/data/neutron/dhcp/b5b460a4-a238-4b22-b541-76c476a8ab1d/opts
Oct 17 00:47:23.245165 podb-esxi207 dnsmasq[1263458]: exiting on receipt of SIGTERM
Oct 17 00:47:24.356056 podb-esxi207 dnsmasq[1270641]: read /opt/stack/data/neutron/dhcp/44772504-4389-4190-80b2-d0af22c6ec0c/addn_hosts - 4 names
Oct 17 00:47:24.356168 podb-esxi207 dnsmasq-dhcp[1270641]: read /opt/stack/data/neutron/dhcp/44772504-4389-4190-80b2-d0af22c6ec0c/host
Oct 17 00:47:24.356284 podb-esxi207 dnsmasq-dhcp[1270641]: read /opt/stack/data/neutron/dhcp/44772504-4389-4190-80b2-d0af22c6ec0c/opts
Oct 17 00:47:24.861287 podb-esxi207 dnsmasq-dhcp[1269425]: DHCPDISCOVER(tap7a593282-f5) fa:16:3e:ae:ea:27
Oct 17 00:47:24.861312 podb-esxi207 dnsmasq-dhcp[1269425]: DHCPOFFER(tap7a593282-f5) 10.1.0.9 fa:16:3e:ae:ea:27
Oct 17 00:47:24.873740 podb-esxi207 dnsmasq-dhcp[1269425]: DHCPREQUEST(tap7a593282-f5) 10.1.0.9 fa:16:3e:ae:ea:27
Oct 17 00:47:24.873767 podb-esxi207 dnsmasq-dhcp[1269425]: DHCPACK(tap7a593282-f5) 10.1.0.9 fa:16:3e:ae:ea:27 host-10-1-0-9
Oct 17 00:47:25.600182 podb-esxi207 dnsmasq[1271063]: read /opt/stack/data/neutron/dhcp/d721be77-d99d-403c-a2fb-f1bef1be681a/addn_hosts - 2 names
Oct 17 00:47:25.600209 podb-esxi207 dnsmasq-dhcp[1271063]: read /opt/stack/data/neutron/dhcp/d721be77-d99d-403c-a2fb-f1bef1be681a/host
Oct 17 00:47:25.600229 podb-esxi207 dnsmasq-dhcp[1271063]: read /opt/stack/data/neutron/dhcp/d721be77-d99d-403c-a2fb-f1bef1be681a/opts
Oct 17 00:47:26.841421 podb-esxi207 dnsmasq[1271997]: exiting on receipt of SIGTERM
Oct 17 00:47:28.445672 podb-esxi207 dnsmasq[1271238]: read /opt/stack/data/neutron/dhcp/6d80a327-5f66-42c9-951a-d6b3c1e6ef37/addn_hosts - 2 names
Oct 17 00:47:28.445766 podb-esxi207 dnsmasq-dhcp[1271238]: read /opt/stack/data/neutron/dhcp/6d80a327-5f66-42c9-951a-d6b3c1e6ef37/host
Oct 17 00:47:28.445866 podb-esxi207 dnsmasq-dhcp[1271238]: read /opt/stack/data/neutron/dhcp/6d80a327-5f66-42c9-951a-d6b3c1e6ef37/opts
Oct 17 00:47:29.683093 podb-esxi207 dnsmasq[1271432]: read /opt/stack/data/neutron/dhcp/b8f15aab-4c01-4369-a631-78e8264f6719/addn_hosts - 0 names
Oct 17 00:47:29.683163 podb-esxi207 dnsmasq-dhcp[1271432]: read /opt/stack/data/neutron/dhcp/b8f15aab-4c01-4369-a631-78e8264f6719/host
Oct 17 00:47:29.683246 podb-esxi207 dnsmasq-dhcp[1271432]: read /opt/stack/data/neutron/dhcp/b8f15aab-4c01-4369-a631-78e8264f6719/opts
Oct 17 00:47:31.349473 podb-esxi207 dnsmasq-dhcp[1270641]: DHCPDISCOVER(tapde290fe3-9b) fa:16:3e:53:4a:05
Oct 17 00:47:31.349500 podb-esxi207 dnsmasq-dhcp[1270641]: DHCPOFFER(tapde290fe3-9b) 10.1.0.10 fa:16:3e:53:4a:05
Oct 17 00:47:31.358954 podb-esxi207 dnsmasq-dhcp[1270641]: DHCPREQUEST(tapde290fe3-9b) 10.1.0.10 fa:16:3e:53:4a:05
Oct 17 00:47:31.358979 podb-esxi207 dnsmasq-dhcp[1270641]: DHCPACK(tapde290fe3-9b) 10.1.0.10 fa:16:3e:53:4a:05 host-10-1-0-10
Oct 17 00:47:33.494579 podb-esxi207 dnsmasq[1272533]: started, version 2.90 cachesize 150
Oct 17 00:47:33.494601 podb-esxi207 dnsmasq[1272533]: DNS service limited to local subnets
Oct 17 00:47:33.494617 podb-esxi207 dnsmasq[1272533]: compile time options: IPv6 GNU-getopt DBus no-UBus i18n IDN2 DHCP DHCPv6 no-Lua TFTP conntrack ipset no-nftset auth cryptohash DNSSEC loop-detect inotify dumpfile
Oct 17 00:47:33.494651 podb-esxi207 dnsmasq-dhcp[1272533]: DHCP, static leases only on 10.1.0.0, lease time 1d
Oct 17 00:47:33.494798 podb-esxi207 dnsmasq[1272533]: reading /etc/resolv.conf
Oct 17 00:47:33.494815 podb-esxi207 dnsmasq[1272533]: using nameserver 127.0.0.53#53
Oct 17 00:47:33.494916 podb-esxi207 dnsmasq[1272533]: read /opt/stack/data/neutron/dhcp/bf5afcfd-af14-442a-bd50-b9e8cfa4b450/addn_hosts - 2 names
Oct 17 00:47:33.494982 podb-esxi207 dnsmasq-dhcp[1272533]: read /opt/stack/data/neutron/dhcp/bf5afcfd-af14-442a-bd50-b9e8cfa4b450/host
Oct 17 00:47:33.495047 podb-esxi207 dnsmasq-dhcp[1272533]: read /opt/stack/data/neutron/dhcp/bf5afcfd-af14-442a-bd50-b9e8cfa4b450/opts
Oct 17 00:47:35.044899 podb-esxi207 dnsmasq[1271238]: read /opt/stack/data/neutron/dhcp/6d80a327-5f66-42c9-951a-d6b3c1e6ef37/addn_hosts - 2 names
Oct 17 00:47:35.045026 podb-esxi207 dnsmasq-dhcp[1271238]: read /opt/stack/data/neutron/dhcp/6d80a327-5f66-42c9-951a-d6b3c1e6ef37/host
Oct 17 00:47:35.045138 podb-esxi207 dnsmasq-dhcp[1271238]: read /opt/stack/data/neutron/dhcp/6d80a327-5f66-42c9-951a-d6b3c1e6ef37/opts
Oct 17 00:47:35.800240 podb-esxi207 dnsmasq[1270641]: read /opt/stack/data/neutron/dhcp/44772504-4389-4190-80b2-d0af22c6ec0c/addn_hosts - 4 names
Oct 17 00:47:35.800365 podb-esxi207 dnsmasq-dhcp[1270641]: read /opt/stack/data/neutron/dhcp/44772504-4389-4190-80b2-d0af22c6ec0c/host
Oct 17 00:47:35.800489 podb-esxi207 dnsmasq-dhcp[1270641]: read /opt/stack/data/neutron/dhcp/44772504-4389-4190-80b2-d0af22c6ec0c/opts
Oct 17 00:47:37.573382 podb-esxi207 dnsmasq[1272533]: read /opt/stack/data/neutron/dhcp/bf5afcfd-af14-442a-bd50-b9e8cfa4b450/addn_hosts - 4 names
Oct 17 00:47:37.573489 podb-esxi207 dnsmasq-dhcp[1272533]: read /opt/stack/data/neutron/dhcp/bf5afcfd-af14-442a-bd50-b9e8cfa4b450/host
Oct 17 00:47:37.573747 podb-esxi207 dnsmasq-dhcp[1272533]: read /opt/stack/data/neutron/dhcp/bf5afcfd-af14-442a-bd50-b9e8cfa4b450/opts
Oct 17 00:47:38.303671 podb-esxi207 dnsmasq[1271063]: read /opt/stack/data/neutron/dhcp/d721be77-d99d-403c-a2fb-f1bef1be681a/addn_hosts - 4 names
Oct 17 00:47:38.303776 podb-esxi207 dnsmasq-dhcp[1271063]: read /opt/stack/data/neutron/dhcp/d721be77-d99d-403c-a2fb-f1bef1be681a/host
Oct 17 00:47:38.303867 podb-esxi207 dnsmasq-dhcp[1271063]: read /opt/stack/data/neutron/dhcp/d721be77-d99d-403c-a2fb-f1bef1be681a/opts
Oct 17 00:47:39.029288 podb-esxi207 dnsmasq[1271238]: read /opt/stack/data/neutron/dhcp/6d80a327-5f66-42c9-951a-d6b3c1e6ef37/addn_hosts - 2 names
Oct 17 00:47:39.029368 podb-esxi207 dnsmasq-dhcp[1271238]: read /opt/stack/data/neutron/dhcp/6d80a327-5f66-42c9-951a-d6b3c1e6ef37/host
Oct 17 00:47:39.029472 podb-esxi207 dnsmasq-dhcp[1271238]: read /opt/stack/data/neutron/dhcp/6d80a327-5f66-42c9-951a-d6b3c1e6ef37/opts
Oct 17 00:47:40.279540 podb-esxi207 dnsmasq[1272533]: read /opt/stack/data/neutron/dhcp/bf5afcfd-af14-442a-bd50-b9e8cfa4b450/addn_hosts - 4 names
Oct 17 00:47:40.279648 podb-esxi207 dnsmasq-dhcp[1272533]: read /opt/stack/data/neutron/dhcp/bf5afcfd-af14-442a-bd50-b9e8cfa4b450/host
Oct 17 00:47:40.279752 podb-esxi207 dnsmasq-dhcp[1272533]: read /opt/stack/data/neutron/dhcp/bf5afcfd-af14-442a-bd50-b9e8cfa4b450/opts
Oct 17 00:47:41.528527 podb-esxi207 dnsmasq[1272533]: read /opt/stack/data/neutron/dhcp/bf5afcfd-af14-442a-bd50-b9e8cfa4b450/addn_hosts - 4 names
Oct 17 00:47:41.528632 podb-esxi207 dnsmasq-dhcp[1272533]: read /opt/stack/data/neutron/dhcp/bf5afcfd-af14-442a-bd50-b9e8cfa4b450/host
Oct 17 00:47:41.528764 podb-esxi207 dnsmasq-dhcp[1272533]: read /opt/stack/data/neutron/dhcp/bf5afcfd-af14-442a-bd50-b9e8cfa4b450/opts
Oct 17 00:47:42.777515 podb-esxi207 dnsmasq[1272533]: read /opt/stack/data/neutron/dhcp/bf5afcfd-af14-442a-bd50-b9e8cfa4b450/addn_hosts - 4 names
Oct 17 00:47:42.777687 podb-esxi207 dnsmasq-dhcp[1272533]: read /opt/stack/data/neutron/dhcp/bf5afcfd-af14-442a-bd50-b9e8cfa4b450/host
Oct 17 00:47:42.777824 podb-esxi207 dnsmasq-dhcp[1272533]: read /opt/stack/data/neutron/dhcp/bf5afcfd-af14-442a-bd50-b9e8cfa4b450/opts
Oct 17 00:47:43.792139 podb-esxi207 dnsmasq-dhcp[1271063]: DHCPDISCOVER(tap83a31ea5-e3) fa:16:3e:41:1d:e1
Oct 17 00:47:43.792166 podb-esxi207 dnsmasq-dhcp[1271063]: DHCPOFFER(tap83a31ea5-e3) 10.1.0.5 fa:16:3e:41:1d:e1
Oct 17 00:47:43.805971 podb-esxi207 dnsmasq-dhcp[1271063]: DHCPREQUEST(tap83a31ea5-e3) 10.1.0.5 fa:16:3e:41:1d:e1
Oct 17 00:47:43.806003 podb-esxi207 dnsmasq-dhcp[1271063]: DHCPACK(tap83a31ea5-e3) 10.1.0.5 fa:16:3e:41:1d:e1 host-10-1-0-5
Oct 17 00:47:49.575106 podb-esxi207 dnsmasq[1272533]: read /opt/stack/data/neutron/dhcp/bf5afcfd-af14-442a-bd50-b9e8cfa4b450/addn_hosts - 6 names
Oct 17 00:47:49.575252 podb-esxi207 dnsmasq-dhcp[1272533]: read /opt/stack/data/neutron/dhcp/bf5afcfd-af14-442a-bd50-b9e8cfa4b450/host
Oct 17 00:47:49.575413 podb-esxi207 dnsmasq-dhcp[1272533]: read /opt/stack/data/neutron/dhcp/bf5afcfd-af14-442a-bd50-b9e8cfa4b450/opts
Oct 17 00:47:51.995969 podb-esxi207 dnsmasq[1271432]: read /opt/stack/data/neutron/dhcp/b8f15aab-4c01-4369-a631-78e8264f6719/addn_hosts - 2 names
Oct 17 00:47:51.996057 podb-esxi207 dnsmasq-dhcp[1271432]: read /opt/stack/data/neutron/dhcp/b8f15aab-4c01-4369-a631-78e8264f6719/host
Oct 17 00:47:51.996143 podb-esxi207 dnsmasq-dhcp[1271432]: read /opt/stack/data/neutron/dhcp/b8f15aab-4c01-4369-a631-78e8264f6719/opts
Oct 17 00:47:57.689115 podb-esxi207 dnsmasq-dhcp[1272533]: DHCPDISCOVER(tapa70f129f-d2) fa:16:3e:77:10:0f
Oct 17 00:47:57.689161 podb-esxi207 dnsmasq-dhcp[1272533]: DHCPOFFER(tapa70f129f-d2) 10.1.0.8 fa:16:3e:77:10:0f
Oct 17 00:47:57.700392 podb-esxi207 dnsmasq-dhcp[1272533]: DHCPREQUEST(tapa70f129f-d2) 10.1.0.8 fa:16:3e:77:10:0f
Oct 17 00:47:57.700435 podb-esxi207 dnsmasq-dhcp[1272533]: DHCPACK(tapa70f129f-d2) 10.1.0.8 fa:16:3e:77:10:0f host-10-1-0-8
Oct 17 00:47:58.437922 podb-esxi207 dnsmasq-dhcp[1271432]: DHCPDISCOVER(tapd1ad95e3-af) fa:16:3e:b6:71:95
Oct 17 00:47:58.437948 podb-esxi207 dnsmasq-dhcp[1271432]: DHCPOFFER(tapd1ad95e3-af) 10.10.10.105 fa:16:3e:b6:71:95
Oct 17 00:47:58.444065 podb-esxi207 dnsmasq-dhcp[1271432]: DHCPREQUEST(tapd1ad95e3-af) 10.10.10.105 fa:16:3e:b6:71:95
Oct 17 00:47:58.444092 podb-esxi207 dnsmasq-dhcp[1271432]: DHCPACK(tapd1ad95e3-af) 10.10.10.105 fa:16:3e:b6:71:95 host-10-10-10-105
Oct 17 00:48:01.606722 podb-esxi207 dnsmasq[1272533]: read /opt/stack/data/neutron/dhcp/bf5afcfd-af14-442a-bd50-b9e8cfa4b450/addn_hosts - 4 names
Oct 17 00:48:01.606856 podb-esxi207 dnsmasq-dhcp[1272533]: read /opt/stack/data/neutron/dhcp/bf5afcfd-af14-442a-bd50-b9e8cfa4b450/host
Oct 17 00:48:01.606991 podb-esxi207 dnsmasq-dhcp[1272533]: read /opt/stack/data/neutron/dhcp/bf5afcfd-af14-442a-bd50-b9e8cfa4b450/opts
Oct 17 00:48:12.584786 podb-esxi207 dnsmasq[1270641]: read /opt/stack/data/neutron/dhcp/44772504-4389-4190-80b2-d0af22c6ec0c/addn_hosts - 6 names
Oct 17 00:48:12.584894 podb-esxi207 dnsmasq-dhcp[1270641]: read /opt/stack/data/neutron/dhcp/44772504-4389-4190-80b2-d0af22c6ec0c/host
Oct 17 00:48:12.584971 podb-esxi207 dnsmasq-dhcp[1270641]: read /opt/stack/data/neutron/dhcp/44772504-4389-4190-80b2-d0af22c6ec0c/opts
Oct 17 00:48:27.443429 podb-esxi207 dnsmasq-dhcp[1272533]: DHCPRELEASE(tapa70f129f-d2) 10.1.0.8 fa:16:3e:77:10:0f
Oct 17 00:48:27.461542 podb-esxi207 dnsmasq-dhcp[1272533]: DHCPRELEASE(tapa70f129f-d2) 10.1.0.8 fa:16:3e:77:10:0f unknown lease
Oct 17 00:48:28.284601 podb-esxi207 dnsmasq[1272533]: read /opt/stack/data/neutron/dhcp/bf5afcfd-af14-442a-bd50-b9e8cfa4b450/addn_hosts - 2 names
Oct 17 00:48:28.284709 podb-esxi207 dnsmasq-dhcp[1272533]: read /opt/stack/data/neutron/dhcp/bf5afcfd-af14-442a-bd50-b9e8cfa4b450/host
Oct 17 00:48:28.284812 podb-esxi207 dnsmasq-dhcp[1272533]: read /opt/stack/data/neutron/dhcp/bf5afcfd-af14-442a-bd50-b9e8cfa4b450/opts
Oct 17 00:48:32.221293 podb-esxi207 dnsmasq-dhcp[1272533]: DHCPRELEASE(tapa70f129f-d2) 10.1.0.1 fa:16:3e:45:1f:2d
Oct 17 00:48:33.042163 podb-esxi207 dnsmasq[1272533]: read /opt/stack/data/neutron/dhcp/bf5afcfd-af14-442a-bd50-b9e8cfa4b450/addn_hosts - 0 names
Oct 17 00:48:33.042198 podb-esxi207 dnsmasq-dhcp[1272533]: read /opt/stack/data/neutron/dhcp/bf5afcfd-af14-442a-bd50-b9e8cfa4b450/host
Oct 17 00:48:33.042226 podb-esxi207 dnsmasq-dhcp[1272533]: read /opt/stack/data/neutron/dhcp/bf5afcfd-af14-442a-bd50-b9e8cfa4b450/opts
Oct 17 00:48:33.765649 podb-esxi207 dnsmasq[1272533]: exiting on receipt of SIGTERM
Oct 17 00:48:37.201134 podb-esxi207 dnsmasq[1274026]: started, version 2.90 cachesize 150
Oct 17 00:48:37.201163 podb-esxi207 dnsmasq[1274026]: DNS service limited to local subnets
Oct 17 00:48:37.201179 podb-esxi207 dnsmasq[1274026]: compile time options: IPv6 GNU-getopt DBus no-UBus i18n IDN2 DHCP DHCPv6 no-Lua TFTP conntrack ipset no-nftset auth cryptohash DNSSEC loop-detect inotify dumpfile
Oct 17 00:48:37.201223 podb-esxi207 dnsmasq-dhcp[1274026]: DHCP, static leases only on 10.1.0.0, lease time 1d
Oct 17 00:48:37.201381 podb-esxi207 dnsmasq[1274026]: reading /etc/resolv.conf
Oct 17 00:48:37.201398 podb-esxi207 dnsmasq[1274026]: using nameserver 127.0.0.53#53
Oct 17 00:48:37.201486 podb-esxi207 dnsmasq[1274026]: read /opt/stack/data/neutron/dhcp/c5aec33c-2004-46fa-b45d-c2fb68861d9f/addn_hosts - 0 names
Oct 17 00:48:37.201538 podb-esxi207 dnsmasq-dhcp[1274026]: read /opt/stack/data/neutron/dhcp/c5aec33c-2004-46fa-b45d-c2fb68861d9f/host
Oct 17 00:48:37.201599 podb-esxi207 dnsmasq-dhcp[1274026]: read /opt/stack/data/neutron/dhcp/c5aec33c-2004-46fa-b45d-c2fb68861d9f/opts
Oct 17 00:48:37.358792 podb-esxi207 dnsmasq-dhcp[1270641]: DHCPDISCOVER(tapde290fe3-9b) fa:16:3e:3f:78:4a
Oct 17 00:48:37.358818 podb-esxi207 dnsmasq-dhcp[1270641]: DHCPOFFER(tapde290fe3-9b) 10.1.0.4 fa:16:3e:3f:78:4a
Oct 17 00:48:37.372145 podb-esxi207 dnsmasq-dhcp[1270641]: DHCPREQUEST(tapde290fe3-9b) 10.1.0.4 fa:16:3e:3f:78:4a
Oct 17 00:48:37.372192 podb-esxi207 dnsmasq-dhcp[1270641]: DHCPACK(tapde290fe3-9b) 10.1.0.4 fa:16:3e:3f:78:4a host-10-1-0-4
Oct 17 00:48:38.745640 podb-esxi207 dnsmasq[1274026]: read /opt/stack/data/neutron/dhcp/c5aec33c-2004-46fa-b45d-c2fb68861d9f/addn_hosts - 2 names
Oct 17 00:48:38.745749 podb-esxi207 dnsmasq-dhcp[1274026]: read /opt/stack/data/neutron/dhcp/c5aec33c-2004-46fa-b45d-c2fb68861d9f/host
Oct 17 00:48:38.745862 podb-esxi207 dnsmasq-dhcp[1274026]: read /opt/stack/data/neutron/dhcp/c5aec33c-2004-46fa-b45d-c2fb68861d9f/opts
Oct 17 00:48:39.998499 podb-esxi207 dnsmasq[1274026]: read /opt/stack/data/neutron/dhcp/c5aec33c-2004-46fa-b45d-c2fb68861d9f/addn_hosts - 2 names
Oct 17 00:48:39.998619 podb-esxi207 dnsmasq-dhcp[1274026]: read /opt/stack/data/neutron/dhcp/c5aec33c-2004-46fa-b45d-c2fb68861d9f/host
Oct 17 00:48:39.998735 podb-esxi207 dnsmasq-dhcp[1274026]: read /opt/stack/data/neutron/dhcp/c5aec33c-2004-46fa-b45d-c2fb68861d9f/opts
Oct 17 00:48:41.264934 podb-esxi207 dnsmasq[1274026]: read /opt/stack/data/neutron/dhcp/c5aec33c-2004-46fa-b45d-c2fb68861d9f/addn_hosts - 2 names
Oct 17 00:48:41.265034 podb-esxi207 dnsmasq-dhcp[1274026]: read /opt/stack/data/neutron/dhcp/c5aec33c-2004-46fa-b45d-c2fb68861d9f/host
Oct 17 00:48:41.265106 podb-esxi207 dnsmasq-dhcp[1274026]: read /opt/stack/data/neutron/dhcp/c5aec33c-2004-46fa-b45d-c2fb68861d9f/opts
Oct 17 00:48:46.797434 podb-esxi207 dnsmasq-dhcp[1269425]: DHCPDISCOVER(tap7a593282-f5) fa:16:3e:ae:ea:27
Oct 17 00:48:46.797463 podb-esxi207 dnsmasq-dhcp[1269425]: DHCPOFFER(tap7a593282-f5) 10.1.0.9 fa:16:3e:ae:ea:27
Oct 17 00:48:46.807693 podb-esxi207 dnsmasq-dhcp[1269425]: DHCPREQUEST(tap7a593282-f5) 10.1.0.9 fa:16:3e:ae:ea:27
Oct 17 00:48:46.807722 podb-esxi207 dnsmasq-dhcp[1269425]: DHCPACK(tap7a593282-f5) 10.1.0.9 fa:16:3e:ae:ea:27 host-10-1-0-9
Oct 17 00:49:01.687098 podb-esxi207 dnsmasq[1274026]: read /opt/stack/data/neutron/dhcp/c5aec33c-2004-46fa-b45d-c2fb68861d9f/addn_hosts - 4 names
Oct 17 00:49:01.687229 podb-esxi207 dnsmasq-dhcp[1274026]: read /opt/stack/data/neutron/dhcp/c5aec33c-2004-46fa-b45d-c2fb68861d9f/host
Oct 17 00:49:01.687335 podb-esxi207 dnsmasq-dhcp[1274026]: read /opt/stack/data/neutron/dhcp/c5aec33c-2004-46fa-b45d-c2fb68861d9f/opts
Oct 17 00:49:02.441432 podb-esxi207 dnsmasq-dhcp[1271432]: DHCPRELEASE(tapd1ad95e3-af) 10.10.10.105 fa:16:3e:b6:71:95
Oct 17 00:49:02.458499 podb-esxi207 dnsmasq-dhcp[1271432]: DHCPRELEASE(tapd1ad95e3-af) 10.10.10.105 fa:16:3e:b6:71:95 unknown lease
Oct 17 00:49:03.283762 podb-esxi207 dnsmasq[1271432]: read /opt/stack/data/neutron/dhcp/b8f15aab-4c01-4369-a631-78e8264f6719/addn_hosts - 0 names
Oct 17 00:49:03.283867 podb-esxi207 dnsmasq-dhcp[1271432]: read /opt/stack/data/neutron/dhcp/b8f15aab-4c01-4369-a631-78e8264f6719/host
Oct 17 00:49:03.283969 podb-esxi207 dnsmasq-dhcp[1271432]: read /opt/stack/data/neutron/dhcp/b8f15aab-4c01-4369-a631-78e8264f6719/opts
Oct 17 00:49:09.301539 podb-esxi207 dnsmasq-dhcp[1271063]: DHCPRELEASE(tap83a31ea5-e3) 10.1.0.5 fa:16:3e:41:1d:e1
Oct 17 00:49:09.318241 podb-esxi207 dnsmasq-dhcp[1271063]: DHCPRELEASE(tap83a31ea5-e3) 10.1.0.5 fa:16:3e:41:1d:e1 unknown lease
Oct 17 00:49:10.139889 podb-esxi207 dnsmasq[1271063]: read /opt/stack/data/neutron/dhcp/d721be77-d99d-403c-a2fb-f1bef1be681a/addn_hosts - 2 names
Oct 17 00:49:10.139934 podb-esxi207 dnsmasq-dhcp[1271063]: read /opt/stack/data/neutron/dhcp/d721be77-d99d-403c-a2fb-f1bef1be681a/host
Oct 17 00:49:10.139979 podb-esxi207 dnsmasq-dhcp[1271063]: read /opt/stack/data/neutron/dhcp/d721be77-d99d-403c-a2fb-f1bef1be681a/opts
Oct 17 00:49:14.426254 podb-esxi207 dnsmasq[1271432]: exiting on receipt of SIGTERM
Oct 17 00:49:19.136823 podb-esxi207 dnsmasq-dhcp[1271063]: DHCPRELEASE(tap83a31ea5-e3) 10.1.0.1 fa:16:3e:d3:ab:48
Oct 17 00:49:19.959642 podb-esxi207 dnsmasq[1271063]: read /opt/stack/data/neutron/dhcp/d721be77-d99d-403c-a2fb-f1bef1be681a/addn_hosts - 0 names
Oct 17 00:49:19.959709 podb-esxi207 dnsmasq-dhcp[1271063]: read /opt/stack/data/neutron/dhcp/d721be77-d99d-403c-a2fb-f1bef1be681a/host
Oct 17 00:49:19.959787 podb-esxi207 dnsmasq-dhcp[1271063]: read /opt/stack/data/neutron/dhcp/d721be77-d99d-403c-a2fb-f1bef1be681a/opts
Oct 17 00:49:20.192461 podb-esxi207 dnsmasq[1271063]: exiting on receipt of SIGTERM
Oct 17 00:49:20.802656 podb-esxi207 dnsmasq-dhcp[1271238]: DHCPRELEASE(tapb1cab569-01) 10.1.0.1 fa:16:3e:58:4a:0a
Oct 17 00:49:21.626608 podb-esxi207 dnsmasq[1271238]: read /opt/stack/data/neutron/dhcp/6d80a327-5f66-42c9-951a-d6b3c1e6ef37/addn_hosts - 0 names
Oct 17 00:49:21.626686 podb-esxi207 dnsmasq-dhcp[1271238]: read /opt/stack/data/neutron/dhcp/6d80a327-5f66-42c9-951a-d6b3c1e6ef37/host
Oct 17 00:49:21.626736 podb-esxi207 dnsmasq-dhcp[1271238]: read /opt/stack/data/neutron/dhcp/6d80a327-5f66-42c9-951a-d6b3c1e6ef37/opts
Oct 17 00:49:21.850432 podb-esxi207 dnsmasq[1271238]: exiting on receipt of SIGTERM
Oct 17 00:49:22.964328 podb-esxi207 dnsmasq[1274026]: read /opt/stack/data/neutron/dhcp/c5aec33c-2004-46fa-b45d-c2fb68861d9f/addn_hosts - 6 names
Oct 17 00:49:22.964416 podb-esxi207 dnsmasq-dhcp[1274026]: read /opt/stack/data/neutron/dhcp/c5aec33c-2004-46fa-b45d-c2fb68861d9f/host
Oct 17 00:49:22.964483 podb-esxi207 dnsmasq-dhcp[1274026]: read /opt/stack/data/neutron/dhcp/c5aec33c-2004-46fa-b45d-c2fb68861d9f/opts
Oct 17 00:49:26.263360 podb-esxi207 dnsmasq[1275441]: started, version 2.90 cachesize 150
Oct 17 00:49:26.263388 podb-esxi207 dnsmasq[1275441]: DNS service limited to local subnets
Oct 17 00:49:26.263404 podb-esxi207 dnsmasq[1275441]: compile time options: IPv6 GNU-getopt DBus no-UBus i18n IDN2 DHCP DHCPv6 no-Lua TFTP conntrack ipset no-nftset auth cryptohash DNSSEC loop-detect inotify dumpfile
Oct 17 00:49:26.263440 podb-esxi207 dnsmasq-dhcp[1275441]: DHCP, static leases only on 10.1.0.0, lease time 1d
Oct 17 00:49:26.263598 podb-esxi207 dnsmasq[1275441]: reading /etc/resolv.conf
Oct 17 00:49:26.263614 podb-esxi207 dnsmasq[1275441]: using nameserver 127.0.0.53#53
Oct 17 00:49:26.263707 podb-esxi207 dnsmasq[1275441]: read /opt/stack/data/neutron/dhcp/66396918-4fba-48c5-bc1a-23ee44033819/addn_hosts - 0 names
Oct 17 00:49:26.263759 podb-esxi207 dnsmasq-dhcp[1275441]: read /opt/stack/data/neutron/dhcp/66396918-4fba-48c5-bc1a-23ee44033819/host
Oct 17 00:49:26.263831 podb-esxi207 dnsmasq-dhcp[1275441]: read /opt/stack/data/neutron/dhcp/66396918-4fba-48c5-bc1a-23ee44033819/opts
Oct 17 00:49:29.522905 podb-esxi207 dnsmasq[1275906]: started, version 2.90 cachesize 150
Oct 17 00:49:29.522933 podb-esxi207 dnsmasq[1275906]: DNS service limited to local subnets
