Oct 17 00:49:29.522948 podb-esxi207 dnsmasq[1275906]: compile time options: IPv6 GNU-getopt DBus no-UBus i18n IDN2 DHCP DHCPv6 no-Lua TFTP conntrack ipset no-nftset auth cryptohash DNSSEC loop-detect inotify dumpfile
Oct 17 00:49:29.522983 podb-esxi207 dnsmasq-dhcp[1275906]: DHCP, static leases only on 10.1.0.0, lease time 1d
Oct 17 00:49:29.523139 podb-esxi207 dnsmasq[1275906]: reading /etc/resolv.conf
Oct 17 00:49:29.523160 podb-esxi207 dnsmasq[1275906]: using nameserver 127.0.0.53#53
Oct 17 00:49:29.523278 podb-esxi207 dnsmasq[1275906]: read /opt/stack/data/neutron/dhcp/977eb6a4-f44b-4b9d-aa45-93c2fe119681/addn_hosts - 2 names
Oct 17 00:49:29.523350 podb-esxi207 dnsmasq-dhcp[1275906]: read /opt/stack/data/neutron/dhcp/977eb6a4-f44b-4b9d-aa45-93c2fe119681/host
Oct 17 00:49:29.523417 podb-esxi207 dnsmasq-dhcp[1275906]: read /opt/stack/data/neutron/dhcp/977eb6a4-f44b-4b9d-aa45-93c2fe119681/opts
Oct 17 00:49:30.562450 podb-esxi207 dnsmasq[1275441]: read /opt/stack/data/neutron/dhcp/66396918-4fba-48c5-bc1a-23ee44033819/addn_hosts - 2 names
Oct 17 00:49:30.562530 podb-esxi207 dnsmasq-dhcp[1275441]: read /opt/stack/data/neutron/dhcp/66396918-4fba-48c5-bc1a-23ee44033819/host
Oct 17 00:49:30.562655 podb-esxi207 dnsmasq-dhcp[1275441]: read /opt/stack/data/neutron/dhcp/66396918-4fba-48c5-bc1a-23ee44033819/opts
Oct 17 00:49:31.312009 podb-esxi207 dnsmasq-dhcp[1269425]: DHCPRELEASE(tap7a593282-f5) 10.1.0.9 fa:16:3e:ae:ea:27
Oct 17 00:49:31.329272 podb-esxi207 dnsmasq-dhcp[1269425]: DHCPRELEASE(tap7a593282-f5) 10.1.0.9 fa:16:3e:ae:ea:27 unknown lease
Oct 17 00:49:32.155986 podb-esxi207 dnsmasq[1269425]: read /opt/stack/data/neutron/dhcp/3141935d-4a00-4f3f-a8f7-c4f413d88284/addn_hosts - 2 names
Oct 17 00:49:32.156071 podb-esxi207 dnsmasq-dhcp[1269425]: read /opt/stack/data/neutron/dhcp/3141935d-4a00-4f3f-a8f7-c4f413d88284/host
Oct 17 00:49:32.156152 podb-esxi207 dnsmasq-dhcp[1269425]: read /opt/stack/data/neutron/dhcp/3141935d-4a00-4f3f-a8f7-c4f413d88284/opts
Oct 17 00:49:33.200208 podb-esxi207 dnsmasq-dhcp[1274026]: DHCPDISCOVER(tap97c7646b-03) fa:16:3e:e1:82:28
Oct 17 00:49:33.200234 podb-esxi207 dnsmasq-dhcp[1274026]: DHCPOFFER(tap97c7646b-03) 10.1.0.8 fa:16:3e:e1:82:28
Oct 17 00:49:33.223239 podb-esxi207 dnsmasq-dhcp[1274026]: DHCPREQUEST(tap97c7646b-03) 10.1.0.8 fa:16:3e:e1:82:28
Oct 17 00:49:33.223273 podb-esxi207 dnsmasq-dhcp[1274026]: DHCPACK(tap97c7646b-03) 10.1.0.8 fa:16:3e:e1:82:28 host-10-1-0-8
Oct 17 00:49:33.427523 podb-esxi207 dnsmasq[1275906]: read /opt/stack/data/neutron/dhcp/977eb6a4-f44b-4b9d-aa45-93c2fe119681/addn_hosts - 2 names
Oct 17 00:49:33.427650 podb-esxi207 dnsmasq-dhcp[1275906]: read /opt/stack/data/neutron/dhcp/977eb6a4-f44b-4b9d-aa45-93c2fe119681/host
Oct 17 00:49:33.427750 podb-esxi207 dnsmasq-dhcp[1275906]: read /opt/stack/data/neutron/dhcp/977eb6a4-f44b-4b9d-aa45-93c2fe119681/opts
Oct 17 00:49:34.192316 podb-esxi207 dnsmasq[1275441]: read /opt/stack/data/neutron/dhcp/66396918-4fba-48c5-bc1a-23ee44033819/addn_hosts - 2 names
Oct 17 00:49:34.192436 podb-esxi207 dnsmasq-dhcp[1275441]: read /opt/stack/data/neutron/dhcp/66396918-4fba-48c5-bc1a-23ee44033819/host
Oct 17 00:49:34.192562 podb-esxi207 dnsmasq-dhcp[1275441]: read /opt/stack/data/neutron/dhcp/66396918-4fba-48c5-bc1a-23ee44033819/opts
Oct 17 00:49:35.447952 podb-esxi207 dnsmasq[1275906]: read /opt/stack/data/neutron/dhcp/977eb6a4-f44b-4b9d-aa45-93c2fe119681/addn_hosts - 2 names
Oct 17 00:49:35.448048 podb-esxi207 dnsmasq-dhcp[1275906]: read /opt/stack/data/neutron/dhcp/977eb6a4-f44b-4b9d-aa45-93c2fe119681/host
Oct 17 00:49:35.448138 podb-esxi207 dnsmasq-dhcp[1275906]: read /opt/stack/data/neutron/dhcp/977eb6a4-f44b-4b9d-aa45-93c2fe119681/opts
Oct 17 00:49:36.202023 podb-esxi207 dnsmasq[1275441]: read /opt/stack/data/neutron/dhcp/66396918-4fba-48c5-bc1a-23ee44033819/addn_hosts - 2 names
Oct 17 00:49:36.202108 podb-esxi207 dnsmasq-dhcp[1275441]: read /opt/stack/data/neutron/dhcp/66396918-4fba-48c5-bc1a-23ee44033819/host
Oct 17 00:49:36.202186 podb-esxi207 dnsmasq-dhcp[1275441]: read /opt/stack/data/neutron/dhcp/66396918-4fba-48c5-bc1a-23ee44033819/opts
Oct 17 00:49:37.458857 podb-esxi207 dnsmasq[1275906]: read /opt/stack/data/neutron/dhcp/977eb6a4-f44b-4b9d-aa45-93c2fe119681/addn_hosts - 2 names
Oct 17 00:49:37.458994 podb-esxi207 dnsmasq-dhcp[1275906]: read /opt/stack/data/neutron/dhcp/977eb6a4-f44b-4b9d-aa45-93c2fe119681/host
Oct 17 00:49:37.459110 podb-esxi207 dnsmasq-dhcp[1275906]: read /opt/stack/data/neutron/dhcp/977eb6a4-f44b-4b9d-aa45-93c2fe119681/opts
Oct 17 00:49:37.711909 podb-esxi207 dnsmasq-dhcp[1269425]: DHCPRELEASE(tap7a593282-f5) 10.1.0.1 fa:16:3e:65:3b:50
Oct 17 00:49:38.535647 podb-esxi207 dnsmasq[1269425]: read /opt/stack/data/neutron/dhcp/3141935d-4a00-4f3f-a8f7-c4f413d88284/addn_hosts - 0 names
Oct 17 00:49:38.535719 podb-esxi207 dnsmasq-dhcp[1269425]: read /opt/stack/data/neutron/dhcp/3141935d-4a00-4f3f-a8f7-c4f413d88284/host
Oct 17 00:49:38.535798 podb-esxi207 dnsmasq-dhcp[1269425]: read /opt/stack/data/neutron/dhcp/3141935d-4a00-4f3f-a8f7-c4f413d88284/opts
Oct 17 00:49:39.805215 podb-esxi207 dnsmasq[1274026]: read /opt/stack/data/neutron/dhcp/c5aec33c-2004-46fa-b45d-c2fb68861d9f/addn_hosts - 8 names
Oct 17 00:49:39.805361 podb-esxi207 dnsmasq-dhcp[1274026]: read /opt/stack/data/neutron/dhcp/c5aec33c-2004-46fa-b45d-c2fb68861d9f/host
Oct 17 00:49:39.805477 podb-esxi207 dnsmasq-dhcp[1274026]: read /opt/stack/data/neutron/dhcp/c5aec33c-2004-46fa-b45d-c2fb68861d9f/opts
Oct 17 00:49:40.054759 podb-esxi207 dnsmasq[1269425]: exiting on receipt of SIGTERM
Oct 17 00:49:43.730994 podb-esxi207 dnsmasq[1276729]: started, version 2.90 cachesize 150
Oct 17 00:49:43.731014 podb-esxi207 dnsmasq[1276729]: DNS service limited to local subnets
Oct 17 00:49:43.731028 podb-esxi207 dnsmasq[1276729]: compile time options: IPv6 GNU-getopt DBus no-UBus i18n IDN2 DHCP DHCPv6 no-Lua TFTP conntrack ipset no-nftset auth cryptohash DNSSEC loop-detect inotify dumpfile
Oct 17 00:49:43.731068 podb-esxi207 dnsmasq-dhcp[1276729]: DHCP, static leases only on 10.1.0.0, lease time 1d
Oct 17 00:49:43.731227 podb-esxi207 dnsmasq[1276729]: reading /etc/resolv.conf
Oct 17 00:49:43.731244 podb-esxi207 dnsmasq[1276729]: using nameserver 127.0.0.53#53
Oct 17 00:49:43.731324 podb-esxi207 dnsmasq[1276729]: read /opt/stack/data/neutron/dhcp/4f85f4a1-e803-4043-bf24-bad194806eb3/addn_hosts - 0 names
Oct 17 00:49:43.731374 podb-esxi207 dnsmasq-dhcp[1276729]: read /opt/stack/data/neutron/dhcp/4f85f4a1-e803-4043-bf24-bad194806eb3/host
Oct 17 00:49:43.731429 podb-esxi207 dnsmasq-dhcp[1276729]: read /opt/stack/data/neutron/dhcp/4f85f4a1-e803-4043-bf24-bad194806eb3/opts
Oct 17 00:49:45.278822 podb-esxi207 dnsmasq[1276729]: read /opt/stack/data/neutron/dhcp/4f85f4a1-e803-4043-bf24-bad194806eb3/addn_hosts - 2 names
Oct 17 00:49:45.278925 podb-esxi207 dnsmasq-dhcp[1276729]: read /opt/stack/data/neutron/dhcp/4f85f4a1-e803-4043-bf24-bad194806eb3/host
Oct 17 00:49:45.279043 podb-esxi207 dnsmasq-dhcp[1276729]: read /opt/stack/data/neutron/dhcp/4f85f4a1-e803-4043-bf24-bad194806eb3/opts
Oct 17 00:49:46.561783 podb-esxi207 dnsmasq[1276729]: read /opt/stack/data/neutron/dhcp/4f85f4a1-e803-4043-bf24-bad194806eb3/addn_hosts - 2 names
Oct 17 00:49:46.561939 podb-esxi207 dnsmasq-dhcp[1276729]: read /opt/stack/data/neutron/dhcp/4f85f4a1-e803-4043-bf24-bad194806eb3/host
Oct 17 00:49:46.562091 podb-esxi207 dnsmasq-dhcp[1276729]: read /opt/stack/data/neutron/dhcp/4f85f4a1-e803-4043-bf24-bad194806eb3/opts
Oct 17 00:49:47.827031 podb-esxi207 dnsmasq[1276729]: read /opt/stack/data/neutron/dhcp/4f85f4a1-e803-4043-bf24-bad194806eb3/addn_hosts - 2 names
Oct 17 00:49:47.827161 podb-esxi207 dnsmasq-dhcp[1276729]: read /opt/stack/data/neutron/dhcp/4f85f4a1-e803-4043-bf24-bad194806eb3/host
Oct 17 00:49:47.827275 podb-esxi207 dnsmasq-dhcp[1276729]: read /opt/stack/data/neutron/dhcp/4f85f4a1-e803-4043-bf24-bad194806eb3/opts
Oct 17 00:49:49.547002 podb-esxi207 dnsmasq[1276729]: read /opt/stack/data/neutron/dhcp/4f85f4a1-e803-4043-bf24-bad194806eb3/addn_hosts - 4 names
Oct 17 00:49:49.547103 podb-esxi207 dnsmasq-dhcp[1276729]: read /opt/stack/data/neutron/dhcp/4f85f4a1-e803-4043-bf24-bad194806eb3/host
Oct 17 00:49:49.547194 podb-esxi207 dnsmasq-dhcp[1276729]: read /opt/stack/data/neutron/dhcp/4f85f4a1-e803-4043-bf24-bad194806eb3/opts
Oct 17 00:49:50.623593 podb-esxi207 dnsmasq-dhcp[1274026]: DHCPDISCOVER(tap97c7646b-03) fa:16:3e:9a:e3:1c
Oct 17 00:49:50.623618 podb-esxi207 dnsmasq-dhcp[1274026]: DHCPOFFER(tap97c7646b-03) 10.1.0.9 fa:16:3e:9a:e3:1c
Oct 17 00:49:50.633051 podb-esxi207 dnsmasq-dhcp[1274026]: DHCPREQUEST(tap97c7646b-03) 10.1.0.9 fa:16:3e:9a:e3:1c
Oct 17 00:49:50.633082 podb-esxi207 dnsmasq-dhcp[1274026]: DHCPACK(tap97c7646b-03) 10.1.0.9 fa:16:3e:9a:e3:1c host-10-1-0-9
Oct 17 00:49:54.410950 podb-esxi207 dnsmasq[1277108]: started, version 2.90 cachesize 150
Oct 17 00:49:54.410977 podb-esxi207 dnsmasq[1277108]: DNS service limited to local subnets
Oct 17 00:49:54.410991 podb-esxi207 dnsmasq[1277108]: compile time options: IPv6 GNU-getopt DBus no-UBus i18n IDN2 DHCP DHCPv6 no-Lua TFTP conntrack ipset no-nftset auth cryptohash DNSSEC loop-detect inotify dumpfile
Oct 17 00:49:54.411030 podb-esxi207 dnsmasq-dhcp[1277108]: DHCP, static leases only on 10.1.1.0, lease time 1d
Oct 17 00:49:54.411177 podb-esxi207 dnsmasq[1277108]: reading /etc/resolv.conf
Oct 17 00:49:54.411194 podb-esxi207 dnsmasq[1277108]: using nameserver 127.0.0.53#53
Oct 17 00:49:54.411273 podb-esxi207 dnsmasq[1277108]: read /opt/stack/data/neutron/dhcp/a8da1319-0773-4bf2-81ac-fb611dc58c38/addn_hosts - 0 names
Oct 17 00:49:54.411322 podb-esxi207 dnsmasq-dhcp[1277108]: read /opt/stack/data/neutron/dhcp/a8da1319-0773-4bf2-81ac-fb611dc58c38/host
Oct 17 00:49:54.411384 podb-esxi207 dnsmasq-dhcp[1277108]: read /opt/stack/data/neutron/dhcp/a8da1319-0773-4bf2-81ac-fb611dc58c38/opts
Oct 17 00:49:57.505469 podb-esxi207 dnsmasq[1277574]: started, version 2.90 cachesize 150
Oct 17 00:49:57.505492 podb-esxi207 dnsmasq[1277574]: DNS service limited to local subnets
Oct 17 00:49:57.505507 podb-esxi207 dnsmasq[1277574]: compile time options: IPv6 GNU-getopt DBus no-UBus i18n IDN2 DHCP DHCPv6 no-Lua TFTP conntrack ipset no-nftset auth cryptohash DNSSEC loop-detect inotify dumpfile
Oct 17 00:49:57.505553 podb-esxi207 dnsmasq-dhcp[1277574]: DHCP, static leases only on 10.2.2.0, lease time 1d
Oct 17 00:49:57.505699 podb-esxi207 dnsmasq[1277574]: reading /etc/resolv.conf
Oct 17 00:49:57.505715 podb-esxi207 dnsmasq[1277574]: using nameserver 127.0.0.53#53
Oct 17 00:49:57.505796 podb-esxi207 dnsmasq[1277574]: read /opt/stack/data/neutron/dhcp/cef5c612-a26c-4150-bebb-317936599386/addn_hosts - 0 names
Oct 17 00:49:57.505850 podb-esxi207 dnsmasq-dhcp[1277574]: read /opt/stack/data/neutron/dhcp/cef5c612-a26c-4150-bebb-317936599386/host
Oct 17 00:49:57.505904 podb-esxi207 dnsmasq-dhcp[1277574]: read /opt/stack/data/neutron/dhcp/cef5c612-a26c-4150-bebb-317936599386/opts
Oct 17 00:49:58.543341 podb-esxi207 dnsmasq[1277108]: read /opt/stack/data/neutron/dhcp/a8da1319-0773-4bf2-81ac-fb611dc58c38/addn_hosts - 4 names
Oct 17 00:49:58.543423 podb-esxi207 dnsmasq-dhcp[1277108]: read /opt/stack/data/neutron/dhcp/a8da1319-0773-4bf2-81ac-fb611dc58c38/host
Oct 17 00:49:58.543467 podb-esxi207 dnsmasq-dhcp[1277108]: read /opt/stack/data/neutron/dhcp/a8da1319-0773-4bf2-81ac-fb611dc58c38/opts
Oct 17 00:49:59.927194 podb-esxi207 dnsmasq-dhcp[1270641]: DHCPDISCOVER(tapde290fe3-9b) fa:16:3e:3f:78:4a
Oct 17 00:49:59.927221 podb-esxi207 dnsmasq-dhcp[1270641]: DHCPOFFER(tapde290fe3-9b) 10.1.0.4 fa:16:3e:3f:78:4a
Oct 17 00:49:59.936681 podb-esxi207 dnsmasq-dhcp[1270641]: DHCPREQUEST(tapde290fe3-9b) 10.1.0.4 fa:16:3e:3f:78:4a
Oct 17 00:49:59.936708 podb-esxi207 dnsmasq-dhcp[1270641]: DHCPACK(tapde290fe3-9b) 10.1.0.4 fa:16:3e:3f:78:4a host-10-1-0-4
Oct 17 00:50:00.278775 podb-esxi207 dnsmasq[1277574]: read /opt/stack/data/neutron/dhcp/cef5c612-a26c-4150-bebb-317936599386/addn_hosts - 0 names
Oct 17 00:50:00.278863 podb-esxi207 dnsmasq-dhcp[1277574]: read /opt/stack/data/neutron/dhcp/cef5c612-a26c-4150-bebb-317936599386/host
Oct 17 00:50:00.278917 podb-esxi207 dnsmasq-dhcp[1277574]: read /opt/stack/data/neutron/dhcp/cef5c612-a26c-4150-bebb-317936599386/opts
Oct 17 00:50:01.027263 podb-esxi207 dnsmasq[1277108]: read /opt/stack/data/neutron/dhcp/a8da1319-0773-4bf2-81ac-fb611dc58c38/addn_hosts - 4 names
Oct 17 00:50:01.027352 podb-esxi207 dnsmasq-dhcp[1277108]: read /opt/stack/data/neutron/dhcp/a8da1319-0773-4bf2-81ac-fb611dc58c38/host
Oct 17 00:50:01.027415 podb-esxi207 dnsmasq-dhcp[1277108]: read /opt/stack/data/neutron/dhcp/a8da1319-0773-4bf2-81ac-fb611dc58c38/opts
Oct 17 00:50:02.266171 podb-esxi207 dnsmasq[1275441]: read /opt/stack/data/neutron/dhcp/66396918-4fba-48c5-bc1a-23ee44033819/addn_hosts - 4 names
Oct 17 00:50:02.266292 podb-esxi207 dnsmasq-dhcp[1275441]: read /opt/stack/data/neutron/dhcp/66396918-4fba-48c5-bc1a-23ee44033819/host
Oct 17 00:50:02.266400 podb-esxi207 dnsmasq-dhcp[1275441]: read /opt/stack/data/neutron/dhcp/66396918-4fba-48c5-bc1a-23ee44033819/opts
Oct 17 00:50:03.022161 podb-esxi207 dnsmasq[1277108]: read /opt/stack/data/neutron/dhcp/a8da1319-0773-4bf2-81ac-fb611dc58c38/addn_hosts - 4 names
Oct 17 00:50:03.022217 podb-esxi207 dnsmasq-dhcp[1277108]: read /opt/stack/data/neutron/dhcp/a8da1319-0773-4bf2-81ac-fb611dc58c38/host
Oct 17 00:50:03.022238 podb-esxi207 dnsmasq-dhcp[1277108]: read /opt/stack/data/neutron/dhcp/a8da1319-0773-4bf2-81ac-fb611dc58c38/opts
Oct 17 00:50:04.294070 podb-esxi207 dnsmasq[1277574]: read /opt/stack/data/neutron/dhcp/cef5c612-a26c-4150-bebb-317936599386/addn_hosts - 2 names
Oct 17 00:50:04.294154 podb-esxi207 dnsmasq-dhcp[1277574]: read /opt/stack/data/neutron/dhcp/cef5c612-a26c-4150-bebb-317936599386/host
Oct 17 00:50:04.294222 podb-esxi207 dnsmasq-dhcp[1277574]: read /opt/stack/data/neutron/dhcp/cef5c612-a26c-4150-bebb-317936599386/opts
Oct 17 00:50:05.016772 podb-esxi207 dnsmasq[1277108]: read /opt/stack/data/neutron/dhcp/a8da1319-0773-4bf2-81ac-fb611dc58c38/addn_hosts - 6 names
Oct 17 00:50:05.016929 podb-esxi207 dnsmasq-dhcp[1277108]: read /opt/stack/data/neutron/dhcp/a8da1319-0773-4bf2-81ac-fb611dc58c38/host
Oct 17 00:50:05.017000 podb-esxi207 dnsmasq-dhcp[1277108]: read /opt/stack/data/neutron/dhcp/a8da1319-0773-4bf2-81ac-fb611dc58c38/opts
Oct 17 00:50:06.195162 podb-esxi207 dnsmasq-dhcp[1274026]: DHCPDISCOVER(tap97c7646b-03) fa:16:3e:82:cd:a6
Oct 17 00:50:06.195189 podb-esxi207 dnsmasq-dhcp[1274026]: DHCPOFFER(tap97c7646b-03) 10.1.0.14 fa:16:3e:82:cd:a6
Oct 17 00:50:06.204652 podb-esxi207 dnsmasq-dhcp[1274026]: DHCPREQUEST(tap97c7646b-03) 10.1.0.14 fa:16:3e:82:cd:a6
Oct 17 00:50:06.204686 podb-esxi207 dnsmasq-dhcp[1274026]: DHCPACK(tap97c7646b-03) 10.1.0.14 fa:16:3e:82:cd:a6 host-10-1-0-14
Oct 17 00:50:06.245551 podb-esxi207 dnsmasq[1277574]: read /opt/stack/data/neutron/dhcp/cef5c612-a26c-4150-bebb-317936599386/addn_hosts - 4 names
Oct 17 00:50:06.245671 podb-esxi207 dnsmasq-dhcp[1277574]: read /opt/stack/data/neutron/dhcp/cef5c612-a26c-4150-bebb-317936599386/host
Oct 17 00:50:06.245747 podb-esxi207 dnsmasq-dhcp[1277574]: read /opt/stack/data/neutron/dhcp/cef5c612-a26c-4150-bebb-317936599386/opts
Oct 17 00:50:06.959850 podb-esxi207 dnsmasq[1277108]: read /opt/stack/data/neutron/dhcp/a8da1319-0773-4bf2-81ac-fb611dc58c38/addn_hosts - 8 names
Oct 17 00:50:06.959951 podb-esxi207 dnsmasq-dhcp[1277108]: read /opt/stack/data/neutron/dhcp/a8da1319-0773-4bf2-81ac-fb611dc58c38/host
Oct 17 00:50:06.960003 podb-esxi207 dnsmasq-dhcp[1277108]: read /opt/stack/data/neutron/dhcp/a8da1319-0773-4bf2-81ac-fb611dc58c38/opts
Oct 17 00:50:14.952371 podb-esxi207 dnsmasq-dhcp[1276729]: DHCPDISCOVER(tape7d47221-0b) fa:16:3e:59:02:f8
Oct 17 00:50:14.952409 podb-esxi207 dnsmasq-dhcp[1276729]: DHCPOFFER(tape7d47221-0b) 10.1.0.4 fa:16:3e:59:02:f8
Oct 17 00:50:14.963898 podb-esxi207 dnsmasq-dhcp[1276729]: DHCPREQUEST(tape7d47221-0b) 10.1.0.4 fa:16:3e:59:02:f8
Oct 17 00:50:14.963929 podb-esxi207 dnsmasq-dhcp[1276729]: DHCPACK(tape7d47221-0b) 10.1.0.4 fa:16:3e:59:02:f8 host-10-1-0-4
Oct 17 00:50:54.148856 podb-esxi207 dnsmasq-dhcp[1275441]: DHCPDISCOVER(tapf7f35358-eb) fa:16:3e:31:b0:78
Oct 17 00:50:54.148881 podb-esxi207 dnsmasq-dhcp[1275441]: DHCPOFFER(tapf7f35358-eb) 10.1.0.6 fa:16:3e:31:b0:78
Oct 17 00:50:54.162098 podb-esxi207 dnsmasq-dhcp[1275441]: DHCPREQUEST(tapf7f35358-eb) 10.1.0.6 fa:16:3e:31:b0:78
Oct 17 00:50:54.162129 podb-esxi207 dnsmasq-dhcp[1275441]: DHCPACK(tapf7f35358-eb) 10.1.0.6 fa:16:3e:31:b0:78 host-10-1-0-6
Oct 17 00:50:54.344371 podb-esxi207 dnsmasq-dhcp[1277108]: DHCPDISCOVER(tapae4d8dc8-34) fa:16:3e:b1:f3:20
Oct 17 00:50:54.344395 podb-esxi207 dnsmasq-dhcp[1277108]: DHCPOFFER(tapae4d8dc8-34) 10.1.1.67 fa:16:3e:b1:f3:20
Oct 17 00:50:54.350607 podb-esxi207 dnsmasq-dhcp[1277108]: DHCPREQUEST(tapae4d8dc8-34) 10.1.1.67 fa:16:3e:b1:f3:20
Oct 17 00:50:54.350634 podb-esxi207 dnsmasq-dhcp[1277108]: DHCPACK(tapae4d8dc8-34) 10.1.1.67 fa:16:3e:b1:f3:20 host-10-1-1-67
Oct 17 00:50:54.748285 podb-esxi207 dnsmasq-dhcp[1277574]: DHCPDISCOVER(tap97bf7dbe-b3) fa:16:3e:0d:92:2b
Oct 17 00:50:54.748309 podb-esxi207 dnsmasq-dhcp[1277574]: DHCPOFFER(tap97bf7dbe-b3) 10.2.2.100 fa:16:3e:0d:92:2b
Oct 17 00:50:54.752715 podb-esxi207 dnsmasq-dhcp[1277574]: DHCPREQUEST(tap97bf7dbe-b3) 10.2.2.100 fa:16:3e:0d:92:2b
Oct 17 00:50:54.752739 podb-esxi207 dnsmasq-dhcp[1277574]: DHCPACK(tap97bf7dbe-b3) 10.2.2.100 fa:16:3e:0d:92:2b host-10-2-2-100
Oct 17 00:50:54.884394 podb-esxi207 dnsmasq-dhcp[1277108]: DHCPDISCOVER(tapae4d8dc8-34) fa:16:3e:64:7c:53
Oct 17 00:50:54.884418 podb-esxi207 dnsmasq-dhcp[1277108]: DHCPOFFER(tapae4d8dc8-34) 10.1.1.248 fa:16:3e:64:7c:53
Oct 17 00:50:54.887832 podb-esxi207 dnsmasq-dhcp[1277108]: DHCPREQUEST(tapae4d8dc8-34) 10.1.1.248 fa:16:3e:64:7c:53
Oct 17 00:50:54.887857 podb-esxi207 dnsmasq-dhcp[1277108]: DHCPACK(tapae4d8dc8-34) 10.1.1.248 fa:16:3e:64:7c:53 host-10-1-1-248
Oct 17 00:50:54.920730 podb-esxi207 dnsmasq-dhcp[1277108]: DHCPDISCOVER(tapae4d8dc8-34) fa:16:3e:81:2d:de
Oct 17 00:50:54.920756 podb-esxi207 dnsmasq-dhcp[1277108]: DHCPOFFER(tapae4d8dc8-34) 10.1.1.139 fa:16:3e:81:2d:de
Oct 17 00:50:54.923861 podb-esxi207 dnsmasq-dhcp[1277108]: DHCPREQUEST(tapae4d8dc8-34) 10.1.1.139 fa:16:3e:81:2d:de
Oct 17 00:50:54.923884 podb-esxi207 dnsmasq-dhcp[1277108]: DHCPACK(tapae4d8dc8-34) 10.1.1.139 fa:16:3e:81:2d:de host-10-1-1-139
Oct 17 00:50:55.197337 podb-esxi207 dnsmasq-dhcp[1277108]: DHCPDISCOVER(tapae4d8dc8-34) fa:16:3e:79:75:94
Oct 17 00:50:55.197361 podb-esxi207 dnsmasq-dhcp[1277108]: DHCPOFFER(tapae4d8dc8-34) 10.1.1.63 fa:16:3e:79:75:94
Oct 17 00:50:55.201052 podb-esxi207 dnsmasq-dhcp[1277108]: DHCPREQUEST(tapae4d8dc8-34) 10.1.1.63 fa:16:3e:79:75:94
Oct 17 00:50:55.201078 podb-esxi207 dnsmasq-dhcp[1277108]: DHCPACK(tapae4d8dc8-34) 10.1.1.63 fa:16:3e:79:75:94 host-10-1-1-63
Oct 17 00:50:55.897449 podb-esxi207 dnsmasq-dhcp[1277574]: DHCPDISCOVER(tap97bf7dbe-b3) fa:16:3e:24:ad:31
Oct 17 00:50:55.897475 podb-esxi207 dnsmasq-dhcp[1277574]: DHCPOFFER(tap97bf7dbe-b3) 10.2.2.200 fa:16:3e:24:ad:31
Oct 17 00:50:55.900925 podb-esxi207 dnsmasq-dhcp[1277574]: DHCPREQUEST(tap97bf7dbe-b3) 10.2.2.200 fa:16:3e:24:ad:31
Oct 17 00:50:55.900949 podb-esxi207 dnsmasq-dhcp[1277574]: DHCPACK(tap97bf7dbe-b3) 10.2.2.200 fa:16:3e:24:ad:31 host-10-2-2-200
Oct 17 00:51:01.429765 podb-esxi207 dnsmasq-dhcp[1270641]: DHCPRELEASE(tapde290fe3-9b) 10.1.0.4 fa:16:3e:3f:78:4a
Oct 17 00:51:01.444962 podb-esxi207 dnsmasq-dhcp[1270641]: DHCPRELEASE(tapde290fe3-9b) 10.1.0.4 fa:16:3e:3f:78:4a unknown lease
Oct 17 00:51:02.269195 podb-esxi207 dnsmasq[1270641]: read /opt/stack/data/neutron/dhcp/44772504-4389-4190-80b2-d0af22c6ec0c/addn_hosts - 4 names
Oct 17 00:51:02.269277 podb-esxi207 dnsmasq-dhcp[1270641]: read /opt/stack/data/neutron/dhcp/44772504-4389-4190-80b2-d0af22c6ec0c/host
Oct 17 00:51:02.269353 podb-esxi207 dnsmasq-dhcp[1270641]: read /opt/stack/data/neutron/dhcp/44772504-4389-4190-80b2-d0af22c6ec0c/opts
Oct 17 00:51:11.402912 podb-esxi207 dnsmasq[1274026]: read /opt/stack/data/neutron/dhcp/c5aec33c-2004-46fa-b45d-c2fb68861d9f/addn_hosts - 10 names
Oct 17 00:51:11.403024 podb-esxi207 dnsmasq-dhcp[1274026]: read /opt/stack/data/neutron/dhcp/c5aec33c-2004-46fa-b45d-c2fb68861d9f/host
Oct 17 00:51:11.403131 podb-esxi207 dnsmasq-dhcp[1274026]: read /opt/stack/data/neutron/dhcp/c5aec33c-2004-46fa-b45d-c2fb68861d9f/opts
Oct 17 00:51:17.208160 podb-esxi207 dnsmasq-dhcp[1277108]: DHCPRELEASE(tapae4d8dc8-34) 10.1.1.248 fa:16:3e:64:7c:53
Oct 17 00:51:17.225277 podb-esxi207 dnsmasq-dhcp[1277108]: DHCPRELEASE(tapae4d8dc8-34) 10.1.1.248 fa:16:3e:64:7c:53 unknown lease
Oct 17 00:51:18.050165 podb-esxi207 dnsmasq[1277108]: read /opt/stack/data/neutron/dhcp/a8da1319-0773-4bf2-81ac-fb611dc58c38/addn_hosts - 6 names
Oct 17 00:51:18.050255 podb-esxi207 dnsmasq-dhcp[1277108]: read /opt/stack/data/neutron/dhcp/a8da1319-0773-4bf2-81ac-fb611dc58c38/host
Oct 17 00:51:18.050302 podb-esxi207 dnsmasq-dhcp[1277108]: read /opt/stack/data/neutron/dhcp/a8da1319-0773-4bf2-81ac-fb611dc58c38/opts
Oct 17 00:51:18.294875 podb-esxi207 dnsmasq-dhcp[1277574]: DHCPRELEASE(tap97bf7dbe-b3) 10.2.2.200 fa:16:3e:24:ad:31
Oct 17 00:51:18.311083 podb-esxi207 dnsmasq-dhcp[1277574]: DHCPRELEASE(tap97bf7dbe-b3) 10.2.2.200 fa:16:3e:24:ad:31 unknown lease
Oct 17 00:51:19.135630 podb-esxi207 dnsmasq[1277574]: read /opt/stack/data/neutron/dhcp/cef5c612-a26c-4150-bebb-317936599386/addn_hosts - 2 names
Oct 17 00:51:19.135722 podb-esxi207 dnsmasq-dhcp[1277574]: read /opt/stack/data/neutron/dhcp/cef5c612-a26c-4150-bebb-317936599386/host
Oct 17 00:51:19.135817 podb-esxi207 dnsmasq-dhcp[1277574]: read /opt/stack/data/neutron/dhcp/cef5c612-a26c-4150-bebb-317936599386/opts
Oct 17 00:51:19.384086 podb-esxi207 dnsmasq-dhcp[1275441]: DHCPRELEASE(tapf7f35358-eb) 10.1.0.6 fa:16:3e:31:b0:78
Oct 17 00:51:19.402282 podb-esxi207 dnsmasq-dhcp[1275441]: DHCPRELEASE(tapf7f35358-eb) 10.1.0.6 fa:16:3e:31:b0:78 unknown lease
Oct 17 00:51:20.228502 podb-esxi207 dnsmasq[1275441]: read /opt/stack/data/neutron/dhcp/66396918-4fba-48c5-bc1a-23ee44033819/addn_hosts - 2 names
Oct 17 00:51:20.228685 podb-esxi207 dnsmasq-dhcp[1275441]: read /opt/stack/data/neutron/dhcp/66396918-4fba-48c5-bc1a-23ee44033819/host
Oct 17 00:51:20.228808 podb-esxi207 dnsmasq-dhcp[1275441]: read /opt/stack/data/neutron/dhcp/66396918-4fba-48c5-bc1a-23ee44033819/opts
Oct 17 00:51:20.478144 podb-esxi207 dnsmasq-dhcp[1277108]: DHCPRELEASE(tapae4d8dc8-34) 10.1.1.139 fa:16:3e:81:2d:de
Oct 17 00:51:20.495529 podb-esxi207 dnsmasq-dhcp[1277108]: DHCPRELEASE(tapae4d8dc8-34) 10.1.1.139 fa:16:3e:81:2d:de unknown lease
Oct 17 00:51:21.321925 podb-esxi207 dnsmasq[1277108]: read /opt/stack/data/neutron/dhcp/a8da1319-0773-4bf2-81ac-fb611dc58c38/addn_hosts - 4 names
Oct 17 00:51:21.322019 podb-esxi207 dnsmasq-dhcp[1277108]: read /opt/stack/data/neutron/dhcp/a8da1319-0773-4bf2-81ac-fb611dc58c38/host
Oct 17 00:51:21.322094 podb-esxi207 dnsmasq-dhcp[1277108]: read /opt/stack/data/neutron/dhcp/a8da1319-0773-4bf2-81ac-fb611dc58c38/opts
Oct 17 00:51:21.571461 podb-esxi207 dnsmasq-dhcp[1277574]: DHCPRELEASE(tap97bf7dbe-b3) 10.2.2.100 fa:16:3e:0d:92:2b
Oct 17 00:51:21.588859 podb-esxi207 dnsmasq-dhcp[1277574]: DHCPRELEASE(tap97bf7dbe-b3) 10.2.2.100 fa:16:3e:0d:92:2b unknown lease
Oct 17 00:51:22.412875 podb-esxi207 dnsmasq[1277574]: read /opt/stack/data/neutron/dhcp/cef5c612-a26c-4150-bebb-317936599386/addn_hosts - 0 names
Oct 17 00:51:22.412953 podb-esxi207 dnsmasq-dhcp[1277574]: read /opt/stack/data/neutron/dhcp/cef5c612-a26c-4150-bebb-317936599386/host
Oct 17 00:51:22.413006 podb-esxi207 dnsmasq-dhcp[1277574]: read /opt/stack/data/neutron/dhcp/cef5c612-a26c-4150-bebb-317936599386/opts
Oct 17 00:51:27.207947 podb-esxi207 dnsmasq[1274026]: read /opt/stack/data/neutron/dhcp/c5aec33c-2004-46fa-b45d-c2fb68861d9f/addn_hosts - 12 names
Oct 17 00:51:27.208057 podb-esxi207 dnsmasq-dhcp[1274026]: read /opt/stack/data/neutron/dhcp/c5aec33c-2004-46fa-b45d-c2fb68861d9f/host
Oct 17 00:51:27.208157 podb-esxi207 dnsmasq-dhcp[1274026]: read /opt/stack/data/neutron/dhcp/c5aec33c-2004-46fa-b45d-c2fb68861d9f/opts
Oct 17 00:51:29.735541 podb-esxi207 dnsmasq[1270641]: read /opt/stack/data/neutron/dhcp/44772504-4389-4190-80b2-d0af22c6ec0c/addn_hosts - 6 names
Oct 17 00:51:29.735682 podb-esxi207 dnsmasq-dhcp[1270641]: read /opt/stack/data/neutron/dhcp/44772504-4389-4190-80b2-d0af22c6ec0c/host
Oct 17 00:51:29.735800 podb-esxi207 dnsmasq-dhcp[1270641]: read /opt/stack/data/neutron/dhcp/44772504-4389-4190-80b2-d0af22c6ec0c/opts
Oct 17 00:51:33.671772 podb-esxi207 dnsmasq-dhcp[1277108]: DHCPRELEASE(tapae4d8dc8-34) 10.1.1.67 fa:16:3e:b1:f3:20
Oct 17 00:51:33.686480 podb-esxi207 dnsmasq-dhcp[1277108]: DHCPRELEASE(tapae4d8dc8-34) 10.1.1.67 fa:16:3e:b1:f3:20 unknown lease
Oct 17 00:51:34.505226 podb-esxi207 dnsmasq[1277108]: read /opt/stack/data/neutron/dhcp/a8da1319-0773-4bf2-81ac-fb611dc58c38/addn_hosts - 2 names
Oct 17 00:51:34.505299 podb-esxi207 dnsmasq-dhcp[1277108]: read /opt/stack/data/neutron/dhcp/a8da1319-0773-4bf2-81ac-fb611dc58c38/host
Oct 17 00:51:34.505346 podb-esxi207 dnsmasq-dhcp[1277108]: read /opt/stack/data/neutron/dhcp/a8da1319-0773-4bf2-81ac-fb611dc58c38/opts
Oct 17 00:51:35.735908 podb-esxi207 dnsmasq[1277574]: exiting on receipt of SIGTERM
Oct 17 00:51:36.036227 podb-esxi207 dnsmasq-dhcp[1274026]: DHCPDISCOVER(tap97c7646b-03) fa:16:3e:fe:09:fa
Oct 17 00:51:36.036252 podb-esxi207 dnsmasq-dhcp[1274026]: DHCPOFFER(tap97c7646b-03) 10.1.0.3 fa:16:3e:fe:09:fa
Oct 17 00:51:36.050425 podb-esxi207 dnsmasq-dhcp[1274026]: DHCPREQUEST(tap97c7646b-03) 10.1.0.3 fa:16:3e:fe:09:fa
Oct 17 00:51:36.050456 podb-esxi207 dnsmasq-dhcp[1274026]: DHCPACK(tap97c7646b-03) 10.1.0.3 fa:16:3e:fe:09:fa host-10-1-0-3
Oct 17 00:51:36.343592 podb-esxi207 dnsmasq[1277108]: exiting on receipt of SIGTERM
Oct 17 00:51:44.058809 podb-esxi207 dnsmasq-dhcp[1276729]: DHCPREQUEST(tape7d47221-0b) 10.1.0.4 fa:16:3e:59:02:f8
Oct 17 00:51:44.058842 podb-esxi207 dnsmasq-dhcp[1276729]: DHCPACK(tape7d47221-0b) 10.1.0.4 fa:16:3e:59:02:f8 host-10-1-0-4
Oct 17 00:51:50.267443 podb-esxi207 dnsmasq[1275441]: read /opt/stack/data/neutron/dhcp/66396918-4fba-48c5-bc1a-23ee44033819/addn_hosts - 0 names
Oct 17 00:51:50.267518 podb-esxi207 dnsmasq-dhcp[1275441]: read /opt/stack/data/neutron/dhcp/66396918-4fba-48c5-bc1a-23ee44033819/host
Oct 17 00:51:50.267597 podb-esxi207 dnsmasq-dhcp[1275441]: read /opt/stack/data/neutron/dhcp/66396918-4fba-48c5-bc1a-23ee44033819/opts
Oct 17 00:51:50.992756 podb-esxi207 dnsmasq[1275441]: exiting on receipt of SIGTERM
Oct 17 00:51:51.279941 podb-esxi207 dnsmasq-dhcp[1274026]: DHCPDISCOVER(tap97c7646b-03) fa:16:3e:23:14:a9
Oct 17 00:51:51.279967 podb-esxi207 dnsmasq-dhcp[1274026]: DHCPOFFER(tap97c7646b-03) 10.1.0.11 fa:16:3e:23:14:a9
Oct 17 00:51:51.287281 podb-esxi207 dnsmasq-dhcp[1274026]: DHCPREQUEST(tap97c7646b-03) 10.1.0.11 fa:16:3e:23:14:a9
Oct 17 00:51:51.287307 podb-esxi207 dnsmasq-dhcp[1274026]: DHCPACK(tap97c7646b-03) 10.1.0.11 fa:16:3e:23:14:a9 host-10-1-0-11
Oct 17 00:51:51.598382 podb-esxi207 dnsmasq-dhcp[1275906]: DHCPRELEASE(tap90050db5-48) 10.1.0.1 fa:16:3e:05:1e:1e
Oct 17 00:51:52.421447 podb-esxi207 dnsmasq[1275906]: read /opt/stack/data/neutron/dhcp/977eb6a4-f44b-4b9d-aa45-93c2fe119681/addn_hosts - 0 names
Oct 17 00:51:52.421541 podb-esxi207 dnsmasq-dhcp[1275906]: read /opt/stack/data/neutron/dhcp/977eb6a4-f44b-4b9d-aa45-93c2fe119681/host
Oct 17 00:51:52.421629 podb-esxi207 dnsmasq-dhcp[1275906]: read /opt/stack/data/neutron/dhcp/977eb6a4-f44b-4b9d-aa45-93c2fe119681/opts
Oct 17 00:51:52.657604 podb-esxi207 dnsmasq[1275906]: exiting on receipt of SIGTERM
Oct 17 00:51:57.144180 podb-esxi207 dnsmasq[1281336]: started, version 2.90 cachesize 150
Oct 17 00:51:57.144205 podb-esxi207 dnsmasq[1281336]: DNS service limited to local subnets
Oct 17 00:51:57.144220 podb-esxi207 dnsmasq[1281336]: compile time options: IPv6 GNU-getopt DBus no-UBus i18n IDN2 DHCP DHCPv6 no-Lua TFTP conntrack ipset no-nftset auth cryptohash DNSSEC loop-detect inotify dumpfile
Oct 17 00:51:57.144256 podb-esxi207 dnsmasq-dhcp[1281336]: DHCP, static leases only on 10.1.0.0, lease time 1d
Oct 17 00:51:57.144414 podb-esxi207 dnsmasq[1281336]: reading /etc/resolv.conf
Oct 17 00:51:57.144430 podb-esxi207 dnsmasq[1281336]: using nameserver 127.0.0.53#53
Oct 17 00:51:57.144510 podb-esxi207 dnsmasq[1281336]: read /opt/stack/data/neutron/dhcp/1f7dcf4a-cc00-422d-9aa1-7851c228aea1/addn_hosts - 0 names
Oct 17 00:51:57.144560 podb-esxi207 dnsmasq-dhcp[1281336]: read /opt/stack/data/neutron/dhcp/1f7dcf4a-cc00-422d-9aa1-7851c228aea1/host
Oct 17 00:51:57.144632 podb-esxi207 dnsmasq-dhcp[1281336]: read /opt/stack/data/neutron/dhcp/1f7dcf4a-cc00-422d-9aa1-7851c228aea1/opts
Oct 17 00:51:58.692248 podb-esxi207 dnsmasq[1281336]: read /opt/stack/data/neutron/dhcp/1f7dcf4a-cc00-422d-9aa1-7851c228aea1/addn_hosts - 2 names
Oct 17 00:51:58.692321 podb-esxi207 dnsmasq-dhcp[1281336]: read /opt/stack/data/neutron/dhcp/1f7dcf4a-cc00-422d-9aa1-7851c228aea1/host
Oct 17 00:51:58.692415 podb-esxi207 dnsmasq-dhcp[1281336]: read /opt/stack/data/neutron/dhcp/1f7dcf4a-cc00-422d-9aa1-7851c228aea1/opts
Oct 17 00:51:59.950585 podb-esxi207 dnsmasq[1281336]: read /opt/stack/data/neutron/dhcp/1f7dcf4a-cc00-422d-9aa1-7851c228aea1/addn_hosts - 2 names
Oct 17 00:51:59.950669 podb-esxi207 dnsmasq-dhcp[1281336]: read /opt/stack/data/neutron/dhcp/1f7dcf4a-cc00-422d-9aa1-7851c228aea1/host
Oct 17 00:51:59.950776 podb-esxi207 dnsmasq-dhcp[1281336]: read /opt/stack/data/neutron/dhcp/1f7dcf4a-cc00-422d-9aa1-7851c228aea1/opts
Oct 17 00:52:01.218141 podb-esxi207 dnsmasq[1281336]: read /opt/stack/data/neutron/dhcp/1f7dcf4a-cc00-422d-9aa1-7851c228aea1/addn_hosts - 2 names
Oct 17 00:52:01.218229 podb-esxi207 dnsmasq-dhcp[1281336]: read /opt/stack/data/neutron/dhcp/1f7dcf4a-cc00-422d-9aa1-7851c228aea1/host
Oct 17 00:52:01.218346 podb-esxi207 dnsmasq-dhcp[1281336]: read /opt/stack/data/neutron/dhcp/1f7dcf4a-cc00-422d-9aa1-7851c228aea1/opts
Oct 17 00:52:04.173448 podb-esxi207 dnsmasq[1281336]: read /opt/stack/data/neutron/dhcp/1f7dcf4a-cc00-422d-9aa1-7851c228aea1/addn_hosts - 4 names
Oct 17 00:52:04.173591 podb-esxi207 dnsmasq-dhcp[1281336]: read /opt/stack/data/neutron/dhcp/1f7dcf4a-cc00-422d-9aa1-7851c228aea1/host
Oct 17 00:52:04.173679 podb-esxi207 dnsmasq-dhcp[1281336]: read /opt/stack/data/neutron/dhcp/1f7dcf4a-cc00-422d-9aa1-7851c228aea1/opts
Oct 17 00:52:26.147913 podb-esxi207 dnsmasq-dhcp[1270641]: DHCPDISCOVER(tapde290fe3-9b) fa:16:3e:a1:b4:a6
Oct 17 00:52:26.147942 podb-esxi207 dnsmasq-dhcp[1270641]: DHCPOFFER(tapde290fe3-9b) 10.1.0.7 fa:16:3e:a1:b4:a6
Oct 17 00:52:26.157960 podb-esxi207 dnsmasq-dhcp[1270641]: DHCPREQUEST(tapde290fe3-9b) 10.1.0.7 fa:16:3e:a1:b4:a6
Oct 17 00:52:26.157989 podb-esxi207 dnsmasq-dhcp[1270641]: DHCPACK(tapde290fe3-9b) 10.1.0.7 fa:16:3e:a1:b4:a6 host-10-1-0-7
Oct 17 00:52:28.429023 podb-esxi207 dnsmasq-dhcp[1281336]: DHCPDISCOVER(tap96b198c0-83) fa:16:3e:0d:82:8e
Oct 17 00:52:28.429052 podb-esxi207 dnsmasq-dhcp[1281336]: DHCPOFFER(tap96b198c0-83) 10.1.0.9 fa:16:3e:0d:82:8e
Oct 17 00:52:28.440702 podb-esxi207 dnsmasq-dhcp[1281336]: DHCPREQUEST(tap96b198c0-83) 10.1.0.9 fa:16:3e:0d:82:8e
Oct 17 00:52:28.440733 podb-esxi207 dnsmasq-dhcp[1281336]: DHCPACK(tap96b198c0-83) 10.1.0.9 fa:16:3e:0d:82:8e host-10-1-0-9
Oct 17 00:52:46.744737 podb-esxi207 dnsmasq-dhcp[1276729]: DHCPRELEASE(tape7d47221-0b) 10.1.0.4 fa:16:3e:59:02:f8
Oct 17 00:52:46.758580 podb-esxi207 dnsmasq-dhcp[1276729]: DHCPRELEASE(tape7d47221-0b) 10.1.0.4 fa:16:3e:59:02:f8 unknown lease
Oct 17 00:52:47.582113 podb-esxi207 dnsmasq[1276729]: read /opt/stack/data/neutron/dhcp/4f85f4a1-e803-4043-bf24-bad194806eb3/addn_hosts - 2 names
Oct 17 00:52:47.582223 podb-esxi207 dnsmasq-dhcp[1276729]: read /opt/stack/data/neutron/dhcp/4f85f4a1-e803-4043-bf24-bad194806eb3/host
Oct 17 00:52:47.582333 podb-esxi207 dnsmasq-dhcp[1276729]: read /opt/stack/data/neutron/dhcp/4f85f4a1-e803-4043-bf24-bad194806eb3/opts
Oct 17 00:52:48.595792 podb-esxi207 dnsmasq-dhcp[1274026]: DHCPREQUEST(tap97c7646b-03) 10.1.0.3 fa:16:3e:fe:09:fa
Oct 17 00:52:48.595824 podb-esxi207 dnsmasq-dhcp[1274026]: DHCPACK(tap97c7646b-03) 10.1.0.3 fa:16:3e:fe:09:fa host-10-1-0-3
Oct 17 00:53:00.003130 podb-esxi207 dnsmasq[1276729]: read /opt/stack/data/neutron/dhcp/4f85f4a1-e803-4043-bf24-bad194806eb3/addn_hosts - 0 names
Oct 17 00:53:00.003216 podb-esxi207 dnsmasq-dhcp[1276729]: read /opt/stack/data/neutron/dhcp/4f85f4a1-e803-4043-bf24-bad194806eb3/host
Oct 17 00:53:00.003302 podb-esxi207 dnsmasq-dhcp[1276729]: read /opt/stack/data/neutron/dhcp/4f85f4a1-e803-4043-bf24-bad194806eb3/opts
Oct 17 00:53:00.914074 podb-esxi207 dnsmasq[1276729]: exiting on receipt of SIGTERM
Oct 17 00:53:04.630905 podb-esxi207 dnsmasq[1282825]: started, version 2.90 cachesize 150
Oct 17 00:53:04.630932 podb-esxi207 dnsmasq[1282825]: DNS service limited to local subnets
Oct 17 00:53:04.630946 podb-esxi207 dnsmasq[1282825]: compile time options: IPv6 GNU-getopt DBus no-UBus i18n IDN2 DHCP DHCPv6 no-Lua TFTP conntrack ipset no-nftset auth cryptohash DNSSEC loop-detect inotify dumpfile
Oct 17 00:53:04.630986 podb-esxi207 dnsmasq-dhcp[1282825]: DHCP, static leases only on 10.1.0.0, lease time 1d
Oct 17 00:53:04.631133 podb-esxi207 dnsmasq[1282825]: reading /etc/resolv.conf
Oct 17 00:53:04.631148 podb-esxi207 dnsmasq[1282825]: using nameserver 127.0.0.53#53
Oct 17 00:53:04.631229 podb-esxi207 dnsmasq[1282825]: read /opt/stack/data/neutron/dhcp/3a6c604a-5ccb-4ae4-bae4-118f8290572f/addn_hosts - 0 names
Oct 17 00:53:04.631284 podb-esxi207 dnsmasq-dhcp[1282825]: read /opt/stack/data/neutron/dhcp/3a6c604a-5ccb-4ae4-bae4-118f8290572f/host
Oct 17 00:53:04.631346 podb-esxi207 dnsmasq-dhcp[1282825]: read /opt/stack/data/neutron/dhcp/3a6c604a-5ccb-4ae4-bae4-118f8290572f/opts
Oct 17 00:53:06.174809 podb-esxi207 dnsmasq[1282825]: read /opt/stack/data/neutron/dhcp/3a6c604a-5ccb-4ae4-bae4-118f8290572f/addn_hosts - 2 names
Oct 17 00:53:06.174894 podb-esxi207 dnsmasq-dhcp[1282825]: read /opt/stack/data/neutron/dhcp/3a6c604a-5ccb-4ae4-bae4-118f8290572f/host
Oct 17 00:53:06.175007 podb-esxi207 dnsmasq-dhcp[1282825]: read /opt/stack/data/neutron/dhcp/3a6c604a-5ccb-4ae4-bae4-118f8290572f/opts
Oct 17 00:53:07.415482 podb-esxi207 dnsmasq[1282825]: read /opt/stack/data/neutron/dhcp/3a6c604a-5ccb-4ae4-bae4-118f8290572f/addn_hosts - 2 names
Oct 17 00:53:07.415579 podb-esxi207 dnsmasq-dhcp[1282825]: read /opt/stack/data/neutron/dhcp/3a6c604a-5ccb-4ae4-bae4-118f8290572f/host
Oct 17 00:53:07.415692 podb-esxi207 dnsmasq-dhcp[1282825]: read /opt/stack/data/neutron/dhcp/3a6c604a-5ccb-4ae4-bae4-118f8290572f/opts
Oct 17 00:53:08.650473 podb-esxi207 dnsmasq[1282825]: read /opt/stack/data/neutron/dhcp/3a6c604a-5ccb-4ae4-bae4-118f8290572f/addn_hosts - 2 names
Oct 17 00:53:08.650558 podb-esxi207 dnsmasq-dhcp[1282825]: read /opt/stack/data/neutron/dhcp/3a6c604a-5ccb-4ae4-bae4-118f8290572f/host
Oct 17 00:53:08.650661 podb-esxi207 dnsmasq-dhcp[1282825]: read /opt/stack/data/neutron/dhcp/3a6c604a-5ccb-4ae4-bae4-118f8290572f/opts
Oct 17 00:53:11.873214 podb-esxi207 dnsmasq[1282825]: read /opt/stack/data/neutron/dhcp/3a6c604a-5ccb-4ae4-bae4-118f8290572f/addn_hosts - 4 names
Oct 17 00:53:11.873327 podb-esxi207 dnsmasq-dhcp[1282825]: read /opt/stack/data/neutron/dhcp/3a6c604a-5ccb-4ae4-bae4-118f8290572f/host
Oct 17 00:53:11.873435 podb-esxi207 dnsmasq-dhcp[1282825]: read /opt/stack/data/neutron/dhcp/3a6c604a-5ccb-4ae4-bae4-118f8290572f/opts
Oct 17 00:53:14.191603 podb-esxi207 dnsmasq[1282825]: read /opt/stack/data/neutron/dhcp/3a6c604a-5ccb-4ae4-bae4-118f8290572f/addn_hosts - 6 names
Oct 17 00:53:14.191715 podb-esxi207 dnsmasq-dhcp[1282825]: read /opt/stack/data/neutron/dhcp/3a6c604a-5ccb-4ae4-bae4-118f8290572f/host
Oct 17 00:53:14.191821 podb-esxi207 dnsmasq-dhcp[1282825]: read /opt/stack/data/neutron/dhcp/3a6c604a-5ccb-4ae4-bae4-118f8290572f/opts
Oct 17 00:53:17.243975 podb-esxi207 dnsmasq-dhcp[1270641]: DHCPRELEASE(tapde290fe3-9b) 10.1.0.7 fa:16:3e:a1:b4:a6
Oct 17 00:53:17.259740 podb-esxi207 dnsmasq-dhcp[1270641]: DHCPRELEASE(tapde290fe3-9b) 10.1.0.7 fa:16:3e:a1:b4:a6 unknown lease
Oct 17 00:53:18.089537 podb-esxi207 dnsmasq[1270641]: read /opt/stack/data/neutron/dhcp/44772504-4389-4190-80b2-d0af22c6ec0c/addn_hosts - 4 names
Oct 17 00:53:18.089627 podb-esxi207 dnsmasq-dhcp[1270641]: read /opt/stack/data/neutron/dhcp/44772504-4389-4190-80b2-d0af22c6ec0c/host
Oct 17 00:53:18.089734 podb-esxi207 dnsmasq-dhcp[1270641]: read /opt/stack/data/neutron/dhcp/44772504-4389-4190-80b2-d0af22c6ec0c/opts
Oct 17 00:53:18.630016 podb-esxi207 dnsmasq-dhcp[1274026]: DHCPREQUEST(tap97c7646b-03) 10.1.0.11 fa:16:3e:23:14:a9
Oct 17 00:53:18.630049 podb-esxi207 dnsmasq-dhcp[1274026]: DHCPACK(tap97c7646b-03) 10.1.0.11 fa:16:3e:23:14:a9 host-10-1-0-11
Oct 17 00:53:30.928802 podb-esxi207 dnsmasq-dhcp[1270641]: DHCPRELEASE(tapde290fe3-9b) 10.1.0.10 fa:16:3e:53:4a:05
Oct 17 00:53:30.944893 podb-esxi207 dnsmasq-dhcp[1270641]: DHCPRELEASE(tapde290fe3-9b) 10.1.0.10 fa:16:3e:53:4a:05 unknown lease
Oct 17 00:53:31.768099 podb-esxi207 dnsmasq[1270641]: read /opt/stack/data/neutron/dhcp/44772504-4389-4190-80b2-d0af22c6ec0c/addn_hosts - 2 names
Oct 17 00:53:31.768219 podb-esxi207 dnsmasq-dhcp[1270641]: read /opt/stack/data/neutron/dhcp/44772504-4389-4190-80b2-d0af22c6ec0c/host
Oct 17 00:53:31.768334 podb-esxi207 dnsmasq-dhcp[1270641]: read /opt/stack/data/neutron/dhcp/44772504-4389-4190-80b2-d0af22c6ec0c/opts
Oct 17 00:53:35.285635 podb-esxi207 dnsmasq-dhcp[1282825]: DHCPDISCOVER(tapa8c87746-cf) fa:16:3e:47:cb:c2
Oct 17 00:53:35.285664 podb-esxi207 dnsmasq-dhcp[1282825]: DHCPOFFER(tapa8c87746-cf) 10.1.0.4 fa:16:3e:47:cb:c2
Oct 17 00:53:35.296819 podb-esxi207 dnsmasq-dhcp[1282825]: DHCPREQUEST(tapa8c87746-cf) 10.1.0.4 fa:16:3e:47:cb:c2
Oct 17 00:53:35.296845 podb-esxi207 dnsmasq-dhcp[1282825]: DHCPACK(tapa8c87746-cf) 10.1.0.4 fa:16:3e:47:cb:c2 host-10-1-0-4
Oct 17 00:53:36.520164 podb-esxi207 dnsmasq-dhcp[1270641]: DHCPRELEASE(tapde290fe3-9b) 10.1.0.1 fa:16:3e:31:02:fa
Oct 17 00:53:37.342965 podb-esxi207 dnsmasq[1270641]: read /opt/stack/data/neutron/dhcp/44772504-4389-4190-80b2-d0af22c6ec0c/addn_hosts - 0 names
Oct 17 00:53:37.343039 podb-esxi207 dnsmasq-dhcp[1270641]: read /opt/stack/data/neutron/dhcp/44772504-4389-4190-80b2-d0af22c6ec0c/host
Oct 17 00:53:37.343120 podb-esxi207 dnsmasq-dhcp[1270641]: read /opt/stack/data/neutron/dhcp/44772504-4389-4190-80b2-d0af22c6ec0c/opts
Oct 17 00:53:38.093843 podb-esxi207 dnsmasq[1270641]: exiting on receipt of SIGTERM
Oct 17 00:53:41.774868 podb-esxi207 dnsmasq[1283888]: started, version 2.90 cachesize 150
Oct 17 00:53:41.774897 podb-esxi207 dnsmasq[1283888]: DNS service limited to local subnets
Oct 17 00:53:41.774912 podb-esxi207 dnsmasq[1283888]: compile time options: IPv6 GNU-getopt DBus no-UBus i18n IDN2 DHCP DHCPv6 no-Lua TFTP conntrack ipset no-nftset auth cryptohash DNSSEC loop-detect inotify dumpfile
Oct 17 00:53:41.774949 podb-esxi207 dnsmasq-dhcp[1283888]: DHCP, static leases only on 10.1.0.0, lease time 1d
Oct 17 00:53:41.775109 podb-esxi207 dnsmasq[1283888]: reading /etc/resolv.conf
Oct 17 00:53:41.775125 podb-esxi207 dnsmasq[1283888]: using nameserver 127.0.0.53#53
Oct 17 00:53:41.775209 podb-esxi207 dnsmasq[1283888]: read /opt/stack/data/neutron/dhcp/a0279ac1-298c-4064-8b38-db9a54a2b09c/addn_hosts - 0 names
Oct 17 00:53:41.775264 podb-esxi207 dnsmasq-dhcp[1283888]: read /opt/stack/data/neutron/dhcp/a0279ac1-298c-4064-8b38-db9a54a2b09c/host
Oct 17 00:53:41.775331 podb-esxi207 dnsmasq-dhcp[1283888]: read /opt/stack/data/neutron/dhcp/a0279ac1-298c-4064-8b38-db9a54a2b09c/opts
Oct 17 00:53:43.313847 podb-esxi207 dnsmasq[1283888]: read /opt/stack/data/neutron/dhcp/a0279ac1-298c-4064-8b38-db9a54a2b09c/addn_hosts - 2 names
Oct 17 00:53:43.313947 podb-esxi207 dnsmasq-dhcp[1283888]: read /opt/stack/data/neutron/dhcp/a0279ac1-298c-4064-8b38-db9a54a2b09c/host
Oct 17 00:53:43.314048 podb-esxi207 dnsmasq-dhcp[1283888]: read /opt/stack/data/neutron/dhcp/a0279ac1-298c-4064-8b38-db9a54a2b09c/opts
Oct 17 00:53:44.541658 podb-esxi207 dnsmasq[1283888]: read /opt/stack/data/neutron/dhcp/a0279ac1-298c-4064-8b38-db9a54a2b09c/addn_hosts - 2 names
Oct 17 00:53:44.541742 podb-esxi207 dnsmasq-dhcp[1283888]: read /opt/stack/data/neutron/dhcp/a0279ac1-298c-4064-8b38-db9a54a2b09c/host
Oct 17 00:53:44.541847 podb-esxi207 dnsmasq-dhcp[1283888]: read /opt/stack/data/neutron/dhcp/a0279ac1-298c-4064-8b38-db9a54a2b09c/opts
Oct 17 00:53:45.808502 podb-esxi207 dnsmasq[1283888]: read /opt/stack/data/neutron/dhcp/a0279ac1-298c-4064-8b38-db9a54a2b09c/addn_hosts - 2 names
Oct 17 00:53:45.808602 podb-esxi207 dnsmasq-dhcp[1283888]: read /opt/stack/data/neutron/dhcp/a0279ac1-298c-4064-8b38-db9a54a2b09c/host
Oct 17 00:53:45.808730 podb-esxi207 dnsmasq-dhcp[1283888]: read /opt/stack/data/neutron/dhcp/a0279ac1-298c-4064-8b38-db9a54a2b09c/opts
Oct 17 00:53:48.050190 podb-esxi207 dnsmasq[1283888]: read /opt/stack/data/neutron/dhcp/a0279ac1-298c-4064-8b38-db9a54a2b09c/addn_hosts - 4 names
Oct 17 00:53:48.050366 podb-esxi207 dnsmasq-dhcp[1283888]: read /opt/stack/data/neutron/dhcp/a0279ac1-298c-4064-8b38-db9a54a2b09c/host
Oct 17 00:53:48.050521 podb-esxi207 dnsmasq-dhcp[1283888]: read /opt/stack/data/neutron/dhcp/a0279ac1-298c-4064-8b38-db9a54a2b09c/opts
Oct 17 00:53:50.496755 podb-esxi207 dnsmasq-dhcp[1281336]: DHCPREQUEST(tap96b198c0-83) 10.1.0.9 fa:16:3e:0d:82:8e
Oct 17 00:53:50.496783 podb-esxi207 dnsmasq-dhcp[1281336]: DHCPACK(tap96b198c0-83) 10.1.0.9 fa:16:3e:0d:82:8e host-10-1-0-9
Oct 17 00:53:54.401571 podb-esxi207 dnsmasq-dhcp[1282825]: DHCPDISCOVER(tapa8c87746-cf) fa:16:3e:65:a3:f3
Oct 17 00:53:54.401594 podb-esxi207 dnsmasq-dhcp[1282825]: DHCPOFFER(tapa8c87746-cf) 10.1.0.8 fa:16:3e:65:a3:f3
Oct 17 00:53:54.410282 podb-esxi207 dnsmasq-dhcp[1282825]: DHCPREQUEST(tapa8c87746-cf) 10.1.0.8 fa:16:3e:65:a3:f3
Oct 17 00:53:54.410317 podb-esxi207 dnsmasq-dhcp[1282825]: DHCPACK(tapa8c87746-cf) 10.1.0.8 fa:16:3e:65:a3:f3 host-10-1-0-8
Oct 17 00:54:07.082125 podb-esxi207 dnsmasq[1282825]: read /opt/stack/data/neutron/dhcp/3a6c604a-5ccb-4ae4-bae4-118f8290572f/addn_hosts - 8 names
Oct 17 00:54:07.082221 podb-esxi207 dnsmasq-dhcp[1282825]: read /opt/stack/data/neutron/dhcp/3a6c604a-5ccb-4ae4-bae4-118f8290572f/host
Oct 17 00:54:07.082316 podb-esxi207 dnsmasq-dhcp[1282825]: read /opt/stack/data/neutron/dhcp/3a6c604a-5ccb-4ae4-bae4-118f8290572f/opts
Oct 17 00:54:11.167205 podb-esxi207 dnsmasq-dhcp[1282825]: DHCPDISCOVER(tapa8c87746-cf) fa:16:3e:47:cb:c2
Oct 17 00:54:11.167234 podb-esxi207 dnsmasq-dhcp[1282825]: DHCPOFFER(tapa8c87746-cf) 10.1.0.4 fa:16:3e:47:cb:c2
Oct 17 00:54:11.178491 podb-esxi207 dnsmasq-dhcp[1282825]: DHCPREQUEST(tapa8c87746-cf) 10.1.0.4 fa:16:3e:47:cb:c2
Oct 17 00:54:11.178522 podb-esxi207 dnsmasq-dhcp[1282825]: DHCPACK(tapa8c87746-cf) 10.1.0.4 fa:16:3e:47:cb:c2 host-10-1-0-4
Oct 17 00:54:11.292171 podb-esxi207 dnsmasq-dhcp[1283888]: DHCPDISCOVER(tap0f9d3487-95) fa:16:3e:55:c6:c7
Oct 17 00:54:11.292196 podb-esxi207 dnsmasq-dhcp[1283888]: DHCPOFFER(tap0f9d3487-95) 10.1.0.3 fa:16:3e:55:c6:c7
Oct 17 00:54:11.305550 podb-esxi207 dnsmasq-dhcp[1283888]: DHCPREQUEST(tap0f9d3487-95) 10.1.0.3 fa:16:3e:55:c6:c7
Oct 17 00:54:11.305580 podb-esxi207 dnsmasq-dhcp[1283888]: DHCPACK(tap0f9d3487-95) 10.1.0.3 fa:16:3e:55:c6:c7 host-10-1-0-3
Oct 17 00:54:17.057972 podb-esxi207 dnsmasq-dhcp[1274026]: DHCPRELEASE(tap97c7646b-03) 10.1.0.11 fa:16:3e:23:14:a9
Oct 17 00:54:17.075332 podb-esxi207 dnsmasq-dhcp[1274026]: DHCPRELEASE(tap97c7646b-03) 10.1.0.11 fa:16:3e:23:14:a9 unknown lease
Oct 17 00:54:17.899421 podb-esxi207 dnsmasq[1274026]: read /opt/stack/data/neutron/dhcp/c5aec33c-2004-46fa-b45d-c2fb68861d9f/addn_hosts - 10 names
Oct 17 00:54:17.899534 podb-esxi207 dnsmasq-dhcp[1274026]: read /opt/stack/data/neutron/dhcp/c5aec33c-2004-46fa-b45d-c2fb68861d9f/host
Oct 17 00:54:17.899618 podb-esxi207 dnsmasq-dhcp[1274026]: read /opt/stack/data/neutron/dhcp/c5aec33c-2004-46fa-b45d-c2fb68861d9f/opts
Oct 17 00:54:24.148390 podb-esxi207 dnsmasq-dhcp[1274026]: DHCPRELEASE(tap97c7646b-03) 10.1.0.3 fa:16:3e:fe:09:fa
Oct 17 00:54:24.163918 podb-esxi207 dnsmasq-dhcp[1274026]: DHCPRELEASE(tap97c7646b-03) 10.1.0.3 fa:16:3e:fe:09:fa unknown lease
Oct 17 00:54:24.987934 podb-esxi207 dnsmasq[1274026]: read /opt/stack/data/neutron/dhcp/c5aec33c-2004-46fa-b45d-c2fb68861d9f/addn_hosts - 8 names
Oct 17 00:54:24.988028 podb-esxi207 dnsmasq-dhcp[1274026]: read /opt/stack/data/neutron/dhcp/c5aec33c-2004-46fa-b45d-c2fb68861d9f/host
Oct 17 00:54:24.988128 podb-esxi207 dnsmasq-dhcp[1274026]: read /opt/stack/data/neutron/dhcp/c5aec33c-2004-46fa-b45d-c2fb68861d9f/opts
Oct 17 00:54:31.231126 podb-esxi207 dnsmasq-dhcp[1282825]: DHCPDISCOVER(tapa8c87746-cf) fa:16:3e:75:47:6f
Oct 17 00:54:31.231153 podb-esxi207 dnsmasq-dhcp[1282825]: DHCPOFFER(tapa8c87746-cf) 10.1.0.6 fa:16:3e:75:47:6f
Oct 17 00:54:31.243675 podb-esxi207 dnsmasq-dhcp[1282825]: DHCPREQUEST(tapa8c87746-cf) 10.1.0.6 fa:16:3e:75:47:6f
Oct 17 00:54:31.243710 podb-esxi207 dnsmasq-dhcp[1282825]: DHCPACK(tapa8c87746-cf) 10.1.0.6 fa:16:3e:75:47:6f host-10-1-0-6
Oct 17 00:54:34.477548 podb-esxi207 dnsmasq-dhcp[1274026]: DHCPRELEASE(tap97c7646b-03) 10.1.0.14 fa:16:3e:82:cd:a6
Oct 17 00:54:34.495434 podb-esxi207 dnsmasq-dhcp[1274026]: DHCPRELEASE(tap97c7646b-03) 10.1.0.14 fa:16:3e:82:cd:a6 unknown lease
Oct 17 00:54:35.320926 podb-esxi207 dnsmasq[1274026]: read /opt/stack/data/neutron/dhcp/c5aec33c-2004-46fa-b45d-c2fb68861d9f/addn_hosts - 6 names
Oct 17 00:54:35.321026 podb-esxi207 dnsmasq-dhcp[1274026]: read /opt/stack/data/neutron/dhcp/c5aec33c-2004-46fa-b45d-c2fb68861d9f/host
Oct 17 00:54:35.321098 podb-esxi207 dnsmasq-dhcp[1274026]: read /opt/stack/data/neutron/dhcp/c5aec33c-2004-46fa-b45d-c2fb68861d9f/opts
Oct 17 00:54:41.528033 podb-esxi207 dnsmasq-dhcp[1274026]: DHCPRELEASE(tap97c7646b-03) 10.1.0.9 fa:16:3e:9a:e3:1c
Oct 17 00:54:41.544190 podb-esxi207 dnsmasq-dhcp[1274026]: DHCPRELEASE(tap97c7646b-03) 10.1.0.9 fa:16:3e:9a:e3:1c unknown lease
Oct 17 00:54:42.367200 podb-esxi207 dnsmasq[1274026]: read /opt/stack/data/neutron/dhcp/c5aec33c-2004-46fa-b45d-c2fb68861d9f/addn_hosts - 4 names
Oct 17 00:54:42.367289 podb-esxi207 dnsmasq-dhcp[1274026]: read /opt/stack/data/neutron/dhcp/c5aec33c-2004-46fa-b45d-c2fb68861d9f/host
Oct 17 00:54:42.367390 podb-esxi207 dnsmasq-dhcp[1274026]: read /opt/stack/data/neutron/dhcp/c5aec33c-2004-46fa-b45d-c2fb68861d9f/opts
Oct 17 00:54:49.440486 podb-esxi207 dnsmasq-dhcp[1274026]: DHCPRELEASE(tap97c7646b-03) 10.1.0.8 fa:16:3e:e1:82:28
Oct 17 00:54:49.457396 podb-esxi207 dnsmasq-dhcp[1274026]: DHCPRELEASE(tap97c7646b-03) 10.1.0.8 fa:16:3e:e1:82:28 unknown lease
Oct 17 00:54:50.281338 podb-esxi207 dnsmasq[1274026]: read /opt/stack/data/neutron/dhcp/c5aec33c-2004-46fa-b45d-c2fb68861d9f/addn_hosts - 2 names
Oct 17 00:54:50.281423 podb-esxi207 dnsmasq-dhcp[1274026]: read /opt/stack/data/neutron/dhcp/c5aec33c-2004-46fa-b45d-c2fb68861d9f/host
Oct 17 00:54:50.281496 podb-esxi207 dnsmasq-dhcp[1274026]: read /opt/stack/data/neutron/dhcp/c5aec33c-2004-46fa-b45d-c2fb68861d9f/opts
Oct 17 00:55:02.082096 podb-esxi207 dnsmasq[1274026]: read /opt/stack/data/neutron/dhcp/c5aec33c-2004-46fa-b45d-c2fb68861d9f/addn_hosts - 0 names
Oct 17 00:55:02.082155 podb-esxi207 dnsmasq-dhcp[1274026]: read /opt/stack/data/neutron/dhcp/c5aec33c-2004-46fa-b45d-c2fb68861d9f/host
Oct 17 00:55:02.082212 podb-esxi207 dnsmasq-dhcp[1274026]: read /opt/stack/data/neutron/dhcp/c5aec33c-2004-46fa-b45d-c2fb68861d9f/opts
Oct 17 00:55:02.913784 podb-esxi207 dnsmasq[1274026]: exiting on receipt of SIGTERM
Oct 17 00:55:31.920106 podb-esxi207 dnsmasq-dhcp[1281336]: DHCPREQUEST(tap96b198c0-83) 10.1.0.9 fa:16:3e:0d:82:8e
Oct 17 00:55:31.920143 podb-esxi207 dnsmasq-dhcp[1281336]: DHCPACK(tap96b198c0-83) 10.1.0.9 fa:16:3e:0d:82:8e host-10-1-0-9
Oct 17 00:55:49.111162 podb-esxi207 dnsmasq-dhcp[1282825]: DHCPREQUEST(tapa8c87746-cf) 10.1.0.6 fa:16:3e:75:47:6f
Oct 17 00:55:49.111198 podb-esxi207 dnsmasq-dhcp[1282825]: DHCPACK(tapa8c87746-cf) 10.1.0.6 fa:16:3e:75:47:6f host-10-1-0-6
Oct 17 00:55:57.987892 podb-esxi207 dnsmasq-dhcp[1283888]: DHCPRELEASE(tap0f9d3487-95) 10.1.0.3 fa:16:3e:55:c6:c7
Oct 17 00:55:58.004773 podb-esxi207 dnsmasq-dhcp[1283888]: DHCPRELEASE(tap0f9d3487-95) 10.1.0.3 fa:16:3e:55:c6:c7 unknown lease
Oct 17 00:55:58.831435 podb-esxi207 dnsmasq[1283888]: read /opt/stack/data/neutron/dhcp/a0279ac1-298c-4064-8b38-db9a54a2b09c/addn_hosts - 2 names
Oct 17 00:55:58.831552 podb-esxi207 dnsmasq-dhcp[1283888]: read /opt/stack/data/neutron/dhcp/a0279ac1-298c-4064-8b38-db9a54a2b09c/host
Oct 17 00:55:58.831661 podb-esxi207 dnsmasq-dhcp[1283888]: read /opt/stack/data/neutron/dhcp/a0279ac1-298c-4064-8b38-db9a54a2b09c/opts
Oct 17 00:56:10.120326 podb-esxi207 dnsmasq[1283888]: read /opt/stack/data/neutron/dhcp/a0279ac1-298c-4064-8b38-db9a54a2b09c/addn_hosts - 0 names
Oct 17 00:56:10.120406 podb-esxi207 dnsmasq-dhcp[1283888]: read /opt/stack/data/neutron/dhcp/a0279ac1-298c-4064-8b38-db9a54a2b09c/host
Oct 17 00:56:10.120505 podb-esxi207 dnsmasq-dhcp[1283888]: read /opt/stack/data/neutron/dhcp/a0279ac1-298c-4064-8b38-db9a54a2b09c/opts
Oct 17 00:56:10.375111 podb-esxi207 dnsmasq-dhcp[1281336]: DHCPRELEASE(tap96b198c0-83) 10.1.0.9 fa:16:3e:0d:82:8e
Oct 17 00:56:10.392772 podb-esxi207 dnsmasq-dhcp[1281336]: DHCPRELEASE(tap96b198c0-83) 10.1.0.9 fa:16:3e:0d:82:8e unknown lease
Oct 17 00:56:11.217928 podb-esxi207 dnsmasq[1281336]: read /opt/stack/data/neutron/dhcp/1f7dcf4a-cc00-422d-9aa1-7851c228aea1/addn_hosts - 2 names
Oct 17 00:56:11.218019 podb-esxi207 dnsmasq-dhcp[1281336]: read /opt/stack/data/neutron/dhcp/1f7dcf4a-cc00-422d-9aa1-7851c228aea1/host
Oct 17 00:56:11.218109 podb-esxi207 dnsmasq-dhcp[1281336]: read /opt/stack/data/neutron/dhcp/1f7dcf4a-cc00-422d-9aa1-7851c228aea1/opts
Oct 17 00:56:11.512052 podb-esxi207 dnsmasq[1283888]: exiting on receipt of SIGTERM
Oct 17 00:56:15.039427 podb-esxi207 dnsmasq[1287752]: started, version 2.90 cachesize 150
Oct 17 00:56:15.039451 podb-esxi207 dnsmasq[1287752]: DNS service limited to local subnets
