Oct 17 01:08:13.840181 podb-esxi207 dnsmasq[1300119]: read /opt/stack/data/neutron/dhcp/904c749d-ef07-420d-bf18-45820267e3a7/addn_hosts - 2 names
Oct 17 01:08:13.840261 podb-esxi207 dnsmasq-dhcp[1300119]: read /opt/stack/data/neutron/dhcp/904c749d-ef07-420d-bf18-45820267e3a7/host
Oct 17 01:08:13.840367 podb-esxi207 dnsmasq-dhcp[1300119]: read /opt/stack/data/neutron/dhcp/904c749d-ef07-420d-bf18-45820267e3a7/opts
Oct 17 01:08:15.095556 podb-esxi207 dnsmasq[1300429]: read /opt/stack/data/neutron/dhcp/199f49a5-dea8-4dda-90ab-e95cbb2a2025/addn_hosts - 2 names
Oct 17 01:08:15.095648 podb-esxi207 dnsmasq-dhcp[1300429]: read /opt/stack/data/neutron/dhcp/199f49a5-dea8-4dda-90ab-e95cbb2a2025/host
Oct 17 01:08:15.095756 podb-esxi207 dnsmasq-dhcp[1300429]: read /opt/stack/data/neutron/dhcp/199f49a5-dea8-4dda-90ab-e95cbb2a2025/opts
Oct 17 01:08:15.847320 podb-esxi207 dnsmasq[1300119]: read /opt/stack/data/neutron/dhcp/904c749d-ef07-420d-bf18-45820267e3a7/addn_hosts - 2 names
Oct 17 01:08:15.847427 podb-esxi207 dnsmasq-dhcp[1300119]: read /opt/stack/data/neutron/dhcp/904c749d-ef07-420d-bf18-45820267e3a7/host
Oct 17 01:08:15.847544 podb-esxi207 dnsmasq-dhcp[1300119]: read /opt/stack/data/neutron/dhcp/904c749d-ef07-420d-bf18-45820267e3a7/opts
Oct 17 01:08:17.098673 podb-esxi207 dnsmasq[1300429]: read /opt/stack/data/neutron/dhcp/199f49a5-dea8-4dda-90ab-e95cbb2a2025/addn_hosts - 2 names
Oct 17 01:08:17.098756 podb-esxi207 dnsmasq-dhcp[1300429]: read /opt/stack/data/neutron/dhcp/199f49a5-dea8-4dda-90ab-e95cbb2a2025/host
Oct 17 01:08:17.098854 podb-esxi207 dnsmasq-dhcp[1300429]: read /opt/stack/data/neutron/dhcp/199f49a5-dea8-4dda-90ab-e95cbb2a2025/opts
Oct 17 01:08:19.494020 podb-esxi207 dnsmasq[1292368]: read /opt/stack/data/neutron/dhcp/0649d153-b378-4832-a1ee-38924d20d982/addn_hosts - 0 names
Oct 17 01:08:19.494143 podb-esxi207 dnsmasq-dhcp[1292368]: read /opt/stack/data/neutron/dhcp/0649d153-b378-4832-a1ee-38924d20d982/host
Oct 17 01:08:19.494237 podb-esxi207 dnsmasq-dhcp[1292368]: read /opt/stack/data/neutron/dhcp/0649d153-b378-4832-a1ee-38924d20d982/opts
Oct 17 01:08:20.370973 podb-esxi207 dnsmasq[1292368]: exiting on receipt of SIGTERM
Oct 17 01:08:23.706066 podb-esxi207 dnsmasq[1300119]: read /opt/stack/data/neutron/dhcp/904c749d-ef07-420d-bf18-45820267e3a7/addn_hosts - 4 names
Oct 17 01:08:23.706172 podb-esxi207 dnsmasq-dhcp[1300119]: read /opt/stack/data/neutron/dhcp/904c749d-ef07-420d-bf18-45820267e3a7/host
Oct 17 01:08:23.706292 podb-esxi207 dnsmasq-dhcp[1300119]: read /opt/stack/data/neutron/dhcp/904c749d-ef07-420d-bf18-45820267e3a7/opts
Oct 17 01:08:46.451554 podb-esxi207 dnsmasq-dhcp[1300119]: DHCPDISCOVER(tapdfc72938-8f) fa:16:3e:6f:f2:2f
Oct 17 01:08:46.451562 podb-esxi207 dnsmasq-dhcp[1300119]: DHCPOFFER(tapdfc72938-8f) 10.1.0.9 fa:16:3e:6f:f2:2f
Oct 17 01:08:46.461700 podb-esxi207 dnsmasq-dhcp[1300119]: DHCPREQUEST(tapdfc72938-8f) 10.1.0.9 fa:16:3e:6f:f2:2f
Oct 17 01:08:46.461731 podb-esxi207 dnsmasq-dhcp[1300119]: DHCPACK(tapdfc72938-8f) 10.1.0.9 fa:16:3e:6f:f2:2f host-10-1-0-9
Oct 17 01:08:48.913569 podb-esxi207 dnsmasq[1300871]: started, version 2.90 cachesize 150
Oct 17 01:08:48.913592 podb-esxi207 dnsmasq[1300871]: DNS service limited to local subnets
Oct 17 01:08:48.913606 podb-esxi207 dnsmasq[1300871]: compile time options: IPv6 GNU-getopt DBus no-UBus i18n IDN2 DHCP DHCPv6 no-Lua TFTP conntrack ipset no-nftset auth cryptohash DNSSEC loop-detect inotify dumpfile
Oct 17 01:08:48.913640 podb-esxi207 dnsmasq-dhcp[1300871]: DHCP, static leases only on 10.1.0.0, lease time 1d
Oct 17 01:08:48.913784 podb-esxi207 dnsmasq[1300871]: reading /etc/resolv.conf
Oct 17 01:08:48.913800 podb-esxi207 dnsmasq[1300871]: using nameserver 127.0.0.53#53
Oct 17 01:08:48.913886 podb-esxi207 dnsmasq[1300871]: read /opt/stack/data/neutron/dhcp/a4bfede4-0490-45f0-8682-0cb79928514d/addn_hosts - 0 names
Oct 17 01:08:48.913935 podb-esxi207 dnsmasq-dhcp[1300871]: read /opt/stack/data/neutron/dhcp/a4bfede4-0490-45f0-8682-0cb79928514d/host
Oct 17 01:08:48.913990 podb-esxi207 dnsmasq-dhcp[1300871]: read /opt/stack/data/neutron/dhcp/a4bfede4-0490-45f0-8682-0cb79928514d/opts
Oct 17 01:08:50.456798 podb-esxi207 dnsmasq[1300871]: read /opt/stack/data/neutron/dhcp/a4bfede4-0490-45f0-8682-0cb79928514d/addn_hosts - 2 names
Oct 17 01:08:50.456900 podb-esxi207 dnsmasq-dhcp[1300871]: read /opt/stack/data/neutron/dhcp/a4bfede4-0490-45f0-8682-0cb79928514d/host
Oct 17 01:08:50.457000 podb-esxi207 dnsmasq-dhcp[1300871]: read /opt/stack/data/neutron/dhcp/a4bfede4-0490-45f0-8682-0cb79928514d/opts
Oct 17 01:08:51.702314 podb-esxi207 dnsmasq[1300871]: read /opt/stack/data/neutron/dhcp/a4bfede4-0490-45f0-8682-0cb79928514d/addn_hosts - 2 names
Oct 17 01:08:51.702407 podb-esxi207 dnsmasq-dhcp[1300871]: read /opt/stack/data/neutron/dhcp/a4bfede4-0490-45f0-8682-0cb79928514d/host
Oct 17 01:08:51.702517 podb-esxi207 dnsmasq-dhcp[1300871]: read /opt/stack/data/neutron/dhcp/a4bfede4-0490-45f0-8682-0cb79928514d/opts
Oct 17 01:08:52.965306 podb-esxi207 dnsmasq[1300871]: read /opt/stack/data/neutron/dhcp/a4bfede4-0490-45f0-8682-0cb79928514d/addn_hosts - 2 names
Oct 17 01:08:52.965391 podb-esxi207 dnsmasq-dhcp[1300871]: read /opt/stack/data/neutron/dhcp/a4bfede4-0490-45f0-8682-0cb79928514d/host
Oct 17 01:08:52.965498 podb-esxi207 dnsmasq-dhcp[1300871]: read /opt/stack/data/neutron/dhcp/a4bfede4-0490-45f0-8682-0cb79928514d/opts
Oct 17 01:10:15.205313 podb-esxi207 dnsmasq-dhcp[1298983]: DHCPRELEASE(tap44cfa4c3-9a) 10.1.0.9 fa:16:3e:4f:a3:72
Oct 17 01:10:15.222708 podb-esxi207 dnsmasq-dhcp[1298983]: DHCPRELEASE(tap44cfa4c3-9a) 10.1.0.9 fa:16:3e:4f:a3:72 unknown lease
Oct 17 01:10:16.049096 podb-esxi207 dnsmasq[1298983]: read /opt/stack/data/neutron/dhcp/fb7f76bd-b6f8-4579-aac0-75b35488b6b5/addn_hosts - 2 names
Oct 17 01:10:16.049200 podb-esxi207 dnsmasq-dhcp[1298983]: read /opt/stack/data/neutron/dhcp/fb7f76bd-b6f8-4579-aac0-75b35488b6b5/host
Oct 17 01:10:16.049305 podb-esxi207 dnsmasq-dhcp[1298983]: read /opt/stack/data/neutron/dhcp/fb7f76bd-b6f8-4579-aac0-75b35488b6b5/opts
Oct 17 01:10:21.036395 podb-esxi207 dnsmasq[1298983]: read /opt/stack/data/neutron/dhcp/fb7f76bd-b6f8-4579-aac0-75b35488b6b5/addn_hosts - 0 names
Oct 17 01:10:21.036505 podb-esxi207 dnsmasq-dhcp[1298983]: read /opt/stack/data/neutron/dhcp/fb7f76bd-b6f8-4579-aac0-75b35488b6b5/host
Oct 17 01:10:21.036585 podb-esxi207 dnsmasq-dhcp[1298983]: read /opt/stack/data/neutron/dhcp/fb7f76bd-b6f8-4579-aac0-75b35488b6b5/opts
Oct 17 01:10:21.964419 podb-esxi207 dnsmasq[1298983]: exiting on receipt of SIGTERM
Oct 17 01:10:22.586077 podb-esxi207 dnsmasq-dhcp[1299274]: DHCPRELEASE(tap4cb9d362-3c) 10.1.0.1 fa:16:3e:85:05:2c
Oct 17 01:10:23.425507 podb-esxi207 dnsmasq[1299274]: read /opt/stack/data/neutron/dhcp/d0a2be1a-2cbe-43b0-88a3-06bd2384674f/addn_hosts - 0 names
Oct 17 01:10:23.425583 podb-esxi207 dnsmasq-dhcp[1299274]: read /opt/stack/data/neutron/dhcp/d0a2be1a-2cbe-43b0-88a3-06bd2384674f/host
Oct 17 01:10:23.425645 podb-esxi207 dnsmasq-dhcp[1299274]: read /opt/stack/data/neutron/dhcp/d0a2be1a-2cbe-43b0-88a3-06bd2384674f/opts
Oct 17 01:10:23.683752 podb-esxi207 dnsmasq[1299274]: exiting on receipt of SIGTERM
Oct 17 01:10:28.552380 podb-esxi207 dnsmasq[1302247]: started, version 2.90 cachesize 150
Oct 17 01:10:28.552405 podb-esxi207 dnsmasq[1302247]: DNS service limited to local subnets
Oct 17 01:10:28.552420 podb-esxi207 dnsmasq[1302247]: compile time options: IPv6 GNU-getopt DBus no-UBus i18n IDN2 DHCP DHCPv6 no-Lua TFTP conntrack ipset no-nftset auth cryptohash DNSSEC loop-detect inotify dumpfile
Oct 17 01:10:28.552456 podb-esxi207 dnsmasq-dhcp[1302247]: DHCP, static leases only on 10.1.0.0, lease time 1d
Oct 17 01:10:28.552991 podb-esxi207 dnsmasq[1302247]: reading /etc/resolv.conf
Oct 17 01:10:28.553008 podb-esxi207 dnsmasq[1302247]: using nameserver 127.0.0.53#53
Oct 17 01:10:28.553099 podb-esxi207 dnsmasq[1302247]: read /opt/stack/data/neutron/dhcp/55fb64ce-cce5-4e51-8c36-fabd71b6d0ef/addn_hosts - 0 names
Oct 17 01:10:28.553151 podb-esxi207 dnsmasq-dhcp[1302247]: read /opt/stack/data/neutron/dhcp/55fb64ce-cce5-4e51-8c36-fabd71b6d0ef/host
Oct 17 01:10:28.553217 podb-esxi207 dnsmasq-dhcp[1302247]: read /opt/stack/data/neutron/dhcp/55fb64ce-cce5-4e51-8c36-fabd71b6d0ef/opts
Oct 17 01:10:29.594177 podb-esxi207 dnsmasq[1300871]: read /opt/stack/data/neutron/dhcp/a4bfede4-0490-45f0-8682-0cb79928514d/addn_hosts - 4 names
Oct 17 01:10:29.594337 podb-esxi207 dnsmasq-dhcp[1300871]: read /opt/stack/data/neutron/dhcp/a4bfede4-0490-45f0-8682-0cb79928514d/host
Oct 17 01:10:29.594447 podb-esxi207 dnsmasq-dhcp[1300871]: read /opt/stack/data/neutron/dhcp/a4bfede4-0490-45f0-8682-0cb79928514d/opts
Oct 17 01:10:30.983229 podb-esxi207 dnsmasq[1302247]: read /opt/stack/data/neutron/dhcp/55fb64ce-cce5-4e51-8c36-fabd71b6d0ef/addn_hosts - 2 names
Oct 17 01:10:30.983336 podb-esxi207 dnsmasq-dhcp[1302247]: read /opt/stack/data/neutron/dhcp/55fb64ce-cce5-4e51-8c36-fabd71b6d0ef/host
Oct 17 01:10:30.983453 podb-esxi207 dnsmasq-dhcp[1302247]: read /opt/stack/data/neutron/dhcp/55fb64ce-cce5-4e51-8c36-fabd71b6d0ef/opts
Oct 17 01:10:34.582052 podb-esxi207 dnsmasq[1302714]: started, version 2.90 cachesize 150
Oct 17 01:10:34.582078 podb-esxi207 dnsmasq[1302714]: DNS service limited to local subnets
Oct 17 01:10:34.582093 podb-esxi207 dnsmasq[1302714]: compile time options: IPv6 GNU-getopt DBus no-UBus i18n IDN2 DHCP DHCPv6 no-Lua TFTP conntrack ipset no-nftset auth cryptohash DNSSEC loop-detect inotify dumpfile
Oct 17 01:10:34.582136 podb-esxi207 dnsmasq-dhcp[1302714]: DHCP, static leases only on 10.1.0.0, lease time 1d
Oct 17 01:10:34.582294 podb-esxi207 dnsmasq[1302714]: reading /etc/resolv.conf
Oct 17 01:10:34.582311 podb-esxi207 dnsmasq[1302714]: using nameserver 127.0.0.53#53
Oct 17 01:10:34.582424 podb-esxi207 dnsmasq[1302714]: read /opt/stack/data/neutron/dhcp/43e17f29-575d-467d-a2cd-a94d7cfc394f/addn_hosts - 2 names
Oct 17 01:10:34.582484 podb-esxi207 dnsmasq-dhcp[1302714]: read /opt/stack/data/neutron/dhcp/43e17f29-575d-467d-a2cd-a94d7cfc394f/host
Oct 17 01:10:34.582549 podb-esxi207 dnsmasq-dhcp[1302714]: read /opt/stack/data/neutron/dhcp/43e17f29-575d-467d-a2cd-a94d7cfc394f/opts
Oct 17 01:10:35.117303 podb-esxi207 dnsmasq[1302247]: read /opt/stack/data/neutron/dhcp/55fb64ce-cce5-4e51-8c36-fabd71b6d0ef/addn_hosts - 2 names
Oct 17 01:10:35.117398 podb-esxi207 dnsmasq-dhcp[1302247]: read /opt/stack/data/neutron/dhcp/55fb64ce-cce5-4e51-8c36-fabd71b6d0ef/host
Oct 17 01:10:35.117471 podb-esxi207 dnsmasq-dhcp[1302247]: read /opt/stack/data/neutron/dhcp/55fb64ce-cce5-4e51-8c36-fabd71b6d0ef/opts
Oct 17 01:10:36.873391 podb-esxi207 dnsmasq[1302714]: read /opt/stack/data/neutron/dhcp/43e17f29-575d-467d-a2cd-a94d7cfc394f/addn_hosts - 2 names
Oct 17 01:10:36.873498 podb-esxi207 dnsmasq-dhcp[1302714]: read /opt/stack/data/neutron/dhcp/43e17f29-575d-467d-a2cd-a94d7cfc394f/host
Oct 17 01:10:36.873607 podb-esxi207 dnsmasq-dhcp[1302714]: read /opt/stack/data/neutron/dhcp/43e17f29-575d-467d-a2cd-a94d7cfc394f/opts
Oct 17 01:10:37.609099 podb-esxi207 dnsmasq[1302247]: read /opt/stack/data/neutron/dhcp/55fb64ce-cce5-4e51-8c36-fabd71b6d0ef/addn_hosts - 2 names
Oct 17 01:10:37.609212 podb-esxi207 dnsmasq-dhcp[1302247]: read /opt/stack/data/neutron/dhcp/55fb64ce-cce5-4e51-8c36-fabd71b6d0ef/host
Oct 17 01:10:37.609331 podb-esxi207 dnsmasq-dhcp[1302247]: read /opt/stack/data/neutron/dhcp/55fb64ce-cce5-4e51-8c36-fabd71b6d0ef/opts
Oct 17 01:10:38.863102 podb-esxi207 dnsmasq[1302714]: read /opt/stack/data/neutron/dhcp/43e17f29-575d-467d-a2cd-a94d7cfc394f/addn_hosts - 2 names
Oct 17 01:10:38.863224 podb-esxi207 dnsmasq-dhcp[1302714]: read /opt/stack/data/neutron/dhcp/43e17f29-575d-467d-a2cd-a94d7cfc394f/host
Oct 17 01:10:38.863336 podb-esxi207 dnsmasq-dhcp[1302714]: read /opt/stack/data/neutron/dhcp/43e17f29-575d-467d-a2cd-a94d7cfc394f/opts
Oct 17 01:10:40.115538 podb-esxi207 dnsmasq[1302714]: read /opt/stack/data/neutron/dhcp/43e17f29-575d-467d-a2cd-a94d7cfc394f/addn_hosts - 2 names
Oct 17 01:10:40.115653 podb-esxi207 dnsmasq-dhcp[1302714]: read /opt/stack/data/neutron/dhcp/43e17f29-575d-467d-a2cd-a94d7cfc394f/host
Oct 17 01:10:40.115769 podb-esxi207 dnsmasq-dhcp[1302714]: read /opt/stack/data/neutron/dhcp/43e17f29-575d-467d-a2cd-a94d7cfc394f/opts
Oct 17 01:10:40.866612 podb-esxi207 dnsmasq[1302247]: read /opt/stack/data/neutron/dhcp/55fb64ce-cce5-4e51-8c36-fabd71b6d0ef/addn_hosts - 4 names
Oct 17 01:10:40.866765 podb-esxi207 dnsmasq-dhcp[1302247]: read /opt/stack/data/neutron/dhcp/55fb64ce-cce5-4e51-8c36-fabd71b6d0ef/host
Oct 17 01:10:40.866881 podb-esxi207 dnsmasq-dhcp[1302247]: read /opt/stack/data/neutron/dhcp/55fb64ce-cce5-4e51-8c36-fabd71b6d0ef/opts
Oct 17 01:10:43.338805 podb-esxi207 dnsmasq-dhcp[1300119]: DHCPRELEASE(tapdfc72938-8f) 10.1.0.9 fa:16:3e:6f:f2:2f
Oct 17 01:10:43.354664 podb-esxi207 dnsmasq-dhcp[1300119]: DHCPRELEASE(tapdfc72938-8f) 10.1.0.9 fa:16:3e:6f:f2:2f unknown lease
Oct 17 01:10:44.177731 podb-esxi207 dnsmasq[1300119]: read /opt/stack/data/neutron/dhcp/904c749d-ef07-420d-bf18-45820267e3a7/addn_hosts - 2 names
Oct 17 01:10:44.177816 podb-esxi207 dnsmasq-dhcp[1300119]: read /opt/stack/data/neutron/dhcp/904c749d-ef07-420d-bf18-45820267e3a7/host
Oct 17 01:10:44.177920 podb-esxi207 dnsmasq-dhcp[1300119]: read /opt/stack/data/neutron/dhcp/904c749d-ef07-420d-bf18-45820267e3a7/opts
Oct 17 01:10:52.285433 podb-esxi207 dnsmasq-dhcp[1300871]: DHCPDISCOVER(tap8073a306-fa) fa:16:3e:8b:38:b8
Oct 17 01:10:52.285457 podb-esxi207 dnsmasq-dhcp[1300871]: DHCPOFFER(tap8073a306-fa) 10.1.0.7 fa:16:3e:8b:38:b8
Oct 17 01:10:52.296055 podb-esxi207 dnsmasq-dhcp[1300871]: DHCPREQUEST(tap8073a306-fa) 10.1.0.7 fa:16:3e:8b:38:b8
Oct 17 01:10:52.296084 podb-esxi207 dnsmasq-dhcp[1300871]: DHCPACK(tap8073a306-fa) 10.1.0.7 fa:16:3e:8b:38:b8 host-10-1-0-7
Oct 17 01:10:54.311542 podb-esxi207 dnsmasq[1300119]: read /opt/stack/data/neutron/dhcp/904c749d-ef07-420d-bf18-45820267e3a7/addn_hosts - 0 names
Oct 17 01:10:54.311636 podb-esxi207 dnsmasq-dhcp[1300119]: read /opt/stack/data/neutron/dhcp/904c749d-ef07-420d-bf18-45820267e3a7/host
Oct 17 01:10:54.311723 podb-esxi207 dnsmasq-dhcp[1300119]: read /opt/stack/data/neutron/dhcp/904c749d-ef07-420d-bf18-45820267e3a7/opts
Oct 17 01:10:55.095219 podb-esxi207 dnsmasq[1300119]: exiting on receipt of SIGTERM
Oct 17 01:10:56.206646 podb-esxi207 dnsmasq[1300429]: read /opt/stack/data/neutron/dhcp/199f49a5-dea8-4dda-90ab-e95cbb2a2025/addn_hosts - 0 names
Oct 17 01:10:56.206713 podb-esxi207 dnsmasq-dhcp[1300429]: read /opt/stack/data/neutron/dhcp/199f49a5-dea8-4dda-90ab-e95cbb2a2025/host
Oct 17 01:10:56.206786 podb-esxi207 dnsmasq-dhcp[1300429]: read /opt/stack/data/neutron/dhcp/199f49a5-dea8-4dda-90ab-e95cbb2a2025/opts
Oct 17 01:10:56.941365 podb-esxi207 dnsmasq[1300429]: exiting on receipt of SIGTERM
Oct 17 01:11:00.396021 podb-esxi207 dnsmasq-dhcp[1302247]: DHCPDISCOVER(tap8148c87c-9b) fa:16:3e:d3:60:f8
Oct 17 01:11:00.396046 podb-esxi207 dnsmasq-dhcp[1302247]: DHCPOFFER(tap8148c87c-9b) 10.1.0.12 fa:16:3e:d3:60:f8
Oct 17 01:11:00.405861 podb-esxi207 dnsmasq-dhcp[1302247]: DHCPREQUEST(tap8148c87c-9b) 10.1.0.12 fa:16:3e:d3:60:f8
Oct 17 01:11:00.405894 podb-esxi207 dnsmasq-dhcp[1302247]: DHCPACK(tap8148c87c-9b) 10.1.0.12 fa:16:3e:d3:60:f8 host-10-1-0-12
Oct 17 01:13:00.584678 podb-esxi207 dnsmasq-dhcp[1302247]: DHCPRELEASE(tap8148c87c-9b) 10.1.0.12 fa:16:3e:d3:60:f8
Oct 17 01:13:00.601667 podb-esxi207 dnsmasq-dhcp[1302247]: DHCPRELEASE(tap8148c87c-9b) 10.1.0.12 fa:16:3e:d3:60:f8 unknown lease
Oct 17 01:13:01.428618 podb-esxi207 dnsmasq[1302247]: read /opt/stack/data/neutron/dhcp/55fb64ce-cce5-4e51-8c36-fabd71b6d0ef/addn_hosts - 2 names
Oct 17 01:13:01.428744 podb-esxi207 dnsmasq-dhcp[1302247]: read /opt/stack/data/neutron/dhcp/55fb64ce-cce5-4e51-8c36-fabd71b6d0ef/host
Oct 17 01:13:01.428865 podb-esxi207 dnsmasq-dhcp[1302247]: read /opt/stack/data/neutron/dhcp/55fb64ce-cce5-4e51-8c36-fabd71b6d0ef/opts
Oct 17 01:13:44.771692 podb-esxi207 dnsmasq[1302247]: read /opt/stack/data/neutron/dhcp/55fb64ce-cce5-4e51-8c36-fabd71b6d0ef/addn_hosts - 0 names
Oct 17 01:13:44.771806 podb-esxi207 dnsmasq-dhcp[1302247]: read /opt/stack/data/neutron/dhcp/55fb64ce-cce5-4e51-8c36-fabd71b6d0ef/host
Oct 17 01:13:44.771892 podb-esxi207 dnsmasq-dhcp[1302247]: read /opt/stack/data/neutron/dhcp/55fb64ce-cce5-4e51-8c36-fabd71b6d0ef/opts
Oct 17 01:13:45.834316 podb-esxi207 dnsmasq[1302247]: exiting on receipt of SIGTERM
Oct 17 01:13:46.445066 podb-esxi207 dnsmasq-dhcp[1302714]: DHCPRELEASE(tapaaf816f6-5a) 10.1.0.1 fa:16:3e:30:10:bd
Oct 17 01:13:47.276721 podb-esxi207 dnsmasq[1302714]: read /opt/stack/data/neutron/dhcp/43e17f29-575d-467d-a2cd-a94d7cfc394f/addn_hosts - 0 names
Oct 17 01:13:47.276793 podb-esxi207 dnsmasq-dhcp[1302714]: read /opt/stack/data/neutron/dhcp/43e17f29-575d-467d-a2cd-a94d7cfc394f/host
Oct 17 01:13:47.276844 podb-esxi207 dnsmasq-dhcp[1302714]: read /opt/stack/data/neutron/dhcp/43e17f29-575d-467d-a2cd-a94d7cfc394f/opts
Oct 17 01:13:47.531032 podb-esxi207 dnsmasq[1302714]: exiting on receipt of SIGTERM
Oct 17 01:13:52.547046 podb-esxi207 dnsmasq[1304845]: started, version 2.90 cachesize 150
Oct 17 01:13:52.547071 podb-esxi207 dnsmasq[1304845]: DNS service limited to local subnets
Oct 17 01:13:52.547086 podb-esxi207 dnsmasq[1304845]: compile time options: IPv6 GNU-getopt DBus no-UBus i18n IDN2 DHCP DHCPv6 no-Lua TFTP conntrack ipset no-nftset auth cryptohash DNSSEC loop-detect inotify dumpfile
Oct 17 01:13:52.547135 podb-esxi207 dnsmasq-dhcp[1304845]: DHCP, static leases only on 10.1.0.0, lease time 1d
Oct 17 01:13:52.547297 podb-esxi207 dnsmasq[1304845]: reading /etc/resolv.conf
Oct 17 01:13:52.547314 podb-esxi207 dnsmasq[1304845]: using nameserver 127.0.0.53#53
Oct 17 01:13:52.547401 podb-esxi207 dnsmasq[1304845]: read /opt/stack/data/neutron/dhcp/f48f7c11-b10c-4f7b-88ef-594ea2c78165/addn_hosts - 0 names
Oct 17 01:13:52.547453 podb-esxi207 dnsmasq-dhcp[1304845]: read /opt/stack/data/neutron/dhcp/f48f7c11-b10c-4f7b-88ef-594ea2c78165/host
Oct 17 01:13:52.547512 podb-esxi207 dnsmasq-dhcp[1304845]: read /opt/stack/data/neutron/dhcp/f48f7c11-b10c-4f7b-88ef-594ea2c78165/opts
Oct 17 01:13:54.088831 podb-esxi207 dnsmasq[1304845]: read /opt/stack/data/neutron/dhcp/f48f7c11-b10c-4f7b-88ef-594ea2c78165/addn_hosts - 2 names
Oct 17 01:13:54.088867 podb-esxi207 dnsmasq-dhcp[1304845]: read /opt/stack/data/neutron/dhcp/f48f7c11-b10c-4f7b-88ef-594ea2c78165/host
Oct 17 01:13:54.088891 podb-esxi207 dnsmasq-dhcp[1304845]: read /opt/stack/data/neutron/dhcp/f48f7c11-b10c-4f7b-88ef-594ea2c78165/opts
Oct 17 01:13:57.003704 podb-esxi207 dnsmasq[1305139]: started, version 2.90 cachesize 150
Oct 17 01:13:57.003723 podb-esxi207 dnsmasq[1305139]: DNS service limited to local subnets
Oct 17 01:13:57.003739 podb-esxi207 dnsmasq[1305139]: compile time options: IPv6 GNU-getopt DBus no-UBus i18n IDN2 DHCP DHCPv6 no-Lua TFTP conntrack ipset no-nftset auth cryptohash DNSSEC loop-detect inotify dumpfile
Oct 17 01:13:57.003788 podb-esxi207 dnsmasq-dhcp[1305139]: DHCP, static leases only on 10.1.0.0, lease time 1d
Oct 17 01:13:57.003944 podb-esxi207 dnsmasq[1305139]: reading /etc/resolv.conf
Oct 17 01:13:57.003960 podb-esxi207 dnsmasq[1305139]: using nameserver 127.0.0.53#53
Oct 17 01:13:57.004047 podb-esxi207 dnsmasq[1305139]: read /opt/stack/data/neutron/dhcp/30f9d30f-9e00-4192-b54a-394150e9d11c/addn_hosts - 0 names
Oct 17 01:13:57.004106 podb-esxi207 dnsmasq-dhcp[1305139]: read /opt/stack/data/neutron/dhcp/30f9d30f-9e00-4192-b54a-394150e9d11c/host
Oct 17 01:13:57.004176 podb-esxi207 dnsmasq-dhcp[1305139]: read /opt/stack/data/neutron/dhcp/30f9d30f-9e00-4192-b54a-394150e9d11c/opts
Oct 17 01:13:58.096209 podb-esxi207 dnsmasq[1304845]: read /opt/stack/data/neutron/dhcp/f48f7c11-b10c-4f7b-88ef-594ea2c78165/addn_hosts - 2 names
Oct 17 01:13:58.096299 podb-esxi207 dnsmasq-dhcp[1304845]: read /opt/stack/data/neutron/dhcp/f48f7c11-b10c-4f7b-88ef-594ea2c78165/host
Oct 17 01:13:58.096420 podb-esxi207 dnsmasq-dhcp[1304845]: read /opt/stack/data/neutron/dhcp/f48f7c11-b10c-4f7b-88ef-594ea2c78165/opts
Oct 17 01:13:59.357880 podb-esxi207 dnsmasq[1305139]: read /opt/stack/data/neutron/dhcp/30f9d30f-9e00-4192-b54a-394150e9d11c/addn_hosts - 2 names
Oct 17 01:13:59.357972 podb-esxi207 dnsmasq-dhcp[1305139]: read /opt/stack/data/neutron/dhcp/30f9d30f-9e00-4192-b54a-394150e9d11c/host
Oct 17 01:13:59.358080 podb-esxi207 dnsmasq-dhcp[1305139]: read /opt/stack/data/neutron/dhcp/30f9d30f-9e00-4192-b54a-394150e9d11c/opts
Oct 17 01:14:00.611386 podb-esxi207 dnsmasq[1304845]: read /opt/stack/data/neutron/dhcp/f48f7c11-b10c-4f7b-88ef-594ea2c78165/addn_hosts - 2 names
Oct 17 01:14:00.611472 podb-esxi207 dnsmasq-dhcp[1304845]: read /opt/stack/data/neutron/dhcp/f48f7c11-b10c-4f7b-88ef-594ea2c78165/host
Oct 17 01:14:00.611567 podb-esxi207 dnsmasq-dhcp[1304845]: read /opt/stack/data/neutron/dhcp/f48f7c11-b10c-4f7b-88ef-594ea2c78165/opts
Oct 17 01:14:01.355735 podb-esxi207 dnsmasq[1305139]: read /opt/stack/data/neutron/dhcp/30f9d30f-9e00-4192-b54a-394150e9d11c/addn_hosts - 2 names
Oct 17 01:14:01.355823 podb-esxi207 dnsmasq-dhcp[1305139]: read /opt/stack/data/neutron/dhcp/30f9d30f-9e00-4192-b54a-394150e9d11c/host
Oct 17 01:14:01.355912 podb-esxi207 dnsmasq-dhcp[1305139]: read /opt/stack/data/neutron/dhcp/30f9d30f-9e00-4192-b54a-394150e9d11c/opts
Oct 17 01:14:02.613720 podb-esxi207 dnsmasq[1305139]: read /opt/stack/data/neutron/dhcp/30f9d30f-9e00-4192-b54a-394150e9d11c/addn_hosts - 2 names
Oct 17 01:14:02.613839 podb-esxi207 dnsmasq-dhcp[1305139]: read /opt/stack/data/neutron/dhcp/30f9d30f-9e00-4192-b54a-394150e9d11c/host
Oct 17 01:14:02.613950 podb-esxi207 dnsmasq-dhcp[1305139]: read /opt/stack/data/neutron/dhcp/30f9d30f-9e00-4192-b54a-394150e9d11c/opts
Oct 17 01:14:07.456386 podb-esxi207 dnsmasq-dhcp[1300871]: DHCPRELEASE(tap8073a306-fa) 10.1.0.7 fa:16:3e:8b:38:b8
Oct 17 01:14:07.473557 podb-esxi207 dnsmasq-dhcp[1300871]: DHCPRELEASE(tap8073a306-fa) 10.1.0.7 fa:16:3e:8b:38:b8 unknown lease
Oct 17 01:14:08.296932 podb-esxi207 dnsmasq[1300871]: read /opt/stack/data/neutron/dhcp/a4bfede4-0490-45f0-8682-0cb79928514d/addn_hosts - 2 names
Oct 17 01:14:08.297031 podb-esxi207 dnsmasq-dhcp[1300871]: read /opt/stack/data/neutron/dhcp/a4bfede4-0490-45f0-8682-0cb79928514d/host
Oct 17 01:14:08.297102 podb-esxi207 dnsmasq-dhcp[1300871]: read /opt/stack/data/neutron/dhcp/a4bfede4-0490-45f0-8682-0cb79928514d/opts
Oct 17 01:14:23.025937 podb-esxi207 dnsmasq[1304845]: read /opt/stack/data/neutron/dhcp/f48f7c11-b10c-4f7b-88ef-594ea2c78165/addn_hosts - 4 names
Oct 17 01:14:23.026066 podb-esxi207 dnsmasq-dhcp[1304845]: read /opt/stack/data/neutron/dhcp/f48f7c11-b10c-4f7b-88ef-594ea2c78165/host
Oct 17 01:14:23.026174 podb-esxi207 dnsmasq-dhcp[1304845]: read /opt/stack/data/neutron/dhcp/f48f7c11-b10c-4f7b-88ef-594ea2c78165/opts
Oct 17 01:14:50.814006 podb-esxi207 dnsmasq-dhcp[1304845]: DHCPDISCOVER(tap11ffefb6-d3) fa:16:3e:1a:c6:31
Oct 17 01:14:50.814049 podb-esxi207 dnsmasq-dhcp[1304845]: DHCPOFFER(tap11ffefb6-d3) 10.1.0.13 fa:16:3e:1a:c6:31
Oct 17 01:14:50.827319 podb-esxi207 dnsmasq-dhcp[1304845]: DHCPREQUEST(tap11ffefb6-d3) 10.1.0.13 fa:16:3e:1a:c6:31
Oct 17 01:14:50.827343 podb-esxi207 dnsmasq-dhcp[1304845]: DHCPACK(tap11ffefb6-d3) 10.1.0.13 fa:16:3e:1a:c6:31 host-10-1-0-13
Oct 17 01:15:46.347542 podb-esxi207 dnsmasq[1304845]: read /opt/stack/data/neutron/dhcp/f48f7c11-b10c-4f7b-88ef-594ea2c78165/addn_hosts - 6 names
Oct 17 01:15:46.347683 podb-esxi207 dnsmasq-dhcp[1304845]: read /opt/stack/data/neutron/dhcp/f48f7c11-b10c-4f7b-88ef-594ea2c78165/host
Oct 17 01:15:46.347791 podb-esxi207 dnsmasq-dhcp[1304845]: read /opt/stack/data/neutron/dhcp/f48f7c11-b10c-4f7b-88ef-594ea2c78165/opts
Oct 17 01:16:00.415746 podb-esxi207 dnsmasq[1306736]: started, version 2.90 cachesize 150
Oct 17 01:16:00.415771 podb-esxi207 dnsmasq[1306736]: DNS service limited to local subnets
Oct 17 01:16:00.415786 podb-esxi207 dnsmasq[1306736]: compile time options: IPv6 GNU-getopt DBus no-UBus i18n IDN2 DHCP DHCPv6 no-Lua TFTP conntrack ipset no-nftset auth cryptohash DNSSEC loop-detect inotify dumpfile
Oct 17 01:16:00.415822 podb-esxi207 dnsmasq-dhcp[1306736]: DHCP, static leases only on 10.1.0.0, lease time 1d
Oct 17 01:16:00.415978 podb-esxi207 dnsmasq[1306736]: reading /etc/resolv.conf
Oct 17 01:16:00.415995 podb-esxi207 dnsmasq[1306736]: using nameserver 127.0.0.53#53
Oct 17 01:16:00.416085 podb-esxi207 dnsmasq[1306736]: read /opt/stack/data/neutron/dhcp/722dfb0a-17e1-4904-ad58-23d2de73ffa7/addn_hosts - 0 names
Oct 17 01:16:00.416138 podb-esxi207 dnsmasq-dhcp[1306736]: read /opt/stack/data/neutron/dhcp/722dfb0a-17e1-4904-ad58-23d2de73ffa7/host
Oct 17 01:16:00.416204 podb-esxi207 dnsmasq-dhcp[1306736]: read /opt/stack/data/neutron/dhcp/722dfb0a-17e1-4904-ad58-23d2de73ffa7/opts
Oct 17 01:16:01.961602 podb-esxi207 dnsmasq[1306736]: read /opt/stack/data/neutron/dhcp/722dfb0a-17e1-4904-ad58-23d2de73ffa7/addn_hosts - 2 names
Oct 17 01:16:01.961678 podb-esxi207 dnsmasq-dhcp[1306736]: read /opt/stack/data/neutron/dhcp/722dfb0a-17e1-4904-ad58-23d2de73ffa7/host
Oct 17 01:16:01.961796 podb-esxi207 dnsmasq-dhcp[1306736]: read /opt/stack/data/neutron/dhcp/722dfb0a-17e1-4904-ad58-23d2de73ffa7/opts
Oct 17 01:16:05.314613 podb-esxi207 dnsmasq[1307455]: started, version 2.90 cachesize 150
Oct 17 01:16:05.314644 podb-esxi207 dnsmasq[1307455]: DNS service limited to local subnets
Oct 17 01:16:05.314659 podb-esxi207 dnsmasq[1307455]: compile time options: IPv6 GNU-getopt DBus no-UBus i18n IDN2 DHCP DHCPv6 no-Lua TFTP conntrack ipset no-nftset auth cryptohash DNSSEC loop-detect inotify dumpfile
Oct 17 01:16:05.314695 podb-esxi207 dnsmasq-dhcp[1307455]: DHCP, static leases only on 10.1.0.0, lease time 1d
Oct 17 01:16:05.314854 podb-esxi207 dnsmasq[1307455]: reading /etc/resolv.conf
Oct 17 01:16:05.314870 podb-esxi207 dnsmasq[1307455]: using nameserver 127.0.0.53#53
Oct 17 01:16:05.314988 podb-esxi207 dnsmasq[1307455]: read /opt/stack/data/neutron/dhcp/142ec6e2-a17d-4098-9751-63444f5afc66/addn_hosts - 2 names
Oct 17 01:16:05.315043 podb-esxi207 dnsmasq-dhcp[1307455]: read /opt/stack/data/neutron/dhcp/142ec6e2-a17d-4098-9751-63444f5afc66/host
Oct 17 01:16:05.315109 podb-esxi207 dnsmasq-dhcp[1307455]: read /opt/stack/data/neutron/dhcp/142ec6e2-a17d-4098-9751-63444f5afc66/opts
Oct 17 01:16:05.850135 podb-esxi207 dnsmasq[1306736]: read /opt/stack/data/neutron/dhcp/722dfb0a-17e1-4904-ad58-23d2de73ffa7/addn_hosts - 2 names
Oct 17 01:16:05.850221 podb-esxi207 dnsmasq-dhcp[1306736]: read /opt/stack/data/neutron/dhcp/722dfb0a-17e1-4904-ad58-23d2de73ffa7/host
Oct 17 01:16:05.850330 podb-esxi207 dnsmasq-dhcp[1306736]: read /opt/stack/data/neutron/dhcp/722dfb0a-17e1-4904-ad58-23d2de73ffa7/opts
Oct 17 01:16:07.628869 podb-esxi207 dnsmasq[1307455]: read /opt/stack/data/neutron/dhcp/142ec6e2-a17d-4098-9751-63444f5afc66/addn_hosts - 2 names
Oct 17 01:16:07.628960 podb-esxi207 dnsmasq-dhcp[1307455]: read /opt/stack/data/neutron/dhcp/142ec6e2-a17d-4098-9751-63444f5afc66/host
Oct 17 01:16:07.629030 podb-esxi207 dnsmasq-dhcp[1307455]: read /opt/stack/data/neutron/dhcp/142ec6e2-a17d-4098-9751-63444f5afc66/opts
Oct 17 01:16:08.386947 podb-esxi207 dnsmasq[1306736]: read /opt/stack/data/neutron/dhcp/722dfb0a-17e1-4904-ad58-23d2de73ffa7/addn_hosts - 2 names
Oct 17 01:16:08.387075 podb-esxi207 dnsmasq-dhcp[1306736]: read /opt/stack/data/neutron/dhcp/722dfb0a-17e1-4904-ad58-23d2de73ffa7/host
Oct 17 01:16:08.387182 podb-esxi207 dnsmasq-dhcp[1306736]: read /opt/stack/data/neutron/dhcp/722dfb0a-17e1-4904-ad58-23d2de73ffa7/opts
Oct 17 01:16:09.638849 podb-esxi207 dnsmasq[1307455]: read /opt/stack/data/neutron/dhcp/142ec6e2-a17d-4098-9751-63444f5afc66/addn_hosts - 2 names
Oct 17 01:16:09.638930 podb-esxi207 dnsmasq-dhcp[1307455]: read /opt/stack/data/neutron/dhcp/142ec6e2-a17d-4098-9751-63444f5afc66/host
Oct 17 01:16:09.639001 podb-esxi207 dnsmasq-dhcp[1307455]: read /opt/stack/data/neutron/dhcp/142ec6e2-a17d-4098-9751-63444f5afc66/opts
Oct 17 01:16:10.895471 podb-esxi207 dnsmasq[1307455]: read /opt/stack/data/neutron/dhcp/142ec6e2-a17d-4098-9751-63444f5afc66/addn_hosts - 2 names
Oct 17 01:16:10.895562 podb-esxi207 dnsmasq-dhcp[1307455]: read /opt/stack/data/neutron/dhcp/142ec6e2-a17d-4098-9751-63444f5afc66/host
Oct 17 01:16:10.895670 podb-esxi207 dnsmasq-dhcp[1307455]: read /opt/stack/data/neutron/dhcp/142ec6e2-a17d-4098-9751-63444f5afc66/opts
Oct 17 01:16:13.148180 podb-esxi207 dnsmasq[1306736]: read /opt/stack/data/neutron/dhcp/722dfb0a-17e1-4904-ad58-23d2de73ffa7/addn_hosts - 4 names
Oct 17 01:16:13.148285 podb-esxi207 dnsmasq-dhcp[1306736]: read /opt/stack/data/neutron/dhcp/722dfb0a-17e1-4904-ad58-23d2de73ffa7/host
Oct 17 01:16:13.148356 podb-esxi207 dnsmasq-dhcp[1306736]: read /opt/stack/data/neutron/dhcp/722dfb0a-17e1-4904-ad58-23d2de73ffa7/opts
Oct 17 01:16:38.141094 podb-esxi207 dnsmasq-dhcp[1306736]: DHCPDISCOVER(tapf61fea4e-57) fa:16:3e:09:e8:ce
Oct 17 01:16:38.141125 podb-esxi207 dnsmasq-dhcp[1306736]: DHCPOFFER(tapf61fea4e-57) 10.1.0.14 fa:16:3e:09:e8:ce
Oct 17 01:16:38.152934 podb-esxi207 dnsmasq-dhcp[1306736]: DHCPREQUEST(tapf61fea4e-57) 10.1.0.14 fa:16:3e:09:e8:ce
Oct 17 01:16:38.152970 podb-esxi207 dnsmasq-dhcp[1306736]: DHCPACK(tapf61fea4e-57) 10.1.0.14 fa:16:3e:09:e8:ce host-10-1-0-14
Oct 17 01:16:40.910759 podb-esxi207 dnsmasq-dhcp[1304845]: DHCPDISCOVER(tap11ffefb6-d3) fa:16:3e:03:f9:91
Oct 17 01:16:40.910788 podb-esxi207 dnsmasq-dhcp[1304845]: DHCPOFFER(tap11ffefb6-d3) 10.1.0.7 fa:16:3e:03:f9:91
Oct 17 01:16:40.917936 podb-esxi207 dnsmasq-dhcp[1304845]: DHCPREQUEST(tap11ffefb6-d3) 10.1.0.7 fa:16:3e:03:f9:91
Oct 17 01:16:40.917963 podb-esxi207 dnsmasq-dhcp[1304845]: DHCPACK(tap11ffefb6-d3) 10.1.0.7 fa:16:3e:03:f9:91 host-10-1-0-7
Oct 17 01:17:17.452105 podb-esxi207 dnsmasq[1300871]: read /opt/stack/data/neutron/dhcp/a4bfede4-0490-45f0-8682-0cb79928514d/addn_hosts - 0 names
Oct 17 01:17:17.452184 podb-esxi207 dnsmasq-dhcp[1300871]: read /opt/stack/data/neutron/dhcp/a4bfede4-0490-45f0-8682-0cb79928514d/host
Oct 17 01:17:17.452278 podb-esxi207 dnsmasq-dhcp[1300871]: read /opt/stack/data/neutron/dhcp/a4bfede4-0490-45f0-8682-0cb79928514d/opts
Oct 17 01:17:18.534885 podb-esxi207 dnsmasq[1300871]: exiting on receipt of SIGTERM
Oct 17 01:17:27.679614 podb-esxi207 dnsmasq-dhcp[1304845]: DHCPRELEASE(tap11ffefb6-d3) 10.1.0.7 fa:16:3e:03:f9:91
Oct 17 01:17:27.693719 podb-esxi207 dnsmasq-dhcp[1304845]: DHCPRELEASE(tap11ffefb6-d3) 10.1.0.7 fa:16:3e:03:f9:91 unknown lease
Oct 17 01:17:28.518967 podb-esxi207 dnsmasq[1304845]: read /opt/stack/data/neutron/dhcp/f48f7c11-b10c-4f7b-88ef-594ea2c78165/addn_hosts - 4 names
Oct 17 01:17:28.519113 podb-esxi207 dnsmasq-dhcp[1304845]: read /opt/stack/data/neutron/dhcp/f48f7c11-b10c-4f7b-88ef-594ea2c78165/host
Oct 17 01:17:28.519224 podb-esxi207 dnsmasq-dhcp[1304845]: read /opt/stack/data/neutron/dhcp/f48f7c11-b10c-4f7b-88ef-594ea2c78165/opts
Oct 17 01:17:31.427841 podb-esxi207 dnsmasq[1308597]: started, version 2.90 cachesize 150
Oct 17 01:17:31.427871 podb-esxi207 dnsmasq[1308597]: DNS service limited to local subnets
Oct 17 01:17:31.427886 podb-esxi207 dnsmasq[1308597]: compile time options: IPv6 GNU-getopt DBus no-UBus i18n IDN2 DHCP DHCPv6 no-Lua TFTP conntrack ipset no-nftset auth cryptohash DNSSEC loop-detect inotify dumpfile
Oct 17 01:17:31.427921 podb-esxi207 dnsmasq-dhcp[1308597]: DHCP, static leases only on 10.1.0.0, lease time 1d
Oct 17 01:17:31.428076 podb-esxi207 dnsmasq[1308597]: reading /etc/resolv.conf
Oct 17 01:17:31.428093 podb-esxi207 dnsmasq[1308597]: using nameserver 127.0.0.53#53
Oct 17 01:17:31.428172 podb-esxi207 dnsmasq[1308597]: read /opt/stack/data/neutron/dhcp/c8fa6d29-ad21-4172-ab80-ef6c6db388ce/addn_hosts - 0 names
Oct 17 01:17:31.428222 podb-esxi207 dnsmasq-dhcp[1308597]: read /opt/stack/data/neutron/dhcp/c8fa6d29-ad21-4172-ab80-ef6c6db388ce/host
Oct 17 01:17:31.428294 podb-esxi207 dnsmasq-dhcp[1308597]: read /opt/stack/data/neutron/dhcp/c8fa6d29-ad21-4172-ab80-ef6c6db388ce/opts
Oct 17 01:17:32.976569 podb-esxi207 dnsmasq[1308597]: read /opt/stack/data/neutron/dhcp/c8fa6d29-ad21-4172-ab80-ef6c6db388ce/addn_hosts - 2 names
Oct 17 01:17:32.976697 podb-esxi207 dnsmasq-dhcp[1308597]: read /opt/stack/data/neutron/dhcp/c8fa6d29-ad21-4172-ab80-ef6c6db388ce/host
Oct 17 01:17:32.976812 podb-esxi207 dnsmasq-dhcp[1308597]: read /opt/stack/data/neutron/dhcp/c8fa6d29-ad21-4172-ab80-ef6c6db388ce/opts
Oct 17 01:17:34.228987 podb-esxi207 dnsmasq[1308597]: read /opt/stack/data/neutron/dhcp/c8fa6d29-ad21-4172-ab80-ef6c6db388ce/addn_hosts - 2 names
Oct 17 01:17:34.229147 podb-esxi207 dnsmasq-dhcp[1308597]: read /opt/stack/data/neutron/dhcp/c8fa6d29-ad21-4172-ab80-ef6c6db388ce/host
Oct 17 01:17:34.229321 podb-esxi207 dnsmasq-dhcp[1308597]: read /opt/stack/data/neutron/dhcp/c8fa6d29-ad21-4172-ab80-ef6c6db388ce/opts
Oct 17 01:17:35.492843 podb-esxi207 dnsmasq[1308597]: read /opt/stack/data/neutron/dhcp/c8fa6d29-ad21-4172-ab80-ef6c6db388ce/addn_hosts - 2 names
Oct 17 01:17:35.492958 podb-esxi207 dnsmasq-dhcp[1308597]: read /opt/stack/data/neutron/dhcp/c8fa6d29-ad21-4172-ab80-ef6c6db388ce/host
Oct 17 01:17:35.493070 podb-esxi207 dnsmasq-dhcp[1308597]: read /opt/stack/data/neutron/dhcp/c8fa6d29-ad21-4172-ab80-ef6c6db388ce/opts
Oct 17 01:17:42.536891 podb-esxi207 dnsmasq[1308597]: read /opt/stack/data/neutron/dhcp/c8fa6d29-ad21-4172-ab80-ef6c6db388ce/addn_hosts - 4 names
Oct 17 01:17:42.537006 podb-esxi207 dnsmasq-dhcp[1308597]: read /opt/stack/data/neutron/dhcp/c8fa6d29-ad21-4172-ab80-ef6c6db388ce/host
Oct 17 01:17:42.537080 podb-esxi207 dnsmasq-dhcp[1308597]: read /opt/stack/data/neutron/dhcp/c8fa6d29-ad21-4172-ab80-ef6c6db388ce/opts
Oct 17 01:17:56.496537 podb-esxi207 dnsmasq[1308597]: read /opt/stack/data/neutron/dhcp/c8fa6d29-ad21-4172-ab80-ef6c6db388ce/addn_hosts - 2 names
Oct 17 01:17:56.496591 podb-esxi207 dnsmasq-dhcp[1308597]: read /opt/stack/data/neutron/dhcp/c8fa6d29-ad21-4172-ab80-ef6c6db388ce/host
Oct 17 01:17:56.496633 podb-esxi207 dnsmasq-dhcp[1308597]: read /opt/stack/data/neutron/dhcp/c8fa6d29-ad21-4172-ab80-ef6c6db388ce/opts
Oct 17 01:18:06.302246 podb-esxi207 dnsmasq[1308597]: read /opt/stack/data/neutron/dhcp/c8fa6d29-ad21-4172-ab80-ef6c6db388ce/addn_hosts - 4 names
Oct 17 01:18:06.302373 podb-esxi207 dnsmasq-dhcp[1308597]: read /opt/stack/data/neutron/dhcp/c8fa6d29-ad21-4172-ab80-ef6c6db388ce/host
Oct 17 01:18:06.302481 podb-esxi207 dnsmasq-dhcp[1308597]: read /opt/stack/data/neutron/dhcp/c8fa6d29-ad21-4172-ab80-ef6c6db388ce/opts
Oct 17 01:18:19.214710 podb-esxi207 dnsmasq-dhcp[1306736]: DHCPREQUEST(tapf61fea4e-57) 10.1.0.14 fa:16:3e:09:e8:ce
Oct 17 01:18:19.214741 podb-esxi207 dnsmasq-dhcp[1306736]: DHCPACK(tapf61fea4e-57) 10.1.0.14 fa:16:3e:09:e8:ce host-10-1-0-14
Oct 17 01:18:19.476605 podb-esxi207 dnsmasq[1308597]: read /opt/stack/data/neutron/dhcp/c8fa6d29-ad21-4172-ab80-ef6c6db388ce/addn_hosts - 2 names
Oct 17 01:18:19.476746 podb-esxi207 dnsmasq-dhcp[1308597]: read /opt/stack/data/neutron/dhcp/c8fa6d29-ad21-4172-ab80-ef6c6db388ce/host
Oct 17 01:18:19.476865 podb-esxi207 dnsmasq-dhcp[1308597]: read /opt/stack/data/neutron/dhcp/c8fa6d29-ad21-4172-ab80-ef6c6db388ce/opts
Oct 17 01:18:34.164536 podb-esxi207 dnsmasq-dhcp[1304845]: DHCPRELEASE(tap11ffefb6-d3) 10.1.0.13 fa:16:3e:1a:c6:31
Oct 17 01:18:34.182484 podb-esxi207 dnsmasq-dhcp[1304845]: DHCPRELEASE(tap11ffefb6-d3) 10.1.0.13 fa:16:3e:1a:c6:31 unknown lease
Oct 17 01:18:35.007903 podb-esxi207 dnsmasq[1304845]: read /opt/stack/data/neutron/dhcp/f48f7c11-b10c-4f7b-88ef-594ea2c78165/addn_hosts - 2 names
Oct 17 01:18:35.008018 podb-esxi207 dnsmasq-dhcp[1304845]: read /opt/stack/data/neutron/dhcp/f48f7c11-b10c-4f7b-88ef-594ea2c78165/host
Oct 17 01:18:35.008113 podb-esxi207 dnsmasq-dhcp[1304845]: read /opt/stack/data/neutron/dhcp/f48f7c11-b10c-4f7b-88ef-594ea2c78165/opts
Oct 17 01:19:04.434004 podb-esxi207 dnsmasq[1308597]: read /opt/stack/data/neutron/dhcp/c8fa6d29-ad21-4172-ab80-ef6c6db388ce/addn_hosts - 0 names
Oct 17 01:19:04.434121 podb-esxi207 dnsmasq-dhcp[1308597]: read /opt/stack/data/neutron/dhcp/c8fa6d29-ad21-4172-ab80-ef6c6db388ce/host
Oct 17 01:19:04.434220 podb-esxi207 dnsmasq-dhcp[1308597]: read /opt/stack/data/neutron/dhcp/c8fa6d29-ad21-4172-ab80-ef6c6db388ce/opts
Oct 17 01:19:05.486089 podb-esxi207 dnsmasq[1308597]: exiting on receipt of SIGTERM
Oct 17 01:19:09.854903 podb-esxi207 dnsmasq[1304845]: read /opt/stack/data/neutron/dhcp/f48f7c11-b10c-4f7b-88ef-594ea2c78165/addn_hosts - 4 names
Oct 17 01:19:09.855004 podb-esxi207 dnsmasq-dhcp[1304845]: read /opt/stack/data/neutron/dhcp/f48f7c11-b10c-4f7b-88ef-594ea2c78165/host
Oct 17 01:19:09.855073 podb-esxi207 dnsmasq-dhcp[1304845]: read /opt/stack/data/neutron/dhcp/f48f7c11-b10c-4f7b-88ef-594ea2c78165/opts
Oct 17 01:19:30.528295 podb-esxi207 dnsmasq-dhcp[1306736]: DHCPRELEASE(tapf61fea4e-57) 10.1.0.14 fa:16:3e:09:e8:ce
Oct 17 01:19:30.542580 podb-esxi207 dnsmasq-dhcp[1306736]: DHCPRELEASE(tapf61fea4e-57) 10.1.0.14 fa:16:3e:09:e8:ce unknown lease
Oct 17 01:19:31.365698 podb-esxi207 dnsmasq[1306736]: read /opt/stack/data/neutron/dhcp/722dfb0a-17e1-4904-ad58-23d2de73ffa7/addn_hosts - 2 names
Oct 17 01:19:31.365802 podb-esxi207 dnsmasq-dhcp[1306736]: read /opt/stack/data/neutron/dhcp/722dfb0a-17e1-4904-ad58-23d2de73ffa7/host
Oct 17 01:19:31.365902 podb-esxi207 dnsmasq-dhcp[1306736]: read /opt/stack/data/neutron/dhcp/722dfb0a-17e1-4904-ad58-23d2de73ffa7/opts
Oct 17 01:19:36.753621 podb-esxi207 dnsmasq-dhcp[1304845]: DHCPDISCOVER(tap11ffefb6-d3) fa:16:3e:d3:30:ca
Oct 17 01:19:36.753650 podb-esxi207 dnsmasq-dhcp[1304845]: DHCPOFFER(tap11ffefb6-d3) 10.1.0.13 fa:16:3e:d3:30:ca
Oct 17 01:19:36.764782 podb-esxi207 dnsmasq-dhcp[1304845]: DHCPREQUEST(tap11ffefb6-d3) 10.1.0.13 fa:16:3e:d3:30:ca
Oct 17 01:19:36.764823 podb-esxi207 dnsmasq-dhcp[1304845]: DHCPACK(tap11ffefb6-d3) 10.1.0.13 fa:16:3e:d3:30:ca host-10-1-0-13
Oct 17 01:19:43.959303 podb-esxi207 dnsmasq[1306736]: read /opt/stack/data/neutron/dhcp/722dfb0a-17e1-4904-ad58-23d2de73ffa7/addn_hosts - 4 names
Oct 17 01:19:43.959410 podb-esxi207 dnsmasq-dhcp[1306736]: read /opt/stack/data/neutron/dhcp/722dfb0a-17e1-4904-ad58-23d2de73ffa7/host
Oct 17 01:19:43.959541 podb-esxi207 dnsmasq-dhcp[1306736]: read /opt/stack/data/neutron/dhcp/722dfb0a-17e1-4904-ad58-23d2de73ffa7/opts
Oct 17 01:20:08.676788 podb-esxi207 dnsmasq-dhcp[1306736]: DHCPDISCOVER(tapf61fea4e-57) fa:16:3e:d8:65:56
Oct 17 01:20:08.676814 podb-esxi207 dnsmasq-dhcp[1306736]: DHCPOFFER(tapf61fea4e-57) 10.1.0.8 fa:16:3e:d8:65:56
Oct 17 01:20:08.687942 podb-esxi207 dnsmasq-dhcp[1306736]: DHCPREQUEST(tapf61fea4e-57) 10.1.0.8 fa:16:3e:d8:65:56
Oct 17 01:20:08.687973 podb-esxi207 dnsmasq-dhcp[1306736]: DHCPACK(tapf61fea4e-57) 10.1.0.8 fa:16:3e:d8:65:56 host-10-1-0-8
Oct 17 01:20:24.897740 podb-esxi207 dnsmasq-dhcp[1304845]: DHCPRELEASE(tap11ffefb6-d3) 10.1.0.13 fa:16:3e:d3:30:ca
Oct 17 01:20:24.912569 podb-esxi207 dnsmasq-dhcp[1304845]: DHCPRELEASE(tap11ffefb6-d3) 10.1.0.13 fa:16:3e:d3:30:ca unknown lease
Oct 17 01:20:25.738186 podb-esxi207 dnsmasq[1304845]: read /opt/stack/data/neutron/dhcp/f48f7c11-b10c-4f7b-88ef-594ea2c78165/addn_hosts - 2 names
Oct 17 01:20:25.738305 podb-esxi207 dnsmasq-dhcp[1304845]: read /opt/stack/data/neutron/dhcp/f48f7c11-b10c-4f7b-88ef-594ea2c78165/host
Oct 17 01:20:25.738424 podb-esxi207 dnsmasq-dhcp[1304845]: read /opt/stack/data/neutron/dhcp/f48f7c11-b10c-4f7b-88ef-594ea2c78165/opts
Oct 17 01:20:37.242875 podb-esxi207 dnsmasq[1304845]: read /opt/stack/data/neutron/dhcp/f48f7c11-b10c-4f7b-88ef-594ea2c78165/addn_hosts - 4 names
Oct 17 01:20:37.242974 podb-esxi207 dnsmasq-dhcp[1304845]: read /opt/stack/data/neutron/dhcp/f48f7c11-b10c-4f7b-88ef-594ea2c78165/host
Oct 17 01:20:37.243085 podb-esxi207 dnsmasq-dhcp[1304845]: read /opt/stack/data/neutron/dhcp/f48f7c11-b10c-4f7b-88ef-594ea2c78165/opts
Oct 17 01:21:07.635723 podb-esxi207 dnsmasq-dhcp[1306736]: DHCPREQUEST(tapf61fea4e-57) 10.1.0.8 fa:16:3e:d8:65:56
Oct 17 01:21:07.635751 podb-esxi207 dnsmasq-dhcp[1306736]: DHCPACK(tapf61fea4e-57) 10.1.0.8 fa:16:3e:d8:65:56 host-10-1-0-8
Oct 17 01:21:09.308067 podb-esxi207 dnsmasq-dhcp[1304845]: DHCPDISCOVER(tap11ffefb6-d3) fa:16:3e:e7:31:b6
Oct 17 01:21:09.308093 podb-esxi207 dnsmasq-dhcp[1304845]: DHCPOFFER(tap11ffefb6-d3) 10.1.0.10 fa:16:3e:e7:31:b6
Oct 17 01:21:09.321127 podb-esxi207 dnsmasq-dhcp[1304845]: DHCPREQUEST(tap11ffefb6-d3) 10.1.0.10 fa:16:3e:e7:31:b6
Oct 17 01:21:09.321160 podb-esxi207 dnsmasq-dhcp[1304845]: DHCPACK(tap11ffefb6-d3) 10.1.0.10 fa:16:3e:e7:31:b6 host-10-1-0-10
Oct 17 01:21:46.228461 podb-esxi207 dnsmasq[1253999]: read /opt/stack/data/neutron/dhcp/ff764a61-c103-4e8e-9e20-68eb1aaca370/addn_hosts - 2 names
Oct 17 01:21:46.228571 podb-esxi207 dnsmasq-dhcp[1253999]: read /opt/stack/data/neutron/dhcp/ff764a61-c103-4e8e-9e20-68eb1aaca370/host
Oct 17 01:21:46.228730 podb-esxi207 dnsmasq-dhcp[1253999]: read /opt/stack/data/neutron/dhcp/ff764a61-c103-4e8e-9e20-68eb1aaca370/opts
Oct 17 01:21:58.432109 podb-esxi207 dnsmasq[1253999]: read /opt/stack/data/neutron/dhcp/ff764a61-c103-4e8e-9e20-68eb1aaca370/addn_hosts - 0 names
Oct 17 01:21:58.432206 podb-esxi207 dnsmasq-dhcp[1253999]: read /opt/stack/data/neutron/dhcp/ff764a61-c103-4e8e-9e20-68eb1aaca370/host
Oct 17 01:21:58.432298 podb-esxi207 dnsmasq-dhcp[1253999]: read /opt/stack/data/neutron/dhcp/ff764a61-c103-4e8e-9e20-68eb1aaca370/opts
Oct 17 01:22:06.894244 podb-esxi207 dnsmasq[1304845]: read /opt/stack/data/neutron/dhcp/f48f7c11-b10c-4f7b-88ef-594ea2c78165/addn_hosts - 6 names
Oct 17 01:22:06.894385 podb-esxi207 dnsmasq-dhcp[1304845]: read /opt/stack/data/neutron/dhcp/f48f7c11-b10c-4f7b-88ef-594ea2c78165/host
Oct 17 01:22:06.894500 podb-esxi207 dnsmasq-dhcp[1304845]: read /opt/stack/data/neutron/dhcp/f48f7c11-b10c-4f7b-88ef-594ea2c78165/opts
Oct 17 01:22:20.990116 podb-esxi207 dnsmasq-dhcp[1306736]: DHCPRELEASE(tapf61fea4e-57) 10.1.0.8 fa:16:3e:d8:65:56
Oct 17 01:22:21.008068 podb-esxi207 dnsmasq-dhcp[1306736]: DHCPRELEASE(tapf61fea4e-57) 10.1.0.8 fa:16:3e:d8:65:56 unknown lease
Oct 17 01:22:21.831658 podb-esxi207 dnsmasq[1306736]: read /opt/stack/data/neutron/dhcp/722dfb0a-17e1-4904-ad58-23d2de73ffa7/addn_hosts - 2 names
Oct 17 01:22:21.831743 podb-esxi207 dnsmasq-dhcp[1306736]: read /opt/stack/data/neutron/dhcp/722dfb0a-17e1-4904-ad58-23d2de73ffa7/host
Oct 17 01:22:21.831847 podb-esxi207 dnsmasq-dhcp[1306736]: read /opt/stack/data/neutron/dhcp/722dfb0a-17e1-4904-ad58-23d2de73ffa7/opts
Oct 17 01:22:26.984623 podb-esxi207 dnsmasq[1306736]: read /opt/stack/data/neutron/dhcp/722dfb0a-17e1-4904-ad58-23d2de73ffa7/addn_hosts - 0 names
Oct 17 01:22:26.984706 podb-esxi207 dnsmasq-dhcp[1306736]: read /opt/stack/data/neutron/dhcp/722dfb0a-17e1-4904-ad58-23d2de73ffa7/host
Oct 17 01:22:26.984762 podb-esxi207 dnsmasq-dhcp[1306736]: read /opt/stack/data/neutron/dhcp/722dfb0a-17e1-4904-ad58-23d2de73ffa7/opts
Oct 17 01:22:27.879786 podb-esxi207 dnsmasq[1306736]: exiting on receipt of SIGTERM
Oct 17 01:22:28.494212 podb-esxi207 dnsmasq-dhcp[1307455]: DHCPRELEASE(tapb88645d3-bf) 10.1.0.1 fa:16:3e:57:6b:6f
Oct 17 01:22:29.315561 podb-esxi207 dnsmasq[1307455]: read /opt/stack/data/neutron/dhcp/142ec6e2-a17d-4098-9751-63444f5afc66/addn_hosts - 0 names
Oct 17 01:22:29.315623 podb-esxi207 dnsmasq-dhcp[1307455]: read /opt/stack/data/neutron/dhcp/142ec6e2-a17d-4098-9751-63444f5afc66/host
Oct 17 01:22:29.315697 podb-esxi207 dnsmasq-dhcp[1307455]: read /opt/stack/data/neutron/dhcp/142ec6e2-a17d-4098-9751-63444f5afc66/opts
Oct 17 01:22:29.551157 podb-esxi207 dnsmasq[1307455]: exiting on receipt of SIGTERM
Oct 17 01:22:33.747616 podb-esxi207 dnsmasq[1313181]: started, version 2.90 cachesize 150
Oct 17 01:22:33.747641 podb-esxi207 dnsmasq[1313181]: DNS service limited to local subnets
Oct 17 01:22:33.747657 podb-esxi207 dnsmasq[1313181]: compile time options: IPv6 GNU-getopt DBus no-UBus i18n IDN2 DHCP DHCPv6 no-Lua TFTP conntrack ipset no-nftset auth cryptohash DNSSEC loop-detect inotify dumpfile
Oct 17 01:22:33.747695 podb-esxi207 dnsmasq-dhcp[1313181]: DHCP, static leases only on 10.1.0.0, lease time 1d
Oct 17 01:22:33.747850 podb-esxi207 dnsmasq[1313181]: reading /etc/resolv.conf
Oct 17 01:22:33.747867 podb-esxi207 dnsmasq[1313181]: using nameserver 127.0.0.53#53
Oct 17 01:22:33.747956 podb-esxi207 dnsmasq[1313181]: read /opt/stack/data/neutron/dhcp/55f52bd1-4168-4a6b-9ce4-d7f531055c44/addn_hosts - 0 names
Oct 17 01:22:33.748008 podb-esxi207 dnsmasq-dhcp[1313181]: read /opt/stack/data/neutron/dhcp/55f52bd1-4168-4a6b-9ce4-d7f531055c44/host
Oct 17 01:22:33.748066 podb-esxi207 dnsmasq-dhcp[1313181]: read /opt/stack/data/neutron/dhcp/55f52bd1-4168-4a6b-9ce4-d7f531055c44/opts
Oct 17 01:22:35.294054 podb-esxi207 dnsmasq[1313181]: read /opt/stack/data/neutron/dhcp/55f52bd1-4168-4a6b-9ce4-d7f531055c44/addn_hosts - 2 names
Oct 17 01:22:35.294150 podb-esxi207 dnsmasq-dhcp[1313181]: read /opt/stack/data/neutron/dhcp/55f52bd1-4168-4a6b-9ce4-d7f531055c44/host
Oct 17 01:22:35.294273 podb-esxi207 dnsmasq-dhcp[1313181]: read /opt/stack/data/neutron/dhcp/55f52bd1-4168-4a6b-9ce4-d7f531055c44/opts
Oct 17 01:22:37.770438 podb-esxi207 dnsmasq-dhcp[1304845]: DHCPDISCOVER(tap11ffefb6-d3) fa:16:3e:04:0c:96
Oct 17 01:22:37.770465 podb-esxi207 dnsmasq-dhcp[1304845]: DHCPOFFER(tap11ffefb6-d3) 10.1.0.12 fa:16:3e:04:0c:96
Oct 17 01:22:37.784468 podb-esxi207 dnsmasq-dhcp[1304845]: DHCPREQUEST(tap11ffefb6-d3) 10.1.0.12 fa:16:3e:04:0c:96
Oct 17 01:22:37.784504 podb-esxi207 dnsmasq-dhcp[1304845]: DHCPACK(tap11ffefb6-d3) 10.1.0.12 fa:16:3e:04:0c:96 host-10-1-0-12
Oct 17 01:22:38.722633 podb-esxi207 dnsmasq[1313555]: started, version 2.90 cachesize 150
Oct 17 01:22:38.722661 podb-esxi207 dnsmasq[1313555]: DNS service limited to local subnets
Oct 17 01:22:38.722676 podb-esxi207 dnsmasq[1313555]: compile time options: IPv6 GNU-getopt DBus no-UBus i18n IDN2 DHCP DHCPv6 no-Lua TFTP conntrack ipset no-nftset auth cryptohash DNSSEC loop-detect inotify dumpfile
Oct 17 01:22:38.722724 podb-esxi207 dnsmasq-dhcp[1313555]: DHCP, static leases only on 10.1.0.0, lease time 1d
Oct 17 01:22:38.722876 podb-esxi207 dnsmasq[1313555]: reading /etc/resolv.conf
Oct 17 01:22:38.722892 podb-esxi207 dnsmasq[1313555]: using nameserver 127.0.0.53#53
Oct 17 01:22:38.722996 podb-esxi207 dnsmasq[1313555]: read /opt/stack/data/neutron/dhcp/4e1bf9da-c0ce-4935-9db0-c6e4203d78a2/addn_hosts - 2 names
Oct 17 01:22:38.723051 podb-esxi207 dnsmasq-dhcp[1313555]: read /opt/stack/data/neutron/dhcp/4e1bf9da-c0ce-4935-9db0-c6e4203d78a2/host
Oct 17 01:22:38.723117 podb-esxi207 dnsmasq-dhcp[1313555]: read /opt/stack/data/neutron/dhcp/4e1bf9da-c0ce-4935-9db0-c6e4203d78a2/opts
Oct 17 01:22:40.262288 podb-esxi207 dnsmasq[1313181]: read /opt/stack/data/neutron/dhcp/55f52bd1-4168-4a6b-9ce4-d7f531055c44/addn_hosts - 2 names
Oct 17 01:22:40.262369 podb-esxi207 dnsmasq-dhcp[1313181]: read /opt/stack/data/neutron/dhcp/55f52bd1-4168-4a6b-9ce4-d7f531055c44/host
Oct 17 01:22:40.262442 podb-esxi207 dnsmasq-dhcp[1313181]: read /opt/stack/data/neutron/dhcp/55f52bd1-4168-4a6b-9ce4-d7f531055c44/opts
Oct 17 01:22:41.520959 podb-esxi207 dnsmasq[1313555]: read /opt/stack/data/neutron/dhcp/4e1bf9da-c0ce-4935-9db0-c6e4203d78a2/addn_hosts - 2 names
Oct 17 01:22:41.520993 podb-esxi207 dnsmasq-dhcp[1313555]: read /opt/stack/data/neutron/dhcp/4e1bf9da-c0ce-4935-9db0-c6e4203d78a2/host
Oct 17 01:22:41.521013 podb-esxi207 dnsmasq-dhcp[1313555]: read /opt/stack/data/neutron/dhcp/4e1bf9da-c0ce-4935-9db0-c6e4203d78a2/opts
Oct 17 01:22:42.770251 podb-esxi207 dnsmasq[1313181]: read /opt/stack/data/neutron/dhcp/55f52bd1-4168-4a6b-9ce4-d7f531055c44/addn_hosts - 2 names
Oct 17 01:22:42.770343 podb-esxi207 dnsmasq-dhcp[1313181]: read /opt/stack/data/neutron/dhcp/55f52bd1-4168-4a6b-9ce4-d7f531055c44/host
Oct 17 01:22:42.770430 podb-esxi207 dnsmasq-dhcp[1313181]: read /opt/stack/data/neutron/dhcp/55f52bd1-4168-4a6b-9ce4-d7f531055c44/opts
Oct 17 01:22:43.520162 podb-esxi207 dnsmasq[1313555]: read /opt/stack/data/neutron/dhcp/4e1bf9da-c0ce-4935-9db0-c6e4203d78a2/addn_hosts - 2 names
Oct 17 01:22:43.520193 podb-esxi207 dnsmasq-dhcp[1313555]: read /opt/stack/data/neutron/dhcp/4e1bf9da-c0ce-4935-9db0-c6e4203d78a2/host
Oct 17 01:22:43.520213 podb-esxi207 dnsmasq-dhcp[1313555]: read /opt/stack/data/neutron/dhcp/4e1bf9da-c0ce-4935-9db0-c6e4203d78a2/opts
Oct 17 01:22:44.789300 podb-esxi207 dnsmasq[1313555]: read /opt/stack/data/neutron/dhcp/4e1bf9da-c0ce-4935-9db0-c6e4203d78a2/addn_hosts - 2 names
Oct 17 01:22:44.789415 podb-esxi207 dnsmasq-dhcp[1313555]: read /opt/stack/data/neutron/dhcp/4e1bf9da-c0ce-4935-9db0-c6e4203d78a2/host
Oct 17 01:22:44.789525 podb-esxi207 dnsmasq-dhcp[1313555]: read /opt/stack/data/neutron/dhcp/4e1bf9da-c0ce-4935-9db0-c6e4203d78a2/opts
Oct 17 01:23:05.766118 podb-esxi207 dnsmasq[1313181]: read /opt/stack/data/neutron/dhcp/55f52bd1-4168-4a6b-9ce4-d7f531055c44/addn_hosts - 4 names
Oct 17 01:23:05.766224 podb-esxi207 dnsmasq-dhcp[1313181]: read /opt/stack/data/neutron/dhcp/55f52bd1-4168-4a6b-9ce4-d7f531055c44/host
Oct 17 01:23:05.766323 podb-esxi207 dnsmasq-dhcp[1313181]: read /opt/stack/data/neutron/dhcp/55f52bd1-4168-4a6b-9ce4-d7f531055c44/opts
Oct 17 01:23:25.145680 podb-esxi207 dnsmasq-dhcp[1304845]: DHCPRELEASE(tap11ffefb6-d3) 10.1.0.12 fa:16:3e:04:0c:96
Oct 17 01:23:25.161358 podb-esxi207 dnsmasq-dhcp[1304845]: DHCPRELEASE(tap11ffefb6-d3) 10.1.0.12 fa:16:3e:04:0c:96 unknown lease
Oct 17 01:23:25.985133 podb-esxi207 dnsmasq[1304845]: read /opt/stack/data/neutron/dhcp/f48f7c11-b10c-4f7b-88ef-594ea2c78165/addn_hosts - 4 names
Oct 17 01:23:25.985235 podb-esxi207 dnsmasq-dhcp[1304845]: read /opt/stack/data/neutron/dhcp/f48f7c11-b10c-4f7b-88ef-594ea2c78165/host
Oct 17 01:23:25.985322 podb-esxi207 dnsmasq-dhcp[1304845]: read /opt/stack/data/neutron/dhcp/f48f7c11-b10c-4f7b-88ef-594ea2c78165/opts
Oct 17 01:23:33.782240 podb-esxi207 dnsmasq-dhcp[1313181]: DHCPDISCOVER(tap39fef75a-2b) fa:16:3e:0a:ec:b5
Oct 17 01:23:33.782274 podb-esxi207 dnsmasq-dhcp[1313181]: DHCPOFFER(tap39fef75a-2b) 10.1.0.6 fa:16:3e:0a:ec:b5
Oct 17 01:23:33.811205 podb-esxi207 dnsmasq-dhcp[1313181]: DHCPREQUEST(tap39fef75a-2b) 10.1.0.6 fa:16:3e:0a:ec:b5
