Oct 17 00:34:27.065294 podb-esxi207 systemd[1]: Starting Devstack devstack@n-api.service...
Oct 17 00:34:27.076422 podb-esxi207 devstack@n-api.service[1236203]: [uWSGI] getting INI configuration from /etc/nova/nova-api-uwsgi.ini
Oct 17 00:34:27.078804 podb-esxi207 devstack@n-api.service[1236203]: *** Starting uWSGI 2.0.20-debian (64bit) on [Fri Oct 17 00:34:27 2025] ***
Oct 17 00:34:27.078804 podb-esxi207 devstack@n-api.service[1236203]: compiled with version: 11.2.0 on 21 March 2022 11:00:44
Oct 17 00:34:27.078804 podb-esxi207 devstack@n-api.service[1236203]: os: Linux-5.15.0-157-generic #167-Ubuntu SMP Wed Sep 17 21:35:53 UTC 2025
Oct 17 00:34:27.078804 podb-esxi207 devstack@n-api.service[1236203]: nodename: podb-esxi207
Oct 17 00:34:27.078804 podb-esxi207 devstack@n-api.service[1236203]: machine: x86_64
Oct 17 00:34:27.078804 podb-esxi207 devstack@n-api.service[1236203]: clock source: unix
Oct 17 00:34:27.078804 podb-esxi207 devstack@n-api.service[1236203]: pcre jit disabled
Oct 17 00:34:27.078804 podb-esxi207 devstack@n-api.service[1236203]: detected number of CPU cores: 152
Oct 17 00:34:27.078804 podb-esxi207 devstack@n-api.service[1236203]: current working directory: /
Oct 17 00:34:27.078804 podb-esxi207 devstack@n-api.service[1236203]: detected binary path: /usr/bin/uwsgi-core
Oct 17 00:34:27.078804 podb-esxi207 devstack@n-api.service[1236203]: your processes number limit is 1029247
Oct 17 00:34:27.078804 podb-esxi207 devstack@n-api.service[1236203]: your memory page size is 4096 bytes
Oct 17 00:34:27.078804 podb-esxi207 devstack@n-api.service[1236203]: detected max file descriptor number: 2048
Oct 17 00:34:27.078804 podb-esxi207 devstack@n-api.service[1236203]: lock engine: pthread robust mutexes
Oct 17 00:34:27.080243 podb-esxi207 devstack@n-api.service[1236203]: thunder lock: enabled
Oct 17 00:34:27.080243 podb-esxi207 devstack@n-api.service[1236203]: uwsgi socket 0 bound to UNIX address /var/run/uwsgi/nova-api.socket fd 4
Oct 17 00:34:27.080243 podb-esxi207 devstack@n-api.service[1236203]: Python version: 3.10.12 (main, Aug 15 2025, 14:32:43) [GCC 11.4.0]
Oct 17 00:34:27.080243 podb-esxi207 devstack@n-api.service[1236203]: PEP 405 virtualenv detected: /opt/stack/data/venv
Oct 17 00:34:27.080243 podb-esxi207 devstack@n-api.service[1236203]: Set PythonHome to /opt/stack/data/venv
Oct 17 00:34:27.119830 podb-esxi207 devstack@n-api.service[1236203]: Python main interpreter initialized at 0x55984ceab390
Oct 17 00:34:27.119830 podb-esxi207 devstack@n-api.service[1236203]: python threads support enabled
Oct 17 00:34:27.119830 podb-esxi207 devstack@n-api.service[1236203]: your server socket listen backlog is limited to 100 connections
Oct 17 00:34:27.119830 podb-esxi207 devstack@n-api.service[1236203]: your mercy for graceful operations on workers is 80 seconds
Oct 17 00:34:27.120362 podb-esxi207 devstack@n-api.service[1236203]: mapped 671795 bytes (656 KB) for 4 cores
Oct 17 00:34:27.120362 podb-esxi207 devstack@n-api.service[1236203]: *** Operational MODE: preforking ***
Oct 17 00:34:27.120573 podb-esxi207 devstack@n-api.service[1236203]: *** uWSGI is running in multiple interpreter mode ***
Oct 17 00:34:27.120573 podb-esxi207 devstack@n-api.service[1236203]: spawned uWSGI master process (pid: 1236203)
Oct 17 00:34:27.120838 podb-esxi207 devstack@n-api.service[1236203]: spawned uWSGI worker 1 (pid: 1236204, cores: 1)
Oct 17 00:34:27.120723 podb-esxi207 systemd[1]: Started Devstack devstack@n-api.service.
Oct 17 00:34:27.121263 podb-esxi207 devstack@n-api.service[1236203]: spawned uWSGI worker 2 (pid: 1236205, cores: 1)
Oct 17 00:34:27.121402 podb-esxi207 devstack@n-api.service[1236203]: spawned uWSGI worker 3 (pid: 1236206, cores: 1)
Oct 17 00:34:27.121589 podb-esxi207 devstack@n-api.service[1236203]: spawned uWSGI worker 4 (pid: 1236207, cores: 1)
Oct 17 00:34:27.121756 podb-esxi207 devstack@n-api.service[1236203]: running "unix_signal:15 gracefully_kill_them_all" (master-start)...
Oct 17 00:34:30.440806 podb-esxi207 devstack@n-api.service[1236204]: WSGI app 0 (mountpoint='') ready in 3 seconds on interpreter 0x55984ceab390 pid: 1236204 (default app)
Oct 17 00:34:30.444180 podb-esxi207 devstack@n-api.service[1236207]: WSGI app 0 (mountpoint='') ready in 3 seconds on interpreter 0x55984ceab390 pid: 1236207 (default app)
Oct 17 00:34:30.446390 podb-esxi207 devstack@n-api.service[1236205]: WSGI app 0 (mountpoint='') ready in 3 seconds on interpreter 0x55984ceab390 pid: 1236205 (default app)
Oct 17 00:34:30.447093 podb-esxi207 devstack@n-api.service[1236204]: [pid: 1236204|app: 0|req: 1/1] 172.25.66.207 () {50 vars in 792 bytes} [Fri Oct 17 00:34:30 2025] GET /compute/v2.1/ => generated 391 bytes in 5 msecs (HTTP/1.1 200) 9 headers in 357 bytes (1 switches on core 0)
Oct 17 00:34:30.450963 podb-esxi207 devstack@n-api.service[1236206]: WSGI app 0 (mountpoint='') ready in 3 seconds on interpreter 0x55984ceab390 pid: 1236206 (default app)
Oct 17 00:35:42.928422 podb-esxi207 devstack@n-api.service[1236207]: [pid: 1236207|app: 0|req: 1/2] 172.25.66.207 () {54 vars in 935 bytes} [Fri Oct 17 00:35:42 2025] GET /compute/v2.1 => generated 391 bytes in 14 msecs (HTTP/1.1 200) 9 headers in 357 bytes (1 switches on core 0)
Oct 17 00:35:43.721924 podb-esxi207 devstack@n-api.service[1236205]: [pid: 1236205|app: 0|req: 1/3] 172.25.66.207 () {60 vars in 1296 bytes} [Fri Oct 17 00:35:42 2025] GET /compute/v2.1/flavors/detail?is_public=True => generated 15 bytes in 789 msecs (HTTP/1.1 200) 9 headers in 358 bytes (1 switches on core 0)
Oct 17 00:35:45.214175 podb-esxi207 devstack@n-api.service[1236204]: [pid: 1236204|app: 0|req: 2/4] 172.25.66.207 () {54 vars in 935 bytes} [Fri Oct 17 00:35:45 2025] GET /compute/v2.1 => generated 391 bytes in 13 msecs (HTTP/1.1 200) 9 headers in 357 bytes (1 switches on core 0)
Oct 17 00:35:46.147311 podb-esxi207 devstack@n-api.service[1236206]: [pid: 1236206|app: 0|req: 1/5] 172.25.66.207 () {64 vars in 1287 bytes} [Fri Oct 17 00:35:45 2025] POST /compute/v2.1/flavors => generated 411 bytes in 928 msecs (HTTP/1.1 200) 9 headers in 359 bytes (1 switches on core 0)
Oct 17 00:35:46.319523 podb-esxi207 devstack@n-api.service[1236207]: [pid: 1236207|app: 0|req: 2/6] 172.25.66.207 () {64 vars in 1340 bytes} [Fri Oct 17 00:35:46 2025] POST /compute/v2.1/flavors/c1/os-extra_specs => generated 43 bytes in 159 msecs (HTTP/1.1 200) 9 headers in 358 bytes (1 switches on core 0)
Oct 17 00:35:47.781512 podb-esxi207 devstack@n-api.service[1236205]: [pid: 1236205|app: 0|req: 2/7] 172.25.66.207 () {54 vars in 935 bytes} [Fri Oct 17 00:35:47 2025] GET /compute/v2.1 => generated 391 bytes in 12 msecs (HTTP/1.1 200) 9 headers in 357 bytes (1 switches on core 0)
Oct 17 00:35:48.491582 podb-esxi207 devstack@n-api.service[1236204]: [pid: 1236204|app: 0|req: 3/8] 172.25.66.207 () {64 vars in 1287 bytes} [Fri Oct 17 00:35:47 2025] POST /compute/v2.1/flavors => generated 408 bytes in 706 msecs (HTTP/1.1 200) 9 headers in 359 bytes (1 switches on core 0)
Oct 17 00:35:48.563090 podb-esxi207 devstack@n-api.service[1236206]: [pid: 1236206|app: 0|req: 2/9] 172.25.66.207 () {64 vars in 1340 bytes} [Fri Oct 17 00:35:48 2025] POST /compute/v2.1/flavors/d1/os-extra_specs => generated 43 bytes in 59 msecs (HTTP/1.1 200) 9 headers in 358 bytes (1 switches on core 0)
Oct 17 00:35:50.055174 podb-esxi207 devstack@n-api.service[1236207]: [pid: 1236207|app: 0|req: 3/10] 172.25.66.207 () {54 vars in 935 bytes} [Fri Oct 17 00:35:50 2025] GET /compute/v2.1 => generated 391 bytes in 12 msecs (HTTP/1.1 200) 9 headers in 357 bytes (1 switches on core 0)
Oct 17 00:35:50.344046 podb-esxi207 devstack@n-api.service[1236205]: [pid: 1236205|app: 0|req: 3/11] 172.25.66.207 () {64 vars in 1287 bytes} [Fri Oct 17 00:35:50 2025] POST /compute/v2.1/flavors => generated 408 bytes in 284 msecs (HTTP/1.1 200) 9 headers in 359 bytes (1 switches on core 0)
Oct 17 00:35:50.410502 podb-esxi207 devstack@n-api.service[1236204]: [pid: 1236204|app: 0|req: 4/12] 172.25.66.207 () {64 vars in 1340 bytes} [Fri Oct 17 00:35:50 2025] POST /compute/v2.1/flavors/d2/os-extra_specs => generated 43 bytes in 54 msecs (HTTP/1.1 200) 9 headers in 358 bytes (1 switches on core 0)
Oct 17 00:35:51.951714 podb-esxi207 devstack@n-api.service[1236206]: [pid: 1236206|app: 0|req: 3/13] 172.25.66.207 () {54 vars in 935 bytes} [Fri Oct 17 00:35:51 2025] GET /compute/v2.1 => generated 391 bytes in 11 msecs (HTTP/1.1 200) 9 headers in 357 bytes (1 switches on core 0)
Oct 17 00:35:52.526862 podb-esxi207 devstack@n-api.service[1236207]: [pid: 1236207|app: 0|req: 4/14] 172.25.66.207 () {64 vars in 1287 bytes} [Fri Oct 17 00:35:51 2025] POST /compute/v2.1/flavors => generated 408 bytes in 571 msecs (HTTP/1.1 200) 9 headers in 359 bytes (2 switches on core 0)
Oct 17 00:35:52.597769 podb-esxi207 devstack@n-api.service[1236205]: [pid: 1236205|app: 0|req: 4/15] 172.25.66.207 () {64 vars in 1340 bytes} [Fri Oct 17 00:35:52 2025] POST /compute/v2.1/flavors/d3/os-extra_specs => generated 43 bytes in 58 msecs (HTTP/1.1 200) 9 headers in 358 bytes (1 switches on core 0)
Oct 17 00:35:54.123748 podb-esxi207 devstack@n-api.service[1236204]: [pid: 1236204|app: 0|req: 5/16] 172.25.66.207 () {54 vars in 935 bytes} [Fri Oct 17 00:35:54 2025] GET /compute/v2.1 => generated 391 bytes in 12 msecs (HTTP/1.1 200) 9 headers in 357 bytes (1 switches on core 0)
Oct 17 00:35:54.397880 podb-esxi207 devstack@n-api.service[1236206]: [pid: 1236206|app: 0|req: 4/17] 172.25.66.207 () {64 vars in 1287 bytes} [Fri Oct 17 00:35:54 2025] POST /compute/v2.1/flavors => generated 408 bytes in 266 msecs (HTTP/1.1 200) 9 headers in 359 bytes (1 switches on core 0)
Oct 17 00:35:54.451176 podb-esxi207 devstack@n-api.service[1236207]: [pid: 1236207|app: 0|req: 5/18] 172.25.66.207 () {64 vars in 1340 bytes} [Fri Oct 17 00:35:54 2025] POST /compute/v2.1/flavors/d4/os-extra_specs => generated 43 bytes in 41 msecs (HTTP/1.1 200) 9 headers in 358 bytes (1 switches on core 0)
Oct 17 00:35:55.960281 podb-esxi207 devstack@n-api.service[1236205]: [pid: 1236205|app: 0|req: 5/19] 172.25.66.207 () {54 vars in 935 bytes} [Fri Oct 17 00:35:55 2025] GET /compute/v2.1 => generated 391 bytes in 12 msecs (HTTP/1.1 200) 9 headers in 357 bytes (1 switches on core 0)
Oct 17 00:35:56.362869 podb-esxi207 devstack@n-api.service[1236204]: [pid: 1236204|app: 0|req: 6/20] 172.25.66.207 () {60 vars in 1296 bytes} [Fri Oct 17 00:35:55 2025] GET /compute/v2.1/flavors/detail?is_public=True => generated 2126 bytes in 398 msecs (HTTP/1.1 200) 9 headers in 360 bytes (1 switches on core 0)
Oct 17 00:35:57.937217 podb-esxi207 devstack@n-api.service[1236206]: [pid: 1236206|app: 0|req: 5/21] 172.25.66.207 () {54 vars in 935 bytes} [Fri Oct 17 00:35:57 2025] GET /compute/v2.1 => generated 391 bytes in 12 msecs (HTTP/1.1 200) 9 headers in 357 bytes (1 switches on core 0)
Oct 17 00:35:58.364060 podb-esxi207 devstack@n-api.service[1236207]: [pid: 1236207|app: 0|req: 6/22] 172.25.66.207 () {64 vars in 1287 bytes} [Fri Oct 17 00:35:57 2025] POST /compute/v2.1/flavors => generated 406 bytes in 422 msecs (HTTP/1.1 200) 9 headers in 359 bytes (1 switches on core 0)
Oct 17 00:35:58.423698 podb-esxi207 devstack@n-api.service[1236205]: [pid: 1236205|app: 0|req: 6/23] 172.25.66.207 () {64 vars in 1337 bytes} [Fri Oct 17 00:35:58 2025] POST /compute/v2.1/flavors/1/os-extra_specs => generated 43 bytes in 47 msecs (HTTP/1.1 200) 9 headers in 358 bytes (1 switches on core 0)
Oct 17 00:35:59.906228 podb-esxi207 devstack@n-api.service[1236204]: [pid: 1236204|app: 0|req: 7/24] 172.25.66.207 () {54 vars in 935 bytes} [Fri Oct 17 00:35:59 2025] GET /compute/v2.1 => generated 391 bytes in 12 msecs (HTTP/1.1 200) 9 headers in 357 bytes (1 switches on core 0)
Oct 17 00:36:00.322016 podb-esxi207 devstack@n-api.service[1236206]: [pid: 1236206|app: 0|req: 6/25] 172.25.66.207 () {64 vars in 1287 bytes} [Fri Oct 17 00:35:59 2025] POST /compute/v2.1/flavors => generated 409 bytes in 412 msecs (HTTP/1.1 200) 9 headers in 359 bytes (1 switches on core 0)
Oct 17 00:36:00.372235 podb-esxi207 devstack@n-api.service[1236207]: [pid: 1236207|app: 0|req: 7/26] 172.25.66.207 () {64 vars in 1337 bytes} [Fri Oct 17 00:36:00 2025] POST /compute/v2.1/flavors/2/os-extra_specs => generated 43 bytes in 38 msecs (HTTP/1.1 200) 9 headers in 358 bytes (1 switches on core 0)
Oct 17 00:36:01.896680 podb-esxi207 devstack@n-api.service[1236205]: [pid: 1236205|app: 0|req: 7/27] 172.25.66.207 () {54 vars in 935 bytes} [Fri Oct 17 00:36:01 2025] GET /compute/v2.1 => generated 391 bytes in 12 msecs (HTTP/1.1 200) 9 headers in 357 bytes (1 switches on core 0)
Oct 17 00:36:02.211658 podb-esxi207 devstack@n-api.service[1236204]: [pid: 1236204|app: 0|req: 8/28] 172.25.66.207 () {64 vars in 1287 bytes} [Fri Oct 17 00:36:01 2025] POST /compute/v2.1/flavors => generated 410 bytes in 307 msecs (HTTP/1.1 200) 9 headers in 359 bytes (1 switches on core 0)
Oct 17 00:36:02.268226 podb-esxi207 devstack@n-api.service[1236206]: [pid: 1236206|app: 0|req: 7/29] 172.25.66.207 () {64 vars in 1337 bytes} [Fri Oct 17 00:36:02 2025] POST /compute/v2.1/flavors/3/os-extra_specs => generated 43 bytes in 44 msecs (HTTP/1.1 200) 9 headers in 358 bytes (1 switches on core 0)
Oct 17 00:36:03.728812 podb-esxi207 devstack@n-api.service[1236207]: [pid: 1236207|app: 0|req: 8/30] 172.25.66.207 () {54 vars in 935 bytes} [Fri Oct 17 00:36:03 2025] GET /compute/v2.1 => generated 391 bytes in 12 msecs (HTTP/1.1 200) 9 headers in 357 bytes (1 switches on core 0)
Oct 17 00:36:04.138059 podb-esxi207 devstack@n-api.service[1236205]: [pid: 1236205|app: 0|req: 8/31] 172.25.66.207 () {64 vars in 1287 bytes} [Fri Oct 17 00:36:03 2025] POST /compute/v2.1/flavors => generated 409 bytes in 405 msecs (HTTP/1.1 200) 9 headers in 359 bytes (1 switches on core 0)
Oct 17 00:36:04.196086 podb-esxi207 devstack@n-api.service[1236204]: [pid: 1236204|app: 0|req: 9/32] 172.25.66.207 () {64 vars in 1337 bytes} [Fri Oct 17 00:36:04 2025] POST /compute/v2.1/flavors/4/os-extra_specs => generated 43 bytes in 45 msecs (HTTP/1.1 200) 9 headers in 358 bytes (1 switches on core 0)
Oct 17 00:36:05.708110 podb-esxi207 devstack@n-api.service[1236206]: [pid: 1236206|app: 0|req: 8/33] 172.25.66.207 () {54 vars in 935 bytes} [Fri Oct 17 00:36:05 2025] GET /compute/v2.1 => generated 391 bytes in 12 msecs (HTTP/1.1 200) 9 headers in 357 bytes (1 switches on core 0)
Oct 17 00:36:06.059393 podb-esxi207 devstack@n-api.service[1236207]: [pid: 1236207|app: 0|req: 9/34] 172.25.66.207 () {64 vars in 1287 bytes} [Fri Oct 17 00:36:05 2025] POST /compute/v2.1/flavors => generated 412 bytes in 343 msecs (HTTP/1.1 200) 9 headers in 359 bytes (1 switches on core 0)
Oct 17 00:36:06.118261 podb-esxi207 devstack@n-api.service[1236205]: [pid: 1236205|app: 0|req: 9/35] 172.25.66.207 () {64 vars in 1337 bytes} [Fri Oct 17 00:36:06 2025] POST /compute/v2.1/flavors/5/os-extra_specs => generated 43 bytes in 47 msecs (HTTP/1.1 200) 9 headers in 358 bytes (1 switches on core 0)
Oct 17 00:36:17.996466 podb-esxi207 devstack@n-api.service[1236204]: [pid: 1236204|app: 0|req: 10/36] 172.25.66.207 () {54 vars in 935 bytes} [Fri Oct 17 00:36:17 2025] GET /compute/v2.1 => generated 391 bytes in 12 msecs (HTTP/1.1 200) 9 headers in 357 bytes (1 switches on core 0)
Oct 17 00:36:18.367011 podb-esxi207 devstack@n-api.service[1236206]: [pid: 1236206|app: 0|req: 9/37] 172.25.66.207 () {60 vars in 1333 bytes} [Fri Oct 17 00:36:17 2025] GET /compute/v2.1/os-services?binary=nova-compute&host=podb-esxi207 => generated 255 bytes in 366 msecs (HTTP/1.1 200) 9 headers in 359 bytes (1 switches on core 0)
Oct 17 00:36:45.819335 podb-esxi207 devstack@n-api.service[1236207]: [pid: 1236207|app: 0|req: 10/38] 172.25.66.207 () {54 vars in 935 bytes} [Fri Oct 17 00:36:45 2025] GET /compute/v2.1 => generated 391 bytes in 12 msecs (HTTP/1.1 200) 9 headers in 357 bytes (1 switches on core 0)
Oct 17 00:36:46.174276 podb-esxi207 devstack@n-api.service[1236205]: [pid: 1236205|app: 0|req: 10/39] 172.25.66.207 () {60 vars in 1296 bytes} [Fri Oct 17 00:36:45 2025] GET /compute/v2.1/flavors/detail?is_public=True => generated 4242 bytes in 351 msecs (HTTP/1.1 200) 9 headers in 360 bytes (1 switches on core 0)
Oct 17 00:36:49.747969 podb-esxi207 devstack@n-api.service[1236204]: [pid: 1236204|app: 0|req: 11/40] 172.25.66.207 () {54 vars in 935 bytes} [Fri Oct 17 00:36:49 2025] GET /compute/v2.1 => generated 391 bytes in 12 msecs (HTTP/1.1 200) 9 headers in 357 bytes (1 switches on core 0)
Oct 17 00:36:50.110234 podb-esxi207 devstack@n-api.service[1236206]: [pid: 1236206|app: 0|req: 10/41] 172.25.66.207 () {64 vars in 1287 bytes} [Fri Oct 17 00:36:49 2025] POST /compute/v2.1/flavors => generated 409 bytes in 354 msecs (HTTP/1.1 200) 9 headers in 359 bytes (1 switches on core 0)
Oct 17 00:36:50.165665 podb-esxi207 devstack@n-api.service[1236207]: [pid: 1236207|app: 0|req: 11/42] 172.25.66.207 () {64 vars in 1340 bytes} [Fri Oct 17 00:36:50 2025] POST /compute/v2.1/flavors/42/os-extra_specs => generated 43 bytes in 44 msecs (HTTP/1.1 200) 9 headers in 358 bytes (1 switches on core 0)
Oct 17 00:36:53.703679 podb-esxi207 devstack@n-api.service[1236205]: [pid: 1236205|app: 0|req: 11/43] 172.25.66.207 () {54 vars in 935 bytes} [Fri Oct 17 00:36:53 2025] GET /compute/v2.1 => generated 391 bytes in 11 msecs (HTTP/1.1 200) 9 headers in 357 bytes (1 switches on core 0)
Oct 17 00:36:54.062738 podb-esxi207 devstack@n-api.service[1236204]: [pid: 1236204|app: 0|req: 12/44] 172.25.66.207 () {64 vars in 1287 bytes} [Fri Oct 17 00:36:53 2025] POST /compute/v2.1/flavors => generated 410 bytes in 351 msecs (HTTP/1.1 200) 9 headers in 359 bytes (1 switches on core 0)
Oct 17 00:36:54.122698 podb-esxi207 devstack@n-api.service[1236206]: [pid: 1236206|app: 0|req: 11/45] 172.25.66.207 () {64 vars in 1340 bytes} [Fri Oct 17 00:36:54 2025] POST /compute/v2.1/flavors/84/os-extra_specs => generated 43 bytes in 48 msecs (HTTP/1.1 200) 9 headers in 358 bytes (1 switches on core 0)
Oct 17 00:43:16.061481 podb-esxi207 devstack@n-api.service[1236207]: [pid: 1236207|app: 0|req: 12/46] 172.25.66.207 () {54 vars in 935 bytes} [Fri Oct 17 00:43:16 2025] GET /compute/v2.1 => generated 391 bytes in 12 msecs (HTTP/1.1 200) 9 headers in 357 bytes (1 switches on core 0)
Oct 17 00:43:16.279588 podb-esxi207 devstack@n-api.service[1236205]: [pid: 1236205|app: 0|req: 12/47] 172.25.66.207 () {60 vars in 1294 bytes} [Fri Oct 17 00:43:16 2025] GET /compute/v2.1/servers/detail?deleted=False => generated 15 bytes in 214 msecs (HTTP/1.1 200) 9 headers in 358 bytes (1 switches on core 0)
Oct 17 00:43:58.214084 podb-esxi207 devstack@n-api.service[1236204]: [pid: 1236204|app: 0|req: 13/48] 172.25.66.207 () {60 vars in 1163 bytes} [Fri Oct 17 00:43:57 2025] POST /compute/v2.1/os-keypairs => generated 386 bytes in 329 msecs (HTTP/1.1 200) 9 headers in 357 bytes (1 switches on core 0)
Oct 17 00:44:00.423585 podb-esxi207 devstack@n-api.service[1236206]: [pid: 1236206|app: 0|req: 12/49] 172.25.66.207 () {60 vars in 1151 bytes} [Fri Oct 17 00:43:59 2025] POST /compute/v2.1/servers => generated 410 bytes in 1180 msecs (HTTP/1.1 202) 10 headers in 453 bytes (1 switches on core 0)
Oct 17 00:44:00.705393 podb-esxi207 devstack@n-api.service[1236207]: [pid: 1236207|app: 0|req: 13/50] 172.25.66.207 () {58 vars in 1240 bytes} [Fri Oct 17 00:44:00 2025] GET /compute/v2.1/servers/5adcd376-2b54-460b-832c-8b179da3bc98 => generated 1252 bytes in 272 msecs (HTTP/1.1 200) 9 headers in 358 bytes (1 switches on core 0)
Oct 17 00:44:01.970264 podb-esxi207 devstack@n-api.service[1236204]: [pid: 1236204|app: 0|req: 14/51] 172.25.66.207 () {58 vars in 1240 bytes} [Fri Oct 17 00:44:01 2025] GET /compute/v2.1/servers/5adcd376-2b54-460b-832c-8b179da3bc98 => generated 1252 bytes in 234 msecs (HTTP/1.1 200) 9 headers in 358 bytes (1 switches on core 0)
Oct 17 00:44:02.029978 podb-esxi207 devstack@n-api.service[1236205]: [pid: 1236205|app: 0|req: 13/52] 172.25.66.207 () {60 vars in 1163 bytes} [Fri Oct 17 00:44:01 2025] POST /compute/v2.1/os-keypairs => generated 386 bytes in 393 msecs (HTTP/1.1 200) 9 headers in 357 bytes (1 switches on core 0)
Oct 17 00:44:03.345184 podb-esxi207 devstack@n-api.service[1236206]: [pid: 1236206|app: 0|req: 13/53] 172.25.66.207 () {58 vars in 1240 bytes} [Fri Oct 17 00:44:02 2025] GET /compute/v2.1/servers/5adcd376-2b54-460b-832c-8b179da3bc98 => generated 1304 bytes in 350 msecs (HTTP/1.1 200) 9 headers in 358 bytes (1 switches on core 0)
Oct 17 00:44:03.967006 podb-esxi207 devstack@n-api.service[1236207]: [pid: 1236207|app: 0|req: 14/54] 172.25.66.207 () {60 vars in 1151 bytes} [Fri Oct 17 00:44:03 2025] POST /compute/v2.1/servers => generated 409 bytes in 775 msecs (HTTP/1.1 202) 10 headers in 453 bytes (1 switches on core 0)
Oct 17 00:44:04.059580 podb-esxi207 devstack@n-api.service[1236204]: [pid: 1236204|app: 0|req: 15/55] 172.25.66.207 () {58 vars in 1240 bytes} [Fri Oct 17 00:44:03 2025] GET /compute/v2.1/servers/92efd090-7b51-43d7-9e87-d8a20b85d5e3 => generated 1251 bytes in 83 msecs (HTTP/1.1 200) 9 headers in 358 bytes (1 switches on core 0)
Oct 17 00:44:04.071835 podb-esxi207 devstack@n-api.service[1236205]: [pid: 1236205|app: 0|req: 14/56] 172.25.66.207 () {62 vars in 1204 bytes} [Fri Oct 17 00:44:04 2025] POST /compute/v2.1/os-keypairs => generated 400 bytes in 63 msecs (HTTP/1.1 201) 9 headers in 364 bytes (2 switches on core 0)
Oct 17 00:44:04.466937 podb-esxi207 devstack@n-api.service[1236206]: [pid: 1236206|app: 0|req: 14/57] 172.25.66.207 () {58 vars in 1240 bytes} [Fri Oct 17 00:44:04 2025] GET /compute/v2.1/servers/5adcd376-2b54-460b-832c-8b179da3bc98 => generated 1304 bytes in 94 msecs (HTTP/1.1 200) 9 headers in 358 bytes (1 switches on core 0)
Oct 17 00:44:05.386595 podb-esxi207 devstack@n-api.service[1236207]: [pid: 1236207|app: 0|req: 15/58] 172.25.66.207 () {58 vars in 1240 bytes} [Fri Oct 17 00:44:05 2025] GET /compute/v2.1/servers/92efd090-7b51-43d7-9e87-d8a20b85d5e3 => generated 1255 bytes in 300 msecs (HTTP/1.1 200) 9 headers in 358 bytes (1 switches on core 0)
Oct 17 00:44:05.760380 podb-esxi207 devstack@n-api.service[1236205]: [pid: 1236205|app: 0|req: 15/59] 172.25.66.207 () {58 vars in 1240 bytes} [Fri Oct 17 00:44:05 2025] GET /compute/v2.1/servers/5adcd376-2b54-460b-832c-8b179da3bc98 => generated 1312 bytes in 257 msecs (HTTP/1.1 200) 9 headers in 358 bytes (1 switches on core 0)
Oct 17 00:44:06.150314 podb-esxi207 devstack@n-api.service[1236204]: [pid: 1236204|app: 0|req: 16/60] 172.25.66.207 () {62 vars in 1192 bytes} [Fri Oct 17 00:44:05 2025] POST /compute/v2.1/servers => generated 32 bytes in 821 msecs (HTTP/1.1 202) 9 headers in 364 bytes (1 switches on core 0)
Oct 17 00:44:06.289683 podb-esxi207 devstack@n-api.service[1236206]: [pid: 1236206|app: 0|req: 15/61] 172.25.66.207 () {60 vars in 1170 bytes} [Fri Oct 17 00:44:06 2025] GET /compute/v2.1/servers => generated 687 bytes in 133 msecs (HTTP/1.1 200) 9 headers in 359 bytes (1 switches on core 0)
Oct 17 00:44:06.391192 podb-esxi207 devstack@n-api.service[1236207]: [pid: 1236207|app: 0|req: 16/62] 172.25.66.207 () {60 vars in 1281 bytes} [Fri Oct 17 00:44:06 2025] GET /compute/v2.1/servers/1ff11ff8-1a74-46a6-bbc7-c0e4abed7c61 => generated 1338 bytes in 90 msecs (HTTP/1.1 200) 9 headers in 360 bytes (1 switches on core 0)
Oct 17 00:44:06.522251 podb-esxi207 devstack@n-api.service[1236205]: [pid: 1236205|app: 0|req: 16/63] 172.25.66.207 () {58 vars in 1240 bytes} [Fri Oct 17 00:44:06 2025] GET /compute/v2.1/servers/92efd090-7b51-43d7-9e87-d8a20b85d5e3 => generated 1303 bytes in 110 msecs (HTTP/1.1 200) 9 headers in 358 bytes (1 switches on core 0)
Oct 17 00:44:07.269368 podb-esxi207 devstack@n-api.service[1236204]: [pid: 1236204|app: 0|req: 17/64] 172.25.66.207 () {58 vars in 1240 bytes} [Fri Oct 17 00:44:06 2025] GET /compute/v2.1/servers/5adcd376-2b54-460b-832c-8b179da3bc98 => generated 1390 bytes in 481 msecs (HTTP/1.1 200) 9 headers in 358 bytes (1 switches on core 0)
Oct 17 00:44:07.277175 podb-esxi207 devstack@n-api.service[1236206]: [pid: 1236206|app: 0|req: 16/65] 172.25.66.207 () {64 vars in 1321 bytes} [Fri Oct 17 00:44:07 2025] POST /compute/v2.1/os-server-external-events => generated 179 bytes in 118 msecs (HTTP/1.1 200) 9 headers in 357 bytes (1 switches on core 0)
Oct 17 00:44:07.502097 podb-esxi207 devstack@n-api.service[1236207]: [pid: 1236207|app: 0|req: 17/66] 172.25.66.207 () {60 vars in 1281 bytes} [Fri Oct 17 00:44:07 2025] GET /compute/v2.1/servers/1ff11ff8-1a74-46a6-bbc7-c0e4abed7c61 => generated 1338 bytes in 80 msecs (HTTP/1.1 200) 9 headers in 360 bytes (1 switches on core 0)
Oct 17 00:44:07.639031 podb-esxi207 devstack@n-api.service[1236205]: [pid: 1236205|app: 0|req: 17/67] 172.25.66.207 () {58 vars in 1240 bytes} [Fri Oct 17 00:44:07 2025] GET /compute/v2.1/servers/92efd090-7b51-43d7-9e87-d8a20b85d5e3 => generated 1303 bytes in 91 msecs (HTTP/1.1 200) 9 headers in 358 bytes (1 switches on core 0)
Oct 17 00:44:08.461052 podb-esxi207 devstack@n-api.service[1236204]: [pid: 1236204|app: 0|req: 18/68] 172.25.66.207 () {58 vars in 1240 bytes} [Fri Oct 17 00:44:08 2025] GET /compute/v2.1/servers/5adcd376-2b54-460b-832c-8b179da3bc98 => generated 1378 bytes in 165 msecs (HTTP/1.1 200) 9 headers in 358 bytes (1 switches on core 0)
Oct 17 00:44:08.729648 podb-esxi207 devstack@n-api.service[1236206]: [pid: 1236206|app: 0|req: 17/69] 172.25.66.207 () {60 vars in 1281 bytes} [Fri Oct 17 00:44:08 2025] GET /compute/v2.1/servers/1ff11ff8-1a74-46a6-bbc7-c0e4abed7c61 => generated 1342 bytes in 198 msecs (HTTP/1.1 200) 9 headers in 360 bytes (1 switches on core 0)
Oct 17 00:44:08.816399 podb-esxi207 devstack@n-api.service[1236207]: [pid: 1236207|app: 0|req: 18/70] 172.25.66.207 () {58 vars in 1240 bytes} [Fri Oct 17 00:44:08 2025] GET /compute/v2.1/servers/92efd090-7b51-43d7-9e87-d8a20b85d5e3 => generated 1303 bytes in 151 msecs (HTTP/1.1 200) 9 headers in 358 bytes (1 switches on core 0)
Oct 17 00:44:09.639432 podb-esxi207 devstack@n-api.service[1236205]: [pid: 1236205|app: 0|req: 18/71] 172.25.66.207 () {58 vars in 1240 bytes} [Fri Oct 17 00:44:09 2025] GET /compute/v2.1/servers/5adcd376-2b54-460b-832c-8b179da3bc98 => generated 1378 bytes in 152 msecs (HTTP/1.1 200) 9 headers in 358 bytes (1 switches on core 0)
Oct 17 00:44:09.887967 podb-esxi207 devstack@n-api.service[1236204]: [pid: 1236204|app: 0|req: 19/72] 172.25.66.207 () {60 vars in 1281 bytes} [Fri Oct 17 00:44:09 2025] GET /compute/v2.1/servers/1ff11ff8-1a74-46a6-bbc7-c0e4abed7c61 => generated 1334 bytes in 130 msecs (HTTP/1.1 200) 9 headers in 360 bytes (1 switches on core 0)
Oct 17 00:44:10.066939 podb-esxi207 devstack@n-api.service[1236206]: [pid: 1236206|app: 0|req: 18/73] 172.25.66.207 () {58 vars in 1240 bytes} [Fri Oct 17 00:44:09 2025] GET /compute/v2.1/servers/92efd090-7b51-43d7-9e87-d8a20b85d5e3 => generated 1378 bytes in 237 msecs (HTTP/1.1 200) 9 headers in 358 bytes (1 switches on core 0)
Oct 17 00:44:10.842857 podb-esxi207 devstack@n-api.service[1236207]: [pid: 1236207|app: 0|req: 19/74] 172.25.66.207 () {58 vars in 1240 bytes} [Fri Oct 17 00:44:10 2025] GET /compute/v2.1/servers/5adcd376-2b54-460b-832c-8b179da3bc98 => generated 1378 bytes in 178 msecs (HTTP/1.1 200) 9 headers in 358 bytes (1 switches on core 0)
Oct 17 00:44:10.937151 podb-esxi207 devstack@n-api.service[1236205]: [pid: 1236205|app: 0|req: 19/75] 172.25.66.207 () {64 vars in 1321 bytes} [Fri Oct 17 00:44:10 2025] POST /compute/v2.1/os-server-external-events => generated 179 bytes in 132 msecs (HTTP/1.1 200) 9 headers in 357 bytes (1 switches on core 0)
Oct 17 00:44:11.001303 podb-esxi207 devstack@n-api.service[1236204]: [pid: 1236204|app: 0|req: 20/76] 172.25.66.207 () {60 vars in 1281 bytes} [Fri Oct 17 00:44:10 2025] GET /compute/v2.1/servers/1ff11ff8-1a74-46a6-bbc7-c0e4abed7c61 => generated 1334 bytes in 84 msecs (HTTP/1.1 200) 9 headers in 360 bytes (1 switches on core 0)
Oct 17 00:44:11.259291 podb-esxi207 devstack@n-api.service[1236206]: [pid: 1236206|app: 0|req: 19/77] 172.25.66.207 () {58 vars in 1240 bytes} [Fri Oct 17 00:44:11 2025] GET /compute/v2.1/servers/92efd090-7b51-43d7-9e87-d8a20b85d5e3 => generated 1376 bytes in 165 msecs (HTTP/1.1 200) 9 headers in 358 bytes (1 switches on core 0)
Oct 17 00:44:12.044446 podb-esxi207 devstack@n-api.service[1236207]: [pid: 1236207|app: 0|req: 20/78] 172.25.66.207 () {58 vars in 1240 bytes} [Fri Oct 17 00:44:11 2025] GET /compute/v2.1/servers/5adcd376-2b54-460b-832c-8b179da3bc98 => generated 1378 bytes in 174 msecs (HTTP/1.1 200) 9 headers in 358 bytes (1 switches on core 0)
Oct 17 00:44:12.155087 podb-esxi207 devstack@n-api.service[1236205]: [pid: 1236205|app: 0|req: 20/79] 172.25.66.207 () {60 vars in 1281 bytes} [Fri Oct 17 00:44:12 2025] GET /compute/v2.1/servers/1ff11ff8-1a74-46a6-bbc7-c0e4abed7c61 => generated 1334 bytes in 124 msecs (HTTP/1.1 200) 9 headers in 360 bytes (1 switches on core 0)
Oct 17 00:44:12.468479 podb-esxi207 devstack@n-api.service[1236204]: [pid: 1236204|app: 0|req: 21/80] 172.25.66.207 () {58 vars in 1240 bytes} [Fri Oct 17 00:44:12 2025] GET /compute/v2.1/servers/92efd090-7b51-43d7-9e87-d8a20b85d5e3 => generated 1376 bytes in 184 msecs (HTTP/1.1 200) 9 headers in 358 bytes (1 switches on core 0)
Oct 17 00:44:13.320659 podb-esxi207 devstack@n-api.service[1236207]: [pid: 1236207|app: 0|req: 21/81] 172.25.66.207 () {60 vars in 1281 bytes} [Fri Oct 17 00:44:13 2025] GET /compute/v2.1/servers/1ff11ff8-1a74-46a6-bbc7-c0e4abed7c61 => generated 1390 bytes in 138 msecs (HTTP/1.1 200) 9 headers in 360 bytes (1 switches on core 0)
Oct 17 00:44:13.364535 podb-esxi207 devstack@n-api.service[1236206]: [pid: 1236206|app: 0|req: 20/82] 172.25.66.207 () {58 vars in 1240 bytes} [Fri Oct 17 00:44:13 2025] GET /compute/v2.1/servers/5adcd376-2b54-460b-832c-8b179da3bc98 => generated 1378 bytes in 295 msecs (HTTP/1.1 200) 9 headers in 358 bytes (1 switches on core 0)
Oct 17 00:44:13.687816 podb-esxi207 devstack@n-api.service[1236205]: [pid: 1236205|app: 0|req: 21/83] 172.25.66.207 () {58 vars in 1240 bytes} [Fri Oct 17 00:44:13 2025] GET /compute/v2.1/servers/92efd090-7b51-43d7-9e87-d8a20b85d5e3 => generated 1376 bytes in 195 msecs (HTTP/1.1 200) 9 headers in 358 bytes (1 switches on core 0)
Oct 17 00:44:13.910603 podb-esxi207 devstack@n-api.service[1236204]: [pid: 1236204|app: 0|req: 22/84] 172.25.66.207 () {64 vars in 1321 bytes} [Fri Oct 17 00:44:13 2025] POST /compute/v2.1/os-server-external-events => generated 179 bytes in 95 msecs (HTTP/1.1 200) 9 headers in 357 bytes (1 switches on core 0)
Oct 17 00:44:14.463795 podb-esxi207 devstack@n-api.service[1236207]: [pid: 1236207|app: 0|req: 22/85] 172.25.66.207 () {60 vars in 1281 bytes} [Fri Oct 17 00:44:14 2025] GET /compute/v2.1/servers/1ff11ff8-1a74-46a6-bbc7-c0e4abed7c61 => generated 1390 bytes in 114 msecs (HTTP/1.1 200) 9 headers in 360 bytes (1 switches on core 0)
Oct 17 00:44:14.535899 podb-esxi207 devstack@n-api.service[1236205]: [pid: 1236205|app: 0|req: 22/86] 172.25.66.207 () {64 vars in 1321 bytes} [Fri Oct 17 00:44:14 2025] POST /compute/v2.1/os-server-external-events => generated 183 bytes in 93 msecs (HTTP/1.1 200) 9 headers in 357 bytes (1 switches on core 0)
Oct 17 00:44:14.594613 podb-esxi207 devstack@n-api.service[1236206]: [pid: 1236206|app: 0|req: 21/87] 172.25.66.207 () {58 vars in 1240 bytes} [Fri Oct 17 00:44:14 2025] GET /compute/v2.1/servers/5adcd376-2b54-460b-832c-8b179da3bc98 => generated 1378 bytes in 204 msecs (HTTP/1.1 200) 9 headers in 358 bytes (1 switches on core 0)
Oct 17 00:44:14.881743 podb-esxi207 devstack@n-api.service[1236204]: [pid: 1236204|app: 0|req: 23/88] 172.25.66.207 () {58 vars in 1240 bytes} [Fri Oct 17 00:44:14 2025] GET /compute/v2.1/servers/92efd090-7b51-43d7-9e87-d8a20b85d5e3 => generated 1376 bytes in 167 msecs (HTTP/1.1 200) 9 headers in 358 bytes (1 switches on core 0)
Oct 17 00:44:15.694151 podb-esxi207 devstack@n-api.service[1236207]: [pid: 1236207|app: 0|req: 23/89] 172.25.66.207 () {60 vars in 1281 bytes} [Fri Oct 17 00:44:15 2025] GET /compute/v2.1/servers/1ff11ff8-1a74-46a6-bbc7-c0e4abed7c61 => generated 1466 bytes in 201 msecs (HTTP/1.1 200) 9 headers in 360 bytes (1 switches on core 0)
Oct 17 00:44:15.793597 podb-esxi207 devstack@n-api.service[1236205]: [pid: 1236205|app: 0|req: 23/90] 172.25.66.207 () {58 vars in 1240 bytes} [Fri Oct 17 00:44:15 2025] GET /compute/v2.1/servers/5adcd376-2b54-460b-832c-8b179da3bc98 => generated 1378 bytes in 172 msecs (HTTP/1.1 200) 9 headers in 358 bytes (1 switches on core 0)
Oct 17 00:44:16.095992 podb-esxi207 devstack@n-api.service[1236206]: [pid: 1236206|app: 0|req: 22/91] 172.25.66.207 () {58 vars in 1240 bytes} [Fri Oct 17 00:44:15 2025] GET /compute/v2.1/servers/92efd090-7b51-43d7-9e87-d8a20b85d5e3 => generated 1376 bytes in 188 msecs (HTTP/1.1 200) 9 headers in 358 bytes (1 switches on core 0)
Oct 17 00:44:16.106999 podb-esxi207 devstack@n-api.service[1236204]: [pid: 1236204|app: 0|req: 24/92] 172.25.66.207 () {64 vars in 1321 bytes} [Fri Oct 17 00:44:16 2025] POST /compute/v2.1/os-server-external-events => generated 179 bytes in 62 msecs (HTTP/1.1 200) 9 headers in 357 bytes (1 switches on core 0)
Oct 17 00:44:16.880137 podb-esxi207 devstack@n-api.service[1236207]: [pid: 1236207|app: 0|req: 24/93] 172.25.66.207 () {60 vars in 1281 bytes} [Fri Oct 17 00:44:16 2025] GET /compute/v2.1/servers/1ff11ff8-1a74-46a6-bbc7-c0e4abed7c61 => generated 1464 bytes in 157 msecs (HTTP/1.1 200) 9 headers in 360 bytes (1 switches on core 0)
Oct 17 00:44:16.947271 podb-esxi207 devstack@n-api.service[1236205]: [pid: 1236205|app: 0|req: 24/94] 172.25.66.207 () {58 vars in 1240 bytes} [Fri Oct 17 00:44:16 2025] GET /compute/v2.1/servers/5adcd376-2b54-460b-832c-8b179da3bc98 => generated 1378 bytes in 128 msecs (HTTP/1.1 200) 9 headers in 358 bytes (1 switches on core 0)
Oct 17 00:44:17.146955 podb-esxi207 devstack@n-api.service[1236206]: [pid: 1236206|app: 0|req: 23/95] 172.25.66.207 () {64 vars in 1321 bytes} [Fri Oct 17 00:44:17 2025] POST /compute/v2.1/os-server-external-events => generated 183 bytes in 103 msecs (HTTP/1.1 200) 9 headers in 357 bytes (1 switches on core 0)
Oct 17 00:44:17.282413 podb-esxi207 devstack@n-api.service[1236204]: [pid: 1236204|app: 0|req: 25/96] 172.25.66.207 () {58 vars in 1240 bytes} [Fri Oct 17 00:44:17 2025] GET /compute/v2.1/servers/92efd090-7b51-43d7-9e87-d8a20b85d5e3 => generated 1376 bytes in 162 msecs (HTTP/1.1 200) 9 headers in 358 bytes (1 switches on core 0)
Oct 17 00:44:18.084088 podb-esxi207 devstack@n-api.service[1236207]: [pid: 1236207|app: 0|req: 25/97] 172.25.66.207 () {60 vars in 1281 bytes} [Fri Oct 17 00:44:17 2025] GET /compute/v2.1/servers/1ff11ff8-1a74-46a6-bbc7-c0e4abed7c61 => generated 1464 bytes in 174 msecs (HTTP/1.1 200) 9 headers in 360 bytes (1 switches on core 0)
Oct 17 00:44:18.178186 podb-esxi207 devstack@n-api.service[1236205]: [pid: 1236205|app: 0|req: 25/98] 172.25.66.207 () {58 vars in 1240 bytes} [Fri Oct 17 00:44:17 2025] GET /compute/v2.1/servers/5adcd376-2b54-460b-832c-8b179da3bc98 => generated 1562 bytes in 205 msecs (HTTP/1.1 200) 9 headers in 358 bytes (1 switches on core 0)
Oct 17 00:44:18.442132 podb-esxi207 devstack@n-api.service[1236206]: [pid: 1236206|app: 0|req: 24/99] 172.25.66.207 () {58 vars in 1279 bytes} [Fri Oct 17 00:44:18 2025] GET /compute/v2.1/servers/5adcd376-2b54-460b-832c-8b179da3bc98/os-interface => generated 282 bytes in 240 msecs (HTTP/1.1 200) 9 headers in 357 bytes (1 switches on core 0)
Oct 17 00:44:18.555671 podb-esxi207 devstack@n-api.service[1236204]: [pid: 1236204|app: 0|req: 26/100] 172.25.66.207 () {58 vars in 1240 bytes} [Fri Oct 17 00:44:18 2025] GET /compute/v2.1/servers/92efd090-7b51-43d7-9e87-d8a20b85d5e3 => generated 1376 bytes in 246 msecs (HTTP/1.1 200) 9 headers in 358 bytes (1 switches on core 0)
Oct 17 00:44:19.262871 podb-esxi207 devstack@n-api.service[1236207]: [pid: 1236207|app: 0|req: 26/101] 172.25.66.207 () {60 vars in 1281 bytes} [Fri Oct 17 00:44:19 2025] GET /compute/v2.1/servers/1ff11ff8-1a74-46a6-bbc7-c0e4abed7c61 => generated 1464 bytes in 149 msecs (HTTP/1.1 200) 9 headers in 360 bytes (1 switches on core 0)
Oct 17 00:44:19.335644 podb-esxi207 devstack@n-api.service[1236205]: [pid: 1236205|app: 0|req: 26/102] 172.25.66.207 () {64 vars in 1321 bytes} [Fri Oct 17 00:44:19 2025] POST /compute/v2.1/os-server-external-events => generated 183 bytes in 43 msecs (HTTP/1.1 200) 9 headers in 357 bytes (1 switches on core 0)
Oct 17 00:44:19.549414 podb-esxi207 devstack@n-api.service[1236206]: [pid: 1236206|app: 0|req: 25/103] 172.25.66.207 () {64 vars in 1321 bytes} [Fri Oct 17 00:44:19 2025] POST /compute/v2.1/os-server-external-events => generated 179 bytes in 87 msecs (HTTP/1.1 200) 9 headers in 357 bytes (1 switches on core 0)
Oct 17 00:44:19.752734 podb-esxi207 devstack@n-api.service[1236204]: [pid: 1236204|app: 0|req: 27/104] 172.25.66.207 () {58 vars in 1240 bytes} [Fri Oct 17 00:44:19 2025] GET /compute/v2.1/servers/92efd090-7b51-43d7-9e87-d8a20b85d5e3 => generated 1376 bytes in 171 msecs (HTTP/1.1 200) 9 headers in 358 bytes (1 switches on core 0)
Oct 17 00:44:20.487689 podb-esxi207 devstack@n-api.service[1236207]: [pid: 1236207|app: 0|req: 27/105] 172.25.66.207 () {60 vars in 1281 bytes} [Fri Oct 17 00:44:20 2025] GET /compute/v2.1/servers/1ff11ff8-1a74-46a6-bbc7-c0e4abed7c61 => generated 1464 bytes in 195 msecs (HTTP/1.1 200) 9 headers in 360 bytes (1 switches on core 0)
Oct 17 00:44:20.951319 podb-esxi207 devstack@n-api.service[1236205]: [pid: 1236205|app: 0|req: 27/106] 172.25.66.207 () {58 vars in 1240 bytes} [Fri Oct 17 00:44:20 2025] GET /compute/v2.1/servers/92efd090-7b51-43d7-9e87-d8a20b85d5e3 => generated 1565 bytes in 172 msecs (HTTP/1.1 200) 9 headers in 358 bytes (1 switches on core 0)
Oct 17 00:44:21.102716 podb-esxi207 devstack@n-api.service[1236206]: [pid: 1236206|app: 0|req: 26/107] 172.25.66.207 () {58 vars in 1279 bytes} [Fri Oct 17 00:44:20 2025] GET /compute/v2.1/servers/92efd090-7b51-43d7-9e87-d8a20b85d5e3/os-interface => generated 283 bytes in 127 msecs (HTTP/1.1 200) 9 headers in 357 bytes (1 switches on core 0)
Oct 17 00:44:21.381346 podb-esxi207 devstack@n-api.service[1236204]: [pid: 1236204|app: 0|req: 28/108] 172.25.66.207 () {64 vars in 1321 bytes} [Fri Oct 17 00:44:21 2025] POST /compute/v2.1/os-server-external-events => generated 183 bytes in 35 msecs (HTTP/1.1 200) 9 headers in 357 bytes (1 switches on core 0)
Oct 17 00:44:21.675894 podb-esxi207 devstack@n-api.service[1236207]: [pid: 1236207|app: 0|req: 28/109] 172.25.66.207 () {60 vars in 1281 bytes} [Fri Oct 17 00:44:21 2025] GET /compute/v2.1/servers/1ff11ff8-1a74-46a6-bbc7-c0e4abed7c61 => generated 1464 bytes in 158 msecs (HTTP/1.1 200) 9 headers in 360 bytes (1 switches on core 0)
Oct 17 00:44:21.795774 podb-esxi207 devstack@n-api.service[1236205]: [pid: 1236205|app: 0|req: 28/110] 172.25.66.207 () {64 vars in 1321 bytes} [Fri Oct 17 00:44:21 2025] POST /compute/v2.1/os-server-external-events => generated 179 bytes in 34 msecs (HTTP/1.1 200) 9 headers in 357 bytes (1 switches on core 0)
Oct 17 00:44:22.853271 podb-esxi207 devstack@n-api.service[1236206]: [pid: 1236206|app: 0|req: 27/111] 172.25.66.207 () {60 vars in 1281 bytes} [Fri Oct 17 00:44:22 2025] GET /compute/v2.1/servers/1ff11ff8-1a74-46a6-bbc7-c0e4abed7c61 => generated 1464 bytes in 149 msecs (HTTP/1.1 200) 9 headers in 360 bytes (1 switches on core 0)
Oct 17 00:44:24.043052 podb-esxi207 devstack@n-api.service[1236204]: [pid: 1236204|app: 0|req: 29/112] 172.25.66.207 () {60 vars in 1281 bytes} [Fri Oct 17 00:44:23 2025] GET /compute/v2.1/servers/1ff11ff8-1a74-46a6-bbc7-c0e4abed7c61 => generated 1464 bytes in 163 msecs (HTTP/1.1 200) 9 headers in 360 bytes (1 switches on core 0)
Oct 17 00:44:25.187362 podb-esxi207 devstack@n-api.service[1236207]: [pid: 1236207|app: 0|req: 29/113] 172.25.66.207 () {60 vars in 1281 bytes} [Fri Oct 17 00:44:25 2025] GET /compute/v2.1/servers/1ff11ff8-1a74-46a6-bbc7-c0e4abed7c61 => generated 1649 bytes in 116 msecs (HTTP/1.1 200) 9 headers in 360 bytes (1 switches on core 0)
Oct 17 00:44:25.354390 podb-esxi207 devstack@n-api.service[1236205]: [pid: 1236205|app: 0|req: 29/114] 172.25.66.207 () {60 vars in 1281 bytes} [Fri Oct 17 00:44:25 2025] GET /compute/v2.1/servers/8c58aa7d-ddf8-444f-9a31-0dfb5f264d0c => generated 1650 bytes in 140 msecs (HTTP/1.1 200) 9 headers in 360 bytes (1 switches on core 0)
Oct 17 00:44:25.480394 podb-esxi207 devstack@n-api.service[1236206]: [pid: 1236206|app: 0|req: 28/115] 172.25.66.207 () {60 vars in 1320 bytes} [Fri Oct 17 00:44:25 2025] GET /compute/v2.1/servers/1ff11ff8-1a74-46a6-bbc7-c0e4abed7c61/os-interface => generated 282 bytes in 99 msecs (HTTP/1.1 200) 9 headers in 359 bytes (1 switches on core 0)
Oct 17 00:44:26.386178 podb-esxi207 devstack@n-api.service[1236204]: [pid: 1236204|app: 0|req: 30/116] 172.25.66.207 () {64 vars in 1321 bytes} [Fri Oct 17 00:44:26 2025] POST /compute/v2.1/os-server-external-events => generated 179 bytes in 80 msecs (HTTP/1.1 200) 9 headers in 357 bytes (2 switches on core 0)
Oct 17 00:44:30.721713 podb-esxi207 devstack@n-api.service[1236207]: [pid: 1236207|app: 0|req: 30/117] 172.25.66.207 () {62 vars in 1204 bytes} [Fri Oct 17 00:44:30 2025] POST /compute/v2.1/os-keypairs => generated 400 bytes in 64 msecs (HTTP/1.1 201) 9 headers in 364 bytes (1 switches on core 0)
Oct 17 00:44:33.508383 podb-esxi207 devstack@n-api.service[1236205]: [pid: 1236205|app: 0|req: 30/118] 172.25.66.207 () {62 vars in 1193 bytes} [Fri Oct 17 00:44:31 2025] POST /compute/v2.1/servers => generated 410 bytes in 1825 msecs (HTTP/1.1 202) 10 headers in 455 bytes (1 switches on core 0)
Oct 17 00:44:33.611236 podb-esxi207 devstack@n-api.service[1236206]: [pid: 1236206|app: 0|req: 29/119] 172.25.66.207 () {60 vars in 1281 bytes} [Fri Oct 17 00:44:33 2025] GET /compute/v2.1/servers/85b1aa16-d526-4e2b-beeb-6e2329a67890 => generated 1291 bytes in 94 msecs (HTTP/1.1 200) 9 headers in 360 bytes (2 switches on core 0)
Oct 17 00:44:34.748670 podb-esxi207 devstack@n-api.service[1236204]: [pid: 1236204|app: 0|req: 31/120] 172.25.66.207 () {60 vars in 1281 bytes} [Fri Oct 17 00:44:34 2025] GET /compute/v2.1/servers/85b1aa16-d526-4e2b-beeb-6e2329a67890 => generated 1533 bytes in 108 msecs (HTTP/1.1 200) 9 headers in 360 bytes (2 switches on core 0)
Oct 17 00:44:35.878971 podb-esxi207 devstack@n-api.service[1236207]: [pid: 1236207|app: 0|req: 31/121] 172.25.66.207 () {60 vars in 1281 bytes} [Fri Oct 17 00:44:35 2025] GET /compute/v2.1/servers/85b1aa16-d526-4e2b-beeb-6e2329a67890 => generated 1581 bytes in 103 msecs (HTTP/1.1 200) 9 headers in 360 bytes (1 switches on core 0)
Oct 17 00:44:37.010728 podb-esxi207 devstack@n-api.service[1236205]: [pid: 1236205|app: 0|req: 31/122] 172.25.66.207 () {60 vars in 1281 bytes} [Fri Oct 17 00:44:36 2025] GET /compute/v2.1/servers/85b1aa16-d526-4e2b-beeb-6e2329a67890 => generated 1581 bytes in 104 msecs (HTTP/1.1 200) 9 headers in 360 bytes (1 switches on core 0)
Oct 17 00:44:38.145335 podb-esxi207 devstack@n-api.service[1236206]: [pid: 1236206|app: 0|req: 30/123] 172.25.66.207 () {60 vars in 1281 bytes} [Fri Oct 17 00:44:38 2025] GET /compute/v2.1/servers/85b1aa16-d526-4e2b-beeb-6e2329a67890 => generated 1589 bytes in 106 msecs (HTTP/1.1 200) 9 headers in 360 bytes (1 switches on core 0)
Oct 17 00:44:39.403043 podb-esxi207 devstack@n-api.service[1236204]: [pid: 1236204|app: 0|req: 32/124] 172.25.66.207 () {60 vars in 1281 bytes} [Fri Oct 17 00:44:39 2025] GET /compute/v2.1/servers/85b1aa16-d526-4e2b-beeb-6e2329a67890 => generated 1751 bytes in 231 msecs (HTTP/1.1 200) 9 headers in 360 bytes (1 switches on core 0)
Oct 17 00:44:40.348021 podb-esxi207 devstack@n-api.service[1236207]: [pid: 1236207|app: 0|req: 32/125] 172.25.66.207 () {64 vars in 1321 bytes} [Fri Oct 17 00:44:40 2025] POST /compute/v2.1/os-server-external-events => generated 179 bytes in 73 msecs (HTTP/1.1 200) 9 headers in 357 bytes (1 switches on core 0)
Oct 17 00:44:40.610895 podb-esxi207 devstack@n-api.service[1236205]: [pid: 1236205|app: 0|req: 32/126] 172.25.66.207 () {60 vars in 1281 bytes} [Fri Oct 17 00:44:40 2025] GET /compute/v2.1/servers/85b1aa16-d526-4e2b-beeb-6e2329a67890 => generated 1855 bytes in 179 msecs (HTTP/1.1 200) 9 headers in 360 bytes (1 switches on core 0)
Oct 17 00:44:41.817144 podb-esxi207 devstack@n-api.service[1236206]: [pid: 1236206|app: 0|req: 31/127] 172.25.66.207 () {60 vars in 1281 bytes} [Fri Oct 17 00:44:41 2025] GET /compute/v2.1/servers/85b1aa16-d526-4e2b-beeb-6e2329a67890 => generated 1876 bytes in 177 msecs (HTTP/1.1 200) 9 headers in 360 bytes (1 switches on core 0)
Oct 17 00:44:42.408458 podb-esxi207 devstack@n-api.service[1236204]: [pid: 1236204|app: 0|req: 33/128] 172.25.66.207 () {64 vars in 1321 bytes} [Fri Oct 17 00:44:42 2025] POST /compute/v2.1/os-server-external-events => generated 346 bytes in 46 msecs (HTTP/1.1 200) 9 headers in 357 bytes (1 switches on core 0)
Oct 17 00:44:43.033590 podb-esxi207 devstack@n-api.service[1236207]: [pid: 1236207|app: 0|req: 33/129] 172.25.66.207 () {60 vars in 1281 bytes} [Fri Oct 17 00:44:42 2025] GET /compute/v2.1/servers/85b1aa16-d526-4e2b-beeb-6e2329a67890 => generated 1897 bytes in 188 msecs (HTTP/1.1 200) 9 headers in 360 bytes (1 switches on core 0)
Oct 17 00:44:43.880342 podb-esxi207 devstack@n-api.service[1236205]: [pid: 1236205|app: 0|req: 33/130] 172.25.66.207 () {64 vars in 1321 bytes} [Fri Oct 17 00:44:43 2025] POST /compute/v2.1/os-server-external-events => generated 179 bytes in 46 msecs (HTTP/1.1 200) 9 headers in 357 bytes (1 switches on core 0)
Oct 17 00:44:44.259756 podb-esxi207 devstack@n-api.service[1236206]: [pid: 1236206|app: 0|req: 32/131] 172.25.66.207 () {60 vars in 1281 bytes} [Fri Oct 17 00:44:44 2025] GET /compute/v2.1/servers/85b1aa16-d526-4e2b-beeb-6e2329a67890 => generated 1897 bytes in 197 msecs (HTTP/1.1 200) 9 headers in 360 bytes (1 switches on core 0)
Oct 17 00:44:44.458969 podb-esxi207 devstack@n-api.service[1236204]: [pid: 1236204|app: 0|req: 34/132] 172.25.66.207 () {64 vars in 1321 bytes} [Fri Oct 17 00:44:44 2025] POST /compute/v2.1/os-server-external-events => generated 179 bytes in 39 msecs (HTTP/1.1 200) 9 headers in 357 bytes (1 switches on core 0)
Oct 17 00:44:45.564037 podb-esxi207 devstack@n-api.service[1236207]: [pid: 1236207|app: 0|req: 34/133] 172.25.66.207 () {60 vars in 1281 bytes} [Fri Oct 17 00:44:45 2025] GET /compute/v2.1/servers/85b1aa16-d526-4e2b-beeb-6e2329a67890 => generated 1897 bytes in 275 msecs (HTTP/1.1 200) 9 headers in 360 bytes (1 switches on core 0)
Oct 17 00:44:46.514836 podb-esxi207 devstack@n-api.service[1236205]: [pid: 1236205|app: 0|req: 34/134] 172.25.66.207 () {64 vars in 1321 bytes} [Fri Oct 17 00:44:46 2025] POST /compute/v2.1/os-server-external-events => generated 346 bytes in 43 msecs (HTTP/1.1 200) 9 headers in 357 bytes (1 switches on core 0)
Oct 17 00:44:46.828774 podb-esxi207 devstack@n-api.service[1236206]: [pid: 1236206|app: 0|req: 33/135] 172.25.66.207 () {60 vars in 1281 bytes} [Fri Oct 17 00:44:46 2025] GET /compute/v2.1/servers/85b1aa16-d526-4e2b-beeb-6e2329a67890 => generated 1897 bytes in 235 msecs (HTTP/1.1 200) 9 headers in 360 bytes (1 switches on core 0)
Oct 17 00:44:48.050515 podb-esxi207 devstack@n-api.service[1236207]: [pid: 1236207|app: 0|req: 35/136] 172.25.66.207 () {60 vars in 1281 bytes} [Fri Oct 17 00:44:47 2025] GET /compute/v2.1/servers/85b1aa16-d526-4e2b-beeb-6e2329a67890 => generated 1897 bytes in 193 msecs (HTTP/1.1 200) 9 headers in 360 bytes (1 switches on core 0)
Oct 17 00:44:49.204417 podb-esxi207 devstack@n-api.service[1236204]: [pid: 1236204|app: 0|req: 35/137] 172.25.66.207 () {60 vars in 1327 bytes} [Fri Oct 17 00:44:46 2025] POST /compute/v2.1/servers/5adcd376-2b54-460b-832c-8b179da3bc98/os-volume_attachments => generated 194 bytes in 2310 msecs (HTTP/1.1 200) 9 headers in 357 bytes (1 switches on core 0)
Oct 17 00:44:49.268126 podb-esxi207 devstack@n-api.service[1236205]: [pid: 1236205|app: 0|req: 35/138] 172.25.66.207 () {60 vars in 1281 bytes} [Fri Oct 17 00:44:49 2025] GET /compute/v2.1/servers/85b1aa16-d526-4e2b-beeb-6e2329a67890 => generated 1897 bytes in 188 msecs (HTTP/1.1 200) 9 headers in 360 bytes (1 switches on core 0)
Oct 17 00:44:50.513440 podb-esxi207 devstack@n-api.service[1236206]: [pid: 1236206|app: 0|req: 34/139] 172.25.66.207 () {60 vars in 1281 bytes} [Fri Oct 17 00:44:50 2025] GET /compute/v2.1/servers/85b1aa16-d526-4e2b-beeb-6e2329a67890 => generated 1897 bytes in 216 msecs (HTTP/1.1 200) 9 headers in 360 bytes (1 switches on core 0)
Oct 17 00:44:51.808553 podb-esxi207 devstack@n-api.service[1236207]: [pid: 1236207|app: 0|req: 36/140] 172.25.66.207 () {60 vars in 1281 bytes} [Fri Oct 17 00:44:51 2025] GET /compute/v2.1/servers/85b1aa16-d526-4e2b-beeb-6e2329a67890 => generated 1897 bytes in 277 msecs (HTTP/1.1 200) 9 headers in 360 bytes (1 switches on core 0)
Oct 17 00:44:53.129853 podb-esxi207 devstack@n-api.service[1236204]: [pid: 1236204|app: 0|req: 36/141] 172.25.66.207 () {60 vars in 1281 bytes} [Fri Oct 17 00:44:52 2025] GET /compute/v2.1/servers/85b1aa16-d526-4e2b-beeb-6e2329a67890 => generated 1897 bytes in 294 msecs (HTTP/1.1 200) 9 headers in 360 bytes (1 switches on core 0)
Oct 17 00:44:54.392037 podb-esxi207 devstack@n-api.service[1236205]: [pid: 1236205|app: 0|req: 36/142] 172.25.66.207 () {60 vars in 1281 bytes} [Fri Oct 17 00:44:54 2025] GET /compute/v2.1/servers/85b1aa16-d526-4e2b-beeb-6e2329a67890 => generated 1885 bytes in 234 msecs (HTTP/1.1 200) 9 headers in 360 bytes (1 switches on core 0)
Oct 17 00:44:55.602819 podb-esxi207 devstack@n-api.service[1236206]: [pid: 1236206|app: 0|req: 35/143] 172.25.66.207 () {60 vars in 1281 bytes} [Fri Oct 17 00:44:55 2025] GET /compute/v2.1/servers/85b1aa16-d526-4e2b-beeb-6e2329a67890 => generated 1885 bytes in 183 msecs (HTTP/1.1 200) 9 headers in 360 bytes (1 switches on core 0)
