Oct 17 02:13:34.131871 podb-esxi207 dnsmasq-dhcp[1368246]: read /opt/stack/data/neutron/dhcp/634aa0b8-44f0-47e9-bde5-d13848cad00f/host
Oct 17 02:13:34.131978 podb-esxi207 dnsmasq-dhcp[1368246]: read /opt/stack/data/neutron/dhcp/634aa0b8-44f0-47e9-bde5-d13848cad00f/opts
Oct 17 02:13:39.580111 podb-esxi207 dnsmasq[1368246]: read /opt/stack/data/neutron/dhcp/634aa0b8-44f0-47e9-bde5-d13848cad00f/addn_hosts - 4 names
Oct 17 02:13:39.580240 podb-esxi207 dnsmasq-dhcp[1368246]: read /opt/stack/data/neutron/dhcp/634aa0b8-44f0-47e9-bde5-d13848cad00f/host
Oct 17 02:13:39.580347 podb-esxi207 dnsmasq-dhcp[1368246]: read /opt/stack/data/neutron/dhcp/634aa0b8-44f0-47e9-bde5-d13848cad00f/opts
Oct 17 02:13:42.020801 podb-esxi207 dnsmasq[1365168]: read /opt/stack/data/neutron/dhcp/2bac52fa-e7f4-439e-ab5d-83d76f8ddac9/addn_hosts - 4 names
Oct 17 02:13:42.020908 podb-esxi207 dnsmasq-dhcp[1365168]: read /opt/stack/data/neutron/dhcp/2bac52fa-e7f4-439e-ab5d-83d76f8ddac9/host
Oct 17 02:13:42.021012 podb-esxi207 dnsmasq-dhcp[1365168]: read /opt/stack/data/neutron/dhcp/2bac52fa-e7f4-439e-ab5d-83d76f8ddac9/opts
Oct 17 02:13:46.367123 podb-esxi207 dnsmasq-dhcp[1363825]: DHCPREQUEST(tapac3a31c1-d7) 10.1.0.5 fa:16:3e:14:46:f8
Oct 17 02:13:46.367154 podb-esxi207 dnsmasq-dhcp[1363825]: DHCPACK(tapac3a31c1-d7) 10.1.0.5 fa:16:3e:14:46:f8 host-10-1-0-5
Oct 17 02:13:52.834321 podb-esxi207 dnsmasq[1368246]: read /opt/stack/data/neutron/dhcp/634aa0b8-44f0-47e9-bde5-d13848cad00f/addn_hosts - 2 names
Oct 17 02:13:52.834404 podb-esxi207 dnsmasq-dhcp[1368246]: read /opt/stack/data/neutron/dhcp/634aa0b8-44f0-47e9-bde5-d13848cad00f/host
Oct 17 02:13:52.834515 podb-esxi207 dnsmasq-dhcp[1368246]: read /opt/stack/data/neutron/dhcp/634aa0b8-44f0-47e9-bde5-d13848cad00f/opts
Oct 17 02:14:02.406481 podb-esxi207 dnsmasq[1368246]: read /opt/stack/data/neutron/dhcp/634aa0b8-44f0-47e9-bde5-d13848cad00f/addn_hosts - 4 names
Oct 17 02:14:02.406587 podb-esxi207 dnsmasq-dhcp[1368246]: read /opt/stack/data/neutron/dhcp/634aa0b8-44f0-47e9-bde5-d13848cad00f/host
Oct 17 02:14:02.406666 podb-esxi207 dnsmasq-dhcp[1368246]: read /opt/stack/data/neutron/dhcp/634aa0b8-44f0-47e9-bde5-d13848cad00f/opts
Oct 17 02:14:07.575983 podb-esxi207 dnsmasq-dhcp[1365168]: DHCPDISCOVER(tap9ef24e81-a3) fa:16:3e:de:ab:51
Oct 17 02:14:07.576013 podb-esxi207 dnsmasq-dhcp[1365168]: DHCPOFFER(tap9ef24e81-a3) 10.1.0.4 fa:16:3e:de:ab:51
Oct 17 02:14:07.586995 podb-esxi207 dnsmasq-dhcp[1365168]: DHCPREQUEST(tap9ef24e81-a3) 10.1.0.4 fa:16:3e:de:ab:51
Oct 17 02:14:07.587027 podb-esxi207 dnsmasq-dhcp[1365168]: DHCPACK(tap9ef24e81-a3) 10.1.0.4 fa:16:3e:de:ab:51 host-10-1-0-4
Oct 17 02:14:15.968945 podb-esxi207 dnsmasq[1368246]: read /opt/stack/data/neutron/dhcp/634aa0b8-44f0-47e9-bde5-d13848cad00f/addn_hosts - 2 names
Oct 17 02:14:15.969041 podb-esxi207 dnsmasq-dhcp[1368246]: read /opt/stack/data/neutron/dhcp/634aa0b8-44f0-47e9-bde5-d13848cad00f/host
Oct 17 02:14:15.969143 podb-esxi207 dnsmasq-dhcp[1368246]: read /opt/stack/data/neutron/dhcp/634aa0b8-44f0-47e9-bde5-d13848cad00f/opts
Oct 17 02:14:22.666179 podb-esxi207 dnsmasq-dhcp[1363825]: DHCPRELEASE(tapac3a31c1-d7) 10.1.0.5 fa:16:3e:14:46:f8
Oct 17 02:14:22.685357 podb-esxi207 dnsmasq-dhcp[1363825]: DHCPRELEASE(tapac3a31c1-d7) 10.1.0.5 fa:16:3e:14:46:f8 unknown lease
Oct 17 02:14:23.514765 podb-esxi207 dnsmasq[1363825]: read /opt/stack/data/neutron/dhcp/a356c448-8a2c-4a75-b958-c2d6d087ac58/addn_hosts - 2 names
Oct 17 02:14:23.514856 podb-esxi207 dnsmasq-dhcp[1363825]: read /opt/stack/data/neutron/dhcp/a356c448-8a2c-4a75-b958-c2d6d087ac58/host
Oct 17 02:14:23.514955 podb-esxi207 dnsmasq-dhcp[1363825]: read /opt/stack/data/neutron/dhcp/a356c448-8a2c-4a75-b958-c2d6d087ac58/opts
Oct 17 02:14:36.798042 podb-esxi207 dnsmasq[1363825]: read /opt/stack/data/neutron/dhcp/a356c448-8a2c-4a75-b958-c2d6d087ac58/addn_hosts - 0 names
Oct 17 02:14:36.798123 podb-esxi207 dnsmasq-dhcp[1363825]: read /opt/stack/data/neutron/dhcp/a356c448-8a2c-4a75-b958-c2d6d087ac58/host
Oct 17 02:14:36.798225 podb-esxi207 dnsmasq-dhcp[1363825]: read /opt/stack/data/neutron/dhcp/a356c448-8a2c-4a75-b958-c2d6d087ac58/opts
Oct 17 02:14:37.700153 podb-esxi207 dnsmasq[1363825]: exiting on receipt of SIGTERM
Oct 17 02:14:41.977817 podb-esxi207 dnsmasq[1369584]: started, version 2.90 cachesize 150
Oct 17 02:14:41.977840 podb-esxi207 dnsmasq[1369584]: DNS service limited to local subnets
Oct 17 02:14:41.977855 podb-esxi207 dnsmasq[1369584]: compile time options: IPv6 GNU-getopt DBus no-UBus i18n IDN2 DHCP DHCPv6 no-Lua TFTP conntrack ipset no-nftset auth cryptohash DNSSEC loop-detect inotify dumpfile
Oct 17 02:14:41.977890 podb-esxi207 dnsmasq-dhcp[1369584]: DHCP, static leases only on 10.1.0.0, lease time 1d
Oct 17 02:14:41.978039 podb-esxi207 dnsmasq[1369584]: reading /etc/resolv.conf
Oct 17 02:14:41.978055 podb-esxi207 dnsmasq[1369584]: using nameserver 127.0.0.53#53
Oct 17 02:14:41.978130 podb-esxi207 dnsmasq[1369584]: read /opt/stack/data/neutron/dhcp/9a11ab31-6656-4588-afcf-7dd30f13bf91/addn_hosts - 0 names
Oct 17 02:14:41.978179 podb-esxi207 dnsmasq-dhcp[1369584]: read /opt/stack/data/neutron/dhcp/9a11ab31-6656-4588-afcf-7dd30f13bf91/host
Oct 17 02:14:41.978242 podb-esxi207 dnsmasq-dhcp[1369584]: read /opt/stack/data/neutron/dhcp/9a11ab31-6656-4588-afcf-7dd30f13bf91/opts
Oct 17 02:14:43.525755 podb-esxi207 dnsmasq[1369584]: read /opt/stack/data/neutron/dhcp/9a11ab31-6656-4588-afcf-7dd30f13bf91/addn_hosts - 2 names
Oct 17 02:14:43.525829 podb-esxi207 dnsmasq-dhcp[1369584]: read /opt/stack/data/neutron/dhcp/9a11ab31-6656-4588-afcf-7dd30f13bf91/host
Oct 17 02:14:43.525921 podb-esxi207 dnsmasq-dhcp[1369584]: read /opt/stack/data/neutron/dhcp/9a11ab31-6656-4588-afcf-7dd30f13bf91/opts
Oct 17 02:14:44.796550 podb-esxi207 dnsmasq[1369584]: read /opt/stack/data/neutron/dhcp/9a11ab31-6656-4588-afcf-7dd30f13bf91/addn_hosts - 2 names
Oct 17 02:14:44.796674 podb-esxi207 dnsmasq-dhcp[1369584]: read /opt/stack/data/neutron/dhcp/9a11ab31-6656-4588-afcf-7dd30f13bf91/host
Oct 17 02:14:44.796764 podb-esxi207 dnsmasq-dhcp[1369584]: read /opt/stack/data/neutron/dhcp/9a11ab31-6656-4588-afcf-7dd30f13bf91/opts
Oct 17 02:14:46.070247 podb-esxi207 dnsmasq[1369584]: read /opt/stack/data/neutron/dhcp/9a11ab31-6656-4588-afcf-7dd30f13bf91/addn_hosts - 2 names
Oct 17 02:14:46.070331 podb-esxi207 dnsmasq-dhcp[1369584]: read /opt/stack/data/neutron/dhcp/9a11ab31-6656-4588-afcf-7dd30f13bf91/host
Oct 17 02:14:46.070412 podb-esxi207 dnsmasq-dhcp[1369584]: read /opt/stack/data/neutron/dhcp/9a11ab31-6656-4588-afcf-7dd30f13bf91/opts
Oct 17 02:14:48.301271 podb-esxi207 dnsmasq[1369584]: read /opt/stack/data/neutron/dhcp/9a11ab31-6656-4588-afcf-7dd30f13bf91/addn_hosts - 4 names
Oct 17 02:14:48.301431 podb-esxi207 dnsmasq-dhcp[1369584]: read /opt/stack/data/neutron/dhcp/9a11ab31-6656-4588-afcf-7dd30f13bf91/host
Oct 17 02:14:48.301550 podb-esxi207 dnsmasq-dhcp[1369584]: read /opt/stack/data/neutron/dhcp/9a11ab31-6656-4588-afcf-7dd30f13bf91/opts
Oct 17 02:15:11.825617 podb-esxi207 dnsmasq-dhcp[1369584]: DHCPDISCOVER(tapc56fac3d-1f) fa:16:3e:6c:b2:00
Oct 17 02:15:11.825651 podb-esxi207 dnsmasq-dhcp[1369584]: DHCPOFFER(tapc56fac3d-1f) 10.1.0.13 fa:16:3e:6c:b2:00
Oct 17 02:15:11.837550 podb-esxi207 dnsmasq-dhcp[1369584]: DHCPREQUEST(tapc56fac3d-1f) 10.1.0.13 fa:16:3e:6c:b2:00
Oct 17 02:15:11.837587 podb-esxi207 dnsmasq-dhcp[1369584]: DHCPACK(tapc56fac3d-1f) 10.1.0.13 fa:16:3e:6c:b2:00 host-10-1-0-13
Oct 17 02:15:12.711354 podb-esxi207 dnsmasq-dhcp[1365168]: DHCPREQUEST(tap9ef24e81-a3) 10.1.0.4 fa:16:3e:de:ab:51
Oct 17 02:15:12.711386 podb-esxi207 dnsmasq-dhcp[1365168]: DHCPACK(tap9ef24e81-a3) 10.1.0.4 fa:16:3e:de:ab:51 host-10-1-0-4
Oct 17 02:15:39.381141 podb-esxi207 dnsmasq[1368246]: read /opt/stack/data/neutron/dhcp/634aa0b8-44f0-47e9-bde5-d13848cad00f/addn_hosts - 0 names
Oct 17 02:15:39.381215 podb-esxi207 dnsmasq-dhcp[1368246]: read /opt/stack/data/neutron/dhcp/634aa0b8-44f0-47e9-bde5-d13848cad00f/host
Oct 17 02:15:39.381310 podb-esxi207 dnsmasq-dhcp[1368246]: read /opt/stack/data/neutron/dhcp/634aa0b8-44f0-47e9-bde5-d13848cad00f/opts
Oct 17 02:15:40.288624 podb-esxi207 dnsmasq[1368246]: exiting on receipt of SIGTERM
Oct 17 02:15:44.103362 podb-esxi207 dnsmasq[1370655]: started, version 2.90 cachesize 150
Oct 17 02:15:44.103386 podb-esxi207 dnsmasq[1370655]: DNS service limited to local subnets
Oct 17 02:15:44.103400 podb-esxi207 dnsmasq[1370655]: compile time options: IPv6 GNU-getopt DBus no-UBus i18n IDN2 DHCP DHCPv6 no-Lua TFTP conntrack ipset no-nftset auth cryptohash DNSSEC loop-detect inotify dumpfile
Oct 17 02:15:44.103434 podb-esxi207 dnsmasq-dhcp[1370655]: DHCP, static leases only on 10.1.0.0, lease time 1d
Oct 17 02:15:44.104077 podb-esxi207 dnsmasq[1370655]: reading /etc/resolv.conf
Oct 17 02:15:44.104092 podb-esxi207 dnsmasq[1370655]: using nameserver 127.0.0.53#53
Oct 17 02:15:44.104181 podb-esxi207 dnsmasq[1370655]: read /opt/stack/data/neutron/dhcp/8df9284f-bd14-4631-8d4e-bf342644fc48/addn_hosts - 0 names
Oct 17 02:15:44.104230 podb-esxi207 dnsmasq-dhcp[1370655]: read /opt/stack/data/neutron/dhcp/8df9284f-bd14-4631-8d4e-bf342644fc48/host
Oct 17 02:15:44.104297 podb-esxi207 dnsmasq-dhcp[1370655]: read /opt/stack/data/neutron/dhcp/8df9284f-bd14-4631-8d4e-bf342644fc48/opts
Oct 17 02:15:45.647475 podb-esxi207 dnsmasq[1370655]: read /opt/stack/data/neutron/dhcp/8df9284f-bd14-4631-8d4e-bf342644fc48/addn_hosts - 2 names
Oct 17 02:15:45.647565 podb-esxi207 dnsmasq-dhcp[1370655]: read /opt/stack/data/neutron/dhcp/8df9284f-bd14-4631-8d4e-bf342644fc48/host
Oct 17 02:15:45.647647 podb-esxi207 dnsmasq-dhcp[1370655]: read /opt/stack/data/neutron/dhcp/8df9284f-bd14-4631-8d4e-bf342644fc48/opts
Oct 17 02:15:46.880814 podb-esxi207 dnsmasq[1370655]: read /opt/stack/data/neutron/dhcp/8df9284f-bd14-4631-8d4e-bf342644fc48/addn_hosts - 2 names
Oct 17 02:15:46.880909 podb-esxi207 dnsmasq-dhcp[1370655]: read /opt/stack/data/neutron/dhcp/8df9284f-bd14-4631-8d4e-bf342644fc48/host
Oct 17 02:15:46.881013 podb-esxi207 dnsmasq-dhcp[1370655]: read /opt/stack/data/neutron/dhcp/8df9284f-bd14-4631-8d4e-bf342644fc48/opts
Oct 17 02:15:48.118060 podb-esxi207 dnsmasq[1370655]: read /opt/stack/data/neutron/dhcp/8df9284f-bd14-4631-8d4e-bf342644fc48/addn_hosts - 2 names
Oct 17 02:15:48.118155 podb-esxi207 dnsmasq-dhcp[1370655]: read /opt/stack/data/neutron/dhcp/8df9284f-bd14-4631-8d4e-bf342644fc48/host
Oct 17 02:15:48.118262 podb-esxi207 dnsmasq-dhcp[1370655]: read /opt/stack/data/neutron/dhcp/8df9284f-bd14-4631-8d4e-bf342644fc48/opts
Oct 17 02:16:30.358344 podb-esxi207 dnsmasq-dhcp[1365168]: DHCPRELEASE(tap9ef24e81-a3) 10.1.0.4 fa:16:3e:de:ab:51
Oct 17 02:16:30.375007 podb-esxi207 dnsmasq-dhcp[1365168]: DHCPRELEASE(tap9ef24e81-a3) 10.1.0.4 fa:16:3e:de:ab:51 unknown lease
Oct 17 02:16:31.201274 podb-esxi207 dnsmasq[1365168]: read /opt/stack/data/neutron/dhcp/2bac52fa-e7f4-439e-ab5d-83d76f8ddac9/addn_hosts - 2 names
Oct 17 02:16:31.201365 podb-esxi207 dnsmasq-dhcp[1365168]: read /opt/stack/data/neutron/dhcp/2bac52fa-e7f4-439e-ab5d-83d76f8ddac9/host
Oct 17 02:16:31.201453 podb-esxi207 dnsmasq-dhcp[1365168]: read /opt/stack/data/neutron/dhcp/2bac52fa-e7f4-439e-ab5d-83d76f8ddac9/opts
Oct 17 02:16:36.597276 podb-esxi207 dnsmasq[1365168]: read /opt/stack/data/neutron/dhcp/2bac52fa-e7f4-439e-ab5d-83d76f8ddac9/addn_hosts - 0 names
Oct 17 02:16:36.597372 podb-esxi207 dnsmasq-dhcp[1365168]: read /opt/stack/data/neutron/dhcp/2bac52fa-e7f4-439e-ab5d-83d76f8ddac9/host
Oct 17 02:16:36.597450 podb-esxi207 dnsmasq-dhcp[1365168]: read /opt/stack/data/neutron/dhcp/2bac52fa-e7f4-439e-ab5d-83d76f8ddac9/opts
Oct 17 02:16:37.620681 podb-esxi207 dnsmasq[1365168]: exiting on receipt of SIGTERM
Oct 17 02:16:38.260844 podb-esxi207 dnsmasq-dhcp[1365476]: DHCPRELEASE(tap340ca411-32) 10.1.0.1 fa:16:3e:9a:a7:0b
Oct 17 02:16:39.084672 podb-esxi207 dnsmasq[1365476]: read /opt/stack/data/neutron/dhcp/009542b4-0ca5-4aa0-a89e-6e2318a339b4/addn_hosts - 0 names
Oct 17 02:16:39.084750 podb-esxi207 dnsmasq-dhcp[1365476]: read /opt/stack/data/neutron/dhcp/009542b4-0ca5-4aa0-a89e-6e2318a339b4/host
Oct 17 02:16:39.084842 podb-esxi207 dnsmasq-dhcp[1365476]: read /opt/stack/data/neutron/dhcp/009542b4-0ca5-4aa0-a89e-6e2318a339b4/opts
Oct 17 02:16:39.837731 podb-esxi207 dnsmasq[1365476]: exiting on receipt of SIGTERM
Oct 17 02:16:44.634598 podb-esxi207 dnsmasq[1371616]: started, version 2.90 cachesize 150
Oct 17 02:16:44.634624 podb-esxi207 dnsmasq[1371616]: DNS service limited to local subnets
Oct 17 02:16:44.634640 podb-esxi207 dnsmasq[1371616]: compile time options: IPv6 GNU-getopt DBus no-UBus i18n IDN2 DHCP DHCPv6 no-Lua TFTP conntrack ipset no-nftset auth cryptohash DNSSEC loop-detect inotify dumpfile
Oct 17 02:16:44.634677 podb-esxi207 dnsmasq-dhcp[1371616]: DHCP, static leases only on 10.1.0.0, lease time 1d
Oct 17 02:16:44.634831 podb-esxi207 dnsmasq[1371616]: reading /etc/resolv.conf
Oct 17 02:16:44.634848 podb-esxi207 dnsmasq[1371616]: using nameserver 127.0.0.53#53
Oct 17 02:16:44.634940 podb-esxi207 dnsmasq[1371616]: read /opt/stack/data/neutron/dhcp/e2412147-2296-4e45-a42b-2827053f459f/addn_hosts - 0 names
Oct 17 02:16:44.634994 podb-esxi207 dnsmasq-dhcp[1371616]: read /opt/stack/data/neutron/dhcp/e2412147-2296-4e45-a42b-2827053f459f/host
Oct 17 02:16:44.635060 podb-esxi207 dnsmasq-dhcp[1371616]: read /opt/stack/data/neutron/dhcp/e2412147-2296-4e45-a42b-2827053f459f/opts
Oct 17 02:16:46.181446 podb-esxi207 dnsmasq[1371616]: read /opt/stack/data/neutron/dhcp/e2412147-2296-4e45-a42b-2827053f459f/addn_hosts - 2 names
Oct 17 02:16:46.181527 podb-esxi207 dnsmasq-dhcp[1371616]: read /opt/stack/data/neutron/dhcp/e2412147-2296-4e45-a42b-2827053f459f/host
Oct 17 02:16:46.181636 podb-esxi207 dnsmasq-dhcp[1371616]: read /opt/stack/data/neutron/dhcp/e2412147-2296-4e45-a42b-2827053f459f/opts
Oct 17 02:16:49.573469 podb-esxi207 dnsmasq[1371990]: started, version 2.90 cachesize 150
Oct 17 02:16:49.573500 podb-esxi207 dnsmasq[1371990]: DNS service limited to local subnets
Oct 17 02:16:49.573515 podb-esxi207 dnsmasq[1371990]: compile time options: IPv6 GNU-getopt DBus no-UBus i18n IDN2 DHCP DHCPv6 no-Lua TFTP conntrack ipset no-nftset auth cryptohash DNSSEC loop-detect inotify dumpfile
Oct 17 02:16:49.573556 podb-esxi207 dnsmasq-dhcp[1371990]: DHCP, static leases only on 10.1.0.0, lease time 1d
Oct 17 02:16:49.573709 podb-esxi207 dnsmasq[1371990]: reading /etc/resolv.conf
Oct 17 02:16:49.573726 podb-esxi207 dnsmasq[1371990]: using nameserver 127.0.0.53#53
Oct 17 02:16:49.573840 podb-esxi207 dnsmasq[1371990]: read /opt/stack/data/neutron/dhcp/26fc27fb-c535-45b2-92ed-c667fcc75633/addn_hosts - 2 names
Oct 17 02:16:49.573895 podb-esxi207 dnsmasq-dhcp[1371990]: read /opt/stack/data/neutron/dhcp/26fc27fb-c535-45b2-92ed-c667fcc75633/host
Oct 17 02:16:49.573973 podb-esxi207 dnsmasq-dhcp[1371990]: read /opt/stack/data/neutron/dhcp/26fc27fb-c535-45b2-92ed-c667fcc75633/opts
Oct 17 02:16:50.110128 podb-esxi207 dnsmasq[1369584]: read /opt/stack/data/neutron/dhcp/9a11ab31-6656-4588-afcf-7dd30f13bf91/addn_hosts - 6 names
Oct 17 02:16:50.110238 podb-esxi207 dnsmasq-dhcp[1369584]: read /opt/stack/data/neutron/dhcp/9a11ab31-6656-4588-afcf-7dd30f13bf91/host
Oct 17 02:16:50.110366 podb-esxi207 dnsmasq-dhcp[1369584]: read /opt/stack/data/neutron/dhcp/9a11ab31-6656-4588-afcf-7dd30f13bf91/opts
Oct 17 02:16:50.881205 podb-esxi207 dnsmasq[1371616]: read /opt/stack/data/neutron/dhcp/e2412147-2296-4e45-a42b-2827053f459f/addn_hosts - 2 names
Oct 17 02:16:50.881295 podb-esxi207 dnsmasq-dhcp[1371616]: read /opt/stack/data/neutron/dhcp/e2412147-2296-4e45-a42b-2827053f459f/host
Oct 17 02:16:50.881402 podb-esxi207 dnsmasq-dhcp[1371616]: read /opt/stack/data/neutron/dhcp/e2412147-2296-4e45-a42b-2827053f459f/opts
Oct 17 02:16:52.662706 podb-esxi207 dnsmasq[1371990]: read /opt/stack/data/neutron/dhcp/26fc27fb-c535-45b2-92ed-c667fcc75633/addn_hosts - 2 names
Oct 17 02:16:52.662789 podb-esxi207 dnsmasq-dhcp[1371990]: read /opt/stack/data/neutron/dhcp/26fc27fb-c535-45b2-92ed-c667fcc75633/host
Oct 17 02:16:52.662910 podb-esxi207 dnsmasq-dhcp[1371990]: read /opt/stack/data/neutron/dhcp/26fc27fb-c535-45b2-92ed-c667fcc75633/opts
Oct 17 02:16:53.411679 podb-esxi207 dnsmasq[1371616]: read /opt/stack/data/neutron/dhcp/e2412147-2296-4e45-a42b-2827053f459f/addn_hosts - 2 names
Oct 17 02:16:53.411774 podb-esxi207 dnsmasq-dhcp[1371616]: read /opt/stack/data/neutron/dhcp/e2412147-2296-4e45-a42b-2827053f459f/host
Oct 17 02:16:53.411868 podb-esxi207 dnsmasq-dhcp[1371616]: read /opt/stack/data/neutron/dhcp/e2412147-2296-4e45-a42b-2827053f459f/opts
Oct 17 02:16:54.668941 podb-esxi207 dnsmasq[1371990]: read /opt/stack/data/neutron/dhcp/26fc27fb-c535-45b2-92ed-c667fcc75633/addn_hosts - 2 names
Oct 17 02:16:54.669033 podb-esxi207 dnsmasq-dhcp[1371990]: read /opt/stack/data/neutron/dhcp/26fc27fb-c535-45b2-92ed-c667fcc75633/host
Oct 17 02:16:54.669105 podb-esxi207 dnsmasq-dhcp[1371990]: read /opt/stack/data/neutron/dhcp/26fc27fb-c535-45b2-92ed-c667fcc75633/opts
Oct 17 02:16:55.935690 podb-esxi207 dnsmasq[1371990]: read /opt/stack/data/neutron/dhcp/26fc27fb-c535-45b2-92ed-c667fcc75633/addn_hosts - 2 names
Oct 17 02:16:55.935790 podb-esxi207 dnsmasq-dhcp[1371990]: read /opt/stack/data/neutron/dhcp/26fc27fb-c535-45b2-92ed-c667fcc75633/host
Oct 17 02:16:55.935888 podb-esxi207 dnsmasq-dhcp[1371990]: read /opt/stack/data/neutron/dhcp/26fc27fb-c535-45b2-92ed-c667fcc75633/opts
Oct 17 02:17:04.653831 podb-esxi207 dnsmasq[1370655]: read /opt/stack/data/neutron/dhcp/8df9284f-bd14-4631-8d4e-bf342644fc48/addn_hosts - 4 names
Oct 17 02:17:04.653924 podb-esxi207 dnsmasq-dhcp[1370655]: read /opt/stack/data/neutron/dhcp/8df9284f-bd14-4631-8d4e-bf342644fc48/host
Oct 17 02:17:04.654026 podb-esxi207 dnsmasq-dhcp[1370655]: read /opt/stack/data/neutron/dhcp/8df9284f-bd14-4631-8d4e-bf342644fc48/opts
Oct 17 02:17:10.951076 podb-esxi207 dnsmasq-dhcp[1369584]: DHCPDISCOVER(tapc56fac3d-1f) fa:16:3e:b3:51:07
Oct 17 02:17:10.951106 podb-esxi207 dnsmasq-dhcp[1369584]: DHCPOFFER(tapc56fac3d-1f) 10.1.0.3 fa:16:3e:b3:51:07
Oct 17 02:17:10.962671 podb-esxi207 dnsmasq-dhcp[1369584]: DHCPREQUEST(tapc56fac3d-1f) 10.1.0.3 fa:16:3e:b3:51:07
Oct 17 02:17:10.962711 podb-esxi207 dnsmasq-dhcp[1369584]: DHCPACK(tapc56fac3d-1f) 10.1.0.3 fa:16:3e:b3:51:07 host-10-1-0-3
Oct 17 02:17:26.660044 podb-esxi207 dnsmasq[1371616]: read /opt/stack/data/neutron/dhcp/e2412147-2296-4e45-a42b-2827053f459f/addn_hosts - 4 names
Oct 17 02:17:26.660172 podb-esxi207 dnsmasq-dhcp[1371616]: read /opt/stack/data/neutron/dhcp/e2412147-2296-4e45-a42b-2827053f459f/host
Oct 17 02:17:26.660295 podb-esxi207 dnsmasq-dhcp[1371616]: read /opt/stack/data/neutron/dhcp/e2412147-2296-4e45-a42b-2827053f459f/opts
Oct 17 02:17:29.481468 podb-esxi207 dnsmasq-dhcp[1370655]: DHCPDISCOVER(tapf850faee-4d) fa:16:3e:27:78:27
Oct 17 02:17:29.481500 podb-esxi207 dnsmasq-dhcp[1370655]: DHCPOFFER(tapf850faee-4d) 10.1.0.6 fa:16:3e:27:78:27
Oct 17 02:17:29.496266 podb-esxi207 dnsmasq-dhcp[1370655]: DHCPREQUEST(tapf850faee-4d) 10.1.0.6 fa:16:3e:27:78:27
Oct 17 02:17:29.496304 podb-esxi207 dnsmasq-dhcp[1370655]: DHCPACK(tapf850faee-4d) 10.1.0.6 fa:16:3e:27:78:27 host-10-1-0-6
Oct 17 02:17:48.524526 podb-esxi207 dnsmasq-dhcp[1369584]: DHCPRELEASE(tapc56fac3d-1f) 10.1.0.3 fa:16:3e:b3:51:07
Oct 17 02:17:48.541358 podb-esxi207 dnsmasq-dhcp[1369584]: DHCPRELEASE(tapc56fac3d-1f) 10.1.0.3 fa:16:3e:b3:51:07 unknown lease
Oct 17 02:17:49.374017 podb-esxi207 dnsmasq[1369584]: read /opt/stack/data/neutron/dhcp/9a11ab31-6656-4588-afcf-7dd30f13bf91/addn_hosts - 4 names
Oct 17 02:17:49.374135 podb-esxi207 dnsmasq-dhcp[1369584]: read /opt/stack/data/neutron/dhcp/9a11ab31-6656-4588-afcf-7dd30f13bf91/host
Oct 17 02:17:49.374247 podb-esxi207 dnsmasq-dhcp[1369584]: read /opt/stack/data/neutron/dhcp/9a11ab31-6656-4588-afcf-7dd30f13bf91/opts
Oct 17 02:18:04.626363 podb-esxi207 dnsmasq-dhcp[1371616]: DHCPDISCOVER(tapdb1dda60-d5) fa:16:3e:ad:52:09
Oct 17 02:18:04.626391 podb-esxi207 dnsmasq-dhcp[1371616]: DHCPOFFER(tapdb1dda60-d5) 10.1.0.9 fa:16:3e:ad:52:09
Oct 17 02:18:04.656534 podb-esxi207 dnsmasq-dhcp[1371616]: DHCPREQUEST(tapdb1dda60-d5) 10.1.0.9 fa:16:3e:ad:52:09
Oct 17 02:18:04.656570 podb-esxi207 dnsmasq-dhcp[1371616]: DHCPACK(tapdb1dda60-d5) 10.1.0.9 fa:16:3e:ad:52:09 host-10-1-0-9
Oct 17 02:18:29.147480 podb-esxi207 dnsmasq-dhcp[1369584]: DHCPRELEASE(tapc56fac3d-1f) 10.1.0.13 fa:16:3e:6c:b2:00
Oct 17 02:18:29.164567 podb-esxi207 dnsmasq-dhcp[1369584]: DHCPRELEASE(tapc56fac3d-1f) 10.1.0.13 fa:16:3e:6c:b2:00 unknown lease
Oct 17 02:18:29.989056 podb-esxi207 dnsmasq[1369584]: read /opt/stack/data/neutron/dhcp/9a11ab31-6656-4588-afcf-7dd30f13bf91/addn_hosts - 2 names
Oct 17 02:18:29.989138 podb-esxi207 dnsmasq-dhcp[1369584]: read /opt/stack/data/neutron/dhcp/9a11ab31-6656-4588-afcf-7dd30f13bf91/host
Oct 17 02:18:29.989252 podb-esxi207 dnsmasq-dhcp[1369584]: read /opt/stack/data/neutron/dhcp/9a11ab31-6656-4588-afcf-7dd30f13bf91/opts
Oct 17 02:18:41.099726 podb-esxi207 dnsmasq[1369584]: read /opt/stack/data/neutron/dhcp/9a11ab31-6656-4588-afcf-7dd30f13bf91/addn_hosts - 4 names
Oct 17 02:18:41.099834 podb-esxi207 dnsmasq-dhcp[1369584]: read /opt/stack/data/neutron/dhcp/9a11ab31-6656-4588-afcf-7dd30f13bf91/host
Oct 17 02:18:41.099944 podb-esxi207 dnsmasq-dhcp[1369584]: read /opt/stack/data/neutron/dhcp/9a11ab31-6656-4588-afcf-7dd30f13bf91/opts
Oct 17 02:19:03.497033 podb-esxi207 dnsmasq-dhcp[1369584]: DHCPDISCOVER(tapc56fac3d-1f) fa:16:3e:2e:fc:f4
Oct 17 02:19:03.497058 podb-esxi207 dnsmasq-dhcp[1369584]: DHCPOFFER(tapc56fac3d-1f) 10.1.0.6 fa:16:3e:2e:fc:f4
Oct 17 02:19:03.508100 podb-esxi207 dnsmasq-dhcp[1369584]: DHCPREQUEST(tapc56fac3d-1f) 10.1.0.6 fa:16:3e:2e:fc:f4
Oct 17 02:19:03.508130 podb-esxi207 dnsmasq-dhcp[1369584]: DHCPACK(tapc56fac3d-1f) 10.1.0.6 fa:16:3e:2e:fc:f4 host-10-1-0-6
Oct 17 02:20:02.211701 podb-esxi207 dnsmasq-dhcp[1371616]: DHCPREQUEST(tapdb1dda60-d5) 10.1.0.9 fa:16:3e:ad:52:09
Oct 17 02:20:02.211733 podb-esxi207 dnsmasq-dhcp[1371616]: DHCPACK(tapdb1dda60-d5) 10.1.0.9 fa:16:3e:ad:52:09 host-10-1-0-9
Oct 17 02:20:25.578017 podb-esxi207 dnsmasq-dhcp[1371616]: DHCPRELEASE(tapdb1dda60-d5) 10.1.0.9 fa:16:3e:ad:52:09
Oct 17 02:20:25.594685 podb-esxi207 dnsmasq-dhcp[1371616]: DHCPRELEASE(tapdb1dda60-d5) 10.1.0.9 fa:16:3e:ad:52:09 unknown lease
Oct 17 02:20:26.420718 podb-esxi207 dnsmasq[1371616]: read /opt/stack/data/neutron/dhcp/e2412147-2296-4e45-a42b-2827053f459f/addn_hosts - 2 names
Oct 17 02:20:26.420800 podb-esxi207 dnsmasq-dhcp[1371616]: read /opt/stack/data/neutron/dhcp/e2412147-2296-4e45-a42b-2827053f459f/host
Oct 17 02:20:26.420874 podb-esxi207 dnsmasq-dhcp[1371616]: read /opt/stack/data/neutron/dhcp/e2412147-2296-4e45-a42b-2827053f459f/opts
Oct 17 02:20:54.890066 podb-esxi207 dnsmasq-dhcp[1369584]: DHCPRELEASE(tapc56fac3d-1f) 10.1.0.6 fa:16:3e:2e:fc:f4
Oct 17 02:20:54.907699 podb-esxi207 dnsmasq-dhcp[1369584]: DHCPRELEASE(tapc56fac3d-1f) 10.1.0.6 fa:16:3e:2e:fc:f4 unknown lease
Oct 17 02:20:55.734577 podb-esxi207 dnsmasq[1369584]: read /opt/stack/data/neutron/dhcp/9a11ab31-6656-4588-afcf-7dd30f13bf91/addn_hosts - 2 names
Oct 17 02:20:55.734695 podb-esxi207 dnsmasq-dhcp[1369584]: read /opt/stack/data/neutron/dhcp/9a11ab31-6656-4588-afcf-7dd30f13bf91/host
Oct 17 02:20:55.734801 podb-esxi207 dnsmasq-dhcp[1369584]: read /opt/stack/data/neutron/dhcp/9a11ab31-6656-4588-afcf-7dd30f13bf91/opts
Oct 17 02:21:06.620911 podb-esxi207 dnsmasq[1369584]: read /opt/stack/data/neutron/dhcp/9a11ab31-6656-4588-afcf-7dd30f13bf91/addn_hosts - 4 names
Oct 17 02:21:06.620995 podb-esxi207 dnsmasq-dhcp[1369584]: read /opt/stack/data/neutron/dhcp/9a11ab31-6656-4588-afcf-7dd30f13bf91/host
Oct 17 02:21:06.621096 podb-esxi207 dnsmasq-dhcp[1369584]: read /opt/stack/data/neutron/dhcp/9a11ab31-6656-4588-afcf-7dd30f13bf91/opts
Oct 17 02:21:11.535481 podb-esxi207 dnsmasq-dhcp[1370655]: DHCPRELEASE(tapf850faee-4d) 10.1.0.6 fa:16:3e:27:78:27
Oct 17 02:21:11.552504 podb-esxi207 dnsmasq-dhcp[1370655]: DHCPRELEASE(tapf850faee-4d) 10.1.0.6 fa:16:3e:27:78:27 unknown lease
Oct 17 02:21:12.374388 podb-esxi207 dnsmasq[1370655]: read /opt/stack/data/neutron/dhcp/8df9284f-bd14-4631-8d4e-bf342644fc48/addn_hosts - 2 names
Oct 17 02:21:12.374481 podb-esxi207 dnsmasq-dhcp[1370655]: read /opt/stack/data/neutron/dhcp/8df9284f-bd14-4631-8d4e-bf342644fc48/host
Oct 17 02:21:12.374553 podb-esxi207 dnsmasq-dhcp[1370655]: read /opt/stack/data/neutron/dhcp/8df9284f-bd14-4631-8d4e-bf342644fc48/opts
Oct 17 02:21:30.214888 podb-esxi207 dnsmasq-dhcp[1369584]: DHCPDISCOVER(tapc56fac3d-1f) fa:16:3e:ee:8a:06
Oct 17 02:21:30.214913 podb-esxi207 dnsmasq-dhcp[1369584]: DHCPOFFER(tapc56fac3d-1f) 10.1.0.7 fa:16:3e:ee:8a:06
Oct 17 02:21:30.225449 podb-esxi207 dnsmasq-dhcp[1369584]: DHCPREQUEST(tapc56fac3d-1f) 10.1.0.7 fa:16:3e:ee:8a:06
Oct 17 02:21:30.225479 podb-esxi207 dnsmasq-dhcp[1369584]: DHCPACK(tapc56fac3d-1f) 10.1.0.7 fa:16:3e:ee:8a:06 host-10-1-0-7
Oct 17 02:22:43.591616 podb-esxi207 dnsmasq[1376529]: started, version 2.90 cachesize 150
Oct 17 02:22:43.591641 podb-esxi207 dnsmasq[1376529]: DNS service limited to local subnets
Oct 17 02:22:43.591656 podb-esxi207 dnsmasq[1376529]: compile time options: IPv6 GNU-getopt DBus no-UBus i18n IDN2 DHCP DHCPv6 no-Lua TFTP conntrack ipset no-nftset auth cryptohash DNSSEC loop-detect inotify dumpfile
Oct 17 02:22:43.591691 podb-esxi207 dnsmasq-dhcp[1376529]: DHCP, static leases only on 10.1.0.0, lease time 1d
Oct 17 02:22:43.591846 podb-esxi207 dnsmasq[1376529]: reading /etc/resolv.conf
Oct 17 02:22:43.591862 podb-esxi207 dnsmasq[1376529]: using nameserver 127.0.0.53#53
Oct 17 02:22:43.591952 podb-esxi207 dnsmasq[1376529]: read /opt/stack/data/neutron/dhcp/fb18e052-3513-4b41-83ef-a1eb0feb578a/addn_hosts - 0 names
Oct 17 02:22:43.592004 podb-esxi207 dnsmasq-dhcp[1376529]: read /opt/stack/data/neutron/dhcp/fb18e052-3513-4b41-83ef-a1eb0feb578a/host
Oct 17 02:22:43.592068 podb-esxi207 dnsmasq-dhcp[1376529]: read /opt/stack/data/neutron/dhcp/fb18e052-3513-4b41-83ef-a1eb0feb578a/opts
Oct 17 02:22:45.140332 podb-esxi207 dnsmasq[1376529]: read /opt/stack/data/neutron/dhcp/fb18e052-3513-4b41-83ef-a1eb0feb578a/addn_hosts - 2 names
Oct 17 02:22:45.140461 podb-esxi207 dnsmasq-dhcp[1376529]: read /opt/stack/data/neutron/dhcp/fb18e052-3513-4b41-83ef-a1eb0feb578a/host
Oct 17 02:22:45.140575 podb-esxi207 dnsmasq-dhcp[1376529]: read /opt/stack/data/neutron/dhcp/fb18e052-3513-4b41-83ef-a1eb0feb578a/opts
Oct 17 02:22:48.567544 podb-esxi207 dnsmasq[1376912]: started, version 2.90 cachesize 150
Oct 17 02:22:48.567572 podb-esxi207 dnsmasq[1376912]: DNS service limited to local subnets
Oct 17 02:22:48.567587 podb-esxi207 dnsmasq[1376912]: compile time options: IPv6 GNU-getopt DBus no-UBus i18n IDN2 DHCP DHCPv6 no-Lua TFTP conntrack ipset no-nftset auth cryptohash DNSSEC loop-detect inotify dumpfile
Oct 17 02:22:48.567624 podb-esxi207 dnsmasq-dhcp[1376912]: DHCP, static leases only on 10.1.0.0, lease time 1d
Oct 17 02:22:48.567790 podb-esxi207 dnsmasq[1376912]: reading /etc/resolv.conf
Oct 17 02:22:48.567807 podb-esxi207 dnsmasq[1376912]: using nameserver 127.0.0.53#53
Oct 17 02:22:48.567911 podb-esxi207 dnsmasq[1376912]: read /opt/stack/data/neutron/dhcp/d0a81933-50ed-4889-9c2a-30c731fde926/addn_hosts - 0 names
Oct 17 02:22:48.567962 podb-esxi207 dnsmasq-dhcp[1376912]: read /opt/stack/data/neutron/dhcp/d0a81933-50ed-4889-9c2a-30c731fde926/host
Oct 17 02:22:48.568020 podb-esxi207 dnsmasq-dhcp[1376912]: read /opt/stack/data/neutron/dhcp/d0a81933-50ed-4889-9c2a-30c731fde926/opts
Oct 17 02:22:49.611365 podb-esxi207 dnsmasq[1376529]: read /opt/stack/data/neutron/dhcp/fb18e052-3513-4b41-83ef-a1eb0feb578a/addn_hosts - 2 names
Oct 17 02:22:49.611454 podb-esxi207 dnsmasq-dhcp[1376529]: read /opt/stack/data/neutron/dhcp/fb18e052-3513-4b41-83ef-a1eb0feb578a/host
Oct 17 02:22:49.611541 podb-esxi207 dnsmasq-dhcp[1376529]: read /opt/stack/data/neutron/dhcp/fb18e052-3513-4b41-83ef-a1eb0feb578a/opts
Oct 17 02:22:50.369515 podb-esxi207 dnsmasq[1371616]: read /opt/stack/data/neutron/dhcp/e2412147-2296-4e45-a42b-2827053f459f/addn_hosts - 4 names
Oct 17 02:22:50.369635 podb-esxi207 dnsmasq-dhcp[1371616]: read /opt/stack/data/neutron/dhcp/e2412147-2296-4e45-a42b-2827053f459f/host
Oct 17 02:22:50.369750 podb-esxi207 dnsmasq-dhcp[1371616]: read /opt/stack/data/neutron/dhcp/e2412147-2296-4e45-a42b-2827053f459f/opts
Oct 17 02:22:51.642255 podb-esxi207 dnsmasq[1376912]: read /opt/stack/data/neutron/dhcp/d0a81933-50ed-4889-9c2a-30c731fde926/addn_hosts - 2 names
Oct 17 02:22:51.642353 podb-esxi207 dnsmasq-dhcp[1376912]: read /opt/stack/data/neutron/dhcp/d0a81933-50ed-4889-9c2a-30c731fde926/host
Oct 17 02:22:51.642448 podb-esxi207 dnsmasq-dhcp[1376912]: read /opt/stack/data/neutron/dhcp/d0a81933-50ed-4889-9c2a-30c731fde926/opts
Oct 17 02:22:52.920337 podb-esxi207 dnsmasq[1376529]: read /opt/stack/data/neutron/dhcp/fb18e052-3513-4b41-83ef-a1eb0feb578a/addn_hosts - 2 names
Oct 17 02:22:52.920426 podb-esxi207 dnsmasq-dhcp[1376529]: read /opt/stack/data/neutron/dhcp/fb18e052-3513-4b41-83ef-a1eb0feb578a/host
Oct 17 02:22:52.920537 podb-esxi207 dnsmasq-dhcp[1376529]: read /opt/stack/data/neutron/dhcp/fb18e052-3513-4b41-83ef-a1eb0feb578a/opts
Oct 17 02:22:53.677239 podb-esxi207 dnsmasq[1376912]: read /opt/stack/data/neutron/dhcp/d0a81933-50ed-4889-9c2a-30c731fde926/addn_hosts - 2 names
Oct 17 02:22:53.677355 podb-esxi207 dnsmasq-dhcp[1376912]: read /opt/stack/data/neutron/dhcp/d0a81933-50ed-4889-9c2a-30c731fde926/host
Oct 17 02:22:53.677467 podb-esxi207 dnsmasq-dhcp[1376912]: read /opt/stack/data/neutron/dhcp/d0a81933-50ed-4889-9c2a-30c731fde926/opts
Oct 17 02:22:54.953171 podb-esxi207 dnsmasq[1376529]: read /opt/stack/data/neutron/dhcp/fb18e052-3513-4b41-83ef-a1eb0feb578a/addn_hosts - 4 names
Oct 17 02:22:54.953279 podb-esxi207 dnsmasq-dhcp[1376529]: read /opt/stack/data/neutron/dhcp/fb18e052-3513-4b41-83ef-a1eb0feb578a/host
Oct 17 02:22:54.953381 podb-esxi207 dnsmasq-dhcp[1376529]: read /opt/stack/data/neutron/dhcp/fb18e052-3513-4b41-83ef-a1eb0feb578a/opts
Oct 17 02:22:55.719735 podb-esxi207 dnsmasq[1376912]: read /opt/stack/data/neutron/dhcp/d0a81933-50ed-4889-9c2a-30c731fde926/addn_hosts - 2 names
Oct 17 02:22:55.719809 podb-esxi207 dnsmasq-dhcp[1376912]: read /opt/stack/data/neutron/dhcp/d0a81933-50ed-4889-9c2a-30c731fde926/host
Oct 17 02:22:55.719882 podb-esxi207 dnsmasq-dhcp[1376912]: read /opt/stack/data/neutron/dhcp/d0a81933-50ed-4889-9c2a-30c731fde926/opts
Oct 17 02:22:56.992609 podb-esxi207 dnsmasq[1370655]: read /opt/stack/data/neutron/dhcp/8df9284f-bd14-4631-8d4e-bf342644fc48/addn_hosts - 4 names
Oct 17 02:22:56.992777 podb-esxi207 dnsmasq-dhcp[1370655]: read /opt/stack/data/neutron/dhcp/8df9284f-bd14-4631-8d4e-bf342644fc48/host
Oct 17 02:22:56.992883 podb-esxi207 dnsmasq-dhcp[1370655]: read /opt/stack/data/neutron/dhcp/8df9284f-bd14-4631-8d4e-bf342644fc48/opts
Oct 17 02:23:18.184177 podb-esxi207 dnsmasq-dhcp[1376529]: DHCPDISCOVER(tap0b067a5b-b8) fa:16:3e:6c:25:2f
Oct 17 02:23:18.184201 podb-esxi207 dnsmasq-dhcp[1376529]: DHCPOFFER(tap0b067a5b-b8) 10.1.0.12 fa:16:3e:6c:25:2f
Oct 17 02:23:18.212056 podb-esxi207 dnsmasq-dhcp[1376529]: DHCPREQUEST(tap0b067a5b-b8) 10.1.0.12 fa:16:3e:6c:25:2f
Oct 17 02:23:18.212086 podb-esxi207 dnsmasq-dhcp[1376529]: DHCPACK(tap0b067a5b-b8) 10.1.0.12 fa:16:3e:6c:25:2f host-10-1-0-12
Oct 17 02:23:18.998909 podb-esxi207 dnsmasq-dhcp[1370655]: DHCPDISCOVER(tapf850faee-4d) fa:16:3e:c4:d8:15
Oct 17 02:23:18.998938 podb-esxi207 dnsmasq-dhcp[1370655]: DHCPOFFER(tapf850faee-4d) 10.1.0.10 fa:16:3e:c4:d8:15
Oct 17 02:23:19.009611 podb-esxi207 dnsmasq-dhcp[1370655]: DHCPREQUEST(tapf850faee-4d) 10.1.0.10 fa:16:3e:c4:d8:15
Oct 17 02:23:19.009642 podb-esxi207 dnsmasq-dhcp[1370655]: DHCPACK(tapf850faee-4d) 10.1.0.10 fa:16:3e:c4:d8:15 host-10-1-0-10
Oct 17 02:23:29.862235 podb-esxi207 dnsmasq[1371616]: read /opt/stack/data/neutron/dhcp/e2412147-2296-4e45-a42b-2827053f459f/addn_hosts - 2 names
Oct 17 02:23:29.862366 podb-esxi207 dnsmasq-dhcp[1371616]: read /opt/stack/data/neutron/dhcp/e2412147-2296-4e45-a42b-2827053f459f/host
Oct 17 02:23:29.862481 podb-esxi207 dnsmasq-dhcp[1371616]: read /opt/stack/data/neutron/dhcp/e2412147-2296-4e45-a42b-2827053f459f/opts
Oct 17 02:23:37.327200 podb-esxi207 dnsmasq-dhcp[1369584]: DHCPRELEASE(tapc56fac3d-1f) 10.1.0.7 fa:16:3e:ee:8a:06
Oct 17 02:23:37.345222 podb-esxi207 dnsmasq-dhcp[1369584]: DHCPRELEASE(tapc56fac3d-1f) 10.1.0.7 fa:16:3e:ee:8a:06 unknown lease
Oct 17 02:23:38.171029 podb-esxi207 dnsmasq[1369584]: read /opt/stack/data/neutron/dhcp/9a11ab31-6656-4588-afcf-7dd30f13bf91/addn_hosts - 2 names
Oct 17 02:23:38.171138 podb-esxi207 dnsmasq-dhcp[1369584]: read /opt/stack/data/neutron/dhcp/9a11ab31-6656-4588-afcf-7dd30f13bf91/host
Oct 17 02:23:38.171232 podb-esxi207 dnsmasq-dhcp[1369584]: read /opt/stack/data/neutron/dhcp/9a11ab31-6656-4588-afcf-7dd30f13bf91/opts
Oct 17 02:24:10.244652 podb-esxi207 dnsmasq[1369584]: read /opt/stack/data/neutron/dhcp/9a11ab31-6656-4588-afcf-7dd30f13bf91/addn_hosts - 0 names
Oct 17 02:24:10.244724 podb-esxi207 dnsmasq-dhcp[1369584]: read /opt/stack/data/neutron/dhcp/9a11ab31-6656-4588-afcf-7dd30f13bf91/host
Oct 17 02:24:10.244782 podb-esxi207 dnsmasq-dhcp[1369584]: read /opt/stack/data/neutron/dhcp/9a11ab31-6656-4588-afcf-7dd30f13bf91/opts
Oct 17 02:24:11.395608 podb-esxi207 dnsmasq[1369584]: exiting on receipt of SIGTERM
Oct 17 02:24:50.524617 podb-esxi207 dnsmasq[1371616]: read /opt/stack/data/neutron/dhcp/e2412147-2296-4e45-a42b-2827053f459f/addn_hosts - 4 names
Oct 17 02:24:50.524772 podb-esxi207 dnsmasq-dhcp[1371616]: read /opt/stack/data/neutron/dhcp/e2412147-2296-4e45-a42b-2827053f459f/host
Oct 17 02:24:50.524846 podb-esxi207 dnsmasq-dhcp[1371616]: read /opt/stack/data/neutron/dhcp/e2412147-2296-4e45-a42b-2827053f459f/opts
Oct 17 02:24:57.484874 podb-esxi207 dnsmasq[1253999]: read /opt/stack/data/neutron/dhcp/ff764a61-c103-4e8e-9e20-68eb1aaca370/addn_hosts - 2 names
Oct 17 02:24:57.484970 podb-esxi207 dnsmasq-dhcp[1253999]: read /opt/stack/data/neutron/dhcp/ff764a61-c103-4e8e-9e20-68eb1aaca370/host
Oct 17 02:24:57.485018 podb-esxi207 dnsmasq-dhcp[1253999]: read /opt/stack/data/neutron/dhcp/ff764a61-c103-4e8e-9e20-68eb1aaca370/opts
Oct 17 02:25:35.198633 podb-esxi207 dnsmasq-dhcp[1371616]: DHCPDISCOVER(tapdb1dda60-d5) fa:16:3e:bd:0f:6f
Oct 17 02:25:35.198662 podb-esxi207 dnsmasq-dhcp[1371616]: DHCPOFFER(tapdb1dda60-d5) 10.1.0.14 fa:16:3e:bd:0f:6f
Oct 17 02:25:35.212460 podb-esxi207 dnsmasq-dhcp[1371616]: DHCPREQUEST(tapdb1dda60-d5) 10.1.0.14 fa:16:3e:bd:0f:6f
Oct 17 02:25:35.212495 podb-esxi207 dnsmasq-dhcp[1371616]: DHCPACK(tapdb1dda60-d5) 10.1.0.14 fa:16:3e:bd:0f:6f host-10-1-0-14
Oct 17 02:26:04.386087 podb-esxi207 dnsmasq[1376529]: read /opt/stack/data/neutron/dhcp/fb18e052-3513-4b41-83ef-a1eb0feb578a/addn_hosts - 6 names
Oct 17 02:26:04.386289 podb-esxi207 dnsmasq-dhcp[1376529]: read /opt/stack/data/neutron/dhcp/fb18e052-3513-4b41-83ef-a1eb0feb578a/host
Oct 17 02:26:04.386382 podb-esxi207 dnsmasq-dhcp[1376529]: read /opt/stack/data/neutron/dhcp/fb18e052-3513-4b41-83ef-a1eb0feb578a/opts
Oct 17 02:26:17.905938 podb-esxi207 dnsmasq[1253999]: read /opt/stack/data/neutron/dhcp/ff764a61-c103-4e8e-9e20-68eb1aaca370/addn_hosts - 0 names
Oct 17 02:26:17.906003 podb-esxi207 dnsmasq-dhcp[1253999]: read /opt/stack/data/neutron/dhcp/ff764a61-c103-4e8e-9e20-68eb1aaca370/host
Oct 17 02:26:17.906054 podb-esxi207 dnsmasq-dhcp[1253999]: read /opt/stack/data/neutron/dhcp/ff764a61-c103-4e8e-9e20-68eb1aaca370/opts
Oct 17 02:26:30.172038 podb-esxi207 dnsmasq[1371616]: read /opt/stack/data/neutron/dhcp/e2412147-2296-4e45-a42b-2827053f459f/addn_hosts - 6 names
Oct 17 02:26:30.172172 podb-esxi207 dnsmasq-dhcp[1371616]: read /opt/stack/data/neutron/dhcp/e2412147-2296-4e45-a42b-2827053f459f/host
Oct 17 02:26:30.172245 podb-esxi207 dnsmasq-dhcp[1371616]: read /opt/stack/data/neutron/dhcp/e2412147-2296-4e45-a42b-2827053f459f/opts
Oct 17 02:26:32.556104 podb-esxi207 dnsmasq-dhcp[1376529]: DHCPDISCOVER(tap0b067a5b-b8) fa:16:3e:ed:32:4f
Oct 17 02:26:32.556136 podb-esxi207 dnsmasq-dhcp[1376529]: DHCPOFFER(tap0b067a5b-b8) 10.1.0.10 fa:16:3e:ed:32:4f
Oct 17 02:26:32.568725 podb-esxi207 dnsmasq-dhcp[1376529]: DHCPREQUEST(tap0b067a5b-b8) 10.1.0.10 fa:16:3e:ed:32:4f
Oct 17 02:26:32.568757 podb-esxi207 dnsmasq-dhcp[1376529]: DHCPACK(tap0b067a5b-b8) 10.1.0.10 fa:16:3e:ed:32:4f host-10-1-0-10
Oct 17 02:27:15.819209 podb-esxi207 dnsmasq[1381014]: started, version 2.90 cachesize 150
Oct 17 02:27:15.819232 podb-esxi207 dnsmasq[1381014]: DNS service limited to local subnets
Oct 17 02:27:15.819247 podb-esxi207 dnsmasq[1381014]: compile time options: IPv6 GNU-getopt DBus no-UBus i18n IDN2 DHCP DHCPv6 no-Lua TFTP conntrack ipset no-nftset auth cryptohash DNSSEC loop-detect inotify dumpfile
Oct 17 02:27:15.819286 podb-esxi207 dnsmasq-dhcp[1381014]: DHCP, static leases only on 10.1.0.0, lease time 1d
Oct 17 02:27:15.819434 podb-esxi207 dnsmasq[1381014]: reading /etc/resolv.conf
Oct 17 02:27:15.819449 podb-esxi207 dnsmasq[1381014]: using nameserver 127.0.0.53#53
Oct 17 02:27:15.819531 podb-esxi207 dnsmasq[1381014]: read /opt/stack/data/neutron/dhcp/37feb121-2285-432a-abab-0aff9f44f9ba/addn_hosts - 0 names
Oct 17 02:27:15.819580 podb-esxi207 dnsmasq-dhcp[1381014]: read /opt/stack/data/neutron/dhcp/37feb121-2285-432a-abab-0aff9f44f9ba/host
Oct 17 02:27:15.819642 podb-esxi207 dnsmasq-dhcp[1381014]: read /opt/stack/data/neutron/dhcp/37feb121-2285-432a-abab-0aff9f44f9ba/opts
Oct 17 02:27:16.355231 podb-esxi207 dnsmasq-dhcp[1370655]: DHCPRELEASE(tapf850faee-4d) 10.1.0.10 fa:16:3e:c4:d8:15
Oct 17 02:27:16.371084 podb-esxi207 dnsmasq-dhcp[1370655]: DHCPRELEASE(tapf850faee-4d) 10.1.0.10 fa:16:3e:c4:d8:15 unknown lease
Oct 17 02:27:17.191397 podb-esxi207 dnsmasq[1370655]: read /opt/stack/data/neutron/dhcp/8df9284f-bd14-4631-8d4e-bf342644fc48/addn_hosts - 2 names
Oct 17 02:27:17.191475 podb-esxi207 dnsmasq-dhcp[1370655]: read /opt/stack/data/neutron/dhcp/8df9284f-bd14-4631-8d4e-bf342644fc48/host
Oct 17 02:27:17.191544 podb-esxi207 dnsmasq-dhcp[1370655]: read /opt/stack/data/neutron/dhcp/8df9284f-bd14-4631-8d4e-bf342644fc48/opts
Oct 17 02:27:18.425130 podb-esxi207 dnsmasq[1381014]: read /opt/stack/data/neutron/dhcp/37feb121-2285-432a-abab-0aff9f44f9ba/addn_hosts - 2 names
Oct 17 02:27:18.425234 podb-esxi207 dnsmasq-dhcp[1381014]: read /opt/stack/data/neutron/dhcp/37feb121-2285-432a-abab-0aff9f44f9ba/host
Oct 17 02:27:18.425337 podb-esxi207 dnsmasq-dhcp[1381014]: read /opt/stack/data/neutron/dhcp/37feb121-2285-432a-abab-0aff9f44f9ba/opts
Oct 17 02:27:21.212085 podb-esxi207 dnsmasq[1381456]: started, version 2.90 cachesize 150
Oct 17 02:27:21.212108 podb-esxi207 dnsmasq[1381456]: DNS service limited to local subnets
Oct 17 02:27:21.212122 podb-esxi207 dnsmasq[1381456]: compile time options: IPv6 GNU-getopt DBus no-UBus i18n IDN2 DHCP DHCPv6 no-Lua TFTP conntrack ipset no-nftset auth cryptohash DNSSEC loop-detect inotify dumpfile
Oct 17 02:27:21.212160 podb-esxi207 dnsmasq-dhcp[1381456]: DHCP, static leases only on 10.1.0.0, lease time 1d
Oct 17 02:27:21.212314 podb-esxi207 dnsmasq[1381456]: reading /etc/resolv.conf
Oct 17 02:27:21.212331 podb-esxi207 dnsmasq[1381456]: using nameserver 127.0.0.53#53
Oct 17 02:27:21.212429 podb-esxi207 dnsmasq[1381456]: read /opt/stack/data/neutron/dhcp/0613fc7f-0f69-4764-88e9-708442bc4c25/addn_hosts - 2 names
Oct 17 02:27:21.212489 podb-esxi207 dnsmasq-dhcp[1381456]: read /opt/stack/data/neutron/dhcp/0613fc7f-0f69-4764-88e9-708442bc4c25/host
Oct 17 02:27:21.212563 podb-esxi207 dnsmasq-dhcp[1381456]: read /opt/stack/data/neutron/dhcp/0613fc7f-0f69-4764-88e9-708442bc4c25/opts
Oct 17 02:27:22.251431 podb-esxi207 dnsmasq[1381014]: read /opt/stack/data/neutron/dhcp/37feb121-2285-432a-abab-0aff9f44f9ba/addn_hosts - 2 names
Oct 17 02:27:22.251528 podb-esxi207 dnsmasq-dhcp[1381014]: read /opt/stack/data/neutron/dhcp/37feb121-2285-432a-abab-0aff9f44f9ba/host
Oct 17 02:27:22.251634 podb-esxi207 dnsmasq-dhcp[1381014]: read /opt/stack/data/neutron/dhcp/37feb121-2285-432a-abab-0aff9f44f9ba/opts
Oct 17 02:27:23.492690 podb-esxi207 dnsmasq[1381456]: read /opt/stack/data/neutron/dhcp/0613fc7f-0f69-4764-88e9-708442bc4c25/addn_hosts - 2 names
Oct 17 02:27:23.492766 podb-esxi207 dnsmasq-dhcp[1381456]: read /opt/stack/data/neutron/dhcp/0613fc7f-0f69-4764-88e9-708442bc4c25/host
Oct 17 02:27:23.492841 podb-esxi207 dnsmasq-dhcp[1381456]: read /opt/stack/data/neutron/dhcp/0613fc7f-0f69-4764-88e9-708442bc4c25/opts
Oct 17 02:27:24.756070 podb-esxi207 dnsmasq[1381014]: read /opt/stack/data/neutron/dhcp/37feb121-2285-432a-abab-0aff9f44f9ba/addn_hosts - 2 names
Oct 17 02:27:24.756178 podb-esxi207 dnsmasq-dhcp[1381014]: read /opt/stack/data/neutron/dhcp/37feb121-2285-432a-abab-0aff9f44f9ba/host
Oct 17 02:27:24.756277 podb-esxi207 dnsmasq-dhcp[1381014]: read /opt/stack/data/neutron/dhcp/37feb121-2285-432a-abab-0aff9f44f9ba/opts
Oct 17 02:27:25.521178 podb-esxi207 dnsmasq[1381456]: read /opt/stack/data/neutron/dhcp/0613fc7f-0f69-4764-88e9-708442bc4c25/addn_hosts - 2 names
Oct 17 02:27:25.521256 podb-esxi207 dnsmasq-dhcp[1381456]: read /opt/stack/data/neutron/dhcp/0613fc7f-0f69-4764-88e9-708442bc4c25/host
Oct 17 02:27:25.521329 podb-esxi207 dnsmasq-dhcp[1381456]: read /opt/stack/data/neutron/dhcp/0613fc7f-0f69-4764-88e9-708442bc4c25/opts
Oct 17 02:27:26.787043 podb-esxi207 dnsmasq[1381014]: read /opt/stack/data/neutron/dhcp/37feb121-2285-432a-abab-0aff9f44f9ba/addn_hosts - 4 names
Oct 17 02:27:26.787193 podb-esxi207 dnsmasq-dhcp[1381014]: read /opt/stack/data/neutron/dhcp/37feb121-2285-432a-abab-0aff9f44f9ba/host
Oct 17 02:27:26.787306 podb-esxi207 dnsmasq-dhcp[1381014]: read /opt/stack/data/neutron/dhcp/37feb121-2285-432a-abab-0aff9f44f9ba/opts
Oct 17 02:27:27.557203 podb-esxi207 dnsmasq[1381456]: read /opt/stack/data/neutron/dhcp/0613fc7f-0f69-4764-88e9-708442bc4c25/addn_hosts - 2 names
Oct 17 02:27:27.557317 podb-esxi207 dnsmasq-dhcp[1381456]: read /opt/stack/data/neutron/dhcp/0613fc7f-0f69-4764-88e9-708442bc4c25/host
Oct 17 02:27:27.557410 podb-esxi207 dnsmasq-dhcp[1381456]: read /opt/stack/data/neutron/dhcp/0613fc7f-0f69-4764-88e9-708442bc4c25/opts
Oct 17 02:27:29.317754 podb-esxi207 dnsmasq-dhcp[1371616]: DHCPDISCOVER(tapdb1dda60-d5) fa:16:3e:7f:92:44
Oct 17 02:27:29.317781 podb-esxi207 dnsmasq-dhcp[1371616]: DHCPOFFER(tapdb1dda60-d5) 10.1.0.8 fa:16:3e:7f:92:44
Oct 17 02:27:29.335168 podb-esxi207 dnsmasq-dhcp[1371616]: DHCPREQUEST(tapdb1dda60-d5) 10.1.0.8 fa:16:3e:7f:92:44
Oct 17 02:27:29.335202 podb-esxi207 dnsmasq-dhcp[1371616]: DHCPACK(tapdb1dda60-d5) 10.1.0.8 fa:16:3e:7f:92:44 host-10-1-0-8
Oct 17 02:27:47.350560 podb-esxi207 dnsmasq-dhcp[1381014]: DHCPDISCOVER(tap02e87cfd-8a) fa:16:3e:af:78:0e
Oct 17 02:27:47.350590 podb-esxi207 dnsmasq-dhcp[1381014]: DHCPOFFER(tap02e87cfd-8a) 10.1.0.10 fa:16:3e:af:78:0e
Oct 17 02:27:47.379978 podb-esxi207 dnsmasq-dhcp[1381014]: DHCPREQUEST(tap02e87cfd-8a) 10.1.0.10 fa:16:3e:af:78:0e
Oct 17 02:27:47.380014 podb-esxi207 dnsmasq-dhcp[1381014]: DHCPACK(tap02e87cfd-8a) 10.1.0.10 fa:16:3e:af:78:0e host-10-1-0-10
Oct 17 02:27:53.858220 podb-esxi207 dnsmasq-dhcp[1381014]: DHCPRELEASE(tap02e87cfd-8a) 10.1.0.10 fa:16:3e:af:78:0e
Oct 17 02:27:53.875203 podb-esxi207 dnsmasq-dhcp[1381014]: DHCPRELEASE(tap02e87cfd-8a) 10.1.0.10 fa:16:3e:af:78:0e unknown lease
Oct 17 02:27:54.699784 podb-esxi207 dnsmasq[1381014]: read /opt/stack/data/neutron/dhcp/37feb121-2285-432a-abab-0aff9f44f9ba/addn_hosts - 2 names
Oct 17 02:27:54.699874 podb-esxi207 dnsmasq-dhcp[1381014]: read /opt/stack/data/neutron/dhcp/37feb121-2285-432a-abab-0aff9f44f9ba/host
Oct 17 02:27:54.699971 podb-esxi207 dnsmasq-dhcp[1381014]: read /opt/stack/data/neutron/dhcp/37feb121-2285-432a-abab-0aff9f44f9ba/opts
Oct 17 02:28:02.224119 podb-esxi207 dnsmasq-dhcp[1376529]: DHCPRELEASE(tap0b067a5b-b8) 10.1.0.10 fa:16:3e:ed:32:4f
Oct 17 02:28:02.241721 podb-esxi207 dnsmasq-dhcp[1376529]: DHCPRELEASE(tap0b067a5b-b8) 10.1.0.10 fa:16:3e:ed:32:4f unknown lease
Oct 17 02:28:03.066923 podb-esxi207 dnsmasq[1376529]: read /opt/stack/data/neutron/dhcp/fb18e052-3513-4b41-83ef-a1eb0feb578a/addn_hosts - 4 names
Oct 17 02:28:03.067077 podb-esxi207 dnsmasq-dhcp[1376529]: read /opt/stack/data/neutron/dhcp/fb18e052-3513-4b41-83ef-a1eb0feb578a/host
Oct 17 02:28:03.067187 podb-esxi207 dnsmasq-dhcp[1376529]: read /opt/stack/data/neutron/dhcp/fb18e052-3513-4b41-83ef-a1eb0feb578a/opts
Oct 17 02:28:13.856023 podb-esxi207 dnsmasq-dhcp[1371616]: DHCPRELEASE(tapdb1dda60-d5) 10.1.0.8 fa:16:3e:7f:92:44
Oct 17 02:28:13.873546 podb-esxi207 dnsmasq-dhcp[1371616]: DHCPRELEASE(tapdb1dda60-d5) 10.1.0.8 fa:16:3e:7f:92:44 unknown lease
Oct 17 02:28:14.702302 podb-esxi207 dnsmasq[1371616]: read /opt/stack/data/neutron/dhcp/e2412147-2296-4e45-a42b-2827053f459f/addn_hosts - 4 names
Oct 17 02:28:14.702411 podb-esxi207 dnsmasq-dhcp[1371616]: read /opt/stack/data/neutron/dhcp/e2412147-2296-4e45-a42b-2827053f459f/host
Oct 17 02:28:14.702502 podb-esxi207 dnsmasq-dhcp[1371616]: read /opt/stack/data/neutron/dhcp/e2412147-2296-4e45-a42b-2827053f459f/opts
Oct 17 02:28:53.867713 podb-esxi207 dnsmasq-dhcp[1376529]: DHCPRELEASE(tap0b067a5b-b8) 10.1.0.12 fa:16:3e:6c:25:2f
Oct 17 02:28:53.882931 podb-esxi207 dnsmasq-dhcp[1376529]: DHCPRELEASE(tap0b067a5b-b8) 10.1.0.12 fa:16:3e:6c:25:2f unknown lease
Oct 17 02:28:54.709394 podb-esxi207 dnsmasq[1376529]: read /opt/stack/data/neutron/dhcp/fb18e052-3513-4b41-83ef-a1eb0feb578a/addn_hosts - 2 names
Oct 17 02:28:54.709505 podb-esxi207 dnsmasq-dhcp[1376529]: read /opt/stack/data/neutron/dhcp/fb18e052-3513-4b41-83ef-a1eb0feb578a/host
Oct 17 02:28:54.709613 podb-esxi207 dnsmasq-dhcp[1376529]: read /opt/stack/data/neutron/dhcp/fb18e052-3513-4b41-83ef-a1eb0feb578a/opts
Oct 17 02:29:34.624717 podb-esxi207 dnsmasq-dhcp[1371616]: DHCPRELEASE(tapdb1dda60-d5) 10.1.0.14 fa:16:3e:bd:0f:6f
Oct 17 02:29:34.642512 podb-esxi207 dnsmasq-dhcp[1371616]: DHCPRELEASE(tapdb1dda60-d5) 10.1.0.14 fa:16:3e:bd:0f:6f unknown lease
Oct 17 02:29:35.467657 podb-esxi207 dnsmasq[1371616]: read /opt/stack/data/neutron/dhcp/e2412147-2296-4e45-a42b-2827053f459f/addn_hosts - 2 names
Oct 17 02:29:35.467749 podb-esxi207 dnsmasq-dhcp[1371616]: read /opt/stack/data/neutron/dhcp/e2412147-2296-4e45-a42b-2827053f459f/host
Oct 17 02:29:35.467859 podb-esxi207 dnsmasq-dhcp[1371616]: read /opt/stack/data/neutron/dhcp/e2412147-2296-4e45-a42b-2827053f459f/opts
Oct 17 02:29:39.299194 podb-esxi207 dnsmasq[1376529]: read /opt/stack/data/neutron/dhcp/fb18e052-3513-4b41-83ef-a1eb0feb578a/addn_hosts - 0 names
Oct 17 02:29:39.299247 podb-esxi207 dnsmasq-dhcp[1376529]: read /opt/stack/data/neutron/dhcp/fb18e052-3513-4b41-83ef-a1eb0feb578a/host
Oct 17 02:29:39.299286 podb-esxi207 dnsmasq-dhcp[1376529]: read /opt/stack/data/neutron/dhcp/fb18e052-3513-4b41-83ef-a1eb0feb578a/opts
Oct 17 02:29:40.256339 podb-esxi207 dnsmasq[1376529]: exiting on receipt of SIGTERM
Oct 17 02:29:41.391829 podb-esxi207 dnsmasq[1376912]: read /opt/stack/data/neutron/dhcp/d0a81933-50ed-4889-9c2a-30c731fde926/addn_hosts - 0 names
Oct 17 02:29:41.391905 podb-esxi207 dnsmasq-dhcp[1376912]: read /opt/stack/data/neutron/dhcp/d0a81933-50ed-4889-9c2a-30c731fde926/host
Oct 17 02:29:41.392010 podb-esxi207 dnsmasq-dhcp[1376912]: read /opt/stack/data/neutron/dhcp/d0a81933-50ed-4889-9c2a-30c731fde926/opts
Oct 17 02:29:41.659509 podb-esxi207 dnsmasq[1376912]: exiting on receipt of SIGTERM
Oct 17 02:30:06.273918 podb-esxi207 dnsmasq[1381014]: read /opt/stack/data/neutron/dhcp/37feb121-2285-432a-abab-0aff9f44f9ba/addn_hosts - 0 names
Oct 17 02:30:06.274031 podb-esxi207 dnsmasq-dhcp[1381014]: read /opt/stack/data/neutron/dhcp/37feb121-2285-432a-abab-0aff9f44f9ba/host
Oct 17 02:30:06.274125 podb-esxi207 dnsmasq-dhcp[1381014]: read /opt/stack/data/neutron/dhcp/37feb121-2285-432a-abab-0aff9f44f9ba/opts
Oct 17 02:30:07.402995 podb-esxi207 dnsmasq[1381014]: exiting on receipt of SIGTERM
Oct 17 02:30:08.017784 podb-esxi207 dnsmasq-dhcp[1381456]: DHCPRELEASE(tap4267e9d9-e9) 10.1.0.1 fa:16:3e:a2:fc:59
Oct 17 02:30:08.841613 podb-esxi207 dnsmasq[1381456]: read /opt/stack/data/neutron/dhcp/0613fc7f-0f69-4764-88e9-708442bc4c25/addn_hosts - 0 names
Oct 17 02:30:08.841735 podb-esxi207 dnsmasq-dhcp[1381456]: read /opt/stack/data/neutron/dhcp/0613fc7f-0f69-4764-88e9-708442bc4c25/host
Oct 17 02:30:08.841816 podb-esxi207 dnsmasq-dhcp[1381456]: read /opt/stack/data/neutron/dhcp/0613fc7f-0f69-4764-88e9-708442bc4c25/opts
Oct 17 02:30:09.599894 podb-esxi207 dnsmasq[1381456]: exiting on receipt of SIGTERM
Oct 17 02:30:47.930010 podb-esxi207 dnsmasq[1371616]: read /opt/stack/data/neutron/dhcp/e2412147-2296-4e45-a42b-2827053f459f/addn_hosts - 4 names
Oct 17 02:30:47.930150 podb-esxi207 dnsmasq-dhcp[1371616]: read /opt/stack/data/neutron/dhcp/e2412147-2296-4e45-a42b-2827053f459f/host
Oct 17 02:30:47.930260 podb-esxi207 dnsmasq-dhcp[1371616]: read /opt/stack/data/neutron/dhcp/e2412147-2296-4e45-a42b-2827053f459f/opts
Oct 17 02:31:21.176761 podb-esxi207 dnsmasq[1384465]: started, version 2.90 cachesize 150
Oct 17 02:31:21.176785 podb-esxi207 dnsmasq[1384465]: DNS service limited to local subnets
Oct 17 02:31:21.176799 podb-esxi207 dnsmasq[1384465]: compile time options: IPv6 GNU-getopt DBus no-UBus i18n IDN2 DHCP DHCPv6 no-Lua TFTP conntrack ipset no-nftset auth cryptohash DNSSEC loop-detect inotify dumpfile
Oct 17 02:31:21.176833 podb-esxi207 dnsmasq-dhcp[1384465]: DHCP, static leases only on 10.1.0.0, lease time 1d
Oct 17 02:31:21.176975 podb-esxi207 dnsmasq[1384465]: reading /etc/resolv.conf
Oct 17 02:31:21.176991 podb-esxi207 dnsmasq[1384465]: using nameserver 127.0.0.53#53
Oct 17 02:31:21.177074 podb-esxi207 dnsmasq[1384465]: read /opt/stack/data/neutron/dhcp/4fa21b45-13af-42ba-9ecd-0b7a8417c9ca/addn_hosts - 0 names
Oct 17 02:31:21.177125 podb-esxi207 dnsmasq-dhcp[1384465]: read /opt/stack/data/neutron/dhcp/4fa21b45-13af-42ba-9ecd-0b7a8417c9ca/host
Oct 17 02:31:21.177189 podb-esxi207 dnsmasq-dhcp[1384465]: read /opt/stack/data/neutron/dhcp/4fa21b45-13af-42ba-9ecd-0b7a8417c9ca/opts
Oct 17 02:31:24.308920 podb-esxi207 dnsmasq[1384697]: started, version 2.90 cachesize 150
