Oct 17 01:49:41.902709 podb-esxi207 dnsmasq[1334233]: read /opt/stack/data/neutron/dhcp/be3b0139-80ae-499a-9f30-e96601a5e4ea/addn_hosts - 0 names
Oct 17 01:49:41.902796 podb-esxi207 dnsmasq-dhcp[1334233]: read /opt/stack/data/neutron/dhcp/be3b0139-80ae-499a-9f30-e96601a5e4ea/host
Oct 17 01:49:41.903129 podb-esxi207 dnsmasq-dhcp[1334233]: read /opt/stack/data/neutron/dhcp/be3b0139-80ae-499a-9f30-e96601a5e4ea/opts
Oct 17 01:49:43.152988 podb-esxi207 dnsmasq[1340941]: read /opt/stack/data/neutron/dhcp/dfdeac20-673d-4c69-ae15-d125421f3cfe/addn_hosts - 2 names
Oct 17 01:49:43.153024 podb-esxi207 dnsmasq-dhcp[1340941]: read /opt/stack/data/neutron/dhcp/dfdeac20-673d-4c69-ae15-d125421f3cfe/host
Oct 17 01:49:43.153046 podb-esxi207 dnsmasq-dhcp[1340941]: read /opt/stack/data/neutron/dhcp/dfdeac20-673d-4c69-ae15-d125421f3cfe/opts
Oct 17 01:49:43.409780 podb-esxi207 dnsmasq-dhcp[1334292]: DHCPRELEASE(tap0d5b921a-15) 10.1.0.1 fa:16:3e:70:72:c2
Oct 17 01:49:44.234643 podb-esxi207 dnsmasq[1334292]: read /opt/stack/data/neutron/dhcp/9931d734-69f1-4afc-bf9e-87e6a5fb5e98/addn_hosts - 0 names
Oct 17 01:49:44.234748 podb-esxi207 dnsmasq-dhcp[1334292]: read /opt/stack/data/neutron/dhcp/9931d734-69f1-4afc-bf9e-87e6a5fb5e98/host
Oct 17 01:49:44.234847 podb-esxi207 dnsmasq-dhcp[1334292]: read /opt/stack/data/neutron/dhcp/9931d734-69f1-4afc-bf9e-87e6a5fb5e98/opts
Oct 17 01:49:44.989081 podb-esxi207 dnsmasq[1340626]: read /opt/stack/data/neutron/dhcp/9e095d8f-ad77-407e-b446-6b1cadad85c8/addn_hosts - 2 names
Oct 17 01:49:44.989201 podb-esxi207 dnsmasq-dhcp[1340626]: read /opt/stack/data/neutron/dhcp/9e095d8f-ad77-407e-b446-6b1cadad85c8/host
Oct 17 01:49:44.989309 podb-esxi207 dnsmasq-dhcp[1340626]: read /opt/stack/data/neutron/dhcp/9e095d8f-ad77-407e-b446-6b1cadad85c8/opts
Oct 17 01:49:48.438094 podb-esxi207 dnsmasq[1341658]: started, version 2.90 cachesize 150
Oct 17 01:49:48.438122 podb-esxi207 dnsmasq[1341658]: DNS service limited to local subnets
Oct 17 01:49:48.438137 podb-esxi207 dnsmasq[1341658]: compile time options: IPv6 GNU-getopt DBus no-UBus i18n IDN2 DHCP DHCPv6 no-Lua TFTP conntrack ipset no-nftset auth cryptohash DNSSEC loop-detect inotify dumpfile
Oct 17 01:49:48.438175 podb-esxi207 dnsmasq-dhcp[1341658]: DHCP, static leases only on 10.1.0.0, lease time 1d
Oct 17 01:49:48.438331 podb-esxi207 dnsmasq[1341658]: reading /etc/resolv.conf
Oct 17 01:49:48.438347 podb-esxi207 dnsmasq[1341658]: using nameserver 127.0.0.53#53
Oct 17 01:49:48.438455 podb-esxi207 dnsmasq[1341658]: read /opt/stack/data/neutron/dhcp/9b7c84b4-81e3-4b7f-be36-2d2bf95754aa/addn_hosts - 2 names
Oct 17 01:49:48.438526 podb-esxi207 dnsmasq-dhcp[1341658]: read /opt/stack/data/neutron/dhcp/9b7c84b4-81e3-4b7f-be36-2d2bf95754aa/host
Oct 17 01:49:48.438595 podb-esxi207 dnsmasq-dhcp[1341658]: read /opt/stack/data/neutron/dhcp/9b7c84b4-81e3-4b7f-be36-2d2bf95754aa/opts
Oct 17 01:49:49.481782 podb-esxi207 dnsmasq[1341272]: read /opt/stack/data/neutron/dhcp/2dfdc147-607a-49ac-bdfd-04a36729775f/addn_hosts - 2 names
Oct 17 01:49:49.481888 podb-esxi207 dnsmasq-dhcp[1341272]: read /opt/stack/data/neutron/dhcp/2dfdc147-607a-49ac-bdfd-04a36729775f/host
Oct 17 01:49:49.481958 podb-esxi207 dnsmasq-dhcp[1341272]: read /opt/stack/data/neutron/dhcp/2dfdc147-607a-49ac-bdfd-04a36729775f/opts
Oct 17 01:49:49.729221 podb-esxi207 dnsmasq[1334233]: exiting on receipt of SIGTERM
Oct 17 01:49:50.833845 podb-esxi207 dnsmasq[1340941]: read /opt/stack/data/neutron/dhcp/dfdeac20-673d-4c69-ae15-d125421f3cfe/addn_hosts - 2 names
Oct 17 01:49:50.834005 podb-esxi207 dnsmasq-dhcp[1340941]: read /opt/stack/data/neutron/dhcp/dfdeac20-673d-4c69-ae15-d125421f3cfe/host
Oct 17 01:49:50.834137 podb-esxi207 dnsmasq-dhcp[1340941]: read /opt/stack/data/neutron/dhcp/dfdeac20-673d-4c69-ae15-d125421f3cfe/opts
Oct 17 01:49:51.078401 podb-esxi207 dnsmasq[1334292]: exiting on receipt of SIGTERM
Oct 17 01:49:52.186713 podb-esxi207 dnsmasq[1340626]: read /opt/stack/data/neutron/dhcp/9e095d8f-ad77-407e-b446-6b1cadad85c8/addn_hosts - 2 names
Oct 17 01:49:52.186827 podb-esxi207 dnsmasq-dhcp[1340626]: read /opt/stack/data/neutron/dhcp/9e095d8f-ad77-407e-b446-6b1cadad85c8/host
Oct 17 01:49:52.186948 podb-esxi207 dnsmasq-dhcp[1340626]: read /opt/stack/data/neutron/dhcp/9e095d8f-ad77-407e-b446-6b1cadad85c8/opts
Oct 17 01:49:53.962437 podb-esxi207 dnsmasq[1341658]: read /opt/stack/data/neutron/dhcp/9b7c84b4-81e3-4b7f-be36-2d2bf95754aa/addn_hosts - 4 names
Oct 17 01:49:53.962575 podb-esxi207 dnsmasq-dhcp[1341658]: read /opt/stack/data/neutron/dhcp/9b7c84b4-81e3-4b7f-be36-2d2bf95754aa/host
Oct 17 01:49:53.962689 podb-esxi207 dnsmasq-dhcp[1341658]: read /opt/stack/data/neutron/dhcp/9b7c84b4-81e3-4b7f-be36-2d2bf95754aa/opts
Oct 17 01:49:54.712849 podb-esxi207 dnsmasq[1341272]: read /opt/stack/data/neutron/dhcp/2dfdc147-607a-49ac-bdfd-04a36729775f/addn_hosts - 2 names
Oct 17 01:49:54.712926 podb-esxi207 dnsmasq-dhcp[1341272]: read /opt/stack/data/neutron/dhcp/2dfdc147-607a-49ac-bdfd-04a36729775f/host
Oct 17 01:49:54.713031 podb-esxi207 dnsmasq-dhcp[1341272]: read /opt/stack/data/neutron/dhcp/2dfdc147-607a-49ac-bdfd-04a36729775f/opts
Oct 17 01:49:55.446354 podb-esxi207 dnsmasq[1340941]: read /opt/stack/data/neutron/dhcp/dfdeac20-673d-4c69-ae15-d125421f3cfe/addn_hosts - 2 names
Oct 17 01:49:55.446444 podb-esxi207 dnsmasq-dhcp[1340941]: read /opt/stack/data/neutron/dhcp/dfdeac20-673d-4c69-ae15-d125421f3cfe/host
Oct 17 01:49:55.446545 podb-esxi207 dnsmasq-dhcp[1340941]: read /opt/stack/data/neutron/dhcp/dfdeac20-673d-4c69-ae15-d125421f3cfe/opts
Oct 17 01:49:56.190340 podb-esxi207 dnsmasq[1340626]: read /opt/stack/data/neutron/dhcp/9e095d8f-ad77-407e-b446-6b1cadad85c8/addn_hosts - 4 names
Oct 17 01:49:56.190501 podb-esxi207 dnsmasq-dhcp[1340626]: read /opt/stack/data/neutron/dhcp/9e095d8f-ad77-407e-b446-6b1cadad85c8/host
Oct 17 01:49:56.190608 podb-esxi207 dnsmasq-dhcp[1340626]: read /opt/stack/data/neutron/dhcp/9e095d8f-ad77-407e-b446-6b1cadad85c8/opts
Oct 17 01:49:57.435596 podb-esxi207 dnsmasq[1341658]: read /opt/stack/data/neutron/dhcp/9b7c84b4-81e3-4b7f-be36-2d2bf95754aa/addn_hosts - 4 names
Oct 17 01:49:57.435737 podb-esxi207 dnsmasq-dhcp[1341658]: read /opt/stack/data/neutron/dhcp/9b7c84b4-81e3-4b7f-be36-2d2bf95754aa/host
Oct 17 01:49:57.435850 podb-esxi207 dnsmasq-dhcp[1341658]: read /opt/stack/data/neutron/dhcp/9b7c84b4-81e3-4b7f-be36-2d2bf95754aa/opts
Oct 17 01:49:58.172816 podb-esxi207 dnsmasq[1341272]: read /opt/stack/data/neutron/dhcp/2dfdc147-607a-49ac-bdfd-04a36729775f/addn_hosts - 2 names
Oct 17 01:49:58.172891 podb-esxi207 dnsmasq-dhcp[1341272]: read /opt/stack/data/neutron/dhcp/2dfdc147-607a-49ac-bdfd-04a36729775f/host
Oct 17 01:49:58.172965 podb-esxi207 dnsmasq-dhcp[1341272]: read /opt/stack/data/neutron/dhcp/2dfdc147-607a-49ac-bdfd-04a36729775f/opts
Oct 17 01:49:59.421096 podb-esxi207 dnsmasq[1341658]: read /opt/stack/data/neutron/dhcp/9b7c84b4-81e3-4b7f-be36-2d2bf95754aa/addn_hosts - 4 names
Oct 17 01:49:59.421188 podb-esxi207 dnsmasq-dhcp[1341658]: read /opt/stack/data/neutron/dhcp/9b7c84b4-81e3-4b7f-be36-2d2bf95754aa/host
Oct 17 01:49:59.421256 podb-esxi207 dnsmasq-dhcp[1341658]: read /opt/stack/data/neutron/dhcp/9b7c84b4-81e3-4b7f-be36-2d2bf95754aa/opts
Oct 17 01:50:00.663813 podb-esxi207 dnsmasq[1341658]: read /opt/stack/data/neutron/dhcp/9b7c84b4-81e3-4b7f-be36-2d2bf95754aa/addn_hosts - 4 names
Oct 17 01:50:00.663904 podb-esxi207 dnsmasq-dhcp[1341658]: read /opt/stack/data/neutron/dhcp/9b7c84b4-81e3-4b7f-be36-2d2bf95754aa/host
Oct 17 01:50:00.664020 podb-esxi207 dnsmasq-dhcp[1341658]: read /opt/stack/data/neutron/dhcp/9b7c84b4-81e3-4b7f-be36-2d2bf95754aa/opts
Oct 17 01:50:04.934574 podb-esxi207 dnsmasq-dhcp[1340626]: DHCPDISCOVER(tapba6db565-5c) fa:16:3e:43:98:b7
Oct 17 01:50:04.934599 podb-esxi207 dnsmasq-dhcp[1340626]: DHCPOFFER(tapba6db565-5c) 10.1.0.4 fa:16:3e:43:98:b7
Oct 17 01:50:04.945209 podb-esxi207 dnsmasq-dhcp[1340626]: DHCPREQUEST(tapba6db565-5c) 10.1.0.4 fa:16:3e:43:98:b7
Oct 17 01:50:04.945234 podb-esxi207 dnsmasq-dhcp[1340626]: DHCPACK(tapba6db565-5c) 10.1.0.4 fa:16:3e:43:98:b7 host-10-1-0-4
Oct 17 01:50:07.600168 podb-esxi207 dnsmasq-dhcp[1340626]: DHCPRELEASE(tapba6db565-5c) 10.1.0.4 fa:16:3e:43:98:b7
Oct 17 01:50:07.618234 podb-esxi207 dnsmasq-dhcp[1340626]: DHCPRELEASE(tapba6db565-5c) 10.1.0.4 fa:16:3e:43:98:b7 unknown lease
Oct 17 01:50:08.445991 podb-esxi207 dnsmasq[1340626]: read /opt/stack/data/neutron/dhcp/9e095d8f-ad77-407e-b446-6b1cadad85c8/addn_hosts - 2 names
Oct 17 01:50:08.446141 podb-esxi207 dnsmasq-dhcp[1340626]: read /opt/stack/data/neutron/dhcp/9e095d8f-ad77-407e-b446-6b1cadad85c8/host
Oct 17 01:50:08.446251 podb-esxi207 dnsmasq-dhcp[1340626]: read /opt/stack/data/neutron/dhcp/9e095d8f-ad77-407e-b446-6b1cadad85c8/opts
Oct 17 01:50:12.256338 podb-esxi207 dnsmasq-dhcp[1340626]: DHCPRELEASE(tapba6db565-5c) 10.1.0.1 fa:16:3e:d7:f4:f0
Oct 17 01:50:12.860359 podb-esxi207 dnsmasq-dhcp[1341658]: DHCPDISCOVER(tap7d916ba2-a7) fa:16:3e:dd:b0:c1
Oct 17 01:50:12.860384 podb-esxi207 dnsmasq-dhcp[1341658]: DHCPOFFER(tap7d916ba2-a7) 10.1.0.12 fa:16:3e:dd:b0:c1
Oct 17 01:50:12.869880 podb-esxi207 dnsmasq-dhcp[1341658]: DHCPREQUEST(tap7d916ba2-a7) 10.1.0.12 fa:16:3e:dd:b0:c1
Oct 17 01:50:12.869907 podb-esxi207 dnsmasq-dhcp[1341658]: DHCPACK(tap7d916ba2-a7) 10.1.0.12 fa:16:3e:dd:b0:c1 host-10-1-0-12
Oct 17 01:50:13.078230 podb-esxi207 dnsmasq[1340626]: read /opt/stack/data/neutron/dhcp/9e095d8f-ad77-407e-b446-6b1cadad85c8/addn_hosts - 0 names
Oct 17 01:50:13.078295 podb-esxi207 dnsmasq-dhcp[1340626]: read /opt/stack/data/neutron/dhcp/9e095d8f-ad77-407e-b446-6b1cadad85c8/host
Oct 17 01:50:13.078371 podb-esxi207 dnsmasq-dhcp[1340626]: read /opt/stack/data/neutron/dhcp/9e095d8f-ad77-407e-b446-6b1cadad85c8/opts
Oct 17 01:50:13.315617 podb-esxi207 dnsmasq[1340626]: exiting on receipt of SIGTERM
Oct 17 01:50:13.922931 podb-esxi207 dnsmasq-dhcp[1340941]: DHCPRELEASE(tapf8b8b5ff-99) 10.1.0.1 fa:16:3e:8f:69:41
Oct 17 01:50:14.747209 podb-esxi207 dnsmasq[1340941]: read /opt/stack/data/neutron/dhcp/dfdeac20-673d-4c69-ae15-d125421f3cfe/addn_hosts - 0 names
Oct 17 01:50:14.747277 podb-esxi207 dnsmasq-dhcp[1340941]: read /opt/stack/data/neutron/dhcp/dfdeac20-673d-4c69-ae15-d125421f3cfe/host
Oct 17 01:50:14.747328 podb-esxi207 dnsmasq-dhcp[1340941]: read /opt/stack/data/neutron/dhcp/dfdeac20-673d-4c69-ae15-d125421f3cfe/opts
Oct 17 01:50:14.995894 podb-esxi207 dnsmasq[1340941]: exiting on receipt of SIGTERM
Oct 17 01:50:15.624087 podb-esxi207 dnsmasq-dhcp[1341272]: DHCPRELEASE(tap3f6a2951-87) 10.1.0.1 fa:16:3e:7b:88:e7
Oct 17 01:50:16.449149 podb-esxi207 dnsmasq[1341272]: read /opt/stack/data/neutron/dhcp/2dfdc147-607a-49ac-bdfd-04a36729775f/addn_hosts - 0 names
Oct 17 01:50:16.449229 podb-esxi207 dnsmasq-dhcp[1341272]: read /opt/stack/data/neutron/dhcp/2dfdc147-607a-49ac-bdfd-04a36729775f/host
Oct 17 01:50:16.449283 podb-esxi207 dnsmasq-dhcp[1341272]: read /opt/stack/data/neutron/dhcp/2dfdc147-607a-49ac-bdfd-04a36729775f/opts
Oct 17 01:50:17.209526 podb-esxi207 dnsmasq[1341272]: exiting on receipt of SIGTERM
Oct 17 01:50:21.785983 podb-esxi207 dnsmasq[1342668]: started, version 2.90 cachesize 150
Oct 17 01:50:21.786009 podb-esxi207 dnsmasq[1342668]: DNS service limited to local subnets
Oct 17 01:50:21.786024 podb-esxi207 dnsmasq[1342668]: compile time options: IPv6 GNU-getopt DBus no-UBus i18n IDN2 DHCP DHCPv6 no-Lua TFTP conntrack ipset no-nftset auth cryptohash DNSSEC loop-detect inotify dumpfile
Oct 17 01:50:21.786059 podb-esxi207 dnsmasq-dhcp[1342668]: DHCP, static leases only on 10.1.0.0, lease time 1d
Oct 17 01:50:21.786209 podb-esxi207 dnsmasq[1342668]: reading /etc/resolv.conf
Oct 17 01:50:21.786225 podb-esxi207 dnsmasq[1342668]: using nameserver 127.0.0.53#53
Oct 17 01:50:21.786317 podb-esxi207 dnsmasq[1342668]: read /opt/stack/data/neutron/dhcp/a4901723-98e1-4cfd-a85d-6407f63a0c72/addn_hosts - 0 names
Oct 17 01:50:21.786369 podb-esxi207 dnsmasq-dhcp[1342668]: read /opt/stack/data/neutron/dhcp/a4901723-98e1-4cfd-a85d-6407f63a0c72/host
Oct 17 01:50:21.786436 podb-esxi207 dnsmasq-dhcp[1342668]: read /opt/stack/data/neutron/dhcp/a4901723-98e1-4cfd-a85d-6407f63a0c72/opts
Oct 17 01:50:23.830908 podb-esxi207 dnsmasq[1342668]: read /opt/stack/data/neutron/dhcp/a4901723-98e1-4cfd-a85d-6407f63a0c72/addn_hosts - 2 names
Oct 17 01:50:23.830993 podb-esxi207 dnsmasq-dhcp[1342668]: read /opt/stack/data/neutron/dhcp/a4901723-98e1-4cfd-a85d-6407f63a0c72/host
Oct 17 01:50:23.831086 podb-esxi207 dnsmasq-dhcp[1342668]: read /opt/stack/data/neutron/dhcp/a4901723-98e1-4cfd-a85d-6407f63a0c72/opts
Oct 17 01:50:26.807103 podb-esxi207 dnsmasq[1343024]: started, version 2.90 cachesize 150
Oct 17 01:50:26.807127 podb-esxi207 dnsmasq[1343024]: DNS service limited to local subnets
Oct 17 01:50:26.807142 podb-esxi207 dnsmasq[1343024]: compile time options: IPv6 GNU-getopt DBus no-UBus i18n IDN2 DHCP DHCPv6 no-Lua TFTP conntrack ipset no-nftset auth cryptohash DNSSEC loop-detect inotify dumpfile
Oct 17 01:50:26.807182 podb-esxi207 dnsmasq-dhcp[1343024]: DHCP, static leases only on 10.1.0.0, lease time 1d
Oct 17 01:50:26.807333 podb-esxi207 dnsmasq[1343024]: reading /etc/resolv.conf
Oct 17 01:50:26.807350 podb-esxi207 dnsmasq[1343024]: using nameserver 127.0.0.53#53
Oct 17 01:50:26.807464 podb-esxi207 dnsmasq[1343024]: read /opt/stack/data/neutron/dhcp/0c2b1c85-b56c-45c9-901d-d126d4d73559/addn_hosts - 2 names
Oct 17 01:50:26.807519 podb-esxi207 dnsmasq-dhcp[1343024]: read /opt/stack/data/neutron/dhcp/0c2b1c85-b56c-45c9-901d-d126d4d73559/host
Oct 17 01:50:26.807593 podb-esxi207 dnsmasq-dhcp[1343024]: read /opt/stack/data/neutron/dhcp/0c2b1c85-b56c-45c9-901d-d126d4d73559/opts
Oct 17 01:50:27.853452 podb-esxi207 dnsmasq[1342668]: read /opt/stack/data/neutron/dhcp/a4901723-98e1-4cfd-a85d-6407f63a0c72/addn_hosts - 2 names
Oct 17 01:50:27.853561 podb-esxi207 dnsmasq-dhcp[1342668]: read /opt/stack/data/neutron/dhcp/a4901723-98e1-4cfd-a85d-6407f63a0c72/host
Oct 17 01:50:27.853673 podb-esxi207 dnsmasq-dhcp[1342668]: read /opt/stack/data/neutron/dhcp/a4901723-98e1-4cfd-a85d-6407f63a0c72/opts
Oct 17 01:50:29.114441 podb-esxi207 dnsmasq[1343024]: read /opt/stack/data/neutron/dhcp/0c2b1c85-b56c-45c9-901d-d126d4d73559/addn_hosts - 2 names
Oct 17 01:50:29.114525 podb-esxi207 dnsmasq-dhcp[1343024]: read /opt/stack/data/neutron/dhcp/0c2b1c85-b56c-45c9-901d-d126d4d73559/host
Oct 17 01:50:29.114629 podb-esxi207 dnsmasq-dhcp[1343024]: read /opt/stack/data/neutron/dhcp/0c2b1c85-b56c-45c9-901d-d126d4d73559/opts
Oct 17 01:50:30.382595 podb-esxi207 dnsmasq[1342668]: read /opt/stack/data/neutron/dhcp/a4901723-98e1-4cfd-a85d-6407f63a0c72/addn_hosts - 2 names
Oct 17 01:50:30.382683 podb-esxi207 dnsmasq-dhcp[1342668]: read /opt/stack/data/neutron/dhcp/a4901723-98e1-4cfd-a85d-6407f63a0c72/host
Oct 17 01:50:30.382805 podb-esxi207 dnsmasq-dhcp[1342668]: read /opt/stack/data/neutron/dhcp/a4901723-98e1-4cfd-a85d-6407f63a0c72/opts
Oct 17 01:50:31.130376 podb-esxi207 dnsmasq[1343024]: read /opt/stack/data/neutron/dhcp/0c2b1c85-b56c-45c9-901d-d126d4d73559/addn_hosts - 2 names
Oct 17 01:50:31.130466 podb-esxi207 dnsmasq-dhcp[1343024]: read /opt/stack/data/neutron/dhcp/0c2b1c85-b56c-45c9-901d-d126d4d73559/host
Oct 17 01:50:31.130587 podb-esxi207 dnsmasq-dhcp[1343024]: read /opt/stack/data/neutron/dhcp/0c2b1c85-b56c-45c9-901d-d126d4d73559/opts
Oct 17 01:50:32.396262 podb-esxi207 dnsmasq[1343024]: read /opt/stack/data/neutron/dhcp/0c2b1c85-b56c-45c9-901d-d126d4d73559/addn_hosts - 2 names
Oct 17 01:50:32.396357 podb-esxi207 dnsmasq-dhcp[1343024]: read /opt/stack/data/neutron/dhcp/0c2b1c85-b56c-45c9-901d-d126d4d73559/host
Oct 17 01:50:32.396451 podb-esxi207 dnsmasq-dhcp[1343024]: read /opt/stack/data/neutron/dhcp/0c2b1c85-b56c-45c9-901d-d126d4d73559/opts
Oct 17 01:51:00.408761 podb-esxi207 dnsmasq-dhcp[1339569]: DHCPRELEASE(tapd574c40b-62) 10.10.10.211 fa:16:3e:13:c3:ca
Oct 17 01:51:00.425045 podb-esxi207 dnsmasq-dhcp[1339569]: DHCPRELEASE(tapd574c40b-62) 10.10.10.211 fa:16:3e:13:c3:ca unknown lease
Oct 17 01:51:01.249927 podb-esxi207 dnsmasq[1339569]: read /opt/stack/data/neutron/dhcp/2857f13c-4f09-4cf9-a88f-9f9d6913be4b/addn_hosts - 0 names
Oct 17 01:51:01.250039 podb-esxi207 dnsmasq-dhcp[1339569]: read /opt/stack/data/neutron/dhcp/2857f13c-4f09-4cf9-a88f-9f9d6913be4b/host
Oct 17 01:51:01.250133 podb-esxi207 dnsmasq-dhcp[1339569]: read /opt/stack/data/neutron/dhcp/2857f13c-4f09-4cf9-a88f-9f9d6913be4b/opts
Oct 17 01:51:08.357158 podb-esxi207 dnsmasq-dhcp[1339014]: DHCPRELEASE(tap019d801c-8e) 10.1.0.4 fa:16:3e:50:f5:83
Oct 17 01:51:08.374002 podb-esxi207 dnsmasq-dhcp[1339014]: DHCPRELEASE(tap019d801c-8e) 10.1.0.4 fa:16:3e:50:f5:83 unknown lease
Oct 17 01:51:09.200857 podb-esxi207 dnsmasq[1339014]: read /opt/stack/data/neutron/dhcp/45e3aeda-cfca-4f6d-a726-12cc5a2ddbac/addn_hosts - 2 names
Oct 17 01:51:09.200991 podb-esxi207 dnsmasq-dhcp[1339014]: read /opt/stack/data/neutron/dhcp/45e3aeda-cfca-4f6d-a726-12cc5a2ddbac/host
Oct 17 01:51:09.201102 podb-esxi207 dnsmasq-dhcp[1339014]: read /opt/stack/data/neutron/dhcp/45e3aeda-cfca-4f6d-a726-12cc5a2ddbac/opts
Oct 17 01:51:13.702141 podb-esxi207 dnsmasq[1339569]: exiting on receipt of SIGTERM
Oct 17 01:51:17.398857 podb-esxi207 dnsmasq[1344129]: started, version 2.90 cachesize 150
Oct 17 01:51:17.398884 podb-esxi207 dnsmasq[1344129]: DNS service limited to local subnets
Oct 17 01:51:17.398899 podb-esxi207 dnsmasq[1344129]: compile time options: IPv6 GNU-getopt DBus no-UBus i18n IDN2 DHCP DHCPv6 no-Lua TFTP conntrack ipset no-nftset auth cryptohash DNSSEC loop-detect inotify dumpfile
Oct 17 01:51:17.398934 podb-esxi207 dnsmasq-dhcp[1344129]: DHCP, static leases only on 10.1.1.0, lease time 1d
Oct 17 01:51:17.399094 podb-esxi207 dnsmasq[1344129]: reading /etc/resolv.conf
Oct 17 01:51:17.399110 podb-esxi207 dnsmasq[1344129]: using nameserver 127.0.0.53#53
Oct 17 01:51:17.399190 podb-esxi207 dnsmasq[1344129]: read /opt/stack/data/neutron/dhcp/b6e12805-71cf-4ce3-b0be-0bdb7b8a8781/addn_hosts - 0 names
Oct 17 01:51:17.399245 podb-esxi207 dnsmasq-dhcp[1344129]: read /opt/stack/data/neutron/dhcp/b6e12805-71cf-4ce3-b0be-0bdb7b8a8781/host
Oct 17 01:51:17.399310 podb-esxi207 dnsmasq-dhcp[1344129]: read /opt/stack/data/neutron/dhcp/b6e12805-71cf-4ce3-b0be-0bdb7b8a8781/opts
Oct 17 01:51:20.520157 podb-esxi207 dnsmasq[1344255]: started, version 2.90 cachesize 150
Oct 17 01:51:20.520185 podb-esxi207 dnsmasq[1344255]: DNS service limited to local subnets
Oct 17 01:51:20.520200 podb-esxi207 dnsmasq[1344255]: compile time options: IPv6 GNU-getopt DBus no-UBus i18n IDN2 DHCP DHCPv6 no-Lua TFTP conntrack ipset no-nftset auth cryptohash DNSSEC loop-detect inotify dumpfile
Oct 17 01:51:20.520235 podb-esxi207 dnsmasq-dhcp[1344255]: DHCP, static leases only on 10.2.2.0, lease time 1d
Oct 17 01:51:20.520388 podb-esxi207 dnsmasq[1344255]: reading /etc/resolv.conf
Oct 17 01:51:20.520404 podb-esxi207 dnsmasq[1344255]: using nameserver 127.0.0.53#53
Oct 17 01:51:20.520491 podb-esxi207 dnsmasq[1344255]: read /opt/stack/data/neutron/dhcp/c32ac0fb-6553-4c78-8e90-213e05f3666f/addn_hosts - 0 names
Oct 17 01:51:20.520541 podb-esxi207 dnsmasq-dhcp[1344255]: read /opt/stack/data/neutron/dhcp/c32ac0fb-6553-4c78-8e90-213e05f3666f/host
Oct 17 01:51:20.520607 podb-esxi207 dnsmasq-dhcp[1344255]: read /opt/stack/data/neutron/dhcp/c32ac0fb-6553-4c78-8e90-213e05f3666f/opts
Oct 17 01:51:21.561248 podb-esxi207 dnsmasq[1344129]: read /opt/stack/data/neutron/dhcp/b6e12805-71cf-4ce3-b0be-0bdb7b8a8781/addn_hosts - 4 names
Oct 17 01:51:21.561350 podb-esxi207 dnsmasq-dhcp[1344129]: read /opt/stack/data/neutron/dhcp/b6e12805-71cf-4ce3-b0be-0bdb7b8a8781/host
Oct 17 01:51:21.561396 podb-esxi207 dnsmasq-dhcp[1344129]: read /opt/stack/data/neutron/dhcp/b6e12805-71cf-4ce3-b0be-0bdb7b8a8781/opts
Oct 17 01:51:22.327531 podb-esxi207 dnsmasq[1339014]: read /opt/stack/data/neutron/dhcp/45e3aeda-cfca-4f6d-a726-12cc5a2ddbac/addn_hosts - 0 names
Oct 17 01:51:22.327610 podb-esxi207 dnsmasq-dhcp[1339014]: read /opt/stack/data/neutron/dhcp/45e3aeda-cfca-4f6d-a726-12cc5a2ddbac/host
Oct 17 01:51:22.327732 podb-esxi207 dnsmasq-dhcp[1339014]: read /opt/stack/data/neutron/dhcp/45e3aeda-cfca-4f6d-a726-12cc5a2ddbac/opts
Oct 17 01:51:23.079532 podb-esxi207 dnsmasq-dhcp[1339294]: DHCPRELEASE(tap113cbabb-c4) 10.1.0.1 fa:16:3e:f0:6a:aa
Oct 17 01:51:23.904772 podb-esxi207 dnsmasq[1339294]: read /opt/stack/data/neutron/dhcp/79777843-7c4a-4d19-94e3-bc8f6fbe4122/addn_hosts - 0 names
Oct 17 01:51:23.904847 podb-esxi207 dnsmasq-dhcp[1339294]: read /opt/stack/data/neutron/dhcp/79777843-7c4a-4d19-94e3-bc8f6fbe4122/host
Oct 17 01:51:23.904907 podb-esxi207 dnsmasq-dhcp[1339294]: read /opt/stack/data/neutron/dhcp/79777843-7c4a-4d19-94e3-bc8f6fbe4122/opts
Oct 17 01:51:25.164138 podb-esxi207 dnsmasq[1344255]: read /opt/stack/data/neutron/dhcp/c32ac0fb-6553-4c78-8e90-213e05f3666f/addn_hosts - 0 names
Oct 17 01:51:25.164221 podb-esxi207 dnsmasq-dhcp[1344255]: read /opt/stack/data/neutron/dhcp/c32ac0fb-6553-4c78-8e90-213e05f3666f/host
Oct 17 01:51:25.164303 podb-esxi207 dnsmasq-dhcp[1344255]: read /opt/stack/data/neutron/dhcp/c32ac0fb-6553-4c78-8e90-213e05f3666f/opts
Oct 17 01:51:25.929483 podb-esxi207 dnsmasq[1344129]: read /opt/stack/data/neutron/dhcp/b6e12805-71cf-4ce3-b0be-0bdb7b8a8781/addn_hosts - 4 names
Oct 17 01:51:25.929580 podb-esxi207 dnsmasq-dhcp[1344129]: read /opt/stack/data/neutron/dhcp/b6e12805-71cf-4ce3-b0be-0bdb7b8a8781/host
Oct 17 01:51:25.929629 podb-esxi207 dnsmasq-dhcp[1344129]: read /opt/stack/data/neutron/dhcp/b6e12805-71cf-4ce3-b0be-0bdb7b8a8781/opts
Oct 17 01:51:26.228932 podb-esxi207 dnsmasq[1339014]: exiting on receipt of SIGTERM
Oct 17 01:51:29.966153 podb-esxi207 dnsmasq[1344598]: started, version 2.90 cachesize 150
Oct 17 01:51:29.966179 podb-esxi207 dnsmasq[1344598]: DNS service limited to local subnets
Oct 17 01:51:29.966194 podb-esxi207 dnsmasq[1344598]: compile time options: IPv6 GNU-getopt DBus no-UBus i18n IDN2 DHCP DHCPv6 no-Lua TFTP conntrack ipset no-nftset auth cryptohash DNSSEC loop-detect inotify dumpfile
Oct 17 01:51:29.966233 podb-esxi207 dnsmasq-dhcp[1344598]: DHCP, static leases only on 10.1.0.0, lease time 1d
Oct 17 01:51:29.966393 podb-esxi207 dnsmasq[1344598]: reading /etc/resolv.conf
Oct 17 01:51:29.966411 podb-esxi207 dnsmasq[1344598]: using nameserver 127.0.0.53#53
Oct 17 01:51:29.966525 podb-esxi207 dnsmasq[1344598]: read /opt/stack/data/neutron/dhcp/8bcce306-9da1-4b2b-bc6e-0beb0c105f35/addn_hosts - 2 names
Oct 17 01:51:29.966595 podb-esxi207 dnsmasq-dhcp[1344598]: read /opt/stack/data/neutron/dhcp/8bcce306-9da1-4b2b-bc6e-0beb0c105f35/host
Oct 17 01:51:29.966660 podb-esxi207 dnsmasq-dhcp[1344598]: read /opt/stack/data/neutron/dhcp/8bcce306-9da1-4b2b-bc6e-0beb0c105f35/opts
Oct 17 01:51:29.994990 podb-esxi207 dnsmasq[1339294]: exiting on receipt of SIGTERM
Oct 17 01:51:31.141437 podb-esxi207 dnsmasq[1342668]: read /opt/stack/data/neutron/dhcp/a4901723-98e1-4cfd-a85d-6407f63a0c72/addn_hosts - 4 names
Oct 17 01:51:31.141583 podb-esxi207 dnsmasq-dhcp[1342668]: read /opt/stack/data/neutron/dhcp/a4901723-98e1-4cfd-a85d-6407f63a0c72/host
Oct 17 01:51:31.141699 podb-esxi207 dnsmasq-dhcp[1342668]: read /opt/stack/data/neutron/dhcp/a4901723-98e1-4cfd-a85d-6407f63a0c72/opts
Oct 17 01:51:31.860762 podb-esxi207 dnsmasq[1344129]: read /opt/stack/data/neutron/dhcp/b6e12805-71cf-4ce3-b0be-0bdb7b8a8781/addn_hosts - 4 names
Oct 17 01:51:31.860844 podb-esxi207 dnsmasq-dhcp[1344129]: read /opt/stack/data/neutron/dhcp/b6e12805-71cf-4ce3-b0be-0bdb7b8a8781/host
Oct 17 01:51:31.860900 podb-esxi207 dnsmasq-dhcp[1344129]: read /opt/stack/data/neutron/dhcp/b6e12805-71cf-4ce3-b0be-0bdb7b8a8781/opts
Oct 17 01:51:32.602649 podb-esxi207 dnsmasq[1344255]: read /opt/stack/data/neutron/dhcp/c32ac0fb-6553-4c78-8e90-213e05f3666f/addn_hosts - 2 names
Oct 17 01:51:32.602727 podb-esxi207 dnsmasq-dhcp[1344255]: read /opt/stack/data/neutron/dhcp/c32ac0fb-6553-4c78-8e90-213e05f3666f/host
Oct 17 01:51:32.602773 podb-esxi207 dnsmasq-dhcp[1344255]: read /opt/stack/data/neutron/dhcp/c32ac0fb-6553-4c78-8e90-213e05f3666f/opts
Oct 17 01:51:34.368251 podb-esxi207 dnsmasq[1344598]: read /opt/stack/data/neutron/dhcp/8bcce306-9da1-4b2b-bc6e-0beb0c105f35/addn_hosts - 4 names
Oct 17 01:51:34.368340 podb-esxi207 dnsmasq-dhcp[1344598]: read /opt/stack/data/neutron/dhcp/8bcce306-9da1-4b2b-bc6e-0beb0c105f35/host
Oct 17 01:51:34.368452 podb-esxi207 dnsmasq-dhcp[1344598]: read /opt/stack/data/neutron/dhcp/8bcce306-9da1-4b2b-bc6e-0beb0c105f35/opts
Oct 17 01:51:35.092972 podb-esxi207 dnsmasq[1344129]: read /opt/stack/data/neutron/dhcp/b6e12805-71cf-4ce3-b0be-0bdb7b8a8781/addn_hosts - 6 names
Oct 17 01:51:35.093077 podb-esxi207 dnsmasq-dhcp[1344129]: read /opt/stack/data/neutron/dhcp/b6e12805-71cf-4ce3-b0be-0bdb7b8a8781/host
Oct 17 01:51:35.093130 podb-esxi207 dnsmasq-dhcp[1344129]: read /opt/stack/data/neutron/dhcp/b6e12805-71cf-4ce3-b0be-0bdb7b8a8781/opts
Oct 17 01:51:35.823303 podb-esxi207 dnsmasq[1344255]: read /opt/stack/data/neutron/dhcp/c32ac0fb-6553-4c78-8e90-213e05f3666f/addn_hosts - 4 names
Oct 17 01:51:35.823432 podb-esxi207 dnsmasq-dhcp[1344255]: read /opt/stack/data/neutron/dhcp/c32ac0fb-6553-4c78-8e90-213e05f3666f/host
Oct 17 01:51:35.823518 podb-esxi207 dnsmasq-dhcp[1344255]: read /opt/stack/data/neutron/dhcp/c32ac0fb-6553-4c78-8e90-213e05f3666f/opts
Oct 17 01:51:37.051489 podb-esxi207 dnsmasq[1344598]: read /opt/stack/data/neutron/dhcp/8bcce306-9da1-4b2b-bc6e-0beb0c105f35/addn_hosts - 4 names
Oct 17 01:51:37.051609 podb-esxi207 dnsmasq-dhcp[1344598]: read /opt/stack/data/neutron/dhcp/8bcce306-9da1-4b2b-bc6e-0beb0c105f35/host
Oct 17 01:51:37.051722 podb-esxi207 dnsmasq-dhcp[1344598]: read /opt/stack/data/neutron/dhcp/8bcce306-9da1-4b2b-bc6e-0beb0c105f35/opts
Oct 17 01:51:37.774667 podb-esxi207 dnsmasq[1344129]: read /opt/stack/data/neutron/dhcp/b6e12805-71cf-4ce3-b0be-0bdb7b8a8781/addn_hosts - 8 names
Oct 17 01:51:37.774802 podb-esxi207 dnsmasq-dhcp[1344129]: read /opt/stack/data/neutron/dhcp/b6e12805-71cf-4ce3-b0be-0bdb7b8a8781/host
Oct 17 01:51:37.774885 podb-esxi207 dnsmasq-dhcp[1344129]: read /opt/stack/data/neutron/dhcp/b6e12805-71cf-4ce3-b0be-0bdb7b8a8781/opts
Oct 17 01:51:39.043789 podb-esxi207 dnsmasq[1344598]: read /opt/stack/data/neutron/dhcp/8bcce306-9da1-4b2b-bc6e-0beb0c105f35/addn_hosts - 4 names
Oct 17 01:51:39.043920 podb-esxi207 dnsmasq-dhcp[1344598]: read /opt/stack/data/neutron/dhcp/8bcce306-9da1-4b2b-bc6e-0beb0c105f35/host
Oct 17 01:51:39.044040 podb-esxi207 dnsmasq-dhcp[1344598]: read /opt/stack/data/neutron/dhcp/8bcce306-9da1-4b2b-bc6e-0beb0c105f35/opts
Oct 17 01:51:40.277877 podb-esxi207 dnsmasq-dhcp[1337611]: DHCPDISCOVER(tap4bf28d98-c0) fa:16:3e:01:5b:4e
Oct 17 01:51:40.277908 podb-esxi207 dnsmasq-dhcp[1337611]: DHCPOFFER(tap4bf28d98-c0) 10.1.0.11 fa:16:3e:01:5b:4e
Oct 17 01:51:40.296528 podb-esxi207 dnsmasq-dhcp[1337611]: DHCPREQUEST(tap4bf28d98-c0) 10.1.0.11 fa:16:3e:01:5b:4e
Oct 17 01:51:40.296561 podb-esxi207 dnsmasq-dhcp[1337611]: DHCPACK(tap4bf28d98-c0) 10.1.0.11 fa:16:3e:01:5b:4e host-10-1-0-11
Oct 17 01:51:40.305069 podb-esxi207 dnsmasq[1344598]: read /opt/stack/data/neutron/dhcp/8bcce306-9da1-4b2b-bc6e-0beb0c105f35/addn_hosts - 4 names
Oct 17 01:51:40.305154 podb-esxi207 dnsmasq-dhcp[1344598]: read /opt/stack/data/neutron/dhcp/8bcce306-9da1-4b2b-bc6e-0beb0c105f35/host
Oct 17 01:51:40.305221 podb-esxi207 dnsmasq-dhcp[1344598]: read /opt/stack/data/neutron/dhcp/8bcce306-9da1-4b2b-bc6e-0beb0c105f35/opts
Oct 17 01:51:55.496974 podb-esxi207 dnsmasq[1344598]: read /opt/stack/data/neutron/dhcp/8bcce306-9da1-4b2b-bc6e-0beb0c105f35/addn_hosts - 6 names
Oct 17 01:51:55.497072 podb-esxi207 dnsmasq-dhcp[1344598]: read /opt/stack/data/neutron/dhcp/8bcce306-9da1-4b2b-bc6e-0beb0c105f35/host
Oct 17 01:51:55.497151 podb-esxi207 dnsmasq-dhcp[1344598]: read /opt/stack/data/neutron/dhcp/8bcce306-9da1-4b2b-bc6e-0beb0c105f35/opts
Oct 17 01:51:59.329971 podb-esxi207 dnsmasq-dhcp[1344598]: DHCPDISCOVER(tapde08313a-05) fa:16:3e:e0:26:74
Oct 17 01:51:59.329995 podb-esxi207 dnsmasq-dhcp[1344598]: DHCPOFFER(tapde08313a-05) 10.1.0.13 fa:16:3e:e0:26:74
Oct 17 01:51:59.342609 podb-esxi207 dnsmasq-dhcp[1344598]: DHCPREQUEST(tapde08313a-05) 10.1.0.13 fa:16:3e:e0:26:74
Oct 17 01:51:59.342634 podb-esxi207 dnsmasq-dhcp[1344598]: DHCPACK(tapde08313a-05) 10.1.0.13 fa:16:3e:e0:26:74 host-10-1-0-13
Oct 17 01:52:01.515764 podb-esxi207 dnsmasq-dhcp[1341658]: DHCPREQUEST(tap7d916ba2-a7) 10.1.0.12 fa:16:3e:dd:b0:c1
Oct 17 01:52:01.515796 podb-esxi207 dnsmasq-dhcp[1341658]: DHCPACK(tap7d916ba2-a7) 10.1.0.12 fa:16:3e:dd:b0:c1 host-10-1-0-12
Oct 17 01:52:33.068494 podb-esxi207 dnsmasq-dhcp[1342668]: DHCPDISCOVER(tape22ead77-95) fa:16:3e:35:00:b0
Oct 17 01:52:33.068521 podb-esxi207 dnsmasq-dhcp[1342668]: DHCPOFFER(tape22ead77-95) 10.1.0.13 fa:16:3e:35:00:b0
Oct 17 01:52:33.177628 podb-esxi207 dnsmasq-dhcp[1342668]: DHCPREQUEST(tape22ead77-95) 10.1.0.13 fa:16:3e:35:00:b0
Oct 17 01:52:33.177648 podb-esxi207 dnsmasq-dhcp[1342668]: DHCPACK(tape22ead77-95) 10.1.0.13 fa:16:3e:35:00:b0 host-10-1-0-13
Oct 17 01:52:33.434530 podb-esxi207 dnsmasq-dhcp[1344129]: DHCPDISCOVER(tapf069cb9f-c0) fa:16:3e:bf:d5:31
Oct 17 01:52:33.434562 podb-esxi207 dnsmasq-dhcp[1344129]: DHCPOFFER(tapf069cb9f-c0) 10.1.1.228 fa:16:3e:bf:d5:31
Oct 17 01:52:33.457183 podb-esxi207 dnsmasq-dhcp[1344129]: DHCPREQUEST(tapf069cb9f-c0) 10.1.1.228 fa:16:3e:bf:d5:31
Oct 17 01:52:33.457219 podb-esxi207 dnsmasq-dhcp[1344129]: DHCPACK(tapf069cb9f-c0) 10.1.1.228 fa:16:3e:bf:d5:31 host-10-1-1-228
Oct 17 01:52:33.667163 podb-esxi207 dnsmasq-dhcp[1344129]: DHCPDISCOVER(tapf069cb9f-c0) fa:16:3e:43:11:49
Oct 17 01:52:33.667192 podb-esxi207 dnsmasq-dhcp[1344129]: DHCPOFFER(tapf069cb9f-c0) 10.1.1.106 fa:16:3e:43:11:49
Oct 17 01:52:33.676517 podb-esxi207 dnsmasq-dhcp[1344129]: DHCPREQUEST(tapf069cb9f-c0) 10.1.1.106 fa:16:3e:43:11:49
Oct 17 01:52:33.676549 podb-esxi207 dnsmasq-dhcp[1344129]: DHCPACK(tapf069cb9f-c0) 10.1.1.106 fa:16:3e:43:11:49 host-10-1-1-106
Oct 17 01:52:33.796014 podb-esxi207 dnsmasq-dhcp[1344255]: DHCPDISCOVER(tap4bdbc4fd-4e) fa:16:3e:eb:26:1f
Oct 17 01:52:33.796037 podb-esxi207 dnsmasq-dhcp[1344255]: DHCPOFFER(tap4bdbc4fd-4e) 10.2.2.100 fa:16:3e:eb:26:1f
Oct 17 01:52:33.799347 podb-esxi207 dnsmasq-dhcp[1344255]: DHCPREQUEST(tap4bdbc4fd-4e) 10.2.2.100 fa:16:3e:eb:26:1f
Oct 17 01:52:33.799380 podb-esxi207 dnsmasq-dhcp[1344255]: DHCPACK(tap4bdbc4fd-4e) 10.2.2.100 fa:16:3e:eb:26:1f host-10-2-2-100
Oct 17 01:52:34.155263 podb-esxi207 dnsmasq-dhcp[1344129]: DHCPDISCOVER(tapf069cb9f-c0) fa:16:3e:86:1f:f7
Oct 17 01:52:34.155289 podb-esxi207 dnsmasq-dhcp[1344129]: DHCPOFFER(tapf069cb9f-c0) 10.1.1.34 fa:16:3e:86:1f:f7
Oct 17 01:52:34.161611 podb-esxi207 dnsmasq-dhcp[1344129]: DHCPREQUEST(tapf069cb9f-c0) 10.1.1.34 fa:16:3e:86:1f:f7
Oct 17 01:52:34.161640 podb-esxi207 dnsmasq-dhcp[1344129]: DHCPACK(tapf069cb9f-c0) 10.1.1.34 fa:16:3e:86:1f:f7 host-10-1-1-34
Oct 17 01:52:34.232353 podb-esxi207 dnsmasq-dhcp[1344129]: DHCPDISCOVER(tapf069cb9f-c0) fa:16:3e:3c:27:a2
Oct 17 01:52:34.232381 podb-esxi207 dnsmasq-dhcp[1344129]: DHCPOFFER(tapf069cb9f-c0) 10.1.1.159 fa:16:3e:3c:27:a2
Oct 17 01:52:34.237388 podb-esxi207 dnsmasq-dhcp[1344129]: DHCPREQUEST(tapf069cb9f-c0) 10.1.1.159 fa:16:3e:3c:27:a2
Oct 17 01:52:34.237420 podb-esxi207 dnsmasq-dhcp[1344129]: DHCPACK(tapf069cb9f-c0) 10.1.1.159 fa:16:3e:3c:27:a2 host-10-1-1-159
Oct 17 01:52:34.538643 podb-esxi207 dnsmasq-dhcp[1344255]: DHCPDISCOVER(tap4bdbc4fd-4e) fa:16:3e:03:3c:5e
Oct 17 01:52:34.538671 podb-esxi207 dnsmasq-dhcp[1344255]: DHCPOFFER(tap4bdbc4fd-4e) 10.2.2.200 fa:16:3e:03:3c:5e
Oct 17 01:52:34.541836 podb-esxi207 dnsmasq-dhcp[1344255]: DHCPREQUEST(tap4bdbc4fd-4e) 10.2.2.200 fa:16:3e:03:3c:5e
Oct 17 01:52:34.541866 podb-esxi207 dnsmasq-dhcp[1344255]: DHCPACK(tap4bdbc4fd-4e) 10.2.2.200 fa:16:3e:03:3c:5e host-10-2-2-200
Oct 17 01:52:49.864902 podb-esxi207 dnsmasq-dhcp[1344129]: DHCPRELEASE(tapf069cb9f-c0) 10.1.1.228 fa:16:3e:bf:d5:31
Oct 17 01:52:49.885459 podb-esxi207 dnsmasq-dhcp[1344129]: DHCPRELEASE(tapf069cb9f-c0) 10.1.1.228 fa:16:3e:bf:d5:31 unknown lease
Oct 17 01:52:50.709406 podb-esxi207 dnsmasq[1344129]: read /opt/stack/data/neutron/dhcp/b6e12805-71cf-4ce3-b0be-0bdb7b8a8781/addn_hosts - 6 names
Oct 17 01:52:50.709535 podb-esxi207 dnsmasq-dhcp[1344129]: read /opt/stack/data/neutron/dhcp/b6e12805-71cf-4ce3-b0be-0bdb7b8a8781/host
Oct 17 01:52:50.709627 podb-esxi207 dnsmasq-dhcp[1344129]: read /opt/stack/data/neutron/dhcp/b6e12805-71cf-4ce3-b0be-0bdb7b8a8781/opts
Oct 17 01:52:50.958853 podb-esxi207 dnsmasq-dhcp[1344255]: DHCPRELEASE(tap4bdbc4fd-4e) 10.2.2.200 fa:16:3e:03:3c:5e
Oct 17 01:52:50.977556 podb-esxi207 dnsmasq-dhcp[1344255]: DHCPRELEASE(tap4bdbc4fd-4e) 10.2.2.200 fa:16:3e:03:3c:5e unknown lease
Oct 17 01:52:51.802641 podb-esxi207 dnsmasq[1344255]: read /opt/stack/data/neutron/dhcp/c32ac0fb-6553-4c78-8e90-213e05f3666f/addn_hosts - 2 names
Oct 17 01:52:51.802793 podb-esxi207 dnsmasq-dhcp[1344255]: read /opt/stack/data/neutron/dhcp/c32ac0fb-6553-4c78-8e90-213e05f3666f/host
Oct 17 01:52:51.802882 podb-esxi207 dnsmasq-dhcp[1344255]: read /opt/stack/data/neutron/dhcp/c32ac0fb-6553-4c78-8e90-213e05f3666f/opts
Oct 17 01:52:52.059700 podb-esxi207 dnsmasq-dhcp[1342668]: DHCPRELEASE(tape22ead77-95) 10.1.0.13 fa:16:3e:35:00:b0
Oct 17 01:52:52.076871 podb-esxi207 dnsmasq-dhcp[1342668]: DHCPRELEASE(tape22ead77-95) 10.1.0.13 fa:16:3e:35:00:b0 unknown lease
Oct 17 01:52:52.902453 podb-esxi207 dnsmasq[1342668]: read /opt/stack/data/neutron/dhcp/a4901723-98e1-4cfd-a85d-6407f63a0c72/addn_hosts - 2 names
Oct 17 01:52:52.902589 podb-esxi207 dnsmasq-dhcp[1342668]: read /opt/stack/data/neutron/dhcp/a4901723-98e1-4cfd-a85d-6407f63a0c72/host
Oct 17 01:52:52.902710 podb-esxi207 dnsmasq-dhcp[1342668]: read /opt/stack/data/neutron/dhcp/a4901723-98e1-4cfd-a85d-6407f63a0c72/opts
Oct 17 01:52:53.152595 podb-esxi207 dnsmasq-dhcp[1344129]: DHCPRELEASE(tapf069cb9f-c0) 10.1.1.34 fa:16:3e:86:1f:f7
Oct 17 01:52:53.171463 podb-esxi207 dnsmasq-dhcp[1344129]: DHCPRELEASE(tapf069cb9f-c0) 10.1.1.34 fa:16:3e:86:1f:f7 unknown lease
Oct 17 01:52:53.996772 podb-esxi207 dnsmasq[1344129]: read /opt/stack/data/neutron/dhcp/b6e12805-71cf-4ce3-b0be-0bdb7b8a8781/addn_hosts - 4 names
Oct 17 01:52:53.996892 podb-esxi207 dnsmasq-dhcp[1344129]: read /opt/stack/data/neutron/dhcp/b6e12805-71cf-4ce3-b0be-0bdb7b8a8781/host
Oct 17 01:52:53.996986 podb-esxi207 dnsmasq-dhcp[1344129]: read /opt/stack/data/neutron/dhcp/b6e12805-71cf-4ce3-b0be-0bdb7b8a8781/opts
Oct 17 01:52:54.242455 podb-esxi207 dnsmasq-dhcp[1344255]: DHCPRELEASE(tap4bdbc4fd-4e) 10.2.2.100 fa:16:3e:eb:26:1f
Oct 17 01:52:54.258406 podb-esxi207 dnsmasq-dhcp[1344255]: DHCPRELEASE(tap4bdbc4fd-4e) 10.2.2.100 fa:16:3e:eb:26:1f unknown lease
Oct 17 01:52:55.083408 podb-esxi207 dnsmasq[1344255]: read /opt/stack/data/neutron/dhcp/c32ac0fb-6553-4c78-8e90-213e05f3666f/addn_hosts - 0 names
Oct 17 01:52:55.083484 podb-esxi207 dnsmasq-dhcp[1344255]: read /opt/stack/data/neutron/dhcp/c32ac0fb-6553-4c78-8e90-213e05f3666f/host
Oct 17 01:52:55.083594 podb-esxi207 dnsmasq-dhcp[1344255]: read /opt/stack/data/neutron/dhcp/c32ac0fb-6553-4c78-8e90-213e05f3666f/opts
Oct 17 01:52:59.127530 podb-esxi207 dnsmasq-dhcp[1337611]: DHCPRELEASE(tap4bf28d98-c0) 10.1.0.11 fa:16:3e:01:5b:4e
Oct 17 01:52:59.144114 podb-esxi207 dnsmasq-dhcp[1337611]: DHCPRELEASE(tap4bf28d98-c0) 10.1.0.11 fa:16:3e:01:5b:4e unknown lease
Oct 17 01:52:59.968713 podb-esxi207 dnsmasq[1337611]: read /opt/stack/data/neutron/dhcp/057b861a-2fb6-4d45-b825-512c12eaf462/addn_hosts - 4 names
Oct 17 01:52:59.968811 podb-esxi207 dnsmasq-dhcp[1337611]: read /opt/stack/data/neutron/dhcp/057b861a-2fb6-4d45-b825-512c12eaf462/host
Oct 17 01:52:59.968920 podb-esxi207 dnsmasq-dhcp[1337611]: read /opt/stack/data/neutron/dhcp/057b861a-2fb6-4d45-b825-512c12eaf462/opts
Oct 17 01:53:00.727131 podb-esxi207 dnsmasq[1344598]: read /opt/stack/data/neutron/dhcp/8bcce306-9da1-4b2b-bc6e-0beb0c105f35/addn_hosts - 8 names
Oct 17 01:53:00.727300 podb-esxi207 dnsmasq-dhcp[1344598]: read /opt/stack/data/neutron/dhcp/8bcce306-9da1-4b2b-bc6e-0beb0c105f35/host
Oct 17 01:53:00.727423 podb-esxi207 dnsmasq-dhcp[1344598]: read /opt/stack/data/neutron/dhcp/8bcce306-9da1-4b2b-bc6e-0beb0c105f35/opts
Oct 17 01:53:23.032993 podb-esxi207 dnsmasq-dhcp[1344598]: DHCPDISCOVER(tapde08313a-05) fa:16:3e:59:5f:25
Oct 17 01:53:23.033024 podb-esxi207 dnsmasq-dhcp[1344598]: DHCPOFFER(tapde08313a-05) 10.1.0.11 fa:16:3e:59:5f:25
Oct 17 01:53:23.042942 podb-esxi207 dnsmasq-dhcp[1344598]: DHCPREQUEST(tapde08313a-05) 10.1.0.11 fa:16:3e:59:5f:25
Oct 17 01:53:23.042979 podb-esxi207 dnsmasq-dhcp[1344598]: DHCPACK(tapde08313a-05) 10.1.0.11 fa:16:3e:59:5f:25 host-10-1-0-11
Oct 17 01:53:23.502811 podb-esxi207 dnsmasq[1344598]: read /opt/stack/data/neutron/dhcp/8bcce306-9da1-4b2b-bc6e-0beb0c105f35/addn_hosts - 10 names
Oct 17 01:53:23.502941 podb-esxi207 dnsmasq-dhcp[1344598]: read /opt/stack/data/neutron/dhcp/8bcce306-9da1-4b2b-bc6e-0beb0c105f35/host
Oct 17 01:53:23.503052 podb-esxi207 dnsmasq-dhcp[1344598]: read /opt/stack/data/neutron/dhcp/8bcce306-9da1-4b2b-bc6e-0beb0c105f35/opts
Oct 17 01:53:32.083248 podb-esxi207 dnsmasq-dhcp[1341658]: DHCPRELEASE(tap7d916ba2-a7) 10.1.0.12 fa:16:3e:dd:b0:c1
Oct 17 01:53:32.099638 podb-esxi207 dnsmasq-dhcp[1341658]: DHCPRELEASE(tap7d916ba2-a7) 10.1.0.12 fa:16:3e:dd:b0:c1 unknown lease
Oct 17 01:53:32.924910 podb-esxi207 dnsmasq[1341658]: read /opt/stack/data/neutron/dhcp/9b7c84b4-81e3-4b7f-be36-2d2bf95754aa/addn_hosts - 2 names
Oct 17 01:53:32.925007 podb-esxi207 dnsmasq-dhcp[1341658]: read /opt/stack/data/neutron/dhcp/9b7c84b4-81e3-4b7f-be36-2d2bf95754aa/host
Oct 17 01:53:32.925113 podb-esxi207 dnsmasq-dhcp[1341658]: read /opt/stack/data/neutron/dhcp/9b7c84b4-81e3-4b7f-be36-2d2bf95754aa/opts
Oct 17 01:53:41.583644 podb-esxi207 dnsmasq-dhcp[1341658]: DHCPRELEASE(tap7d916ba2-a7) 10.1.0.1 fa:16:3e:a4:dd:81
Oct 17 01:53:42.407777 podb-esxi207 dnsmasq[1341658]: read /opt/stack/data/neutron/dhcp/9b7c84b4-81e3-4b7f-be36-2d2bf95754aa/addn_hosts - 0 names
Oct 17 01:53:42.407855 podb-esxi207 dnsmasq-dhcp[1341658]: read /opt/stack/data/neutron/dhcp/9b7c84b4-81e3-4b7f-be36-2d2bf95754aa/host
Oct 17 01:53:42.407953 podb-esxi207 dnsmasq-dhcp[1341658]: read /opt/stack/data/neutron/dhcp/9b7c84b4-81e3-4b7f-be36-2d2bf95754aa/opts
Oct 17 01:53:43.213582 podb-esxi207 dnsmasq[1341658]: exiting on receipt of SIGTERM
Oct 17 01:53:47.402494 podb-esxi207 dnsmasq[1348244]: started, version 2.90 cachesize 150
Oct 17 01:53:47.402513 podb-esxi207 dnsmasq[1348244]: DNS service limited to local subnets
Oct 17 01:53:47.402528 podb-esxi207 dnsmasq[1348244]: compile time options: IPv6 GNU-getopt DBus no-UBus i18n IDN2 DHCP DHCPv6 no-Lua TFTP conntrack ipset no-nftset auth cryptohash DNSSEC loop-detect inotify dumpfile
Oct 17 01:53:47.402570 podb-esxi207 dnsmasq-dhcp[1348244]: DHCP, static leases only on 10.1.0.0, lease time 1d
Oct 17 01:53:47.402727 podb-esxi207 dnsmasq[1348244]: reading /etc/resolv.conf
Oct 17 01:53:47.402743 podb-esxi207 dnsmasq[1348244]: using nameserver 127.0.0.53#53
Oct 17 01:53:47.402838 podb-esxi207 dnsmasq[1348244]: read /opt/stack/data/neutron/dhcp/7515fc44-6cfd-4342-b5c1-a58a575cb821/addn_hosts - 0 names
Oct 17 01:53:47.402890 podb-esxi207 dnsmasq-dhcp[1348244]: read /opt/stack/data/neutron/dhcp/7515fc44-6cfd-4342-b5c1-a58a575cb821/host
Oct 17 01:53:47.402948 podb-esxi207 dnsmasq-dhcp[1348244]: read /opt/stack/data/neutron/dhcp/7515fc44-6cfd-4342-b5c1-a58a575cb821/opts
Oct 17 01:53:48.950207 podb-esxi207 dnsmasq[1348244]: read /opt/stack/data/neutron/dhcp/7515fc44-6cfd-4342-b5c1-a58a575cb821/addn_hosts - 2 names
Oct 17 01:53:48.950310 podb-esxi207 dnsmasq-dhcp[1348244]: read /opt/stack/data/neutron/dhcp/7515fc44-6cfd-4342-b5c1-a58a575cb821/host
Oct 17 01:53:48.950415 podb-esxi207 dnsmasq-dhcp[1348244]: read /opt/stack/data/neutron/dhcp/7515fc44-6cfd-4342-b5c1-a58a575cb821/opts
Oct 17 01:53:49.214682 podb-esxi207 dnsmasq-dhcp[1344129]: DHCPRELEASE(tapf069cb9f-c0) 10.1.1.106 fa:16:3e:43:11:49
Oct 17 01:53:49.232793 podb-esxi207 dnsmasq-dhcp[1344129]: DHCPRELEASE(tapf069cb9f-c0) 10.1.1.106 fa:16:3e:43:11:49 unknown lease
Oct 17 01:53:50.058160 podb-esxi207 dnsmasq[1344129]: read /opt/stack/data/neutron/dhcp/b6e12805-71cf-4ce3-b0be-0bdb7b8a8781/addn_hosts - 2 names
Oct 17 01:53:50.058288 podb-esxi207 dnsmasq-dhcp[1344129]: read /opt/stack/data/neutron/dhcp/b6e12805-71cf-4ce3-b0be-0bdb7b8a8781/host
Oct 17 01:53:50.058382 podb-esxi207 dnsmasq-dhcp[1344129]: read /opt/stack/data/neutron/dhcp/b6e12805-71cf-4ce3-b0be-0bdb7b8a8781/opts
Oct 17 01:53:51.824858 podb-esxi207 dnsmasq[1348244]: read /opt/stack/data/neutron/dhcp/7515fc44-6cfd-4342-b5c1-a58a575cb821/addn_hosts - 2 names
Oct 17 01:53:51.824946 podb-esxi207 dnsmasq-dhcp[1348244]: read /opt/stack/data/neutron/dhcp/7515fc44-6cfd-4342-b5c1-a58a575cb821/host
Oct 17 01:53:51.825048 podb-esxi207 dnsmasq-dhcp[1348244]: read /opt/stack/data/neutron/dhcp/7515fc44-6cfd-4342-b5c1-a58a575cb821/opts
Oct 17 01:53:52.060660 podb-esxi207 dnsmasq[1344129]: exiting on receipt of SIGTERM
Oct 17 01:53:53.162747 podb-esxi207 dnsmasq[1344255]: exiting on receipt of SIGTERM
Oct 17 01:53:54.265787 podb-esxi207 dnsmasq[1348244]: read /opt/stack/data/neutron/dhcp/7515fc44-6cfd-4342-b5c1-a58a575cb821/addn_hosts - 2 names
Oct 17 01:53:54.265867 podb-esxi207 dnsmasq-dhcp[1348244]: read /opt/stack/data/neutron/dhcp/7515fc44-6cfd-4342-b5c1-a58a575cb821/host
Oct 17 01:53:54.265966 podb-esxi207 dnsmasq-dhcp[1348244]: read /opt/stack/data/neutron/dhcp/7515fc44-6cfd-4342-b5c1-a58a575cb821/opts
Oct 17 01:53:55.510896 podb-esxi207 dnsmasq[1348244]: read /opt/stack/data/neutron/dhcp/7515fc44-6cfd-4342-b5c1-a58a575cb821/addn_hosts - 4 names
Oct 17 01:53:55.511023 podb-esxi207 dnsmasq-dhcp[1348244]: read /opt/stack/data/neutron/dhcp/7515fc44-6cfd-4342-b5c1-a58a575cb821/host
Oct 17 01:53:55.511134 podb-esxi207 dnsmasq-dhcp[1348244]: read /opt/stack/data/neutron/dhcp/7515fc44-6cfd-4342-b5c1-a58a575cb821/opts
Oct 17 01:53:56.753318 podb-esxi207 dnsmasq[1348244]: read /opt/stack/data/neutron/dhcp/7515fc44-6cfd-4342-b5c1-a58a575cb821/addn_hosts - 6 names
Oct 17 01:53:56.753422 podb-esxi207 dnsmasq-dhcp[1348244]: read /opt/stack/data/neutron/dhcp/7515fc44-6cfd-4342-b5c1-a58a575cb821/host
Oct 17 01:53:56.753510 podb-esxi207 dnsmasq-dhcp[1348244]: read /opt/stack/data/neutron/dhcp/7515fc44-6cfd-4342-b5c1-a58a575cb821/opts
Oct 17 01:54:01.573284 podb-esxi207 dnsmasq[1342668]: read /opt/stack/data/neutron/dhcp/a4901723-98e1-4cfd-a85d-6407f63a0c72/addn_hosts - 0 names
Oct 17 01:54:01.573370 podb-esxi207 dnsmasq-dhcp[1342668]: read /opt/stack/data/neutron/dhcp/a4901723-98e1-4cfd-a85d-6407f63a0c72/host
Oct 17 01:54:01.573456 podb-esxi207 dnsmasq-dhcp[1342668]: read /opt/stack/data/neutron/dhcp/a4901723-98e1-4cfd-a85d-6407f63a0c72/opts
Oct 17 01:54:02.535961 podb-esxi207 dnsmasq[1342668]: exiting on receipt of SIGTERM
Oct 17 01:54:03.142311 podb-esxi207 dnsmasq-dhcp[1343024]: DHCPRELEASE(tap345f628b-f8) 10.1.0.1 fa:16:3e:8f:9e:12
Oct 17 01:54:03.967322 podb-esxi207 dnsmasq[1343024]: read /opt/stack/data/neutron/dhcp/0c2b1c85-b56c-45c9-901d-d126d4d73559/addn_hosts - 0 names
Oct 17 01:54:03.967400 podb-esxi207 dnsmasq-dhcp[1343024]: read /opt/stack/data/neutron/dhcp/0c2b1c85-b56c-45c9-901d-d126d4d73559/host
Oct 17 01:54:03.967507 podb-esxi207 dnsmasq-dhcp[1343024]: read /opt/stack/data/neutron/dhcp/0c2b1c85-b56c-45c9-901d-d126d4d73559/opts
Oct 17 01:54:04.808742 podb-esxi207 dnsmasq[1343024]: exiting on receipt of SIGTERM
Oct 17 01:54:09.175098 podb-esxi207 dnsmasq[1348965]: started, version 2.90 cachesize 150
Oct 17 01:54:09.175127 podb-esxi207 dnsmasq[1348965]: DNS service limited to local subnets
Oct 17 01:54:09.175142 podb-esxi207 dnsmasq[1348965]: compile time options: IPv6 GNU-getopt DBus no-UBus i18n IDN2 DHCP DHCPv6 no-Lua TFTP conntrack ipset no-nftset auth cryptohash DNSSEC loop-detect inotify dumpfile
Oct 17 01:54:09.175185 podb-esxi207 dnsmasq-dhcp[1348965]: DHCP, static leases only on 10.1.0.0, lease time 1d
Oct 17 01:54:09.175332 podb-esxi207 dnsmasq[1348965]: reading /etc/resolv.conf
Oct 17 01:54:09.175350 podb-esxi207 dnsmasq[1348965]: using nameserver 127.0.0.53#53
Oct 17 01:54:09.175432 podb-esxi207 dnsmasq[1348965]: read /opt/stack/data/neutron/dhcp/4b4d1cb0-9eb2-4801-b391-f1bcda01617c/addn_hosts - 0 names
Oct 17 01:54:09.175482 podb-esxi207 dnsmasq-dhcp[1348965]: read /opt/stack/data/neutron/dhcp/4b4d1cb0-9eb2-4801-b391-f1bcda01617c/host
Oct 17 01:54:09.175548 podb-esxi207 dnsmasq-dhcp[1348965]: read /opt/stack/data/neutron/dhcp/4b4d1cb0-9eb2-4801-b391-f1bcda01617c/opts
Oct 17 01:54:11.214701 podb-esxi207 dnsmasq[1348965]: read /opt/stack/data/neutron/dhcp/4b4d1cb0-9eb2-4801-b391-f1bcda01617c/addn_hosts - 2 names
Oct 17 01:54:11.214774 podb-esxi207 dnsmasq-dhcp[1348965]: read /opt/stack/data/neutron/dhcp/4b4d1cb0-9eb2-4801-b391-f1bcda01617c/host
Oct 17 01:54:11.214842 podb-esxi207 dnsmasq-dhcp[1348965]: read /opt/stack/data/neutron/dhcp/4b4d1cb0-9eb2-4801-b391-f1bcda01617c/opts
Oct 17 01:54:11.938982 podb-esxi207 dnsmasq[1337611]: read /opt/stack/data/neutron/dhcp/057b861a-2fb6-4d45-b825-512c12eaf462/addn_hosts - 6 names
Oct 17 01:54:11.939098 podb-esxi207 dnsmasq-dhcp[1337611]: read /opt/stack/data/neutron/dhcp/057b861a-2fb6-4d45-b825-512c12eaf462/host
Oct 17 01:54:11.939202 podb-esxi207 dnsmasq-dhcp[1337611]: read /opt/stack/data/neutron/dhcp/057b861a-2fb6-4d45-b825-512c12eaf462/opts
Oct 17 01:54:13.163854 podb-esxi207 dnsmasq[1348965]: read /opt/stack/data/neutron/dhcp/4b4d1cb0-9eb2-4801-b391-f1bcda01617c/addn_hosts - 2 names
Oct 17 01:54:13.163974 podb-esxi207 dnsmasq-dhcp[1348965]: read /opt/stack/data/neutron/dhcp/4b4d1cb0-9eb2-4801-b391-f1bcda01617c/host
Oct 17 01:54:13.164076 podb-esxi207 dnsmasq-dhcp[1348965]: read /opt/stack/data/neutron/dhcp/4b4d1cb0-9eb2-4801-b391-f1bcda01617c/opts
Oct 17 01:54:14.397583 podb-esxi207 dnsmasq[1348965]: read /opt/stack/data/neutron/dhcp/4b4d1cb0-9eb2-4801-b391-f1bcda01617c/addn_hosts - 2 names
Oct 17 01:54:14.397674 podb-esxi207 dnsmasq-dhcp[1348965]: read /opt/stack/data/neutron/dhcp/4b4d1cb0-9eb2-4801-b391-f1bcda01617c/host
Oct 17 01:54:14.397782 podb-esxi207 dnsmasq-dhcp[1348965]: read /opt/stack/data/neutron/dhcp/4b4d1cb0-9eb2-4801-b391-f1bcda01617c/opts
Oct 17 01:54:15.970208 podb-esxi207 dnsmasq[1348965]: read /opt/stack/data/neutron/dhcp/4b4d1cb0-9eb2-4801-b391-f1bcda01617c/addn_hosts - 4 names
Oct 17 01:54:15.970340 podb-esxi207 dnsmasq-dhcp[1348965]: read /opt/stack/data/neutron/dhcp/4b4d1cb0-9eb2-4801-b391-f1bcda01617c/host
Oct 17 01:54:15.970445 podb-esxi207 dnsmasq-dhcp[1348965]: read /opt/stack/data/neutron/dhcp/4b4d1cb0-9eb2-4801-b391-f1bcda01617c/opts
Oct 17 01:54:18.094797 podb-esxi207 dnsmasq-dhcp[1348244]: DHCPDISCOVER(tap7c20f3c4-4b) fa:16:3e:73:23:0a
Oct 17 01:54:18.094830 podb-esxi207 dnsmasq-dhcp[1348244]: DHCPOFFER(tap7c20f3c4-4b) 10.1.0.11 fa:16:3e:73:23:0a
Oct 17 01:54:18.106097 podb-esxi207 dnsmasq-dhcp[1348244]: DHCPREQUEST(tap7c20f3c4-4b) 10.1.0.11 fa:16:3e:73:23:0a
Oct 17 01:54:18.106131 podb-esxi207 dnsmasq-dhcp[1348244]: DHCPACK(tap7c20f3c4-4b) 10.1.0.11 fa:16:3e:73:23:0a host-10-1-0-11
Oct 17 01:54:31.815739 podb-esxi207 dnsmasq-dhcp[1348244]: DHCPDISCOVER(tap7c20f3c4-4b) fa:16:3e:16:97:87
Oct 17 01:54:31.815764 podb-esxi207 dnsmasq-dhcp[1348244]: DHCPOFFER(tap7c20f3c4-4b) 10.1.0.14 fa:16:3e:16:97:87
Oct 17 01:54:31.828190 podb-esxi207 dnsmasq-dhcp[1348244]: DHCPREQUEST(tap7c20f3c4-4b) 10.1.0.14 fa:16:3e:16:97:87
Oct 17 01:54:31.828223 podb-esxi207 dnsmasq-dhcp[1348244]: DHCPACK(tap7c20f3c4-4b) 10.1.0.14 fa:16:3e:16:97:87 host-10-1-0-14
Oct 17 01:54:39.478039 podb-esxi207 dnsmasq-dhcp[1348965]: DHCPDISCOVER(tap96e9190a-d4) fa:16:3e:35:2f:e6
Oct 17 01:54:39.478067 podb-esxi207 dnsmasq-dhcp[1348965]: DHCPOFFER(tap96e9190a-d4) 10.1.0.4 fa:16:3e:35:2f:e6
Oct 17 01:54:39.491161 podb-esxi207 dnsmasq-dhcp[1348965]: DHCPREQUEST(tap96e9190a-d4) 10.1.0.4 fa:16:3e:35:2f:e6
Oct 17 01:54:39.491199 podb-esxi207 dnsmasq-dhcp[1348965]: DHCPACK(tap96e9190a-d4) 10.1.0.4 fa:16:3e:35:2f:e6 host-10-1-0-4
Oct 17 01:54:48.821149 podb-esxi207 dnsmasq[1348244]: read /opt/stack/data/neutron/dhcp/7515fc44-6cfd-4342-b5c1-a58a575cb821/addn_hosts - 8 names
Oct 17 01:54:48.821289 podb-esxi207 dnsmasq-dhcp[1348244]: read /opt/stack/data/neutron/dhcp/7515fc44-6cfd-4342-b5c1-a58a575cb821/host
Oct 17 01:54:48.821393 podb-esxi207 dnsmasq-dhcp[1348244]: read /opt/stack/data/neutron/dhcp/7515fc44-6cfd-4342-b5c1-a58a575cb821/opts
Oct 17 01:54:52.333613 podb-esxi207 dnsmasq-dhcp[1348244]: DHCPDISCOVER(tap7c20f3c4-4b) fa:16:3e:73:23:0a
Oct 17 01:54:52.333644 podb-esxi207 dnsmasq-dhcp[1348244]: DHCPOFFER(tap7c20f3c4-4b) 10.1.0.11 fa:16:3e:73:23:0a
Oct 17 01:54:52.344744 podb-esxi207 dnsmasq-dhcp[1348244]: DHCPREQUEST(tap7c20f3c4-4b) 10.1.0.11 fa:16:3e:73:23:0a
Oct 17 01:54:52.344775 podb-esxi207 dnsmasq-dhcp[1348244]: DHCPACK(tap7c20f3c4-4b) 10.1.0.11 fa:16:3e:73:23:0a host-10-1-0-11
Oct 17 01:55:05.870825 podb-esxi207 dnsmasq[1344598]: read /opt/stack/data/neutron/dhcp/8bcce306-9da1-4b2b-bc6e-0beb0c105f35/addn_hosts - 8 names
Oct 17 01:55:05.870968 podb-esxi207 dnsmasq-dhcp[1344598]: read /opt/stack/data/neutron/dhcp/8bcce306-9da1-4b2b-bc6e-0beb0c105f35/host
Oct 17 01:55:05.871071 podb-esxi207 dnsmasq-dhcp[1344598]: read /opt/stack/data/neutron/dhcp/8bcce306-9da1-4b2b-bc6e-0beb0c105f35/opts
Oct 17 01:55:12.333293 podb-esxi207 dnsmasq-dhcp[1348244]: DHCPDISCOVER(tap7c20f3c4-4b) fa:16:3e:93:80:05
Oct 17 01:55:12.333319 podb-esxi207 dnsmasq-dhcp[1348244]: DHCPOFFER(tap7c20f3c4-4b) 10.1.0.5 fa:16:3e:93:80:05
Oct 17 01:55:12.349047 podb-esxi207 dnsmasq-dhcp[1348244]: DHCPREQUEST(tap7c20f3c4-4b) 10.1.0.5 fa:16:3e:93:80:05
Oct 17 01:55:12.349077 podb-esxi207 dnsmasq-dhcp[1348244]: DHCPACK(tap7c20f3c4-4b) 10.1.0.5 fa:16:3e:93:80:05 host-10-1-0-5
Oct 17 01:55:22.453902 podb-esxi207 dnsmasq-dhcp[1337611]: DHCPDISCOVER(tap4bf28d98-c0) fa:16:3e:fa:a3:f2
Oct 17 01:55:22.453930 podb-esxi207 dnsmasq-dhcp[1337611]: DHCPOFFER(tap4bf28d98-c0) 10.1.0.7 fa:16:3e:fa:a3:f2
Oct 17 01:55:22.464630 podb-esxi207 dnsmasq-dhcp[1337611]: DHCPREQUEST(tap4bf28d98-c0) 10.1.0.7 fa:16:3e:fa:a3:f2
