Oct 17 00:34:45.544620 podb-esxi207 systemd[1]: Started Devstack devstack@q-dhcp.service.
Oct 17 00:34:45.973565 podb-esxi207 neutron-dhcp-agent[1238738]: This program is using eventlet and has been monkey_patched
Oct 17 00:35:03.017860 podb-esxi207 sudo[1240852]:    stack : PWD=/ ; USER=root ; COMMAND=/opt/stack/data/venv/bin/neutron-rootwrap /etc/neutron/rootwrap.conf privsep-helper --config-file /etc/neutron/neutron.conf --config-file /etc/neutron/dhcp_agent.ini --privsep_context neutron.privileged.default --privsep_sock_path /tmp/tmpzzwvh6s7/privsep.sock
Oct 17 00:35:03.018739 podb-esxi207 sudo[1240852]: pam_unix(sudo:session): session opened for user root(uid=0) by (uid=1001)
Oct 17 00:35:03.797244 podb-esxi207 sudo[1240852]: pam_unix(sudo:session): session closed for user root
Oct 17 00:35:04.827255 podb-esxi207 sudo[1240902]:    stack : PWD=/ ; USER=root ; COMMAND=/opt/stack/data/venv/bin/neutron-rootwrap /etc/neutron/rootwrap.conf privsep-helper --config-file /etc/neutron/neutron.conf --config-file /etc/neutron/dhcp_agent.ini --privsep_context neutron.privileged.namespace_cmd --privsep_sock_path /tmp/tmppd_7ty15/privsep.sock
Oct 17 00:35:04.828394 podb-esxi207 sudo[1240902]: pam_unix(sudo:session): session opened for user root(uid=0) by (uid=1001)
Oct 17 00:35:05.605326 podb-esxi207 sudo[1240902]: pam_unix(sudo:session): session closed for user root
Oct 17 00:35:06.684876 podb-esxi207 sudo[1240948]:    stack : PWD=/ ; USER=root ; COMMAND=/opt/stack/data/venv/bin/neutron-rootwrap /etc/neutron/rootwrap.conf privsep-helper --config-file /etc/neutron/neutron.conf --config-file /etc/neutron/dhcp_agent.ini --privsep_context neutron.privileged.link_cmd --privsep_sock_path /tmp/tmp0_0hv4pj/privsep.sock
Oct 17 00:35:06.685754 podb-esxi207 sudo[1240948]: pam_unix(sudo:session): session opened for user root(uid=0) by (uid=1001)
Oct 17 00:35:07.482799 podb-esxi207 sudo[1240948]: pam_unix(sudo:session): session closed for user root
Oct 17 00:35:10.017160 podb-esxi207 sudo[1241091]:    stack : PWD=/ ; USER=root ; COMMAND=/opt/stack/data/venv/bin/neutron-rootwrap-daemon /etc/neutron/rootwrap.conf
Oct 17 00:35:10.018297 podb-esxi207 sudo[1241091]: pam_unix(sudo:session): session opened for user root(uid=0) by (uid=1001)
Oct 17 00:35:10.302195 podb-esxi207 dnsmasq[1241105]: started, version 2.90 cachesize 150
Oct 17 00:35:10.302225 podb-esxi207 dnsmasq[1241105]: DNS service limited to local subnets
Oct 17 00:35:10.302240 podb-esxi207 dnsmasq[1241105]: compile time options: IPv6 GNU-getopt DBus no-UBus i18n IDN2 DHCP DHCPv6 no-Lua TFTP conntrack ipset no-nftset auth cryptohash DNSSEC loop-detect inotify dumpfile
Oct 17 00:35:10.302283 podb-esxi207 dnsmasq-dhcp[1241105]: DHCP, static leases only on 10.1.0.0, lease time 1d
Oct 17 00:35:10.302443 podb-esxi207 dnsmasq[1241105]: reading /etc/resolv.conf
Oct 17 00:35:10.302460 podb-esxi207 dnsmasq[1241105]: using nameserver 127.0.0.53#53
Oct 17 00:35:10.302550 podb-esxi207 dnsmasq[1241105]: read /opt/stack/data/neutron/dhcp/5729fccf-3ca4-4f85-885d-e3fe56c38c8f/addn_hosts - 0 names
Oct 17 00:35:10.302602 podb-esxi207 dnsmasq-dhcp[1241105]: read /opt/stack/data/neutron/dhcp/5729fccf-3ca4-4f85-885d-e3fe56c38c8f/host
Oct 17 00:35:10.302670 podb-esxi207 dnsmasq-dhcp[1241105]: read /opt/stack/data/neutron/dhcp/5729fccf-3ca4-4f85-885d-e3fe56c38c8f/opts
Oct 17 00:35:11.850131 podb-esxi207 dnsmasq[1241105]: read /opt/stack/data/neutron/dhcp/5729fccf-3ca4-4f85-885d-e3fe56c38c8f/addn_hosts - 0 names
Oct 17 00:35:11.850221 podb-esxi207 dnsmasq-dhcp[1241105]: read /opt/stack/data/neutron/dhcp/5729fccf-3ca4-4f85-885d-e3fe56c38c8f/host
Oct 17 00:35:11.850309 podb-esxi207 dnsmasq-dhcp[1241105]: read /opt/stack/data/neutron/dhcp/5729fccf-3ca4-4f85-885d-e3fe56c38c8f/opts
Oct 17 00:35:14.972048 podb-esxi207 dnsmasq[1241105]: read /opt/stack/data/neutron/dhcp/5729fccf-3ca4-4f85-885d-e3fe56c38c8f/addn_hosts - 2 names
Oct 17 00:35:14.972140 podb-esxi207 dnsmasq-dhcp[1241105]: read /opt/stack/data/neutron/dhcp/5729fccf-3ca4-4f85-885d-e3fe56c38c8f/host
Oct 17 00:35:14.972251 podb-esxi207 dnsmasq-dhcp[1241105]: read /opt/stack/data/neutron/dhcp/5729fccf-3ca4-4f85-885d-e3fe56c38c8f/opts
Oct 17 00:35:16.212215 podb-esxi207 dnsmasq[1241105]: read /opt/stack/data/neutron/dhcp/5729fccf-3ca4-4f85-885d-e3fe56c38c8f/addn_hosts - 2 names
Oct 17 00:35:16.212336 podb-esxi207 dnsmasq-dhcp[1241105]: read /opt/stack/data/neutron/dhcp/5729fccf-3ca4-4f85-885d-e3fe56c38c8f/host
Oct 17 00:35:16.212444 podb-esxi207 dnsmasq-dhcp[1241105]: read /opt/stack/data/neutron/dhcp/5729fccf-3ca4-4f85-885d-e3fe56c38c8f/opts
Oct 17 00:37:08.994791 podb-esxi207 dnsmasq[1253999]: started, version 2.90 cachesize 150
Oct 17 00:37:08.994817 podb-esxi207 dnsmasq[1253999]: DNS service limited to local subnets
Oct 17 00:37:08.994832 podb-esxi207 dnsmasq[1253999]: compile time options: IPv6 GNU-getopt DBus no-UBus i18n IDN2 DHCP DHCPv6 no-Lua TFTP conntrack ipset no-nftset auth cryptohash DNSSEC loop-detect inotify dumpfile
Oct 17 00:37:08.994869 podb-esxi207 dnsmasq-dhcp[1253999]: DHCP, static leases only on 192.168.233.0, lease time 1d
Oct 17 00:37:08.995025 podb-esxi207 dnsmasq[1253999]: reading /etc/resolv.conf
Oct 17 00:37:08.995041 podb-esxi207 dnsmasq[1253999]: using nameserver 127.0.0.53#53
Oct 17 00:37:08.995120 podb-esxi207 dnsmasq[1253999]: read /opt/stack/data/neutron/dhcp/ff764a61-c103-4e8e-9e20-68eb1aaca370/addn_hosts - 0 names
Oct 17 00:37:08.995173 podb-esxi207 dnsmasq-dhcp[1253999]: read /opt/stack/data/neutron/dhcp/ff764a61-c103-4e8e-9e20-68eb1aaca370/host
Oct 17 00:37:08.995246 podb-esxi207 dnsmasq-dhcp[1253999]: read /opt/stack/data/neutron/dhcp/ff764a61-c103-4e8e-9e20-68eb1aaca370/opts
Oct 17 00:37:10.538498 podb-esxi207 dnsmasq[1253999]: read /opt/stack/data/neutron/dhcp/ff764a61-c103-4e8e-9e20-68eb1aaca370/addn_hosts - 0 names
Oct 17 00:37:10.538582 podb-esxi207 dnsmasq-dhcp[1253999]: read /opt/stack/data/neutron/dhcp/ff764a61-c103-4e8e-9e20-68eb1aaca370/host
Oct 17 00:37:10.538659 podb-esxi207 dnsmasq-dhcp[1253999]: read /opt/stack/data/neutron/dhcp/ff764a61-c103-4e8e-9e20-68eb1aaca370/opts
Oct 17 00:43:49.520546 podb-esxi207 dnsmasq[1259901]: started, version 2.90 cachesize 150
Oct 17 00:43:49.520575 podb-esxi207 dnsmasq[1259901]: DNS service limited to local subnets
Oct 17 00:43:49.520590 podb-esxi207 dnsmasq[1259901]: compile time options: IPv6 GNU-getopt DBus no-UBus i18n IDN2 DHCP DHCPv6 no-Lua TFTP conntrack ipset no-nftset auth cryptohash DNSSEC loop-detect inotify dumpfile
Oct 17 00:43:49.520627 podb-esxi207 dnsmasq-dhcp[1259901]: DHCP, static leases only on 10.1.0.0, lease time 1d
Oct 17 00:43:49.520810 podb-esxi207 dnsmasq[1259901]: reading /etc/resolv.conf
Oct 17 00:43:49.520831 podb-esxi207 dnsmasq[1259901]: using nameserver 127.0.0.53#53
Oct 17 00:43:49.520921 podb-esxi207 dnsmasq[1259901]: read /opt/stack/data/neutron/dhcp/99a9da0c-55e9-4a32-9f0f-2b492787203d/addn_hosts - 0 names
Oct 17 00:43:49.520973 podb-esxi207 dnsmasq-dhcp[1259901]: read /opt/stack/data/neutron/dhcp/99a9da0c-55e9-4a32-9f0f-2b492787203d/host
Oct 17 00:43:49.521034 podb-esxi207 dnsmasq-dhcp[1259901]: read /opt/stack/data/neutron/dhcp/99a9da0c-55e9-4a32-9f0f-2b492787203d/opts
Oct 17 00:43:52.327822 podb-esxi207 dnsmasq[1260273]: started, version 2.90 cachesize 150
Oct 17 00:43:52.327853 podb-esxi207 dnsmasq[1260273]: DNS service limited to local subnets
Oct 17 00:43:52.327868 podb-esxi207 dnsmasq[1260273]: compile time options: IPv6 GNU-getopt DBus no-UBus i18n IDN2 DHCP DHCPv6 no-Lua TFTP conntrack ipset no-nftset auth cryptohash DNSSEC loop-detect inotify dumpfile
Oct 17 00:43:52.327910 podb-esxi207 dnsmasq-dhcp[1260273]: DHCP, static leases only on 10.1.0.0, lease time 1d
Oct 17 00:43:52.328063 podb-esxi207 dnsmasq[1260273]: reading /etc/resolv.conf
Oct 17 00:43:52.328079 podb-esxi207 dnsmasq[1260273]: using nameserver 127.0.0.53#53
Oct 17 00:43:52.328202 podb-esxi207 dnsmasq[1260273]: read /opt/stack/data/neutron/dhcp/cb318655-b1af-4e87-b422-eb5760c83520/addn_hosts - 2 names
Oct 17 00:43:52.328258 podb-esxi207 dnsmasq-dhcp[1260273]: read /opt/stack/data/neutron/dhcp/cb318655-b1af-4e87-b422-eb5760c83520/host
Oct 17 00:43:52.328335 podb-esxi207 dnsmasq-dhcp[1260273]: read /opt/stack/data/neutron/dhcp/cb318655-b1af-4e87-b422-eb5760c83520/opts
Oct 17 00:43:56.089037 podb-esxi207 dnsmasq[1261441]: started, version 2.90 cachesize 150
Oct 17 00:43:56.089068 podb-esxi207 dnsmasq[1261441]: DNS service limited to local subnets
Oct 17 00:43:56.089083 podb-esxi207 dnsmasq[1261441]: compile time options: IPv6 GNU-getopt DBus no-UBus i18n IDN2 DHCP DHCPv6 no-Lua TFTP conntrack ipset no-nftset auth cryptohash DNSSEC loop-detect inotify dumpfile
Oct 17 00:43:56.089125 podb-esxi207 dnsmasq-dhcp[1261441]: DHCP, static leases only on 10.1.0.0, lease time 1d
Oct 17 00:43:56.089290 podb-esxi207 dnsmasq[1261441]: reading /etc/resolv.conf
Oct 17 00:43:56.089308 podb-esxi207 dnsmasq[1261441]: using nameserver 127.0.0.53#53
Oct 17 00:43:56.089422 podb-esxi207 dnsmasq[1261441]: read /opt/stack/data/neutron/dhcp/67fa8116-9962-4d99-bc90-fe67580ba497/addn_hosts - 2 names
Oct 17 00:43:56.089479 podb-esxi207 dnsmasq-dhcp[1261441]: read /opt/stack/data/neutron/dhcp/67fa8116-9962-4d99-bc90-fe67580ba497/host
Oct 17 00:43:56.089550 podb-esxi207 dnsmasq-dhcp[1261441]: read /opt/stack/data/neutron/dhcp/67fa8116-9962-4d99-bc90-fe67580ba497/opts
Oct 17 00:43:58.846504 podb-esxi207 dnsmasq[1261791]: started, version 2.90 cachesize 150
Oct 17 00:43:58.846526 podb-esxi207 dnsmasq[1261791]: DNS service limited to local subnets
Oct 17 00:43:58.846537 podb-esxi207 dnsmasq[1261791]: compile time options: IPv6 GNU-getopt DBus no-UBus i18n IDN2 DHCP DHCPv6 no-Lua TFTP conntrack ipset no-nftset auth cryptohash DNSSEC loop-detect inotify dumpfile
Oct 17 00:43:58.846565 podb-esxi207 dnsmasq-dhcp[1261791]: DHCP, static leases only on 10.1.0.0, lease time 1d
Oct 17 00:43:58.846671 podb-esxi207 dnsmasq[1261791]: reading /etc/resolv.conf
Oct 17 00:43:58.846683 podb-esxi207 dnsmasq[1261791]: using nameserver 127.0.0.53#53
Oct 17 00:43:58.846760 podb-esxi207 dnsmasq[1261791]: read /opt/stack/data/neutron/dhcp/ed191d26-a74a-45fc-baac-7b3987c793ab/addn_hosts - 2 names
Oct 17 00:43:58.846797 podb-esxi207 dnsmasq-dhcp[1261791]: read /opt/stack/data/neutron/dhcp/ed191d26-a74a-45fc-baac-7b3987c793ab/host
Oct 17 00:43:58.846839 podb-esxi207 dnsmasq-dhcp[1261791]: read /opt/stack/data/neutron/dhcp/ed191d26-a74a-45fc-baac-7b3987c793ab/opts
Oct 17 00:43:59.916067 podb-esxi207 dnsmasq[1259901]: read /opt/stack/data/neutron/dhcp/99a9da0c-55e9-4a32-9f0f-2b492787203d/addn_hosts - 2 names
Oct 17 00:43:59.916175 podb-esxi207 dnsmasq-dhcp[1259901]: read /opt/stack/data/neutron/dhcp/99a9da0c-55e9-4a32-9f0f-2b492787203d/host
Oct 17 00:43:59.916245 podb-esxi207 dnsmasq-dhcp[1259901]: read /opt/stack/data/neutron/dhcp/99a9da0c-55e9-4a32-9f0f-2b492787203d/opts
Oct 17 00:44:02.933537 podb-esxi207 dnsmasq[1262412]: started, version 2.90 cachesize 150
Oct 17 00:44:02.933568 podb-esxi207 dnsmasq[1262412]: DNS service limited to local subnets
Oct 17 00:44:02.933583 podb-esxi207 dnsmasq[1262412]: compile time options: IPv6 GNU-getopt DBus no-UBus i18n IDN2 DHCP DHCPv6 no-Lua TFTP conntrack ipset no-nftset auth cryptohash DNSSEC loop-detect inotify dumpfile
Oct 17 00:44:02.933646 podb-esxi207 dnsmasq-dhcp[1262412]: DHCP, static leases only on 10.1.0.0, lease time 1d
Oct 17 00:44:02.933800 podb-esxi207 dnsmasq[1262412]: reading /etc/resolv.conf
Oct 17 00:44:02.933816 podb-esxi207 dnsmasq[1262412]: using nameserver 127.0.0.53#53
Oct 17 00:44:02.933931 podb-esxi207 dnsmasq[1262412]: read /opt/stack/data/neutron/dhcp/f7e7f22a-7e8f-466d-9667-3d087d253fc6/addn_hosts - 2 names
Oct 17 00:44:02.933995 podb-esxi207 dnsmasq-dhcp[1262412]: read /opt/stack/data/neutron/dhcp/f7e7f22a-7e8f-466d-9667-3d087d253fc6/host
Oct 17 00:44:02.934061 podb-esxi207 dnsmasq-dhcp[1262412]: read /opt/stack/data/neutron/dhcp/f7e7f22a-7e8f-466d-9667-3d087d253fc6/opts
Oct 17 00:44:05.643557 podb-esxi207 dnsmasq[1262692]: started, version 2.90 cachesize 150
Oct 17 00:44:05.643581 podb-esxi207 dnsmasq[1262692]: DNS service limited to local subnets
Oct 17 00:44:05.643595 podb-esxi207 dnsmasq[1262692]: compile time options: IPv6 GNU-getopt DBus no-UBus i18n IDN2 DHCP DHCPv6 no-Lua TFTP conntrack ipset no-nftset auth cryptohash DNSSEC loop-detect inotify dumpfile
Oct 17 00:44:05.643631 podb-esxi207 dnsmasq-dhcp[1262692]: DHCP, static leases only on 10.1.0.0, lease time 1d
Oct 17 00:44:05.643785 podb-esxi207 dnsmasq[1262692]: reading /etc/resolv.conf
Oct 17 00:44:05.643806 podb-esxi207 dnsmasq[1262692]: using nameserver 127.0.0.53#53
Oct 17 00:44:05.643913 podb-esxi207 dnsmasq[1262692]: read /opt/stack/data/neutron/dhcp/6b213b4d-2b9c-4005-800c-202978940d45/addn_hosts - 2 names
Oct 17 00:44:05.643984 podb-esxi207 dnsmasq-dhcp[1262692]: read /opt/stack/data/neutron/dhcp/6b213b4d-2b9c-4005-800c-202978940d45/host
Oct 17 00:44:05.644050 podb-esxi207 dnsmasq-dhcp[1262692]: read /opt/stack/data/neutron/dhcp/6b213b4d-2b9c-4005-800c-202978940d45/opts
Oct 17 00:44:08.274411 podb-esxi207 dnsmasq[1262818]: started, version 2.90 cachesize 150
Oct 17 00:44:08.274443 podb-esxi207 dnsmasq[1262818]: DNS service limited to local subnets
Oct 17 00:44:08.274458 podb-esxi207 dnsmasq[1262818]: compile time options: IPv6 GNU-getopt DBus no-UBus i18n IDN2 DHCP DHCPv6 no-Lua TFTP conntrack ipset no-nftset auth cryptohash DNSSEC loop-detect inotify dumpfile
Oct 17 00:44:08.274496 podb-esxi207 dnsmasq-dhcp[1262818]: DHCP, static leases only on 10.1.0.0, lease time 1d
Oct 17 00:44:08.274655 podb-esxi207 dnsmasq[1262818]: reading /etc/resolv.conf
Oct 17 00:44:08.274672 podb-esxi207 dnsmasq[1262818]: using nameserver 127.0.0.53#53
Oct 17 00:44:08.274784 podb-esxi207 dnsmasq[1262818]: read /opt/stack/data/neutron/dhcp/576e462f-a8cb-4ad2-8e84-cc8c4fb16c57/addn_hosts - 2 names
Oct 17 00:44:08.274840 podb-esxi207 dnsmasq-dhcp[1262818]: read /opt/stack/data/neutron/dhcp/576e462f-a8cb-4ad2-8e84-cc8c4fb16c57/host
Oct 17 00:44:08.274907 podb-esxi207 dnsmasq-dhcp[1262818]: read /opt/stack/data/neutron/dhcp/576e462f-a8cb-4ad2-8e84-cc8c4fb16c57/opts
Oct 17 00:44:09.314237 podb-esxi207 dnsmasq[1260273]: read /opt/stack/data/neutron/dhcp/cb318655-b1af-4e87-b422-eb5760c83520/addn_hosts - 2 names
Oct 17 00:44:09.314356 podb-esxi207 dnsmasq-dhcp[1260273]: read /opt/stack/data/neutron/dhcp/cb318655-b1af-4e87-b422-eb5760c83520/host
Oct 17 00:44:09.314476 podb-esxi207 dnsmasq-dhcp[1260273]: read /opt/stack/data/neutron/dhcp/cb318655-b1af-4e87-b422-eb5760c83520/opts
Oct 17 00:44:11.561410 podb-esxi207 dnsmasq[1261441]: read /opt/stack/data/neutron/dhcp/67fa8116-9962-4d99-bc90-fe67580ba497/addn_hosts - 4 names
Oct 17 00:44:11.561527 podb-esxi207 dnsmasq-dhcp[1261441]: read /opt/stack/data/neutron/dhcp/67fa8116-9962-4d99-bc90-fe67580ba497/host
Oct 17 00:44:11.561653 podb-esxi207 dnsmasq-dhcp[1261441]: read /opt/stack/data/neutron/dhcp/67fa8116-9962-4d99-bc90-fe67580ba497/opts
Oct 17 00:44:12.812864 podb-esxi207 dnsmasq[1261791]: read /opt/stack/data/neutron/dhcp/ed191d26-a74a-45fc-baac-7b3987c793ab/addn_hosts - 4 names
Oct 17 00:44:12.812956 podb-esxi207 dnsmasq-dhcp[1261791]: read /opt/stack/data/neutron/dhcp/ed191d26-a74a-45fc-baac-7b3987c793ab/host
Oct 17 00:44:12.813024 podb-esxi207 dnsmasq-dhcp[1261791]: read /opt/stack/data/neutron/dhcp/ed191d26-a74a-45fc-baac-7b3987c793ab/opts
Oct 17 00:44:13.556710 podb-esxi207 dnsmasq[1259901]: read /opt/stack/data/neutron/dhcp/99a9da0c-55e9-4a32-9f0f-2b492787203d/addn_hosts - 2 names
Oct 17 00:44:13.556806 podb-esxi207 dnsmasq-dhcp[1259901]: read /opt/stack/data/neutron/dhcp/99a9da0c-55e9-4a32-9f0f-2b492787203d/host
Oct 17 00:44:13.556878 podb-esxi207 dnsmasq-dhcp[1259901]: read /opt/stack/data/neutron/dhcp/99a9da0c-55e9-4a32-9f0f-2b492787203d/opts
Oct 17 00:44:14.787599 podb-esxi207 dnsmasq[1262412]: read /opt/stack/data/neutron/dhcp/f7e7f22a-7e8f-466d-9667-3d087d253fc6/addn_hosts - 2 names
Oct 17 00:44:14.787728 podb-esxi207 dnsmasq-dhcp[1262412]: read /opt/stack/data/neutron/dhcp/f7e7f22a-7e8f-466d-9667-3d087d253fc6/host
Oct 17 00:44:14.787859 podb-esxi207 dnsmasq-dhcp[1262412]: read /opt/stack/data/neutron/dhcp/f7e7f22a-7e8f-466d-9667-3d087d253fc6/opts
Oct 17 00:44:16.037459 podb-esxi207 dnsmasq[1262692]: read /opt/stack/data/neutron/dhcp/6b213b4d-2b9c-4005-800c-202978940d45/addn_hosts - 2 names
Oct 17 00:44:16.037552 podb-esxi207 dnsmasq-dhcp[1262692]: read /opt/stack/data/neutron/dhcp/6b213b4d-2b9c-4005-800c-202978940d45/host
Oct 17 00:44:16.037625 podb-esxi207 dnsmasq-dhcp[1262692]: read /opt/stack/data/neutron/dhcp/6b213b4d-2b9c-4005-800c-202978940d45/opts
Oct 17 00:44:18.889491 podb-esxi207 dnsmasq[1263322]: started, version 2.90 cachesize 150
Oct 17 00:44:18.889520 podb-esxi207 dnsmasq[1263322]: DNS service limited to local subnets
Oct 17 00:44:18.889535 podb-esxi207 dnsmasq[1263322]: compile time options: IPv6 GNU-getopt DBus no-UBus i18n IDN2 DHCP DHCPv6 no-Lua TFTP conntrack ipset no-nftset auth cryptohash DNSSEC loop-detect inotify dumpfile
Oct 17 00:44:18.889576 podb-esxi207 dnsmasq-dhcp[1263322]: DHCP, static leases only on 10.1.0.0, lease time 1d
Oct 17 00:44:18.889731 podb-esxi207 dnsmasq[1263322]: reading /etc/resolv.conf
Oct 17 00:44:18.889748 podb-esxi207 dnsmasq[1263322]: using nameserver 127.0.0.53#53
Oct 17 00:44:18.889866 podb-esxi207 dnsmasq[1263322]: read /opt/stack/data/neutron/dhcp/c22d7053-5aff-43b2-a695-419add61373d/addn_hosts - 2 names
Oct 17 00:44:18.889924 podb-esxi207 dnsmasq-dhcp[1263322]: read /opt/stack/data/neutron/dhcp/c22d7053-5aff-43b2-a695-419add61373d/host
Oct 17 00:44:18.889989 podb-esxi207 dnsmasq-dhcp[1263322]: read /opt/stack/data/neutron/dhcp/c22d7053-5aff-43b2-a695-419add61373d/opts
Oct 17 00:44:21.482845 podb-esxi207 dnsmasq[1263458]: started, version 2.90 cachesize 150
Oct 17 00:44:21.482869 podb-esxi207 dnsmasq[1263458]: DNS service limited to local subnets
Oct 17 00:44:21.482884 podb-esxi207 dnsmasq[1263458]: compile time options: IPv6 GNU-getopt DBus no-UBus i18n IDN2 DHCP DHCPv6 no-Lua TFTP conntrack ipset no-nftset auth cryptohash DNSSEC loop-detect inotify dumpfile
Oct 17 00:44:21.482918 podb-esxi207 dnsmasq-dhcp[1263458]: DHCP, static leases only on 10.1.0.0, lease time 1d
Oct 17 00:44:21.483062 podb-esxi207 dnsmasq[1263458]: reading /etc/resolv.conf
Oct 17 00:44:21.483078 podb-esxi207 dnsmasq[1263458]: using nameserver 127.0.0.53#53
Oct 17 00:44:21.483189 podb-esxi207 dnsmasq[1263458]: read /opt/stack/data/neutron/dhcp/59a4484f-ad9b-45b1-8975-a608681c2ce9/addn_hosts - 2 names
Oct 17 00:44:21.483250 podb-esxi207 dnsmasq-dhcp[1263458]: read /opt/stack/data/neutron/dhcp/59a4484f-ad9b-45b1-8975-a608681c2ce9/host
Oct 17 00:44:21.483316 podb-esxi207 dnsmasq-dhcp[1263458]: read /opt/stack/data/neutron/dhcp/59a4484f-ad9b-45b1-8975-a608681c2ce9/opts
Oct 17 00:44:22.013240 podb-esxi207 dnsmasq[1260273]: read /opt/stack/data/neutron/dhcp/cb318655-b1af-4e87-b422-eb5760c83520/addn_hosts - 2 names
Oct 17 00:44:22.013334 podb-esxi207 dnsmasq-dhcp[1260273]: read /opt/stack/data/neutron/dhcp/cb318655-b1af-4e87-b422-eb5760c83520/host
Oct 17 00:44:22.013422 podb-esxi207 dnsmasq-dhcp[1260273]: read /opt/stack/data/neutron/dhcp/cb318655-b1af-4e87-b422-eb5760c83520/opts
Oct 17 00:44:23.729776 podb-esxi207 dnsmasq[1261441]: read /opt/stack/data/neutron/dhcp/67fa8116-9962-4d99-bc90-fe67580ba497/addn_hosts - 4 names
Oct 17 00:44:23.729903 podb-esxi207 dnsmasq-dhcp[1261441]: read /opt/stack/data/neutron/dhcp/67fa8116-9962-4d99-bc90-fe67580ba497/host
Oct 17 00:44:23.730005 podb-esxi207 dnsmasq-dhcp[1261441]: read /opt/stack/data/neutron/dhcp/67fa8116-9962-4d99-bc90-fe67580ba497/opts
Oct 17 00:44:24.443645 podb-esxi207 dnsmasq[1261791]: read /opt/stack/data/neutron/dhcp/ed191d26-a74a-45fc-baac-7b3987c793ab/addn_hosts - 4 names
Oct 17 00:44:24.443764 podb-esxi207 dnsmasq-dhcp[1261791]: read /opt/stack/data/neutron/dhcp/ed191d26-a74a-45fc-baac-7b3987c793ab/host
Oct 17 00:44:24.443869 podb-esxi207 dnsmasq-dhcp[1261791]: read /opt/stack/data/neutron/dhcp/ed191d26-a74a-45fc-baac-7b3987c793ab/opts
Oct 17 00:44:25.163506 podb-esxi207 dnsmasq[1259901]: read /opt/stack/data/neutron/dhcp/99a9da0c-55e9-4a32-9f0f-2b492787203d/addn_hosts - 2 names
Oct 17 00:44:25.163605 podb-esxi207 dnsmasq-dhcp[1259901]: read /opt/stack/data/neutron/dhcp/99a9da0c-55e9-4a32-9f0f-2b492787203d/host
Oct 17 00:44:25.163711 podb-esxi207 dnsmasq-dhcp[1259901]: read /opt/stack/data/neutron/dhcp/99a9da0c-55e9-4a32-9f0f-2b492787203d/opts
Oct 17 00:44:27.883781 podb-esxi207 dnsmasq[1263613]: started, version 2.90 cachesize 150
Oct 17 00:44:27.883808 podb-esxi207 dnsmasq[1263613]: DNS service limited to local subnets
Oct 17 00:44:27.883822 podb-esxi207 dnsmasq[1263613]: compile time options: IPv6 GNU-getopt DBus no-UBus i18n IDN2 DHCP DHCPv6 no-Lua TFTP conntrack ipset no-nftset auth cryptohash DNSSEC loop-detect inotify dumpfile
Oct 17 00:44:27.883856 podb-esxi207 dnsmasq-dhcp[1263613]: DHCP, static leases only on 10.1.0.0, lease time 1d
Oct 17 00:44:27.884002 podb-esxi207 dnsmasq[1263613]: reading /etc/resolv.conf
Oct 17 00:44:27.884018 podb-esxi207 dnsmasq[1263613]: using nameserver 127.0.0.53#53
Oct 17 00:44:27.884128 podb-esxi207 dnsmasq[1263613]: read /opt/stack/data/neutron/dhcp/0af91d2e-44a4-49f4-acf0-082615e7db1b/addn_hosts - 2 names
Oct 17 00:44:27.884181 podb-esxi207 dnsmasq-dhcp[1263613]: read /opt/stack/data/neutron/dhcp/0af91d2e-44a4-49f4-acf0-082615e7db1b/host
Oct 17 00:44:27.884254 podb-esxi207 dnsmasq-dhcp[1263613]: read /opt/stack/data/neutron/dhcp/0af91d2e-44a4-49f4-acf0-082615e7db1b/opts
Oct 17 00:44:28.916107 podb-esxi207 dnsmasq[1262818]: read /opt/stack/data/neutron/dhcp/576e462f-a8cb-4ad2-8e84-cc8c4fb16c57/addn_hosts - 2 names
Oct 17 00:44:28.916187 podb-esxi207 dnsmasq-dhcp[1262818]: read /opt/stack/data/neutron/dhcp/576e462f-a8cb-4ad2-8e84-cc8c4fb16c57/host
Oct 17 00:44:28.916277 podb-esxi207 dnsmasq-dhcp[1262818]: read /opt/stack/data/neutron/dhcp/576e462f-a8cb-4ad2-8e84-cc8c4fb16c57/opts
Oct 17 00:44:30.130056 podb-esxi207 dnsmasq[1263322]: read /opt/stack/data/neutron/dhcp/c22d7053-5aff-43b2-a695-419add61373d/addn_hosts - 2 names
Oct 17 00:44:30.130135 podb-esxi207 dnsmasq-dhcp[1263322]: read /opt/stack/data/neutron/dhcp/c22d7053-5aff-43b2-a695-419add61373d/host
Oct 17 00:44:30.130230 podb-esxi207 dnsmasq-dhcp[1263322]: read /opt/stack/data/neutron/dhcp/c22d7053-5aff-43b2-a695-419add61373d/opts
Oct 17 00:44:30.846300 podb-esxi207 dnsmasq[1262412]: read /opt/stack/data/neutron/dhcp/f7e7f22a-7e8f-466d-9667-3d087d253fc6/addn_hosts - 2 names
Oct 17 00:44:30.846379 podb-esxi207 dnsmasq-dhcp[1262412]: read /opt/stack/data/neutron/dhcp/f7e7f22a-7e8f-466d-9667-3d087d253fc6/host
Oct 17 00:44:30.846469 podb-esxi207 dnsmasq-dhcp[1262412]: read /opt/stack/data/neutron/dhcp/f7e7f22a-7e8f-466d-9667-3d087d253fc6/opts
Oct 17 00:44:32.067618 podb-esxi207 dnsmasq[1263458]: read /opt/stack/data/neutron/dhcp/59a4484f-ad9b-45b1-8975-a608681c2ce9/addn_hosts - 2 names
Oct 17 00:44:32.067720 podb-esxi207 dnsmasq-dhcp[1263458]: read /opt/stack/data/neutron/dhcp/59a4484f-ad9b-45b1-8975-a608681c2ce9/host
Oct 17 00:44:32.067830 podb-esxi207 dnsmasq-dhcp[1263458]: read /opt/stack/data/neutron/dhcp/59a4484f-ad9b-45b1-8975-a608681c2ce9/opts
Oct 17 00:44:32.783776 podb-esxi207 dnsmasq[1260273]: read /opt/stack/data/neutron/dhcp/cb318655-b1af-4e87-b422-eb5760c83520/addn_hosts - 2 names
Oct 17 00:44:32.783855 podb-esxi207 dnsmasq-dhcp[1260273]: read /opt/stack/data/neutron/dhcp/cb318655-b1af-4e87-b422-eb5760c83520/host
Oct 17 00:44:32.783953 podb-esxi207 dnsmasq-dhcp[1260273]: read /opt/stack/data/neutron/dhcp/cb318655-b1af-4e87-b422-eb5760c83520/opts
Oct 17 00:44:34.506345 podb-esxi207 dnsmasq[1261441]: read /opt/stack/data/neutron/dhcp/67fa8116-9962-4d99-bc90-fe67580ba497/addn_hosts - 4 names
Oct 17 00:44:34.506449 podb-esxi207 dnsmasq-dhcp[1261441]: read /opt/stack/data/neutron/dhcp/67fa8116-9962-4d99-bc90-fe67580ba497/host
Oct 17 00:44:34.506555 podb-esxi207 dnsmasq-dhcp[1261441]: read /opt/stack/data/neutron/dhcp/67fa8116-9962-4d99-bc90-fe67580ba497/opts
Oct 17 00:44:35.221438 podb-esxi207 dnsmasq[1261791]: read /opt/stack/data/neutron/dhcp/ed191d26-a74a-45fc-baac-7b3987c793ab/addn_hosts - 4 names
Oct 17 00:44:35.221549 podb-esxi207 dnsmasq-dhcp[1261791]: read /opt/stack/data/neutron/dhcp/ed191d26-a74a-45fc-baac-7b3987c793ab/host
Oct 17 00:44:35.221656 podb-esxi207 dnsmasq-dhcp[1261791]: read /opt/stack/data/neutron/dhcp/ed191d26-a74a-45fc-baac-7b3987c793ab/opts
Oct 17 00:44:35.825812 podb-esxi207 dnsmasq-dhcp[1261791]: DHCPDISCOVER(tap35050a92-36) fa:16:3e:a8:c6:2c
Oct 17 00:44:35.825837 podb-esxi207 dnsmasq-dhcp[1261791]: DHCPOFFER(tap35050a92-36) 10.1.0.12 fa:16:3e:a8:c6:2c
Oct 17 00:44:35.837131 podb-esxi207 dnsmasq-dhcp[1261791]: DHCPREQUEST(tap35050a92-36) 10.1.0.12 fa:16:3e:a8:c6:2c
Oct 17 00:44:35.837162 podb-esxi207 dnsmasq-dhcp[1261791]: DHCPACK(tap35050a92-36) 10.1.0.12 fa:16:3e:a8:c6:2c host-10-1-0-12
Oct 17 00:44:35.934472 podb-esxi207 dnsmasq[1262692]: read /opt/stack/data/neutron/dhcp/6b213b4d-2b9c-4005-800c-202978940d45/addn_hosts - 2 names
Oct 17 00:44:35.934546 podb-esxi207 dnsmasq-dhcp[1262692]: read /opt/stack/data/neutron/dhcp/6b213b4d-2b9c-4005-800c-202978940d45/host
Oct 17 00:44:35.934616 podb-esxi207 dnsmasq-dhcp[1262692]: read /opt/stack/data/neutron/dhcp/6b213b4d-2b9c-4005-800c-202978940d45/opts
Oct 17 00:44:36.032807 podb-esxi207 dnsmasq-dhcp[1259901]: DHCPDISCOVER(tapa5e3014f-1c) fa:16:3e:cf:05:4a no address available
Oct 17 00:44:36.219389 podb-esxi207 dnsmasq-dhcp[1261441]: DHCPDISCOVER(tap46fb8474-1a) fa:16:3e:b3:1b:8d
Oct 17 00:44:36.219418 podb-esxi207 dnsmasq-dhcp[1261441]: DHCPOFFER(tap46fb8474-1a) 10.1.0.9 fa:16:3e:b3:1b:8d
Oct 17 00:44:36.228939 podb-esxi207 dnsmasq-dhcp[1261441]: DHCPREQUEST(tap46fb8474-1a) 10.1.0.9 fa:16:3e:b3:1b:8d
Oct 17 00:44:36.228968 podb-esxi207 dnsmasq-dhcp[1261441]: DHCPACK(tap46fb8474-1a) 10.1.0.9 fa:16:3e:b3:1b:8d host-10-1-0-9
Oct 17 00:44:36.732076 podb-esxi207 dnsmasq[1259901]: read /opt/stack/data/neutron/dhcp/99a9da0c-55e9-4a32-9f0f-2b492787203d/addn_hosts - 4 names
Oct 17 00:44:36.732197 podb-esxi207 dnsmasq-dhcp[1259901]: read /opt/stack/data/neutron/dhcp/99a9da0c-55e9-4a32-9f0f-2b492787203d/host
Oct 17 00:44:36.732303 podb-esxi207 dnsmasq-dhcp[1259901]: read /opt/stack/data/neutron/dhcp/99a9da0c-55e9-4a32-9f0f-2b492787203d/opts
Oct 17 00:44:37.945786 podb-esxi207 dnsmasq[1263613]: read /opt/stack/data/neutron/dhcp/0af91d2e-44a4-49f4-acf0-082615e7db1b/addn_hosts - 2 names
Oct 17 00:44:37.945870 podb-esxi207 dnsmasq-dhcp[1263613]: read /opt/stack/data/neutron/dhcp/0af91d2e-44a4-49f4-acf0-082615e7db1b/host
Oct 17 00:44:37.945992 podb-esxi207 dnsmasq-dhcp[1263613]: read /opt/stack/data/neutron/dhcp/0af91d2e-44a4-49f4-acf0-082615e7db1b/opts
Oct 17 00:44:38.663298 podb-esxi207 dnsmasq[1262818]: read /opt/stack/data/neutron/dhcp/576e462f-a8cb-4ad2-8e84-cc8c4fb16c57/addn_hosts - 2 names
Oct 17 00:44:38.663373 podb-esxi207 dnsmasq-dhcp[1262818]: read /opt/stack/data/neutron/dhcp/576e462f-a8cb-4ad2-8e84-cc8c4fb16c57/host
Oct 17 00:44:38.663444 podb-esxi207 dnsmasq-dhcp[1262818]: read /opt/stack/data/neutron/dhcp/576e462f-a8cb-4ad2-8e84-cc8c4fb16c57/opts
Oct 17 00:44:39.201447 podb-esxi207 dnsmasq-dhcp[1259901]: DHCPDISCOVER(tapa5e3014f-1c) fa:16:3e:cf:05:4a
Oct 17 00:44:39.201471 podb-esxi207 dnsmasq-dhcp[1259901]: DHCPOFFER(tapa5e3014f-1c) 10.1.0.13 fa:16:3e:cf:05:4a
Oct 17 00:44:39.225388 podb-esxi207 dnsmasq-dhcp[1259901]: DHCPREQUEST(tapa5e3014f-1c) 10.1.0.13 fa:16:3e:cf:05:4a
Oct 17 00:44:39.225421 podb-esxi207 dnsmasq-dhcp[1259901]: DHCPACK(tapa5e3014f-1c) 10.1.0.13 fa:16:3e:cf:05:4a host-10-1-0-13
Oct 17 00:44:39.390597 podb-esxi207 dnsmasq[1263322]: read /opt/stack/data/neutron/dhcp/c22d7053-5aff-43b2-a695-419add61373d/addn_hosts - 2 names
Oct 17 00:44:39.390672 podb-esxi207 dnsmasq-dhcp[1263322]: read /opt/stack/data/neutron/dhcp/c22d7053-5aff-43b2-a695-419add61373d/host
Oct 17 00:44:39.390743 podb-esxi207 dnsmasq-dhcp[1263322]: read /opt/stack/data/neutron/dhcp/c22d7053-5aff-43b2-a695-419add61373d/opts
Oct 17 00:44:40.120092 podb-esxi207 dnsmasq[1262412]: read /opt/stack/data/neutron/dhcp/f7e7f22a-7e8f-466d-9667-3d087d253fc6/addn_hosts - 2 names
Oct 17 00:44:40.120170 podb-esxi207 dnsmasq-dhcp[1262412]: read /opt/stack/data/neutron/dhcp/f7e7f22a-7e8f-466d-9667-3d087d253fc6/host
Oct 17 00:44:40.120240 podb-esxi207 dnsmasq-dhcp[1262412]: read /opt/stack/data/neutron/dhcp/f7e7f22a-7e8f-466d-9667-3d087d253fc6/opts
Oct 17 00:44:40.854153 podb-esxi207 dnsmasq[1263458]: read /opt/stack/data/neutron/dhcp/59a4484f-ad9b-45b1-8975-a608681c2ce9/addn_hosts - 2 names
Oct 17 00:44:40.854262 podb-esxi207 dnsmasq-dhcp[1263458]: read /opt/stack/data/neutron/dhcp/59a4484f-ad9b-45b1-8975-a608681c2ce9/host
Oct 17 00:44:40.854372 podb-esxi207 dnsmasq-dhcp[1263458]: read /opt/stack/data/neutron/dhcp/59a4484f-ad9b-45b1-8975-a608681c2ce9/opts
Oct 17 00:44:41.710818 podb-esxi207 dnsmasq-dhcp[1259901]: DHCPDISCOVER(tapa5e3014f-1c) fa:16:3e:13:49:06 no address available
Oct 17 00:44:43.518663 podb-esxi207 dnsmasq[1263902]: started, version 2.90 cachesize 150
Oct 17 00:44:43.518689 podb-esxi207 dnsmasq[1263902]: DNS service limited to local subnets
Oct 17 00:44:43.518704 podb-esxi207 dnsmasq[1263902]: compile time options: IPv6 GNU-getopt DBus no-UBus i18n IDN2 DHCP DHCPv6 no-Lua TFTP conntrack ipset no-nftset auth cryptohash DNSSEC loop-detect inotify dumpfile
Oct 17 00:44:43.518749 podb-esxi207 dnsmasq-dhcp[1263902]: DHCP, static leases only on 10.1.1.0, lease time 1d
Oct 17 00:44:43.518897 podb-esxi207 dnsmasq[1263902]: reading /etc/resolv.conf
Oct 17 00:44:43.518913 podb-esxi207 dnsmasq[1263902]: using nameserver 127.0.0.53#53
Oct 17 00:44:43.519035 podb-esxi207 dnsmasq[1263902]: read /opt/stack/data/neutron/dhcp/bcc9e0f0-d905-4fbb-9dca-99dfc813efed/addn_hosts - 8 names
Oct 17 00:44:43.519106 podb-esxi207 dnsmasq-dhcp[1263902]: read /opt/stack/data/neutron/dhcp/bcc9e0f0-d905-4fbb-9dca-99dfc813efed/host
Oct 17 00:44:43.519156 podb-esxi207 dnsmasq-dhcp[1263902]: read /opt/stack/data/neutron/dhcp/bcc9e0f0-d905-4fbb-9dca-99dfc813efed/opts
Oct 17 00:44:45.935938 podb-esxi207 dnsmasq-dhcp[1259901]: DHCPDISCOVER(tapa5e3014f-1c) fa:16:3e:13:49:06 no address available
Oct 17 00:44:46.119812 podb-esxi207 dnsmasq[1263974]: started, version 2.90 cachesize 150
Oct 17 00:44:46.119837 podb-esxi207 dnsmasq[1263974]: DNS service limited to local subnets
Oct 17 00:44:46.119851 podb-esxi207 dnsmasq[1263974]: compile time options: IPv6 GNU-getopt DBus no-UBus i18n IDN2 DHCP DHCPv6 no-Lua TFTP conntrack ipset no-nftset auth cryptohash DNSSEC loop-detect inotify dumpfile
Oct 17 00:44:46.119887 podb-esxi207 dnsmasq-dhcp[1263974]: DHCP, static leases only on 10.2.2.0, lease time 1d
Oct 17 00:44:46.120047 podb-esxi207 dnsmasq[1263974]: reading /etc/resolv.conf
Oct 17 00:44:46.120064 podb-esxi207 dnsmasq[1263974]: using nameserver 127.0.0.53#53
Oct 17 00:44:46.120174 podb-esxi207 dnsmasq[1263974]: read /opt/stack/data/neutron/dhcp/f4927e0e-445f-42b0-ac01-1371a2ac6877/addn_hosts - 4 names
Oct 17 00:44:46.120242 podb-esxi207 dnsmasq-dhcp[1263974]: read /opt/stack/data/neutron/dhcp/f4927e0e-445f-42b0-ac01-1371a2ac6877/host
Oct 17 00:44:46.120285 podb-esxi207 dnsmasq-dhcp[1263974]: read /opt/stack/data/neutron/dhcp/f4927e0e-445f-42b0-ac01-1371a2ac6877/opts
Oct 17 00:44:47.663349 podb-esxi207 dnsmasq[1261441]: read /opt/stack/data/neutron/dhcp/67fa8116-9962-4d99-bc90-fe67580ba497/addn_hosts - 4 names
Oct 17 00:44:47.663468 podb-esxi207 dnsmasq-dhcp[1261441]: read /opt/stack/data/neutron/dhcp/67fa8116-9962-4d99-bc90-fe67580ba497/host
Oct 17 00:44:47.663579 podb-esxi207 dnsmasq-dhcp[1261441]: read /opt/stack/data/neutron/dhcp/67fa8116-9962-4d99-bc90-fe67580ba497/opts
Oct 17 00:44:48.409081 podb-esxi207 dnsmasq[1261791]: read /opt/stack/data/neutron/dhcp/ed191d26-a74a-45fc-baac-7b3987c793ab/addn_hosts - 4 names
Oct 17 00:44:48.409175 podb-esxi207 dnsmasq-dhcp[1261791]: read /opt/stack/data/neutron/dhcp/ed191d26-a74a-45fc-baac-7b3987c793ab/host
Oct 17 00:44:48.409247 podb-esxi207 dnsmasq-dhcp[1261791]: read /opt/stack/data/neutron/dhcp/ed191d26-a74a-45fc-baac-7b3987c793ab/opts
Oct 17 00:44:49.149957 podb-esxi207 dnsmasq[1262692]: read /opt/stack/data/neutron/dhcp/6b213b4d-2b9c-4005-800c-202978940d45/addn_hosts - 2 names
Oct 17 00:44:49.150044 podb-esxi207 dnsmasq-dhcp[1262692]: read /opt/stack/data/neutron/dhcp/6b213b4d-2b9c-4005-800c-202978940d45/host
Oct 17 00:44:49.150132 podb-esxi207 dnsmasq-dhcp[1262692]: read /opt/stack/data/neutron/dhcp/6b213b4d-2b9c-4005-800c-202978940d45/opts
Oct 17 00:44:49.901672 podb-esxi207 dnsmasq[1259901]: read /opt/stack/data/neutron/dhcp/99a9da0c-55e9-4a32-9f0f-2b492787203d/addn_hosts - 6 names
Oct 17 00:44:49.901797 podb-esxi207 dnsmasq-dhcp[1259901]: read /opt/stack/data/neutron/dhcp/99a9da0c-55e9-4a32-9f0f-2b492787203d/host
Oct 17 00:44:49.901911 podb-esxi207 dnsmasq-dhcp[1259901]: read /opt/stack/data/neutron/dhcp/99a9da0c-55e9-4a32-9f0f-2b492787203d/opts
Oct 17 00:44:50.649138 podb-esxi207 dnsmasq[1263613]: read /opt/stack/data/neutron/dhcp/0af91d2e-44a4-49f4-acf0-082615e7db1b/addn_hosts - 2 names
Oct 17 00:44:50.649252 podb-esxi207 dnsmasq-dhcp[1263613]: read /opt/stack/data/neutron/dhcp/0af91d2e-44a4-49f4-acf0-082615e7db1b/host
Oct 17 00:44:50.649361 podb-esxi207 dnsmasq-dhcp[1263613]: read /opt/stack/data/neutron/dhcp/0af91d2e-44a4-49f4-acf0-082615e7db1b/opts
Oct 17 00:44:51.402923 podb-esxi207 dnsmasq[1262818]: read /opt/stack/data/neutron/dhcp/576e462f-a8cb-4ad2-8e84-cc8c4fb16c57/addn_hosts - 2 names
Oct 17 00:44:51.403040 podb-esxi207 dnsmasq-dhcp[1262818]: read /opt/stack/data/neutron/dhcp/576e462f-a8cb-4ad2-8e84-cc8c4fb16c57/host
Oct 17 00:44:51.403157 podb-esxi207 dnsmasq-dhcp[1262818]: read /opt/stack/data/neutron/dhcp/576e462f-a8cb-4ad2-8e84-cc8c4fb16c57/opts
Oct 17 00:44:52.139864 podb-esxi207 dnsmasq[1263322]: read /opt/stack/data/neutron/dhcp/c22d7053-5aff-43b2-a695-419add61373d/addn_hosts - 2 names
Oct 17 00:44:52.139949 podb-esxi207 dnsmasq-dhcp[1263322]: read /opt/stack/data/neutron/dhcp/c22d7053-5aff-43b2-a695-419add61373d/host
Oct 17 00:44:52.140022 podb-esxi207 dnsmasq-dhcp[1263322]: read /opt/stack/data/neutron/dhcp/c22d7053-5aff-43b2-a695-419add61373d/opts
Oct 17 00:44:52.886168 podb-esxi207 dnsmasq[1260273]: read /opt/stack/data/neutron/dhcp/cb318655-b1af-4e87-b422-eb5760c83520/addn_hosts - 4 names
Oct 17 00:44:52.886331 podb-esxi207 dnsmasq-dhcp[1260273]: read /opt/stack/data/neutron/dhcp/cb318655-b1af-4e87-b422-eb5760c83520/host
Oct 17 00:44:52.886442 podb-esxi207 dnsmasq-dhcp[1260273]: read /opt/stack/data/neutron/dhcp/cb318655-b1af-4e87-b422-eb5760c83520/opts
Oct 17 00:44:53.622079 podb-esxi207 dnsmasq[1263458]: read /opt/stack/data/neutron/dhcp/59a4484f-ad9b-45b1-8975-a608681c2ce9/addn_hosts - 2 names
Oct 17 00:44:53.622182 podb-esxi207 dnsmasq-dhcp[1263458]: read /opt/stack/data/neutron/dhcp/59a4484f-ad9b-45b1-8975-a608681c2ce9/host
Oct 17 00:44:53.622289 podb-esxi207 dnsmasq-dhcp[1263458]: read /opt/stack/data/neutron/dhcp/59a4484f-ad9b-45b1-8975-a608681c2ce9/opts
Oct 17 00:44:54.253726 podb-esxi207 dnsmasq-dhcp[1259901]: DHCPDISCOVER(tapa5e3014f-1c) fa:16:3e:13:49:06
Oct 17 00:44:54.253759 podb-esxi207 dnsmasq-dhcp[1259901]: DHCPOFFER(tapa5e3014f-1c) 10.1.0.4 fa:16:3e:13:49:06
Oct 17 00:44:54.291629 podb-esxi207 dnsmasq-dhcp[1259901]: DHCPREQUEST(tapa5e3014f-1c) 10.1.0.4 fa:16:3e:13:49:06
Oct 17 00:44:54.291670 podb-esxi207 dnsmasq-dhcp[1259901]: DHCPACK(tapa5e3014f-1c) 10.1.0.4 fa:16:3e:13:49:06 host-10-1-0-4
Oct 17 00:44:54.881890 podb-esxi207 dnsmasq[1263902]: read /opt/stack/data/neutron/dhcp/bcc9e0f0-d905-4fbb-9dca-99dfc813efed/addn_hosts - 8 names
Oct 17 00:44:54.882023 podb-esxi207 dnsmasq-dhcp[1263902]: read /opt/stack/data/neutron/dhcp/bcc9e0f0-d905-4fbb-9dca-99dfc813efed/host
Oct 17 00:44:54.882105 podb-esxi207 dnsmasq-dhcp[1263902]: read /opt/stack/data/neutron/dhcp/bcc9e0f0-d905-4fbb-9dca-99dfc813efed/opts
Oct 17 00:44:56.126417 podb-esxi207 dnsmasq[1263974]: read /opt/stack/data/neutron/dhcp/f4927e0e-445f-42b0-ac01-1371a2ac6877/addn_hosts - 4 names
Oct 17 00:44:56.126555 podb-esxi207 dnsmasq-dhcp[1263974]: read /opt/stack/data/neutron/dhcp/f4927e0e-445f-42b0-ac01-1371a2ac6877/host
Oct 17 00:44:56.126641 podb-esxi207 dnsmasq-dhcp[1263974]: read /opt/stack/data/neutron/dhcp/f4927e0e-445f-42b0-ac01-1371a2ac6877/opts
Oct 17 00:44:57.874070 podb-esxi207 dnsmasq[1263613]: read /opt/stack/data/neutron/dhcp/0af91d2e-44a4-49f4-acf0-082615e7db1b/addn_hosts - 2 names
Oct 17 00:44:57.874186 podb-esxi207 dnsmasq-dhcp[1263613]: read /opt/stack/data/neutron/dhcp/0af91d2e-44a4-49f4-acf0-082615e7db1b/host
Oct 17 00:44:57.874292 podb-esxi207 dnsmasq-dhcp[1263613]: read /opt/stack/data/neutron/dhcp/0af91d2e-44a4-49f4-acf0-082615e7db1b/opts
Oct 17 00:44:58.615591 podb-esxi207 dnsmasq[1263902]: read /opt/stack/data/neutron/dhcp/bcc9e0f0-d905-4fbb-9dca-99dfc813efed/addn_hosts - 8 names
Oct 17 00:44:58.615694 podb-esxi207 dnsmasq-dhcp[1263902]: read /opt/stack/data/neutron/dhcp/bcc9e0f0-d905-4fbb-9dca-99dfc813efed/host
Oct 17 00:44:58.615773 podb-esxi207 dnsmasq-dhcp[1263902]: read /opt/stack/data/neutron/dhcp/bcc9e0f0-d905-4fbb-9dca-99dfc813efed/opts
Oct 17 00:44:59.358748 podb-esxi207 dnsmasq[1263974]: read /opt/stack/data/neutron/dhcp/f4927e0e-445f-42b0-ac01-1371a2ac6877/addn_hosts - 4 names
Oct 17 00:44:59.358856 podb-esxi207 dnsmasq-dhcp[1263974]: read /opt/stack/data/neutron/dhcp/f4927e0e-445f-42b0-ac01-1371a2ac6877/host
Oct 17 00:44:59.358946 podb-esxi207 dnsmasq-dhcp[1263974]: read /opt/stack/data/neutron/dhcp/f4927e0e-445f-42b0-ac01-1371a2ac6877/opts
Oct 17 00:45:00.611470 podb-esxi207 dnsmasq[1263902]: read /opt/stack/data/neutron/dhcp/bcc9e0f0-d905-4fbb-9dca-99dfc813efed/addn_hosts - 8 names
Oct 17 00:45:00.611597 podb-esxi207 dnsmasq-dhcp[1263902]: read /opt/stack/data/neutron/dhcp/bcc9e0f0-d905-4fbb-9dca-99dfc813efed/host
Oct 17 00:45:00.611690 podb-esxi207 dnsmasq-dhcp[1263902]: read /opt/stack/data/neutron/dhcp/bcc9e0f0-d905-4fbb-9dca-99dfc813efed/opts
Oct 17 00:45:01.369903 podb-esxi207 dnsmasq[1263974]: read /opt/stack/data/neutron/dhcp/f4927e0e-445f-42b0-ac01-1371a2ac6877/addn_hosts - 4 names
Oct 17 00:45:01.370039 podb-esxi207 dnsmasq-dhcp[1263974]: read /opt/stack/data/neutron/dhcp/f4927e0e-445f-42b0-ac01-1371a2ac6877/host
Oct 17 00:45:01.370122 podb-esxi207 dnsmasq-dhcp[1263974]: read /opt/stack/data/neutron/dhcp/f4927e0e-445f-42b0-ac01-1371a2ac6877/opts
Oct 17 00:45:02.629480 podb-esxi207 dnsmasq[1263902]: read /opt/stack/data/neutron/dhcp/bcc9e0f0-d905-4fbb-9dca-99dfc813efed/addn_hosts - 8 names
Oct 17 00:45:02.629622 podb-esxi207 dnsmasq-dhcp[1263902]: read /opt/stack/data/neutron/dhcp/bcc9e0f0-d905-4fbb-9dca-99dfc813efed/host
Oct 17 00:45:02.629706 podb-esxi207 dnsmasq-dhcp[1263902]: read /opt/stack/data/neutron/dhcp/bcc9e0f0-d905-4fbb-9dca-99dfc813efed/opts
Oct 17 00:45:03.884901 podb-esxi207 dnsmasq[1263902]: read /opt/stack/data/neutron/dhcp/bcc9e0f0-d905-4fbb-9dca-99dfc813efed/addn_hosts - 8 names
Oct 17 00:45:03.885014 podb-esxi207 dnsmasq-dhcp[1263902]: read /opt/stack/data/neutron/dhcp/bcc9e0f0-d905-4fbb-9dca-99dfc813efed/host
Oct 17 00:45:03.885061 podb-esxi207 dnsmasq-dhcp[1263902]: read /opt/stack/data/neutron/dhcp/bcc9e0f0-d905-4fbb-9dca-99dfc813efed/opts
Oct 17 00:45:33.007077 podb-esxi207 sudo[1265524]:    stack : PWD=/ ; USER=root ; COMMAND=/opt/stack/data/venv/bin/neutron-rootwrap /etc/neutron/rootwrap.conf privsep-helper --config-file /etc/neutron/neutron.conf --config-file /etc/neutron/dhcp_agent.ini --privsep_context neutron.privileged.dhcp_release_cmd --privsep_sock_path /tmp/tmp0l8ygj4g/privsep.sock
Oct 17 00:45:33.007880 podb-esxi207 sudo[1265524]: pam_unix(sudo:session): session opened for user root(uid=0) by (uid=1001)
Oct 17 00:45:33.031961 podb-esxi207 dnsmasq-dhcp[1263902]: DHCPDISCOVER(tap0e24604d-ae) fa:16:3e:d4:5b:71
Oct 17 00:45:33.031985 podb-esxi207 dnsmasq-dhcp[1263902]: DHCPOFFER(tap0e24604d-ae) 10.1.1.71 fa:16:3e:d4:5b:71
Oct 17 00:45:33.132385 podb-esxi207 dnsmasq-dhcp[1263902]: DHCPREQUEST(tap0e24604d-ae) 10.1.1.71 fa:16:3e:d4:5b:71
Oct 17 00:45:33.132415 podb-esxi207 dnsmasq-dhcp[1263902]: DHCPACK(tap0e24604d-ae) 10.1.1.71 fa:16:3e:d4:5b:71 host-10-1-1-71
Oct 17 00:45:33.271078 podb-esxi207 dnsmasq-dhcp[1263902]: DHCPDISCOVER(tap0e24604d-ae) fa:16:3e:f7:80:fe
Oct 17 00:45:33.271097 podb-esxi207 dnsmasq-dhcp[1263902]: DHCPOFFER(tap0e24604d-ae) 10.1.1.147 fa:16:3e:f7:80:fe
Oct 17 00:45:33.377099 podb-esxi207 dnsmasq-dhcp[1263902]: DHCPREQUEST(tap0e24604d-ae) 10.1.1.147 fa:16:3e:f7:80:fe
Oct 17 00:45:33.377113 podb-esxi207 dnsmasq-dhcp[1263902]: DHCPACK(tap0e24604d-ae) 10.1.1.147 fa:16:3e:f7:80:fe host-10-1-1-147
Oct 17 00:45:33.451782 podb-esxi207 dnsmasq-dhcp[1263902]: DHCPDISCOVER(tap0e24604d-ae) fa:16:3e:d2:c3:66
Oct 17 00:45:33.451812 podb-esxi207 dnsmasq-dhcp[1263902]: DHCPOFFER(tap0e24604d-ae) 10.1.1.27 fa:16:3e:d2:c3:66
Oct 17 00:45:33.460254 podb-esxi207 dnsmasq-dhcp[1263902]: DHCPREQUEST(tap0e24604d-ae) 10.1.1.27 fa:16:3e:d2:c3:66
Oct 17 00:45:33.460278 podb-esxi207 dnsmasq-dhcp[1263902]: DHCPACK(tap0e24604d-ae) 10.1.1.27 fa:16:3e:d2:c3:66 host-10-1-1-27
Oct 17 00:45:33.528194 podb-esxi207 dnsmasq-dhcp[1260273]: DHCPDISCOVER(tap98d6b5c1-31) fa:16:3e:12:49:8a
Oct 17 00:45:33.528219 podb-esxi207 dnsmasq-dhcp[1260273]: DHCPOFFER(tap98d6b5c1-31) 10.1.0.5 fa:16:3e:12:49:8a
Oct 17 00:45:33.536237 podb-esxi207 dnsmasq-dhcp[1260273]: DHCPREQUEST(tap98d6b5c1-31) 10.1.0.5 fa:16:3e:12:49:8a
Oct 17 00:45:33.536266 podb-esxi207 dnsmasq-dhcp[1260273]: DHCPACK(tap98d6b5c1-31) 10.1.0.5 fa:16:3e:12:49:8a host-10-1-0-5
Oct 17 00:45:33.642252 podb-esxi207 dnsmasq-dhcp[1263974]: DHCPDISCOVER(tap31627aa8-33) fa:16:3e:18:92:ac
Oct 17 00:45:33.642277 podb-esxi207 dnsmasq-dhcp[1263974]: DHCPOFFER(tap31627aa8-33) 10.2.2.100 fa:16:3e:18:92:ac
Oct 17 00:45:33.645907 podb-esxi207 dnsmasq-dhcp[1263974]: DHCPREQUEST(tap31627aa8-33) 10.2.2.100 fa:16:3e:18:92:ac
Oct 17 00:45:33.645933 podb-esxi207 dnsmasq-dhcp[1263974]: DHCPACK(tap31627aa8-33) 10.2.2.100 fa:16:3e:18:92:ac host-10-2-2-100
Oct 17 00:45:33.720884 podb-esxi207 sudo[1265524]: pam_unix(sudo:session): session closed for user root
Oct 17 00:45:33.953805 podb-esxi207 dnsmasq-dhcp[1261441]: DHCPRELEASE(tap46fb8474-1a) 10.1.0.9 fa:16:3e:b3:1b:8d
Oct 17 00:45:33.967605 podb-esxi207 dnsmasq-dhcp[1261441]: DHCPRELEASE(tap46fb8474-1a) 10.1.0.9 fa:16:3e:b3:1b:8d unknown lease
Oct 17 00:45:34.236752 podb-esxi207 dnsmasq-dhcp[1263902]: DHCPDISCOVER(tap0e24604d-ae) fa:16:3e:9f:bc:ba
Oct 17 00:45:34.236776 podb-esxi207 dnsmasq-dhcp[1263902]: DHCPOFFER(tap0e24604d-ae) 10.1.1.67 fa:16:3e:9f:bc:ba
Oct 17 00:45:34.240115 podb-esxi207 dnsmasq-dhcp[1263902]: DHCPREQUEST(tap0e24604d-ae) 10.1.1.67 fa:16:3e:9f:bc:ba
Oct 17 00:45:34.240141 podb-esxi207 dnsmasq-dhcp[1263902]: DHCPACK(tap0e24604d-ae) 10.1.1.67 fa:16:3e:9f:bc:ba host-10-1-1-67
Oct 17 00:45:34.546225 podb-esxi207 dnsmasq-dhcp[1263974]: DHCPDISCOVER(tap31627aa8-33) fa:16:3e:d3:cc:43
Oct 17 00:45:34.546251 podb-esxi207 dnsmasq-dhcp[1263974]: DHCPOFFER(tap31627aa8-33) 10.2.2.200 fa:16:3e:d3:cc:43
Oct 17 00:45:34.549550 podb-esxi207 dnsmasq-dhcp[1263974]: DHCPREQUEST(tap31627aa8-33) 10.2.2.200 fa:16:3e:d3:cc:43
Oct 17 00:45:34.549576 podb-esxi207 dnsmasq-dhcp[1263974]: DHCPACK(tap31627aa8-33) 10.2.2.200 fa:16:3e:d3:cc:43 host-10-2-2-200
Oct 17 00:45:34.789229 podb-esxi207 dnsmasq[1261441]: read /opt/stack/data/neutron/dhcp/67fa8116-9962-4d99-bc90-fe67580ba497/addn_hosts - 2 names
Oct 17 00:45:34.789296 podb-esxi207 dnsmasq-dhcp[1261441]: read /opt/stack/data/neutron/dhcp/67fa8116-9962-4d99-bc90-fe67580ba497/host
Oct 17 00:45:34.789362 podb-esxi207 dnsmasq-dhcp[1261441]: read /opt/stack/data/neutron/dhcp/67fa8116-9962-4d99-bc90-fe67580ba497/opts
Oct 17 00:45:42.873659 podb-esxi207 dnsmasq-dhcp[1261441]: DHCPRELEASE(tap46fb8474-1a) 10.1.0.1 fa:16:3e:8c:f9:07
Oct 17 00:45:43.697856 podb-esxi207 dnsmasq[1261441]: read /opt/stack/data/neutron/dhcp/67fa8116-9962-4d99-bc90-fe67580ba497/addn_hosts - 0 names
Oct 17 00:45:43.697930 podb-esxi207 dnsmasq-dhcp[1261441]: read /opt/stack/data/neutron/dhcp/67fa8116-9962-4d99-bc90-fe67580ba497/host
Oct 17 00:45:43.698040 podb-esxi207 dnsmasq-dhcp[1261441]: read /opt/stack/data/neutron/dhcp/67fa8116-9962-4d99-bc90-fe67580ba497/opts
Oct 17 00:45:44.580800 podb-esxi207 dnsmasq[1261441]: exiting on receipt of SIGTERM
Oct 17 00:45:45.198946 podb-esxi207 dnsmasq-dhcp[1262818]: DHCPRELEASE(tap480a4491-62) 10.1.0.1 fa:16:3e:bb:8c:7a
Oct 17 00:45:46.023346 podb-esxi207 dnsmasq[1262818]: read /opt/stack/data/neutron/dhcp/576e462f-a8cb-4ad2-8e84-cc8c4fb16c57/addn_hosts - 0 names
Oct 17 00:45:46.023468 podb-esxi207 dnsmasq-dhcp[1262818]: read /opt/stack/data/neutron/dhcp/576e462f-a8cb-4ad2-8e84-cc8c4fb16c57/host
Oct 17 00:45:46.023569 podb-esxi207 dnsmasq-dhcp[1262818]: read /opt/stack/data/neutron/dhcp/576e462f-a8cb-4ad2-8e84-cc8c4fb16c57/opts
Oct 17 00:45:46.260851 podb-esxi207 dnsmasq[1262818]: exiting on receipt of SIGTERM
Oct 17 00:45:51.386105 podb-esxi207 dnsmasq[1266377]: started, version 2.90 cachesize 150
Oct 17 00:45:51.386137 podb-esxi207 dnsmasq[1266377]: DNS service limited to local subnets
Oct 17 00:45:51.386152 podb-esxi207 dnsmasq[1266377]: compile time options: IPv6 GNU-getopt DBus no-UBus i18n IDN2 DHCP DHCPv6 no-Lua TFTP conntrack ipset no-nftset auth cryptohash DNSSEC loop-detect inotify dumpfile
Oct 17 00:45:51.386195 podb-esxi207 dnsmasq-dhcp[1266377]: DHCP, static leases only on 10.1.0.0, lease time 1d
Oct 17 00:45:51.386349 podb-esxi207 dnsmasq[1266377]: reading /etc/resolv.conf
Oct 17 00:45:51.386366 podb-esxi207 dnsmasq[1266377]: using nameserver 127.0.0.53#53
Oct 17 00:45:51.386453 podb-esxi207 dnsmasq[1266377]: read /opt/stack/data/neutron/dhcp/76c289d4-f5a2-45ec-8a50-fe309f114f1f/addn_hosts - 0 names
Oct 17 00:45:51.386504 podb-esxi207 dnsmasq-dhcp[1266377]: read /opt/stack/data/neutron/dhcp/76c289d4-f5a2-45ec-8a50-fe309f114f1f/host
Oct 17 00:45:51.386562 podb-esxi207 dnsmasq-dhcp[1266377]: read /opt/stack/data/neutron/dhcp/76c289d4-f5a2-45ec-8a50-fe309f114f1f/opts
Oct 17 00:45:51.924035 podb-esxi207 dnsmasq-dhcp[1263902]: DHCPRELEASE(tap0e24604d-ae) 10.1.1.67 fa:16:3e:9f:bc:ba
Oct 17 00:45:51.941260 podb-esxi207 dnsmasq-dhcp[1263902]: DHCPRELEASE(tap0e24604d-ae) 10.1.1.67 fa:16:3e:9f:bc:ba unknown lease
Oct 17 00:45:52.767160 podb-esxi207 dnsmasq[1263902]: read /opt/stack/data/neutron/dhcp/bcc9e0f0-d905-4fbb-9dca-99dfc813efed/addn_hosts - 6 names
Oct 17 00:45:52.767293 podb-esxi207 dnsmasq-dhcp[1263902]: read /opt/stack/data/neutron/dhcp/bcc9e0f0-d905-4fbb-9dca-99dfc813efed/host
Oct 17 00:45:52.767385 podb-esxi207 dnsmasq-dhcp[1263902]: read /opt/stack/data/neutron/dhcp/bcc9e0f0-d905-4fbb-9dca-99dfc813efed/opts
Oct 17 00:45:54.026538 podb-esxi207 dnsmasq[1266377]: read /opt/stack/data/neutron/dhcp/76c289d4-f5a2-45ec-8a50-fe309f114f1f/addn_hosts - 2 names
Oct 17 00:45:54.026642 podb-esxi207 dnsmasq-dhcp[1266377]: read /opt/stack/data/neutron/dhcp/76c289d4-f5a2-45ec-8a50-fe309f114f1f/host
Oct 17 00:45:54.026717 podb-esxi207 dnsmasq-dhcp[1266377]: read /opt/stack/data/neutron/dhcp/76c289d4-f5a2-45ec-8a50-fe309f114f1f/opts
Oct 17 00:45:54.331843 podb-esxi207 dnsmasq-dhcp[1263974]: DHCPRELEASE(tap31627aa8-33) 10.2.2.200 fa:16:3e:d3:cc:43
Oct 17 00:45:54.349986 podb-esxi207 dnsmasq-dhcp[1263974]: DHCPRELEASE(tap31627aa8-33) 10.2.2.200 fa:16:3e:d3:cc:43 unknown lease
Oct 17 00:45:55.179453 podb-esxi207 dnsmasq[1263974]: read /opt/stack/data/neutron/dhcp/f4927e0e-445f-42b0-ac01-1371a2ac6877/addn_hosts - 2 names
Oct 17 00:45:55.179545 podb-esxi207 dnsmasq-dhcp[1263974]: read /opt/stack/data/neutron/dhcp/f4927e0e-445f-42b0-ac01-1371a2ac6877/host
Oct 17 00:45:55.179621 podb-esxi207 dnsmasq-dhcp[1263974]: read /opt/stack/data/neutron/dhcp/f4927e0e-445f-42b0-ac01-1371a2ac6877/opts
Oct 17 00:45:58.606371 podb-esxi207 dnsmasq[1267233]: started, version 2.90 cachesize 150
Oct 17 00:45:58.606398 podb-esxi207 dnsmasq[1267233]: DNS service limited to local subnets
Oct 17 00:45:58.606412 podb-esxi207 dnsmasq[1267233]: compile time options: IPv6 GNU-getopt DBus no-UBus i18n IDN2 DHCP DHCPv6 no-Lua TFTP conntrack ipset no-nftset auth cryptohash DNSSEC loop-detect inotify dumpfile
Oct 17 00:45:58.606449 podb-esxi207 dnsmasq-dhcp[1267233]: DHCP, static leases only on 10.1.0.0, lease time 1d
Oct 17 00:45:58.606610 podb-esxi207 dnsmasq[1267233]: reading /etc/resolv.conf
Oct 17 00:45:58.606628 podb-esxi207 dnsmasq[1267233]: using nameserver 127.0.0.53#53
Oct 17 00:45:58.606738 podb-esxi207 dnsmasq[1267233]: read /opt/stack/data/neutron/dhcp/b0c6ad88-5015-49b9-a153-8fe3e32ccb26/addn_hosts - 2 names
Oct 17 00:45:58.606807 podb-esxi207 dnsmasq-dhcp[1267233]: read /opt/stack/data/neutron/dhcp/b0c6ad88-5015-49b9-a153-8fe3e32ccb26/host
Oct 17 00:45:58.606874 podb-esxi207 dnsmasq-dhcp[1267233]: read /opt/stack/data/neutron/dhcp/b0c6ad88-5015-49b9-a153-8fe3e32ccb26/opts
Oct 17 00:45:59.144424 podb-esxi207 dnsmasq-dhcp[1260273]: DHCPRELEASE(tap98d6b5c1-31) 10.1.0.5 fa:16:3e:12:49:8a
Oct 17 00:45:59.162685 podb-esxi207 dnsmasq-dhcp[1260273]: DHCPRELEASE(tap98d6b5c1-31) 10.1.0.5 fa:16:3e:12:49:8a unknown lease
Oct 17 00:45:59.989910 podb-esxi207 dnsmasq[1260273]: read /opt/stack/data/neutron/dhcp/cb318655-b1af-4e87-b422-eb5760c83520/addn_hosts - 2 names
Oct 17 00:45:59.990022 podb-esxi207 dnsmasq-dhcp[1260273]: read /opt/stack/data/neutron/dhcp/cb318655-b1af-4e87-b422-eb5760c83520/host
Oct 17 00:45:59.990157 podb-esxi207 dnsmasq-dhcp[1260273]: read /opt/stack/data/neutron/dhcp/cb318655-b1af-4e87-b422-eb5760c83520/opts
Oct 17 00:46:00.230541 podb-esxi207 dnsmasq-dhcp[1263902]: DHCPRELEASE(tap0e24604d-ae) 10.1.1.147 fa:16:3e:f7:80:fe
Oct 17 00:46:00.248395 podb-esxi207 dnsmasq-dhcp[1263902]: DHCPRELEASE(tap0e24604d-ae) 10.1.1.147 fa:16:3e:f7:80:fe unknown lease
Oct 17 00:46:01.078460 podb-esxi207 dnsmasq[1263902]: read /opt/stack/data/neutron/dhcp/bcc9e0f0-d905-4fbb-9dca-99dfc813efed/addn_hosts - 4 names
