Oct 17 00:56:15.039466 podb-esxi207 dnsmasq[1287752]: compile time options: IPv6 GNU-getopt DBus no-UBus i18n IDN2 DHCP DHCPv6 no-Lua TFTP conntrack ipset no-nftset auth cryptohash DNSSEC loop-detect inotify dumpfile
Oct 17 00:56:15.039507 podb-esxi207 dnsmasq-dhcp[1287752]: DHCP, static leases only on 10.1.0.0, lease time 1d
Oct 17 00:56:15.039663 podb-esxi207 dnsmasq[1287752]: reading /etc/resolv.conf
Oct 17 00:56:15.039679 podb-esxi207 dnsmasq[1287752]: using nameserver 127.0.0.53#53
Oct 17 00:56:15.039761 podb-esxi207 dnsmasq[1287752]: read /opt/stack/data/neutron/dhcp/bbdd4ec9-7d6e-476b-ac6e-35eef2c2068e/addn_hosts - 0 names
Oct 17 00:56:15.039814 podb-esxi207 dnsmasq-dhcp[1287752]: read /opt/stack/data/neutron/dhcp/bbdd4ec9-7d6e-476b-ac6e-35eef2c2068e/host
Oct 17 00:56:15.039886 podb-esxi207 dnsmasq-dhcp[1287752]: read /opt/stack/data/neutron/dhcp/bbdd4ec9-7d6e-476b-ac6e-35eef2c2068e/opts
Oct 17 00:56:16.585746 podb-esxi207 dnsmasq[1287752]: read /opt/stack/data/neutron/dhcp/bbdd4ec9-7d6e-476b-ac6e-35eef2c2068e/addn_hosts - 2 names
Oct 17 00:56:16.585825 podb-esxi207 dnsmasq-dhcp[1287752]: read /opt/stack/data/neutron/dhcp/bbdd4ec9-7d6e-476b-ac6e-35eef2c2068e/host
Oct 17 00:56:16.585893 podb-esxi207 dnsmasq-dhcp[1287752]: read /opt/stack/data/neutron/dhcp/bbdd4ec9-7d6e-476b-ac6e-35eef2c2068e/opts
Oct 17 00:56:17.862449 podb-esxi207 dnsmasq[1287752]: read /opt/stack/data/neutron/dhcp/bbdd4ec9-7d6e-476b-ac6e-35eef2c2068e/addn_hosts - 2 names
Oct 17 00:56:17.862551 podb-esxi207 dnsmasq-dhcp[1287752]: read /opt/stack/data/neutron/dhcp/bbdd4ec9-7d6e-476b-ac6e-35eef2c2068e/host
Oct 17 00:56:17.862656 podb-esxi207 dnsmasq-dhcp[1287752]: read /opt/stack/data/neutron/dhcp/bbdd4ec9-7d6e-476b-ac6e-35eef2c2068e/opts
Oct 17 00:56:19.123748 podb-esxi207 dnsmasq[1287752]: read /opt/stack/data/neutron/dhcp/bbdd4ec9-7d6e-476b-ac6e-35eef2c2068e/addn_hosts - 2 names
Oct 17 00:56:19.123822 podb-esxi207 dnsmasq-dhcp[1287752]: read /opt/stack/data/neutron/dhcp/bbdd4ec9-7d6e-476b-ac6e-35eef2c2068e/host
Oct 17 00:56:19.123890 podb-esxi207 dnsmasq-dhcp[1287752]: read /opt/stack/data/neutron/dhcp/bbdd4ec9-7d6e-476b-ac6e-35eef2c2068e/opts
Oct 17 00:56:21.336395 podb-esxi207 dnsmasq[1287752]: read /opt/stack/data/neutron/dhcp/bbdd4ec9-7d6e-476b-ac6e-35eef2c2068e/addn_hosts - 4 names
Oct 17 00:56:21.336500 podb-esxi207 dnsmasq-dhcp[1287752]: read /opt/stack/data/neutron/dhcp/bbdd4ec9-7d6e-476b-ac6e-35eef2c2068e/host
Oct 17 00:56:21.336607 podb-esxi207 dnsmasq-dhcp[1287752]: read /opt/stack/data/neutron/dhcp/bbdd4ec9-7d6e-476b-ac6e-35eef2c2068e/opts
Oct 17 00:56:23.666447 podb-esxi207 dnsmasq[1281336]: read /opt/stack/data/neutron/dhcp/1f7dcf4a-cc00-422d-9aa1-7851c228aea1/addn_hosts - 4 names
Oct 17 00:56:23.666536 podb-esxi207 dnsmasq-dhcp[1281336]: read /opt/stack/data/neutron/dhcp/1f7dcf4a-cc00-422d-9aa1-7851c228aea1/host
Oct 17 00:56:23.666639 podb-esxi207 dnsmasq-dhcp[1281336]: read /opt/stack/data/neutron/dhcp/1f7dcf4a-cc00-422d-9aa1-7851c228aea1/opts
Oct 17 00:56:43.562626 podb-esxi207 dnsmasq[1287752]: read /opt/stack/data/neutron/dhcp/bbdd4ec9-7d6e-476b-ac6e-35eef2c2068e/addn_hosts - 6 names
Oct 17 00:56:43.562743 podb-esxi207 dnsmasq-dhcp[1287752]: read /opt/stack/data/neutron/dhcp/bbdd4ec9-7d6e-476b-ac6e-35eef2c2068e/host
Oct 17 00:56:43.562842 podb-esxi207 dnsmasq-dhcp[1287752]: read /opt/stack/data/neutron/dhcp/bbdd4ec9-7d6e-476b-ac6e-35eef2c2068e/opts
Oct 17 00:56:45.342997 podb-esxi207 dnsmasq-dhcp[1287752]: DHCPDISCOVER(tapa04a3d3b-cf) fa:16:3e:d4:3b:f1
Oct 17 00:56:45.343026 podb-esxi207 dnsmasq-dhcp[1287752]: DHCPOFFER(tapa04a3d3b-cf) 10.1.0.14 fa:16:3e:d4:3b:f1
Oct 17 00:56:45.355712 podb-esxi207 dnsmasq-dhcp[1287752]: DHCPREQUEST(tapa04a3d3b-cf) 10.1.0.14 fa:16:3e:d4:3b:f1
Oct 17 00:56:45.355748 podb-esxi207 dnsmasq-dhcp[1287752]: DHCPACK(tapa04a3d3b-cf) 10.1.0.14 fa:16:3e:d4:3b:f1 host-10-1-0-14
Oct 17 00:56:48.446071 podb-esxi207 dnsmasq-dhcp[1281336]: DHCPDISCOVER(tap96b198c0-83) fa:16:3e:bf:a7:97
Oct 17 00:56:48.446100 podb-esxi207 dnsmasq-dhcp[1281336]: DHCPOFFER(tap96b198c0-83) 10.1.0.11 fa:16:3e:bf:a7:97
Oct 17 00:56:48.457430 podb-esxi207 dnsmasq-dhcp[1281336]: DHCPREQUEST(tap96b198c0-83) 10.1.0.11 fa:16:3e:bf:a7:97
Oct 17 00:56:48.457468 podb-esxi207 dnsmasq-dhcp[1281336]: DHCPACK(tap96b198c0-83) 10.1.0.11 fa:16:3e:bf:a7:97 host-10-1-0-11
Oct 17 00:57:01.838340 podb-esxi207 dnsmasq-dhcp[1282825]: DHCPRELEASE(tapa8c87746-cf) 10.1.0.6 fa:16:3e:75:47:6f
Oct 17 00:57:01.855406 podb-esxi207 dnsmasq-dhcp[1282825]: DHCPRELEASE(tapa8c87746-cf) 10.1.0.6 fa:16:3e:75:47:6f unknown lease
Oct 17 00:57:02.682053 podb-esxi207 dnsmasq[1282825]: read /opt/stack/data/neutron/dhcp/3a6c604a-5ccb-4ae4-bae4-118f8290572f/addn_hosts - 6 names
Oct 17 00:57:02.682192 podb-esxi207 dnsmasq-dhcp[1282825]: read /opt/stack/data/neutron/dhcp/3a6c604a-5ccb-4ae4-bae4-118f8290572f/host
Oct 17 00:57:02.682296 podb-esxi207 dnsmasq-dhcp[1282825]: read /opt/stack/data/neutron/dhcp/3a6c604a-5ccb-4ae4-bae4-118f8290572f/opts
Oct 17 00:57:22.161809 podb-esxi207 dnsmasq-dhcp[1282825]: DHCPRELEASE(tapa8c87746-cf) 10.1.0.8 fa:16:3e:65:a3:f3
Oct 17 00:57:22.177061 podb-esxi207 dnsmasq-dhcp[1282825]: DHCPRELEASE(tapa8c87746-cf) 10.1.0.8 fa:16:3e:65:a3:f3 unknown lease
Oct 17 00:57:23.000911 podb-esxi207 dnsmasq[1282825]: read /opt/stack/data/neutron/dhcp/3a6c604a-5ccb-4ae4-bae4-118f8290572f/addn_hosts - 4 names
Oct 17 00:57:23.000989 podb-esxi207 dnsmasq-dhcp[1282825]: read /opt/stack/data/neutron/dhcp/3a6c604a-5ccb-4ae4-bae4-118f8290572f/host
Oct 17 00:57:23.001080 podb-esxi207 dnsmasq-dhcp[1282825]: read /opt/stack/data/neutron/dhcp/3a6c604a-5ccb-4ae4-bae4-118f8290572f/opts
Oct 17 00:57:29.337816 podb-esxi207 dnsmasq-dhcp[1282825]: DHCPRELEASE(tapa8c87746-cf) 10.1.0.4 fa:16:3e:47:cb:c2
Oct 17 00:57:29.353846 podb-esxi207 dnsmasq-dhcp[1282825]: DHCPRELEASE(tapa8c87746-cf) 10.1.0.4 fa:16:3e:47:cb:c2 unknown lease
Oct 17 00:57:30.178427 podb-esxi207 dnsmasq[1282825]: read /opt/stack/data/neutron/dhcp/3a6c604a-5ccb-4ae4-bae4-118f8290572f/addn_hosts - 2 names
Oct 17 00:57:30.178512 podb-esxi207 dnsmasq-dhcp[1282825]: read /opt/stack/data/neutron/dhcp/3a6c604a-5ccb-4ae4-bae4-118f8290572f/host
Oct 17 00:57:30.178582 podb-esxi207 dnsmasq-dhcp[1282825]: read /opt/stack/data/neutron/dhcp/3a6c604a-5ccb-4ae4-bae4-118f8290572f/opts
Oct 17 00:57:34.876694 podb-esxi207 dnsmasq[1282825]: read /opt/stack/data/neutron/dhcp/3a6c604a-5ccb-4ae4-bae4-118f8290572f/addn_hosts - 0 names
Oct 17 00:57:34.876767 podb-esxi207 dnsmasq-dhcp[1282825]: read /opt/stack/data/neutron/dhcp/3a6c604a-5ccb-4ae4-bae4-118f8290572f/host
Oct 17 00:57:34.876825 podb-esxi207 dnsmasq-dhcp[1282825]: read /opt/stack/data/neutron/dhcp/3a6c604a-5ccb-4ae4-bae4-118f8290572f/opts
Oct 17 00:57:35.960325 podb-esxi207 dnsmasq[1282825]: exiting on receipt of SIGTERM
Oct 17 00:57:40.185957 podb-esxi207 dnsmasq[1289060]: started, version 2.90 cachesize 150
Oct 17 00:57:40.185985 podb-esxi207 dnsmasq[1289060]: DNS service limited to local subnets
Oct 17 00:57:40.186001 podb-esxi207 dnsmasq[1289060]: compile time options: IPv6 GNU-getopt DBus no-UBus i18n IDN2 DHCP DHCPv6 no-Lua TFTP conntrack ipset no-nftset auth cryptohash DNSSEC loop-detect inotify dumpfile
Oct 17 00:57:40.186037 podb-esxi207 dnsmasq-dhcp[1289060]: DHCP, static leases only on 10.1.0.0, lease time 1d
Oct 17 00:57:40.186231 podb-esxi207 dnsmasq[1289060]: reading /etc/resolv.conf
Oct 17 00:57:40.186248 podb-esxi207 dnsmasq[1289060]: using nameserver 127.0.0.53#53
Oct 17 00:57:40.186340 podb-esxi207 dnsmasq[1289060]: read /opt/stack/data/neutron/dhcp/7ca026d6-fa4e-4896-ae92-b8e2cb79d318/addn_hosts - 0 names
Oct 17 00:57:40.186393 podb-esxi207 dnsmasq-dhcp[1289060]: read /opt/stack/data/neutron/dhcp/7ca026d6-fa4e-4896-ae92-b8e2cb79d318/host
Oct 17 00:57:40.186466 podb-esxi207 dnsmasq-dhcp[1289060]: read /opt/stack/data/neutron/dhcp/7ca026d6-fa4e-4896-ae92-b8e2cb79d318/opts
Oct 17 00:57:41.732811 podb-esxi207 dnsmasq[1289060]: read /opt/stack/data/neutron/dhcp/7ca026d6-fa4e-4896-ae92-b8e2cb79d318/addn_hosts - 2 names
Oct 17 00:57:41.732898 podb-esxi207 dnsmasq-dhcp[1289060]: read /opt/stack/data/neutron/dhcp/7ca026d6-fa4e-4896-ae92-b8e2cb79d318/host
Oct 17 00:57:41.732968 podb-esxi207 dnsmasq-dhcp[1289060]: read /opt/stack/data/neutron/dhcp/7ca026d6-fa4e-4896-ae92-b8e2cb79d318/opts
Oct 17 00:57:42.995530 podb-esxi207 dnsmasq[1289060]: read /opt/stack/data/neutron/dhcp/7ca026d6-fa4e-4896-ae92-b8e2cb79d318/addn_hosts - 2 names
Oct 17 00:57:42.995622 podb-esxi207 dnsmasq-dhcp[1289060]: read /opt/stack/data/neutron/dhcp/7ca026d6-fa4e-4896-ae92-b8e2cb79d318/host
Oct 17 00:57:42.995714 podb-esxi207 dnsmasq-dhcp[1289060]: read /opt/stack/data/neutron/dhcp/7ca026d6-fa4e-4896-ae92-b8e2cb79d318/opts
Oct 17 00:57:44.269199 podb-esxi207 dnsmasq[1289060]: read /opt/stack/data/neutron/dhcp/7ca026d6-fa4e-4896-ae92-b8e2cb79d318/addn_hosts - 2 names
Oct 17 00:57:44.269287 podb-esxi207 dnsmasq-dhcp[1289060]: read /opt/stack/data/neutron/dhcp/7ca026d6-fa4e-4896-ae92-b8e2cb79d318/host
Oct 17 00:57:44.269391 podb-esxi207 dnsmasq-dhcp[1289060]: read /opt/stack/data/neutron/dhcp/7ca026d6-fa4e-4896-ae92-b8e2cb79d318/opts
Oct 17 00:57:47.261908 podb-esxi207 dnsmasq[1289060]: read /opt/stack/data/neutron/dhcp/7ca026d6-fa4e-4896-ae92-b8e2cb79d318/addn_hosts - 4 names
Oct 17 00:57:47.262008 podb-esxi207 dnsmasq-dhcp[1289060]: read /opt/stack/data/neutron/dhcp/7ca026d6-fa4e-4896-ae92-b8e2cb79d318/host
Oct 17 00:57:47.262103 podb-esxi207 dnsmasq-dhcp[1289060]: read /opt/stack/data/neutron/dhcp/7ca026d6-fa4e-4896-ae92-b8e2cb79d318/opts
Oct 17 00:58:05.902372 podb-esxi207 dnsmasq[1287752]: read /opt/stack/data/neutron/dhcp/bbdd4ec9-7d6e-476b-ac6e-35eef2c2068e/addn_hosts - 8 names
Oct 17 00:58:05.902490 podb-esxi207 dnsmasq-dhcp[1287752]: read /opt/stack/data/neutron/dhcp/bbdd4ec9-7d6e-476b-ac6e-35eef2c2068e/host
Oct 17 00:58:05.902602 podb-esxi207 dnsmasq-dhcp[1287752]: read /opt/stack/data/neutron/dhcp/bbdd4ec9-7d6e-476b-ac6e-35eef2c2068e/opts
Oct 17 00:58:10.302692 podb-esxi207 dnsmasq-dhcp[1289060]: DHCPDISCOVER(tap5add8b8f-db) fa:16:3e:97:d6:77
Oct 17 00:58:10.302721 podb-esxi207 dnsmasq-dhcp[1289060]: DHCPOFFER(tap5add8b8f-db) 10.1.0.13 fa:16:3e:97:d6:77
Oct 17 00:58:10.314587 podb-esxi207 dnsmasq-dhcp[1289060]: DHCPREQUEST(tap5add8b8f-db) 10.1.0.13 fa:16:3e:97:d6:77
Oct 17 00:58:10.314622 podb-esxi207 dnsmasq-dhcp[1289060]: DHCPACK(tap5add8b8f-db) 10.1.0.13 fa:16:3e:97:d6:77 host-10-1-0-13
Oct 17 00:58:29.045330 podb-esxi207 dnsmasq[1287752]: read /opt/stack/data/neutron/dhcp/bbdd4ec9-7d6e-476b-ac6e-35eef2c2068e/addn_hosts - 10 names
Oct 17 00:58:29.045478 podb-esxi207 dnsmasq-dhcp[1287752]: read /opt/stack/data/neutron/dhcp/bbdd4ec9-7d6e-476b-ac6e-35eef2c2068e/host
Oct 17 00:58:29.045570 podb-esxi207 dnsmasq-dhcp[1287752]: read /opt/stack/data/neutron/dhcp/bbdd4ec9-7d6e-476b-ac6e-35eef2c2068e/opts
Oct 17 00:58:29.756959 podb-esxi207 dnsmasq-dhcp[1287752]: DHCPDISCOVER(tapa04a3d3b-cf) fa:16:3e:b8:d6:cf
Oct 17 00:58:29.756993 podb-esxi207 dnsmasq-dhcp[1287752]: DHCPOFFER(tapa04a3d3b-cf) 10.1.0.5 fa:16:3e:b8:d6:cf
Oct 17 00:58:29.770361 podb-esxi207 dnsmasq-dhcp[1287752]: DHCPREQUEST(tapa04a3d3b-cf) 10.1.0.5 fa:16:3e:b8:d6:cf
Oct 17 00:58:29.770395 podb-esxi207 dnsmasq-dhcp[1287752]: DHCPACK(tapa04a3d3b-cf) 10.1.0.5 fa:16:3e:b8:d6:cf host-10-1-0-5
Oct 17 00:59:46.288825 podb-esxi207 dnsmasq-dhcp[1289060]: DHCPREQUEST(tap5add8b8f-db) 10.1.0.13 fa:16:3e:97:d6:77
Oct 17 00:59:46.288855 podb-esxi207 dnsmasq-dhcp[1289060]: DHCPACK(tap5add8b8f-db) 10.1.0.13 fa:16:3e:97:d6:77 host-10-1-0-13
Oct 17 00:59:48.363651 podb-esxi207 dnsmasq[1287752]: read /opt/stack/data/neutron/dhcp/bbdd4ec9-7d6e-476b-ac6e-35eef2c2068e/addn_hosts - 8 names
Oct 17 00:59:48.363799 podb-esxi207 dnsmasq-dhcp[1287752]: read /opt/stack/data/neutron/dhcp/bbdd4ec9-7d6e-476b-ac6e-35eef2c2068e/host
Oct 17 00:59:48.363909 podb-esxi207 dnsmasq-dhcp[1287752]: read /opt/stack/data/neutron/dhcp/bbdd4ec9-7d6e-476b-ac6e-35eef2c2068e/opts
Oct 17 00:59:51.362494 podb-esxi207 dnsmasq-dhcp[1281336]: DHCPRELEASE(tap96b198c0-83) 10.1.0.11 fa:16:3e:bf:a7:97
Oct 17 00:59:51.378658 podb-esxi207 dnsmasq-dhcp[1281336]: DHCPRELEASE(tap96b198c0-83) 10.1.0.11 fa:16:3e:bf:a7:97 unknown lease
Oct 17 00:59:52.203716 podb-esxi207 dnsmasq[1281336]: read /opt/stack/data/neutron/dhcp/1f7dcf4a-cc00-422d-9aa1-7851c228aea1/addn_hosts - 2 names
Oct 17 00:59:52.203813 podb-esxi207 dnsmasq-dhcp[1281336]: read /opt/stack/data/neutron/dhcp/1f7dcf4a-cc00-422d-9aa1-7851c228aea1/host
Oct 17 00:59:52.203939 podb-esxi207 dnsmasq-dhcp[1281336]: read /opt/stack/data/neutron/dhcp/1f7dcf4a-cc00-422d-9aa1-7851c228aea1/opts
Oct 17 01:00:00.207117 podb-esxi207 dnsmasq-dhcp[1287752]: DHCPRELEASE(tapa04a3d3b-cf) 10.1.0.5 fa:16:3e:b8:d6:cf
Oct 17 01:00:00.224574 podb-esxi207 dnsmasq-dhcp[1287752]: DHCPRELEASE(tapa04a3d3b-cf) 10.1.0.5 fa:16:3e:b8:d6:cf unknown lease
Oct 17 01:00:01.051098 podb-esxi207 dnsmasq[1287752]: read /opt/stack/data/neutron/dhcp/bbdd4ec9-7d6e-476b-ac6e-35eef2c2068e/addn_hosts - 6 names
Oct 17 01:00:01.051222 podb-esxi207 dnsmasq-dhcp[1287752]: read /opt/stack/data/neutron/dhcp/bbdd4ec9-7d6e-476b-ac6e-35eef2c2068e/host
Oct 17 01:00:01.051340 podb-esxi207 dnsmasq-dhcp[1287752]: read /opt/stack/data/neutron/dhcp/bbdd4ec9-7d6e-476b-ac6e-35eef2c2068e/opts
Oct 17 01:00:08.087355 podb-esxi207 dnsmasq[1287752]: read /opt/stack/data/neutron/dhcp/bbdd4ec9-7d6e-476b-ac6e-35eef2c2068e/addn_hosts - 4 names
Oct 17 01:00:08.087462 podb-esxi207 dnsmasq-dhcp[1287752]: read /opt/stack/data/neutron/dhcp/bbdd4ec9-7d6e-476b-ac6e-35eef2c2068e/host
Oct 17 01:00:08.087574 podb-esxi207 dnsmasq-dhcp[1287752]: read /opt/stack/data/neutron/dhcp/bbdd4ec9-7d6e-476b-ac6e-35eef2c2068e/opts
Oct 17 01:00:10.452244 podb-esxi207 dnsmasq[1281336]: read /opt/stack/data/neutron/dhcp/1f7dcf4a-cc00-422d-9aa1-7851c228aea1/addn_hosts - 0 names
Oct 17 01:00:10.452309 podb-esxi207 dnsmasq-dhcp[1281336]: read /opt/stack/data/neutron/dhcp/1f7dcf4a-cc00-422d-9aa1-7851c228aea1/host
Oct 17 01:00:10.452368 podb-esxi207 dnsmasq-dhcp[1281336]: read /opt/stack/data/neutron/dhcp/1f7dcf4a-cc00-422d-9aa1-7851c228aea1/opts
Oct 17 01:00:11.554033 podb-esxi207 dnsmasq[1281336]: exiting on receipt of SIGTERM
Oct 17 01:00:15.801627 podb-esxi207 dnsmasq[1292368]: started, version 2.90 cachesize 150
Oct 17 01:00:15.801652 podb-esxi207 dnsmasq[1292368]: DNS service limited to local subnets
Oct 17 01:00:15.801667 podb-esxi207 dnsmasq[1292368]: compile time options: IPv6 GNU-getopt DBus no-UBus i18n IDN2 DHCP DHCPv6 no-Lua TFTP conntrack ipset no-nftset auth cryptohash DNSSEC loop-detect inotify dumpfile
Oct 17 01:00:15.801711 podb-esxi207 dnsmasq-dhcp[1292368]: DHCP, static leases only on 10.1.0.0, lease time 1d
Oct 17 01:00:15.801867 podb-esxi207 dnsmasq[1292368]: reading /etc/resolv.conf
Oct 17 01:00:15.801884 podb-esxi207 dnsmasq[1292368]: using nameserver 127.0.0.53#53
Oct 17 01:00:15.801966 podb-esxi207 dnsmasq[1292368]: read /opt/stack/data/neutron/dhcp/0649d153-b378-4832-a1ee-38924d20d982/addn_hosts - 0 names
Oct 17 01:00:15.802017 podb-esxi207 dnsmasq-dhcp[1292368]: read /opt/stack/data/neutron/dhcp/0649d153-b378-4832-a1ee-38924d20d982/host
Oct 17 01:00:15.802083 podb-esxi207 dnsmasq-dhcp[1292368]: read /opt/stack/data/neutron/dhcp/0649d153-b378-4832-a1ee-38924d20d982/opts
Oct 17 01:00:17.344525 podb-esxi207 dnsmasq[1292368]: read /opt/stack/data/neutron/dhcp/0649d153-b378-4832-a1ee-38924d20d982/addn_hosts - 2 names
Oct 17 01:00:17.344623 podb-esxi207 dnsmasq-dhcp[1292368]: read /opt/stack/data/neutron/dhcp/0649d153-b378-4832-a1ee-38924d20d982/host
Oct 17 01:00:17.344752 podb-esxi207 dnsmasq-dhcp[1292368]: read /opt/stack/data/neutron/dhcp/0649d153-b378-4832-a1ee-38924d20d982/opts
Oct 17 01:00:18.088084 podb-esxi207 dnsmasq-dhcp[1287752]: DHCPRELEASE(tapa04a3d3b-cf) 10.1.0.14 fa:16:3e:d4:3b:f1
Oct 17 01:00:18.103283 podb-esxi207 dnsmasq-dhcp[1287752]: DHCPRELEASE(tapa04a3d3b-cf) 10.1.0.14 fa:16:3e:d4:3b:f1 unknown lease
Oct 17 01:00:18.925861 podb-esxi207 dnsmasq[1287752]: read /opt/stack/data/neutron/dhcp/bbdd4ec9-7d6e-476b-ac6e-35eef2c2068e/addn_hosts - 2 names
Oct 17 01:00:18.925969 podb-esxi207 dnsmasq-dhcp[1287752]: read /opt/stack/data/neutron/dhcp/bbdd4ec9-7d6e-476b-ac6e-35eef2c2068e/host
Oct 17 01:00:18.926077 podb-esxi207 dnsmasq-dhcp[1287752]: read /opt/stack/data/neutron/dhcp/bbdd4ec9-7d6e-476b-ac6e-35eef2c2068e/opts
Oct 17 01:00:19.656952 podb-esxi207 dnsmasq[1292368]: read /opt/stack/data/neutron/dhcp/0649d153-b378-4832-a1ee-38924d20d982/addn_hosts - 2 names
Oct 17 01:00:19.657069 podb-esxi207 dnsmasq-dhcp[1292368]: read /opt/stack/data/neutron/dhcp/0649d153-b378-4832-a1ee-38924d20d982/host
Oct 17 01:00:19.657188 podb-esxi207 dnsmasq-dhcp[1292368]: read /opt/stack/data/neutron/dhcp/0649d153-b378-4832-a1ee-38924d20d982/opts
Oct 17 01:00:20.892422 podb-esxi207 dnsmasq[1292368]: read /opt/stack/data/neutron/dhcp/0649d153-b378-4832-a1ee-38924d20d982/addn_hosts - 2 names
Oct 17 01:00:20.892540 podb-esxi207 dnsmasq-dhcp[1292368]: read /opt/stack/data/neutron/dhcp/0649d153-b378-4832-a1ee-38924d20d982/host
Oct 17 01:00:20.892667 podb-esxi207 dnsmasq-dhcp[1292368]: read /opt/stack/data/neutron/dhcp/0649d153-b378-4832-a1ee-38924d20d982/opts
Oct 17 01:00:23.943487 podb-esxi207 dnsmasq[1287752]: read /opt/stack/data/neutron/dhcp/bbdd4ec9-7d6e-476b-ac6e-35eef2c2068e/addn_hosts - 0 names
Oct 17 01:00:23.943597 podb-esxi207 dnsmasq-dhcp[1287752]: read /opt/stack/data/neutron/dhcp/bbdd4ec9-7d6e-476b-ac6e-35eef2c2068e/host
Oct 17 01:00:23.943691 podb-esxi207 dnsmasq-dhcp[1287752]: read /opt/stack/data/neutron/dhcp/bbdd4ec9-7d6e-476b-ac6e-35eef2c2068e/opts
Oct 17 01:00:24.895063 podb-esxi207 dnsmasq[1287752]: exiting on receipt of SIGTERM
Oct 17 01:00:26.002563 podb-esxi207 dnsmasq[1292368]: read /opt/stack/data/neutron/dhcp/0649d153-b378-4832-a1ee-38924d20d982/addn_hosts - 4 names
Oct 17 01:00:26.002701 podb-esxi207 dnsmasq-dhcp[1292368]: read /opt/stack/data/neutron/dhcp/0649d153-b378-4832-a1ee-38924d20d982/host
Oct 17 01:00:26.002820 podb-esxi207 dnsmasq-dhcp[1292368]: read /opt/stack/data/neutron/dhcp/0649d153-b378-4832-a1ee-38924d20d982/opts
Oct 17 01:00:48.310418 podb-esxi207 dnsmasq-dhcp[1292368]: DHCPDISCOVER(tape0abf2fe-99) fa:16:3e:29:40:bc
Oct 17 01:00:48.310445 podb-esxi207 dnsmasq-dhcp[1292368]: DHCPOFFER(tape0abf2fe-99) 10.1.0.12 fa:16:3e:29:40:bc
Oct 17 01:00:48.322040 podb-esxi207 dnsmasq-dhcp[1292368]: DHCPREQUEST(tape0abf2fe-99) 10.1.0.12 fa:16:3e:29:40:bc
Oct 17 01:00:48.322072 podb-esxi207 dnsmasq-dhcp[1292368]: DHCPACK(tape0abf2fe-99) 10.1.0.12 fa:16:3e:29:40:bc host-10-1-0-12
Oct 17 01:00:48.832124 podb-esxi207 dnsmasq-dhcp[1289060]: DHCPRELEASE(tap5add8b8f-db) 10.1.0.13 fa:16:3e:97:d6:77
Oct 17 01:00:48.847806 podb-esxi207 dnsmasq-dhcp[1289060]: DHCPRELEASE(tap5add8b8f-db) 10.1.0.13 fa:16:3e:97:d6:77 unknown lease
Oct 17 01:00:49.672317 podb-esxi207 dnsmasq[1289060]: read /opt/stack/data/neutron/dhcp/7ca026d6-fa4e-4896-ae92-b8e2cb79d318/addn_hosts - 2 names
Oct 17 01:00:49.672437 podb-esxi207 dnsmasq-dhcp[1289060]: read /opt/stack/data/neutron/dhcp/7ca026d6-fa4e-4896-ae92-b8e2cb79d318/host
Oct 17 01:00:49.672559 podb-esxi207 dnsmasq-dhcp[1289060]: read /opt/stack/data/neutron/dhcp/7ca026d6-fa4e-4896-ae92-b8e2cb79d318/opts
Oct 17 01:01:00.462765 podb-esxi207 dnsmasq[1289060]: read /opt/stack/data/neutron/dhcp/7ca026d6-fa4e-4896-ae92-b8e2cb79d318/addn_hosts - 4 names
Oct 17 01:01:00.462912 podb-esxi207 dnsmasq-dhcp[1289060]: read /opt/stack/data/neutron/dhcp/7ca026d6-fa4e-4896-ae92-b8e2cb79d318/host
Oct 17 01:01:00.463022 podb-esxi207 dnsmasq-dhcp[1289060]: read /opt/stack/data/neutron/dhcp/7ca026d6-fa4e-4896-ae92-b8e2cb79d318/opts
Oct 17 01:01:22.412882 podb-esxi207 dnsmasq-dhcp[1289060]: DHCPDISCOVER(tap5add8b8f-db) fa:16:3e:f0:f7:b8
Oct 17 01:01:22.412910 podb-esxi207 dnsmasq-dhcp[1289060]: DHCPOFFER(tap5add8b8f-db) 10.1.0.14 fa:16:3e:f0:f7:b8
Oct 17 01:01:22.421768 podb-esxi207 dnsmasq-dhcp[1289060]: DHCPREQUEST(tap5add8b8f-db) 10.1.0.14 fa:16:3e:f0:f7:b8
Oct 17 01:01:22.421800 podb-esxi207 dnsmasq-dhcp[1289060]: DHCPACK(tap5add8b8f-db) 10.1.0.14 fa:16:3e:f0:f7:b8 host-10-1-0-14
Oct 17 01:02:01.438072 podb-esxi207 dnsmasq[1292368]: read /opt/stack/data/neutron/dhcp/0649d153-b378-4832-a1ee-38924d20d982/addn_hosts - 6 names
Oct 17 01:02:01.438170 podb-esxi207 dnsmasq-dhcp[1292368]: read /opt/stack/data/neutron/dhcp/0649d153-b378-4832-a1ee-38924d20d982/host
Oct 17 01:02:01.438240 podb-esxi207 dnsmasq-dhcp[1292368]: read /opt/stack/data/neutron/dhcp/0649d153-b378-4832-a1ee-38924d20d982/opts
Oct 17 01:02:26.290780 podb-esxi207 dnsmasq-dhcp[1292368]: DHCPDISCOVER(tape0abf2fe-99) fa:16:3e:b7:6c:a8
Oct 17 01:02:26.290810 podb-esxi207 dnsmasq-dhcp[1292368]: DHCPOFFER(tape0abf2fe-99) 10.1.0.11 fa:16:3e:b7:6c:a8
Oct 17 01:02:26.307057 podb-esxi207 dnsmasq-dhcp[1292368]: DHCPREQUEST(tape0abf2fe-99) 10.1.0.11 fa:16:3e:b7:6c:a8
Oct 17 01:02:26.307090 podb-esxi207 dnsmasq-dhcp[1292368]: DHCPACK(tape0abf2fe-99) 10.1.0.11 fa:16:3e:b7:6c:a8 host-10-1-0-11
Oct 17 01:02:46.991966 podb-esxi207 dnsmasq-dhcp[1289060]: DHCPREQUEST(tap5add8b8f-db) 10.1.0.14 fa:16:3e:f0:f7:b8
Oct 17 01:02:46.991979 podb-esxi207 dnsmasq-dhcp[1289060]: DHCPACK(tap5add8b8f-db) 10.1.0.14 fa:16:3e:f0:f7:b8 host-10-1-0-14
Oct 17 01:03:03.355707 podb-esxi207 dnsmasq-dhcp[1292368]: DHCPRELEASE(tape0abf2fe-99) 10.1.0.11 fa:16:3e:b7:6c:a8
Oct 17 01:03:03.369731 podb-esxi207 dnsmasq-dhcp[1292368]: DHCPRELEASE(tape0abf2fe-99) 10.1.0.11 fa:16:3e:b7:6c:a8 unknown lease
Oct 17 01:03:04.194965 podb-esxi207 dnsmasq[1292368]: read /opt/stack/data/neutron/dhcp/0649d153-b378-4832-a1ee-38924d20d982/addn_hosts - 4 names
Oct 17 01:03:04.195065 podb-esxi207 dnsmasq-dhcp[1292368]: read /opt/stack/data/neutron/dhcp/0649d153-b378-4832-a1ee-38924d20d982/host
Oct 17 01:03:04.195165 podb-esxi207 dnsmasq-dhcp[1292368]: read /opt/stack/data/neutron/dhcp/0649d153-b378-4832-a1ee-38924d20d982/opts
Oct 17 01:03:26.680849 podb-esxi207 dnsmasq-dhcp[1289060]: DHCPRELEASE(tap5add8b8f-db) 10.1.0.14 fa:16:3e:f0:f7:b8
Oct 17 01:03:26.698929 podb-esxi207 dnsmasq-dhcp[1289060]: DHCPRELEASE(tap5add8b8f-db) 10.1.0.14 fa:16:3e:f0:f7:b8 unknown lease
Oct 17 01:03:27.523696 podb-esxi207 dnsmasq[1289060]: read /opt/stack/data/neutron/dhcp/7ca026d6-fa4e-4896-ae92-b8e2cb79d318/addn_hosts - 2 names
Oct 17 01:03:27.523811 podb-esxi207 dnsmasq-dhcp[1289060]: read /opt/stack/data/neutron/dhcp/7ca026d6-fa4e-4896-ae92-b8e2cb79d318/host
Oct 17 01:03:27.523920 podb-esxi207 dnsmasq-dhcp[1289060]: read /opt/stack/data/neutron/dhcp/7ca026d6-fa4e-4896-ae92-b8e2cb79d318/opts
Oct 17 01:03:37.088268 podb-esxi207 dnsmasq-dhcp[1292368]: DHCPRELEASE(tape0abf2fe-99) 10.1.0.12 fa:16:3e:29:40:bc
Oct 17 01:03:37.106929 podb-esxi207 dnsmasq-dhcp[1292368]: DHCPRELEASE(tape0abf2fe-99) 10.1.0.12 fa:16:3e:29:40:bc unknown lease
Oct 17 01:03:37.931256 podb-esxi207 dnsmasq[1292368]: read /opt/stack/data/neutron/dhcp/0649d153-b378-4832-a1ee-38924d20d982/addn_hosts - 2 names
Oct 17 01:03:37.931351 podb-esxi207 dnsmasq-dhcp[1292368]: read /opt/stack/data/neutron/dhcp/0649d153-b378-4832-a1ee-38924d20d982/host
Oct 17 01:03:37.931419 podb-esxi207 dnsmasq-dhcp[1292368]: read /opt/stack/data/neutron/dhcp/0649d153-b378-4832-a1ee-38924d20d982/opts
Oct 17 01:03:49.205325 podb-esxi207 dnsmasq[1292368]: read /opt/stack/data/neutron/dhcp/0649d153-b378-4832-a1ee-38924d20d982/addn_hosts - 4 names
Oct 17 01:03:49.205460 podb-esxi207 dnsmasq-dhcp[1292368]: read /opt/stack/data/neutron/dhcp/0649d153-b378-4832-a1ee-38924d20d982/host
Oct 17 01:03:49.205561 podb-esxi207 dnsmasq-dhcp[1292368]: read /opt/stack/data/neutron/dhcp/0649d153-b378-4832-a1ee-38924d20d982/opts
Oct 17 01:03:50.982961 podb-esxi207 dnsmasq[1289060]: read /opt/stack/data/neutron/dhcp/7ca026d6-fa4e-4896-ae92-b8e2cb79d318/addn_hosts - 0 names
Oct 17 01:03:50.983042 podb-esxi207 dnsmasq-dhcp[1289060]: read /opt/stack/data/neutron/dhcp/7ca026d6-fa4e-4896-ae92-b8e2cb79d318/host
Oct 17 01:03:50.983113 podb-esxi207 dnsmasq-dhcp[1289060]: read /opt/stack/data/neutron/dhcp/7ca026d6-fa4e-4896-ae92-b8e2cb79d318/opts
Oct 17 01:03:54.176908 podb-esxi207 dnsmasq[1294987]: started, version 2.90 cachesize 150
Oct 17 01:03:54.176937 podb-esxi207 dnsmasq[1294987]: DNS service limited to local subnets
Oct 17 01:03:54.176952 podb-esxi207 dnsmasq[1294987]: compile time options: IPv6 GNU-getopt DBus no-UBus i18n IDN2 DHCP DHCPv6 no-Lua TFTP conntrack ipset no-nftset auth cryptohash DNSSEC loop-detect inotify dumpfile
Oct 17 01:03:54.176989 podb-esxi207 dnsmasq-dhcp[1294987]: DHCP, static leases only on 10.1.0.0, lease time 1d
Oct 17 01:03:54.177144 podb-esxi207 dnsmasq[1294987]: reading /etc/resolv.conf
Oct 17 01:03:54.177165 podb-esxi207 dnsmasq[1294987]: using nameserver 127.0.0.53#53
Oct 17 01:03:54.177254 podb-esxi207 dnsmasq[1294987]: read /opt/stack/data/neutron/dhcp/37a41d64-5c94-4ba0-92d3-a68350f6dd9d/addn_hosts - 0 names
Oct 17 01:03:54.177305 podb-esxi207 dnsmasq-dhcp[1294987]: read /opt/stack/data/neutron/dhcp/37a41d64-5c94-4ba0-92d3-a68350f6dd9d/host
Oct 17 01:03:54.177364 podb-esxi207 dnsmasq-dhcp[1294987]: read /opt/stack/data/neutron/dhcp/37a41d64-5c94-4ba0-92d3-a68350f6dd9d/opts
Oct 17 01:03:56.229976 podb-esxi207 dnsmasq[1294987]: read /opt/stack/data/neutron/dhcp/37a41d64-5c94-4ba0-92d3-a68350f6dd9d/addn_hosts - 2 names
Oct 17 01:03:56.230065 podb-esxi207 dnsmasq-dhcp[1294987]: read /opt/stack/data/neutron/dhcp/37a41d64-5c94-4ba0-92d3-a68350f6dd9d/host
Oct 17 01:03:56.230134 podb-esxi207 dnsmasq-dhcp[1294987]: read /opt/stack/data/neutron/dhcp/37a41d64-5c94-4ba0-92d3-a68350f6dd9d/opts
Oct 17 01:03:56.468341 podb-esxi207 dnsmasq[1289060]: exiting on receipt of SIGTERM
Oct 17 01:03:59.739550 podb-esxi207 dnsmasq[1295705]: started, version 2.90 cachesize 150
Oct 17 01:03:59.739575 podb-esxi207 dnsmasq[1295705]: DNS service limited to local subnets
Oct 17 01:03:59.739590 podb-esxi207 dnsmasq[1295705]: compile time options: IPv6 GNU-getopt DBus no-UBus i18n IDN2 DHCP DHCPv6 no-Lua TFTP conntrack ipset no-nftset auth cryptohash DNSSEC loop-detect inotify dumpfile
Oct 17 01:03:59.739632 podb-esxi207 dnsmasq-dhcp[1295705]: DHCP, static leases only on 10.1.0.0, lease time 1d
Oct 17 01:03:59.739789 podb-esxi207 dnsmasq[1295705]: reading /etc/resolv.conf
Oct 17 01:03:59.739805 podb-esxi207 dnsmasq[1295705]: using nameserver 127.0.0.53#53
Oct 17 01:03:59.739930 podb-esxi207 dnsmasq[1295705]: read /opt/stack/data/neutron/dhcp/61abb93c-f1b2-4cb5-b4cf-194640bd1824/addn_hosts - 2 names
Oct 17 01:03:59.739986 podb-esxi207 dnsmasq-dhcp[1295705]: read /opt/stack/data/neutron/dhcp/61abb93c-f1b2-4cb5-b4cf-194640bd1824/host
Oct 17 01:03:59.740062 podb-esxi207 dnsmasq-dhcp[1295705]: read /opt/stack/data/neutron/dhcp/61abb93c-f1b2-4cb5-b4cf-194640bd1824/opts
Oct 17 01:04:00.812106 podb-esxi207 dnsmasq[1294987]: read /opt/stack/data/neutron/dhcp/37a41d64-5c94-4ba0-92d3-a68350f6dd9d/addn_hosts - 2 names
Oct 17 01:04:00.812193 podb-esxi207 dnsmasq-dhcp[1294987]: read /opt/stack/data/neutron/dhcp/37a41d64-5c94-4ba0-92d3-a68350f6dd9d/host
Oct 17 01:04:00.812290 podb-esxi207 dnsmasq-dhcp[1294987]: read /opt/stack/data/neutron/dhcp/37a41d64-5c94-4ba0-92d3-a68350f6dd9d/opts
Oct 17 01:04:02.085917 podb-esxi207 dnsmasq[1295705]: read /opt/stack/data/neutron/dhcp/61abb93c-f1b2-4cb5-b4cf-194640bd1824/addn_hosts - 2 names
Oct 17 01:04:02.086016 podb-esxi207 dnsmasq-dhcp[1295705]: read /opt/stack/data/neutron/dhcp/61abb93c-f1b2-4cb5-b4cf-194640bd1824/host
Oct 17 01:04:02.086133 podb-esxi207 dnsmasq-dhcp[1295705]: read /opt/stack/data/neutron/dhcp/61abb93c-f1b2-4cb5-b4cf-194640bd1824/opts
Oct 17 01:04:03.360338 podb-esxi207 dnsmasq[1294987]: read /opt/stack/data/neutron/dhcp/37a41d64-5c94-4ba0-92d3-a68350f6dd9d/addn_hosts - 2 names
Oct 17 01:04:03.360449 podb-esxi207 dnsmasq-dhcp[1294987]: read /opt/stack/data/neutron/dhcp/37a41d64-5c94-4ba0-92d3-a68350f6dd9d/host
Oct 17 01:04:03.360537 podb-esxi207 dnsmasq-dhcp[1294987]: read /opt/stack/data/neutron/dhcp/37a41d64-5c94-4ba0-92d3-a68350f6dd9d/opts
Oct 17 01:04:04.125734 podb-esxi207 dnsmasq[1295705]: read /opt/stack/data/neutron/dhcp/61abb93c-f1b2-4cb5-b4cf-194640bd1824/addn_hosts - 2 names
Oct 17 01:04:04.125825 podb-esxi207 dnsmasq-dhcp[1295705]: read /opt/stack/data/neutron/dhcp/61abb93c-f1b2-4cb5-b4cf-194640bd1824/host
Oct 17 01:04:04.125912 podb-esxi207 dnsmasq-dhcp[1295705]: read /opt/stack/data/neutron/dhcp/61abb93c-f1b2-4cb5-b4cf-194640bd1824/opts
Oct 17 01:04:05.381330 podb-esxi207 dnsmasq[1295705]: read /opt/stack/data/neutron/dhcp/61abb93c-f1b2-4cb5-b4cf-194640bd1824/addn_hosts - 2 names
Oct 17 01:04:05.381443 podb-esxi207 dnsmasq-dhcp[1295705]: read /opt/stack/data/neutron/dhcp/61abb93c-f1b2-4cb5-b4cf-194640bd1824/host
Oct 17 01:04:05.381540 podb-esxi207 dnsmasq-dhcp[1295705]: read /opt/stack/data/neutron/dhcp/61abb93c-f1b2-4cb5-b4cf-194640bd1824/opts
Oct 17 01:04:10.015779 podb-esxi207 dnsmasq[1295996]: started, version 2.90 cachesize 150
Oct 17 01:04:10.015807 podb-esxi207 dnsmasq[1295996]: DNS service limited to local subnets
Oct 17 01:04:10.015822 podb-esxi207 dnsmasq[1295996]: compile time options: IPv6 GNU-getopt DBus no-UBus i18n IDN2 DHCP DHCPv6 no-Lua TFTP conntrack ipset no-nftset auth cryptohash DNSSEC loop-detect inotify dumpfile
Oct 17 01:04:10.015862 podb-esxi207 dnsmasq-dhcp[1295996]: DHCP, static leases only on 10.1.0.0, lease time 1d
Oct 17 01:04:10.016007 podb-esxi207 dnsmasq[1295996]: reading /etc/resolv.conf
Oct 17 01:04:10.016023 podb-esxi207 dnsmasq[1295996]: using nameserver 127.0.0.53#53
Oct 17 01:04:10.016111 podb-esxi207 dnsmasq[1295996]: read /opt/stack/data/neutron/dhcp/997d4216-8883-4017-bced-233fd2f5ee57/addn_hosts - 0 names
Oct 17 01:04:10.016161 podb-esxi207 dnsmasq-dhcp[1295996]: read /opt/stack/data/neutron/dhcp/997d4216-8883-4017-bced-233fd2f5ee57/host
Oct 17 01:04:10.016224 podb-esxi207 dnsmasq-dhcp[1295996]: read /opt/stack/data/neutron/dhcp/997d4216-8883-4017-bced-233fd2f5ee57/opts
Oct 17 01:04:11.553262 podb-esxi207 dnsmasq[1295996]: read /opt/stack/data/neutron/dhcp/997d4216-8883-4017-bced-233fd2f5ee57/addn_hosts - 2 names
Oct 17 01:04:11.553345 podb-esxi207 dnsmasq-dhcp[1295996]: read /opt/stack/data/neutron/dhcp/997d4216-8883-4017-bced-233fd2f5ee57/host
Oct 17 01:04:11.553418 podb-esxi207 dnsmasq-dhcp[1295996]: read /opt/stack/data/neutron/dhcp/997d4216-8883-4017-bced-233fd2f5ee57/opts
Oct 17 01:04:14.311638 podb-esxi207 dnsmasq[1296351]: started, version 2.90 cachesize 150
Oct 17 01:04:14.311666 podb-esxi207 dnsmasq[1296351]: DNS service limited to local subnets
Oct 17 01:04:14.311680 podb-esxi207 dnsmasq[1296351]: compile time options: IPv6 GNU-getopt DBus no-UBus i18n IDN2 DHCP DHCPv6 no-Lua TFTP conntrack ipset no-nftset auth cryptohash DNSSEC loop-detect inotify dumpfile
Oct 17 01:04:14.311714 podb-esxi207 dnsmasq-dhcp[1296351]: DHCP, static leases only on 10.1.0.0, lease time 1d
Oct 17 01:04:14.312320 podb-esxi207 dnsmasq[1296351]: reading /etc/resolv.conf
Oct 17 01:04:14.312337 podb-esxi207 dnsmasq[1296351]: using nameserver 127.0.0.53#53
Oct 17 01:04:14.312454 podb-esxi207 dnsmasq[1296351]: read /opt/stack/data/neutron/dhcp/e32bb4dd-d355-4803-b941-0028324c57ec/addn_hosts - 2 names
Oct 17 01:04:14.312510 podb-esxi207 dnsmasq-dhcp[1296351]: read /opt/stack/data/neutron/dhcp/e32bb4dd-d355-4803-b941-0028324c57ec/host
Oct 17 01:04:14.312574 podb-esxi207 dnsmasq-dhcp[1296351]: read /opt/stack/data/neutron/dhcp/e32bb4dd-d355-4803-b941-0028324c57ec/opts
Oct 17 01:04:14.497666 podb-esxi207 dnsmasq-dhcp[1292368]: DHCPDISCOVER(tape0abf2fe-99) fa:16:3e:eb:c7:a2
Oct 17 01:04:14.497696 podb-esxi207 dnsmasq-dhcp[1292368]: DHCPOFFER(tape0abf2fe-99) 10.1.0.14 fa:16:3e:eb:c7:a2
Oct 17 01:04:14.508682 podb-esxi207 dnsmasq-dhcp[1292368]: DHCPREQUEST(tape0abf2fe-99) 10.1.0.14 fa:16:3e:eb:c7:a2
Oct 17 01:04:14.508717 podb-esxi207 dnsmasq-dhcp[1292368]: DHCPACK(tape0abf2fe-99) 10.1.0.14 fa:16:3e:eb:c7:a2 host-10-1-0-14
Oct 17 01:04:15.354072 podb-esxi207 dnsmasq[1295996]: read /opt/stack/data/neutron/dhcp/997d4216-8883-4017-bced-233fd2f5ee57/addn_hosts - 2 names
Oct 17 01:04:15.354172 podb-esxi207 dnsmasq-dhcp[1295996]: read /opt/stack/data/neutron/dhcp/997d4216-8883-4017-bced-233fd2f5ee57/host
Oct 17 01:04:15.354288 podb-esxi207 dnsmasq-dhcp[1295996]: read /opt/stack/data/neutron/dhcp/997d4216-8883-4017-bced-233fd2f5ee57/opts
Oct 17 01:04:16.606501 podb-esxi207 dnsmasq[1296351]: read /opt/stack/data/neutron/dhcp/e32bb4dd-d355-4803-b941-0028324c57ec/addn_hosts - 2 names
Oct 17 01:04:16.606572 podb-esxi207 dnsmasq-dhcp[1296351]: read /opt/stack/data/neutron/dhcp/e32bb4dd-d355-4803-b941-0028324c57ec/host
Oct 17 01:04:16.606645 podb-esxi207 dnsmasq-dhcp[1296351]: read /opt/stack/data/neutron/dhcp/e32bb4dd-d355-4803-b941-0028324c57ec/opts
Oct 17 01:04:17.855321 podb-esxi207 dnsmasq[1295996]: read /opt/stack/data/neutron/dhcp/997d4216-8883-4017-bced-233fd2f5ee57/addn_hosts - 2 names
Oct 17 01:04:17.855431 podb-esxi207 dnsmasq-dhcp[1295996]: read /opt/stack/data/neutron/dhcp/997d4216-8883-4017-bced-233fd2f5ee57/host
Oct 17 01:04:17.855539 podb-esxi207 dnsmasq-dhcp[1295996]: read /opt/stack/data/neutron/dhcp/997d4216-8883-4017-bced-233fd2f5ee57/opts
Oct 17 01:04:18.633045 podb-esxi207 dnsmasq[1296351]: read /opt/stack/data/neutron/dhcp/e32bb4dd-d355-4803-b941-0028324c57ec/addn_hosts - 2 names
Oct 17 01:04:18.633167 podb-esxi207 dnsmasq-dhcp[1296351]: read /opt/stack/data/neutron/dhcp/e32bb4dd-d355-4803-b941-0028324c57ec/host
Oct 17 01:04:18.633247 podb-esxi207 dnsmasq-dhcp[1296351]: read /opt/stack/data/neutron/dhcp/e32bb4dd-d355-4803-b941-0028324c57ec/opts
Oct 17 01:04:19.877909 podb-esxi207 dnsmasq[1295996]: read /opt/stack/data/neutron/dhcp/997d4216-8883-4017-bced-233fd2f5ee57/addn_hosts - 4 names
Oct 17 01:04:19.878048 podb-esxi207 dnsmasq-dhcp[1295996]: read /opt/stack/data/neutron/dhcp/997d4216-8883-4017-bced-233fd2f5ee57/host
Oct 17 01:04:19.878168 podb-esxi207 dnsmasq-dhcp[1295996]: read /opt/stack/data/neutron/dhcp/997d4216-8883-4017-bced-233fd2f5ee57/opts
Oct 17 01:04:20.632116 podb-esxi207 dnsmasq[1296351]: read /opt/stack/data/neutron/dhcp/e32bb4dd-d355-4803-b941-0028324c57ec/addn_hosts - 2 names
Oct 17 01:04:20.632195 podb-esxi207 dnsmasq-dhcp[1296351]: read /opt/stack/data/neutron/dhcp/e32bb4dd-d355-4803-b941-0028324c57ec/host
Oct 17 01:04:20.632272 podb-esxi207 dnsmasq-dhcp[1296351]: read /opt/stack/data/neutron/dhcp/e32bb4dd-d355-4803-b941-0028324c57ec/opts
Oct 17 01:04:33.427630 podb-esxi207 dnsmasq[1294987]: read /opt/stack/data/neutron/dhcp/37a41d64-5c94-4ba0-92d3-a68350f6dd9d/addn_hosts - 4 names
Oct 17 01:04:33.427720 podb-esxi207 dnsmasq-dhcp[1294987]: read /opt/stack/data/neutron/dhcp/37a41d64-5c94-4ba0-92d3-a68350f6dd9d/host
Oct 17 01:04:33.427881 podb-esxi207 dnsmasq-dhcp[1294987]: read /opt/stack/data/neutron/dhcp/37a41d64-5c94-4ba0-92d3-a68350f6dd9d/opts
Oct 17 01:04:40.505440 podb-esxi207 dnsmasq-dhcp[1295996]: DHCPDISCOVER(tap2922ddb0-cc) fa:16:3e:10:73:1d
Oct 17 01:04:40.505471 podb-esxi207 dnsmasq-dhcp[1295996]: DHCPOFFER(tap2922ddb0-cc) 10.1.0.8 fa:16:3e:10:73:1d
Oct 17 01:04:40.517042 podb-esxi207 dnsmasq-dhcp[1295996]: DHCPREQUEST(tap2922ddb0-cc) 10.1.0.8 fa:16:3e:10:73:1d
Oct 17 01:04:40.517080 podb-esxi207 dnsmasq-dhcp[1295996]: DHCPACK(tap2922ddb0-cc) 10.1.0.8 fa:16:3e:10:73:1d host-10-1-0-8
Oct 17 01:04:43.322835 podb-esxi207 dnsmasq-dhcp[1295996]: DHCPRELEASE(tap2922ddb0-cc) 10.1.0.8 fa:16:3e:10:73:1d
Oct 17 01:04:43.336972 podb-esxi207 dnsmasq-dhcp[1295996]: DHCPRELEASE(tap2922ddb0-cc) 10.1.0.8 fa:16:3e:10:73:1d unknown lease
Oct 17 01:04:44.161259 podb-esxi207 dnsmasq[1295996]: read /opt/stack/data/neutron/dhcp/997d4216-8883-4017-bced-233fd2f5ee57/addn_hosts - 2 names
Oct 17 01:04:44.161334 podb-esxi207 dnsmasq-dhcp[1295996]: read /opt/stack/data/neutron/dhcp/997d4216-8883-4017-bced-233fd2f5ee57/host
Oct 17 01:04:44.161403 podb-esxi207 dnsmasq-dhcp[1295996]: read /opt/stack/data/neutron/dhcp/997d4216-8883-4017-bced-233fd2f5ee57/opts
Oct 17 01:05:03.236013 podb-esxi207 dnsmasq-dhcp[1294987]: DHCPDISCOVER(tapddd28c75-78) fa:16:3e:1f:ed:84
Oct 17 01:05:03.236039 podb-esxi207 dnsmasq-dhcp[1294987]: DHCPOFFER(tapddd28c75-78) 10.1.0.4 fa:16:3e:1f:ed:84
Oct 17 01:05:03.245269 podb-esxi207 dnsmasq-dhcp[1294987]: DHCPREQUEST(tapddd28c75-78) 10.1.0.4 fa:16:3e:1f:ed:84
Oct 17 01:05:03.245299 podb-esxi207 dnsmasq-dhcp[1294987]: DHCPACK(tapddd28c75-78) 10.1.0.4 fa:16:3e:1f:ed:84 host-10-1-0-4
Oct 17 01:05:37.726090 podb-esxi207 dnsmasq-dhcp[1292368]: DHCPRELEASE(tape0abf2fe-99) 10.1.0.14 fa:16:3e:eb:c7:a2
Oct 17 01:05:37.741249 podb-esxi207 dnsmasq-dhcp[1292368]: DHCPRELEASE(tape0abf2fe-99) 10.1.0.14 fa:16:3e:eb:c7:a2 unknown lease
Oct 17 01:05:38.567272 podb-esxi207 dnsmasq[1292368]: read /opt/stack/data/neutron/dhcp/0649d153-b378-4832-a1ee-38924d20d982/addn_hosts - 2 names
Oct 17 01:05:38.567359 podb-esxi207 dnsmasq-dhcp[1292368]: read /opt/stack/data/neutron/dhcp/0649d153-b378-4832-a1ee-38924d20d982/host
Oct 17 01:05:38.567430 podb-esxi207 dnsmasq-dhcp[1292368]: read /opt/stack/data/neutron/dhcp/0649d153-b378-4832-a1ee-38924d20d982/opts
Oct 17 01:05:46.191139 podb-esxi207 dnsmasq[1295996]: read /opt/stack/data/neutron/dhcp/997d4216-8883-4017-bced-233fd2f5ee57/addn_hosts - 0 names
Oct 17 01:05:46.191209 podb-esxi207 dnsmasq-dhcp[1295996]: read /opt/stack/data/neutron/dhcp/997d4216-8883-4017-bced-233fd2f5ee57/host
Oct 17 01:05:46.191286 podb-esxi207 dnsmasq-dhcp[1295996]: read /opt/stack/data/neutron/dhcp/997d4216-8883-4017-bced-233fd2f5ee57/opts
Oct 17 01:05:47.196796 podb-esxi207 dnsmasq[1295996]: exiting on receipt of SIGTERM
Oct 17 01:05:47.815857 podb-esxi207 dnsmasq-dhcp[1296351]: DHCPRELEASE(tap3a192d27-88) 10.1.0.1 fa:16:3e:25:81:8d
Oct 17 01:05:48.639369 podb-esxi207 dnsmasq[1296351]: read /opt/stack/data/neutron/dhcp/e32bb4dd-d355-4803-b941-0028324c57ec/addn_hosts - 0 names
Oct 17 01:05:48.639446 podb-esxi207 dnsmasq-dhcp[1296351]: read /opt/stack/data/neutron/dhcp/e32bb4dd-d355-4803-b941-0028324c57ec/host
Oct 17 01:05:48.639517 podb-esxi207 dnsmasq-dhcp[1296351]: read /opt/stack/data/neutron/dhcp/e32bb4dd-d355-4803-b941-0028324c57ec/opts
Oct 17 01:05:49.401562 podb-esxi207 dnsmasq[1296351]: exiting on receipt of SIGTERM
Oct 17 01:05:50.525185 podb-esxi207 dnsmasq[1292368]: read /opt/stack/data/neutron/dhcp/0649d153-b378-4832-a1ee-38924d20d982/addn_hosts - 4 names
Oct 17 01:05:50.525296 podb-esxi207 dnsmasq-dhcp[1292368]: read /opt/stack/data/neutron/dhcp/0649d153-b378-4832-a1ee-38924d20d982/host
Oct 17 01:05:50.525403 podb-esxi207 dnsmasq-dhcp[1292368]: read /opt/stack/data/neutron/dhcp/0649d153-b378-4832-a1ee-38924d20d982/opts
Oct 17 01:06:12.546207 podb-esxi207 dnsmasq-dhcp[1292368]: DHCPDISCOVER(tape0abf2fe-99) fa:16:3e:93:18:29
Oct 17 01:06:12.546233 podb-esxi207 dnsmasq-dhcp[1292368]: DHCPOFFER(tape0abf2fe-99) 10.1.0.9 fa:16:3e:93:18:29
Oct 17 01:06:12.556981 podb-esxi207 dnsmasq-dhcp[1292368]: DHCPREQUEST(tape0abf2fe-99) 10.1.0.9 fa:16:3e:93:18:29
Oct 17 01:06:12.557012 podb-esxi207 dnsmasq-dhcp[1292368]: DHCPACK(tape0abf2fe-99) 10.1.0.9 fa:16:3e:93:18:29 host-10-1-0-9
Oct 17 01:07:08.402470 podb-esxi207 dnsmasq-dhcp[1294987]: DHCPRELEASE(tapddd28c75-78) 10.1.0.4 fa:16:3e:1f:ed:84
Oct 17 01:07:08.419261 podb-esxi207 dnsmasq-dhcp[1294987]: DHCPRELEASE(tapddd28c75-78) 10.1.0.4 fa:16:3e:1f:ed:84 unknown lease
Oct 17 01:07:09.243682 podb-esxi207 dnsmasq[1294987]: read /opt/stack/data/neutron/dhcp/37a41d64-5c94-4ba0-92d3-a68350f6dd9d/addn_hosts - 2 names
Oct 17 01:07:09.243786 podb-esxi207 dnsmasq-dhcp[1294987]: read /opt/stack/data/neutron/dhcp/37a41d64-5c94-4ba0-92d3-a68350f6dd9d/host
Oct 17 01:07:09.243893 podb-esxi207 dnsmasq-dhcp[1294987]: read /opt/stack/data/neutron/dhcp/37a41d64-5c94-4ba0-92d3-a68350f6dd9d/opts
Oct 17 01:07:28.957940 podb-esxi207 dnsmasq[1294987]: read /opt/stack/data/neutron/dhcp/37a41d64-5c94-4ba0-92d3-a68350f6dd9d/addn_hosts - 0 names
Oct 17 01:07:28.958009 podb-esxi207 dnsmasq-dhcp[1294987]: read /opt/stack/data/neutron/dhcp/37a41d64-5c94-4ba0-92d3-a68350f6dd9d/host
Oct 17 01:07:28.958090 podb-esxi207 dnsmasq-dhcp[1294987]: read /opt/stack/data/neutron/dhcp/37a41d64-5c94-4ba0-92d3-a68350f6dd9d/opts
Oct 17 01:07:30.062975 podb-esxi207 dnsmasq[1294987]: exiting on receipt of SIGTERM
Oct 17 01:07:30.669251 podb-esxi207 dnsmasq-dhcp[1295705]: DHCPRELEASE(tap83e89d57-36) 10.1.0.1 fa:16:3e:6a:10:b0
Oct 17 01:07:31.493989 podb-esxi207 dnsmasq[1295705]: read /opt/stack/data/neutron/dhcp/61abb93c-f1b2-4cb5-b4cf-194640bd1824/addn_hosts - 0 names
Oct 17 01:07:31.494066 podb-esxi207 dnsmasq-dhcp[1295705]: read /opt/stack/data/neutron/dhcp/61abb93c-f1b2-4cb5-b4cf-194640bd1824/host
Oct 17 01:07:31.494161 podb-esxi207 dnsmasq-dhcp[1295705]: read /opt/stack/data/neutron/dhcp/61abb93c-f1b2-4cb5-b4cf-194640bd1824/opts
Oct 17 01:07:31.746228 podb-esxi207 dnsmasq[1295705]: exiting on receipt of SIGTERM
Oct 17 01:07:36.768465 podb-esxi207 dnsmasq[1298983]: started, version 2.90 cachesize 150
Oct 17 01:07:36.768491 podb-esxi207 dnsmasq[1298983]: DNS service limited to local subnets
Oct 17 01:07:36.768507 podb-esxi207 dnsmasq[1298983]: compile time options: IPv6 GNU-getopt DBus no-UBus i18n IDN2 DHCP DHCPv6 no-Lua TFTP conntrack ipset no-nftset auth cryptohash DNSSEC loop-detect inotify dumpfile
Oct 17 01:07:36.768541 podb-esxi207 dnsmasq-dhcp[1298983]: DHCP, static leases only on 10.1.0.0, lease time 1d
Oct 17 01:07:36.768720 podb-esxi207 dnsmasq[1298983]: reading /etc/resolv.conf
Oct 17 01:07:36.768738 podb-esxi207 dnsmasq[1298983]: using nameserver 127.0.0.53#53
Oct 17 01:07:36.768830 podb-esxi207 dnsmasq[1298983]: read /opt/stack/data/neutron/dhcp/fb7f76bd-b6f8-4579-aac0-75b35488b6b5/addn_hosts - 0 names
Oct 17 01:07:36.768883 podb-esxi207 dnsmasq-dhcp[1298983]: read /opt/stack/data/neutron/dhcp/fb7f76bd-b6f8-4579-aac0-75b35488b6b5/host
Oct 17 01:07:36.768943 podb-esxi207 dnsmasq-dhcp[1298983]: read /opt/stack/data/neutron/dhcp/fb7f76bd-b6f8-4579-aac0-75b35488b6b5/opts
Oct 17 01:07:38.316225 podb-esxi207 dnsmasq[1298983]: read /opt/stack/data/neutron/dhcp/fb7f76bd-b6f8-4579-aac0-75b35488b6b5/addn_hosts - 2 names
Oct 17 01:07:38.316314 podb-esxi207 dnsmasq-dhcp[1298983]: read /opt/stack/data/neutron/dhcp/fb7f76bd-b6f8-4579-aac0-75b35488b6b5/host
Oct 17 01:07:38.316425 podb-esxi207 dnsmasq-dhcp[1298983]: read /opt/stack/data/neutron/dhcp/fb7f76bd-b6f8-4579-aac0-75b35488b6b5/opts
Oct 17 01:07:41.211733 podb-esxi207 dnsmasq[1299274]: started, version 2.90 cachesize 150
Oct 17 01:07:41.211753 podb-esxi207 dnsmasq[1299274]: DNS service limited to local subnets
Oct 17 01:07:41.211768 podb-esxi207 dnsmasq[1299274]: compile time options: IPv6 GNU-getopt DBus no-UBus i18n IDN2 DHCP DHCPv6 no-Lua TFTP conntrack ipset no-nftset auth cryptohash DNSSEC loop-detect inotify dumpfile
Oct 17 01:07:41.211826 podb-esxi207 dnsmasq-dhcp[1299274]: DHCP, static leases only on 10.1.0.0, lease time 1d
Oct 17 01:07:41.211988 podb-esxi207 dnsmasq[1299274]: reading /etc/resolv.conf
Oct 17 01:07:41.212005 podb-esxi207 dnsmasq[1299274]: using nameserver 127.0.0.53#53
Oct 17 01:07:41.212125 podb-esxi207 dnsmasq[1299274]: read /opt/stack/data/neutron/dhcp/d0a2be1a-2cbe-43b0-88a3-06bd2384674f/addn_hosts - 2 names
Oct 17 01:07:41.212186 podb-esxi207 dnsmasq-dhcp[1299274]: read /opt/stack/data/neutron/dhcp/d0a2be1a-2cbe-43b0-88a3-06bd2384674f/host
Oct 17 01:07:41.212257 podb-esxi207 dnsmasq-dhcp[1299274]: read /opt/stack/data/neutron/dhcp/d0a2be1a-2cbe-43b0-88a3-06bd2384674f/opts
Oct 17 01:07:42.254456 podb-esxi207 dnsmasq[1298983]: read /opt/stack/data/neutron/dhcp/fb7f76bd-b6f8-4579-aac0-75b35488b6b5/addn_hosts - 2 names
Oct 17 01:07:42.254555 podb-esxi207 dnsmasq-dhcp[1298983]: read /opt/stack/data/neutron/dhcp/fb7f76bd-b6f8-4579-aac0-75b35488b6b5/host
Oct 17 01:07:42.254665 podb-esxi207 dnsmasq-dhcp[1298983]: read /opt/stack/data/neutron/dhcp/fb7f76bd-b6f8-4579-aac0-75b35488b6b5/opts
Oct 17 01:07:43.569765 podb-esxi207 dnsmasq[1299274]: read /opt/stack/data/neutron/dhcp/d0a2be1a-2cbe-43b0-88a3-06bd2384674f/addn_hosts - 2 names
Oct 17 01:07:43.569876 podb-esxi207 dnsmasq-dhcp[1299274]: read /opt/stack/data/neutron/dhcp/d0a2be1a-2cbe-43b0-88a3-06bd2384674f/host
Oct 17 01:07:43.569956 podb-esxi207 dnsmasq-dhcp[1299274]: read /opt/stack/data/neutron/dhcp/d0a2be1a-2cbe-43b0-88a3-06bd2384674f/opts
Oct 17 01:07:44.830962 podb-esxi207 dnsmasq[1298983]: read /opt/stack/data/neutron/dhcp/fb7f76bd-b6f8-4579-aac0-75b35488b6b5/addn_hosts - 2 names
Oct 17 01:07:44.831039 podb-esxi207 dnsmasq-dhcp[1298983]: read /opt/stack/data/neutron/dhcp/fb7f76bd-b6f8-4579-aac0-75b35488b6b5/host
Oct 17 01:07:44.831140 podb-esxi207 dnsmasq-dhcp[1298983]: read /opt/stack/data/neutron/dhcp/fb7f76bd-b6f8-4579-aac0-75b35488b6b5/opts
Oct 17 01:07:45.577238 podb-esxi207 dnsmasq[1299274]: read /opt/stack/data/neutron/dhcp/d0a2be1a-2cbe-43b0-88a3-06bd2384674f/addn_hosts - 2 names
Oct 17 01:07:45.577344 podb-esxi207 dnsmasq-dhcp[1299274]: read /opt/stack/data/neutron/dhcp/d0a2be1a-2cbe-43b0-88a3-06bd2384674f/host
Oct 17 01:07:45.577477 podb-esxi207 dnsmasq-dhcp[1299274]: read /opt/stack/data/neutron/dhcp/d0a2be1a-2cbe-43b0-88a3-06bd2384674f/opts
Oct 17 01:07:46.844556 podb-esxi207 dnsmasq[1299274]: read /opt/stack/data/neutron/dhcp/d0a2be1a-2cbe-43b0-88a3-06bd2384674f/addn_hosts - 2 names
Oct 17 01:07:46.844667 podb-esxi207 dnsmasq-dhcp[1299274]: read /opt/stack/data/neutron/dhcp/d0a2be1a-2cbe-43b0-88a3-06bd2384674f/host
Oct 17 01:07:46.844746 podb-esxi207 dnsmasq-dhcp[1299274]: read /opt/stack/data/neutron/dhcp/d0a2be1a-2cbe-43b0-88a3-06bd2384674f/opts
Oct 17 01:07:47.599144 podb-esxi207 dnsmasq[1298983]: read /opt/stack/data/neutron/dhcp/fb7f76bd-b6f8-4579-aac0-75b35488b6b5/addn_hosts - 4 names
Oct 17 01:07:47.599295 podb-esxi207 dnsmasq-dhcp[1298983]: read /opt/stack/data/neutron/dhcp/fb7f76bd-b6f8-4579-aac0-75b35488b6b5/host
Oct 17 01:07:47.599400 podb-esxi207 dnsmasq-dhcp[1298983]: read /opt/stack/data/neutron/dhcp/fb7f76bd-b6f8-4579-aac0-75b35488b6b5/opts
Oct 17 01:07:59.190901 podb-esxi207 dnsmasq-dhcp[1292368]: DHCPRELEASE(tape0abf2fe-99) 10.1.0.9 fa:16:3e:93:18:29
Oct 17 01:07:59.206113 podb-esxi207 dnsmasq-dhcp[1292368]: DHCPRELEASE(tape0abf2fe-99) 10.1.0.9 fa:16:3e:93:18:29 unknown lease
Oct 17 01:08:00.030046 podb-esxi207 dnsmasq[1292368]: read /opt/stack/data/neutron/dhcp/0649d153-b378-4832-a1ee-38924d20d982/addn_hosts - 2 names
Oct 17 01:08:00.030158 podb-esxi207 dnsmasq-dhcp[1292368]: read /opt/stack/data/neutron/dhcp/0649d153-b378-4832-a1ee-38924d20d982/host
Oct 17 01:08:00.030255 podb-esxi207 dnsmasq-dhcp[1292368]: read /opt/stack/data/neutron/dhcp/0649d153-b378-4832-a1ee-38924d20d982/opts
Oct 17 01:08:07.185570 podb-esxi207 dnsmasq[1300119]: started, version 2.90 cachesize 150
Oct 17 01:08:07.185593 podb-esxi207 dnsmasq[1300119]: DNS service limited to local subnets
Oct 17 01:08:07.185608 podb-esxi207 dnsmasq[1300119]: compile time options: IPv6 GNU-getopt DBus no-UBus i18n IDN2 DHCP DHCPv6 no-Lua TFTP conntrack ipset no-nftset auth cryptohash DNSSEC loop-detect inotify dumpfile
Oct 17 01:08:07.185643 podb-esxi207 dnsmasq-dhcp[1300119]: DHCP, static leases only on 10.1.0.0, lease time 1d
Oct 17 01:08:07.185788 podb-esxi207 dnsmasq[1300119]: reading /etc/resolv.conf
Oct 17 01:08:07.185804 podb-esxi207 dnsmasq[1300119]: using nameserver 127.0.0.53#53
Oct 17 01:08:07.185897 podb-esxi207 dnsmasq[1300119]: read /opt/stack/data/neutron/dhcp/904c749d-ef07-420d-bf18-45820267e3a7/addn_hosts - 0 names
Oct 17 01:08:07.185950 podb-esxi207 dnsmasq-dhcp[1300119]: read /opt/stack/data/neutron/dhcp/904c749d-ef07-420d-bf18-45820267e3a7/host
Oct 17 01:08:07.186007 podb-esxi207 dnsmasq-dhcp[1300119]: read /opt/stack/data/neutron/dhcp/904c749d-ef07-420d-bf18-45820267e3a7/opts
Oct 17 01:08:10.042359 podb-esxi207 dnsmasq-dhcp[1298983]: DHCPDISCOVER(tap44cfa4c3-9a) fa:16:3e:4f:a3:72
Oct 17 01:08:10.042389 podb-esxi207 dnsmasq-dhcp[1298983]: DHCPOFFER(tap44cfa4c3-9a) 10.1.0.9 fa:16:3e:4f:a3:72
Oct 17 01:08:10.054365 podb-esxi207 dnsmasq-dhcp[1298983]: DHCPREQUEST(tap44cfa4c3-9a) 10.1.0.9 fa:16:3e:4f:a3:72
Oct 17 01:08:10.054399 podb-esxi207 dnsmasq-dhcp[1298983]: DHCPACK(tap44cfa4c3-9a) 10.1.0.9 fa:16:3e:4f:a3:72 host-10-1-0-9
Oct 17 01:08:10.273817 podb-esxi207 dnsmasq[1300429]: started, version 2.90 cachesize 150
Oct 17 01:08:10.273843 podb-esxi207 dnsmasq[1300429]: DNS service limited to local subnets
Oct 17 01:08:10.273858 podb-esxi207 dnsmasq[1300429]: compile time options: IPv6 GNU-getopt DBus no-UBus i18n IDN2 DHCP DHCPv6 no-Lua TFTP conntrack ipset no-nftset auth cryptohash DNSSEC loop-detect inotify dumpfile
Oct 17 01:08:10.273894 podb-esxi207 dnsmasq-dhcp[1300429]: DHCP, static leases only on 10.1.0.0, lease time 1d
Oct 17 01:08:10.274050 podb-esxi207 dnsmasq[1300429]: reading /etc/resolv.conf
Oct 17 01:08:10.274068 podb-esxi207 dnsmasq[1300429]: using nameserver 127.0.0.53#53
Oct 17 01:08:10.274160 podb-esxi207 dnsmasq[1300429]: read /opt/stack/data/neutron/dhcp/199f49a5-dea8-4dda-90ab-e95cbb2a2025/addn_hosts - 0 names
Oct 17 01:08:10.274209 podb-esxi207 dnsmasq-dhcp[1300429]: read /opt/stack/data/neutron/dhcp/199f49a5-dea8-4dda-90ab-e95cbb2a2025/host
Oct 17 01:08:10.274286 podb-esxi207 dnsmasq-dhcp[1300429]: read /opt/stack/data/neutron/dhcp/199f49a5-dea8-4dda-90ab-e95cbb2a2025/opts
Oct 17 01:08:11.313887 podb-esxi207 dnsmasq[1300119]: read /opt/stack/data/neutron/dhcp/904c749d-ef07-420d-bf18-45820267e3a7/addn_hosts - 2 names
Oct 17 01:08:11.313971 podb-esxi207 dnsmasq-dhcp[1300119]: read /opt/stack/data/neutron/dhcp/904c749d-ef07-420d-bf18-45820267e3a7/host
Oct 17 01:08:11.314088 podb-esxi207 dnsmasq-dhcp[1300119]: read /opt/stack/data/neutron/dhcp/904c749d-ef07-420d-bf18-45820267e3a7/opts
Oct 17 01:08:13.089869 podb-esxi207 dnsmasq[1300429]: read /opt/stack/data/neutron/dhcp/199f49a5-dea8-4dda-90ab-e95cbb2a2025/addn_hosts - 2 names
Oct 17 01:08:13.089941 podb-esxi207 dnsmasq-dhcp[1300429]: read /opt/stack/data/neutron/dhcp/199f49a5-dea8-4dda-90ab-e95cbb2a2025/host
Oct 17 01:08:13.090045 podb-esxi207 dnsmasq-dhcp[1300429]: read /opt/stack/data/neutron/dhcp/199f49a5-dea8-4dda-90ab-e95cbb2a2025/opts
