Oct 17 16:21:26.006224 podb-esxi207 systemd[1]: Starting Devstack devstack@n-api.service...
Oct 17 16:21:26.018012 podb-esxi207 devstack@n-api.service[2621797]: [uWSGI] getting INI configuration from /etc/nova/nova-api-uwsgi.ini
Oct 17 16:21:26.020995 podb-esxi207 devstack@n-api.service[2621797]: *** Starting uWSGI 2.0.20-debian (64bit) on [Fri Oct 17 16:21:26 2025] ***
Oct 17 16:21:26.020995 podb-esxi207 devstack@n-api.service[2621797]: compiled with version: 11.2.0 on 21 March 2022 11:00:44
Oct 17 16:21:26.020995 podb-esxi207 devstack@n-api.service[2621797]: os: Linux-5.15.0-157-generic #167-Ubuntu SMP Wed Sep 17 21:35:53 UTC 2025
Oct 17 16:21:26.020995 podb-esxi207 devstack@n-api.service[2621797]: nodename: podb-esxi207
Oct 17 16:21:26.020995 podb-esxi207 devstack@n-api.service[2621797]: machine: x86_64
Oct 17 16:21:26.020995 podb-esxi207 devstack@n-api.service[2621797]: clock source: unix
Oct 17 16:21:26.020995 podb-esxi207 devstack@n-api.service[2621797]: pcre jit disabled
Oct 17 16:21:26.020995 podb-esxi207 devstack@n-api.service[2621797]: detected number of CPU cores: 152
Oct 17 16:21:26.020995 podb-esxi207 devstack@n-api.service[2621797]: current working directory: /
Oct 17 16:21:26.020995 podb-esxi207 devstack@n-api.service[2621797]: detected binary path: /usr/bin/uwsgi-core
Oct 17 16:21:26.020995 podb-esxi207 devstack@n-api.service[2621797]: your processes number limit is 1029247
Oct 17 16:21:26.020995 podb-esxi207 devstack@n-api.service[2621797]: your memory page size is 4096 bytes
Oct 17 16:21:26.020995 podb-esxi207 devstack@n-api.service[2621797]: detected max file descriptor number: 2048
Oct 17 16:21:26.022924 podb-esxi207 devstack@n-api.service[2621797]: lock engine: pthread robust mutexes
Oct 17 16:21:26.022924 podb-esxi207 devstack@n-api.service[2621797]: thunder lock: enabled
Oct 17 16:21:26.022924 podb-esxi207 devstack@n-api.service[2621797]: uwsgi socket 0 bound to UNIX address /var/run/uwsgi/nova-api.socket fd 4
Oct 17 16:21:26.022924 podb-esxi207 devstack@n-api.service[2621797]: Python version: 3.10.12 (main, Aug 15 2025, 14:32:43) [GCC 11.4.0]
Oct 17 16:21:26.022924 podb-esxi207 devstack@n-api.service[2621797]: PEP 405 virtualenv detected: /opt/stack/data/venv
Oct 17 16:21:26.022924 podb-esxi207 devstack@n-api.service[2621797]: Set PythonHome to /opt/stack/data/venv
Oct 17 16:21:26.063090 podb-esxi207 devstack@n-api.service[2621797]: Python main interpreter initialized at 0x55cbc9b58390
Oct 17 16:21:26.063090 podb-esxi207 devstack@n-api.service[2621797]: python threads support enabled
Oct 17 16:21:26.063090 podb-esxi207 devstack@n-api.service[2621797]: your server socket listen backlog is limited to 100 connections
Oct 17 16:21:26.063090 podb-esxi207 devstack@n-api.service[2621797]: your mercy for graceful operations on workers is 80 seconds
Oct 17 16:21:26.063641 podb-esxi207 devstack@n-api.service[2621797]: mapped 671795 bytes (656 KB) for 4 cores
Oct 17 16:21:26.063641 podb-esxi207 devstack@n-api.service[2621797]: *** Operational MODE: preforking ***
Oct 17 16:21:26.063840 podb-esxi207 devstack@n-api.service[2621797]: *** uWSGI is running in multiple interpreter mode ***
Oct 17 16:21:26.063840 podb-esxi207 devstack@n-api.service[2621797]: spawned uWSGI master process (pid: 2621797)
Oct 17 16:21:26.064011 podb-esxi207 systemd[1]: Started Devstack devstack@n-api.service.
Oct 17 16:21:26.064640 podb-esxi207 devstack@n-api.service[2621797]: spawned uWSGI worker 1 (pid: 2621798, cores: 1)
Oct 17 16:21:26.064640 podb-esxi207 devstack@n-api.service[2621797]: spawned uWSGI worker 2 (pid: 2621799, cores: 1)
Oct 17 16:21:26.064640 podb-esxi207 devstack@n-api.service[2621797]: spawned uWSGI worker 3 (pid: 2621800, cores: 1)
Oct 17 16:21:26.065107 podb-esxi207 devstack@n-api.service[2621797]: spawned uWSGI worker 4 (pid: 2621801, cores: 1)
Oct 17 16:21:26.065107 podb-esxi207 devstack@n-api.service[2621797]: running "unix_signal:15 gracefully_kill_them_all" (master-start)...
Oct 17 16:21:29.232515 podb-esxi207 devstack@n-api.service[2621801]: WSGI app 0 (mountpoint='') ready in 3 seconds on interpreter 0x55cbc9b58390 pid: 2621801 (default app)
Oct 17 16:21:29.235926 podb-esxi207 devstack@n-api.service[2621798]: WSGI app 0 (mountpoint='') ready in 3 seconds on interpreter 0x55cbc9b58390 pid: 2621798 (default app)
Oct 17 16:21:29.238513 podb-esxi207 devstack@n-api.service[2621801]: [pid: 2621801|app: 0|req: 1/1] 172.25.66.207 () {50 vars in 792 bytes} [Fri Oct 17 16:21:29 2025] GET /compute/v2.1/ => generated 391 bytes in 5 msecs (HTTP/1.1 200) 9 headers in 357 bytes (1 switches on core 0)
Oct 17 16:21:29.264562 podb-esxi207 devstack@n-api.service[2621800]: WSGI app 0 (mountpoint='') ready in 3 seconds on interpreter 0x55cbc9b58390 pid: 2621800 (default app)
Oct 17 16:21:29.296695 podb-esxi207 devstack@n-api.service[2621799]: WSGI app 0 (mountpoint='') ready in 3 seconds on interpreter 0x55cbc9b58390 pid: 2621799 (default app)
Oct 17 16:22:41.447139 podb-esxi207 devstack@n-api.service[2621798]: [pid: 2621798|app: 0|req: 1/2] 172.25.66.207 () {54 vars in 935 bytes} [Fri Oct 17 16:22:41 2025] GET /compute/v2.1 => generated 391 bytes in 14 msecs (HTTP/1.1 200) 9 headers in 357 bytes (1 switches on core 0)
Oct 17 16:22:42.129536 podb-esxi207 devstack@n-api.service[2621801]: [pid: 2621801|app: 0|req: 2/3] 172.25.66.207 () {60 vars in 1296 bytes} [Fri Oct 17 16:22:41 2025] GET /compute/v2.1/flavors/detail?is_public=True => generated 15 bytes in 678 msecs (HTTP/1.1 200) 9 headers in 358 bytes (1 switches on core 0)
Oct 17 16:22:43.625792 podb-esxi207 devstack@n-api.service[2621800]: [pid: 2621800|app: 0|req: 1/4] 172.25.66.207 () {54 vars in 935 bytes} [Fri Oct 17 16:22:43 2025] GET /compute/v2.1 => generated 391 bytes in 14 msecs (HTTP/1.1 200) 9 headers in 357 bytes (1 switches on core 0)
Oct 17 16:22:44.326442 podb-esxi207 devstack@n-api.service[2621799]: [pid: 2621799|app: 0|req: 1/5] 172.25.66.207 () {64 vars in 1287 bytes} [Fri Oct 17 16:22:43 2025] POST /compute/v2.1/flavors => generated 411 bytes in 697 msecs (HTTP/1.1 200) 9 headers in 359 bytes (1 switches on core 0)
Oct 17 16:22:44.496408 podb-esxi207 devstack@n-api.service[2621798]: [pid: 2621798|app: 0|req: 2/6] 172.25.66.207 () {64 vars in 1340 bytes} [Fri Oct 17 16:22:44 2025] POST /compute/v2.1/flavors/c1/os-extra_specs => generated 43 bytes in 157 msecs (HTTP/1.1 200) 9 headers in 358 bytes (1 switches on core 0)
Oct 17 16:22:45.989229 podb-esxi207 devstack@n-api.service[2621801]: [pid: 2621801|app: 0|req: 3/7] 172.25.66.207 () {54 vars in 935 bytes} [Fri Oct 17 16:22:45 2025] GET /compute/v2.1 => generated 391 bytes in 12 msecs (HTTP/1.1 200) 9 headers in 357 bytes (1 switches on core 0)
Oct 17 16:22:46.687484 podb-esxi207 devstack@n-api.service[2621800]: [pid: 2621800|app: 0|req: 2/8] 172.25.66.207 () {64 vars in 1287 bytes} [Fri Oct 17 16:22:45 2025] POST /compute/v2.1/flavors => generated 408 bytes in 694 msecs (HTTP/1.1 200) 9 headers in 359 bytes (1 switches on core 0)
Oct 17 16:22:46.742074 podb-esxi207 devstack@n-api.service[2621799]: [pid: 2621799|app: 0|req: 2/9] 172.25.66.207 () {64 vars in 1340 bytes} [Fri Oct 17 16:22:46 2025] POST /compute/v2.1/flavors/d1/os-extra_specs => generated 43 bytes in 47 msecs (HTTP/1.1 200) 9 headers in 358 bytes (1 switches on core 0)
Oct 17 16:22:48.336621 podb-esxi207 devstack@n-api.service[2621798]: [pid: 2621798|app: 0|req: 3/10] 172.25.66.207 () {54 vars in 935 bytes} [Fri Oct 17 16:22:48 2025] GET /compute/v2.1 => generated 391 bytes in 12 msecs (HTTP/1.1 200) 9 headers in 357 bytes (1 switches on core 0)
Oct 17 16:22:48.681615 podb-esxi207 devstack@n-api.service[2621801]: [pid: 2621801|app: 0|req: 4/11] 172.25.66.207 () {64 vars in 1287 bytes} [Fri Oct 17 16:22:48 2025] POST /compute/v2.1/flavors => generated 408 bytes in 336 msecs (HTTP/1.1 200) 9 headers in 359 bytes (1 switches on core 0)
Oct 17 16:22:48.755641 podb-esxi207 devstack@n-api.service[2621800]: [pid: 2621800|app: 0|req: 3/12] 172.25.66.207 () {64 vars in 1340 bytes} [Fri Oct 17 16:22:48 2025] POST /compute/v2.1/flavors/d2/os-extra_specs => generated 43 bytes in 61 msecs (HTTP/1.1 200) 9 headers in 358 bytes (1 switches on core 0)
Oct 17 16:22:50.237311 podb-esxi207 devstack@n-api.service[2621799]: [pid: 2621799|app: 0|req: 3/13] 172.25.66.207 () {54 vars in 935 bytes} [Fri Oct 17 16:22:50 2025] GET /compute/v2.1 => generated 391 bytes in 12 msecs (HTTP/1.1 200) 9 headers in 357 bytes (1 switches on core 0)
Oct 17 16:22:50.806534 podb-esxi207 devstack@n-api.service[2621798]: [pid: 2621798|app: 0|req: 4/14] 172.25.66.207 () {64 vars in 1287 bytes} [Fri Oct 17 16:22:50 2025] POST /compute/v2.1/flavors => generated 408 bytes in 565 msecs (HTTP/1.1 200) 9 headers in 359 bytes (1 switches on core 0)
Oct 17 16:22:50.867965 podb-esxi207 devstack@n-api.service[2621801]: [pid: 2621801|app: 0|req: 5/15] 172.25.66.207 () {64 vars in 1340 bytes} [Fri Oct 17 16:22:50 2025] POST /compute/v2.1/flavors/d3/os-extra_specs => generated 43 bytes in 48 msecs (HTTP/1.1 200) 9 headers in 358 bytes (1 switches on core 0)
Oct 17 16:22:52.389616 podb-esxi207 devstack@n-api.service[2621800]: [pid: 2621800|app: 0|req: 4/16] 172.25.66.207 () {54 vars in 935 bytes} [Fri Oct 17 16:22:52 2025] GET /compute/v2.1 => generated 391 bytes in 12 msecs (HTTP/1.1 200) 9 headers in 357 bytes (1 switches on core 0)
Oct 17 16:22:52.656530 podb-esxi207 devstack@n-api.service[2621799]: [pid: 2621799|app: 0|req: 4/17] 172.25.66.207 () {64 vars in 1287 bytes} [Fri Oct 17 16:22:52 2025] POST /compute/v2.1/flavors => generated 408 bytes in 263 msecs (HTTP/1.1 200) 9 headers in 359 bytes (1 switches on core 0)
Oct 17 16:22:52.705830 podb-esxi207 devstack@n-api.service[2621798]: [pid: 2621798|app: 0|req: 5/18] 172.25.66.207 () {64 vars in 1340 bytes} [Fri Oct 17 16:22:52 2025] POST /compute/v2.1/flavors/d4/os-extra_specs => generated 43 bytes in 37 msecs (HTTP/1.1 200) 9 headers in 358 bytes (1 switches on core 0)
Oct 17 16:22:54.252922 podb-esxi207 devstack@n-api.service[2621801]: [pid: 2621801|app: 0|req: 6/19] 172.25.66.207 () {54 vars in 935 bytes} [Fri Oct 17 16:22:54 2025] GET /compute/v2.1 => generated 391 bytes in 12 msecs (HTTP/1.1 200) 9 headers in 357 bytes (1 switches on core 0)
Oct 17 16:22:54.607136 podb-esxi207 devstack@n-api.service[2621800]: [pid: 2621800|app: 0|req: 5/20] 172.25.66.207 () {60 vars in 1296 bytes} [Fri Oct 17 16:22:54 2025] GET /compute/v2.1/flavors/detail?is_public=True => generated 2126 bytes in 350 msecs (HTTP/1.1 200) 9 headers in 360 bytes (1 switches on core 0)
Oct 17 16:22:56.133071 podb-esxi207 devstack@n-api.service[2621799]: [pid: 2621799|app: 0|req: 5/21] 172.25.66.207 () {54 vars in 935 bytes} [Fri Oct 17 16:22:56 2025] GET /compute/v2.1 => generated 391 bytes in 12 msecs (HTTP/1.1 200) 9 headers in 357 bytes (1 switches on core 0)
Oct 17 16:22:56.451284 podb-esxi207 devstack@n-api.service[2621798]: [pid: 2621798|app: 0|req: 6/22] 172.25.66.207 () {64 vars in 1287 bytes} [Fri Oct 17 16:22:56 2025] POST /compute/v2.1/flavors => generated 406 bytes in 314 msecs (HTTP/1.1 200) 9 headers in 359 bytes (1 switches on core 0)
Oct 17 16:22:56.498894 podb-esxi207 devstack@n-api.service[2621801]: [pid: 2621801|app: 0|req: 7/23] 172.25.66.207 () {64 vars in 1337 bytes} [Fri Oct 17 16:22:56 2025] POST /compute/v2.1/flavors/1/os-extra_specs => generated 43 bytes in 36 msecs (HTTP/1.1 200) 9 headers in 358 bytes (1 switches on core 0)
Oct 17 16:22:58.009298 podb-esxi207 devstack@n-api.service[2621800]: [pid: 2621800|app: 0|req: 6/24] 172.25.66.207 () {54 vars in 935 bytes} [Fri Oct 17 16:22:57 2025] GET /compute/v2.1 => generated 391 bytes in 11 msecs (HTTP/1.1 200) 9 headers in 357 bytes (1 switches on core 0)
Oct 17 16:22:58.348909 podb-esxi207 devstack@n-api.service[2621799]: [pid: 2621799|app: 0|req: 6/25] 172.25.66.207 () {64 vars in 1287 bytes} [Fri Oct 17 16:22:58 2025] POST /compute/v2.1/flavors => generated 409 bytes in 335 msecs (HTTP/1.1 200) 9 headers in 359 bytes (1 switches on core 0)
Oct 17 16:22:58.399884 podb-esxi207 devstack@n-api.service[2621798]: [pid: 2621798|app: 0|req: 7/26] 172.25.66.207 () {64 vars in 1337 bytes} [Fri Oct 17 16:22:58 2025] POST /compute/v2.1/flavors/2/os-extra_specs => generated 43 bytes in 39 msecs (HTTP/1.1 200) 9 headers in 358 bytes (1 switches on core 0)
Oct 17 16:22:59.930779 podb-esxi207 devstack@n-api.service[2621801]: [pid: 2621801|app: 0|req: 8/27] 172.25.66.207 () {54 vars in 935 bytes} [Fri Oct 17 16:22:59 2025] GET /compute/v2.1 => generated 391 bytes in 5 msecs (HTTP/1.1 200) 9 headers in 357 bytes (2 switches on core 0)
Oct 17 16:23:00.265922 podb-esxi207 devstack@n-api.service[2621800]: [pid: 2621800|app: 0|req: 7/28] 172.25.66.207 () {64 vars in 1287 bytes} [Fri Oct 17 16:22:59 2025] POST /compute/v2.1/flavors => generated 410 bytes in 331 msecs (HTTP/1.1 200) 9 headers in 359 bytes (1 switches on core 0)
Oct 17 16:23:00.317408 podb-esxi207 devstack@n-api.service[2621799]: [pid: 2621799|app: 0|req: 7/29] 172.25.66.207 () {64 vars in 1337 bytes} [Fri Oct 17 16:23:00 2025] POST /compute/v2.1/flavors/3/os-extra_specs => generated 43 bytes in 39 msecs (HTTP/1.1 200) 9 headers in 358 bytes (1 switches on core 0)
Oct 17 16:23:01.756727 podb-esxi207 devstack@n-api.service[2621798]: [pid: 2621798|app: 0|req: 8/30] 172.25.66.207 () {54 vars in 935 bytes} [Fri Oct 17 16:23:01 2025] GET /compute/v2.1 => generated 391 bytes in 11 msecs (HTTP/1.1 200) 9 headers in 357 bytes (1 switches on core 0)
Oct 17 16:23:02.092238 podb-esxi207 devstack@n-api.service[2621801]: [pid: 2621801|app: 0|req: 9/31] 172.25.66.207 () {64 vars in 1287 bytes} [Fri Oct 17 16:23:01 2025] POST /compute/v2.1/flavors => generated 409 bytes in 331 msecs (HTTP/1.1 200) 9 headers in 359 bytes (1 switches on core 0)
Oct 17 16:23:02.151259 podb-esxi207 devstack@n-api.service[2621800]: [pid: 2621800|app: 0|req: 8/32] 172.25.66.207 () {64 vars in 1337 bytes} [Fri Oct 17 16:23:02 2025] POST /compute/v2.1/flavors/4/os-extra_specs => generated 43 bytes in 46 msecs (HTTP/1.1 200) 9 headers in 358 bytes (1 switches on core 0)
Oct 17 16:23:03.573750 podb-esxi207 devstack@n-api.service[2621799]: [pid: 2621799|app: 0|req: 8/33] 172.25.66.207 () {54 vars in 935 bytes} [Fri Oct 17 16:23:03 2025] GET /compute/v2.1 => generated 391 bytes in 12 msecs (HTTP/1.1 200) 9 headers in 357 bytes (1 switches on core 0)
Oct 17 16:23:03.938578 podb-esxi207 devstack@n-api.service[2621798]: [pid: 2621798|app: 0|req: 9/34] 172.25.66.207 () {64 vars in 1287 bytes} [Fri Oct 17 16:23:03 2025] POST /compute/v2.1/flavors => generated 412 bytes in 361 msecs (HTTP/1.1 200) 9 headers in 359 bytes (1 switches on core 0)
Oct 17 16:23:03.997819 podb-esxi207 devstack@n-api.service[2621801]: [pid: 2621801|app: 0|req: 10/35] 172.25.66.207 () {64 vars in 1337 bytes} [Fri Oct 17 16:23:03 2025] POST /compute/v2.1/flavors/5/os-extra_specs => generated 43 bytes in 47 msecs (HTTP/1.1 200) 9 headers in 358 bytes (1 switches on core 0)
Oct 17 16:23:15.648836 podb-esxi207 devstack@n-api.service[2621800]: [pid: 2621800|app: 0|req: 9/36] 172.25.66.207 () {54 vars in 935 bytes} [Fri Oct 17 16:23:15 2025] GET /compute/v2.1 => generated 391 bytes in 11 msecs (HTTP/1.1 200) 9 headers in 357 bytes (1 switches on core 0)
Oct 17 16:23:15.997277 podb-esxi207 devstack@n-api.service[2621799]: [pid: 2621799|app: 0|req: 9/37] 172.25.66.207 () {60 vars in 1333 bytes} [Fri Oct 17 16:23:15 2025] GET /compute/v2.1/os-services?binary=nova-compute&host=podb-esxi207 => generated 255 bytes in 345 msecs (HTTP/1.1 200) 9 headers in 359 bytes (1 switches on core 0)
Oct 17 16:23:43.248743 podb-esxi207 devstack@n-api.service[2621798]: [pid: 2621798|app: 0|req: 10/38] 172.25.66.207 () {54 vars in 935 bytes} [Fri Oct 17 16:23:43 2025] GET /compute/v2.1 => generated 391 bytes in 12 msecs (HTTP/1.1 200) 9 headers in 357 bytes (1 switches on core 0)
Oct 17 16:23:43.597093 podb-esxi207 devstack@n-api.service[2621801]: [pid: 2621801|app: 0|req: 11/39] 172.25.66.207 () {60 vars in 1296 bytes} [Fri Oct 17 16:23:43 2025] GET /compute/v2.1/flavors/detail?is_public=True => generated 4242 bytes in 344 msecs (HTTP/1.1 200) 9 headers in 360 bytes (1 switches on core 0)
Oct 17 16:23:47.199204 podb-esxi207 devstack@n-api.service[2621800]: [pid: 2621800|app: 0|req: 10/40] 172.25.66.207 () {54 vars in 935 bytes} [Fri Oct 17 16:23:47 2025] GET /compute/v2.1 => generated 391 bytes in 13 msecs (HTTP/1.1 200) 9 headers in 357 bytes (1 switches on core 0)
Oct 17 16:23:47.567316 podb-esxi207 devstack@n-api.service[2621799]: [pid: 2621799|app: 0|req: 10/41] 172.25.66.207 () {64 vars in 1287 bytes} [Fri Oct 17 16:23:47 2025] POST /compute/v2.1/flavors => generated 409 bytes in 359 msecs (HTTP/1.1 200) 9 headers in 359 bytes (1 switches on core 0)
Oct 17 16:23:47.620748 podb-esxi207 devstack@n-api.service[2621798]: [pid: 2621798|app: 0|req: 11/42] 172.25.66.207 () {64 vars in 1340 bytes} [Fri Oct 17 16:23:47 2025] POST /compute/v2.1/flavors/42/os-extra_specs => generated 43 bytes in 41 msecs (HTTP/1.1 200) 9 headers in 358 bytes (1 switches on core 0)
Oct 17 16:23:51.128775 podb-esxi207 devstack@n-api.service[2621801]: [pid: 2621801|app: 0|req: 12/43] 172.25.66.207 () {54 vars in 935 bytes} [Fri Oct 17 16:23:51 2025] GET /compute/v2.1 => generated 391 bytes in 11 msecs (HTTP/1.1 200) 9 headers in 357 bytes (1 switches on core 0)
Oct 17 16:23:51.495573 podb-esxi207 devstack@n-api.service[2621800]: [pid: 2621800|app: 0|req: 11/44] 172.25.66.207 () {64 vars in 1287 bytes} [Fri Oct 17 16:23:51 2025] POST /compute/v2.1/flavors => generated 410 bytes in 363 msecs (HTTP/1.1 200) 9 headers in 359 bytes (1 switches on core 0)
Oct 17 16:23:51.556022 podb-esxi207 devstack@n-api.service[2621799]: [pid: 2621799|app: 0|req: 11/45] 172.25.66.207 () {64 vars in 1340 bytes} [Fri Oct 17 16:23:51 2025] POST /compute/v2.1/flavors/84/os-extra_specs => generated 43 bytes in 48 msecs (HTTP/1.1 200) 9 headers in 358 bytes (1 switches on core 0)
Oct 17 16:30:13.473987 podb-esxi207 devstack@n-api.service[2621798]: [pid: 2621798|app: 0|req: 12/46] 172.25.66.207 () {54 vars in 935 bytes} [Fri Oct 17 16:30:13 2025] GET /compute/v2.1 => generated 391 bytes in 12 msecs (HTTP/1.1 200) 9 headers in 357 bytes (1 switches on core 0)
Oct 17 16:30:13.669105 podb-esxi207 devstack@n-api.service[2621801]: [pid: 2621801|app: 0|req: 13/47] 172.25.66.207 () {60 vars in 1294 bytes} [Fri Oct 17 16:30:13 2025] GET /compute/v2.1/servers/detail?deleted=False => generated 15 bytes in 185 msecs (HTTP/1.1 200) 9 headers in 358 bytes (1 switches on core 0)
Oct 17 16:30:54.524705 podb-esxi207 devstack@n-api.service[2621799]: [pid: 2621799|app: 0|req: 12/48] 172.25.66.207 () {60 vars in 1163 bytes} [Fri Oct 17 16:30:54 2025] POST /compute/v2.1/os-keypairs => generated 386 bytes in 244 msecs (HTTP/1.1 200) 9 headers in 357 bytes (1 switches on core 0)
Oct 17 16:30:54.933461 podb-esxi207 devstack@n-api.service[2621800]: [pid: 2621800|app: 0|req: 12/49] 172.25.66.207 () {60 vars in 1151 bytes} [Fri Oct 17 16:30:53 2025] POST /compute/v2.1/servers => generated 384 bytes in 1148 msecs (HTTP/1.1 202) 10 headers in 453 bytes (1 switches on core 0)
Oct 17 16:30:55.220639 podb-esxi207 devstack@n-api.service[2621798]: [pid: 2621798|app: 0|req: 13/50] 172.25.66.207 () {58 vars in 1240 bytes} [Fri Oct 17 16:30:54 2025] GET /compute/v2.1/servers/48b465ec-c8bc-4937-8399-e5773d83a69d => generated 1224 bytes in 277 msecs (HTTP/1.1 200) 9 headers in 358 bytes (1 switches on core 0)
Oct 17 16:30:56.815725 podb-esxi207 devstack@n-api.service[2621799]: [pid: 2621799|app: 0|req: 13/51] 172.25.66.207 () {58 vars in 1240 bytes} [Fri Oct 17 16:30:56 2025] GET /compute/v2.1/servers/48b465ec-c8bc-4937-8399-e5773d83a69d => generated 1228 bytes in 568 msecs (HTTP/1.1 200) 9 headers in 358 bytes (1 switches on core 0)
Oct 17 16:30:57.166113 podb-esxi207 devstack@n-api.service[2621801]: [pid: 2621801|app: 0|req: 14/52] 172.25.66.207 () {60 vars in 1151 bytes} [Fri Oct 17 16:30:55 2025] POST /compute/v2.1/servers => generated 409 bytes in 1283 msecs (HTTP/1.1 202) 10 headers in 453 bytes (1 switches on core 0)
Oct 17 16:30:57.310897 podb-esxi207 devstack@n-api.service[2621800]: [pid: 2621800|app: 0|req: 13/53] 172.25.66.207 () {58 vars in 1240 bytes} [Fri Oct 17 16:30:57 2025] GET /compute/v2.1/servers/79b48ef1-d437-41b9-affb-492a4f0f21b2 => generated 1251 bytes in 135 msecs (HTTP/1.1 200) 9 headers in 358 bytes (1 switches on core 0)
Oct 17 16:30:57.986916 podb-esxi207 devstack@n-api.service[2621798]: [pid: 2621798|app: 0|req: 14/54] 172.25.66.207 () {58 vars in 1240 bytes} [Fri Oct 17 16:30:57 2025] GET /compute/v2.1/servers/48b465ec-c8bc-4937-8399-e5773d83a69d => generated 1276 bytes in 145 msecs (HTTP/1.1 200) 9 headers in 358 bytes (1 switches on core 0)
Oct 17 16:30:58.174958 podb-esxi207 devstack@n-api.service[2621799]: [pid: 2621799|app: 0|req: 14/55] 172.25.66.207 () {60 vars in 1163 bytes} [Fri Oct 17 16:30:58 2025] POST /compute/v2.1/os-keypairs => generated 385 bytes in 157 msecs (HTTP/1.1 200) 9 headers in 357 bytes (1 switches on core 0)
Oct 17 16:30:58.532235 podb-esxi207 devstack@n-api.service[2621801]: [pid: 2621801|app: 0|req: 15/56] 172.25.66.207 () {58 vars in 1240 bytes} [Fri Oct 17 16:30:58 2025] GET /compute/v2.1/servers/79b48ef1-d437-41b9-affb-492a4f0f21b2 => generated 1255 bytes in 193 msecs (HTTP/1.1 200) 9 headers in 358 bytes (1 switches on core 0)
Oct 17 16:30:59.428370 podb-esxi207 devstack@n-api.service[2621800]: [pid: 2621800|app: 0|req: 14/57] 172.25.66.207 () {58 vars in 1240 bytes} [Fri Oct 17 16:30:59 2025] GET /compute/v2.1/servers/48b465ec-c8bc-4937-8399-e5773d83a69d => generated 1276 bytes in 413 msecs (HTTP/1.1 200) 9 headers in 358 bytes (1 switches on core 0)
Oct 17 16:30:59.655077 podb-esxi207 devstack@n-api.service[2621798]: [pid: 2621798|app: 0|req: 15/58] 172.25.66.207 () {58 vars in 1240 bytes} [Fri Oct 17 16:30:59 2025] GET /compute/v2.1/servers/79b48ef1-d437-41b9-affb-492a4f0f21b2 => generated 1247 bytes in 96 msecs (HTTP/1.1 200) 9 headers in 358 bytes (1 switches on core 0)
Oct 17 16:31:00.481904 podb-esxi207 devstack@n-api.service[2621799]: [pid: 2621799|app: 0|req: 15/59] 172.25.66.207 () {60 vars in 1151 bytes} [Fri Oct 17 16:30:59 2025] POST /compute/v2.1/servers => generated 410 bytes in 816 msecs (HTTP/1.1 202) 10 headers in 453 bytes (1 switches on core 0)
Oct 17 16:31:00.558093 podb-esxi207 devstack@n-api.service[2621801]: [pid: 2621801|app: 0|req: 16/60] 172.25.66.207 () {58 vars in 1240 bytes} [Fri Oct 17 16:31:00 2025] GET /compute/v2.1/servers/48b465ec-c8bc-4937-8399-e5773d83a69d => generated 1284 bytes in 105 msecs (HTTP/1.1 200) 9 headers in 358 bytes (1 switches on core 0)
Oct 17 16:31:00.587512 podb-esxi207 devstack@n-api.service[2621800]: [pid: 2621800|app: 0|req: 15/61] 172.25.66.207 () {58 vars in 1240 bytes} [Fri Oct 17 16:31:00 2025] GET /compute/v2.1/servers/5335d2f8-99cd-4d47-8c3f-88c347add444 => generated 1250 bytes in 95 msecs (HTTP/1.1 200) 9 headers in 358 bytes (1 switches on core 0)
Oct 17 16:31:00.928107 podb-esxi207 devstack@n-api.service[2621798]: [pid: 2621798|app: 0|req: 16/62] 172.25.66.207 () {58 vars in 1240 bytes} [Fri Oct 17 16:31:00 2025] GET /compute/v2.1/servers/79b48ef1-d437-41b9-affb-492a4f0f21b2 => generated 1303 bytes in 246 msecs (HTTP/1.1 200) 9 headers in 358 bytes (1 switches on core 0)
Oct 17 16:31:01.716627 podb-esxi207 devstack@n-api.service[2621801]: [pid: 2621801|app: 0|req: 17/63] 172.25.66.207 () {58 vars in 1240 bytes} [Fri Oct 17 16:31:01 2025] GET /compute/v2.1/servers/5335d2f8-99cd-4d47-8c3f-88c347add444 => generated 1254 bytes in 111 msecs (HTTP/1.1 200) 9 headers in 358 bytes (1 switches on core 0)
Oct 17 16:31:01.835540 podb-esxi207 devstack@n-api.service[2621799]: [pid: 2621799|app: 0|req: 16/64] 172.25.66.207 () {58 vars in 1240 bytes} [Fri Oct 17 16:31:01 2025] GET /compute/v2.1/servers/48b465ec-c8bc-4937-8399-e5773d83a69d => generated 1336 bytes in 251 msecs (HTTP/1.1 200) 9 headers in 358 bytes (1 switches on core 0)
Oct 17 16:31:02.063408 podb-esxi207 devstack@n-api.service[2621800]: [pid: 2621800|app: 0|req: 16/65] 172.25.66.207 () {58 vars in 1240 bytes} [Fri Oct 17 16:31:01 2025] GET /compute/v2.1/servers/79b48ef1-d437-41b9-affb-492a4f0f21b2 => generated 1311 bytes in 111 msecs (HTTP/1.1 200) 9 headers in 358 bytes (1 switches on core 0)
Oct 17 16:31:02.735713 podb-esxi207 devstack@n-api.service[2621798]: [pid: 2621798|app: 0|req: 17/66] 172.25.66.207 () {64 vars in 1321 bytes} [Fri Oct 17 16:31:02 2025] POST /compute/v2.1/os-server-external-events => generated 179 bytes in 346 msecs (HTTP/1.1 200) 9 headers in 357 bytes (1 switches on core 0)
Oct 17 16:31:02.846593 podb-esxi207 devstack@n-api.service[2621801]: [pid: 2621801|app: 0|req: 18/67] 172.25.66.207 () {58 vars in 1240 bytes} [Fri Oct 17 16:31:02 2025] GET /compute/v2.1/servers/5335d2f8-99cd-4d47-8c3f-88c347add444 => generated 1246 bytes in 105 msecs (HTTP/1.1 200) 9 headers in 358 bytes (1 switches on core 0)
Oct 17 16:31:03.011304 podb-esxi207 devstack@n-api.service[2621799]: [pid: 2621799|app: 0|req: 17/68] 172.25.66.207 () {58 vars in 1240 bytes} [Fri Oct 17 16:31:02 2025] GET /compute/v2.1/servers/48b465ec-c8bc-4937-8399-e5773d83a69d => generated 1324 bytes in 157 msecs (HTTP/1.1 200) 9 headers in 358 bytes (1 switches on core 0)
Oct 17 16:31:03.195360 podb-esxi207 devstack@n-api.service[2621800]: [pid: 2621800|app: 0|req: 17/69] 172.25.66.207 () {58 vars in 1240 bytes} [Fri Oct 17 16:31:03 2025] GET /compute/v2.1/servers/79b48ef1-d437-41b9-affb-492a4f0f21b2 => generated 1311 bytes in 111 msecs (HTTP/1.1 200) 9 headers in 358 bytes (1 switches on core 0)
Oct 17 16:31:03.991700 podb-esxi207 devstack@n-api.service[2621798]: [pid: 2621798|app: 0|req: 18/70] 172.25.66.207 () {58 vars in 1240 bytes} [Fri Oct 17 16:31:03 2025] GET /compute/v2.1/servers/5335d2f8-99cd-4d47-8c3f-88c347add444 => generated 1302 bytes in 119 msecs (HTTP/1.1 200) 9 headers in 358 bytes (1 switches on core 0)
Oct 17 16:31:04.290885 podb-esxi207 devstack@n-api.service[2621801]: [pid: 2621801|app: 0|req: 19/71] 172.25.66.207 () {58 vars in 1240 bytes} [Fri Oct 17 16:31:04 2025] GET /compute/v2.1/servers/48b465ec-c8bc-4937-8399-e5773d83a69d => generated 1324 bytes in 250 msecs (HTTP/1.1 200) 9 headers in 358 bytes (1 switches on core 0)
Oct 17 16:31:04.443016 podb-esxi207 devstack@n-api.service[2621799]: [pid: 2621799|app: 0|req: 18/72] 172.25.66.207 () {58 vars in 1240 bytes} [Fri Oct 17 16:31:04 2025] GET /compute/v2.1/servers/79b48ef1-d437-41b9-affb-492a4f0f21b2 => generated 1388 bytes in 221 msecs (HTTP/1.1 200) 9 headers in 358 bytes (1 switches on core 0)
Oct 17 16:31:04.843874 podb-esxi207 devstack@n-api.service[2621800]: [pid: 2621800|app: 0|req: 18/73] 172.25.66.207 () {64 vars in 1321 bytes} [Fri Oct 17 16:31:04 2025] POST /compute/v2.1/os-server-external-events => generated 179 bytes in 78 msecs (HTTP/1.1 200) 9 headers in 357 bytes (1 switches on core 0)
Oct 17 16:31:05.116353 podb-esxi207 devstack@n-api.service[2621798]: [pid: 2621798|app: 0|req: 19/74] 172.25.66.207 () {58 vars in 1240 bytes} [Fri Oct 17 16:31:05 2025] GET /compute/v2.1/servers/5335d2f8-99cd-4d47-8c3f-88c347add444 => generated 1302 bytes in 99 msecs (HTTP/1.1 200) 9 headers in 358 bytes (1 switches on core 0)
Oct 17 16:31:05.509276 podb-esxi207 devstack@n-api.service[2621801]: [pid: 2621801|app: 0|req: 20/75] 172.25.66.207 () {58 vars in 1240 bytes} [Fri Oct 17 16:31:05 2025] GET /compute/v2.1/servers/48b465ec-c8bc-4937-8399-e5773d83a69d => generated 1324 bytes in 192 msecs (HTTP/1.1 200) 9 headers in 358 bytes (1 switches on core 0)
Oct 17 16:31:05.640014 podb-esxi207 devstack@n-api.service[2621799]: [pid: 2621799|app: 0|req: 19/76] 172.25.66.207 () {58 vars in 1240 bytes} [Fri Oct 17 16:31:05 2025] GET /compute/v2.1/servers/79b48ef1-d437-41b9-affb-492a4f0f21b2 => generated 1376 bytes in 172 msecs (HTTP/1.1 200) 9 headers in 358 bytes (1 switches on core 0)
Oct 17 16:31:06.261351 podb-esxi207 devstack@n-api.service[2621800]: [pid: 2621800|app: 0|req: 19/77] 172.25.66.207 () {58 vars in 1240 bytes} [Fri Oct 17 16:31:06 2025] GET /compute/v2.1/servers/5335d2f8-99cd-4d47-8c3f-88c347add444 => generated 1310 bytes in 119 msecs (HTTP/1.1 200) 9 headers in 358 bytes (1 switches on core 0)
Oct 17 16:31:06.708884 podb-esxi207 devstack@n-api.service[2621798]: [pid: 2621798|app: 0|req: 20/78] 172.25.66.207 () {58 vars in 1240 bytes} [Fri Oct 17 16:31:06 2025] GET /compute/v2.1/servers/48b465ec-c8bc-4937-8399-e5773d83a69d => generated 1324 bytes in 172 msecs (HTTP/1.1 200) 9 headers in 358 bytes (1 switches on core 0)
Oct 17 16:31:06.903577 podb-esxi207 devstack@n-api.service[2621801]: [pid: 2621801|app: 0|req: 21/79] 172.25.66.207 () {58 vars in 1240 bytes} [Fri Oct 17 16:31:06 2025] GET /compute/v2.1/servers/79b48ef1-d437-41b9-affb-492a4f0f21b2 => generated 1376 bytes in 237 msecs (HTTP/1.1 200) 9 headers in 358 bytes (1 switches on core 0)
Oct 17 16:31:07.559831 podb-esxi207 devstack@n-api.service[2621799]: [pid: 2621799|app: 0|req: 20/80] 172.25.66.207 () {58 vars in 1240 bytes} [Fri Oct 17 16:31:07 2025] GET /compute/v2.1/servers/5335d2f8-99cd-4d47-8c3f-88c347add444 => generated 1378 bytes in 272 msecs (HTTP/1.1 200) 9 headers in 358 bytes (1 switches on core 0)
Oct 17 16:31:07.648472 podb-esxi207 devstack@n-api.service[2621800]: [pid: 2621800|app: 0|req: 20/81] 172.25.66.207 () {64 vars in 1321 bytes} [Fri Oct 17 16:31:07 2025] POST /compute/v2.1/os-server-external-events => generated 179 bytes in 107 msecs (HTTP/1.1 200) 9 headers in 357 bytes (1 switches on core 0)
Oct 17 16:31:07.717895 podb-esxi207 devstack@n-api.service[2621798]: [pid: 2621798|app: 0|req: 21/82] 172.25.66.207 () {64 vars in 1321 bytes} [Fri Oct 17 16:31:07 2025] POST /compute/v2.1/os-server-external-events => generated 183 bytes in 94 msecs (HTTP/1.1 200) 9 headers in 357 bytes (1 switches on core 0)
Oct 17 16:31:07.927009 podb-esxi207 devstack@n-api.service[2621801]: [pid: 2621801|app: 0|req: 22/83] 172.25.66.207 () {58 vars in 1240 bytes} [Fri Oct 17 16:31:07 2025] GET /compute/v2.1/servers/48b465ec-c8bc-4937-8399-e5773d83a69d => generated 1324 bytes in 191 msecs (HTTP/1.1 200) 9 headers in 358 bytes (1 switches on core 0)
Oct 17 16:31:08.155304 podb-esxi207 devstack@n-api.service[2621799]: [pid: 2621799|app: 0|req: 21/84] 172.25.66.207 () {58 vars in 1240 bytes} [Fri Oct 17 16:31:07 2025] GET /compute/v2.1/servers/79b48ef1-d437-41b9-affb-492a4f0f21b2 => generated 1376 bytes in 225 msecs (HTTP/1.1 200) 9 headers in 358 bytes (1 switches on core 0)
Oct 17 16:31:08.783162 podb-esxi207 devstack@n-api.service[2621800]: [pid: 2621800|app: 0|req: 21/85] 172.25.66.207 () {58 vars in 1240 bytes} [Fri Oct 17 16:31:08 2025] GET /compute/v2.1/servers/5335d2f8-99cd-4d47-8c3f-88c347add444 => generated 1376 bytes in 197 msecs (HTTP/1.1 200) 9 headers in 358 bytes (1 switches on core 0)
Oct 17 16:31:09.146515 podb-esxi207 devstack@n-api.service[2621798]: [pid: 2621798|app: 0|req: 22/86] 172.25.66.207 () {58 vars in 1240 bytes} [Fri Oct 17 16:31:08 2025] GET /compute/v2.1/servers/48b465ec-c8bc-4937-8399-e5773d83a69d => generated 1324 bytes in 207 msecs (HTTP/1.1 200) 9 headers in 358 bytes (1 switches on core 0)
Oct 17 16:31:09.362920 podb-esxi207 devstack@n-api.service[2621801]: [pid: 2621801|app: 0|req: 23/87] 172.25.66.207 () {58 vars in 1240 bytes} [Fri Oct 17 16:31:09 2025] GET /compute/v2.1/servers/79b48ef1-d437-41b9-affb-492a4f0f21b2 => generated 1376 bytes in 183 msecs (HTTP/1.1 200) 9 headers in 358 bytes (1 switches on core 0)
Oct 17 16:31:09.997238 podb-esxi207 devstack@n-api.service[2621799]: [pid: 2621799|app: 0|req: 22/88] 172.25.66.207 () {58 vars in 1240 bytes} [Fri Oct 17 16:31:09 2025] GET /compute/v2.1/servers/5335d2f8-99cd-4d47-8c3f-88c347add444 => generated 1376 bytes in 188 msecs (HTTP/1.1 200) 9 headers in 358 bytes (1 switches on core 0)
Oct 17 16:31:10.378358 podb-esxi207 devstack@n-api.service[2621800]: [pid: 2621800|app: 0|req: 22/89] 172.25.66.207 () {58 vars in 1240 bytes} [Fri Oct 17 16:31:10 2025] GET /compute/v2.1/servers/48b465ec-c8bc-4937-8399-e5773d83a69d => generated 1324 bytes in 206 msecs (HTTP/1.1 200) 9 headers in 358 bytes (1 switches on core 0)
Oct 17 16:31:10.561644 podb-esxi207 devstack@n-api.service[2621798]: [pid: 2621798|app: 0|req: 23/90] 172.25.66.207 () {58 vars in 1240 bytes} [Fri Oct 17 16:31:10 2025] GET /compute/v2.1/servers/79b48ef1-d437-41b9-affb-492a4f0f21b2 => generated 1376 bytes in 172 msecs (HTTP/1.1 200) 9 headers in 358 bytes (1 switches on core 0)
Oct 17 16:31:10.746251 podb-esxi207 devstack@n-api.service[2621801]: [pid: 2621801|app: 0|req: 24/91] 172.25.66.207 () {64 vars in 1321 bytes} [Fri Oct 17 16:31:10 2025] POST /compute/v2.1/os-server-external-events => generated 183 bytes in 104 msecs (HTTP/1.1 200) 9 headers in 357 bytes (1 switches on core 0)
Oct 17 16:31:11.195704 podb-esxi207 devstack@n-api.service[2621799]: [pid: 2621799|app: 0|req: 23/92] 172.25.66.207 () {58 vars in 1240 bytes} [Fri Oct 17 16:31:11 2025] GET /compute/v2.1/servers/5335d2f8-99cd-4d47-8c3f-88c347add444 => generated 1376 bytes in 178 msecs (HTTP/1.1 200) 9 headers in 358 bytes (1 switches on core 0)
Oct 17 16:31:11.610738 podb-esxi207 devstack@n-api.service[2621800]: [pid: 2621800|app: 0|req: 23/93] 172.25.66.207 () {58 vars in 1240 bytes} [Fri Oct 17 16:31:11 2025] GET /compute/v2.1/servers/48b465ec-c8bc-4937-8399-e5773d83a69d => generated 1324 bytes in 208 msecs (HTTP/1.1 200) 9 headers in 358 bytes (1 switches on core 0)
Oct 17 16:31:11.758688 podb-esxi207 devstack@n-api.service[2621798]: [pid: 2621798|app: 0|req: 24/94] 172.25.66.207 () {58 vars in 1240 bytes} [Fri Oct 17 16:31:11 2025] GET /compute/v2.1/servers/79b48ef1-d437-41b9-affb-492a4f0f21b2 => generated 1376 bytes in 186 msecs (HTTP/1.1 200) 9 headers in 358 bytes (1 switches on core 0)
Oct 17 16:31:12.454938 podb-esxi207 devstack@n-api.service[2621801]: [pid: 2621801|app: 0|req: 25/95] 172.25.66.207 () {58 vars in 1240 bytes} [Fri Oct 17 16:31:12 2025] GET /compute/v2.1/servers/5335d2f8-99cd-4d47-8c3f-88c347add444 => generated 1376 bytes in 239 msecs (HTTP/1.1 200) 9 headers in 358 bytes (1 switches on core 0)
Oct 17 16:31:12.812173 podb-esxi207 devstack@n-api.service[2621799]: [pid: 2621799|app: 0|req: 24/96] 172.25.66.207 () {58 vars in 1240 bytes} [Fri Oct 17 16:31:12 2025] GET /compute/v2.1/servers/48b465ec-c8bc-4937-8399-e5773d83a69d => generated 1509 bytes in 175 msecs (HTTP/1.1 200) 9 headers in 358 bytes (1 switches on core 0)
Oct 17 16:31:12.857053 podb-esxi207 devstack@n-api.service[2621798]: [pid: 2621798|app: 0|req: 25/97] 172.25.66.207 () {64 vars in 1321 bytes} [Fri Oct 17 16:31:12 2025] POST /compute/v2.1/os-server-external-events => generated 183 bytes in 40 msecs (HTTP/1.1 200) 9 headers in 357 bytes (1 switches on core 0)
Oct 17 16:31:12.975922 podb-esxi207 devstack@n-api.service[2621800]: [pid: 2621800|app: 0|req: 24/98] 172.25.66.207 () {58 vars in 1240 bytes} [Fri Oct 17 16:31:12 2025] GET /compute/v2.1/servers/79b48ef1-d437-41b9-affb-492a4f0f21b2 => generated 1376 bytes in 193 msecs (HTTP/1.1 200) 9 headers in 358 bytes (1 switches on core 0)
Oct 17 16:31:13.634955 podb-esxi207 devstack@n-api.service[2621801]: [pid: 2621801|app: 0|req: 26/99] 172.25.66.207 () {58 vars in 1240 bytes} [Fri Oct 17 16:31:13 2025] GET /compute/v2.1/servers/5335d2f8-99cd-4d47-8c3f-88c347add444 => generated 1376 bytes in 153 msecs (HTTP/1.1 200) 9 headers in 358 bytes (1 switches on core 0)
Oct 17 16:31:14.158658 podb-esxi207 devstack@n-api.service[2621799]: [pid: 2621799|app: 0|req: 25/100] 172.25.66.207 () {58 vars in 1240 bytes} [Fri Oct 17 16:31:14 2025] GET /compute/v2.1/servers/79b48ef1-d437-41b9-affb-492a4f0f21b2 => generated 1560 bytes in 158 msecs (HTTP/1.1 200) 9 headers in 358 bytes (1 switches on core 0)
Oct 17 16:31:14.360123 podb-esxi207 devstack@n-api.service[2621798]: [pid: 2621798|app: 0|req: 26/101] 172.25.66.207 () {58 vars in 1279 bytes} [Fri Oct 17 16:31:14 2025] GET /compute/v2.1/servers/79b48ef1-d437-41b9-affb-492a4f0f21b2/os-interface => generated 282 bytes in 185 msecs (HTTP/1.1 200) 9 headers in 357 bytes (1 switches on core 0)
Oct 17 16:31:14.950787 podb-esxi207 devstack@n-api.service[2621800]: [pid: 2621800|app: 0|req: 25/102] 172.25.66.207 () {58 vars in 1240 bytes} [Fri Oct 17 16:31:14 2025] GET /compute/v2.1/servers/5335d2f8-99cd-4d47-8c3f-88c347add444 => generated 1376 bytes in 295 msecs (HTTP/1.1 200) 9 headers in 358 bytes (1 switches on core 0)
Oct 17 16:31:15.353134 podb-esxi207 devstack@n-api.service[2621801]: [pid: 2621801|app: 0|req: 27/103] 172.25.66.207 () {64 vars in 1321 bytes} [Fri Oct 17 16:31:15 2025] POST /compute/v2.1/os-server-external-events => generated 179 bytes in 89 msecs (HTTP/1.1 200) 9 headers in 357 bytes (1 switches on core 0)
Oct 17 16:31:16.134596 podb-esxi207 devstack@n-api.service[2621799]: [pid: 2621799|app: 0|req: 26/104] 172.25.66.207 () {58 vars in 1240 bytes} [Fri Oct 17 16:31:15 2025] GET /compute/v2.1/servers/5335d2f8-99cd-4d47-8c3f-88c347add444 => generated 1563 bytes in 157 msecs (HTTP/1.1 200) 9 headers in 358 bytes (1 switches on core 0)
Oct 17 16:31:16.296644 podb-esxi207 devstack@n-api.service[2621798]: [pid: 2621798|app: 0|req: 27/105] 172.25.66.207 () {58 vars in 1279 bytes} [Fri Oct 17 16:31:16 2025] GET /compute/v2.1/servers/5335d2f8-99cd-4d47-8c3f-88c347add444/os-interface => generated 282 bytes in 138 msecs (HTTP/1.1 200) 9 headers in 357 bytes (1 switches on core 0)
Oct 17 16:31:17.358339 podb-esxi207 devstack@n-api.service[2621800]: [pid: 2621800|app: 0|req: 26/106] 172.25.66.207 () {64 vars in 1321 bytes} [Fri Oct 17 16:31:17 2025] POST /compute/v2.1/os-server-external-events => generated 179 bytes in 72 msecs (HTTP/1.1 200) 9 headers in 357 bytes (1 switches on core 0)
Oct 17 16:31:17.654416 podb-esxi207 devstack@n-api.service[2621801]: [pid: 2621801|app: 0|req: 28/107] 172.25.66.207 () {60 vars in 1437 bytes} [Fri Oct 17 16:31:17 2025] PUT /compute/v2.1/servers/48b465ec-c8bc-4937-8399-e5773d83a69d/os-volume_attachments/f9abe599-6e93-44ea-8a95-75c84423c7dc => generated 109 bytes in 193 msecs (HTTP/1.1 404) 9 headers in 379 bytes (1 switches on core 0)
Oct 17 16:31:23.418889 podb-esxi207 devstack@n-api.service[2621799]: [pid: 2621799|app: 0|req: 27/108] 172.25.66.207 () {58 vars in 1243 bytes} [Fri Oct 17 16:31:23 2025] DELETE /compute/v2.1/servers/48b465ec-c8bc-4937-8399-e5773d83a69d => generated 0 bytes in 219 msecs (HTTP/1.1 204) 9 headers in 363 bytes (1 switches on core 0)
Oct 17 16:31:23.630678 podb-esxi207 devstack@n-api.service[2621798]: [pid: 2621798|app: 0|req: 28/109] 172.25.66.207 () {58 vars in 1240 bytes} [Fri Oct 17 16:31:23 2025] GET /compute/v2.1/servers/48b465ec-c8bc-4937-8399-e5773d83a69d => generated 1515 bytes in 207 msecs (HTTP/1.1 200) 9 headers in 358 bytes (2 switches on core 0)
Oct 17 16:31:24.836450 podb-esxi207 devstack@n-api.service[2621800]: [pid: 2621800|app: 0|req: 27/110] 172.25.66.207 () {58 vars in 1240 bytes} [Fri Oct 17 16:31:24 2025] GET /compute/v2.1/servers/48b465ec-c8bc-4937-8399-e5773d83a69d => generated 1515 bytes in 182 msecs (HTTP/1.1 200) 9 headers in 358 bytes (1 switches on core 0)
Oct 17 16:31:26.016942 podb-esxi207 devstack@n-api.service[2621801]: [pid: 2621801|app: 0|req: 29/111] 172.25.66.207 () {58 vars in 1240 bytes} [Fri Oct 17 16:31:25 2025] GET /compute/v2.1/servers/48b465ec-c8bc-4937-8399-e5773d83a69d => generated 1515 bytes in 156 msecs (HTTP/1.1 200) 9 headers in 358 bytes (1 switches on core 0)
Oct 17 16:31:26.416451 podb-esxi207 devstack@n-api.service[2621799]: [pid: 2621799|app: 0|req: 28/112] 172.25.66.207 () {64 vars in 1321 bytes} [Fri Oct 17 16:31:26 2025] POST /compute/v2.1/os-server-external-events => generated 183 bytes in 63 msecs (HTTP/1.1 200) 9 headers in 357 bytes (1 switches on core 0)
Oct 17 16:31:27.138924 podb-esxi207 devstack@n-api.service[2621798]: [pid: 2621798|app: 0|req: 29/113] 172.25.66.207 () {58 vars in 1240 bytes} [Fri Oct 17 16:31:27 2025] GET /compute/v2.1/servers/48b465ec-c8bc-4937-8399-e5773d83a69d => generated 1305 bytes in 102 msecs (HTTP/1.1 200) 9 headers in 358 bytes (1 switches on core 0)
Oct 17 16:31:28.273313 podb-esxi207 devstack@n-api.service[2621800]: [pid: 2621800|app: 0|req: 28/114] 172.25.66.207 () {58 vars in 1240 bytes} [Fri Oct 17 16:31:28 2025] GET /compute/v2.1/servers/48b465ec-c8bc-4937-8399-e5773d83a69d => generated 1310 bytes in 110 msecs (HTTP/1.1 200) 9 headers in 358 bytes (1 switches on core 0)
Oct 17 16:31:29.394788 podb-esxi207 devstack@n-api.service[2621801]: [pid: 2621801|app: 0|req: 30/115] 172.25.66.207 () {58 vars in 1240 bytes} [Fri Oct 17 16:31:29 2025] GET /compute/v2.1/servers/48b465ec-c8bc-4937-8399-e5773d83a69d => generated 1310 bytes in 98 msecs (HTTP/1.1 200) 9 headers in 358 bytes (1 switches on core 0)
Oct 17 16:31:30.462092 podb-esxi207 devstack@n-api.service[2621799]: [pid: 2621799|app: 0|req: 29/116] 172.25.66.207 () {58 vars in 1240 bytes} [Fri Oct 17 16:31:30 2025] GET /compute/v2.1/servers/48b465ec-c8bc-4937-8399-e5773d83a69d => generated 111 bytes in 45 msecs (HTTP/1.1 404) 9 headers in 379 bytes (1 switches on core 0)
Oct 17 16:31:39.456914 podb-esxi207 devstack@n-api.service[2621798]: [pid: 2621798|app: 0|req: 30/117] 172.25.66.207 () {62 vars in 1204 bytes} [Fri Oct 17 16:31:39 2025] POST /compute/v2.1/os-keypairs => generated 401 bytes in 221 msecs (HTTP/1.1 201) 9 headers in 364 bytes (1 switches on core 0)
Oct 17 16:31:41.863733 podb-esxi207 devstack@n-api.service[2621800]: [pid: 2621800|app: 0|req: 29/118] 172.25.66.207 () {62 vars in 1204 bytes} [Fri Oct 17 16:31:41 2025] POST /compute/v2.1/os-keypairs => generated 400 bytes in 82 msecs (HTTP/1.1 201) 9 headers in 364 bytes (1 switches on core 0)
Oct 17 16:31:45.434232 podb-esxi207 devstack@n-api.service[2621801]: [pid: 2621801|app: 0|req: 31/119] 172.25.66.207 () {62 vars in 1193 bytes} [Fri Oct 17 16:31:43 2025] POST /compute/v2.1/servers => generated 410 bytes in 2366 msecs (HTTP/1.1 202) 10 headers in 455 bytes (1 switches on core 0)
Oct 17 16:31:45.520023 podb-esxi207 devstack@n-api.service[2621799]: [pid: 2621799|app: 0|req: 30/120] 172.25.66.207 () {60 vars in 1281 bytes} [Fri Oct 17 16:31:45 2025] GET /compute/v2.1/servers/6f806fc0-ebcc-4ac4-9453-3d36f9af5cdb => generated 1290 bytes in 75 msecs (HTTP/1.1 200) 9 headers in 360 bytes (1 switches on core 0)
Oct 17 16:31:46.637775 podb-esxi207 devstack@n-api.service[2621798]: [pid: 2621798|app: 0|req: 31/121] 172.25.66.207 () {60 vars in 1281 bytes} [Fri Oct 17 16:31:46 2025] GET /compute/v2.1/servers/6f806fc0-ebcc-4ac4-9453-3d36f9af5cdb => generated 1290 bytes in 90 msecs (HTTP/1.1 200) 9 headers in 360 bytes (1 switches on core 0)
Oct 17 16:31:47.799756 podb-esxi207 devstack@n-api.service[2621800]: [pid: 2621800|app: 0|req: 30/122] 172.25.66.207 () {60 vars in 1281 bytes} [Fri Oct 17 16:31:47 2025] GET /compute/v2.1/servers/6f806fc0-ebcc-4ac4-9453-3d36f9af5cdb => generated 1524 bytes in 138 msecs (HTTP/1.1 200) 9 headers in 360 bytes (1 switches on core 0)
Oct 17 16:31:48.954699 podb-esxi207 devstack@n-api.service[2621801]: [pid: 2621801|app: 0|req: 32/123] 172.25.66.207 () {60 vars in 1281 bytes} [Fri Oct 17 16:31:48 2025] GET /compute/v2.1/servers/6f806fc0-ebcc-4ac4-9453-3d36f9af5cdb => generated 1580 bytes in 126 msecs (HTTP/1.1 200) 9 headers in 360 bytes (1 switches on core 0)
Oct 17 16:31:50.159581 podb-esxi207 devstack@n-api.service[2621799]: [pid: 2621799|app: 0|req: 31/124] 172.25.66.207 () {60 vars in 1281 bytes} [Fri Oct 17 16:31:49 2025] GET /compute/v2.1/servers/6f806fc0-ebcc-4ac4-9453-3d36f9af5cdb => generated 1580 bytes in 176 msecs (HTTP/1.1 200) 9 headers in 360 bytes (1 switches on core 0)
Oct 17 16:31:51.502253 podb-esxi207 devstack@n-api.service[2621798]: [pid: 2621798|app: 0|req: 32/125] 172.25.66.207 () {60 vars in 1281 bytes} [Fri Oct 17 16:31:51 2025] GET /compute/v2.1/servers/6f806fc0-ebcc-4ac4-9453-3d36f9af5cdb => generated 1656 bytes in 313 msecs (HTTP/1.1 200) 9 headers in 360 bytes (1 switches on core 0)
Oct 17 16:31:52.841522 podb-esxi207 devstack@n-api.service[2621800]: [pid: 2621800|app: 0|req: 31/126] 172.25.66.207 () {60 vars in 1281 bytes} [Fri Oct 17 16:31:52 2025] GET /compute/v2.1/servers/6f806fc0-ebcc-4ac4-9453-3d36f9af5cdb => generated 1797 bytes in 310 msecs (HTTP/1.1 200) 9 headers in 360 bytes (1 switches on core 0)
Oct 17 16:31:53.425305 podb-esxi207 devstack@n-api.service[2621801]: [pid: 2621801|app: 0|req: 33/127] 172.25.66.207 () {64 vars in 1321 bytes} [Fri Oct 17 16:31:53 2025] POST /compute/v2.1/os-server-external-events => generated 179 bytes in 51 msecs (HTTP/1.1 200) 9 headers in 357 bytes (1 switches on core 0)
Oct 17 16:31:54.053641 podb-esxi207 devstack@n-api.service[2621799]: [pid: 2621799|app: 0|req: 32/128] 172.25.66.207 () {60 vars in 1281 bytes} [Fri Oct 17 16:31:53 2025] GET /compute/v2.1/servers/6f806fc0-ebcc-4ac4-9453-3d36f9af5cdb => generated 1854 bytes in 184 msecs (HTTP/1.1 200) 9 headers in 360 bytes (1 switches on core 0)
Oct 17 16:31:55.384241 podb-esxi207 devstack@n-api.service[2621798]: [pid: 2621798|app: 0|req: 33/129] 172.25.66.207 () {60 vars in 1281 bytes} [Fri Oct 17 16:31:55 2025] GET /compute/v2.1/servers/6f806fc0-ebcc-4ac4-9453-3d36f9af5cdb => generated 1896 bytes in 302 msecs (HTTP/1.1 200) 9 headers in 360 bytes (1 switches on core 0)
Oct 17 16:31:55.481695 podb-esxi207 devstack@n-api.service[2621800]: [pid: 2621800|app: 0|req: 32/130] 172.25.66.207 () {64 vars in 1321 bytes} [Fri Oct 17 16:31:55 2025] POST /compute/v2.1/os-server-external-events => generated 346 bytes in 42 msecs (HTTP/1.1 200) 9 headers in 357 bytes (1 switches on core 0)
Oct 17 16:31:56.729049 podb-esxi207 devstack@n-api.service[2621801]: [pid: 2621801|app: 0|req: 34/131] 172.25.66.207 () {60 vars in 1281 bytes} [Fri Oct 17 16:31:56 2025] GET /compute/v2.1/servers/6f806fc0-ebcc-4ac4-9453-3d36f9af5cdb => generated 1896 bytes in 315 msecs (HTTP/1.1 200) 9 headers in 360 bytes (1 switches on core 0)
Oct 17 16:31:57.547489 podb-esxi207 devstack@n-api.service[2621798]: [pid: 2621798|app: 0|req: 34/132] 172.25.66.207 () {64 vars in 1321 bytes} [Fri Oct 17 16:31:57 2025] POST /compute/v2.1/os-server-external-events => generated 346 bytes in 49 msecs (HTTP/1.1 200) 9 headers in 357 bytes (1 switches on core 0)
Oct 17 16:31:57.998752 podb-esxi207 devstack@n-api.service[2621801]: [pid: 2621801|app: 0|req: 35/133] 172.25.66.207 () {60 vars in 1281 bytes} [Fri Oct 17 16:31:57 2025] GET /compute/v2.1/servers/6f806fc0-ebcc-4ac4-9453-3d36f9af5cdb => generated 1896 bytes in 240 msecs (HTTP/1.1 200) 9 headers in 360 bytes (1 switches on core 0)
Oct 17 16:31:58.239660 podb-esxi207 devstack@n-api.service[2621799]: [pid: 2621799|app: 0|req: 33/134] 172.25.66.207 () {62 vars in 1192 bytes} [Fri Oct 17 16:31:57 2025] POST /compute/v2.1/servers => generated 412 bytes in 776 msecs (HTTP/1.1 202) 10 headers in 455 bytes (1 switches on core 0)
Oct 17 16:31:58.350593 podb-esxi207 devstack@n-api.service[2621798]: [pid: 2621798|app: 0|req: 35/135] 172.25.66.207 () {60 vars in 1281 bytes} [Fri Oct 17 16:31:58 2025] GET /compute/v2.1/servers/1e949e57-9f78-4b4f-b277-9b42f1448d36 => generated 1340 bytes in 101 msecs (HTTP/1.1 200) 9 headers in 360 bytes (1 switches on core 0)
Oct 17 16:31:59.249891 podb-esxi207 devstack@n-api.service[2621801]: [pid: 2621801|app: 0|req: 36/136] 172.25.66.207 () {60 vars in 1281 bytes} [Fri Oct 17 16:31:59 2025] GET /compute/v2.1/servers/6f806fc0-ebcc-4ac4-9453-3d36f9af5cdb => generated 1896 bytes in 216 msecs (HTTP/1.1 200) 9 headers in 360 bytes (1 switches on core 0)
Oct 17 16:31:59.419799 podb-esxi207 devstack@n-api.service[2621799]: [pid: 2621799|app: 0|req: 34/137] 172.25.66.207 () {64 vars in 1321 bytes} [Fri Oct 17 16:31:59 2025] POST /compute/v2.1/os-server-external-events => generated 179 bytes in 46 msecs (HTTP/1.1 200) 9 headers in 357 bytes (1 switches on core 0)
Oct 17 16:31:59.505016 podb-esxi207 devstack@n-api.service[2621798]: [pid: 2621798|app: 0|req: 36/138] 172.25.66.207 () {60 vars in 1281 bytes} [Fri Oct 17 16:31:59 2025] GET /compute/v2.1/servers/1e949e57-9f78-4b4f-b277-9b42f1448d36 => generated 1421 bytes in 118 msecs (HTTP/1.1 200) 9 headers in 360 bytes (1 switches on core 0)
Oct 17 16:31:59.604642 podb-esxi207 devstack@n-api.service[2621801]: [pid: 2621801|app: 0|req: 37/139] 172.25.66.207 () {64 vars in 1321 bytes} [Fri Oct 17 16:31:59 2025] POST /compute/v2.1/os-server-external-events => generated 179 bytes in 43 msecs (HTTP/1.1 200) 9 headers in 357 bytes (1 switches on core 0)
Oct 17 16:31:59.939025 podb-esxi207 devstack@n-api.service[2621800]: [pid: 2621800|app: 0|req: 33/140] 172.25.66.207 () {60 vars in 1327 bytes} [Fri Oct 17 16:31:57 2025] POST /compute/v2.1/servers/79b48ef1-d437-41b9-affb-492a4f0f21b2/os-volume_attachments => generated 194 bytes in 2341 msecs (HTTP/1.1 200) 9 headers in 357 bytes (1 switches on core 0)
Oct 17 16:32:00.567399 podb-esxi207 devstack@n-api.service[2621799]: [pid: 2621799|app: 0|req: 35/141] 172.25.66.207 () {60 vars in 1281 bytes} [Fri Oct 17 16:32:00 2025] GET /compute/v2.1/servers/6f806fc0-ebcc-4ac4-9453-3d36f9af5cdb => generated 1896 bytes in 289 msecs (HTTP/1.1 200) 9 headers in 360 bytes (1 switches on core 0)
Oct 17 16:32:00.651331 podb-esxi207 devstack@n-api.service[2621798]: [pid: 2621798|app: 0|req: 37/142] 172.25.66.207 () {60 vars in 1281 bytes} [Fri Oct 17 16:32:00 2025] GET /compute/v2.1/servers/1e949e57-9f78-4b4f-b277-9b42f1448d36 => generated 1469 bytes in 118 msecs (HTTP/1.1 200) 9 headers in 360 bytes (1 switches on core 0)
Oct 17 16:32:01.803435 podb-esxi207 devstack@n-api.service[2621800]: [pid: 2621800|app: 0|req: 34/143] 172.25.66.207 () {60 vars in 1281 bytes} [Fri Oct 17 16:32:01 2025] GET /compute/v2.1/servers/1e949e57-9f78-4b4f-b277-9b42f1448d36 => generated 1469 bytes in 123 msecs (HTTP/1.1 200) 9 headers in 360 bytes (1 switches on core 0)
