node.session.err_timeo.abort_timeout = 15
node.session.err_timeo.lu_reset_timeout = 30
node.session.err_timeo.tgt_reset_timeout = 30
node.session.err_timeo.host_reset_timeout = 60
node.session.iscsi.FastAbort = Yes
node.session.iscsi.InitialR2T = No
node.session.iscsi.ImmediateData = Yes
node.session.iscsi.FirstBurstLength = 262144
node.session.iscsi.MaxBurstLength = 16776192
node.session.iscsi.DefaultTime2Retain = 0
node.session.iscsi.DefaultTime2Wait = 2
node.session.iscsi.MaxConnections = 1
node.session.iscsi.MaxOutstandingR2T = 1
node.session.iscsi.ERL = 0
node.session.scan = manual
node.session.reopen_max = 0
node.conn[0].address = 172.25.59.221
node.conn[0].port = 3260
node.conn[0].startup = manual
node.conn[0].tcp.window_size = 524288
node.conn[0].tcp.type_of_service = 0
node.conn[0].timeo.logout_timeout = 15
node.conn[0].timeo.login_timeout = 15
node.conn[0].timeo.auth_timeout = 45
node.conn[0].timeo.noop_out_interval = 5
node.conn[0].timeo.noop_out_timeout = 5
node.conn[0].iscsi.MaxXmitDataSegmentLength = 0
node.conn[0].iscsi.MaxRecvDataSegmentLength = 262144
node.conn[0].iscsi.HeaderDigest = None
node.conn[0].iscsi.DataDigest = None
node.conn[0].iscsi.IFMarker = No
node.conn[0].iscsi.OFMarker = No
# END RECORD
 stderr= [00;33m{{(pid=1110460) _run_iscsiadm /opt/stack/data/venv/lib/python3.10/site-packages/os_brick/initiator/connectors/iscsi.py:1065}}[00m
2025-10-14 20:26:52.111 1133886 DEBUG oslo_concurrency.processutils [-] Running cmd (subprocess): iscsiadm -m node -T iqn.2016-04.com.open-iscsi:d78edfece0b6.hbsd-target -p 172.25.59.221:3260 --op update -n node.session.scan -v manual [00;33m{{(pid=1133886) execute /opt/stack/data/venv/lib/python3.10/site-packages/oslo_concurrency/processutils.py:349}}[00m
2025-10-14 20:26:52.135 1133886 DEBUG oslo_concurrency.processutils [-] CMD "iscsiadm -m node -T iqn.2016-04.com.open-iscsi:d78edfece0b6.hbsd-target -p 172.25.59.221:3260 --op update -n node.session.scan -v manual" returned: 0 in 0.024s [00;33m{{(pid=1133886) execute /opt/stack/data/venv/lib/python3.10/site-packages/oslo_concurrency/processutils.py:372}}[00m
2025-10-14 20:26:52.136 1133886 DEBUG oslo.privsep.daemon [-] privsep: reply[3828e49f-540b-44c4-9318-36870f32cba9]: (4, ('', '')) [00;33m{{(pid=1133886) _call_back /opt/stack/data/venv/lib/python3.10/site-packages/oslo_privsep/daemon.py:503}}[00m
2025-10-14 20:26:52.138 1110460 DEBUG os_brick.initiator.connectors.iscsi [req-d1217c95-872d-48a8-b8ca-1989ad83439f f4fab97ea8d043ee8794bacab5335228 18f213bda78e419798c7fdc79e98d70d - - default default] iscsiadm ('--op', 'update', '-n', 'node.session.scan', '-v', 'manual'): stdout= stderr= [00;33m{{(pid=1110460) _run_iscsiadm /opt/stack/data/venv/lib/python3.10/site-packages/os_brick/initiator/connectors/iscsi.py:1065}}[00m
2025-10-14 20:26:52.140 1133886 DEBUG oslo_concurrency.processutils [-] Running cmd (subprocess): iscsiadm -m session [00;33m{{(pid=1133886) execute /opt/stack/data/venv/lib/python3.10/site-packages/oslo_concurrency/processutils.py:349}}[00m
2025-10-14 20:26:52.162 1133886 DEBUG oslo_concurrency.processutils [-] CMD "iscsiadm -m session" returned: 0 in 0.023s [00;33m{{(pid=1133886) execute /opt/stack/data/venv/lib/python3.10/site-packages/oslo_concurrency/processutils.py:372}}[00m
2025-10-14 20:26:52.163 1133886 DEBUG oslo.privsep.daemon [-] privsep: reply[b02a2443-daaa-4439-ba33-334f3eb13757]: (4, ('tcp: [32] 172.25.59.221:3260,257 iqn.2016-04.com.open-iscsi:d78edfece0b6.hbsd-target (non-flash)\n', '')) [00;33m{{(pid=1133886) _call_back /opt/stack/data/venv/lib/python3.10/site-packages/oslo_privsep/daemon.py:503}}[00m
2025-10-14 20:26:52.165 1110460 DEBUG os_brick.initiator.connectors.iscsi [req-d1217c95-872d-48a8-b8ca-1989ad83439f f4fab97ea8d043ee8794bacab5335228 18f213bda78e419798c7fdc79e98d70d - - default default] iscsiadm ('-m', 'session'): stdout=tcp: [32] 172.25.59.221:3260,257 iqn.2016-04.com.open-iscsi:d78edfece0b6.hbsd-target (non-flash)
 stderr= [00;33m{{(pid=1110460) _run_iscsiadm_bare /opt/stack/data/venv/lib/python3.10/site-packages/os_brick/initiator/connectors/iscsi.py:1221}}[00m
2025-10-14 20:26:52.166 1110460 DEBUG os_brick.initiator.connectors.iscsi [req-d1217c95-872d-48a8-b8ca-1989ad83439f f4fab97ea8d043ee8794bacab5335228 18f213bda78e419798c7fdc79e98d70d - - default default] iscsi session list stdout=tcp: [32] 172.25.59.221:3260,257 iqn.2016-04.com.open-iscsi:d78edfece0b6.hbsd-target (non-flash)
 stderr= [00;33m{{(pid=1110460) _run_iscsi_session /opt/stack/data/venv/lib/python3.10/site-packages/os_brick/initiator/connectors/iscsi.py:1210}}[00m
2025-10-14 20:26:52.168 1110460 DEBUG os_brick.initiator.connectors.base [req-d1217c95-872d-48a8-b8ca-1989ad83439f f4fab97ea8d043ee8794bacab5335228 18f213bda78e419798c7fdc79e98d70d - - default default] Lock "connect_to_iscsi_portal-172.25.59.221:3260-iqn.2016-04.com.open-iscsi:d78edfece0b6.hbsd-target" "released" by "os_brick.initiator.connectors.iscsi.ISCSIConnector._connect_to_iscsi_portal_unsafe" :: held 0.091s [00;33m{{(pid=1110460) inner /opt/stack/data/venv/lib/python3.10/site-packages/os_brick/initiator/connectors/base.py:87}}[00m
2025-10-14 20:26:52.169 1110460 DEBUG os_brick.initiator.connectors.iscsi [req-d1217c95-872d-48a8-b8ca-1989ad83439f f4fab97ea8d043ee8794bacab5335228 18f213bda78e419798c7fdc79e98d70d - - default default] Connected to 172.25.59.221:3260 [00;33m{{(pid=1110460) _connect_vol /opt/stack/data/venv/lib/python3.10/site-packages/os_brick/initiator/connectors/iscsi.py:659}}[00m
2025-10-14 20:26:52.170 1110460 DEBUG os_brick.initiator.linuxscsi [req-d1217c95-872d-48a8-b8ca-1989ad83439f f4fab97ea8d043ee8794bacab5335228 18f213bda78e419798c7fdc79e98d70d - - default default] HCTL ('33', '0', '0', 1) found on session 32 with lun 1 [00;33m{{(pid=1110460) get_hctl /opt/stack/data/venv/lib/python3.10/site-packages/os_brick/initiator/linuxscsi.py:788}}[00m
2025-10-14 20:26:52.171 1110460 DEBUG os_brick.initiator.linuxscsi [req-d1217c95-872d-48a8-b8ca-1989ad83439f f4fab97ea8d043ee8794bacab5335228 18f213bda78e419798c7fdc79e98d70d - - default default] Scanning host 33 c: 0, t: 0, l: 1) [00;33m{{(pid=1110460) scan_iscsi /opt/stack/data/venv/lib/python3.10/site-packages/os_brick/initiator/linuxscsi.py:814}}[00m
2025-10-14 20:26:52.173 1133886 DEBUG oslo_concurrency.processutils [-] Running cmd (subprocess): tee -a /sys/class/scsi_host/host33/scan [00;33m{{(pid=1133886) execute /opt/stack/data/venv/lib/python3.10/site-packages/oslo_concurrency/processutils.py:349}}[00m
2025-10-14 20:26:52.222 1133886 DEBUG oslo_concurrency.processutils [-] CMD "tee -a /sys/class/scsi_host/host33/scan" returned: 0 in 0.048s [00;33m{{(pid=1133886) execute /opt/stack/data/venv/lib/python3.10/site-packages/oslo_concurrency/processutils.py:372}}[00m
2025-10-14 20:26:52.224 1133886 DEBUG oslo.privsep.daemon [-] privsep: reply[56c56c97-585c-4bed-af00-1d5f7f4d9f52]: (4, ('0 0 1', '')) [00;33m{{(pid=1133886) _call_back /opt/stack/data/venv/lib/python3.10/site-packages/oslo_privsep/daemon.py:503}}[00m
2025-10-14 20:26:52.225 1110460 DEBUG os_brick.initiator.linuxscsi [req-d1217c95-872d-48a8-b8ca-1989ad83439f f4fab97ea8d043ee8794bacab5335228 18f213bda78e419798c7fdc79e98d70d - - default default] Searching for a device in session 32 and hctl ('33', '0', '0', 1) yield: None [00;33m{{(pid=1110460) device_name_by_hctl /opt/stack/data/venv/lib/python3.10/site-packages/os_brick/initiator/linuxscsi.py:808}}[00m
2025-10-14 20:26:53.228 1110460 DEBUG os_brick.initiator.linuxscsi [req-d1217c95-872d-48a8-b8ca-1989ad83439f f4fab97ea8d043ee8794bacab5335228 18f213bda78e419798c7fdc79e98d70d - - default default] Searching for a device in session 32 and hctl ('33', '0', '0', 1) yield: sdc [00;33m{{(pid=1110460) device_name_by_hctl /opt/stack/data/venv/lib/python3.10/site-packages/os_brick/initiator/linuxscsi.py:808}}[00m
2025-10-14 20:26:53.230 1110460 DEBUG os_brick.initiator.connectors.iscsi [req-d1217c95-872d-48a8-b8ca-1989ad83439f f4fab97ea8d043ee8794bacab5335228 18f213bda78e419798c7fdc79e98d70d - - default default] Connected to sdc using {'target_portal': '172.25.59.221:3260', 'target_iqn': 'iqn.2016-04.com.open-iscsi:d78edfece0b6.hbsd-target', 'target_discovered': False, 'target_lun': 1, 'qos_specs': None, 'access_mode': 'rw', 'encrypted': False, 'cacheable': False, 'enforce_multipath': True} [00;33m{{(pid=1110460) _connect_vol /opt/stack/data/venv/lib/python3.10/site-packages/os_brick/initiator/connectors/iscsi.py:687}}[00m
2025-10-14 20:26:53.232 1110460 DEBUG os_brick.initiator.connectors.base [req-d1217c95-872d-48a8-b8ca-1989ad83439f f4fab97ea8d043ee8794bacab5335228 18f213bda78e419798c7fdc79e98d70d - - default default] Lock "connect_volume" "released" by "os_brick.initiator.connectors.iscsi.ISCSIConnector.connect_volume" :: held 1.183s [00;33m{{(pid=1110460) inner /opt/stack/data/venv/lib/python3.10/site-packages/os_brick/initiator/connectors/base.py:87}}[00m
2025-10-14 20:26:53.233 1110460 DEBUG os_brick.initiator.connectors.iscsi [req-d1217c95-872d-48a8-b8ca-1989ad83439f f4fab97ea8d043ee8794bacab5335228 18f213bda78e419798c7fdc79e98d70d - - default default] <== connect_volume: return (1185ms) {'type': 'block', 'scsi_wwn': '360060e8008757e000050757e000055f7', 'path': '/dev/sdc'} [00;33m{{(pid=1110460) trace_logging_wrapper /opt/stack/data/venv/lib/python3.10/site-packages/os_brick/utils.py:204}}[00m
2025-10-14 20:26:53.234 1110460 DEBUG nova.virt.libvirt.volume.iscsi [req-d1217c95-872d-48a8-b8ca-1989ad83439f f4fab97ea8d043ee8794bacab5335228 18f213bda78e419798c7fdc79e98d70d - - default default] [instance: 6abcd405-67b9-4af5-bd03-7fd2ada839e8] Attached iSCSI volume {'type': 'block', 'scsi_wwn': '360060e8008757e000050757e000055f7', 'path': '/dev/sdc'} [00;33m{{(pid=1110460) connect_volume /opt/stack/nova/nova/virt/libvirt/volume/iscsi.py:66}}[00m
2025-10-14 20:26:53.243 1110460 DEBUG nova.objects.instance [req-d1217c95-872d-48a8-b8ca-1989ad83439f f4fab97ea8d043ee8794bacab5335228 18f213bda78e419798c7fdc79e98d70d - - default default] Lazy-loading 'flavor' on Instance uuid 6abcd405-67b9-4af5-bd03-7fd2ada839e8 [00;33m{{(pid=1110460) obj_load_attr /opt/stack/nova/nova/objects/instance.py:1141}}[00m
2025-10-14 20:26:53.756 1110460 DEBUG nova.virt.libvirt.guest [req-d1217c95-872d-48a8-b8ca-1989ad83439f f4fab97ea8d043ee8794bacab5335228 18f213bda78e419798c7fdc79e98d70d - - default default] attach device xml: <disk type="block" device="disk">
  <driver name="qemu" type="raw" cache="none" io="native"/>
  <alias name="ua-d9823b74-ec42-4d8e-ac4b-5864a8326ef5"/>
  <source dev="/dev/sdc"/>
  <target dev="vdc" bus="virtio"/>
  <serial>d9823b74-ec42-4d8e-ac4b-5864a8326ef5</serial>
</disk>
 [00;33m{{(pid=1110460) attach_device /opt/stack/nova/nova/virt/libvirt/guest.py:336}}[00m
2025-10-14 20:26:55.656 1110460 DEBUG nova.virt.libvirt.driver [req-d1217c95-872d-48a8-b8ca-1989ad83439f f4fab97ea8d043ee8794bacab5335228 18f213bda78e419798c7fdc79e98d70d - - default default] No BDM found with device name vda, not building metadata. [00;33m{{(pid=1110460) _build_disk_metadata /opt/stack/nova/nova/virt/libvirt/driver.py:12818}}[00m
2025-10-14 20:26:55.657 1110460 DEBUG nova.virt.libvirt.driver [req-d1217c95-872d-48a8-b8ca-1989ad83439f f4fab97ea8d043ee8794bacab5335228 18f213bda78e419798c7fdc79e98d70d - - default default] No BDM found with device name vdb, not building metadata. [00;33m{{(pid=1110460) _build_disk_metadata /opt/stack/nova/nova/virt/libvirt/driver.py:12818}}[00m
2025-10-14 20:26:55.657 1110460 DEBUG nova.virt.libvirt.driver [req-d1217c95-872d-48a8-b8ca-1989ad83439f f4fab97ea8d043ee8794bacab5335228 18f213bda78e419798c7fdc79e98d70d - - default default] No BDM found with device name vdc, not building metadata. [00;33m{{(pid=1110460) _build_disk_metadata /opt/stack/nova/nova/virt/libvirt/driver.py:12818}}[00m
2025-10-14 20:26:55.658 1110460 DEBUG nova.virt.libvirt.driver [req-d1217c95-872d-48a8-b8ca-1989ad83439f f4fab97ea8d043ee8794bacab5335228 18f213bda78e419798c7fdc79e98d70d - - default default] No VIF found with MAC fa:16:3e:68:eb:59, not building metadata [00;33m{{(pid=1110460) _build_interface_metadata /opt/stack/nova/nova/virt/libvirt/driver.py:12794}}[00m
2025-10-14 20:26:56.588 1110460 DEBUG ovsdbapp.backend.ovs_idl.vlog [-] [POLLIN] on fd 24 [00;33m{{(pid=1110460) __log_wakeup /opt/stack/data/venv/lib/python3.10/site-packages/ovs/poller.py:263}}[00m
2025-10-14 20:26:57.293 1110460 DEBUG oslo_concurrency.lockutils [req-d1217c95-872d-48a8-b8ca-1989ad83439f f4fab97ea8d043ee8794bacab5335228 18f213bda78e419798c7fdc79e98d70d - - default default] Lock "6abcd405-67b9-4af5-bd03-7fd2ada839e8" "released" by "nova.compute.manager.ComputeManager.attach_volume.<locals>.do_attach_volume" :: held 13.753s [00;33m{{(pid=1110460) inner /opt/stack/data/venv/lib/python3.10/site-packages/oslo_concurrency/lockutils.py:424}}[00m
2025-10-14 20:26:58.221 1110460 DEBUG oslo_concurrency.lockutils [req-aba0eb99-8d59-4914-be5c-ec670581a305 f4fab97ea8d043ee8794bacab5335228 18f213bda78e419798c7fdc79e98d70d - - default default] Acquiring lock "6abcd405-67b9-4af5-bd03-7fd2ada839e8" by "nova.compute.manager.ComputeManager.reserve_block_device_name.<locals>.do_reserve" [00;33m{{(pid=1110460) inner /opt/stack/data/venv/lib/python3.10/site-packages/oslo_concurrency/lockutils.py:405}}[00m
2025-10-14 20:26:58.222 1110460 DEBUG oslo_concurrency.lockutils [req-aba0eb99-8d59-4914-be5c-ec670581a305 f4fab97ea8d043ee8794bacab5335228 18f213bda78e419798c7fdc79e98d70d - - default default] Lock "6abcd405-67b9-4af5-bd03-7fd2ada839e8" acquired by "nova.compute.manager.ComputeManager.reserve_block_device_name.<locals>.do_reserve" :: waited 0.001s [00;33m{{(pid=1110460) inner /opt/stack/data/venv/lib/python3.10/site-packages/oslo_concurrency/lockutils.py:410}}[00m
2025-10-14 20:26:58.734 1110460 DEBUG nova.objects.instance [req-aba0eb99-8d59-4914-be5c-ec670581a305 f4fab97ea8d043ee8794bacab5335228 18f213bda78e419798c7fdc79e98d70d - - default default] Lazy-loading 'flavor' on Instance uuid 6abcd405-67b9-4af5-bd03-7fd2ada839e8 [00;33m{{(pid=1110460) obj_load_attr /opt/stack/nova/nova/objects/instance.py:1141}}[00m
2025-10-14 20:26:59.752 1110460 DEBUG oslo_concurrency.lockutils [req-aba0eb99-8d59-4914-be5c-ec670581a305 f4fab97ea8d043ee8794bacab5335228 18f213bda78e419798c7fdc79e98d70d - - default default] Lock "6abcd405-67b9-4af5-bd03-7fd2ada839e8" "released" by "nova.compute.manager.ComputeManager.reserve_block_device_name.<locals>.do_reserve" :: held 1.530s [00;33m{{(pid=1110460) inner /opt/stack/data/venv/lib/python3.10/site-packages/oslo_concurrency/lockutils.py:424}}[00m
2025-10-14 20:27:00.913 1110460 DEBUG oslo_concurrency.lockutils [req-aba0eb99-8d59-4914-be5c-ec670581a305 f4fab97ea8d043ee8794bacab5335228 18f213bda78e419798c7fdc79e98d70d - - default default] Acquiring lock "6abcd405-67b9-4af5-bd03-7fd2ada839e8" by "nova.compute.manager.ComputeManager.attach_volume.<locals>.do_attach_volume" [00;33m{{(pid=1110460) inner /opt/stack/data/venv/lib/python3.10/site-packages/oslo_concurrency/lockutils.py:405}}[00m
2025-10-14 20:27:00.913 1110460 DEBUG oslo_concurrency.lockutils [req-aba0eb99-8d59-4914-be5c-ec670581a305 f4fab97ea8d043ee8794bacab5335228 18f213bda78e419798c7fdc79e98d70d - - default default] Lock "6abcd405-67b9-4af5-bd03-7fd2ada839e8" acquired by "nova.compute.manager.ComputeManager.attach_volume.<locals>.do_attach_volume" :: waited 0.001s [00;33m{{(pid=1110460) inner /opt/stack/data/venv/lib/python3.10/site-packages/oslo_concurrency/lockutils.py:410}}[00m
2025-10-14 20:27:00.914 1110460 INFO nova.compute.manager [req-aba0eb99-8d59-4914-be5c-ec670581a305 f4fab97ea8d043ee8794bacab5335228 18f213bda78e419798c7fdc79e98d70d - - default default] [instance: 6abcd405-67b9-4af5-bd03-7fd2ada839e8] Attaching volume 3815d855-5677-4693-a7c7-e065ce626560 to /dev/vdd
2025-10-14 20:27:01.005 1110460 DEBUG os_brick.utils [req-aba0eb99-8d59-4914-be5c-ec670581a305 f4fab97ea8d043ee8794bacab5335228 18f213bda78e419798c7fdc79e98d70d - - default default] ==> get_connector_properties: call "{'root_helper': 'sudo nova-rootwrap /etc/nova/rootwrap.conf', 'my_ip': '172.25.93.55', 'multipath': False, 'enforce_multipath': True, 'host': 'devstack-u2204-93-55', 'execute': None}" [00;33m{{(pid=1110460) trace_logging_wrapper /opt/stack/data/venv/lib/python3.10/site-packages/os_brick/utils.py:177}}[00m
2025-10-14 20:27:01.007 1133886 DEBUG oslo_concurrency.processutils [-] Running cmd (subprocess): cat /etc/iscsi/initiatorname.iscsi [00;33m{{(pid=1133886) execute /opt/stack/data/venv/lib/python3.10/site-packages/oslo_concurrency/processutils.py:349}}[00m
2025-10-14 20:27:01.022 1133886 DEBUG oslo_concurrency.processutils [-] CMD "cat /etc/iscsi/initiatorname.iscsi" returned: 0 in 0.014s [00;33m{{(pid=1133886) execute /opt/stack/data/venv/lib/python3.10/site-packages/oslo_concurrency/processutils.py:372}}[00m
2025-10-14 20:27:01.023 1133886 DEBUG oslo.privsep.daemon [-] privsep: reply[07e2880f-ee23-405e-9063-f4b104b8c28a]: (4, ('InitiatorName=iqn.2016-04.com.open-iscsi:4dbc42848f6a\n', '')) [00;33m{{(pid=1133886) _call_back /opt/stack/data/venv/lib/python3.10/site-packages/oslo_privsep/daemon.py:503}}[00m
2025-10-14 20:27:01.026 1133886 DEBUG oslo_concurrency.processutils [-] Running cmd (subprocess): findmnt -v / -n -o SOURCE [00;33m{{(pid=1133886) execute /opt/stack/data/venv/lib/python3.10/site-packages/oslo_concurrency/processutils.py:349}}[00m
2025-10-14 20:27:01.046 1133886 DEBUG oslo_concurrency.processutils [-] CMD "findmnt -v / -n -o SOURCE" returned: 0 in 0.020s [00;33m{{(pid=1133886) execute /opt/stack/data/venv/lib/python3.10/site-packages/oslo_concurrency/processutils.py:372}}[00m
2025-10-14 20:27:01.047 1133886 DEBUG oslo.privsep.daemon [-] privsep: reply[657039f4-ee52-41da-aed1-cd68357e69cf]: (4, ('/dev/sda2\n', '')) [00;33m{{(pid=1133886) _call_back /opt/stack/data/venv/lib/python3.10/site-packages/oslo_privsep/daemon.py:503}}[00m
2025-10-14 20:27:01.050 1133886 DEBUG oslo_concurrency.processutils [-] Running cmd (subprocess): blkid /dev/sda2 -s UUID -o value [00;33m{{(pid=1133886) execute /opt/stack/data/venv/lib/python3.10/site-packages/oslo_concurrency/processutils.py:349}}[00m
2025-10-14 20:27:01.069 1133886 DEBUG oslo_concurrency.processutils [-] CMD "blkid /dev/sda2 -s UUID -o value" returned: 0 in 0.018s [00;33m{{(pid=1133886) execute /opt/stack/data/venv/lib/python3.10/site-packages/oslo_concurrency/processutils.py:372}}[00m
2025-10-14 20:27:01.070 1133886 DEBUG oslo.privsep.daemon [-] privsep: reply[7b738a61-485e-4528-9688-e71f1aeb065e]: (4, ('849a1340-77d5-4de3-852c-cf0210ca78af\n', '')) [00;33m{{(pid=1133886) _call_back /opt/stack/data/venv/lib/python3.10/site-packages/oslo_privsep/daemon.py:503}}[00m
2025-10-14 20:27:01.072 1133886 DEBUG oslo.privsep.daemon [-] privsep: reply[d4d6e874-a877-4b63-99cb-25e3a0f25a58]: (4, '89b11b42-6ca2-76fb-88b9-4b0fae22b322') [00;33m{{(pid=1133886) _call_back /opt/stack/data/venv/lib/python3.10/site-packages/oslo_privsep/daemon.py:503}}[00m
2025-10-14 20:27:01.074 1110460 DEBUG oslo_concurrency.processutils [req-aba0eb99-8d59-4914-be5c-ec670581a305 f4fab97ea8d043ee8794bacab5335228 18f213bda78e419798c7fdc79e98d70d - - default default] Running cmd (subprocess): nvme version [00;33m{{(pid=1110460) execute /opt/stack/data/venv/lib/python3.10/site-packages/oslo_concurrency/processutils.py:349}}[00m
2025-10-14 20:27:01.107 1110460 DEBUG oslo_concurrency.processutils [req-aba0eb99-8d59-4914-be5c-ec670581a305 f4fab97ea8d043ee8794bacab5335228 18f213bda78e419798c7fdc79e98d70d - - default default] 'nvme version' failed. Not Retrying. [00;33m{{(pid=1110460) execute /opt/stack/data/venv/lib/python3.10/site-packages/oslo_concurrency/processutils.py:423}}[00m
2025-10-14 20:27:01.110 1110460 DEBUG os_brick.initiator.connectors.nvmeof [req-aba0eb99-8d59-4914-be5c-ec670581a305 f4fab97ea8d043ee8794bacab5335228 18f213bda78e419798c7fdc79e98d70d - - default default] nvme not present on system [00;33m{{(pid=1110460) nvme_present /opt/stack/data/venv/lib/python3.10/site-packages/os_brick/initiator/connectors/nvmeof.py:784}}[00m
2025-10-14 20:27:01.113 1133886 DEBUG oslo_concurrency.processutils [-] Running cmd (subprocess): nvme show-hostnqn [00;33m{{(pid=1133886) execute /opt/stack/data/venv/lib/python3.10/site-packages/oslo_concurrency/processutils.py:349}}[00m
2025-10-14 20:27:01.126 1133886 DEBUG oslo_concurrency.processutils [-] 'nvme show-hostnqn' failed. Not Retrying. [00;33m{{(pid=1133886) execute /opt/stack/data/venv/lib/python3.10/site-packages/oslo_concurrency/processutils.py:423}}[00m
2025-10-14 20:27:01.127 1133886 WARNING os_brick.privileged.nvmeof [-] Could not generate host nqn: [Errno 2] No such file or directory: 'nvme'
2025-10-14 20:27:01.127 1133886 DEBUG oslo.privsep.daemon [-] privsep: reply[2d66ae78-0a8a-4bf9-bbfb-eba84905a9e5]: (4, '') [00;33m{{(pid=1133886) _call_back /opt/stack/data/venv/lib/python3.10/site-packages/oslo_privsep/daemon.py:503}}[00m
2025-10-14 20:27:01.134 1110460 DEBUG os_brick.initiator.connectors.lightos [req-aba0eb99-8d59-4914-be5c-ec670581a305 f4fab97ea8d043ee8794bacab5335228 18f213bda78e419798c7fdc79e98d70d - - default default] LIGHTOS: [Errno 111] ECONNREFUSED [00;33m{{(pid=1110460) find_dsc /opt/stack/data/venv/lib/python3.10/site-packages/os_brick/initiator/connectors/lightos.py:135}}[00m
2025-10-14 20:27:01.137 1110460 INFO os_brick.initiator.connectors.lightos [req-aba0eb99-8d59-4914-be5c-ec670581a305 f4fab97ea8d043ee8794bacab5335228 18f213bda78e419798c7fdc79e98d70d - - default default] Current host hostNQN  and IP(s) are ['172.25.93.55', 'fe80::387c:9d0a:2c22:5c64', '192.168.122.1', '172.24.5.1', 'fe80::c5f:f6ff:feed:3244', 'fe80::fc16:3eff:fe68:eb59'] 
2025-10-14 20:27:01.138 1110460 DEBUG os_brick.initiator.connectors.lightos [req-aba0eb99-8d59-4914-be5c-ec670581a305 f4fab97ea8d043ee8794bacab5335228 18f213bda78e419798c7fdc79e98d70d - - default default] LIGHTOS: did not find dsc, continuing anyway. [00;33m{{(pid=1110460) get_connector_properties /opt/stack/data/venv/lib/python3.10/site-packages/os_brick/initiator/connectors/lightos.py:112}}[00m
2025-10-14 20:27:01.138 1110460 DEBUG os_brick.initiator.connectors.lightos [req-aba0eb99-8d59-4914-be5c-ec670581a305 f4fab97ea8d043ee8794bacab5335228 18f213bda78e419798c7fdc79e98d70d - - default default] LIGHTOS: no hostnqn found. [00;33m{{(pid=1110460) get_connector_properties /opt/stack/data/venv/lib/python3.10/site-packages/os_brick/initiator/connectors/lightos.py:121}}[00m
2025-10-14 20:27:01.140 1110460 DEBUG os_brick.utils [req-aba0eb99-8d59-4914-be5c-ec670581a305 f4fab97ea8d043ee8794bacab5335228 18f213bda78e419798c7fdc79e98d70d - - default default] <== get_connector_properties: return (133ms) {'platform': 'x86_64', 'os_type': 'linux', 'ip': '172.25.93.55', 'host': 'devstack-u2204-93-55', 'multipath': False, 'enforce_multipath': True, 'initiator': 'iqn.2016-04.com.open-iscsi:4dbc42848f6a', 'do_local_attach': False, 'uuid': '849a1340-77d5-4de3-852c-cf0210ca78af', 'system uuid': '89b11b42-6ca2-76fb-88b9-4b0fae22b322', 'nvme_native_multipath': False} [00;33m{{(pid=1110460) trace_logging_wrapper /opt/stack/data/venv/lib/python3.10/site-packages/os_brick/utils.py:204}}[00m
2025-10-14 20:27:01.141 1110460 DEBUG nova.virt.block_device [req-aba0eb99-8d59-4914-be5c-ec670581a305 f4fab97ea8d043ee8794bacab5335228 18f213bda78e419798c7fdc79e98d70d - - default default] [instance: 6abcd405-67b9-4af5-bd03-7fd2ada839e8] Updating existing volume attachment record: 12510fba-2109-4d6d-8d05-48aaf23d61b4 [00;33m{{(pid=1110460) _volume_attach /opt/stack/nova/nova/virt/block_device.py:666}}[00m
2025-10-14 20:27:01.593 1110460 DEBUG ovsdbapp.backend.ovs_idl.vlog [-] [POLLIN] on fd 24 [00;33m{{(pid=1110460) __log_wakeup /opt/stack/data/venv/lib/python3.10/site-packages/ovs/poller.py:263}}[00m
2025-10-14 20:27:06.596 1110460 DEBUG ovsdbapp.backend.ovs_idl.vlog [-] [POLLIN] on fd 24 [00;33m{{(pid=1110460) __log_wakeup /opt/stack/data/venv/lib/python3.10/site-packages/ovs/poller.py:263}}[00m
2025-10-14 20:27:09.245 1110460 DEBUG nova.virt.libvirt.volume.iscsi [req-aba0eb99-8d59-4914-be5c-ec670581a305 f4fab97ea8d043ee8794bacab5335228 18f213bda78e419798c7fdc79e98d70d - - default default] [instance: 6abcd405-67b9-4af5-bd03-7fd2ada839e8] Calling os-brick to attach iSCSI Volume [00;33m{{(pid=1110460) connect_volume /opt/stack/nova/nova/virt/libvirt/volume/iscsi.py:64}}[00m
2025-10-14 20:27:09.246 1110460 DEBUG os_brick.initiator.connectors.iscsi [req-aba0eb99-8d59-4914-be5c-ec670581a305 f4fab97ea8d043ee8794bacab5335228 18f213bda78e419798c7fdc79e98d70d - - default default] ==> connect_volume: call "{'self': <os_brick.initiator.connectors.iscsi.ISCSIConnector object at 0x705b0417f070>, 'connection_properties': {'target_portal': '172.25.59.221:3260', 'target_iqn': 'iqn.2016-04.com.open-iscsi:d78edfece0b6.hbsd-target', 'target_discovered': False, 'target_lun': 2, 'qos_specs': None, 'access_mode': 'rw', 'encrypted': False, 'cacheable': False, 'enforce_multipath': True}}" [00;33m{{(pid=1110460) trace_logging_wrapper /opt/stack/data/venv/lib/python3.10/site-packages/os_brick/utils.py:177}}[00m
2025-10-14 20:27:09.247 1110460 DEBUG os_brick.initiator.connectors.base [req-aba0eb99-8d59-4914-be5c-ec670581a305 f4fab97ea8d043ee8794bacab5335228 18f213bda78e419798c7fdc79e98d70d - - default default] Acquiring lock "connect_volume" by "os_brick.initiator.connectors.iscsi.ISCSIConnector.connect_volume" [00;33m{{(pid=1110460) inner /opt/stack/data/venv/lib/python3.10/site-packages/os_brick/initiator/connectors/base.py:68}}[00m
2025-10-14 20:27:09.248 1110460 DEBUG os_brick.initiator.connectors.base [req-aba0eb99-8d59-4914-be5c-ec670581a305 f4fab97ea8d043ee8794bacab5335228 18f213bda78e419798c7fdc79e98d70d - - default default] Lock "connect_volume" acquired by "os_brick.initiator.connectors.iscsi.ISCSIConnector.connect_volume" :: waited 0.001s [00;33m{{(pid=1110460) inner /opt/stack/data/venv/lib/python3.10/site-packages/os_brick/initiator/connectors/base.py:73}}[00m
2025-10-14 20:27:09.249 1110460 DEBUG os_brick.initiator.connectors.base [req-aba0eb99-8d59-4914-be5c-ec670581a305 f4fab97ea8d043ee8794bacab5335228 18f213bda78e419798c7fdc79e98d70d - - default default] Connection properties {'target_portal': '172.25.59.221:3260', 'target_iqn': 'iqn.2016-04.com.open-iscsi:d78edfece0b6.hbsd-target', 'target_discovered': False, 'target_lun': 2, 'qos_specs': None, 'access_mode': 'rw', 'encrypted': False, 'cacheable': False, 'enforce_multipath': True} [00;33m{{(pid=1110460) check_multipath /opt/stack/data/venv/lib/python3.10/site-packages/os_brick/initiator/connectors/base.py:133}}[00m
2025-10-14 20:27:09.251 1133886 DEBUG oslo_concurrency.processutils [-] Running cmd (subprocess): multipathd show status [00;33m{{(pid=1133886) execute /opt/stack/data/venv/lib/python3.10/site-packages/oslo_concurrency/processutils.py:349}}[00m
2025-10-14 20:27:09.265 1133886 DEBUG oslo_concurrency.processutils [-] 'multipathd show status' failed. Not Retrying. [00;33m{{(pid=1133886) execute /opt/stack/data/venv/lib/python3.10/site-packages/oslo_concurrency/processutils.py:423}}[00m
2025-10-14 20:27:09.267 1133886 DEBUG oslo.privsep.daemon [-] privsep: Exception during request[c8ae6e71-d775-4369-b6be-55534d37d304]: [Errno 2] No such file or directory: 'multipathd' [00;33m{{(pid=1133886) _process_cmd /opt/stack/data/venv/lib/python3.10/site-packages/oslo_privsep/daemon.py:481}}[00m
Traceback (most recent call last):
  File "/opt/stack/data/venv/lib/python3.10/site-packages/oslo_privsep/daemon.py", line 478, in _process_cmd
    ret = func(*f_args, **f_kwargs)
  File "/opt/stack/data/venv/lib/python3.10/site-packages/oslo_privsep/priv_context.py", line 266, in _wrap
    return func(*args, **kwargs)
  File "/opt/stack/data/venv/lib/python3.10/site-packages/os_brick/privileged/rootwrap.py", line 198, in execute_root
    return custom_execute(*cmd, shell=False, run_as_root=False, **kwargs)
  File "/opt/stack/data/venv/lib/python3.10/site-packages/os_brick/privileged/rootwrap.py", line 146, in custom_execute
    return putils.execute(on_execute=on_execute,
  File "/opt/stack/data/venv/lib/python3.10/site-packages/oslo_concurrency/processutils.py", line 354, in execute
    obj = subprocess.Popen(cmd,
  File "/usr/lib/python3.10/subprocess.py", line 971, in __init__
    self._execute_child(args, executable, preexec_fn, close_fds,
  File "/usr/lib/python3.10/subprocess.py", line 1863, in _execute_child
    raise child_exception_type(errno_num, err_msg, err_filename)
FileNotFoundError: [Errno 2] No such file or directory: 'multipathd'
2025-10-14 20:27:09.268 1133886 DEBUG oslo.privsep.daemon [-] privsep: reply[c8ae6e71-d775-4369-b6be-55534d37d304]: (5, 'builtins.FileNotFoundError', (2, 'No such file or directory')) [00;33m{{(pid=1133886) _call_back /opt/stack/data/venv/lib/python3.10/site-packages/oslo_privsep/daemon.py:503}}[00m
2025-10-14 20:27:09.271 1110460 DEBUG os_brick.initiator.connectors.base [req-aba0eb99-8d59-4914-be5c-ec670581a305 f4fab97ea8d043ee8794bacab5335228 18f213bda78e419798c7fdc79e98d70d - - default default] Acquiring lock "connect_to_iscsi_portal-172.25.59.221:3260-iqn.2016-04.com.open-iscsi:d78edfece0b6.hbsd-target" by "os_brick.initiator.connectors.iscsi.ISCSIConnector._connect_to_iscsi_portal_unsafe" [00;33m{{(pid=1110460) inner /opt/stack/data/venv/lib/python3.10/site-packages/os_brick/initiator/connectors/base.py:68}}[00m
2025-10-14 20:27:09.272 1110460 DEBUG os_brick.initiator.connectors.base [req-aba0eb99-8d59-4914-be5c-ec670581a305 f4fab97ea8d043ee8794bacab5335228 18f213bda78e419798c7fdc79e98d70d - - default default] Lock "connect_to_iscsi_portal-172.25.59.221:3260-iqn.2016-04.com.open-iscsi:d78edfece0b6.hbsd-target" acquired by "os_brick.initiator.connectors.iscsi.ISCSIConnector._connect_to_iscsi_portal_unsafe" :: waited 0.001s [00;33m{{(pid=1110460) inner /opt/stack/data/venv/lib/python3.10/site-packages/os_brick/initiator/connectors/base.py:73}}[00m
2025-10-14 20:27:09.273 1110460 INFO os_brick.initiator.connectors.iscsi [req-aba0eb99-8d59-4914-be5c-ec670581a305 f4fab97ea8d043ee8794bacab5335228 18f213bda78e419798c7fdc79e98d70d - - default default] Trying to connect to iSCSI portal 172.25.59.221:3260
2025-10-14 20:27:09.275 1133886 DEBUG oslo_concurrency.processutils [-] Running cmd (subprocess): iscsiadm -m node -T iqn.2016-04.com.open-iscsi:d78edfece0b6.hbsd-target -p 172.25.59.221:3260 [00;33m{{(pid=1133886) execute /opt/stack/data/venv/lib/python3.10/site-packages/oslo_concurrency/processutils.py:349}}[00m
2025-10-14 20:27:09.296 1133886 DEBUG oslo_concurrency.processutils [-] CMD "iscsiadm -m node -T iqn.2016-04.com.open-iscsi:d78edfece0b6.hbsd-target -p 172.25.59.221:3260" returned: 0 in 0.021s [00;33m{{(pid=1133886) execute /opt/stack/data/venv/lib/python3.10/site-packages/oslo_concurrency/processutils.py:372}}[00m
2025-10-14 20:27:09.297 1133886 DEBUG oslo.privsep.daemon [-] privsep: reply[c981aa59-1c2e-4690-88dc-31e5a62052c0]: (4, ('# BEGIN RECORD 2.1.5\nnode.name = iqn.2016-04.com.open-iscsi:d78edfece0b6.hbsd-target\nnode.tpgt = -1\nnode.startup = automatic\nnode.leading_login = No\niface.iscsi_ifacename = default\niface.net_ifacename = <empty>\niface.ipaddress = <empty>\niface.prefix_len = 0\niface.hwaddress = <empty>\niface.transport_name = tcp\niface.initiatorname = <empty>\niface.state = <empty>\niface.vlan_id = 0\niface.vlan_priority = 0\niface.vlan_state = <empty>\niface.iface_num = 0\niface.mtu = 0\niface.port = 0\niface.bootproto = <empty>\niface.subnet_mask = <empty>\niface.gateway = <empty>\niface.dhcp_alt_client_id_state = <empty>\niface.dhcp_alt_client_id = <empty>\niface.dhcp_dns = <empty>\niface.dhcp_learn_iqn = <empty>\niface.dhcp_req_vendor_id_state = <empty>\niface.dhcp_vendor_id_state = <empty>\niface.dhcp_vendor_id = <empty>\niface.dhcp_slp_da = <empty>\niface.fragmentation = <empty>\niface.gratuitous_arp = <empty>\niface.incoming_forwarding = <empty>\niface.tos_state = <empty>\niface.tos = 0\niface.ttl = 0\niface.delayed_ack = <empty>\niface.tcp_nagle = <empty>\niface.tcp_wsf_state = <empty>\niface.tcp_wsf = 0\niface.tcp_timer_scale = 0\niface.tcp_timestamp = <empty>\niface.redirect = <empty>\niface.def_task_mgmt_timeout = 0\niface.header_digest = <empty>\niface.data_digest = <empty>\niface.immediate_data = <empty>\niface.initial_r2t = <empty>\niface.data_seq_inorder = <empty>\niface.data_pdu_inorder = <empty>\niface.erl = 0\niface.max_receive_data_len = 0\niface.first_burst_len = 0\niface.max_outstanding_r2t = 0\niface.max_burst_len = 0\niface.chap_auth = <empty>\niface.bidi_chap = <empty>\niface.strict_login_compliance = <empty>\niface.discovery_auth = <empty>\niface.discovery_logout = <empty>\nnode.discovery_address = <empty>\nnode.discovery_port = 0\nnode.discovery_type = static\nnode.session.initial_cmdsn = 0\nnode.session.initial_login_retry_max = 8\nnode.session.xmit_thread_priority = -20\nnode.session.cmds_max = 128\nnode.session.queue_depth = 32\nnode.session.nr_sessions = 1\nnode.session.auth.authmethod = None\nnode.session.auth.username = <empty>\nnode.session.auth.password = <empty>\nnode.session.auth.username_in = <empty>\nnode.session.auth.password_in = <empty>\nnode.session.auth.chap_algs = SHA3-256,SHA256\nnode.session.timeo.replacement_timeout = 120\nnode.session.err_timeo.abort_timeout = 15\nnode.session.err_timeo.lu_reset_timeout = 30\nnode.session.err_timeo.tgt_reset_timeout = 30\nnode.session.err_timeo.host_reset_timeout = 60\nnode.session.iscsi.FastAbort = Yes\nnode.session.iscsi.InitialR2T = No\nnode.session.iscsi.ImmediateData = Yes\nnode.session.iscsi.FirstBurstLength = 262144\nnode.session.iscsi.MaxBurstLength = 16776192\nnode.session.iscsi.DefaultTime2Retain = 0\nnode.session.iscsi.DefaultTime2Wait = 2\nnode.session.iscsi.MaxConnections = 1\nnode.session.iscsi.MaxOutstandingR2T = 1\nnode.session.iscsi.ERL = 0\nnode.session.scan = manual\nnode.session.reopen_max = 0\nnode.conn[0].address = 172.25.59.221\nnode.conn[0].port = 3260\nnode.conn[0].startup = manual\nnode.conn[0].tcp.window_size = 524288\nnode.conn[0].tcp.type_of_service = 0\nnode.conn[0].timeo.logout_timeout = 15\nnode.conn[0].timeo.login_timeout = 15\nnode.conn[0].timeo.auth_timeout = 45\nnode.conn[0].timeo.noop_out_interval = 5\nnode.conn[0].timeo.noop_out_timeout = 5\nnode.conn[0].iscsi.MaxXmitDataSegmentLength = 0\nnode.conn[0].iscsi.MaxRecvDataSegmentLength = 262144\nnode.conn[0].iscsi.HeaderDigest = None\nnode.conn[0].iscsi.DataDigest = None\nnode.conn[0].iscsi.IFMarker = No\nnode.conn[0].iscsi.OFMarker = No\n# END RECORD\n', '')) [00;33m{{(pid=1133886) _call_back /opt/stack/data/venv/lib/python3.10/site-packages/oslo_privsep/daemon.py:503}}[00m
2025-10-14 20:27:09.301 1110460 DEBUG os_brick.initiator.connectors.iscsi [req-aba0eb99-8d59-4914-be5c-ec670581a305 f4fab97ea8d043ee8794bacab5335228 18f213bda78e419798c7fdc79e98d70d - - default default] iscsiadm (): stdout=# BEGIN RECORD 2.1.5
node.name = iqn.2016-04.com.open-iscsi:d78edfece0b6.hbsd-target
node.tpgt = -1
node.startup = automatic
node.leading_login = No
iface.iscsi_ifacename = default
iface.net_ifacename = <empty>
iface.ipaddress = <empty>
iface.prefix_len = 0
iface.hwaddress = <empty>
iface.transport_name = tcp
iface.initiatorname = <empty>
iface.state = <empty>
iface.vlan_id = 0
iface.vlan_priority = 0
iface.vlan_state = <empty>
iface.iface_num = 0
iface.mtu = 0
iface.port = 0
iface.bootproto = <empty>
iface.subnet_mask = <empty>
iface.gateway = <empty>
iface.dhcp_alt_client_id_state = <empty>
iface.dhcp_alt_client_id = <empty>
iface.dhcp_dns = <empty>
iface.dhcp_learn_iqn = <empty>
iface.dhcp_req_vendor_id_state = <empty>
iface.dhcp_vendor_id_state = <empty>
iface.dhcp_vendor_id = <empty>
iface.dhcp_slp_da = <empty>
iface.fragmentation = <empty>
iface.gratuitous_arp = <empty>
iface.incoming_forwarding = <empty>
iface.tos_state = <empty>
iface.tos = 0
iface.ttl = 0
iface.delayed_ack = <empty>
iface.tcp_nagle = <empty>
iface.tcp_wsf_state = <empty>
iface.tcp_wsf = 0
iface.tcp_timer_scale = 0
iface.tcp_timestamp = <empty>
iface.redirect = <empty>
iface.def_task_mgmt_timeout = 0
iface.header_digest = <empty>
iface.data_digest = <empty>
iface.immediate_data = <empty>
iface.initial_r2t = <empty>
iface.data_seq_inorder = <empty>
iface.data_pdu_inorder = <empty>
iface.erl = 0
iface.max_receive_data_len = 0
iface.first_burst_len = 0
iface.max_outstanding_r2t = 0
iface.max_burst_len = 0
iface.chap_auth = <empty>
iface.bidi_chap = <empty>
iface.strict_login_compliance = <empty>
iface.discovery_auth = <empty>
iface.discovery_logout = <empty>
node.discovery_address = <empty>
node.discovery_port = 0
node.discovery_type = static
node.session.initial_cmdsn = 0
node.session.initial_login_retry_max = 8
node.session.xmit_thread_priority = -20
node.session.cmds_max = 128
node.session.queue_depth = 32
node.session.nr_sessions = 1
node.session.auth.authmethod = None
node.session.auth.username = <empty>
node.session.auth.password = ***
node.session.auth.username_in = <empty>
node.session.auth.password_in = <empty>
node.session.auth.chap_algs = SHA3-256,SHA256
node.session.timeo.replacement_timeout = 120
node.session.err_timeo.abort_timeout = 15
node.session.err_timeo.lu_reset_timeout = 30
node.session.err_timeo.tgt_reset_timeout = 30
node.session.err_timeo.host_reset_timeout = 60
node.session.iscsi.FastAbort = Yes
node.session.iscsi.InitialR2T = No
node.session.iscsi.ImmediateData = Yes
node.session.iscsi.FirstBurstLength = 262144
node.session.iscsi.MaxBurstLength = 16776192
node.session.iscsi.DefaultTime2Retain = 0
node.session.iscsi.DefaultTime2Wait = 2
node.session.iscsi.MaxConnections = 1
node.session.iscsi.MaxOutstandingR2T = 1
node.session.iscsi.ERL = 0
node.session.scan = manual
node.session.reopen_max = 0
node.conn[0].address = 172.25.59.221
node.conn[0].port = 3260
node.conn[0].startup = manual
node.conn[0].tcp.window_size = 524288
node.conn[0].tcp.type_of_service = 0
node.conn[0].timeo.logout_timeout = 15
node.conn[0].timeo.login_timeout = 15
node.conn[0].timeo.auth_timeout = 45
node.conn[0].timeo.noop_out_interval = 5
node.conn[0].timeo.noop_out_timeout = 5
node.conn[0].iscsi.MaxXmitDataSegmentLength = 0
node.conn[0].iscsi.MaxRecvDataSegmentLength = 262144
node.conn[0].iscsi.HeaderDigest = None
node.conn[0].iscsi.DataDigest = None
node.conn[0].iscsi.IFMarker = No
node.conn[0].iscsi.OFMarker = No
# END RECORD
 stderr= [00;33m{{(pid=1110460) _run_iscsiadm /opt/stack/data/venv/lib/python3.10/site-packages/os_brick/initiator/connectors/iscsi.py:1065}}[00m
2025-10-14 20:27:09.304 1133886 DEBUG oslo_concurrency.processutils [-] Running cmd (subprocess): iscsiadm -m node -T iqn.2016-04.com.open-iscsi:d78edfece0b6.hbsd-target -p 172.25.59.221:3260 --op update -n node.session.scan -v manual [00;33m{{(pid=1133886) execute /opt/stack/data/venv/lib/python3.10/site-packages/oslo_concurrency/processutils.py:349}}[00m
2025-10-14 20:27:09.326 1133886 DEBUG oslo_concurrency.processutils [-] CMD "iscsiadm -m node -T iqn.2016-04.com.open-iscsi:d78edfece0b6.hbsd-target -p 172.25.59.221:3260 --op update -n node.session.scan -v manual" returned: 0 in 0.022s [00;33m{{(pid=1133886) execute /opt/stack/data/venv/lib/python3.10/site-packages/oslo_concurrency/processutils.py:372}}[00m
2025-10-14 20:27:09.327 1133886 DEBUG oslo.privsep.daemon [-] privsep: reply[2bdcc13b-f64c-46bc-bbbb-5bb224a36e0f]: (4, ('', '')) [00;33m{{(pid=1133886) _call_back /opt/stack/data/venv/lib/python3.10/site-packages/oslo_privsep/daemon.py:503}}[00m
2025-10-14 20:27:09.329 1110460 DEBUG os_brick.initiator.connectors.iscsi [req-aba0eb99-8d59-4914-be5c-ec670581a305 f4fab97ea8d043ee8794bacab5335228 18f213bda78e419798c7fdc79e98d70d - - default default] iscsiadm ('--op', 'update', '-n', 'node.session.scan', '-v', 'manual'): stdout= stderr= [00;33m{{(pid=1110460) _run_iscsiadm /opt/stack/data/venv/lib/python3.10/site-packages/os_brick/initiator/connectors/iscsi.py:1065}}[00m
2025-10-14 20:27:09.331 1133886 DEBUG oslo_concurrency.processutils [-] Running cmd (subprocess): iscsiadm -m session [00;33m{{(pid=1133886) execute /opt/stack/data/venv/lib/python3.10/site-packages/oslo_concurrency/processutils.py:349}}[00m
2025-10-14 20:27:09.353 1133886 DEBUG oslo_concurrency.processutils [-] CMD "iscsiadm -m session" returned: 0 in 0.022s [00;33m{{(pid=1133886) execute /opt/stack/data/venv/lib/python3.10/site-packages/oslo_concurrency/processutils.py:372}}[00m
2025-10-14 20:27:09.354 1133886 DEBUG oslo.privsep.daemon [-] privsep: reply[48c58faf-07dc-4f2d-8be5-d4f0f49fac5f]: (4, ('tcp: [32] 172.25.59.221:3260,257 iqn.2016-04.com.open-iscsi:d78edfece0b6.hbsd-target (non-flash)\n', '')) [00;33m{{(pid=1133886) _call_back /opt/stack/data/venv/lib/python3.10/site-packages/oslo_privsep/daemon.py:503}}[00m
2025-10-14 20:27:09.355 1110460 DEBUG os_brick.initiator.connectors.iscsi [req-aba0eb99-8d59-4914-be5c-ec670581a305 f4fab97ea8d043ee8794bacab5335228 18f213bda78e419798c7fdc79e98d70d - - default default] iscsiadm ('-m', 'session'): stdout=tcp: [32] 172.25.59.221:3260,257 iqn.2016-04.com.open-iscsi:d78edfece0b6.hbsd-target (non-flash)
 stderr= [00;33m{{(pid=1110460) _run_iscsiadm_bare /opt/stack/data/venv/lib/python3.10/site-packages/os_brick/initiator/connectors/iscsi.py:1221}}[00m
2025-10-14 20:27:09.356 1110460 DEBUG os_brick.initiator.connectors.iscsi [req-aba0eb99-8d59-4914-be5c-ec670581a305 f4fab97ea8d043ee8794bacab5335228 18f213bda78e419798c7fdc79e98d70d - - default default] iscsi session list stdout=tcp: [32] 172.25.59.221:3260,257 iqn.2016-04.com.open-iscsi:d78edfece0b6.hbsd-target (non-flash)
 stderr= [00;33m{{(pid=1110460) _run_iscsi_session /opt/stack/data/venv/lib/python3.10/site-packages/os_brick/initiator/connectors/iscsi.py:1210}}[00m
2025-10-14 20:27:09.357 1110460 DEBUG os_brick.initiator.connectors.base [req-aba0eb99-8d59-4914-be5c-ec670581a305 f4fab97ea8d043ee8794bacab5335228 18f213bda78e419798c7fdc79e98d70d - - default default] Lock "connect_to_iscsi_portal-172.25.59.221:3260-iqn.2016-04.com.open-iscsi:d78edfece0b6.hbsd-target" "released" by "os_brick.initiator.connectors.iscsi.ISCSIConnector._connect_to_iscsi_portal_unsafe" :: held 0.085s [00;33m{{(pid=1110460) inner /opt/stack/data/venv/lib/python3.10/site-packages/os_brick/initiator/connectors/base.py:87}}[00m
2025-10-14 20:27:09.358 1110460 DEBUG os_brick.initiator.connectors.iscsi [req-aba0eb99-8d59-4914-be5c-ec670581a305 f4fab97ea8d043ee8794bacab5335228 18f213bda78e419798c7fdc79e98d70d - - default default] Connected to 172.25.59.221:3260 [00;33m{{(pid=1110460) _connect_vol /opt/stack/data/venv/lib/python3.10/site-packages/os_brick/initiator/connectors/iscsi.py:659}}[00m
2025-10-14 20:27:09.360 1110460 DEBUG os_brick.initiator.linuxscsi [req-aba0eb99-8d59-4914-be5c-ec670581a305 f4fab97ea8d043ee8794bacab5335228 18f213bda78e419798c7fdc79e98d70d - - default default] HCTL ('33', '0', '0', 2) found on session 32 with lun 2 [00;33m{{(pid=1110460) get_hctl /opt/stack/data/venv/lib/python3.10/site-packages/os_brick/initiator/linuxscsi.py:788}}[00m
2025-10-14 20:27:09.361 1110460 DEBUG os_brick.initiator.linuxscsi [req-aba0eb99-8d59-4914-be5c-ec670581a305 f4fab97ea8d043ee8794bacab5335228 18f213bda78e419798c7fdc79e98d70d - - default default] Scanning host 33 c: 0, t: 0, l: 2) [00;33m{{(pid=1110460) scan_iscsi /opt/stack/data/venv/lib/python3.10/site-packages/os_brick/initiator/linuxscsi.py:814}}[00m
2025-10-14 20:27:09.363 1133886 DEBUG oslo_concurrency.processutils [-] Running cmd (subprocess): tee -a /sys/class/scsi_host/host33/scan [00;33m{{(pid=1133886) execute /opt/stack/data/venv/lib/python3.10/site-packages/oslo_concurrency/processutils.py:349}}[00m
2025-10-14 20:27:09.400 1133886 DEBUG oslo_concurrency.processutils [-] CMD "tee -a /sys/class/scsi_host/host33/scan" returned: 0 in 0.037s [00;33m{{(pid=1133886) execute /opt/stack/data/venv/lib/python3.10/site-packages/oslo_concurrency/processutils.py:372}}[00m
2025-10-14 20:27:09.401 1133886 DEBUG oslo.privsep.daemon [-] privsep: reply[d96931b9-dd22-47b3-8137-bbd2c7d2ef6c]: (4, ('0 0 2', '')) [00;33m{{(pid=1133886) _call_back /opt/stack/data/venv/lib/python3.10/site-packages/oslo_privsep/daemon.py:503}}[00m
2025-10-14 20:27:09.403 1110460 DEBUG os_brick.initiator.linuxscsi [req-aba0eb99-8d59-4914-be5c-ec670581a305 f4fab97ea8d043ee8794bacab5335228 18f213bda78e419798c7fdc79e98d70d - - default default] Searching for a device in session 32 and hctl ('33', '0', '0', 2) yield: None [00;33m{{(pid=1110460) device_name_by_hctl /opt/stack/data/venv/lib/python3.10/site-packages/os_brick/initiator/linuxscsi.py:808}}[00m
2025-10-14 20:27:10.406 1110460 DEBUG os_brick.initiator.linuxscsi [req-aba0eb99-8d59-4914-be5c-ec670581a305 f4fab97ea8d043ee8794bacab5335228 18f213bda78e419798c7fdc79e98d70d - - default default] Searching for a device in session 32 and hctl ('33', '0', '0', 2) yield: sdd [00;33m{{(pid=1110460) device_name_by_hctl /opt/stack/data/venv/lib/python3.10/site-packages/os_brick/initiator/linuxscsi.py:808}}[00m
2025-10-14 20:27:10.407 1110460 DEBUG os_brick.initiator.connectors.iscsi [req-aba0eb99-8d59-4914-be5c-ec670581a305 f4fab97ea8d043ee8794bacab5335228 18f213bda78e419798c7fdc79e98d70d - - default default] Connected to sdd using {'target_portal': '172.25.59.221:3260', 'target_iqn': 'iqn.2016-04.com.open-iscsi:d78edfece0b6.hbsd-target', 'target_discovered': False, 'target_lun': 2, 'qos_specs': None, 'access_mode': 'rw', 'encrypted': False, 'cacheable': False, 'enforce_multipath': True} [00;33m{{(pid=1110460) _connect_vol /opt/stack/data/venv/lib/python3.10/site-packages/os_brick/initiator/connectors/iscsi.py:687}}[00m
2025-10-14 20:27:10.409 1110460 DEBUG os_brick.initiator.connectors.base [req-aba0eb99-8d59-4914-be5c-ec670581a305 f4fab97ea8d043ee8794bacab5335228 18f213bda78e419798c7fdc79e98d70d - - default default] Lock "connect_volume" "released" by "os_brick.initiator.connectors.iscsi.ISCSIConnector.connect_volume" :: held 1.161s [00;33m{{(pid=1110460) inner /opt/stack/data/venv/lib/python3.10/site-packages/os_brick/initiator/connectors/base.py:87}}[00m
2025-10-14 20:27:10.410 1110460 DEBUG os_brick.initiator.connectors.iscsi [req-aba0eb99-8d59-4914-be5c-ec670581a305 f4fab97ea8d043ee8794bacab5335228 18f213bda78e419798c7fdc79e98d70d - - default default] <== connect_volume: return (1162ms) {'type': 'block', 'scsi_wwn': '360060e8008757e000050757e000055fa', 'path': '/dev/sdd'} [00;33m{{(pid=1110460) trace_logging_wrapper /opt/stack/data/venv/lib/python3.10/site-packages/os_brick/utils.py:204}}[00m
2025-10-14 20:27:10.411 1110460 DEBUG nova.virt.libvirt.volume.iscsi [req-aba0eb99-8d59-4914-be5c-ec670581a305 f4fab97ea8d043ee8794bacab5335228 18f213bda78e419798c7fdc79e98d70d - - default default] [instance: 6abcd405-67b9-4af5-bd03-7fd2ada839e8] Attached iSCSI volume {'type': 'block', 'scsi_wwn': '360060e8008757e000050757e000055fa', 'path': '/dev/sdd'} [00;33m{{(pid=1110460) connect_volume /opt/stack/nova/nova/virt/libvirt/volume/iscsi.py:66}}[00m
2025-10-14 20:27:10.420 1110460 DEBUG nova.objects.instance [req-aba0eb99-8d59-4914-be5c-ec670581a305 f4fab97ea8d043ee8794bacab5335228 18f213bda78e419798c7fdc79e98d70d - - default default] Lazy-loading 'flavor' on Instance uuid 6abcd405-67b9-4af5-bd03-7fd2ada839e8 [00;33m{{(pid=1110460) obj_load_attr /opt/stack/nova/nova/objects/instance.py:1141}}[00m
2025-10-14 20:27:10.936 1110460 DEBUG nova.virt.libvirt.guest [req-aba0eb99-8d59-4914-be5c-ec670581a305 f4fab97ea8d043ee8794bacab5335228 18f213bda78e419798c7fdc79e98d70d - - default default] attach device xml: <disk type="block" device="disk">
  <driver name="qemu" type="raw" cache="none" io="native"/>
  <alias name="ua-3815d855-5677-4693-a7c7-e065ce626560"/>
  <source dev="/dev/sdd"/>
  <target dev="vdd" bus="virtio"/>
  <serial>3815d855-5677-4693-a7c7-e065ce626560</serial>
  <shareable/>
</disk>
 [00;33m{{(pid=1110460) attach_device /opt/stack/nova/nova/virt/libvirt/guest.py:336}}[00m
2025-10-14 20:27:11.601 1110460 DEBUG ovsdbapp.backend.ovs_idl.vlog [-] [POLLIN] on fd 24 [00;33m{{(pid=1110460) __log_wakeup /opt/stack/data/venv/lib/python3.10/site-packages/ovs/poller.py:263}}[00m
2025-10-14 20:27:12.835 1110460 DEBUG nova.virt.libvirt.driver [req-aba0eb99-8d59-4914-be5c-ec670581a305 f4fab97ea8d043ee8794bacab5335228 18f213bda78e419798c7fdc79e98d70d - - default default] No BDM found with device name vda, not building metadata. [00;33m{{(pid=1110460) _build_disk_metadata /opt/stack/nova/nova/virt/libvirt/driver.py:12818}}[00m
2025-10-14 20:27:12.837 1110460 DEBUG nova.virt.libvirt.driver [req-aba0eb99-8d59-4914-be5c-ec670581a305 f4fab97ea8d043ee8794bacab5335228 18f213bda78e419798c7fdc79e98d70d - - default default] No BDM found with device name vdb, not building metadata. [00;33m{{(pid=1110460) _build_disk_metadata /opt/stack/nova/nova/virt/libvirt/driver.py:12818}}[00m
2025-10-14 20:27:12.837 1110460 DEBUG nova.virt.libvirt.driver [req-aba0eb99-8d59-4914-be5c-ec670581a305 f4fab97ea8d043ee8794bacab5335228 18f213bda78e419798c7fdc79e98d70d - - default default] No BDM found with device name vdc, not building metadata. [00;33m{{(pid=1110460) _build_disk_metadata /opt/stack/nova/nova/virt/libvirt/driver.py:12818}}[00m
2025-10-14 20:27:12.838 1110460 DEBUG nova.virt.libvirt.driver [req-aba0eb99-8d59-4914-be5c-ec670581a305 f4fab97ea8d043ee8794bacab5335228 18f213bda78e419798c7fdc79e98d70d - - default default] No BDM found with device name vdd, not building metadata. [00;33m{{(pid=1110460) _build_disk_metadata /opt/stack/nova/nova/virt/libvirt/driver.py:12818}}[00m
2025-10-14 20:27:12.839 1110460 DEBUG nova.virt.libvirt.driver [req-aba0eb99-8d59-4914-be5c-ec670581a305 f4fab97ea8d043ee8794bacab5335228 18f213bda78e419798c7fdc79e98d70d - - default default] No VIF found with MAC fa:16:3e:68:eb:59, not building metadata [00;33m{{(pid=1110460) _build_interface_metadata /opt/stack/nova/nova/virt/libvirt/driver.py:12794}}[00m
