Oct 17 17:09:08.586800 podb-esxi207 dnsmasq[2698901]: read /opt/stack/data/neutron/dhcp/4234d32e-21b0-4293-a8db-b3d691e526f2/addn_hosts - 2 names
Oct 17 17:09:08.586938 podb-esxi207 dnsmasq-dhcp[2698901]: read /opt/stack/data/neutron/dhcp/4234d32e-21b0-4293-a8db-b3d691e526f2/host
Oct 17 17:09:08.587053 podb-esxi207 dnsmasq-dhcp[2698901]: read /opt/stack/data/neutron/dhcp/4234d32e-21b0-4293-a8db-b3d691e526f2/opts
Oct 17 17:09:09.850368 podb-esxi207 dnsmasq[2698612]: read /opt/stack/data/neutron/dhcp/543dc49e-8cdf-4c15-bb7a-b8041f55a30b/addn_hosts - 2 names
Oct 17 17:09:09.850475 podb-esxi207 dnsmasq-dhcp[2698612]: read /opt/stack/data/neutron/dhcp/543dc49e-8cdf-4c15-bb7a-b8041f55a30b/host
Oct 17 17:09:09.850577 podb-esxi207 dnsmasq-dhcp[2698612]: read /opt/stack/data/neutron/dhcp/543dc49e-8cdf-4c15-bb7a-b8041f55a30b/opts
Oct 17 17:09:10.626613 podb-esxi207 dnsmasq[2698901]: read /opt/stack/data/neutron/dhcp/4234d32e-21b0-4293-a8db-b3d691e526f2/addn_hosts - 2 names
Oct 17 17:09:10.626728 podb-esxi207 dnsmasq-dhcp[2698901]: read /opt/stack/data/neutron/dhcp/4234d32e-21b0-4293-a8db-b3d691e526f2/host
Oct 17 17:09:10.626837 podb-esxi207 dnsmasq-dhcp[2698901]: read /opt/stack/data/neutron/dhcp/4234d32e-21b0-4293-a8db-b3d691e526f2/opts
Oct 17 17:09:11.883360 podb-esxi207 dnsmasq[2698901]: read /opt/stack/data/neutron/dhcp/4234d32e-21b0-4293-a8db-b3d691e526f2/addn_hosts - 2 names
Oct 17 17:09:11.883463 podb-esxi207 dnsmasq-dhcp[2698901]: read /opt/stack/data/neutron/dhcp/4234d32e-21b0-4293-a8db-b3d691e526f2/host
Oct 17 17:09:11.883570 podb-esxi207 dnsmasq-dhcp[2698901]: read /opt/stack/data/neutron/dhcp/4234d32e-21b0-4293-a8db-b3d691e526f2/opts
Oct 17 17:09:14.117603 podb-esxi207 dnsmasq[2698612]: read /opt/stack/data/neutron/dhcp/543dc49e-8cdf-4c15-bb7a-b8041f55a30b/addn_hosts - 4 names
Oct 17 17:09:14.117755 podb-esxi207 dnsmasq-dhcp[2698612]: read /opt/stack/data/neutron/dhcp/543dc49e-8cdf-4c15-bb7a-b8041f55a30b/host
Oct 17 17:09:14.117860 podb-esxi207 dnsmasq-dhcp[2698612]: read /opt/stack/data/neutron/dhcp/543dc49e-8cdf-4c15-bb7a-b8041f55a30b/opts
Oct 17 17:09:38.172198 podb-esxi207 dnsmasq-dhcp[2698612]: DHCPDISCOVER(tap30931bf1-3f) fa:16:3e:ee:a4:a8
Oct 17 17:09:38.172225 podb-esxi207 dnsmasq-dhcp[2698612]: DHCPOFFER(tap30931bf1-3f) 10.1.0.10 fa:16:3e:ee:a4:a8
Oct 17 17:09:38.183981 podb-esxi207 dnsmasq-dhcp[2698612]: DHCPREQUEST(tap30931bf1-3f) 10.1.0.10 fa:16:3e:ee:a4:a8
Oct 17 17:09:38.184014 podb-esxi207 dnsmasq-dhcp[2698612]: DHCPACK(tap30931bf1-3f) 10.1.0.10 fa:16:3e:ee:a4:a8 host-10-1-0-10
Oct 17 17:10:11.623522 podb-esxi207 dnsmasq-dhcp[2693726]: DHCPRELEASE(tapc3d32065-02) 10.1.0.4 fa:16:3e:fe:cd:6f
Oct 17 17:10:11.638436 podb-esxi207 dnsmasq-dhcp[2693726]: DHCPRELEASE(tapc3d32065-02) 10.1.0.4 fa:16:3e:fe:cd:6f unknown lease
Oct 17 17:10:12.460509 podb-esxi207 dnsmasq[2693726]: read /opt/stack/data/neutron/dhcp/0f92f786-be06-44ec-ba12-effb51aed433/addn_hosts - 2 names
Oct 17 17:10:12.460616 podb-esxi207 dnsmasq-dhcp[2693726]: read /opt/stack/data/neutron/dhcp/0f92f786-be06-44ec-ba12-effb51aed433/host
Oct 17 17:10:12.460738 podb-esxi207 dnsmasq-dhcp[2693726]: read /opt/stack/data/neutron/dhcp/0f92f786-be06-44ec-ba12-effb51aed433/opts
Oct 17 17:10:18.756308 podb-esxi207 dnsmasq-dhcp[2697269]: DHCPREQUEST(tap037873f6-2b) 10.1.0.7 fa:16:3e:03:68:ca
Oct 17 17:10:18.756340 podb-esxi207 dnsmasq-dhcp[2697269]: DHCPACK(tap037873f6-2b) 10.1.0.7 fa:16:3e:03:68:ca host-10-1-0-7
Oct 17 17:10:24.174694 podb-esxi207 dnsmasq[2693726]: read /opt/stack/data/neutron/dhcp/0f92f786-be06-44ec-ba12-effb51aed433/addn_hosts - 4 names
Oct 17 17:10:24.174780 podb-esxi207 dnsmasq-dhcp[2693726]: read /opt/stack/data/neutron/dhcp/0f92f786-be06-44ec-ba12-effb51aed433/host
Oct 17 17:10:24.174880 podb-esxi207 dnsmasq-dhcp[2693726]: read /opt/stack/data/neutron/dhcp/0f92f786-be06-44ec-ba12-effb51aed433/opts
Oct 17 17:10:49.381118 podb-esxi207 dnsmasq-dhcp[2693726]: DHCPDISCOVER(tapc3d32065-02) fa:16:3e:88:f6:b7
Oct 17 17:10:49.381146 podb-esxi207 dnsmasq-dhcp[2693726]: DHCPOFFER(tapc3d32065-02) 10.1.0.9 fa:16:3e:88:f6:b7
Oct 17 17:10:49.391091 podb-esxi207 dnsmasq-dhcp[2693726]: DHCPREQUEST(tapc3d32065-02) 10.1.0.9 fa:16:3e:88:f6:b7
Oct 17 17:10:49.391119 podb-esxi207 dnsmasq-dhcp[2693726]: DHCPACK(tapc3d32065-02) 10.1.0.9 fa:16:3e:88:f6:b7 host-10-1-0-9
Oct 17 17:10:59.257062 podb-esxi207 dnsmasq-dhcp[2697269]: DHCPRELEASE(tap037873f6-2b) 10.1.0.7 fa:16:3e:03:68:ca
Oct 17 17:10:59.276427 podb-esxi207 dnsmasq-dhcp[2697269]: DHCPRELEASE(tap037873f6-2b) 10.1.0.7 fa:16:3e:03:68:ca unknown lease
Oct 17 17:11:00.100478 podb-esxi207 dnsmasq[2697269]: read /opt/stack/data/neutron/dhcp/b4c28b90-7b24-4cba-a9b3-6394fd096e72/addn_hosts - 2 names
Oct 17 17:11:00.100573 podb-esxi207 dnsmasq-dhcp[2697269]: read /opt/stack/data/neutron/dhcp/b4c28b90-7b24-4cba-a9b3-6394fd096e72/host
Oct 17 17:11:00.100692 podb-esxi207 dnsmasq-dhcp[2697269]: read /opt/stack/data/neutron/dhcp/b4c28b90-7b24-4cba-a9b3-6394fd096e72/opts
Oct 17 17:11:07.123552 podb-esxi207 dnsmasq[2697269]: read /opt/stack/data/neutron/dhcp/b4c28b90-7b24-4cba-a9b3-6394fd096e72/addn_hosts - 0 names
Oct 17 17:11:07.123628 podb-esxi207 dnsmasq-dhcp[2697269]: read /opt/stack/data/neutron/dhcp/b4c28b90-7b24-4cba-a9b3-6394fd096e72/host
Oct 17 17:11:07.123719 podb-esxi207 dnsmasq-dhcp[2697269]: read /opt/stack/data/neutron/dhcp/b4c28b90-7b24-4cba-a9b3-6394fd096e72/opts
Oct 17 17:11:08.116477 podb-esxi207 dnsmasq[2697269]: exiting on receipt of SIGTERM
Oct 17 17:11:09.233640 podb-esxi207 dnsmasq[2697560]: read /opt/stack/data/neutron/dhcp/94f924c0-8882-48ed-9498-afb3a5b465b9/addn_hosts - 0 names
Oct 17 17:11:09.233703 podb-esxi207 dnsmasq-dhcp[2697560]: read /opt/stack/data/neutron/dhcp/94f924c0-8882-48ed-9498-afb3a5b465b9/host
Oct 17 17:11:09.233755 podb-esxi207 dnsmasq-dhcp[2697560]: read /opt/stack/data/neutron/dhcp/94f924c0-8882-48ed-9498-afb3a5b465b9/opts
Oct 17 17:11:09.958279 podb-esxi207 dnsmasq[2697560]: exiting on receipt of SIGTERM
Oct 17 17:11:14.107057 podb-esxi207 dnsmasq[2700917]: started, version 2.90 cachesize 150
Oct 17 17:11:14.107085 podb-esxi207 dnsmasq[2700917]: DNS service limited to local subnets
Oct 17 17:11:14.107099 podb-esxi207 dnsmasq[2700917]: compile time options: IPv6 GNU-getopt DBus no-UBus i18n IDN2 DHCP DHCPv6 no-Lua TFTP conntrack ipset no-nftset auth cryptohash DNSSEC loop-detect inotify dumpfile
Oct 17 17:11:14.107133 podb-esxi207 dnsmasq-dhcp[2700917]: DHCP, static leases only on 10.1.0.0, lease time 1d
Oct 17 17:11:14.107787 podb-esxi207 dnsmasq[2700917]: reading /etc/resolv.conf
Oct 17 17:11:14.107803 podb-esxi207 dnsmasq[2700917]: using nameserver 127.0.0.53#53
Oct 17 17:11:14.107892 podb-esxi207 dnsmasq[2700917]: read /opt/stack/data/neutron/dhcp/024241d1-ae21-41ee-9b7f-78ccfb7afade/addn_hosts - 0 names
Oct 17 17:11:14.107941 podb-esxi207 dnsmasq-dhcp[2700917]: read /opt/stack/data/neutron/dhcp/024241d1-ae21-41ee-9b7f-78ccfb7afade/host
Oct 17 17:11:14.108006 podb-esxi207 dnsmasq-dhcp[2700917]: read /opt/stack/data/neutron/dhcp/024241d1-ae21-41ee-9b7f-78ccfb7afade/opts
Oct 17 17:11:17.203641 podb-esxi207 dnsmasq[2701169]: started, version 2.90 cachesize 150
Oct 17 17:11:17.203668 podb-esxi207 dnsmasq[2701169]: DNS service limited to local subnets
Oct 17 17:11:17.203682 podb-esxi207 dnsmasq[2701169]: compile time options: IPv6 GNU-getopt DBus no-UBus i18n IDN2 DHCP DHCPv6 no-Lua TFTP conntrack ipset no-nftset auth cryptohash DNSSEC loop-detect inotify dumpfile
Oct 17 17:11:17.203722 podb-esxi207 dnsmasq-dhcp[2701169]: DHCP, static leases only on 10.1.0.0, lease time 1d
Oct 17 17:11:17.203866 podb-esxi207 dnsmasq[2701169]: reading /etc/resolv.conf
Oct 17 17:11:17.203882 podb-esxi207 dnsmasq[2701169]: using nameserver 127.0.0.53#53
Oct 17 17:11:17.203965 podb-esxi207 dnsmasq[2701169]: read /opt/stack/data/neutron/dhcp/4afa2620-5ca1-496c-a326-ccd4f52e706d/addn_hosts - 0 names
Oct 17 17:11:17.204012 podb-esxi207 dnsmasq-dhcp[2701169]: read /opt/stack/data/neutron/dhcp/4afa2620-5ca1-496c-a326-ccd4f52e706d/host
Oct 17 17:11:17.204074 podb-esxi207 dnsmasq-dhcp[2701169]: read /opt/stack/data/neutron/dhcp/4afa2620-5ca1-496c-a326-ccd4f52e706d/opts
Oct 17 17:11:18.241129 podb-esxi207 dnsmasq[2700917]: read /opt/stack/data/neutron/dhcp/024241d1-ae21-41ee-9b7f-78ccfb7afade/addn_hosts - 2 names
Oct 17 17:11:18.241219 podb-esxi207 dnsmasq-dhcp[2700917]: read /opt/stack/data/neutron/dhcp/024241d1-ae21-41ee-9b7f-78ccfb7afade/host
Oct 17 17:11:18.241316 podb-esxi207 dnsmasq-dhcp[2700917]: read /opt/stack/data/neutron/dhcp/024241d1-ae21-41ee-9b7f-78ccfb7afade/opts
Oct 17 17:11:18.521496 podb-esxi207 dnsmasq-dhcp[2698612]: DHCPREQUEST(tap30931bf1-3f) 10.1.0.10 fa:16:3e:ee:a4:a8
Oct 17 17:11:18.521531 podb-esxi207 dnsmasq-dhcp[2698612]: DHCPACK(tap30931bf1-3f) 10.1.0.10 fa:16:3e:ee:a4:a8 host-10-1-0-10
Oct 17 17:11:20.053155 podb-esxi207 dnsmasq[2701169]: read /opt/stack/data/neutron/dhcp/4afa2620-5ca1-496c-a326-ccd4f52e706d/addn_hosts - 2 names
Oct 17 17:11:20.053232 podb-esxi207 dnsmasq-dhcp[2701169]: read /opt/stack/data/neutron/dhcp/4afa2620-5ca1-496c-a326-ccd4f52e706d/host
Oct 17 17:11:20.053327 podb-esxi207 dnsmasq-dhcp[2701169]: read /opt/stack/data/neutron/dhcp/4afa2620-5ca1-496c-a326-ccd4f52e706d/opts
Oct 17 17:11:20.766729 podb-esxi207 dnsmasq[2700917]: read /opt/stack/data/neutron/dhcp/024241d1-ae21-41ee-9b7f-78ccfb7afade/addn_hosts - 2 names
Oct 17 17:11:20.766814 podb-esxi207 dnsmasq-dhcp[2700917]: read /opt/stack/data/neutron/dhcp/024241d1-ae21-41ee-9b7f-78ccfb7afade/host
Oct 17 17:11:20.766895 podb-esxi207 dnsmasq-dhcp[2700917]: read /opt/stack/data/neutron/dhcp/024241d1-ae21-41ee-9b7f-78ccfb7afade/opts
Oct 17 17:11:21.985318 podb-esxi207 dnsmasq[2701169]: read /opt/stack/data/neutron/dhcp/4afa2620-5ca1-496c-a326-ccd4f52e706d/addn_hosts - 2 names
Oct 17 17:11:21.985436 podb-esxi207 dnsmasq-dhcp[2701169]: read /opt/stack/data/neutron/dhcp/4afa2620-5ca1-496c-a326-ccd4f52e706d/host
Oct 17 17:11:21.985540 podb-esxi207 dnsmasq-dhcp[2701169]: read /opt/stack/data/neutron/dhcp/4afa2620-5ca1-496c-a326-ccd4f52e706d/opts
Oct 17 17:11:22.731097 podb-esxi207 dnsmasq[2700917]: read /opt/stack/data/neutron/dhcp/024241d1-ae21-41ee-9b7f-78ccfb7afade/addn_hosts - 2 names
Oct 17 17:11:22.731198 podb-esxi207 dnsmasq-dhcp[2700917]: read /opt/stack/data/neutron/dhcp/024241d1-ae21-41ee-9b7f-78ccfb7afade/host
Oct 17 17:11:22.731297 podb-esxi207 dnsmasq-dhcp[2700917]: read /opt/stack/data/neutron/dhcp/024241d1-ae21-41ee-9b7f-78ccfb7afade/opts
Oct 17 17:11:23.985159 podb-esxi207 dnsmasq[2701169]: read /opt/stack/data/neutron/dhcp/4afa2620-5ca1-496c-a326-ccd4f52e706d/addn_hosts - 2 names
Oct 17 17:11:23.985289 podb-esxi207 dnsmasq-dhcp[2701169]: read /opt/stack/data/neutron/dhcp/4afa2620-5ca1-496c-a326-ccd4f52e706d/host
Oct 17 17:11:23.985390 podb-esxi207 dnsmasq-dhcp[2701169]: read /opt/stack/data/neutron/dhcp/4afa2620-5ca1-496c-a326-ccd4f52e706d/opts
Oct 17 17:11:42.111291 podb-esxi207 dnsmasq[2700917]: read /opt/stack/data/neutron/dhcp/024241d1-ae21-41ee-9b7f-78ccfb7afade/addn_hosts - 4 names
Oct 17 17:11:42.111431 podb-esxi207 dnsmasq-dhcp[2700917]: read /opt/stack/data/neutron/dhcp/024241d1-ae21-41ee-9b7f-78ccfb7afade/host
Oct 17 17:11:42.111548 podb-esxi207 dnsmasq-dhcp[2700917]: read /opt/stack/data/neutron/dhcp/024241d1-ae21-41ee-9b7f-78ccfb7afade/opts
Oct 17 17:12:12.982333 podb-esxi207 dnsmasq-dhcp[2700917]: DHCPDISCOVER(tapc9607b4d-49) fa:16:3e:64:3e:86
Oct 17 17:12:12.982359 podb-esxi207 dnsmasq-dhcp[2700917]: DHCPOFFER(tapc9607b4d-49) 10.1.0.6 fa:16:3e:64:3e:86
Oct 17 17:12:12.993772 podb-esxi207 dnsmasq-dhcp[2700917]: DHCPREQUEST(tapc9607b4d-49) 10.1.0.6 fa:16:3e:64:3e:86
Oct 17 17:12:12.993803 podb-esxi207 dnsmasq-dhcp[2700917]: DHCPACK(tapc9607b4d-49) 10.1.0.6 fa:16:3e:64:3e:86 host-10-1-0-6
Oct 17 17:12:13.358882 podb-esxi207 dnsmasq-dhcp[2693726]: DHCPRELEASE(tapc3d32065-02) 10.1.0.9 fa:16:3e:88:f6:b7
Oct 17 17:12:13.376995 podb-esxi207 dnsmasq-dhcp[2693726]: DHCPRELEASE(tapc3d32065-02) 10.1.0.9 fa:16:3e:88:f6:b7 unknown lease
Oct 17 17:12:14.202942 podb-esxi207 dnsmasq[2693726]: read /opt/stack/data/neutron/dhcp/0f92f786-be06-44ec-ba12-effb51aed433/addn_hosts - 2 names
Oct 17 17:12:14.203070 podb-esxi207 dnsmasq-dhcp[2693726]: read /opt/stack/data/neutron/dhcp/0f92f786-be06-44ec-ba12-effb51aed433/host
Oct 17 17:12:14.203179 podb-esxi207 dnsmasq-dhcp[2693726]: read /opt/stack/data/neutron/dhcp/0f92f786-be06-44ec-ba12-effb51aed433/opts
Oct 17 17:12:19.300175 podb-esxi207 dnsmasq[2693726]: read /opt/stack/data/neutron/dhcp/0f92f786-be06-44ec-ba12-effb51aed433/addn_hosts - 0 names
Oct 17 17:12:19.300254 podb-esxi207 dnsmasq-dhcp[2693726]: read /opt/stack/data/neutron/dhcp/0f92f786-be06-44ec-ba12-effb51aed433/host
Oct 17 17:12:19.300311 podb-esxi207 dnsmasq-dhcp[2693726]: read /opt/stack/data/neutron/dhcp/0f92f786-be06-44ec-ba12-effb51aed433/opts
Oct 17 17:12:20.551231 podb-esxi207 dnsmasq[2693726]: exiting on receipt of SIGTERM
Oct 17 17:12:21.685406 podb-esxi207 dnsmasq[2694016]: read /opt/stack/data/neutron/dhcp/4f703857-5e8d-4eb3-ac1c-756df3bdda57/addn_hosts - 0 names
Oct 17 17:12:21.685479 podb-esxi207 dnsmasq-dhcp[2694016]: read /opt/stack/data/neutron/dhcp/4f703857-5e8d-4eb3-ac1c-756df3bdda57/host
Oct 17 17:12:21.685577 podb-esxi207 dnsmasq-dhcp[2694016]: read /opt/stack/data/neutron/dhcp/4f703857-5e8d-4eb3-ac1c-756df3bdda57/opts
Oct 17 17:12:22.496929 podb-esxi207 dnsmasq[2694016]: exiting on receipt of SIGTERM
Oct 17 17:12:39.164362 podb-esxi207 dnsmasq-dhcp[2698612]: DHCPRELEASE(tap30931bf1-3f) 10.1.0.10 fa:16:3e:ee:a4:a8
Oct 17 17:12:39.180481 podb-esxi207 dnsmasq-dhcp[2698612]: DHCPRELEASE(tap30931bf1-3f) 10.1.0.10 fa:16:3e:ee:a4:a8 unknown lease
Oct 17 17:12:40.005283 podb-esxi207 dnsmasq[2698612]: read /opt/stack/data/neutron/dhcp/543dc49e-8cdf-4c15-bb7a-b8041f55a30b/addn_hosts - 2 names
Oct 17 17:12:40.005389 podb-esxi207 dnsmasq-dhcp[2698612]: read /opt/stack/data/neutron/dhcp/543dc49e-8cdf-4c15-bb7a-b8041f55a30b/host
Oct 17 17:12:40.005499 podb-esxi207 dnsmasq-dhcp[2698612]: read /opt/stack/data/neutron/dhcp/543dc49e-8cdf-4c15-bb7a-b8041f55a30b/opts
Oct 17 17:12:52.439658 podb-esxi207 dnsmasq[2698612]: read /opt/stack/data/neutron/dhcp/543dc49e-8cdf-4c15-bb7a-b8041f55a30b/addn_hosts - 4 names
Oct 17 17:12:52.439762 podb-esxi207 dnsmasq-dhcp[2698612]: read /opt/stack/data/neutron/dhcp/543dc49e-8cdf-4c15-bb7a-b8041f55a30b/host
Oct 17 17:12:52.439872 podb-esxi207 dnsmasq-dhcp[2698612]: read /opt/stack/data/neutron/dhcp/543dc49e-8cdf-4c15-bb7a-b8041f55a30b/opts
Oct 17 17:13:03.646964 podb-esxi207 dnsmasq[2700917]: read /opt/stack/data/neutron/dhcp/024241d1-ae21-41ee-9b7f-78ccfb7afade/addn_hosts - 6 names
Oct 17 17:13:03.647092 podb-esxi207 dnsmasq-dhcp[2700917]: read /opt/stack/data/neutron/dhcp/024241d1-ae21-41ee-9b7f-78ccfb7afade/host
Oct 17 17:13:03.647204 podb-esxi207 dnsmasq-dhcp[2700917]: read /opt/stack/data/neutron/dhcp/024241d1-ae21-41ee-9b7f-78ccfb7afade/opts
Oct 17 17:13:18.654307 podb-esxi207 dnsmasq-dhcp[2698612]: DHCPDISCOVER(tap30931bf1-3f) fa:16:3e:97:0e:3c
Oct 17 17:13:18.654332 podb-esxi207 dnsmasq-dhcp[2698612]: DHCPOFFER(tap30931bf1-3f) 10.1.0.10 fa:16:3e:97:0e:3c
Oct 17 17:13:18.668054 podb-esxi207 dnsmasq-dhcp[2698612]: DHCPREQUEST(tap30931bf1-3f) 10.1.0.10 fa:16:3e:97:0e:3c
Oct 17 17:13:18.668083 podb-esxi207 dnsmasq-dhcp[2698612]: DHCPACK(tap30931bf1-3f) 10.1.0.10 fa:16:3e:97:0e:3c host-10-1-0-10
Oct 17 17:13:53.784792 podb-esxi207 dnsmasq-dhcp[2700917]: DHCPDISCOVER(tapc9607b4d-49) fa:16:3e:51:65:d5
Oct 17 17:13:53.784815 podb-esxi207 dnsmasq-dhcp[2700917]: DHCPOFFER(tapc9607b4d-49) 10.1.0.14 fa:16:3e:51:65:d5
Oct 17 17:13:53.792080 podb-esxi207 dnsmasq-dhcp[2700917]: DHCPREQUEST(tapc9607b4d-49) 10.1.0.14 fa:16:3e:51:65:d5
Oct 17 17:13:53.792105 podb-esxi207 dnsmasq-dhcp[2700917]: DHCPACK(tapc9607b4d-49) 10.1.0.14 fa:16:3e:51:65:d5 host-10-1-0-14
Oct 17 17:14:13.528372 podb-esxi207 dnsmasq-dhcp[2698612]: DHCPREQUEST(tap30931bf1-3f) 10.1.0.10 fa:16:3e:97:0e:3c
Oct 17 17:14:13.528405 podb-esxi207 dnsmasq-dhcp[2698612]: DHCPACK(tap30931bf1-3f) 10.1.0.10 fa:16:3e:97:0e:3c host-10-1-0-10
Oct 17 17:14:39.998599 podb-esxi207 dnsmasq-dhcp[2700917]: DHCPRELEASE(tapc9607b4d-49) 10.1.0.14 fa:16:3e:51:65:d5
Oct 17 17:14:40.016059 podb-esxi207 dnsmasq-dhcp[2700917]: DHCPRELEASE(tapc9607b4d-49) 10.1.0.14 fa:16:3e:51:65:d5 unknown lease
Oct 17 17:14:40.841856 podb-esxi207 dnsmasq[2700917]: read /opt/stack/data/neutron/dhcp/024241d1-ae21-41ee-9b7f-78ccfb7afade/addn_hosts - 4 names
Oct 17 17:14:40.842010 podb-esxi207 dnsmasq-dhcp[2700917]: read /opt/stack/data/neutron/dhcp/024241d1-ae21-41ee-9b7f-78ccfb7afade/host
Oct 17 17:14:40.842164 podb-esxi207 dnsmasq-dhcp[2700917]: read /opt/stack/data/neutron/dhcp/024241d1-ae21-41ee-9b7f-78ccfb7afade/opts
Oct 17 17:14:58.816531 podb-esxi207 dnsmasq-dhcp[2700917]: DHCPRELEASE(tapc9607b4d-49) 10.1.0.6 fa:16:3e:64:3e:86
Oct 17 17:14:58.834018 podb-esxi207 dnsmasq-dhcp[2700917]: DHCPRELEASE(tapc9607b4d-49) 10.1.0.6 fa:16:3e:64:3e:86 unknown lease
Oct 17 17:14:59.656624 podb-esxi207 dnsmasq[2700917]: read /opt/stack/data/neutron/dhcp/024241d1-ae21-41ee-9b7f-78ccfb7afade/addn_hosts - 2 names
Oct 17 17:14:59.656813 podb-esxi207 dnsmasq-dhcp[2700917]: read /opt/stack/data/neutron/dhcp/024241d1-ae21-41ee-9b7f-78ccfb7afade/host
Oct 17 17:14:59.656949 podb-esxi207 dnsmasq-dhcp[2700917]: read /opt/stack/data/neutron/dhcp/024241d1-ae21-41ee-9b7f-78ccfb7afade/opts
Oct 17 17:15:22.957107 podb-esxi207 dnsmasq-dhcp[2698612]: DHCPRELEASE(tap30931bf1-3f) 10.1.0.10 fa:16:3e:97:0e:3c
Oct 17 17:15:22.973803 podb-esxi207 dnsmasq-dhcp[2698612]: DHCPRELEASE(tap30931bf1-3f) 10.1.0.10 fa:16:3e:97:0e:3c unknown lease
Oct 17 17:15:23.797791 podb-esxi207 dnsmasq[2698612]: read /opt/stack/data/neutron/dhcp/543dc49e-8cdf-4c15-bb7a-b8041f55a30b/addn_hosts - 2 names
Oct 17 17:15:23.797902 podb-esxi207 dnsmasq-dhcp[2698612]: read /opt/stack/data/neutron/dhcp/543dc49e-8cdf-4c15-bb7a-b8041f55a30b/host
Oct 17 17:15:23.798010 podb-esxi207 dnsmasq-dhcp[2698612]: read /opt/stack/data/neutron/dhcp/543dc49e-8cdf-4c15-bb7a-b8041f55a30b/opts
Oct 17 17:15:29.231664 podb-esxi207 dnsmasq[2698612]: read /opt/stack/data/neutron/dhcp/543dc49e-8cdf-4c15-bb7a-b8041f55a30b/addn_hosts - 0 names
Oct 17 17:15:29.231779 podb-esxi207 dnsmasq-dhcp[2698612]: read /opt/stack/data/neutron/dhcp/543dc49e-8cdf-4c15-bb7a-b8041f55a30b/host
Oct 17 17:15:29.231866 podb-esxi207 dnsmasq-dhcp[2698612]: read /opt/stack/data/neutron/dhcp/543dc49e-8cdf-4c15-bb7a-b8041f55a30b/opts
Oct 17 17:15:30.487819 podb-esxi207 dnsmasq[2698612]: exiting on receipt of SIGTERM
Oct 17 17:15:31.606086 podb-esxi207 dnsmasq[2698901]: read /opt/stack/data/neutron/dhcp/4234d32e-21b0-4293-a8db-b3d691e526f2/addn_hosts - 0 names
Oct 17 17:15:31.606161 podb-esxi207 dnsmasq-dhcp[2698901]: read /opt/stack/data/neutron/dhcp/4234d32e-21b0-4293-a8db-b3d691e526f2/host
Oct 17 17:15:31.606213 podb-esxi207 dnsmasq-dhcp[2698901]: read /opt/stack/data/neutron/dhcp/4234d32e-21b0-4293-a8db-b3d691e526f2/opts
Oct 17 17:15:32.837978 podb-esxi207 dnsmasq[2700917]: read /opt/stack/data/neutron/dhcp/024241d1-ae21-41ee-9b7f-78ccfb7afade/addn_hosts - 4 names
Oct 17 17:15:32.838119 podb-esxi207 dnsmasq-dhcp[2700917]: read /opt/stack/data/neutron/dhcp/024241d1-ae21-41ee-9b7f-78ccfb7afade/host
Oct 17 17:15:32.838232 podb-esxi207 dnsmasq-dhcp[2700917]: read /opt/stack/data/neutron/dhcp/024241d1-ae21-41ee-9b7f-78ccfb7afade/opts
Oct 17 17:15:34.103388 podb-esxi207 dnsmasq[2698901]: exiting on receipt of SIGTERM
Oct 17 17:15:59.196660 podb-esxi207 dnsmasq-dhcp[2700917]: DHCPDISCOVER(tapc9607b4d-49) fa:16:3e:9f:c1:4c
Oct 17 17:15:59.196690 podb-esxi207 dnsmasq-dhcp[2700917]: DHCPOFFER(tapc9607b4d-49) 10.1.0.10 fa:16:3e:9f:c1:4c
Oct 17 17:15:59.207434 podb-esxi207 dnsmasq-dhcp[2700917]: DHCPREQUEST(tapc9607b4d-49) 10.1.0.10 fa:16:3e:9f:c1:4c
Oct 17 17:15:59.207468 podb-esxi207 dnsmasq-dhcp[2700917]: DHCPACK(tapc9607b4d-49) 10.1.0.10 fa:16:3e:9f:c1:4c host-10-1-0-10
Oct 17 17:16:40.323311 podb-esxi207 dnsmasq-dhcp[2700917]: DHCPRELEASE(tapc9607b4d-49) 10.1.0.10 fa:16:3e:9f:c1:4c
Oct 17 17:16:40.339820 podb-esxi207 dnsmasq-dhcp[2700917]: DHCPRELEASE(tapc9607b4d-49) 10.1.0.10 fa:16:3e:9f:c1:4c unknown lease
Oct 17 17:16:41.164052 podb-esxi207 dnsmasq[2700917]: read /opt/stack/data/neutron/dhcp/024241d1-ae21-41ee-9b7f-78ccfb7afade/addn_hosts - 2 names
Oct 17 17:16:41.164194 podb-esxi207 dnsmasq-dhcp[2700917]: read /opt/stack/data/neutron/dhcp/024241d1-ae21-41ee-9b7f-78ccfb7afade/host
Oct 17 17:16:41.164310 podb-esxi207 dnsmasq-dhcp[2700917]: read /opt/stack/data/neutron/dhcp/024241d1-ae21-41ee-9b7f-78ccfb7afade/opts
Oct 17 17:16:53.984620 podb-esxi207 dnsmasq[2700917]: read /opt/stack/data/neutron/dhcp/024241d1-ae21-41ee-9b7f-78ccfb7afade/addn_hosts - 4 names
Oct 17 17:16:53.984755 podb-esxi207 dnsmasq-dhcp[2700917]: read /opt/stack/data/neutron/dhcp/024241d1-ae21-41ee-9b7f-78ccfb7afade/host
Oct 17 17:16:53.984857 podb-esxi207 dnsmasq-dhcp[2700917]: read /opt/stack/data/neutron/dhcp/024241d1-ae21-41ee-9b7f-78ccfb7afade/opts
Oct 17 17:17:25.526414 podb-esxi207 dnsmasq-dhcp[2700917]: DHCPDISCOVER(tapc9607b4d-49) fa:16:3e:ba:0c:2a
Oct 17 17:17:25.526446 podb-esxi207 dnsmasq-dhcp[2700917]: DHCPOFFER(tapc9607b4d-49) 10.1.0.12 fa:16:3e:ba:0c:2a
Oct 17 17:17:25.538277 podb-esxi207 dnsmasq-dhcp[2700917]: DHCPREQUEST(tapc9607b4d-49) 10.1.0.12 fa:16:3e:ba:0c:2a
Oct 17 17:17:25.538315 podb-esxi207 dnsmasq-dhcp[2700917]: DHCPACK(tapc9607b4d-49) 10.1.0.12 fa:16:3e:ba:0c:2a host-10-1-0-12
Oct 17 17:18:55.439060 podb-esxi207 dnsmasq[2700917]: read /opt/stack/data/neutron/dhcp/024241d1-ae21-41ee-9b7f-78ccfb7afade/addn_hosts - 6 names
Oct 17 17:18:55.439251 podb-esxi207 dnsmasq-dhcp[2700917]: read /opt/stack/data/neutron/dhcp/024241d1-ae21-41ee-9b7f-78ccfb7afade/host
Oct 17 17:18:55.439386 podb-esxi207 dnsmasq-dhcp[2700917]: read /opt/stack/data/neutron/dhcp/024241d1-ae21-41ee-9b7f-78ccfb7afade/opts
Oct 17 17:19:26.568748 podb-esxi207 dnsmasq-dhcp[2700917]: DHCPDISCOVER(tapc9607b4d-49) fa:16:3e:f6:83:b5
Oct 17 17:19:26.568772 podb-esxi207 dnsmasq-dhcp[2700917]: DHCPOFFER(tapc9607b4d-49) 10.1.0.9 fa:16:3e:f6:83:b5
Oct 17 17:19:26.576568 podb-esxi207 dnsmasq-dhcp[2700917]: DHCPREQUEST(tapc9607b4d-49) 10.1.0.9 fa:16:3e:f6:83:b5
Oct 17 17:19:26.576600 podb-esxi207 dnsmasq-dhcp[2700917]: DHCPACK(tapc9607b4d-49) 10.1.0.9 fa:16:3e:f6:83:b5 host-10-1-0-9
Oct 17 17:20:13.771997 podb-esxi207 dnsmasq-dhcp[2700917]: DHCPRELEASE(tapc9607b4d-49) 10.1.0.9 fa:16:3e:f6:83:b5
Oct 17 17:20:13.789097 podb-esxi207 dnsmasq-dhcp[2700917]: DHCPRELEASE(tapc9607b4d-49) 10.1.0.9 fa:16:3e:f6:83:b5 unknown lease
Oct 17 17:20:14.614467 podb-esxi207 dnsmasq[2700917]: read /opt/stack/data/neutron/dhcp/024241d1-ae21-41ee-9b7f-78ccfb7afade/addn_hosts - 4 names
Oct 17 17:20:14.614578 podb-esxi207 dnsmasq-dhcp[2700917]: read /opt/stack/data/neutron/dhcp/024241d1-ae21-41ee-9b7f-78ccfb7afade/host
Oct 17 17:20:14.614689 podb-esxi207 dnsmasq-dhcp[2700917]: read /opt/stack/data/neutron/dhcp/024241d1-ae21-41ee-9b7f-78ccfb7afade/opts
Oct 17 17:21:04.107884 podb-esxi207 dnsmasq-dhcp[2700917]: DHCPRELEASE(tapc9607b4d-49) 10.1.0.12 fa:16:3e:ba:0c:2a
Oct 17 17:21:04.124474 podb-esxi207 dnsmasq-dhcp[2700917]: DHCPRELEASE(tapc9607b4d-49) 10.1.0.12 fa:16:3e:ba:0c:2a unknown lease
Oct 17 17:21:04.950824 podb-esxi207 dnsmasq[2700917]: read /opt/stack/data/neutron/dhcp/024241d1-ae21-41ee-9b7f-78ccfb7afade/addn_hosts - 2 names
Oct 17 17:21:04.950906 podb-esxi207 dnsmasq-dhcp[2700917]: read /opt/stack/data/neutron/dhcp/024241d1-ae21-41ee-9b7f-78ccfb7afade/host
Oct 17 17:21:04.950976 podb-esxi207 dnsmasq-dhcp[2700917]: read /opt/stack/data/neutron/dhcp/024241d1-ae21-41ee-9b7f-78ccfb7afade/opts
Oct 17 17:21:17.349897 podb-esxi207 dnsmasq[2700917]: read /opt/stack/data/neutron/dhcp/024241d1-ae21-41ee-9b7f-78ccfb7afade/addn_hosts - 0 names
Oct 17 17:21:17.349968 podb-esxi207 dnsmasq-dhcp[2700917]: read /opt/stack/data/neutron/dhcp/024241d1-ae21-41ee-9b7f-78ccfb7afade/host
Oct 17 17:21:17.350041 podb-esxi207 dnsmasq-dhcp[2700917]: read /opt/stack/data/neutron/dhcp/024241d1-ae21-41ee-9b7f-78ccfb7afade/opts
Oct 17 17:21:18.578495 podb-esxi207 dnsmasq[2700917]: exiting on receipt of SIGTERM
Oct 17 17:21:19.698662 podb-esxi207 dnsmasq[2701169]: read /opt/stack/data/neutron/dhcp/4afa2620-5ca1-496c-a326-ccd4f52e706d/addn_hosts - 0 names
Oct 17 17:21:19.698732 podb-esxi207 dnsmasq-dhcp[2701169]: read /opt/stack/data/neutron/dhcp/4afa2620-5ca1-496c-a326-ccd4f52e706d/host
Oct 17 17:21:19.698787 podb-esxi207 dnsmasq-dhcp[2701169]: read /opt/stack/data/neutron/dhcp/4afa2620-5ca1-496c-a326-ccd4f52e706d/opts
Oct 17 17:21:20.674642 podb-esxi207 dnsmasq[2701169]: exiting on receipt of SIGTERM
Oct 17 17:28:42.351713 podb-esxi207 dnsmasq[2711227]: started, version 2.90 cachesize 150
Oct 17 17:28:42.351743 podb-esxi207 dnsmasq[2711227]: DNS service limited to local subnets
Oct 17 17:28:42.351758 podb-esxi207 dnsmasq[2711227]: compile time options: IPv6 GNU-getopt DBus no-UBus i18n IDN2 DHCP DHCPv6 no-Lua TFTP conntrack ipset no-nftset auth cryptohash DNSSEC loop-detect inotify dumpfile
Oct 17 17:28:42.351794 podb-esxi207 dnsmasq-dhcp[2711227]: DHCP, static leases only on 10.1.0.0, lease time 1d
Oct 17 17:28:42.351951 podb-esxi207 dnsmasq[2711227]: reading /etc/resolv.conf
Oct 17 17:28:42.351967 podb-esxi207 dnsmasq[2711227]: using nameserver 127.0.0.53#53
Oct 17 17:28:42.352059 podb-esxi207 dnsmasq[2711227]: read /opt/stack/data/neutron/dhcp/a6b64dc1-415f-4dbd-8a9f-a9f5fb202bfc/addn_hosts - 0 names
Oct 17 17:28:42.352112 podb-esxi207 dnsmasq-dhcp[2711227]: read /opt/stack/data/neutron/dhcp/a6b64dc1-415f-4dbd-8a9f-a9f5fb202bfc/host
Oct 17 17:28:42.352205 podb-esxi207 dnsmasq-dhcp[2711227]: read /opt/stack/data/neutron/dhcp/a6b64dc1-415f-4dbd-8a9f-a9f5fb202bfc/opts
Oct 17 17:28:43.910846 podb-esxi207 dnsmasq[2711227]: read /opt/stack/data/neutron/dhcp/a6b64dc1-415f-4dbd-8a9f-a9f5fb202bfc/addn_hosts - 2 names
Oct 17 17:28:43.910928 podb-esxi207 dnsmasq-dhcp[2711227]: read /opt/stack/data/neutron/dhcp/a6b64dc1-415f-4dbd-8a9f-a9f5fb202bfc/host
Oct 17 17:28:43.910999 podb-esxi207 dnsmasq-dhcp[2711227]: read /opt/stack/data/neutron/dhcp/a6b64dc1-415f-4dbd-8a9f-a9f5fb202bfc/opts
Oct 17 17:28:46.859052 podb-esxi207 dnsmasq[2711508]: started, version 2.90 cachesize 150
Oct 17 17:28:46.859079 podb-esxi207 dnsmasq[2711508]: DNS service limited to local subnets
Oct 17 17:28:46.859092 podb-esxi207 dnsmasq[2711508]: compile time options: IPv6 GNU-getopt DBus no-UBus i18n IDN2 DHCP DHCPv6 no-Lua TFTP conntrack ipset no-nftset auth cryptohash DNSSEC loop-detect inotify dumpfile
Oct 17 17:28:46.859129 podb-esxi207 dnsmasq-dhcp[2711508]: DHCP, static leases only on 10.1.0.0, lease time 1d
Oct 17 17:28:46.859266 podb-esxi207 dnsmasq[2711508]: reading /etc/resolv.conf
Oct 17 17:28:46.859281 podb-esxi207 dnsmasq[2711508]: using nameserver 127.0.0.53#53
Oct 17 17:28:46.859362 podb-esxi207 dnsmasq[2711508]: read /opt/stack/data/neutron/dhcp/aa66dec0-70c9-426a-b88f-73ca4dfc6a28/addn_hosts - 0 names
Oct 17 17:28:46.859407 podb-esxi207 dnsmasq-dhcp[2711508]: read /opt/stack/data/neutron/dhcp/aa66dec0-70c9-426a-b88f-73ca4dfc6a28/host
Oct 17 17:28:46.859457 podb-esxi207 dnsmasq-dhcp[2711508]: read /opt/stack/data/neutron/dhcp/aa66dec0-70c9-426a-b88f-73ca4dfc6a28/opts
Oct 17 17:28:47.900262 podb-esxi207 dnsmasq[2711227]: read /opt/stack/data/neutron/dhcp/a6b64dc1-415f-4dbd-8a9f-a9f5fb202bfc/addn_hosts - 2 names
Oct 17 17:28:47.900346 podb-esxi207 dnsmasq-dhcp[2711227]: read /opt/stack/data/neutron/dhcp/a6b64dc1-415f-4dbd-8a9f-a9f5fb202bfc/host
Oct 17 17:28:47.900442 podb-esxi207 dnsmasq-dhcp[2711227]: read /opt/stack/data/neutron/dhcp/a6b64dc1-415f-4dbd-8a9f-a9f5fb202bfc/opts
Oct 17 17:28:49.161690 podb-esxi207 dnsmasq[2711508]: read /opt/stack/data/neutron/dhcp/aa66dec0-70c9-426a-b88f-73ca4dfc6a28/addn_hosts - 2 names
Oct 17 17:28:49.161796 podb-esxi207 dnsmasq-dhcp[2711508]: read /opt/stack/data/neutron/dhcp/aa66dec0-70c9-426a-b88f-73ca4dfc6a28/host
Oct 17 17:28:49.161864 podb-esxi207 dnsmasq-dhcp[2711508]: read /opt/stack/data/neutron/dhcp/aa66dec0-70c9-426a-b88f-73ca4dfc6a28/opts
Oct 17 17:28:50.425184 podb-esxi207 dnsmasq[2711227]: read /opt/stack/data/neutron/dhcp/a6b64dc1-415f-4dbd-8a9f-a9f5fb202bfc/addn_hosts - 2 names
Oct 17 17:28:50.425290 podb-esxi207 dnsmasq-dhcp[2711227]: read /opt/stack/data/neutron/dhcp/a6b64dc1-415f-4dbd-8a9f-a9f5fb202bfc/host
Oct 17 17:28:50.425393 podb-esxi207 dnsmasq-dhcp[2711227]: read /opt/stack/data/neutron/dhcp/a6b64dc1-415f-4dbd-8a9f-a9f5fb202bfc/opts
Oct 17 17:28:51.180392 podb-esxi207 dnsmasq[2711508]: read /opt/stack/data/neutron/dhcp/aa66dec0-70c9-426a-b88f-73ca4dfc6a28/addn_hosts - 2 names
Oct 17 17:28:51.180493 podb-esxi207 dnsmasq-dhcp[2711508]: read /opt/stack/data/neutron/dhcp/aa66dec0-70c9-426a-b88f-73ca4dfc6a28/host
Oct 17 17:28:51.180606 podb-esxi207 dnsmasq-dhcp[2711508]: read /opt/stack/data/neutron/dhcp/aa66dec0-70c9-426a-b88f-73ca4dfc6a28/opts
Oct 17 17:28:52.431572 podb-esxi207 dnsmasq[2711508]: read /opt/stack/data/neutron/dhcp/aa66dec0-70c9-426a-b88f-73ca4dfc6a28/addn_hosts - 2 names
Oct 17 17:28:52.431680 podb-esxi207 dnsmasq-dhcp[2711508]: read /opt/stack/data/neutron/dhcp/aa66dec0-70c9-426a-b88f-73ca4dfc6a28/host
Oct 17 17:28:52.431791 podb-esxi207 dnsmasq-dhcp[2711508]: read /opt/stack/data/neutron/dhcp/aa66dec0-70c9-426a-b88f-73ca4dfc6a28/opts
Oct 17 17:29:54.167896 podb-esxi207 dnsmasq[2711227]: read /opt/stack/data/neutron/dhcp/a6b64dc1-415f-4dbd-8a9f-a9f5fb202bfc/addn_hosts - 0 names
Oct 17 17:29:54.167967 podb-esxi207 dnsmasq-dhcp[2711227]: read /opt/stack/data/neutron/dhcp/a6b64dc1-415f-4dbd-8a9f-a9f5fb202bfc/host
Oct 17 17:29:54.168058 podb-esxi207 dnsmasq-dhcp[2711227]: read /opt/stack/data/neutron/dhcp/a6b64dc1-415f-4dbd-8a9f-a9f5fb202bfc/opts
Oct 17 17:29:55.385568 podb-esxi207 dnsmasq[2711227]: exiting on receipt of SIGTERM
Oct 17 17:29:56.509279 podb-esxi207 dnsmasq[2711508]: read /opt/stack/data/neutron/dhcp/aa66dec0-70c9-426a-b88f-73ca4dfc6a28/addn_hosts - 0 names
Oct 17 17:29:56.509384 podb-esxi207 dnsmasq-dhcp[2711508]: read /opt/stack/data/neutron/dhcp/aa66dec0-70c9-426a-b88f-73ca4dfc6a28/host
Oct 17 17:29:56.509474 podb-esxi207 dnsmasq-dhcp[2711508]: read /opt/stack/data/neutron/dhcp/aa66dec0-70c9-426a-b88f-73ca4dfc6a28/opts
Oct 17 17:29:57.817296 podb-esxi207 dnsmasq[2711508]: exiting on receipt of SIGTERM
Oct 17 17:37:02.960367 podb-esxi207 dnsmasq[2716983]: started, version 2.90 cachesize 150
Oct 17 17:37:02.960395 podb-esxi207 dnsmasq[2716983]: DNS service limited to local subnets
Oct 17 17:37:02.960410 podb-esxi207 dnsmasq[2716983]: compile time options: IPv6 GNU-getopt DBus no-UBus i18n IDN2 DHCP DHCPv6 no-Lua TFTP conntrack ipset no-nftset auth cryptohash DNSSEC loop-detect inotify dumpfile
Oct 17 17:37:02.960461 podb-esxi207 dnsmasq-dhcp[2716983]: DHCP, static leases only on 10.1.0.0, lease time 1d
Oct 17 17:37:02.961109 podb-esxi207 dnsmasq[2716983]: reading /etc/resolv.conf
Oct 17 17:37:02.961126 podb-esxi207 dnsmasq[2716983]: using nameserver 127.0.0.53#53
Oct 17 17:37:02.961224 podb-esxi207 dnsmasq[2716983]: read /opt/stack/data/neutron/dhcp/4ee05dab-eacb-4908-9c1f-9014071e5008/addn_hosts - 0 names
Oct 17 17:37:02.961278 podb-esxi207 dnsmasq-dhcp[2716983]: read /opt/stack/data/neutron/dhcp/4ee05dab-eacb-4908-9c1f-9014071e5008/host
Oct 17 17:37:02.961416 podb-esxi207 dnsmasq-dhcp[2716983]: read /opt/stack/data/neutron/dhcp/4ee05dab-eacb-4908-9c1f-9014071e5008/opts
Oct 17 17:37:06.147523 podb-esxi207 dnsmasq[2717318]: started, version 2.90 cachesize 150
Oct 17 17:37:06.147551 podb-esxi207 dnsmasq[2717318]: DNS service limited to local subnets
Oct 17 17:37:06.147567 podb-esxi207 dnsmasq[2717318]: compile time options: IPv6 GNU-getopt DBus no-UBus i18n IDN2 DHCP DHCPv6 no-Lua TFTP conntrack ipset no-nftset auth cryptohash DNSSEC loop-detect inotify dumpfile
Oct 17 17:37:06.147603 podb-esxi207 dnsmasq-dhcp[2717318]: DHCP, static leases only on 10.1.0.0, lease time 1d
Oct 17 17:37:06.147764 podb-esxi207 dnsmasq[2717318]: reading /etc/resolv.conf
Oct 17 17:37:06.147781 podb-esxi207 dnsmasq[2717318]: using nameserver 127.0.0.53#53
Oct 17 17:37:06.147887 podb-esxi207 dnsmasq[2717318]: read /opt/stack/data/neutron/dhcp/13d66d70-d1c0-47d0-b8ec-010c4c378a30/addn_hosts - 2 names
Oct 17 17:37:06.147952 podb-esxi207 dnsmasq-dhcp[2717318]: read /opt/stack/data/neutron/dhcp/13d66d70-d1c0-47d0-b8ec-010c4c378a30/host
Oct 17 17:37:06.148020 podb-esxi207 dnsmasq-dhcp[2717318]: read /opt/stack/data/neutron/dhcp/13d66d70-d1c0-47d0-b8ec-010c4c378a30/opts
Oct 17 17:37:09.421595 podb-esxi207 dnsmasq[2718304]: started, version 2.90 cachesize 150
Oct 17 17:37:09.421619 podb-esxi207 dnsmasq[2718304]: DNS service limited to local subnets
Oct 17 17:37:09.421634 podb-esxi207 dnsmasq[2718304]: compile time options: IPv6 GNU-getopt DBus no-UBus i18n IDN2 DHCP DHCPv6 no-Lua TFTP conntrack ipset no-nftset auth cryptohash DNSSEC loop-detect inotify dumpfile
Oct 17 17:37:09.421670 podb-esxi207 dnsmasq-dhcp[2718304]: DHCP, static leases only on 10.1.0.0, lease time 1d
Oct 17 17:37:09.421831 podb-esxi207 dnsmasq[2718304]: reading /etc/resolv.conf
Oct 17 17:37:09.421849 podb-esxi207 dnsmasq[2718304]: using nameserver 127.0.0.53#53
Oct 17 17:37:09.421962 podb-esxi207 dnsmasq[2718304]: read /opt/stack/data/neutron/dhcp/34e18e7d-1f3d-40e1-8aab-c74305f9b0ca/addn_hosts - 2 names
Oct 17 17:37:09.422016 podb-esxi207 dnsmasq-dhcp[2718304]: read /opt/stack/data/neutron/dhcp/34e18e7d-1f3d-40e1-8aab-c74305f9b0ca/host
Oct 17 17:37:09.422090 podb-esxi207 dnsmasq-dhcp[2718304]: read /opt/stack/data/neutron/dhcp/34e18e7d-1f3d-40e1-8aab-c74305f9b0ca/opts
Oct 17 17:37:12.683730 podb-esxi207 dnsmasq[2718902]: started, version 2.90 cachesize 150
Oct 17 17:37:12.683761 podb-esxi207 dnsmasq[2718902]: DNS service limited to local subnets
Oct 17 17:37:12.683776 podb-esxi207 dnsmasq[2718902]: compile time options: IPv6 GNU-getopt DBus no-UBus i18n IDN2 DHCP DHCPv6 no-Lua TFTP conntrack ipset no-nftset auth cryptohash DNSSEC loop-detect inotify dumpfile
Oct 17 17:37:12.683812 podb-esxi207 dnsmasq-dhcp[2718902]: DHCP, static leases only on 10.1.0.0, lease time 1d
Oct 17 17:37:12.684648 podb-esxi207 dnsmasq[2718902]: reading /etc/resolv.conf
Oct 17 17:37:12.684667 podb-esxi207 dnsmasq[2718902]: using nameserver 127.0.0.53#53
Oct 17 17:37:12.684793 podb-esxi207 dnsmasq[2718902]: read /opt/stack/data/neutron/dhcp/9c252777-fe48-4a05-aeaa-990ae202a704/addn_hosts - 2 names
Oct 17 17:37:12.684859 podb-esxi207 dnsmasq-dhcp[2718902]: read /opt/stack/data/neutron/dhcp/9c252777-fe48-4a05-aeaa-990ae202a704/host
Oct 17 17:37:12.684936 podb-esxi207 dnsmasq-dhcp[2718902]: read /opt/stack/data/neutron/dhcp/9c252777-fe48-4a05-aeaa-990ae202a704/opts
Oct 17 17:37:13.726549 podb-esxi207 dnsmasq[2716983]: read /opt/stack/data/neutron/dhcp/4ee05dab-eacb-4908-9c1f-9014071e5008/addn_hosts - 2 names
Oct 17 17:37:13.726670 podb-esxi207 dnsmasq-dhcp[2716983]: read /opt/stack/data/neutron/dhcp/4ee05dab-eacb-4908-9c1f-9014071e5008/host
Oct 17 17:37:13.726790 podb-esxi207 dnsmasq-dhcp[2716983]: read /opt/stack/data/neutron/dhcp/4ee05dab-eacb-4908-9c1f-9014071e5008/opts
Oct 17 17:37:16.690528 podb-esxi207 dnsmasq[2719292]: started, version 2.90 cachesize 150
Oct 17 17:37:16.690552 podb-esxi207 dnsmasq[2719292]: DNS service limited to local subnets
Oct 17 17:37:16.690567 podb-esxi207 dnsmasq[2719292]: compile time options: IPv6 GNU-getopt DBus no-UBus i18n IDN2 DHCP DHCPv6 no-Lua TFTP conntrack ipset no-nftset auth cryptohash DNSSEC loop-detect inotify dumpfile
Oct 17 17:37:16.690611 podb-esxi207 dnsmasq-dhcp[2719292]: DHCP, static leases only on 10.1.0.0, lease time 1d
Oct 17 17:37:16.690765 podb-esxi207 dnsmasq[2719292]: reading /etc/resolv.conf
Oct 17 17:37:16.690781 podb-esxi207 dnsmasq[2719292]: using nameserver 127.0.0.53#53
Oct 17 17:37:16.690898 podb-esxi207 dnsmasq[2719292]: read /opt/stack/data/neutron/dhcp/b4cdfb79-27d2-4f8e-949d-be133df69ddf/addn_hosts - 2 names
Oct 17 17:37:16.690954 podb-esxi207 dnsmasq-dhcp[2719292]: read /opt/stack/data/neutron/dhcp/b4cdfb79-27d2-4f8e-949d-be133df69ddf/host
Oct 17 17:37:16.691030 podb-esxi207 dnsmasq-dhcp[2719292]: read /opt/stack/data/neutron/dhcp/b4cdfb79-27d2-4f8e-949d-be133df69ddf/opts
Oct 17 17:37:20.324573 podb-esxi207 dnsmasq[2719585]: started, version 2.90 cachesize 150
Oct 17 17:37:20.324616 podb-esxi207 dnsmasq[2719585]: DNS service limited to local subnets
Oct 17 17:37:20.324647 podb-esxi207 dnsmasq[2719585]: compile time options: IPv6 GNU-getopt DBus no-UBus i18n IDN2 DHCP DHCPv6 no-Lua TFTP conntrack ipset no-nftset auth cryptohash DNSSEC loop-detect inotify dumpfile
Oct 17 17:37:20.324688 podb-esxi207 dnsmasq-dhcp[2719585]: DHCP, static leases only on 10.1.0.0, lease time 1d
Oct 17 17:37:20.324843 podb-esxi207 dnsmasq[2719585]: reading /etc/resolv.conf
Oct 17 17:37:20.324860 podb-esxi207 dnsmasq[2719585]: using nameserver 127.0.0.53#53
Oct 17 17:37:20.324990 podb-esxi207 dnsmasq[2719585]: read /opt/stack/data/neutron/dhcp/44bc2e61-dc3b-45f2-bc61-e3d8d28828d9/addn_hosts - 2 names
Oct 17 17:37:20.325055 podb-esxi207 dnsmasq-dhcp[2719585]: read /opt/stack/data/neutron/dhcp/44bc2e61-dc3b-45f2-bc61-e3d8d28828d9/host
Oct 17 17:37:20.325121 podb-esxi207 dnsmasq-dhcp[2719585]: read /opt/stack/data/neutron/dhcp/44bc2e61-dc3b-45f2-bc61-e3d8d28828d9/opts
Oct 17 17:37:22.950398 podb-esxi207 dnsmasq[2719701]: started, version 2.90 cachesize 150
Oct 17 17:37:22.950428 podb-esxi207 dnsmasq[2719701]: DNS service limited to local subnets
Oct 17 17:37:22.950444 podb-esxi207 dnsmasq[2719701]: compile time options: IPv6 GNU-getopt DBus no-UBus i18n IDN2 DHCP DHCPv6 no-Lua TFTP conntrack ipset no-nftset auth cryptohash DNSSEC loop-detect inotify dumpfile
Oct 17 17:37:22.950484 podb-esxi207 dnsmasq-dhcp[2719701]: DHCP, static leases only on 10.1.0.0, lease time 1d
Oct 17 17:37:22.950639 podb-esxi207 dnsmasq[2719701]: reading /etc/resolv.conf
Oct 17 17:37:22.950656 podb-esxi207 dnsmasq[2719701]: using nameserver 127.0.0.53#53
Oct 17 17:37:22.950849 podb-esxi207 dnsmasq[2719701]: read /opt/stack/data/neutron/dhcp/bf19c488-20bd-445b-9d4a-5e7439a0c373/addn_hosts - 2 names
Oct 17 17:37:22.950907 podb-esxi207 dnsmasq-dhcp[2719701]: read /opt/stack/data/neutron/dhcp/bf19c488-20bd-445b-9d4a-5e7439a0c373/host
Oct 17 17:37:22.950973 podb-esxi207 dnsmasq-dhcp[2719701]: read /opt/stack/data/neutron/dhcp/bf19c488-20bd-445b-9d4a-5e7439a0c373/opts
Oct 17 17:37:23.989850 podb-esxi207 dnsmasq[2717318]: read /opt/stack/data/neutron/dhcp/13d66d70-d1c0-47d0-b8ec-010c4c378a30/addn_hosts - 4 names
Oct 17 17:37:23.990000 podb-esxi207 dnsmasq-dhcp[2717318]: read /opt/stack/data/neutron/dhcp/13d66d70-d1c0-47d0-b8ec-010c4c378a30/host
Oct 17 17:37:23.990123 podb-esxi207 dnsmasq-dhcp[2717318]: read /opt/stack/data/neutron/dhcp/13d66d70-d1c0-47d0-b8ec-010c4c378a30/opts
Oct 17 17:37:25.246769 podb-esxi207 dnsmasq[2718304]: read /opt/stack/data/neutron/dhcp/34e18e7d-1f3d-40e1-8aab-c74305f9b0ca/addn_hosts - 4 names
Oct 17 17:37:25.246892 podb-esxi207 dnsmasq-dhcp[2718304]: read /opt/stack/data/neutron/dhcp/34e18e7d-1f3d-40e1-8aab-c74305f9b0ca/host
Oct 17 17:37:25.247002 podb-esxi207 dnsmasq-dhcp[2718304]: read /opt/stack/data/neutron/dhcp/34e18e7d-1f3d-40e1-8aab-c74305f9b0ca/opts
Oct 17 17:37:26.521321 podb-esxi207 dnsmasq[2718902]: read /opt/stack/data/neutron/dhcp/9c252777-fe48-4a05-aeaa-990ae202a704/addn_hosts - 4 names
Oct 17 17:37:26.521472 podb-esxi207 dnsmasq-dhcp[2718902]: read /opt/stack/data/neutron/dhcp/9c252777-fe48-4a05-aeaa-990ae202a704/host
Oct 17 17:37:26.521619 podb-esxi207 dnsmasq-dhcp[2718902]: read /opt/stack/data/neutron/dhcp/9c252777-fe48-4a05-aeaa-990ae202a704/opts
Oct 17 17:37:27.282200 podb-esxi207 dnsmasq[2716983]: read /opt/stack/data/neutron/dhcp/4ee05dab-eacb-4908-9c1f-9014071e5008/addn_hosts - 2 names
Oct 17 17:37:27.282309 podb-esxi207 dnsmasq-dhcp[2716983]: read /opt/stack/data/neutron/dhcp/4ee05dab-eacb-4908-9c1f-9014071e5008/host
Oct 17 17:37:27.282418 podb-esxi207 dnsmasq-dhcp[2716983]: read /opt/stack/data/neutron/dhcp/4ee05dab-eacb-4908-9c1f-9014071e5008/opts
Oct 17 17:37:28.597173 podb-esxi207 dnsmasq[2719292]: read /opt/stack/data/neutron/dhcp/b4cdfb79-27d2-4f8e-949d-be133df69ddf/addn_hosts - 2 names
Oct 17 17:37:28.597231 podb-esxi207 dnsmasq-dhcp[2719292]: read /opt/stack/data/neutron/dhcp/b4cdfb79-27d2-4f8e-949d-be133df69ddf/host
Oct 17 17:37:28.597269 podb-esxi207 dnsmasq-dhcp[2719292]: read /opt/stack/data/neutron/dhcp/b4cdfb79-27d2-4f8e-949d-be133df69ddf/opts
Oct 17 17:37:31.871877 podb-esxi207 dnsmasq[2719585]: read /opt/stack/data/neutron/dhcp/44bc2e61-dc3b-45f2-bc61-e3d8d28828d9/addn_hosts - 2 names
Oct 17 17:37:31.871987 podb-esxi207 dnsmasq-dhcp[2719585]: read /opt/stack/data/neutron/dhcp/44bc2e61-dc3b-45f2-bc61-e3d8d28828d9/host
Oct 17 17:37:31.872118 podb-esxi207 dnsmasq-dhcp[2719585]: read /opt/stack/data/neutron/dhcp/44bc2e61-dc3b-45f2-bc61-e3d8d28828d9/opts
Oct 17 17:37:34.609558 podb-esxi207 dnsmasq[2720101]: started, version 2.90 cachesize 150
Oct 17 17:37:34.609580 podb-esxi207 dnsmasq[2720101]: DNS service limited to local subnets
Oct 17 17:37:34.609594 podb-esxi207 dnsmasq[2720101]: compile time options: IPv6 GNU-getopt DBus no-UBus i18n IDN2 DHCP DHCPv6 no-Lua TFTP conntrack ipset no-nftset auth cryptohash DNSSEC loop-detect inotify dumpfile
Oct 17 17:37:34.609633 podb-esxi207 dnsmasq-dhcp[2720101]: DHCP, static leases only on 10.1.0.0, lease time 1d
Oct 17 17:37:34.609781 podb-esxi207 dnsmasq[2720101]: reading /etc/resolv.conf
Oct 17 17:37:34.609797 podb-esxi207 dnsmasq[2720101]: using nameserver 127.0.0.53#53
Oct 17 17:37:34.609904 podb-esxi207 dnsmasq[2720101]: read /opt/stack/data/neutron/dhcp/192cb0c1-0243-49c5-b2ab-73487571e345/addn_hosts - 2 names
Oct 17 17:37:34.609958 podb-esxi207 dnsmasq-dhcp[2720101]: read /opt/stack/data/neutron/dhcp/192cb0c1-0243-49c5-b2ab-73487571e345/host
Oct 17 17:37:34.610031 podb-esxi207 dnsmasq-dhcp[2720101]: read /opt/stack/data/neutron/dhcp/192cb0c1-0243-49c5-b2ab-73487571e345/opts
Oct 17 17:37:37.131222 podb-esxi207 dnsmasq[2720200]: started, version 2.90 cachesize 150
Oct 17 17:37:37.131246 podb-esxi207 dnsmasq[2720200]: DNS service limited to local subnets
Oct 17 17:37:37.131261 podb-esxi207 dnsmasq[2720200]: compile time options: IPv6 GNU-getopt DBus no-UBus i18n IDN2 DHCP DHCPv6 no-Lua TFTP conntrack ipset no-nftset auth cryptohash DNSSEC loop-detect inotify dumpfile
Oct 17 17:37:37.131295 podb-esxi207 dnsmasq-dhcp[2720200]: DHCP, static leases only on 10.1.0.0, lease time 1d
Oct 17 17:37:37.131441 podb-esxi207 dnsmasq[2720200]: reading /etc/resolv.conf
Oct 17 17:37:37.131457 podb-esxi207 dnsmasq[2720200]: using nameserver 127.0.0.53#53
Oct 17 17:37:37.131562 podb-esxi207 dnsmasq[2720200]: read /opt/stack/data/neutron/dhcp/9ef1adba-9a4c-40d9-bedf-cf76e3322915/addn_hosts - 2 names
Oct 17 17:37:37.131621 podb-esxi207 dnsmasq-dhcp[2720200]: read /opt/stack/data/neutron/dhcp/9ef1adba-9a4c-40d9-bedf-cf76e3322915/host
Oct 17 17:37:37.131686 podb-esxi207 dnsmasq-dhcp[2720200]: read /opt/stack/data/neutron/dhcp/9ef1adba-9a4c-40d9-bedf-cf76e3322915/opts
Oct 17 17:37:37.662555 podb-esxi207 dnsmasq[2717318]: read /opt/stack/data/neutron/dhcp/13d66d70-d1c0-47d0-b8ec-010c4c378a30/addn_hosts - 4 names
Oct 17 17:37:37.662674 podb-esxi207 dnsmasq-dhcp[2717318]: read /opt/stack/data/neutron/dhcp/13d66d70-d1c0-47d0-b8ec-010c4c378a30/host
Oct 17 17:37:37.662778 podb-esxi207 dnsmasq-dhcp[2717318]: read /opt/stack/data/neutron/dhcp/13d66d70-d1c0-47d0-b8ec-010c4c378a30/opts
Oct 17 17:37:38.388352 podb-esxi207 dnsmasq[2718304]: read /opt/stack/data/neutron/dhcp/34e18e7d-1f3d-40e1-8aab-c74305f9b0ca/addn_hosts - 4 names
Oct 17 17:37:38.388454 podb-esxi207 dnsmasq-dhcp[2718304]: read /opt/stack/data/neutron/dhcp/34e18e7d-1f3d-40e1-8aab-c74305f9b0ca/host
Oct 17 17:37:38.388524 podb-esxi207 dnsmasq-dhcp[2718304]: read /opt/stack/data/neutron/dhcp/34e18e7d-1f3d-40e1-8aab-c74305f9b0ca/opts
Oct 17 17:37:39.122888 podb-esxi207 dnsmasq[2718902]: read /opt/stack/data/neutron/dhcp/9c252777-fe48-4a05-aeaa-990ae202a704/addn_hosts - 4 names
Oct 17 17:37:39.122984 podb-esxi207 dnsmasq-dhcp[2718902]: read /opt/stack/data/neutron/dhcp/9c252777-fe48-4a05-aeaa-990ae202a704/host
Oct 17 17:37:39.123078 podb-esxi207 dnsmasq-dhcp[2718902]: read /opt/stack/data/neutron/dhcp/9c252777-fe48-4a05-aeaa-990ae202a704/opts
Oct 17 17:37:39.859475 podb-esxi207 dnsmasq[2716983]: read /opt/stack/data/neutron/dhcp/4ee05dab-eacb-4908-9c1f-9014071e5008/addn_hosts - 2 names
Oct 17 17:37:39.859568 podb-esxi207 dnsmasq-dhcp[2716983]: read /opt/stack/data/neutron/dhcp/4ee05dab-eacb-4908-9c1f-9014071e5008/host
Oct 17 17:37:39.859672 podb-esxi207 dnsmasq-dhcp[2716983]: read /opt/stack/data/neutron/dhcp/4ee05dab-eacb-4908-9c1f-9014071e5008/opts
Oct 17 17:37:42.574651 podb-esxi207 dnsmasq[2720346]: started, version 2.90 cachesize 150
Oct 17 17:37:42.574677 podb-esxi207 dnsmasq[2720346]: DNS service limited to local subnets
Oct 17 17:37:42.574701 podb-esxi207 dnsmasq[2720346]: compile time options: IPv6 GNU-getopt DBus no-UBus i18n IDN2 DHCP DHCPv6 no-Lua TFTP conntrack ipset no-nftset auth cryptohash DNSSEC loop-detect inotify dumpfile
Oct 17 17:37:42.574746 podb-esxi207 dnsmasq-dhcp[2720346]: DHCP, static leases only on 10.10.10.0, lease time 1d
Oct 17 17:37:42.574942 podb-esxi207 dnsmasq[2720346]: reading /etc/resolv.conf
Oct 17 17:37:42.574963 podb-esxi207 dnsmasq[2720346]: using nameserver 127.0.0.53#53
Oct 17 17:37:42.575065 podb-esxi207 dnsmasq[2720346]: read /opt/stack/data/neutron/dhcp/05757563-ed60-4336-8122-0bbc2dfbc41d/addn_hosts - 0 names
Oct 17 17:37:42.575125 podb-esxi207 dnsmasq-dhcp[2720346]: read /opt/stack/data/neutron/dhcp/05757563-ed60-4336-8122-0bbc2dfbc41d/host
Oct 17 17:37:42.575198 podb-esxi207 dnsmasq-dhcp[2720346]: read /opt/stack/data/neutron/dhcp/05757563-ed60-4336-8122-0bbc2dfbc41d/opts
Oct 17 17:37:46.169791 podb-esxi207 dnsmasq[2720463]: started, version 2.90 cachesize 150
Oct 17 17:37:46.169819 podb-esxi207 dnsmasq[2720463]: DNS service limited to local subnets
Oct 17 17:37:46.169834 podb-esxi207 dnsmasq[2720463]: compile time options: IPv6 GNU-getopt DBus no-UBus i18n IDN2 DHCP DHCPv6 no-Lua TFTP conntrack ipset no-nftset auth cryptohash DNSSEC loop-detect inotify dumpfile
Oct 17 17:37:46.169874 podb-esxi207 dnsmasq-dhcp[2720463]: DHCP, static leases only on 10.1.0.0, lease time 1d
Oct 17 17:37:46.170024 podb-esxi207 dnsmasq[2720463]: reading /etc/resolv.conf
Oct 17 17:37:46.170040 podb-esxi207 dnsmasq[2720463]: using nameserver 127.0.0.53#53
Oct 17 17:37:46.170151 podb-esxi207 dnsmasq[2720463]: read /opt/stack/data/neutron/dhcp/07d090c1-4331-4b7e-92bb-d0e11a99b6d9/addn_hosts - 2 names
Oct 17 17:37:46.170205 podb-esxi207 dnsmasq-dhcp[2720463]: read /opt/stack/data/neutron/dhcp/07d090c1-4331-4b7e-92bb-d0e11a99b6d9/host
Oct 17 17:37:46.170269 podb-esxi207 dnsmasq-dhcp[2720463]: read /opt/stack/data/neutron/dhcp/07d090c1-4331-4b7e-92bb-d0e11a99b6d9/opts
Oct 17 17:37:46.822555 podb-esxi207 dnsmasq-dhcp[2716983]: DHCPDISCOVER(tapcb79915d-87) fa:16:3e:4e:07:ed no address available
Oct 17 17:37:47.199520 podb-esxi207 dnsmasq-dhcp[2718902]: DHCPDISCOVER(tap5cdfc0a5-76) fa:16:3e:0f:29:7e
Oct 17 17:37:47.199548 podb-esxi207 dnsmasq-dhcp[2718902]: DHCPOFFER(tap5cdfc0a5-76) 10.1.0.7 fa:16:3e:0f:29:7e
Oct 17 17:37:47.214510 podb-esxi207 dnsmasq-dhcp[2718902]: DHCPREQUEST(tap5cdfc0a5-76) 10.1.0.7 fa:16:3e:0f:29:7e
Oct 17 17:37:47.214541 podb-esxi207 dnsmasq-dhcp[2718902]: DHCPACK(tap5cdfc0a5-76) 10.1.0.7 fa:16:3e:0f:29:7e host-10-1-0-7
Oct 17 17:37:47.711958 podb-esxi207 dnsmasq[2720101]: read /opt/stack/data/neutron/dhcp/192cb0c1-0243-49c5-b2ab-73487571e345/addn_hosts - 2 names
Oct 17 17:37:47.712037 podb-esxi207 dnsmasq-dhcp[2720101]: read /opt/stack/data/neutron/dhcp/192cb0c1-0243-49c5-b2ab-73487571e345/host
Oct 17 17:37:47.712124 podb-esxi207 dnsmasq-dhcp[2720101]: read /opt/stack/data/neutron/dhcp/192cb0c1-0243-49c5-b2ab-73487571e345/opts
Oct 17 17:37:48.149901 podb-esxi207 dnsmasq-dhcp[2717318]: DHCPDISCOVER(tap7a2cff5d-10) fa:16:3e:95:e3:c4
Oct 17 17:37:48.149926 podb-esxi207 dnsmasq-dhcp[2717318]: DHCPOFFER(tap7a2cff5d-10) 10.1.0.12 fa:16:3e:95:e3:c4
Oct 17 17:37:48.164248 podb-esxi207 dnsmasq-dhcp[2717318]: DHCPREQUEST(tap7a2cff5d-10) 10.1.0.12 fa:16:3e:95:e3:c4
Oct 17 17:37:48.164280 podb-esxi207 dnsmasq-dhcp[2717318]: DHCPACK(tap7a2cff5d-10) 10.1.0.12 fa:16:3e:95:e3:c4 host-10-1-0-12
Oct 17 17:37:48.956823 podb-esxi207 dnsmasq[2720200]: read /opt/stack/data/neutron/dhcp/9ef1adba-9a4c-40d9-bedf-cf76e3322915/addn_hosts - 2 names
Oct 17 17:37:48.956910 podb-esxi207 dnsmasq-dhcp[2720200]: read /opt/stack/data/neutron/dhcp/9ef1adba-9a4c-40d9-bedf-cf76e3322915/host
Oct 17 17:37:48.957000 podb-esxi207 dnsmasq-dhcp[2720200]: read /opt/stack/data/neutron/dhcp/9ef1adba-9a4c-40d9-bedf-cf76e3322915/opts
Oct 17 17:37:49.696070 podb-esxi207 dnsmasq[2719292]: read /opt/stack/data/neutron/dhcp/b4cdfb79-27d2-4f8e-949d-be133df69ddf/addn_hosts - 2 names
Oct 17 17:37:49.696181 podb-esxi207 dnsmasq-dhcp[2719292]: read /opt/stack/data/neutron/dhcp/b4cdfb79-27d2-4f8e-949d-be133df69ddf/host
Oct 17 17:37:49.696275 podb-esxi207 dnsmasq-dhcp[2719292]: read /opt/stack/data/neutron/dhcp/b4cdfb79-27d2-4f8e-949d-be133df69ddf/opts
Oct 17 17:37:50.430120 podb-esxi207 dnsmasq[2717318]: read /opt/stack/data/neutron/dhcp/13d66d70-d1c0-47d0-b8ec-010c4c378a30/addn_hosts - 4 names
Oct 17 17:37:50.430235 podb-esxi207 dnsmasq-dhcp[2717318]: read /opt/stack/data/neutron/dhcp/13d66d70-d1c0-47d0-b8ec-010c4c378a30/host
Oct 17 17:37:50.430342 podb-esxi207 dnsmasq-dhcp[2717318]: read /opt/stack/data/neutron/dhcp/13d66d70-d1c0-47d0-b8ec-010c4c378a30/opts
Oct 17 17:37:51.157314 podb-esxi207 dnsmasq[2718304]: read /opt/stack/data/neutron/dhcp/34e18e7d-1f3d-40e1-8aab-c74305f9b0ca/addn_hosts - 4 names
Oct 17 17:37:51.157396 podb-esxi207 dnsmasq-dhcp[2718304]: read /opt/stack/data/neutron/dhcp/34e18e7d-1f3d-40e1-8aab-c74305f9b0ca/host
Oct 17 17:37:51.157473 podb-esxi207 dnsmasq-dhcp[2718304]: read /opt/stack/data/neutron/dhcp/34e18e7d-1f3d-40e1-8aab-c74305f9b0ca/opts
