Oct 14 20:22:38.415927 devstack-u2204-93-55 dnsmasq[1132254]: read /opt/stack/data/neutron/dhcp/d250e711-5bb6-432e-856a-23e667735f16/addn_hosts - 2 names
Oct 14 20:22:38.416019 devstack-u2204-93-55 dnsmasq-dhcp[1132254]: read /opt/stack/data/neutron/dhcp/d250e711-5bb6-432e-856a-23e667735f16/host
Oct 14 20:22:38.416122 devstack-u2204-93-55 dnsmasq-dhcp[1132254]: read /opt/stack/data/neutron/dhcp/d250e711-5bb6-432e-856a-23e667735f16/opts
Oct 14 20:22:38.449925 devstack-u2204-93-55 dnsmasq[1131574]: exiting on receipt of SIGTERM
Oct 14 20:22:39.039825 devstack-u2204-93-55 dnsmasq[1132089]: exiting on receipt of SIGTERM
Oct 14 20:22:41.658660 devstack-u2204-93-55 dnsmasq[1131879]: exiting on receipt of SIGTERM
Oct 14 20:22:43.773240 devstack-u2204-93-55 dnsmasq[1131317]: exiting on receipt of SIGTERM
Oct 14 20:22:44.866207 devstack-u2204-93-55 dnsmasq[1132254]: exiting on receipt of SIGTERM
Oct 14 20:23:54.232094 devstack-u2204-93-55 dnsmasq[1132603]: started, version 2.90 cachesize 150
Oct 14 20:23:54.232146 devstack-u2204-93-55 dnsmasq[1132603]: DNS service limited to local subnets
Oct 14 20:23:54.232171 devstack-u2204-93-55 dnsmasq[1132603]: compile time options: IPv6 GNU-getopt DBus no-UBus i18n IDN2 DHCP DHCPv6 no-Lua TFTP conntrack ipset no-nftset auth cryptohash DNSSEC loop-detect inotify dumpfile
Oct 14 20:23:54.232238 devstack-u2204-93-55 dnsmasq-dhcp[1132603]: DHCP, static leases only on 10.1.0.0, lease time 1d
Oct 14 20:23:54.232482 devstack-u2204-93-55 dnsmasq[1132603]: reading /etc/resolv.conf
Oct 14 20:23:54.232541 devstack-u2204-93-55 dnsmasq[1132603]: using nameserver 127.0.0.53#53
Oct 14 20:23:54.232664 devstack-u2204-93-55 dnsmasq[1132603]: read /opt/stack/data/neutron/dhcp/052d6ef6-74dd-4d17-8b75-9d4338290ddc/addn_hosts - 0 names
Oct 14 20:23:54.232770 devstack-u2204-93-55 dnsmasq-dhcp[1132603]: read /opt/stack/data/neutron/dhcp/052d6ef6-74dd-4d17-8b75-9d4338290ddc/host
Oct 14 20:23:54.232882 devstack-u2204-93-55 dnsmasq-dhcp[1132603]: read /opt/stack/data/neutron/dhcp/052d6ef6-74dd-4d17-8b75-9d4338290ddc/opts
Oct 14 20:23:55.801248 devstack-u2204-93-55 dnsmasq[1132603]: read /opt/stack/data/neutron/dhcp/052d6ef6-74dd-4d17-8b75-9d4338290ddc/addn_hosts - 2 names
Oct 14 20:23:55.801359 devstack-u2204-93-55 dnsmasq-dhcp[1132603]: read /opt/stack/data/neutron/dhcp/052d6ef6-74dd-4d17-8b75-9d4338290ddc/host
Oct 14 20:23:55.801449 devstack-u2204-93-55 dnsmasq-dhcp[1132603]: read /opt/stack/data/neutron/dhcp/052d6ef6-74dd-4d17-8b75-9d4338290ddc/opts
Oct 14 20:23:59.823777 devstack-u2204-93-55 dnsmasq[1132821]: started, version 2.90 cachesize 150
Oct 14 20:23:59.823844 devstack-u2204-93-55 dnsmasq[1132821]: DNS service limited to local subnets
Oct 14 20:23:59.823878 devstack-u2204-93-55 dnsmasq[1132821]: compile time options: IPv6 GNU-getopt DBus no-UBus i18n IDN2 DHCP DHCPv6 no-Lua TFTP conntrack ipset no-nftset auth cryptohash DNSSEC loop-detect inotify dumpfile
Oct 14 20:23:59.823953 devstack-u2204-93-55 dnsmasq-dhcp[1132821]: DHCP, static leases only on 10.1.0.0, lease time 1d
Oct 14 20:23:59.824293 devstack-u2204-93-55 dnsmasq[1132821]: reading /etc/resolv.conf
Oct 14 20:23:59.824340 devstack-u2204-93-55 dnsmasq[1132821]: using nameserver 127.0.0.53#53
Oct 14 20:23:59.824488 devstack-u2204-93-55 dnsmasq[1132821]: read /opt/stack/data/neutron/dhcp/870b57d2-eb13-4cd8-a8d2-9af77c1f42b0/addn_hosts - 0 names
Oct 14 20:23:59.824635 devstack-u2204-93-55 dnsmasq-dhcp[1132821]: read /opt/stack/data/neutron/dhcp/870b57d2-eb13-4cd8-a8d2-9af77c1f42b0/host
Oct 14 20:23:59.824774 devstack-u2204-93-55 dnsmasq-dhcp[1132821]: read /opt/stack/data/neutron/dhcp/870b57d2-eb13-4cd8-a8d2-9af77c1f42b0/opts
Oct 14 20:24:00.369996 devstack-u2204-93-55 dnsmasq[1132603]: read /opt/stack/data/neutron/dhcp/052d6ef6-74dd-4d17-8b75-9d4338290ddc/addn_hosts - 2 names
Oct 14 20:24:00.370116 devstack-u2204-93-55 dnsmasq-dhcp[1132603]: read /opt/stack/data/neutron/dhcp/052d6ef6-74dd-4d17-8b75-9d4338290ddc/host
Oct 14 20:24:00.370243 devstack-u2204-93-55 dnsmasq-dhcp[1132603]: read /opt/stack/data/neutron/dhcp/052d6ef6-74dd-4d17-8b75-9d4338290ddc/opts
Oct 14 20:24:02.317472 devstack-u2204-93-55 dnsmasq[1132821]: read /opt/stack/data/neutron/dhcp/870b57d2-eb13-4cd8-a8d2-9af77c1f42b0/addn_hosts - 2 names
Oct 14 20:24:02.317676 devstack-u2204-93-55 dnsmasq-dhcp[1132821]: read /opt/stack/data/neutron/dhcp/870b57d2-eb13-4cd8-a8d2-9af77c1f42b0/host
Oct 14 20:24:02.317778 devstack-u2204-93-55 dnsmasq-dhcp[1132821]: read /opt/stack/data/neutron/dhcp/870b57d2-eb13-4cd8-a8d2-9af77c1f42b0/opts
Oct 14 20:24:03.255602 devstack-u2204-93-55 dnsmasq[1132603]: read /opt/stack/data/neutron/dhcp/052d6ef6-74dd-4d17-8b75-9d4338290ddc/addn_hosts - 2 names
Oct 14 20:24:03.255720 devstack-u2204-93-55 dnsmasq-dhcp[1132603]: read /opt/stack/data/neutron/dhcp/052d6ef6-74dd-4d17-8b75-9d4338290ddc/host
Oct 14 20:24:03.255813 devstack-u2204-93-55 dnsmasq-dhcp[1132603]: read /opt/stack/data/neutron/dhcp/052d6ef6-74dd-4d17-8b75-9d4338290ddc/opts
Oct 14 20:24:05.195748 devstack-u2204-93-55 dnsmasq[1132821]: read /opt/stack/data/neutron/dhcp/870b57d2-eb13-4cd8-a8d2-9af77c1f42b0/addn_hosts - 2 names
Oct 14 20:24:05.195877 devstack-u2204-93-55 dnsmasq-dhcp[1132821]: read /opt/stack/data/neutron/dhcp/870b57d2-eb13-4cd8-a8d2-9af77c1f42b0/host
Oct 14 20:24:05.195970 devstack-u2204-93-55 dnsmasq-dhcp[1132821]: read /opt/stack/data/neutron/dhcp/870b57d2-eb13-4cd8-a8d2-9af77c1f42b0/opts
Oct 14 20:24:06.652331 devstack-u2204-93-55 dnsmasq[1132821]: read /opt/stack/data/neutron/dhcp/870b57d2-eb13-4cd8-a8d2-9af77c1f42b0/addn_hosts - 2 names
Oct 14 20:24:06.652470 devstack-u2204-93-55 dnsmasq-dhcp[1132821]: read /opt/stack/data/neutron/dhcp/870b57d2-eb13-4cd8-a8d2-9af77c1f42b0/host
Oct 14 20:24:06.652721 devstack-u2204-93-55 dnsmasq-dhcp[1132821]: read /opt/stack/data/neutron/dhcp/870b57d2-eb13-4cd8-a8d2-9af77c1f42b0/opts
Oct 14 20:24:10.752860 devstack-u2204-93-55 dnsmasq[1132603]: read /opt/stack/data/neutron/dhcp/052d6ef6-74dd-4d17-8b75-9d4338290ddc/addn_hosts - 4 names
Oct 14 20:24:10.753048 devstack-u2204-93-55 dnsmasq-dhcp[1132603]: read /opt/stack/data/neutron/dhcp/052d6ef6-74dd-4d17-8b75-9d4338290ddc/host
Oct 14 20:24:10.753183 devstack-u2204-93-55 dnsmasq-dhcp[1132603]: read /opt/stack/data/neutron/dhcp/052d6ef6-74dd-4d17-8b75-9d4338290ddc/opts
Oct 14 20:24:45.835300 devstack-u2204-93-55 dnsmasq[1133332]: started, version 2.90 cachesize 150
Oct 14 20:24:45.835346 devstack-u2204-93-55 dnsmasq[1133332]: DNS service limited to local subnets
Oct 14 20:24:45.835371 devstack-u2204-93-55 dnsmasq[1133332]: compile time options: IPv6 GNU-getopt DBus no-UBus i18n IDN2 DHCP DHCPv6 no-Lua TFTP conntrack ipset no-nftset auth cryptohash DNSSEC loop-detect inotify dumpfile
Oct 14 20:24:45.835426 devstack-u2204-93-55 dnsmasq-dhcp[1133332]: DHCP, static leases only on 10.1.0.0, lease time 1d
Oct 14 20:24:45.835699 devstack-u2204-93-55 dnsmasq[1133332]: reading /etc/resolv.conf
Oct 14 20:24:45.835725 devstack-u2204-93-55 dnsmasq[1133332]: using nameserver 127.0.0.53#53
Oct 14 20:24:45.835832 devstack-u2204-93-55 dnsmasq[1133332]: read /opt/stack/data/neutron/dhcp/f7f0c430-3ea6-434c-b8df-60657910e93d/addn_hosts - 0 names
Oct 14 20:24:45.835911 devstack-u2204-93-55 dnsmasq-dhcp[1133332]: read /opt/stack/data/neutron/dhcp/f7f0c430-3ea6-434c-b8df-60657910e93d/host
Oct 14 20:24:45.836014 devstack-u2204-93-55 dnsmasq-dhcp[1133332]: read /opt/stack/data/neutron/dhcp/f7f0c430-3ea6-434c-b8df-60657910e93d/opts
Oct 14 20:24:47.390610 devstack-u2204-93-55 dnsmasq[1133332]: read /opt/stack/data/neutron/dhcp/f7f0c430-3ea6-434c-b8df-60657910e93d/addn_hosts - 2 names
Oct 14 20:24:47.390716 devstack-u2204-93-55 dnsmasq-dhcp[1133332]: read /opt/stack/data/neutron/dhcp/f7f0c430-3ea6-434c-b8df-60657910e93d/host
Oct 14 20:24:47.390820 devstack-u2204-93-55 dnsmasq-dhcp[1133332]: read /opt/stack/data/neutron/dhcp/f7f0c430-3ea6-434c-b8df-60657910e93d/opts
Oct 14 20:24:49.523163 devstack-u2204-93-55 dnsmasq-dhcp[1132603]: DHCPDISCOVER(tap3e7af766-eb) fa:16:3e:68:eb:59
Oct 14 20:24:49.523210 devstack-u2204-93-55 dnsmasq-dhcp[1132603]: DHCPOFFER(tap3e7af766-eb) 10.1.0.6 fa:16:3e:68:eb:59
Oct 14 20:24:49.555916 devstack-u2204-93-55 dnsmasq-dhcp[1132603]: DHCPREQUEST(tap3e7af766-eb) 10.1.0.6 fa:16:3e:68:eb:59
Oct 14 20:24:49.555961 devstack-u2204-93-55 dnsmasq-dhcp[1132603]: DHCPACK(tap3e7af766-eb) 10.1.0.6 fa:16:3e:68:eb:59 host-10-1-0-6
Oct 14 20:24:51.678008 devstack-u2204-93-55 dnsmasq[1133584]: started, version 2.90 cachesize 150
Oct 14 20:24:51.678043 devstack-u2204-93-55 dnsmasq[1133584]: DNS service limited to local subnets
Oct 14 20:24:51.678060 devstack-u2204-93-55 dnsmasq[1133584]: compile time options: IPv6 GNU-getopt DBus no-UBus i18n IDN2 DHCP DHCPv6 no-Lua TFTP conntrack ipset no-nftset auth cryptohash DNSSEC loop-detect inotify dumpfile
Oct 14 20:24:51.678099 devstack-u2204-93-55 dnsmasq-dhcp[1133584]: DHCP, static leases only on 10.1.0.0, lease time 1d
Oct 14 20:24:51.678272 devstack-u2204-93-55 dnsmasq[1133584]: reading /etc/resolv.conf
Oct 14 20:24:51.678289 devstack-u2204-93-55 dnsmasq[1133584]: using nameserver 127.0.0.53#53
Oct 14 20:24:51.678364 devstack-u2204-93-55 dnsmasq[1133584]: read /opt/stack/data/neutron/dhcp/c4e2da8d-cf66-4ca4-96dc-cf9b107ef0a7/addn_hosts - 0 names
Oct 14 20:24:51.678423 devstack-u2204-93-55 dnsmasq-dhcp[1133584]: read /opt/stack/data/neutron/dhcp/c4e2da8d-cf66-4ca4-96dc-cf9b107ef0a7/host
Oct 14 20:24:51.678490 devstack-u2204-93-55 dnsmasq-dhcp[1133584]: read /opt/stack/data/neutron/dhcp/c4e2da8d-cf66-4ca4-96dc-cf9b107ef0a7/opts
Oct 14 20:24:52.228084 devstack-u2204-93-55 dnsmasq[1133332]: read /opt/stack/data/neutron/dhcp/f7f0c430-3ea6-434c-b8df-60657910e93d/addn_hosts - 2 names
Oct 14 20:24:52.228206 devstack-u2204-93-55 dnsmasq-dhcp[1133332]: read /opt/stack/data/neutron/dhcp/f7f0c430-3ea6-434c-b8df-60657910e93d/host
Oct 14 20:24:52.228298 devstack-u2204-93-55 dnsmasq-dhcp[1133332]: read /opt/stack/data/neutron/dhcp/f7f0c430-3ea6-434c-b8df-60657910e93d/opts
Oct 14 20:24:54.199478 devstack-u2204-93-55 dnsmasq[1133584]: read /opt/stack/data/neutron/dhcp/c4e2da8d-cf66-4ca4-96dc-cf9b107ef0a7/addn_hosts - 2 names
Oct 14 20:24:54.199555 devstack-u2204-93-55 dnsmasq-dhcp[1133584]: read /opt/stack/data/neutron/dhcp/c4e2da8d-cf66-4ca4-96dc-cf9b107ef0a7/host
Oct 14 20:24:54.199621 devstack-u2204-93-55 dnsmasq-dhcp[1133584]: read /opt/stack/data/neutron/dhcp/c4e2da8d-cf66-4ca4-96dc-cf9b107ef0a7/opts
Oct 14 20:24:55.144775 devstack-u2204-93-55 dnsmasq[1133332]: read /opt/stack/data/neutron/dhcp/f7f0c430-3ea6-434c-b8df-60657910e93d/addn_hosts - 2 names
Oct 14 20:24:55.144900 devstack-u2204-93-55 dnsmasq-dhcp[1133332]: read /opt/stack/data/neutron/dhcp/f7f0c430-3ea6-434c-b8df-60657910e93d/host
Oct 14 20:24:55.144999 devstack-u2204-93-55 dnsmasq-dhcp[1133332]: read /opt/stack/data/neutron/dhcp/f7f0c430-3ea6-434c-b8df-60657910e93d/opts
Oct 14 20:24:56.576013 devstack-u2204-93-55 dnsmasq[1133584]: read /opt/stack/data/neutron/dhcp/c4e2da8d-cf66-4ca4-96dc-cf9b107ef0a7/addn_hosts - 2 names
Oct 14 20:24:56.576101 devstack-u2204-93-55 dnsmasq-dhcp[1133584]: read /opt/stack/data/neutron/dhcp/c4e2da8d-cf66-4ca4-96dc-cf9b107ef0a7/host
Oct 14 20:24:56.576170 devstack-u2204-93-55 dnsmasq-dhcp[1133584]: read /opt/stack/data/neutron/dhcp/c4e2da8d-cf66-4ca4-96dc-cf9b107ef0a7/opts
Oct 14 20:24:58.010612 devstack-u2204-93-55 dnsmasq[1133584]: read /opt/stack/data/neutron/dhcp/c4e2da8d-cf66-4ca4-96dc-cf9b107ef0a7/addn_hosts - 2 names
Oct 14 20:24:58.010781 devstack-u2204-93-55 dnsmasq-dhcp[1133584]: read /opt/stack/data/neutron/dhcp/c4e2da8d-cf66-4ca4-96dc-cf9b107ef0a7/host
Oct 14 20:24:58.010956 devstack-u2204-93-55 dnsmasq-dhcp[1133584]: read /opt/stack/data/neutron/dhcp/c4e2da8d-cf66-4ca4-96dc-cf9b107ef0a7/opts
Oct 14 20:26:27.069829 devstack-u2204-93-55 dnsmasq[1133332]: read /opt/stack/data/neutron/dhcp/f7f0c430-3ea6-434c-b8df-60657910e93d/addn_hosts - 0 names
Oct 14 20:26:27.069965 devstack-u2204-93-55 dnsmasq-dhcp[1133332]: read /opt/stack/data/neutron/dhcp/f7f0c430-3ea6-434c-b8df-60657910e93d/host
Oct 14 20:26:27.070096 devstack-u2204-93-55 dnsmasq-dhcp[1133332]: read /opt/stack/data/neutron/dhcp/f7f0c430-3ea6-434c-b8df-60657910e93d/opts
Oct 14 20:26:28.647594 devstack-u2204-93-55 dnsmasq[1133332]: exiting on receipt of SIGTERM
Oct 14 20:26:30.055288 devstack-u2204-93-55 dnsmasq[1133584]: read /opt/stack/data/neutron/dhcp/c4e2da8d-cf66-4ca4-96dc-cf9b107ef0a7/addn_hosts - 0 names
Oct 14 20:26:30.055398 devstack-u2204-93-55 dnsmasq-dhcp[1133584]: read /opt/stack/data/neutron/dhcp/c4e2da8d-cf66-4ca4-96dc-cf9b107ef0a7/host
Oct 14 20:26:30.055481 devstack-u2204-93-55 dnsmasq-dhcp[1133584]: read /opt/stack/data/neutron/dhcp/c4e2da8d-cf66-4ca4-96dc-cf9b107ef0a7/opts
Oct 14 20:26:31.723059 devstack-u2204-93-55 dnsmasq[1133584]: exiting on receipt of SIGTERM
Oct 14 20:27:23.539888 devstack-u2204-93-55 dnsmasq[1132603]: read /opt/stack/data/neutron/dhcp/052d6ef6-74dd-4d17-8b75-9d4338290ddc/addn_hosts - 6 names
Oct 14 20:27:23.540029 devstack-u2204-93-55 dnsmasq-dhcp[1132603]: read /opt/stack/data/neutron/dhcp/052d6ef6-74dd-4d17-8b75-9d4338290ddc/host
Oct 14 20:27:23.540123 devstack-u2204-93-55 dnsmasq-dhcp[1132603]: read /opt/stack/data/neutron/dhcp/052d6ef6-74dd-4d17-8b75-9d4338290ddc/opts
Oct 14 20:27:59.682913 devstack-u2204-93-55 dnsmasq-dhcp[1132603]: DHCPDISCOVER(tap3e7af766-eb) fa:16:3e:8c:63:89
Oct 14 20:27:59.682962 devstack-u2204-93-55 dnsmasq-dhcp[1132603]: DHCPOFFER(tap3e7af766-eb) 10.1.0.8 fa:16:3e:8c:63:89
Oct 14 20:27:59.713566 devstack-u2204-93-55 dnsmasq-dhcp[1132603]: DHCPREQUEST(tap3e7af766-eb) 10.1.0.8 fa:16:3e:8c:63:89
Oct 14 20:27:59.713625 devstack-u2204-93-55 dnsmasq-dhcp[1132603]: DHCPACK(tap3e7af766-eb) 10.1.0.8 fa:16:3e:8c:63:89 host-10-1-0-8
Oct 14 20:44:28.455391 devstack-u2204-93-55 dnsmasq-dhcp[1132603]: DHCPRELEASE(tap3e7af766-eb) 10.1.0.8 fa:16:3e:8c:63:89
Oct 14 20:44:28.480174 devstack-u2204-93-55 dnsmasq-dhcp[1132603]: DHCPRELEASE(tap3e7af766-eb) 10.1.0.8 fa:16:3e:8c:63:89 unknown lease
Oct 14 20:44:29.316163 devstack-u2204-93-55 dnsmasq[1132603]: read /opt/stack/data/neutron/dhcp/052d6ef6-74dd-4d17-8b75-9d4338290ddc/addn_hosts - 4 names
Oct 14 20:44:29.316294 devstack-u2204-93-55 dnsmasq-dhcp[1132603]: read /opt/stack/data/neutron/dhcp/052d6ef6-74dd-4d17-8b75-9d4338290ddc/host
Oct 14 20:44:29.316388 devstack-u2204-93-55 dnsmasq-dhcp[1132603]: read /opt/stack/data/neutron/dhcp/052d6ef6-74dd-4d17-8b75-9d4338290ddc/opts
Oct 14 20:46:32.188576 devstack-u2204-93-55 dnsmasq-dhcp[1132603]: DHCPRELEASE(tap3e7af766-eb) 10.1.0.6 fa:16:3e:68:eb:59
Oct 14 20:46:32.215060 devstack-u2204-93-55 dnsmasq-dhcp[1132603]: DHCPRELEASE(tap3e7af766-eb) 10.1.0.6 fa:16:3e:68:eb:59 unknown lease
Oct 14 20:46:33.047275 devstack-u2204-93-55 dnsmasq[1132603]: read /opt/stack/data/neutron/dhcp/052d6ef6-74dd-4d17-8b75-9d4338290ddc/addn_hosts - 2 names
Oct 14 20:46:33.047403 devstack-u2204-93-55 dnsmasq-dhcp[1132603]: read /opt/stack/data/neutron/dhcp/052d6ef6-74dd-4d17-8b75-9d4338290ddc/host
Oct 14 20:46:33.047537 devstack-u2204-93-55 dnsmasq-dhcp[1132603]: read /opt/stack/data/neutron/dhcp/052d6ef6-74dd-4d17-8b75-9d4338290ddc/opts
Oct 14 20:46:47.531088 devstack-u2204-93-55 dnsmasq[1132603]: read /opt/stack/data/neutron/dhcp/052d6ef6-74dd-4d17-8b75-9d4338290ddc/addn_hosts - 4 names
Oct 14 20:46:47.531204 devstack-u2204-93-55 dnsmasq-dhcp[1132603]: read /opt/stack/data/neutron/dhcp/052d6ef6-74dd-4d17-8b75-9d4338290ddc/host
Oct 14 20:46:47.531309 devstack-u2204-93-55 dnsmasq-dhcp[1132603]: read /opt/stack/data/neutron/dhcp/052d6ef6-74dd-4d17-8b75-9d4338290ddc/opts
Oct 14 20:47:23.017345 devstack-u2204-93-55 dnsmasq-dhcp[1132603]: DHCPDISCOVER(tap3e7af766-eb) fa:16:3e:53:5a:b2
Oct 14 20:47:23.017397 devstack-u2204-93-55 dnsmasq-dhcp[1132603]: DHCPOFFER(tap3e7af766-eb) 10.1.0.12 fa:16:3e:53:5a:b2
Oct 14 20:47:23.033978 devstack-u2204-93-55 dnsmasq-dhcp[1132603]: DHCPREQUEST(tap3e7af766-eb) 10.1.0.12 fa:16:3e:53:5a:b2
Oct 14 20:47:23.034038 devstack-u2204-93-55 dnsmasq-dhcp[1132603]: DHCPACK(tap3e7af766-eb) 10.1.0.12 fa:16:3e:53:5a:b2 host-10-1-0-12
Oct 14 20:49:06.320873 devstack-u2204-93-55 dnsmasq-dhcp[1132603]: DHCPRELEASE(tap3e7af766-eb) 10.1.0.12 fa:16:3e:53:5a:b2
Oct 14 20:49:06.342574 devstack-u2204-93-55 dnsmasq-dhcp[1132603]: DHCPRELEASE(tap3e7af766-eb) 10.1.0.12 fa:16:3e:53:5a:b2 unknown lease
Oct 14 20:49:07.177725 devstack-u2204-93-55 dnsmasq[1132603]: read /opt/stack/data/neutron/dhcp/052d6ef6-74dd-4d17-8b75-9d4338290ddc/addn_hosts - 2 names
Oct 14 20:49:07.177938 devstack-u2204-93-55 dnsmasq-dhcp[1132603]: read /opt/stack/data/neutron/dhcp/052d6ef6-74dd-4d17-8b75-9d4338290ddc/host
Oct 14 20:49:07.178092 devstack-u2204-93-55 dnsmasq-dhcp[1132603]: read /opt/stack/data/neutron/dhcp/052d6ef6-74dd-4d17-8b75-9d4338290ddc/opts
Oct 14 20:49:12.861404 devstack-u2204-93-55 dnsmasq[1132603]: read /opt/stack/data/neutron/dhcp/052d6ef6-74dd-4d17-8b75-9d4338290ddc/addn_hosts - 0 names
Oct 14 20:49:12.861574 devstack-u2204-93-55 dnsmasq-dhcp[1132603]: read /opt/stack/data/neutron/dhcp/052d6ef6-74dd-4d17-8b75-9d4338290ddc/host
Oct 14 20:49:12.861693 devstack-u2204-93-55 dnsmasq-dhcp[1132603]: read /opt/stack/data/neutron/dhcp/052d6ef6-74dd-4d17-8b75-9d4338290ddc/opts
Oct 14 20:49:14.372637 devstack-u2204-93-55 dnsmasq[1132603]: exiting on receipt of SIGTERM
Oct 14 20:49:15.986900 devstack-u2204-93-55 dnsmasq[1132821]: read /opt/stack/data/neutron/dhcp/870b57d2-eb13-4cd8-a8d2-9af77c1f42b0/addn_hosts - 0 names
Oct 14 20:49:15.987027 devstack-u2204-93-55 dnsmasq-dhcp[1132821]: read /opt/stack/data/neutron/dhcp/870b57d2-eb13-4cd8-a8d2-9af77c1f42b0/host
Oct 14 20:49:15.987130 devstack-u2204-93-55 dnsmasq-dhcp[1132821]: read /opt/stack/data/neutron/dhcp/870b57d2-eb13-4cd8-a8d2-9af77c1f42b0/opts
Oct 14 20:49:17.452733 devstack-u2204-93-55 dnsmasq[1132821]: exiting on receipt of SIGTERM
