Oct 17 17:37:51.586162 podb-esxi207 dnsmasq-dhcp[2716983]: DHCPDISCOVER(tapcb79915d-87) fa:16:3e:4e:07:ed no address available
Oct 17 17:37:51.883042 podb-esxi207 dnsmasq[2718902]: read /opt/stack/data/neutron/dhcp/9c252777-fe48-4a05-aeaa-990ae202a704/addn_hosts - 4 names
Oct 17 17:37:51.883148 podb-esxi207 dnsmasq-dhcp[2718902]: read /opt/stack/data/neutron/dhcp/9c252777-fe48-4a05-aeaa-990ae202a704/host
Oct 17 17:37:51.883244 podb-esxi207 dnsmasq-dhcp[2718902]: read /opt/stack/data/neutron/dhcp/9c252777-fe48-4a05-aeaa-990ae202a704/opts
Oct 17 17:37:52.605143 podb-esxi207 dnsmasq[2719585]: read /opt/stack/data/neutron/dhcp/44bc2e61-dc3b-45f2-bc61-e3d8d28828d9/addn_hosts - 2 names
Oct 17 17:37:52.605217 podb-esxi207 dnsmasq-dhcp[2719585]: read /opt/stack/data/neutron/dhcp/44bc2e61-dc3b-45f2-bc61-e3d8d28828d9/host
Oct 17 17:37:52.605307 podb-esxi207 dnsmasq-dhcp[2719585]: read /opt/stack/data/neutron/dhcp/44bc2e61-dc3b-45f2-bc61-e3d8d28828d9/opts
Oct 17 17:37:53.830963 podb-esxi207 dnsmasq[2720346]: read /opt/stack/data/neutron/dhcp/05757563-ed60-4336-8122-0bbc2dfbc41d/addn_hosts - 0 names
Oct 17 17:37:53.831023 podb-esxi207 dnsmasq-dhcp[2720346]: read /opt/stack/data/neutron/dhcp/05757563-ed60-4336-8122-0bbc2dfbc41d/host
Oct 17 17:37:53.831086 podb-esxi207 dnsmasq-dhcp[2720346]: read /opt/stack/data/neutron/dhcp/05757563-ed60-4336-8122-0bbc2dfbc41d/opts
Oct 17 17:37:55.561163 podb-esxi207 dnsmasq[2719701]: exiting on receipt of SIGTERM
Oct 17 17:37:56.663266 podb-esxi207 dnsmasq[2716983]: read /opt/stack/data/neutron/dhcp/4ee05dab-eacb-4908-9c1f-9014071e5008/addn_hosts - 4 names
Oct 17 17:37:56.663379 podb-esxi207 dnsmasq-dhcp[2716983]: read /opt/stack/data/neutron/dhcp/4ee05dab-eacb-4908-9c1f-9014071e5008/host
Oct 17 17:37:56.663486 podb-esxi207 dnsmasq-dhcp[2716983]: read /opt/stack/data/neutron/dhcp/4ee05dab-eacb-4908-9c1f-9014071e5008/opts
Oct 17 17:37:57.399954 podb-esxi207 dnsmasq[2720101]: read /opt/stack/data/neutron/dhcp/192cb0c1-0243-49c5-b2ab-73487571e345/addn_hosts - 2 names
Oct 17 17:37:57.400030 podb-esxi207 dnsmasq-dhcp[2720101]: read /opt/stack/data/neutron/dhcp/192cb0c1-0243-49c5-b2ab-73487571e345/host
Oct 17 17:37:57.400117 podb-esxi207 dnsmasq-dhcp[2720101]: read /opt/stack/data/neutron/dhcp/192cb0c1-0243-49c5-b2ab-73487571e345/opts
Oct 17 17:37:59.098133 podb-esxi207 dnsmasq-dhcp[2716983]: DHCPDISCOVER(tapcb79915d-87) fa:16:3e:4e:07:ed
Oct 17 17:37:59.098159 podb-esxi207 dnsmasq-dhcp[2716983]: DHCPOFFER(tapcb79915d-87) 10.1.0.7 fa:16:3e:4e:07:ed
Oct 17 17:37:59.122109 podb-esxi207 dnsmasq-dhcp[2716983]: DHCPREQUEST(tapcb79915d-87) 10.1.0.7 fa:16:3e:4e:07:ed
Oct 17 17:37:59.122146 podb-esxi207 dnsmasq-dhcp[2716983]: DHCPACK(tapcb79915d-87) 10.1.0.7 fa:16:3e:4e:07:ed host-10-1-0-7
Oct 17 17:38:00.241484 podb-esxi207 dnsmasq[2720872]: started, version 2.90 cachesize 150
Oct 17 17:38:00.241512 podb-esxi207 dnsmasq[2720872]: DNS service limited to local subnets
Oct 17 17:38:00.241527 podb-esxi207 dnsmasq[2720872]: compile time options: IPv6 GNU-getopt DBus no-UBus i18n IDN2 DHCP DHCPv6 no-Lua TFTP conntrack ipset no-nftset auth cryptohash DNSSEC loop-detect inotify dumpfile
Oct 17 17:38:00.241568 podb-esxi207 dnsmasq-dhcp[2720872]: DHCP, static leases only on 10.1.0.0, lease time 1d
Oct 17 17:38:00.241721 podb-esxi207 dnsmasq[2720872]: reading /etc/resolv.conf
Oct 17 17:38:00.241739 podb-esxi207 dnsmasq[2720872]: using nameserver 127.0.0.53#53
Oct 17 17:38:00.241855 podb-esxi207 dnsmasq[2720872]: read /opt/stack/data/neutron/dhcp/f713fd10-8b99-4540-a4b4-87785aaf1d75/addn_hosts - 4 names
Oct 17 17:38:00.241927 podb-esxi207 dnsmasq-dhcp[2720872]: read /opt/stack/data/neutron/dhcp/f713fd10-8b99-4540-a4b4-87785aaf1d75/host
Oct 17 17:38:00.241994 podb-esxi207 dnsmasq-dhcp[2720872]: read /opt/stack/data/neutron/dhcp/f713fd10-8b99-4540-a4b4-87785aaf1d75/opts
Oct 17 17:38:00.775277 podb-esxi207 dnsmasq[2720200]: read /opt/stack/data/neutron/dhcp/9ef1adba-9a4c-40d9-bedf-cf76e3322915/addn_hosts - 2 names
Oct 17 17:38:00.775366 podb-esxi207 dnsmasq-dhcp[2720200]: read /opt/stack/data/neutron/dhcp/9ef1adba-9a4c-40d9-bedf-cf76e3322915/host
Oct 17 17:38:00.775457 podb-esxi207 dnsmasq-dhcp[2720200]: read /opt/stack/data/neutron/dhcp/9ef1adba-9a4c-40d9-bedf-cf76e3322915/opts
Oct 17 17:38:01.536089 podb-esxi207 dnsmasq[2719292]: read /opt/stack/data/neutron/dhcp/b4cdfb79-27d2-4f8e-949d-be133df69ddf/addn_hosts - 2 names
Oct 17 17:38:01.536186 podb-esxi207 dnsmasq-dhcp[2719292]: read /opt/stack/data/neutron/dhcp/b4cdfb79-27d2-4f8e-949d-be133df69ddf/host
Oct 17 17:38:01.536296 podb-esxi207 dnsmasq-dhcp[2719292]: read /opt/stack/data/neutron/dhcp/b4cdfb79-27d2-4f8e-949d-be133df69ddf/opts
Oct 17 17:38:02.285494 podb-esxi207 dnsmasq[2717318]: read /opt/stack/data/neutron/dhcp/13d66d70-d1c0-47d0-b8ec-010c4c378a30/addn_hosts - 4 names
Oct 17 17:38:02.285650 podb-esxi207 dnsmasq-dhcp[2717318]: read /opt/stack/data/neutron/dhcp/13d66d70-d1c0-47d0-b8ec-010c4c378a30/host
Oct 17 17:38:02.285774 podb-esxi207 dnsmasq-dhcp[2717318]: read /opt/stack/data/neutron/dhcp/13d66d70-d1c0-47d0-b8ec-010c4c378a30/opts
Oct 17 17:38:02.532584 podb-esxi207 dnsmasq[2718304]: exiting on receipt of SIGTERM
Oct 17 17:38:02.692637 podb-esxi207 dnsmasq-dhcp[2720346]: DHCPDISCOVER(tap8bf9765e-81) fa:16:3e:ee:8c:e7 no address available
Oct 17 17:38:03.641454 podb-esxi207 dnsmasq[2718902]: read /opt/stack/data/neutron/dhcp/9c252777-fe48-4a05-aeaa-990ae202a704/addn_hosts - 4 names
Oct 17 17:38:03.641550 podb-esxi207 dnsmasq-dhcp[2718902]: read /opt/stack/data/neutron/dhcp/9c252777-fe48-4a05-aeaa-990ae202a704/host
Oct 17 17:38:03.641751 podb-esxi207 dnsmasq-dhcp[2718902]: read /opt/stack/data/neutron/dhcp/9c252777-fe48-4a05-aeaa-990ae202a704/opts
Oct 17 17:38:04.397186 podb-esxi207 dnsmasq[2719585]: read /opt/stack/data/neutron/dhcp/44bc2e61-dc3b-45f2-bc61-e3d8d28828d9/addn_hosts - 2 names
Oct 17 17:38:04.397267 podb-esxi207 dnsmasq-dhcp[2719585]: read /opt/stack/data/neutron/dhcp/44bc2e61-dc3b-45f2-bc61-e3d8d28828d9/host
Oct 17 17:38:04.397344 podb-esxi207 dnsmasq-dhcp[2719585]: read /opt/stack/data/neutron/dhcp/44bc2e61-dc3b-45f2-bc61-e3d8d28828d9/opts
Oct 17 17:38:05.647160 podb-esxi207 dnsmasq[2720463]: exiting on receipt of SIGTERM
Oct 17 17:38:06.578605 podb-esxi207 dnsmasq-dhcp[2720346]: DHCPDISCOVER(tap8bf9765e-81) fa:16:3e:ee:8c:e7 no address available
Oct 17 17:38:06.746001 podb-esxi207 dnsmasq[2720346]: read /opt/stack/data/neutron/dhcp/05757563-ed60-4336-8122-0bbc2dfbc41d/addn_hosts - 2 names
Oct 17 17:38:06.746100 podb-esxi207 dnsmasq-dhcp[2720346]: read /opt/stack/data/neutron/dhcp/05757563-ed60-4336-8122-0bbc2dfbc41d/host
Oct 17 17:38:06.746186 podb-esxi207 dnsmasq-dhcp[2720346]: read /opt/stack/data/neutron/dhcp/05757563-ed60-4336-8122-0bbc2dfbc41d/opts
Oct 17 17:38:07.495853 podb-esxi207 dnsmasq[2720101]: read /opt/stack/data/neutron/dhcp/192cb0c1-0243-49c5-b2ab-73487571e345/addn_hosts - 2 names
Oct 17 17:38:07.495944 podb-esxi207 dnsmasq-dhcp[2720101]: read /opt/stack/data/neutron/dhcp/192cb0c1-0243-49c5-b2ab-73487571e345/host
Oct 17 17:38:07.496033 podb-esxi207 dnsmasq-dhcp[2720101]: read /opt/stack/data/neutron/dhcp/192cb0c1-0243-49c5-b2ab-73487571e345/opts
Oct 17 17:38:08.764827 podb-esxi207 dnsmasq[2720872]: read /opt/stack/data/neutron/dhcp/f713fd10-8b99-4540-a4b4-87785aaf1d75/addn_hosts - 4 names
Oct 17 17:38:08.764934 podb-esxi207 dnsmasq-dhcp[2720872]: read /opt/stack/data/neutron/dhcp/f713fd10-8b99-4540-a4b4-87785aaf1d75/host
Oct 17 17:38:08.765016 podb-esxi207 dnsmasq-dhcp[2720872]: read /opt/stack/data/neutron/dhcp/f713fd10-8b99-4540-a4b4-87785aaf1d75/opts
Oct 17 17:38:09.503627 podb-esxi207 dnsmasq[2720200]: read /opt/stack/data/neutron/dhcp/9ef1adba-9a4c-40d9-bedf-cf76e3322915/addn_hosts - 2 names
Oct 17 17:38:09.503731 podb-esxi207 dnsmasq-dhcp[2720200]: read /opt/stack/data/neutron/dhcp/9ef1adba-9a4c-40d9-bedf-cf76e3322915/host
Oct 17 17:38:09.503834 podb-esxi207 dnsmasq-dhcp[2720200]: read /opt/stack/data/neutron/dhcp/9ef1adba-9a4c-40d9-bedf-cf76e3322915/opts
Oct 17 17:38:10.742553 podb-esxi207 dnsmasq[2720872]: read /opt/stack/data/neutron/dhcp/f713fd10-8b99-4540-a4b4-87785aaf1d75/addn_hosts - 4 names
Oct 17 17:38:10.742687 podb-esxi207 dnsmasq-dhcp[2720872]: read /opt/stack/data/neutron/dhcp/f713fd10-8b99-4540-a4b4-87785aaf1d75/host
Oct 17 17:38:10.742796 podb-esxi207 dnsmasq-dhcp[2720872]: read /opt/stack/data/neutron/dhcp/f713fd10-8b99-4540-a4b4-87785aaf1d75/opts
Oct 17 17:38:11.981198 podb-esxi207 dnsmasq[2720872]: read /opt/stack/data/neutron/dhcp/f713fd10-8b99-4540-a4b4-87785aaf1d75/addn_hosts - 4 names
Oct 17 17:38:11.981329 podb-esxi207 dnsmasq-dhcp[2720872]: read /opt/stack/data/neutron/dhcp/f713fd10-8b99-4540-a4b4-87785aaf1d75/host
Oct 17 17:38:11.981439 podb-esxi207 dnsmasq-dhcp[2720872]: read /opt/stack/data/neutron/dhcp/f713fd10-8b99-4540-a4b4-87785aaf1d75/opts
Oct 17 17:38:13.242046 podb-esxi207 dnsmasq[2720872]: read /opt/stack/data/neutron/dhcp/f713fd10-8b99-4540-a4b4-87785aaf1d75/addn_hosts - 4 names
Oct 17 17:38:13.242164 podb-esxi207 dnsmasq-dhcp[2720872]: read /opt/stack/data/neutron/dhcp/f713fd10-8b99-4540-a4b4-87785aaf1d75/host
Oct 17 17:38:13.242276 podb-esxi207 dnsmasq-dhcp[2720872]: read /opt/stack/data/neutron/dhcp/f713fd10-8b99-4540-a4b4-87785aaf1d75/opts
Oct 17 17:38:14.360410 podb-esxi207 dnsmasq-dhcp[2720346]: DHCPDISCOVER(tap8bf9765e-81) fa:16:3e:ee:8c:e7
Oct 17 17:38:14.360439 podb-esxi207 dnsmasq-dhcp[2720346]: DHCPOFFER(tap8bf9765e-81) 10.10.10.123 fa:16:3e:ee:8c:e7
Oct 17 17:38:14.374988 podb-esxi207 dnsmasq-dhcp[2720346]: DHCPREQUEST(tap8bf9765e-81) 10.10.10.123 fa:16:3e:ee:8c:e7
Oct 17 17:38:14.375022 podb-esxi207 dnsmasq-dhcp[2720346]: DHCPACK(tap8bf9765e-81) 10.10.10.123 fa:16:3e:ee:8c:e7 host-10-10-10-123
Oct 17 17:38:19.951409 podb-esxi207 dnsmasq-dhcp[2720872]: DHCPDISCOVER(tapd05fc136-ba) fa:16:3e:2e:75:fd
Oct 17 17:38:19.951441 podb-esxi207 dnsmasq-dhcp[2720872]: DHCPOFFER(tapd05fc136-ba) 10.1.0.4 fa:16:3e:2e:75:fd
Oct 17 17:38:19.963351 podb-esxi207 dnsmasq-dhcp[2720872]: DHCPREQUEST(tapd05fc136-ba) 10.1.0.4 fa:16:3e:2e:75:fd
Oct 17 17:38:19.963386 podb-esxi207 dnsmasq-dhcp[2720872]: DHCPACK(tapd05fc136-ba) 10.1.0.4 fa:16:3e:2e:75:fd host-10-1-0-4
Oct 17 17:38:39.524936 podb-esxi207 dnsmasq-dhcp[2720872]: DHCPRELEASE(tapd05fc136-ba) 10.1.0.4 fa:16:3e:2e:75:fd
Oct 17 17:38:39.540064 podb-esxi207 dnsmasq-dhcp[2720872]: DHCPRELEASE(tapd05fc136-ba) 10.1.0.4 fa:16:3e:2e:75:fd unknown lease
Oct 17 17:38:40.366602 podb-esxi207 dnsmasq[2720872]: read /opt/stack/data/neutron/dhcp/f713fd10-8b99-4540-a4b4-87785aaf1d75/addn_hosts - 2 names
Oct 17 17:38:40.366724 podb-esxi207 dnsmasq-dhcp[2720872]: read /opt/stack/data/neutron/dhcp/f713fd10-8b99-4540-a4b4-87785aaf1d75/host
Oct 17 17:38:40.366826 podb-esxi207 dnsmasq-dhcp[2720872]: read /opt/stack/data/neutron/dhcp/f713fd10-8b99-4540-a4b4-87785aaf1d75/opts
Oct 17 17:38:57.830922 podb-esxi207 dnsmasq-dhcp[2720872]: DHCPRELEASE(tapd05fc136-ba) 10.1.0.1 fa:16:3e:6e:22:1e
Oct 17 17:38:58.654837 podb-esxi207 dnsmasq[2720872]: read /opt/stack/data/neutron/dhcp/f713fd10-8b99-4540-a4b4-87785aaf1d75/addn_hosts - 0 names
Oct 17 17:38:58.654936 podb-esxi207 dnsmasq-dhcp[2720872]: read /opt/stack/data/neutron/dhcp/f713fd10-8b99-4540-a4b4-87785aaf1d75/host
Oct 17 17:38:58.655009 podb-esxi207 dnsmasq-dhcp[2720872]: read /opt/stack/data/neutron/dhcp/f713fd10-8b99-4540-a4b4-87785aaf1d75/opts
Oct 17 17:38:59.410379 podb-esxi207 dnsmasq[2720872]: exiting on receipt of SIGTERM
Oct 17 17:39:03.473089 podb-esxi207 dnsmasq[2721960]: started, version 2.90 cachesize 150
Oct 17 17:39:03.473120 podb-esxi207 dnsmasq[2721960]: DNS service limited to local subnets
Oct 17 17:39:03.473136 podb-esxi207 dnsmasq[2721960]: compile time options: IPv6 GNU-getopt DBus no-UBus i18n IDN2 DHCP DHCPv6 no-Lua TFTP conntrack ipset no-nftset auth cryptohash DNSSEC loop-detect inotify dumpfile
Oct 17 17:39:03.473178 podb-esxi207 dnsmasq-dhcp[2721960]: DHCP, static leases only on 10.1.0.0, lease time 1d
Oct 17 17:39:03.473339 podb-esxi207 dnsmasq[2721960]: reading /etc/resolv.conf
Oct 17 17:39:03.473358 podb-esxi207 dnsmasq[2721960]: using nameserver 127.0.0.53#53
Oct 17 17:39:03.473446 podb-esxi207 dnsmasq[2721960]: read /opt/stack/data/neutron/dhcp/594f36ce-c06c-4dd9-b86b-4e25dcd2ae0b/addn_hosts - 0 names
Oct 17 17:39:03.473498 podb-esxi207 dnsmasq-dhcp[2721960]: read /opt/stack/data/neutron/dhcp/594f36ce-c06c-4dd9-b86b-4e25dcd2ae0b/host
Oct 17 17:39:03.473559 podb-esxi207 dnsmasq-dhcp[2721960]: read /opt/stack/data/neutron/dhcp/594f36ce-c06c-4dd9-b86b-4e25dcd2ae0b/opts
Oct 17 17:39:05.020232 podb-esxi207 dnsmasq[2721960]: read /opt/stack/data/neutron/dhcp/594f36ce-c06c-4dd9-b86b-4e25dcd2ae0b/addn_hosts - 2 names
Oct 17 17:39:05.020324 podb-esxi207 dnsmasq-dhcp[2721960]: read /opt/stack/data/neutron/dhcp/594f36ce-c06c-4dd9-b86b-4e25dcd2ae0b/host
Oct 17 17:39:05.020393 podb-esxi207 dnsmasq-dhcp[2721960]: read /opt/stack/data/neutron/dhcp/594f36ce-c06c-4dd9-b86b-4e25dcd2ae0b/opts
Oct 17 17:39:05.285922 podb-esxi207 dnsmasq-dhcp[2717318]: DHCPRELEASE(tap7a2cff5d-10) 10.1.0.12 fa:16:3e:95:e3:c4
Oct 17 17:39:05.301899 podb-esxi207 dnsmasq-dhcp[2717318]: DHCPRELEASE(tap7a2cff5d-10) 10.1.0.12 fa:16:3e:95:e3:c4 unknown lease
Oct 17 17:39:06.126777 podb-esxi207 dnsmasq[2717318]: read /opt/stack/data/neutron/dhcp/13d66d70-d1c0-47d0-b8ec-010c4c378a30/addn_hosts - 2 names
Oct 17 17:39:06.126873 podb-esxi207 dnsmasq-dhcp[2717318]: read /opt/stack/data/neutron/dhcp/13d66d70-d1c0-47d0-b8ec-010c4c378a30/host
Oct 17 17:39:06.126968 podb-esxi207 dnsmasq-dhcp[2717318]: read /opt/stack/data/neutron/dhcp/13d66d70-d1c0-47d0-b8ec-010c4c378a30/opts
Oct 17 17:39:07.394486 podb-esxi207 dnsmasq[2721960]: read /opt/stack/data/neutron/dhcp/594f36ce-c06c-4dd9-b86b-4e25dcd2ae0b/addn_hosts - 2 names
Oct 17 17:39:07.394607 podb-esxi207 dnsmasq-dhcp[2721960]: read /opt/stack/data/neutron/dhcp/594f36ce-c06c-4dd9-b86b-4e25dcd2ae0b/host
Oct 17 17:39:07.394718 podb-esxi207 dnsmasq-dhcp[2721960]: read /opt/stack/data/neutron/dhcp/594f36ce-c06c-4dd9-b86b-4e25dcd2ae0b/opts
Oct 17 17:39:08.660330 podb-esxi207 dnsmasq[2721960]: read /opt/stack/data/neutron/dhcp/594f36ce-c06c-4dd9-b86b-4e25dcd2ae0b/addn_hosts - 2 names
Oct 17 17:39:08.660417 podb-esxi207 dnsmasq-dhcp[2721960]: read /opt/stack/data/neutron/dhcp/594f36ce-c06c-4dd9-b86b-4e25dcd2ae0b/host
Oct 17 17:39:08.660489 podb-esxi207 dnsmasq-dhcp[2721960]: read /opt/stack/data/neutron/dhcp/594f36ce-c06c-4dd9-b86b-4e25dcd2ae0b/opts
Oct 17 17:39:10.841909 podb-esxi207 dnsmasq[2721960]: read /opt/stack/data/neutron/dhcp/594f36ce-c06c-4dd9-b86b-4e25dcd2ae0b/addn_hosts - 4 names
Oct 17 17:39:10.842027 podb-esxi207 dnsmasq-dhcp[2721960]: read /opt/stack/data/neutron/dhcp/594f36ce-c06c-4dd9-b86b-4e25dcd2ae0b/host
Oct 17 17:39:10.842155 podb-esxi207 dnsmasq-dhcp[2721960]: read /opt/stack/data/neutron/dhcp/594f36ce-c06c-4dd9-b86b-4e25dcd2ae0b/opts
Oct 17 17:39:15.332047 podb-esxi207 dnsmasq-dhcp[2717318]: DHCPRELEASE(tap7a2cff5d-10) 10.1.0.1 fa:16:3e:b0:51:54
Oct 17 17:39:16.156653 podb-esxi207 dnsmasq[2717318]: read /opt/stack/data/neutron/dhcp/13d66d70-d1c0-47d0-b8ec-010c4c378a30/addn_hosts - 0 names
Oct 17 17:39:16.156731 podb-esxi207 dnsmasq-dhcp[2717318]: read /opt/stack/data/neutron/dhcp/13d66d70-d1c0-47d0-b8ec-010c4c378a30/host
Oct 17 17:39:16.156820 podb-esxi207 dnsmasq-dhcp[2717318]: read /opt/stack/data/neutron/dhcp/13d66d70-d1c0-47d0-b8ec-010c4c378a30/opts
Oct 17 17:39:16.973162 podb-esxi207 dnsmasq[2717318]: exiting on receipt of SIGTERM
Oct 17 17:39:17.586845 podb-esxi207 dnsmasq-dhcp[2720101]: DHCPRELEASE(tap706c44ec-02) 10.1.0.1 fa:16:3e:02:51:0f
Oct 17 17:39:18.413270 podb-esxi207 dnsmasq[2720101]: read /opt/stack/data/neutron/dhcp/192cb0c1-0243-49c5-b2ab-73487571e345/addn_hosts - 0 names
Oct 17 17:39:18.413349 podb-esxi207 dnsmasq-dhcp[2720101]: read /opt/stack/data/neutron/dhcp/192cb0c1-0243-49c5-b2ab-73487571e345/host
Oct 17 17:39:18.413439 podb-esxi207 dnsmasq-dhcp[2720101]: read /opt/stack/data/neutron/dhcp/192cb0c1-0243-49c5-b2ab-73487571e345/opts
Oct 17 17:39:19.179274 podb-esxi207 dnsmasq[2720101]: exiting on receipt of SIGTERM
Oct 17 17:39:23.679786 podb-esxi207 dnsmasq[2722890]: started, version 2.90 cachesize 150
Oct 17 17:39:23.679813 podb-esxi207 dnsmasq[2722890]: DNS service limited to local subnets
Oct 17 17:39:23.679827 podb-esxi207 dnsmasq[2722890]: compile time options: IPv6 GNU-getopt DBus no-UBus i18n IDN2 DHCP DHCPv6 no-Lua TFTP conntrack ipset no-nftset auth cryptohash DNSSEC loop-detect inotify dumpfile
Oct 17 17:39:23.679865 podb-esxi207 dnsmasq-dhcp[2722890]: DHCP, static leases only on 10.1.0.0, lease time 1d
Oct 17 17:39:23.680011 podb-esxi207 dnsmasq[2722890]: reading /etc/resolv.conf
Oct 17 17:39:23.680028 podb-esxi207 dnsmasq[2722890]: using nameserver 127.0.0.53#53
Oct 17 17:39:23.680110 podb-esxi207 dnsmasq[2722890]: read /opt/stack/data/neutron/dhcp/4dc4c546-ba74-49e6-a7f8-a233d9793953/addn_hosts - 0 names
Oct 17 17:39:23.680180 podb-esxi207 dnsmasq-dhcp[2722890]: read /opt/stack/data/neutron/dhcp/4dc4c546-ba74-49e6-a7f8-a233d9793953/host
Oct 17 17:39:23.680243 podb-esxi207 dnsmasq-dhcp[2722890]: read /opt/stack/data/neutron/dhcp/4dc4c546-ba74-49e6-a7f8-a233d9793953/opts
Oct 17 17:39:26.908360 podb-esxi207 dnsmasq[2723148]: started, version 2.90 cachesize 150
Oct 17 17:39:26.908384 podb-esxi207 dnsmasq[2723148]: DNS service limited to local subnets
Oct 17 17:39:26.908399 podb-esxi207 dnsmasq[2723148]: compile time options: IPv6 GNU-getopt DBus no-UBus i18n IDN2 DHCP DHCPv6 no-Lua TFTP conntrack ipset no-nftset auth cryptohash DNSSEC loop-detect inotify dumpfile
Oct 17 17:39:26.908434 podb-esxi207 dnsmasq-dhcp[2723148]: DHCP, static leases only on 10.1.0.0, lease time 1d
Oct 17 17:39:26.908590 podb-esxi207 dnsmasq[2723148]: reading /etc/resolv.conf
Oct 17 17:39:26.908607 podb-esxi207 dnsmasq[2723148]: using nameserver 127.0.0.53#53
Oct 17 17:39:26.908702 podb-esxi207 dnsmasq[2723148]: read /opt/stack/data/neutron/dhcp/b1dc84d9-2a1f-46c0-ad83-dc32936172db/addn_hosts - 0 names
Oct 17 17:39:26.908754 podb-esxi207 dnsmasq-dhcp[2723148]: read /opt/stack/data/neutron/dhcp/b1dc84d9-2a1f-46c0-ad83-dc32936172db/host
Oct 17 17:39:26.908812 podb-esxi207 dnsmasq-dhcp[2723148]: read /opt/stack/data/neutron/dhcp/b1dc84d9-2a1f-46c0-ad83-dc32936172db/opts
Oct 17 17:39:27.946549 podb-esxi207 dnsmasq[2722890]: read /opt/stack/data/neutron/dhcp/4dc4c546-ba74-49e6-a7f8-a233d9793953/addn_hosts - 2 names
Oct 17 17:39:27.946659 podb-esxi207 dnsmasq-dhcp[2722890]: read /opt/stack/data/neutron/dhcp/4dc4c546-ba74-49e6-a7f8-a233d9793953/host
Oct 17 17:39:27.946773 podb-esxi207 dnsmasq-dhcp[2722890]: read /opt/stack/data/neutron/dhcp/4dc4c546-ba74-49e6-a7f8-a233d9793953/opts
Oct 17 17:39:31.413935 podb-esxi207 dnsmasq[2723585]: started, version 2.90 cachesize 150
Oct 17 17:39:31.413965 podb-esxi207 dnsmasq[2723585]: DNS service limited to local subnets
Oct 17 17:39:31.413981 podb-esxi207 dnsmasq[2723585]: compile time options: IPv6 GNU-getopt DBus no-UBus i18n IDN2 DHCP DHCPv6 no-Lua TFTP conntrack ipset no-nftset auth cryptohash DNSSEC loop-detect inotify dumpfile
Oct 17 17:39:31.414024 podb-esxi207 dnsmasq-dhcp[2723585]: DHCP, static leases only on 10.1.0.0, lease time 1d
Oct 17 17:39:31.414182 podb-esxi207 dnsmasq[2723585]: reading /etc/resolv.conf
Oct 17 17:39:31.414199 podb-esxi207 dnsmasq[2723585]: using nameserver 127.0.0.53#53
Oct 17 17:39:31.414317 podb-esxi207 dnsmasq[2723585]: read /opt/stack/data/neutron/dhcp/f746157f-1849-46a7-851e-943840add303/addn_hosts - 2 names
Oct 17 17:39:31.414372 podb-esxi207 dnsmasq-dhcp[2723585]: read /opt/stack/data/neutron/dhcp/f746157f-1849-46a7-851e-943840add303/host
Oct 17 17:39:31.414439 podb-esxi207 dnsmasq-dhcp[2723585]: read /opt/stack/data/neutron/dhcp/f746157f-1849-46a7-851e-943840add303/opts
Oct 17 17:39:32.455043 podb-esxi207 dnsmasq[2723148]: read /opt/stack/data/neutron/dhcp/b1dc84d9-2a1f-46c0-ad83-dc32936172db/addn_hosts - 2 names
Oct 17 17:39:32.455153 podb-esxi207 dnsmasq-dhcp[2723148]: read /opt/stack/data/neutron/dhcp/b1dc84d9-2a1f-46c0-ad83-dc32936172db/host
Oct 17 17:39:32.455225 podb-esxi207 dnsmasq-dhcp[2723148]: read /opt/stack/data/neutron/dhcp/b1dc84d9-2a1f-46c0-ad83-dc32936172db/opts
Oct 17 17:39:33.207431 podb-esxi207 dnsmasq[2722890]: read /opt/stack/data/neutron/dhcp/4dc4c546-ba74-49e6-a7f8-a233d9793953/addn_hosts - 2 names
Oct 17 17:39:33.207554 podb-esxi207 dnsmasq-dhcp[2722890]: read /opt/stack/data/neutron/dhcp/4dc4c546-ba74-49e6-a7f8-a233d9793953/host
Oct 17 17:39:33.207669 podb-esxi207 dnsmasq-dhcp[2722890]: read /opt/stack/data/neutron/dhcp/4dc4c546-ba74-49e6-a7f8-a233d9793953/opts
Oct 17 17:39:34.978442 podb-esxi207 dnsmasq[2723585]: read /opt/stack/data/neutron/dhcp/f746157f-1849-46a7-851e-943840add303/addn_hosts - 2 names
Oct 17 17:39:34.978554 podb-esxi207 dnsmasq-dhcp[2723585]: read /opt/stack/data/neutron/dhcp/f746157f-1849-46a7-851e-943840add303/host
Oct 17 17:39:34.978663 podb-esxi207 dnsmasq-dhcp[2723585]: read /opt/stack/data/neutron/dhcp/f746157f-1849-46a7-851e-943840add303/opts
Oct 17 17:39:35.745259 podb-esxi207 dnsmasq[2723148]: read /opt/stack/data/neutron/dhcp/b1dc84d9-2a1f-46c0-ad83-dc32936172db/addn_hosts - 2 names
Oct 17 17:39:35.745378 podb-esxi207 dnsmasq-dhcp[2723148]: read /opt/stack/data/neutron/dhcp/b1dc84d9-2a1f-46c0-ad83-dc32936172db/host
Oct 17 17:39:35.745492 podb-esxi207 dnsmasq-dhcp[2723148]: read /opt/stack/data/neutron/dhcp/b1dc84d9-2a1f-46c0-ad83-dc32936172db/opts
Oct 17 17:39:36.494715 podb-esxi207 dnsmasq[2722890]: read /opt/stack/data/neutron/dhcp/4dc4c546-ba74-49e6-a7f8-a233d9793953/addn_hosts - 2 names
Oct 17 17:39:36.494806 podb-esxi207 dnsmasq-dhcp[2722890]: read /opt/stack/data/neutron/dhcp/4dc4c546-ba74-49e6-a7f8-a233d9793953/host
Oct 17 17:39:36.494934 podb-esxi207 dnsmasq-dhcp[2722890]: read /opt/stack/data/neutron/dhcp/4dc4c546-ba74-49e6-a7f8-a233d9793953/opts
Oct 17 17:39:37.747102 podb-esxi207 dnsmasq[2723585]: read /opt/stack/data/neutron/dhcp/f746157f-1849-46a7-851e-943840add303/addn_hosts - 2 names
Oct 17 17:39:37.747221 podb-esxi207 dnsmasq-dhcp[2723585]: read /opt/stack/data/neutron/dhcp/f746157f-1849-46a7-851e-943840add303/host
Oct 17 17:39:37.747333 podb-esxi207 dnsmasq-dhcp[2723585]: read /opt/stack/data/neutron/dhcp/f746157f-1849-46a7-851e-943840add303/opts
Oct 17 17:39:38.501481 podb-esxi207 dnsmasq[2723148]: read /opt/stack/data/neutron/dhcp/b1dc84d9-2a1f-46c0-ad83-dc32936172db/addn_hosts - 2 names
Oct 17 17:39:38.501572 podb-esxi207 dnsmasq-dhcp[2723148]: read /opt/stack/data/neutron/dhcp/b1dc84d9-2a1f-46c0-ad83-dc32936172db/host
Oct 17 17:39:38.501664 podb-esxi207 dnsmasq-dhcp[2723148]: read /opt/stack/data/neutron/dhcp/b1dc84d9-2a1f-46c0-ad83-dc32936172db/opts
Oct 17 17:39:39.766801 podb-esxi207 dnsmasq[2723585]: read /opt/stack/data/neutron/dhcp/f746157f-1849-46a7-851e-943840add303/addn_hosts - 2 names
Oct 17 17:39:39.766918 podb-esxi207 dnsmasq-dhcp[2723585]: read /opt/stack/data/neutron/dhcp/f746157f-1849-46a7-851e-943840add303/host
Oct 17 17:39:39.767033 podb-esxi207 dnsmasq-dhcp[2723585]: read /opt/stack/data/neutron/dhcp/f746157f-1849-46a7-851e-943840add303/opts
Oct 17 17:39:40.433456 podb-esxi207 dnsmasq-dhcp[2721960]: DHCPDISCOVER(tape7da2469-8a) fa:16:3e:27:30:bb
Oct 17 17:39:40.433484 podb-esxi207 dnsmasq-dhcp[2721960]: DHCPOFFER(tape7da2469-8a) 10.1.0.14 fa:16:3e:27:30:bb
Oct 17 17:39:40.444789 podb-esxi207 dnsmasq-dhcp[2721960]: DHCPREQUEST(tape7da2469-8a) 10.1.0.14 fa:16:3e:27:30:bb
Oct 17 17:39:40.444821 podb-esxi207 dnsmasq-dhcp[2721960]: DHCPACK(tape7da2469-8a) 10.1.0.14 fa:16:3e:27:30:bb host-10-1-0-14
Oct 17 17:39:40.987427 podb-esxi207 dnsmasq-dhcp[2720346]: DHCPRELEASE(tap8bf9765e-81) 10.10.10.123 fa:16:3e:ee:8c:e7
Oct 17 17:39:41.001856 podb-esxi207 dnsmasq-dhcp[2720346]: DHCPRELEASE(tap8bf9765e-81) 10.10.10.123 fa:16:3e:ee:8c:e7 unknown lease
Oct 17 17:39:41.825168 podb-esxi207 dnsmasq[2720346]: read /opt/stack/data/neutron/dhcp/05757563-ed60-4336-8122-0bbc2dfbc41d/addn_hosts - 0 names
Oct 17 17:39:41.825252 podb-esxi207 dnsmasq-dhcp[2720346]: read /opt/stack/data/neutron/dhcp/05757563-ed60-4336-8122-0bbc2dfbc41d/host
Oct 17 17:39:41.825346 podb-esxi207 dnsmasq-dhcp[2720346]: read /opt/stack/data/neutron/dhcp/05757563-ed60-4336-8122-0bbc2dfbc41d/opts
Oct 17 17:39:44.153125 podb-esxi207 dnsmasq[2722890]: read /opt/stack/data/neutron/dhcp/4dc4c546-ba74-49e6-a7f8-a233d9793953/addn_hosts - 4 names
Oct 17 17:39:44.153260 podb-esxi207 dnsmasq-dhcp[2722890]: read /opt/stack/data/neutron/dhcp/4dc4c546-ba74-49e6-a7f8-a233d9793953/host
Oct 17 17:39:44.153369 podb-esxi207 dnsmasq-dhcp[2722890]: read /opt/stack/data/neutron/dhcp/4dc4c546-ba74-49e6-a7f8-a233d9793953/opts
Oct 17 17:39:46.555361 podb-esxi207 dnsmasq[2722890]: read /opt/stack/data/neutron/dhcp/4dc4c546-ba74-49e6-a7f8-a233d9793953/addn_hosts - 6 names
Oct 17 17:39:46.555466 podb-esxi207 dnsmasq-dhcp[2722890]: read /opt/stack/data/neutron/dhcp/4dc4c546-ba74-49e6-a7f8-a233d9793953/host
Oct 17 17:39:46.555569 podb-esxi207 dnsmasq-dhcp[2722890]: read /opt/stack/data/neutron/dhcp/4dc4c546-ba74-49e6-a7f8-a233d9793953/opts
Oct 17 17:39:47.903229 podb-esxi207 dnsmasq-dhcp[2718902]: DHCPRELEASE(tap5cdfc0a5-76) 10.1.0.7 fa:16:3e:0f:29:7e
Oct 17 17:39:47.919938 podb-esxi207 dnsmasq-dhcp[2718902]: DHCPRELEASE(tap5cdfc0a5-76) 10.1.0.7 fa:16:3e:0f:29:7e unknown lease
Oct 17 17:39:48.743819 podb-esxi207 dnsmasq[2718902]: read /opt/stack/data/neutron/dhcp/9c252777-fe48-4a05-aeaa-990ae202a704/addn_hosts - 2 names
Oct 17 17:39:48.743938 podb-esxi207 dnsmasq-dhcp[2718902]: read /opt/stack/data/neutron/dhcp/9c252777-fe48-4a05-aeaa-990ae202a704/host
Oct 17 17:39:48.744048 podb-esxi207 dnsmasq-dhcp[2718902]: read /opt/stack/data/neutron/dhcp/9c252777-fe48-4a05-aeaa-990ae202a704/opts
Oct 17 17:39:53.265809 podb-esxi207 dnsmasq[2720346]: exiting on receipt of SIGTERM
Oct 17 17:39:53.885303 podb-esxi207 dnsmasq-dhcp[2716983]: DHCPRELEASE(tapcb79915d-87) 10.1.0.7 fa:16:3e:4e:07:ed
Oct 17 17:39:53.901740 podb-esxi207 dnsmasq-dhcp[2716983]: DHCPRELEASE(tapcb79915d-87) 10.1.0.7 fa:16:3e:4e:07:ed unknown lease
Oct 17 17:39:54.727380 podb-esxi207 dnsmasq[2716983]: read /opt/stack/data/neutron/dhcp/4ee05dab-eacb-4908-9c1f-9014071e5008/addn_hosts - 2 names
Oct 17 17:39:54.727471 podb-esxi207 dnsmasq-dhcp[2716983]: read /opt/stack/data/neutron/dhcp/4ee05dab-eacb-4908-9c1f-9014071e5008/host
Oct 17 17:39:54.727576 podb-esxi207 dnsmasq-dhcp[2716983]: read /opt/stack/data/neutron/dhcp/4ee05dab-eacb-4908-9c1f-9014071e5008/opts
Oct 17 17:39:58.105682 podb-esxi207 dnsmasq-dhcp[2718902]: DHCPRELEASE(tap5cdfc0a5-76) 10.1.0.1 fa:16:3e:33:f6:1b
Oct 17 17:39:58.929556 podb-esxi207 dnsmasq[2718902]: read /opt/stack/data/neutron/dhcp/9c252777-fe48-4a05-aeaa-990ae202a704/addn_hosts - 0 names
Oct 17 17:39:58.929633 podb-esxi207 dnsmasq-dhcp[2718902]: read /opt/stack/data/neutron/dhcp/9c252777-fe48-4a05-aeaa-990ae202a704/host
Oct 17 17:39:58.929701 podb-esxi207 dnsmasq-dhcp[2718902]: read /opt/stack/data/neutron/dhcp/9c252777-fe48-4a05-aeaa-990ae202a704/opts
Oct 17 17:39:59.741817 podb-esxi207 dnsmasq[2716983]: read /opt/stack/data/neutron/dhcp/4ee05dab-eacb-4908-9c1f-9014071e5008/addn_hosts - 0 names
Oct 17 17:39:59.741896 podb-esxi207 dnsmasq-dhcp[2716983]: read /opt/stack/data/neutron/dhcp/4ee05dab-eacb-4908-9c1f-9014071e5008/host
Oct 17 17:39:59.741978 podb-esxi207 dnsmasq-dhcp[2716983]: read /opt/stack/data/neutron/dhcp/4ee05dab-eacb-4908-9c1f-9014071e5008/opts
Oct 17 17:40:00.503846 podb-esxi207 dnsmasq-dhcp[2719585]: DHCPRELEASE(tap79cfd5ae-5f) 10.1.0.1 fa:16:3e:02:0f:5a
Oct 17 17:40:01.331960 podb-esxi207 dnsmasq[2719585]: read /opt/stack/data/neutron/dhcp/44bc2e61-dc3b-45f2-bc61-e3d8d28828d9/addn_hosts - 0 names
Oct 17 17:40:01.332025 podb-esxi207 dnsmasq-dhcp[2719585]: read /opt/stack/data/neutron/dhcp/44bc2e61-dc3b-45f2-bc61-e3d8d28828d9/host
Oct 17 17:40:01.332091 podb-esxi207 dnsmasq-dhcp[2719585]: read /opt/stack/data/neutron/dhcp/44bc2e61-dc3b-45f2-bc61-e3d8d28828d9/opts
Oct 17 17:40:01.559644 podb-esxi207 dnsmasq[2718902]: exiting on receipt of SIGTERM
Oct 17 17:40:02.155466 podb-esxi207 dnsmasq[2716983]: exiting on receipt of SIGTERM
Oct 17 17:40:02.804853 podb-esxi207 dnsmasq-dhcp[2719292]: DHCPRELEASE(tapb8f13f2d-52) 10.1.0.1 fa:16:3e:2d:e2:6f
Oct 17 17:40:03.626087 podb-esxi207 dnsmasq[2719292]: read /opt/stack/data/neutron/dhcp/b4cdfb79-27d2-4f8e-949d-be133df69ddf/addn_hosts - 0 names
Oct 17 17:40:03.626150 podb-esxi207 dnsmasq-dhcp[2719292]: read /opt/stack/data/neutron/dhcp/b4cdfb79-27d2-4f8e-949d-be133df69ddf/host
Oct 17 17:40:03.626200 podb-esxi207 dnsmasq-dhcp[2719292]: read /opt/stack/data/neutron/dhcp/b4cdfb79-27d2-4f8e-949d-be133df69ddf/opts
Oct 17 17:40:03.851516 podb-esxi207 dnsmasq[2719585]: exiting on receipt of SIGTERM
Oct 17 17:40:04.447333 podb-esxi207 dnsmasq-dhcp[2720200]: DHCPRELEASE(tapa282412d-9e) 10.1.0.1 fa:16:3e:dc:4e:91
Oct 17 17:40:05.267547 podb-esxi207 dnsmasq[2720200]: read /opt/stack/data/neutron/dhcp/9ef1adba-9a4c-40d9-bedf-cf76e3322915/addn_hosts - 0 names
Oct 17 17:40:05.267611 podb-esxi207 dnsmasq-dhcp[2720200]: read /opt/stack/data/neutron/dhcp/9ef1adba-9a4c-40d9-bedf-cf76e3322915/host
Oct 17 17:40:05.267665 podb-esxi207 dnsmasq-dhcp[2720200]: read /opt/stack/data/neutron/dhcp/9ef1adba-9a4c-40d9-bedf-cf76e3322915/opts
Oct 17 17:40:08.126579 podb-esxi207 dnsmasq[2724982]: started, version 2.90 cachesize 150
Oct 17 17:40:08.126604 podb-esxi207 dnsmasq[2724982]: DNS service limited to local subnets
Oct 17 17:40:08.126618 podb-esxi207 dnsmasq[2724982]: compile time options: IPv6 GNU-getopt DBus no-UBus i18n IDN2 DHCP DHCPv6 no-Lua TFTP conntrack ipset no-nftset auth cryptohash DNSSEC loop-detect inotify dumpfile
Oct 17 17:40:08.126658 podb-esxi207 dnsmasq-dhcp[2724982]: DHCP, static leases only on 10.1.0.0, lease time 1d
Oct 17 17:40:08.126816 podb-esxi207 dnsmasq[2724982]: reading /etc/resolv.conf
Oct 17 17:40:08.126832 podb-esxi207 dnsmasq[2724982]: using nameserver 127.0.0.53#53
Oct 17 17:40:08.126944 podb-esxi207 dnsmasq[2724982]: read /opt/stack/data/neutron/dhcp/24185084-d8c9-422c-85c1-6b3d88372c99/addn_hosts - 2 names
Oct 17 17:40:08.126998 podb-esxi207 dnsmasq-dhcp[2724982]: read /opt/stack/data/neutron/dhcp/24185084-d8c9-422c-85c1-6b3d88372c99/host
Oct 17 17:40:08.127071 podb-esxi207 dnsmasq-dhcp[2724982]: read /opt/stack/data/neutron/dhcp/24185084-d8c9-422c-85c1-6b3d88372c99/opts
Oct 17 17:40:08.150814 podb-esxi207 dnsmasq[2719292]: exiting on receipt of SIGTERM
Oct 17 17:40:08.541228 podb-esxi207 dnsmasq-dhcp[2722890]: DHCPDISCOVER(tapa555b2b5-06) fa:16:3e:0a:c8:a8
Oct 17 17:40:08.541251 podb-esxi207 dnsmasq-dhcp[2722890]: DHCPOFFER(tapa555b2b5-06) 10.1.0.8 fa:16:3e:0a:c8:a8
Oct 17 17:40:08.554326 podb-esxi207 dnsmasq-dhcp[2722890]: DHCPREQUEST(tapa555b2b5-06) 10.1.0.8 fa:16:3e:0a:c8:a8
Oct 17 17:40:08.554356 podb-esxi207 dnsmasq-dhcp[2722890]: DHCPACK(tapa555b2b5-06) 10.1.0.8 fa:16:3e:0a:c8:a8 host-10-1-0-8
Oct 17 17:40:11.317390 podb-esxi207 dnsmasq[2725415]: started, version 2.90 cachesize 150
Oct 17 17:40:11.317412 podb-esxi207 dnsmasq[2725415]: DNS service limited to local subnets
Oct 17 17:40:11.317426 podb-esxi207 dnsmasq[2725415]: compile time options: IPv6 GNU-getopt DBus no-UBus i18n IDN2 DHCP DHCPv6 no-Lua TFTP conntrack ipset no-nftset auth cryptohash DNSSEC loop-detect inotify dumpfile
Oct 17 17:40:11.317464 podb-esxi207 dnsmasq-dhcp[2725415]: DHCP, static leases only on 10.1.0.0, lease time 1d
Oct 17 17:40:11.317608 podb-esxi207 dnsmasq[2725415]: reading /etc/resolv.conf
Oct 17 17:40:11.317624 podb-esxi207 dnsmasq[2725415]: using nameserver 127.0.0.53#53
Oct 17 17:40:11.317736 podb-esxi207 dnsmasq[2725415]: read /opt/stack/data/neutron/dhcp/ea80e0bc-2c3b-4b02-9710-73427b31d092/addn_hosts - 2 names
Oct 17 17:40:11.317789 podb-esxi207 dnsmasq-dhcp[2725415]: read /opt/stack/data/neutron/dhcp/ea80e0bc-2c3b-4b02-9710-73427b31d092/host
Oct 17 17:40:11.317854 podb-esxi207 dnsmasq-dhcp[2725415]: read /opt/stack/data/neutron/dhcp/ea80e0bc-2c3b-4b02-9710-73427b31d092/opts
Oct 17 17:40:12.312325 podb-esxi207 dnsmasq-dhcp[2722890]: DHCPDISCOVER(tapa555b2b5-06) fa:16:3e:2d:df:0a
Oct 17 17:40:12.312354 podb-esxi207 dnsmasq-dhcp[2722890]: DHCPOFFER(tapa555b2b5-06) 10.1.0.6 fa:16:3e:2d:df:0a
Oct 17 17:40:12.321124 podb-esxi207 dnsmasq-dhcp[2722890]: DHCPREQUEST(tapa555b2b5-06) 10.1.0.6 fa:16:3e:2d:df:0a
Oct 17 17:40:12.321158 podb-esxi207 dnsmasq-dhcp[2722890]: DHCPACK(tapa555b2b5-06) 10.1.0.6 fa:16:3e:2d:df:0a host-10-1-0-6
Oct 17 17:40:13.905660 podb-esxi207 dnsmasq[2725641]: started, version 2.90 cachesize 150
Oct 17 17:40:13.905681 podb-esxi207 dnsmasq[2725641]: DNS service limited to local subnets
Oct 17 17:40:13.905696 podb-esxi207 dnsmasq[2725641]: compile time options: IPv6 GNU-getopt DBus no-UBus i18n IDN2 DHCP DHCPv6 no-Lua TFTP conntrack ipset no-nftset auth cryptohash DNSSEC loop-detect inotify dumpfile
Oct 17 17:40:13.905730 podb-esxi207 dnsmasq-dhcp[2725641]: DHCP, static leases only on 10.1.0.0, lease time 1d
Oct 17 17:40:13.905880 podb-esxi207 dnsmasq[2725641]: reading /etc/resolv.conf
Oct 17 17:40:13.905897 podb-esxi207 dnsmasq[2725641]: using nameserver 127.0.0.53#53
Oct 17 17:40:13.906005 podb-esxi207 dnsmasq[2725641]: read /opt/stack/data/neutron/dhcp/900afea2-0988-47fc-bfbc-a0254a647d0c/addn_hosts - 2 names
Oct 17 17:40:13.906060 podb-esxi207 dnsmasq-dhcp[2725641]: read /opt/stack/data/neutron/dhcp/900afea2-0988-47fc-bfbc-a0254a647d0c/host
Oct 17 17:40:13.906124 podb-esxi207 dnsmasq-dhcp[2725641]: read /opt/stack/data/neutron/dhcp/900afea2-0988-47fc-bfbc-a0254a647d0c/opts
Oct 17 17:40:13.932108 podb-esxi207 dnsmasq[2720200]: exiting on receipt of SIGTERM
Oct 17 17:40:16.056120 podb-esxi207 dnsmasq[2724982]: read /opt/stack/data/neutron/dhcp/24185084-d8c9-422c-85c1-6b3d88372c99/addn_hosts - 2 names
Oct 17 17:40:16.056222 podb-esxi207 dnsmasq-dhcp[2724982]: read /opt/stack/data/neutron/dhcp/24185084-d8c9-422c-85c1-6b3d88372c99/host
Oct 17 17:40:16.056296 podb-esxi207 dnsmasq-dhcp[2724982]: read /opt/stack/data/neutron/dhcp/24185084-d8c9-422c-85c1-6b3d88372c99/opts
Oct 17 17:40:17.310159 podb-esxi207 dnsmasq[2725415]: read /opt/stack/data/neutron/dhcp/ea80e0bc-2c3b-4b02-9710-73427b31d092/addn_hosts - 2 names
Oct 17 17:40:17.310256 podb-esxi207 dnsmasq-dhcp[2725415]: read /opt/stack/data/neutron/dhcp/ea80e0bc-2c3b-4b02-9710-73427b31d092/host
Oct 17 17:40:17.310356 podb-esxi207 dnsmasq-dhcp[2725415]: read /opt/stack/data/neutron/dhcp/ea80e0bc-2c3b-4b02-9710-73427b31d092/opts
Oct 17 17:40:20.188699 podb-esxi207 dnsmasq[2725788]: started, version 2.90 cachesize 150
Oct 17 17:40:20.188723 podb-esxi207 dnsmasq[2725788]: DNS service limited to local subnets
Oct 17 17:40:20.188737 podb-esxi207 dnsmasq[2725788]: compile time options: IPv6 GNU-getopt DBus no-UBus i18n IDN2 DHCP DHCPv6 no-Lua TFTP conntrack ipset no-nftset auth cryptohash DNSSEC loop-detect inotify dumpfile
Oct 17 17:40:20.188776 podb-esxi207 dnsmasq-dhcp[2725788]: DHCP, static leases only on 10.1.0.0, lease time 1d
Oct 17 17:40:20.188922 podb-esxi207 dnsmasq[2725788]: reading /etc/resolv.conf
Oct 17 17:40:20.188938 podb-esxi207 dnsmasq[2725788]: using nameserver 127.0.0.53#53
Oct 17 17:40:20.189046 podb-esxi207 dnsmasq[2725788]: read /opt/stack/data/neutron/dhcp/7e405ef7-48f3-4f0e-a8a9-292fb41406a1/addn_hosts - 2 names
Oct 17 17:40:20.189100 podb-esxi207 dnsmasq-dhcp[2725788]: read /opt/stack/data/neutron/dhcp/7e405ef7-48f3-4f0e-a8a9-292fb41406a1/host
Oct 17 17:40:20.189172 podb-esxi207 dnsmasq-dhcp[2725788]: read /opt/stack/data/neutron/dhcp/7e405ef7-48f3-4f0e-a8a9-292fb41406a1/opts
Oct 17 17:40:21.242678 podb-esxi207 dnsmasq[2725641]: read /opt/stack/data/neutron/dhcp/900afea2-0988-47fc-bfbc-a0254a647d0c/addn_hosts - 2 names
Oct 17 17:40:21.242776 podb-esxi207 dnsmasq-dhcp[2725641]: read /opt/stack/data/neutron/dhcp/900afea2-0988-47fc-bfbc-a0254a647d0c/host
Oct 17 17:40:21.242879 podb-esxi207 dnsmasq-dhcp[2725641]: read /opt/stack/data/neutron/dhcp/900afea2-0988-47fc-bfbc-a0254a647d0c/opts
Oct 17 17:40:22.994908 podb-esxi207 dnsmasq[2724982]: read /opt/stack/data/neutron/dhcp/24185084-d8c9-422c-85c1-6b3d88372c99/addn_hosts - 2 names
Oct 17 17:40:22.995017 podb-esxi207 dnsmasq-dhcp[2724982]: read /opt/stack/data/neutron/dhcp/24185084-d8c9-422c-85c1-6b3d88372c99/host
Oct 17 17:40:22.995142 podb-esxi207 dnsmasq-dhcp[2724982]: read /opt/stack/data/neutron/dhcp/24185084-d8c9-422c-85c1-6b3d88372c99/opts
Oct 17 17:40:23.750237 podb-esxi207 dnsmasq[2725415]: read /opt/stack/data/neutron/dhcp/ea80e0bc-2c3b-4b02-9710-73427b31d092/addn_hosts - 2 names
Oct 17 17:40:23.750347 podb-esxi207 dnsmasq-dhcp[2725415]: read /opt/stack/data/neutron/dhcp/ea80e0bc-2c3b-4b02-9710-73427b31d092/host
Oct 17 17:40:23.750476 podb-esxi207 dnsmasq-dhcp[2725415]: read /opt/stack/data/neutron/dhcp/ea80e0bc-2c3b-4b02-9710-73427b31d092/opts
Oct 17 17:40:25.005066 podb-esxi207 dnsmasq[2725788]: read /opt/stack/data/neutron/dhcp/7e405ef7-48f3-4f0e-a8a9-292fb41406a1/addn_hosts - 2 names
Oct 17 17:40:25.005179 podb-esxi207 dnsmasq-dhcp[2725788]: read /opt/stack/data/neutron/dhcp/7e405ef7-48f3-4f0e-a8a9-292fb41406a1/host
Oct 17 17:40:25.005291 podb-esxi207 dnsmasq-dhcp[2725788]: read /opt/stack/data/neutron/dhcp/7e405ef7-48f3-4f0e-a8a9-292fb41406a1/opts
Oct 17 17:40:25.760922 podb-esxi207 dnsmasq[2725641]: read /opt/stack/data/neutron/dhcp/900afea2-0988-47fc-bfbc-a0254a647d0c/addn_hosts - 2 names
Oct 17 17:40:25.761009 podb-esxi207 dnsmasq-dhcp[2725641]: read /opt/stack/data/neutron/dhcp/900afea2-0988-47fc-bfbc-a0254a647d0c/host
Oct 17 17:40:25.761123 podb-esxi207 dnsmasq-dhcp[2725641]: read /opt/stack/data/neutron/dhcp/900afea2-0988-47fc-bfbc-a0254a647d0c/opts
Oct 17 17:40:27.025729 podb-esxi207 dnsmasq[2724982]: read /opt/stack/data/neutron/dhcp/24185084-d8c9-422c-85c1-6b3d88372c99/addn_hosts - 2 names
Oct 17 17:40:27.025869 podb-esxi207 dnsmasq-dhcp[2724982]: read /opt/stack/data/neutron/dhcp/24185084-d8c9-422c-85c1-6b3d88372c99/host
Oct 17 17:40:27.025976 podb-esxi207 dnsmasq-dhcp[2724982]: read /opt/stack/data/neutron/dhcp/24185084-d8c9-422c-85c1-6b3d88372c99/opts
Oct 17 17:40:27.781822 podb-esxi207 dnsmasq[2725415]: read /opt/stack/data/neutron/dhcp/ea80e0bc-2c3b-4b02-9710-73427b31d092/addn_hosts - 2 names
Oct 17 17:40:27.781939 podb-esxi207 dnsmasq-dhcp[2725415]: read /opt/stack/data/neutron/dhcp/ea80e0bc-2c3b-4b02-9710-73427b31d092/host
Oct 17 17:40:27.782048 podb-esxi207 dnsmasq-dhcp[2725415]: read /opt/stack/data/neutron/dhcp/ea80e0bc-2c3b-4b02-9710-73427b31d092/opts
Oct 17 17:40:28.540266 podb-esxi207 dnsmasq[2725788]: read /opt/stack/data/neutron/dhcp/7e405ef7-48f3-4f0e-a8a9-292fb41406a1/addn_hosts - 2 names
Oct 17 17:40:28.540354 podb-esxi207 dnsmasq-dhcp[2725788]: read /opt/stack/data/neutron/dhcp/7e405ef7-48f3-4f0e-a8a9-292fb41406a1/host
Oct 17 17:40:28.540468 podb-esxi207 dnsmasq-dhcp[2725788]: read /opt/stack/data/neutron/dhcp/7e405ef7-48f3-4f0e-a8a9-292fb41406a1/opts
Oct 17 17:40:29.295103 podb-esxi207 dnsmasq[2725641]: read /opt/stack/data/neutron/dhcp/900afea2-0988-47fc-bfbc-a0254a647d0c/addn_hosts - 2 names
Oct 17 17:40:29.295212 podb-esxi207 dnsmasq-dhcp[2725641]: read /opt/stack/data/neutron/dhcp/900afea2-0988-47fc-bfbc-a0254a647d0c/host
Oct 17 17:40:29.295319 podb-esxi207 dnsmasq-dhcp[2725641]: read /opt/stack/data/neutron/dhcp/900afea2-0988-47fc-bfbc-a0254a647d0c/opts
Oct 17 17:40:30.551843 podb-esxi207 dnsmasq[2725788]: read /opt/stack/data/neutron/dhcp/7e405ef7-48f3-4f0e-a8a9-292fb41406a1/addn_hosts - 2 names
Oct 17 17:40:30.551934 podb-esxi207 dnsmasq-dhcp[2725788]: read /opt/stack/data/neutron/dhcp/7e405ef7-48f3-4f0e-a8a9-292fb41406a1/host
Oct 17 17:40:30.552051 podb-esxi207 dnsmasq-dhcp[2725788]: read /opt/stack/data/neutron/dhcp/7e405ef7-48f3-4f0e-a8a9-292fb41406a1/opts
Oct 17 17:41:04.609842 podb-esxi207 dnsmasq[2726501]: started, version 2.90 cachesize 150
Oct 17 17:41:04.609869 podb-esxi207 dnsmasq[2726501]: DNS service limited to local subnets
Oct 17 17:41:04.609884 podb-esxi207 dnsmasq[2726501]: compile time options: IPv6 GNU-getopt DBus no-UBus i18n IDN2 DHCP DHCPv6 no-Lua TFTP conntrack ipset no-nftset auth cryptohash DNSSEC loop-detect inotify dumpfile
Oct 17 17:41:04.609926 podb-esxi207 dnsmasq-dhcp[2726501]: DHCP, static leases only on 10.1.1.0, lease time 1d
Oct 17 17:41:04.610082 podb-esxi207 dnsmasq[2726501]: reading /etc/resolv.conf
Oct 17 17:41:04.610099 podb-esxi207 dnsmasq[2726501]: using nameserver 127.0.0.53#53
Oct 17 17:41:04.610191 podb-esxi207 dnsmasq[2726501]: read /opt/stack/data/neutron/dhcp/b1cb36d7-c227-40bb-b5b4-8b8bb6d27741/addn_hosts - 0 names
Oct 17 17:41:04.610244 podb-esxi207 dnsmasq-dhcp[2726501]: read /opt/stack/data/neutron/dhcp/b1cb36d7-c227-40bb-b5b4-8b8bb6d27741/host
Oct 17 17:41:04.610306 podb-esxi207 dnsmasq-dhcp[2726501]: read /opt/stack/data/neutron/dhcp/b1cb36d7-c227-40bb-b5b4-8b8bb6d27741/opts
Oct 17 17:41:07.758917 podb-esxi207 dnsmasq[2726604]: started, version 2.90 cachesize 150
Oct 17 17:41:07.758947 podb-esxi207 dnsmasq[2726604]: DNS service limited to local subnets
Oct 17 17:41:07.758962 podb-esxi207 dnsmasq[2726604]: compile time options: IPv6 GNU-getopt DBus no-UBus i18n IDN2 DHCP DHCPv6 no-Lua TFTP conntrack ipset no-nftset auth cryptohash DNSSEC loop-detect inotify dumpfile
Oct 17 17:41:07.759011 podb-esxi207 dnsmasq-dhcp[2726604]: DHCP, static leases only on 10.2.2.0, lease time 1d
Oct 17 17:41:07.759165 podb-esxi207 dnsmasq[2726604]: reading /etc/resolv.conf
Oct 17 17:41:07.759181 podb-esxi207 dnsmasq[2726604]: using nameserver 127.0.0.53#53
Oct 17 17:41:07.759274 podb-esxi207 dnsmasq[2726604]: read /opt/stack/data/neutron/dhcp/93073cbc-9ca9-4b7f-b57a-23f1eba9dc70/addn_hosts - 0 names
Oct 17 17:41:07.759323 podb-esxi207 dnsmasq-dhcp[2726604]: read /opt/stack/data/neutron/dhcp/93073cbc-9ca9-4b7f-b57a-23f1eba9dc70/host
Oct 17 17:41:07.759381 podb-esxi207 dnsmasq-dhcp[2726604]: read /opt/stack/data/neutron/dhcp/93073cbc-9ca9-4b7f-b57a-23f1eba9dc70/opts
Oct 17 17:41:08.798066 podb-esxi207 dnsmasq[2726501]: read /opt/stack/data/neutron/dhcp/b1cb36d7-c227-40bb-b5b4-8b8bb6d27741/addn_hosts - 4 names
Oct 17 17:41:08.798181 podb-esxi207 dnsmasq-dhcp[2726501]: read /opt/stack/data/neutron/dhcp/b1cb36d7-c227-40bb-b5b4-8b8bb6d27741/host
Oct 17 17:41:08.798264 podb-esxi207 dnsmasq-dhcp[2726501]: read /opt/stack/data/neutron/dhcp/b1cb36d7-c227-40bb-b5b4-8b8bb6d27741/opts
Oct 17 17:41:11.657314 podb-esxi207 dnsmasq[2726995]: started, version 2.90 cachesize 150
Oct 17 17:41:11.657338 podb-esxi207 dnsmasq[2726995]: DNS service limited to local subnets
Oct 17 17:41:11.657353 podb-esxi207 dnsmasq[2726995]: compile time options: IPv6 GNU-getopt DBus no-UBus i18n IDN2 DHCP DHCPv6 no-Lua TFTP conntrack ipset no-nftset auth cryptohash DNSSEC loop-detect inotify dumpfile
Oct 17 17:41:11.657393 podb-esxi207 dnsmasq-dhcp[2726995]: DHCP, static leases only on 10.1.1.0, lease time 1d
Oct 17 17:41:11.657549 podb-esxi207 dnsmasq[2726995]: reading /etc/resolv.conf
Oct 17 17:41:11.657568 podb-esxi207 dnsmasq[2726995]: using nameserver 127.0.0.53#53
Oct 17 17:41:11.657690 podb-esxi207 dnsmasq[2726995]: read /opt/stack/data/neutron/dhcp/823ea68e-5fb6-41cd-8534-f63e1d4ff3a0/addn_hosts - 4 names
Oct 17 17:41:11.657761 podb-esxi207 dnsmasq-dhcp[2726995]: read /opt/stack/data/neutron/dhcp/823ea68e-5fb6-41cd-8534-f63e1d4ff3a0/host
Oct 17 17:41:11.657807 podb-esxi207 dnsmasq-dhcp[2726995]: read /opt/stack/data/neutron/dhcp/823ea68e-5fb6-41cd-8534-f63e1d4ff3a0/opts
Oct 17 17:41:14.818071 podb-esxi207 dnsmasq[2727058]: started, version 2.90 cachesize 150
Oct 17 17:41:14.818099 podb-esxi207 dnsmasq[2727058]: DNS service limited to local subnets
Oct 17 17:41:14.818113 podb-esxi207 dnsmasq[2727058]: compile time options: IPv6 GNU-getopt DBus no-UBus i18n IDN2 DHCP DHCPv6 no-Lua TFTP conntrack ipset no-nftset auth cryptohash DNSSEC loop-detect inotify dumpfile
Oct 17 17:41:14.818162 podb-esxi207 dnsmasq-dhcp[2727058]: DHCP, static leases only on 10.2.2.0, lease time 1d
Oct 17 17:41:14.818317 podb-esxi207 dnsmasq[2727058]: reading /etc/resolv.conf
Oct 17 17:41:14.818333 podb-esxi207 dnsmasq[2727058]: using nameserver 127.0.0.53#53
Oct 17 17:41:14.818422 podb-esxi207 dnsmasq[2727058]: read /opt/stack/data/neutron/dhcp/205033cb-e693-46c4-b272-93925e2127e5/addn_hosts - 0 names
Oct 17 17:41:14.818474 podb-esxi207 dnsmasq-dhcp[2727058]: read /opt/stack/data/neutron/dhcp/205033cb-e693-46c4-b272-93925e2127e5/host
Oct 17 17:41:14.818530 podb-esxi207 dnsmasq-dhcp[2727058]: read /opt/stack/data/neutron/dhcp/205033cb-e693-46c4-b272-93925e2127e5/opts
Oct 17 17:41:15.861601 podb-esxi207 dnsmasq[2726604]: read /opt/stack/data/neutron/dhcp/93073cbc-9ca9-4b7f-b57a-23f1eba9dc70/addn_hosts - 4 names
Oct 17 17:41:15.861713 podb-esxi207 dnsmasq-dhcp[2726604]: read /opt/stack/data/neutron/dhcp/93073cbc-9ca9-4b7f-b57a-23f1eba9dc70/host
Oct 17 17:41:15.861799 podb-esxi207 dnsmasq-dhcp[2726604]: read /opt/stack/data/neutron/dhcp/93073cbc-9ca9-4b7f-b57a-23f1eba9dc70/opts
Oct 17 17:41:16.617821 podb-esxi207 dnsmasq[2726501]: read /opt/stack/data/neutron/dhcp/b1cb36d7-c227-40bb-b5b4-8b8bb6d27741/addn_hosts - 4 names
Oct 17 17:41:16.617938 podb-esxi207 dnsmasq-dhcp[2726501]: read /opt/stack/data/neutron/dhcp/b1cb36d7-c227-40bb-b5b4-8b8bb6d27741/host
Oct 17 17:41:16.618023 podb-esxi207 dnsmasq-dhcp[2726501]: read /opt/stack/data/neutron/dhcp/b1cb36d7-c227-40bb-b5b4-8b8bb6d27741/opts
Oct 17 17:41:17.877627 podb-esxi207 dnsmasq[2726995]: read /opt/stack/data/neutron/dhcp/823ea68e-5fb6-41cd-8534-f63e1d4ff3a0/addn_hosts - 8 names
Oct 17 17:41:17.877774 podb-esxi207 dnsmasq-dhcp[2726995]: read /opt/stack/data/neutron/dhcp/823ea68e-5fb6-41cd-8534-f63e1d4ff3a0/host
Oct 17 17:41:17.877845 podb-esxi207 dnsmasq-dhcp[2726995]: read /opt/stack/data/neutron/dhcp/823ea68e-5fb6-41cd-8534-f63e1d4ff3a0/opts
Oct 17 17:41:18.632838 podb-esxi207 dnsmasq[2724982]: read /opt/stack/data/neutron/dhcp/24185084-d8c9-422c-85c1-6b3d88372c99/addn_hosts - 4 names
Oct 17 17:41:18.632971 podb-esxi207 dnsmasq-dhcp[2724982]: read /opt/stack/data/neutron/dhcp/24185084-d8c9-422c-85c1-6b3d88372c99/host
Oct 17 17:41:18.633081 podb-esxi207 dnsmasq-dhcp[2724982]: read /opt/stack/data/neutron/dhcp/24185084-d8c9-422c-85c1-6b3d88372c99/opts
Oct 17 17:41:20.403326 podb-esxi207 dnsmasq[2727058]: read /opt/stack/data/neutron/dhcp/205033cb-e693-46c4-b272-93925e2127e5/addn_hosts - 4 names
Oct 17 17:41:20.403416 podb-esxi207 dnsmasq-dhcp[2727058]: read /opt/stack/data/neutron/dhcp/205033cb-e693-46c4-b272-93925e2127e5/host
Oct 17 17:41:20.403479 podb-esxi207 dnsmasq-dhcp[2727058]: read /opt/stack/data/neutron/dhcp/205033cb-e693-46c4-b272-93925e2127e5/opts
Oct 17 17:41:21.150561 podb-esxi207 dnsmasq[2725415]: read /opt/stack/data/neutron/dhcp/ea80e0bc-2c3b-4b02-9710-73427b31d092/addn_hosts - 4 names
Oct 17 17:41:21.150688 podb-esxi207 dnsmasq-dhcp[2725415]: read /opt/stack/data/neutron/dhcp/ea80e0bc-2c3b-4b02-9710-73427b31d092/host
Oct 17 17:41:21.150800 podb-esxi207 dnsmasq-dhcp[2725415]: read /opt/stack/data/neutron/dhcp/ea80e0bc-2c3b-4b02-9710-73427b31d092/opts
Oct 17 17:41:21.900628 podb-esxi207 dnsmasq[2726604]: read /opt/stack/data/neutron/dhcp/93073cbc-9ca9-4b7f-b57a-23f1eba9dc70/addn_hosts - 4 names
Oct 17 17:41:21.900755 podb-esxi207 dnsmasq-dhcp[2726604]: read /opt/stack/data/neutron/dhcp/93073cbc-9ca9-4b7f-b57a-23f1eba9dc70/host
Oct 17 17:41:21.900841 podb-esxi207 dnsmasq-dhcp[2726604]: read /opt/stack/data/neutron/dhcp/93073cbc-9ca9-4b7f-b57a-23f1eba9dc70/opts
Oct 17 17:41:22.664894 podb-esxi207 dnsmasq[2726501]: read /opt/stack/data/neutron/dhcp/b1cb36d7-c227-40bb-b5b4-8b8bb6d27741/addn_hosts - 4 names
Oct 17 17:41:22.665009 podb-esxi207 dnsmasq-dhcp[2726501]: read /opt/stack/data/neutron/dhcp/b1cb36d7-c227-40bb-b5b4-8b8bb6d27741/host
Oct 17 17:41:22.665102 podb-esxi207 dnsmasq-dhcp[2726501]: read /opt/stack/data/neutron/dhcp/b1cb36d7-c227-40bb-b5b4-8b8bb6d27741/opts
Oct 17 17:41:23.423366 podb-esxi207 dnsmasq[2726995]: read /opt/stack/data/neutron/dhcp/823ea68e-5fb6-41cd-8534-f63e1d4ff3a0/addn_hosts - 8 names
Oct 17 17:41:23.423492 podb-esxi207 dnsmasq-dhcp[2726995]: read /opt/stack/data/neutron/dhcp/823ea68e-5fb6-41cd-8534-f63e1d4ff3a0/host
Oct 17 17:41:23.423587 podb-esxi207 dnsmasq-dhcp[2726995]: read /opt/stack/data/neutron/dhcp/823ea68e-5fb6-41cd-8534-f63e1d4ff3a0/opts
Oct 17 17:41:24.691217 podb-esxi207 dnsmasq[2727058]: read /opt/stack/data/neutron/dhcp/205033cb-e693-46c4-b272-93925e2127e5/addn_hosts - 4 names
Oct 17 17:41:24.691330 podb-esxi207 dnsmasq-dhcp[2727058]: read /opt/stack/data/neutron/dhcp/205033cb-e693-46c4-b272-93925e2127e5/host
Oct 17 17:41:24.691415 podb-esxi207 dnsmasq-dhcp[2727058]: read /opt/stack/data/neutron/dhcp/205033cb-e693-46c4-b272-93925e2127e5/opts
Oct 17 17:41:25.443648 podb-esxi207 dnsmasq[2726604]: read /opt/stack/data/neutron/dhcp/93073cbc-9ca9-4b7f-b57a-23f1eba9dc70/addn_hosts - 4 names
Oct 17 17:41:25.443777 podb-esxi207 dnsmasq-dhcp[2726604]: read /opt/stack/data/neutron/dhcp/93073cbc-9ca9-4b7f-b57a-23f1eba9dc70/host
Oct 17 17:41:25.443865 podb-esxi207 dnsmasq-dhcp[2726604]: read /opt/stack/data/neutron/dhcp/93073cbc-9ca9-4b7f-b57a-23f1eba9dc70/opts
Oct 17 17:41:26.193686 podb-esxi207 dnsmasq[2726501]: read /opt/stack/data/neutron/dhcp/b1cb36d7-c227-40bb-b5b4-8b8bb6d27741/addn_hosts - 6 names
Oct 17 17:41:26.193816 podb-esxi207 dnsmasq-dhcp[2726501]: read /opt/stack/data/neutron/dhcp/b1cb36d7-c227-40bb-b5b4-8b8bb6d27741/host
Oct 17 17:41:26.193898 podb-esxi207 dnsmasq-dhcp[2726501]: read /opt/stack/data/neutron/dhcp/b1cb36d7-c227-40bb-b5b4-8b8bb6d27741/opts
Oct 17 17:41:26.956254 podb-esxi207 dnsmasq[2726995]: read /opt/stack/data/neutron/dhcp/823ea68e-5fb6-41cd-8534-f63e1d4ff3a0/addn_hosts - 8 names
Oct 17 17:41:26.956408 podb-esxi207 dnsmasq-dhcp[2726995]: read /opt/stack/data/neutron/dhcp/823ea68e-5fb6-41cd-8534-f63e1d4ff3a0/host
Oct 17 17:41:26.956489 podb-esxi207 dnsmasq-dhcp[2726995]: read /opt/stack/data/neutron/dhcp/823ea68e-5fb6-41cd-8534-f63e1d4ff3a0/opts
