Oct 17 16:32:58.863442 podb-esxi207 dnsmasq[2653502]: read /opt/stack/data/neutron/dhcp/9a331243-f328-4a42-8584-fe202fbd14af/addn_hosts - 2 names
Oct 17 16:32:58.863562 podb-esxi207 dnsmasq-dhcp[2653502]: read /opt/stack/data/neutron/dhcp/9a331243-f328-4a42-8584-fe202fbd14af/host
Oct 17 16:32:58.863675 podb-esxi207 dnsmasq-dhcp[2653502]: read /opt/stack/data/neutron/dhcp/9a331243-f328-4a42-8584-fe202fbd14af/opts
Oct 17 16:33:00.613536 podb-esxi207 dnsmasq[2653502]: read /opt/stack/data/neutron/dhcp/9a331243-f328-4a42-8584-fe202fbd14af/addn_hosts - 2 names
Oct 17 16:33:00.613665 podb-esxi207 dnsmasq-dhcp[2653502]: read /opt/stack/data/neutron/dhcp/9a331243-f328-4a42-8584-fe202fbd14af/host
Oct 17 16:33:00.613773 podb-esxi207 dnsmasq-dhcp[2653502]: read /opt/stack/data/neutron/dhcp/9a331243-f328-4a42-8584-fe202fbd14af/opts
Oct 17 16:33:01.894675 podb-esxi207 dnsmasq[2653502]: read /opt/stack/data/neutron/dhcp/9a331243-f328-4a42-8584-fe202fbd14af/addn_hosts - 4 names
Oct 17 16:33:01.894814 podb-esxi207 dnsmasq-dhcp[2653502]: read /opt/stack/data/neutron/dhcp/9a331243-f328-4a42-8584-fe202fbd14af/host
Oct 17 16:33:01.894945 podb-esxi207 dnsmasq-dhcp[2653502]: read /opt/stack/data/neutron/dhcp/9a331243-f328-4a42-8584-fe202fbd14af/opts
Oct 17 16:33:04.560282 podb-esxi207 dnsmasq-dhcp[2651530]: DHCPRELEASE(tap546f13bf-6e) 10.1.1.46 fa:16:3e:e0:21:76
Oct 17 16:33:04.576592 podb-esxi207 dnsmasq-dhcp[2651530]: DHCPRELEASE(tap546f13bf-6e) 10.1.1.46 fa:16:3e:e0:21:76 unknown lease
Oct 17 16:33:05.398893 podb-esxi207 dnsmasq[2651530]: read /opt/stack/data/neutron/dhcp/d0850fe9-d0e4-473c-9770-afb914a41b23/addn_hosts - 6 names
Oct 17 16:33:05.398988 podb-esxi207 dnsmasq-dhcp[2651530]: read /opt/stack/data/neutron/dhcp/d0850fe9-d0e4-473c-9770-afb914a41b23/host
Oct 17 16:33:05.399067 podb-esxi207 dnsmasq-dhcp[2651530]: read /opt/stack/data/neutron/dhcp/d0850fe9-d0e4-473c-9770-afb914a41b23/opts
Oct 17 16:33:05.622123 podb-esxi207 dnsmasq-dhcp[2650326]: DHCPRELEASE(tap70e571f0-f5) 10.1.0.5 fa:16:3e:9b:b0:b1
Oct 17 16:33:05.638356 podb-esxi207 dnsmasq-dhcp[2650326]: DHCPRELEASE(tap70e571f0-f5) 10.1.0.5 fa:16:3e:9b:b0:b1 unknown lease
Oct 17 16:33:06.460759 podb-esxi207 dnsmasq[2650326]: read /opt/stack/data/neutron/dhcp/4c11b01c-f19a-40f1-858c-f8dbe811bb6e/addn_hosts - 2 names
Oct 17 16:33:06.460842 podb-esxi207 dnsmasq-dhcp[2650326]: read /opt/stack/data/neutron/dhcp/4c11b01c-f19a-40f1-858c-f8dbe811bb6e/host
Oct 17 16:33:06.460947 podb-esxi207 dnsmasq-dhcp[2650326]: read /opt/stack/data/neutron/dhcp/4c11b01c-f19a-40f1-858c-f8dbe811bb6e/opts
Oct 17 16:33:06.683085 podb-esxi207 dnsmasq-dhcp[2651584]: DHCPRELEASE(tap48a2b1f5-ee) 10.2.2.100 fa:16:3e:3f:54:84
Oct 17 16:33:06.698993 podb-esxi207 dnsmasq-dhcp[2651584]: DHCPRELEASE(tap48a2b1f5-ee) 10.2.2.100 fa:16:3e:3f:54:84 unknown lease
Oct 17 16:33:07.521963 podb-esxi207 dnsmasq[2651584]: read /opt/stack/data/neutron/dhcp/440fb6ee-26c8-40d8-a9e2-3eeec2ed1758/addn_hosts - 2 names
Oct 17 16:33:07.522052 podb-esxi207 dnsmasq-dhcp[2651584]: read /opt/stack/data/neutron/dhcp/440fb6ee-26c8-40d8-a9e2-3eeec2ed1758/host
Oct 17 16:33:07.522136 podb-esxi207 dnsmasq-dhcp[2651584]: read /opt/stack/data/neutron/dhcp/440fb6ee-26c8-40d8-a9e2-3eeec2ed1758/opts
Oct 17 16:33:07.742234 podb-esxi207 dnsmasq-dhcp[2651530]: DHCPRELEASE(tap546f13bf-6e) 10.1.1.114 fa:16:3e:6c:30:78
Oct 17 16:33:07.758507 podb-esxi207 dnsmasq-dhcp[2651530]: DHCPRELEASE(tap546f13bf-6e) 10.1.1.114 fa:16:3e:6c:30:78 unknown lease
Oct 17 16:33:08.581183 podb-esxi207 dnsmasq[2651530]: read /opt/stack/data/neutron/dhcp/d0850fe9-d0e4-473c-9770-afb914a41b23/addn_hosts - 4 names
Oct 17 16:33:08.581292 podb-esxi207 dnsmasq-dhcp[2651530]: read /opt/stack/data/neutron/dhcp/d0850fe9-d0e4-473c-9770-afb914a41b23/host
Oct 17 16:33:08.581379 podb-esxi207 dnsmasq-dhcp[2651530]: read /opt/stack/data/neutron/dhcp/d0850fe9-d0e4-473c-9770-afb914a41b23/opts
Oct 17 16:33:08.804883 podb-esxi207 dnsmasq-dhcp[2651584]: DHCPRELEASE(tap48a2b1f5-ee) 10.2.2.200 fa:16:3e:2b:23:10
Oct 17 16:33:08.821669 podb-esxi207 dnsmasq-dhcp[2651584]: DHCPRELEASE(tap48a2b1f5-ee) 10.2.2.200 fa:16:3e:2b:23:10 unknown lease
Oct 17 16:33:09.643889 podb-esxi207 dnsmasq[2651584]: read /opt/stack/data/neutron/dhcp/440fb6ee-26c8-40d8-a9e2-3eeec2ed1758/addn_hosts - 0 names
Oct 17 16:33:09.643971 podb-esxi207 dnsmasq-dhcp[2651584]: read /opt/stack/data/neutron/dhcp/440fb6ee-26c8-40d8-a9e2-3eeec2ed1758/host
Oct 17 16:33:09.644046 podb-esxi207 dnsmasq-dhcp[2651584]: read /opt/stack/data/neutron/dhcp/440fb6ee-26c8-40d8-a9e2-3eeec2ed1758/opts
Oct 17 16:33:18.135230 podb-esxi207 dnsmasq-dhcp[2651530]: DHCPRELEASE(tap546f13bf-6e) 10.1.1.124 fa:16:3e:f4:80:41
Oct 17 16:33:18.151669 podb-esxi207 dnsmasq-dhcp[2651530]: DHCPRELEASE(tap546f13bf-6e) 10.1.1.124 fa:16:3e:f4:80:41 unknown lease
Oct 17 16:33:18.973625 podb-esxi207 dnsmasq[2651530]: read /opt/stack/data/neutron/dhcp/d0850fe9-d0e4-473c-9770-afb914a41b23/addn_hosts - 2 names
Oct 17 16:33:18.973897 podb-esxi207 dnsmasq-dhcp[2651530]: read /opt/stack/data/neutron/dhcp/d0850fe9-d0e4-473c-9770-afb914a41b23/host
Oct 17 16:33:18.973981 podb-esxi207 dnsmasq-dhcp[2651530]: read /opt/stack/data/neutron/dhcp/d0850fe9-d0e4-473c-9770-afb914a41b23/opts
Oct 17 16:33:20.197968 podb-esxi207 dnsmasq[2651584]: exiting on receipt of SIGTERM
Oct 17 16:33:20.814918 podb-esxi207 dnsmasq[2651530]: exiting on receipt of SIGTERM
Oct 17 16:33:22.823674 podb-esxi207 dnsmasq-dhcp[2646794]: DHCPRELEASE(tap95a5e217-22) 10.1.0.8 fa:16:3e:5d:8a:33
Oct 17 16:33:22.840783 podb-esxi207 dnsmasq-dhcp[2646794]: DHCPRELEASE(tap95a5e217-22) 10.1.0.8 fa:16:3e:5d:8a:33 unknown lease
Oct 17 16:33:23.665751 podb-esxi207 dnsmasq[2646794]: read /opt/stack/data/neutron/dhcp/3cc9e68c-91b8-4237-8146-b5bc93166b5f/addn_hosts - 2 names
Oct 17 16:33:23.665851 podb-esxi207 dnsmasq-dhcp[2646794]: read /opt/stack/data/neutron/dhcp/3cc9e68c-91b8-4237-8146-b5bc93166b5f/host
Oct 17 16:33:23.665927 podb-esxi207 dnsmasq-dhcp[2646794]: read /opt/stack/data/neutron/dhcp/3cc9e68c-91b8-4237-8146-b5bc93166b5f/opts
Oct 17 16:33:27.296083 podb-esxi207 dnsmasq-dhcp[2653502]: DHCPDISCOVER(tapa89a4040-d3) fa:16:3e:c8:a7:4a
Oct 17 16:33:27.296110 podb-esxi207 dnsmasq-dhcp[2653502]: DHCPOFFER(tapa89a4040-d3) 10.1.0.4 fa:16:3e:c8:a7:4a
Oct 17 16:33:27.308015 podb-esxi207 dnsmasq-dhcp[2653502]: DHCPREQUEST(tapa89a4040-d3) 10.1.0.4 fa:16:3e:c8:a7:4a
Oct 17 16:33:27.308045 podb-esxi207 dnsmasq-dhcp[2653502]: DHCPACK(tapa89a4040-d3) 10.1.0.4 fa:16:3e:c8:a7:4a host-10-1-0-4
Oct 17 16:33:27.921363 podb-esxi207 dnsmasq-dhcp[2646794]: DHCPRELEASE(tap95a5e217-22) 10.1.0.1 fa:16:3e:d8:67:e1
Oct 17 16:33:28.744975 podb-esxi207 dnsmasq[2646794]: read /opt/stack/data/neutron/dhcp/3cc9e68c-91b8-4237-8146-b5bc93166b5f/addn_hosts - 0 names
Oct 17 16:33:28.745074 podb-esxi207 dnsmasq-dhcp[2646794]: read /opt/stack/data/neutron/dhcp/3cc9e68c-91b8-4237-8146-b5bc93166b5f/host
Oct 17 16:33:28.745169 podb-esxi207 dnsmasq-dhcp[2646794]: read /opt/stack/data/neutron/dhcp/3cc9e68c-91b8-4237-8146-b5bc93166b5f/opts
Oct 17 16:33:29.498669 podb-esxi207 dnsmasq[2646794]: exiting on receipt of SIGTERM
Oct 17 16:33:30.126410 podb-esxi207 dnsmasq-dhcp[2648588]: DHCPRELEASE(tap5a52c18b-48) 10.1.0.1 fa:16:3e:3f:d2:77
Oct 17 16:33:30.948418 podb-esxi207 dnsmasq[2648588]: read /opt/stack/data/neutron/dhcp/bc3dae46-cea5-478d-b7d5-0a18e1d8b7a8/addn_hosts - 0 names
Oct 17 16:33:30.948496 podb-esxi207 dnsmasq-dhcp[2648588]: read /opt/stack/data/neutron/dhcp/bc3dae46-cea5-478d-b7d5-0a18e1d8b7a8/host
Oct 17 16:33:30.948552 podb-esxi207 dnsmasq-dhcp[2648588]: read /opt/stack/data/neutron/dhcp/bc3dae46-cea5-478d-b7d5-0a18e1d8b7a8/opts
Oct 17 16:33:31.201115 podb-esxi207 dnsmasq-dhcp[2653502]: DHCPRELEASE(tapa89a4040-d3) 10.1.0.4 fa:16:3e:c8:a7:4a
Oct 17 16:33:31.218777 podb-esxi207 dnsmasq-dhcp[2653502]: DHCPRELEASE(tapa89a4040-d3) 10.1.0.4 fa:16:3e:c8:a7:4a unknown lease
Oct 17 16:33:32.045988 podb-esxi207 dnsmasq[2653502]: read /opt/stack/data/neutron/dhcp/9a331243-f328-4a42-8584-fe202fbd14af/addn_hosts - 2 names
Oct 17 16:33:32.046077 podb-esxi207 dnsmasq-dhcp[2653502]: read /opt/stack/data/neutron/dhcp/9a331243-f328-4a42-8584-fe202fbd14af/host
Oct 17 16:33:32.046175 podb-esxi207 dnsmasq-dhcp[2653502]: read /opt/stack/data/neutron/dhcp/9a331243-f328-4a42-8584-fe202fbd14af/opts
Oct 17 16:33:32.292196 podb-esxi207 dnsmasq[2648588]: exiting on receipt of SIGTERM
Oct 17 16:33:32.894820 podb-esxi207 dnsmasq-dhcp[2650192]: DHCPRELEASE(tap8fe50cef-ed) 10.1.0.1 fa:16:3e:8c:8f:28
Oct 17 16:33:33.718617 podb-esxi207 dnsmasq[2650192]: read /opt/stack/data/neutron/dhcp/5cceb53f-a742-4159-9859-3ae71c000e8b/addn_hosts - 0 names
Oct 17 16:33:33.718695 podb-esxi207 dnsmasq-dhcp[2650192]: read /opt/stack/data/neutron/dhcp/5cceb53f-a742-4159-9859-3ae71c000e8b/host
Oct 17 16:33:33.718784 podb-esxi207 dnsmasq-dhcp[2650192]: read /opt/stack/data/neutron/dhcp/5cceb53f-a742-4159-9859-3ae71c000e8b/opts
Oct 17 16:33:33.940741 podb-esxi207 dnsmasq[2650192]: exiting on receipt of SIGTERM
Oct 17 16:33:34.557927 podb-esxi207 dnsmasq-dhcp[2650326]: DHCPRELEASE(tap70e571f0-f5) 10.1.0.1 fa:16:3e:ae:72:06
Oct 17 16:33:35.380119 podb-esxi207 dnsmasq[2650326]: read /opt/stack/data/neutron/dhcp/4c11b01c-f19a-40f1-858c-f8dbe811bb6e/addn_hosts - 0 names
Oct 17 16:33:35.380219 podb-esxi207 dnsmasq-dhcp[2650326]: read /opt/stack/data/neutron/dhcp/4c11b01c-f19a-40f1-858c-f8dbe811bb6e/host
Oct 17 16:33:35.380273 podb-esxi207 dnsmasq-dhcp[2650326]: read /opt/stack/data/neutron/dhcp/4c11b01c-f19a-40f1-858c-f8dbe811bb6e/opts
Oct 17 16:33:35.629832 podb-esxi207 dnsmasq[2650326]: exiting on receipt of SIGTERM
Oct 17 16:33:38.867999 podb-esxi207 dnsmasq[2654989]: started, version 2.90 cachesize 150
Oct 17 16:33:38.868023 podb-esxi207 dnsmasq[2654989]: DNS service limited to local subnets
Oct 17 16:33:38.868038 podb-esxi207 dnsmasq[2654989]: compile time options: IPv6 GNU-getopt DBus no-UBus i18n IDN2 DHCP DHCPv6 no-Lua TFTP conntrack ipset no-nftset auth cryptohash DNSSEC loop-detect inotify dumpfile
Oct 17 16:33:38.868074 podb-esxi207 dnsmasq-dhcp[2654989]: DHCP, static leases only on 10.1.0.0, lease time 1d
Oct 17 16:33:38.868256 podb-esxi207 dnsmasq[2654989]: reading /etc/resolv.conf
Oct 17 16:33:38.868272 podb-esxi207 dnsmasq[2654989]: using nameserver 127.0.0.53#53
Oct 17 16:33:38.868364 podb-esxi207 dnsmasq[2654989]: read /opt/stack/data/neutron/dhcp/048e695e-fe65-4238-84a7-8b42889678a3/addn_hosts - 0 names
Oct 17 16:33:38.868416 podb-esxi207 dnsmasq-dhcp[2654989]: read /opt/stack/data/neutron/dhcp/048e695e-fe65-4238-84a7-8b42889678a3/host
Oct 17 16:33:38.868474 podb-esxi207 dnsmasq-dhcp[2654989]: read /opt/stack/data/neutron/dhcp/048e695e-fe65-4238-84a7-8b42889678a3/opts
Oct 17 16:33:38.899463 podb-esxi207 dnsmasq-dhcp[2650482]: DHCPRELEASE(tap85b4dc28-1a) 10.1.0.1 fa:16:3e:ce:28:dd
Oct 17 16:33:39.724579 podb-esxi207 dnsmasq[2650482]: read /opt/stack/data/neutron/dhcp/a2b55f9a-ce33-4664-b562-c2fed428a647/addn_hosts - 0 names
Oct 17 16:33:39.724683 podb-esxi207 dnsmasq-dhcp[2650482]: read /opt/stack/data/neutron/dhcp/a2b55f9a-ce33-4664-b562-c2fed428a647/host
Oct 17 16:33:39.724776 podb-esxi207 dnsmasq-dhcp[2650482]: read /opt/stack/data/neutron/dhcp/a2b55f9a-ce33-4664-b562-c2fed428a647/opts
Oct 17 16:33:41.484297 podb-esxi207 dnsmasq[2654989]: read /opt/stack/data/neutron/dhcp/048e695e-fe65-4238-84a7-8b42889678a3/addn_hosts - 2 names
Oct 17 16:33:41.484410 podb-esxi207 dnsmasq-dhcp[2654989]: read /opt/stack/data/neutron/dhcp/048e695e-fe65-4238-84a7-8b42889678a3/host
Oct 17 16:33:41.484484 podb-esxi207 dnsmasq-dhcp[2654989]: read /opt/stack/data/neutron/dhcp/048e695e-fe65-4238-84a7-8b42889678a3/opts
Oct 17 16:33:44.445547 podb-esxi207 dnsmasq[2655537]: started, version 2.90 cachesize 150
Oct 17 16:33:44.445573 podb-esxi207 dnsmasq[2655537]: DNS service limited to local subnets
Oct 17 16:33:44.445589 podb-esxi207 dnsmasq[2655537]: compile time options: IPv6 GNU-getopt DBus no-UBus i18n IDN2 DHCP DHCPv6 no-Lua TFTP conntrack ipset no-nftset auth cryptohash DNSSEC loop-detect inotify dumpfile
Oct 17 16:33:44.445626 podb-esxi207 dnsmasq-dhcp[2655537]: DHCP, static leases only on 10.1.0.0, lease time 1d
Oct 17 16:33:44.445780 podb-esxi207 dnsmasq[2655537]: reading /etc/resolv.conf
Oct 17 16:33:44.445797 podb-esxi207 dnsmasq[2655537]: using nameserver 127.0.0.53#53
Oct 17 16:33:44.445911 podb-esxi207 dnsmasq[2655537]: read /opt/stack/data/neutron/dhcp/e4ae11d8-8913-4369-a248-9210dfd35034/addn_hosts - 2 names
Oct 17 16:33:44.445967 podb-esxi207 dnsmasq-dhcp[2655537]: read /opt/stack/data/neutron/dhcp/e4ae11d8-8913-4369-a248-9210dfd35034/host
Oct 17 16:33:44.446043 podb-esxi207 dnsmasq-dhcp[2655537]: read /opt/stack/data/neutron/dhcp/e4ae11d8-8913-4369-a248-9210dfd35034/opts
Oct 17 16:33:44.472504 podb-esxi207 dnsmasq[2650482]: exiting on receipt of SIGTERM
Oct 17 16:33:47.845210 podb-esxi207 dnsmasq[2656286]: started, version 2.90 cachesize 150
Oct 17 16:33:47.845238 podb-esxi207 dnsmasq[2656286]: DNS service limited to local subnets
Oct 17 16:33:47.845253 podb-esxi207 dnsmasq[2656286]: compile time options: IPv6 GNU-getopt DBus no-UBus i18n IDN2 DHCP DHCPv6 no-Lua TFTP conntrack ipset no-nftset auth cryptohash DNSSEC loop-detect inotify dumpfile
Oct 17 16:33:47.845289 podb-esxi207 dnsmasq-dhcp[2656286]: DHCP, static leases only on 10.1.0.0, lease time 1d
Oct 17 16:33:47.845442 podb-esxi207 dnsmasq[2656286]: reading /etc/resolv.conf
Oct 17 16:33:47.845459 podb-esxi207 dnsmasq[2656286]: using nameserver 127.0.0.53#53
Oct 17 16:33:47.845574 podb-esxi207 dnsmasq[2656286]: read /opt/stack/data/neutron/dhcp/e86de77b-c921-49c7-8ba8-3579305d7c2d/addn_hosts - 2 names
Oct 17 16:33:47.845631 podb-esxi207 dnsmasq-dhcp[2656286]: read /opt/stack/data/neutron/dhcp/e86de77b-c921-49c7-8ba8-3579305d7c2d/host
Oct 17 16:33:47.845708 podb-esxi207 dnsmasq-dhcp[2656286]: read /opt/stack/data/neutron/dhcp/e86de77b-c921-49c7-8ba8-3579305d7c2d/opts
Oct 17 16:33:48.885949 podb-esxi207 dnsmasq[2654989]: read /opt/stack/data/neutron/dhcp/048e695e-fe65-4238-84a7-8b42889678a3/addn_hosts - 2 names
Oct 17 16:33:48.886019 podb-esxi207 dnsmasq-dhcp[2654989]: read /opt/stack/data/neutron/dhcp/048e695e-fe65-4238-84a7-8b42889678a3/host
Oct 17 16:33:48.886061 podb-esxi207 dnsmasq-dhcp[2654989]: read /opt/stack/data/neutron/dhcp/048e695e-fe65-4238-84a7-8b42889678a3/opts
Oct 17 16:33:51.869583 podb-esxi207 dnsmasq[2656521]: started, version 2.90 cachesize 150
Oct 17 16:33:51.869607 podb-esxi207 dnsmasq[2656521]: DNS service limited to local subnets
Oct 17 16:33:51.869622 podb-esxi207 dnsmasq[2656521]: compile time options: IPv6 GNU-getopt DBus no-UBus i18n IDN2 DHCP DHCPv6 no-Lua TFTP conntrack ipset no-nftset auth cryptohash DNSSEC loop-detect inotify dumpfile
Oct 17 16:33:51.869665 podb-esxi207 dnsmasq-dhcp[2656521]: DHCP, static leases only on 10.1.0.0, lease time 1d
Oct 17 16:33:51.869817 podb-esxi207 dnsmasq[2656521]: reading /etc/resolv.conf
Oct 17 16:33:51.869833 podb-esxi207 dnsmasq[2656521]: using nameserver 127.0.0.53#53
Oct 17 16:33:51.869952 podb-esxi207 dnsmasq[2656521]: read /opt/stack/data/neutron/dhcp/282ac8ae-ce58-443f-9a65-10501328b879/addn_hosts - 2 names
Oct 17 16:33:51.870015 podb-esxi207 dnsmasq-dhcp[2656521]: read /opt/stack/data/neutron/dhcp/282ac8ae-ce58-443f-9a65-10501328b879/host
Oct 17 16:33:51.870080 podb-esxi207 dnsmasq-dhcp[2656521]: read /opt/stack/data/neutron/dhcp/282ac8ae-ce58-443f-9a65-10501328b879/opts
Oct 17 16:33:52.907292 podb-esxi207 dnsmasq[2655537]: read /opt/stack/data/neutron/dhcp/e4ae11d8-8913-4369-a248-9210dfd35034/addn_hosts - 2 names
Oct 17 16:33:52.907423 podb-esxi207 dnsmasq-dhcp[2655537]: read /opt/stack/data/neutron/dhcp/e4ae11d8-8913-4369-a248-9210dfd35034/host
Oct 17 16:33:52.907565 podb-esxi207 dnsmasq-dhcp[2655537]: read /opt/stack/data/neutron/dhcp/e4ae11d8-8913-4369-a248-9210dfd35034/opts
Oct 17 16:33:53.671180 podb-esxi207 dnsmasq[2653502]: read /opt/stack/data/neutron/dhcp/9a331243-f328-4a42-8584-fe202fbd14af/addn_hosts - 0 names
Oct 17 16:33:53.671267 podb-esxi207 dnsmasq-dhcp[2653502]: read /opt/stack/data/neutron/dhcp/9a331243-f328-4a42-8584-fe202fbd14af/host
Oct 17 16:33:53.671339 podb-esxi207 dnsmasq-dhcp[2653502]: read /opt/stack/data/neutron/dhcp/9a331243-f328-4a42-8584-fe202fbd14af/opts
Oct 17 16:33:54.907282 podb-esxi207 dnsmasq[2656286]: read /opt/stack/data/neutron/dhcp/e86de77b-c921-49c7-8ba8-3579305d7c2d/addn_hosts - 2 names
Oct 17 16:33:54.907363 podb-esxi207 dnsmasq-dhcp[2656286]: read /opt/stack/data/neutron/dhcp/e86de77b-c921-49c7-8ba8-3579305d7c2d/host
Oct 17 16:33:54.907475 podb-esxi207 dnsmasq-dhcp[2656286]: read /opt/stack/data/neutron/dhcp/e86de77b-c921-49c7-8ba8-3579305d7c2d/opts
Oct 17 16:33:56.141992 podb-esxi207 dnsmasq[2654989]: read /opt/stack/data/neutron/dhcp/048e695e-fe65-4238-84a7-8b42889678a3/addn_hosts - 2 names
Oct 17 16:33:56.142091 podb-esxi207 dnsmasq-dhcp[2654989]: read /opt/stack/data/neutron/dhcp/048e695e-fe65-4238-84a7-8b42889678a3/host
Oct 17 16:33:56.142196 podb-esxi207 dnsmasq-dhcp[2654989]: read /opt/stack/data/neutron/dhcp/048e695e-fe65-4238-84a7-8b42889678a3/opts
Oct 17 16:33:58.873797 podb-esxi207 dnsmasq[2657100]: started, version 2.90 cachesize 150
Oct 17 16:33:58.873824 podb-esxi207 dnsmasq[2657100]: DNS service limited to local subnets
Oct 17 16:33:58.873838 podb-esxi207 dnsmasq[2657100]: compile time options: IPv6 GNU-getopt DBus no-UBus i18n IDN2 DHCP DHCPv6 no-Lua TFTP conntrack ipset no-nftset auth cryptohash DNSSEC loop-detect inotify dumpfile
Oct 17 16:33:58.873877 podb-esxi207 dnsmasq-dhcp[2657100]: DHCP, static leases only on 10.1.0.0, lease time 1d
Oct 17 16:33:58.874022 podb-esxi207 dnsmasq[2657100]: reading /etc/resolv.conf
Oct 17 16:33:58.874038 podb-esxi207 dnsmasq[2657100]: using nameserver 127.0.0.53#53
Oct 17 16:33:58.874143 podb-esxi207 dnsmasq[2657100]: read /opt/stack/data/neutron/dhcp/18e61eff-6248-406f-bf44-b5bdf4870569/addn_hosts - 2 names
Oct 17 16:33:58.874196 podb-esxi207 dnsmasq-dhcp[2657100]: read /opt/stack/data/neutron/dhcp/18e61eff-6248-406f-bf44-b5bdf4870569/host
Oct 17 16:33:58.874268 podb-esxi207 dnsmasq-dhcp[2657100]: read /opt/stack/data/neutron/dhcp/18e61eff-6248-406f-bf44-b5bdf4870569/opts
Oct 17 16:33:59.910909 podb-esxi207 dnsmasq[2656521]: read /opt/stack/data/neutron/dhcp/282ac8ae-ce58-443f-9a65-10501328b879/addn_hosts - 2 names
Oct 17 16:33:59.911024 podb-esxi207 dnsmasq-dhcp[2656521]: read /opt/stack/data/neutron/dhcp/282ac8ae-ce58-443f-9a65-10501328b879/host
Oct 17 16:33:59.911143 podb-esxi207 dnsmasq-dhcp[2656521]: read /opt/stack/data/neutron/dhcp/282ac8ae-ce58-443f-9a65-10501328b879/opts
Oct 17 16:34:00.640889 podb-esxi207 dnsmasq[2655537]: read /opt/stack/data/neutron/dhcp/e4ae11d8-8913-4369-a248-9210dfd35034/addn_hosts - 2 names
Oct 17 16:34:00.640989 podb-esxi207 dnsmasq-dhcp[2655537]: read /opt/stack/data/neutron/dhcp/e4ae11d8-8913-4369-a248-9210dfd35034/host
Oct 17 16:34:00.641091 podb-esxi207 dnsmasq-dhcp[2655537]: read /opt/stack/data/neutron/dhcp/e4ae11d8-8913-4369-a248-9210dfd35034/opts
Oct 17 16:34:02.949196 podb-esxi207 dnsmasq-dhcp[2651398]: DHCPDISCOVER(tap150aa086-d1) fa:16:3e:85:46:26
Oct 17 16:34:02.949228 podb-esxi207 dnsmasq-dhcp[2651398]: DHCPOFFER(tap150aa086-d1) 10.1.0.4 fa:16:3e:85:46:26
Oct 17 16:34:02.959698 podb-esxi207 dnsmasq-dhcp[2651398]: DHCPREQUEST(tap150aa086-d1) 10.1.0.4 fa:16:3e:85:46:26
Oct 17 16:34:02.959731 podb-esxi207 dnsmasq-dhcp[2651398]: DHCPACK(tap150aa086-d1) 10.1.0.4 fa:16:3e:85:46:26 host-10-1-0-4
Oct 17 16:34:03.419185 podb-esxi207 dnsmasq[2657215]: started, version 2.90 cachesize 150
Oct 17 16:34:03.419210 podb-esxi207 dnsmasq[2657215]: DNS service limited to local subnets
Oct 17 16:34:03.419225 podb-esxi207 dnsmasq[2657215]: compile time options: IPv6 GNU-getopt DBus no-UBus i18n IDN2 DHCP DHCPv6 no-Lua TFTP conntrack ipset no-nftset auth cryptohash DNSSEC loop-detect inotify dumpfile
Oct 17 16:34:03.419261 podb-esxi207 dnsmasq-dhcp[2657215]: DHCP, static leases only on 10.1.0.0, lease time 1d
Oct 17 16:34:03.419418 podb-esxi207 dnsmasq[2657215]: reading /etc/resolv.conf
Oct 17 16:34:03.419434 podb-esxi207 dnsmasq[2657215]: using nameserver 127.0.0.53#53
Oct 17 16:34:03.419541 podb-esxi207 dnsmasq[2657215]: read /opt/stack/data/neutron/dhcp/47f88387-6a29-41e8-91a0-27a3b90042c6/addn_hosts - 2 names
Oct 17 16:34:03.419607 podb-esxi207 dnsmasq-dhcp[2657215]: read /opt/stack/data/neutron/dhcp/47f88387-6a29-41e8-91a0-27a3b90042c6/host
Oct 17 16:34:03.419676 podb-esxi207 dnsmasq-dhcp[2657215]: read /opt/stack/data/neutron/dhcp/47f88387-6a29-41e8-91a0-27a3b90042c6/opts
Oct 17 16:34:03.954544 podb-esxi207 dnsmasq[2656286]: read /opt/stack/data/neutron/dhcp/e86de77b-c921-49c7-8ba8-3579305d7c2d/addn_hosts - 2 names
Oct 17 16:34:03.954645 podb-esxi207 dnsmasq-dhcp[2656286]: read /opt/stack/data/neutron/dhcp/e86de77b-c921-49c7-8ba8-3579305d7c2d/host
Oct 17 16:34:03.954758 podb-esxi207 dnsmasq-dhcp[2656286]: read /opt/stack/data/neutron/dhcp/e86de77b-c921-49c7-8ba8-3579305d7c2d/opts
Oct 17 16:34:07.774579 podb-esxi207 dnsmasq[2657380]: started, version 2.90 cachesize 150
Oct 17 16:34:07.774602 podb-esxi207 dnsmasq[2657380]: DNS service limited to local subnets
Oct 17 16:34:07.774617 podb-esxi207 dnsmasq[2657380]: compile time options: IPv6 GNU-getopt DBus no-UBus i18n IDN2 DHCP DHCPv6 no-Lua TFTP conntrack ipset no-nftset auth cryptohash DNSSEC loop-detect inotify dumpfile
Oct 17 16:34:07.774653 podb-esxi207 dnsmasq-dhcp[2657380]: DHCP, static leases only on 10.10.10.0, lease time 1d
Oct 17 16:34:07.774812 podb-esxi207 dnsmasq[2657380]: reading /etc/resolv.conf
Oct 17 16:34:07.774829 podb-esxi207 dnsmasq[2657380]: using nameserver 127.0.0.53#53
Oct 17 16:34:07.774914 podb-esxi207 dnsmasq[2657380]: read /opt/stack/data/neutron/dhcp/0fa16040-f219-4c30-a57a-f48d7f4c468e/addn_hosts - 0 names
Oct 17 16:34:07.774964 podb-esxi207 dnsmasq-dhcp[2657380]: read /opt/stack/data/neutron/dhcp/0fa16040-f219-4c30-a57a-f48d7f4c468e/host
Oct 17 16:34:07.775022 podb-esxi207 dnsmasq-dhcp[2657380]: read /opt/stack/data/neutron/dhcp/0fa16040-f219-4c30-a57a-f48d7f4c468e/opts
Oct 17 16:34:07.802520 podb-esxi207 dnsmasq[2653502]: exiting on receipt of SIGTERM
Oct 17 16:34:09.425420 podb-esxi207 dnsmasq[2657100]: read /opt/stack/data/neutron/dhcp/18e61eff-6248-406f-bf44-b5bdf4870569/addn_hosts - 4 names
Oct 17 16:34:09.425527 podb-esxi207 dnsmasq-dhcp[2657100]: read /opt/stack/data/neutron/dhcp/18e61eff-6248-406f-bf44-b5bdf4870569/host
Oct 17 16:34:09.425631 podb-esxi207 dnsmasq-dhcp[2657100]: read /opt/stack/data/neutron/dhcp/18e61eff-6248-406f-bf44-b5bdf4870569/opts
Oct 17 16:34:10.167749 podb-esxi207 dnsmasq[2656521]: read /opt/stack/data/neutron/dhcp/282ac8ae-ce58-443f-9a65-10501328b879/addn_hosts - 2 names
Oct 17 16:34:10.167856 podb-esxi207 dnsmasq-dhcp[2656521]: read /opt/stack/data/neutron/dhcp/282ac8ae-ce58-443f-9a65-10501328b879/host
Oct 17 16:34:10.167971 podb-esxi207 dnsmasq-dhcp[2656521]: read /opt/stack/data/neutron/dhcp/282ac8ae-ce58-443f-9a65-10501328b879/opts
Oct 17 16:34:10.934604 podb-esxi207 dnsmasq[2655537]: read /opt/stack/data/neutron/dhcp/e4ae11d8-8913-4369-a248-9210dfd35034/addn_hosts - 2 names
Oct 17 16:34:10.934683 podb-esxi207 dnsmasq-dhcp[2655537]: read /opt/stack/data/neutron/dhcp/e4ae11d8-8913-4369-a248-9210dfd35034/host
Oct 17 16:34:10.934753 podb-esxi207 dnsmasq-dhcp[2655537]: read /opt/stack/data/neutron/dhcp/e4ae11d8-8913-4369-a248-9210dfd35034/opts
Oct 17 16:34:12.188665 podb-esxi207 dnsmasq[2657215]: read /opt/stack/data/neutron/dhcp/47f88387-6a29-41e8-91a0-27a3b90042c6/addn_hosts - 2 names
Oct 17 16:34:12.188763 podb-esxi207 dnsmasq-dhcp[2657215]: read /opt/stack/data/neutron/dhcp/47f88387-6a29-41e8-91a0-27a3b90042c6/host
Oct 17 16:34:12.188871 podb-esxi207 dnsmasq-dhcp[2657215]: read /opt/stack/data/neutron/dhcp/47f88387-6a29-41e8-91a0-27a3b90042c6/opts
Oct 17 16:34:12.920589 podb-esxi207 dnsmasq[2654989]: read /opt/stack/data/neutron/dhcp/048e695e-fe65-4238-84a7-8b42889678a3/addn_hosts - 4 names
Oct 17 16:34:12.920718 podb-esxi207 dnsmasq-dhcp[2654989]: read /opt/stack/data/neutron/dhcp/048e695e-fe65-4238-84a7-8b42889678a3/host
Oct 17 16:34:12.920827 podb-esxi207 dnsmasq-dhcp[2654989]: read /opt/stack/data/neutron/dhcp/048e695e-fe65-4238-84a7-8b42889678a3/opts
Oct 17 16:34:13.649496 podb-esxi207 dnsmasq[2656286]: read /opt/stack/data/neutron/dhcp/e86de77b-c921-49c7-8ba8-3579305d7c2d/addn_hosts - 2 names
Oct 17 16:34:13.649604 podb-esxi207 dnsmasq-dhcp[2656286]: read /opt/stack/data/neutron/dhcp/e86de77b-c921-49c7-8ba8-3579305d7c2d/host
Oct 17 16:34:13.649711 podb-esxi207 dnsmasq-dhcp[2656286]: read /opt/stack/data/neutron/dhcp/e86de77b-c921-49c7-8ba8-3579305d7c2d/opts
Oct 17 16:34:15.377364 podb-esxi207 dnsmasq[2657380]: read /opt/stack/data/neutron/dhcp/0fa16040-f219-4c30-a57a-f48d7f4c468e/addn_hosts - 0 names
Oct 17 16:34:15.377420 podb-esxi207 dnsmasq-dhcp[2657380]: read /opt/stack/data/neutron/dhcp/0fa16040-f219-4c30-a57a-f48d7f4c468e/host
Oct 17 16:34:15.377470 podb-esxi207 dnsmasq-dhcp[2657380]: read /opt/stack/data/neutron/dhcp/0fa16040-f219-4c30-a57a-f48d7f4c468e/opts
Oct 17 16:34:16.101483 podb-esxi207 dnsmasq[2657100]: read /opt/stack/data/neutron/dhcp/18e61eff-6248-406f-bf44-b5bdf4870569/addn_hosts - 4 names
Oct 17 16:34:16.101577 podb-esxi207 dnsmasq-dhcp[2657100]: read /opt/stack/data/neutron/dhcp/18e61eff-6248-406f-bf44-b5bdf4870569/host
Oct 17 16:34:16.101652 podb-esxi207 dnsmasq-dhcp[2657100]: read /opt/stack/data/neutron/dhcp/18e61eff-6248-406f-bf44-b5bdf4870569/opts
Oct 17 16:34:16.824265 podb-esxi207 dnsmasq[2656521]: read /opt/stack/data/neutron/dhcp/282ac8ae-ce58-443f-9a65-10501328b879/addn_hosts - 2 names
Oct 17 16:34:16.824336 podb-esxi207 dnsmasq-dhcp[2656521]: read /opt/stack/data/neutron/dhcp/282ac8ae-ce58-443f-9a65-10501328b879/host
Oct 17 16:34:16.824404 podb-esxi207 dnsmasq-dhcp[2656521]: read /opt/stack/data/neutron/dhcp/282ac8ae-ce58-443f-9a65-10501328b879/opts
Oct 17 16:34:17.547949 podb-esxi207 dnsmasq[2657215]: read /opt/stack/data/neutron/dhcp/47f88387-6a29-41e8-91a0-27a3b90042c6/addn_hosts - 2 names
Oct 17 16:34:17.548033 podb-esxi207 dnsmasq-dhcp[2657215]: read /opt/stack/data/neutron/dhcp/47f88387-6a29-41e8-91a0-27a3b90042c6/host
Oct 17 16:34:17.548185 podb-esxi207 dnsmasq-dhcp[2657215]: read /opt/stack/data/neutron/dhcp/47f88387-6a29-41e8-91a0-27a3b90042c6/opts
Oct 17 16:34:18.274984 podb-esxi207 dnsmasq[2654989]: read /opt/stack/data/neutron/dhcp/048e695e-fe65-4238-84a7-8b42889678a3/addn_hosts - 6 names
Oct 17 16:34:18.275098 podb-esxi207 dnsmasq-dhcp[2654989]: read /opt/stack/data/neutron/dhcp/048e695e-fe65-4238-84a7-8b42889678a3/host
Oct 17 16:34:18.275198 podb-esxi207 dnsmasq-dhcp[2654989]: read /opt/stack/data/neutron/dhcp/048e695e-fe65-4238-84a7-8b42889678a3/opts
Oct 17 16:34:18.988976 podb-esxi207 dnsmasq[2656286]: read /opt/stack/data/neutron/dhcp/e86de77b-c921-49c7-8ba8-3579305d7c2d/addn_hosts - 4 names
Oct 17 16:34:18.989109 podb-esxi207 dnsmasq-dhcp[2656286]: read /opt/stack/data/neutron/dhcp/e86de77b-c921-49c7-8ba8-3579305d7c2d/host
Oct 17 16:34:18.989211 podb-esxi207 dnsmasq-dhcp[2656286]: read /opt/stack/data/neutron/dhcp/e86de77b-c921-49c7-8ba8-3579305d7c2d/opts
Oct 17 16:34:20.206928 podb-esxi207 dnsmasq[2657100]: read /opt/stack/data/neutron/dhcp/18e61eff-6248-406f-bf44-b5bdf4870569/addn_hosts - 4 names
Oct 17 16:34:20.207019 podb-esxi207 dnsmasq-dhcp[2657100]: read /opt/stack/data/neutron/dhcp/18e61eff-6248-406f-bf44-b5bdf4870569/host
Oct 17 16:34:20.207103 podb-esxi207 dnsmasq-dhcp[2657100]: read /opt/stack/data/neutron/dhcp/18e61eff-6248-406f-bf44-b5bdf4870569/opts
Oct 17 16:34:20.928221 podb-esxi207 dnsmasq[2657215]: read /opt/stack/data/neutron/dhcp/47f88387-6a29-41e8-91a0-27a3b90042c6/addn_hosts - 2 names
Oct 17 16:34:20.928308 podb-esxi207 dnsmasq-dhcp[2657215]: read /opt/stack/data/neutron/dhcp/47f88387-6a29-41e8-91a0-27a3b90042c6/host
Oct 17 16:34:20.928389 podb-esxi207 dnsmasq-dhcp[2657215]: read /opt/stack/data/neutron/dhcp/47f88387-6a29-41e8-91a0-27a3b90042c6/opts
Oct 17 16:34:22.154291 podb-esxi207 dnsmasq[2657100]: read /opt/stack/data/neutron/dhcp/18e61eff-6248-406f-bf44-b5bdf4870569/addn_hosts - 4 names
Oct 17 16:34:22.154404 podb-esxi207 dnsmasq-dhcp[2657100]: read /opt/stack/data/neutron/dhcp/18e61eff-6248-406f-bf44-b5bdf4870569/host
Oct 17 16:34:22.154506 podb-esxi207 dnsmasq-dhcp[2657100]: read /opt/stack/data/neutron/dhcp/18e61eff-6248-406f-bf44-b5bdf4870569/opts
Oct 17 16:34:23.583618 podb-esxi207 dnsmasq-dhcp[2654989]: DHCPDISCOVER(tap9b22769f-6e) fa:16:3e:73:57:69
Oct 17 16:34:23.583648 podb-esxi207 dnsmasq-dhcp[2654989]: DHCPOFFER(tap9b22769f-6e) 10.1.0.13 fa:16:3e:73:57:69
Oct 17 16:34:23.595490 podb-esxi207 dnsmasq-dhcp[2654989]: DHCPREQUEST(tap9b22769f-6e) 10.1.0.13 fa:16:3e:73:57:69
Oct 17 16:34:23.595525 podb-esxi207 dnsmasq-dhcp[2654989]: DHCPACK(tap9b22769f-6e) 10.1.0.13 fa:16:3e:73:57:69 host-10-1-0-13
Oct 17 16:34:23.791554 podb-esxi207 dnsmasq-dhcp[2654989]: DHCPDISCOVER(tap9b22769f-6e) fa:16:3e:da:23:2c
Oct 17 16:34:23.791584 podb-esxi207 dnsmasq-dhcp[2654989]: DHCPOFFER(tap9b22769f-6e) 10.1.0.8 fa:16:3e:da:23:2c
Oct 17 16:34:23.803426 podb-esxi207 dnsmasq-dhcp[2654989]: DHCPREQUEST(tap9b22769f-6e) 10.1.0.8 fa:16:3e:da:23:2c
Oct 17 16:34:23.803457 podb-esxi207 dnsmasq-dhcp[2654989]: DHCPACK(tap9b22769f-6e) 10.1.0.8 fa:16:3e:da:23:2c host-10-1-0-8
Oct 17 16:34:29.057035 podb-esxi207 dnsmasq[2656286]: read /opt/stack/data/neutron/dhcp/e86de77b-c921-49c7-8ba8-3579305d7c2d/addn_hosts - 6 names
Oct 17 16:34:29.057163 podb-esxi207 dnsmasq-dhcp[2656286]: read /opt/stack/data/neutron/dhcp/e86de77b-c921-49c7-8ba8-3579305d7c2d/host
Oct 17 16:34:29.057265 podb-esxi207 dnsmasq-dhcp[2656286]: read /opt/stack/data/neutron/dhcp/e86de77b-c921-49c7-8ba8-3579305d7c2d/opts
Oct 17 16:34:34.307638 podb-esxi207 dnsmasq-dhcp[2657100]: DHCPDISCOVER(tapab53747e-c4) fa:16:3e:bd:f8:e3
Oct 17 16:34:34.307662 podb-esxi207 dnsmasq-dhcp[2657100]: DHCPOFFER(tapab53747e-c4) 10.1.0.3 fa:16:3e:bd:f8:e3
Oct 17 16:34:34.321078 podb-esxi207 dnsmasq-dhcp[2657100]: DHCPREQUEST(tapab53747e-c4) 10.1.0.3 fa:16:3e:bd:f8:e3
Oct 17 16:34:34.321109 podb-esxi207 dnsmasq-dhcp[2657100]: DHCPACK(tapab53747e-c4) 10.1.0.3 fa:16:3e:bd:f8:e3 host-10-1-0-3
Oct 17 16:34:35.996543 podb-esxi207 dnsmasq-dhcp[2656286]: DHCPDISCOVER(tape60befd3-9c) fa:16:3e:f6:53:fe
Oct 17 16:34:35.996568 podb-esxi207 dnsmasq-dhcp[2656286]: DHCPOFFER(tape60befd3-9c) 10.1.0.7 fa:16:3e:f6:53:fe
Oct 17 16:34:36.008212 podb-esxi207 dnsmasq-dhcp[2656286]: DHCPREQUEST(tape60befd3-9c) 10.1.0.7 fa:16:3e:f6:53:fe
Oct 17 16:34:36.008243 podb-esxi207 dnsmasq-dhcp[2656286]: DHCPACK(tape60befd3-9c) 10.1.0.7 fa:16:3e:f6:53:fe host-10-1-0-7
Oct 17 16:34:42.079467 podb-esxi207 dnsmasq[2657380]: read /opt/stack/data/neutron/dhcp/0fa16040-f219-4c30-a57a-f48d7f4c468e/addn_hosts - 2 names
Oct 17 16:34:42.079562 podb-esxi207 dnsmasq-dhcp[2657380]: read /opt/stack/data/neutron/dhcp/0fa16040-f219-4c30-a57a-f48d7f4c468e/host
Oct 17 16:34:42.079643 podb-esxi207 dnsmasq-dhcp[2657380]: read /opt/stack/data/neutron/dhcp/0fa16040-f219-4c30-a57a-f48d7f4c468e/opts
Oct 17 16:34:43.357102 podb-esxi207 dnsmasq[2656286]: read /opt/stack/data/neutron/dhcp/e86de77b-c921-49c7-8ba8-3579305d7c2d/addn_hosts - 8 names
Oct 17 16:34:43.357238 podb-esxi207 dnsmasq-dhcp[2656286]: read /opt/stack/data/neutron/dhcp/e86de77b-c921-49c7-8ba8-3579305d7c2d/host
Oct 17 16:34:43.357341 podb-esxi207 dnsmasq-dhcp[2656286]: read /opt/stack/data/neutron/dhcp/e86de77b-c921-49c7-8ba8-3579305d7c2d/opts
Oct 17 16:34:47.806239 podb-esxi207 dnsmasq-dhcp[2657380]: DHCPDISCOVER(tape4ae36d3-fb) fa:16:3e:4c:89:21
Oct 17 16:34:47.806266 podb-esxi207 dnsmasq-dhcp[2657380]: DHCPOFFER(tape4ae36d3-fb) 10.10.10.152 fa:16:3e:4c:89:21
Oct 17 16:34:47.812600 podb-esxi207 dnsmasq-dhcp[2657380]: DHCPREQUEST(tape4ae36d3-fb) 10.10.10.152 fa:16:3e:4c:89:21
Oct 17 16:34:47.812628 podb-esxi207 dnsmasq-dhcp[2657380]: DHCPACK(tape4ae36d3-fb) 10.10.10.152 fa:16:3e:4c:89:21 host-10-10-10-152
Oct 17 16:34:48.599823 podb-esxi207 dnsmasq-dhcp[2651398]: DHCPRELEASE(tap150aa086-d1) 10.1.0.4 fa:16:3e:85:46:26
Oct 17 16:34:48.615191 podb-esxi207 dnsmasq-dhcp[2651398]: DHCPRELEASE(tap150aa086-d1) 10.1.0.4 fa:16:3e:85:46:26 unknown lease
Oct 17 16:34:49.438597 podb-esxi207 dnsmasq[2651398]: read /opt/stack/data/neutron/dhcp/f565057f-0dc4-4b70-a123-c9f4db6b6851/addn_hosts - 2 names
Oct 17 16:34:49.438685 podb-esxi207 dnsmasq-dhcp[2651398]: read /opt/stack/data/neutron/dhcp/f565057f-0dc4-4b70-a123-c9f4db6b6851/host
Oct 17 16:34:49.438777 podb-esxi207 dnsmasq-dhcp[2651398]: read /opt/stack/data/neutron/dhcp/f565057f-0dc4-4b70-a123-c9f4db6b6851/opts
Oct 17 16:34:49.760394 podb-esxi207 dnsmasq-dhcp[2656286]: DHCPDISCOVER(tape60befd3-9c) fa:16:3e:5d:21:72
Oct 17 16:34:49.760421 podb-esxi207 dnsmasq-dhcp[2656286]: DHCPOFFER(tape60befd3-9c) 10.1.0.11 fa:16:3e:5d:21:72
Oct 17 16:34:49.773284 podb-esxi207 dnsmasq-dhcp[2656286]: DHCPREQUEST(tape60befd3-9c) 10.1.0.11 fa:16:3e:5d:21:72
Oct 17 16:34:49.773315 podb-esxi207 dnsmasq-dhcp[2656286]: DHCPACK(tape60befd3-9c) 10.1.0.11 fa:16:3e:5d:21:72 host-10-1-0-11
Oct 17 16:34:55.666573 podb-esxi207 dnsmasq-dhcp[2651398]: DHCPRELEASE(tap150aa086-d1) 10.1.0.1 fa:16:3e:00:7a:c0
Oct 17 16:34:56.489306 podb-esxi207 dnsmasq[2651398]: read /opt/stack/data/neutron/dhcp/f565057f-0dc4-4b70-a123-c9f4db6b6851/addn_hosts - 0 names
Oct 17 16:34:56.489397 podb-esxi207 dnsmasq-dhcp[2651398]: read /opt/stack/data/neutron/dhcp/f565057f-0dc4-4b70-a123-c9f4db6b6851/host
Oct 17 16:34:56.489485 podb-esxi207 dnsmasq-dhcp[2651398]: read /opt/stack/data/neutron/dhcp/f565057f-0dc4-4b70-a123-c9f4db6b6851/opts
Oct 17 16:34:56.706828 podb-esxi207 dnsmasq[2651398]: exiting on receipt of SIGTERM
Oct 17 16:35:00.490889 podb-esxi207 dnsmasq[2658816]: started, version 2.90 cachesize 150
Oct 17 16:35:00.490915 podb-esxi207 dnsmasq[2658816]: DNS service limited to local subnets
Oct 17 16:35:00.490929 podb-esxi207 dnsmasq[2658816]: compile time options: IPv6 GNU-getopt DBus no-UBus i18n IDN2 DHCP DHCPv6 no-Lua TFTP conntrack ipset no-nftset auth cryptohash DNSSEC loop-detect inotify dumpfile
Oct 17 16:35:00.490963 podb-esxi207 dnsmasq-dhcp[2658816]: DHCP, static leases only on 10.1.0.0, lease time 1d
Oct 17 16:35:00.491124 podb-esxi207 dnsmasq[2658816]: reading /etc/resolv.conf
Oct 17 16:35:00.491140 podb-esxi207 dnsmasq[2658816]: using nameserver 127.0.0.53#53
Oct 17 16:35:00.491228 podb-esxi207 dnsmasq[2658816]: read /opt/stack/data/neutron/dhcp/038db473-5357-4b16-afeb-3c6cee70f6a6/addn_hosts - 0 names
Oct 17 16:35:00.491277 podb-esxi207 dnsmasq-dhcp[2658816]: read /opt/stack/data/neutron/dhcp/038db473-5357-4b16-afeb-3c6cee70f6a6/host
Oct 17 16:35:00.491333 podb-esxi207 dnsmasq-dhcp[2658816]: read /opt/stack/data/neutron/dhcp/038db473-5357-4b16-afeb-3c6cee70f6a6/opts
Oct 17 16:35:02.041430 podb-esxi207 dnsmasq[2658816]: read /opt/stack/data/neutron/dhcp/038db473-5357-4b16-afeb-3c6cee70f6a6/addn_hosts - 2 names
Oct 17 16:35:02.041538 podb-esxi207 dnsmasq-dhcp[2658816]: read /opt/stack/data/neutron/dhcp/038db473-5357-4b16-afeb-3c6cee70f6a6/host
Oct 17 16:35:02.041641 podb-esxi207 dnsmasq-dhcp[2658816]: read /opt/stack/data/neutron/dhcp/038db473-5357-4b16-afeb-3c6cee70f6a6/opts
Oct 17 16:35:03.295833 podb-esxi207 dnsmasq[2658816]: read /opt/stack/data/neutron/dhcp/038db473-5357-4b16-afeb-3c6cee70f6a6/addn_hosts - 2 names
Oct 17 16:35:03.295944 podb-esxi207 dnsmasq-dhcp[2658816]: read /opt/stack/data/neutron/dhcp/038db473-5357-4b16-afeb-3c6cee70f6a6/host
Oct 17 16:35:03.296041 podb-esxi207 dnsmasq-dhcp[2658816]: read /opt/stack/data/neutron/dhcp/038db473-5357-4b16-afeb-3c6cee70f6a6/opts
Oct 17 16:35:04.560375 podb-esxi207 dnsmasq[2658816]: read /opt/stack/data/neutron/dhcp/038db473-5357-4b16-afeb-3c6cee70f6a6/addn_hosts - 2 names
Oct 17 16:35:04.560468 podb-esxi207 dnsmasq-dhcp[2658816]: read /opt/stack/data/neutron/dhcp/038db473-5357-4b16-afeb-3c6cee70f6a6/host
Oct 17 16:35:04.560558 podb-esxi207 dnsmasq-dhcp[2658816]: read /opt/stack/data/neutron/dhcp/038db473-5357-4b16-afeb-3c6cee70f6a6/opts
Oct 17 16:35:05.814074 podb-esxi207 dnsmasq[2658816]: read /opt/stack/data/neutron/dhcp/038db473-5357-4b16-afeb-3c6cee70f6a6/addn_hosts - 4 names
Oct 17 16:35:05.814219 podb-esxi207 dnsmasq-dhcp[2658816]: read /opt/stack/data/neutron/dhcp/038db473-5357-4b16-afeb-3c6cee70f6a6/host
Oct 17 16:35:05.814326 podb-esxi207 dnsmasq-dhcp[2658816]: read /opt/stack/data/neutron/dhcp/038db473-5357-4b16-afeb-3c6cee70f6a6/opts
Oct 17 16:35:07.947092 podb-esxi207 dnsmasq[2658816]: read /opt/stack/data/neutron/dhcp/038db473-5357-4b16-afeb-3c6cee70f6a6/addn_hosts - 6 names
Oct 17 16:35:07.947206 podb-esxi207 dnsmasq-dhcp[2658816]: read /opt/stack/data/neutron/dhcp/038db473-5357-4b16-afeb-3c6cee70f6a6/host
Oct 17 16:35:07.947315 podb-esxi207 dnsmasq-dhcp[2658816]: read /opt/stack/data/neutron/dhcp/038db473-5357-4b16-afeb-3c6cee70f6a6/opts
Oct 17 16:35:08.469823 podb-esxi207 dnsmasq-dhcp[2656286]: DHCPDISCOVER(tape60befd3-9c) fa:16:3e:42:6c:00
Oct 17 16:35:08.469855 podb-esxi207 dnsmasq-dhcp[2656286]: DHCPOFFER(tape60befd3-9c) 10.1.0.8 fa:16:3e:42:6c:00
Oct 17 16:35:08.480203 podb-esxi207 dnsmasq-dhcp[2656286]: DHCPREQUEST(tape60befd3-9c) 10.1.0.8 fa:16:3e:42:6c:00
Oct 17 16:35:08.480230 podb-esxi207 dnsmasq-dhcp[2656286]: DHCPACK(tape60befd3-9c) 10.1.0.8 fa:16:3e:42:6c:00 host-10-1-0-8
Oct 17 16:35:31.119186 podb-esxi207 dnsmasq-dhcp[2658816]: DHCPDISCOVER(tap1f93cc53-5c) fa:16:3e:4f:80:b1
Oct 17 16:35:31.119215 podb-esxi207 dnsmasq-dhcp[2658816]: DHCPOFFER(tap1f93cc53-5c) 10.1.0.14 fa:16:3e:4f:80:b1
Oct 17 16:35:31.131132 podb-esxi207 dnsmasq-dhcp[2658816]: DHCPREQUEST(tap1f93cc53-5c) 10.1.0.14 fa:16:3e:4f:80:b1
Oct 17 16:35:31.131162 podb-esxi207 dnsmasq-dhcp[2658816]: DHCPACK(tap1f93cc53-5c) 10.1.0.14 fa:16:3e:4f:80:b1 host-10-1-0-14
Oct 17 16:35:42.113031 podb-esxi207 dnsmasq-dhcp[2658816]: DHCPDISCOVER(tap1f93cc53-5c) fa:16:3e:4d:07:e3
Oct 17 16:35:42.113056 podb-esxi207 dnsmasq-dhcp[2658816]: DHCPOFFER(tap1f93cc53-5c) 10.1.0.8 fa:16:3e:4d:07:e3
Oct 17 16:35:42.127659 podb-esxi207 dnsmasq-dhcp[2658816]: DHCPREQUEST(tap1f93cc53-5c) 10.1.0.8 fa:16:3e:4d:07:e3
Oct 17 16:35:42.127689 podb-esxi207 dnsmasq-dhcp[2658816]: DHCPACK(tap1f93cc53-5c) 10.1.0.8 fa:16:3e:4d:07:e3 host-10-1-0-8
Oct 17 16:35:51.282080 podb-esxi207 dnsmasq-dhcp[2657380]: DHCPRELEASE(tape4ae36d3-fb) 10.10.10.152 fa:16:3e:4c:89:21
Oct 17 16:35:51.299088 podb-esxi207 dnsmasq-dhcp[2657380]: DHCPRELEASE(tape4ae36d3-fb) 10.10.10.152 fa:16:3e:4c:89:21 unknown lease
Oct 17 16:35:52.124639 podb-esxi207 dnsmasq[2657380]: read /opt/stack/data/neutron/dhcp/0fa16040-f219-4c30-a57a-f48d7f4c468e/addn_hosts - 0 names
Oct 17 16:35:52.124761 podb-esxi207 dnsmasq-dhcp[2657380]: read /opt/stack/data/neutron/dhcp/0fa16040-f219-4c30-a57a-f48d7f4c468e/host
Oct 17 16:35:52.124817 podb-esxi207 dnsmasq-dhcp[2657380]: read /opt/stack/data/neutron/dhcp/0fa16040-f219-4c30-a57a-f48d7f4c468e/opts
Oct 17 16:35:58.260891 podb-esxi207 dnsmasq-dhcp[2657100]: DHCPRELEASE(tapab53747e-c4) 10.1.0.3 fa:16:3e:bd:f8:e3
Oct 17 16:35:58.279261 podb-esxi207 dnsmasq-dhcp[2657100]: DHCPRELEASE(tapab53747e-c4) 10.1.0.3 fa:16:3e:bd:f8:e3 unknown lease
Oct 17 16:35:59.105528 podb-esxi207 dnsmasq[2657100]: read /opt/stack/data/neutron/dhcp/18e61eff-6248-406f-bf44-b5bdf4870569/addn_hosts - 2 names
Oct 17 16:35:59.105678 podb-esxi207 dnsmasq-dhcp[2657100]: read /opt/stack/data/neutron/dhcp/18e61eff-6248-406f-bf44-b5bdf4870569/host
Oct 17 16:35:59.105800 podb-esxi207 dnsmasq-dhcp[2657100]: read /opt/stack/data/neutron/dhcp/18e61eff-6248-406f-bf44-b5bdf4870569/opts
Oct 17 16:36:03.674120 podb-esxi207 dnsmasq[2657380]: exiting on receipt of SIGTERM
Oct 17 16:36:05.328157 podb-esxi207 dnsmasq[2658816]: read /opt/stack/data/neutron/dhcp/038db473-5357-4b16-afeb-3c6cee70f6a6/addn_hosts - 8 names
Oct 17 16:36:05.328259 podb-esxi207 dnsmasq-dhcp[2658816]: read /opt/stack/data/neutron/dhcp/038db473-5357-4b16-afeb-3c6cee70f6a6/host
Oct 17 16:36:05.328326 podb-esxi207 dnsmasq-dhcp[2658816]: read /opt/stack/data/neutron/dhcp/038db473-5357-4b16-afeb-3c6cee70f6a6/opts
Oct 17 16:36:08.900274 podb-esxi207 dnsmasq-dhcp[2658816]: DHCPDISCOVER(tap1f93cc53-5c) fa:16:3e:4f:80:b1
Oct 17 16:36:08.900301 podb-esxi207 dnsmasq-dhcp[2658816]: DHCPOFFER(tap1f93cc53-5c) 10.1.0.14 fa:16:3e:4f:80:b1
Oct 17 16:36:08.916895 podb-esxi207 dnsmasq-dhcp[2658816]: DHCPREQUEST(tap1f93cc53-5c) 10.1.0.14 fa:16:3e:4f:80:b1
Oct 17 16:36:08.916924 podb-esxi207 dnsmasq-dhcp[2658816]: DHCPACK(tap1f93cc53-5c) 10.1.0.14 fa:16:3e:4f:80:b1 host-10-1-0-14
Oct 17 16:36:09.498480 podb-esxi207 dnsmasq-dhcp[2657100]: DHCPRELEASE(tapab53747e-c4) 10.1.0.1 fa:16:3e:97:be:6f
Oct 17 16:36:10.322235 podb-esxi207 dnsmasq[2657100]: read /opt/stack/data/neutron/dhcp/18e61eff-6248-406f-bf44-b5bdf4870569/addn_hosts - 0 names
Oct 17 16:36:10.322309 podb-esxi207 dnsmasq-dhcp[2657100]: read /opt/stack/data/neutron/dhcp/18e61eff-6248-406f-bf44-b5bdf4870569/host
Oct 17 16:36:10.322367 podb-esxi207 dnsmasq-dhcp[2657100]: read /opt/stack/data/neutron/dhcp/18e61eff-6248-406f-bf44-b5bdf4870569/opts
Oct 17 16:36:11.074445 podb-esxi207 dnsmasq[2657100]: exiting on receipt of SIGTERM
Oct 17 16:36:11.697026 podb-esxi207 dnsmasq-dhcp[2657215]: DHCPRELEASE(tap9da9d042-13) 10.1.0.1 fa:16:3e:80:16:23
Oct 17 16:36:12.519000 podb-esxi207 dnsmasq[2657215]: read /opt/stack/data/neutron/dhcp/47f88387-6a29-41e8-91a0-27a3b90042c6/addn_hosts - 0 names
Oct 17 16:36:12.519077 podb-esxi207 dnsmasq-dhcp[2657215]: read /opt/stack/data/neutron/dhcp/47f88387-6a29-41e8-91a0-27a3b90042c6/host
Oct 17 16:36:12.519157 podb-esxi207 dnsmasq-dhcp[2657215]: read /opt/stack/data/neutron/dhcp/47f88387-6a29-41e8-91a0-27a3b90042c6/opts
Oct 17 16:36:12.750269 podb-esxi207 dnsmasq[2657215]: exiting on receipt of SIGTERM
Oct 17 16:36:17.053439 podb-esxi207 dnsmasq[2660708]: started, version 2.90 cachesize 150
Oct 17 16:36:17.053461 podb-esxi207 dnsmasq[2660708]: DNS service limited to local subnets
Oct 17 16:36:17.053476 podb-esxi207 dnsmasq[2660708]: compile time options: IPv6 GNU-getopt DBus no-UBus i18n IDN2 DHCP DHCPv6 no-Lua TFTP conntrack ipset no-nftset auth cryptohash DNSSEC loop-detect inotify dumpfile
Oct 17 16:36:17.053516 podb-esxi207 dnsmasq-dhcp[2660708]: DHCP, static leases only on 10.1.0.0, lease time 1d
Oct 17 16:36:17.053666 podb-esxi207 dnsmasq[2660708]: reading /etc/resolv.conf
Oct 17 16:36:17.053682 podb-esxi207 dnsmasq[2660708]: using nameserver 127.0.0.53#53
Oct 17 16:36:17.053767 podb-esxi207 dnsmasq[2660708]: read /opt/stack/data/neutron/dhcp/86466b08-596a-4bfb-8abc-336351d05dab/addn_hosts - 0 names
Oct 17 16:36:17.053818 podb-esxi207 dnsmasq-dhcp[2660708]: read /opt/stack/data/neutron/dhcp/86466b08-596a-4bfb-8abc-336351d05dab/host
Oct 17 16:36:17.053874 podb-esxi207 dnsmasq-dhcp[2660708]: read /opt/stack/data/neutron/dhcp/86466b08-596a-4bfb-8abc-336351d05dab/opts
Oct 17 16:36:17.587707 podb-esxi207 dnsmasq-dhcp[2654989]: DHCPRELEASE(tap9b22769f-6e) 10.1.0.8 fa:16:3e:da:23:2c
Oct 17 16:36:17.601502 podb-esxi207 dnsmasq-dhcp[2654989]: DHCPRELEASE(tap9b22769f-6e) 10.1.0.8 fa:16:3e:da:23:2c unknown lease
Oct 17 16:36:18.423656 podb-esxi207 dnsmasq[2654989]: read /opt/stack/data/neutron/dhcp/048e695e-fe65-4238-84a7-8b42889678a3/addn_hosts - 4 names
Oct 17 16:36:18.423785 podb-esxi207 dnsmasq-dhcp[2654989]: read /opt/stack/data/neutron/dhcp/048e695e-fe65-4238-84a7-8b42889678a3/host
Oct 17 16:36:18.423890 podb-esxi207 dnsmasq-dhcp[2654989]: read /opt/stack/data/neutron/dhcp/048e695e-fe65-4238-84a7-8b42889678a3/opts
Oct 17 16:36:19.179093 podb-esxi207 dnsmasq[2656286]: read /opt/stack/data/neutron/dhcp/e86de77b-c921-49c7-8ba8-3579305d7c2d/addn_hosts - 10 names
Oct 17 16:36:19.179160 podb-esxi207 dnsmasq-dhcp[2656286]: read /opt/stack/data/neutron/dhcp/e86de77b-c921-49c7-8ba8-3579305d7c2d/host
Oct 17 16:36:19.179199 podb-esxi207 dnsmasq-dhcp[2656286]: read /opt/stack/data/neutron/dhcp/e86de77b-c921-49c7-8ba8-3579305d7c2d/opts
Oct 17 16:36:22.099036 podb-esxi207 dnsmasq[2661216]: started, version 2.90 cachesize 150
Oct 17 16:36:22.099063 podb-esxi207 dnsmasq[2661216]: DNS service limited to local subnets
Oct 17 16:36:22.099078 podb-esxi207 dnsmasq[2661216]: compile time options: IPv6 GNU-getopt DBus no-UBus i18n IDN2 DHCP DHCPv6 no-Lua TFTP conntrack ipset no-nftset auth cryptohash DNSSEC loop-detect inotify dumpfile
Oct 17 16:36:22.099112 podb-esxi207 dnsmasq-dhcp[2661216]: DHCP, static leases only on 10.1.0.0, lease time 1d
Oct 17 16:36:22.099256 podb-esxi207 dnsmasq[2661216]: reading /etc/resolv.conf
Oct 17 16:36:22.099271 podb-esxi207 dnsmasq[2661216]: using nameserver 127.0.0.53#53
Oct 17 16:36:22.099379 podb-esxi207 dnsmasq[2661216]: read /opt/stack/data/neutron/dhcp/4b482e96-7fbd-425c-9c5f-780a67bd29ee/addn_hosts - 2 names
Oct 17 16:36:22.099434 podb-esxi207 dnsmasq-dhcp[2661216]: read /opt/stack/data/neutron/dhcp/4b482e96-7fbd-425c-9c5f-780a67bd29ee/host
Oct 17 16:36:22.099498 podb-esxi207 dnsmasq-dhcp[2661216]: read /opt/stack/data/neutron/dhcp/4b482e96-7fbd-425c-9c5f-780a67bd29ee/opts
Oct 17 16:36:23.135807 podb-esxi207 dnsmasq[2660708]: read /opt/stack/data/neutron/dhcp/86466b08-596a-4bfb-8abc-336351d05dab/addn_hosts - 2 names
Oct 17 16:36:23.135884 podb-esxi207 dnsmasq-dhcp[2660708]: read /opt/stack/data/neutron/dhcp/86466b08-596a-4bfb-8abc-336351d05dab/host
Oct 17 16:36:23.135986 podb-esxi207 dnsmasq-dhcp[2660708]: read /opt/stack/data/neutron/dhcp/86466b08-596a-4bfb-8abc-336351d05dab/opts
Oct 17 16:36:23.860871 podb-esxi207 dnsmasq-dhcp[2654989]: DHCPRELEASE(tap9b22769f-6e) 10.1.0.13 fa:16:3e:73:57:69
Oct 17 16:36:23.874687 podb-esxi207 dnsmasq-dhcp[2654989]: DHCPRELEASE(tap9b22769f-6e) 10.1.0.13 fa:16:3e:73:57:69 unknown lease
Oct 17 16:36:24.695769 podb-esxi207 dnsmasq[2654989]: read /opt/stack/data/neutron/dhcp/048e695e-fe65-4238-84a7-8b42889678a3/addn_hosts - 2 names
Oct 17 16:36:24.695844 podb-esxi207 dnsmasq-dhcp[2654989]: read /opt/stack/data/neutron/dhcp/048e695e-fe65-4238-84a7-8b42889678a3/host
Oct 17 16:36:24.695921 podb-esxi207 dnsmasq-dhcp[2654989]: read /opt/stack/data/neutron/dhcp/048e695e-fe65-4238-84a7-8b42889678a3/opts
Oct 17 16:36:25.924634 podb-esxi207 dnsmasq[2661216]: read /opt/stack/data/neutron/dhcp/4b482e96-7fbd-425c-9c5f-780a67bd29ee/addn_hosts - 2 names
Oct 17 16:36:25.924706 podb-esxi207 dnsmasq-dhcp[2661216]: read /opt/stack/data/neutron/dhcp/4b482e96-7fbd-425c-9c5f-780a67bd29ee/host
Oct 17 16:36:25.924775 podb-esxi207 dnsmasq-dhcp[2661216]: read /opt/stack/data/neutron/dhcp/4b482e96-7fbd-425c-9c5f-780a67bd29ee/opts
Oct 17 16:36:26.641011 podb-esxi207 dnsmasq[2660708]: read /opt/stack/data/neutron/dhcp/86466b08-596a-4bfb-8abc-336351d05dab/addn_hosts - 2 names
Oct 17 16:36:26.641081 podb-esxi207 dnsmasq-dhcp[2660708]: read /opt/stack/data/neutron/dhcp/86466b08-596a-4bfb-8abc-336351d05dab/host
Oct 17 16:36:26.641171 podb-esxi207 dnsmasq-dhcp[2660708]: read /opt/stack/data/neutron/dhcp/86466b08-596a-4bfb-8abc-336351d05dab/opts
Oct 17 16:36:27.878212 podb-esxi207 dnsmasq[2661216]: read /opt/stack/data/neutron/dhcp/4b482e96-7fbd-425c-9c5f-780a67bd29ee/addn_hosts - 2 names
Oct 17 16:36:27.878306 podb-esxi207 dnsmasq-dhcp[2661216]: read /opt/stack/data/neutron/dhcp/4b482e96-7fbd-425c-9c5f-780a67bd29ee/host
Oct 17 16:36:27.878411 podb-esxi207 dnsmasq-dhcp[2661216]: read /opt/stack/data/neutron/dhcp/4b482e96-7fbd-425c-9c5f-780a67bd29ee/opts
Oct 17 16:36:28.052420 podb-esxi207 dnsmasq-dhcp[2658816]: DHCPDISCOVER(tap1f93cc53-5c) fa:16:3e:1f:d4:f9
Oct 17 16:36:28.052447 podb-esxi207 dnsmasq-dhcp[2658816]: DHCPOFFER(tap1f93cc53-5c) 10.1.0.3 fa:16:3e:1f:d4:f9
Oct 17 16:36:28.062675 podb-esxi207 dnsmasq-dhcp[2658816]: DHCPREQUEST(tap1f93cc53-5c) 10.1.0.3 fa:16:3e:1f:d4:f9
Oct 17 16:36:28.062701 podb-esxi207 dnsmasq-dhcp[2658816]: DHCPACK(tap1f93cc53-5c) 10.1.0.3 fa:16:3e:1f:d4:f9 host-10-1-0-3
Oct 17 16:36:28.609062 podb-esxi207 dnsmasq[2660708]: read /opt/stack/data/neutron/dhcp/86466b08-596a-4bfb-8abc-336351d05dab/addn_hosts - 2 names
Oct 17 16:36:28.609161 podb-esxi207 dnsmasq-dhcp[2660708]: read /opt/stack/data/neutron/dhcp/86466b08-596a-4bfb-8abc-336351d05dab/host
Oct 17 16:36:28.609270 podb-esxi207 dnsmasq-dhcp[2660708]: read /opt/stack/data/neutron/dhcp/86466b08-596a-4bfb-8abc-336351d05dab/opts
Oct 17 16:36:29.847776 podb-esxi207 dnsmasq[2661216]: read /opt/stack/data/neutron/dhcp/4b482e96-7fbd-425c-9c5f-780a67bd29ee/addn_hosts - 2 names
Oct 17 16:36:29.847853 podb-esxi207 dnsmasq-dhcp[2661216]: read /opt/stack/data/neutron/dhcp/4b482e96-7fbd-425c-9c5f-780a67bd29ee/host
Oct 17 16:36:29.847922 podb-esxi207 dnsmasq-dhcp[2661216]: read /opt/stack/data/neutron/dhcp/4b482e96-7fbd-425c-9c5f-780a67bd29ee/opts
Oct 17 16:36:31.745839 podb-esxi207 dnsmasq[2656286]: read /opt/stack/data/neutron/dhcp/e86de77b-c921-49c7-8ba8-3579305d7c2d/addn_hosts - 12 names
Oct 17 16:36:31.745971 podb-esxi207 dnsmasq-dhcp[2656286]: read /opt/stack/data/neutron/dhcp/e86de77b-c921-49c7-8ba8-3579305d7c2d/host
Oct 17 16:36:31.746082 podb-esxi207 dnsmasq-dhcp[2656286]: read /opt/stack/data/neutron/dhcp/e86de77b-c921-49c7-8ba8-3579305d7c2d/opts
Oct 17 16:36:33.098468 podb-esxi207 dnsmasq[2654989]: read /opt/stack/data/neutron/dhcp/048e695e-fe65-4238-84a7-8b42889678a3/addn_hosts - 0 names
Oct 17 16:36:33.098528 podb-esxi207 dnsmasq-dhcp[2654989]: read /opt/stack/data/neutron/dhcp/048e695e-fe65-4238-84a7-8b42889678a3/host
Oct 17 16:36:33.098577 podb-esxi207 dnsmasq-dhcp[2654989]: read /opt/stack/data/neutron/dhcp/048e695e-fe65-4238-84a7-8b42889678a3/opts
Oct 17 16:36:33.903010 podb-esxi207 dnsmasq[2654989]: exiting on receipt of SIGTERM
Oct 17 16:36:34.511586 podb-esxi207 dnsmasq-dhcp[2655537]: DHCPRELEASE(tapd0b75194-14) 10.1.0.1 fa:16:3e:70:af:8c
Oct 17 16:36:35.336027 podb-esxi207 dnsmasq[2655537]: read /opt/stack/data/neutron/dhcp/e4ae11d8-8913-4369-a248-9210dfd35034/addn_hosts - 0 names
Oct 17 16:36:35.336100 podb-esxi207 dnsmasq-dhcp[2655537]: read /opt/stack/data/neutron/dhcp/e4ae11d8-8913-4369-a248-9210dfd35034/host
