Oct 17 16:36:35.336265 podb-esxi207 dnsmasq-dhcp[2655537]: read /opt/stack/data/neutron/dhcp/e4ae11d8-8913-4369-a248-9210dfd35034/opts
Oct 17 16:36:35.567718 podb-esxi207 dnsmasq[2655537]: exiting on receipt of SIGTERM
Oct 17 16:36:36.174630 podb-esxi207 dnsmasq-dhcp[2656521]: DHCPRELEASE(tap77e55163-d3) 10.1.0.1 fa:16:3e:d3:b1:f5
Oct 17 16:36:36.997325 podb-esxi207 dnsmasq[2656521]: read /opt/stack/data/neutron/dhcp/282ac8ae-ce58-443f-9a65-10501328b879/addn_hosts - 0 names
Oct 17 16:36:36.997419 podb-esxi207 dnsmasq-dhcp[2656521]: read /opt/stack/data/neutron/dhcp/282ac8ae-ce58-443f-9a65-10501328b879/host
Oct 17 16:36:36.997505 podb-esxi207 dnsmasq-dhcp[2656521]: read /opt/stack/data/neutron/dhcp/282ac8ae-ce58-443f-9a65-10501328b879/opts
Oct 17 16:36:37.219253 podb-esxi207 dnsmasq[2656521]: exiting on receipt of SIGTERM
Oct 17 16:36:38.902526 podb-esxi207 dnsmasq-dhcp[2656286]: DHCPDISCOVER(tape60befd3-9c) fa:16:3e:18:ed:2c
Oct 17 16:36:38.902551 podb-esxi207 dnsmasq-dhcp[2656286]: DHCPOFFER(tape60befd3-9c) 10.1.0.4 fa:16:3e:18:ed:2c
Oct 17 16:36:38.912296 podb-esxi207 dnsmasq-dhcp[2656286]: DHCPREQUEST(tape60befd3-9c) 10.1.0.4 fa:16:3e:18:ed:2c
Oct 17 16:36:38.912329 podb-esxi207 dnsmasq-dhcp[2656286]: DHCPACK(tape60befd3-9c) 10.1.0.4 fa:16:3e:18:ed:2c host-10-1-0-4
Oct 17 16:36:41.847982 podb-esxi207 dnsmasq[2661912]: started, version 2.90 cachesize 150
Oct 17 16:36:41.848011 podb-esxi207 dnsmasq[2661912]: DNS service limited to local subnets
Oct 17 16:36:41.848027 podb-esxi207 dnsmasq[2661912]: compile time options: IPv6 GNU-getopt DBus no-UBus i18n IDN2 DHCP DHCPv6 no-Lua TFTP conntrack ipset no-nftset auth cryptohash DNSSEC loop-detect inotify dumpfile
Oct 17 16:36:41.848063 podb-esxi207 dnsmasq-dhcp[2661912]: DHCP, static leases only on 10.1.0.0, lease time 1d
Oct 17 16:36:41.848243 podb-esxi207 dnsmasq[2661912]: reading /etc/resolv.conf
Oct 17 16:36:41.848261 podb-esxi207 dnsmasq[2661912]: using nameserver 127.0.0.53#53
Oct 17 16:36:41.848364 podb-esxi207 dnsmasq[2661912]: read /opt/stack/data/neutron/dhcp/488e3f13-68de-4ecb-a232-897bfdaad54b/addn_hosts - 0 names
Oct 17 16:36:41.848417 podb-esxi207 dnsmasq-dhcp[2661912]: read /opt/stack/data/neutron/dhcp/488e3f13-68de-4ecb-a232-897bfdaad54b/host
Oct 17 16:36:41.848483 podb-esxi207 dnsmasq-dhcp[2661912]: read /opt/stack/data/neutron/dhcp/488e3f13-68de-4ecb-a232-897bfdaad54b/opts
Oct 17 16:36:45.462628 podb-esxi207 dnsmasq[2662227]: started, version 2.90 cachesize 150
Oct 17 16:36:45.462650 podb-esxi207 dnsmasq[2662227]: DNS service limited to local subnets
Oct 17 16:36:45.462664 podb-esxi207 dnsmasq[2662227]: compile time options: IPv6 GNU-getopt DBus no-UBus i18n IDN2 DHCP DHCPv6 no-Lua TFTP conntrack ipset no-nftset auth cryptohash DNSSEC loop-detect inotify dumpfile
Oct 17 16:36:45.462697 podb-esxi207 dnsmasq-dhcp[2662227]: DHCP, static leases only on 10.1.0.0, lease time 1d
Oct 17 16:36:45.462841 podb-esxi207 dnsmasq[2662227]: reading /etc/resolv.conf
Oct 17 16:36:45.462857 podb-esxi207 dnsmasq[2662227]: using nameserver 127.0.0.53#53
Oct 17 16:36:45.462942 podb-esxi207 dnsmasq[2662227]: read /opt/stack/data/neutron/dhcp/02effe23-1dec-465e-80fc-27cc5133984e/addn_hosts - 0 names
Oct 17 16:36:45.463078 podb-esxi207 dnsmasq-dhcp[2662227]: read /opt/stack/data/neutron/dhcp/02effe23-1dec-465e-80fc-27cc5133984e/host
Oct 17 16:36:45.463150 podb-esxi207 dnsmasq-dhcp[2662227]: read /opt/stack/data/neutron/dhcp/02effe23-1dec-465e-80fc-27cc5133984e/opts
Oct 17 16:36:46.498418 podb-esxi207 dnsmasq[2661912]: read /opt/stack/data/neutron/dhcp/488e3f13-68de-4ecb-a232-897bfdaad54b/addn_hosts - 2 names
Oct 17 16:36:46.498515 podb-esxi207 dnsmasq-dhcp[2661912]: read /opt/stack/data/neutron/dhcp/488e3f13-68de-4ecb-a232-897bfdaad54b/host
Oct 17 16:36:46.498630 podb-esxi207 dnsmasq-dhcp[2661912]: read /opt/stack/data/neutron/dhcp/488e3f13-68de-4ecb-a232-897bfdaad54b/opts
Oct 17 16:36:49.804519 podb-esxi207 dnsmasq[2662979]: started, version 2.90 cachesize 150
Oct 17 16:36:49.804531 podb-esxi207 dnsmasq[2662979]: DNS service limited to local subnets
Oct 17 16:36:49.804539 podb-esxi207 dnsmasq[2662979]: compile time options: IPv6 GNU-getopt DBus no-UBus i18n IDN2 DHCP DHCPv6 no-Lua TFTP conntrack ipset no-nftset auth cryptohash DNSSEC loop-detect inotify dumpfile
Oct 17 16:36:49.804559 podb-esxi207 dnsmasq-dhcp[2662979]: DHCP, static leases only on 10.1.0.0, lease time 1d
Oct 17 16:36:49.804641 podb-esxi207 dnsmasq[2662979]: reading /etc/resolv.conf
Oct 17 16:36:49.804650 podb-esxi207 dnsmasq[2662979]: using nameserver 127.0.0.53#53
Oct 17 16:36:49.804704 podb-esxi207 dnsmasq[2662979]: read /opt/stack/data/neutron/dhcp/91b66e24-7032-4f77-b114-af38e15b29ce/addn_hosts - 2 names
Oct 17 16:36:49.804739 podb-esxi207 dnsmasq-dhcp[2662979]: read /opt/stack/data/neutron/dhcp/91b66e24-7032-4f77-b114-af38e15b29ce/host
Oct 17 16:36:49.804777 podb-esxi207 dnsmasq-dhcp[2662979]: read /opt/stack/data/neutron/dhcp/91b66e24-7032-4f77-b114-af38e15b29ce/opts
Oct 17 16:36:52.861424 podb-esxi207 dnsmasq[2663143]: started, version 2.90 cachesize 150
Oct 17 16:36:52.861451 podb-esxi207 dnsmasq[2663143]: DNS service limited to local subnets
Oct 17 16:36:52.861466 podb-esxi207 dnsmasq[2663143]: compile time options: IPv6 GNU-getopt DBus no-UBus i18n IDN2 DHCP DHCPv6 no-Lua TFTP conntrack ipset no-nftset auth cryptohash DNSSEC loop-detect inotify dumpfile
Oct 17 16:36:52.861499 podb-esxi207 dnsmasq-dhcp[2663143]: DHCP, static leases only on 10.1.1.0, lease time 1d
Oct 17 16:36:52.861642 podb-esxi207 dnsmasq[2663143]: reading /etc/resolv.conf
Oct 17 16:36:52.861658 podb-esxi207 dnsmasq[2663143]: using nameserver 127.0.0.53#53
Oct 17 16:36:52.861776 podb-esxi207 dnsmasq[2663143]: read /opt/stack/data/neutron/dhcp/4c579001-0931-4523-8e83-389437ac566b/addn_hosts - 4 names
Oct 17 16:36:52.861837 podb-esxi207 dnsmasq-dhcp[2663143]: read /opt/stack/data/neutron/dhcp/4c579001-0931-4523-8e83-389437ac566b/host
Oct 17 16:36:52.861886 podb-esxi207 dnsmasq-dhcp[2663143]: read /opt/stack/data/neutron/dhcp/4c579001-0931-4523-8e83-389437ac566b/opts
Oct 17 16:36:53.994613 podb-esxi207 dnsmasq-dhcp[2656286]: DHCPDISCOVER(tape60befd3-9c) fa:16:3e:4c:bc:99
Oct 17 16:36:53.994637 podb-esxi207 dnsmasq-dhcp[2656286]: DHCPOFFER(tape60befd3-9c) 10.1.0.12 fa:16:3e:4c:bc:99
Oct 17 16:36:54.008218 podb-esxi207 dnsmasq-dhcp[2656286]: DHCPREQUEST(tape60befd3-9c) 10.1.0.12 fa:16:3e:4c:bc:99
Oct 17 16:36:54.008250 podb-esxi207 dnsmasq-dhcp[2656286]: DHCPACK(tape60befd3-9c) 10.1.0.12 fa:16:3e:4c:bc:99 host-10-1-0-12
Oct 17 16:36:55.474461 podb-esxi207 dnsmasq[2663251]: started, version 2.90 cachesize 150
Oct 17 16:36:55.474489 podb-esxi207 dnsmasq[2663251]: DNS service limited to local subnets
Oct 17 16:36:55.474505 podb-esxi207 dnsmasq[2663251]: compile time options: IPv6 GNU-getopt DBus no-UBus i18n IDN2 DHCP DHCPv6 no-Lua TFTP conntrack ipset no-nftset auth cryptohash DNSSEC loop-detect inotify dumpfile
Oct 17 16:36:55.474545 podb-esxi207 dnsmasq-dhcp[2663251]: DHCP, static leases only on 10.2.2.0, lease time 1d
Oct 17 16:36:55.474727 podb-esxi207 dnsmasq[2663251]: reading /etc/resolv.conf
Oct 17 16:36:55.474743 podb-esxi207 dnsmasq[2663251]: using nameserver 127.0.0.53#53
Oct 17 16:36:55.474832 podb-esxi207 dnsmasq[2663251]: read /opt/stack/data/neutron/dhcp/e8bd3d20-a750-4df3-8a66-34cce8f65c20/addn_hosts - 0 names
Oct 17 16:36:55.474885 podb-esxi207 dnsmasq-dhcp[2663251]: read /opt/stack/data/neutron/dhcp/e8bd3d20-a750-4df3-8a66-34cce8f65c20/host
Oct 17 16:36:55.474964 podb-esxi207 dnsmasq-dhcp[2663251]: read /opt/stack/data/neutron/dhcp/e8bd3d20-a750-4df3-8a66-34cce8f65c20/opts
Oct 17 16:36:56.010503 podb-esxi207 dnsmasq[2661912]: read /opt/stack/data/neutron/dhcp/488e3f13-68de-4ecb-a232-897bfdaad54b/addn_hosts - 2 names
Oct 17 16:36:56.010616 podb-esxi207 dnsmasq-dhcp[2661912]: read /opt/stack/data/neutron/dhcp/488e3f13-68de-4ecb-a232-897bfdaad54b/host
Oct 17 16:36:56.010731 podb-esxi207 dnsmasq-dhcp[2661912]: read /opt/stack/data/neutron/dhcp/488e3f13-68de-4ecb-a232-897bfdaad54b/opts
Oct 17 16:36:56.772895 podb-esxi207 dnsmasq[2662979]: exiting on receipt of SIGTERM
Oct 17 16:36:57.409790 podb-esxi207 dnsmasq[2662227]: exiting on receipt of SIGTERM
Oct 17 16:37:00.547522 podb-esxi207 dnsmasq[2663485]: started, version 2.90 cachesize 150
Oct 17 16:37:00.547545 podb-esxi207 dnsmasq[2663485]: DNS service limited to local subnets
Oct 17 16:37:00.547559 podb-esxi207 dnsmasq[2663485]: compile time options: IPv6 GNU-getopt DBus no-UBus i18n IDN2 DHCP DHCPv6 no-Lua TFTP conntrack ipset no-nftset auth cryptohash DNSSEC loop-detect inotify dumpfile
Oct 17 16:37:00.547593 podb-esxi207 dnsmasq-dhcp[2663485]: DHCP, static leases only on 10.1.0.0, lease time 1d
Oct 17 16:37:00.547735 podb-esxi207 dnsmasq[2663485]: reading /etc/resolv.conf
Oct 17 16:37:00.547751 podb-esxi207 dnsmasq[2663485]: using nameserver 127.0.0.53#53
Oct 17 16:37:00.547859 podb-esxi207 dnsmasq[2663485]: read /opt/stack/data/neutron/dhcp/f5a26a6e-8cef-4ee3-8d20-aa78be3b9a45/addn_hosts - 2 names
Oct 17 16:37:00.547911 podb-esxi207 dnsmasq-dhcp[2663485]: read /opt/stack/data/neutron/dhcp/f5a26a6e-8cef-4ee3-8d20-aa78be3b9a45/host
Oct 17 16:37:00.547983 podb-esxi207 dnsmasq-dhcp[2663485]: read /opt/stack/data/neutron/dhcp/f5a26a6e-8cef-4ee3-8d20-aa78be3b9a45/opts
Oct 17 16:37:01.582783 podb-esxi207 dnsmasq[2663143]: read /opt/stack/data/neutron/dhcp/4c579001-0931-4523-8e83-389437ac566b/addn_hosts - 8 names
Oct 17 16:37:01.582903 podb-esxi207 dnsmasq-dhcp[2663143]: read /opt/stack/data/neutron/dhcp/4c579001-0931-4523-8e83-389437ac566b/host
Oct 17 16:37:01.582967 podb-esxi207 dnsmasq-dhcp[2663143]: read /opt/stack/data/neutron/dhcp/4c579001-0931-4523-8e83-389437ac566b/opts
Oct 17 16:37:02.814414 podb-esxi207 dnsmasq[2663251]: read /opt/stack/data/neutron/dhcp/e8bd3d20-a750-4df3-8a66-34cce8f65c20/addn_hosts - 4 names
Oct 17 16:37:02.814510 podb-esxi207 dnsmasq-dhcp[2663251]: read /opt/stack/data/neutron/dhcp/e8bd3d20-a750-4df3-8a66-34cce8f65c20/host
Oct 17 16:37:02.814598 podb-esxi207 dnsmasq-dhcp[2663251]: read /opt/stack/data/neutron/dhcp/e8bd3d20-a750-4df3-8a66-34cce8f65c20/opts
Oct 17 16:37:03.514655 podb-esxi207 dnsmasq[2660708]: read /opt/stack/data/neutron/dhcp/86466b08-596a-4bfb-8abc-336351d05dab/addn_hosts - 4 names
Oct 17 16:37:03.514771 podb-esxi207 dnsmasq-dhcp[2660708]: read /opt/stack/data/neutron/dhcp/86466b08-596a-4bfb-8abc-336351d05dab/host
Oct 17 16:37:03.514877 podb-esxi207 dnsmasq-dhcp[2660708]: read /opt/stack/data/neutron/dhcp/86466b08-596a-4bfb-8abc-336351d05dab/opts
Oct 17 16:37:03.727878 podb-esxi207 dnsmasq[2661912]: exiting on receipt of SIGTERM
Oct 17 16:37:06.351108 podb-esxi207 dnsmasq[2663485]: read /opt/stack/data/neutron/dhcp/f5a26a6e-8cef-4ee3-8d20-aa78be3b9a45/addn_hosts - 4 names
Oct 17 16:37:06.351210 podb-esxi207 dnsmasq-dhcp[2663485]: read /opt/stack/data/neutron/dhcp/f5a26a6e-8cef-4ee3-8d20-aa78be3b9a45/host
Oct 17 16:37:06.351302 podb-esxi207 dnsmasq-dhcp[2663485]: read /opt/stack/data/neutron/dhcp/f5a26a6e-8cef-4ee3-8d20-aa78be3b9a45/opts
Oct 17 16:37:07.124987 podb-esxi207 dnsmasq[2663143]: read /opt/stack/data/neutron/dhcp/4c579001-0931-4523-8e83-389437ac566b/addn_hosts - 8 names
Oct 17 16:37:07.125084 podb-esxi207 dnsmasq-dhcp[2663143]: read /opt/stack/data/neutron/dhcp/4c579001-0931-4523-8e83-389437ac566b/host
Oct 17 16:37:07.125137 podb-esxi207 dnsmasq-dhcp[2663143]: read /opt/stack/data/neutron/dhcp/4c579001-0931-4523-8e83-389437ac566b/opts
Oct 17 16:37:07.842239 podb-esxi207 dnsmasq[2663251]: read /opt/stack/data/neutron/dhcp/e8bd3d20-a750-4df3-8a66-34cce8f65c20/addn_hosts - 4 names
Oct 17 16:37:07.842359 podb-esxi207 dnsmasq-dhcp[2663251]: read /opt/stack/data/neutron/dhcp/e8bd3d20-a750-4df3-8a66-34cce8f65c20/host
Oct 17 16:37:07.842436 podb-esxi207 dnsmasq-dhcp[2663251]: read /opt/stack/data/neutron/dhcp/e8bd3d20-a750-4df3-8a66-34cce8f65c20/opts
Oct 17 16:37:09.089287 podb-esxi207 dnsmasq[2663485]: read /opt/stack/data/neutron/dhcp/f5a26a6e-8cef-4ee3-8d20-aa78be3b9a45/addn_hosts - 4 names
Oct 17 16:37:09.089406 podb-esxi207 dnsmasq-dhcp[2663485]: read /opt/stack/data/neutron/dhcp/f5a26a6e-8cef-4ee3-8d20-aa78be3b9a45/host
Oct 17 16:37:09.089514 podb-esxi207 dnsmasq-dhcp[2663485]: read /opt/stack/data/neutron/dhcp/f5a26a6e-8cef-4ee3-8d20-aa78be3b9a45/opts
Oct 17 16:37:09.829687 podb-esxi207 dnsmasq[2663143]: read /opt/stack/data/neutron/dhcp/4c579001-0931-4523-8e83-389437ac566b/addn_hosts - 8 names
Oct 17 16:37:09.829878 podb-esxi207 dnsmasq-dhcp[2663143]: read /opt/stack/data/neutron/dhcp/4c579001-0931-4523-8e83-389437ac566b/host
Oct 17 16:37:09.829992 podb-esxi207 dnsmasq-dhcp[2663143]: read /opt/stack/data/neutron/dhcp/4c579001-0931-4523-8e83-389437ac566b/opts
Oct 17 16:37:10.574031 podb-esxi207 dnsmasq[2663251]: read /opt/stack/data/neutron/dhcp/e8bd3d20-a750-4df3-8a66-34cce8f65c20/addn_hosts - 4 names
Oct 17 16:37:10.574141 podb-esxi207 dnsmasq-dhcp[2663251]: read /opt/stack/data/neutron/dhcp/e8bd3d20-a750-4df3-8a66-34cce8f65c20/host
Oct 17 16:37:10.574223 podb-esxi207 dnsmasq-dhcp[2663251]: read /opt/stack/data/neutron/dhcp/e8bd3d20-a750-4df3-8a66-34cce8f65c20/opts
Oct 17 16:37:11.818543 podb-esxi207 dnsmasq[2663485]: read /opt/stack/data/neutron/dhcp/f5a26a6e-8cef-4ee3-8d20-aa78be3b9a45/addn_hosts - 4 names
Oct 17 16:37:11.818650 podb-esxi207 dnsmasq-dhcp[2663485]: read /opt/stack/data/neutron/dhcp/f5a26a6e-8cef-4ee3-8d20-aa78be3b9a45/host
Oct 17 16:37:11.818761 podb-esxi207 dnsmasq-dhcp[2663485]: read /opt/stack/data/neutron/dhcp/f5a26a6e-8cef-4ee3-8d20-aa78be3b9a45/opts
Oct 17 16:37:12.548984 podb-esxi207 dnsmasq[2663143]: read /opt/stack/data/neutron/dhcp/4c579001-0931-4523-8e83-389437ac566b/addn_hosts - 8 names
Oct 17 16:37:12.549083 podb-esxi207 dnsmasq-dhcp[2663143]: read /opt/stack/data/neutron/dhcp/4c579001-0931-4523-8e83-389437ac566b/host
Oct 17 16:37:12.549158 podb-esxi207 dnsmasq-dhcp[2663143]: read /opt/stack/data/neutron/dhcp/4c579001-0931-4523-8e83-389437ac566b/opts
Oct 17 16:37:13.795954 podb-esxi207 dnsmasq[2663485]: read /opt/stack/data/neutron/dhcp/f5a26a6e-8cef-4ee3-8d20-aa78be3b9a45/addn_hosts - 4 names
Oct 17 16:37:13.796035 podb-esxi207 dnsmasq-dhcp[2663485]: read /opt/stack/data/neutron/dhcp/f5a26a6e-8cef-4ee3-8d20-aa78be3b9a45/host
Oct 17 16:37:13.796122 podb-esxi207 dnsmasq-dhcp[2663485]: read /opt/stack/data/neutron/dhcp/f5a26a6e-8cef-4ee3-8d20-aa78be3b9a45/opts
Oct 17 16:37:14.520576 podb-esxi207 dnsmasq[2663143]: read /opt/stack/data/neutron/dhcp/4c579001-0931-4523-8e83-389437ac566b/addn_hosts - 8 names
Oct 17 16:37:14.520672 podb-esxi207 dnsmasq-dhcp[2663143]: read /opt/stack/data/neutron/dhcp/4c579001-0931-4523-8e83-389437ac566b/host
Oct 17 16:37:14.520723 podb-esxi207 dnsmasq-dhcp[2663143]: read /opt/stack/data/neutron/dhcp/4c579001-0931-4523-8e83-389437ac566b/opts
Oct 17 16:37:25.320423 podb-esxi207 dnsmasq-dhcp[2663485]: DHCPDISCOVER(tapa9a48dfe-ed) fa:16:3e:0f:4b:11
Oct 17 16:37:25.320452 podb-esxi207 dnsmasq-dhcp[2663485]: DHCPOFFER(tapa9a48dfe-ed) 10.1.0.10 fa:16:3e:0f:4b:11
Oct 17 16:37:25.332028 podb-esxi207 dnsmasq-dhcp[2663485]: DHCPREQUEST(tapa9a48dfe-ed) 10.1.0.10 fa:16:3e:0f:4b:11
Oct 17 16:37:25.332059 podb-esxi207 dnsmasq-dhcp[2663485]: DHCPACK(tapa9a48dfe-ed) 10.1.0.10 fa:16:3e:0f:4b:11 host-10-1-0-10
Oct 17 16:37:46.531167 podb-esxi207 dnsmasq-dhcp[2656286]: DHCPREQUEST(tape60befd3-9c) 10.1.0.4 fa:16:3e:18:ed:2c
Oct 17 16:37:46.531213 podb-esxi207 dnsmasq-dhcp[2656286]: DHCPACK(tape60befd3-9c) 10.1.0.4 fa:16:3e:18:ed:2c host-10-1-0-4
Oct 17 16:37:47.669051 podb-esxi207 dnsmasq-dhcp[2658816]: DHCPREQUEST(tap1f93cc53-5c) 10.1.0.3 fa:16:3e:1f:d4:f9
Oct 17 16:37:47.669081 podb-esxi207 dnsmasq-dhcp[2658816]: DHCPACK(tap1f93cc53-5c) 10.1.0.3 fa:16:3e:1f:d4:f9 host-10-1-0-3
Oct 17 16:37:49.516031 podb-esxi207 dnsmasq-dhcp[2660708]: DHCPDISCOVER(tap24fcf241-0a) fa:16:3e:c7:e6:3a
Oct 17 16:37:49.516060 podb-esxi207 dnsmasq-dhcp[2660708]: DHCPOFFER(tap24fcf241-0a) 10.1.0.5 fa:16:3e:c7:e6:3a
Oct 17 16:37:49.529030 podb-esxi207 dnsmasq-dhcp[2663251]: DHCPDISCOVER(tap43b166d4-5a) fa:16:3e:b4:14:41
Oct 17 16:37:49.529058 podb-esxi207 dnsmasq-dhcp[2663251]: DHCPOFFER(tap43b166d4-5a) 10.2.2.100 fa:16:3e:b4:14:41
Oct 17 16:37:49.626657 podb-esxi207 dnsmasq-dhcp[2660708]: DHCPREQUEST(tap24fcf241-0a) 10.1.0.5 fa:16:3e:c7:e6:3a
Oct 17 16:37:49.626691 podb-esxi207 dnsmasq-dhcp[2660708]: DHCPACK(tap24fcf241-0a) 10.1.0.5 fa:16:3e:c7:e6:3a host-10-1-0-5
Oct 17 16:37:49.633397 podb-esxi207 dnsmasq-dhcp[2663251]: DHCPREQUEST(tap43b166d4-5a) 10.2.2.100 fa:16:3e:b4:14:41
Oct 17 16:37:49.633433 podb-esxi207 dnsmasq-dhcp[2663251]: DHCPACK(tap43b166d4-5a) 10.2.2.100 fa:16:3e:b4:14:41 host-10-2-2-100
Oct 17 16:37:49.857452 podb-esxi207 dnsmasq-dhcp[2663143]: DHCPDISCOVER(tap6035910f-9b) fa:16:3e:51:07:26
Oct 17 16:37:49.857481 podb-esxi207 dnsmasq-dhcp[2663143]: DHCPOFFER(tap6035910f-9b) 10.1.1.89 fa:16:3e:51:07:26
Oct 17 16:37:49.865134 podb-esxi207 dnsmasq-dhcp[2663143]: DHCPREQUEST(tap6035910f-9b) 10.1.1.89 fa:16:3e:51:07:26
Oct 17 16:37:49.865156 podb-esxi207 dnsmasq-dhcp[2663143]: DHCPACK(tap6035910f-9b) 10.1.1.89 fa:16:3e:51:07:26 host-10-1-1-89
Oct 17 16:37:49.969362 podb-esxi207 dnsmasq-dhcp[2663251]: DHCPDISCOVER(tap43b166d4-5a) fa:16:3e:ba:0b:c4
Oct 17 16:37:49.969387 podb-esxi207 dnsmasq-dhcp[2663251]: DHCPOFFER(tap43b166d4-5a) 10.2.2.200 fa:16:3e:ba:0b:c4
Oct 17 16:37:49.973368 podb-esxi207 dnsmasq-dhcp[2663251]: DHCPREQUEST(tap43b166d4-5a) 10.2.2.200 fa:16:3e:ba:0b:c4
Oct 17 16:37:49.973396 podb-esxi207 dnsmasq-dhcp[2663251]: DHCPACK(tap43b166d4-5a) 10.2.2.200 fa:16:3e:ba:0b:c4 host-10-2-2-200
Oct 17 16:37:50.233283 podb-esxi207 dnsmasq-dhcp[2663143]: DHCPDISCOVER(tap6035910f-9b) fa:16:3e:a2:14:11
Oct 17 16:37:50.233308 podb-esxi207 dnsmasq-dhcp[2663143]: DHCPOFFER(tap6035910f-9b) 10.1.1.127 fa:16:3e:a2:14:11
Oct 17 16:37:50.239104 podb-esxi207 dnsmasq-dhcp[2663143]: DHCPREQUEST(tap6035910f-9b) 10.1.1.127 fa:16:3e:a2:14:11
Oct 17 16:37:50.239134 podb-esxi207 dnsmasq-dhcp[2663143]: DHCPACK(tap6035910f-9b) 10.1.1.127 fa:16:3e:a2:14:11 host-10-1-1-127
Oct 17 16:37:50.680118 podb-esxi207 dnsmasq-dhcp[2663143]: DHCPDISCOVER(tap6035910f-9b) fa:16:3e:73:3a:32
Oct 17 16:37:50.680188 podb-esxi207 dnsmasq-dhcp[2663143]: DHCPOFFER(tap6035910f-9b) 10.1.1.60 fa:16:3e:73:3a:32
Oct 17 16:37:50.685125 podb-esxi207 dnsmasq-dhcp[2663143]: DHCPREQUEST(tap6035910f-9b) 10.1.1.60 fa:16:3e:73:3a:32
Oct 17 16:37:50.685152 podb-esxi207 dnsmasq-dhcp[2663143]: DHCPACK(tap6035910f-9b) 10.1.1.60 fa:16:3e:73:3a:32 host-10-1-1-60
Oct 17 16:37:50.825804 podb-esxi207 dnsmasq-dhcp[2663143]: DHCPDISCOVER(tap6035910f-9b) fa:16:3e:2c:c1:87
Oct 17 16:37:50.825829 podb-esxi207 dnsmasq-dhcp[2663143]: DHCPOFFER(tap6035910f-9b) 10.1.1.205 fa:16:3e:2c:c1:87
Oct 17 16:37:50.829229 podb-esxi207 dnsmasq-dhcp[2663143]: DHCPREQUEST(tap6035910f-9b) 10.1.1.205 fa:16:3e:2c:c1:87
Oct 17 16:37:50.829258 podb-esxi207 dnsmasq-dhcp[2663143]: DHCPACK(tap6035910f-9b) 10.1.1.205 fa:16:3e:2c:c1:87 host-10-1-1-205
Oct 17 16:38:06.596982 podb-esxi207 dnsmasq-dhcp[2660708]: DHCPRELEASE(tap24fcf241-0a) 10.1.0.5 fa:16:3e:c7:e6:3a
Oct 17 16:38:06.613796 podb-esxi207 dnsmasq-dhcp[2660708]: DHCPRELEASE(tap24fcf241-0a) 10.1.0.5 fa:16:3e:c7:e6:3a unknown lease
Oct 17 16:38:07.439752 podb-esxi207 dnsmasq[2660708]: read /opt/stack/data/neutron/dhcp/86466b08-596a-4bfb-8abc-336351d05dab/addn_hosts - 2 names
Oct 17 16:38:07.439864 podb-esxi207 dnsmasq-dhcp[2660708]: read /opt/stack/data/neutron/dhcp/86466b08-596a-4bfb-8abc-336351d05dab/host
Oct 17 16:38:07.439982 podb-esxi207 dnsmasq-dhcp[2660708]: read /opt/stack/data/neutron/dhcp/86466b08-596a-4bfb-8abc-336351d05dab/opts
Oct 17 16:38:08.230850 podb-esxi207 dnsmasq[2663485]: read /opt/stack/data/neutron/dhcp/f5a26a6e-8cef-4ee3-8d20-aa78be3b9a45/addn_hosts - 6 names
Oct 17 16:38:08.230983 podb-esxi207 dnsmasq-dhcp[2663485]: read /opt/stack/data/neutron/dhcp/f5a26a6e-8cef-4ee3-8d20-aa78be3b9a45/host
Oct 17 16:38:08.231094 podb-esxi207 dnsmasq-dhcp[2663485]: read /opt/stack/data/neutron/dhcp/f5a26a6e-8cef-4ee3-8d20-aa78be3b9a45/opts
Oct 17 16:38:08.480950 podb-esxi207 dnsmasq-dhcp[2663251]: DHCPRELEASE(tap43b166d4-5a) 10.2.2.200 fa:16:3e:ba:0b:c4
Oct 17 16:38:08.498520 podb-esxi207 dnsmasq-dhcp[2663251]: DHCPRELEASE(tap43b166d4-5a) 10.2.2.200 fa:16:3e:ba:0b:c4 unknown lease
Oct 17 16:38:09.324724 podb-esxi207 dnsmasq[2663251]: read /opt/stack/data/neutron/dhcp/e8bd3d20-a750-4df3-8a66-34cce8f65c20/addn_hosts - 2 names
Oct 17 16:38:09.324806 podb-esxi207 dnsmasq-dhcp[2663251]: read /opt/stack/data/neutron/dhcp/e8bd3d20-a750-4df3-8a66-34cce8f65c20/host
Oct 17 16:38:09.324882 podb-esxi207 dnsmasq-dhcp[2663251]: read /opt/stack/data/neutron/dhcp/e8bd3d20-a750-4df3-8a66-34cce8f65c20/opts
Oct 17 16:38:09.577528 podb-esxi207 dnsmasq-dhcp[2663143]: DHCPRELEASE(tap6035910f-9b) 10.1.1.60 fa:16:3e:73:3a:32
Oct 17 16:38:09.594862 podb-esxi207 dnsmasq-dhcp[2663143]: DHCPRELEASE(tap6035910f-9b) 10.1.1.60 fa:16:3e:73:3a:32 unknown lease
Oct 17 16:38:10.425735 podb-esxi207 dnsmasq[2663143]: read /opt/stack/data/neutron/dhcp/4c579001-0931-4523-8e83-389437ac566b/addn_hosts - 6 names
Oct 17 16:38:10.425881 podb-esxi207 dnsmasq-dhcp[2663143]: read /opt/stack/data/neutron/dhcp/4c579001-0931-4523-8e83-389437ac566b/host
Oct 17 16:38:10.425969 podb-esxi207 dnsmasq-dhcp[2663143]: read /opt/stack/data/neutron/dhcp/4c579001-0931-4523-8e83-389437ac566b/opts
Oct 17 16:38:11.201467 podb-esxi207 dnsmasq-dhcp[2663251]: DHCPRELEASE(tap43b166d4-5a) 10.2.2.100 fa:16:3e:b4:14:41
Oct 17 16:38:11.218893 podb-esxi207 dnsmasq-dhcp[2663251]: DHCPRELEASE(tap43b166d4-5a) 10.2.2.100 fa:16:3e:b4:14:41 unknown lease
Oct 17 16:38:12.041509 podb-esxi207 dnsmasq[2663251]: read /opt/stack/data/neutron/dhcp/e8bd3d20-a750-4df3-8a66-34cce8f65c20/addn_hosts - 0 names
Oct 17 16:38:12.041567 podb-esxi207 dnsmasq-dhcp[2663251]: read /opt/stack/data/neutron/dhcp/e8bd3d20-a750-4df3-8a66-34cce8f65c20/host
Oct 17 16:38:12.041624 podb-esxi207 dnsmasq-dhcp[2663251]: read /opt/stack/data/neutron/dhcp/e8bd3d20-a750-4df3-8a66-34cce8f65c20/opts
Oct 17 16:38:12.268867 podb-esxi207 dnsmasq-dhcp[2663143]: DHCPRELEASE(tap6035910f-9b) 10.1.1.127 fa:16:3e:a2:14:11
Oct 17 16:38:12.283574 podb-esxi207 dnsmasq-dhcp[2663143]: DHCPRELEASE(tap6035910f-9b) 10.1.1.127 fa:16:3e:a2:14:11 unknown lease
Oct 17 16:38:13.108377 podb-esxi207 dnsmasq[2663143]: read /opt/stack/data/neutron/dhcp/4c579001-0931-4523-8e83-389437ac566b/addn_hosts - 4 names
Oct 17 16:38:13.108485 podb-esxi207 dnsmasq-dhcp[2663143]: read /opt/stack/data/neutron/dhcp/4c579001-0931-4523-8e83-389437ac566b/host
Oct 17 16:38:13.108534 podb-esxi207 dnsmasq-dhcp[2663143]: read /opt/stack/data/neutron/dhcp/4c579001-0931-4523-8e83-389437ac566b/opts
Oct 17 16:38:19.339844 podb-esxi207 dnsmasq-dhcp[2663143]: DHCPRELEASE(tap6035910f-9b) 10.1.1.205 fa:16:3e:2c:c1:87
Oct 17 16:38:19.354786 podb-esxi207 dnsmasq-dhcp[2663143]: DHCPRELEASE(tap6035910f-9b) 10.1.1.205 fa:16:3e:2c:c1:87 unknown lease
Oct 17 16:38:20.176771 podb-esxi207 dnsmasq[2663143]: read /opt/stack/data/neutron/dhcp/4c579001-0931-4523-8e83-389437ac566b/addn_hosts - 2 names
Oct 17 16:38:20.176848 podb-esxi207 dnsmasq-dhcp[2663143]: read /opt/stack/data/neutron/dhcp/4c579001-0931-4523-8e83-389437ac566b/host
Oct 17 16:38:20.176914 podb-esxi207 dnsmasq-dhcp[2663143]: read /opt/stack/data/neutron/dhcp/4c579001-0931-4523-8e83-389437ac566b/opts
Oct 17 16:38:20.910800 podb-esxi207 dnsmasq[2663143]: exiting on receipt of SIGTERM
Oct 17 16:38:21.519035 podb-esxi207 dnsmasq[2663251]: exiting on receipt of SIGTERM
Oct 17 16:38:22.394612 podb-esxi207 dnsmasq-dhcp[2656286]: DHCPREQUEST(tape60befd3-9c) 10.1.0.12 fa:16:3e:4c:bc:99
Oct 17 16:38:22.394644 podb-esxi207 dnsmasq-dhcp[2656286]: DHCPACK(tape60befd3-9c) 10.1.0.12 fa:16:3e:4c:bc:99 host-10-1-0-12
Oct 17 16:38:30.113234 podb-esxi207 dnsmasq-dhcp[2663485]: DHCPDISCOVER(tapa9a48dfe-ed) fa:16:3e:87:c8:29
Oct 17 16:38:30.113264 podb-esxi207 dnsmasq-dhcp[2663485]: DHCPOFFER(tapa9a48dfe-ed) 10.1.0.12 fa:16:3e:87:c8:29
Oct 17 16:38:30.124465 podb-esxi207 dnsmasq-dhcp[2663485]: DHCPREQUEST(tapa9a48dfe-ed) 10.1.0.12 fa:16:3e:87:c8:29
Oct 17 16:38:30.124496 podb-esxi207 dnsmasq-dhcp[2663485]: DHCPACK(tapa9a48dfe-ed) 10.1.0.12 fa:16:3e:87:c8:29 host-10-1-0-12
Oct 17 16:38:34.677881 podb-esxi207 dnsmasq[2660708]: read /opt/stack/data/neutron/dhcp/86466b08-596a-4bfb-8abc-336351d05dab/addn_hosts - 0 names
Oct 17 16:38:34.678008 podb-esxi207 dnsmasq-dhcp[2660708]: read /opt/stack/data/neutron/dhcp/86466b08-596a-4bfb-8abc-336351d05dab/host
Oct 17 16:38:34.678105 podb-esxi207 dnsmasq-dhcp[2660708]: read /opt/stack/data/neutron/dhcp/86466b08-596a-4bfb-8abc-336351d05dab/opts
Oct 17 16:38:35.593670 podb-esxi207 dnsmasq[2660708]: exiting on receipt of SIGTERM
Oct 17 16:38:36.207510 podb-esxi207 dnsmasq-dhcp[2661216]: DHCPRELEASE(tapd60ca5b9-c9) 10.1.0.1 fa:16:3e:eb:db:b3
Oct 17 16:38:37.030029 podb-esxi207 dnsmasq[2661216]: read /opt/stack/data/neutron/dhcp/4b482e96-7fbd-425c-9c5f-780a67bd29ee/addn_hosts - 0 names
Oct 17 16:38:37.030107 podb-esxi207 dnsmasq-dhcp[2661216]: read /opt/stack/data/neutron/dhcp/4b482e96-7fbd-425c-9c5f-780a67bd29ee/host
Oct 17 16:38:37.030212 podb-esxi207 dnsmasq-dhcp[2661216]: read /opt/stack/data/neutron/dhcp/4b482e96-7fbd-425c-9c5f-780a67bd29ee/opts
Oct 17 16:38:37.797261 podb-esxi207 dnsmasq[2661216]: exiting on receipt of SIGTERM
Oct 17 16:38:42.243944 podb-esxi207 dnsmasq[2666487]: started, version 2.90 cachesize 150
Oct 17 16:38:42.243969 podb-esxi207 dnsmasq[2666487]: DNS service limited to local subnets
Oct 17 16:38:42.243983 podb-esxi207 dnsmasq[2666487]: compile time options: IPv6 GNU-getopt DBus no-UBus i18n IDN2 DHCP DHCPv6 no-Lua TFTP conntrack ipset no-nftset auth cryptohash DNSSEC loop-detect inotify dumpfile
Oct 17 16:38:42.244020 podb-esxi207 dnsmasq-dhcp[2666487]: DHCP, static leases only on 10.1.0.0, lease time 1d
Oct 17 16:38:42.244206 podb-esxi207 dnsmasq[2666487]: reading /etc/resolv.conf
Oct 17 16:38:42.244223 podb-esxi207 dnsmasq[2666487]: using nameserver 127.0.0.53#53
Oct 17 16:38:42.244317 podb-esxi207 dnsmasq[2666487]: read /opt/stack/data/neutron/dhcp/e2579b32-f682-4e09-aca6-9583067c1176/addn_hosts - 0 names
Oct 17 16:38:42.244371 podb-esxi207 dnsmasq-dhcp[2666487]: read /opt/stack/data/neutron/dhcp/e2579b32-f682-4e09-aca6-9583067c1176/host
Oct 17 16:38:42.244431 podb-esxi207 dnsmasq-dhcp[2666487]: read /opt/stack/data/neutron/dhcp/e2579b32-f682-4e09-aca6-9583067c1176/opts
Oct 17 16:38:43.790990 podb-esxi207 dnsmasq[2666487]: read /opt/stack/data/neutron/dhcp/e2579b32-f682-4e09-aca6-9583067c1176/addn_hosts - 2 names
Oct 17 16:38:43.791101 podb-esxi207 dnsmasq-dhcp[2666487]: read /opt/stack/data/neutron/dhcp/e2579b32-f682-4e09-aca6-9583067c1176/host
Oct 17 16:38:43.791218 podb-esxi207 dnsmasq-dhcp[2666487]: read /opt/stack/data/neutron/dhcp/e2579b32-f682-4e09-aca6-9583067c1176/opts
Oct 17 16:38:45.056404 podb-esxi207 dnsmasq[2666487]: read /opt/stack/data/neutron/dhcp/e2579b32-f682-4e09-aca6-9583067c1176/addn_hosts - 2 names
Oct 17 16:38:45.056532 podb-esxi207 dnsmasq-dhcp[2666487]: read /opt/stack/data/neutron/dhcp/e2579b32-f682-4e09-aca6-9583067c1176/host
Oct 17 16:38:45.056638 podb-esxi207 dnsmasq-dhcp[2666487]: read /opt/stack/data/neutron/dhcp/e2579b32-f682-4e09-aca6-9583067c1176/opts
Oct 17 16:38:46.337891 podb-esxi207 dnsmasq[2666487]: read /opt/stack/data/neutron/dhcp/e2579b32-f682-4e09-aca6-9583067c1176/addn_hosts - 2 names
Oct 17 16:38:46.337978 podb-esxi207 dnsmasq-dhcp[2666487]: read /opt/stack/data/neutron/dhcp/e2579b32-f682-4e09-aca6-9583067c1176/host
Oct 17 16:38:46.338066 podb-esxi207 dnsmasq-dhcp[2666487]: read /opt/stack/data/neutron/dhcp/e2579b32-f682-4e09-aca6-9583067c1176/opts
Oct 17 16:38:49.166323 podb-esxi207 dnsmasq[2666487]: read /opt/stack/data/neutron/dhcp/e2579b32-f682-4e09-aca6-9583067c1176/addn_hosts - 4 names
Oct 17 16:38:49.166466 podb-esxi207 dnsmasq-dhcp[2666487]: read /opt/stack/data/neutron/dhcp/e2579b32-f682-4e09-aca6-9583067c1176/host
Oct 17 16:38:49.166588 podb-esxi207 dnsmasq-dhcp[2666487]: read /opt/stack/data/neutron/dhcp/e2579b32-f682-4e09-aca6-9583067c1176/opts
Oct 17 16:38:51.867522 podb-esxi207 dnsmasq-dhcp[2658816]: DHCPRELEASE(tap1f93cc53-5c) 10.1.0.3 fa:16:3e:1f:d4:f9
Oct 17 16:38:51.883157 podb-esxi207 dnsmasq-dhcp[2658816]: DHCPRELEASE(tap1f93cc53-5c) 10.1.0.3 fa:16:3e:1f:d4:f9 unknown lease
Oct 17 16:38:52.710850 podb-esxi207 dnsmasq[2658816]: read /opt/stack/data/neutron/dhcp/038db473-5357-4b16-afeb-3c6cee70f6a6/addn_hosts - 6 names
Oct 17 16:38:52.711024 podb-esxi207 dnsmasq-dhcp[2658816]: read /opt/stack/data/neutron/dhcp/038db473-5357-4b16-afeb-3c6cee70f6a6/host
Oct 17 16:38:52.711165 podb-esxi207 dnsmasq-dhcp[2658816]: read /opt/stack/data/neutron/dhcp/038db473-5357-4b16-afeb-3c6cee70f6a6/opts
Oct 17 16:39:08.028188 podb-esxi207 dnsmasq-dhcp[2658816]: DHCPRELEASE(tap1f93cc53-5c) 10.1.0.8 fa:16:3e:4d:07:e3
Oct 17 16:39:08.043824 podb-esxi207 dnsmasq-dhcp[2658816]: DHCPRELEASE(tap1f93cc53-5c) 10.1.0.8 fa:16:3e:4d:07:e3 unknown lease
Oct 17 16:39:08.866671 podb-esxi207 dnsmasq[2658816]: read /opt/stack/data/neutron/dhcp/038db473-5357-4b16-afeb-3c6cee70f6a6/addn_hosts - 4 names
Oct 17 16:39:08.866750 podb-esxi207 dnsmasq-dhcp[2658816]: read /opt/stack/data/neutron/dhcp/038db473-5357-4b16-afeb-3c6cee70f6a6/host
Oct 17 16:39:08.866839 podb-esxi207 dnsmasq-dhcp[2658816]: read /opt/stack/data/neutron/dhcp/038db473-5357-4b16-afeb-3c6cee70f6a6/opts
Oct 17 16:39:14.567295 podb-esxi207 dnsmasq-dhcp[2666487]: DHCPDISCOVER(tap1ce63e65-59) fa:16:3e:b0:54:45
Oct 17 16:39:14.567323 podb-esxi207 dnsmasq-dhcp[2666487]: DHCPOFFER(tap1ce63e65-59) 10.1.0.12 fa:16:3e:b0:54:45
Oct 17 16:39:14.577261 podb-esxi207 dnsmasq-dhcp[2666487]: DHCPREQUEST(tap1ce63e65-59) 10.1.0.12 fa:16:3e:b0:54:45
Oct 17 16:39:14.577288 podb-esxi207 dnsmasq-dhcp[2666487]: DHCPACK(tap1ce63e65-59) 10.1.0.12 fa:16:3e:b0:54:45 host-10-1-0-12
Oct 17 16:39:15.190731 podb-esxi207 dnsmasq-dhcp[2658816]: DHCPRELEASE(tap1f93cc53-5c) 10.1.0.14 fa:16:3e:4f:80:b1
Oct 17 16:39:15.206288 podb-esxi207 dnsmasq-dhcp[2658816]: DHCPRELEASE(tap1f93cc53-5c) 10.1.0.14 fa:16:3e:4f:80:b1 unknown lease
Oct 17 16:39:16.031773 podb-esxi207 dnsmasq[2658816]: read /opt/stack/data/neutron/dhcp/038db473-5357-4b16-afeb-3c6cee70f6a6/addn_hosts - 2 names
Oct 17 16:39:16.031879 podb-esxi207 dnsmasq-dhcp[2658816]: read /opt/stack/data/neutron/dhcp/038db473-5357-4b16-afeb-3c6cee70f6a6/host
Oct 17 16:39:16.031991 podb-esxi207 dnsmasq-dhcp[2658816]: read /opt/stack/data/neutron/dhcp/038db473-5357-4b16-afeb-3c6cee70f6a6/opts
Oct 17 16:39:20.351782 podb-esxi207 dnsmasq[2658816]: read /opt/stack/data/neutron/dhcp/038db473-5357-4b16-afeb-3c6cee70f6a6/addn_hosts - 0 names
Oct 17 16:39:20.351826 podb-esxi207 dnsmasq-dhcp[2658816]: read /opt/stack/data/neutron/dhcp/038db473-5357-4b16-afeb-3c6cee70f6a6/host
Oct 17 16:39:20.351859 podb-esxi207 dnsmasq-dhcp[2658816]: read /opt/stack/data/neutron/dhcp/038db473-5357-4b16-afeb-3c6cee70f6a6/opts
Oct 17 16:39:21.321081 podb-esxi207 dnsmasq[2658816]: exiting on receipt of SIGTERM
Oct 17 16:39:25.624654 podb-esxi207 dnsmasq[2667673]: started, version 2.90 cachesize 150
Oct 17 16:39:25.624681 podb-esxi207 dnsmasq[2667673]: DNS service limited to local subnets
Oct 17 16:39:25.624696 podb-esxi207 dnsmasq[2667673]: compile time options: IPv6 GNU-getopt DBus no-UBus i18n IDN2 DHCP DHCPv6 no-Lua TFTP conntrack ipset no-nftset auth cryptohash DNSSEC loop-detect inotify dumpfile
Oct 17 16:39:25.624746 podb-esxi207 dnsmasq-dhcp[2667673]: DHCP, static leases only on 10.1.0.0, lease time 1d
Oct 17 16:39:25.624909 podb-esxi207 dnsmasq[2667673]: reading /etc/resolv.conf
Oct 17 16:39:25.624925 podb-esxi207 dnsmasq[2667673]: using nameserver 127.0.0.53#53
Oct 17 16:39:25.625029 podb-esxi207 dnsmasq[2667673]: read /opt/stack/data/neutron/dhcp/e6f61489-4e33-435a-a9c3-2085a71815d5/addn_hosts - 0 names
Oct 17 16:39:25.625106 podb-esxi207 dnsmasq-dhcp[2667673]: read /opt/stack/data/neutron/dhcp/e6f61489-4e33-435a-a9c3-2085a71815d5/host
Oct 17 16:39:25.625166 podb-esxi207 dnsmasq-dhcp[2667673]: read /opt/stack/data/neutron/dhcp/e6f61489-4e33-435a-a9c3-2085a71815d5/opts
Oct 17 16:39:27.173931 podb-esxi207 dnsmasq[2667673]: read /opt/stack/data/neutron/dhcp/e6f61489-4e33-435a-a9c3-2085a71815d5/addn_hosts - 2 names
Oct 17 16:39:27.174037 podb-esxi207 dnsmasq-dhcp[2667673]: read /opt/stack/data/neutron/dhcp/e6f61489-4e33-435a-a9c3-2085a71815d5/host
Oct 17 16:39:27.174153 podb-esxi207 dnsmasq-dhcp[2667673]: read /opt/stack/data/neutron/dhcp/e6f61489-4e33-435a-a9c3-2085a71815d5/opts
Oct 17 16:39:28.447175 podb-esxi207 dnsmasq[2667673]: read /opt/stack/data/neutron/dhcp/e6f61489-4e33-435a-a9c3-2085a71815d5/addn_hosts - 2 names
Oct 17 16:39:28.447284 podb-esxi207 dnsmasq-dhcp[2667673]: read /opt/stack/data/neutron/dhcp/e6f61489-4e33-435a-a9c3-2085a71815d5/host
Oct 17 16:39:28.447411 podb-esxi207 dnsmasq-dhcp[2667673]: read /opt/stack/data/neutron/dhcp/e6f61489-4e33-435a-a9c3-2085a71815d5/opts
Oct 17 16:39:29.704376 podb-esxi207 dnsmasq[2667673]: read /opt/stack/data/neutron/dhcp/e6f61489-4e33-435a-a9c3-2085a71815d5/addn_hosts - 2 names
Oct 17 16:39:29.704461 podb-esxi207 dnsmasq-dhcp[2667673]: read /opt/stack/data/neutron/dhcp/e6f61489-4e33-435a-a9c3-2085a71815d5/host
Oct 17 16:39:29.704531 podb-esxi207 dnsmasq-dhcp[2667673]: read /opt/stack/data/neutron/dhcp/e6f61489-4e33-435a-a9c3-2085a71815d5/opts
Oct 17 16:39:31.792416 podb-esxi207 dnsmasq[2667673]: read /opt/stack/data/neutron/dhcp/e6f61489-4e33-435a-a9c3-2085a71815d5/addn_hosts - 4 names
Oct 17 16:39:31.792527 podb-esxi207 dnsmasq-dhcp[2667673]: read /opt/stack/data/neutron/dhcp/e6f61489-4e33-435a-a9c3-2085a71815d5/host
Oct 17 16:39:31.792647 podb-esxi207 dnsmasq-dhcp[2667673]: read /opt/stack/data/neutron/dhcp/e6f61489-4e33-435a-a9c3-2085a71815d5/opts
Oct 17 16:39:46.142229 podb-esxi207 dnsmasq[2667673]: read /opt/stack/data/neutron/dhcp/e6f61489-4e33-435a-a9c3-2085a71815d5/addn_hosts - 6 names
Oct 17 16:39:46.142323 podb-esxi207 dnsmasq-dhcp[2667673]: read /opt/stack/data/neutron/dhcp/e6f61489-4e33-435a-a9c3-2085a71815d5/host
Oct 17 16:39:46.142409 podb-esxi207 dnsmasq-dhcp[2667673]: read /opt/stack/data/neutron/dhcp/e6f61489-4e33-435a-a9c3-2085a71815d5/opts
Oct 17 16:39:53.352863 podb-esxi207 dnsmasq-dhcp[2663485]: DHCPDISCOVER(tapa9a48dfe-ed) fa:16:3e:87:c8:29
Oct 17 16:39:53.352892 podb-esxi207 dnsmasq-dhcp[2663485]: DHCPOFFER(tapa9a48dfe-ed) 10.1.0.12 fa:16:3e:87:c8:29
Oct 17 16:39:53.372619 podb-esxi207 dnsmasq-dhcp[2663485]: DHCPREQUEST(tapa9a48dfe-ed) 10.1.0.12 fa:16:3e:87:c8:29
Oct 17 16:39:53.372650 podb-esxi207 dnsmasq-dhcp[2663485]: DHCPACK(tapa9a48dfe-ed) 10.1.0.12 fa:16:3e:87:c8:29 host-10-1-0-12
Oct 17 16:39:55.360365 podb-esxi207 dnsmasq-dhcp[2656286]: DHCPRELEASE(tape60befd3-9c) 10.1.0.12 fa:16:3e:4c:bc:99
Oct 17 16:39:55.378021 podb-esxi207 dnsmasq-dhcp[2656286]: DHCPRELEASE(tape60befd3-9c) 10.1.0.12 fa:16:3e:4c:bc:99 unknown lease
Oct 17 16:39:56.022539 podb-esxi207 dnsmasq-dhcp[2667673]: DHCPDISCOVER(tapd9259b84-b6) fa:16:3e:d3:39:81
Oct 17 16:39:56.022567 podb-esxi207 dnsmasq-dhcp[2667673]: DHCPOFFER(tapd9259b84-b6) 10.1.0.12 fa:16:3e:d3:39:81
Oct 17 16:39:56.036104 podb-esxi207 dnsmasq-dhcp[2667673]: DHCPREQUEST(tapd9259b84-b6) 10.1.0.12 fa:16:3e:d3:39:81
Oct 17 16:39:56.036155 podb-esxi207 dnsmasq-dhcp[2667673]: DHCPACK(tapd9259b84-b6) 10.1.0.12 fa:16:3e:d3:39:81 host-10-1-0-12
Oct 17 16:39:56.202058 podb-esxi207 dnsmasq[2656286]: read /opt/stack/data/neutron/dhcp/e86de77b-c921-49c7-8ba8-3579305d7c2d/addn_hosts - 10 names
Oct 17 16:39:56.202176 podb-esxi207 dnsmasq-dhcp[2656286]: read /opt/stack/data/neutron/dhcp/e86de77b-c921-49c7-8ba8-3579305d7c2d/host
Oct 17 16:39:56.202269 podb-esxi207 dnsmasq-dhcp[2656286]: read /opt/stack/data/neutron/dhcp/e86de77b-c921-49c7-8ba8-3579305d7c2d/opts
Oct 17 16:39:57.205139 podb-esxi207 dnsmasq[2667673]: read /opt/stack/data/neutron/dhcp/e6f61489-4e33-435a-a9c3-2085a71815d5/addn_hosts - 4 names
Oct 17 16:39:57.205285 podb-esxi207 dnsmasq-dhcp[2667673]: read /opt/stack/data/neutron/dhcp/e6f61489-4e33-435a-a9c3-2085a71815d5/host
Oct 17 16:39:57.205390 podb-esxi207 dnsmasq-dhcp[2667673]: read /opt/stack/data/neutron/dhcp/e6f61489-4e33-435a-a9c3-2085a71815d5/opts
Oct 17 16:40:02.354378 podb-esxi207 dnsmasq-dhcp[2656286]: DHCPRELEASE(tape60befd3-9c) 10.1.0.4 fa:16:3e:18:ed:2c
Oct 17 16:40:02.370614 podb-esxi207 dnsmasq-dhcp[2656286]: DHCPRELEASE(tape60befd3-9c) 10.1.0.4 fa:16:3e:18:ed:2c unknown lease
Oct 17 16:40:03.195816 podb-esxi207 dnsmasq[2656286]: read /opt/stack/data/neutron/dhcp/e86de77b-c921-49c7-8ba8-3579305d7c2d/addn_hosts - 8 names
Oct 17 16:40:03.195968 podb-esxi207 dnsmasq-dhcp[2656286]: read /opt/stack/data/neutron/dhcp/e86de77b-c921-49c7-8ba8-3579305d7c2d/host
Oct 17 16:40:03.196079 podb-esxi207 dnsmasq-dhcp[2656286]: read /opt/stack/data/neutron/dhcp/e86de77b-c921-49c7-8ba8-3579305d7c2d/opts
Oct 17 16:40:16.278027 podb-esxi207 dnsmasq-dhcp[2656286]: DHCPRELEASE(tape60befd3-9c) 10.1.0.8 fa:16:3e:42:6c:00
Oct 17 16:40:16.294216 podb-esxi207 dnsmasq-dhcp[2656286]: DHCPRELEASE(tape60befd3-9c) 10.1.0.8 fa:16:3e:42:6c:00 unknown lease
Oct 17 16:40:17.118891 podb-esxi207 dnsmasq[2656286]: read /opt/stack/data/neutron/dhcp/e86de77b-c921-49c7-8ba8-3579305d7c2d/addn_hosts - 6 names
Oct 17 16:40:17.119044 podb-esxi207 dnsmasq-dhcp[2656286]: read /opt/stack/data/neutron/dhcp/e86de77b-c921-49c7-8ba8-3579305d7c2d/host
Oct 17 16:40:17.119154 podb-esxi207 dnsmasq-dhcp[2656286]: read /opt/stack/data/neutron/dhcp/e86de77b-c921-49c7-8ba8-3579305d7c2d/opts
Oct 17 16:40:22.930628 podb-esxi207 dnsmasq-dhcp[2667673]: DHCPRELEASE(tapd9259b84-b6) 10.1.0.12 fa:16:3e:d3:39:81
Oct 17 16:40:22.947398 podb-esxi207 dnsmasq-dhcp[2667673]: DHCPRELEASE(tapd9259b84-b6) 10.1.0.12 fa:16:3e:d3:39:81 unknown lease
Oct 17 16:40:23.772205 podb-esxi207 dnsmasq[2667673]: read /opt/stack/data/neutron/dhcp/e6f61489-4e33-435a-a9c3-2085a71815d5/addn_hosts - 2 names
Oct 17 16:40:23.772358 podb-esxi207 dnsmasq-dhcp[2667673]: read /opt/stack/data/neutron/dhcp/e6f61489-4e33-435a-a9c3-2085a71815d5/host
Oct 17 16:40:23.772479 podb-esxi207 dnsmasq-dhcp[2667673]: read /opt/stack/data/neutron/dhcp/e6f61489-4e33-435a-a9c3-2085a71815d5/opts
Oct 17 16:40:24.014568 podb-esxi207 dnsmasq-dhcp[2656286]: DHCPRELEASE(tape60befd3-9c) 10.1.0.11 fa:16:3e:5d:21:72
Oct 17 16:40:24.031052 podb-esxi207 dnsmasq-dhcp[2656286]: DHCPRELEASE(tape60befd3-9c) 10.1.0.11 fa:16:3e:5d:21:72 unknown lease
Oct 17 16:40:24.855329 podb-esxi207 dnsmasq[2656286]: read /opt/stack/data/neutron/dhcp/e86de77b-c921-49c7-8ba8-3579305d7c2d/addn_hosts - 4 names
Oct 17 16:40:24.855452 podb-esxi207 dnsmasq-dhcp[2656286]: read /opt/stack/data/neutron/dhcp/e86de77b-c921-49c7-8ba8-3579305d7c2d/host
Oct 17 16:40:24.855574 podb-esxi207 dnsmasq-dhcp[2656286]: read /opt/stack/data/neutron/dhcp/e86de77b-c921-49c7-8ba8-3579305d7c2d/opts
Oct 17 16:40:28.143707 podb-esxi207 dnsmasq[2667673]: read /opt/stack/data/neutron/dhcp/e6f61489-4e33-435a-a9c3-2085a71815d5/addn_hosts - 0 names
Oct 17 16:40:28.143805 podb-esxi207 dnsmasq-dhcp[2667673]: read /opt/stack/data/neutron/dhcp/e6f61489-4e33-435a-a9c3-2085a71815d5/host
Oct 17 16:40:28.143899 podb-esxi207 dnsmasq-dhcp[2667673]: read /opt/stack/data/neutron/dhcp/e6f61489-4e33-435a-a9c3-2085a71815d5/opts
Oct 17 16:40:29.228324 podb-esxi207 dnsmasq[2667673]: exiting on receipt of SIGTERM
Oct 17 16:40:32.602666 podb-esxi207 dnsmasq-dhcp[2656286]: DHCPRELEASE(tape60befd3-9c) 10.1.0.7 fa:16:3e:f6:53:fe
Oct 17 16:40:32.618264 podb-esxi207 dnsmasq-dhcp[2656286]: DHCPRELEASE(tape60befd3-9c) 10.1.0.7 fa:16:3e:f6:53:fe unknown lease
Oct 17 16:40:33.442391 podb-esxi207 dnsmasq[2656286]: read /opt/stack/data/neutron/dhcp/e86de77b-c921-49c7-8ba8-3579305d7c2d/addn_hosts - 2 names
Oct 17 16:40:33.442498 podb-esxi207 dnsmasq-dhcp[2656286]: read /opt/stack/data/neutron/dhcp/e86de77b-c921-49c7-8ba8-3579305d7c2d/host
Oct 17 16:40:33.442605 podb-esxi207 dnsmasq-dhcp[2656286]: read /opt/stack/data/neutron/dhcp/e86de77b-c921-49c7-8ba8-3579305d7c2d/opts
Oct 17 16:40:44.344863 podb-esxi207 dnsmasq-dhcp[2656286]: DHCPRELEASE(tape60befd3-9c) 10.1.0.1 fa:16:3e:34:12:61
Oct 17 16:40:45.169872 podb-esxi207 dnsmasq[2656286]: read /opt/stack/data/neutron/dhcp/e86de77b-c921-49c7-8ba8-3579305d7c2d/addn_hosts - 0 names
Oct 17 16:40:45.169961 podb-esxi207 dnsmasq-dhcp[2656286]: read /opt/stack/data/neutron/dhcp/e86de77b-c921-49c7-8ba8-3579305d7c2d/host
Oct 17 16:40:45.170052 podb-esxi207 dnsmasq-dhcp[2656286]: read /opt/stack/data/neutron/dhcp/e86de77b-c921-49c7-8ba8-3579305d7c2d/opts
Oct 17 16:40:45.932860 podb-esxi207 dnsmasq[2656286]: exiting on receipt of SIGTERM
Oct 17 16:40:49.677674 podb-esxi207 dnsmasq[2669769]: started, version 2.90 cachesize 150
Oct 17 16:40:49.677703 podb-esxi207 dnsmasq[2669769]: DNS service limited to local subnets
Oct 17 16:40:49.677718 podb-esxi207 dnsmasq[2669769]: compile time options: IPv6 GNU-getopt DBus no-UBus i18n IDN2 DHCP DHCPv6 no-Lua TFTP conntrack ipset no-nftset auth cryptohash DNSSEC loop-detect inotify dumpfile
Oct 17 16:40:49.677755 podb-esxi207 dnsmasq-dhcp[2669769]: DHCP, static leases only on 10.1.0.0, lease time 1d
Oct 17 16:40:49.677917 podb-esxi207 dnsmasq[2669769]: reading /etc/resolv.conf
Oct 17 16:40:49.677934 podb-esxi207 dnsmasq[2669769]: using nameserver 127.0.0.53#53
Oct 17 16:40:49.678023 podb-esxi207 dnsmasq[2669769]: read /opt/stack/data/neutron/dhcp/102ec25f-13cd-4f6f-91da-565a5c08d6fa/addn_hosts - 0 names
Oct 17 16:40:49.678078 podb-esxi207 dnsmasq-dhcp[2669769]: read /opt/stack/data/neutron/dhcp/102ec25f-13cd-4f6f-91da-565a5c08d6fa/host
Oct 17 16:40:49.678148 podb-esxi207 dnsmasq-dhcp[2669769]: read /opt/stack/data/neutron/dhcp/102ec25f-13cd-4f6f-91da-565a5c08d6fa/opts
Oct 17 16:40:51.222471 podb-esxi207 dnsmasq[2669769]: read /opt/stack/data/neutron/dhcp/102ec25f-13cd-4f6f-91da-565a5c08d6fa/addn_hosts - 2 names
Oct 17 16:40:51.222650 podb-esxi207 dnsmasq-dhcp[2669769]: read /opt/stack/data/neutron/dhcp/102ec25f-13cd-4f6f-91da-565a5c08d6fa/host
Oct 17 16:40:51.222784 podb-esxi207 dnsmasq-dhcp[2669769]: read /opt/stack/data/neutron/dhcp/102ec25f-13cd-4f6f-91da-565a5c08d6fa/opts
Oct 17 16:40:52.483967 podb-esxi207 dnsmasq[2669769]: read /opt/stack/data/neutron/dhcp/102ec25f-13cd-4f6f-91da-565a5c08d6fa/addn_hosts - 2 names
Oct 17 16:40:52.484169 podb-esxi207 dnsmasq-dhcp[2669769]: read /opt/stack/data/neutron/dhcp/102ec25f-13cd-4f6f-91da-565a5c08d6fa/host
Oct 17 16:40:52.484305 podb-esxi207 dnsmasq-dhcp[2669769]: read /opt/stack/data/neutron/dhcp/102ec25f-13cd-4f6f-91da-565a5c08d6fa/opts
Oct 17 16:40:53.746411 podb-esxi207 dnsmasq[2669769]: read /opt/stack/data/neutron/dhcp/102ec25f-13cd-4f6f-91da-565a5c08d6fa/addn_hosts - 2 names
Oct 17 16:40:53.746582 podb-esxi207 dnsmasq-dhcp[2669769]: read /opt/stack/data/neutron/dhcp/102ec25f-13cd-4f6f-91da-565a5c08d6fa/host
Oct 17 16:40:53.746705 podb-esxi207 dnsmasq-dhcp[2669769]: read /opt/stack/data/neutron/dhcp/102ec25f-13cd-4f6f-91da-565a5c08d6fa/opts
Oct 17 16:40:58.101370 podb-esxi207 dnsmasq-dhcp[2663485]: DHCPRELEASE(tapa9a48dfe-ed) 10.1.0.12 fa:16:3e:87:c8:29
Oct 17 16:40:58.118322 podb-esxi207 dnsmasq-dhcp[2663485]: DHCPRELEASE(tapa9a48dfe-ed) 10.1.0.12 fa:16:3e:87:c8:29 unknown lease
Oct 17 16:40:58.943308 podb-esxi207 dnsmasq[2663485]: read /opt/stack/data/neutron/dhcp/f5a26a6e-8cef-4ee3-8d20-aa78be3b9a45/addn_hosts - 4 names
Oct 17 16:40:58.943437 podb-esxi207 dnsmasq-dhcp[2663485]: read /opt/stack/data/neutron/dhcp/f5a26a6e-8cef-4ee3-8d20-aa78be3b9a45/host
Oct 17 16:40:58.943548 podb-esxi207 dnsmasq-dhcp[2663485]: read /opt/stack/data/neutron/dhcp/f5a26a6e-8cef-4ee3-8d20-aa78be3b9a45/opts
Oct 17 16:40:59.709850 podb-esxi207 dnsmasq[2669769]: read /opt/stack/data/neutron/dhcp/102ec25f-13cd-4f6f-91da-565a5c08d6fa/addn_hosts - 4 names
Oct 17 16:40:59.710008 podb-esxi207 dnsmasq-dhcp[2669769]: read /opt/stack/data/neutron/dhcp/102ec25f-13cd-4f6f-91da-565a5c08d6fa/host
Oct 17 16:40:59.710121 podb-esxi207 dnsmasq-dhcp[2669769]: read /opt/stack/data/neutron/dhcp/102ec25f-13cd-4f6f-91da-565a5c08d6fa/opts
Oct 17 16:41:12.077143 podb-esxi207 dnsmasq-dhcp[2666487]: DHCPRELEASE(tap1ce63e65-59) 10.1.0.12 fa:16:3e:b0:54:45
Oct 17 16:41:12.092100 podb-esxi207 dnsmasq-dhcp[2666487]: DHCPRELEASE(tap1ce63e65-59) 10.1.0.12 fa:16:3e:b0:54:45 unknown lease
Oct 17 16:41:12.917859 podb-esxi207 dnsmasq[2666487]: read /opt/stack/data/neutron/dhcp/e2579b32-f682-4e09-aca6-9583067c1176/addn_hosts - 2 names
Oct 17 16:41:12.917961 podb-esxi207 dnsmasq-dhcp[2666487]: read /opt/stack/data/neutron/dhcp/e2579b32-f682-4e09-aca6-9583067c1176/host
Oct 17 16:41:12.918072 podb-esxi207 dnsmasq-dhcp[2666487]: read /opt/stack/data/neutron/dhcp/e2579b32-f682-4e09-aca6-9583067c1176/opts
Oct 17 16:41:22.055531 podb-esxi207 dnsmasq-dhcp[2669769]: DHCPDISCOVER(tap4e53f00f-8a) fa:16:3e:4d:94:12
Oct 17 16:41:22.055559 podb-esxi207 dnsmasq-dhcp[2669769]: DHCPOFFER(tap4e53f00f-8a) 10.1.0.11 fa:16:3e:4d:94:12
Oct 17 16:41:22.066943 podb-esxi207 dnsmasq-dhcp[2669769]: DHCPREQUEST(tap4e53f00f-8a) 10.1.0.11 fa:16:3e:4d:94:12
Oct 17 16:41:22.066978 podb-esxi207 dnsmasq-dhcp[2669769]: DHCPACK(tap4e53f00f-8a) 10.1.0.11 fa:16:3e:4d:94:12 host-10-1-0-11
Oct 17 16:41:28.763457 podb-esxi207 dnsmasq[2666487]: read /opt/stack/data/neutron/dhcp/e2579b32-f682-4e09-aca6-9583067c1176/addn_hosts - 0 names
Oct 17 16:41:28.763531 podb-esxi207 dnsmasq-dhcp[2666487]: read /opt/stack/data/neutron/dhcp/e2579b32-f682-4e09-aca6-9583067c1176/host
Oct 17 16:41:28.763617 podb-esxi207 dnsmasq-dhcp[2666487]: read /opt/stack/data/neutron/dhcp/e2579b32-f682-4e09-aca6-9583067c1176/opts
Oct 17 16:41:29.687349 podb-esxi207 dnsmasq[2666487]: exiting on receipt of SIGTERM
Oct 17 16:41:39.619528 podb-esxi207 dnsmasq[2663485]: read /opt/stack/data/neutron/dhcp/f5a26a6e-8cef-4ee3-8d20-aa78be3b9a45/addn_hosts - 6 names
Oct 17 16:41:39.619628 podb-esxi207 dnsmasq-dhcp[2663485]: read /opt/stack/data/neutron/dhcp/f5a26a6e-8cef-4ee3-8d20-aa78be3b9a45/host
Oct 17 16:41:39.619707 podb-esxi207 dnsmasq-dhcp[2663485]: read /opt/stack/data/neutron/dhcp/f5a26a6e-8cef-4ee3-8d20-aa78be3b9a45/opts
Oct 17 16:42:21.789995 podb-esxi207 dnsmasq[2671456]: started, version 2.90 cachesize 150
Oct 17 16:42:21.790026 podb-esxi207 dnsmasq[2671456]: DNS service limited to local subnets
Oct 17 16:42:21.790041 podb-esxi207 dnsmasq[2671456]: compile time options: IPv6 GNU-getopt DBus no-UBus i18n IDN2 DHCP DHCPv6 no-Lua TFTP conntrack ipset no-nftset auth cryptohash DNSSEC loop-detect inotify dumpfile
Oct 17 16:42:21.790091 podb-esxi207 dnsmasq-dhcp[2671456]: DHCP, static leases only on 10.1.0.0, lease time 1d
Oct 17 16:42:21.790256 podb-esxi207 dnsmasq[2671456]: reading /etc/resolv.conf
Oct 17 16:42:21.790273 podb-esxi207 dnsmasq[2671456]: using nameserver 127.0.0.53#53
Oct 17 16:42:21.790368 podb-esxi207 dnsmasq[2671456]: read /opt/stack/data/neutron/dhcp/25466f5d-568c-4291-ba97-fc85e8078827/addn_hosts - 0 names
Oct 17 16:42:21.790419 podb-esxi207 dnsmasq-dhcp[2671456]: read /opt/stack/data/neutron/dhcp/25466f5d-568c-4291-ba97-fc85e8078827/host
Oct 17 16:42:21.790488 podb-esxi207 dnsmasq-dhcp[2671456]: read /opt/stack/data/neutron/dhcp/25466f5d-568c-4291-ba97-fc85e8078827/opts
Oct 17 16:42:25.465315 podb-esxi207 dnsmasq[2671721]: started, version 2.90 cachesize 150
Oct 17 16:42:25.465345 podb-esxi207 dnsmasq[2671721]: DNS service limited to local subnets
Oct 17 16:42:25.465362 podb-esxi207 dnsmasq[2671721]: compile time options: IPv6 GNU-getopt DBus no-UBus i18n IDN2 DHCP DHCPv6 no-Lua TFTP conntrack ipset no-nftset auth cryptohash DNSSEC loop-detect inotify dumpfile
Oct 17 16:42:25.465398 podb-esxi207 dnsmasq-dhcp[2671721]: DHCP, static leases only on 10.1.0.0, lease time 1d
Oct 17 16:42:25.465559 podb-esxi207 dnsmasq[2671721]: reading /etc/resolv.conf
Oct 17 16:42:25.465576 podb-esxi207 dnsmasq[2671721]: using nameserver 127.0.0.53#53
Oct 17 16:42:25.465657 podb-esxi207 dnsmasq[2671721]: read /opt/stack/data/neutron/dhcp/a1cae822-ecac-4040-9559-f99915d64535/addn_hosts - 0 names
Oct 17 16:42:25.465708 podb-esxi207 dnsmasq-dhcp[2671721]: read /opt/stack/data/neutron/dhcp/a1cae822-ecac-4040-9559-f99915d64535/host
Oct 17 16:42:25.465774 podb-esxi207 dnsmasq-dhcp[2671721]: read /opt/stack/data/neutron/dhcp/a1cae822-ecac-4040-9559-f99915d64535/opts
Oct 17 16:42:26.504111 podb-esxi207 dnsmasq[2671456]: read /opt/stack/data/neutron/dhcp/25466f5d-568c-4291-ba97-fc85e8078827/addn_hosts - 2 names
Oct 17 16:42:26.504218 podb-esxi207 dnsmasq-dhcp[2671456]: read /opt/stack/data/neutron/dhcp/25466f5d-568c-4291-ba97-fc85e8078827/host
Oct 17 16:42:26.504304 podb-esxi207 dnsmasq-dhcp[2671456]: read /opt/stack/data/neutron/dhcp/25466f5d-568c-4291-ba97-fc85e8078827/opts
Oct 17 16:42:28.263206 podb-esxi207 dnsmasq[2671721]: read /opt/stack/data/neutron/dhcp/a1cae822-ecac-4040-9559-f99915d64535/addn_hosts - 2 names
Oct 17 16:42:28.263334 podb-esxi207 dnsmasq-dhcp[2671721]: read /opt/stack/data/neutron/dhcp/a1cae822-ecac-4040-9559-f99915d64535/host
Oct 17 16:42:28.263439 podb-esxi207 dnsmasq-dhcp[2671721]: read /opt/stack/data/neutron/dhcp/a1cae822-ecac-4040-9559-f99915d64535/opts
Oct 17 16:42:29.024020 podb-esxi207 dnsmasq[2671456]: read /opt/stack/data/neutron/dhcp/25466f5d-568c-4291-ba97-fc85e8078827/addn_hosts - 2 names
Oct 17 16:42:29.024121 podb-esxi207 dnsmasq-dhcp[2671456]: read /opt/stack/data/neutron/dhcp/25466f5d-568c-4291-ba97-fc85e8078827/host
Oct 17 16:42:29.024243 podb-esxi207 dnsmasq-dhcp[2671456]: read /opt/stack/data/neutron/dhcp/25466f5d-568c-4291-ba97-fc85e8078827/opts
Oct 17 16:42:30.266414 podb-esxi207 dnsmasq[2671721]: read /opt/stack/data/neutron/dhcp/a1cae822-ecac-4040-9559-f99915d64535/addn_hosts - 2 names
Oct 17 16:42:30.266495 podb-esxi207 dnsmasq-dhcp[2671721]: read /opt/stack/data/neutron/dhcp/a1cae822-ecac-4040-9559-f99915d64535/host
Oct 17 16:42:30.266592 podb-esxi207 dnsmasq-dhcp[2671721]: read /opt/stack/data/neutron/dhcp/a1cae822-ecac-4040-9559-f99915d64535/opts
