Oct 17 16:42:31.007912 podb-esxi207 dnsmasq[2671456]: read /opt/stack/data/neutron/dhcp/25466f5d-568c-4291-ba97-fc85e8078827/addn_hosts - 2 names
Oct 17 16:42:31.007992 podb-esxi207 dnsmasq-dhcp[2671456]: read /opt/stack/data/neutron/dhcp/25466f5d-568c-4291-ba97-fc85e8078827/host
Oct 17 16:42:31.008094 podb-esxi207 dnsmasq-dhcp[2671456]: read /opt/stack/data/neutron/dhcp/25466f5d-568c-4291-ba97-fc85e8078827/opts
Oct 17 16:42:32.250496 podb-esxi207 dnsmasq[2671721]: read /opt/stack/data/neutron/dhcp/a1cae822-ecac-4040-9559-f99915d64535/addn_hosts - 2 names
Oct 17 16:42:32.250568 podb-esxi207 dnsmasq-dhcp[2671721]: read /opt/stack/data/neutron/dhcp/a1cae822-ecac-4040-9559-f99915d64535/host
Oct 17 16:42:32.250654 podb-esxi207 dnsmasq-dhcp[2671721]: read /opt/stack/data/neutron/dhcp/a1cae822-ecac-4040-9559-f99915d64535/opts
Oct 17 16:42:32.989808 podb-esxi207 dnsmasq[2671456]: read /opt/stack/data/neutron/dhcp/25466f5d-568c-4291-ba97-fc85e8078827/addn_hosts - 4 names
Oct 17 16:42:32.990192 podb-esxi207 dnsmasq-dhcp[2671456]: read /opt/stack/data/neutron/dhcp/25466f5d-568c-4291-ba97-fc85e8078827/host
Oct 17 16:42:32.990264 podb-esxi207 dnsmasq-dhcp[2671456]: read /opt/stack/data/neutron/dhcp/25466f5d-568c-4291-ba97-fc85e8078827/opts
Oct 17 16:42:36.981800 podb-esxi207 dnsmasq-dhcp[2663485]: DHCPDISCOVER(tapa9a48dfe-ed) fa:16:3e:97:0c:d9
Oct 17 16:42:36.981829 podb-esxi207 dnsmasq-dhcp[2663485]: DHCPOFFER(tapa9a48dfe-ed) 10.1.0.6 fa:16:3e:97:0c:d9
Oct 17 16:42:36.993018 podb-esxi207 dnsmasq-dhcp[2663485]: DHCPREQUEST(tapa9a48dfe-ed) 10.1.0.6 fa:16:3e:97:0c:d9
Oct 17 16:42:36.993051 podb-esxi207 dnsmasq-dhcp[2663485]: DHCPACK(tapa9a48dfe-ed) 10.1.0.6 fa:16:3e:97:0c:d9 host-10-1-0-6
Oct 17 16:42:52.637941 podb-esxi207 dnsmasq-dhcp[2671456]: DHCPDISCOVER(tap8964a994-3c) fa:16:3e:26:5a:0a
Oct 17 16:42:52.637968 podb-esxi207 dnsmasq-dhcp[2671456]: DHCPOFFER(tap8964a994-3c) 10.1.0.14 fa:16:3e:26:5a:0a
Oct 17 16:42:52.647115 podb-esxi207 dnsmasq-dhcp[2671456]: DHCPREQUEST(tap8964a994-3c) 10.1.0.14 fa:16:3e:26:5a:0a
Oct 17 16:42:52.647142 podb-esxi207 dnsmasq-dhcp[2671456]: DHCPACK(tap8964a994-3c) 10.1.0.14 fa:16:3e:26:5a:0a host-10-1-0-14
Oct 17 16:42:53.053671 podb-esxi207 dnsmasq-dhcp[2669769]: DHCPREQUEST(tap4e53f00f-8a) 10.1.0.11 fa:16:3e:4d:94:12
Oct 17 16:42:53.053700 podb-esxi207 dnsmasq-dhcp[2669769]: DHCPACK(tap4e53f00f-8a) 10.1.0.11 fa:16:3e:4d:94:12 host-10-1-0-11
Oct 17 16:42:59.895771 podb-esxi207 dnsmasq-dhcp[2671456]: DHCPRELEASE(tap8964a994-3c) 10.1.0.14 fa:16:3e:26:5a:0a
Oct 17 16:42:59.913141 podb-esxi207 dnsmasq-dhcp[2671456]: DHCPRELEASE(tap8964a994-3c) 10.1.0.14 fa:16:3e:26:5a:0a unknown lease
Oct 17 16:43:00.737553 podb-esxi207 dnsmasq[2671456]: read /opt/stack/data/neutron/dhcp/25466f5d-568c-4291-ba97-fc85e8078827/addn_hosts - 2 names
Oct 17 16:43:00.737654 podb-esxi207 dnsmasq-dhcp[2671456]: read /opt/stack/data/neutron/dhcp/25466f5d-568c-4291-ba97-fc85e8078827/host
Oct 17 16:43:00.737782 podb-esxi207 dnsmasq-dhcp[2671456]: read /opt/stack/data/neutron/dhcp/25466f5d-568c-4291-ba97-fc85e8078827/opts
Oct 17 16:43:18.543478 podb-esxi207 dnsmasq-dhcp[2663485]: DHCPRELEASE(tapa9a48dfe-ed) 10.1.0.6 fa:16:3e:97:0c:d9
Oct 17 16:43:18.560349 podb-esxi207 dnsmasq-dhcp[2663485]: DHCPRELEASE(tapa9a48dfe-ed) 10.1.0.6 fa:16:3e:97:0c:d9 unknown lease
Oct 17 16:43:19.385918 podb-esxi207 dnsmasq[2663485]: read /opt/stack/data/neutron/dhcp/f5a26a6e-8cef-4ee3-8d20-aa78be3b9a45/addn_hosts - 4 names
Oct 17 16:43:19.386046 podb-esxi207 dnsmasq-dhcp[2663485]: read /opt/stack/data/neutron/dhcp/f5a26a6e-8cef-4ee3-8d20-aa78be3b9a45/host
Oct 17 16:43:19.386138 podb-esxi207 dnsmasq-dhcp[2663485]: read /opt/stack/data/neutron/dhcp/f5a26a6e-8cef-4ee3-8d20-aa78be3b9a45/opts
Oct 17 16:43:36.519817 podb-esxi207 dnsmasq-dhcp[2663485]: DHCPRELEASE(tapa9a48dfe-ed) 10.1.0.10 fa:16:3e:0f:4b:11
Oct 17 16:43:36.539481 podb-esxi207 dnsmasq-dhcp[2663485]: DHCPRELEASE(tapa9a48dfe-ed) 10.1.0.10 fa:16:3e:0f:4b:11 unknown lease
Oct 17 16:43:37.364387 podb-esxi207 dnsmasq[2663485]: read /opt/stack/data/neutron/dhcp/f5a26a6e-8cef-4ee3-8d20-aa78be3b9a45/addn_hosts - 2 names
Oct 17 16:43:37.364472 podb-esxi207 dnsmasq-dhcp[2663485]: read /opt/stack/data/neutron/dhcp/f5a26a6e-8cef-4ee3-8d20-aa78be3b9a45/host
Oct 17 16:43:37.364553 podb-esxi207 dnsmasq-dhcp[2663485]: read /opt/stack/data/neutron/dhcp/f5a26a6e-8cef-4ee3-8d20-aa78be3b9a45/opts
Oct 17 16:43:41.951641 podb-esxi207 dnsmasq-dhcp[2663485]: DHCPRELEASE(tapa9a48dfe-ed) 10.1.0.1 fa:16:3e:de:2f:5b
Oct 17 16:43:42.774555 podb-esxi207 dnsmasq[2663485]: read /opt/stack/data/neutron/dhcp/f5a26a6e-8cef-4ee3-8d20-aa78be3b9a45/addn_hosts - 0 names
Oct 17 16:43:42.774628 podb-esxi207 dnsmasq-dhcp[2663485]: read /opt/stack/data/neutron/dhcp/f5a26a6e-8cef-4ee3-8d20-aa78be3b9a45/host
Oct 17 16:43:42.774680 podb-esxi207 dnsmasq-dhcp[2663485]: read /opt/stack/data/neutron/dhcp/f5a26a6e-8cef-4ee3-8d20-aa78be3b9a45/opts
Oct 17 16:43:43.529518 podb-esxi207 dnsmasq[2663485]: exiting on receipt of SIGTERM
Oct 17 16:43:47.532574 podb-esxi207 dnsmasq[2672895]: started, version 2.90 cachesize 150
Oct 17 16:43:47.532604 podb-esxi207 dnsmasq[2672895]: DNS service limited to local subnets
Oct 17 16:43:47.532620 podb-esxi207 dnsmasq[2672895]: compile time options: IPv6 GNU-getopt DBus no-UBus i18n IDN2 DHCP DHCPv6 no-Lua TFTP conntrack ipset no-nftset auth cryptohash DNSSEC loop-detect inotify dumpfile
Oct 17 16:43:47.532655 podb-esxi207 dnsmasq-dhcp[2672895]: DHCP, static leases only on 10.1.0.0, lease time 1d
Oct 17 16:43:47.532809 podb-esxi207 dnsmasq[2672895]: reading /etc/resolv.conf
Oct 17 16:43:47.532827 podb-esxi207 dnsmasq[2672895]: using nameserver 127.0.0.53#53
Oct 17 16:43:47.532916 podb-esxi207 dnsmasq[2672895]: read /opt/stack/data/neutron/dhcp/32ea4ed3-d96a-4c17-9ebf-773ad9a07daf/addn_hosts - 0 names
Oct 17 16:43:47.532968 podb-esxi207 dnsmasq-dhcp[2672895]: read /opt/stack/data/neutron/dhcp/32ea4ed3-d96a-4c17-9ebf-773ad9a07daf/host
Oct 17 16:43:47.533028 podb-esxi207 dnsmasq-dhcp[2672895]: read /opt/stack/data/neutron/dhcp/32ea4ed3-d96a-4c17-9ebf-773ad9a07daf/opts
Oct 17 16:43:49.075293 podb-esxi207 dnsmasq[2672895]: read /opt/stack/data/neutron/dhcp/32ea4ed3-d96a-4c17-9ebf-773ad9a07daf/addn_hosts - 2 names
Oct 17 16:43:49.075409 podb-esxi207 dnsmasq-dhcp[2672895]: read /opt/stack/data/neutron/dhcp/32ea4ed3-d96a-4c17-9ebf-773ad9a07daf/host
Oct 17 16:43:49.075483 podb-esxi207 dnsmasq-dhcp[2672895]: read /opt/stack/data/neutron/dhcp/32ea4ed3-d96a-4c17-9ebf-773ad9a07daf/opts
Oct 17 16:43:50.345941 podb-esxi207 dnsmasq[2672895]: read /opt/stack/data/neutron/dhcp/32ea4ed3-d96a-4c17-9ebf-773ad9a07daf/addn_hosts - 2 names
Oct 17 16:43:50.346046 podb-esxi207 dnsmasq-dhcp[2672895]: read /opt/stack/data/neutron/dhcp/32ea4ed3-d96a-4c17-9ebf-773ad9a07daf/host
Oct 17 16:43:50.346118 podb-esxi207 dnsmasq-dhcp[2672895]: read /opt/stack/data/neutron/dhcp/32ea4ed3-d96a-4c17-9ebf-773ad9a07daf/opts
Oct 17 16:43:51.611129 podb-esxi207 dnsmasq[2672895]: read /opt/stack/data/neutron/dhcp/32ea4ed3-d96a-4c17-9ebf-773ad9a07daf/addn_hosts - 2 names
Oct 17 16:43:51.611219 podb-esxi207 dnsmasq-dhcp[2672895]: read /opt/stack/data/neutron/dhcp/32ea4ed3-d96a-4c17-9ebf-773ad9a07daf/host
Oct 17 16:43:51.611310 podb-esxi207 dnsmasq-dhcp[2672895]: read /opt/stack/data/neutron/dhcp/32ea4ed3-d96a-4c17-9ebf-773ad9a07daf/opts
Oct 17 16:43:53.111488 podb-esxi207 dnsmasq[2672895]: read /opt/stack/data/neutron/dhcp/32ea4ed3-d96a-4c17-9ebf-773ad9a07daf/addn_hosts - 4 names
Oct 17 16:43:53.111597 podb-esxi207 dnsmasq-dhcp[2672895]: read /opt/stack/data/neutron/dhcp/32ea4ed3-d96a-4c17-9ebf-773ad9a07daf/host
Oct 17 16:43:53.111696 podb-esxi207 dnsmasq-dhcp[2672895]: read /opt/stack/data/neutron/dhcp/32ea4ed3-d96a-4c17-9ebf-773ad9a07daf/opts
Oct 17 16:43:56.378564 podb-esxi207 dnsmasq[2671456]: read /opt/stack/data/neutron/dhcp/25466f5d-568c-4291-ba97-fc85e8078827/addn_hosts - 0 names
Oct 17 16:43:56.378639 podb-esxi207 dnsmasq-dhcp[2671456]: read /opt/stack/data/neutron/dhcp/25466f5d-568c-4291-ba97-fc85e8078827/host
Oct 17 16:43:56.378693 podb-esxi207 dnsmasq-dhcp[2671456]: read /opt/stack/data/neutron/dhcp/25466f5d-568c-4291-ba97-fc85e8078827/opts
Oct 17 16:43:56.752095 podb-esxi207 dnsmasq-dhcp[2669769]: DHCPRELEASE(tap4e53f00f-8a) 10.1.0.11 fa:16:3e:4d:94:12
Oct 17 16:43:56.768321 podb-esxi207 dnsmasq-dhcp[2669769]: DHCPRELEASE(tap4e53f00f-8a) 10.1.0.11 fa:16:3e:4d:94:12 unknown lease
Oct 17 16:43:57.593128 podb-esxi207 dnsmasq[2669769]: read /opt/stack/data/neutron/dhcp/102ec25f-13cd-4f6f-91da-565a5c08d6fa/addn_hosts - 2 names
Oct 17 16:43:57.593254 podb-esxi207 dnsmasq-dhcp[2669769]: read /opt/stack/data/neutron/dhcp/102ec25f-13cd-4f6f-91da-565a5c08d6fa/host
Oct 17 16:43:57.593346 podb-esxi207 dnsmasq-dhcp[2669769]: read /opt/stack/data/neutron/dhcp/102ec25f-13cd-4f6f-91da-565a5c08d6fa/opts
Oct 17 16:43:58.851142 podb-esxi207 dnsmasq[2671721]: read /opt/stack/data/neutron/dhcp/a1cae822-ecac-4040-9559-f99915d64535/addn_hosts - 0 names
Oct 17 16:43:58.851241 podb-esxi207 dnsmasq-dhcp[2671721]: read /opt/stack/data/neutron/dhcp/a1cae822-ecac-4040-9559-f99915d64535/host
Oct 17 16:43:58.851342 podb-esxi207 dnsmasq-dhcp[2671721]: read /opt/stack/data/neutron/dhcp/a1cae822-ecac-4040-9559-f99915d64535/opts
Oct 17 16:43:59.121649 podb-esxi207 dnsmasq[2671456]: exiting on receipt of SIGTERM
Oct 17 16:44:00.243493 podb-esxi207 dnsmasq[2671721]: exiting on receipt of SIGTERM
Oct 17 16:44:10.108319 podb-esxi207 dnsmasq[2669769]: read /opt/stack/data/neutron/dhcp/102ec25f-13cd-4f6f-91da-565a5c08d6fa/addn_hosts - 4 names
Oct 17 16:44:10.108407 podb-esxi207 dnsmasq-dhcp[2669769]: read /opt/stack/data/neutron/dhcp/102ec25f-13cd-4f6f-91da-565a5c08d6fa/host
Oct 17 16:44:10.108495 podb-esxi207 dnsmasq-dhcp[2669769]: read /opt/stack/data/neutron/dhcp/102ec25f-13cd-4f6f-91da-565a5c08d6fa/opts
Oct 17 16:44:16.230725 podb-esxi207 dnsmasq[2672895]: read /opt/stack/data/neutron/dhcp/32ea4ed3-d96a-4c17-9ebf-773ad9a07daf/addn_hosts - 6 names
Oct 17 16:44:16.230849 podb-esxi207 dnsmasq-dhcp[2672895]: read /opt/stack/data/neutron/dhcp/32ea4ed3-d96a-4c17-9ebf-773ad9a07daf/host
Oct 17 16:44:16.230957 podb-esxi207 dnsmasq-dhcp[2672895]: read /opt/stack/data/neutron/dhcp/32ea4ed3-d96a-4c17-9ebf-773ad9a07daf/opts
Oct 17 16:44:17.029413 podb-esxi207 dnsmasq-dhcp[2672895]: DHCPDISCOVER(tap3a3f16cc-d0) fa:16:3e:d9:c4:8d
Oct 17 16:44:17.029426 podb-esxi207 dnsmasq-dhcp[2672895]: DHCPOFFER(tap3a3f16cc-d0) 10.1.0.7 fa:16:3e:d9:c4:8d
Oct 17 16:44:17.040666 podb-esxi207 dnsmasq-dhcp[2672895]: DHCPREQUEST(tap3a3f16cc-d0) 10.1.0.7 fa:16:3e:d9:c4:8d
Oct 17 16:44:17.040683 podb-esxi207 dnsmasq-dhcp[2672895]: DHCPACK(tap3a3f16cc-d0) 10.1.0.7 fa:16:3e:d9:c4:8d host-10-1-0-7
Oct 17 16:44:35.741131 podb-esxi207 dnsmasq-dhcp[2669769]: DHCPDISCOVER(tap4e53f00f-8a) fa:16:3e:79:47:f5
Oct 17 16:44:35.741156 podb-esxi207 dnsmasq-dhcp[2669769]: DHCPOFFER(tap4e53f00f-8a) 10.1.0.7 fa:16:3e:79:47:f5
Oct 17 16:44:35.753506 podb-esxi207 dnsmasq-dhcp[2669769]: DHCPREQUEST(tap4e53f00f-8a) 10.1.0.7 fa:16:3e:79:47:f5
Oct 17 16:44:35.753535 podb-esxi207 dnsmasq-dhcp[2669769]: DHCPACK(tap4e53f00f-8a) 10.1.0.7 fa:16:3e:79:47:f5 host-10-1-0-7
Oct 17 16:44:36.644200 podb-esxi207 dnsmasq[2673942]: started, version 2.90 cachesize 150
Oct 17 16:44:36.644229 podb-esxi207 dnsmasq[2673942]: DNS service limited to local subnets
Oct 17 16:44:36.644244 podb-esxi207 dnsmasq[2673942]: compile time options: IPv6 GNU-getopt DBus no-UBus i18n IDN2 DHCP DHCPv6 no-Lua TFTP conntrack ipset no-nftset auth cryptohash DNSSEC loop-detect inotify dumpfile
Oct 17 16:44:36.644284 podb-esxi207 dnsmasq-dhcp[2673942]: DHCP, static leases only on 10.1.0.0, lease time 1d
Oct 17 16:44:36.644439 podb-esxi207 dnsmasq[2673942]: reading /etc/resolv.conf
Oct 17 16:44:36.644456 podb-esxi207 dnsmasq[2673942]: using nameserver 127.0.0.53#53
Oct 17 16:44:36.644546 podb-esxi207 dnsmasq[2673942]: read /opt/stack/data/neutron/dhcp/499dbad5-865f-4173-b90e-8091f9fcd629/addn_hosts - 0 names
Oct 17 16:44:36.644598 podb-esxi207 dnsmasq-dhcp[2673942]: read /opt/stack/data/neutron/dhcp/499dbad5-865f-4173-b90e-8091f9fcd629/host
Oct 17 16:44:36.644656 podb-esxi207 dnsmasq-dhcp[2673942]: read /opt/stack/data/neutron/dhcp/499dbad5-865f-4173-b90e-8091f9fcd629/opts
Oct 17 16:44:38.190151 podb-esxi207 dnsmasq[2673942]: read /opt/stack/data/neutron/dhcp/499dbad5-865f-4173-b90e-8091f9fcd629/addn_hosts - 2 names
Oct 17 16:44:38.190257 podb-esxi207 dnsmasq-dhcp[2673942]: read /opt/stack/data/neutron/dhcp/499dbad5-865f-4173-b90e-8091f9fcd629/host
Oct 17 16:44:38.190367 podb-esxi207 dnsmasq-dhcp[2673942]: read /opt/stack/data/neutron/dhcp/499dbad5-865f-4173-b90e-8091f9fcd629/opts
Oct 17 16:44:39.443721 podb-esxi207 dnsmasq[2673942]: read /opt/stack/data/neutron/dhcp/499dbad5-865f-4173-b90e-8091f9fcd629/addn_hosts - 2 names
Oct 17 16:44:39.443812 podb-esxi207 dnsmasq-dhcp[2673942]: read /opt/stack/data/neutron/dhcp/499dbad5-865f-4173-b90e-8091f9fcd629/host
Oct 17 16:44:39.443928 podb-esxi207 dnsmasq-dhcp[2673942]: read /opt/stack/data/neutron/dhcp/499dbad5-865f-4173-b90e-8091f9fcd629/opts
Oct 17 16:44:40.705897 podb-esxi207 dnsmasq[2673942]: read /opt/stack/data/neutron/dhcp/499dbad5-865f-4173-b90e-8091f9fcd629/addn_hosts - 2 names
Oct 17 16:44:40.705987 podb-esxi207 dnsmasq-dhcp[2673942]: read /opt/stack/data/neutron/dhcp/499dbad5-865f-4173-b90e-8091f9fcd629/host
Oct 17 16:44:40.706073 podb-esxi207 dnsmasq-dhcp[2673942]: read /opt/stack/data/neutron/dhcp/499dbad5-865f-4173-b90e-8091f9fcd629/opts
Oct 17 16:44:46.977452 podb-esxi207 dnsmasq[2673942]: read /opt/stack/data/neutron/dhcp/499dbad5-865f-4173-b90e-8091f9fcd629/addn_hosts - 4 names
Oct 17 16:44:46.977566 podb-esxi207 dnsmasq-dhcp[2673942]: read /opt/stack/data/neutron/dhcp/499dbad5-865f-4173-b90e-8091f9fcd629/host
Oct 17 16:44:46.977669 podb-esxi207 dnsmasq-dhcp[2673942]: read /opt/stack/data/neutron/dhcp/499dbad5-865f-4173-b90e-8091f9fcd629/opts
Oct 17 16:45:00.563059 podb-esxi207 dnsmasq[2673942]: read /opt/stack/data/neutron/dhcp/499dbad5-865f-4173-b90e-8091f9fcd629/addn_hosts - 2 names
Oct 17 16:45:00.563170 podb-esxi207 dnsmasq-dhcp[2673942]: read /opt/stack/data/neutron/dhcp/499dbad5-865f-4173-b90e-8091f9fcd629/host
Oct 17 16:45:00.563282 podb-esxi207 dnsmasq-dhcp[2673942]: read /opt/stack/data/neutron/dhcp/499dbad5-865f-4173-b90e-8091f9fcd629/opts
Oct 17 16:45:10.041683 podb-esxi207 dnsmasq[2673942]: read /opt/stack/data/neutron/dhcp/499dbad5-865f-4173-b90e-8091f9fcd629/addn_hosts - 4 names
Oct 17 16:45:10.041799 podb-esxi207 dnsmasq-dhcp[2673942]: read /opt/stack/data/neutron/dhcp/499dbad5-865f-4173-b90e-8091f9fcd629/host
Oct 17 16:45:10.041912 podb-esxi207 dnsmasq-dhcp[2673942]: read /opt/stack/data/neutron/dhcp/499dbad5-865f-4173-b90e-8091f9fcd629/opts
Oct 17 16:45:17.271872 podb-esxi207 dnsmasq[2672895]: read /opt/stack/data/neutron/dhcp/32ea4ed3-d96a-4c17-9ebf-773ad9a07daf/addn_hosts - 8 names
Oct 17 16:45:17.272018 podb-esxi207 dnsmasq-dhcp[2672895]: read /opt/stack/data/neutron/dhcp/32ea4ed3-d96a-4c17-9ebf-773ad9a07daf/host
Oct 17 16:45:17.272113 podb-esxi207 dnsmasq-dhcp[2672895]: read /opt/stack/data/neutron/dhcp/32ea4ed3-d96a-4c17-9ebf-773ad9a07daf/opts
Oct 17 16:45:23.801619 podb-esxi207 dnsmasq[2673942]: read /opt/stack/data/neutron/dhcp/499dbad5-865f-4173-b90e-8091f9fcd629/addn_hosts - 2 names
Oct 17 16:45:23.801739 podb-esxi207 dnsmasq-dhcp[2673942]: read /opt/stack/data/neutron/dhcp/499dbad5-865f-4173-b90e-8091f9fcd629/host
Oct 17 16:45:23.801845 podb-esxi207 dnsmasq-dhcp[2673942]: read /opt/stack/data/neutron/dhcp/499dbad5-865f-4173-b90e-8091f9fcd629/opts
Oct 17 16:45:40.518154 podb-esxi207 dnsmasq[2672895]: read /opt/stack/data/neutron/dhcp/32ea4ed3-d96a-4c17-9ebf-773ad9a07daf/addn_hosts - 10 names
Oct 17 16:45:40.518276 podb-esxi207 dnsmasq-dhcp[2672895]: read /opt/stack/data/neutron/dhcp/32ea4ed3-d96a-4c17-9ebf-773ad9a07daf/host
Oct 17 16:45:40.518380 podb-esxi207 dnsmasq-dhcp[2672895]: read /opt/stack/data/neutron/dhcp/32ea4ed3-d96a-4c17-9ebf-773ad9a07daf/opts
Oct 17 16:45:42.654299 podb-esxi207 dnsmasq-dhcp[2672895]: DHCPDISCOVER(tap3a3f16cc-d0) fa:16:3e:9b:8c:71
Oct 17 16:45:42.654309 podb-esxi207 dnsmasq-dhcp[2672895]: DHCPOFFER(tap3a3f16cc-d0) 10.1.0.10 fa:16:3e:9b:8c:71
Oct 17 16:45:42.666101 podb-esxi207 dnsmasq-dhcp[2672895]: DHCPREQUEST(tap3a3f16cc-d0) 10.1.0.10 fa:16:3e:9b:8c:71
Oct 17 16:45:42.666116 podb-esxi207 dnsmasq-dhcp[2672895]: DHCPACK(tap3a3f16cc-d0) 10.1.0.10 fa:16:3e:9b:8c:71 host-10-1-0-10
Oct 17 16:46:10.879748 podb-esxi207 dnsmasq[2673942]: read /opt/stack/data/neutron/dhcp/499dbad5-865f-4173-b90e-8091f9fcd629/addn_hosts - 0 names
Oct 17 16:46:10.879813 podb-esxi207 dnsmasq-dhcp[2673942]: read /opt/stack/data/neutron/dhcp/499dbad5-865f-4173-b90e-8091f9fcd629/host
Oct 17 16:46:10.879888 podb-esxi207 dnsmasq-dhcp[2673942]: read /opt/stack/data/neutron/dhcp/499dbad5-865f-4173-b90e-8091f9fcd629/opts
Oct 17 16:46:11.741935 podb-esxi207 dnsmasq[2673942]: exiting on receipt of SIGTERM
Oct 17 16:46:26.203235 podb-esxi207 dnsmasq-dhcp[2669769]: DHCPREQUEST(tap4e53f00f-8a) 10.1.0.7 fa:16:3e:79:47:f5
Oct 17 16:46:26.203269 podb-esxi207 dnsmasq-dhcp[2669769]: DHCPACK(tap4e53f00f-8a) 10.1.0.7 fa:16:3e:79:47:f5 host-10-1-0-7
Oct 17 16:46:40.508426 podb-esxi207 dnsmasq[2672895]: read /opt/stack/data/neutron/dhcp/32ea4ed3-d96a-4c17-9ebf-773ad9a07daf/addn_hosts - 8 names
Oct 17 16:46:40.508545 podb-esxi207 dnsmasq-dhcp[2672895]: read /opt/stack/data/neutron/dhcp/32ea4ed3-d96a-4c17-9ebf-773ad9a07daf/host
Oct 17 16:46:40.508686 podb-esxi207 dnsmasq-dhcp[2672895]: read /opt/stack/data/neutron/dhcp/32ea4ed3-d96a-4c17-9ebf-773ad9a07daf/opts
Oct 17 16:46:51.119497 podb-esxi207 dnsmasq-dhcp[2672895]: DHCPRELEASE(tap3a3f16cc-d0) 10.1.0.10 fa:16:3e:9b:8c:71
Oct 17 16:46:51.136047 podb-esxi207 dnsmasq-dhcp[2672895]: DHCPRELEASE(tap3a3f16cc-d0) 10.1.0.10 fa:16:3e:9b:8c:71 unknown lease
Oct 17 16:46:51.960152 podb-esxi207 dnsmasq[2672895]: read /opt/stack/data/neutron/dhcp/32ea4ed3-d96a-4c17-9ebf-773ad9a07daf/addn_hosts - 6 names
Oct 17 16:46:51.960293 podb-esxi207 dnsmasq-dhcp[2672895]: read /opt/stack/data/neutron/dhcp/32ea4ed3-d96a-4c17-9ebf-773ad9a07daf/host
Oct 17 16:46:51.960411 podb-esxi207 dnsmasq-dhcp[2672895]: read /opt/stack/data/neutron/dhcp/32ea4ed3-d96a-4c17-9ebf-773ad9a07daf/opts
Oct 17 16:46:58.824793 podb-esxi207 dnsmasq[2672895]: read /opt/stack/data/neutron/dhcp/32ea4ed3-d96a-4c17-9ebf-773ad9a07daf/addn_hosts - 4 names
Oct 17 16:46:58.824902 podb-esxi207 dnsmasq-dhcp[2672895]: read /opt/stack/data/neutron/dhcp/32ea4ed3-d96a-4c17-9ebf-773ad9a07daf/host
Oct 17 16:46:58.825006 podb-esxi207 dnsmasq-dhcp[2672895]: read /opt/stack/data/neutron/dhcp/32ea4ed3-d96a-4c17-9ebf-773ad9a07daf/opts
Oct 17 16:47:09.479363 podb-esxi207 dnsmasq-dhcp[2669769]: DHCPRELEASE(tap4e53f00f-8a) 10.1.0.7 fa:16:3e:79:47:f5
Oct 17 16:47:09.495523 podb-esxi207 dnsmasq-dhcp[2669769]: DHCPRELEASE(tap4e53f00f-8a) 10.1.0.7 fa:16:3e:79:47:f5 unknown lease
Oct 17 16:47:10.319392 podb-esxi207 dnsmasq[2669769]: read /opt/stack/data/neutron/dhcp/102ec25f-13cd-4f6f-91da-565a5c08d6fa/addn_hosts - 2 names
Oct 17 16:47:10.319481 podb-esxi207 dnsmasq-dhcp[2669769]: read /opt/stack/data/neutron/dhcp/102ec25f-13cd-4f6f-91da-565a5c08d6fa/host
Oct 17 16:47:10.319583 podb-esxi207 dnsmasq-dhcp[2669769]: read /opt/stack/data/neutron/dhcp/102ec25f-13cd-4f6f-91da-565a5c08d6fa/opts
Oct 17 16:47:10.568007 podb-esxi207 dnsmasq-dhcp[2672895]: DHCPRELEASE(tap3a3f16cc-d0) 10.1.0.7 fa:16:3e:d9:c4:8d
Oct 17 16:47:10.584393 podb-esxi207 dnsmasq-dhcp[2672895]: DHCPRELEASE(tap3a3f16cc-d0) 10.1.0.7 fa:16:3e:d9:c4:8d unknown lease
Oct 17 16:47:11.407769 podb-esxi207 dnsmasq[2672895]: read /opt/stack/data/neutron/dhcp/32ea4ed3-d96a-4c17-9ebf-773ad9a07daf/addn_hosts - 2 names
Oct 17 16:47:11.407862 podb-esxi207 dnsmasq-dhcp[2672895]: read /opt/stack/data/neutron/dhcp/32ea4ed3-d96a-4c17-9ebf-773ad9a07daf/host
Oct 17 16:47:11.407949 podb-esxi207 dnsmasq-dhcp[2672895]: read /opt/stack/data/neutron/dhcp/32ea4ed3-d96a-4c17-9ebf-773ad9a07daf/opts
Oct 17 16:47:16.083620 podb-esxi207 dnsmasq[2672895]: read /opt/stack/data/neutron/dhcp/32ea4ed3-d96a-4c17-9ebf-773ad9a07daf/addn_hosts - 0 names
Oct 17 16:47:16.083699 podb-esxi207 dnsmasq-dhcp[2672895]: read /opt/stack/data/neutron/dhcp/32ea4ed3-d96a-4c17-9ebf-773ad9a07daf/host
Oct 17 16:47:16.083754 podb-esxi207 dnsmasq-dhcp[2672895]: read /opt/stack/data/neutron/dhcp/32ea4ed3-d96a-4c17-9ebf-773ad9a07daf/opts
Oct 17 16:47:17.111443 podb-esxi207 dnsmasq[2672895]: exiting on receipt of SIGTERM
Oct 17 16:47:21.956219 podb-esxi207 dnsmasq[2677544]: started, version 2.90 cachesize 150
Oct 17 16:47:21.956247 podb-esxi207 dnsmasq[2677544]: DNS service limited to local subnets
Oct 17 16:47:21.956261 podb-esxi207 dnsmasq[2677544]: compile time options: IPv6 GNU-getopt DBus no-UBus i18n IDN2 DHCP DHCPv6 no-Lua TFTP conntrack ipset no-nftset auth cryptohash DNSSEC loop-detect inotify dumpfile
Oct 17 16:47:21.956303 podb-esxi207 dnsmasq-dhcp[2677544]: DHCP, static leases only on 10.1.0.0, lease time 1d
Oct 17 16:47:21.956455 podb-esxi207 dnsmasq[2677544]: reading /etc/resolv.conf
Oct 17 16:47:21.956471 podb-esxi207 dnsmasq[2677544]: using nameserver 127.0.0.53#53
Oct 17 16:47:21.956567 podb-esxi207 dnsmasq[2677544]: read /opt/stack/data/neutron/dhcp/e52cc1e6-3d62-40bf-8d64-84fbdf034b07/addn_hosts - 0 names
Oct 17 16:47:21.956620 podb-esxi207 dnsmasq-dhcp[2677544]: read /opt/stack/data/neutron/dhcp/e52cc1e6-3d62-40bf-8d64-84fbdf034b07/host
Oct 17 16:47:21.956685 podb-esxi207 dnsmasq-dhcp[2677544]: read /opt/stack/data/neutron/dhcp/e52cc1e6-3d62-40bf-8d64-84fbdf034b07/opts
Oct 17 16:47:23.504688 podb-esxi207 dnsmasq[2677544]: read /opt/stack/data/neutron/dhcp/e52cc1e6-3d62-40bf-8d64-84fbdf034b07/addn_hosts - 2 names
Oct 17 16:47:23.504802 podb-esxi207 dnsmasq-dhcp[2677544]: read /opt/stack/data/neutron/dhcp/e52cc1e6-3d62-40bf-8d64-84fbdf034b07/host
Oct 17 16:47:23.504915 podb-esxi207 dnsmasq-dhcp[2677544]: read /opt/stack/data/neutron/dhcp/e52cc1e6-3d62-40bf-8d64-84fbdf034b07/opts
Oct 17 16:47:24.769803 podb-esxi207 dnsmasq[2677544]: read /opt/stack/data/neutron/dhcp/e52cc1e6-3d62-40bf-8d64-84fbdf034b07/addn_hosts - 2 names
Oct 17 16:47:24.769886 podb-esxi207 dnsmasq-dhcp[2677544]: read /opt/stack/data/neutron/dhcp/e52cc1e6-3d62-40bf-8d64-84fbdf034b07/host
Oct 17 16:47:24.769965 podb-esxi207 dnsmasq-dhcp[2677544]: read /opt/stack/data/neutron/dhcp/e52cc1e6-3d62-40bf-8d64-84fbdf034b07/opts
Oct 17 16:47:26.029264 podb-esxi207 dnsmasq[2677544]: read /opt/stack/data/neutron/dhcp/e52cc1e6-3d62-40bf-8d64-84fbdf034b07/addn_hosts - 2 names
Oct 17 16:47:26.029353 podb-esxi207 dnsmasq-dhcp[2677544]: read /opt/stack/data/neutron/dhcp/e52cc1e6-3d62-40bf-8d64-84fbdf034b07/host
Oct 17 16:47:26.029469 podb-esxi207 dnsmasq-dhcp[2677544]: read /opt/stack/data/neutron/dhcp/e52cc1e6-3d62-40bf-8d64-84fbdf034b07/opts
Oct 17 16:47:28.320546 podb-esxi207 dnsmasq[2677544]: read /opt/stack/data/neutron/dhcp/e52cc1e6-3d62-40bf-8d64-84fbdf034b07/addn_hosts - 4 names
Oct 17 16:47:28.320675 podb-esxi207 dnsmasq-dhcp[2677544]: read /opt/stack/data/neutron/dhcp/e52cc1e6-3d62-40bf-8d64-84fbdf034b07/host
Oct 17 16:47:28.320786 podb-esxi207 dnsmasq-dhcp[2677544]: read /opt/stack/data/neutron/dhcp/e52cc1e6-3d62-40bf-8d64-84fbdf034b07/opts
Oct 17 16:47:49.497623 podb-esxi207 dnsmasq[2669769]: read /opt/stack/data/neutron/dhcp/102ec25f-13cd-4f6f-91da-565a5c08d6fa/addn_hosts - 0 names
Oct 17 16:47:49.497722 podb-esxi207 dnsmasq-dhcp[2669769]: read /opt/stack/data/neutron/dhcp/102ec25f-13cd-4f6f-91da-565a5c08d6fa/host
Oct 17 16:47:49.497815 podb-esxi207 dnsmasq-dhcp[2669769]: read /opt/stack/data/neutron/dhcp/102ec25f-13cd-4f6f-91da-565a5c08d6fa/opts
Oct 17 16:47:50.390612 podb-esxi207 dnsmasq[2669769]: exiting on receipt of SIGTERM
Oct 17 16:47:50.814634 podb-esxi207 dnsmasq-dhcp[2677544]: DHCPDISCOVER(tapee99ef25-78) fa:16:3e:9c:bc:25
Oct 17 16:47:50.814660 podb-esxi207 dnsmasq-dhcp[2677544]: DHCPOFFER(tapee99ef25-78) 10.1.0.14 fa:16:3e:9c:bc:25
Oct 17 16:47:50.826730 podb-esxi207 dnsmasq-dhcp[2677544]: DHCPREQUEST(tapee99ef25-78) 10.1.0.14 fa:16:3e:9c:bc:25
Oct 17 16:47:50.826762 podb-esxi207 dnsmasq-dhcp[2677544]: DHCPACK(tapee99ef25-78) 10.1.0.14 fa:16:3e:9c:bc:25 host-10-1-0-14
Oct 17 16:47:54.471071 podb-esxi207 dnsmasq[2678308]: started, version 2.90 cachesize 150
Oct 17 16:47:54.471097 podb-esxi207 dnsmasq[2678308]: DNS service limited to local subnets
Oct 17 16:47:54.471112 podb-esxi207 dnsmasq[2678308]: compile time options: IPv6 GNU-getopt DBus no-UBus i18n IDN2 DHCP DHCPv6 no-Lua TFTP conntrack ipset no-nftset auth cryptohash DNSSEC loop-detect inotify dumpfile
Oct 17 16:47:54.471152 podb-esxi207 dnsmasq-dhcp[2678308]: DHCP, static leases only on 10.1.0.0, lease time 1d
Oct 17 16:47:54.471300 podb-esxi207 dnsmasq[2678308]: reading /etc/resolv.conf
Oct 17 16:47:54.471316 podb-esxi207 dnsmasq[2678308]: using nameserver 127.0.0.53#53
Oct 17 16:47:54.471403 podb-esxi207 dnsmasq[2678308]: read /opt/stack/data/neutron/dhcp/79c1026f-0716-49da-9952-19ee40c4804e/addn_hosts - 0 names
Oct 17 16:47:54.471452 podb-esxi207 dnsmasq-dhcp[2678308]: read /opt/stack/data/neutron/dhcp/79c1026f-0716-49da-9952-19ee40c4804e/host
Oct 17 16:47:54.471507 podb-esxi207 dnsmasq-dhcp[2678308]: read /opt/stack/data/neutron/dhcp/79c1026f-0716-49da-9952-19ee40c4804e/opts
Oct 17 16:47:56.013063 podb-esxi207 dnsmasq[2678308]: read /opt/stack/data/neutron/dhcp/79c1026f-0716-49da-9952-19ee40c4804e/addn_hosts - 2 names
Oct 17 16:47:56.013164 podb-esxi207 dnsmasq-dhcp[2678308]: read /opt/stack/data/neutron/dhcp/79c1026f-0716-49da-9952-19ee40c4804e/host
Oct 17 16:47:56.013263 podb-esxi207 dnsmasq-dhcp[2678308]: read /opt/stack/data/neutron/dhcp/79c1026f-0716-49da-9952-19ee40c4804e/opts
Oct 17 16:47:57.266823 podb-esxi207 dnsmasq[2678308]: read /opt/stack/data/neutron/dhcp/79c1026f-0716-49da-9952-19ee40c4804e/addn_hosts - 2 names
Oct 17 16:47:57.266957 podb-esxi207 dnsmasq-dhcp[2678308]: read /opt/stack/data/neutron/dhcp/79c1026f-0716-49da-9952-19ee40c4804e/host
Oct 17 16:47:57.267042 podb-esxi207 dnsmasq-dhcp[2678308]: read /opt/stack/data/neutron/dhcp/79c1026f-0716-49da-9952-19ee40c4804e/opts
Oct 17 16:47:58.533881 podb-esxi207 dnsmasq[2678308]: read /opt/stack/data/neutron/dhcp/79c1026f-0716-49da-9952-19ee40c4804e/addn_hosts - 2 names
Oct 17 16:47:58.533971 podb-esxi207 dnsmasq-dhcp[2678308]: read /opt/stack/data/neutron/dhcp/79c1026f-0716-49da-9952-19ee40c4804e/host
Oct 17 16:47:58.534083 podb-esxi207 dnsmasq-dhcp[2678308]: read /opt/stack/data/neutron/dhcp/79c1026f-0716-49da-9952-19ee40c4804e/opts
Oct 17 16:48:01.107218 podb-esxi207 dnsmasq[2678308]: read /opt/stack/data/neutron/dhcp/79c1026f-0716-49da-9952-19ee40c4804e/addn_hosts - 4 names
Oct 17 16:48:01.107359 podb-esxi207 dnsmasq-dhcp[2678308]: read /opt/stack/data/neutron/dhcp/79c1026f-0716-49da-9952-19ee40c4804e/host
Oct 17 16:48:01.107469 podb-esxi207 dnsmasq-dhcp[2678308]: read /opt/stack/data/neutron/dhcp/79c1026f-0716-49da-9952-19ee40c4804e/opts
Oct 17 16:48:27.155564 podb-esxi207 dnsmasq-dhcp[2678308]: DHCPDISCOVER(tapdf3e0b15-3a) fa:16:3e:96:b3:38
Oct 17 16:48:27.155594 podb-esxi207 dnsmasq-dhcp[2678308]: DHCPOFFER(tapdf3e0b15-3a) 10.1.0.14 fa:16:3e:96:b3:38
Oct 17 16:48:27.168488 podb-esxi207 dnsmasq-dhcp[2678308]: DHCPREQUEST(tapdf3e0b15-3a) 10.1.0.14 fa:16:3e:96:b3:38
Oct 17 16:48:27.168520 podb-esxi207 dnsmasq-dhcp[2678308]: DHCPACK(tapdf3e0b15-3a) 10.1.0.14 fa:16:3e:96:b3:38 host-10-1-0-14
Oct 17 16:49:22.489849 podb-esxi207 dnsmasq-dhcp[2677544]: DHCPREQUEST(tapee99ef25-78) 10.1.0.14 fa:16:3e:9c:bc:25
Oct 17 16:49:22.489879 podb-esxi207 dnsmasq-dhcp[2677544]: DHCPACK(tapee99ef25-78) 10.1.0.14 fa:16:3e:9c:bc:25 host-10-1-0-14
Oct 17 16:49:52.839484 podb-esxi207 dnsmasq-dhcp[2678308]: DHCPREQUEST(tapdf3e0b15-3a) 10.1.0.14 fa:16:3e:96:b3:38
Oct 17 16:49:52.839516 podb-esxi207 dnsmasq-dhcp[2678308]: DHCPACK(tapdf3e0b15-3a) 10.1.0.14 fa:16:3e:96:b3:38 host-10-1-0-14
Oct 17 16:49:54.348784 podb-esxi207 dnsmasq[2680249]: started, version 2.90 cachesize 150
Oct 17 16:49:54.348810 podb-esxi207 dnsmasq[2680249]: DNS service limited to local subnets
Oct 17 16:49:54.348824 podb-esxi207 dnsmasq[2680249]: compile time options: IPv6 GNU-getopt DBus no-UBus i18n IDN2 DHCP DHCPv6 no-Lua TFTP conntrack ipset no-nftset auth cryptohash DNSSEC loop-detect inotify dumpfile
Oct 17 16:49:54.348866 podb-esxi207 dnsmasq-dhcp[2680249]: DHCP, static leases only on 10.1.0.0, lease time 1d
Oct 17 16:49:54.349661 podb-esxi207 dnsmasq[2680249]: reading /etc/resolv.conf
Oct 17 16:49:54.349680 podb-esxi207 dnsmasq[2680249]: using nameserver 127.0.0.53#53
Oct 17 16:49:54.349776 podb-esxi207 dnsmasq[2680249]: read /opt/stack/data/neutron/dhcp/f08d64d0-2e28-40f5-9001-53c6339f50a4/addn_hosts - 0 names
Oct 17 16:49:54.349835 podb-esxi207 dnsmasq-dhcp[2680249]: read /opt/stack/data/neutron/dhcp/f08d64d0-2e28-40f5-9001-53c6339f50a4/host
Oct 17 16:49:54.349895 podb-esxi207 dnsmasq-dhcp[2680249]: read /opt/stack/data/neutron/dhcp/f08d64d0-2e28-40f5-9001-53c6339f50a4/opts
Oct 17 16:49:58.018355 podb-esxi207 dnsmasq[2680533]: started, version 2.90 cachesize 150
Oct 17 16:49:58.018383 podb-esxi207 dnsmasq[2680533]: DNS service limited to local subnets
Oct 17 16:49:58.018397 podb-esxi207 dnsmasq[2680533]: compile time options: IPv6 GNU-getopt DBus no-UBus i18n IDN2 DHCP DHCPv6 no-Lua TFTP conntrack ipset no-nftset auth cryptohash DNSSEC loop-detect inotify dumpfile
Oct 17 16:49:58.018433 podb-esxi207 dnsmasq-dhcp[2680533]: DHCP, static leases only on 10.1.0.0, lease time 1d
Oct 17 16:49:58.018589 podb-esxi207 dnsmasq[2680533]: reading /etc/resolv.conf
Oct 17 16:49:58.018605 podb-esxi207 dnsmasq[2680533]: using nameserver 127.0.0.53#53
Oct 17 16:49:58.018710 podb-esxi207 dnsmasq[2680533]: read /opt/stack/data/neutron/dhcp/891885d2-d463-451d-be3d-a13d6896058f/addn_hosts - 2 names
Oct 17 16:49:58.018774 podb-esxi207 dnsmasq-dhcp[2680533]: read /opt/stack/data/neutron/dhcp/891885d2-d463-451d-be3d-a13d6896058f/host
Oct 17 16:49:58.018840 podb-esxi207 dnsmasq-dhcp[2680533]: read /opt/stack/data/neutron/dhcp/891885d2-d463-451d-be3d-a13d6896058f/opts
Oct 17 16:49:59.056400 podb-esxi207 dnsmasq[2680249]: read /opt/stack/data/neutron/dhcp/f08d64d0-2e28-40f5-9001-53c6339f50a4/addn_hosts - 2 names
Oct 17 16:49:59.056506 podb-esxi207 dnsmasq-dhcp[2680249]: read /opt/stack/data/neutron/dhcp/f08d64d0-2e28-40f5-9001-53c6339f50a4/host
Oct 17 16:49:59.056607 podb-esxi207 dnsmasq-dhcp[2680249]: read /opt/stack/data/neutron/dhcp/f08d64d0-2e28-40f5-9001-53c6339f50a4/opts
Oct 17 16:50:00.820679 podb-esxi207 dnsmasq[2680533]: read /opt/stack/data/neutron/dhcp/891885d2-d463-451d-be3d-a13d6896058f/addn_hosts - 2 names
Oct 17 16:50:00.820791 podb-esxi207 dnsmasq-dhcp[2680533]: read /opt/stack/data/neutron/dhcp/891885d2-d463-451d-be3d-a13d6896058f/host
Oct 17 16:50:00.820897 podb-esxi207 dnsmasq-dhcp[2680533]: read /opt/stack/data/neutron/dhcp/891885d2-d463-451d-be3d-a13d6896058f/opts
Oct 17 16:50:01.569023 podb-esxi207 dnsmasq[2680249]: read /opt/stack/data/neutron/dhcp/f08d64d0-2e28-40f5-9001-53c6339f50a4/addn_hosts - 2 names
Oct 17 16:50:01.569105 podb-esxi207 dnsmasq-dhcp[2680249]: read /opt/stack/data/neutron/dhcp/f08d64d0-2e28-40f5-9001-53c6339f50a4/host
Oct 17 16:50:01.569220 podb-esxi207 dnsmasq-dhcp[2680249]: read /opt/stack/data/neutron/dhcp/f08d64d0-2e28-40f5-9001-53c6339f50a4/opts
Oct 17 16:50:02.831985 podb-esxi207 dnsmasq[2680533]: read /opt/stack/data/neutron/dhcp/891885d2-d463-451d-be3d-a13d6896058f/addn_hosts - 2 names
Oct 17 16:50:02.832063 podb-esxi207 dnsmasq-dhcp[2680533]: read /opt/stack/data/neutron/dhcp/891885d2-d463-451d-be3d-a13d6896058f/host
Oct 17 16:50:02.832149 podb-esxi207 dnsmasq-dhcp[2680533]: read /opt/stack/data/neutron/dhcp/891885d2-d463-451d-be3d-a13d6896058f/opts
Oct 17 16:50:03.585972 podb-esxi207 dnsmasq[2680249]: read /opt/stack/data/neutron/dhcp/f08d64d0-2e28-40f5-9001-53c6339f50a4/addn_hosts - 2 names
Oct 17 16:50:03.586054 podb-esxi207 dnsmasq-dhcp[2680249]: read /opt/stack/data/neutron/dhcp/f08d64d0-2e28-40f5-9001-53c6339f50a4/host
Oct 17 16:50:03.586130 podb-esxi207 dnsmasq-dhcp[2680249]: read /opt/stack/data/neutron/dhcp/f08d64d0-2e28-40f5-9001-53c6339f50a4/opts
Oct 17 16:50:04.847794 podb-esxi207 dnsmasq[2680533]: read /opt/stack/data/neutron/dhcp/891885d2-d463-451d-be3d-a13d6896058f/addn_hosts - 2 names
Oct 17 16:50:04.847886 podb-esxi207 dnsmasq-dhcp[2680533]: read /opt/stack/data/neutron/dhcp/891885d2-d463-451d-be3d-a13d6896058f/host
Oct 17 16:50:04.847992 podb-esxi207 dnsmasq-dhcp[2680533]: read /opt/stack/data/neutron/dhcp/891885d2-d463-451d-be3d-a13d6896058f/opts
Oct 17 16:50:08.032303 podb-esxi207 dnsmasq[2680249]: read /opt/stack/data/neutron/dhcp/f08d64d0-2e28-40f5-9001-53c6339f50a4/addn_hosts - 4 names
Oct 17 16:50:08.032408 podb-esxi207 dnsmasq-dhcp[2680249]: read /opt/stack/data/neutron/dhcp/f08d64d0-2e28-40f5-9001-53c6339f50a4/host
Oct 17 16:50:08.032478 podb-esxi207 dnsmasq-dhcp[2680249]: read /opt/stack/data/neutron/dhcp/f08d64d0-2e28-40f5-9001-53c6339f50a4/opts
Oct 17 16:50:23.698134 podb-esxi207 dnsmasq-dhcp[2677544]: DHCPRELEASE(tapee99ef25-78) 10.1.0.14 fa:16:3e:9c:bc:25
Oct 17 16:50:23.713798 podb-esxi207 dnsmasq-dhcp[2677544]: DHCPRELEASE(tapee99ef25-78) 10.1.0.14 fa:16:3e:9c:bc:25 unknown lease
Oct 17 16:50:24.535860 podb-esxi207 dnsmasq[2677544]: read /opt/stack/data/neutron/dhcp/e52cc1e6-3d62-40bf-8d64-84fbdf034b07/addn_hosts - 2 names
Oct 17 16:50:24.535932 podb-esxi207 dnsmasq-dhcp[2677544]: read /opt/stack/data/neutron/dhcp/e52cc1e6-3d62-40bf-8d64-84fbdf034b07/host
Oct 17 16:50:24.536020 podb-esxi207 dnsmasq-dhcp[2677544]: read /opt/stack/data/neutron/dhcp/e52cc1e6-3d62-40bf-8d64-84fbdf034b07/opts
Oct 17 16:50:31.259744 podb-esxi207 dnsmasq-dhcp[2680249]: DHCPDISCOVER(tapa258421e-31) fa:16:3e:71:54:48
Oct 17 16:50:31.259774 podb-esxi207 dnsmasq-dhcp[2680249]: DHCPOFFER(tapa258421e-31) 10.1.0.8 fa:16:3e:71:54:48
Oct 17 16:50:31.273505 podb-esxi207 dnsmasq-dhcp[2680249]: DHCPREQUEST(tapa258421e-31) 10.1.0.8 fa:16:3e:71:54:48
Oct 17 16:50:31.273539 podb-esxi207 dnsmasq-dhcp[2680249]: DHCPACK(tapa258421e-31) 10.1.0.8 fa:16:3e:71:54:48 host-10-1-0-8
Oct 17 16:50:33.585354 podb-esxi207 dnsmasq[2677544]: read /opt/stack/data/neutron/dhcp/e52cc1e6-3d62-40bf-8d64-84fbdf034b07/addn_hosts - 0 names
Oct 17 16:50:33.585425 podb-esxi207 dnsmasq-dhcp[2677544]: read /opt/stack/data/neutron/dhcp/e52cc1e6-3d62-40bf-8d64-84fbdf034b07/host
Oct 17 16:50:33.585513 podb-esxi207 dnsmasq-dhcp[2677544]: read /opt/stack/data/neutron/dhcp/e52cc1e6-3d62-40bf-8d64-84fbdf034b07/opts
Oct 17 16:50:34.598457 podb-esxi207 dnsmasq[2677544]: exiting on receipt of SIGTERM
Oct 17 16:50:38.633036 podb-esxi207 dnsmasq[2681094]: started, version 2.90 cachesize 150
Oct 17 16:50:38.633061 podb-esxi207 dnsmasq[2681094]: DNS service limited to local subnets
Oct 17 16:50:38.633077 podb-esxi207 dnsmasq[2681094]: compile time options: IPv6 GNU-getopt DBus no-UBus i18n IDN2 DHCP DHCPv6 no-Lua TFTP conntrack ipset no-nftset auth cryptohash DNSSEC loop-detect inotify dumpfile
Oct 17 16:50:38.633119 podb-esxi207 dnsmasq-dhcp[2681094]: DHCP, static leases only on 10.1.0.0, lease time 1d
Oct 17 16:50:38.633273 podb-esxi207 dnsmasq[2681094]: reading /etc/resolv.conf
Oct 17 16:50:38.633289 podb-esxi207 dnsmasq[2681094]: using nameserver 127.0.0.53#53
Oct 17 16:50:38.633374 podb-esxi207 dnsmasq[2681094]: read /opt/stack/data/neutron/dhcp/400cac9c-41f9-4857-b750-af51ecd311ef/addn_hosts - 0 names
Oct 17 16:50:38.633427 podb-esxi207 dnsmasq-dhcp[2681094]: read /opt/stack/data/neutron/dhcp/400cac9c-41f9-4857-b750-af51ecd311ef/host
Oct 17 16:50:38.633494 podb-esxi207 dnsmasq-dhcp[2681094]: read /opt/stack/data/neutron/dhcp/400cac9c-41f9-4857-b750-af51ecd311ef/opts
Oct 17 16:50:40.180422 podb-esxi207 dnsmasq[2681094]: read /opt/stack/data/neutron/dhcp/400cac9c-41f9-4857-b750-af51ecd311ef/addn_hosts - 2 names
Oct 17 16:50:40.180517 podb-esxi207 dnsmasq-dhcp[2681094]: read /opt/stack/data/neutron/dhcp/400cac9c-41f9-4857-b750-af51ecd311ef/host
Oct 17 16:50:40.180623 podb-esxi207 dnsmasq-dhcp[2681094]: read /opt/stack/data/neutron/dhcp/400cac9c-41f9-4857-b750-af51ecd311ef/opts
Oct 17 16:50:41.441916 podb-esxi207 dnsmasq[2681094]: read /opt/stack/data/neutron/dhcp/400cac9c-41f9-4857-b750-af51ecd311ef/addn_hosts - 2 names
Oct 17 16:50:41.442033 podb-esxi207 dnsmasq-dhcp[2681094]: read /opt/stack/data/neutron/dhcp/400cac9c-41f9-4857-b750-af51ecd311ef/host
Oct 17 16:50:41.442141 podb-esxi207 dnsmasq-dhcp[2681094]: read /opt/stack/data/neutron/dhcp/400cac9c-41f9-4857-b750-af51ecd311ef/opts
Oct 17 16:50:42.706691 podb-esxi207 dnsmasq[2681094]: read /opt/stack/data/neutron/dhcp/400cac9c-41f9-4857-b750-af51ecd311ef/addn_hosts - 2 names
Oct 17 16:50:42.706839 podb-esxi207 dnsmasq-dhcp[2681094]: read /opt/stack/data/neutron/dhcp/400cac9c-41f9-4857-b750-af51ecd311ef/host
Oct 17 16:50:42.706945 podb-esxi207 dnsmasq-dhcp[2681094]: read /opt/stack/data/neutron/dhcp/400cac9c-41f9-4857-b750-af51ecd311ef/opts
Oct 17 16:50:45.468273 podb-esxi207 dnsmasq[2681094]: read /opt/stack/data/neutron/dhcp/400cac9c-41f9-4857-b750-af51ecd311ef/addn_hosts - 4 names
Oct 17 16:50:45.468385 podb-esxi207 dnsmasq-dhcp[2681094]: read /opt/stack/data/neutron/dhcp/400cac9c-41f9-4857-b750-af51ecd311ef/host
Oct 17 16:50:45.468458 podb-esxi207 dnsmasq-dhcp[2681094]: read /opt/stack/data/neutron/dhcp/400cac9c-41f9-4857-b750-af51ecd311ef/opts
Oct 17 16:51:09.493843 podb-esxi207 dnsmasq-dhcp[2681094]: DHCPDISCOVER(tap25b4cc55-21) fa:16:3e:a5:17:8e
Oct 17 16:51:09.493871 podb-esxi207 dnsmasq-dhcp[2681094]: DHCPOFFER(tap25b4cc55-21) 10.1.0.7 fa:16:3e:a5:17:8e
Oct 17 16:51:09.522052 podb-esxi207 dnsmasq-dhcp[2681094]: DHCPREQUEST(tap25b4cc55-21) 10.1.0.7 fa:16:3e:a5:17:8e
Oct 17 16:51:09.522086 podb-esxi207 dnsmasq-dhcp[2681094]: DHCPACK(tap25b4cc55-21) 10.1.0.7 fa:16:3e:a5:17:8e host-10-1-0-7
Oct 17 16:51:18.825528 podb-esxi207 dnsmasq-dhcp[2678308]: DHCPREQUEST(tapdf3e0b15-3a) 10.1.0.14 fa:16:3e:96:b3:38
Oct 17 16:51:18.825560 podb-esxi207 dnsmasq-dhcp[2678308]: DHCPACK(tapdf3e0b15-3a) 10.1.0.14 fa:16:3e:96:b3:38 host-10-1-0-14
Oct 17 16:51:52.302050 podb-esxi207 dnsmasq[2639350]: read /opt/stack/data/neutron/dhcp/685a6e27-8b0f-4142-8d04-3126190c6ce5/addn_hosts - 2 names
Oct 17 16:51:52.302086 podb-esxi207 dnsmasq-dhcp[2639350]: read /opt/stack/data/neutron/dhcp/685a6e27-8b0f-4142-8d04-3126190c6ce5/host
Oct 17 16:51:52.302103 podb-esxi207 dnsmasq-dhcp[2639350]: read /opt/stack/data/neutron/dhcp/685a6e27-8b0f-4142-8d04-3126190c6ce5/opts
Oct 17 16:51:54.265869 podb-esxi207 dnsmasq-dhcp[2680249]: DHCPRELEASE(tapa258421e-31) 10.1.0.8 fa:16:3e:71:54:48
Oct 17 16:51:54.283283 podb-esxi207 dnsmasq-dhcp[2680249]: DHCPRELEASE(tapa258421e-31) 10.1.0.8 fa:16:3e:71:54:48 unknown lease
Oct 17 16:51:55.107434 podb-esxi207 dnsmasq[2680249]: read /opt/stack/data/neutron/dhcp/f08d64d0-2e28-40f5-9001-53c6339f50a4/addn_hosts - 2 names
Oct 17 16:51:55.107573 podb-esxi207 dnsmasq-dhcp[2680249]: read /opt/stack/data/neutron/dhcp/f08d64d0-2e28-40f5-9001-53c6339f50a4/host
Oct 17 16:51:55.107683 podb-esxi207 dnsmasq-dhcp[2680249]: read /opt/stack/data/neutron/dhcp/f08d64d0-2e28-40f5-9001-53c6339f50a4/opts
Oct 17 16:51:57.742787 podb-esxi207 dnsmasq-dhcp[2678308]: DHCPRELEASE(tapdf3e0b15-3a) 10.1.0.14 fa:16:3e:96:b3:38
Oct 17 16:51:57.760033 podb-esxi207 dnsmasq-dhcp[2678308]: DHCPRELEASE(tapdf3e0b15-3a) 10.1.0.14 fa:16:3e:96:b3:38 unknown lease
Oct 17 16:51:58.583967 podb-esxi207 dnsmasq[2678308]: read /opt/stack/data/neutron/dhcp/79c1026f-0716-49da-9952-19ee40c4804e/addn_hosts - 2 names
Oct 17 16:51:58.584053 podb-esxi207 dnsmasq-dhcp[2678308]: read /opt/stack/data/neutron/dhcp/79c1026f-0716-49da-9952-19ee40c4804e/host
Oct 17 16:51:58.584158 podb-esxi207 dnsmasq-dhcp[2678308]: read /opt/stack/data/neutron/dhcp/79c1026f-0716-49da-9952-19ee40c4804e/opts
Oct 17 16:52:04.374204 podb-esxi207 dnsmasq[2680249]: read /opt/stack/data/neutron/dhcp/f08d64d0-2e28-40f5-9001-53c6339f50a4/addn_hosts - 0 names
Oct 17 16:52:04.374284 podb-esxi207 dnsmasq-dhcp[2680249]: read /opt/stack/data/neutron/dhcp/f08d64d0-2e28-40f5-9001-53c6339f50a4/host
Oct 17 16:52:04.374391 podb-esxi207 dnsmasq-dhcp[2680249]: read /opt/stack/data/neutron/dhcp/f08d64d0-2e28-40f5-9001-53c6339f50a4/opts
Oct 17 16:52:05.586394 podb-esxi207 dnsmasq[2680249]: exiting on receipt of SIGTERM
Oct 17 16:52:06.702062 podb-esxi207 dnsmasq[2639350]: read /opt/stack/data/neutron/dhcp/685a6e27-8b0f-4142-8d04-3126190c6ce5/addn_hosts - 0 names
Oct 17 16:52:06.702129 podb-esxi207 dnsmasq-dhcp[2639350]: read /opt/stack/data/neutron/dhcp/685a6e27-8b0f-4142-8d04-3126190c6ce5/host
Oct 17 16:52:06.702218 podb-esxi207 dnsmasq-dhcp[2639350]: read /opt/stack/data/neutron/dhcp/685a6e27-8b0f-4142-8d04-3126190c6ce5/opts
Oct 17 16:52:06.949841 podb-esxi207 dnsmasq-dhcp[2680533]: DHCPRELEASE(tap6ea01f3f-f8) 10.1.0.1 fa:16:3e:06:68:07
Oct 17 16:52:07.773521 podb-esxi207 dnsmasq[2680533]: read /opt/stack/data/neutron/dhcp/891885d2-d463-451d-be3d-a13d6896058f/addn_hosts - 0 names
Oct 17 16:52:07.773596 podb-esxi207 dnsmasq-dhcp[2680533]: read /opt/stack/data/neutron/dhcp/891885d2-d463-451d-be3d-a13d6896058f/host
Oct 17 16:52:07.773702 podb-esxi207 dnsmasq-dhcp[2680533]: read /opt/stack/data/neutron/dhcp/891885d2-d463-451d-be3d-a13d6896058f/opts
Oct 17 16:52:08.030507 podb-esxi207 dnsmasq[2680533]: exiting on receipt of SIGTERM
Oct 17 16:52:09.147906 podb-esxi207 dnsmasq[2681094]: read /opt/stack/data/neutron/dhcp/400cac9c-41f9-4857-b750-af51ecd311ef/addn_hosts - 6 names
Oct 17 16:52:09.148054 podb-esxi207 dnsmasq-dhcp[2681094]: read /opt/stack/data/neutron/dhcp/400cac9c-41f9-4857-b750-af51ecd311ef/host
Oct 17 16:52:09.148192 podb-esxi207 dnsmasq-dhcp[2681094]: read /opt/stack/data/neutron/dhcp/400cac9c-41f9-4857-b750-af51ecd311ef/opts
Oct 17 16:52:11.118152 podb-esxi207 dnsmasq[2678308]: read /opt/stack/data/neutron/dhcp/79c1026f-0716-49da-9952-19ee40c4804e/addn_hosts - 4 names
Oct 17 16:52:11.118296 podb-esxi207 dnsmasq-dhcp[2678308]: read /opt/stack/data/neutron/dhcp/79c1026f-0716-49da-9952-19ee40c4804e/host
Oct 17 16:52:11.118397 podb-esxi207 dnsmasq-dhcp[2678308]: read /opt/stack/data/neutron/dhcp/79c1026f-0716-49da-9952-19ee40c4804e/opts
Oct 17 16:52:26.556265 podb-esxi207 dnsmasq[2683261]: started, version 2.90 cachesize 150
Oct 17 16:52:26.556292 podb-esxi207 dnsmasq[2683261]: DNS service limited to local subnets
Oct 17 16:52:26.556306 podb-esxi207 dnsmasq[2683261]: compile time options: IPv6 GNU-getopt DBus no-UBus i18n IDN2 DHCP DHCPv6 no-Lua TFTP conntrack ipset no-nftset auth cryptohash DNSSEC loop-detect inotify dumpfile
Oct 17 16:52:26.556347 podb-esxi207 dnsmasq-dhcp[2683261]: DHCP, static leases only on 10.1.0.0, lease time 1d
Oct 17 16:52:26.556496 podb-esxi207 dnsmasq[2683261]: reading /etc/resolv.conf
Oct 17 16:52:26.556512 podb-esxi207 dnsmasq[2683261]: using nameserver 127.0.0.53#53
Oct 17 16:52:26.556603 podb-esxi207 dnsmasq[2683261]: read /opt/stack/data/neutron/dhcp/74f44c68-2e35-48db-95bb-4c9d3741d96d/addn_hosts - 0 names
Oct 17 16:52:26.556652 podb-esxi207 dnsmasq-dhcp[2683261]: read /opt/stack/data/neutron/dhcp/74f44c68-2e35-48db-95bb-4c9d3741d96d/host
Oct 17 16:52:26.556708 podb-esxi207 dnsmasq-dhcp[2683261]: read /opt/stack/data/neutron/dhcp/74f44c68-2e35-48db-95bb-4c9d3741d96d/opts
Oct 17 16:52:28.096363 podb-esxi207 dnsmasq[2683261]: read /opt/stack/data/neutron/dhcp/74f44c68-2e35-48db-95bb-4c9d3741d96d/addn_hosts - 2 names
Oct 17 16:52:28.096441 podb-esxi207 dnsmasq-dhcp[2683261]: read /opt/stack/data/neutron/dhcp/74f44c68-2e35-48db-95bb-4c9d3741d96d/host
Oct 17 16:52:28.096544 podb-esxi207 dnsmasq-dhcp[2683261]: read /opt/stack/data/neutron/dhcp/74f44c68-2e35-48db-95bb-4c9d3741d96d/opts
Oct 17 16:52:29.328014 podb-esxi207 dnsmasq[2683261]: read /opt/stack/data/neutron/dhcp/74f44c68-2e35-48db-95bb-4c9d3741d96d/addn_hosts - 2 names
Oct 17 16:52:29.328095 podb-esxi207 dnsmasq-dhcp[2683261]: read /opt/stack/data/neutron/dhcp/74f44c68-2e35-48db-95bb-4c9d3741d96d/host
Oct 17 16:52:29.328218 podb-esxi207 dnsmasq-dhcp[2683261]: read /opt/stack/data/neutron/dhcp/74f44c68-2e35-48db-95bb-4c9d3741d96d/opts
Oct 17 16:52:30.567079 podb-esxi207 dnsmasq[2683261]: read /opt/stack/data/neutron/dhcp/74f44c68-2e35-48db-95bb-4c9d3741d96d/addn_hosts - 2 names
Oct 17 16:52:30.567149 podb-esxi207 dnsmasq-dhcp[2683261]: read /opt/stack/data/neutron/dhcp/74f44c68-2e35-48db-95bb-4c9d3741d96d/host
Oct 17 16:52:30.567218 podb-esxi207 dnsmasq-dhcp[2683261]: read /opt/stack/data/neutron/dhcp/74f44c68-2e35-48db-95bb-4c9d3741d96d/opts
Oct 17 16:52:33.143309 podb-esxi207 dnsmasq-dhcp[2681094]: DHCPDISCOVER(tap25b4cc55-21) fa:16:3e:63:19:a7
Oct 17 16:52:33.143334 podb-esxi207 dnsmasq-dhcp[2681094]: DHCPOFFER(tap25b4cc55-21) 10.1.0.9 fa:16:3e:63:19:a7
Oct 17 16:52:33.153695 podb-esxi207 dnsmasq-dhcp[2681094]: DHCPREQUEST(tap25b4cc55-21) 10.1.0.9 fa:16:3e:63:19:a7
Oct 17 16:52:33.153725 podb-esxi207 dnsmasq-dhcp[2681094]: DHCPACK(tap25b4cc55-21) 10.1.0.9 fa:16:3e:63:19:a7 host-10-1-0-9
Oct 17 16:52:33.854979 podb-esxi207 dnsmasq-dhcp[2678308]: DHCPDISCOVER(tapdf3e0b15-3a) fa:16:3e:05:db:9a
Oct 17 16:52:33.855008 podb-esxi207 dnsmasq-dhcp[2678308]: DHCPOFFER(tapdf3e0b15-3a) 10.1.0.7 fa:16:3e:05:db:9a
Oct 17 16:52:33.865216 podb-esxi207 dnsmasq-dhcp[2678308]: DHCPREQUEST(tapdf3e0b15-3a) 10.1.0.7 fa:16:3e:05:db:9a
Oct 17 16:52:33.865244 podb-esxi207 dnsmasq-dhcp[2678308]: DHCPACK(tapdf3e0b15-3a) 10.1.0.7 fa:16:3e:05:db:9a host-10-1-0-7
Oct 17 16:53:11.205602 podb-esxi207 dnsmasq-dhcp[2681094]: DHCPRELEASE(tap25b4cc55-21) 10.1.0.9 fa:16:3e:63:19:a7
Oct 17 16:53:11.221340 podb-esxi207 dnsmasq-dhcp[2681094]: DHCPRELEASE(tap25b4cc55-21) 10.1.0.9 fa:16:3e:63:19:a7 unknown lease
Oct 17 16:53:12.047019 podb-esxi207 dnsmasq[2681094]: read /opt/stack/data/neutron/dhcp/400cac9c-41f9-4857-b750-af51ecd311ef/addn_hosts - 4 names
Oct 17 16:53:12.047164 podb-esxi207 dnsmasq-dhcp[2681094]: read /opt/stack/data/neutron/dhcp/400cac9c-41f9-4857-b750-af51ecd311ef/host
Oct 17 16:53:12.047281 podb-esxi207 dnsmasq-dhcp[2681094]: read /opt/stack/data/neutron/dhcp/400cac9c-41f9-4857-b750-af51ecd311ef/opts
Oct 17 16:53:47.181776 podb-esxi207 dnsmasq-dhcp[2681094]: DHCPRELEASE(tap25b4cc55-21) 10.1.0.7 fa:16:3e:a5:17:8e
Oct 17 16:53:47.198458 podb-esxi207 dnsmasq-dhcp[2681094]: DHCPRELEASE(tap25b4cc55-21) 10.1.0.7 fa:16:3e:a5:17:8e unknown lease
Oct 17 16:53:48.023311 podb-esxi207 dnsmasq[2681094]: read /opt/stack/data/neutron/dhcp/400cac9c-41f9-4857-b750-af51ecd311ef/addn_hosts - 2 names
Oct 17 16:53:48.023417 podb-esxi207 dnsmasq-dhcp[2681094]: read /opt/stack/data/neutron/dhcp/400cac9c-41f9-4857-b750-af51ecd311ef/host
Oct 17 16:53:48.023525 podb-esxi207 dnsmasq-dhcp[2681094]: read /opt/stack/data/neutron/dhcp/400cac9c-41f9-4857-b750-af51ecd311ef/opts
Oct 17 16:53:59.087856 podb-esxi207 dnsmasq[2681094]: read /opt/stack/data/neutron/dhcp/400cac9c-41f9-4857-b750-af51ecd311ef/addn_hosts - 4 names
Oct 17 16:53:59.088005 podb-esxi207 dnsmasq-dhcp[2681094]: read /opt/stack/data/neutron/dhcp/400cac9c-41f9-4857-b750-af51ecd311ef/host
Oct 17 16:53:59.088115 podb-esxi207 dnsmasq-dhcp[2681094]: read /opt/stack/data/neutron/dhcp/400cac9c-41f9-4857-b750-af51ecd311ef/opts
Oct 17 16:54:01.167697 podb-esxi207 dnsmasq[2683261]: read /opt/stack/data/neutron/dhcp/74f44c68-2e35-48db-95bb-4c9d3741d96d/addn_hosts - 4 names
Oct 17 16:54:01.167845 podb-esxi207 dnsmasq-dhcp[2683261]: read /opt/stack/data/neutron/dhcp/74f44c68-2e35-48db-95bb-4c9d3741d96d/host
Oct 17 16:54:01.167953 podb-esxi207 dnsmasq-dhcp[2683261]: read /opt/stack/data/neutron/dhcp/74f44c68-2e35-48db-95bb-4c9d3741d96d/opts
Oct 17 16:54:22.939837 podb-esxi207 dnsmasq-dhcp[2681094]: DHCPDISCOVER(tap25b4cc55-21) fa:16:3e:de:31:b8
Oct 17 16:54:22.939866 podb-esxi207 dnsmasq-dhcp[2681094]: DHCPOFFER(tap25b4cc55-21) 10.1.0.10 fa:16:3e:de:31:b8
Oct 17 16:54:22.950657 podb-esxi207 dnsmasq-dhcp[2681094]: DHCPREQUEST(tap25b4cc55-21) 10.1.0.10 fa:16:3e:de:31:b8
Oct 17 16:54:22.950690 podb-esxi207 dnsmasq-dhcp[2681094]: DHCPACK(tap25b4cc55-21) 10.1.0.10 fa:16:3e:de:31:b8 host-10-1-0-10
Oct 17 16:54:23.150817 podb-esxi207 dnsmasq-dhcp[2683261]: DHCPDISCOVER(tap94ef2b35-a4) fa:16:3e:4d:f6:3c
Oct 17 16:54:23.150844 podb-esxi207 dnsmasq-dhcp[2683261]: DHCPOFFER(tap94ef2b35-a4) 10.1.0.8 fa:16:3e:4d:f6:3c
Oct 17 16:54:23.161048 podb-esxi207 dnsmasq-dhcp[2683261]: DHCPREQUEST(tap94ef2b35-a4) 10.1.0.8 fa:16:3e:4d:f6:3c
Oct 17 16:54:23.161076 podb-esxi207 dnsmasq-dhcp[2683261]: DHCPACK(tap94ef2b35-a4) 10.1.0.8 fa:16:3e:4d:f6:3c host-10-1-0-8
Oct 17 16:55:09.274229 podb-esxi207 dnsmasq[2685792]: started, version 2.90 cachesize 150
Oct 17 16:55:09.274254 podb-esxi207 dnsmasq[2685792]: DNS service limited to local subnets
Oct 17 16:55:09.274269 podb-esxi207 dnsmasq[2685792]: compile time options: IPv6 GNU-getopt DBus no-UBus i18n IDN2 DHCP DHCPv6 no-Lua TFTP conntrack ipset no-nftset auth cryptohash DNSSEC loop-detect inotify dumpfile
Oct 17 16:55:09.274309 podb-esxi207 dnsmasq-dhcp[2685792]: DHCP, static leases only on 10.1.0.0, lease time 1d
Oct 17 16:55:09.274486 podb-esxi207 dnsmasq[2685792]: reading /etc/resolv.conf
Oct 17 16:55:09.274504 podb-esxi207 dnsmasq[2685792]: using nameserver 127.0.0.53#53
Oct 17 16:55:09.274593 podb-esxi207 dnsmasq[2685792]: read /opt/stack/data/neutron/dhcp/1880ab55-05f5-44c0-96fc-a487d76573cc/addn_hosts - 0 names
Oct 17 16:55:09.274650 podb-esxi207 dnsmasq-dhcp[2685792]: read /opt/stack/data/neutron/dhcp/1880ab55-05f5-44c0-96fc-a487d76573cc/host
Oct 17 16:55:09.274724 podb-esxi207 dnsmasq-dhcp[2685792]: read /opt/stack/data/neutron/dhcp/1880ab55-05f5-44c0-96fc-a487d76573cc/opts
Oct 17 16:55:10.818501 podb-esxi207 dnsmasq[2685792]: read /opt/stack/data/neutron/dhcp/1880ab55-05f5-44c0-96fc-a487d76573cc/addn_hosts - 2 names
Oct 17 16:55:10.818610 podb-esxi207 dnsmasq-dhcp[2685792]: read /opt/stack/data/neutron/dhcp/1880ab55-05f5-44c0-96fc-a487d76573cc/host
Oct 17 16:55:10.818713 podb-esxi207 dnsmasq-dhcp[2685792]: read /opt/stack/data/neutron/dhcp/1880ab55-05f5-44c0-96fc-a487d76573cc/opts
