Oct 17 16:21:44.284100 podb-esxi207 systemd[1]: Started Devstack devstack@q-dhcp.service.
Oct 17 16:21:44.714758 podb-esxi207 neutron-dhcp-agent[2624661]: This program is using eventlet and has been monkey_patched
Oct 17 16:22:01.921483 podb-esxi207 sudo[2626449]:    stack : PWD=/ ; USER=root ; COMMAND=/opt/stack/data/venv/bin/neutron-rootwrap /etc/neutron/rootwrap.conf privsep-helper --config-file /etc/neutron/neutron.conf --config-file /etc/neutron/dhcp_agent.ini --privsep_context neutron.privileged.default --privsep_sock_path /tmp/tmpiewqjgbn/privsep.sock
Oct 17 16:22:01.922619 podb-esxi207 sudo[2626449]: pam_unix(sudo:session): session opened for user root(uid=0) by (uid=1001)
Oct 17 16:22:02.704722 podb-esxi207 sudo[2626449]: pam_unix(sudo:session): session closed for user root
Oct 17 16:22:03.743119 podb-esxi207 sudo[2626491]:    stack : PWD=/ ; USER=root ; COMMAND=/opt/stack/data/venv/bin/neutron-rootwrap /etc/neutron/rootwrap.conf privsep-helper --config-file /etc/neutron/neutron.conf --config-file /etc/neutron/dhcp_agent.ini --privsep_context neutron.privileged.namespace_cmd --privsep_sock_path /tmp/tmpxa__gvwe/privsep.sock
Oct 17 16:22:03.744276 podb-esxi207 sudo[2626491]: pam_unix(sudo:session): session opened for user root(uid=0) by (uid=1001)
Oct 17 16:22:04.525596 podb-esxi207 sudo[2626491]: pam_unix(sudo:session): session closed for user root
Oct 17 16:22:05.599417 podb-esxi207 sudo[2626538]:    stack : PWD=/ ; USER=root ; COMMAND=/opt/stack/data/venv/bin/neutron-rootwrap /etc/neutron/rootwrap.conf privsep-helper --config-file /etc/neutron/neutron.conf --config-file /etc/neutron/dhcp_agent.ini --privsep_context neutron.privileged.link_cmd --privsep_sock_path /tmp/tmpx3pyxtc6/privsep.sock
Oct 17 16:22:05.600576 podb-esxi207 sudo[2626538]: pam_unix(sudo:session): session opened for user root(uid=0) by (uid=1001)
Oct 17 16:22:06.381906 podb-esxi207 sudo[2626538]: pam_unix(sudo:session): session closed for user root
Oct 17 16:22:08.975188 podb-esxi207 sudo[2626683]:    stack : PWD=/ ; USER=root ; COMMAND=/opt/stack/data/venv/bin/neutron-rootwrap-daemon /etc/neutron/rootwrap.conf
Oct 17 16:22:08.976328 podb-esxi207 sudo[2626683]: pam_unix(sudo:session): session opened for user root(uid=0) by (uid=1001)
Oct 17 16:22:09.261552 podb-esxi207 dnsmasq[2626694]: started, version 2.90 cachesize 150
Oct 17 16:22:09.261582 podb-esxi207 dnsmasq[2626694]: DNS service limited to local subnets
Oct 17 16:22:09.261597 podb-esxi207 dnsmasq[2626694]: compile time options: IPv6 GNU-getopt DBus no-UBus i18n IDN2 DHCP DHCPv6 no-Lua TFTP conntrack ipset no-nftset auth cryptohash DNSSEC loop-detect inotify dumpfile
Oct 17 16:22:09.261639 podb-esxi207 dnsmasq-dhcp[2626694]: DHCP, static leases only on 10.1.0.0, lease time 1d
Oct 17 16:22:09.261794 podb-esxi207 dnsmasq[2626694]: reading /etc/resolv.conf
Oct 17 16:22:09.261811 podb-esxi207 dnsmasq[2626694]: using nameserver 127.0.0.53#53
Oct 17 16:22:09.261906 podb-esxi207 dnsmasq[2626694]: read /opt/stack/data/neutron/dhcp/26f0c681-8dc2-4671-a2f0-7d3642ce7d96/addn_hosts - 0 names
Oct 17 16:22:09.261957 podb-esxi207 dnsmasq-dhcp[2626694]: read /opt/stack/data/neutron/dhcp/26f0c681-8dc2-4671-a2f0-7d3642ce7d96/host
Oct 17 16:22:09.262013 podb-esxi207 dnsmasq-dhcp[2626694]: read /opt/stack/data/neutron/dhcp/26f0c681-8dc2-4671-a2f0-7d3642ce7d96/opts
Oct 17 16:22:10.807279 podb-esxi207 dnsmasq[2626694]: read /opt/stack/data/neutron/dhcp/26f0c681-8dc2-4671-a2f0-7d3642ce7d96/addn_hosts - 0 names
Oct 17 16:22:10.807421 podb-esxi207 dnsmasq-dhcp[2626694]: read /opt/stack/data/neutron/dhcp/26f0c681-8dc2-4671-a2f0-7d3642ce7d96/host
Oct 17 16:22:10.807525 podb-esxi207 dnsmasq-dhcp[2626694]: read /opt/stack/data/neutron/dhcp/26f0c681-8dc2-4671-a2f0-7d3642ce7d96/opts
Oct 17 16:22:13.467250 podb-esxi207 dnsmasq[2626694]: read /opt/stack/data/neutron/dhcp/26f0c681-8dc2-4671-a2f0-7d3642ce7d96/addn_hosts - 2 names
Oct 17 16:22:13.467420 podb-esxi207 dnsmasq-dhcp[2626694]: read /opt/stack/data/neutron/dhcp/26f0c681-8dc2-4671-a2f0-7d3642ce7d96/host
Oct 17 16:22:13.467533 podb-esxi207 dnsmasq-dhcp[2626694]: read /opt/stack/data/neutron/dhcp/26f0c681-8dc2-4671-a2f0-7d3642ce7d96/opts
Oct 17 16:22:14.708661 podb-esxi207 dnsmasq[2626694]: read /opt/stack/data/neutron/dhcp/26f0c681-8dc2-4671-a2f0-7d3642ce7d96/addn_hosts - 2 names
Oct 17 16:22:14.708833 podb-esxi207 dnsmasq-dhcp[2626694]: read /opt/stack/data/neutron/dhcp/26f0c681-8dc2-4671-a2f0-7d3642ce7d96/host
Oct 17 16:22:14.708963 podb-esxi207 dnsmasq-dhcp[2626694]: read /opt/stack/data/neutron/dhcp/26f0c681-8dc2-4671-a2f0-7d3642ce7d96/opts
Oct 17 16:24:05.755950 podb-esxi207 dnsmasq[2639350]: started, version 2.90 cachesize 150
Oct 17 16:24:05.755981 podb-esxi207 dnsmasq[2639350]: DNS service limited to local subnets
Oct 17 16:24:05.755996 podb-esxi207 dnsmasq[2639350]: compile time options: IPv6 GNU-getopt DBus no-UBus i18n IDN2 DHCP DHCPv6 no-Lua TFTP conntrack ipset no-nftset auth cryptohash DNSSEC loop-detect inotify dumpfile
Oct 17 16:24:05.756038 podb-esxi207 dnsmasq-dhcp[2639350]: DHCP, static leases only on 192.168.233.0, lease time 1d
Oct 17 16:24:05.756229 podb-esxi207 dnsmasq[2639350]: reading /etc/resolv.conf
Oct 17 16:24:05.756246 podb-esxi207 dnsmasq[2639350]: using nameserver 127.0.0.53#53
Oct 17 16:24:05.756329 podb-esxi207 dnsmasq[2639350]: read /opt/stack/data/neutron/dhcp/685a6e27-8b0f-4142-8d04-3126190c6ce5/addn_hosts - 0 names
Oct 17 16:24:05.756381 podb-esxi207 dnsmasq-dhcp[2639350]: read /opt/stack/data/neutron/dhcp/685a6e27-8b0f-4142-8d04-3126190c6ce5/host
Oct 17 16:24:05.756450 podb-esxi207 dnsmasq-dhcp[2639350]: read /opt/stack/data/neutron/dhcp/685a6e27-8b0f-4142-8d04-3126190c6ce5/opts
Oct 17 16:24:07.298125 podb-esxi207 dnsmasq[2639350]: read /opt/stack/data/neutron/dhcp/685a6e27-8b0f-4142-8d04-3126190c6ce5/addn_hosts - 0 names
Oct 17 16:24:07.298190 podb-esxi207 dnsmasq-dhcp[2639350]: read /opt/stack/data/neutron/dhcp/685a6e27-8b0f-4142-8d04-3126190c6ce5/host
Oct 17 16:24:07.298249 podb-esxi207 dnsmasq-dhcp[2639350]: read /opt/stack/data/neutron/dhcp/685a6e27-8b0f-4142-8d04-3126190c6ce5/opts
Oct 17 16:30:46.104741 podb-esxi207 dnsmasq[2646402]: started, version 2.90 cachesize 150
Oct 17 16:30:46.104773 podb-esxi207 dnsmasq[2646402]: DNS service limited to local subnets
Oct 17 16:30:46.104787 podb-esxi207 dnsmasq[2646402]: compile time options: IPv6 GNU-getopt DBus no-UBus i18n IDN2 DHCP DHCPv6 no-Lua TFTP conntrack ipset no-nftset auth cryptohash DNSSEC loop-detect inotify dumpfile
Oct 17 16:30:46.104840 podb-esxi207 dnsmasq-dhcp[2646402]: DHCP, static leases only on 10.1.0.0, lease time 1d
Oct 17 16:30:46.104995 podb-esxi207 dnsmasq[2646402]: reading /etc/resolv.conf
Oct 17 16:30:46.105011 podb-esxi207 dnsmasq[2646402]: using nameserver 127.0.0.53#53
Oct 17 16:30:46.105108 podb-esxi207 dnsmasq[2646402]: read /opt/stack/data/neutron/dhcp/1362f321-1f23-45dc-ad73-351d44a72e0d/addn_hosts - 0 names
Oct 17 16:30:46.105160 podb-esxi207 dnsmasq-dhcp[2646402]: read /opt/stack/data/neutron/dhcp/1362f321-1f23-45dc-ad73-351d44a72e0d/host
Oct 17 16:30:46.105216 podb-esxi207 dnsmasq-dhcp[2646402]: read /opt/stack/data/neutron/dhcp/1362f321-1f23-45dc-ad73-351d44a72e0d/opts
Oct 17 16:30:49.391518 podb-esxi207 dnsmasq[2646794]: started, version 2.90 cachesize 150
Oct 17 16:30:49.391547 podb-esxi207 dnsmasq[2646794]: DNS service limited to local subnets
Oct 17 16:30:49.391565 podb-esxi207 dnsmasq[2646794]: compile time options: IPv6 GNU-getopt DBus no-UBus i18n IDN2 DHCP DHCPv6 no-Lua TFTP conntrack ipset no-nftset auth cryptohash DNSSEC loop-detect inotify dumpfile
Oct 17 16:30:49.391608 podb-esxi207 dnsmasq-dhcp[2646794]: DHCP, static leases only on 10.1.0.0, lease time 1d
Oct 17 16:30:49.391774 podb-esxi207 dnsmasq[2646794]: reading /etc/resolv.conf
Oct 17 16:30:49.391801 podb-esxi207 dnsmasq[2646794]: using nameserver 127.0.0.53#53
Oct 17 16:30:49.391927 podb-esxi207 dnsmasq[2646794]: read /opt/stack/data/neutron/dhcp/3cc9e68c-91b8-4237-8146-b5bc93166b5f/addn_hosts - 2 names
Oct 17 16:30:49.392003 podb-esxi207 dnsmasq-dhcp[2646794]: read /opt/stack/data/neutron/dhcp/3cc9e68c-91b8-4237-8146-b5bc93166b5f/host
Oct 17 16:30:49.392070 podb-esxi207 dnsmasq-dhcp[2646794]: read /opt/stack/data/neutron/dhcp/3cc9e68c-91b8-4237-8146-b5bc93166b5f/opts
Oct 17 16:30:52.784278 podb-esxi207 dnsmasq[2647464]: started, version 2.90 cachesize 150
Oct 17 16:30:52.784303 podb-esxi207 dnsmasq[2647464]: DNS service limited to local subnets
Oct 17 16:30:52.784318 podb-esxi207 dnsmasq[2647464]: compile time options: IPv6 GNU-getopt DBus no-UBus i18n IDN2 DHCP DHCPv6 no-Lua TFTP conntrack ipset no-nftset auth cryptohash DNSSEC loop-detect inotify dumpfile
Oct 17 16:30:52.784356 podb-esxi207 dnsmasq-dhcp[2647464]: DHCP, static leases only on 10.1.0.0, lease time 1d
Oct 17 16:30:52.831240 podb-esxi207 dnsmasq[2647464]: reading /etc/resolv.conf
Oct 17 16:30:52.831271 podb-esxi207 dnsmasq[2647464]: using nameserver 127.0.0.53#53
Oct 17 16:30:52.831423 podb-esxi207 dnsmasq[2647464]: read /opt/stack/data/neutron/dhcp/69039647-f015-46a2-8660-12e95163a115/addn_hosts - 2 names
Oct 17 16:30:52.831496 podb-esxi207 dnsmasq-dhcp[2647464]: read /opt/stack/data/neutron/dhcp/69039647-f015-46a2-8660-12e95163a115/host
Oct 17 16:30:52.831573 podb-esxi207 dnsmasq-dhcp[2647464]: read /opt/stack/data/neutron/dhcp/69039647-f015-46a2-8660-12e95163a115/opts
Oct 17 16:30:55.563373 podb-esxi207 dnsmasq[2647857]: started, version 2.90 cachesize 150
Oct 17 16:30:55.563397 podb-esxi207 dnsmasq[2647857]: DNS service limited to local subnets
Oct 17 16:30:55.563413 podb-esxi207 dnsmasq[2647857]: compile time options: IPv6 GNU-getopt DBus no-UBus i18n IDN2 DHCP DHCPv6 no-Lua TFTP conntrack ipset no-nftset auth cryptohash DNSSEC loop-detect inotify dumpfile
Oct 17 16:30:55.563451 podb-esxi207 dnsmasq-dhcp[2647857]: DHCP, static leases only on 10.1.0.0, lease time 1d
Oct 17 16:30:55.563617 podb-esxi207 dnsmasq[2647857]: reading /etc/resolv.conf
Oct 17 16:30:55.563634 podb-esxi207 dnsmasq[2647857]: using nameserver 127.0.0.53#53
Oct 17 16:30:55.563744 podb-esxi207 dnsmasq[2647857]: read /opt/stack/data/neutron/dhcp/d5922cf2-119c-4076-ae65-3b120c5d8d0a/addn_hosts - 2 names
Oct 17 16:30:55.563808 podb-esxi207 dnsmasq-dhcp[2647857]: read /opt/stack/data/neutron/dhcp/d5922cf2-119c-4076-ae65-3b120c5d8d0a/host
Oct 17 16:30:55.563884 podb-esxi207 dnsmasq-dhcp[2647857]: read /opt/stack/data/neutron/dhcp/d5922cf2-119c-4076-ae65-3b120c5d8d0a/opts
Oct 17 16:30:56.610130 podb-esxi207 dnsmasq[2646402]: read /opt/stack/data/neutron/dhcp/1362f321-1f23-45dc-ad73-351d44a72e0d/addn_hosts - 2 names
Oct 17 16:30:56.610256 podb-esxi207 dnsmasq-dhcp[2646402]: read /opt/stack/data/neutron/dhcp/1362f321-1f23-45dc-ad73-351d44a72e0d/host
Oct 17 16:30:56.610369 podb-esxi207 dnsmasq-dhcp[2646402]: read /opt/stack/data/neutron/dhcp/1362f321-1f23-45dc-ad73-351d44a72e0d/opts
Oct 17 16:31:00.559590 podb-esxi207 dnsmasq[2648588]: started, version 2.90 cachesize 150
Oct 17 16:31:00.559618 podb-esxi207 dnsmasq[2648588]: DNS service limited to local subnets
Oct 17 16:31:00.559634 podb-esxi207 dnsmasq[2648588]: compile time options: IPv6 GNU-getopt DBus no-UBus i18n IDN2 DHCP DHCPv6 no-Lua TFTP conntrack ipset no-nftset auth cryptohash DNSSEC loop-detect inotify dumpfile
Oct 17 16:31:00.559677 podb-esxi207 dnsmasq-dhcp[2648588]: DHCP, static leases only on 10.1.0.0, lease time 1d
Oct 17 16:31:00.559830 podb-esxi207 dnsmasq[2648588]: reading /etc/resolv.conf
Oct 17 16:31:00.559846 podb-esxi207 dnsmasq[2648588]: using nameserver 127.0.0.53#53
Oct 17 16:31:00.559960 podb-esxi207 dnsmasq[2648588]: read /opt/stack/data/neutron/dhcp/bc3dae46-cea5-478d-b7d5-0a18e1d8b7a8/addn_hosts - 2 names
Oct 17 16:31:00.560028 podb-esxi207 dnsmasq-dhcp[2648588]: read /opt/stack/data/neutron/dhcp/bc3dae46-cea5-478d-b7d5-0a18e1d8b7a8/host
Oct 17 16:31:00.560096 podb-esxi207 dnsmasq-dhcp[2648588]: read /opt/stack/data/neutron/dhcp/bc3dae46-cea5-478d-b7d5-0a18e1d8b7a8/opts
Oct 17 16:31:03.378801 podb-esxi207 dnsmasq[2649005]: started, version 2.90 cachesize 150
Oct 17 16:31:03.378829 podb-esxi207 dnsmasq[2649005]: DNS service limited to local subnets
Oct 17 16:31:03.378844 podb-esxi207 dnsmasq[2649005]: compile time options: IPv6 GNU-getopt DBus no-UBus i18n IDN2 DHCP DHCPv6 no-Lua TFTP conntrack ipset no-nftset auth cryptohash DNSSEC loop-detect inotify dumpfile
Oct 17 16:31:03.378881 podb-esxi207 dnsmasq-dhcp[2649005]: DHCP, static leases only on 10.1.0.0, lease time 1d
Oct 17 16:31:03.379043 podb-esxi207 dnsmasq[2649005]: reading /etc/resolv.conf
Oct 17 16:31:03.379058 podb-esxi207 dnsmasq[2649005]: using nameserver 127.0.0.53#53
Oct 17 16:31:03.379172 podb-esxi207 dnsmasq[2649005]: read /opt/stack/data/neutron/dhcp/55cb58ef-0fe2-4f86-b16c-a4e8bdb9ba50/addn_hosts - 2 names
Oct 17 16:31:03.379227 podb-esxi207 dnsmasq-dhcp[2649005]: read /opt/stack/data/neutron/dhcp/55cb58ef-0fe2-4f86-b16c-a4e8bdb9ba50/host
Oct 17 16:31:03.379301 podb-esxi207 dnsmasq-dhcp[2649005]: read /opt/stack/data/neutron/dhcp/55cb58ef-0fe2-4f86-b16c-a4e8bdb9ba50/opts
Oct 17 16:31:04.925447 podb-esxi207 dnsmasq[2646794]: read /opt/stack/data/neutron/dhcp/3cc9e68c-91b8-4237-8146-b5bc93166b5f/addn_hosts - 2 names
Oct 17 16:31:04.925564 podb-esxi207 dnsmasq-dhcp[2646794]: read /opt/stack/data/neutron/dhcp/3cc9e68c-91b8-4237-8146-b5bc93166b5f/host
Oct 17 16:31:04.925674 podb-esxi207 dnsmasq-dhcp[2646794]: read /opt/stack/data/neutron/dhcp/3cc9e68c-91b8-4237-8146-b5bc93166b5f/opts
Oct 17 16:31:06.690348 podb-esxi207 dnsmasq[2647857]: read /opt/stack/data/neutron/dhcp/d5922cf2-119c-4076-ae65-3b120c5d8d0a/addn_hosts - 4 names
Oct 17 16:31:06.690445 podb-esxi207 dnsmasq-dhcp[2647857]: read /opt/stack/data/neutron/dhcp/d5922cf2-119c-4076-ae65-3b120c5d8d0a/host
Oct 17 16:31:06.690561 podb-esxi207 dnsmasq-dhcp[2647857]: read /opt/stack/data/neutron/dhcp/d5922cf2-119c-4076-ae65-3b120c5d8d0a/opts
Oct 17 16:31:07.440608 podb-esxi207 dnsmasq[2646402]: read /opt/stack/data/neutron/dhcp/1362f321-1f23-45dc-ad73-351d44a72e0d/addn_hosts - 2 names
Oct 17 16:31:07.440698 podb-esxi207 dnsmasq-dhcp[2646402]: read /opt/stack/data/neutron/dhcp/1362f321-1f23-45dc-ad73-351d44a72e0d/host
Oct 17 16:31:07.440769 podb-esxi207 dnsmasq-dhcp[2646402]: read /opt/stack/data/neutron/dhcp/1362f321-1f23-45dc-ad73-351d44a72e0d/opts
Oct 17 16:31:09.697347 podb-esxi207 dnsmasq[2648588]: read /opt/stack/data/neutron/dhcp/bc3dae46-cea5-478d-b7d5-0a18e1d8b7a8/addn_hosts - 2 names
Oct 17 16:31:09.697438 podb-esxi207 dnsmasq-dhcp[2648588]: read /opt/stack/data/neutron/dhcp/bc3dae46-cea5-478d-b7d5-0a18e1d8b7a8/host
Oct 17 16:31:09.697526 podb-esxi207 dnsmasq-dhcp[2648588]: read /opt/stack/data/neutron/dhcp/bc3dae46-cea5-478d-b7d5-0a18e1d8b7a8/opts
Oct 17 16:31:10.949825 podb-esxi207 dnsmasq[2649005]: read /opt/stack/data/neutron/dhcp/55cb58ef-0fe2-4f86-b16c-a4e8bdb9ba50/addn_hosts - 2 names
Oct 17 16:31:10.949916 podb-esxi207 dnsmasq-dhcp[2649005]: read /opt/stack/data/neutron/dhcp/55cb58ef-0fe2-4f86-b16c-a4e8bdb9ba50/host
Oct 17 16:31:10.950011 podb-esxi207 dnsmasq-dhcp[2649005]: read /opt/stack/data/neutron/dhcp/55cb58ef-0fe2-4f86-b16c-a4e8bdb9ba50/opts
Oct 17 16:31:13.793649 podb-esxi207 dnsmasq[2649915]: started, version 2.90 cachesize 150
Oct 17 16:31:13.793673 podb-esxi207 dnsmasq[2649915]: DNS service limited to local subnets
Oct 17 16:31:13.793689 podb-esxi207 dnsmasq[2649915]: compile time options: IPv6 GNU-getopt DBus no-UBus i18n IDN2 DHCP DHCPv6 no-Lua TFTP conntrack ipset no-nftset auth cryptohash DNSSEC loop-detect inotify dumpfile
Oct 17 16:31:13.793729 podb-esxi207 dnsmasq-dhcp[2649915]: DHCP, static leases only on 10.1.0.0, lease time 1d
Oct 17 16:31:13.793907 podb-esxi207 dnsmasq[2649915]: reading /etc/resolv.conf
Oct 17 16:31:13.793925 podb-esxi207 dnsmasq[2649915]: using nameserver 127.0.0.53#53
Oct 17 16:31:13.794064 podb-esxi207 dnsmasq[2649915]: read /opt/stack/data/neutron/dhcp/c66fbe12-e841-41b2-8171-23b7537df2e7/addn_hosts - 2 names
Oct 17 16:31:13.794133 podb-esxi207 dnsmasq-dhcp[2649915]: read /opt/stack/data/neutron/dhcp/c66fbe12-e841-41b2-8171-23b7537df2e7/host
Oct 17 16:31:13.794208 podb-esxi207 dnsmasq-dhcp[2649915]: read /opt/stack/data/neutron/dhcp/c66fbe12-e841-41b2-8171-23b7537df2e7/opts
Oct 17 16:31:14.328453 podb-esxi207 dnsmasq[2646794]: read /opt/stack/data/neutron/dhcp/3cc9e68c-91b8-4237-8146-b5bc93166b5f/addn_hosts - 2 names
Oct 17 16:31:14.328550 podb-esxi207 dnsmasq-dhcp[2646794]: read /opt/stack/data/neutron/dhcp/3cc9e68c-91b8-4237-8146-b5bc93166b5f/host
Oct 17 16:31:14.328623 podb-esxi207 dnsmasq-dhcp[2646794]: read /opt/stack/data/neutron/dhcp/3cc9e68c-91b8-4237-8146-b5bc93166b5f/opts
Oct 17 16:31:15.070905 podb-esxi207 dnsmasq[2647464]: read /opt/stack/data/neutron/dhcp/69039647-f015-46a2-8660-12e95163a115/addn_hosts - 2 names
Oct 17 16:31:15.071037 podb-esxi207 dnsmasq-dhcp[2647464]: read /opt/stack/data/neutron/dhcp/69039647-f015-46a2-8660-12e95163a115/host
Oct 17 16:31:15.071154 podb-esxi207 dnsmasq-dhcp[2647464]: read /opt/stack/data/neutron/dhcp/69039647-f015-46a2-8660-12e95163a115/opts
Oct 17 16:31:15.805164 podb-esxi207 dnsmasq[2647857]: read /opt/stack/data/neutron/dhcp/d5922cf2-119c-4076-ae65-3b120c5d8d0a/addn_hosts - 4 names
Oct 17 16:31:15.805319 podb-esxi207 dnsmasq-dhcp[2647857]: read /opt/stack/data/neutron/dhcp/d5922cf2-119c-4076-ae65-3b120c5d8d0a/host
Oct 17 16:31:15.805442 podb-esxi207 dnsmasq-dhcp[2647857]: read /opt/stack/data/neutron/dhcp/d5922cf2-119c-4076-ae65-3b120c5d8d0a/opts
Oct 17 16:31:16.560357 podb-esxi207 dnsmasq[2646402]: read /opt/stack/data/neutron/dhcp/1362f321-1f23-45dc-ad73-351d44a72e0d/addn_hosts - 2 names
Oct 17 16:31:16.560446 podb-esxi207 dnsmasq-dhcp[2646402]: read /opt/stack/data/neutron/dhcp/1362f321-1f23-45dc-ad73-351d44a72e0d/host
Oct 17 16:31:16.560522 podb-esxi207 dnsmasq-dhcp[2646402]: read /opt/stack/data/neutron/dhcp/1362f321-1f23-45dc-ad73-351d44a72e0d/opts
Oct 17 16:31:19.712705 podb-esxi207 dnsmasq[2650082]: started, version 2.90 cachesize 150
Oct 17 16:31:19.712732 podb-esxi207 dnsmasq[2650082]: DNS service limited to local subnets
Oct 17 16:31:19.712746 podb-esxi207 dnsmasq[2650082]: compile time options: IPv6 GNU-getopt DBus no-UBus i18n IDN2 DHCP DHCPv6 no-Lua TFTP conntrack ipset no-nftset auth cryptohash DNSSEC loop-detect inotify dumpfile
Oct 17 16:31:19.712781 podb-esxi207 dnsmasq-dhcp[2650082]: DHCP, static leases only on 10.1.0.0, lease time 1d
Oct 17 16:31:19.712924 podb-esxi207 dnsmasq[2650082]: reading /etc/resolv.conf
Oct 17 16:31:19.712940 podb-esxi207 dnsmasq[2650082]: using nameserver 127.0.0.53#53
Oct 17 16:31:19.713055 podb-esxi207 dnsmasq[2650082]: read /opt/stack/data/neutron/dhcp/f10df71a-92b3-4386-b7ce-84ac874f6310/addn_hosts - 2 names
Oct 17 16:31:19.713116 podb-esxi207 dnsmasq-dhcp[2650082]: read /opt/stack/data/neutron/dhcp/f10df71a-92b3-4386-b7ce-84ac874f6310/host
Oct 17 16:31:19.713182 podb-esxi207 dnsmasq-dhcp[2650082]: read /opt/stack/data/neutron/dhcp/f10df71a-92b3-4386-b7ce-84ac874f6310/opts
Oct 17 16:31:22.263649 podb-esxi207 dnsmasq[2650192]: started, version 2.90 cachesize 150
Oct 17 16:31:22.263671 podb-esxi207 dnsmasq[2650192]: DNS service limited to local subnets
Oct 17 16:31:22.263685 podb-esxi207 dnsmasq[2650192]: compile time options: IPv6 GNU-getopt DBus no-UBus i18n IDN2 DHCP DHCPv6 no-Lua TFTP conntrack ipset no-nftset auth cryptohash DNSSEC loop-detect inotify dumpfile
Oct 17 16:31:22.263719 podb-esxi207 dnsmasq-dhcp[2650192]: DHCP, static leases only on 10.1.0.0, lease time 1d
Oct 17 16:31:22.263864 podb-esxi207 dnsmasq[2650192]: reading /etc/resolv.conf
Oct 17 16:31:22.263880 podb-esxi207 dnsmasq[2650192]: using nameserver 127.0.0.53#53
Oct 17 16:31:22.263986 podb-esxi207 dnsmasq[2650192]: read /opt/stack/data/neutron/dhcp/5cceb53f-a742-4159-9859-3ae71c000e8b/addn_hosts - 2 names
Oct 17 16:31:22.264039 podb-esxi207 dnsmasq-dhcp[2650192]: read /opt/stack/data/neutron/dhcp/5cceb53f-a742-4159-9859-3ae71c000e8b/host
Oct 17 16:31:22.264114 podb-esxi207 dnsmasq-dhcp[2650192]: read /opt/stack/data/neutron/dhcp/5cceb53f-a742-4159-9859-3ae71c000e8b/opts
Oct 17 16:31:25.267946 podb-esxi207 dnsmasq[2650326]: started, version 2.90 cachesize 150
Oct 17 16:31:25.267971 podb-esxi207 dnsmasq[2650326]: DNS service limited to local subnets
Oct 17 16:31:25.267986 podb-esxi207 dnsmasq[2650326]: compile time options: IPv6 GNU-getopt DBus no-UBus i18n IDN2 DHCP DHCPv6 no-Lua TFTP conntrack ipset no-nftset auth cryptohash DNSSEC loop-detect inotify dumpfile
Oct 17 16:31:25.268019 podb-esxi207 dnsmasq-dhcp[2650326]: DHCP, static leases only on 10.1.0.0, lease time 1d
Oct 17 16:31:25.268189 podb-esxi207 dnsmasq[2650326]: reading /etc/resolv.conf
Oct 17 16:31:25.268205 podb-esxi207 dnsmasq[2650326]: using nameserver 127.0.0.53#53
Oct 17 16:31:25.268308 podb-esxi207 dnsmasq[2650326]: read /opt/stack/data/neutron/dhcp/4c11b01c-f19a-40f1-858c-f8dbe811bb6e/addn_hosts - 2 names
Oct 17 16:31:25.268370 podb-esxi207 dnsmasq-dhcp[2650326]: read /opt/stack/data/neutron/dhcp/4c11b01c-f19a-40f1-858c-f8dbe811bb6e/host
Oct 17 16:31:25.268434 podb-esxi207 dnsmasq-dhcp[2650326]: read /opt/stack/data/neutron/dhcp/4c11b01c-f19a-40f1-858c-f8dbe811bb6e/opts
Oct 17 16:31:25.798720 podb-esxi207 dnsmasq[2646794]: read /opt/stack/data/neutron/dhcp/3cc9e68c-91b8-4237-8146-b5bc93166b5f/addn_hosts - 2 names
Oct 17 16:31:25.798794 podb-esxi207 dnsmasq-dhcp[2646794]: read /opt/stack/data/neutron/dhcp/3cc9e68c-91b8-4237-8146-b5bc93166b5f/host
Oct 17 16:31:25.798896 podb-esxi207 dnsmasq-dhcp[2646794]: read /opt/stack/data/neutron/dhcp/3cc9e68c-91b8-4237-8146-b5bc93166b5f/opts
Oct 17 16:31:26.525454 podb-esxi207 dnsmasq[2647464]: read /opt/stack/data/neutron/dhcp/69039647-f015-46a2-8660-12e95163a115/addn_hosts - 2 names
Oct 17 16:31:26.525559 podb-esxi207 dnsmasq-dhcp[2647464]: read /opt/stack/data/neutron/dhcp/69039647-f015-46a2-8660-12e95163a115/host
Oct 17 16:31:26.525677 podb-esxi207 dnsmasq-dhcp[2647464]: read /opt/stack/data/neutron/dhcp/69039647-f015-46a2-8660-12e95163a115/opts
Oct 17 16:31:27.241354 podb-esxi207 dnsmasq[2647857]: read /opt/stack/data/neutron/dhcp/d5922cf2-119c-4076-ae65-3b120c5d8d0a/addn_hosts - 4 names
Oct 17 16:31:27.241434 podb-esxi207 dnsmasq-dhcp[2647857]: read /opt/stack/data/neutron/dhcp/d5922cf2-119c-4076-ae65-3b120c5d8d0a/host
Oct 17 16:31:27.241528 podb-esxi207 dnsmasq-dhcp[2647857]: read /opt/stack/data/neutron/dhcp/d5922cf2-119c-4076-ae65-3b120c5d8d0a/opts
Oct 17 16:31:29.933836 podb-esxi207 dnsmasq[2650482]: started, version 2.90 cachesize 150
Oct 17 16:31:29.933861 podb-esxi207 dnsmasq[2650482]: DNS service limited to local subnets
Oct 17 16:31:29.933875 podb-esxi207 dnsmasq[2650482]: compile time options: IPv6 GNU-getopt DBus no-UBus i18n IDN2 DHCP DHCPv6 no-Lua TFTP conntrack ipset no-nftset auth cryptohash DNSSEC loop-detect inotify dumpfile
Oct 17 16:31:29.933915 podb-esxi207 dnsmasq-dhcp[2650482]: DHCP, static leases only on 10.1.0.0, lease time 1d
Oct 17 16:31:29.934060 podb-esxi207 dnsmasq[2650482]: reading /etc/resolv.conf
Oct 17 16:31:29.934076 podb-esxi207 dnsmasq[2650482]: using nameserver 127.0.0.53#53
Oct 17 16:31:29.934188 podb-esxi207 dnsmasq[2650482]: read /opt/stack/data/neutron/dhcp/a2b55f9a-ce33-4664-b562-c2fed428a647/addn_hosts - 2 names
Oct 17 16:31:29.934242 podb-esxi207 dnsmasq-dhcp[2650482]: read /opt/stack/data/neutron/dhcp/a2b55f9a-ce33-4664-b562-c2fed428a647/host
Oct 17 16:31:29.934315 podb-esxi207 dnsmasq-dhcp[2650482]: read /opt/stack/data/neutron/dhcp/a2b55f9a-ce33-4664-b562-c2fed428a647/opts
Oct 17 16:31:31.471112 podb-esxi207 dnsmasq[2649915]: read /opt/stack/data/neutron/dhcp/c66fbe12-e841-41b2-8171-23b7537df2e7/addn_hosts - 2 names
Oct 17 16:31:31.471156 podb-esxi207 dnsmasq-dhcp[2649915]: read /opt/stack/data/neutron/dhcp/c66fbe12-e841-41b2-8171-23b7537df2e7/host
Oct 17 16:31:31.471193 podb-esxi207 dnsmasq-dhcp[2649915]: read /opt/stack/data/neutron/dhcp/c66fbe12-e841-41b2-8171-23b7537df2e7/opts
Oct 17 16:31:32.707357 podb-esxi207 dnsmasq[2650082]: read /opt/stack/data/neutron/dhcp/f10df71a-92b3-4386-b7ce-84ac874f6310/addn_hosts - 2 names
Oct 17 16:31:32.707444 podb-esxi207 dnsmasq-dhcp[2650082]: read /opt/stack/data/neutron/dhcp/f10df71a-92b3-4386-b7ce-84ac874f6310/host
Oct 17 16:31:32.707551 podb-esxi207 dnsmasq-dhcp[2650082]: read /opt/stack/data/neutron/dhcp/f10df71a-92b3-4386-b7ce-84ac874f6310/opts
Oct 17 16:31:33.000101 podb-esxi207 dnsmasq-dhcp[2646794]: DHCPDISCOVER(tap95a5e217-22) fa:16:3e:5d:8a:33 no address available
Oct 17 16:31:33.421169 podb-esxi207 dnsmasq-dhcp[2646402]: DHCPDISCOVER(tap55dc7463-a8) fa:16:3e:e6:98:6b no address available
Oct 17 16:31:33.939773 podb-esxi207 dnsmasq[2650192]: read /opt/stack/data/neutron/dhcp/5cceb53f-a742-4159-9859-3ae71c000e8b/addn_hosts - 2 names
Oct 17 16:31:33.939876 podb-esxi207 dnsmasq-dhcp[2650192]: read /opt/stack/data/neutron/dhcp/5cceb53f-a742-4159-9859-3ae71c000e8b/host
Oct 17 16:31:33.939981 podb-esxi207 dnsmasq-dhcp[2650192]: read /opt/stack/data/neutron/dhcp/5cceb53f-a742-4159-9859-3ae71c000e8b/opts
Oct 17 16:31:35.184546 podb-esxi207 dnsmasq[2650326]: read /opt/stack/data/neutron/dhcp/4c11b01c-f19a-40f1-858c-f8dbe811bb6e/addn_hosts - 2 names
Oct 17 16:31:35.184661 podb-esxi207 dnsmasq-dhcp[2650326]: read /opt/stack/data/neutron/dhcp/4c11b01c-f19a-40f1-858c-f8dbe811bb6e/host
Oct 17 16:31:35.184767 podb-esxi207 dnsmasq-dhcp[2650326]: read /opt/stack/data/neutron/dhcp/4c11b01c-f19a-40f1-858c-f8dbe811bb6e/opts
Oct 17 16:31:36.037191 podb-esxi207 dnsmasq[2648588]: read /opt/stack/data/neutron/dhcp/bc3dae46-cea5-478d-b7d5-0a18e1d8b7a8/addn_hosts - 2 names
Oct 17 16:31:36.037326 podb-esxi207 dnsmasq-dhcp[2648588]: read /opt/stack/data/neutron/dhcp/bc3dae46-cea5-478d-b7d5-0a18e1d8b7a8/host
Oct 17 16:31:36.037460 podb-esxi207 dnsmasq-dhcp[2648588]: read /opt/stack/data/neutron/dhcp/bc3dae46-cea5-478d-b7d5-0a18e1d8b7a8/opts
Oct 17 16:31:36.215262 podb-esxi207 dnsmasq-dhcp[2646794]: DHCPDISCOVER(tap95a5e217-22) fa:16:3e:5d:8a:33 no address available
Oct 17 16:31:36.635299 podb-esxi207 dnsmasq-dhcp[2646402]: DHCPDISCOVER(tap55dc7463-a8) fa:16:3e:e6:98:6b no address available
Oct 17 16:31:36.778014 podb-esxi207 dnsmasq[2649005]: read /opt/stack/data/neutron/dhcp/55cb58ef-0fe2-4f86-b16c-a4e8bdb9ba50/addn_hosts - 2 names
Oct 17 16:31:36.778099 podb-esxi207 dnsmasq-dhcp[2649005]: read /opt/stack/data/neutron/dhcp/55cb58ef-0fe2-4f86-b16c-a4e8bdb9ba50/host
Oct 17 16:31:36.778176 podb-esxi207 dnsmasq-dhcp[2649005]: read /opt/stack/data/neutron/dhcp/55cb58ef-0fe2-4f86-b16c-a4e8bdb9ba50/opts
Oct 17 16:31:36.997537 podb-esxi207 dnsmasq[2647464]: exiting on receipt of SIGTERM
Oct 17 16:31:38.116101 podb-esxi207 dnsmasq[2647857]: read /opt/stack/data/neutron/dhcp/d5922cf2-119c-4076-ae65-3b120c5d8d0a/addn_hosts - 4 names
Oct 17 16:31:38.116231 podb-esxi207 dnsmasq-dhcp[2647857]: read /opt/stack/data/neutron/dhcp/d5922cf2-119c-4076-ae65-3b120c5d8d0a/host
Oct 17 16:31:38.116335 podb-esxi207 dnsmasq-dhcp[2647857]: read /opt/stack/data/neutron/dhcp/d5922cf2-119c-4076-ae65-3b120c5d8d0a/opts
Oct 17 16:31:39.363277 podb-esxi207 dnsmasq[2650482]: read /opt/stack/data/neutron/dhcp/a2b55f9a-ce33-4664-b562-c2fed428a647/addn_hosts - 2 names
Oct 17 16:31:39.363366 podb-esxi207 dnsmasq-dhcp[2650482]: read /opt/stack/data/neutron/dhcp/a2b55f9a-ce33-4664-b562-c2fed428a647/host
Oct 17 16:31:39.363459 podb-esxi207 dnsmasq-dhcp[2650482]: read /opt/stack/data/neutron/dhcp/a2b55f9a-ce33-4664-b562-c2fed428a647/opts
Oct 17 16:31:41.610446 podb-esxi207 dnsmasq[2649915]: read /opt/stack/data/neutron/dhcp/c66fbe12-e841-41b2-8171-23b7537df2e7/addn_hosts - 2 names
Oct 17 16:31:41.610572 podb-esxi207 dnsmasq-dhcp[2649915]: read /opt/stack/data/neutron/dhcp/c66fbe12-e841-41b2-8171-23b7537df2e7/host
Oct 17 16:31:41.610704 podb-esxi207 dnsmasq-dhcp[2649915]: read /opt/stack/data/neutron/dhcp/c66fbe12-e841-41b2-8171-23b7537df2e7/opts
Oct 17 16:31:42.327657 podb-esxi207 dnsmasq[2650082]: read /opt/stack/data/neutron/dhcp/f10df71a-92b3-4386-b7ce-84ac874f6310/addn_hosts - 2 names
Oct 17 16:31:42.327801 podb-esxi207 dnsmasq-dhcp[2650082]: read /opt/stack/data/neutron/dhcp/f10df71a-92b3-4386-b7ce-84ac874f6310/host
Oct 17 16:31:42.327924 podb-esxi207 dnsmasq-dhcp[2650082]: read /opt/stack/data/neutron/dhcp/f10df71a-92b3-4386-b7ce-84ac874f6310/opts
Oct 17 16:31:43.097375 podb-esxi207 dnsmasq[2650192]: read /opt/stack/data/neutron/dhcp/5cceb53f-a742-4159-9859-3ae71c000e8b/addn_hosts - 2 names
Oct 17 16:31:43.097698 podb-esxi207 dnsmasq-dhcp[2650192]: read /opt/stack/data/neutron/dhcp/5cceb53f-a742-4159-9859-3ae71c000e8b/host
Oct 17 16:31:43.097779 podb-esxi207 dnsmasq-dhcp[2650192]: read /opt/stack/data/neutron/dhcp/5cceb53f-a742-4159-9859-3ae71c000e8b/opts
Oct 17 16:31:44.349912 podb-esxi207 dnsmasq[2646402]: read /opt/stack/data/neutron/dhcp/1362f321-1f23-45dc-ad73-351d44a72e0d/addn_hosts - 4 names
Oct 17 16:31:44.350062 podb-esxi207 dnsmasq-dhcp[2646402]: read /opt/stack/data/neutron/dhcp/1362f321-1f23-45dc-ad73-351d44a72e0d/host
Oct 17 16:31:44.350166 podb-esxi207 dnsmasq-dhcp[2646402]: read /opt/stack/data/neutron/dhcp/1362f321-1f23-45dc-ad73-351d44a72e0d/opts
Oct 17 16:31:44.650307 podb-esxi207 dnsmasq-dhcp[2646794]: DHCPDISCOVER(tap95a5e217-22) fa:16:3e:5d:8a:33 no address available
Oct 17 16:31:45.095791 podb-esxi207 dnsmasq[2646794]: read /opt/stack/data/neutron/dhcp/3cc9e68c-91b8-4237-8146-b5bc93166b5f/addn_hosts - 4 names
Oct 17 16:31:45.095940 podb-esxi207 dnsmasq-dhcp[2646794]: read /opt/stack/data/neutron/dhcp/3cc9e68c-91b8-4237-8146-b5bc93166b5f/host
Oct 17 16:31:45.096051 podb-esxi207 dnsmasq-dhcp[2646794]: read /opt/stack/data/neutron/dhcp/3cc9e68c-91b8-4237-8146-b5bc93166b5f/opts
Oct 17 16:31:45.454030 podb-esxi207 dnsmasq-dhcp[2646402]: DHCPDISCOVER(tap55dc7463-a8) fa:16:3e:e6:98:6b
Oct 17 16:31:45.454058 podb-esxi207 dnsmasq-dhcp[2646402]: DHCPOFFER(tap55dc7463-a8) 10.1.0.9 fa:16:3e:e6:98:6b
Oct 17 16:31:45.479878 podb-esxi207 dnsmasq-dhcp[2646402]: DHCPREQUEST(tap55dc7463-a8) 10.1.0.9 fa:16:3e:e6:98:6b
Oct 17 16:31:45.479908 podb-esxi207 dnsmasq-dhcp[2646402]: DHCPACK(tap55dc7463-a8) 10.1.0.9 fa:16:3e:e6:98:6b host-10-1-0-9
Oct 17 16:31:45.831296 podb-esxi207 dnsmasq[2648588]: read /opt/stack/data/neutron/dhcp/bc3dae46-cea5-478d-b7d5-0a18e1d8b7a8/addn_hosts - 2 names
Oct 17 16:31:45.831439 podb-esxi207 dnsmasq-dhcp[2648588]: read /opt/stack/data/neutron/dhcp/bc3dae46-cea5-478d-b7d5-0a18e1d8b7a8/host
Oct 17 16:31:45.831557 podb-esxi207 dnsmasq-dhcp[2648588]: read /opt/stack/data/neutron/dhcp/bc3dae46-cea5-478d-b7d5-0a18e1d8b7a8/opts
Oct 17 16:31:46.065016 podb-esxi207 dnsmasq[2649005]: exiting on receipt of SIGTERM
Oct 17 16:31:46.685712 podb-esxi207 dnsmasq[2647857]: exiting on receipt of SIGTERM
Oct 17 16:31:48.329670 podb-esxi207 dnsmasq[2649915]: read /opt/stack/data/neutron/dhcp/c66fbe12-e841-41b2-8171-23b7537df2e7/addn_hosts - 2 names
Oct 17 16:31:48.329813 podb-esxi207 dnsmasq-dhcp[2649915]: read /opt/stack/data/neutron/dhcp/c66fbe12-e841-41b2-8171-23b7537df2e7/host
Oct 17 16:31:48.329931 podb-esxi207 dnsmasq-dhcp[2649915]: read /opt/stack/data/neutron/dhcp/c66fbe12-e841-41b2-8171-23b7537df2e7/opts
Oct 17 16:31:48.567355 podb-esxi207 dnsmasq[2650082]: exiting on receipt of SIGTERM
Oct 17 16:31:49.678140 podb-esxi207 dnsmasq[2650192]: read /opt/stack/data/neutron/dhcp/5cceb53f-a742-4159-9859-3ae71c000e8b/addn_hosts - 2 names
Oct 17 16:31:49.678255 podb-esxi207 dnsmasq-dhcp[2650192]: read /opt/stack/data/neutron/dhcp/5cceb53f-a742-4159-9859-3ae71c000e8b/host
Oct 17 16:31:49.678393 podb-esxi207 dnsmasq-dhcp[2650192]: read /opt/stack/data/neutron/dhcp/5cceb53f-a742-4159-9859-3ae71c000e8b/opts
Oct 17 16:31:52.564645 podb-esxi207 dnsmasq[2651398]: started, version 2.90 cachesize 150
Oct 17 16:31:52.564674 podb-esxi207 dnsmasq[2651398]: DNS service limited to local subnets
Oct 17 16:31:52.564689 podb-esxi207 dnsmasq[2651398]: compile time options: IPv6 GNU-getopt DBus no-UBus i18n IDN2 DHCP DHCPv6 no-Lua TFTP conntrack ipset no-nftset auth cryptohash DNSSEC loop-detect inotify dumpfile
Oct 17 16:31:52.564725 podb-esxi207 dnsmasq-dhcp[2651398]: DHCP, static leases only on 10.1.0.0, lease time 1d
Oct 17 16:31:52.564879 podb-esxi207 dnsmasq[2651398]: reading /etc/resolv.conf
Oct 17 16:31:52.564894 podb-esxi207 dnsmasq[2651398]: using nameserver 127.0.0.53#53
Oct 17 16:31:52.565016 podb-esxi207 dnsmasq[2651398]: read /opt/stack/data/neutron/dhcp/f565057f-0dc4-4b70-a123-c9f4db6b6851/addn_hosts - 2 names
Oct 17 16:31:52.565080 podb-esxi207 dnsmasq-dhcp[2651398]: read /opt/stack/data/neutron/dhcp/f565057f-0dc4-4b70-a123-c9f4db6b6851/host
Oct 17 16:31:52.565147 podb-esxi207 dnsmasq-dhcp[2651398]: read /opt/stack/data/neutron/dhcp/f565057f-0dc4-4b70-a123-c9f4db6b6851/opts
Oct 17 16:31:55.199536 podb-esxi207 dnsmasq[2651530]: started, version 2.90 cachesize 150
Oct 17 16:31:55.199560 podb-esxi207 dnsmasq[2651530]: DNS service limited to local subnets
Oct 17 16:31:55.199575 podb-esxi207 dnsmasq[2651530]: compile time options: IPv6 GNU-getopt DBus no-UBus i18n IDN2 DHCP DHCPv6 no-Lua TFTP conntrack ipset no-nftset auth cryptohash DNSSEC loop-detect inotify dumpfile
Oct 17 16:31:55.199622 podb-esxi207 dnsmasq-dhcp[2651530]: DHCP, static leases only on 10.1.1.0, lease time 1d
Oct 17 16:31:55.199777 podb-esxi207 dnsmasq[2651530]: reading /etc/resolv.conf
Oct 17 16:31:55.199793 podb-esxi207 dnsmasq[2651530]: using nameserver 127.0.0.53#53
Oct 17 16:31:55.199927 podb-esxi207 dnsmasq[2651530]: read /opt/stack/data/neutron/dhcp/d0850fe9-d0e4-473c-9770-afb914a41b23/addn_hosts - 8 names
Oct 17 16:31:55.200000 podb-esxi207 dnsmasq-dhcp[2651530]: read /opt/stack/data/neutron/dhcp/d0850fe9-d0e4-473c-9770-afb914a41b23/host
Oct 17 16:31:55.200052 podb-esxi207 dnsmasq-dhcp[2651530]: read /opt/stack/data/neutron/dhcp/d0850fe9-d0e4-473c-9770-afb914a41b23/opts
Oct 17 16:31:57.860714 podb-esxi207 dnsmasq[2651584]: started, version 2.90 cachesize 150
Oct 17 16:31:57.860741 podb-esxi207 dnsmasq[2651584]: DNS service limited to local subnets
Oct 17 16:31:57.860756 podb-esxi207 dnsmasq[2651584]: compile time options: IPv6 GNU-getopt DBus no-UBus i18n IDN2 DHCP DHCPv6 no-Lua TFTP conntrack ipset no-nftset auth cryptohash DNSSEC loop-detect inotify dumpfile
Oct 17 16:31:57.860797 podb-esxi207 dnsmasq-dhcp[2651584]: DHCP, static leases only on 10.2.2.0, lease time 1d
Oct 17 16:31:57.860952 podb-esxi207 dnsmasq[2651584]: reading /etc/resolv.conf
Oct 17 16:31:57.860969 podb-esxi207 dnsmasq[2651584]: using nameserver 127.0.0.53#53
Oct 17 16:31:57.861092 podb-esxi207 dnsmasq[2651584]: read /opt/stack/data/neutron/dhcp/440fb6ee-26c8-40d8-a9e2-3eeec2ed1758/addn_hosts - 4 names
Oct 17 16:31:57.861153 podb-esxi207 dnsmasq-dhcp[2651584]: read /opt/stack/data/neutron/dhcp/440fb6ee-26c8-40d8-a9e2-3eeec2ed1758/host
Oct 17 16:31:57.861207 podb-esxi207 dnsmasq-dhcp[2651584]: read /opt/stack/data/neutron/dhcp/440fb6ee-26c8-40d8-a9e2-3eeec2ed1758/opts
Oct 17 16:31:59.410388 podb-esxi207 dnsmasq[2651398]: read /opt/stack/data/neutron/dhcp/f565057f-0dc4-4b70-a123-c9f4db6b6851/addn_hosts - 2 names
Oct 17 16:31:59.410521 podb-esxi207 dnsmasq-dhcp[2651398]: read /opt/stack/data/neutron/dhcp/f565057f-0dc4-4b70-a123-c9f4db6b6851/host
Oct 17 16:31:59.410634 podb-esxi207 dnsmasq-dhcp[2651398]: read /opt/stack/data/neutron/dhcp/f565057f-0dc4-4b70-a123-c9f4db6b6851/opts
Oct 17 16:32:00.153872 podb-esxi207 dnsmasq[2650482]: read /opt/stack/data/neutron/dhcp/a2b55f9a-ce33-4664-b562-c2fed428a647/addn_hosts - 2 names
Oct 17 16:32:00.153987 podb-esxi207 dnsmasq-dhcp[2650482]: read /opt/stack/data/neutron/dhcp/a2b55f9a-ce33-4664-b562-c2fed428a647/host
Oct 17 16:32:00.154094 podb-esxi207 dnsmasq-dhcp[2650482]: read /opt/stack/data/neutron/dhcp/a2b55f9a-ce33-4664-b562-c2fed428a647/opts
Oct 17 16:32:00.496054 podb-esxi207 dnsmasq-dhcp[2646794]: DHCPDISCOVER(tap95a5e217-22) fa:16:3e:5d:8a:33
Oct 17 16:32:00.496084 podb-esxi207 dnsmasq-dhcp[2646794]: DHCPOFFER(tap95a5e217-22) 10.1.0.8 fa:16:3e:5d:8a:33
Oct 17 16:32:00.521211 podb-esxi207 dnsmasq-dhcp[2646794]: DHCPREQUEST(tap95a5e217-22) 10.1.0.8 fa:16:3e:5d:8a:33
Oct 17 16:32:00.521249 podb-esxi207 dnsmasq-dhcp[2646794]: DHCPACK(tap95a5e217-22) 10.1.0.8 fa:16:3e:5d:8a:33 host-10-1-0-8
Oct 17 16:32:01.404070 podb-esxi207 dnsmasq[2651530]: read /opt/stack/data/neutron/dhcp/d0850fe9-d0e4-473c-9770-afb914a41b23/addn_hosts - 8 names
Oct 17 16:32:01.404211 podb-esxi207 dnsmasq-dhcp[2651530]: read /opt/stack/data/neutron/dhcp/d0850fe9-d0e4-473c-9770-afb914a41b23/host
Oct 17 16:32:01.404262 podb-esxi207 dnsmasq-dhcp[2651530]: read /opt/stack/data/neutron/dhcp/d0850fe9-d0e4-473c-9770-afb914a41b23/opts
Oct 17 16:32:02.645220 podb-esxi207 dnsmasq[2651584]: read /opt/stack/data/neutron/dhcp/440fb6ee-26c8-40d8-a9e2-3eeec2ed1758/addn_hosts - 4 names
Oct 17 16:32:02.645328 podb-esxi207 dnsmasq-dhcp[2651584]: read /opt/stack/data/neutron/dhcp/440fb6ee-26c8-40d8-a9e2-3eeec2ed1758/host
Oct 17 16:32:02.645419 podb-esxi207 dnsmasq-dhcp[2651584]: read /opt/stack/data/neutron/dhcp/440fb6ee-26c8-40d8-a9e2-3eeec2ed1758/opts
Oct 17 16:32:03.402271 podb-esxi207 dnsmasq[2650326]: read /opt/stack/data/neutron/dhcp/4c11b01c-f19a-40f1-858c-f8dbe811bb6e/addn_hosts - 4 names
Oct 17 16:32:03.402403 podb-esxi207 dnsmasq-dhcp[2650326]: read /opt/stack/data/neutron/dhcp/4c11b01c-f19a-40f1-858c-f8dbe811bb6e/host
Oct 17 16:32:03.402514 podb-esxi207 dnsmasq-dhcp[2650326]: read /opt/stack/data/neutron/dhcp/4c11b01c-f19a-40f1-858c-f8dbe811bb6e/opts
Oct 17 16:32:04.671022 podb-esxi207 dnsmasq[2651398]: read /opt/stack/data/neutron/dhcp/f565057f-0dc4-4b70-a123-c9f4db6b6851/addn_hosts - 2 names
Oct 17 16:32:04.671133 podb-esxi207 dnsmasq-dhcp[2651398]: read /opt/stack/data/neutron/dhcp/f565057f-0dc4-4b70-a123-c9f4db6b6851/host
Oct 17 16:32:04.671239 podb-esxi207 dnsmasq-dhcp[2651398]: read /opt/stack/data/neutron/dhcp/f565057f-0dc4-4b70-a123-c9f4db6b6851/opts
Oct 17 16:32:05.418361 podb-esxi207 dnsmasq[2650482]: read /opt/stack/data/neutron/dhcp/a2b55f9a-ce33-4664-b562-c2fed428a647/addn_hosts - 2 names
Oct 17 16:32:05.418498 podb-esxi207 dnsmasq-dhcp[2650482]: read /opt/stack/data/neutron/dhcp/a2b55f9a-ce33-4664-b562-c2fed428a647/host
Oct 17 16:32:05.418607 podb-esxi207 dnsmasq-dhcp[2650482]: read /opt/stack/data/neutron/dhcp/a2b55f9a-ce33-4664-b562-c2fed428a647/opts
Oct 17 16:32:06.160624 podb-esxi207 dnsmasq[2651530]: read /opt/stack/data/neutron/dhcp/d0850fe9-d0e4-473c-9770-afb914a41b23/addn_hosts - 8 names
Oct 17 16:32:06.160767 podb-esxi207 dnsmasq-dhcp[2651530]: read /opt/stack/data/neutron/dhcp/d0850fe9-d0e4-473c-9770-afb914a41b23/host
Oct 17 16:32:06.160854 podb-esxi207 dnsmasq-dhcp[2651530]: read /opt/stack/data/neutron/dhcp/d0850fe9-d0e4-473c-9770-afb914a41b23/opts
Oct 17 16:32:06.902338 podb-esxi207 dnsmasq[2651584]: read /opt/stack/data/neutron/dhcp/440fb6ee-26c8-40d8-a9e2-3eeec2ed1758/addn_hosts - 4 names
Oct 17 16:32:06.902456 podb-esxi207 dnsmasq-dhcp[2651584]: read /opt/stack/data/neutron/dhcp/440fb6ee-26c8-40d8-a9e2-3eeec2ed1758/host
Oct 17 16:32:06.902546 podb-esxi207 dnsmasq-dhcp[2651584]: read /opt/stack/data/neutron/dhcp/440fb6ee-26c8-40d8-a9e2-3eeec2ed1758/opts
Oct 17 16:32:07.645445 podb-esxi207 dnsmasq[2650326]: read /opt/stack/data/neutron/dhcp/4c11b01c-f19a-40f1-858c-f8dbe811bb6e/addn_hosts - 4 names
Oct 17 16:32:07.645604 podb-esxi207 dnsmasq-dhcp[2650326]: read /opt/stack/data/neutron/dhcp/4c11b01c-f19a-40f1-858c-f8dbe811bb6e/host
Oct 17 16:32:07.645712 podb-esxi207 dnsmasq-dhcp[2650326]: read /opt/stack/data/neutron/dhcp/4c11b01c-f19a-40f1-858c-f8dbe811bb6e/opts
Oct 17 16:32:08.897523 podb-esxi207 dnsmasq[2651398]: read /opt/stack/data/neutron/dhcp/f565057f-0dc4-4b70-a123-c9f4db6b6851/addn_hosts - 2 names
Oct 17 16:32:08.897653 podb-esxi207 dnsmasq-dhcp[2651398]: read /opt/stack/data/neutron/dhcp/f565057f-0dc4-4b70-a123-c9f4db6b6851/host
Oct 17 16:32:08.897764 podb-esxi207 dnsmasq-dhcp[2651398]: read /opt/stack/data/neutron/dhcp/f565057f-0dc4-4b70-a123-c9f4db6b6851/opts
Oct 17 16:32:09.642122 podb-esxi207 dnsmasq[2651530]: read /opt/stack/data/neutron/dhcp/d0850fe9-d0e4-473c-9770-afb914a41b23/addn_hosts - 8 names
Oct 17 16:32:09.642268 podb-esxi207 dnsmasq-dhcp[2651530]: read /opt/stack/data/neutron/dhcp/d0850fe9-d0e4-473c-9770-afb914a41b23/host
Oct 17 16:32:09.642359 podb-esxi207 dnsmasq-dhcp[2651530]: read /opt/stack/data/neutron/dhcp/d0850fe9-d0e4-473c-9770-afb914a41b23/opts
Oct 17 16:32:10.379198 podb-esxi207 dnsmasq[2651584]: read /opt/stack/data/neutron/dhcp/440fb6ee-26c8-40d8-a9e2-3eeec2ed1758/addn_hosts - 4 names
Oct 17 16:32:10.379354 podb-esxi207 dnsmasq-dhcp[2651584]: read /opt/stack/data/neutron/dhcp/440fb6ee-26c8-40d8-a9e2-3eeec2ed1758/host
Oct 17 16:32:10.379440 podb-esxi207 dnsmasq-dhcp[2651584]: read /opt/stack/data/neutron/dhcp/440fb6ee-26c8-40d8-a9e2-3eeec2ed1758/opts
Oct 17 16:32:11.118631 podb-esxi207 dnsmasq[2650326]: read /opt/stack/data/neutron/dhcp/4c11b01c-f19a-40f1-858c-f8dbe811bb6e/addn_hosts - 4 names
Oct 17 16:32:11.118743 podb-esxi207 dnsmasq-dhcp[2650326]: read /opt/stack/data/neutron/dhcp/4c11b01c-f19a-40f1-858c-f8dbe811bb6e/host
Oct 17 16:32:11.118813 podb-esxi207 dnsmasq-dhcp[2650326]: read /opt/stack/data/neutron/dhcp/4c11b01c-f19a-40f1-858c-f8dbe811bb6e/opts
Oct 17 16:32:12.396352 podb-esxi207 dnsmasq[2651398]: read /opt/stack/data/neutron/dhcp/f565057f-0dc4-4b70-a123-c9f4db6b6851/addn_hosts - 4 names
Oct 17 16:32:12.396461 podb-esxi207 dnsmasq-dhcp[2651398]: read /opt/stack/data/neutron/dhcp/f565057f-0dc4-4b70-a123-c9f4db6b6851/host
Oct 17 16:32:12.396532 podb-esxi207 dnsmasq-dhcp[2651398]: read /opt/stack/data/neutron/dhcp/f565057f-0dc4-4b70-a123-c9f4db6b6851/opts
Oct 17 16:32:13.137231 podb-esxi207 dnsmasq[2651530]: read /opt/stack/data/neutron/dhcp/d0850fe9-d0e4-473c-9770-afb914a41b23/addn_hosts - 8 names
Oct 17 16:32:13.137354 podb-esxi207 dnsmasq-dhcp[2651530]: read /opt/stack/data/neutron/dhcp/d0850fe9-d0e4-473c-9770-afb914a41b23/host
Oct 17 16:32:13.137443 podb-esxi207 dnsmasq-dhcp[2651530]: read /opt/stack/data/neutron/dhcp/d0850fe9-d0e4-473c-9770-afb914a41b23/opts
Oct 17 16:32:14.393382 podb-esxi207 dnsmasq[2651530]: read /opt/stack/data/neutron/dhcp/d0850fe9-d0e4-473c-9770-afb914a41b23/addn_hosts - 8 names
Oct 17 16:32:14.393536 podb-esxi207 dnsmasq-dhcp[2651530]: read /opt/stack/data/neutron/dhcp/d0850fe9-d0e4-473c-9770-afb914a41b23/host
Oct 17 16:32:14.393619 podb-esxi207 dnsmasq-dhcp[2651530]: read /opt/stack/data/neutron/dhcp/d0850fe9-d0e4-473c-9770-afb914a41b23/opts
Oct 17 16:32:33.790452 podb-esxi207 dnsmasq-dhcp[2651398]: DHCPDISCOVER(tap150aa086-d1) fa:16:3e:85:46:26
Oct 17 16:32:33.790480 podb-esxi207 dnsmasq-dhcp[2651398]: DHCPOFFER(tap150aa086-d1) 10.1.0.4 fa:16:3e:85:46:26
Oct 17 16:32:33.802068 podb-esxi207 dnsmasq-dhcp[2651398]: DHCPREQUEST(tap150aa086-d1) 10.1.0.4 fa:16:3e:85:46:26
Oct 17 16:32:33.802094 podb-esxi207 dnsmasq-dhcp[2651398]: DHCPACK(tap150aa086-d1) 10.1.0.4 fa:16:3e:85:46:26 host-10-1-0-4
Oct 17 16:32:38.261082 podb-esxi207 sudo[2652850]:    stack : PWD=/ ; USER=root ; COMMAND=/opt/stack/data/venv/bin/neutron-rootwrap /etc/neutron/rootwrap.conf privsep-helper --config-file /etc/neutron/neutron.conf --config-file /etc/neutron/dhcp_agent.ini --privsep_context neutron.privileged.dhcp_release_cmd --privsep_sock_path /tmp/tmpr8hvk1g7/privsep.sock
Oct 17 16:32:38.262163 podb-esxi207 sudo[2652850]: pam_unix(sudo:session): session opened for user root(uid=0) by (uid=1001)
Oct 17 16:32:38.960521 podb-esxi207 sudo[2652850]: pam_unix(sudo:session): session closed for user root
Oct 17 16:32:39.192043 podb-esxi207 dnsmasq-dhcp[2646402]: DHCPRELEASE(tap55dc7463-a8) 10.1.0.9 fa:16:3e:e6:98:6b
Oct 17 16:32:39.205829 podb-esxi207 dnsmasq-dhcp[2646402]: DHCPRELEASE(tap55dc7463-a8) 10.1.0.9 fa:16:3e:e6:98:6b unknown lease
Oct 17 16:32:40.027045 podb-esxi207 dnsmasq[2646402]: read /opt/stack/data/neutron/dhcp/1362f321-1f23-45dc-ad73-351d44a72e0d/addn_hosts - 2 names
Oct 17 16:32:40.027122 podb-esxi207 dnsmasq-dhcp[2646402]: read /opt/stack/data/neutron/dhcp/1362f321-1f23-45dc-ad73-351d44a72e0d/host
Oct 17 16:32:40.027236 podb-esxi207 dnsmasq-dhcp[2646402]: read /opt/stack/data/neutron/dhcp/1362f321-1f23-45dc-ad73-351d44a72e0d/opts
Oct 17 16:32:46.082459 podb-esxi207 dnsmasq-dhcp[2651530]: DHCPDISCOVER(tap546f13bf-6e) fa:16:3e:e0:21:76
Oct 17 16:32:46.082488 podb-esxi207 dnsmasq-dhcp[2651530]: DHCPOFFER(tap546f13bf-6e) 10.1.1.46 fa:16:3e:e0:21:76
Oct 17 16:32:46.095080 podb-esxi207 dnsmasq-dhcp[2651530]: DHCPREQUEST(tap546f13bf-6e) 10.1.1.46 fa:16:3e:e0:21:76
Oct 17 16:32:46.095111 podb-esxi207 dnsmasq-dhcp[2651530]: DHCPACK(tap546f13bf-6e) 10.1.1.46 fa:16:3e:e0:21:76 host-10-1-1-46
Oct 17 16:32:46.291957 podb-esxi207 dnsmasq-dhcp[2651584]: DHCPDISCOVER(tap48a2b1f5-ee) fa:16:3e:2b:23:10
Oct 17 16:32:46.291997 podb-esxi207 dnsmasq-dhcp[2651584]: DHCPOFFER(tap48a2b1f5-ee) 10.2.2.200 fa:16:3e:2b:23:10
Oct 17 16:32:46.300028 podb-esxi207 dnsmasq-dhcp[2651584]: DHCPREQUEST(tap48a2b1f5-ee) 10.2.2.200 fa:16:3e:2b:23:10
Oct 17 16:32:46.300054 podb-esxi207 dnsmasq-dhcp[2651584]: DHCPACK(tap48a2b1f5-ee) 10.2.2.200 fa:16:3e:2b:23:10 host-10-2-2-200
Oct 17 16:32:46.391032 podb-esxi207 dnsmasq-dhcp[2650326]: DHCPDISCOVER(tap70e571f0-f5) fa:16:3e:9b:b0:b1
Oct 17 16:32:46.391056 podb-esxi207 dnsmasq-dhcp[2650326]: DHCPOFFER(tap70e571f0-f5) 10.1.0.5 fa:16:3e:9b:b0:b1
Oct 17 16:32:46.397025 podb-esxi207 dnsmasq-dhcp[2650326]: DHCPREQUEST(tap70e571f0-f5) 10.1.0.5 fa:16:3e:9b:b0:b1
Oct 17 16:32:46.397048 podb-esxi207 dnsmasq-dhcp[2650326]: DHCPACK(tap70e571f0-f5) 10.1.0.5 fa:16:3e:9b:b0:b1 host-10-1-0-5
Oct 17 16:32:47.039382 podb-esxi207 dnsmasq-dhcp[2651530]: DHCPDISCOVER(tap546f13bf-6e) fa:16:3e:f4:80:41
Oct 17 16:32:47.039410 podb-esxi207 dnsmasq-dhcp[2651530]: DHCPOFFER(tap546f13bf-6e) 10.1.1.124 fa:16:3e:f4:80:41
Oct 17 16:32:47.044872 podb-esxi207 dnsmasq-dhcp[2651530]: DHCPREQUEST(tap546f13bf-6e) 10.1.1.124 fa:16:3e:f4:80:41
Oct 17 16:32:47.044901 podb-esxi207 dnsmasq-dhcp[2651530]: DHCPACK(tap546f13bf-6e) 10.1.1.124 fa:16:3e:f4:80:41 host-10-1-1-124
Oct 17 16:32:47.109643 podb-esxi207 dnsmasq-dhcp[2651530]: DHCPDISCOVER(tap546f13bf-6e) fa:16:3e:3f:d7:97
Oct 17 16:32:47.109670 podb-esxi207 dnsmasq-dhcp[2651530]: DHCPOFFER(tap546f13bf-6e) 10.1.1.70 fa:16:3e:3f:d7:97
Oct 17 16:32:47.127119 podb-esxi207 dnsmasq-dhcp[2651530]: DHCPREQUEST(tap546f13bf-6e) 10.1.1.70 fa:16:3e:3f:d7:97
Oct 17 16:32:47.127145 podb-esxi207 dnsmasq-dhcp[2651530]: DHCPACK(tap546f13bf-6e) 10.1.1.70 fa:16:3e:3f:d7:97 host-10-1-1-70
Oct 17 16:32:47.254174 podb-esxi207 dnsmasq-dhcp[2651584]: DHCPDISCOVER(tap48a2b1f5-ee) fa:16:3e:3f:54:84
Oct 17 16:32:47.254208 podb-esxi207 dnsmasq-dhcp[2651584]: DHCPOFFER(tap48a2b1f5-ee) 10.2.2.100 fa:16:3e:3f:54:84
Oct 17 16:32:47.261112 podb-esxi207 dnsmasq-dhcp[2651584]: DHCPREQUEST(tap48a2b1f5-ee) 10.2.2.100 fa:16:3e:3f:54:84
Oct 17 16:32:47.261138 podb-esxi207 dnsmasq-dhcp[2651584]: DHCPACK(tap48a2b1f5-ee) 10.2.2.100 fa:16:3e:3f:54:84 host-10-2-2-100
Oct 17 16:32:47.480949 podb-esxi207 dnsmasq-dhcp[2651530]: DHCPDISCOVER(tap546f13bf-6e) fa:16:3e:6c:30:78
Oct 17 16:32:47.480977 podb-esxi207 dnsmasq-dhcp[2651530]: DHCPOFFER(tap546f13bf-6e) 10.1.1.114 fa:16:3e:6c:30:78
Oct 17 16:32:47.484253 podb-esxi207 dnsmasq-dhcp[2651530]: DHCPREQUEST(tap546f13bf-6e) 10.1.1.114 fa:16:3e:6c:30:78
Oct 17 16:32:47.484274 podb-esxi207 dnsmasq-dhcp[2651530]: DHCPACK(tap546f13bf-6e) 10.1.1.114 fa:16:3e:6c:30:78 host-10-1-1-114
Oct 17 16:32:49.028575 podb-esxi207 dnsmasq[2646402]: read /opt/stack/data/neutron/dhcp/1362f321-1f23-45dc-ad73-351d44a72e0d/addn_hosts - 0 names
Oct 17 16:32:49.028657 podb-esxi207 dnsmasq-dhcp[2646402]: read /opt/stack/data/neutron/dhcp/1362f321-1f23-45dc-ad73-351d44a72e0d/host
Oct 17 16:32:49.028732 podb-esxi207 dnsmasq-dhcp[2646402]: read /opt/stack/data/neutron/dhcp/1362f321-1f23-45dc-ad73-351d44a72e0d/opts
Oct 17 16:32:49.990804 podb-esxi207 dnsmasq[2646402]: exiting on receipt of SIGTERM
Oct 17 16:32:50.591523 podb-esxi207 dnsmasq-dhcp[2649915]: DHCPRELEASE(tap6c7b287a-e4) 10.1.0.1 fa:16:3e:00:50:91
Oct 17 16:32:51.413655 podb-esxi207 dnsmasq[2649915]: read /opt/stack/data/neutron/dhcp/c66fbe12-e841-41b2-8171-23b7537df2e7/addn_hosts - 0 names
Oct 17 16:32:51.413757 podb-esxi207 dnsmasq-dhcp[2649915]: read /opt/stack/data/neutron/dhcp/c66fbe12-e841-41b2-8171-23b7537df2e7/host
Oct 17 16:32:51.413853 podb-esxi207 dnsmasq-dhcp[2649915]: read /opt/stack/data/neutron/dhcp/c66fbe12-e841-41b2-8171-23b7537df2e7/opts
Oct 17 16:32:51.665168 podb-esxi207 dnsmasq[2649915]: exiting on receipt of SIGTERM
Oct 17 16:32:56.078571 podb-esxi207 dnsmasq[2653502]: started, version 2.90 cachesize 150
Oct 17 16:32:56.078596 podb-esxi207 dnsmasq[2653502]: DNS service limited to local subnets
Oct 17 16:32:56.078611 podb-esxi207 dnsmasq[2653502]: compile time options: IPv6 GNU-getopt DBus no-UBus i18n IDN2 DHCP DHCPv6 no-Lua TFTP conntrack ipset no-nftset auth cryptohash DNSSEC loop-detect inotify dumpfile
Oct 17 16:32:56.078647 podb-esxi207 dnsmasq-dhcp[2653502]: DHCP, static leases only on 10.1.0.0, lease time 1d
Oct 17 16:32:56.078793 podb-esxi207 dnsmasq[2653502]: reading /etc/resolv.conf
Oct 17 16:32:56.078808 podb-esxi207 dnsmasq[2653502]: using nameserver 127.0.0.53#53
Oct 17 16:32:56.078890 podb-esxi207 dnsmasq[2653502]: read /opt/stack/data/neutron/dhcp/9a331243-f328-4a42-8584-fe202fbd14af/addn_hosts - 0 names
Oct 17 16:32:56.078939 podb-esxi207 dnsmasq-dhcp[2653502]: read /opt/stack/data/neutron/dhcp/9a331243-f328-4a42-8584-fe202fbd14af/host
Oct 17 16:32:56.078995 podb-esxi207 dnsmasq-dhcp[2653502]: read /opt/stack/data/neutron/dhcp/9a331243-f328-4a42-8584-fe202fbd14af/opts
Oct 17 16:32:57.620602 podb-esxi207 dnsmasq[2653502]: read /opt/stack/data/neutron/dhcp/9a331243-f328-4a42-8584-fe202fbd14af/addn_hosts - 2 names
Oct 17 16:32:57.620706 podb-esxi207 dnsmasq-dhcp[2653502]: read /opt/stack/data/neutron/dhcp/9a331243-f328-4a42-8584-fe202fbd14af/host
Oct 17 16:32:57.620818 podb-esxi207 dnsmasq-dhcp[2653502]: read /opt/stack/data/neutron/dhcp/9a331243-f328-4a42-8584-fe202fbd14af/opts
