Oct 17 09:15:17.075419 podb-esxi207 dnsmasq[2021736]: read /opt/stack/data/neutron/dhcp/5cf9bf19-078b-499f-bef6-afe08b436c40/addn_hosts - 0 names
Oct 17 09:15:17.075491 podb-esxi207 dnsmasq-dhcp[2021736]: read /opt/stack/data/neutron/dhcp/5cf9bf19-078b-499f-bef6-afe08b436c40/host
Oct 17 09:15:17.075550 podb-esxi207 dnsmasq-dhcp[2021736]: read /opt/stack/data/neutron/dhcp/5cf9bf19-078b-499f-bef6-afe08b436c40/opts
Oct 17 09:15:17.821919 podb-esxi207 dnsmasq[2029012]: read /opt/stack/data/neutron/dhcp/aeee10b0-bffb-44ba-b863-3592a2e8d209/addn_hosts - 2 names
Oct 17 09:15:17.822054 podb-esxi207 dnsmasq-dhcp[2029012]: read /opt/stack/data/neutron/dhcp/aeee10b0-bffb-44ba-b863-3592a2e8d209/host
Oct 17 09:15:17.822174 podb-esxi207 dnsmasq-dhcp[2029012]: read /opt/stack/data/neutron/dhcp/aeee10b0-bffb-44ba-b863-3592a2e8d209/opts
Oct 17 09:15:18.750919 podb-esxi207 dnsmasq[2028665]: read /opt/stack/data/neutron/dhcp/3ea769e2-db39-48f0-9126-02ec90038aa2/addn_hosts - 2 names
Oct 17 09:15:18.751017 podb-esxi207 dnsmasq-dhcp[2028665]: read /opt/stack/data/neutron/dhcp/3ea769e2-db39-48f0-9126-02ec90038aa2/host
Oct 17 09:15:18.751134 podb-esxi207 dnsmasq-dhcp[2028665]: read /opt/stack/data/neutron/dhcp/3ea769e2-db39-48f0-9126-02ec90038aa2/opts
Oct 17 09:15:18.988775 podb-esxi207 dnsmasq[2021363]: exiting on receipt of SIGTERM
Oct 17 09:15:23.232719 podb-esxi207 dnsmasq[2029582]: started, version 2.90 cachesize 150
Oct 17 09:15:23.232745 podb-esxi207 dnsmasq[2029582]: DNS service limited to local subnets
Oct 17 09:15:23.232759 podb-esxi207 dnsmasq[2029582]: compile time options: IPv6 GNU-getopt DBus no-UBus i18n IDN2 DHCP DHCPv6 no-Lua TFTP conntrack ipset no-nftset auth cryptohash DNSSEC loop-detect inotify dumpfile
Oct 17 09:15:23.232793 podb-esxi207 dnsmasq-dhcp[2029582]: DHCP, static leases only on 10.1.0.0, lease time 1d
Oct 17 09:15:23.232937 podb-esxi207 dnsmasq[2029582]: reading /etc/resolv.conf
Oct 17 09:15:23.232953 podb-esxi207 dnsmasq[2029582]: using nameserver 127.0.0.53#53
Oct 17 09:15:23.233067 podb-esxi207 dnsmasq[2029582]: read /opt/stack/data/neutron/dhcp/67a8a3aa-9713-47ef-9e5e-f32aac070b62/addn_hosts - 2 names
Oct 17 09:15:23.233128 podb-esxi207 dnsmasq-dhcp[2029582]: read /opt/stack/data/neutron/dhcp/67a8a3aa-9713-47ef-9e5e-f32aac070b62/host
Oct 17 09:15:23.233193 podb-esxi207 dnsmasq-dhcp[2029582]: read /opt/stack/data/neutron/dhcp/67a8a3aa-9713-47ef-9e5e-f32aac070b62/opts
Oct 17 09:15:23.258218 podb-esxi207 dnsmasq[2021736]: exiting on receipt of SIGTERM
Oct 17 09:15:24.366969 podb-esxi207 dnsmasq[2029012]: read /opt/stack/data/neutron/dhcp/aeee10b0-bffb-44ba-b863-3592a2e8d209/addn_hosts - 2 names
Oct 17 09:15:24.367066 podb-esxi207 dnsmasq-dhcp[2029012]: read /opt/stack/data/neutron/dhcp/aeee10b0-bffb-44ba-b863-3592a2e8d209/host
Oct 17 09:15:24.367170 podb-esxi207 dnsmasq-dhcp[2029012]: read /opt/stack/data/neutron/dhcp/aeee10b0-bffb-44ba-b863-3592a2e8d209/opts
Oct 17 09:15:26.108147 podb-esxi207 dnsmasq[2029582]: read /opt/stack/data/neutron/dhcp/67a8a3aa-9713-47ef-9e5e-f32aac070b62/addn_hosts - 4 names
Oct 17 09:15:26.108238 podb-esxi207 dnsmasq-dhcp[2029582]: read /opt/stack/data/neutron/dhcp/67a8a3aa-9713-47ef-9e5e-f32aac070b62/host
Oct 17 09:15:26.108337 podb-esxi207 dnsmasq-dhcp[2029582]: read /opt/stack/data/neutron/dhcp/67a8a3aa-9713-47ef-9e5e-f32aac070b62/opts
Oct 17 09:15:27.358057 podb-esxi207 dnsmasq[2029582]: read /opt/stack/data/neutron/dhcp/67a8a3aa-9713-47ef-9e5e-f32aac070b62/addn_hosts - 4 names
Oct 17 09:15:27.358187 podb-esxi207 dnsmasq-dhcp[2029582]: read /opt/stack/data/neutron/dhcp/67a8a3aa-9713-47ef-9e5e-f32aac070b62/host
Oct 17 09:15:27.358306 podb-esxi207 dnsmasq-dhcp[2029582]: read /opt/stack/data/neutron/dhcp/67a8a3aa-9713-47ef-9e5e-f32aac070b62/opts
Oct 17 09:15:28.603056 podb-esxi207 dnsmasq[2029582]: read /opt/stack/data/neutron/dhcp/67a8a3aa-9713-47ef-9e5e-f32aac070b62/addn_hosts - 4 names
Oct 17 09:15:28.603164 podb-esxi207 dnsmasq-dhcp[2029582]: read /opt/stack/data/neutron/dhcp/67a8a3aa-9713-47ef-9e5e-f32aac070b62/host
Oct 17 09:15:28.603275 podb-esxi207 dnsmasq-dhcp[2029582]: read /opt/stack/data/neutron/dhcp/67a8a3aa-9713-47ef-9e5e-f32aac070b62/opts
Oct 17 09:15:28.751446 podb-esxi207 dnsmasq-dhcp[2028065]: DHCPDISCOVER(tapee29dbef-4a) fa:16:3e:de:b7:76
Oct 17 09:15:28.751482 podb-esxi207 dnsmasq-dhcp[2028065]: DHCPOFFER(tapee29dbef-4a) 10.1.0.11 fa:16:3e:de:b7:76
Oct 17 09:15:28.763695 podb-esxi207 dnsmasq-dhcp[2028065]: DHCPREQUEST(tapee29dbef-4a) 10.1.0.11 fa:16:3e:de:b7:76
Oct 17 09:15:28.763732 podb-esxi207 dnsmasq-dhcp[2028065]: DHCPACK(tapee29dbef-4a) 10.1.0.11 fa:16:3e:de:b7:76 host-10-1-0-11
Oct 17 09:15:29.860764 podb-esxi207 dnsmasq[2029582]: read /opt/stack/data/neutron/dhcp/67a8a3aa-9713-47ef-9e5e-f32aac070b62/addn_hosts - 4 names
Oct 17 09:15:29.860917 podb-esxi207 dnsmasq-dhcp[2029582]: read /opt/stack/data/neutron/dhcp/67a8a3aa-9713-47ef-9e5e-f32aac070b62/host
Oct 17 09:15:29.860993 podb-esxi207 dnsmasq-dhcp[2029582]: read /opt/stack/data/neutron/dhcp/67a8a3aa-9713-47ef-9e5e-f32aac070b62/opts
Oct 17 09:15:35.682808 podb-esxi207 dnsmasq[2029798]: started, version 2.90 cachesize 150
Oct 17 09:15:35.682835 podb-esxi207 dnsmasq[2029798]: DNS service limited to local subnets
Oct 17 09:15:35.682850 podb-esxi207 dnsmasq[2029798]: compile time options: IPv6 GNU-getopt DBus no-UBus i18n IDN2 DHCP DHCPv6 no-Lua TFTP conntrack ipset no-nftset auth cryptohash DNSSEC loop-detect inotify dumpfile
Oct 17 09:15:35.682886 podb-esxi207 dnsmasq-dhcp[2029798]: DHCP, static leases only on 10.1.1.0, lease time 1d
Oct 17 09:15:35.683039 podb-esxi207 dnsmasq[2029798]: reading /etc/resolv.conf
Oct 17 09:15:35.683060 podb-esxi207 dnsmasq[2029798]: using nameserver 127.0.0.53#53
Oct 17 09:15:35.683162 podb-esxi207 dnsmasq[2029798]: read /opt/stack/data/neutron/dhcp/02a3db81-a5ec-4408-a6ca-bd5e68b3612d/addn_hosts - 0 names
Oct 17 09:15:35.683218 podb-esxi207 dnsmasq-dhcp[2029798]: read /opt/stack/data/neutron/dhcp/02a3db81-a5ec-4408-a6ca-bd5e68b3612d/host
Oct 17 09:15:35.683279 podb-esxi207 dnsmasq-dhcp[2029798]: read /opt/stack/data/neutron/dhcp/02a3db81-a5ec-4408-a6ca-bd5e68b3612d/opts
Oct 17 09:15:38.730511 podb-esxi207 dnsmasq[2029894]: started, version 2.90 cachesize 150
Oct 17 09:15:38.730537 podb-esxi207 dnsmasq[2029894]: DNS service limited to local subnets
Oct 17 09:15:38.730552 podb-esxi207 dnsmasq[2029894]: compile time options: IPv6 GNU-getopt DBus no-UBus i18n IDN2 DHCP DHCPv6 no-Lua TFTP conntrack ipset no-nftset auth cryptohash DNSSEC loop-detect inotify dumpfile
Oct 17 09:15:38.730596 podb-esxi207 dnsmasq-dhcp[2029894]: DHCP, static leases only on 10.2.2.0, lease time 1d
Oct 17 09:15:38.730756 podb-esxi207 dnsmasq[2029894]: reading /etc/resolv.conf
Oct 17 09:15:38.730772 podb-esxi207 dnsmasq[2029894]: using nameserver 127.0.0.53#53
Oct 17 09:15:38.730849 podb-esxi207 dnsmasq[2029894]: read /opt/stack/data/neutron/dhcp/2ef0ddf5-c8b5-41dd-b89e-a16f2588c506/addn_hosts - 0 names
Oct 17 09:15:38.730898 podb-esxi207 dnsmasq-dhcp[2029894]: read /opt/stack/data/neutron/dhcp/2ef0ddf5-c8b5-41dd-b89e-a16f2588c506/host
Oct 17 09:15:38.730960 podb-esxi207 dnsmasq-dhcp[2029894]: read /opt/stack/data/neutron/dhcp/2ef0ddf5-c8b5-41dd-b89e-a16f2588c506/opts
Oct 17 09:15:39.764564 podb-esxi207 dnsmasq[2029798]: read /opt/stack/data/neutron/dhcp/02a3db81-a5ec-4408-a6ca-bd5e68b3612d/addn_hosts - 4 names
Oct 17 09:15:39.764720 podb-esxi207 dnsmasq-dhcp[2029798]: read /opt/stack/data/neutron/dhcp/02a3db81-a5ec-4408-a6ca-bd5e68b3612d/host
Oct 17 09:15:39.764784 podb-esxi207 dnsmasq-dhcp[2029798]: read /opt/stack/data/neutron/dhcp/02a3db81-a5ec-4408-a6ca-bd5e68b3612d/opts
Oct 17 09:15:41.509456 podb-esxi207 dnsmasq[2029894]: read /opt/stack/data/neutron/dhcp/2ef0ddf5-c8b5-41dd-b89e-a16f2588c506/addn_hosts - 0 names
Oct 17 09:15:41.509514 podb-esxi207 dnsmasq-dhcp[2029894]: read /opt/stack/data/neutron/dhcp/2ef0ddf5-c8b5-41dd-b89e-a16f2588c506/host
Oct 17 09:15:41.509583 podb-esxi207 dnsmasq-dhcp[2029894]: read /opt/stack/data/neutron/dhcp/2ef0ddf5-c8b5-41dd-b89e-a16f2588c506/opts
Oct 17 09:15:42.228848 podb-esxi207 dnsmasq[2029798]: read /opt/stack/data/neutron/dhcp/02a3db81-a5ec-4408-a6ca-bd5e68b3612d/addn_hosts - 4 names
Oct 17 09:15:42.228951 podb-esxi207 dnsmasq-dhcp[2029798]: read /opt/stack/data/neutron/dhcp/02a3db81-a5ec-4408-a6ca-bd5e68b3612d/host
Oct 17 09:15:42.229034 podb-esxi207 dnsmasq-dhcp[2029798]: read /opt/stack/data/neutron/dhcp/02a3db81-a5ec-4408-a6ca-bd5e68b3612d/opts
Oct 17 09:15:43.469333 podb-esxi207 dnsmasq[2028665]: read /opt/stack/data/neutron/dhcp/3ea769e2-db39-48f0-9126-02ec90038aa2/addn_hosts - 4 names
Oct 17 09:15:43.469468 podb-esxi207 dnsmasq-dhcp[2028665]: read /opt/stack/data/neutron/dhcp/3ea769e2-db39-48f0-9126-02ec90038aa2/host
Oct 17 09:15:43.469578 podb-esxi207 dnsmasq-dhcp[2028665]: read /opt/stack/data/neutron/dhcp/3ea769e2-db39-48f0-9126-02ec90038aa2/opts
Oct 17 09:15:44.193314 podb-esxi207 dnsmasq[2029798]: read /opt/stack/data/neutron/dhcp/02a3db81-a5ec-4408-a6ca-bd5e68b3612d/addn_hosts - 4 names
Oct 17 09:15:44.193426 podb-esxi207 dnsmasq-dhcp[2029798]: read /opt/stack/data/neutron/dhcp/02a3db81-a5ec-4408-a6ca-bd5e68b3612d/host
Oct 17 09:15:44.193511 podb-esxi207 dnsmasq-dhcp[2029798]: read /opt/stack/data/neutron/dhcp/02a3db81-a5ec-4408-a6ca-bd5e68b3612d/opts
Oct 17 09:15:45.425318 podb-esxi207 dnsmasq[2029894]: read /opt/stack/data/neutron/dhcp/2ef0ddf5-c8b5-41dd-b89e-a16f2588c506/addn_hosts - 2 names
Oct 17 09:15:45.425412 podb-esxi207 dnsmasq-dhcp[2029894]: read /opt/stack/data/neutron/dhcp/2ef0ddf5-c8b5-41dd-b89e-a16f2588c506/host
Oct 17 09:15:45.425490 podb-esxi207 dnsmasq-dhcp[2029894]: read /opt/stack/data/neutron/dhcp/2ef0ddf5-c8b5-41dd-b89e-a16f2588c506/opts
Oct 17 09:15:46.153918 podb-esxi207 dnsmasq[2029798]: read /opt/stack/data/neutron/dhcp/02a3db81-a5ec-4408-a6ca-bd5e68b3612d/addn_hosts - 6 names
Oct 17 09:15:46.154065 podb-esxi207 dnsmasq-dhcp[2029798]: read /opt/stack/data/neutron/dhcp/02a3db81-a5ec-4408-a6ca-bd5e68b3612d/host
Oct 17 09:15:46.154147 podb-esxi207 dnsmasq-dhcp[2029798]: read /opt/stack/data/neutron/dhcp/02a3db81-a5ec-4408-a6ca-bd5e68b3612d/opts
Oct 17 09:15:47.385023 podb-esxi207 dnsmasq[2029894]: read /opt/stack/data/neutron/dhcp/2ef0ddf5-c8b5-41dd-b89e-a16f2588c506/addn_hosts - 4 names
Oct 17 09:15:47.385106 podb-esxi207 dnsmasq-dhcp[2029894]: read /opt/stack/data/neutron/dhcp/2ef0ddf5-c8b5-41dd-b89e-a16f2588c506/host
Oct 17 09:15:47.385162 podb-esxi207 dnsmasq-dhcp[2029894]: read /opt/stack/data/neutron/dhcp/2ef0ddf5-c8b5-41dd-b89e-a16f2588c506/opts
Oct 17 09:15:48.118878 podb-esxi207 dnsmasq[2029798]: read /opt/stack/data/neutron/dhcp/02a3db81-a5ec-4408-a6ca-bd5e68b3612d/addn_hosts - 8 names
Oct 17 09:15:48.119018 podb-esxi207 dnsmasq-dhcp[2029798]: read /opt/stack/data/neutron/dhcp/02a3db81-a5ec-4408-a6ca-bd5e68b3612d/host
Oct 17 09:15:48.119111 podb-esxi207 dnsmasq-dhcp[2029798]: read /opt/stack/data/neutron/dhcp/02a3db81-a5ec-4408-a6ca-bd5e68b3612d/opts
Oct 17 09:15:48.346368 podb-esxi207 dnsmasq-dhcp[2029582]: DHCPDISCOVER(tap5bfd497e-8f) fa:16:3e:85:71:69
Oct 17 09:15:48.346398 podb-esxi207 dnsmasq-dhcp[2029582]: DHCPOFFER(tap5bfd497e-8f) 10.1.0.6 fa:16:3e:85:71:69
Oct 17 09:15:48.358372 podb-esxi207 dnsmasq-dhcp[2029582]: DHCPREQUEST(tap5bfd497e-8f) 10.1.0.6 fa:16:3e:85:71:69
Oct 17 09:15:48.358405 podb-esxi207 dnsmasq-dhcp[2029582]: DHCPACK(tap5bfd497e-8f) 10.1.0.6 fa:16:3e:85:71:69 host-10-1-0-6
Oct 17 09:15:49.923964 podb-esxi207 dnsmasq[2026519]: read /opt/stack/data/neutron/dhcp/5627ae3e-c156-47b6-a75b-1f95726b43e7/addn_hosts - 6 names
Oct 17 09:15:49.924115 podb-esxi207 dnsmasq-dhcp[2026519]: read /opt/stack/data/neutron/dhcp/5627ae3e-c156-47b6-a75b-1f95726b43e7/host
Oct 17 09:15:49.924235 podb-esxi207 dnsmasq-dhcp[2026519]: read /opt/stack/data/neutron/dhcp/5627ae3e-c156-47b6-a75b-1f95726b43e7/opts
Oct 17 09:16:09.372516 podb-esxi207 dnsmasq[2028065]: read /opt/stack/data/neutron/dhcp/914c3870-6ff7-4df7-b9d1-2c46327e2f88/addn_hosts - 6 names
Oct 17 09:16:09.372672 podb-esxi207 dnsmasq-dhcp[2028065]: read /opt/stack/data/neutron/dhcp/914c3870-6ff7-4df7-b9d1-2c46327e2f88/host
Oct 17 09:16:09.372801 podb-esxi207 dnsmasq-dhcp[2028065]: read /opt/stack/data/neutron/dhcp/914c3870-6ff7-4df7-b9d1-2c46327e2f88/opts
Oct 17 09:16:16.657633 podb-esxi207 dnsmasq-dhcp[2026519]: DHCPDISCOVER(tapb65713e0-b7) fa:16:3e:31:51:e2
Oct 17 09:16:16.657663 podb-esxi207 dnsmasq-dhcp[2026519]: DHCPOFFER(tapb65713e0-b7) 10.1.0.3 fa:16:3e:31:51:e2
Oct 17 09:16:16.670067 podb-esxi207 dnsmasq-dhcp[2026519]: DHCPREQUEST(tapb65713e0-b7) 10.1.0.3 fa:16:3e:31:51:e2
Oct 17 09:16:16.670101 podb-esxi207 dnsmasq-dhcp[2026519]: DHCPACK(tapb65713e0-b7) 10.1.0.3 fa:16:3e:31:51:e2 host-10-1-0-3
Oct 17 09:16:30.573618 podb-esxi207 dnsmasq-dhcp[2028065]: DHCPDISCOVER(tapee29dbef-4a) fa:16:3e:82:f7:06
Oct 17 09:16:30.573643 podb-esxi207 dnsmasq-dhcp[2028065]: DHCPOFFER(tapee29dbef-4a) 10.1.0.14 fa:16:3e:82:f7:06
Oct 17 09:16:30.581816 podb-esxi207 dnsmasq-dhcp[2028065]: DHCPREQUEST(tapee29dbef-4a) 10.1.0.14 fa:16:3e:82:f7:06
Oct 17 09:16:30.581851 podb-esxi207 dnsmasq-dhcp[2028065]: DHCPACK(tapee29dbef-4a) 10.1.0.14 fa:16:3e:82:f7:06 host-10-1-0-14
Oct 17 09:16:34.012517 podb-esxi207 dnsmasq-dhcp[2029798]: DHCPDISCOVER(tapeef4d4dd-f0) fa:16:3e:d5:d4:ac
Oct 17 09:16:34.012545 podb-esxi207 dnsmasq-dhcp[2029798]: DHCPOFFER(tapeef4d4dd-f0) 10.1.1.226 fa:16:3e:d5:d4:ac
Oct 17 09:16:34.115072 podb-esxi207 dnsmasq-dhcp[2029798]: DHCPREQUEST(tapeef4d4dd-f0) 10.1.1.226 fa:16:3e:d5:d4:ac
Oct 17 09:16:34.115107 podb-esxi207 dnsmasq-dhcp[2029798]: DHCPACK(tapeef4d4dd-f0) 10.1.1.226 fa:16:3e:d5:d4:ac host-10-1-1-226
Oct 17 09:16:34.134714 podb-esxi207 dnsmasq-dhcp[2029798]: DHCPDISCOVER(tapeef4d4dd-f0) fa:16:3e:01:76:29
Oct 17 09:16:34.134742 podb-esxi207 dnsmasq-dhcp[2029798]: DHCPOFFER(tapeef4d4dd-f0) 10.1.1.183 fa:16:3e:01:76:29
Oct 17 09:16:34.174316 podb-esxi207 dnsmasq-dhcp[2029798]: DHCPREQUEST(tapeef4d4dd-f0) 10.1.1.183 fa:16:3e:01:76:29
Oct 17 09:16:34.174345 podb-esxi207 dnsmasq-dhcp[2029798]: DHCPACK(tapeef4d4dd-f0) 10.1.1.183 fa:16:3e:01:76:29 host-10-1-1-183
Oct 17 09:16:34.227976 podb-esxi207 dnsmasq-dhcp[2029894]: DHCPDISCOVER(tap78e10f64-d0) fa:16:3e:51:87:17
Oct 17 09:16:34.228000 podb-esxi207 dnsmasq-dhcp[2029894]: DHCPOFFER(tap78e10f64-d0) 10.2.2.100 fa:16:3e:51:87:17
Oct 17 09:16:34.235277 podb-esxi207 dnsmasq-dhcp[2029894]: DHCPREQUEST(tap78e10f64-d0) 10.2.2.100 fa:16:3e:51:87:17
Oct 17 09:16:34.235304 podb-esxi207 dnsmasq-dhcp[2029894]: DHCPACK(tap78e10f64-d0) 10.2.2.100 fa:16:3e:51:87:17 host-10-2-2-100
Oct 17 09:16:34.524929 podb-esxi207 dnsmasq-dhcp[2028665]: DHCPDISCOVER(tap93e4c0ac-83) fa:16:3e:25:c9:6a
Oct 17 09:16:34.524956 podb-esxi207 dnsmasq-dhcp[2028665]: DHCPOFFER(tap93e4c0ac-83) 10.1.0.8 fa:16:3e:25:c9:6a
Oct 17 09:16:34.528441 podb-esxi207 dnsmasq-dhcp[2028665]: DHCPREQUEST(tap93e4c0ac-83) 10.1.0.8 fa:16:3e:25:c9:6a
Oct 17 09:16:34.528473 podb-esxi207 dnsmasq-dhcp[2028665]: DHCPACK(tap93e4c0ac-83) 10.1.0.8 fa:16:3e:25:c9:6a host-10-1-0-8
Oct 17 09:16:34.938239 podb-esxi207 dnsmasq-dhcp[2029798]: DHCPDISCOVER(tapeef4d4dd-f0) fa:16:3e:31:89:d5
Oct 17 09:16:34.938266 podb-esxi207 dnsmasq-dhcp[2029798]: DHCPOFFER(tapeef4d4dd-f0) 10.1.1.190 fa:16:3e:31:89:d5
Oct 17 09:16:34.941845 podb-esxi207 dnsmasq-dhcp[2029798]: DHCPREQUEST(tapeef4d4dd-f0) 10.1.1.190 fa:16:3e:31:89:d5
Oct 17 09:16:34.941872 podb-esxi207 dnsmasq-dhcp[2029798]: DHCPACK(tapeef4d4dd-f0) 10.1.1.190 fa:16:3e:31:89:d5 host-10-1-1-190
Oct 17 09:16:35.224096 podb-esxi207 dnsmasq-dhcp[2029894]: DHCPDISCOVER(tap78e10f64-d0) fa:16:3e:c8:6a:2a
Oct 17 09:16:35.224119 podb-esxi207 dnsmasq-dhcp[2029894]: DHCPOFFER(tap78e10f64-d0) 10.2.2.200 fa:16:3e:c8:6a:2a
Oct 17 09:16:35.232615 podb-esxi207 dnsmasq-dhcp[2029894]: DHCPREQUEST(tap78e10f64-d0) 10.2.2.200 fa:16:3e:c8:6a:2a
Oct 17 09:16:35.232651 podb-esxi207 dnsmasq-dhcp[2029894]: DHCPACK(tap78e10f64-d0) 10.2.2.200 fa:16:3e:c8:6a:2a host-10-2-2-200
Oct 17 09:16:35.372361 podb-esxi207 dnsmasq-dhcp[2029798]: DHCPDISCOVER(tapeef4d4dd-f0) fa:16:3e:4a:79:4c
Oct 17 09:16:35.372385 podb-esxi207 dnsmasq-dhcp[2029798]: DHCPOFFER(tapeef4d4dd-f0) 10.1.1.159 fa:16:3e:4a:79:4c
Oct 17 09:16:35.380655 podb-esxi207 dnsmasq-dhcp[2029798]: DHCPREQUEST(tapeef4d4dd-f0) 10.1.1.159 fa:16:3e:4a:79:4c
Oct 17 09:16:35.380684 podb-esxi207 dnsmasq-dhcp[2029798]: DHCPACK(tapeef4d4dd-f0) 10.1.1.159 fa:16:3e:4a:79:4c host-10-1-1-159
Oct 17 09:16:51.649318 podb-esxi207 dnsmasq-dhcp[2028665]: DHCPRELEASE(tap93e4c0ac-83) 10.1.0.8 fa:16:3e:25:c9:6a
Oct 17 09:16:51.665964 podb-esxi207 dnsmasq-dhcp[2028665]: DHCPRELEASE(tap93e4c0ac-83) 10.1.0.8 fa:16:3e:25:c9:6a unknown lease
Oct 17 09:16:52.491587 podb-esxi207 dnsmasq[2028665]: read /opt/stack/data/neutron/dhcp/3ea769e2-db39-48f0-9126-02ec90038aa2/addn_hosts - 2 names
Oct 17 09:16:52.491683 podb-esxi207 dnsmasq-dhcp[2028665]: read /opt/stack/data/neutron/dhcp/3ea769e2-db39-48f0-9126-02ec90038aa2/host
Oct 17 09:16:52.491805 podb-esxi207 dnsmasq-dhcp[2028665]: read /opt/stack/data/neutron/dhcp/3ea769e2-db39-48f0-9126-02ec90038aa2/opts
Oct 17 09:16:52.735642 podb-esxi207 dnsmasq-dhcp[2029894]: DHCPRELEASE(tap78e10f64-d0) 10.2.2.200 fa:16:3e:c8:6a:2a
Oct 17 09:16:52.750570 podb-esxi207 dnsmasq-dhcp[2029894]: DHCPRELEASE(tap78e10f64-d0) 10.2.2.200 fa:16:3e:c8:6a:2a unknown lease
Oct 17 09:16:53.575284 podb-esxi207 dnsmasq[2029894]: read /opt/stack/data/neutron/dhcp/2ef0ddf5-c8b5-41dd-b89e-a16f2588c506/addn_hosts - 2 names
Oct 17 09:16:53.575389 podb-esxi207 dnsmasq-dhcp[2029894]: read /opt/stack/data/neutron/dhcp/2ef0ddf5-c8b5-41dd-b89e-a16f2588c506/host
Oct 17 09:16:53.575473 podb-esxi207 dnsmasq-dhcp[2029894]: read /opt/stack/data/neutron/dhcp/2ef0ddf5-c8b5-41dd-b89e-a16f2588c506/opts
Oct 17 09:16:53.826133 podb-esxi207 dnsmasq-dhcp[2029798]: DHCPRELEASE(tapeef4d4dd-f0) 10.1.1.183 fa:16:3e:01:76:29
Oct 17 09:16:53.843237 podb-esxi207 dnsmasq-dhcp[2029798]: DHCPRELEASE(tapeef4d4dd-f0) 10.1.1.183 fa:16:3e:01:76:29 unknown lease
Oct 17 09:16:54.667609 podb-esxi207 dnsmasq[2029798]: read /opt/stack/data/neutron/dhcp/02a3db81-a5ec-4408-a6ca-bd5e68b3612d/addn_hosts - 6 names
Oct 17 09:16:54.667719 podb-esxi207 dnsmasq-dhcp[2029798]: read /opt/stack/data/neutron/dhcp/02a3db81-a5ec-4408-a6ca-bd5e68b3612d/host
Oct 17 09:16:54.667804 podb-esxi207 dnsmasq-dhcp[2029798]: read /opt/stack/data/neutron/dhcp/02a3db81-a5ec-4408-a6ca-bd5e68b3612d/opts
Oct 17 09:16:54.902858 podb-esxi207 dnsmasq-dhcp[2029894]: DHCPRELEASE(tap78e10f64-d0) 10.2.2.100 fa:16:3e:51:87:17
Oct 17 09:16:54.919365 podb-esxi207 dnsmasq-dhcp[2029894]: DHCPRELEASE(tap78e10f64-d0) 10.2.2.100 fa:16:3e:51:87:17 unknown lease
Oct 17 09:16:55.741277 podb-esxi207 dnsmasq[2029894]: read /opt/stack/data/neutron/dhcp/2ef0ddf5-c8b5-41dd-b89e-a16f2588c506/addn_hosts - 0 names
Oct 17 09:16:55.741340 podb-esxi207 dnsmasq-dhcp[2029894]: read /opt/stack/data/neutron/dhcp/2ef0ddf5-c8b5-41dd-b89e-a16f2588c506/host
Oct 17 09:16:55.741395 podb-esxi207 dnsmasq-dhcp[2029894]: read /opt/stack/data/neutron/dhcp/2ef0ddf5-c8b5-41dd-b89e-a16f2588c506/opts
Oct 17 09:16:55.961257 podb-esxi207 dnsmasq-dhcp[2029798]: DHCPRELEASE(tapeef4d4dd-f0) 10.1.1.159 fa:16:3e:4a:79:4c
Oct 17 09:16:55.975921 podb-esxi207 dnsmasq-dhcp[2029798]: DHCPRELEASE(tapeef4d4dd-f0) 10.1.1.159 fa:16:3e:4a:79:4c unknown lease
Oct 17 09:16:56.798896 podb-esxi207 dnsmasq[2029798]: read /opt/stack/data/neutron/dhcp/02a3db81-a5ec-4408-a6ca-bd5e68b3612d/addn_hosts - 4 names
Oct 17 09:16:56.799005 podb-esxi207 dnsmasq-dhcp[2029798]: read /opt/stack/data/neutron/dhcp/02a3db81-a5ec-4408-a6ca-bd5e68b3612d/host
Oct 17 09:16:56.799083 podb-esxi207 dnsmasq-dhcp[2029798]: read /opt/stack/data/neutron/dhcp/02a3db81-a5ec-4408-a6ca-bd5e68b3612d/opts
Oct 17 09:17:02.439574 podb-esxi207 dnsmasq-dhcp[2026519]: DHCPRELEASE(tapb65713e0-b7) 10.1.0.3 fa:16:3e:31:51:e2
Oct 17 09:17:02.455722 podb-esxi207 dnsmasq-dhcp[2026519]: DHCPRELEASE(tapb65713e0-b7) 10.1.0.3 fa:16:3e:31:51:e2 unknown lease
Oct 17 09:17:03.279361 podb-esxi207 dnsmasq[2026519]: read /opt/stack/data/neutron/dhcp/5627ae3e-c156-47b6-a75b-1f95726b43e7/addn_hosts - 4 names
Oct 17 09:17:03.279478 podb-esxi207 dnsmasq-dhcp[2026519]: read /opt/stack/data/neutron/dhcp/5627ae3e-c156-47b6-a75b-1f95726b43e7/host
Oct 17 09:17:03.279582 podb-esxi207 dnsmasq-dhcp[2026519]: read /opt/stack/data/neutron/dhcp/5627ae3e-c156-47b6-a75b-1f95726b43e7/opts
Oct 17 09:17:05.346053 podb-esxi207 dnsmasq-dhcp[2029798]: DHCPRELEASE(tapeef4d4dd-f0) 10.1.1.226 fa:16:3e:d5:d4:ac
Oct 17 09:17:05.362033 podb-esxi207 dnsmasq-dhcp[2029798]: DHCPRELEASE(tapeef4d4dd-f0) 10.1.1.226 fa:16:3e:d5:d4:ac unknown lease
Oct 17 09:17:06.185447 podb-esxi207 dnsmasq[2029798]: read /opt/stack/data/neutron/dhcp/02a3db81-a5ec-4408-a6ca-bd5e68b3612d/addn_hosts - 2 names
Oct 17 09:17:06.185531 podb-esxi207 dnsmasq-dhcp[2029798]: read /opt/stack/data/neutron/dhcp/02a3db81-a5ec-4408-a6ca-bd5e68b3612d/host
Oct 17 09:17:06.185613 podb-esxi207 dnsmasq-dhcp[2029798]: read /opt/stack/data/neutron/dhcp/02a3db81-a5ec-4408-a6ca-bd5e68b3612d/opts
Oct 17 09:17:06.921659 podb-esxi207 dnsmasq[2029798]: exiting on receipt of SIGTERM
Oct 17 09:17:07.518821 podb-esxi207 dnsmasq[2029894]: exiting on receipt of SIGTERM
Oct 17 09:17:09.358769 podb-esxi207 dnsmasq-dhcp[2029582]: DHCPREQUEST(tap5bfd497e-8f) 10.1.0.6 fa:16:3e:85:71:69
Oct 17 09:17:09.358798 podb-esxi207 dnsmasq-dhcp[2029582]: DHCPACK(tap5bfd497e-8f) 10.1.0.6 fa:16:3e:85:71:69 host-10-1-0-6
Oct 17 09:17:18.887443 podb-esxi207 dnsmasq-dhcp[2028665]: DHCPRELEASE(tap93e4c0ac-83) 10.1.0.1 fa:16:3e:bc:19:98
Oct 17 09:17:19.713268 podb-esxi207 dnsmasq[2028665]: read /opt/stack/data/neutron/dhcp/3ea769e2-db39-48f0-9126-02ec90038aa2/addn_hosts - 0 names
Oct 17 09:17:19.713337 podb-esxi207 dnsmasq-dhcp[2028665]: read /opt/stack/data/neutron/dhcp/3ea769e2-db39-48f0-9126-02ec90038aa2/host
Oct 17 09:17:19.713414 podb-esxi207 dnsmasq-dhcp[2028665]: read /opt/stack/data/neutron/dhcp/3ea769e2-db39-48f0-9126-02ec90038aa2/opts
Oct 17 09:17:20.479543 podb-esxi207 dnsmasq[2028665]: exiting on receipt of SIGTERM
Oct 17 09:17:21.080559 podb-esxi207 dnsmasq-dhcp[2029012]: DHCPRELEASE(tap04be73ed-e1) 10.1.0.1 fa:16:3e:31:3f:9c
Oct 17 09:17:21.904004 podb-esxi207 dnsmasq[2029012]: read /opt/stack/data/neutron/dhcp/aeee10b0-bffb-44ba-b863-3592a2e8d209/addn_hosts - 0 names
Oct 17 09:17:21.904075 podb-esxi207 dnsmasq-dhcp[2029012]: read /opt/stack/data/neutron/dhcp/aeee10b0-bffb-44ba-b863-3592a2e8d209/host
Oct 17 09:17:21.904160 podb-esxi207 dnsmasq-dhcp[2029012]: read /opt/stack/data/neutron/dhcp/aeee10b0-bffb-44ba-b863-3592a2e8d209/opts
Oct 17 09:17:22.157338 podb-esxi207 dnsmasq[2029012]: exiting on receipt of SIGTERM
Oct 17 09:17:26.767395 podb-esxi207 dnsmasq[2032953]: started, version 2.90 cachesize 150
Oct 17 09:17:26.767424 podb-esxi207 dnsmasq[2032953]: DNS service limited to local subnets
Oct 17 09:17:26.767438 podb-esxi207 dnsmasq[2032953]: compile time options: IPv6 GNU-getopt DBus no-UBus i18n IDN2 DHCP DHCPv6 no-Lua TFTP conntrack ipset no-nftset auth cryptohash DNSSEC loop-detect inotify dumpfile
Oct 17 09:17:26.767473 podb-esxi207 dnsmasq-dhcp[2032953]: DHCP, static leases only on 10.1.0.0, lease time 1d
Oct 17 09:17:26.767633 podb-esxi207 dnsmasq[2032953]: reading /etc/resolv.conf
Oct 17 09:17:26.767651 podb-esxi207 dnsmasq[2032953]: using nameserver 127.0.0.53#53
Oct 17 09:17:26.767746 podb-esxi207 dnsmasq[2032953]: read /opt/stack/data/neutron/dhcp/549a78f7-96db-46ca-8f4a-ac73e392cfc1/addn_hosts - 0 names
Oct 17 09:17:26.767798 podb-esxi207 dnsmasq-dhcp[2032953]: read /opt/stack/data/neutron/dhcp/549a78f7-96db-46ca-8f4a-ac73e392cfc1/host
Oct 17 09:17:26.767856 podb-esxi207 dnsmasq-dhcp[2032953]: read /opt/stack/data/neutron/dhcp/549a78f7-96db-46ca-8f4a-ac73e392cfc1/opts
Oct 17 09:17:28.317784 podb-esxi207 dnsmasq[2032953]: read /opt/stack/data/neutron/dhcp/549a78f7-96db-46ca-8f4a-ac73e392cfc1/addn_hosts - 2 names
Oct 17 09:17:28.317863 podb-esxi207 dnsmasq-dhcp[2032953]: read /opt/stack/data/neutron/dhcp/549a78f7-96db-46ca-8f4a-ac73e392cfc1/host
Oct 17 09:17:28.317956 podb-esxi207 dnsmasq-dhcp[2032953]: read /opt/stack/data/neutron/dhcp/549a78f7-96db-46ca-8f4a-ac73e392cfc1/opts
Oct 17 09:17:29.573038 podb-esxi207 dnsmasq[2032953]: read /opt/stack/data/neutron/dhcp/549a78f7-96db-46ca-8f4a-ac73e392cfc1/addn_hosts - 2 names
Oct 17 09:17:29.573122 podb-esxi207 dnsmasq-dhcp[2032953]: read /opt/stack/data/neutron/dhcp/549a78f7-96db-46ca-8f4a-ac73e392cfc1/host
Oct 17 09:17:29.573211 podb-esxi207 dnsmasq-dhcp[2032953]: read /opt/stack/data/neutron/dhcp/549a78f7-96db-46ca-8f4a-ac73e392cfc1/opts
Oct 17 09:17:30.851588 podb-esxi207 dnsmasq[2032953]: read /opt/stack/data/neutron/dhcp/549a78f7-96db-46ca-8f4a-ac73e392cfc1/addn_hosts - 2 names
Oct 17 09:17:30.851677 podb-esxi207 dnsmasq-dhcp[2032953]: read /opt/stack/data/neutron/dhcp/549a78f7-96db-46ca-8f4a-ac73e392cfc1/host
Oct 17 09:17:30.851796 podb-esxi207 dnsmasq-dhcp[2032953]: read /opt/stack/data/neutron/dhcp/549a78f7-96db-46ca-8f4a-ac73e392cfc1/opts
Oct 17 09:17:35.730812 podb-esxi207 dnsmasq-dhcp[2026519]: DHCPRELEASE(tapb65713e0-b7) 10.1.0.10 fa:16:3e:be:94:50
Oct 17 09:17:35.747524 podb-esxi207 dnsmasq-dhcp[2026519]: DHCPRELEASE(tapb65713e0-b7) 10.1.0.10 fa:16:3e:be:94:50 unknown lease
Oct 17 09:17:36.572882 podb-esxi207 dnsmasq[2026519]: read /opt/stack/data/neutron/dhcp/5627ae3e-c156-47b6-a75b-1f95726b43e7/addn_hosts - 2 names
Oct 17 09:17:36.572965 podb-esxi207 dnsmasq-dhcp[2026519]: read /opt/stack/data/neutron/dhcp/5627ae3e-c156-47b6-a75b-1f95726b43e7/host
Oct 17 09:17:36.573065 podb-esxi207 dnsmasq-dhcp[2026519]: read /opt/stack/data/neutron/dhcp/5627ae3e-c156-47b6-a75b-1f95726b43e7/opts
Oct 17 09:17:46.814951 podb-esxi207 dnsmasq[2026519]: read /opt/stack/data/neutron/dhcp/5627ae3e-c156-47b6-a75b-1f95726b43e7/addn_hosts - 4 names
Oct 17 09:17:46.815032 podb-esxi207 dnsmasq-dhcp[2026519]: read /opt/stack/data/neutron/dhcp/5627ae3e-c156-47b6-a75b-1f95726b43e7/host
Oct 17 09:17:46.815123 podb-esxi207 dnsmasq-dhcp[2026519]: read /opt/stack/data/neutron/dhcp/5627ae3e-c156-47b6-a75b-1f95726b43e7/opts
Oct 17 09:17:50.923456 podb-esxi207 dnsmasq[2032953]: read /opt/stack/data/neutron/dhcp/549a78f7-96db-46ca-8f4a-ac73e392cfc1/addn_hosts - 4 names
Oct 17 09:17:50.923496 podb-esxi207 dnsmasq-dhcp[2032953]: read /opt/stack/data/neutron/dhcp/549a78f7-96db-46ca-8f4a-ac73e392cfc1/host
Oct 17 09:17:50.923525 podb-esxi207 dnsmasq-dhcp[2032953]: read /opt/stack/data/neutron/dhcp/549a78f7-96db-46ca-8f4a-ac73e392cfc1/opts
Oct 17 09:17:55.354377 podb-esxi207 dnsmasq-dhcp[2028065]: DHCPDISCOVER(tapee29dbef-4a) fa:16:3e:82:f7:06
Oct 17 09:17:55.354404 podb-esxi207 dnsmasq-dhcp[2028065]: DHCPOFFER(tapee29dbef-4a) 10.1.0.14 fa:16:3e:82:f7:06
Oct 17 09:17:55.364579 podb-esxi207 dnsmasq-dhcp[2028065]: DHCPREQUEST(tapee29dbef-4a) 10.1.0.14 fa:16:3e:82:f7:06
Oct 17 09:17:55.364608 podb-esxi207 dnsmasq-dhcp[2028065]: DHCPACK(tapee29dbef-4a) 10.1.0.14 fa:16:3e:82:f7:06 host-10-1-0-14
Oct 17 09:18:10.312788 podb-esxi207 dnsmasq-dhcp[2026519]: DHCPDISCOVER(tapb65713e0-b7) fa:16:3e:f4:5e:ef
Oct 17 09:18:10.312813 podb-esxi207 dnsmasq-dhcp[2026519]: DHCPOFFER(tapb65713e0-b7) 10.1.0.10 fa:16:3e:f4:5e:ef
Oct 17 09:18:10.324441 podb-esxi207 dnsmasq-dhcp[2026519]: DHCPREQUEST(tapb65713e0-b7) 10.1.0.10 fa:16:3e:f4:5e:ef
Oct 17 09:18:10.324476 podb-esxi207 dnsmasq-dhcp[2026519]: DHCPACK(tapb65713e0-b7) 10.1.0.10 fa:16:3e:f4:5e:ef host-10-1-0-10
Oct 17 09:18:19.117324 podb-esxi207 dnsmasq-dhcp[2032953]: DHCPDISCOVER(tap61b00a58-fd) fa:16:3e:8b:53:67
Oct 17 09:18:19.117349 podb-esxi207 dnsmasq-dhcp[2032953]: DHCPOFFER(tap61b00a58-fd) 10.1.0.8 fa:16:3e:8b:53:67
Oct 17 09:18:19.127455 podb-esxi207 dnsmasq-dhcp[2032953]: DHCPREQUEST(tap61b00a58-fd) 10.1.0.8 fa:16:3e:8b:53:67
Oct 17 09:18:19.127485 podb-esxi207 dnsmasq-dhcp[2032953]: DHCPACK(tap61b00a58-fd) 10.1.0.8 fa:16:3e:8b:53:67 host-10-1-0-8
Oct 17 09:18:42.222141 podb-esxi207 dnsmasq-dhcp[2029582]: DHCPREQUEST(tap5bfd497e-8f) 10.1.0.6 fa:16:3e:85:71:69
Oct 17 09:18:42.222158 podb-esxi207 dnsmasq-dhcp[2029582]: DHCPACK(tap5bfd497e-8f) 10.1.0.6 fa:16:3e:85:71:69 host-10-1-0-6
Oct 17 09:18:59.339406 podb-esxi207 dnsmasq-dhcp[2028065]: DHCPRELEASE(tapee29dbef-4a) 10.1.0.14 fa:16:3e:82:f7:06
Oct 17 09:18:59.356390 podb-esxi207 dnsmasq-dhcp[2028065]: DHCPRELEASE(tapee29dbef-4a) 10.1.0.14 fa:16:3e:82:f7:06 unknown lease
Oct 17 09:19:00.187612 podb-esxi207 dnsmasq[2028065]: read /opt/stack/data/neutron/dhcp/914c3870-6ff7-4df7-b9d1-2c46327e2f88/addn_hosts - 4 names
Oct 17 09:19:00.187722 podb-esxi207 dnsmasq-dhcp[2028065]: read /opt/stack/data/neutron/dhcp/914c3870-6ff7-4df7-b9d1-2c46327e2f88/host
Oct 17 09:19:00.187829 podb-esxi207 dnsmasq-dhcp[2028065]: read /opt/stack/data/neutron/dhcp/914c3870-6ff7-4df7-b9d1-2c46327e2f88/opts
Oct 17 09:19:18.607625 podb-esxi207 dnsmasq-dhcp[2029582]: DHCPRELEASE(tap5bfd497e-8f) 10.1.0.6 fa:16:3e:85:71:69
Oct 17 09:19:18.624149 podb-esxi207 dnsmasq-dhcp[2029582]: DHCPRELEASE(tap5bfd497e-8f) 10.1.0.6 fa:16:3e:85:71:69 unknown lease
Oct 17 09:19:19.448933 podb-esxi207 dnsmasq[2029582]: read /opt/stack/data/neutron/dhcp/67a8a3aa-9713-47ef-9e5e-f32aac070b62/addn_hosts - 2 names
Oct 17 09:19:19.449028 podb-esxi207 dnsmasq-dhcp[2029582]: read /opt/stack/data/neutron/dhcp/67a8a3aa-9713-47ef-9e5e-f32aac070b62/host
Oct 17 09:19:19.449100 podb-esxi207 dnsmasq-dhcp[2029582]: read /opt/stack/data/neutron/dhcp/67a8a3aa-9713-47ef-9e5e-f32aac070b62/opts
Oct 17 09:19:29.518659 podb-esxi207 dnsmasq[2028065]: read /opt/stack/data/neutron/dhcp/914c3870-6ff7-4df7-b9d1-2c46327e2f88/addn_hosts - 6 names
Oct 17 09:19:29.518767 podb-esxi207 dnsmasq-dhcp[2028065]: read /opt/stack/data/neutron/dhcp/914c3870-6ff7-4df7-b9d1-2c46327e2f88/host
Oct 17 09:19:29.518868 podb-esxi207 dnsmasq-dhcp[2028065]: read /opt/stack/data/neutron/dhcp/914c3870-6ff7-4df7-b9d1-2c46327e2f88/opts
Oct 17 09:19:31.950754 podb-esxi207 dnsmasq[2029582]: read /opt/stack/data/neutron/dhcp/67a8a3aa-9713-47ef-9e5e-f32aac070b62/addn_hosts - 4 names
Oct 17 09:19:31.950861 podb-esxi207 dnsmasq-dhcp[2029582]: read /opt/stack/data/neutron/dhcp/67a8a3aa-9713-47ef-9e5e-f32aac070b62/host
Oct 17 09:19:31.950965 podb-esxi207 dnsmasq-dhcp[2029582]: read /opt/stack/data/neutron/dhcp/67a8a3aa-9713-47ef-9e5e-f32aac070b62/opts
Oct 17 09:19:32.671410 podb-esxi207 dnsmasq-dhcp[2026519]: DHCPRELEASE(tapb65713e0-b7) 10.1.0.10 fa:16:3e:f4:5e:ef
Oct 17 09:19:32.684380 podb-esxi207 dnsmasq-dhcp[2026519]: DHCPRELEASE(tapb65713e0-b7) 10.1.0.10 fa:16:3e:f4:5e:ef unknown lease
Oct 17 09:19:33.507255 podb-esxi207 dnsmasq[2026519]: read /opt/stack/data/neutron/dhcp/5627ae3e-c156-47b6-a75b-1f95726b43e7/addn_hosts - 2 names
Oct 17 09:19:33.507340 podb-esxi207 dnsmasq-dhcp[2026519]: read /opt/stack/data/neutron/dhcp/5627ae3e-c156-47b6-a75b-1f95726b43e7/host
Oct 17 09:19:33.507444 podb-esxi207 dnsmasq-dhcp[2026519]: read /opt/stack/data/neutron/dhcp/5627ae3e-c156-47b6-a75b-1f95726b43e7/opts
Oct 17 09:19:41.120322 podb-esxi207 dnsmasq-dhcp[2032953]: DHCPDISCOVER(tap61b00a58-fd) fa:16:3e:8b:53:67
Oct 17 09:19:41.120352 podb-esxi207 dnsmasq-dhcp[2032953]: DHCPOFFER(tap61b00a58-fd) 10.1.0.8 fa:16:3e:8b:53:67
Oct 17 09:19:41.127852 podb-esxi207 dnsmasq-dhcp[2032953]: DHCPREQUEST(tap61b00a58-fd) 10.1.0.8 fa:16:3e:8b:53:67
Oct 17 09:19:41.127877 podb-esxi207 dnsmasq-dhcp[2032953]: DHCPACK(tap61b00a58-fd) 10.1.0.8 fa:16:3e:8b:53:67 host-10-1-0-8
Oct 17 09:19:43.174530 podb-esxi207 dnsmasq[2026519]: read /opt/stack/data/neutron/dhcp/5627ae3e-c156-47b6-a75b-1f95726b43e7/addn_hosts - 4 names
Oct 17 09:19:43.174592 podb-esxi207 dnsmasq-dhcp[2026519]: read /opt/stack/data/neutron/dhcp/5627ae3e-c156-47b6-a75b-1f95726b43e7/host
Oct 17 09:19:43.174642 podb-esxi207 dnsmasq-dhcp[2026519]: read /opt/stack/data/neutron/dhcp/5627ae3e-c156-47b6-a75b-1f95726b43e7/opts
Oct 17 09:19:56.757389 podb-esxi207 dnsmasq-dhcp[2029582]: DHCPDISCOVER(tap5bfd497e-8f) fa:16:3e:53:6a:4b
Oct 17 09:19:56.757416 podb-esxi207 dnsmasq-dhcp[2029582]: DHCPOFFER(tap5bfd497e-8f) 10.1.0.9 fa:16:3e:53:6a:4b
Oct 17 09:19:56.768613 podb-esxi207 dnsmasq-dhcp[2029582]: DHCPREQUEST(tap5bfd497e-8f) 10.1.0.9 fa:16:3e:53:6a:4b
Oct 17 09:19:56.768667 podb-esxi207 dnsmasq-dhcp[2029582]: DHCPACK(tap5bfd497e-8f) 10.1.0.9 fa:16:3e:53:6a:4b host-10-1-0-9
Oct 17 09:20:09.434349 podb-esxi207 dnsmasq-dhcp[2026519]: DHCPDISCOVER(tapb65713e0-b7) fa:16:3e:c5:c3:9b
Oct 17 09:20:09.434376 podb-esxi207 dnsmasq-dhcp[2026519]: DHCPOFFER(tapb65713e0-b7) 10.1.0.10 fa:16:3e:c5:c3:9b
Oct 17 09:20:09.447530 podb-esxi207 dnsmasq-dhcp[2026519]: DHCPREQUEST(tapb65713e0-b7) 10.1.0.10 fa:16:3e:c5:c3:9b
Oct 17 09:20:09.447569 podb-esxi207 dnsmasq-dhcp[2026519]: DHCPACK(tapb65713e0-b7) 10.1.0.10 fa:16:3e:c5:c3:9b host-10-1-0-10
Oct 17 09:20:18.810964 podb-esxi207 dnsmasq-dhcp[2032953]: DHCPRELEASE(tap61b00a58-fd) 10.1.0.8 fa:16:3e:8b:53:67
Oct 17 09:20:18.827442 podb-esxi207 dnsmasq-dhcp[2032953]: DHCPRELEASE(tap61b00a58-fd) 10.1.0.8 fa:16:3e:8b:53:67 unknown lease
Oct 17 09:20:19.649128 podb-esxi207 dnsmasq[2032953]: read /opt/stack/data/neutron/dhcp/549a78f7-96db-46ca-8f4a-ac73e392cfc1/addn_hosts - 2 names
Oct 17 09:20:19.649220 podb-esxi207 dnsmasq-dhcp[2032953]: read /opt/stack/data/neutron/dhcp/549a78f7-96db-46ca-8f4a-ac73e392cfc1/host
Oct 17 09:20:19.649291 podb-esxi207 dnsmasq-dhcp[2032953]: read /opt/stack/data/neutron/dhcp/549a78f7-96db-46ca-8f4a-ac73e392cfc1/opts
Oct 17 09:20:25.463980 podb-esxi207 dnsmasq-dhcp[2028065]: DHCPDISCOVER(tapee29dbef-4a) fa:16:3e:c8:76:40
Oct 17 09:20:25.464006 podb-esxi207 dnsmasq-dhcp[2028065]: DHCPOFFER(tapee29dbef-4a) 10.1.0.13 fa:16:3e:c8:76:40
Oct 17 09:20:25.475065 podb-esxi207 dnsmasq-dhcp[2028065]: DHCPREQUEST(tapee29dbef-4a) 10.1.0.13 fa:16:3e:c8:76:40
Oct 17 09:20:25.475093 podb-esxi207 dnsmasq-dhcp[2028065]: DHCPACK(tapee29dbef-4a) 10.1.0.13 fa:16:3e:c8:76:40 host-10-1-0-13
Oct 17 09:20:27.411105 podb-esxi207 dnsmasq[2032953]: read /opt/stack/data/neutron/dhcp/549a78f7-96db-46ca-8f4a-ac73e392cfc1/addn_hosts - 0 names
Oct 17 09:20:27.411186 podb-esxi207 dnsmasq-dhcp[2032953]: read /opt/stack/data/neutron/dhcp/549a78f7-96db-46ca-8f4a-ac73e392cfc1/host
Oct 17 09:20:27.411266 podb-esxi207 dnsmasq-dhcp[2032953]: read /opt/stack/data/neutron/dhcp/549a78f7-96db-46ca-8f4a-ac73e392cfc1/opts
Oct 17 09:20:28.149739 podb-esxi207 dnsmasq[2032953]: exiting on receipt of SIGTERM
Oct 17 09:20:31.487162 podb-esxi207 dnsmasq[2036800]: started, version 2.90 cachesize 150
Oct 17 09:20:31.487186 podb-esxi207 dnsmasq[2036800]: DNS service limited to local subnets
Oct 17 09:20:31.487201 podb-esxi207 dnsmasq[2036800]: compile time options: IPv6 GNU-getopt DBus no-UBus i18n IDN2 DHCP DHCPv6 no-Lua TFTP conntrack ipset no-nftset auth cryptohash DNSSEC loop-detect inotify dumpfile
Oct 17 09:20:31.487236 podb-esxi207 dnsmasq-dhcp[2036800]: DHCP, static leases only on 10.1.0.0, lease time 1d
Oct 17 09:20:31.487391 podb-esxi207 dnsmasq[2036800]: reading /etc/resolv.conf
Oct 17 09:20:31.487407 podb-esxi207 dnsmasq[2036800]: using nameserver 127.0.0.53#53
Oct 17 09:20:31.487500 podb-esxi207 dnsmasq[2036800]: read /opt/stack/data/neutron/dhcp/a365c94c-43e6-4033-a1a6-93ef33f6f986/addn_hosts - 0 names
Oct 17 09:20:31.487552 podb-esxi207 dnsmasq-dhcp[2036800]: read /opt/stack/data/neutron/dhcp/a365c94c-43e6-4033-a1a6-93ef33f6f986/host
Oct 17 09:20:31.487617 podb-esxi207 dnsmasq-dhcp[2036800]: read /opt/stack/data/neutron/dhcp/a365c94c-43e6-4033-a1a6-93ef33f6f986/opts
Oct 17 09:20:33.037775 podb-esxi207 dnsmasq[2036800]: read /opt/stack/data/neutron/dhcp/a365c94c-43e6-4033-a1a6-93ef33f6f986/addn_hosts - 2 names
Oct 17 09:20:33.037855 podb-esxi207 dnsmasq-dhcp[2036800]: read /opt/stack/data/neutron/dhcp/a365c94c-43e6-4033-a1a6-93ef33f6f986/host
Oct 17 09:20:33.037953 podb-esxi207 dnsmasq-dhcp[2036800]: read /opt/stack/data/neutron/dhcp/a365c94c-43e6-4033-a1a6-93ef33f6f986/opts
Oct 17 09:20:34.302266 podb-esxi207 dnsmasq[2036800]: read /opt/stack/data/neutron/dhcp/a365c94c-43e6-4033-a1a6-93ef33f6f986/addn_hosts - 2 names
Oct 17 09:20:34.302344 podb-esxi207 dnsmasq-dhcp[2036800]: read /opt/stack/data/neutron/dhcp/a365c94c-43e6-4033-a1a6-93ef33f6f986/host
Oct 17 09:20:34.302442 podb-esxi207 dnsmasq-dhcp[2036800]: read /opt/stack/data/neutron/dhcp/a365c94c-43e6-4033-a1a6-93ef33f6f986/opts
Oct 17 09:20:35.554665 podb-esxi207 dnsmasq[2036800]: read /opt/stack/data/neutron/dhcp/a365c94c-43e6-4033-a1a6-93ef33f6f986/addn_hosts - 2 names
Oct 17 09:20:35.554766 podb-esxi207 dnsmasq-dhcp[2036800]: read /opt/stack/data/neutron/dhcp/a365c94c-43e6-4033-a1a6-93ef33f6f986/host
Oct 17 09:20:35.554864 podb-esxi207 dnsmasq-dhcp[2036800]: read /opt/stack/data/neutron/dhcp/a365c94c-43e6-4033-a1a6-93ef33f6f986/opts
Oct 17 09:20:36.820188 podb-esxi207 dnsmasq[2036800]: read /opt/stack/data/neutron/dhcp/a365c94c-43e6-4033-a1a6-93ef33f6f986/addn_hosts - 4 names
Oct 17 09:20:36.820312 podb-esxi207 dnsmasq-dhcp[2036800]: read /opt/stack/data/neutron/dhcp/a365c94c-43e6-4033-a1a6-93ef33f6f986/host
Oct 17 09:20:36.820404 podb-esxi207 dnsmasq-dhcp[2036800]: read /opt/stack/data/neutron/dhcp/a365c94c-43e6-4033-a1a6-93ef33f6f986/opts
Oct 17 09:20:38.562133 podb-esxi207 dnsmasq[2036800]: read /opt/stack/data/neutron/dhcp/a365c94c-43e6-4033-a1a6-93ef33f6f986/addn_hosts - 6 names
Oct 17 09:20:38.562228 podb-esxi207 dnsmasq-dhcp[2036800]: read /opt/stack/data/neutron/dhcp/a365c94c-43e6-4033-a1a6-93ef33f6f986/host
Oct 17 09:20:38.562310 podb-esxi207 dnsmasq-dhcp[2036800]: read /opt/stack/data/neutron/dhcp/a365c94c-43e6-4033-a1a6-93ef33f6f986/opts
Oct 17 09:21:00.115232 podb-esxi207 dnsmasq-dhcp[2036800]: DHCPDISCOVER(tap4bbf6316-0a) fa:16:3e:80:2f:b5
Oct 17 09:21:00.115258 podb-esxi207 dnsmasq-dhcp[2036800]: DHCPOFFER(tap4bbf6316-0a) 10.1.0.3 fa:16:3e:80:2f:b5
Oct 17 09:21:00.126487 podb-esxi207 dnsmasq-dhcp[2036800]: DHCPREQUEST(tap4bbf6316-0a) 10.1.0.3 fa:16:3e:80:2f:b5
Oct 17 09:21:00.126518 podb-esxi207 dnsmasq-dhcp[2036800]: DHCPACK(tap4bbf6316-0a) 10.1.0.3 fa:16:3e:80:2f:b5 host-10-1-0-3
Oct 17 09:21:07.950514 podb-esxi207 dnsmasq-dhcp[2028065]: DHCPRELEASE(tapee29dbef-4a) 10.1.0.13 fa:16:3e:c8:76:40
Oct 17 09:21:07.967907 podb-esxi207 dnsmasq-dhcp[2028065]: DHCPRELEASE(tapee29dbef-4a) 10.1.0.13 fa:16:3e:c8:76:40 unknown lease
Oct 17 09:21:08.790958 podb-esxi207 dnsmasq[2028065]: read /opt/stack/data/neutron/dhcp/914c3870-6ff7-4df7-b9d1-2c46327e2f88/addn_hosts - 4 names
Oct 17 09:21:08.791067 podb-esxi207 dnsmasq-dhcp[2028065]: read /opt/stack/data/neutron/dhcp/914c3870-6ff7-4df7-b9d1-2c46327e2f88/host
Oct 17 09:21:08.791169 podb-esxi207 dnsmasq-dhcp[2028065]: read /opt/stack/data/neutron/dhcp/914c3870-6ff7-4df7-b9d1-2c46327e2f88/opts
Oct 17 09:21:17.640032 podb-esxi207 dnsmasq-dhcp[2036800]: DHCPDISCOVER(tap4bbf6316-0a) fa:16:3e:47:99:03
Oct 17 09:21:17.640065 podb-esxi207 dnsmasq-dhcp[2036800]: DHCPOFFER(tap4bbf6316-0a) 10.1.0.14 fa:16:3e:47:99:03
Oct 17 09:21:17.647733 podb-esxi207 dnsmasq-dhcp[2036800]: DHCPREQUEST(tap4bbf6316-0a) 10.1.0.14 fa:16:3e:47:99:03
Oct 17 09:21:17.647761 podb-esxi207 dnsmasq-dhcp[2036800]: DHCPACK(tap4bbf6316-0a) 10.1.0.14 fa:16:3e:47:99:03 host-10-1-0-14
Oct 17 09:21:20.402404 podb-esxi207 dnsmasq-dhcp[2028065]: DHCPRELEASE(tapee29dbef-4a) 10.1.0.11 fa:16:3e:de:b7:76
Oct 17 09:21:20.419666 podb-esxi207 dnsmasq-dhcp[2028065]: DHCPRELEASE(tapee29dbef-4a) 10.1.0.11 fa:16:3e:de:b7:76 unknown lease
Oct 17 09:21:21.247632 podb-esxi207 dnsmasq[2028065]: read /opt/stack/data/neutron/dhcp/914c3870-6ff7-4df7-b9d1-2c46327e2f88/addn_hosts - 2 names
Oct 17 09:21:21.247756 podb-esxi207 dnsmasq-dhcp[2028065]: read /opt/stack/data/neutron/dhcp/914c3870-6ff7-4df7-b9d1-2c46327e2f88/host
Oct 17 09:21:21.247887 podb-esxi207 dnsmasq-dhcp[2028065]: read /opt/stack/data/neutron/dhcp/914c3870-6ff7-4df7-b9d1-2c46327e2f88/opts
Oct 17 09:21:26.191332 podb-esxi207 dnsmasq[2028065]: read /opt/stack/data/neutron/dhcp/914c3870-6ff7-4df7-b9d1-2c46327e2f88/addn_hosts - 0 names
Oct 17 09:21:26.191412 podb-esxi207 dnsmasq-dhcp[2028065]: read /opt/stack/data/neutron/dhcp/914c3870-6ff7-4df7-b9d1-2c46327e2f88/host
Oct 17 09:21:26.191467 podb-esxi207 dnsmasq-dhcp[2028065]: read /opt/stack/data/neutron/dhcp/914c3870-6ff7-4df7-b9d1-2c46327e2f88/opts
Oct 17 09:21:26.452908 podb-esxi207 dnsmasq-dhcp[2026519]: DHCPRELEASE(tapb65713e0-b7) 10.1.0.10 fa:16:3e:c5:c3:9b
Oct 17 09:21:26.470321 podb-esxi207 dnsmasq-dhcp[2026519]: DHCPRELEASE(tapb65713e0-b7) 10.1.0.10 fa:16:3e:c5:c3:9b unknown lease
Oct 17 09:21:27.295129 podb-esxi207 dnsmasq[2026519]: read /opt/stack/data/neutron/dhcp/5627ae3e-c156-47b6-a75b-1f95726b43e7/addn_hosts - 2 names
Oct 17 09:21:27.295245 podb-esxi207 dnsmasq-dhcp[2026519]: read /opt/stack/data/neutron/dhcp/5627ae3e-c156-47b6-a75b-1f95726b43e7/host
Oct 17 09:21:27.295348 podb-esxi207 dnsmasq-dhcp[2026519]: read /opt/stack/data/neutron/dhcp/5627ae3e-c156-47b6-a75b-1f95726b43e7/opts
Oct 17 09:21:27.575229 podb-esxi207 dnsmasq[2028065]: exiting on receipt of SIGTERM
Oct 17 09:21:31.270585 podb-esxi207 dnsmasq[2038474]: started, version 2.90 cachesize 150
Oct 17 09:21:31.270608 podb-esxi207 dnsmasq[2038474]: DNS service limited to local subnets
Oct 17 09:21:31.270622 podb-esxi207 dnsmasq[2038474]: compile time options: IPv6 GNU-getopt DBus no-UBus i18n IDN2 DHCP DHCPv6 no-Lua TFTP conntrack ipset no-nftset auth cryptohash DNSSEC loop-detect inotify dumpfile
Oct 17 09:21:31.270656 podb-esxi207 dnsmasq-dhcp[2038474]: DHCP, static leases only on 10.1.0.0, lease time 1d
Oct 17 09:21:31.270800 podb-esxi207 dnsmasq[2038474]: reading /etc/resolv.conf
Oct 17 09:21:31.270816 podb-esxi207 dnsmasq[2038474]: using nameserver 127.0.0.53#53
Oct 17 09:21:31.270898 podb-esxi207 dnsmasq[2038474]: read /opt/stack/data/neutron/dhcp/a72479d4-58fa-46c6-ba37-9c7b17caee60/addn_hosts - 0 names
Oct 17 09:21:31.270947 podb-esxi207 dnsmasq-dhcp[2038474]: read /opt/stack/data/neutron/dhcp/a72479d4-58fa-46c6-ba37-9c7b17caee60/host
Oct 17 09:21:31.271005 podb-esxi207 dnsmasq-dhcp[2038474]: read /opt/stack/data/neutron/dhcp/a72479d4-58fa-46c6-ba37-9c7b17caee60/opts
Oct 17 09:21:32.809726 podb-esxi207 dnsmasq[2038474]: read /opt/stack/data/neutron/dhcp/a72479d4-58fa-46c6-ba37-9c7b17caee60/addn_hosts - 2 names
Oct 17 09:21:32.809800 podb-esxi207 dnsmasq-dhcp[2038474]: read /opt/stack/data/neutron/dhcp/a72479d4-58fa-46c6-ba37-9c7b17caee60/host
Oct 17 09:21:32.809868 podb-esxi207 dnsmasq-dhcp[2038474]: read /opt/stack/data/neutron/dhcp/a72479d4-58fa-46c6-ba37-9c7b17caee60/opts
Oct 17 09:21:34.074669 podb-esxi207 dnsmasq[2036800]: read /opt/stack/data/neutron/dhcp/a365c94c-43e6-4033-a1a6-93ef33f6f986/addn_hosts - 8 names
Oct 17 09:21:34.074788 podb-esxi207 dnsmasq-dhcp[2036800]: read /opt/stack/data/neutron/dhcp/a365c94c-43e6-4033-a1a6-93ef33f6f986/host
Oct 17 09:21:34.074889 podb-esxi207 dnsmasq-dhcp[2036800]: read /opt/stack/data/neutron/dhcp/a365c94c-43e6-4033-a1a6-93ef33f6f986/opts
Oct 17 09:21:34.814836 podb-esxi207 dnsmasq[2038474]: read /opt/stack/data/neutron/dhcp/a72479d4-58fa-46c6-ba37-9c7b17caee60/addn_hosts - 2 names
Oct 17 09:21:34.814947 podb-esxi207 dnsmasq-dhcp[2038474]: read /opt/stack/data/neutron/dhcp/a72479d4-58fa-46c6-ba37-9c7b17caee60/host
Oct 17 09:21:34.815050 podb-esxi207 dnsmasq-dhcp[2038474]: read /opt/stack/data/neutron/dhcp/a72479d4-58fa-46c6-ba37-9c7b17caee60/opts
Oct 17 09:21:36.061631 podb-esxi207 dnsmasq[2038474]: read /opt/stack/data/neutron/dhcp/a72479d4-58fa-46c6-ba37-9c7b17caee60/addn_hosts - 2 names
Oct 17 09:21:36.061714 podb-esxi207 dnsmasq-dhcp[2038474]: read /opt/stack/data/neutron/dhcp/a72479d4-58fa-46c6-ba37-9c7b17caee60/host
Oct 17 09:21:36.061802 podb-esxi207 dnsmasq-dhcp[2038474]: read /opt/stack/data/neutron/dhcp/a72479d4-58fa-46c6-ba37-9c7b17caee60/opts
Oct 17 09:21:36.648463 podb-esxi207 dnsmasq-dhcp[2036800]: DHCPDISCOVER(tap4bbf6316-0a) fa:16:3e:80:2f:b5
Oct 17 09:21:36.648479 podb-esxi207 dnsmasq-dhcp[2036800]: DHCPOFFER(tap4bbf6316-0a) 10.1.0.3 fa:16:3e:80:2f:b5
Oct 17 09:21:36.661471 podb-esxi207 dnsmasq-dhcp[2036800]: DHCPREQUEST(tap4bbf6316-0a) 10.1.0.3 fa:16:3e:80:2f:b5
Oct 17 09:21:36.661501 podb-esxi207 dnsmasq-dhcp[2036800]: DHCPACK(tap4bbf6316-0a) 10.1.0.3 fa:16:3e:80:2f:b5 host-10-1-0-3
Oct 17 09:21:37.718970 podb-esxi207 dnsmasq[2038474]: read /opt/stack/data/neutron/dhcp/a72479d4-58fa-46c6-ba37-9c7b17caee60/addn_hosts - 4 names
Oct 17 09:21:37.719080 podb-esxi207 dnsmasq-dhcp[2038474]: read /opt/stack/data/neutron/dhcp/a72479d4-58fa-46c6-ba37-9c7b17caee60/host
Oct 17 09:21:37.719185 podb-esxi207 dnsmasq-dhcp[2038474]: read /opt/stack/data/neutron/dhcp/a72479d4-58fa-46c6-ba37-9c7b17caee60/opts
Oct 17 09:21:45.586778 podb-esxi207 dnsmasq[2026519]: read /opt/stack/data/neutron/dhcp/5627ae3e-c156-47b6-a75b-1f95726b43e7/addn_hosts - 0 names
Oct 17 09:21:45.586843 podb-esxi207 dnsmasq-dhcp[2026519]: read /opt/stack/data/neutron/dhcp/5627ae3e-c156-47b6-a75b-1f95726b43e7/host
Oct 17 09:21:45.586900 podb-esxi207 dnsmasq-dhcp[2026519]: read /opt/stack/data/neutron/dhcp/5627ae3e-c156-47b6-a75b-1f95726b43e7/opts
Oct 17 09:21:46.491207 podb-esxi207 dnsmasq[2026519]: exiting on receipt of SIGTERM
Oct 17 09:21:59.348171 podb-esxi207 dnsmasq-dhcp[2036800]: DHCPDISCOVER(tap4bbf6316-0a) fa:16:3e:69:8c:16
Oct 17 09:21:59.348212 podb-esxi207 dnsmasq-dhcp[2036800]: DHCPOFFER(tap4bbf6316-0a) 10.1.0.13 fa:16:3e:69:8c:16
Oct 17 09:21:59.378512 podb-esxi207 dnsmasq-dhcp[2036800]: DHCPREQUEST(tap4bbf6316-0a) 10.1.0.13 fa:16:3e:69:8c:16
Oct 17 09:21:59.378567 podb-esxi207 dnsmasq-dhcp[2036800]: DHCPACK(tap4bbf6316-0a) 10.1.0.13 fa:16:3e:69:8c:16 host-10-1-0-13
Oct 17 09:22:00.201145 podb-esxi207 dnsmasq-dhcp[2029582]: DHCPRELEASE(tap5bfd497e-8f) 10.1.0.9 fa:16:3e:53:6a:4b
Oct 17 09:22:00.216919 podb-esxi207 dnsmasq-dhcp[2029582]: DHCPRELEASE(tap5bfd497e-8f) 10.1.0.9 fa:16:3e:53:6a:4b unknown lease
Oct 17 09:22:01.044541 podb-esxi207 dnsmasq[2029582]: read /opt/stack/data/neutron/dhcp/67a8a3aa-9713-47ef-9e5e-f32aac070b62/addn_hosts - 2 names
Oct 17 09:22:01.044625 podb-esxi207 dnsmasq-dhcp[2029582]: read /opt/stack/data/neutron/dhcp/67a8a3aa-9713-47ef-9e5e-f32aac070b62/host
Oct 17 09:22:01.044733 podb-esxi207 dnsmasq-dhcp[2029582]: read /opt/stack/data/neutron/dhcp/67a8a3aa-9713-47ef-9e5e-f32aac070b62/opts
Oct 17 09:22:03.062785 podb-esxi207 dnsmasq-dhcp[2038474]: DHCPDISCOVER(tap9cf3358e-d1) fa:16:3e:c5:16:3e
Oct 17 09:22:03.062810 podb-esxi207 dnsmasq-dhcp[2038474]: DHCPOFFER(tap9cf3358e-d1) 10.1.0.8 fa:16:3e:c5:16:3e
Oct 17 09:22:03.072627 podb-esxi207 dnsmasq-dhcp[2038474]: DHCPREQUEST(tap9cf3358e-d1) 10.1.0.8 fa:16:3e:c5:16:3e
Oct 17 09:22:03.072676 podb-esxi207 dnsmasq-dhcp[2038474]: DHCPACK(tap9cf3358e-d1) 10.1.0.8 fa:16:3e:c5:16:3e host-10-1-0-8
Oct 17 09:22:45.575226 podb-esxi207 dnsmasq-dhcp[2029582]: DHCPRELEASE(tap5bfd497e-8f) 10.1.0.1 fa:16:3e:73:5f:38
Oct 17 09:22:46.401305 podb-esxi207 dnsmasq[2029582]: read /opt/stack/data/neutron/dhcp/67a8a3aa-9713-47ef-9e5e-f32aac070b62/addn_hosts - 0 names
Oct 17 09:22:46.401377 podb-esxi207 dnsmasq-dhcp[2029582]: read /opt/stack/data/neutron/dhcp/67a8a3aa-9713-47ef-9e5e-f32aac070b62/host
Oct 17 09:22:46.401491 podb-esxi207 dnsmasq-dhcp[2029582]: read /opt/stack/data/neutron/dhcp/67a8a3aa-9713-47ef-9e5e-f32aac070b62/opts
Oct 17 09:22:47.240959 podb-esxi207 dnsmasq[2029582]: exiting on receipt of SIGTERM
Oct 17 09:23:30.310194 podb-esxi207 dnsmasq-dhcp[2036800]: DHCPREQUEST(tap4bbf6316-0a) 10.1.0.13 fa:16:3e:69:8c:16
Oct 17 09:23:30.310225 podb-esxi207 dnsmasq-dhcp[2036800]: DHCPACK(tap4bbf6316-0a) 10.1.0.13 fa:16:3e:69:8c:16 host-10-1-0-13
Oct 17 09:23:57.788289 podb-esxi207 dnsmasq-dhcp[2038474]: DHCPRELEASE(tap9cf3358e-d1) 10.1.0.8 fa:16:3e:c5:16:3e
Oct 17 09:23:57.804798 podb-esxi207 dnsmasq-dhcp[2038474]: DHCPRELEASE(tap9cf3358e-d1) 10.1.0.8 fa:16:3e:c5:16:3e unknown lease
Oct 17 09:23:58.631078 podb-esxi207 dnsmasq[2038474]: read /opt/stack/data/neutron/dhcp/a72479d4-58fa-46c6-ba37-9c7b17caee60/addn_hosts - 2 names
Oct 17 09:23:58.631172 podb-esxi207 dnsmasq-dhcp[2038474]: read /opt/stack/data/neutron/dhcp/a72479d4-58fa-46c6-ba37-9c7b17caee60/host
Oct 17 09:23:58.631243 podb-esxi207 dnsmasq-dhcp[2038474]: read /opt/stack/data/neutron/dhcp/a72479d4-58fa-46c6-ba37-9c7b17caee60/opts
Oct 17 09:24:10.372842 podb-esxi207 dnsmasq[2038474]: read /opt/stack/data/neutron/dhcp/a72479d4-58fa-46c6-ba37-9c7b17caee60/addn_hosts - 0 names
Oct 17 09:24:10.372918 podb-esxi207 dnsmasq-dhcp[2038474]: read /opt/stack/data/neutron/dhcp/a72479d4-58fa-46c6-ba37-9c7b17caee60/host
Oct 17 09:24:10.372975 podb-esxi207 dnsmasq-dhcp[2038474]: read /opt/stack/data/neutron/dhcp/a72479d4-58fa-46c6-ba37-9c7b17caee60/opts
Oct 17 09:24:11.527797 podb-esxi207 dnsmasq[2038474]: exiting on receipt of SIGTERM
Oct 17 09:24:15.789708 podb-esxi207 dnsmasq[2041215]: started, version 2.90 cachesize 150
Oct 17 09:24:15.789733 podb-esxi207 dnsmasq[2041215]: DNS service limited to local subnets
Oct 17 09:24:15.789748 podb-esxi207 dnsmasq[2041215]: compile time options: IPv6 GNU-getopt DBus no-UBus i18n IDN2 DHCP DHCPv6 no-Lua TFTP conntrack ipset no-nftset auth cryptohash DNSSEC loop-detect inotify dumpfile
Oct 17 09:24:15.789791 podb-esxi207 dnsmasq-dhcp[2041215]: DHCP, static leases only on 10.1.0.0, lease time 1d
Oct 17 09:24:15.789944 podb-esxi207 dnsmasq[2041215]: reading /etc/resolv.conf
Oct 17 09:24:15.789961 podb-esxi207 dnsmasq[2041215]: using nameserver 127.0.0.53#53
Oct 17 09:24:15.790053 podb-esxi207 dnsmasq[2041215]: read /opt/stack/data/neutron/dhcp/1a24a680-8a97-4d83-a758-acff7fe5a20e/addn_hosts - 0 names
Oct 17 09:24:15.790104 podb-esxi207 dnsmasq-dhcp[2041215]: read /opt/stack/data/neutron/dhcp/1a24a680-8a97-4d83-a758-acff7fe5a20e/host
Oct 17 09:24:15.790171 podb-esxi207 dnsmasq-dhcp[2041215]: read /opt/stack/data/neutron/dhcp/1a24a680-8a97-4d83-a758-acff7fe5a20e/opts
Oct 17 09:24:17.340684 podb-esxi207 dnsmasq[2041215]: read /opt/stack/data/neutron/dhcp/1a24a680-8a97-4d83-a758-acff7fe5a20e/addn_hosts - 2 names
Oct 17 09:24:17.340790 podb-esxi207 dnsmasq-dhcp[2041215]: read /opt/stack/data/neutron/dhcp/1a24a680-8a97-4d83-a758-acff7fe5a20e/host
