Oct 17 09:00:37.295904 podb-esxi207 systemd[1]: Started Devstack devstack@q-dhcp.service.
Oct 17 09:00:37.724602 podb-esxi207 neutron-dhcp-agent[1993023]: This program is using eventlet and has been monkey_patched
Oct 17 09:00:54.908160 podb-esxi207 sudo[1994815]:    stack : PWD=/ ; USER=root ; COMMAND=/opt/stack/data/venv/bin/neutron-rootwrap /etc/neutron/rootwrap.conf privsep-helper --config-file /etc/neutron/neutron.conf --config-file /etc/neutron/dhcp_agent.ini --privsep_context neutron.privileged.default --privsep_sock_path /tmp/tmpv0zhfbbh/privsep.sock
Oct 17 09:00:54.909206 podb-esxi207 sudo[1994815]: pam_unix(sudo:session): session opened for user root(uid=0) by (uid=1001)
Oct 17 09:00:55.691463 podb-esxi207 sudo[1994815]: pam_unix(sudo:session): session closed for user root
Oct 17 09:00:56.753380 podb-esxi207 sudo[1994859]:    stack : PWD=/ ; USER=root ; COMMAND=/opt/stack/data/venv/bin/neutron-rootwrap /etc/neutron/rootwrap.conf privsep-helper --config-file /etc/neutron/neutron.conf --config-file /etc/neutron/dhcp_agent.ini --privsep_context neutron.privileged.namespace_cmd --privsep_sock_path /tmp/tmpk4bx8_pu/privsep.sock
Oct 17 09:00:56.754345 podb-esxi207 sudo[1994859]: pam_unix(sudo:session): session opened for user root(uid=0) by (uid=1001)
Oct 17 09:00:57.525264 podb-esxi207 sudo[1994859]: pam_unix(sudo:session): session closed for user root
Oct 17 09:00:58.619643 podb-esxi207 sudo[1994904]:    stack : PWD=/ ; USER=root ; COMMAND=/opt/stack/data/venv/bin/neutron-rootwrap /etc/neutron/rootwrap.conf privsep-helper --config-file /etc/neutron/neutron.conf --config-file /etc/neutron/dhcp_agent.ini --privsep_context neutron.privileged.link_cmd --privsep_sock_path /tmp/tmpgyvttfgt/privsep.sock
Oct 17 09:00:58.620583 podb-esxi207 sudo[1994904]: pam_unix(sudo:session): session opened for user root(uid=0) by (uid=1001)
Oct 17 09:00:59.401506 podb-esxi207 sudo[1994904]: pam_unix(sudo:session): session closed for user root
Oct 17 09:01:01.980173 podb-esxi207 sudo[1995048]:    stack : PWD=/ ; USER=root ; COMMAND=/opt/stack/data/venv/bin/neutron-rootwrap-daemon /etc/neutron/rootwrap.conf
Oct 17 09:01:01.981213 podb-esxi207 sudo[1995048]: pam_unix(sudo:session): session opened for user root(uid=0) by (uid=1001)
Oct 17 09:01:02.271792 podb-esxi207 dnsmasq[1995060]: started, version 2.90 cachesize 150
Oct 17 09:01:02.271825 podb-esxi207 dnsmasq[1995060]: DNS service limited to local subnets
Oct 17 09:01:02.271841 podb-esxi207 dnsmasq[1995060]: compile time options: IPv6 GNU-getopt DBus no-UBus i18n IDN2 DHCP DHCPv6 no-Lua TFTP conntrack ipset no-nftset auth cryptohash DNSSEC loop-detect inotify dumpfile
Oct 17 09:01:02.271878 podb-esxi207 dnsmasq-dhcp[1995060]: DHCP, static leases only on 10.1.0.0, lease time 1d
Oct 17 09:01:02.272035 podb-esxi207 dnsmasq[1995060]: reading /etc/resolv.conf
Oct 17 09:01:02.272052 podb-esxi207 dnsmasq[1995060]: using nameserver 127.0.0.53#53
Oct 17 09:01:02.272145 podb-esxi207 dnsmasq[1995060]: read /opt/stack/data/neutron/dhcp/9f859721-fc98-48c5-b113-47d27c129336/addn_hosts - 0 names
Oct 17 09:01:02.272196 podb-esxi207 dnsmasq-dhcp[1995060]: read /opt/stack/data/neutron/dhcp/9f859721-fc98-48c5-b113-47d27c129336/host
Oct 17 09:01:02.272255 podb-esxi207 dnsmasq-dhcp[1995060]: read /opt/stack/data/neutron/dhcp/9f859721-fc98-48c5-b113-47d27c129336/opts
Oct 17 09:01:03.818873 podb-esxi207 dnsmasq[1995060]: read /opt/stack/data/neutron/dhcp/9f859721-fc98-48c5-b113-47d27c129336/addn_hosts - 0 names
Oct 17 09:01:03.818934 podb-esxi207 dnsmasq-dhcp[1995060]: read /opt/stack/data/neutron/dhcp/9f859721-fc98-48c5-b113-47d27c129336/host
Oct 17 09:01:03.818998 podb-esxi207 dnsmasq-dhcp[1995060]: read /opt/stack/data/neutron/dhcp/9f859721-fc98-48c5-b113-47d27c129336/opts
Oct 17 09:01:06.441710 podb-esxi207 dnsmasq[1995060]: read /opt/stack/data/neutron/dhcp/9f859721-fc98-48c5-b113-47d27c129336/addn_hosts - 2 names
Oct 17 09:01:06.441787 podb-esxi207 dnsmasq-dhcp[1995060]: read /opt/stack/data/neutron/dhcp/9f859721-fc98-48c5-b113-47d27c129336/host
Oct 17 09:01:06.441901 podb-esxi207 dnsmasq-dhcp[1995060]: read /opt/stack/data/neutron/dhcp/9f859721-fc98-48c5-b113-47d27c129336/opts
Oct 17 09:01:07.677059 podb-esxi207 dnsmasq[1995060]: read /opt/stack/data/neutron/dhcp/9f859721-fc98-48c5-b113-47d27c129336/addn_hosts - 2 names
Oct 17 09:01:07.677150 podb-esxi207 dnsmasq-dhcp[1995060]: read /opt/stack/data/neutron/dhcp/9f859721-fc98-48c5-b113-47d27c129336/host
Oct 17 09:01:07.677272 podb-esxi207 dnsmasq-dhcp[1995060]: read /opt/stack/data/neutron/dhcp/9f859721-fc98-48c5-b113-47d27c129336/opts
Oct 17 09:02:59.512065 podb-esxi207 dnsmasq[2007682]: started, version 2.90 cachesize 150
Oct 17 09:02:59.512094 podb-esxi207 dnsmasq[2007682]: DNS service limited to local subnets
Oct 17 09:02:59.512108 podb-esxi207 dnsmasq[2007682]: compile time options: IPv6 GNU-getopt DBus no-UBus i18n IDN2 DHCP DHCPv6 no-Lua TFTP conntrack ipset no-nftset auth cryptohash DNSSEC loop-detect inotify dumpfile
Oct 17 09:02:59.512145 podb-esxi207 dnsmasq-dhcp[2007682]: DHCP, static leases only on 192.168.233.0, lease time 1d
Oct 17 09:02:59.512299 podb-esxi207 dnsmasq[2007682]: reading /etc/resolv.conf
Oct 17 09:02:59.512316 podb-esxi207 dnsmasq[2007682]: using nameserver 127.0.0.53#53
Oct 17 09:02:59.512407 podb-esxi207 dnsmasq[2007682]: read /opt/stack/data/neutron/dhcp/6ba40612-9acc-43ec-acb5-559f70777d4a/addn_hosts - 0 names
Oct 17 09:02:59.512457 podb-esxi207 dnsmasq-dhcp[2007682]: read /opt/stack/data/neutron/dhcp/6ba40612-9acc-43ec-acb5-559f70777d4a/host
Oct 17 09:02:59.512518 podb-esxi207 dnsmasq-dhcp[2007682]: read /opt/stack/data/neutron/dhcp/6ba40612-9acc-43ec-acb5-559f70777d4a/opts
Oct 17 09:03:01.055164 podb-esxi207 dnsmasq[2007682]: read /opt/stack/data/neutron/dhcp/6ba40612-9acc-43ec-acb5-559f70777d4a/addn_hosts - 0 names
Oct 17 09:03:01.055246 podb-esxi207 dnsmasq-dhcp[2007682]: read /opt/stack/data/neutron/dhcp/6ba40612-9acc-43ec-acb5-559f70777d4a/host
Oct 17 09:03:01.055297 podb-esxi207 dnsmasq-dhcp[2007682]: read /opt/stack/data/neutron/dhcp/6ba40612-9acc-43ec-acb5-559f70777d4a/opts
Oct 17 09:09:40.030473 podb-esxi207 dnsmasq[2014196]: started, version 2.90 cachesize 150
Oct 17 09:09:40.030505 podb-esxi207 dnsmasq[2014196]: DNS service limited to local subnets
Oct 17 09:09:40.030521 podb-esxi207 dnsmasq[2014196]: compile time options: IPv6 GNU-getopt DBus no-UBus i18n IDN2 DHCP DHCPv6 no-Lua TFTP conntrack ipset no-nftset auth cryptohash DNSSEC loop-detect inotify dumpfile
Oct 17 09:09:40.030571 podb-esxi207 dnsmasq-dhcp[2014196]: DHCP, static leases only on 10.1.0.0, lease time 1d
Oct 17 09:09:40.030739 podb-esxi207 dnsmasq[2014196]: reading /etc/resolv.conf
Oct 17 09:09:40.030756 podb-esxi207 dnsmasq[2014196]: using nameserver 127.0.0.53#53
Oct 17 09:09:40.030851 podb-esxi207 dnsmasq[2014196]: read /opt/stack/data/neutron/dhcp/60db417d-493c-4174-a020-d64aa1847a62/addn_hosts - 0 names
Oct 17 09:09:40.030905 podb-esxi207 dnsmasq-dhcp[2014196]: read /opt/stack/data/neutron/dhcp/60db417d-493c-4174-a020-d64aa1847a62/host
Oct 17 09:09:40.030971 podb-esxi207 dnsmasq-dhcp[2014196]: read /opt/stack/data/neutron/dhcp/60db417d-493c-4174-a020-d64aa1847a62/opts
Oct 17 09:09:42.795612 podb-esxi207 dnsmasq[2014795]: started, version 2.90 cachesize 150
Oct 17 09:09:42.795643 podb-esxi207 dnsmasq[2014795]: DNS service limited to local subnets
Oct 17 09:09:42.795659 podb-esxi207 dnsmasq[2014795]: compile time options: IPv6 GNU-getopt DBus no-UBus i18n IDN2 DHCP DHCPv6 no-Lua TFTP conntrack ipset no-nftset auth cryptohash DNSSEC loop-detect inotify dumpfile
Oct 17 09:09:42.795694 podb-esxi207 dnsmasq-dhcp[2014795]: DHCP, static leases only on 10.1.0.0, lease time 1d
Oct 17 09:09:42.795850 podb-esxi207 dnsmasq[2014795]: reading /etc/resolv.conf
Oct 17 09:09:42.795868 podb-esxi207 dnsmasq[2014795]: using nameserver 127.0.0.53#53
Oct 17 09:09:42.795983 podb-esxi207 dnsmasq[2014795]: read /opt/stack/data/neutron/dhcp/622a71be-0eab-41f4-94b5-0b9fea157a51/addn_hosts - 2 names
Oct 17 09:09:42.796040 podb-esxi207 dnsmasq-dhcp[2014795]: read /opt/stack/data/neutron/dhcp/622a71be-0eab-41f4-94b5-0b9fea157a51/host
Oct 17 09:09:42.796107 podb-esxi207 dnsmasq-dhcp[2014795]: read /opt/stack/data/neutron/dhcp/622a71be-0eab-41f4-94b5-0b9fea157a51/opts
Oct 17 09:09:46.002687 podb-esxi207 dnsmasq[2015209]: started, version 2.90 cachesize 150
Oct 17 09:09:46.002716 podb-esxi207 dnsmasq[2015209]: DNS service limited to local subnets
Oct 17 09:09:46.002731 podb-esxi207 dnsmasq[2015209]: compile time options: IPv6 GNU-getopt DBus no-UBus i18n IDN2 DHCP DHCPv6 no-Lua TFTP conntrack ipset no-nftset auth cryptohash DNSSEC loop-detect inotify dumpfile
Oct 17 09:09:46.002772 podb-esxi207 dnsmasq-dhcp[2015209]: DHCP, static leases only on 10.1.0.0, lease time 1d
Oct 17 09:09:46.002925 podb-esxi207 dnsmasq[2015209]: reading /etc/resolv.conf
Oct 17 09:09:46.002942 podb-esxi207 dnsmasq[2015209]: using nameserver 127.0.0.53#53
Oct 17 09:09:46.003053 podb-esxi207 dnsmasq[2015209]: read /opt/stack/data/neutron/dhcp/d8338b77-abda-402c-8fe8-b674c88e49de/addn_hosts - 2 names
Oct 17 09:09:46.003108 podb-esxi207 dnsmasq-dhcp[2015209]: read /opt/stack/data/neutron/dhcp/d8338b77-abda-402c-8fe8-b674c88e49de/host
Oct 17 09:09:46.003185 podb-esxi207 dnsmasq-dhcp[2015209]: read /opt/stack/data/neutron/dhcp/d8338b77-abda-402c-8fe8-b674c88e49de/opts
Oct 17 09:09:48.663237 podb-esxi207 dnsmasq[2015610]: started, version 2.90 cachesize 150
Oct 17 09:09:48.663264 podb-esxi207 dnsmasq[2015610]: DNS service limited to local subnets
Oct 17 09:09:48.663279 podb-esxi207 dnsmasq[2015610]: compile time options: IPv6 GNU-getopt DBus no-UBus i18n IDN2 DHCP DHCPv6 no-Lua TFTP conntrack ipset no-nftset auth cryptohash DNSSEC loop-detect inotify dumpfile
Oct 17 09:09:48.663332 podb-esxi207 dnsmasq-dhcp[2015610]: DHCP, static leases only on 10.1.0.0, lease time 1d
Oct 17 09:09:48.663494 podb-esxi207 dnsmasq[2015610]: reading /etc/resolv.conf
Oct 17 09:09:48.663512 podb-esxi207 dnsmasq[2015610]: using nameserver 127.0.0.53#53
Oct 17 09:09:48.663635 podb-esxi207 dnsmasq[2015610]: read /opt/stack/data/neutron/dhcp/526dd581-01d8-4ad4-9e3b-70515a754464/addn_hosts - 2 names
Oct 17 09:09:48.663693 podb-esxi207 dnsmasq-dhcp[2015610]: read /opt/stack/data/neutron/dhcp/526dd581-01d8-4ad4-9e3b-70515a754464/host
Oct 17 09:09:48.663761 podb-esxi207 dnsmasq-dhcp[2015610]: read /opt/stack/data/neutron/dhcp/526dd581-01d8-4ad4-9e3b-70515a754464/opts
Oct 17 09:09:50.714437 podb-esxi207 dnsmasq[2014196]: read /opt/stack/data/neutron/dhcp/60db417d-493c-4174-a020-d64aa1847a62/addn_hosts - 2 names
Oct 17 09:09:50.714521 podb-esxi207 dnsmasq-dhcp[2014196]: read /opt/stack/data/neutron/dhcp/60db417d-493c-4174-a020-d64aa1847a62/host
Oct 17 09:09:50.714591 podb-esxi207 dnsmasq-dhcp[2014196]: read /opt/stack/data/neutron/dhcp/60db417d-493c-4174-a020-d64aa1847a62/opts
Oct 17 09:09:53.854945 podb-esxi207 dnsmasq[2016381]: started, version 2.90 cachesize 150
Oct 17 09:09:53.854977 podb-esxi207 dnsmasq[2016381]: DNS service limited to local subnets
Oct 17 09:09:53.854992 podb-esxi207 dnsmasq[2016381]: compile time options: IPv6 GNU-getopt DBus no-UBus i18n IDN2 DHCP DHCPv6 no-Lua TFTP conntrack ipset no-nftset auth cryptohash DNSSEC loop-detect inotify dumpfile
Oct 17 09:09:53.855028 podb-esxi207 dnsmasq-dhcp[2016381]: DHCP, static leases only on 10.1.0.0, lease time 1d
Oct 17 09:09:53.855185 podb-esxi207 dnsmasq[2016381]: reading /etc/resolv.conf
Oct 17 09:09:53.855203 podb-esxi207 dnsmasq[2016381]: using nameserver 127.0.0.53#53
Oct 17 09:09:53.855315 podb-esxi207 dnsmasq[2016381]: read /opt/stack/data/neutron/dhcp/d4ac2276-9eff-4f16-b61d-bbbb6471c5b5/addn_hosts - 2 names
Oct 17 09:09:53.855371 podb-esxi207 dnsmasq-dhcp[2016381]: read /opt/stack/data/neutron/dhcp/d4ac2276-9eff-4f16-b61d-bbbb6471c5b5/host
Oct 17 09:09:53.855439 podb-esxi207 dnsmasq-dhcp[2016381]: read /opt/stack/data/neutron/dhcp/d4ac2276-9eff-4f16-b61d-bbbb6471c5b5/opts
Oct 17 09:09:56.595436 podb-esxi207 dnsmasq[2016876]: started, version 2.90 cachesize 150
Oct 17 09:09:56.595465 podb-esxi207 dnsmasq[2016876]: DNS service limited to local subnets
Oct 17 09:09:56.595480 podb-esxi207 dnsmasq[2016876]: compile time options: IPv6 GNU-getopt DBus no-UBus i18n IDN2 DHCP DHCPv6 no-Lua TFTP conntrack ipset no-nftset auth cryptohash DNSSEC loop-detect inotify dumpfile
Oct 17 09:09:56.595516 podb-esxi207 dnsmasq-dhcp[2016876]: DHCP, static leases only on 10.1.0.0, lease time 1d
Oct 17 09:09:56.595673 podb-esxi207 dnsmasq[2016876]: reading /etc/resolv.conf
Oct 17 09:09:56.595689 podb-esxi207 dnsmasq[2016876]: using nameserver 127.0.0.53#53
Oct 17 09:09:56.595803 podb-esxi207 dnsmasq[2016876]: read /opt/stack/data/neutron/dhcp/6787d312-8594-4fdf-a8cf-9793cd46a363/addn_hosts - 2 names
Oct 17 09:09:56.595868 podb-esxi207 dnsmasq-dhcp[2016876]: read /opt/stack/data/neutron/dhcp/6787d312-8594-4fdf-a8cf-9793cd46a363/host
Oct 17 09:09:56.595934 podb-esxi207 dnsmasq-dhcp[2016876]: read /opt/stack/data/neutron/dhcp/6787d312-8594-4fdf-a8cf-9793cd46a363/opts
Oct 17 09:09:58.146281 podb-esxi207 dnsmasq[2014795]: read /opt/stack/data/neutron/dhcp/622a71be-0eab-41f4-94b5-0b9fea157a51/addn_hosts - 2 names
Oct 17 09:09:58.146374 podb-esxi207 dnsmasq-dhcp[2014795]: read /opt/stack/data/neutron/dhcp/622a71be-0eab-41f4-94b5-0b9fea157a51/host
Oct 17 09:09:58.146480 podb-esxi207 dnsmasq-dhcp[2014795]: read /opt/stack/data/neutron/dhcp/622a71be-0eab-41f4-94b5-0b9fea157a51/opts
Oct 17 09:09:59.897871 podb-esxi207 dnsmasq[2015610]: read /opt/stack/data/neutron/dhcp/526dd581-01d8-4ad4-9e3b-70515a754464/addn_hosts - 4 names
Oct 17 09:09:59.897992 podb-esxi207 dnsmasq-dhcp[2015610]: read /opt/stack/data/neutron/dhcp/526dd581-01d8-4ad4-9e3b-70515a754464/host
Oct 17 09:09:59.898111 podb-esxi207 dnsmasq-dhcp[2015610]: read /opt/stack/data/neutron/dhcp/526dd581-01d8-4ad4-9e3b-70515a754464/opts
Oct 17 09:10:01.684156 podb-esxi207 dnsmasq[2014196]: read /opt/stack/data/neutron/dhcp/60db417d-493c-4174-a020-d64aa1847a62/addn_hosts - 2 names
Oct 17 09:10:01.684263 podb-esxi207 dnsmasq-dhcp[2014196]: read /opt/stack/data/neutron/dhcp/60db417d-493c-4174-a020-d64aa1847a62/host
Oct 17 09:10:01.684365 podb-esxi207 dnsmasq-dhcp[2014196]: read /opt/stack/data/neutron/dhcp/60db417d-493c-4174-a020-d64aa1847a62/opts
Oct 17 09:10:02.933072 podb-esxi207 dnsmasq[2016381]: read /opt/stack/data/neutron/dhcp/d4ac2276-9eff-4f16-b61d-bbbb6471c5b5/addn_hosts - 2 names
Oct 17 09:10:02.933202 podb-esxi207 dnsmasq-dhcp[2016381]: read /opt/stack/data/neutron/dhcp/d4ac2276-9eff-4f16-b61d-bbbb6471c5b5/host
Oct 17 09:10:02.933351 podb-esxi207 dnsmasq-dhcp[2016381]: read /opt/stack/data/neutron/dhcp/d4ac2276-9eff-4f16-b61d-bbbb6471c5b5/opts
Oct 17 09:10:04.177827 podb-esxi207 dnsmasq[2016876]: read /opt/stack/data/neutron/dhcp/6787d312-8594-4fdf-a8cf-9793cd46a363/addn_hosts - 2 names
Oct 17 09:10:04.177939 podb-esxi207 dnsmasq-dhcp[2016876]: read /opt/stack/data/neutron/dhcp/6787d312-8594-4fdf-a8cf-9793cd46a363/host
Oct 17 09:10:04.178049 podb-esxi207 dnsmasq-dhcp[2016876]: read /opt/stack/data/neutron/dhcp/6787d312-8594-4fdf-a8cf-9793cd46a363/opts
Oct 17 09:10:06.974548 podb-esxi207 dnsmasq[2017420]: started, version 2.90 cachesize 150
Oct 17 09:10:06.974570 podb-esxi207 dnsmasq[2017420]: DNS service limited to local subnets
Oct 17 09:10:06.974584 podb-esxi207 dnsmasq[2017420]: compile time options: IPv6 GNU-getopt DBus no-UBus i18n IDN2 DHCP DHCPv6 no-Lua TFTP conntrack ipset no-nftset auth cryptohash DNSSEC loop-detect inotify dumpfile
Oct 17 09:10:06.974619 podb-esxi207 dnsmasq-dhcp[2017420]: DHCP, static leases only on 10.1.0.0, lease time 1d
Oct 17 09:10:06.974762 podb-esxi207 dnsmasq[2017420]: reading /etc/resolv.conf
Oct 17 09:10:06.974778 podb-esxi207 dnsmasq[2017420]: using nameserver 127.0.0.53#53
Oct 17 09:10:06.974894 podb-esxi207 dnsmasq[2017420]: read /opt/stack/data/neutron/dhcp/c5b51c0a-9a8c-4971-89be-8dbfbfc94d77/addn_hosts - 2 names
Oct 17 09:10:06.974955 podb-esxi207 dnsmasq-dhcp[2017420]: read /opt/stack/data/neutron/dhcp/c5b51c0a-9a8c-4971-89be-8dbfbfc94d77/host
Oct 17 09:10:06.975020 podb-esxi207 dnsmasq-dhcp[2017420]: read /opt/stack/data/neutron/dhcp/c5b51c0a-9a8c-4971-89be-8dbfbfc94d77/opts
Oct 17 09:10:07.508156 podb-esxi207 dnsmasq[2014795]: read /opt/stack/data/neutron/dhcp/622a71be-0eab-41f4-94b5-0b9fea157a51/addn_hosts - 2 names
Oct 17 09:10:07.508227 podb-esxi207 dnsmasq-dhcp[2014795]: read /opt/stack/data/neutron/dhcp/622a71be-0eab-41f4-94b5-0b9fea157a51/host
Oct 17 09:10:07.508315 podb-esxi207 dnsmasq-dhcp[2014795]: read /opt/stack/data/neutron/dhcp/622a71be-0eab-41f4-94b5-0b9fea157a51/opts
Oct 17 09:10:08.221390 podb-esxi207 dnsmasq[2015209]: read /opt/stack/data/neutron/dhcp/d8338b77-abda-402c-8fe8-b674c88e49de/addn_hosts - 2 names
Oct 17 09:10:08.221468 podb-esxi207 dnsmasq-dhcp[2015209]: read /opt/stack/data/neutron/dhcp/d8338b77-abda-402c-8fe8-b674c88e49de/host
Oct 17 09:10:08.221578 podb-esxi207 dnsmasq-dhcp[2015209]: read /opt/stack/data/neutron/dhcp/d8338b77-abda-402c-8fe8-b674c88e49de/opts
Oct 17 09:10:08.938428 podb-esxi207 dnsmasq[2015610]: read /opt/stack/data/neutron/dhcp/526dd581-01d8-4ad4-9e3b-70515a754464/addn_hosts - 4 names
Oct 17 09:10:08.938565 podb-esxi207 dnsmasq-dhcp[2015610]: read /opt/stack/data/neutron/dhcp/526dd581-01d8-4ad4-9e3b-70515a754464/host
Oct 17 09:10:08.938669 podb-esxi207 dnsmasq-dhcp[2015610]: read /opt/stack/data/neutron/dhcp/526dd581-01d8-4ad4-9e3b-70515a754464/opts
Oct 17 09:10:10.172819 podb-esxi207 dnsmasq[2014196]: read /opt/stack/data/neutron/dhcp/60db417d-493c-4174-a020-d64aa1847a62/addn_hosts - 2 names
Oct 17 09:10:10.172853 podb-esxi207 dnsmasq-dhcp[2014196]: read /opt/stack/data/neutron/dhcp/60db417d-493c-4174-a020-d64aa1847a62/host
Oct 17 09:10:10.172885 podb-esxi207 dnsmasq-dhcp[2014196]: read /opt/stack/data/neutron/dhcp/60db417d-493c-4174-a020-d64aa1847a62/opts
Oct 17 09:10:10.889592 podb-esxi207 dnsmasq[2016381]: read /opt/stack/data/neutron/dhcp/d4ac2276-9eff-4f16-b61d-bbbb6471c5b5/addn_hosts - 2 names
Oct 17 09:10:10.889673 podb-esxi207 dnsmasq-dhcp[2016381]: read /opt/stack/data/neutron/dhcp/d4ac2276-9eff-4f16-b61d-bbbb6471c5b5/host
Oct 17 09:10:10.889742 podb-esxi207 dnsmasq-dhcp[2016381]: read /opt/stack/data/neutron/dhcp/d4ac2276-9eff-4f16-b61d-bbbb6471c5b5/opts
Oct 17 09:10:13.660547 podb-esxi207 dnsmasq[2017768]: started, version 2.90 cachesize 150
Oct 17 09:10:13.660571 podb-esxi207 dnsmasq[2017768]: DNS service limited to local subnets
Oct 17 09:10:13.660587 podb-esxi207 dnsmasq[2017768]: compile time options: IPv6 GNU-getopt DBus no-UBus i18n IDN2 DHCP DHCPv6 no-Lua TFTP conntrack ipset no-nftset auth cryptohash DNSSEC loop-detect inotify dumpfile
Oct 17 09:10:13.660661 podb-esxi207 dnsmasq-dhcp[2017768]: DHCP, static leases only on 10.1.0.0, lease time 1d
Oct 17 09:10:13.660818 podb-esxi207 dnsmasq[2017768]: reading /etc/resolv.conf
Oct 17 09:10:13.660835 podb-esxi207 dnsmasq[2017768]: using nameserver 127.0.0.53#53
Oct 17 09:10:13.660948 podb-esxi207 dnsmasq[2017768]: read /opt/stack/data/neutron/dhcp/293adcd7-5f0a-4f7b-984b-1cf6a273b10f/addn_hosts - 2 names
Oct 17 09:10:13.661004 podb-esxi207 dnsmasq-dhcp[2017768]: read /opt/stack/data/neutron/dhcp/293adcd7-5f0a-4f7b-984b-1cf6a273b10f/host
Oct 17 09:10:13.661082 podb-esxi207 dnsmasq-dhcp[2017768]: read /opt/stack/data/neutron/dhcp/293adcd7-5f0a-4f7b-984b-1cf6a273b10f/opts
Oct 17 09:10:16.266178 podb-esxi207 dnsmasq[2017835]: started, version 2.90 cachesize 150
Oct 17 09:10:16.266202 podb-esxi207 dnsmasq[2017835]: DNS service limited to local subnets
Oct 17 09:10:16.266217 podb-esxi207 dnsmasq[2017835]: compile time options: IPv6 GNU-getopt DBus no-UBus i18n IDN2 DHCP DHCPv6 no-Lua TFTP conntrack ipset no-nftset auth cryptohash DNSSEC loop-detect inotify dumpfile
Oct 17 09:10:16.266252 podb-esxi207 dnsmasq-dhcp[2017835]: DHCP, static leases only on 10.1.0.0, lease time 1d
Oct 17 09:10:16.266401 podb-esxi207 dnsmasq[2017835]: reading /etc/resolv.conf
Oct 17 09:10:16.266418 podb-esxi207 dnsmasq[2017835]: using nameserver 127.0.0.53#53
Oct 17 09:10:16.266527 podb-esxi207 dnsmasq[2017835]: read /opt/stack/data/neutron/dhcp/eab14fbd-79d0-4bf6-a152-d8ae9a813f03/addn_hosts - 2 names
Oct 17 09:10:16.266580 podb-esxi207 dnsmasq-dhcp[2017835]: read /opt/stack/data/neutron/dhcp/eab14fbd-79d0-4bf6-a152-d8ae9a813f03/host
Oct 17 09:10:16.266644 podb-esxi207 dnsmasq-dhcp[2017835]: read /opt/stack/data/neutron/dhcp/eab14fbd-79d0-4bf6-a152-d8ae9a813f03/opts
Oct 17 09:10:18.828828 podb-esxi207 dnsmasq[2017902]: started, version 2.90 cachesize 150
Oct 17 09:10:18.828852 podb-esxi207 dnsmasq[2017902]: DNS service limited to local subnets
Oct 17 09:10:18.828867 podb-esxi207 dnsmasq[2017902]: compile time options: IPv6 GNU-getopt DBus no-UBus i18n IDN2 DHCP DHCPv6 no-Lua TFTP conntrack ipset no-nftset auth cryptohash DNSSEC loop-detect inotify dumpfile
Oct 17 09:10:18.828901 podb-esxi207 dnsmasq-dhcp[2017902]: DHCP, static leases only on 10.1.0.0, lease time 1d
Oct 17 09:10:18.829045 podb-esxi207 dnsmasq[2017902]: reading /etc/resolv.conf
Oct 17 09:10:18.829060 podb-esxi207 dnsmasq[2017902]: using nameserver 127.0.0.53#53
Oct 17 09:10:18.829166 podb-esxi207 dnsmasq[2017902]: read /opt/stack/data/neutron/dhcp/a66d7162-9bb4-46dc-9cd1-ebde716101de/addn_hosts - 2 names
Oct 17 09:10:18.829227 podb-esxi207 dnsmasq-dhcp[2017902]: read /opt/stack/data/neutron/dhcp/a66d7162-9bb4-46dc-9cd1-ebde716101de/host
Oct 17 09:10:18.829292 podb-esxi207 dnsmasq-dhcp[2017902]: read /opt/stack/data/neutron/dhcp/a66d7162-9bb4-46dc-9cd1-ebde716101de/opts
Oct 17 09:10:19.362506 podb-esxi207 dnsmasq[2014795]: read /opt/stack/data/neutron/dhcp/622a71be-0eab-41f4-94b5-0b9fea157a51/addn_hosts - 2 names
Oct 17 09:10:19.362590 podb-esxi207 dnsmasq-dhcp[2014795]: read /opt/stack/data/neutron/dhcp/622a71be-0eab-41f4-94b5-0b9fea157a51/host
Oct 17 09:10:19.362678 podb-esxi207 dnsmasq-dhcp[2014795]: read /opt/stack/data/neutron/dhcp/622a71be-0eab-41f4-94b5-0b9fea157a51/opts
Oct 17 09:10:20.090421 podb-esxi207 dnsmasq[2015209]: read /opt/stack/data/neutron/dhcp/d8338b77-abda-402c-8fe8-b674c88e49de/addn_hosts - 2 names
Oct 17 09:10:20.090499 podb-esxi207 dnsmasq-dhcp[2015209]: read /opt/stack/data/neutron/dhcp/d8338b77-abda-402c-8fe8-b674c88e49de/host
Oct 17 09:10:20.090605 podb-esxi207 dnsmasq-dhcp[2015209]: read /opt/stack/data/neutron/dhcp/d8338b77-abda-402c-8fe8-b674c88e49de/opts
Oct 17 09:10:20.811741 podb-esxi207 dnsmasq[2015610]: read /opt/stack/data/neutron/dhcp/526dd581-01d8-4ad4-9e3b-70515a754464/addn_hosts - 4 names
Oct 17 09:10:20.811832 podb-esxi207 dnsmasq-dhcp[2015610]: read /opt/stack/data/neutron/dhcp/526dd581-01d8-4ad4-9e3b-70515a754464/host
Oct 17 09:10:20.811901 podb-esxi207 dnsmasq-dhcp[2015610]: read /opt/stack/data/neutron/dhcp/526dd581-01d8-4ad4-9e3b-70515a754464/opts
Oct 17 09:10:24.579378 podb-esxi207 dnsmasq[2018111]: started, version 2.90 cachesize 150
Oct 17 09:10:24.579406 podb-esxi207 dnsmasq[2018111]: DNS service limited to local subnets
Oct 17 09:10:24.579421 podb-esxi207 dnsmasq[2018111]: compile time options: IPv6 GNU-getopt DBus no-UBus i18n IDN2 DHCP DHCPv6 no-Lua TFTP conntrack ipset no-nftset auth cryptohash DNSSEC loop-detect inotify dumpfile
Oct 17 09:10:24.579461 podb-esxi207 dnsmasq-dhcp[2018111]: DHCP, static leases only on 10.1.0.0, lease time 1d
Oct 17 09:10:24.579608 podb-esxi207 dnsmasq[2018111]: reading /etc/resolv.conf
Oct 17 09:10:24.579624 podb-esxi207 dnsmasq[2018111]: using nameserver 127.0.0.53#53
Oct 17 09:10:24.579738 podb-esxi207 dnsmasq[2018111]: read /opt/stack/data/neutron/dhcp/d324a761-87fc-48df-83d9-4aff35cb5581/addn_hosts - 4 names
Oct 17 09:10:24.579807 podb-esxi207 dnsmasq-dhcp[2018111]: read /opt/stack/data/neutron/dhcp/d324a761-87fc-48df-83d9-4aff35cb5581/host
Oct 17 09:10:24.579872 podb-esxi207 dnsmasq-dhcp[2018111]: read /opt/stack/data/neutron/dhcp/d324a761-87fc-48df-83d9-4aff35cb5581/opts
Oct 17 09:10:25.628150 podb-esxi207 dnsmasq[2017420]: read /opt/stack/data/neutron/dhcp/c5b51c0a-9a8c-4971-89be-8dbfbfc94d77/addn_hosts - 2 names
Oct 17 09:10:25.628237 podb-esxi207 dnsmasq-dhcp[2017420]: read /opt/stack/data/neutron/dhcp/c5b51c0a-9a8c-4971-89be-8dbfbfc94d77/host
Oct 17 09:10:25.628342 podb-esxi207 dnsmasq-dhcp[2017420]: read /opt/stack/data/neutron/dhcp/c5b51c0a-9a8c-4971-89be-8dbfbfc94d77/opts
Oct 17 09:10:25.797383 podb-esxi207 dnsmasq-dhcp[2014196]: DHCPDISCOVER(tap972f9cab-eb) fa:16:3e:f7:29:88 no address available
Oct 17 09:10:26.201452 podb-esxi207 dnsmasq-dhcp[2014795]: DHCPDISCOVER(tap73e2d83a-51) fa:16:3e:27:39:24 no address available
Oct 17 09:10:27.356256 podb-esxi207 dnsmasq[2017835]: read /opt/stack/data/neutron/dhcp/eab14fbd-79d0-4bf6-a152-d8ae9a813f03/addn_hosts - 2 names
Oct 17 09:10:27.356354 podb-esxi207 dnsmasq-dhcp[2017835]: read /opt/stack/data/neutron/dhcp/eab14fbd-79d0-4bf6-a152-d8ae9a813f03/host
Oct 17 09:10:27.356454 podb-esxi207 dnsmasq-dhcp[2017835]: read /opt/stack/data/neutron/dhcp/eab14fbd-79d0-4bf6-a152-d8ae9a813f03/opts
Oct 17 09:10:28.566459 podb-esxi207 dnsmasq[2017902]: read /opt/stack/data/neutron/dhcp/a66d7162-9bb4-46dc-9cd1-ebde716101de/addn_hosts - 2 names
Oct 17 09:10:28.566534 podb-esxi207 dnsmasq-dhcp[2017902]: read /opt/stack/data/neutron/dhcp/a66d7162-9bb4-46dc-9cd1-ebde716101de/host
Oct 17 09:10:28.566601 podb-esxi207 dnsmasq-dhcp[2017902]: read /opt/stack/data/neutron/dhcp/a66d7162-9bb4-46dc-9cd1-ebde716101de/opts
Oct 17 09:10:28.604290 podb-esxi207 dnsmasq-dhcp[2014196]: DHCPDISCOVER(tap972f9cab-eb) fa:16:3e:73:f5:cf no address available
Oct 17 09:10:28.870943 podb-esxi207 dnsmasq-dhcp[2014196]: DHCPDISCOVER(tap972f9cab-eb) fa:16:3e:f7:29:88 no address available
Oct 17 09:10:29.370743 podb-esxi207 dnsmasq-dhcp[2018111]: DHCPDISCOVER(tap70d3fe9c-a2) fa:16:3e:a2:81:67
Oct 17 09:10:29.370768 podb-esxi207 dnsmasq-dhcp[2018111]: DHCPOFFER(tap70d3fe9c-a2) 10.1.0.6 fa:16:3e:a2:81:67
Oct 17 09:10:29.387446 podb-esxi207 dnsmasq-dhcp[2018111]: DHCPREQUEST(tap70d3fe9c-a2) 10.1.0.6 fa:16:3e:a2:81:67
Oct 17 09:10:29.387476 podb-esxi207 dnsmasq-dhcp[2018111]: DHCPACK(tap70d3fe9c-a2) 10.1.0.6 fa:16:3e:a2:81:67 host-10-1-0-6
Oct 17 09:10:29.455184 podb-esxi207 dnsmasq[2016381]: read /opt/stack/data/neutron/dhcp/d4ac2276-9eff-4f16-b61d-bbbb6471c5b5/addn_hosts - 2 names
Oct 17 09:10:29.455283 podb-esxi207 dnsmasq-dhcp[2016381]: read /opt/stack/data/neutron/dhcp/d4ac2276-9eff-4f16-b61d-bbbb6471c5b5/host
Oct 17 09:10:29.455359 podb-esxi207 dnsmasq-dhcp[2016381]: read /opt/stack/data/neutron/dhcp/d4ac2276-9eff-4f16-b61d-bbbb6471c5b5/opts
Oct 17 09:10:29.902655 podb-esxi207 dnsmasq-dhcp[2014795]: DHCPDISCOVER(tap73e2d83a-51) fa:16:3e:27:39:24 no address available
Oct 17 09:10:30.173076 podb-esxi207 dnsmasq[2016876]: read /opt/stack/data/neutron/dhcp/6787d312-8594-4fdf-a8cf-9793cd46a363/addn_hosts - 2 names
Oct 17 09:10:30.173188 podb-esxi207 dnsmasq-dhcp[2016876]: read /opt/stack/data/neutron/dhcp/6787d312-8594-4fdf-a8cf-9793cd46a363/host
Oct 17 09:10:30.173343 podb-esxi207 dnsmasq-dhcp[2016876]: read /opt/stack/data/neutron/dhcp/6787d312-8594-4fdf-a8cf-9793cd46a363/opts
Oct 17 09:10:30.411226 podb-esxi207 dnsmasq[2015209]: exiting on receipt of SIGTERM
Oct 17 09:10:31.036417 podb-esxi207 dnsmasq[2015610]: exiting on receipt of SIGTERM
Oct 17 09:10:31.945612 podb-esxi207 dnsmasq-dhcp[2014196]: DHCPDISCOVER(tap972f9cab-eb) fa:16:3e:73:f5:cf no address available
Oct 17 09:10:33.685290 podb-esxi207 dnsmasq[2018111]: read /opt/stack/data/neutron/dhcp/d324a761-87fc-48df-83d9-4aff35cb5581/addn_hosts - 4 names
Oct 17 09:10:33.685442 podb-esxi207 dnsmasq-dhcp[2018111]: read /opt/stack/data/neutron/dhcp/d324a761-87fc-48df-83d9-4aff35cb5581/host
Oct 17 09:10:33.685557 podb-esxi207 dnsmasq-dhcp[2018111]: read /opt/stack/data/neutron/dhcp/d324a761-87fc-48df-83d9-4aff35cb5581/opts
Oct 17 09:10:35.924073 podb-esxi207 dnsmasq-dhcp[2014196]: DHCPDISCOVER(tap972f9cab-eb) fa:16:3e:f7:29:88 no address available
Oct 17 09:10:36.954235 podb-esxi207 dnsmasq[2018636]: started, version 2.90 cachesize 150
Oct 17 09:10:36.954263 podb-esxi207 dnsmasq[2018636]: DNS service limited to local subnets
Oct 17 09:10:36.954277 podb-esxi207 dnsmasq[2018636]: compile time options: IPv6 GNU-getopt DBus no-UBus i18n IDN2 DHCP DHCPv6 no-Lua TFTP conntrack ipset no-nftset auth cryptohash DNSSEC loop-detect inotify dumpfile
Oct 17 09:10:36.954311 podb-esxi207 dnsmasq-dhcp[2018636]: DHCP, static leases only on 10.1.0.0, lease time 1d
Oct 17 09:10:36.954454 podb-esxi207 dnsmasq[2018636]: reading /etc/resolv.conf
Oct 17 09:10:36.954470 podb-esxi207 dnsmasq[2018636]: using nameserver 127.0.0.53#53
Oct 17 09:10:36.954578 podb-esxi207 dnsmasq[2018636]: read /opt/stack/data/neutron/dhcp/749c2bd2-df00-4f4a-9bbd-ad523a465ea5/addn_hosts - 2 names
Oct 17 09:10:36.954638 podb-esxi207 dnsmasq-dhcp[2018636]: read /opt/stack/data/neutron/dhcp/749c2bd2-df00-4f4a-9bbd-ad523a465ea5/host
Oct 17 09:10:36.954711 podb-esxi207 dnsmasq-dhcp[2018636]: read /opt/stack/data/neutron/dhcp/749c2bd2-df00-4f4a-9bbd-ad523a465ea5/opts
Oct 17 09:10:37.487858 podb-esxi207 dnsmasq[2017420]: read /opt/stack/data/neutron/dhcp/c5b51c0a-9a8c-4971-89be-8dbfbfc94d77/addn_hosts - 2 names
Oct 17 09:10:37.487955 podb-esxi207 dnsmasq-dhcp[2017420]: read /opt/stack/data/neutron/dhcp/c5b51c0a-9a8c-4971-89be-8dbfbfc94d77/host
Oct 17 09:10:37.488059 podb-esxi207 dnsmasq-dhcp[2017420]: read /opt/stack/data/neutron/dhcp/c5b51c0a-9a8c-4971-89be-8dbfbfc94d77/opts
Oct 17 09:10:37.714192 podb-esxi207 dnsmasq[2017768]: exiting on receipt of SIGTERM
Oct 17 09:10:38.161615 podb-esxi207 dnsmasq-dhcp[2014795]: DHCPDISCOVER(tap73e2d83a-51) fa:16:3e:27:39:24 no address available
Oct 17 09:10:40.172880 podb-esxi207 dnsmasq-dhcp[2014196]: DHCPDISCOVER(tap972f9cab-eb) fa:16:3e:73:f5:cf no address available
Oct 17 09:10:40.893221 podb-esxi207 dnsmasq[2019085]: started, version 2.90 cachesize 150
Oct 17 09:10:40.893251 podb-esxi207 dnsmasq[2019085]: DNS service limited to local subnets
Oct 17 09:10:40.893265 podb-esxi207 dnsmasq[2019085]: compile time options: IPv6 GNU-getopt DBus no-UBus i18n IDN2 DHCP DHCPv6 no-Lua TFTP conntrack ipset no-nftset auth cryptohash DNSSEC loop-detect inotify dumpfile
Oct 17 09:10:40.893311 podb-esxi207 dnsmasq-dhcp[2019085]: DHCP, static leases only on 10.1.0.0, lease time 1d
Oct 17 09:10:40.893464 podb-esxi207 dnsmasq[2019085]: reading /etc/resolv.conf
Oct 17 09:10:40.893480 podb-esxi207 dnsmasq[2019085]: using nameserver 127.0.0.53#53
Oct 17 09:10:40.893594 podb-esxi207 dnsmasq[2019085]: read /opt/stack/data/neutron/dhcp/b18653f9-f1e6-41c4-ada1-4db82e17ff37/addn_hosts - 2 names
Oct 17 09:10:40.893649 podb-esxi207 dnsmasq-dhcp[2019085]: read /opt/stack/data/neutron/dhcp/b18653f9-f1e6-41c4-ada1-4db82e17ff37/host
Oct 17 09:10:40.893717 podb-esxi207 dnsmasq-dhcp[2019085]: read /opt/stack/data/neutron/dhcp/b18653f9-f1e6-41c4-ada1-4db82e17ff37/opts
Oct 17 09:10:43.490349 podb-esxi207 dnsmasq[2019167]: started, version 2.90 cachesize 150
Oct 17 09:10:43.490378 podb-esxi207 dnsmasq[2019167]: DNS service limited to local subnets
Oct 17 09:10:43.490393 podb-esxi207 dnsmasq[2019167]: compile time options: IPv6 GNU-getopt DBus no-UBus i18n IDN2 DHCP DHCPv6 no-Lua TFTP conntrack ipset no-nftset auth cryptohash DNSSEC loop-detect inotify dumpfile
Oct 17 09:10:43.490434 podb-esxi207 dnsmasq-dhcp[2019167]: DHCP, static leases only on 10.10.10.0, lease time 1d
Oct 17 09:10:43.490587 podb-esxi207 dnsmasq[2019167]: reading /etc/resolv.conf
Oct 17 09:10:43.490605 podb-esxi207 dnsmasq[2019167]: using nameserver 127.0.0.53#53
Oct 17 09:10:43.490693 podb-esxi207 dnsmasq[2019167]: read /opt/stack/data/neutron/dhcp/fc995fd0-4bf5-4d52-b02d-04de447205fd/addn_hosts - 0 names
Oct 17 09:10:43.490745 podb-esxi207 dnsmasq-dhcp[2019167]: read /opt/stack/data/neutron/dhcp/fc995fd0-4bf5-4d52-b02d-04de447205fd/host
Oct 17 09:10:43.490803 podb-esxi207 dnsmasq-dhcp[2019167]: read /opt/stack/data/neutron/dhcp/fc995fd0-4bf5-4d52-b02d-04de447205fd/opts
Oct 17 09:10:43.519092 podb-esxi207 dnsmasq[2016381]: exiting on receipt of SIGTERM
Oct 17 09:10:44.643748 podb-esxi207 dnsmasq[2016876]: read /opt/stack/data/neutron/dhcp/6787d312-8594-4fdf-a8cf-9793cd46a363/addn_hosts - 2 names
Oct 17 09:10:44.643833 podb-esxi207 dnsmasq-dhcp[2016876]: read /opt/stack/data/neutron/dhcp/6787d312-8594-4fdf-a8cf-9793cd46a363/host
Oct 17 09:10:44.643935 podb-esxi207 dnsmasq-dhcp[2016876]: read /opt/stack/data/neutron/dhcp/6787d312-8594-4fdf-a8cf-9793cd46a363/opts
Oct 17 09:10:47.409892 podb-esxi207 dnsmasq[2018636]: read /opt/stack/data/neutron/dhcp/749c2bd2-df00-4f4a-9bbd-ad523a465ea5/addn_hosts - 4 names
Oct 17 09:10:47.409999 podb-esxi207 dnsmasq-dhcp[2018636]: read /opt/stack/data/neutron/dhcp/749c2bd2-df00-4f4a-9bbd-ad523a465ea5/host
Oct 17 09:10:47.410104 podb-esxi207 dnsmasq-dhcp[2018636]: read /opt/stack/data/neutron/dhcp/749c2bd2-df00-4f4a-9bbd-ad523a465ea5/opts
Oct 17 09:10:48.150925 podb-esxi207 dnsmasq[2017420]: read /opt/stack/data/neutron/dhcp/c5b51c0a-9a8c-4971-89be-8dbfbfc94d77/addn_hosts - 2 names
Oct 17 09:10:48.151016 podb-esxi207 dnsmasq-dhcp[2017420]: read /opt/stack/data/neutron/dhcp/c5b51c0a-9a8c-4971-89be-8dbfbfc94d77/host
Oct 17 09:10:48.151113 podb-esxi207 dnsmasq-dhcp[2017420]: read /opt/stack/data/neutron/dhcp/c5b51c0a-9a8c-4971-89be-8dbfbfc94d77/opts
Oct 17 09:10:49.407062 podb-esxi207 dnsmasq[2019085]: read /opt/stack/data/neutron/dhcp/b18653f9-f1e6-41c4-ada1-4db82e17ff37/addn_hosts - 2 names
Oct 17 09:10:49.407190 podb-esxi207 dnsmasq-dhcp[2019085]: read /opt/stack/data/neutron/dhcp/b18653f9-f1e6-41c4-ada1-4db82e17ff37/host
Oct 17 09:10:49.407315 podb-esxi207 dnsmasq-dhcp[2019085]: read /opt/stack/data/neutron/dhcp/b18653f9-f1e6-41c4-ada1-4db82e17ff37/opts
Oct 17 09:10:50.653819 podb-esxi207 dnsmasq[2019167]: read /opt/stack/data/neutron/dhcp/fc995fd0-4bf5-4d52-b02d-04de447205fd/addn_hosts - 0 names
Oct 17 09:10:50.653910 podb-esxi207 dnsmasq-dhcp[2019167]: read /opt/stack/data/neutron/dhcp/fc995fd0-4bf5-4d52-b02d-04de447205fd/host
Oct 17 09:10:50.653982 podb-esxi207 dnsmasq-dhcp[2019167]: read /opt/stack/data/neutron/dhcp/fc995fd0-4bf5-4d52-b02d-04de447205fd/opts
Oct 17 09:10:51.386336 podb-esxi207 dnsmasq[2017835]: read /opt/stack/data/neutron/dhcp/eab14fbd-79d0-4bf6-a152-d8ae9a813f03/addn_hosts - 2 names
Oct 17 09:10:51.386443 podb-esxi207 dnsmasq-dhcp[2017835]: read /opt/stack/data/neutron/dhcp/eab14fbd-79d0-4bf6-a152-d8ae9a813f03/host
Oct 17 09:10:51.386550 podb-esxi207 dnsmasq-dhcp[2017835]: read /opt/stack/data/neutron/dhcp/eab14fbd-79d0-4bf6-a152-d8ae9a813f03/opts
Oct 17 09:10:51.941438 podb-esxi207 dnsmasq-dhcp[2014196]: DHCPDISCOVER(tap972f9cab-eb) fa:16:3e:f7:29:88 no address available
Oct 17 09:10:52.133163 podb-esxi207 dnsmasq[2017902]: read /opt/stack/data/neutron/dhcp/a66d7162-9bb4-46dc-9cd1-ebde716101de/addn_hosts - 2 names
Oct 17 09:10:52.133263 podb-esxi207 dnsmasq-dhcp[2017902]: read /opt/stack/data/neutron/dhcp/a66d7162-9bb4-46dc-9cd1-ebde716101de/host
Oct 17 09:10:52.133387 podb-esxi207 dnsmasq-dhcp[2017902]: read /opt/stack/data/neutron/dhcp/a66d7162-9bb4-46dc-9cd1-ebde716101de/opts
Oct 17 09:10:53.889998 podb-esxi207 dnsmasq[2018111]: read /opt/stack/data/neutron/dhcp/d324a761-87fc-48df-83d9-4aff35cb5581/addn_hosts - 4 names
Oct 17 09:10:53.890101 podb-esxi207 dnsmasq-dhcp[2018111]: read /opt/stack/data/neutron/dhcp/d324a761-87fc-48df-83d9-4aff35cb5581/host
Oct 17 09:10:53.890215 podb-esxi207 dnsmasq-dhcp[2018111]: read /opt/stack/data/neutron/dhcp/d324a761-87fc-48df-83d9-4aff35cb5581/opts
Oct 17 09:10:54.510544 podb-esxi207 dnsmasq-dhcp[2014795]: DHCPDISCOVER(tap73e2d83a-51) fa:16:3e:27:39:24 no address available
Oct 17 09:10:54.634984 podb-esxi207 dnsmasq[2014795]: read /opt/stack/data/neutron/dhcp/622a71be-0eab-41f4-94b5-0b9fea157a51/addn_hosts - 4 names
Oct 17 09:10:54.635111 podb-esxi207 dnsmasq-dhcp[2014795]: read /opt/stack/data/neutron/dhcp/622a71be-0eab-41f4-94b5-0b9fea157a51/host
Oct 17 09:10:54.635219 podb-esxi207 dnsmasq-dhcp[2014795]: read /opt/stack/data/neutron/dhcp/622a71be-0eab-41f4-94b5-0b9fea157a51/opts
Oct 17 09:10:55.337232 podb-esxi207 dnsmasq-dhcp[2014196]: DHCPDISCOVER(tap972f9cab-eb) fa:16:3e:73:f5:cf no address available
Oct 17 09:10:55.351056 podb-esxi207 dnsmasq[2014196]: read /opt/stack/data/neutron/dhcp/60db417d-493c-4174-a020-d64aa1847a62/addn_hosts - 4 names
Oct 17 09:10:55.351149 podb-esxi207 dnsmasq-dhcp[2014196]: read /opt/stack/data/neutron/dhcp/60db417d-493c-4174-a020-d64aa1847a62/host
Oct 17 09:10:55.351261 podb-esxi207 dnsmasq-dhcp[2014196]: read /opt/stack/data/neutron/dhcp/60db417d-493c-4174-a020-d64aa1847a62/opts
Oct 17 09:10:56.069959 podb-esxi207 dnsmasq[2018636]: read /opt/stack/data/neutron/dhcp/749c2bd2-df00-4f4a-9bbd-ad523a465ea5/addn_hosts - 4 names
Oct 17 09:10:56.070092 podb-esxi207 dnsmasq-dhcp[2018636]: read /opt/stack/data/neutron/dhcp/749c2bd2-df00-4f4a-9bbd-ad523a465ea5/host
Oct 17 09:10:56.070193 podb-esxi207 dnsmasq-dhcp[2018636]: read /opt/stack/data/neutron/dhcp/749c2bd2-df00-4f4a-9bbd-ad523a465ea5/opts
Oct 17 09:10:56.787122 podb-esxi207 dnsmasq[2017835]: read /opt/stack/data/neutron/dhcp/eab14fbd-79d0-4bf6-a152-d8ae9a813f03/addn_hosts - 2 names
Oct 17 09:10:56.787199 podb-esxi207 dnsmasq-dhcp[2017835]: read /opt/stack/data/neutron/dhcp/eab14fbd-79d0-4bf6-a152-d8ae9a813f03/host
Oct 17 09:10:56.787271 podb-esxi207 dnsmasq-dhcp[2017835]: read /opt/stack/data/neutron/dhcp/eab14fbd-79d0-4bf6-a152-d8ae9a813f03/opts
Oct 17 09:10:57.507616 podb-esxi207 dnsmasq[2017902]: read /opt/stack/data/neutron/dhcp/a66d7162-9bb4-46dc-9cd1-ebde716101de/addn_hosts - 2 names
Oct 17 09:10:57.507706 podb-esxi207 dnsmasq-dhcp[2017902]: read /opt/stack/data/neutron/dhcp/a66d7162-9bb4-46dc-9cd1-ebde716101de/host
Oct 17 09:10:57.507808 podb-esxi207 dnsmasq-dhcp[2017902]: read /opt/stack/data/neutron/dhcp/a66d7162-9bb4-46dc-9cd1-ebde716101de/opts
Oct 17 09:10:58.743529 podb-esxi207 dnsmasq[2018111]: read /opt/stack/data/neutron/dhcp/d324a761-87fc-48df-83d9-4aff35cb5581/addn_hosts - 4 names
Oct 17 09:10:58.743703 podb-esxi207 dnsmasq-dhcp[2018111]: read /opt/stack/data/neutron/dhcp/d324a761-87fc-48df-83d9-4aff35cb5581/host
Oct 17 09:10:58.743852 podb-esxi207 dnsmasq-dhcp[2018111]: read /opt/stack/data/neutron/dhcp/d324a761-87fc-48df-83d9-4aff35cb5581/opts
Oct 17 09:10:59.467569 podb-esxi207 dnsmasq[2014196]: read /opt/stack/data/neutron/dhcp/60db417d-493c-4174-a020-d64aa1847a62/addn_hosts - 6 names
Oct 17 09:10:59.467706 podb-esxi207 dnsmasq-dhcp[2014196]: read /opt/stack/data/neutron/dhcp/60db417d-493c-4174-a020-d64aa1847a62/host
Oct 17 09:10:59.467807 podb-esxi207 dnsmasq-dhcp[2014196]: read /opt/stack/data/neutron/dhcp/60db417d-493c-4174-a020-d64aa1847a62/opts
Oct 17 09:11:00.188391 podb-esxi207 dnsmasq[2018636]: read /opt/stack/data/neutron/dhcp/749c2bd2-df00-4f4a-9bbd-ad523a465ea5/addn_hosts - 4 names
Oct 17 09:11:00.188551 podb-esxi207 dnsmasq-dhcp[2018636]: read /opt/stack/data/neutron/dhcp/749c2bd2-df00-4f4a-9bbd-ad523a465ea5/host
Oct 17 09:11:00.188689 podb-esxi207 dnsmasq-dhcp[2018636]: read /opt/stack/data/neutron/dhcp/749c2bd2-df00-4f4a-9bbd-ad523a465ea5/opts
Oct 17 09:11:00.916590 podb-esxi207 dnsmasq[2019085]: read /opt/stack/data/neutron/dhcp/b18653f9-f1e6-41c4-ada1-4db82e17ff37/addn_hosts - 2 names
Oct 17 09:11:00.916738 podb-esxi207 dnsmasq-dhcp[2019085]: read /opt/stack/data/neutron/dhcp/b18653f9-f1e6-41c4-ada1-4db82e17ff37/host
Oct 17 09:11:00.916844 podb-esxi207 dnsmasq-dhcp[2019085]: read /opt/stack/data/neutron/dhcp/b18653f9-f1e6-41c4-ada1-4db82e17ff37/opts
Oct 17 09:11:02.157640 podb-esxi207 dnsmasq[2018111]: read /opt/stack/data/neutron/dhcp/d324a761-87fc-48df-83d9-4aff35cb5581/addn_hosts - 4 names
Oct 17 09:11:02.157749 podb-esxi207 dnsmasq-dhcp[2018111]: read /opt/stack/data/neutron/dhcp/d324a761-87fc-48df-83d9-4aff35cb5581/host
Oct 17 09:11:02.157846 podb-esxi207 dnsmasq-dhcp[2018111]: read /opt/stack/data/neutron/dhcp/d324a761-87fc-48df-83d9-4aff35cb5581/opts
Oct 17 09:11:02.886634 podb-esxi207 dnsmasq[2018636]: read /opt/stack/data/neutron/dhcp/749c2bd2-df00-4f4a-9bbd-ad523a465ea5/addn_hosts - 4 names
Oct 17 09:11:02.886750 podb-esxi207 dnsmasq-dhcp[2018636]: read /opt/stack/data/neutron/dhcp/749c2bd2-df00-4f4a-9bbd-ad523a465ea5/host
Oct 17 09:11:02.886851 podb-esxi207 dnsmasq-dhcp[2018636]: read /opt/stack/data/neutron/dhcp/749c2bd2-df00-4f4a-9bbd-ad523a465ea5/opts
Oct 17 09:11:03.615407 podb-esxi207 dnsmasq[2019085]: read /opt/stack/data/neutron/dhcp/b18653f9-f1e6-41c4-ada1-4db82e17ff37/addn_hosts - 2 names
Oct 17 09:11:03.615488 podb-esxi207 dnsmasq-dhcp[2019085]: read /opt/stack/data/neutron/dhcp/b18653f9-f1e6-41c4-ada1-4db82e17ff37/host
Oct 17 09:11:03.615563 podb-esxi207 dnsmasq-dhcp[2019085]: read /opt/stack/data/neutron/dhcp/b18653f9-f1e6-41c4-ada1-4db82e17ff37/opts
Oct 17 09:11:09.367833 podb-esxi207 dnsmasq-dhcp[2018636]: DHCPDISCOVER(tap80ffaecd-6f) fa:16:3e:55:e3:1a
Oct 17 09:11:09.367861 podb-esxi207 dnsmasq-dhcp[2018636]: DHCPOFFER(tap80ffaecd-6f) 10.1.0.12 fa:16:3e:55:e3:1a
Oct 17 09:11:09.377249 podb-esxi207 dnsmasq-dhcp[2018636]: DHCPREQUEST(tap80ffaecd-6f) 10.1.0.12 fa:16:3e:55:e3:1a
Oct 17 09:11:09.377277 podb-esxi207 dnsmasq-dhcp[2018636]: DHCPACK(tap80ffaecd-6f) 10.1.0.12 fa:16:3e:55:e3:1a host-10-1-0-12
Oct 17 09:11:17.122766 podb-esxi207 dnsmasq[2019167]: read /opt/stack/data/neutron/dhcp/fc995fd0-4bf5-4d52-b02d-04de447205fd/addn_hosts - 2 names
Oct 17 09:11:17.122850 podb-esxi207 dnsmasq-dhcp[2019167]: read /opt/stack/data/neutron/dhcp/fc995fd0-4bf5-4d52-b02d-04de447205fd/host
Oct 17 09:11:17.122926 podb-esxi207 dnsmasq-dhcp[2019167]: read /opt/stack/data/neutron/dhcp/fc995fd0-4bf5-4d52-b02d-04de447205fd/opts
Oct 17 09:11:22.325321 podb-esxi207 dnsmasq-dhcp[2019167]: DHCPDISCOVER(tap1d8265ac-5a) fa:16:3e:bb:eb:76
Oct 17 09:11:22.325345 podb-esxi207 dnsmasq-dhcp[2019167]: DHCPOFFER(tap1d8265ac-5a) 10.10.10.32 fa:16:3e:bb:eb:76
Oct 17 09:11:22.334886 podb-esxi207 dnsmasq-dhcp[2019167]: DHCPREQUEST(tap1d8265ac-5a) 10.10.10.32 fa:16:3e:bb:eb:76
Oct 17 09:11:22.334918 podb-esxi207 dnsmasq-dhcp[2019167]: DHCPACK(tap1d8265ac-5a) 10.10.10.32 fa:16:3e:bb:eb:76 host-10-10-10-32
Oct 17 09:11:24.143286 podb-esxi207 dnsmasq-dhcp[2014196]: DHCPDISCOVER(tap972f9cab-eb) fa:16:3e:f7:29:88
Oct 17 09:11:24.143319 podb-esxi207 dnsmasq-dhcp[2014196]: DHCPOFFER(tap972f9cab-eb) 10.1.0.6 fa:16:3e:f7:29:88
Oct 17 09:11:24.167714 podb-esxi207 dnsmasq-dhcp[2014196]: DHCPREQUEST(tap972f9cab-eb) 10.1.0.6 fa:16:3e:f7:29:88
Oct 17 09:11:24.167752 podb-esxi207 dnsmasq-dhcp[2014196]: DHCPACK(tap972f9cab-eb) 10.1.0.6 fa:16:3e:f7:29:88 host-10-1-0-6
Oct 17 09:11:25.630978 podb-esxi207 dnsmasq-dhcp[2014795]: DHCPDISCOVER(tap73e2d83a-51) fa:16:3e:27:39:24
Oct 17 09:11:25.631008 podb-esxi207 dnsmasq-dhcp[2014795]: DHCPOFFER(tap73e2d83a-51) 10.1.0.3 fa:16:3e:27:39:24
Oct 17 09:11:25.655785 podb-esxi207 dnsmasq-dhcp[2014795]: DHCPREQUEST(tap73e2d83a-51) 10.1.0.3 fa:16:3e:27:39:24
Oct 17 09:11:25.655818 podb-esxi207 dnsmasq-dhcp[2014795]: DHCPACK(tap73e2d83a-51) 10.1.0.3 fa:16:3e:27:39:24 host-10-1-0-3
Oct 17 09:11:26.845495 podb-esxi207 dnsmasq-dhcp[2014196]: DHCPDISCOVER(tap972f9cab-eb) fa:16:3e:73:f5:cf
Oct 17 09:11:26.845523 podb-esxi207 dnsmasq-dhcp[2014196]: DHCPOFFER(tap972f9cab-eb) 10.1.0.3 fa:16:3e:73:f5:cf
Oct 17 09:11:26.867685 podb-esxi207 dnsmasq-dhcp[2014196]: DHCPREQUEST(tap972f9cab-eb) 10.1.0.3 fa:16:3e:73:f5:cf
Oct 17 09:11:26.867724 podb-esxi207 dnsmasq-dhcp[2014196]: DHCPACK(tap972f9cab-eb) 10.1.0.3 fa:16:3e:73:f5:cf host-10-1-0-3
Oct 17 09:12:01.994824 podb-esxi207 dnsmasq-dhcp[2018111]: DHCPREQUEST(tap70d3fe9c-a2) 10.1.0.6 fa:16:3e:a2:81:67
Oct 17 09:12:01.994855 podb-esxi207 dnsmasq-dhcp[2018111]: DHCPACK(tap70d3fe9c-a2) 10.1.0.6 fa:16:3e:a2:81:67 host-10-1-0-6
Oct 17 09:12:24.962588 podb-esxi207 sudo[2020719]:    stack : PWD=/ ; USER=root ; COMMAND=/opt/stack/data/venv/bin/neutron-rootwrap /etc/neutron/rootwrap.conf privsep-helper --config-file /etc/neutron/neutron.conf --config-file /etc/neutron/dhcp_agent.ini --privsep_context neutron.privileged.dhcp_release_cmd --privsep_sock_path /tmp/tmpvl5ma9tw/privsep.sock
Oct 17 09:12:24.963753 podb-esxi207 sudo[2020719]: pam_unix(sudo:session): session opened for user root(uid=0) by (uid=1001)
Oct 17 09:12:25.736954 podb-esxi207 sudo[2020719]: pam_unix(sudo:session): session closed for user root
Oct 17 09:12:25.980782 podb-esxi207 dnsmasq-dhcp[2019167]: DHCPRELEASE(tap1d8265ac-5a) 10.10.10.32 fa:16:3e:bb:eb:76
Oct 17 09:12:25.995945 podb-esxi207 dnsmasq-dhcp[2019167]: DHCPRELEASE(tap1d8265ac-5a) 10.10.10.32 fa:16:3e:bb:eb:76 unknown lease
Oct 17 09:12:26.821300 podb-esxi207 dnsmasq[2019167]: read /opt/stack/data/neutron/dhcp/fc995fd0-4bf5-4d52-b02d-04de447205fd/addn_hosts - 0 names
Oct 17 09:12:26.821389 podb-esxi207 dnsmasq-dhcp[2019167]: read /opt/stack/data/neutron/dhcp/fc995fd0-4bf5-4d52-b02d-04de447205fd/host
Oct 17 09:12:26.821476 podb-esxi207 dnsmasq-dhcp[2019167]: read /opt/stack/data/neutron/dhcp/fc995fd0-4bf5-4d52-b02d-04de447205fd/opts
Oct 17 09:12:31.990195 podb-esxi207 dnsmasq-dhcp[2018636]: DHCPRELEASE(tap80ffaecd-6f) 10.1.0.12 fa:16:3e:55:e3:1a
Oct 17 09:12:32.005563 podb-esxi207 dnsmasq-dhcp[2018636]: DHCPRELEASE(tap80ffaecd-6f) 10.1.0.12 fa:16:3e:55:e3:1a unknown lease
Oct 17 09:12:32.829578 podb-esxi207 dnsmasq[2018636]: read /opt/stack/data/neutron/dhcp/749c2bd2-df00-4f4a-9bbd-ad523a465ea5/addn_hosts - 2 names
Oct 17 09:12:32.829650 podb-esxi207 dnsmasq-dhcp[2018636]: read /opt/stack/data/neutron/dhcp/749c2bd2-df00-4f4a-9bbd-ad523a465ea5/host
Oct 17 09:12:32.829718 podb-esxi207 dnsmasq-dhcp[2018636]: read /opt/stack/data/neutron/dhcp/749c2bd2-df00-4f4a-9bbd-ad523a465ea5/opts
Oct 17 09:12:37.206094 podb-esxi207 dnsmasq[2019167]: exiting on receipt of SIGTERM
Oct 17 09:12:43.244544 podb-esxi207 dnsmasq-dhcp[2018636]: DHCPRELEASE(tap80ffaecd-6f) 10.1.0.1 fa:16:3e:6b:25:46
Oct 17 09:12:44.068039 podb-esxi207 dnsmasq[2018636]: read /opt/stack/data/neutron/dhcp/749c2bd2-df00-4f4a-9bbd-ad523a465ea5/addn_hosts - 0 names
Oct 17 09:12:44.068110 podb-esxi207 dnsmasq-dhcp[2018636]: read /opt/stack/data/neutron/dhcp/749c2bd2-df00-4f4a-9bbd-ad523a465ea5/host
Oct 17 09:12:44.068167 podb-esxi207 dnsmasq-dhcp[2018636]: read /opt/stack/data/neutron/dhcp/749c2bd2-df00-4f4a-9bbd-ad523a465ea5/opts
Oct 17 09:12:44.814242 podb-esxi207 dnsmasq[2018636]: exiting on receipt of SIGTERM
Oct 17 09:12:45.443487 podb-esxi207 dnsmasq-dhcp[2019085]: DHCPRELEASE(tap60f94bf0-01) 10.1.0.1 fa:16:3e:ee:38:0f
Oct 17 09:12:46.268164 podb-esxi207 dnsmasq[2019085]: read /opt/stack/data/neutron/dhcp/b18653f9-f1e6-41c4-ada1-4db82e17ff37/addn_hosts - 0 names
Oct 17 09:12:46.268239 podb-esxi207 dnsmasq-dhcp[2019085]: read /opt/stack/data/neutron/dhcp/b18653f9-f1e6-41c4-ada1-4db82e17ff37/host
Oct 17 09:12:46.268299 podb-esxi207 dnsmasq-dhcp[2019085]: read /opt/stack/data/neutron/dhcp/b18653f9-f1e6-41c4-ada1-4db82e17ff37/opts
Oct 17 09:12:46.515406 podb-esxi207 dnsmasq[2019085]: exiting on receipt of SIGTERM
Oct 17 09:12:51.298511 podb-esxi207 dnsmasq[2021363]: started, version 2.90 cachesize 150
Oct 17 09:12:51.298540 podb-esxi207 dnsmasq[2021363]: DNS service limited to local subnets
Oct 17 09:12:51.298555 podb-esxi207 dnsmasq[2021363]: compile time options: IPv6 GNU-getopt DBus no-UBus i18n IDN2 DHCP DHCPv6 no-Lua TFTP conntrack ipset no-nftset auth cryptohash DNSSEC loop-detect inotify dumpfile
Oct 17 09:12:51.298591 podb-esxi207 dnsmasq-dhcp[2021363]: DHCP, static leases only on 10.1.0.0, lease time 1d
Oct 17 09:12:51.298750 podb-esxi207 dnsmasq[2021363]: reading /etc/resolv.conf
Oct 17 09:12:51.298767 podb-esxi207 dnsmasq[2021363]: using nameserver 127.0.0.53#53
Oct 17 09:12:51.298849 podb-esxi207 dnsmasq[2021363]: read /opt/stack/data/neutron/dhcp/04babf1a-724f-4f95-9cbc-85518ca9f752/addn_hosts - 0 names
Oct 17 09:12:51.298901 podb-esxi207 dnsmasq-dhcp[2021363]: read /opt/stack/data/neutron/dhcp/04babf1a-724f-4f95-9cbc-85518ca9f752/host
Oct 17 09:12:51.298975 podb-esxi207 dnsmasq-dhcp[2021363]: read /opt/stack/data/neutron/dhcp/04babf1a-724f-4f95-9cbc-85518ca9f752/opts
Oct 17 09:12:52.847813 podb-esxi207 dnsmasq[2021363]: read /opt/stack/data/neutron/dhcp/04babf1a-724f-4f95-9cbc-85518ca9f752/addn_hosts - 2 names
Oct 17 09:12:52.847919 podb-esxi207 dnsmasq-dhcp[2021363]: read /opt/stack/data/neutron/dhcp/04babf1a-724f-4f95-9cbc-85518ca9f752/host
Oct 17 09:12:52.848031 podb-esxi207 dnsmasq-dhcp[2021363]: read /opt/stack/data/neutron/dhcp/04babf1a-724f-4f95-9cbc-85518ca9f752/opts
Oct 17 09:12:55.707115 podb-esxi207 dnsmasq[2021736]: started, version 2.90 cachesize 150
Oct 17 09:12:55.707145 podb-esxi207 dnsmasq[2021736]: DNS service limited to local subnets
Oct 17 09:12:55.707160 podb-esxi207 dnsmasq[2021736]: compile time options: IPv6 GNU-getopt DBus no-UBus i18n IDN2 DHCP DHCPv6 no-Lua TFTP conntrack ipset no-nftset auth cryptohash DNSSEC loop-detect inotify dumpfile
Oct 17 09:12:55.707201 podb-esxi207 dnsmasq-dhcp[2021736]: DHCP, static leases only on 10.1.0.0, lease time 1d
Oct 17 09:12:55.707355 podb-esxi207 dnsmasq[2021736]: reading /etc/resolv.conf
Oct 17 09:12:55.707371 podb-esxi207 dnsmasq[2021736]: using nameserver 127.0.0.53#53
Oct 17 09:12:55.707486 podb-esxi207 dnsmasq[2021736]: read /opt/stack/data/neutron/dhcp/5cf9bf19-078b-499f-bef6-afe08b436c40/addn_hosts - 2 names
Oct 17 09:12:55.707541 podb-esxi207 dnsmasq-dhcp[2021736]: read /opt/stack/data/neutron/dhcp/5cf9bf19-078b-499f-bef6-afe08b436c40/host
Oct 17 09:12:55.707620 podb-esxi207 dnsmasq-dhcp[2021736]: read /opt/stack/data/neutron/dhcp/5cf9bf19-078b-499f-bef6-afe08b436c40/opts
Oct 17 09:12:56.754066 podb-esxi207 dnsmasq[2021363]: read /opt/stack/data/neutron/dhcp/04babf1a-724f-4f95-9cbc-85518ca9f752/addn_hosts - 2 names
Oct 17 09:12:56.754172 podb-esxi207 dnsmasq-dhcp[2021363]: read /opt/stack/data/neutron/dhcp/04babf1a-724f-4f95-9cbc-85518ca9f752/host
Oct 17 09:12:56.754287 podb-esxi207 dnsmasq-dhcp[2021363]: read /opt/stack/data/neutron/dhcp/04babf1a-724f-4f95-9cbc-85518ca9f752/opts
