Oct 14 22:21:17.092314 devstack-u2204-93-55 systemd[1]: Starting Devstack devstack@n-api.service...
Oct 14 22:21:17.107927 devstack-u2204-93-55 devstack@n-api.service[1210314]: [uWSGI] getting INI configuration from /etc/nova/nova-api-uwsgi.ini
Oct 14 22:21:17.111552 devstack-u2204-93-55 devstack@n-api.service[1210314]: *** Starting uWSGI 2.0.20-debian (64bit) on [Tue Oct 14 22:21:17 2025] ***
Oct 14 22:21:17.111552 devstack-u2204-93-55 devstack@n-api.service[1210314]: compiled with version: 11.2.0 on 21 March 2022 11:00:44
Oct 14 22:21:17.111552 devstack-u2204-93-55 devstack@n-api.service[1210314]: os: Linux-6.8.0-85-generic #85~22.04.1-Ubuntu SMP PREEMPT_DYNAMIC Fri Sep 19 16:18:59 UTC 2
Oct 14 22:21:17.111552 devstack-u2204-93-55 devstack@n-api.service[1210314]: nodename: devstack-u2204-93-55
Oct 14 22:21:17.111552 devstack-u2204-93-55 devstack@n-api.service[1210314]: machine: x86_64
Oct 14 22:21:17.111552 devstack-u2204-93-55 devstack@n-api.service[1210314]: clock source: unix
Oct 14 22:21:17.111552 devstack-u2204-93-55 devstack@n-api.service[1210314]: pcre jit disabled
Oct 14 22:21:17.111552 devstack-u2204-93-55 devstack@n-api.service[1210314]: detected number of CPU cores: 8
Oct 14 22:21:17.111552 devstack-u2204-93-55 devstack@n-api.service[1210314]: current working directory: /
Oct 14 22:21:17.111552 devstack-u2204-93-55 devstack@n-api.service[1210314]: detected binary path: /usr/bin/uwsgi-core
Oct 14 22:21:17.111552 devstack-u2204-93-55 devstack@n-api.service[1210314]: your processes number limit is 95421
Oct 14 22:21:17.111552 devstack-u2204-93-55 devstack@n-api.service[1210314]: your memory page size is 4096 bytes
Oct 14 22:21:17.111552 devstack-u2204-93-55 devstack@n-api.service[1210314]: detected max file descriptor number: 2048
Oct 14 22:21:17.111552 devstack-u2204-93-55 devstack@n-api.service[1210314]: lock engine: pthread robust mutexes
Oct 14 22:21:17.113349 devstack-u2204-93-55 devstack@n-api.service[1210314]: thunder lock: enabled
Oct 14 22:21:17.113349 devstack-u2204-93-55 devstack@n-api.service[1210314]: uwsgi socket 0 bound to UNIX address /var/run/uwsgi/nova-api.socket fd 4
Oct 14 22:21:17.113349 devstack-u2204-93-55 devstack@n-api.service[1210314]: Python version: 3.10.12 (main, Aug 15 2025, 14:32:43) [GCC 11.4.0]
Oct 14 22:21:17.113349 devstack-u2204-93-55 devstack@n-api.service[1210314]: PEP 405 virtualenv detected: /opt/stack/data/venv
Oct 14 22:21:17.113349 devstack-u2204-93-55 devstack@n-api.service[1210314]: Set PythonHome to /opt/stack/data/venv
Oct 14 22:21:17.166566 devstack-u2204-93-55 devstack@n-api.service[1210314]: Python main interpreter initialized at 0x5ef3537d1390
Oct 14 22:21:17.166566 devstack-u2204-93-55 devstack@n-api.service[1210314]: python threads support enabled
Oct 14 22:21:17.166566 devstack-u2204-93-55 devstack@n-api.service[1210314]: your server socket listen backlog is limited to 100 connections
Oct 14 22:21:17.166566 devstack-u2204-93-55 devstack@n-api.service[1210314]: your mercy for graceful operations on workers is 80 seconds
Oct 14 22:21:17.167452 devstack-u2204-93-55 devstack@n-api.service[1210314]: mapped 403077 bytes (393 KB) for 2 cores
Oct 14 22:21:17.167452 devstack-u2204-93-55 devstack@n-api.service[1210314]: *** Operational MODE: preforking ***
Oct 14 22:21:17.167452 devstack-u2204-93-55 devstack@n-api.service[1210314]: *** uWSGI is running in multiple interpreter mode ***
Oct 14 22:21:17.167452 devstack-u2204-93-55 devstack@n-api.service[1210314]: spawned uWSGI master process (pid: 1210314)
Oct 14 22:21:17.168043 devstack-u2204-93-55 systemd[1]: Started Devstack devstack@n-api.service.
Oct 14 22:21:17.168560 devstack-u2204-93-55 devstack@n-api.service[1210314]: spawned uWSGI worker 1 (pid: 1210315, cores: 1)
Oct 14 22:21:17.169078 devstack-u2204-93-55 devstack@n-api.service[1210314]: spawned uWSGI worker 2 (pid: 1210316, cores: 1)
Oct 14 22:21:17.169329 devstack-u2204-93-55 devstack@n-api.service[1210314]: running "unix_signal:15 gracefully_kill_them_all" (master-start)...
Oct 14 22:21:22.346592 devstack-u2204-93-55 devstack@n-api.service[1210316]: WSGI app 0 (mountpoint='') ready in 5 seconds on interpreter 0x5ef3537d1390 pid: 1210316 (default app)
Oct 14 22:21:22.355744 devstack-u2204-93-55 devstack@n-api.service[1210316]: [pid: 1210316|app: 0|req: 1/1] 172.25.93.55 () {50 vars in 788 bytes} [Tue Oct 14 22:21:22 2025] GET /compute/v2.1/ => generated 390 bytes in 9 msecs (HTTP/1.1 200) 9 headers in 357 bytes (1 switches on core 0)
Oct 14 22:21:22.368569 devstack-u2204-93-55 devstack@n-api.service[1210315]: WSGI app 0 (mountpoint='') ready in 5 seconds on interpreter 0x5ef3537d1390 pid: 1210315 (default app)
Oct 14 22:23:13.764020 devstack-u2204-93-55 devstack@n-api.service[1210316]: [pid: 1210316|app: 0|req: 2/2] 172.25.93.55 () {54 vars in 931 bytes} [Tue Oct 14 22:23:13 2025] GET /compute/v2.1 => generated 390 bytes in 14 msecs (HTTP/1.1 200) 9 headers in 357 bytes (1 switches on core 0)
Oct 14 22:23:14.968196 devstack-u2204-93-55 devstack@n-api.service[1210315]: [pid: 1210315|app: 0|req: 1/3] 172.25.93.55 () {60 vars in 1292 bytes} [Tue Oct 14 22:23:13 2025] GET /compute/v2.1/flavors/detail?is_public=True => generated 15 bytes in 1197 msecs (HTTP/1.1 200) 9 headers in 358 bytes (1 switches on core 0)
Oct 14 22:23:17.351360 devstack-u2204-93-55 devstack@n-api.service[1210316]: [pid: 1210316|app: 0|req: 3/4] 172.25.93.55 () {54 vars in 931 bytes} [Tue Oct 14 22:23:17 2025] GET /compute/v2.1 => generated 390 bytes in 15 msecs (HTTP/1.1 200) 9 headers in 357 bytes (1 switches on core 0)
Oct 14 22:23:18.126412 devstack-u2204-93-55 devstack@n-api.service[1210315]: [pid: 1210315|app: 0|req: 2/5] 172.25.93.55 () {64 vars in 1283 bytes} [Tue Oct 14 22:23:17 2025] POST /compute/v2.1/flavors => generated 409 bytes in 766 msecs (HTTP/1.1 200) 9 headers in 359 bytes (2 switches on core 0)
Oct 14 22:23:18.379583 devstack-u2204-93-55 devstack@n-api.service[1210316]: [pid: 1210316|app: 0|req: 4/6] 172.25.93.55 () {64 vars in 1336 bytes} [Tue Oct 14 22:23:18 2025] POST /compute/v2.1/flavors/c1/os-extra_specs => generated 43 bytes in 238 msecs (HTTP/1.1 200) 9 headers in 358 bytes (1 switches on core 0)
Oct 14 22:23:20.727758 devstack-u2204-93-55 devstack@n-api.service[1210315]: [pid: 1210315|app: 0|req: 3/7] 172.25.93.55 () {54 vars in 931 bytes} [Tue Oct 14 22:23:20 2025] GET /compute/v2.1 => generated 390 bytes in 14 msecs (HTTP/1.1 200) 9 headers in 357 bytes (1 switches on core 0)
Oct 14 22:23:21.899653 devstack-u2204-93-55 devstack@n-api.service[1210316]: [pid: 1210316|app: 0|req: 5/8] 172.25.93.55 () {64 vars in 1283 bytes} [Tue Oct 14 22:23:20 2025] POST /compute/v2.1/flavors => generated 406 bytes in 1161 msecs (HTTP/1.1 200) 9 headers in 359 bytes (1 switches on core 0)
Oct 14 22:23:21.985799 devstack-u2204-93-55 devstack@n-api.service[1210315]: [pid: 1210315|app: 0|req: 4/9] 172.25.93.55 () {64 vars in 1336 bytes} [Tue Oct 14 22:23:21 2025] POST /compute/v2.1/flavors/d1/os-extra_specs => generated 43 bytes in 71 msecs (HTTP/1.1 200) 9 headers in 358 bytes (2 switches on core 0)
Oct 14 22:23:24.418648 devstack-u2204-93-55 devstack@n-api.service[1210316]: [pid: 1210316|app: 0|req: 6/10] 172.25.93.55 () {54 vars in 931 bytes} [Tue Oct 14 22:23:24 2025] GET /compute/v2.1 => generated 390 bytes in 14 msecs (HTTP/1.1 200) 9 headers in 357 bytes (1 switches on core 0)
Oct 14 22:23:25.138873 devstack-u2204-93-55 devstack@n-api.service[1210315]: [pid: 1210315|app: 0|req: 5/11] 172.25.93.55 () {64 vars in 1283 bytes} [Tue Oct 14 22:23:24 2025] POST /compute/v2.1/flavors => generated 406 bytes in 709 msecs (HTTP/1.1 200) 9 headers in 359 bytes (1 switches on core 0)
Oct 14 22:23:25.213183 devstack-u2204-93-55 devstack@n-api.service[1210316]: [pid: 1210316|app: 0|req: 7/12] 172.25.93.55 () {64 vars in 1336 bytes} [Tue Oct 14 22:23:25 2025] POST /compute/v2.1/flavors/d2/os-extra_specs => generated 43 bytes in 60 msecs (HTTP/1.1 200) 9 headers in 358 bytes (1 switches on core 0)
Oct 14 22:23:27.686551 devstack-u2204-93-55 devstack@n-api.service[1210315]: [pid: 1210315|app: 0|req: 6/13] 172.25.93.55 () {54 vars in 931 bytes} [Tue Oct 14 22:23:27 2025] GET /compute/v2.1 => generated 390 bytes in 15 msecs (HTTP/1.1 200) 9 headers in 357 bytes (1 switches on core 0)
Oct 14 22:23:28.484800 devstack-u2204-93-55 devstack@n-api.service[1210316]: [pid: 1210316|app: 0|req: 8/14] 172.25.93.55 () {64 vars in 1283 bytes} [Tue Oct 14 22:23:27 2025] POST /compute/v2.1/flavors => generated 406 bytes in 787 msecs (HTTP/1.1 200) 9 headers in 359 bytes (2 switches on core 0)
Oct 14 22:23:28.549318 devstack-u2204-93-55 devstack@n-api.service[1210315]: [pid: 1210315|app: 0|req: 7/15] 172.25.93.55 () {64 vars in 1336 bytes} [Tue Oct 14 22:23:28 2025] POST /compute/v2.1/flavors/d3/os-extra_specs => generated 43 bytes in 55 msecs (HTTP/1.1 200) 9 headers in 358 bytes (1 switches on core 0)
Oct 14 22:23:31.033043 devstack-u2204-93-55 devstack@n-api.service[1210316]: [pid: 1210316|app: 0|req: 9/16] 172.25.93.55 () {54 vars in 931 bytes} [Tue Oct 14 22:23:31 2025] GET /compute/v2.1 => generated 390 bytes in 7 msecs (HTTP/1.1 200) 9 headers in 357 bytes (2 switches on core 0)
Oct 14 22:23:31.746778 devstack-u2204-93-55 devstack@n-api.service[1210315]: [pid: 1210315|app: 0|req: 8/17] 172.25.93.55 () {64 vars in 1283 bytes} [Tue Oct 14 22:23:31 2025] POST /compute/v2.1/flavors => generated 406 bytes in 708 msecs (HTTP/1.1 200) 9 headers in 359 bytes (1 switches on core 0)
Oct 14 22:23:31.807348 devstack-u2204-93-55 devstack@n-api.service[1210316]: [pid: 1210316|app: 0|req: 10/18] 172.25.93.55 () {64 vars in 1336 bytes} [Tue Oct 14 22:23:31 2025] POST /compute/v2.1/flavors/d4/os-extra_specs => generated 43 bytes in 51 msecs (HTTP/1.1 200) 9 headers in 358 bytes (1 switches on core 0)
Oct 14 22:23:34.189401 devstack-u2204-93-55 devstack@n-api.service[1210315]: [pid: 1210315|app: 0|req: 9/19] 172.25.93.55 () {54 vars in 931 bytes} [Tue Oct 14 22:23:34 2025] GET /compute/v2.1 => generated 390 bytes in 14 msecs (HTTP/1.1 200) 9 headers in 357 bytes (1 switches on core 0)
Oct 14 22:23:34.833661 devstack-u2204-93-55 devstack@n-api.service[1210316]: [pid: 1210316|app: 0|req: 11/20] 172.25.93.55 () {60 vars in 1292 bytes} [Tue Oct 14 22:23:34 2025] GET /compute/v2.1/flavors/detail?is_public=True => generated 2116 bytes in 634 msecs (HTTP/1.1 200) 9 headers in 360 bytes (1 switches on core 0)
Oct 14 22:23:37.225354 devstack-u2204-93-55 devstack@n-api.service[1210315]: [pid: 1210315|app: 0|req: 10/21] 172.25.93.55 () {54 vars in 931 bytes} [Tue Oct 14 22:23:37 2025] GET /compute/v2.1 => generated 390 bytes in 13 msecs (HTTP/1.1 200) 9 headers in 357 bytes (1 switches on core 0)
Oct 14 22:23:37.869981 devstack-u2204-93-55 devstack@n-api.service[1210316]: [pid: 1210316|app: 0|req: 12/22] 172.25.93.55 () {64 vars in 1283 bytes} [Tue Oct 14 22:23:37 2025] POST /compute/v2.1/flavors => generated 404 bytes in 634 msecs (HTTP/1.1 200) 9 headers in 359 bytes (2 switches on core 0)
Oct 14 22:23:37.940599 devstack-u2204-93-55 devstack@n-api.service[1210315]: [pid: 1210315|app: 0|req: 11/23] 172.25.93.55 () {64 vars in 1333 bytes} [Tue Oct 14 22:23:37 2025] POST /compute/v2.1/flavors/1/os-extra_specs => generated 43 bytes in 56 msecs (HTTP/1.1 200) 9 headers in 358 bytes (1 switches on core 0)
Oct 14 22:23:40.401911 devstack-u2204-93-55 devstack@n-api.service[1210316]: [pid: 1210316|app: 0|req: 13/24] 172.25.93.55 () {54 vars in 931 bytes} [Tue Oct 14 22:23:40 2025] GET /compute/v2.1 => generated 390 bytes in 7 msecs (HTTP/1.1 200) 9 headers in 357 bytes (2 switches on core 0)
Oct 14 22:23:41.163339 devstack-u2204-93-55 devstack@n-api.service[1210315]: [pid: 1210315|app: 0|req: 12/25] 172.25.93.55 () {64 vars in 1283 bytes} [Tue Oct 14 22:23:40 2025] POST /compute/v2.1/flavors => generated 407 bytes in 756 msecs (HTTP/1.1 200) 9 headers in 359 bytes (1 switches on core 0)
Oct 14 22:23:41.241646 devstack-u2204-93-55 devstack@n-api.service[1210316]: [pid: 1210316|app: 0|req: 14/26] 172.25.93.55 () {64 vars in 1333 bytes} [Tue Oct 14 22:23:41 2025] POST /compute/v2.1/flavors/2/os-extra_specs => generated 43 bytes in 66 msecs (HTTP/1.1 200) 9 headers in 358 bytes (1 switches on core 0)
Oct 14 22:23:43.696224 devstack-u2204-93-55 devstack@n-api.service[1210315]: [pid: 1210315|app: 0|req: 13/27] 172.25.93.55 () {54 vars in 931 bytes} [Tue Oct 14 22:23:43 2025] GET /compute/v2.1 => generated 390 bytes in 17 msecs (HTTP/1.1 200) 9 headers in 357 bytes (1 switches on core 0)
Oct 14 22:23:44.373600 devstack-u2204-93-55 devstack@n-api.service[1210316]: [pid: 1210316|app: 0|req: 15/28] 172.25.93.55 () {64 vars in 1283 bytes} [Tue Oct 14 22:23:43 2025] POST /compute/v2.1/flavors => generated 408 bytes in 667 msecs (HTTP/1.1 200) 9 headers in 359 bytes (1 switches on core 0)
Oct 14 22:23:44.438702 devstack-u2204-93-55 devstack@n-api.service[1210315]: [pid: 1210315|app: 0|req: 14/29] 172.25.93.55 () {64 vars in 1333 bytes} [Tue Oct 14 22:23:44 2025] POST /compute/v2.1/flavors/3/os-extra_specs => generated 43 bytes in 51 msecs (HTTP/1.1 200) 9 headers in 358 bytes (1 switches on core 0)
Oct 14 22:23:46.906444 devstack-u2204-93-55 devstack@n-api.service[1210316]: [pid: 1210316|app: 0|req: 16/30] 172.25.93.55 () {54 vars in 931 bytes} [Tue Oct 14 22:23:46 2025] GET /compute/v2.1 => generated 390 bytes in 7 msecs (HTTP/1.1 200) 9 headers in 357 bytes (2 switches on core 0)
Oct 14 22:23:47.573489 devstack-u2204-93-55 devstack@n-api.service[1210315]: [pid: 1210315|app: 0|req: 15/31] 172.25.93.55 () {64 vars in 1283 bytes} [Tue Oct 14 22:23:46 2025] POST /compute/v2.1/flavors => generated 407 bytes in 661 msecs (HTTP/1.1 200) 9 headers in 359 bytes (2 switches on core 0)
Oct 14 22:23:47.632060 devstack-u2204-93-55 devstack@n-api.service[1210316]: [pid: 1210316|app: 0|req: 17/32] 172.25.93.55 () {64 vars in 1333 bytes} [Tue Oct 14 22:23:47 2025] POST /compute/v2.1/flavors/4/os-extra_specs => generated 43 bytes in 43 msecs (HTTP/1.1 200) 9 headers in 358 bytes (1 switches on core 0)
Oct 14 22:23:50.104417 devstack-u2204-93-55 devstack@n-api.service[1210315]: [pid: 1210315|app: 0|req: 16/33] 172.25.93.55 () {54 vars in 931 bytes} [Tue Oct 14 22:23:50 2025] GET /compute/v2.1 => generated 390 bytes in 15 msecs (HTTP/1.1 200) 9 headers in 357 bytes (1 switches on core 0)
Oct 14 22:23:50.754912 devstack-u2204-93-55 devstack@n-api.service[1210316]: [pid: 1210316|app: 0|req: 18/34] 172.25.93.55 () {64 vars in 1283 bytes} [Tue Oct 14 22:23:50 2025] POST /compute/v2.1/flavors => generated 410 bytes in 641 msecs (HTTP/1.1 200) 9 headers in 359 bytes (1 switches on core 0)
Oct 14 22:23:50.830326 devstack-u2204-93-55 devstack@n-api.service[1210315]: [pid: 1210315|app: 0|req: 17/35] 172.25.93.55 () {64 vars in 1333 bytes} [Tue Oct 14 22:23:50 2025] POST /compute/v2.1/flavors/5/os-extra_specs => generated 43 bytes in 60 msecs (HTTP/1.1 200) 9 headers in 358 bytes (1 switches on core 0)
Oct 14 22:24:04.796598 devstack-u2204-93-55 devstack@n-api.service[1210316]: [pid: 1210316|app: 0|req: 19/36] 172.25.93.55 () {54 vars in 931 bytes} [Tue Oct 14 22:24:04 2025] GET /compute/v2.1 => generated 390 bytes in 6 msecs (HTTP/1.1 200) 9 headers in 357 bytes (2 switches on core 0)
Oct 14 22:24:05.483256 devstack-u2204-93-55 devstack@n-api.service[1210315]: [pid: 1210315|app: 0|req: 18/37] 172.25.93.55 () {60 vars in 1345 bytes} [Tue Oct 14 22:24:04 2025] GET /compute/v2.1/os-services?binary=nova-compute&host=devstack-u2204-93-55 => generated 263 bytes in 682 msecs (HTTP/1.1 200) 9 headers in 359 bytes (1 switches on core 0)
Oct 14 22:24:47.243543 devstack-u2204-93-55 devstack@n-api.service[1210316]: [pid: 1210316|app: 0|req: 20/38] 172.25.93.55 () {54 vars in 931 bytes} [Tue Oct 14 22:24:47 2025] GET /compute/v2.1 => generated 390 bytes in 13 msecs (HTTP/1.1 200) 9 headers in 357 bytes (1 switches on core 0)
Oct 14 22:24:47.823549 devstack-u2204-93-55 devstack@n-api.service[1210315]: [pid: 1210315|app: 0|req: 19/39] 172.25.93.55 () {60 vars in 1292 bytes} [Tue Oct 14 22:24:47 2025] GET /compute/v2.1/flavors/detail?is_public=True => generated 4222 bytes in 570 msecs (HTTP/1.1 200) 9 headers in 360 bytes (1 switches on core 0)
Oct 14 22:24:53.140802 devstack-u2204-93-55 devstack@n-api.service[1210316]: [pid: 1210316|app: 0|req: 21/40] 172.25.93.55 () {54 vars in 931 bytes} [Tue Oct 14 22:24:53 2025] GET /compute/v2.1 => generated 390 bytes in 14 msecs (HTTP/1.1 200) 9 headers in 357 bytes (1 switches on core 0)
Oct 14 22:24:53.755751 devstack-u2204-93-55 devstack@n-api.service[1210315]: [pid: 1210315|app: 0|req: 20/41] 172.25.93.55 () {64 vars in 1283 bytes} [Tue Oct 14 22:24:53 2025] POST /compute/v2.1/flavors => generated 407 bytes in 606 msecs (HTTP/1.1 200) 9 headers in 359 bytes (1 switches on core 0)
Oct 14 22:24:53.827935 devstack-u2204-93-55 devstack@n-api.service[1210316]: [pid: 1210316|app: 0|req: 22/42] 172.25.93.55 () {64 vars in 1336 bytes} [Tue Oct 14 22:24:53 2025] POST /compute/v2.1/flavors/42/os-extra_specs => generated 43 bytes in 57 msecs (HTTP/1.1 200) 9 headers in 358 bytes (1 switches on core 0)
Oct 14 22:24:59.388721 devstack-u2204-93-55 devstack@n-api.service[1210315]: [pid: 1210315|app: 0|req: 21/43] 172.25.93.55 () {54 vars in 931 bytes} [Tue Oct 14 22:24:59 2025] GET /compute/v2.1 => generated 390 bytes in 13 msecs (HTTP/1.1 200) 9 headers in 357 bytes (1 switches on core 0)
Oct 14 22:25:00.080646 devstack-u2204-93-55 devstack@n-api.service[1210316]: [pid: 1210316|app: 0|req: 23/44] 172.25.93.55 () {64 vars in 1283 bytes} [Tue Oct 14 22:24:59 2025] POST /compute/v2.1/flavors => generated 408 bytes in 685 msecs (HTTP/1.1 200) 9 headers in 359 bytes (1 switches on core 0)
Oct 14 22:25:00.146844 devstack-u2204-93-55 devstack@n-api.service[1210315]: [pid: 1210315|app: 0|req: 22/45] 172.25.93.55 () {64 vars in 1336 bytes} [Tue Oct 14 22:25:00 2025] POST /compute/v2.1/flavors/84/os-extra_specs => generated 43 bytes in 51 msecs (HTTP/1.1 200) 9 headers in 358 bytes (1 switches on core 0)
Oct 14 22:26:56.577099 devstack-u2204-93-55 devstack@n-api.service[1210316]: [pid: 1210316|app: 0|req: 24/46] 172.25.93.55 () {54 vars in 931 bytes} [Tue Oct 14 22:26:56 2025] GET /compute/v2.1 => generated 390 bytes in 15 msecs (HTTP/1.1 200) 9 headers in 357 bytes (1 switches on core 0)
Oct 14 22:26:57.470728 devstack-u2204-93-55 devstack@n-api.service[1210315]: [pid: 1210315|app: 0|req: 23/47] 172.25.93.55 () {60 vars in 1290 bytes} [Tue Oct 14 22:26:56 2025] GET /compute/v2.1/servers/detail?deleted=False => generated 15 bytes in 882 msecs (HTTP/1.1 200) 9 headers in 358 bytes (1 switches on core 0)
Oct 14 22:28:27.570080 devstack-u2204-93-55 devstack@n-api.service[1210316]: [pid: 1210316|app: 0|req: 25/48] 172.25.93.55 () {60 vars in 1159 bytes} [Tue Oct 14 22:28:27 2025] POST /compute/v2.1/os-keypairs => generated 403 bytes in 126 msecs (HTTP/1.1 200) 9 headers in 357 bytes (1 switches on core 0)
Oct 14 22:28:29.263297 devstack-u2204-93-55 devstack@n-api.service[1210315]: [pid: 1210315|app: 0|req: 24/49] 172.25.93.55 () {60 vars in 1147 bytes} [Tue Oct 14 22:28:27 2025] POST /compute/v2.1/servers => generated 382 bytes in 1610 msecs (HTTP/1.1 202) 10 headers in 452 bytes (1 switches on core 0)
Oct 14 22:28:29.687311 devstack-u2204-93-55 devstack@n-api.service[1210316]: [pid: 1210316|app: 0|req: 26/50] 172.25.93.55 () {58 vars in 1236 bytes} [Tue Oct 14 22:28:29 2025] GET /compute/v2.1/servers/6a5e4261-d101-47d2-b32c-a697701f2356 => generated 1261 bytes in 418 msecs (HTTP/1.1 200) 9 headers in 358 bytes (1 switches on core 0)
Oct 14 22:28:30.842280 devstack-u2204-93-55 devstack@n-api.service[1210315]: [pid: 1210315|app: 0|req: 25/51] 172.25.93.55 () {58 vars in 1236 bytes} [Tue Oct 14 22:28:30 2025] GET /compute/v2.1/servers/6a5e4261-d101-47d2-b32c-a697701f2356 => generated 1261 bytes in 135 msecs (HTTP/1.1 200) 9 headers in 358 bytes (1 switches on core 0)
Oct 14 22:28:32.383177 devstack-u2204-93-55 devstack@n-api.service[1210316]: [pid: 1210316|app: 0|req: 27/52] 172.25.93.55 () {58 vars in 1236 bytes} [Tue Oct 14 22:28:31 2025] GET /compute/v2.1/servers/6a5e4261-d101-47d2-b32c-a697701f2356 => generated 1257 bytes in 514 msecs (HTTP/1.1 200) 9 headers in 358 bytes (1 switches on core 0)
Oct 14 22:28:33.584107 devstack-u2204-93-55 devstack@n-api.service[1210315]: [pid: 1210315|app: 0|req: 26/53] 172.25.93.55 () {58 vars in 1236 bytes} [Tue Oct 14 22:28:33 2025] GET /compute/v2.1/servers/6a5e4261-d101-47d2-b32c-a697701f2356 => generated 1313 bytes in 172 msecs (HTTP/1.1 200) 9 headers in 358 bytes (1 switches on core 0)
Oct 14 22:28:34.755083 devstack-u2204-93-55 devstack@n-api.service[1210316]: [pid: 1210316|app: 0|req: 28/54] 172.25.93.55 () {58 vars in 1236 bytes} [Tue Oct 14 22:28:34 2025] GET /compute/v2.1/servers/6a5e4261-d101-47d2-b32c-a697701f2356 => generated 1321 bytes in 139 msecs (HTTP/1.1 200) 9 headers in 358 bytes (1 switches on core 0)
Oct 14 22:28:35.919107 devstack-u2204-93-55 devstack@n-api.service[1210315]: [pid: 1210315|app: 0|req: 27/55] 172.25.93.55 () {58 vars in 1236 bytes} [Tue Oct 14 22:28:35 2025] GET /compute/v2.1/servers/6a5e4261-d101-47d2-b32c-a697701f2356 => generated 1321 bytes in 137 msecs (HTTP/1.1 200) 9 headers in 358 bytes (1 switches on core 0)
Oct 14 22:28:37.397436 devstack-u2204-93-55 devstack@n-api.service[1210316]: [pid: 1210316|app: 0|req: 29/56] 172.25.93.55 () {58 vars in 1236 bytes} [Tue Oct 14 22:28:36 2025] GET /compute/v2.1/servers/6a5e4261-d101-47d2-b32c-a697701f2356 => generated 1361 bytes in 458 msecs (HTTP/1.1 200) 9 headers in 358 bytes (1 switches on core 0)
Oct 14 22:28:37.982766 devstack-u2204-93-55 devstack@n-api.service[1210315]: [pid: 1210315|app: 0|req: 28/57] 172.25.93.55 () {64 vars in 1317 bytes} [Tue Oct 14 22:28:37 2025] POST /compute/v2.1/os-server-external-events => generated 179 bytes in 146 msecs (HTTP/1.1 200) 9 headers in 357 bytes (1 switches on core 0)
Oct 14 22:28:38.728960 devstack-u2204-93-55 devstack@n-api.service[1210316]: [pid: 1210316|app: 0|req: 30/58] 172.25.93.55 () {58 vars in 1236 bytes} [Tue Oct 14 22:28:38 2025] GET /compute/v2.1/servers/6a5e4261-d101-47d2-b32c-a697701f2356 => generated 1361 bytes in 312 msecs (HTTP/1.1 200) 9 headers in 358 bytes (1 switches on core 0)
Oct 14 22:28:40.094110 devstack-u2204-93-55 devstack@n-api.service[1210315]: [pid: 1210315|app: 0|req: 29/59] 172.25.93.55 () {58 vars in 1236 bytes} [Tue Oct 14 22:28:39 2025] GET /compute/v2.1/servers/6a5e4261-d101-47d2-b32c-a697701f2356 => generated 1361 bytes in 332 msecs (HTTP/1.1 200) 9 headers in 358 bytes (1 switches on core 0)
Oct 14 22:28:41.370723 devstack-u2204-93-55 devstack@n-api.service[1210316]: [pid: 1210316|app: 0|req: 31/60] 172.25.93.55 () {58 vars in 1236 bytes} [Tue Oct 14 22:28:41 2025] GET /compute/v2.1/servers/6a5e4261-d101-47d2-b32c-a697701f2356 => generated 1361 bytes in 248 msecs (HTTP/1.1 200) 9 headers in 358 bytes (2 switches on core 0)
Oct 14 22:28:42.635902 devstack-u2204-93-55 devstack@n-api.service[1210315]: [pid: 1210315|app: 0|req: 30/61] 172.25.93.55 () {58 vars in 1236 bytes} [Tue Oct 14 22:28:42 2025] GET /compute/v2.1/servers/6a5e4261-d101-47d2-b32c-a697701f2356 => generated 1361 bytes in 236 msecs (HTTP/1.1 200) 9 headers in 358 bytes (1 switches on core 0)
Oct 14 22:28:43.640836 devstack-u2204-93-55 devstack@n-api.service[1210316]: [pid: 1210316|app: 0|req: 32/62] 172.25.93.55 () {60 vars in 1159 bytes} [Tue Oct 14 22:28:43 2025] POST /compute/v2.1/os-keypairs => generated 386 bytes in 255 msecs (HTTP/1.1 200) 9 headers in 357 bytes (1 switches on core 0)
Oct 14 22:28:43.932423 devstack-u2204-93-55 devstack@n-api.service[1210315]: [pid: 1210315|app: 0|req: 31/63] 172.25.93.55 () {58 vars in 1236 bytes} [Tue Oct 14 22:28:43 2025] GET /compute/v2.1/servers/6a5e4261-d101-47d2-b32c-a697701f2356 => generated 1361 bytes in 271 msecs (HTTP/1.1 200) 9 headers in 358 bytes (1 switches on core 0)
Oct 14 22:28:45.149074 devstack-u2204-93-55 devstack@n-api.service[1210315]: [pid: 1210315|app: 0|req: 32/64] 172.25.93.55 () {64 vars in 1317 bytes} [Tue Oct 14 22:28:45 2025] POST /compute/v2.1/os-server-external-events => generated 183 bytes in 110 msecs (HTTP/1.1 200) 9 headers in 357 bytes (1 switches on core 0)
Oct 14 22:28:45.250574 devstack-u2204-93-55 devstack@n-api.service[1210316]: [pid: 1210316|app: 0|req: 33/65] 172.25.93.55 () {58 vars in 1236 bytes} [Tue Oct 14 22:28:44 2025] GET /compute/v2.1/servers/6a5e4261-d101-47d2-b32c-a697701f2356 => generated 1361 bytes in 290 msecs (HTTP/1.1 200) 9 headers in 358 bytes (1 switches on core 0)
Oct 14 22:28:46.188094 devstack-u2204-93-55 devstack@n-api.service[1210315]: [pid: 1210315|app: 0|req: 33/66] 172.25.93.55 () {60 vars in 1147 bytes} [Tue Oct 14 22:28:45 2025] POST /compute/v2.1/servers => generated 408 bytes in 834 msecs (HTTP/1.1 202) 10 headers in 452 bytes (2 switches on core 0)
Oct 14 22:28:46.276364 devstack-u2204-93-55 devstack@n-api.service[1210316]: [pid: 1210316|app: 0|req: 34/67] 172.25.93.55 () {58 vars in 1236 bytes} [Tue Oct 14 22:28:46 2025] GET /compute/v2.1/servers/ec3acbfb-2afa-4d3b-b29a-d87ec1bef66a => generated 1260 bytes in 74 msecs (HTTP/1.1 200) 9 headers in 358 bytes (1 switches on core 0)
Oct 14 22:28:46.537074 devstack-u2204-93-55 devstack@n-api.service[1210315]: [pid: 1210315|app: 0|req: 34/68] 172.25.93.55 () {58 vars in 1236 bytes} [Tue Oct 14 22:28:46 2025] GET /compute/v2.1/servers/6a5e4261-d101-47d2-b32c-a697701f2356 => generated 1361 bytes in 259 msecs (HTTP/1.1 200) 9 headers in 358 bytes (1 switches on core 0)
Oct 14 22:28:47.415345 devstack-u2204-93-55 devstack@n-api.service[1210316]: [pid: 1210316|app: 0|req: 35/69] 172.25.93.55 () {58 vars in 1236 bytes} [Tue Oct 14 22:28:47 2025] GET /compute/v2.1/servers/ec3acbfb-2afa-4d3b-b29a-d87ec1bef66a => generated 1264 bytes in 118 msecs (HTTP/1.1 200) 9 headers in 358 bytes (2 switches on core 0)
Oct 14 22:28:47.775019 devstack-u2204-93-55 devstack@n-api.service[1210315]: [pid: 1210315|app: 0|req: 35/70] 172.25.93.55 () {58 vars in 1236 bytes} [Tue Oct 14 22:28:47 2025] GET /compute/v2.1/servers/6a5e4261-d101-47d2-b32c-a697701f2356 => generated 1361 bytes in 221 msecs (HTTP/1.1 200) 9 headers in 358 bytes (1 switches on core 0)
Oct 14 22:28:48.569977 devstack-u2204-93-55 devstack@n-api.service[1210316]: [pid: 1210316|app: 0|req: 36/71] 172.25.93.55 () {58 vars in 1236 bytes} [Tue Oct 14 22:28:48 2025] GET /compute/v2.1/servers/ec3acbfb-2afa-4d3b-b29a-d87ec1bef66a => generated 1312 bytes in 125 msecs (HTTP/1.1 200) 9 headers in 358 bytes (1 switches on core 0)
Oct 14 22:28:48.998613 devstack-u2204-93-55 devstack@n-api.service[1210315]: [pid: 1210315|app: 0|req: 36/72] 172.25.93.55 () {58 vars in 1236 bytes} [Tue Oct 14 22:28:48 2025] GET /compute/v2.1/servers/6a5e4261-d101-47d2-b32c-a697701f2356 => generated 1361 bytes in 196 msecs (HTTP/1.1 200) 9 headers in 358 bytes (1 switches on core 0)
Oct 14 22:28:49.724351 devstack-u2204-93-55 devstack@n-api.service[1210316]: [pid: 1210316|app: 0|req: 37/73] 172.25.93.55 () {58 vars in 1236 bytes} [Tue Oct 14 22:28:49 2025] GET /compute/v2.1/servers/ec3acbfb-2afa-4d3b-b29a-d87ec1bef66a => generated 1312 bytes in 126 msecs (HTTP/1.1 200) 9 headers in 358 bytes (1 switches on core 0)
Oct 14 22:28:50.251460 devstack-u2204-93-55 devstack@n-api.service[1210315]: [pid: 1210315|app: 0|req: 37/74] 172.25.93.55 () {58 vars in 1236 bytes} [Tue Oct 14 22:28:50 2025] GET /compute/v2.1/servers/6a5e4261-d101-47d2-b32c-a697701f2356 => generated 1546 bytes in 228 msecs (HTTP/1.1 200) 9 headers in 358 bytes (2 switches on core 0)
Oct 14 22:28:50.759939 devstack-u2204-93-55 devstack@n-api.service[1210316]: [pid: 1210316|app: 0|req: 38/75] 172.25.93.55 () {58 vars in 1236 bytes} [Tue Oct 14 22:28:50 2025] GET /compute/v2.1/servers/6a5e4261-d101-47d2-b32c-a697701f2356 => generated 1546 bytes in 483 msecs (HTTP/1.1 200) 9 headers in 358 bytes (1 switches on core 0)
Oct 14 22:28:50.889643 devstack-u2204-93-55 devstack@n-api.service[1210315]: [pid: 1210315|app: 0|req: 38/76] 172.25.93.55 () {58 vars in 1236 bytes} [Tue Oct 14 22:28:50 2025] GET /compute/v2.1/servers/ec3acbfb-2afa-4d3b-b29a-d87ec1bef66a => generated 1320 bytes in 136 msecs (HTTP/1.1 200) 9 headers in 358 bytes (2 switches on core 0)
Oct 14 22:28:50.988149 devstack-u2204-93-55 devstack@n-api.service[1210316]: [pid: 1210316|app: 0|req: 39/77] 172.25.93.55 () {58 vars in 1125 bytes} [Tue Oct 14 22:28:50 2025] GET /compute/v2.1/servers => generated 345 bytes in 204 msecs (HTTP/1.1 200) 9 headers in 357 bytes (2 switches on core 0)
Oct 14 22:28:51.190192 devstack-u2204-93-55 devstack@n-api.service[1210315]: [pid: 1210315|app: 0|req: 39/78] 172.25.93.55 () {58 vars in 1236 bytes} [Tue Oct 14 22:28:51 2025] GET /compute/v2.1/servers/6a5e4261-d101-47d2-b32c-a697701f2356 => generated 1546 bytes in 188 msecs (HTTP/1.1 200) 9 headers in 358 bytes (1 switches on core 0)
Oct 14 22:28:52.179968 devstack-u2204-93-55 devstack@n-api.service[1210316]: [pid: 1210316|app: 0|req: 40/79] 172.25.93.55 () {58 vars in 1236 bytes} [Tue Oct 14 22:28:51 2025] GET /compute/v2.1/servers/ec3acbfb-2afa-4d3b-b29a-d87ec1bef66a => generated 1388 bytes in 263 msecs (HTTP/1.1 200) 9 headers in 358 bytes (1 switches on core 0)
Oct 14 22:28:52.819246 devstack-u2204-93-55 devstack@n-api.service[1210315]: [pid: 1210315|app: 0|req: 40/80] 172.25.93.55 () {64 vars in 1317 bytes} [Tue Oct 14 22:28:52 2025] POST /compute/v2.1/os-server-external-events => generated 179 bytes in 43 msecs (HTTP/1.1 200) 9 headers in 357 bytes (1 switches on core 0)
Oct 14 22:28:53.309947 devstack-u2204-93-55 devstack@n-api.service[1210316]: [pid: 1210316|app: 0|req: 41/81] 172.25.93.55 () {58 vars in 1239 bytes} [Tue Oct 14 22:28:52 2025] DELETE /compute/v2.1/servers/6a5e4261-d101-47d2-b32c-a697701f2356 => generated 0 bytes in 324 msecs (HTTP/1.1 204) 9 headers in 363 bytes (1 switches on core 0)
Oct 14 22:28:53.512939 devstack-u2204-93-55 devstack@n-api.service[1210315]: [pid: 1210315|app: 0|req: 41/82] 172.25.93.55 () {58 vars in 1236 bytes} [Tue Oct 14 22:28:53 2025] GET /compute/v2.1/servers/ec3acbfb-2afa-4d3b-b29a-d87ec1bef66a => generated 1386 bytes in 307 msecs (HTTP/1.1 200) 9 headers in 358 bytes (1 switches on core 0)
Oct 14 22:28:53.555802 devstack-u2204-93-55 devstack@n-api.service[1210316]: [pid: 1210316|app: 0|req: 42/83] 172.25.93.55 () {58 vars in 1236 bytes} [Tue Oct 14 22:28:53 2025] GET /compute/v2.1/servers/6a5e4261-d101-47d2-b32c-a697701f2356 => generated 1552 bytes in 239 msecs (HTTP/1.1 200) 9 headers in 358 bytes (1 switches on core 0)
Oct 14 22:28:54.761734 devstack-u2204-93-55 devstack@n-api.service[1210316]: [pid: 1210316|app: 0|req: 43/84] 172.25.93.55 () {58 vars in 1236 bytes} [Tue Oct 14 22:28:54 2025] GET /compute/v2.1/servers/6a5e4261-d101-47d2-b32c-a697701f2356 => generated 1552 bytes in 189 msecs (HTTP/1.1 200) 9 headers in 358 bytes (1 switches on core 0)
Oct 14 22:28:54.766781 devstack-u2204-93-55 devstack@n-api.service[1210315]: [pid: 1210315|app: 0|req: 42/85] 172.25.93.55 () {58 vars in 1236 bytes} [Tue Oct 14 22:28:54 2025] GET /compute/v2.1/servers/ec3acbfb-2afa-4d3b-b29a-d87ec1bef66a => generated 1386 bytes in 231 msecs (HTTP/1.1 200) 9 headers in 358 bytes (1 switches on core 0)
Oct 14 22:28:56.011819 devstack-u2204-93-55 devstack@n-api.service[1210315]: [pid: 1210315|app: 0|req: 43/86] 172.25.93.55 () {58 vars in 1236 bytes} [Tue Oct 14 22:28:55 2025] GET /compute/v2.1/servers/ec3acbfb-2afa-4d3b-b29a-d87ec1bef66a => generated 1386 bytes in 219 msecs (HTTP/1.1 200) 9 headers in 358 bytes (1 switches on core 0)
Oct 14 22:28:56.075737 devstack-u2204-93-55 devstack@n-api.service[1210316]: [pid: 1210316|app: 0|req: 44/87] 172.25.93.55 () {58 vars in 1236 bytes} [Tue Oct 14 22:28:55 2025] GET /compute/v2.1/servers/6a5e4261-d101-47d2-b32c-a697701f2356 => generated 1552 bytes in 285 msecs (HTTP/1.1 200) 9 headers in 358 bytes (1 switches on core 0)
Oct 14 22:28:56.972688 devstack-u2204-93-55 devstack@n-api.service[1210315]: [pid: 1210315|app: 0|req: 44/88] 172.25.93.55 () {64 vars in 1317 bytes} [Tue Oct 14 22:28:56 2025] POST /compute/v2.1/os-server-external-events => generated 185 bytes in 59 msecs (HTTP/1.1 200) 9 headers in 357 bytes (1 switches on core 0)
Oct 14 22:28:57.206737 devstack-u2204-93-55 devstack@n-api.service[1210315]: [pid: 1210315|app: 0|req: 45/89] 172.25.93.55 () {58 vars in 1236 bytes} [Tue Oct 14 22:28:57 2025] GET /compute/v2.1/servers/6a5e4261-d101-47d2-b32c-a697701f2356 => generated 1510 bytes in 112 msecs (HTTP/1.1 200) 9 headers in 358 bytes (1 switches on core 0)
Oct 14 22:28:57.245187 devstack-u2204-93-55 devstack@n-api.service[1210315]: [pid: 1210315|app: 0|req: 46/90] 172.25.93.55 () {64 vars in 1317 bytes} [Tue Oct 14 22:28:57 2025] POST /compute/v2.1/os-server-external-events => generated 183 bytes in 38 msecs (HTTP/1.1 200) 9 headers in 357 bytes (1 switches on core 0)
Oct 14 22:28:57.330988 devstack-u2204-93-55 devstack@n-api.service[1210316]: [pid: 1210316|app: 0|req: 45/91] 172.25.93.55 () {58 vars in 1236 bytes} [Tue Oct 14 22:28:57 2025] GET /compute/v2.1/servers/ec3acbfb-2afa-4d3b-b29a-d87ec1bef66a => generated 1386 bytes in 299 msecs (HTTP/1.1 200) 9 headers in 358 bytes (1 switches on core 0)
Oct 14 22:28:58.359612 devstack-u2204-93-55 devstack@n-api.service[1210315]: [pid: 1210315|app: 0|req: 47/92] 172.25.93.55 () {58 vars in 1236 bytes} [Tue Oct 14 22:28:58 2025] GET /compute/v2.1/servers/6a5e4261-d101-47d2-b32c-a697701f2356 => generated 1342 bytes in 125 msecs (HTTP/1.1 200) 9 headers in 358 bytes (1 switches on core 0)
Oct 14 22:28:58.598406 devstack-u2204-93-55 devstack@n-api.service[1210316]: [pid: 1210316|app: 0|req: 46/93] 172.25.93.55 () {58 vars in 1236 bytes} [Tue Oct 14 22:28:58 2025] GET /compute/v2.1/servers/ec3acbfb-2afa-4d3b-b29a-d87ec1bef66a => generated 1386 bytes in 241 msecs (HTTP/1.1 200) 9 headers in 358 bytes (2 switches on core 0)
Oct 14 22:28:59.071461 devstack-u2204-93-55 devstack@n-api.service[1210315]: [pid: 1210315|app: 0|req: 48/94] 172.25.93.55 () {64 vars in 1317 bytes} [Tue Oct 14 22:28:59 2025] POST /compute/v2.1/os-server-external-events => generated 183 bytes in 44 msecs (HTTP/1.1 200) 9 headers in 357 bytes (1 switches on core 0)
Oct 14 22:28:59.515806 devstack-u2204-93-55 devstack@n-api.service[1210316]: [pid: 1210316|app: 0|req: 47/95] 172.25.93.55 () {58 vars in 1236 bytes} [Tue Oct 14 22:28:59 2025] GET /compute/v2.1/servers/6a5e4261-d101-47d2-b32c-a697701f2356 => generated 1347 bytes in 133 msecs (HTTP/1.1 200) 9 headers in 358 bytes (1 switches on core 0)
Oct 14 22:28:59.937558 devstack-u2204-93-55 devstack@n-api.service[1210315]: [pid: 1210315|app: 0|req: 49/96] 172.25.93.55 () {58 vars in 1236 bytes} [Tue Oct 14 22:28:59 2025] GET /compute/v2.1/servers/ec3acbfb-2afa-4d3b-b29a-d87ec1bef66a => generated 1386 bytes in 312 msecs (HTTP/1.1 200) 9 headers in 358 bytes (1 switches on core 0)
Oct 14 22:29:00.702110 devstack-u2204-93-55 devstack@n-api.service[1210316]: [pid: 1210316|app: 0|req: 48/97] 172.25.93.55 () {58 vars in 1236 bytes} [Tue Oct 14 22:29:00 2025] GET /compute/v2.1/servers/6a5e4261-d101-47d2-b32c-a697701f2356 => generated 1347 bytes in 155 msecs (HTTP/1.1 200) 9 headers in 358 bytes (1 switches on core 0)
Oct 14 22:29:01.212917 devstack-u2204-93-55 devstack@n-api.service[1210315]: [pid: 1210315|app: 0|req: 50/98] 172.25.93.55 () {58 vars in 1236 bytes} [Tue Oct 14 22:29:00 2025] GET /compute/v2.1/servers/ec3acbfb-2afa-4d3b-b29a-d87ec1bef66a => generated 1386 bytes in 245 msecs (HTTP/1.1 200) 9 headers in 358 bytes (2 switches on core 0)
Oct 14 22:29:01.791416 devstack-u2204-93-55 devstack@n-api.service[1210316]: [pid: 1210316|app: 0|req: 49/99] 172.25.93.55 () {58 vars in 1236 bytes} [Tue Oct 14 22:29:01 2025] GET /compute/v2.1/servers/6a5e4261-d101-47d2-b32c-a697701f2356 => generated 111 bytes in 57 msecs (HTTP/1.1 404) 9 headers in 379 bytes (1 switches on core 0)
Oct 14 22:29:01.870540 devstack-u2204-93-55 devstack@n-api.service[1210315]: [pid: 1210315|app: 0|req: 51/100] 172.25.93.55 () {58 vars in 1272 bytes} [Tue Oct 14 22:29:01 2025] DELETE /compute/v2.1/os-keypairs/tempest-TestMinimumBasicScenario-1642587266 => generated 0 bytes in 70 msecs (HTTP/1.1 202) 9 headers in 361 bytes (1 switches on core 0)
Oct 14 22:29:02.520105 devstack-u2204-93-55 devstack@n-api.service[1210316]: [pid: 1210316|app: 0|req: 50/101] 172.25.93.55 () {58 vars in 1236 bytes} [Tue Oct 14 22:29:02 2025] GET /compute/v2.1/servers/ec3acbfb-2afa-4d3b-b29a-d87ec1bef66a => generated 1386 bytes in 278 msecs (HTTP/1.1 200) 9 headers in 358 bytes (1 switches on core 0)
Oct 14 22:29:03.790786 devstack-u2204-93-55 devstack@n-api.service[1210315]: [pid: 1210315|app: 0|req: 52/102] 172.25.93.55 () {58 vars in 1236 bytes} [Tue Oct 14 22:29:03 2025] GET /compute/v2.1/servers/ec3acbfb-2afa-4d3b-b29a-d87ec1bef66a => generated 1585 bytes in 248 msecs (HTTP/1.1 200) 9 headers in 358 bytes (1 switches on core 0)
Oct 14 22:29:03.972815 devstack-u2204-93-55 devstack@n-api.service[1210316]: [pid: 1210316|app: 0|req: 51/103] 172.25.93.55 () {58 vars in 1275 bytes} [Tue Oct 14 22:29:03 2025] GET /compute/v2.1/servers/ec3acbfb-2afa-4d3b-b29a-d87ec1bef66a/os-interface => generated 282 bytes in 159 msecs (HTTP/1.1 200) 9 headers in 357 bytes (1 switches on core 0)
Oct 14 22:29:05.592186 devstack-u2204-93-55 devstack@n-api.service[1210315]: [pid: 1210315|app: 0|req: 53/104] 172.25.93.55 () {64 vars in 1317 bytes} [Tue Oct 14 22:29:05 2025] POST /compute/v2.1/os-server-external-events => generated 179 bytes in 85 msecs (HTTP/1.1 200) 9 headers in 357 bytes (1 switches on core 0)
Oct 14 22:29:06.501785 devstack-u2204-93-55 devstack@n-api.service[1210316]: [pid: 1210316|app: 0|req: 52/105] 172.25.93.55 () {60 vars in 1159 bytes} [Tue Oct 14 22:29:06 2025] POST /compute/v2.1/os-keypairs => generated 402 bytes in 67 msecs (HTTP/1.1 200) 9 headers in 357 bytes (1 switches on core 0)
Oct 14 22:29:07.260831 devstack-u2204-93-55 devstack@n-api.service[1210315]: [pid: 1210315|app: 0|req: 54/106] 172.25.93.55 () {60 vars in 1147 bytes} [Tue Oct 14 22:29:06 2025] POST /compute/v2.1/servers => generated 382 bytes in 627 msecs (HTTP/1.1 202) 10 headers in 452 bytes (1 switches on core 0)
Oct 14 22:29:07.332204 devstack-u2204-93-55 devstack@n-api.service[1210316]: [pid: 1210316|app: 0|req: 53/107] 172.25.93.55 () {58 vars in 1236 bytes} [Tue Oct 14 22:29:07 2025] GET /compute/v2.1/servers/35155a3f-8a8d-4c93-a2ec-26d7f203e5c5 => generated 1260 bytes in 63 msecs (HTTP/1.1 200) 9 headers in 358 bytes (1 switches on core 0)
Oct 14 22:29:08.463548 devstack-u2204-93-55 devstack@n-api.service[1210315]: [pid: 1210315|app: 0|req: 55/108] 172.25.93.55 () {58 vars in 1236 bytes} [Tue Oct 14 22:29:08 2025] GET /compute/v2.1/servers/35155a3f-8a8d-4c93-a2ec-26d7f203e5c5 => generated 1264 bytes in 114 msecs (HTTP/1.1 200) 9 headers in 358 bytes (1 switches on core 0)
Oct 14 22:29:09.610540 devstack-u2204-93-55 devstack@n-api.service[1210316]: [pid: 1210316|app: 0|req: 54/109] 172.25.93.55 () {58 vars in 1236 bytes} [Tue Oct 14 22:29:09 2025] GET /compute/v2.1/servers/35155a3f-8a8d-4c93-a2ec-26d7f203e5c5 => generated 1312 bytes in 118 msecs (HTTP/1.1 200) 9 headers in 358 bytes (1 switches on core 0)
Oct 14 22:29:10.742156 devstack-u2204-93-55 devstack@n-api.service[1210315]: [pid: 1210315|app: 0|req: 56/110] 172.25.93.55 () {58 vars in 1236 bytes} [Tue Oct 14 22:29:10 2025] GET /compute/v2.1/servers/35155a3f-8a8d-4c93-a2ec-26d7f203e5c5 => generated 1312 bytes in 107 msecs (HTTP/1.1 200) 9 headers in 358 bytes (1 switches on core 0)
Oct 14 22:29:11.929809 devstack-u2204-93-55 devstack@n-api.service[1210316]: [pid: 1210316|app: 0|req: 55/111] 172.25.93.55 () {58 vars in 1236 bytes} [Tue Oct 14 22:29:11 2025] GET /compute/v2.1/servers/35155a3f-8a8d-4c93-a2ec-26d7f203e5c5 => generated 1320 bytes in 165 msecs (HTTP/1.1 200) 9 headers in 358 bytes (1 switches on core 0)
Oct 14 22:29:13.263774 devstack-u2204-93-55 devstack@n-api.service[1210315]: [pid: 1210315|app: 0|req: 57/112] 172.25.93.55 () {58 vars in 1236 bytes} [Tue Oct 14 22:29:12 2025] GET /compute/v2.1/servers/35155a3f-8a8d-4c93-a2ec-26d7f203e5c5 => generated 1372 bytes in 299 msecs (HTTP/1.1 200) 9 headers in 358 bytes (1 switches on core 0)
Oct 14 22:29:13.411986 devstack-u2204-93-55 devstack@n-api.service[1210316]: [pid: 1210316|app: 0|req: 56/113] 172.25.93.55 () {64 vars in 1317 bytes} [Tue Oct 14 22:29:13 2025] POST /compute/v2.1/os-server-external-events => generated 179 bytes in 67 msecs (HTTP/1.1 200) 9 headers in 357 bytes (1 switches on core 0)
Oct 14 22:29:14.552608 devstack-u2204-93-55 devstack@n-api.service[1210315]: [pid: 1210315|app: 0|req: 58/114] 172.25.93.55 () {58 vars in 1236 bytes} [Tue Oct 14 22:29:14 2025] GET /compute/v2.1/servers/35155a3f-8a8d-4c93-a2ec-26d7f203e5c5 => generated 1360 bytes in 255 msecs (HTTP/1.1 200) 9 headers in 358 bytes (2 switches on core 0)
Oct 14 22:29:15.814620 devstack-u2204-93-55 devstack@n-api.service[1210316]: [pid: 1210316|app: 0|req: 57/115] 172.25.93.55 () {58 vars in 1236 bytes} [Tue Oct 14 22:29:15 2025] GET /compute/v2.1/servers/35155a3f-8a8d-4c93-a2ec-26d7f203e5c5 => generated 1360 bytes in 251 msecs (HTTP/1.1 200) 9 headers in 358 bytes (1 switches on core 0)
Oct 14 22:29:17.035851 devstack-u2204-93-55 devstack@n-api.service[1210315]: [pid: 1210315|app: 0|req: 59/116] 172.25.93.55 () {58 vars in 1236 bytes} [Tue Oct 14 22:29:16 2025] GET /compute/v2.1/servers/35155a3f-8a8d-4c93-a2ec-26d7f203e5c5 => generated 1360 bytes in 196 msecs (HTTP/1.1 200) 9 headers in 358 bytes (1 switches on core 0)
Oct 14 22:29:18.356369 devstack-u2204-93-55 devstack@n-api.service[1210316]: [pid: 1210316|app: 0|req: 58/117] 172.25.93.55 () {58 vars in 1236 bytes} [Tue Oct 14 22:29:18 2025] GET /compute/v2.1/servers/35155a3f-8a8d-4c93-a2ec-26d7f203e5c5 => generated 1360 bytes in 290 msecs (HTTP/1.1 200) 9 headers in 358 bytes (1 switches on core 0)
Oct 14 22:29:19.074984 devstack-u2204-93-55 devstack@n-api.service[1210315]: [pid: 1210315|app: 0|req: 60/118] 172.25.93.55 () {64 vars in 1317 bytes} [Tue Oct 14 22:29:19 2025] POST /compute/v2.1/os-server-external-events => generated 183 bytes in 58 msecs (HTTP/1.1 200) 9 headers in 357 bytes (1 switches on core 0)
Oct 14 22:29:19.617258 devstack-u2204-93-55 devstack@n-api.service[1210316]: [pid: 1210316|app: 0|req: 59/119] 172.25.93.55 () {58 vars in 1236 bytes} [Tue Oct 14 22:29:19 2025] GET /compute/v2.1/servers/35155a3f-8a8d-4c93-a2ec-26d7f203e5c5 => generated 1360 bytes in 233 msecs (HTTP/1.1 200) 9 headers in 358 bytes (1 switches on core 0)
Oct 14 22:29:20.939614 devstack-u2204-93-55 devstack@n-api.service[1210315]: [pid: 1210315|app: 0|req: 61/120] 172.25.93.55 () {58 vars in 1236 bytes} [Tue Oct 14 22:29:20 2025] GET /compute/v2.1/servers/35155a3f-8a8d-4c93-a2ec-26d7f203e5c5 => generated 1360 bytes in 293 msecs (HTTP/1.1 200) 9 headers in 358 bytes (1 switches on core 0)
Oct 14 22:29:22.243854 devstack-u2204-93-55 devstack@n-api.service[1210316]: [pid: 1210316|app: 0|req: 60/121] 172.25.93.55 () {58 vars in 1236 bytes} [Tue Oct 14 22:29:21 2025] GET /compute/v2.1/servers/35155a3f-8a8d-4c93-a2ec-26d7f203e5c5 => generated 1360 bytes in 269 msecs (HTTP/1.1 200) 9 headers in 358 bytes (2 switches on core 0)
Oct 14 22:29:23.502721 devstack-u2204-93-55 devstack@n-api.service[1210315]: [pid: 1210315|app: 0|req: 62/122] 172.25.93.55 () {58 vars in 1236 bytes} [Tue Oct 14 22:29:23 2025] GET /compute/v2.1/servers/35155a3f-8a8d-4c93-a2ec-26d7f203e5c5 => generated 1360 bytes in 229 msecs (HTTP/1.1 200) 9 headers in 358 bytes (1 switches on core 0)
Oct 14 22:29:24.838693 devstack-u2204-93-55 devstack@n-api.service[1210316]: [pid: 1210316|app: 0|req: 61/123] 172.25.93.55 () {58 vars in 1236 bytes} [Tue Oct 14 22:29:24 2025] GET /compute/v2.1/servers/35155a3f-8a8d-4c93-a2ec-26d7f203e5c5 => generated 1544 bytes in 314 msecs (HTTP/1.1 200) 9 headers in 358 bytes (1 switches on core 0)
Oct 14 22:29:25.071423 devstack-u2204-93-55 devstack@n-api.service[1210315]: [pid: 1210315|app: 0|req: 63/124] 172.25.93.55 () {58 vars in 1236 bytes} [Tue Oct 14 22:29:24 2025] GET /compute/v2.1/servers/35155a3f-8a8d-4c93-a2ec-26d7f203e5c5 => generated 1544 bytes in 206 msecs (HTTP/1.1 200) 9 headers in 358 bytes (1 switches on core 0)
Oct 14 22:29:25.190959 devstack-u2204-93-55 devstack@n-api.service[1210316]: [pid: 1210316|app: 0|req: 62/125] 172.25.93.55 () {58 vars in 1125 bytes} [Tue Oct 14 22:29:25 2025] GET /compute/v2.1/servers => generated 345 bytes in 92 msecs (HTTP/1.1 200) 9 headers in 357 bytes (1 switches on core 0)
Oct 14 22:29:25.423418 devstack-u2204-93-55 devstack@n-api.service[1210315]: [pid: 1210315|app: 0|req: 64/126] 172.25.93.55 () {58 vars in 1236 bytes} [Tue Oct 14 22:29:25 2025] GET /compute/v2.1/servers/35155a3f-8a8d-4c93-a2ec-26d7f203e5c5 => generated 1544 bytes in 221 msecs (HTTP/1.1 200) 9 headers in 358 bytes (2 switches on core 0)
Oct 14 22:29:27.311389 devstack-u2204-93-55 devstack@n-api.service[1210316]: [pid: 1210316|app: 0|req: 63/127] 172.25.93.55 () {58 vars in 1239 bytes} [Tue Oct 14 22:29:27 2025] DELETE /compute/v2.1/servers/35155a3f-8a8d-4c93-a2ec-26d7f203e5c5 => generated 0 bytes in 164 msecs (HTTP/1.1 204) 9 headers in 363 bytes (1 switches on core 0)
Oct 14 22:29:27.555082 devstack-u2204-93-55 devstack@n-api.service[1210315]: [pid: 1210315|app: 0|req: 65/128] 172.25.93.55 () {58 vars in 1236 bytes} [Tue Oct 14 22:29:27 2025] GET /compute/v2.1/servers/35155a3f-8a8d-4c93-a2ec-26d7f203e5c5 => generated 1550 bytes in 238 msecs (HTTP/1.1 200) 9 headers in 358 bytes (1 switches on core 0)
Oct 14 22:29:28.808125 devstack-u2204-93-55 devstack@n-api.service[1210316]: [pid: 1210316|app: 0|req: 64/129] 172.25.93.55 () {58 vars in 1236 bytes} [Tue Oct 14 22:29:28 2025] GET /compute/v2.1/servers/35155a3f-8a8d-4c93-a2ec-26d7f203e5c5 => generated 1550 bytes in 230 msecs (HTTP/1.1 200) 9 headers in 358 bytes (1 switches on core 0)
Oct 14 22:29:30.063455 devstack-u2204-93-55 devstack@n-api.service[1210315]: [pid: 1210315|app: 0|req: 66/130] 172.25.93.55 () {58 vars in 1236 bytes} [Tue Oct 14 22:29:29 2025] GET /compute/v2.1/servers/35155a3f-8a8d-4c93-a2ec-26d7f203e5c5 => generated 1550 bytes in 233 msecs (HTTP/1.1 200) 9 headers in 358 bytes (1 switches on core 0)
Oct 14 22:29:30.588551 devstack-u2204-93-55 devstack@n-api.service[1210316]: [pid: 1210316|app: 0|req: 65/131] 172.25.93.55 () {64 vars in 1317 bytes} [Tue Oct 14 22:29:30 2025] POST /compute/v2.1/os-server-external-events => generated 183 bytes in 54 msecs (HTTP/1.1 200) 9 headers in 357 bytes (1 switches on core 0)
Oct 14 22:29:31.197844 devstack-u2204-93-55 devstack@n-api.service[1210315]: [pid: 1210315|app: 0|req: 67/132] 172.25.93.55 () {58 vars in 1236 bytes} [Tue Oct 14 22:29:31 2025] GET /compute/v2.1/servers/35155a3f-8a8d-4c93-a2ec-26d7f203e5c5 => generated 1341 bytes in 115 msecs (HTTP/1.1 200) 9 headers in 358 bytes (2 switches on core 0)
Oct 14 22:29:32.343712 devstack-u2204-93-55 devstack@n-api.service[1210316]: [pid: 1210316|app: 0|req: 66/133] 172.25.93.55 () {58 vars in 1236 bytes} [Tue Oct 14 22:29:32 2025] GET /compute/v2.1/servers/35155a3f-8a8d-4c93-a2ec-26d7f203e5c5 => generated 1346 bytes in 122 msecs (HTTP/1.1 200) 9 headers in 358 bytes (2 switches on core 0)
Oct 14 22:29:33.491073 devstack-u2204-93-55 devstack@n-api.service[1210315]: [pid: 1210315|app: 0|req: 68/134] 172.25.93.55 () {58 vars in 1236 bytes} [Tue Oct 14 22:29:33 2025] GET /compute/v2.1/servers/35155a3f-8a8d-4c93-a2ec-26d7f203e5c5 => generated 1346 bytes in 116 msecs (HTTP/1.1 200) 9 headers in 358 bytes (1 switches on core 0)
Oct 14 22:29:34.570394 devstack-u2204-93-55 devstack@n-api.service[1210316]: [pid: 1210316|app: 0|req: 67/135] 172.25.93.55 () {58 vars in 1236 bytes} [Tue Oct 14 22:29:34 2025] GET /compute/v2.1/servers/35155a3f-8a8d-4c93-a2ec-26d7f203e5c5 => generated 111 bytes in 51 msecs (HTTP/1.1 404) 9 headers in 379 bytes (1 switches on core 0)
Oct 14 22:29:34.611991 devstack-u2204-93-55 devstack@n-api.service[1210315]: [pid: 1210315|app: 0|req: 69/136] 172.25.93.55 () {58 vars in 1269 bytes} [Tue Oct 14 22:29:34 2025] DELETE /compute/v2.1/os-keypairs/tempest-TestMinimumBasicScenario-507222973 => generated 0 bytes in 36 msecs (HTTP/1.1 202) 9 headers in 361 bytes (1 switches on core 0)
Oct 14 22:30:18.251687 devstack-u2204-93-55 devstack@n-api.service[1210316]: [pid: 1210316|app: 0|req: 68/137] 172.25.93.55 () {58 vars in 1236 bytes} [Tue Oct 14 22:30:17 2025] GET /compute/v2.1/servers/ec3acbfb-2afa-4d3b-b29a-d87ec1bef66a => generated 1704 bytes in 274 msecs (HTTP/1.1 200) 9 headers in 358 bytes (1 switches on core 0)
Oct 14 22:30:18.485027 devstack-u2204-93-55 devstack@n-api.service[1210315]: [pid: 1210315|app: 0|req: 70/138] 172.25.93.55 () {58 vars in 1125 bytes} [Tue Oct 14 22:30:18 2025] GET /compute/v2.1/servers => generated 361 bytes in 204 msecs (HTTP/1.1 200) 9 headers in 357 bytes (1 switches on core 0)
Oct 14 22:30:20.389345 devstack-u2204-93-55 devstack@n-api.service[1210316]: [pid: 1210316|app: 0|req: 69/139] 172.25.93.55 () {58 vars in 1239 bytes} [Tue Oct 14 22:30:20 2025] DELETE /compute/v2.1/servers/ec3acbfb-2afa-4d3b-b29a-d87ec1bef66a => generated 0 bytes in 161 msecs (HTTP/1.1 204) 9 headers in 363 bytes (1 switches on core 0)
Oct 14 22:30:20.672659 devstack-u2204-93-55 devstack@n-api.service[1210315]: [pid: 1210315|app: 0|req: 71/140] 172.25.93.55 () {58 vars in 1236 bytes} [Tue Oct 14 22:30:20 2025] GET /compute/v2.1/servers/ec3acbfb-2afa-4d3b-b29a-d87ec1bef66a => generated 1710 bytes in 276 msecs (HTTP/1.1 200) 9 headers in 358 bytes (1 switches on core 0)
Oct 14 22:30:21.925076 devstack-u2204-93-55 devstack@n-api.service[1210316]: [pid: 1210316|app: 0|req: 70/141] 172.25.93.55 () {58 vars in 1236 bytes} [Tue Oct 14 22:30:21 2025] GET /compute/v2.1/servers/ec3acbfb-2afa-4d3b-b29a-d87ec1bef66a => generated 1710 bytes in 223 msecs (HTTP/1.1 200) 9 headers in 358 bytes (1 switches on core 0)
