Oct 14 22:21:45.140543 devstack-u2204-93-55 systemd[1]: Started Devstack devstack@q-dhcp.service.
Oct 14 22:21:45.803204 devstack-u2204-93-55 neutron-dhcp-agent[1212749]: This program is using eventlet and has been monkey_patched
Oct 14 22:22:10.617488 devstack-u2204-93-55 sudo[1214515]:    stack : PWD=/ ; USER=root ; COMMAND=/opt/stack/data/venv/bin/neutron-rootwrap /etc/neutron/rootwrap.conf privsep-helper --config-file /etc/neutron/neutron.conf --config-file /etc/neutron/dhcp_agent.ini --privsep_context neutron.privileged.default --privsep_sock_path /tmp/tmprppkyzfj/privsep.sock
Oct 14 22:22:10.619334 devstack-u2204-93-55 sudo[1214515]: pam_unix(sudo:session): session opened for user root(uid=0) by (uid=1001)
Oct 14 22:22:11.889931 devstack-u2204-93-55 sudo[1214515]: pam_unix(sudo:session): session closed for user root
Oct 14 22:22:13.485380 devstack-u2204-93-55 sudo[1214558]:    stack : PWD=/ ; USER=root ; COMMAND=/opt/stack/data/venv/bin/neutron-rootwrap /etc/neutron/rootwrap.conf privsep-helper --config-file /etc/neutron/neutron.conf --config-file /etc/neutron/dhcp_agent.ini --privsep_context neutron.privileged.namespace_cmd --privsep_sock_path /tmp/tmpqs0qe6fx/privsep.sock
Oct 14 22:22:13.487172 devstack-u2204-93-55 sudo[1214558]: pam_unix(sudo:session): session opened for user root(uid=0) by (uid=1001)
Oct 14 22:22:14.687963 devstack-u2204-93-55 sudo[1214558]: pam_unix(sudo:session): session closed for user root
Oct 14 22:22:16.410340 devstack-u2204-93-55 sudo[1214599]:    stack : PWD=/ ; USER=root ; COMMAND=/opt/stack/data/venv/bin/neutron-rootwrap /etc/neutron/rootwrap.conf privsep-helper --config-file /etc/neutron/neutron.conf --config-file /etc/neutron/dhcp_agent.ini --privsep_context neutron.privileged.link_cmd --privsep_sock_path /tmp/tmpzzx6cgp5/privsep.sock
Oct 14 22:22:16.411809 devstack-u2204-93-55 sudo[1214599]: pam_unix(sudo:session): session opened for user root(uid=0) by (uid=1001)
Oct 14 22:22:17.607810 devstack-u2204-93-55 sudo[1214599]: pam_unix(sudo:session): session closed for user root
Oct 14 22:22:21.106375 devstack-u2204-93-55 sudo[1214719]:    stack : PWD=/ ; USER=root ; COMMAND=/opt/stack/data/venv/bin/neutron-rootwrap-daemon /etc/neutron/rootwrap.conf
Oct 14 22:22:21.107745 devstack-u2204-93-55 sudo[1214719]: pam_unix(sudo:session): session opened for user root(uid=0) by (uid=1001)
Oct 14 22:22:21.560560 devstack-u2204-93-55 dnsmasq[1214731]: started, version 2.90 cachesize 150
Oct 14 22:22:21.560602 devstack-u2204-93-55 dnsmasq[1214731]: DNS service limited to local subnets
Oct 14 22:22:21.560626 devstack-u2204-93-55 dnsmasq[1214731]: compile time options: IPv6 GNU-getopt DBus no-UBus i18n IDN2 DHCP DHCPv6 no-Lua TFTP conntrack ipset no-nftset auth cryptohash DNSSEC loop-detect inotify dumpfile
Oct 14 22:22:21.560679 devstack-u2204-93-55 dnsmasq-dhcp[1214731]: DHCP, static leases only on 10.1.0.0, lease time 1d
Oct 14 22:22:21.560929 devstack-u2204-93-55 dnsmasq[1214731]: reading /etc/resolv.conf
Oct 14 22:22:21.560955 devstack-u2204-93-55 dnsmasq[1214731]: using nameserver 127.0.0.53#53
Oct 14 22:22:21.561080 devstack-u2204-93-55 dnsmasq[1214731]: read /opt/stack/data/neutron/dhcp/664bada5-43a0-4418-87bd-d6c77b7beb29/addn_hosts - 0 names
Oct 14 22:22:21.561157 devstack-u2204-93-55 dnsmasq-dhcp[1214731]: read /opt/stack/data/neutron/dhcp/664bada5-43a0-4418-87bd-d6c77b7beb29/host
Oct 14 22:22:21.561256 devstack-u2204-93-55 dnsmasq-dhcp[1214731]: read /opt/stack/data/neutron/dhcp/664bada5-43a0-4418-87bd-d6c77b7beb29/opts
Oct 14 22:22:23.117734 devstack-u2204-93-55 dnsmasq[1214731]: read /opt/stack/data/neutron/dhcp/664bada5-43a0-4418-87bd-d6c77b7beb29/addn_hosts - 0 names
Oct 14 22:22:23.117954 devstack-u2204-93-55 dnsmasq-dhcp[1214731]: read /opt/stack/data/neutron/dhcp/664bada5-43a0-4418-87bd-d6c77b7beb29/host
Oct 14 22:22:23.118092 devstack-u2204-93-55 dnsmasq-dhcp[1214731]: read /opt/stack/data/neutron/dhcp/664bada5-43a0-4418-87bd-d6c77b7beb29/opts
Oct 14 22:22:29.960663 devstack-u2204-93-55 dnsmasq[1214731]: read /opt/stack/data/neutron/dhcp/664bada5-43a0-4418-87bd-d6c77b7beb29/addn_hosts - 2 names
Oct 14 22:22:29.960782 devstack-u2204-93-55 dnsmasq-dhcp[1214731]: read /opt/stack/data/neutron/dhcp/664bada5-43a0-4418-87bd-d6c77b7beb29/host
Oct 14 22:22:29.960879 devstack-u2204-93-55 dnsmasq-dhcp[1214731]: read /opt/stack/data/neutron/dhcp/664bada5-43a0-4418-87bd-d6c77b7beb29/opts
Oct 14 22:22:31.363808 devstack-u2204-93-55 dnsmasq[1214731]: read /opt/stack/data/neutron/dhcp/664bada5-43a0-4418-87bd-d6c77b7beb29/addn_hosts - 2 names
Oct 14 22:22:31.363930 devstack-u2204-93-55 dnsmasq-dhcp[1214731]: read /opt/stack/data/neutron/dhcp/664bada5-43a0-4418-87bd-d6c77b7beb29/host
Oct 14 22:22:31.364023 devstack-u2204-93-55 dnsmasq-dhcp[1214731]: read /opt/stack/data/neutron/dhcp/664bada5-43a0-4418-87bd-d6c77b7beb29/opts
Oct 14 22:25:22.003575 devstack-u2204-93-55 dnsmasq[1226231]: started, version 2.90 cachesize 150
Oct 14 22:25:22.003608 devstack-u2204-93-55 dnsmasq[1226231]: DNS service limited to local subnets
Oct 14 22:25:22.003622 devstack-u2204-93-55 dnsmasq[1226231]: compile time options: IPv6 GNU-getopt DBus no-UBus i18n IDN2 DHCP DHCPv6 no-Lua TFTP conntrack ipset no-nftset auth cryptohash DNSSEC loop-detect inotify dumpfile
Oct 14 22:25:22.003658 devstack-u2204-93-55 dnsmasq-dhcp[1226231]: DHCP, static leases only on 192.168.233.0, lease time 1d
Oct 14 22:25:22.003811 devstack-u2204-93-55 dnsmasq[1226231]: reading /etc/resolv.conf
Oct 14 22:25:22.003825 devstack-u2204-93-55 dnsmasq[1226231]: using nameserver 127.0.0.53#53
Oct 14 22:25:22.003897 devstack-u2204-93-55 dnsmasq[1226231]: read /opt/stack/data/neutron/dhcp/eafef7c0-b612-426f-b357-b5f5d823dc66/addn_hosts - 0 names
Oct 14 22:25:22.003959 devstack-u2204-93-55 dnsmasq-dhcp[1226231]: read /opt/stack/data/neutron/dhcp/eafef7c0-b612-426f-b357-b5f5d823dc66/host
Oct 14 22:25:22.004020 devstack-u2204-93-55 dnsmasq-dhcp[1226231]: read /opt/stack/data/neutron/dhcp/eafef7c0-b612-426f-b357-b5f5d823dc66/opts
Oct 14 22:25:24.062448 devstack-u2204-93-55 dnsmasq[1226231]: read /opt/stack/data/neutron/dhcp/eafef7c0-b612-426f-b357-b5f5d823dc66/addn_hosts - 0 names
Oct 14 22:25:24.062627 devstack-u2204-93-55 dnsmasq-dhcp[1226231]: read /opt/stack/data/neutron/dhcp/eafef7c0-b612-426f-b357-b5f5d823dc66/host
Oct 14 22:25:24.062747 devstack-u2204-93-55 dnsmasq-dhcp[1226231]: read /opt/stack/data/neutron/dhcp/eafef7c0-b612-426f-b357-b5f5d823dc66/opts
Oct 14 22:27:45.987885 devstack-u2204-93-55 dnsmasq[1230512]: started, version 2.90 cachesize 150
Oct 14 22:27:45.987931 devstack-u2204-93-55 dnsmasq[1230512]: DNS service limited to local subnets
Oct 14 22:27:45.987957 devstack-u2204-93-55 dnsmasq[1230512]: compile time options: IPv6 GNU-getopt DBus no-UBus i18n IDN2 DHCP DHCPv6 no-Lua TFTP conntrack ipset no-nftset auth cryptohash DNSSEC loop-detect inotify dumpfile
Oct 14 22:27:45.988008 devstack-u2204-93-55 dnsmasq-dhcp[1230512]: DHCP, static leases only on 10.1.0.0, lease time 1d
Oct 14 22:27:45.988245 devstack-u2204-93-55 dnsmasq[1230512]: reading /etc/resolv.conf
Oct 14 22:27:45.988273 devstack-u2204-93-55 dnsmasq[1230512]: using nameserver 127.0.0.53#53
Oct 14 22:27:45.988372 devstack-u2204-93-55 dnsmasq[1230512]: read /opt/stack/data/neutron/dhcp/1fa833ec-582b-4fb1-9930-e04bf46012c4/addn_hosts - 0 names
Oct 14 22:27:45.988426 devstack-u2204-93-55 dnsmasq-dhcp[1230512]: read /opt/stack/data/neutron/dhcp/1fa833ec-582b-4fb1-9930-e04bf46012c4/host
Oct 14 22:27:45.988485 devstack-u2204-93-55 dnsmasq-dhcp[1230512]: read /opt/stack/data/neutron/dhcp/1fa833ec-582b-4fb1-9930-e04bf46012c4/opts
Oct 14 22:27:49.081388 devstack-u2204-93-55 dnsmasq[1230788]: started, version 2.90 cachesize 150
Oct 14 22:27:49.081421 devstack-u2204-93-55 dnsmasq[1230788]: DNS service limited to local subnets
Oct 14 22:27:49.081433 devstack-u2204-93-55 dnsmasq[1230788]: compile time options: IPv6 GNU-getopt DBus no-UBus i18n IDN2 DHCP DHCPv6 no-Lua TFTP conntrack ipset no-nftset auth cryptohash DNSSEC loop-detect inotify dumpfile
Oct 14 22:27:49.081462 devstack-u2204-93-55 dnsmasq-dhcp[1230788]: DHCP, static leases only on 10.1.0.0, lease time 1d
Oct 14 22:27:49.081622 devstack-u2204-93-55 dnsmasq[1230788]: reading /etc/resolv.conf
Oct 14 22:27:49.081638 devstack-u2204-93-55 dnsmasq[1230788]: using nameserver 127.0.0.53#53
Oct 14 22:27:49.081768 devstack-u2204-93-55 dnsmasq[1230788]: read /opt/stack/data/neutron/dhcp/515cd438-425c-454e-8a58-353fb78121ce/addn_hosts - 2 names
Oct 14 22:27:49.081839 devstack-u2204-93-55 dnsmasq-dhcp[1230788]: read /opt/stack/data/neutron/dhcp/515cd438-425c-454e-8a58-353fb78121ce/host
Oct 14 22:27:49.081913 devstack-u2204-93-55 dnsmasq-dhcp[1230788]: read /opt/stack/data/neutron/dhcp/515cd438-425c-454e-8a58-353fb78121ce/opts
Oct 14 22:27:54.090916 devstack-u2204-93-55 dnsmasq[1231104]: started, version 2.90 cachesize 150
Oct 14 22:27:54.090938 devstack-u2204-93-55 dnsmasq[1231104]: DNS service limited to local subnets
Oct 14 22:27:54.090950 devstack-u2204-93-55 dnsmasq[1231104]: compile time options: IPv6 GNU-getopt DBus no-UBus i18n IDN2 DHCP DHCPv6 no-Lua TFTP conntrack ipset no-nftset auth cryptohash DNSSEC loop-detect inotify dumpfile
Oct 14 22:27:54.090984 devstack-u2204-93-55 dnsmasq-dhcp[1231104]: DHCP, static leases only on 10.1.0.0, lease time 1d
Oct 14 22:27:54.091106 devstack-u2204-93-55 dnsmasq[1231104]: reading /etc/resolv.conf
Oct 14 22:27:54.091118 devstack-u2204-93-55 dnsmasq[1231104]: using nameserver 127.0.0.53#53
Oct 14 22:27:54.091202 devstack-u2204-93-55 dnsmasq[1231104]: read /opt/stack/data/neutron/dhcp/086d9e4c-6dcc-46e7-9c23-88696114959f/addn_hosts - 2 names
Oct 14 22:27:54.091242 devstack-u2204-93-55 dnsmasq-dhcp[1231104]: read /opt/stack/data/neutron/dhcp/086d9e4c-6dcc-46e7-9c23-88696114959f/host
Oct 14 22:27:54.091285 devstack-u2204-93-55 dnsmasq-dhcp[1231104]: read /opt/stack/data/neutron/dhcp/086d9e4c-6dcc-46e7-9c23-88696114959f/opts
Oct 14 22:27:55.146204 devstack-u2204-93-55 dnsmasq[1230512]: read /opt/stack/data/neutron/dhcp/1fa833ec-582b-4fb1-9930-e04bf46012c4/addn_hosts - 2 names
Oct 14 22:27:55.146293 devstack-u2204-93-55 dnsmasq-dhcp[1230512]: read /opt/stack/data/neutron/dhcp/1fa833ec-582b-4fb1-9930-e04bf46012c4/host
Oct 14 22:27:55.146375 devstack-u2204-93-55 dnsmasq-dhcp[1230512]: read /opt/stack/data/neutron/dhcp/1fa833ec-582b-4fb1-9930-e04bf46012c4/opts
Oct 14 22:27:58.929146 devstack-u2204-93-55 dnsmasq[1231482]: started, version 2.90 cachesize 150
Oct 14 22:27:58.929167 devstack-u2204-93-55 dnsmasq[1231482]: DNS service limited to local subnets
Oct 14 22:27:58.929177 devstack-u2204-93-55 dnsmasq[1231482]: compile time options: IPv6 GNU-getopt DBus no-UBus i18n IDN2 DHCP DHCPv6 no-Lua TFTP conntrack ipset no-nftset auth cryptohash DNSSEC loop-detect inotify dumpfile
Oct 14 22:27:58.929207 devstack-u2204-93-55 dnsmasq-dhcp[1231482]: DHCP, static leases only on 10.1.0.0, lease time 1d
Oct 14 22:27:58.929315 devstack-u2204-93-55 dnsmasq[1231482]: reading /etc/resolv.conf
Oct 14 22:27:58.929326 devstack-u2204-93-55 dnsmasq[1231482]: using nameserver 127.0.0.53#53
Oct 14 22:27:58.929415 devstack-u2204-93-55 dnsmasq[1231482]: read /opt/stack/data/neutron/dhcp/fe4c7375-44ff-456d-be3f-6f1a308d1834/addn_hosts - 2 names
Oct 14 22:27:58.929452 devstack-u2204-93-55 dnsmasq-dhcp[1231482]: read /opt/stack/data/neutron/dhcp/fe4c7375-44ff-456d-be3f-6f1a308d1834/host
Oct 14 22:27:58.929492 devstack-u2204-93-55 dnsmasq-dhcp[1231482]: read /opt/stack/data/neutron/dhcp/fe4c7375-44ff-456d-be3f-6f1a308d1834/opts
Oct 14 22:27:59.457970 devstack-u2204-93-55 sudo[1231513]:    stack : PWD=/ ; USER=root ; COMMAND=/opt/stack/data/venv/bin/neutron-rootwrap /etc/neutron/rootwrap.conf privsep-helper --config-file /etc/neutron/neutron.conf --config-file /etc/neutron/dhcp_agent.ini --privsep_context neutron.privileged.dhcp_release_cmd --privsep_sock_path /tmp/tmpj3eikyse/privsep.sock
Oct 14 22:27:59.458860 devstack-u2204-93-55 sudo[1231513]: pam_unix(sudo:session): session opened for user root(uid=0) by (uid=1001)
Oct 14 22:28:00.643113 devstack-u2204-93-55 sudo[1231513]: pam_unix(sudo:session): session closed for user root
Oct 14 22:28:00.972341 devstack-u2204-93-55 dnsmasq-dhcp[1230788]: DHCPRELEASE(tap5ce664c2-1d) 10.1.0.1 fa:16:3e:f9:9f:51
Oct 14 22:28:01.808708 devstack-u2204-93-55 dnsmasq[1230788]: read /opt/stack/data/neutron/dhcp/515cd438-425c-454e-8a58-353fb78121ce/addn_hosts - 0 names
Oct 14 22:28:01.808817 devstack-u2204-93-55 dnsmasq-dhcp[1230788]: read /opt/stack/data/neutron/dhcp/515cd438-425c-454e-8a58-353fb78121ce/host
Oct 14 22:28:01.808895 devstack-u2204-93-55 dnsmasq-dhcp[1230788]: read /opt/stack/data/neutron/dhcp/515cd438-425c-454e-8a58-353fb78121ce/opts
Oct 14 22:28:05.251255 devstack-u2204-93-55 dnsmasq[1231898]: started, version 2.90 cachesize 150
Oct 14 22:28:05.251298 devstack-u2204-93-55 dnsmasq[1231898]: DNS service limited to local subnets
Oct 14 22:28:05.251321 devstack-u2204-93-55 dnsmasq[1231898]: compile time options: IPv6 GNU-getopt DBus no-UBus i18n IDN2 DHCP DHCPv6 no-Lua TFTP conntrack ipset no-nftset auth cryptohash DNSSEC loop-detect inotify dumpfile
Oct 14 22:28:05.251382 devstack-u2204-93-55 dnsmasq-dhcp[1231898]: DHCP, static leases only on 10.1.0.0, lease time 1d
Oct 14 22:28:05.251677 devstack-u2204-93-55 dnsmasq[1231898]: reading /etc/resolv.conf
Oct 14 22:28:05.251703 devstack-u2204-93-55 dnsmasq[1231898]: using nameserver 127.0.0.53#53
Oct 14 22:28:05.251872 devstack-u2204-93-55 dnsmasq[1231898]: read /opt/stack/data/neutron/dhcp/a0c3c8ff-b4ef-4b66-b505-93f23a28c76c/addn_hosts - 2 names
Oct 14 22:28:05.251969 devstack-u2204-93-55 dnsmasq-dhcp[1231898]: read /opt/stack/data/neutron/dhcp/a0c3c8ff-b4ef-4b66-b505-93f23a28c76c/host
Oct 14 22:28:05.252061 devstack-u2204-93-55 dnsmasq-dhcp[1231898]: read /opt/stack/data/neutron/dhcp/a0c3c8ff-b4ef-4b66-b505-93f23a28c76c/opts
Oct 14 22:28:09.353031 devstack-u2204-93-55 dnsmasq[1232197]: started, version 2.90 cachesize 150
Oct 14 22:28:09.353097 devstack-u2204-93-55 dnsmasq[1232197]: DNS service limited to local subnets
Oct 14 22:28:09.353123 devstack-u2204-93-55 dnsmasq[1232197]: compile time options: IPv6 GNU-getopt DBus no-UBus i18n IDN2 DHCP DHCPv6 no-Lua TFTP conntrack ipset no-nftset auth cryptohash DNSSEC loop-detect inotify dumpfile
Oct 14 22:28:09.353185 devstack-u2204-93-55 dnsmasq-dhcp[1232197]: DHCP, static leases only on 10.1.0.0, lease time 1d
Oct 14 22:28:09.353462 devstack-u2204-93-55 dnsmasq[1232197]: reading /etc/resolv.conf
Oct 14 22:28:09.353488 devstack-u2204-93-55 dnsmasq[1232197]: using nameserver 127.0.0.53#53
Oct 14 22:28:09.353640 devstack-u2204-93-55 dnsmasq[1232197]: read /opt/stack/data/neutron/dhcp/a0955c23-9c63-422c-bc79-7f40400beec3/addn_hosts - 0 names
Oct 14 22:28:09.353715 devstack-u2204-93-55 dnsmasq-dhcp[1232197]: read /opt/stack/data/neutron/dhcp/a0955c23-9c63-422c-bc79-7f40400beec3/host
Oct 14 22:28:09.353804 devstack-u2204-93-55 dnsmasq-dhcp[1232197]: read /opt/stack/data/neutron/dhcp/a0955c23-9c63-422c-bc79-7f40400beec3/opts
Oct 14 22:28:10.410880 devstack-u2204-93-55 dnsmasq[1230512]: read /opt/stack/data/neutron/dhcp/1fa833ec-582b-4fb1-9930-e04bf46012c4/addn_hosts - 2 names
Oct 14 22:28:10.410993 devstack-u2204-93-55 dnsmasq-dhcp[1230512]: read /opt/stack/data/neutron/dhcp/1fa833ec-582b-4fb1-9930-e04bf46012c4/host
Oct 14 22:28:10.411063 devstack-u2204-93-55 dnsmasq-dhcp[1230512]: read /opt/stack/data/neutron/dhcp/1fa833ec-582b-4fb1-9930-e04bf46012c4/opts
Oct 14 22:28:11.939740 devstack-u2204-93-55 dnsmasq[1230788]: read /opt/stack/data/neutron/dhcp/515cd438-425c-454e-8a58-353fb78121ce/addn_hosts - 2 names
Oct 14 22:28:11.939853 devstack-u2204-93-55 dnsmasq-dhcp[1230788]: read /opt/stack/data/neutron/dhcp/515cd438-425c-454e-8a58-353fb78121ce/host
Oct 14 22:28:11.939945 devstack-u2204-93-55 dnsmasq-dhcp[1230788]: read /opt/stack/data/neutron/dhcp/515cd438-425c-454e-8a58-353fb78121ce/opts
Oct 14 22:28:14.850467 devstack-u2204-93-55 dnsmasq[1231104]: read /opt/stack/data/neutron/dhcp/086d9e4c-6dcc-46e7-9c23-88696114959f/addn_hosts - 2 names
Oct 14 22:28:14.850671 devstack-u2204-93-55 dnsmasq-dhcp[1231104]: read /opt/stack/data/neutron/dhcp/086d9e4c-6dcc-46e7-9c23-88696114959f/host
Oct 14 22:28:14.850794 devstack-u2204-93-55 dnsmasq-dhcp[1231104]: read /opt/stack/data/neutron/dhcp/086d9e4c-6dcc-46e7-9c23-88696114959f/opts
Oct 14 22:28:15.723019 devstack-u2204-93-55 dnsmasq[1230512]: read /opt/stack/data/neutron/dhcp/1fa833ec-582b-4fb1-9930-e04bf46012c4/addn_hosts - 2 names
Oct 14 22:28:15.723113 devstack-u2204-93-55 dnsmasq-dhcp[1230512]: read /opt/stack/data/neutron/dhcp/1fa833ec-582b-4fb1-9930-e04bf46012c4/host
Oct 14 22:28:15.723204 devstack-u2204-93-55 dnsmasq-dhcp[1230512]: read /opt/stack/data/neutron/dhcp/1fa833ec-582b-4fb1-9930-e04bf46012c4/opts
Oct 14 22:28:16.559485 devstack-u2204-93-55 dnsmasq[1231482]: read /opt/stack/data/neutron/dhcp/fe4c7375-44ff-456d-be3f-6f1a308d1834/addn_hosts - 2 names
Oct 14 22:28:16.559583 devstack-u2204-93-55 dnsmasq-dhcp[1231482]: read /opt/stack/data/neutron/dhcp/fe4c7375-44ff-456d-be3f-6f1a308d1834/host
Oct 14 22:28:16.559647 devstack-u2204-93-55 dnsmasq-dhcp[1231482]: read /opt/stack/data/neutron/dhcp/fe4c7375-44ff-456d-be3f-6f1a308d1834/opts
Oct 14 22:28:17.389349 devstack-u2204-93-55 dnsmasq[1230788]: read /opt/stack/data/neutron/dhcp/515cd438-425c-454e-8a58-353fb78121ce/addn_hosts - 2 names
Oct 14 22:28:17.389535 devstack-u2204-93-55 dnsmasq-dhcp[1230788]: read /opt/stack/data/neutron/dhcp/515cd438-425c-454e-8a58-353fb78121ce/host
Oct 14 22:28:17.389637 devstack-u2204-93-55 dnsmasq-dhcp[1230788]: read /opt/stack/data/neutron/dhcp/515cd438-425c-454e-8a58-353fb78121ce/opts
Oct 14 22:28:18.209021 devstack-u2204-93-55 dnsmasq[1231898]: read /opt/stack/data/neutron/dhcp/a0c3c8ff-b4ef-4b66-b505-93f23a28c76c/addn_hosts - 2 names
Oct 14 22:28:18.210113 devstack-u2204-93-55 dnsmasq-dhcp[1231898]: read /opt/stack/data/neutron/dhcp/a0c3c8ff-b4ef-4b66-b505-93f23a28c76c/host
Oct 14 22:28:18.210980 devstack-u2204-93-55 dnsmasq-dhcp[1231898]: read /opt/stack/data/neutron/dhcp/a0c3c8ff-b4ef-4b66-b505-93f23a28c76c/opts
Oct 14 22:28:20.040783 devstack-u2204-93-55 dnsmasq[1231104]: read /opt/stack/data/neutron/dhcp/086d9e4c-6dcc-46e7-9c23-88696114959f/addn_hosts - 2 names
Oct 14 22:28:20.040893 devstack-u2204-93-55 dnsmasq-dhcp[1231104]: read /opt/stack/data/neutron/dhcp/086d9e4c-6dcc-46e7-9c23-88696114959f/host
Oct 14 22:28:20.040985 devstack-u2204-93-55 dnsmasq-dhcp[1231104]: read /opt/stack/data/neutron/dhcp/086d9e4c-6dcc-46e7-9c23-88696114959f/opts
Oct 14 22:28:23.374779 devstack-u2204-93-55 dnsmasq[1232774]: started, version 2.90 cachesize 150
Oct 14 22:28:23.375419 devstack-u2204-93-55 dnsmasq[1232774]: DNS service limited to local subnets
Oct 14 22:28:23.375436 devstack-u2204-93-55 dnsmasq[1232774]: compile time options: IPv6 GNU-getopt DBus no-UBus i18n IDN2 DHCP DHCPv6 no-Lua TFTP conntrack ipset no-nftset auth cryptohash DNSSEC loop-detect inotify dumpfile
Oct 14 22:28:23.375474 devstack-u2204-93-55 dnsmasq-dhcp[1232774]: DHCP, static leases only on 10.1.0.0, lease time 1d
Oct 14 22:28:23.375641 devstack-u2204-93-55 dnsmasq[1232774]: reading /etc/resolv.conf
Oct 14 22:28:23.375657 devstack-u2204-93-55 dnsmasq[1232774]: using nameserver 127.0.0.53#53
Oct 14 22:28:23.376535 devstack-u2204-93-55 dnsmasq[1232774]: read /opt/stack/data/neutron/dhcp/6c26689d-2d58-4eb0-8f45-829027cdec44/addn_hosts - 2 names
Oct 14 22:28:23.376595 devstack-u2204-93-55 dnsmasq-dhcp[1232774]: read /opt/stack/data/neutron/dhcp/6c26689d-2d58-4eb0-8f45-829027cdec44/host
Oct 14 22:28:23.376665 devstack-u2204-93-55 dnsmasq-dhcp[1232774]: read /opt/stack/data/neutron/dhcp/6c26689d-2d58-4eb0-8f45-829027cdec44/opts
Oct 14 22:28:23.911119 devstack-u2204-93-55 dnsmasq[1231482]: read /opt/stack/data/neutron/dhcp/fe4c7375-44ff-456d-be3f-6f1a308d1834/addn_hosts - 2 names
Oct 14 22:28:23.911209 devstack-u2204-93-55 dnsmasq-dhcp[1231482]: read /opt/stack/data/neutron/dhcp/fe4c7375-44ff-456d-be3f-6f1a308d1834/host
Oct 14 22:28:23.911289 devstack-u2204-93-55 dnsmasq-dhcp[1231482]: read /opt/stack/data/neutron/dhcp/fe4c7375-44ff-456d-be3f-6f1a308d1834/opts
Oct 14 22:28:27.760036 devstack-u2204-93-55 dnsmasq[1233138]: started, version 2.90 cachesize 150
Oct 14 22:28:27.760083 devstack-u2204-93-55 dnsmasq[1233138]: DNS service limited to local subnets
Oct 14 22:28:27.760108 devstack-u2204-93-55 dnsmasq[1233138]: compile time options: IPv6 GNU-getopt DBus no-UBus i18n IDN2 DHCP DHCPv6 no-Lua TFTP conntrack ipset no-nftset auth cryptohash DNSSEC loop-detect inotify dumpfile
Oct 14 22:28:27.760172 devstack-u2204-93-55 dnsmasq-dhcp[1233138]: DHCP, static leases only on 10.1.0.0, lease time 1d
Oct 14 22:28:27.760443 devstack-u2204-93-55 dnsmasq[1233138]: reading /etc/resolv.conf
Oct 14 22:28:27.760470 devstack-u2204-93-55 dnsmasq[1233138]: using nameserver 127.0.0.53#53
Oct 14 22:28:27.760652 devstack-u2204-93-55 dnsmasq[1233138]: read /opt/stack/data/neutron/dhcp/e154dfab-239c-4984-9a86-98a844d0d3b1/addn_hosts - 2 names
Oct 14 22:28:27.760731 devstack-u2204-93-55 dnsmasq-dhcp[1233138]: read /opt/stack/data/neutron/dhcp/e154dfab-239c-4984-9a86-98a844d0d3b1/host
Oct 14 22:28:27.760816 devstack-u2204-93-55 dnsmasq-dhcp[1233138]: read /opt/stack/data/neutron/dhcp/e154dfab-239c-4984-9a86-98a844d0d3b1/opts
Oct 14 22:28:28.305547 devstack-u2204-93-55 dnsmasq[1231898]: read /opt/stack/data/neutron/dhcp/a0c3c8ff-b4ef-4b66-b505-93f23a28c76c/addn_hosts - 2 names
Oct 14 22:28:28.305714 devstack-u2204-93-55 dnsmasq-dhcp[1231898]: read /opt/stack/data/neutron/dhcp/a0c3c8ff-b4ef-4b66-b505-93f23a28c76c/host
Oct 14 22:28:28.305866 devstack-u2204-93-55 dnsmasq-dhcp[1231898]: read /opt/stack/data/neutron/dhcp/a0c3c8ff-b4ef-4b66-b505-93f23a28c76c/opts
Oct 14 22:28:33.410543 devstack-u2204-93-55 dnsmasq[1233381]: started, version 2.90 cachesize 150
Oct 14 22:28:33.410584 devstack-u2204-93-55 dnsmasq[1233381]: DNS service limited to local subnets
Oct 14 22:28:33.410609 devstack-u2204-93-55 dnsmasq[1233381]: compile time options: IPv6 GNU-getopt DBus no-UBus i18n IDN2 DHCP DHCPv6 no-Lua TFTP conntrack ipset no-nftset auth cryptohash DNSSEC loop-detect inotify dumpfile
Oct 14 22:28:33.410662 devstack-u2204-93-55 dnsmasq-dhcp[1233381]: DHCP, static leases only on 10.1.0.0, lease time 1d
Oct 14 22:28:33.410900 devstack-u2204-93-55 dnsmasq[1233381]: reading /etc/resolv.conf
Oct 14 22:28:33.410925 devstack-u2204-93-55 dnsmasq[1233381]: using nameserver 127.0.0.53#53
Oct 14 22:28:33.411087 devstack-u2204-93-55 dnsmasq[1233381]: read /opt/stack/data/neutron/dhcp/62cc6de6-cb28-49ee-8076-13cbffe4a8a4/addn_hosts - 2 names
Oct 14 22:28:33.411166 devstack-u2204-93-55 dnsmasq-dhcp[1233381]: read /opt/stack/data/neutron/dhcp/62cc6de6-cb28-49ee-8076-13cbffe4a8a4/host
Oct 14 22:28:33.411284 devstack-u2204-93-55 dnsmasq-dhcp[1233381]: read /opt/stack/data/neutron/dhcp/62cc6de6-cb28-49ee-8076-13cbffe4a8a4/opts
Oct 14 22:28:33.955303 devstack-u2204-93-55 dnsmasq[1230788]: exiting on receipt of SIGTERM
Oct 14 22:28:34.554034 devstack-u2204-93-55 dnsmasq[1231104]: exiting on receipt of SIGTERM
Oct 14 22:28:35.141961 devstack-u2204-93-55 dnsmasq[1230512]: exiting on receipt of SIGTERM
Oct 14 22:28:35.727874 devstack-u2204-93-55 dnsmasq[1231482]: exiting on receipt of SIGTERM
Oct 14 22:28:36.820363 devstack-u2204-93-55 dnsmasq[1231898]: exiting on receipt of SIGTERM
Oct 14 22:28:37.418177 devstack-u2204-93-55 dnsmasq[1232197]: exiting on receipt of SIGTERM
Oct 14 22:28:41.257411 devstack-u2204-93-55 dnsmasq[1233581]: started, version 2.90 cachesize 150
Oct 14 22:28:41.258087 devstack-u2204-93-55 dnsmasq[1233581]: DNS service limited to local subnets
Oct 14 22:28:41.258125 devstack-u2204-93-55 dnsmasq[1233581]: compile time options: IPv6 GNU-getopt DBus no-UBus i18n IDN2 DHCP DHCPv6 no-Lua TFTP conntrack ipset no-nftset auth cryptohash DNSSEC loop-detect inotify dumpfile
Oct 14 22:28:41.258208 devstack-u2204-93-55 dnsmasq-dhcp[1233581]: DHCP, static leases only on 10.1.0.0, lease time 1d
Oct 14 22:28:41.258597 devstack-u2204-93-55 dnsmasq[1233581]: reading /etc/resolv.conf
Oct 14 22:28:41.258637 devstack-u2204-93-55 dnsmasq[1233581]: using nameserver 127.0.0.53#53
Oct 14 22:28:41.258887 devstack-u2204-93-55 dnsmasq[1233581]: read /opt/stack/data/neutron/dhcp/acf10d67-b2f1-4a35-9837-289c1c88d367/addn_hosts - 2 names
Oct 14 22:28:41.259009 devstack-u2204-93-55 dnsmasq-dhcp[1233581]: read /opt/stack/data/neutron/dhcp/acf10d67-b2f1-4a35-9837-289c1c88d367/host
Oct 14 22:28:41.259132 devstack-u2204-93-55 dnsmasq-dhcp[1233581]: read /opt/stack/data/neutron/dhcp/acf10d67-b2f1-4a35-9837-289c1c88d367/opts
Oct 14 22:28:41.296392 devstack-u2204-93-55 dnsmasq[1232774]: exiting on receipt of SIGTERM
Oct 14 22:28:47.099349 devstack-u2204-93-55 dnsmasq[1233879]: started, version 2.90 cachesize 150
Oct 14 22:28:47.099399 devstack-u2204-93-55 dnsmasq[1233879]: DNS service limited to local subnets
Oct 14 22:28:47.099428 devstack-u2204-93-55 dnsmasq[1233879]: compile time options: IPv6 GNU-getopt DBus no-UBus i18n IDN2 DHCP DHCPv6 no-Lua TFTP conntrack ipset no-nftset auth cryptohash DNSSEC loop-detect inotify dumpfile
Oct 14 22:28:47.099480 devstack-u2204-93-55 dnsmasq-dhcp[1233879]: DHCP, static leases only on 10.1.0.0, lease time 1d
Oct 14 22:28:47.099796 devstack-u2204-93-55 dnsmasq[1233879]: reading /etc/resolv.conf
Oct 14 22:28:47.099817 devstack-u2204-93-55 dnsmasq[1233879]: using nameserver 127.0.0.53#53
Oct 14 22:28:47.099992 devstack-u2204-93-55 dnsmasq[1233879]: read /opt/stack/data/neutron/dhcp/8e52247a-4676-4299-840c-525c5d4e2074/addn_hosts - 2 names
Oct 14 22:28:47.100083 devstack-u2204-93-55 dnsmasq-dhcp[1233879]: read /opt/stack/data/neutron/dhcp/8e52247a-4676-4299-840c-525c5d4e2074/host
Oct 14 22:28:47.100181 devstack-u2204-93-55 dnsmasq-dhcp[1233879]: read /opt/stack/data/neutron/dhcp/8e52247a-4676-4299-840c-525c5d4e2074/opts
Oct 14 22:28:48.164685 devstack-u2204-93-55 dnsmasq[1233138]: read /opt/stack/data/neutron/dhcp/e154dfab-239c-4984-9a86-98a844d0d3b1/addn_hosts - 4 names
Oct 14 22:28:48.164824 devstack-u2204-93-55 dnsmasq-dhcp[1233138]: read /opt/stack/data/neutron/dhcp/e154dfab-239c-4984-9a86-98a844d0d3b1/host
Oct 14 22:28:48.164914 devstack-u2204-93-55 dnsmasq-dhcp[1233138]: read /opt/stack/data/neutron/dhcp/e154dfab-239c-4984-9a86-98a844d0d3b1/opts
Oct 14 22:28:52.063401 devstack-u2204-93-55 dnsmasq[1233381]: read /opt/stack/data/neutron/dhcp/62cc6de6-cb28-49ee-8076-13cbffe4a8a4/addn_hosts - 2 names
Oct 14 22:28:52.063563 devstack-u2204-93-55 dnsmasq-dhcp[1233381]: read /opt/stack/data/neutron/dhcp/62cc6de6-cb28-49ee-8076-13cbffe4a8a4/host
Oct 14 22:28:52.063686 devstack-u2204-93-55 dnsmasq-dhcp[1233381]: read /opt/stack/data/neutron/dhcp/62cc6de6-cb28-49ee-8076-13cbffe4a8a4/opts
Oct 14 22:28:53.947443 devstack-u2204-93-55 dnsmasq[1233581]: read /opt/stack/data/neutron/dhcp/acf10d67-b2f1-4a35-9837-289c1c88d367/addn_hosts - 4 names
Oct 14 22:28:53.947550 devstack-u2204-93-55 dnsmasq-dhcp[1233581]: read /opt/stack/data/neutron/dhcp/acf10d67-b2f1-4a35-9837-289c1c88d367/host
Oct 14 22:28:53.947596 devstack-u2204-93-55 dnsmasq-dhcp[1233581]: read /opt/stack/data/neutron/dhcp/acf10d67-b2f1-4a35-9837-289c1c88d367/opts
Oct 14 22:28:55.310775 devstack-u2204-93-55 dnsmasq[1233879]: read /opt/stack/data/neutron/dhcp/8e52247a-4676-4299-840c-525c5d4e2074/addn_hosts - 2 names
Oct 14 22:28:55.310902 devstack-u2204-93-55 dnsmasq-dhcp[1233879]: read /opt/stack/data/neutron/dhcp/8e52247a-4676-4299-840c-525c5d4e2074/host
Oct 14 22:28:55.310995 devstack-u2204-93-55 dnsmasq-dhcp[1233879]: read /opt/stack/data/neutron/dhcp/8e52247a-4676-4299-840c-525c5d4e2074/opts
Oct 14 22:28:57.235700 devstack-u2204-93-55 dnsmasq[1233138]: read /opt/stack/data/neutron/dhcp/e154dfab-239c-4984-9a86-98a844d0d3b1/addn_hosts - 4 names
Oct 14 22:28:57.235793 devstack-u2204-93-55 dnsmasq-dhcp[1233138]: read /opt/stack/data/neutron/dhcp/e154dfab-239c-4984-9a86-98a844d0d3b1/host
Oct 14 22:28:57.235855 devstack-u2204-93-55 dnsmasq-dhcp[1233138]: read /opt/stack/data/neutron/dhcp/e154dfab-239c-4984-9a86-98a844d0d3b1/opts
Oct 14 22:28:58.139435 devstack-u2204-93-55 dnsmasq[1233381]: read /opt/stack/data/neutron/dhcp/62cc6de6-cb28-49ee-8076-13cbffe4a8a4/addn_hosts - 2 names
Oct 14 22:28:58.139638 devstack-u2204-93-55 dnsmasq-dhcp[1233381]: read /opt/stack/data/neutron/dhcp/62cc6de6-cb28-49ee-8076-13cbffe4a8a4/host
Oct 14 22:28:58.139736 devstack-u2204-93-55 dnsmasq-dhcp[1233381]: read /opt/stack/data/neutron/dhcp/62cc6de6-cb28-49ee-8076-13cbffe4a8a4/opts
Oct 14 22:28:59.024896 devstack-u2204-93-55 dnsmasq[1233581]: read /opt/stack/data/neutron/dhcp/acf10d67-b2f1-4a35-9837-289c1c88d367/addn_hosts - 4 names
Oct 14 22:28:59.025185 devstack-u2204-93-55 dnsmasq-dhcp[1233581]: read /opt/stack/data/neutron/dhcp/acf10d67-b2f1-4a35-9837-289c1c88d367/host
Oct 14 22:28:59.025292 devstack-u2204-93-55 dnsmasq-dhcp[1233581]: read /opt/stack/data/neutron/dhcp/acf10d67-b2f1-4a35-9837-289c1c88d367/opts
Oct 14 22:29:00.419645 devstack-u2204-93-55 dnsmasq[1233138]: read /opt/stack/data/neutron/dhcp/e154dfab-239c-4984-9a86-98a844d0d3b1/addn_hosts - 4 names
Oct 14 22:29:00.419769 devstack-u2204-93-55 dnsmasq-dhcp[1233138]: read /opt/stack/data/neutron/dhcp/e154dfab-239c-4984-9a86-98a844d0d3b1/host
Oct 14 22:29:00.419869 devstack-u2204-93-55 dnsmasq-dhcp[1233138]: read /opt/stack/data/neutron/dhcp/e154dfab-239c-4984-9a86-98a844d0d3b1/opts
Oct 14 22:29:01.309725 devstack-u2204-93-55 dnsmasq[1233879]: read /opt/stack/data/neutron/dhcp/8e52247a-4676-4299-840c-525c5d4e2074/addn_hosts - 2 names
Oct 14 22:29:01.309881 devstack-u2204-93-55 dnsmasq-dhcp[1233879]: read /opt/stack/data/neutron/dhcp/8e52247a-4676-4299-840c-525c5d4e2074/host
Oct 14 22:29:01.310002 devstack-u2204-93-55 dnsmasq-dhcp[1233879]: read /opt/stack/data/neutron/dhcp/8e52247a-4676-4299-840c-525c5d4e2074/opts
Oct 14 22:29:02.200356 devstack-u2204-93-55 dnsmasq[1233581]: read /opt/stack/data/neutron/dhcp/acf10d67-b2f1-4a35-9837-289c1c88d367/addn_hosts - 4 names
Oct 14 22:29:02.200481 devstack-u2204-93-55 dnsmasq-dhcp[1233581]: read /opt/stack/data/neutron/dhcp/acf10d67-b2f1-4a35-9837-289c1c88d367/host
Oct 14 22:29:02.200654 devstack-u2204-93-55 dnsmasq-dhcp[1233581]: read /opt/stack/data/neutron/dhcp/acf10d67-b2f1-4a35-9837-289c1c88d367/opts
Oct 14 22:29:03.569359 devstack-u2204-93-55 dnsmasq[1233138]: read /opt/stack/data/neutron/dhcp/e154dfab-239c-4984-9a86-98a844d0d3b1/addn_hosts - 4 names
Oct 14 22:29:03.569474 devstack-u2204-93-55 dnsmasq-dhcp[1233138]: read /opt/stack/data/neutron/dhcp/e154dfab-239c-4984-9a86-98a844d0d3b1/host
Oct 14 22:29:03.569619 devstack-u2204-93-55 dnsmasq-dhcp[1233138]: read /opt/stack/data/neutron/dhcp/e154dfab-239c-4984-9a86-98a844d0d3b1/opts
Oct 14 22:29:04.991529 devstack-u2204-93-55 dnsmasq[1233381]: read /opt/stack/data/neutron/dhcp/62cc6de6-cb28-49ee-8076-13cbffe4a8a4/addn_hosts - 2 names
Oct 14 22:29:04.991617 devstack-u2204-93-55 dnsmasq-dhcp[1233381]: read /opt/stack/data/neutron/dhcp/62cc6de6-cb28-49ee-8076-13cbffe4a8a4/host
Oct 14 22:29:04.991692 devstack-u2204-93-55 dnsmasq-dhcp[1233381]: read /opt/stack/data/neutron/dhcp/62cc6de6-cb28-49ee-8076-13cbffe4a8a4/opts
Oct 14 22:29:05.824709 devstack-u2204-93-55 dnsmasq[1233581]: read /opt/stack/data/neutron/dhcp/acf10d67-b2f1-4a35-9837-289c1c88d367/addn_hosts - 4 names
Oct 14 22:29:05.825081 devstack-u2204-93-55 dnsmasq-dhcp[1233581]: read /opt/stack/data/neutron/dhcp/acf10d67-b2f1-4a35-9837-289c1c88d367/host
Oct 14 22:29:05.825219 devstack-u2204-93-55 dnsmasq-dhcp[1233581]: read /opt/stack/data/neutron/dhcp/acf10d67-b2f1-4a35-9837-289c1c88d367/opts
Oct 14 22:29:06.702450 devstack-u2204-93-55 dnsmasq[1233879]: read /opt/stack/data/neutron/dhcp/8e52247a-4676-4299-840c-525c5d4e2074/addn_hosts - 2 names
Oct 14 22:29:06.702664 devstack-u2204-93-55 dnsmasq-dhcp[1233879]: read /opt/stack/data/neutron/dhcp/8e52247a-4676-4299-840c-525c5d4e2074/host
Oct 14 22:29:06.702796 devstack-u2204-93-55 dnsmasq-dhcp[1233879]: read /opt/stack/data/neutron/dhcp/8e52247a-4676-4299-840c-525c5d4e2074/opts
Oct 14 22:29:08.098458 devstack-u2204-93-55 dnsmasq[1233138]: read /opt/stack/data/neutron/dhcp/e154dfab-239c-4984-9a86-98a844d0d3b1/addn_hosts - 2 names
Oct 14 22:29:08.099188 devstack-u2204-93-55 dnsmasq-dhcp[1233138]: read /opt/stack/data/neutron/dhcp/e154dfab-239c-4984-9a86-98a844d0d3b1/host
Oct 14 22:29:08.099283 devstack-u2204-93-55 dnsmasq-dhcp[1233138]: read /opt/stack/data/neutron/dhcp/e154dfab-239c-4984-9a86-98a844d0d3b1/opts
Oct 14 22:29:13.019067 devstack-u2204-93-55 dnsmasq[1233138]: read /opt/stack/data/neutron/dhcp/e154dfab-239c-4984-9a86-98a844d0d3b1/addn_hosts - 4 names
Oct 14 22:29:13.019152 devstack-u2204-93-55 dnsmasq-dhcp[1233138]: read /opt/stack/data/neutron/dhcp/e154dfab-239c-4984-9a86-98a844d0d3b1/host
Oct 14 22:29:13.019211 devstack-u2204-93-55 dnsmasq-dhcp[1233138]: read /opt/stack/data/neutron/dhcp/e154dfab-239c-4984-9a86-98a844d0d3b1/opts
Oct 14 22:29:29.324938 devstack-u2204-93-55 dnsmasq-dhcp[1233581]: DHCPDISCOVER(tap20e5e5a1-0b) fa:16:3e:e7:e4:22
Oct 14 22:29:29.324990 devstack-u2204-93-55 dnsmasq-dhcp[1233581]: DHCPOFFER(tap20e5e5a1-0b) 10.1.0.7 fa:16:3e:e7:e4:22
Oct 14 22:29:29.352691 devstack-u2204-93-55 dnsmasq-dhcp[1233581]: DHCPREQUEST(tap20e5e5a1-0b) 10.1.0.7 fa:16:3e:e7:e4:22
Oct 14 22:29:29.352756 devstack-u2204-93-55 dnsmasq-dhcp[1233581]: DHCPACK(tap20e5e5a1-0b) 10.1.0.7 fa:16:3e:e7:e4:22 host-10-1-0-7
Oct 14 22:29:31.017153 devstack-u2204-93-55 dnsmasq[1233138]: read /opt/stack/data/neutron/dhcp/e154dfab-239c-4984-9a86-98a844d0d3b1/addn_hosts - 2 names
Oct 14 22:29:31.017276 devstack-u2204-93-55 dnsmasq-dhcp[1233138]: read /opt/stack/data/neutron/dhcp/e154dfab-239c-4984-9a86-98a844d0d3b1/host
Oct 14 22:29:31.017372 devstack-u2204-93-55 dnsmasq-dhcp[1233138]: read /opt/stack/data/neutron/dhcp/e154dfab-239c-4984-9a86-98a844d0d3b1/opts
Oct 14 22:29:36.078036 devstack-u2204-93-55 dnsmasq-dhcp[1233138]: DHCPRELEASE(tape7cea390-d5) 10.1.0.1 fa:16:3e:df:8a:5e
Oct 14 22:29:36.908461 devstack-u2204-93-55 dnsmasq[1233138]: read /opt/stack/data/neutron/dhcp/e154dfab-239c-4984-9a86-98a844d0d3b1/addn_hosts - 0 names
Oct 14 22:29:36.908651 devstack-u2204-93-55 dnsmasq-dhcp[1233138]: read /opt/stack/data/neutron/dhcp/e154dfab-239c-4984-9a86-98a844d0d3b1/host
Oct 14 22:29:36.908776 devstack-u2204-93-55 dnsmasq-dhcp[1233138]: read /opt/stack/data/neutron/dhcp/e154dfab-239c-4984-9a86-98a844d0d3b1/opts
Oct 14 22:29:38.179629 devstack-u2204-93-55 dnsmasq[1233138]: exiting on receipt of SIGTERM
Oct 14 22:29:39.101005 devstack-u2204-93-55 dnsmasq-dhcp[1233381]: DHCPRELEASE(tapadfca92f-48) 10.1.0.1 fa:16:3e:6d:74:d0
Oct 14 22:29:39.928574 devstack-u2204-93-55 dnsmasq[1233381]: read /opt/stack/data/neutron/dhcp/62cc6de6-cb28-49ee-8076-13cbffe4a8a4/addn_hosts - 0 names
Oct 14 22:29:39.928699 devstack-u2204-93-55 dnsmasq-dhcp[1233381]: read /opt/stack/data/neutron/dhcp/62cc6de6-cb28-49ee-8076-13cbffe4a8a4/host
Oct 14 22:29:39.928774 devstack-u2204-93-55 dnsmasq-dhcp[1233381]: read /opt/stack/data/neutron/dhcp/62cc6de6-cb28-49ee-8076-13cbffe4a8a4/opts
Oct 14 22:29:41.070160 devstack-u2204-93-55 dnsmasq[1233381]: exiting on receipt of SIGTERM
Oct 14 22:30:23.890405 devstack-u2204-93-55 dnsmasq-dhcp[1233581]: DHCPRELEASE(tap20e5e5a1-0b) 10.1.0.7 fa:16:3e:e7:e4:22
Oct 14 22:30:23.915736 devstack-u2204-93-55 dnsmasq-dhcp[1233581]: DHCPRELEASE(tap20e5e5a1-0b) 10.1.0.7 fa:16:3e:e7:e4:22 unknown lease
Oct 14 22:30:24.749140 devstack-u2204-93-55 dnsmasq[1233581]: read /opt/stack/data/neutron/dhcp/acf10d67-b2f1-4a35-9837-289c1c88d367/addn_hosts - 2 names
Oct 14 22:30:24.749296 devstack-u2204-93-55 dnsmasq-dhcp[1233581]: read /opt/stack/data/neutron/dhcp/acf10d67-b2f1-4a35-9837-289c1c88d367/host
Oct 14 22:30:24.749391 devstack-u2204-93-55 dnsmasq-dhcp[1233581]: read /opt/stack/data/neutron/dhcp/acf10d67-b2f1-4a35-9837-289c1c88d367/opts
Oct 14 22:30:30.615297 devstack-u2204-93-55 dnsmasq-dhcp[1233581]: DHCPRELEASE(tap20e5e5a1-0b) 10.1.0.1 fa:16:3e:d3:9b:48
Oct 14 22:30:31.447335 devstack-u2204-93-55 dnsmasq[1233581]: read /opt/stack/data/neutron/dhcp/acf10d67-b2f1-4a35-9837-289c1c88d367/addn_hosts - 0 names
Oct 14 22:30:31.447432 devstack-u2204-93-55 dnsmasq-dhcp[1233581]: read /opt/stack/data/neutron/dhcp/acf10d67-b2f1-4a35-9837-289c1c88d367/host
Oct 14 22:30:31.447535 devstack-u2204-93-55 dnsmasq-dhcp[1233581]: read /opt/stack/data/neutron/dhcp/acf10d67-b2f1-4a35-9837-289c1c88d367/opts
Oct 14 22:30:32.846318 devstack-u2204-93-55 dnsmasq[1233581]: exiting on receipt of SIGTERM
Oct 14 22:30:33.767635 devstack-u2204-93-55 dnsmasq-dhcp[1233879]: DHCPRELEASE(tapce87f838-1e) 10.1.0.1 fa:16:3e:f4:f0:44
Oct 14 22:30:34.598120 devstack-u2204-93-55 dnsmasq[1233879]: read /opt/stack/data/neutron/dhcp/8e52247a-4676-4299-840c-525c5d4e2074/addn_hosts - 0 names
Oct 14 22:30:34.598214 devstack-u2204-93-55 dnsmasq-dhcp[1233879]: read /opt/stack/data/neutron/dhcp/8e52247a-4676-4299-840c-525c5d4e2074/host
Oct 14 22:30:34.598272 devstack-u2204-93-55 dnsmasq-dhcp[1233879]: read /opt/stack/data/neutron/dhcp/8e52247a-4676-4299-840c-525c5d4e2074/opts
Oct 14 22:30:35.810591 devstack-u2204-93-55 dnsmasq[1233879]: exiting on receipt of SIGTERM
