2025-10-14 17:19:08.856 826121 DEBUG oslo_concurrency.processutils [-] 'nvme show-hostnqn' failed. Not Retrying. [00;33m{{(pid=826121) execute /opt/stack/data/venv/lib/python3.10/site-packages/oslo_concurrency/processutils.py:423}}[00m
2025-10-14 17:19:08.857 826121 WARNING os_brick.privileged.nvmeof [-] Could not generate host nqn: [Errno 2] No such file or directory: 'nvme'
2025-10-14 17:19:08.858 826121 DEBUG oslo.privsep.daemon [-] privsep: reply[1b526c87-3ce0-44b2-aa4f-ab03daadfc0b]: (4, '') [00;33m{{(pid=826121) _call_back /opt/stack/data/venv/lib/python3.10/site-packages/oslo_privsep/daemon.py:503}}[00m
2025-10-14 17:19:08.864 807113 DEBUG os_brick.initiator.connectors.lightos [req-c5b7d14e-9e89-4635-a938-8e611d1242e0 960a08fcc4d0429e9e879816a305186f 1eef17e93cf14f169df902f14b44a4e3 - - default default] LIGHTOS: [Errno 111] ECONNREFUSED [00;33m{{(pid=807113) find_dsc /opt/stack/data/venv/lib/python3.10/site-packages/os_brick/initiator/connectors/lightos.py:135}}[00m
2025-10-14 17:19:08.869 807113 INFO os_brick.initiator.connectors.lightos [req-c5b7d14e-9e89-4635-a938-8e611d1242e0 960a08fcc4d0429e9e879816a305186f 1eef17e93cf14f169df902f14b44a4e3 - - default default] Current host hostNQN  and IP(s) are ['172.25.93.55', 'fe80::387c:9d0a:2c22:5c64', '192.168.122.1', '172.24.5.1', 'fe80::7c4c:53ff:fed4:fe47', 'fe80::fc16:3eff:fe55:ebee'] 
2025-10-14 17:19:08.871 807113 DEBUG os_brick.initiator.connectors.lightos [req-c5b7d14e-9e89-4635-a938-8e611d1242e0 960a08fcc4d0429e9e879816a305186f 1eef17e93cf14f169df902f14b44a4e3 - - default default] LIGHTOS: did not find dsc, continuing anyway. [00;33m{{(pid=807113) get_connector_properties /opt/stack/data/venv/lib/python3.10/site-packages/os_brick/initiator/connectors/lightos.py:112}}[00m
2025-10-14 17:19:08.872 807113 DEBUG os_brick.initiator.connectors.lightos [req-c5b7d14e-9e89-4635-a938-8e611d1242e0 960a08fcc4d0429e9e879816a305186f 1eef17e93cf14f169df902f14b44a4e3 - - default default] LIGHTOS: no hostnqn found. [00;33m{{(pid=807113) get_connector_properties /opt/stack/data/venv/lib/python3.10/site-packages/os_brick/initiator/connectors/lightos.py:121}}[00m
2025-10-14 17:19:08.872 807113 DEBUG os_brick.utils [req-c5b7d14e-9e89-4635-a938-8e611d1242e0 960a08fcc4d0429e9e879816a305186f 1eef17e93cf14f169df902f14b44a4e3 - - default default] <== get_connector_properties: return (1528ms) {'platform': 'x86_64', 'os_type': 'linux', 'ip': '172.25.93.55', 'host': 'devstack-u2204-93-55', 'multipath': False, 'enforce_multipath': True, 'initiator': 'iqn.2016-04.com.open-iscsi:851997e07f81', 'do_local_attach': False, 'uuid': '849a1340-77d5-4de3-852c-cf0210ca78af', 'system uuid': '89b11b42-6ca2-76fb-88b9-4b0fae22b322', 'nvme_native_multipath': False} [00;33m{{(pid=807113) trace_logging_wrapper /opt/stack/data/venv/lib/python3.10/site-packages/os_brick/utils.py:204}}[00m
2025-10-14 17:19:08.873 807113 DEBUG nova.virt.block_device [req-c5b7d14e-9e89-4635-a938-8e611d1242e0 960a08fcc4d0429e9e879816a305186f 1eef17e93cf14f169df902f14b44a4e3 - - default default] [instance: 1c5196e6-48bf-42c2-95c5-4db2adce84ba] Updating existing volume attachment record: d1c7b206-230d-44e5-8da3-9c5cd7ee468c [00;33m{{(pid=807113) _volume_attach /opt/stack/nova/nova/virt/block_device.py:666}}[00m
2025-10-14 17:19:09.796 807113 DEBUG oslo_service.periodic_task [req-382ac0a2-5dc7-4a36-9e61-b914f062bcb8 - - - - - -] Running periodic task ComputeManager._cleanup_incomplete_migrations [00;33m{{(pid=807113) run_periodic_tasks /opt/stack/data/venv/lib/python3.10/site-packages/oslo_service/periodic_task.py:210}}[00m
2025-10-14 17:19:09.797 807113 DEBUG nova.compute.manager [req-382ac0a2-5dc7-4a36-9e61-b914f062bcb8 - - - - - -] Cleaning up deleted instances with incomplete migration  [00;33m{{(pid=807113) _cleanup_incomplete_migrations /opt/stack/nova/nova/compute/manager.py:11903}}[00m
2025-10-14 17:19:11.480 807113 DEBUG ovsdbapp.backend.ovs_idl.vlog [-] [POLLIN] on fd 24 [00;33m{{(pid=807113) __log_wakeup /opt/stack/data/venv/lib/python3.10/site-packages/ovs/poller.py:263}}[00m
2025-10-14 17:19:16.483 807113 DEBUG ovsdbapp.backend.ovs_idl.vlog [-] [POLLIN] on fd 24 [00;33m{{(pid=807113) __log_wakeup /opt/stack/data/venv/lib/python3.10/site-packages/ovs/poller.py:263}}[00m
2025-10-14 17:19:21.487 807113 DEBUG ovsdbapp.backend.ovs_idl.vlog [-] [POLLIN] on fd 24 [00;33m{{(pid=807113) __log_wakeup /opt/stack/data/venv/lib/python3.10/site-packages/ovs/poller.py:263}}[00m
2025-10-14 17:19:21.993 807113 DEBUG oslo_concurrency.lockutils [req-c5b7d14e-9e89-4635-a938-8e611d1242e0 960a08fcc4d0429e9e879816a305186f 1eef17e93cf14f169df902f14b44a4e3 - - default default] Acquiring lock "cache_volume_driver" by "nova.virt.libvirt.driver.LibvirtDriver._get_volume_driver.<locals>._cache_volume_driver" [00;33m{{(pid=807113) inner /opt/stack/data/venv/lib/python3.10/site-packages/oslo_concurrency/lockutils.py:405}}[00m
2025-10-14 17:19:21.995 807113 DEBUG oslo_concurrency.lockutils [req-c5b7d14e-9e89-4635-a938-8e611d1242e0 960a08fcc4d0429e9e879816a305186f 1eef17e93cf14f169df902f14b44a4e3 - - default default] Lock "cache_volume_driver" acquired by "nova.virt.libvirt.driver.LibvirtDriver._get_volume_driver.<locals>._cache_volume_driver" :: waited 0.002s [00;33m{{(pid=807113) inner /opt/stack/data/venv/lib/python3.10/site-packages/oslo_concurrency/lockutils.py:410}}[00m
2025-10-14 17:19:22.001 807113 DEBUG os_brick.initiator.connector [req-c5b7d14e-9e89-4635-a938-8e611d1242e0 960a08fcc4d0429e9e879816a305186f 1eef17e93cf14f169df902f14b44a4e3 - - default default] Factory for ISCSI on None [00;33m{{(pid=807113) factory /opt/stack/data/venv/lib/python3.10/site-packages/os_brick/initiator/connector.py:281}}[00m
2025-10-14 17:19:22.003 807113 DEBUG oslo_concurrency.lockutils [req-c5b7d14e-9e89-4635-a938-8e611d1242e0 960a08fcc4d0429e9e879816a305186f 1eef17e93cf14f169df902f14b44a4e3 - - default default] Lock "cache_volume_driver" "released" by "nova.virt.libvirt.driver.LibvirtDriver._get_volume_driver.<locals>._cache_volume_driver" :: held 0.008s [00;33m{{(pid=807113) inner /opt/stack/data/venv/lib/python3.10/site-packages/oslo_concurrency/lockutils.py:424}}[00m
2025-10-14 17:19:22.003 807113 DEBUG nova.virt.libvirt.volume.iscsi [req-c5b7d14e-9e89-4635-a938-8e611d1242e0 960a08fcc4d0429e9e879816a305186f 1eef17e93cf14f169df902f14b44a4e3 - - default default] [instance: 1c5196e6-48bf-42c2-95c5-4db2adce84ba] Calling os-brick to attach iSCSI Volume [00;33m{{(pid=807113) connect_volume /opt/stack/nova/nova/virt/libvirt/volume/iscsi.py:64}}[00m
2025-10-14 17:19:22.004 807113 DEBUG os_brick.initiator.connectors.iscsi [req-c5b7d14e-9e89-4635-a938-8e611d1242e0 960a08fcc4d0429e9e879816a305186f 1eef17e93cf14f169df902f14b44a4e3 - - default default] ==> connect_volume: call "{'self': <os_brick.initiator.connectors.iscsi.ISCSIConnector object at 0x7a59504d4550>, 'connection_properties': {'target_portal': '172.25.59.221:3260', 'target_iqn': 'iqn.2016-04.com.open-iscsi:d78edfece0b6.hbsd-target', 'target_discovered': False, 'target_lun': 1, 'qos_specs': None, 'access_mode': 'rw', 'encrypted': False, 'cacheable': False, 'enforce_multipath': True}}" [00;33m{{(pid=807113) trace_logging_wrapper /opt/stack/data/venv/lib/python3.10/site-packages/os_brick/utils.py:177}}[00m
2025-10-14 17:19:22.005 807113 DEBUG os_brick.initiator.connectors.base [req-c5b7d14e-9e89-4635-a938-8e611d1242e0 960a08fcc4d0429e9e879816a305186f 1eef17e93cf14f169df902f14b44a4e3 - - default default] Acquiring lock "connect_volume" by "os_brick.initiator.connectors.iscsi.ISCSIConnector.connect_volume" [00;33m{{(pid=807113) inner /opt/stack/data/venv/lib/python3.10/site-packages/os_brick/initiator/connectors/base.py:68}}[00m
2025-10-14 17:19:22.006 807113 DEBUG os_brick.initiator.connectors.base [req-c5b7d14e-9e89-4635-a938-8e611d1242e0 960a08fcc4d0429e9e879816a305186f 1eef17e93cf14f169df902f14b44a4e3 - - default default] Lock "connect_volume" acquired by "os_brick.initiator.connectors.iscsi.ISCSIConnector.connect_volume" :: waited 0.002s [00;33m{{(pid=807113) inner /opt/stack/data/venv/lib/python3.10/site-packages/os_brick/initiator/connectors/base.py:73}}[00m
2025-10-14 17:19:22.007 807113 DEBUG os_brick.initiator.connectors.base [req-c5b7d14e-9e89-4635-a938-8e611d1242e0 960a08fcc4d0429e9e879816a305186f 1eef17e93cf14f169df902f14b44a4e3 - - default default] Connection properties {'target_portal': '172.25.59.221:3260', 'target_iqn': 'iqn.2016-04.com.open-iscsi:d78edfece0b6.hbsd-target', 'target_discovered': False, 'target_lun': 1, 'qos_specs': None, 'access_mode': 'rw', 'encrypted': False, 'cacheable': False, 'enforce_multipath': True} [00;33m{{(pid=807113) check_multipath /opt/stack/data/venv/lib/python3.10/site-packages/os_brick/initiator/connectors/base.py:133}}[00m
2025-10-14 17:19:22.009 826121 DEBUG oslo_concurrency.processutils [-] Running cmd (subprocess): multipathd show status [00;33m{{(pid=826121) execute /opt/stack/data/venv/lib/python3.10/site-packages/oslo_concurrency/processutils.py:349}}[00m
2025-10-14 17:19:22.023 826121 DEBUG oslo_concurrency.processutils [-] 'multipathd show status' failed. Not Retrying. [00;33m{{(pid=826121) execute /opt/stack/data/venv/lib/python3.10/site-packages/oslo_concurrency/processutils.py:423}}[00m
2025-10-14 17:19:22.024 826121 DEBUG oslo.privsep.daemon [-] privsep: Exception during request[d2f90e82-191a-4abe-8e2e-29fcc249670c]: [Errno 2] No such file or directory: 'multipathd' [00;33m{{(pid=826121) _process_cmd /opt/stack/data/venv/lib/python3.10/site-packages/oslo_privsep/daemon.py:481}}[00m
Traceback (most recent call last):
  File "/opt/stack/data/venv/lib/python3.10/site-packages/oslo_privsep/daemon.py", line 478, in _process_cmd
    ret = func(*f_args, **f_kwargs)
  File "/opt/stack/data/venv/lib/python3.10/site-packages/oslo_privsep/priv_context.py", line 266, in _wrap
    return func(*args, **kwargs)
  File "/opt/stack/data/venv/lib/python3.10/site-packages/os_brick/privileged/rootwrap.py", line 198, in execute_root
    return custom_execute(*cmd, shell=False, run_as_root=False, **kwargs)
  File "/opt/stack/data/venv/lib/python3.10/site-packages/os_brick/privileged/rootwrap.py", line 146, in custom_execute
    return putils.execute(on_execute=on_execute,
  File "/opt/stack/data/venv/lib/python3.10/site-packages/oslo_concurrency/processutils.py", line 354, in execute
    obj = subprocess.Popen(cmd,
  File "/usr/lib/python3.10/subprocess.py", line 971, in __init__
    self._execute_child(args, executable, preexec_fn, close_fds,
  File "/usr/lib/python3.10/subprocess.py", line 1863, in _execute_child
    raise child_exception_type(errno_num, err_msg, err_filename)
FileNotFoundError: [Errno 2] No such file or directory: 'multipathd'
2025-10-14 17:19:22.029 826121 DEBUG oslo.privsep.daemon [-] privsep: reply[d2f90e82-191a-4abe-8e2e-29fcc249670c]: (5, 'builtins.FileNotFoundError', (2, 'No such file or directory')) [00;33m{{(pid=826121) _call_back /opt/stack/data/venv/lib/python3.10/site-packages/oslo_privsep/daemon.py:503}}[00m
2025-10-14 17:19:22.032 807113 DEBUG os_brick.initiator.connectors.base [req-c5b7d14e-9e89-4635-a938-8e611d1242e0 960a08fcc4d0429e9e879816a305186f 1eef17e93cf14f169df902f14b44a4e3 - - default default] Acquiring lock "connect_to_iscsi_portal-172.25.59.221:3260-iqn.2016-04.com.open-iscsi:d78edfece0b6.hbsd-target" by "os_brick.initiator.connectors.iscsi.ISCSIConnector._connect_to_iscsi_portal_unsafe" [00;33m{{(pid=807113) inner /opt/stack/data/venv/lib/python3.10/site-packages/os_brick/initiator/connectors/base.py:68}}[00m
2025-10-14 17:19:22.033 807113 DEBUG os_brick.initiator.connectors.base [req-c5b7d14e-9e89-4635-a938-8e611d1242e0 960a08fcc4d0429e9e879816a305186f 1eef17e93cf14f169df902f14b44a4e3 - - default default] Lock "connect_to_iscsi_portal-172.25.59.221:3260-iqn.2016-04.com.open-iscsi:d78edfece0b6.hbsd-target" acquired by "os_brick.initiator.connectors.iscsi.ISCSIConnector._connect_to_iscsi_portal_unsafe" :: waited 0.002s [00;33m{{(pid=807113) inner /opt/stack/data/venv/lib/python3.10/site-packages/os_brick/initiator/connectors/base.py:73}}[00m
2025-10-14 17:19:22.034 807113 INFO os_brick.initiator.connectors.iscsi [req-c5b7d14e-9e89-4635-a938-8e611d1242e0 960a08fcc4d0429e9e879816a305186f 1eef17e93cf14f169df902f14b44a4e3 - - default default] Trying to connect to iSCSI portal 172.25.59.221:3260
2025-10-14 17:19:22.036 826121 DEBUG oslo_concurrency.processutils [-] Running cmd (subprocess): iscsiadm -m node -T iqn.2016-04.com.open-iscsi:d78edfece0b6.hbsd-target -p 172.25.59.221:3260 [00;33m{{(pid=826121) execute /opt/stack/data/venv/lib/python3.10/site-packages/oslo_concurrency/processutils.py:349}}[00m
2025-10-14 17:19:22.056 826121 DEBUG oslo_concurrency.processutils [-] CMD "iscsiadm -m node -T iqn.2016-04.com.open-iscsi:d78edfece0b6.hbsd-target -p 172.25.59.221:3260" returned: 21 in 0.019s [00;33m{{(pid=826121) execute /opt/stack/data/venv/lib/python3.10/site-packages/oslo_concurrency/processutils.py:372}}[00m
2025-10-14 17:19:22.057 826121 DEBUG oslo.privsep.daemon [-] privsep: reply[cf0ab372-d64a-4d1f-89c7-6e66d3133a73]: (4, ('', 'iscsiadm: No records found\n')) [00;33m{{(pid=826121) _call_back /opt/stack/data/venv/lib/python3.10/site-packages/oslo_privsep/daemon.py:503}}[00m
2025-10-14 17:19:22.058 807113 DEBUG os_brick.initiator.connectors.iscsi [req-c5b7d14e-9e89-4635-a938-8e611d1242e0 960a08fcc4d0429e9e879816a305186f 1eef17e93cf14f169df902f14b44a4e3 - - default default] iscsiadm (): stdout= stderr=iscsiadm: No records found
 [00;33m{{(pid=807113) _run_iscsiadm /opt/stack/data/venv/lib/python3.10/site-packages/os_brick/initiator/connectors/iscsi.py:1065}}[00m
2025-10-14 17:19:22.061 826121 DEBUG oslo_concurrency.processutils [-] Running cmd (subprocess): iscsiadm -m node -T iqn.2016-04.com.open-iscsi:d78edfece0b6.hbsd-target -p 172.25.59.221:3260 --interface default --op new [00;33m{{(pid=826121) execute /opt/stack/data/venv/lib/python3.10/site-packages/oslo_concurrency/processutils.py:349}}[00m
2025-10-14 17:19:22.082 826121 DEBUG oslo_concurrency.processutils [-] CMD "iscsiadm -m node -T iqn.2016-04.com.open-iscsi:d78edfece0b6.hbsd-target -p 172.25.59.221:3260 --interface default --op new" returned: 0 in 0.021s [00;33m{{(pid=826121) execute /opt/stack/data/venv/lib/python3.10/site-packages/oslo_concurrency/processutils.py:372}}[00m
2025-10-14 17:19:22.083 826121 DEBUG oslo.privsep.daemon [-] privsep: reply[ed162cbb-1e62-4942-ab8d-ef944a7d60ff]: (4, ('New iSCSI node [tcp:[hw=,ip=,net_if=,iscsi_if=default] 172.25.59.221,3260,-1 iqn.2016-04.com.open-iscsi:d78edfece0b6.hbsd-target] added\n', 'iscsiadm: config file line 337 do not has value\niscsiadm: config file line 337 do not has value\niscsiadm: config file line 337 do not has value\niscsiadm: config file line 337 do not has value\n')) [00;33m{{(pid=826121) _call_back /opt/stack/data/venv/lib/python3.10/site-packages/oslo_privsep/daemon.py:503}}[00m
2025-10-14 17:19:22.085 807113 DEBUG os_brick.initiator.connectors.iscsi [req-c5b7d14e-9e89-4635-a938-8e611d1242e0 960a08fcc4d0429e9e879816a305186f 1eef17e93cf14f169df902f14b44a4e3 - - default default] iscsiadm ('--interface', 'default', '--op', 'new'): stdout=New iSCSI node [tcp:[hw=,ip=,net_if=,iscsi_if=default] 172.25.59.221,3260,-1 iqn.2016-04.com.open-iscsi:d78edfece0b6.hbsd-target] added
 stderr=iscsiadm: config file line 337 do not has value
iscsiadm: config file line 337 do not has value
iscsiadm: config file line 337 do not has value
iscsiadm: config file line 337 do not has value
 [00;33m{{(pid=807113) _run_iscsiadm /opt/stack/data/venv/lib/python3.10/site-packages/os_brick/initiator/connectors/iscsi.py:1065}}[00m
2025-10-14 17:19:22.086 807113 DEBUG os_brick.initiator.connectors.iscsi [req-c5b7d14e-9e89-4635-a938-8e611d1242e0 960a08fcc4d0429e9e879816a305186f 1eef17e93cf14f169df902f14b44a4e3 - - default default] Retrying to connect to iSCSI portal 172.25.59.221:3260 [00;33m{{(pid=807113) _connect_to_iscsi_portal_unsafe /opt/stack/data/venv/lib/python3.10/site-packages/os_brick/initiator/connectors/iscsi.py:1131}}[00m
2025-10-14 17:19:22.087 807113 DEBUG os_brick.utils [req-c5b7d14e-9e89-4635-a938-8e611d1242e0 960a08fcc4d0429e9e879816a305186f 1eef17e93cf14f169df902f14b44a4e3 - - default default] Finished call to 'os_brick.initiator.connectors.iscsi.ISCSIConnector._connect_to_iscsi_portal_unsafe' after 0.053(s), this was the 1st time calling it. [00;33m{{(pid=807113) log_it /opt/stack/data/venv/lib/python3.10/site-packages/tenacity/after.py:44}}[00m
2025-10-14 17:19:22.089 807113 DEBUG os_brick.utils [req-c5b7d14e-9e89-4635-a938-8e611d1242e0 960a08fcc4d0429e9e879816a305186f 1eef17e93cf14f169df902f14b44a4e3 - - default default] Retrying os_brick.initiator.connectors.iscsi.ISCSIConnector._connect_to_iscsi_portal_unsafe in 1.0 seconds as it raised BrickException: An unknown exception occurred.. [00;33m{{(pid=807113) log_it /opt/stack/data/venv/lib/python3.10/site-packages/tenacity/before_sleep.py:65}}[00m
2025-10-14 17:19:23.091 807113 INFO os_brick.initiator.connectors.iscsi [req-c5b7d14e-9e89-4635-a938-8e611d1242e0 960a08fcc4d0429e9e879816a305186f 1eef17e93cf14f169df902f14b44a4e3 - - default default] Trying to connect to iSCSI portal 172.25.59.221:3260
2025-10-14 17:19:23.093 826121 DEBUG oslo_concurrency.processutils [-] Running cmd (subprocess): iscsiadm -m node -T iqn.2016-04.com.open-iscsi:d78edfece0b6.hbsd-target -p 172.25.59.221:3260 [00;33m{{(pid=826121) execute /opt/stack/data/venv/lib/python3.10/site-packages/oslo_concurrency/processutils.py:349}}[00m
2025-10-14 17:19:23.114 826121 DEBUG oslo_concurrency.processutils [-] CMD "iscsiadm -m node -T iqn.2016-04.com.open-iscsi:d78edfece0b6.hbsd-target -p 172.25.59.221:3260" returned: 0 in 0.021s [00;33m{{(pid=826121) execute /opt/stack/data/venv/lib/python3.10/site-packages/oslo_concurrency/processutils.py:372}}[00m
2025-10-14 17:19:23.115 826121 DEBUG oslo.privsep.daemon [-] privsep: reply[51bf08d6-3271-47b2-b0e4-aa1c910bb695]: (4, ('# BEGIN RECORD 2.1.5\nnode.name = iqn.2016-04.com.open-iscsi:d78edfece0b6.hbsd-target\nnode.tpgt = -1\nnode.startup = manual\nnode.leading_login = No\niface.iscsi_ifacename = default\niface.net_ifacename = <empty>\niface.ipaddress = <empty>\niface.prefix_len = 0\niface.hwaddress = <empty>\niface.transport_name = tcp\niface.initiatorname = <empty>\niface.state = <empty>\niface.vlan_id = 0\niface.vlan_priority = 0\niface.vlan_state = <empty>\niface.iface_num = 0\niface.mtu = 0\niface.port = 0\niface.bootproto = <empty>\niface.subnet_mask = <empty>\niface.gateway = <empty>\niface.dhcp_alt_client_id_state = <empty>\niface.dhcp_alt_client_id = <empty>\niface.dhcp_dns = <empty>\niface.dhcp_learn_iqn = <empty>\niface.dhcp_req_vendor_id_state = <empty>\niface.dhcp_vendor_id_state = <empty>\niface.dhcp_vendor_id = <empty>\niface.dhcp_slp_da = <empty>\niface.fragmentation = <empty>\niface.gratuitous_arp = <empty>\niface.incoming_forwarding = <empty>\niface.tos_state = <empty>\niface.tos = 0\niface.ttl = 0\niface.delayed_ack = <empty>\niface.tcp_nagle = <empty>\niface.tcp_wsf_state = <empty>\niface.tcp_wsf = 0\niface.tcp_timer_scale = 0\niface.tcp_timestamp = <empty>\niface.redirect = <empty>\niface.def_task_mgmt_timeout = 0\niface.header_digest = <empty>\niface.data_digest = <empty>\niface.immediate_data = <empty>\niface.initial_r2t = <empty>\niface.data_seq_inorder = <empty>\niface.data_pdu_inorder = <empty>\niface.erl = 0\niface.max_receive_data_len = 0\niface.first_burst_len = 0\niface.max_outstanding_r2t = 0\niface.max_burst_len = 0\niface.chap_auth = <empty>\niface.bidi_chap = <empty>\niface.strict_login_compliance = <empty>\niface.discovery_auth = <empty>\niface.discovery_logout = <empty>\nnode.discovery_address = <empty>\nnode.discovery_port = 0\nnode.discovery_type = static\nnode.session.initial_cmdsn = 0\nnode.session.initial_login_retry_max = 8\nnode.session.xmit_thread_priority = -20\nnode.session.cmds_max = 128\nnode.session.queue_depth = 32\nnode.session.nr_sessions = 1\nnode.session.auth.authmethod = None\nnode.session.auth.username = <empty>\nnode.session.auth.password = <empty>\nnode.session.auth.username_in = <empty>\nnode.session.auth.password_in = <empty>\nnode.session.auth.chap_algs = SHA3-256,SHA256\nnode.session.timeo.replacement_timeout = 120\nnode.session.err_timeo.abort_timeout = 15\nnode.session.err_timeo.lu_reset_timeout = 30\nnode.session.err_timeo.tgt_reset_timeout = 30\nnode.session.err_timeo.host_reset_timeout = 60\nnode.session.iscsi.FastAbort = Yes\nnode.session.iscsi.InitialR2T = No\nnode.session.iscsi.ImmediateData = Yes\nnode.session.iscsi.FirstBurstLength = 262144\nnode.session.iscsi.MaxBurstLength = 16776192\nnode.session.iscsi.DefaultTime2Retain = 0\nnode.session.iscsi.DefaultTime2Wait = 2\nnode.session.iscsi.MaxConnections = 1\nnode.session.iscsi.MaxOutstandingR2T = 1\nnode.session.iscsi.ERL = 0\nnode.session.scan = auto\nnode.session.reopen_max = 0\nnode.conn[0].address = 172.25.59.221\nnode.conn[0].port = 3260\nnode.conn[0].startup = manual\nnode.conn[0].tcp.window_size = 524288\nnode.conn[0].tcp.type_of_service = 0\nnode.conn[0].timeo.logout_timeout = 15\nnode.conn[0].timeo.login_timeout = 15\nnode.conn[0].timeo.auth_timeout = 45\nnode.conn[0].timeo.noop_out_interval = 5\nnode.conn[0].timeo.noop_out_timeout = 5\nnode.conn[0].iscsi.MaxXmitDataSegmentLength = 0\nnode.conn[0].iscsi.MaxRecvDataSegmentLength = 262144\nnode.conn[0].iscsi.HeaderDigest = None\nnode.conn[0].iscsi.DataDigest = None\nnode.conn[0].iscsi.IFMarker = No\nnode.conn[0].iscsi.OFMarker = No\n# END RECORD\n', '')) [00;33m{{(pid=826121) _call_back /opt/stack/data/venv/lib/python3.10/site-packages/oslo_privsep/daemon.py:503}}[00m
2025-10-14 17:19:23.120 807113 DEBUG os_brick.initiator.connectors.iscsi [req-c5b7d14e-9e89-4635-a938-8e611d1242e0 960a08fcc4d0429e9e879816a305186f 1eef17e93cf14f169df902f14b44a4e3 - - default default] iscsiadm (): stdout=# BEGIN RECORD 2.1.5
node.name = iqn.2016-04.com.open-iscsi:d78edfece0b6.hbsd-target
node.tpgt = -1
node.startup = manual
node.leading_login = No
iface.iscsi_ifacename = default
iface.net_ifacename = <empty>
iface.ipaddress = <empty>
iface.prefix_len = 0
iface.hwaddress = <empty>
iface.transport_name = tcp
iface.initiatorname = <empty>
iface.state = <empty>
iface.vlan_id = 0
iface.vlan_priority = 0
iface.vlan_state = <empty>
iface.iface_num = 0
iface.mtu = 0
iface.port = 0
iface.bootproto = <empty>
iface.subnet_mask = <empty>
iface.gateway = <empty>
iface.dhcp_alt_client_id_state = <empty>
iface.dhcp_alt_client_id = <empty>
iface.dhcp_dns = <empty>
iface.dhcp_learn_iqn = <empty>
iface.dhcp_req_vendor_id_state = <empty>
iface.dhcp_vendor_id_state = <empty>
iface.dhcp_vendor_id = <empty>
iface.dhcp_slp_da = <empty>
iface.fragmentation = <empty>
iface.gratuitous_arp = <empty>
iface.incoming_forwarding = <empty>
iface.tos_state = <empty>
iface.tos = 0
iface.ttl = 0
iface.delayed_ack = <empty>
iface.tcp_nagle = <empty>
iface.tcp_wsf_state = <empty>
iface.tcp_wsf = 0
iface.tcp_timer_scale = 0
iface.tcp_timestamp = <empty>
iface.redirect = <empty>
iface.def_task_mgmt_timeout = 0
iface.header_digest = <empty>
iface.data_digest = <empty>
iface.immediate_data = <empty>
iface.initial_r2t = <empty>
iface.data_seq_inorder = <empty>
iface.data_pdu_inorder = <empty>
iface.erl = 0
iface.max_receive_data_len = 0
iface.first_burst_len = 0
iface.max_outstanding_r2t = 0
iface.max_burst_len = 0
iface.chap_auth = <empty>
iface.bidi_chap = <empty>
iface.strict_login_compliance = <empty>
iface.discovery_auth = <empty>
iface.discovery_logout = <empty>
node.discovery_address = <empty>
node.discovery_port = 0
node.discovery_type = static
node.session.initial_cmdsn = 0
node.session.initial_login_retry_max = 8
node.session.xmit_thread_priority = -20
node.session.cmds_max = 128
node.session.queue_depth = 32
node.session.nr_sessions = 1
node.session.auth.authmethod = None
node.session.auth.username = <empty>
node.session.auth.password = ***
node.session.auth.username_in = <empty>
node.session.auth.password_in = <empty>
node.session.auth.chap_algs = SHA3-256,SHA256
node.session.timeo.replacement_timeout = 120
node.session.err_timeo.abort_timeout = 15
node.session.err_timeo.lu_reset_timeout = 30
node.session.err_timeo.tgt_reset_timeout = 30
node.session.err_timeo.host_reset_timeout = 60
node.session.iscsi.FastAbort = Yes
node.session.iscsi.InitialR2T = No
node.session.iscsi.ImmediateData = Yes
node.session.iscsi.FirstBurstLength = 262144
node.session.iscsi.MaxBurstLength = 16776192
node.session.iscsi.DefaultTime2Retain = 0
node.session.iscsi.DefaultTime2Wait = 2
node.session.iscsi.MaxConnections = 1
node.session.iscsi.MaxOutstandingR2T = 1
node.session.iscsi.ERL = 0
node.session.scan = auto
node.session.reopen_max = 0
node.conn[0].address = 172.25.59.221
node.conn[0].port = 3260
node.conn[0].startup = manual
node.conn[0].tcp.window_size = 524288
node.conn[0].tcp.type_of_service = 0
node.conn[0].timeo.logout_timeout = 15
node.conn[0].timeo.login_timeout = 15
node.conn[0].timeo.auth_timeout = 45
node.conn[0].timeo.noop_out_interval = 5
node.conn[0].timeo.noop_out_timeout = 5
node.conn[0].iscsi.MaxXmitDataSegmentLength = 0
node.conn[0].iscsi.MaxRecvDataSegmentLength = 262144
node.conn[0].iscsi.HeaderDigest = None
node.conn[0].iscsi.DataDigest = None
node.conn[0].iscsi.IFMarker = No
node.conn[0].iscsi.OFMarker = No
# END RECORD
 stderr= [00;33m{{(pid=807113) _run_iscsiadm /opt/stack/data/venv/lib/python3.10/site-packages/os_brick/initiator/connectors/iscsi.py:1065}}[00m
2025-10-14 17:19:23.122 826121 DEBUG oslo_concurrency.processutils [-] Running cmd (subprocess): iscsiadm -m node -T iqn.2016-04.com.open-iscsi:d78edfece0b6.hbsd-target -p 172.25.59.221:3260 --op update -n node.session.scan -v manual [00;33m{{(pid=826121) execute /opt/stack/data/venv/lib/python3.10/site-packages/oslo_concurrency/processutils.py:349}}[00m
2025-10-14 17:19:23.145 826121 DEBUG oslo_concurrency.processutils [-] CMD "iscsiadm -m node -T iqn.2016-04.com.open-iscsi:d78edfece0b6.hbsd-target -p 172.25.59.221:3260 --op update -n node.session.scan -v manual" returned: 0 in 0.023s [00;33m{{(pid=826121) execute /opt/stack/data/venv/lib/python3.10/site-packages/oslo_concurrency/processutils.py:372}}[00m
2025-10-14 17:19:23.147 826121 DEBUG oslo.privsep.daemon [-] privsep: reply[addb5767-3a16-47d2-bce9-d4fab0daccce]: (4, ('', '')) [00;33m{{(pid=826121) _call_back /opt/stack/data/venv/lib/python3.10/site-packages/oslo_privsep/daemon.py:503}}[00m
2025-10-14 17:19:23.148 807113 DEBUG os_brick.initiator.connectors.iscsi [req-c5b7d14e-9e89-4635-a938-8e611d1242e0 960a08fcc4d0429e9e879816a305186f 1eef17e93cf14f169df902f14b44a4e3 - - default default] iscsiadm ('--op', 'update', '-n', 'node.session.scan', '-v', 'manual'): stdout= stderr= [00;33m{{(pid=807113) _run_iscsiadm /opt/stack/data/venv/lib/python3.10/site-packages/os_brick/initiator/connectors/iscsi.py:1065}}[00m
2025-10-14 17:19:23.151 826121 DEBUG oslo_concurrency.processutils [-] Running cmd (subprocess): iscsiadm -m session [00;33m{{(pid=826121) execute /opt/stack/data/venv/lib/python3.10/site-packages/oslo_concurrency/processutils.py:349}}[00m
2025-10-14 17:19:23.171 826121 DEBUG oslo_concurrency.processutils [-] CMD "iscsiadm -m session" returned: 21 in 0.020s [00;33m{{(pid=826121) execute /opt/stack/data/venv/lib/python3.10/site-packages/oslo_concurrency/processutils.py:372}}[00m
2025-10-14 17:19:23.172 826121 DEBUG oslo.privsep.daemon [-] privsep: reply[aab06267-0a4b-40b5-bdf5-a1b79bf3a1f3]: (4, ('', 'iscsiadm: No active sessions.\n')) [00;33m{{(pid=826121) _call_back /opt/stack/data/venv/lib/python3.10/site-packages/oslo_privsep/daemon.py:503}}[00m
2025-10-14 17:19:23.174 807113 DEBUG os_brick.initiator.connectors.iscsi [req-c5b7d14e-9e89-4635-a938-8e611d1242e0 960a08fcc4d0429e9e879816a305186f 1eef17e93cf14f169df902f14b44a4e3 - - default default] iscsiadm ('-m', 'session'): stdout= stderr=iscsiadm: No active sessions.
 [00;33m{{(pid=807113) _run_iscsiadm_bare /opt/stack/data/venv/lib/python3.10/site-packages/os_brick/initiator/connectors/iscsi.py:1221}}[00m
2025-10-14 17:19:23.175 807113 DEBUG os_brick.initiator.connectors.iscsi [req-c5b7d14e-9e89-4635-a938-8e611d1242e0 960a08fcc4d0429e9e879816a305186f 1eef17e93cf14f169df902f14b44a4e3 - - default default] iscsi session list stdout= stderr=iscsiadm: No active sessions.
 [00;33m{{(pid=807113) _run_iscsi_session /opt/stack/data/venv/lib/python3.10/site-packages/os_brick/initiator/connectors/iscsi.py:1210}}[00m
2025-10-14 17:19:23.175 807113 WARNING os_brick.initiator.connectors.iscsi [req-c5b7d14e-9e89-4635-a938-8e611d1242e0 960a08fcc4d0429e9e879816a305186f 1eef17e93cf14f169df902f14b44a4e3 - - default default] iscsiadm stderr output when getting sessions: iscsiadm: No active sessions.

2025-10-14 17:19:23.177 826121 DEBUG oslo_concurrency.processutils [-] Running cmd (subprocess): iscsiadm -m node -T iqn.2016-04.com.open-iscsi:d78edfece0b6.hbsd-target -p 172.25.59.221:3260 --login [00;33m{{(pid=826121) execute /opt/stack/data/venv/lib/python3.10/site-packages/oslo_concurrency/processutils.py:349}}[00m
2025-10-14 17:19:24.227 826121 DEBUG oslo_concurrency.processutils [-] CMD "iscsiadm -m node -T iqn.2016-04.com.open-iscsi:d78edfece0b6.hbsd-target -p 172.25.59.221:3260 --login" returned: 0 in 1.049s [00;33m{{(pid=826121) execute /opt/stack/data/venv/lib/python3.10/site-packages/oslo_concurrency/processutils.py:372}}[00m
2025-10-14 17:19:24.228 826121 DEBUG oslo.privsep.daemon [-] privsep: reply[7546760c-0d49-441b-993c-bb3e8ac4f2e7]: (4, ('Logging in to [iface: default, target: iqn.2016-04.com.open-iscsi:d78edfece0b6.hbsd-target, portal: 172.25.59.221,3260]\nLogin to [iface: default, target: iqn.2016-04.com.open-iscsi:d78edfece0b6.hbsd-target, portal: 172.25.59.221,3260] successful.\n', '')) [00;33m{{(pid=826121) _call_back /opt/stack/data/venv/lib/python3.10/site-packages/oslo_privsep/daemon.py:503}}[00m
2025-10-14 17:19:24.229 807113 DEBUG os_brick.initiator.connectors.iscsi [req-c5b7d14e-9e89-4635-a938-8e611d1242e0 960a08fcc4d0429e9e879816a305186f 1eef17e93cf14f169df902f14b44a4e3 - - default default] iscsiadm ('--login',): stdout=Logging in to [iface: default, target: iqn.2016-04.com.open-iscsi:d78edfece0b6.hbsd-target, portal: 172.25.59.221,3260]
Login to [iface: default, target: iqn.2016-04.com.open-iscsi:d78edfece0b6.hbsd-target, portal: 172.25.59.221,3260] successful.
 stderr= [00;33m{{(pid=807113) _run_iscsiadm /opt/stack/data/venv/lib/python3.10/site-packages/os_brick/initiator/connectors/iscsi.py:1065}}[00m
2025-10-14 17:19:24.231 826121 DEBUG oslo_concurrency.processutils [-] Running cmd (subprocess): iscsiadm -m node -T iqn.2016-04.com.open-iscsi:d78edfece0b6.hbsd-target -p 172.25.59.221:3260 --op update -n node.startup -v automatic [00;33m{{(pid=826121) execute /opt/stack/data/venv/lib/python3.10/site-packages/oslo_concurrency/processutils.py:349}}[00m
2025-10-14 17:19:24.250 826121 DEBUG oslo_concurrency.processutils [-] CMD "iscsiadm -m node -T iqn.2016-04.com.open-iscsi:d78edfece0b6.hbsd-target -p 172.25.59.221:3260 --op update -n node.startup -v automatic" returned: 0 in 0.019s [00;33m{{(pid=826121) execute /opt/stack/data/venv/lib/python3.10/site-packages/oslo_concurrency/processutils.py:372}}[00m
2025-10-14 17:19:24.251 826121 DEBUG oslo.privsep.daemon [-] privsep: reply[01a45bda-23c3-4933-a089-1bf4caa51f8d]: (4, ('', '')) [00;33m{{(pid=826121) _call_back /opt/stack/data/venv/lib/python3.10/site-packages/oslo_privsep/daemon.py:503}}[00m
2025-10-14 17:19:24.252 807113 DEBUG os_brick.initiator.connectors.iscsi [req-c5b7d14e-9e89-4635-a938-8e611d1242e0 960a08fcc4d0429e9e879816a305186f 1eef17e93cf14f169df902f14b44a4e3 - - default default] iscsiadm ('--op', 'update', '-n', 'node.startup', '-v', 'automatic'): stdout= stderr= [00;33m{{(pid=807113) _run_iscsiadm /opt/stack/data/venv/lib/python3.10/site-packages/os_brick/initiator/connectors/iscsi.py:1065}}[00m
2025-10-14 17:19:24.254 826121 DEBUG oslo_concurrency.processutils [-] Running cmd (subprocess): iscsiadm -m session [00;33m{{(pid=826121) execute /opt/stack/data/venv/lib/python3.10/site-packages/oslo_concurrency/processutils.py:349}}[00m
2025-10-14 17:19:24.275 826121 DEBUG oslo_concurrency.processutils [-] CMD "iscsiadm -m session" returned: 0 in 0.021s [00;33m{{(pid=826121) execute /opt/stack/data/venv/lib/python3.10/site-packages/oslo_concurrency/processutils.py:372}}[00m
2025-10-14 17:19:24.277 826121 DEBUG oslo.privsep.daemon [-] privsep: reply[c3665428-6538-4d21-ac92-6c783d1f247c]: (4, ('tcp: [17] 172.25.59.221:3260,257 iqn.2016-04.com.open-iscsi:d78edfece0b6.hbsd-target (non-flash)\n', '')) [00;33m{{(pid=826121) _call_back /opt/stack/data/venv/lib/python3.10/site-packages/oslo_privsep/daemon.py:503}}[00m
2025-10-14 17:19:24.278 807113 DEBUG os_brick.initiator.connectors.iscsi [req-c5b7d14e-9e89-4635-a938-8e611d1242e0 960a08fcc4d0429e9e879816a305186f 1eef17e93cf14f169df902f14b44a4e3 - - default default] iscsiadm ('-m', 'session'): stdout=tcp: [17] 172.25.59.221:3260,257 iqn.2016-04.com.open-iscsi:d78edfece0b6.hbsd-target (non-flash)
 stderr= [00;33m{{(pid=807113) _run_iscsiadm_bare /opt/stack/data/venv/lib/python3.10/site-packages/os_brick/initiator/connectors/iscsi.py:1221}}[00m
2025-10-14 17:19:24.279 807113 DEBUG os_brick.initiator.connectors.iscsi [req-c5b7d14e-9e89-4635-a938-8e611d1242e0 960a08fcc4d0429e9e879816a305186f 1eef17e93cf14f169df902f14b44a4e3 - - default default] iscsi session list stdout=tcp: [17] 172.25.59.221:3260,257 iqn.2016-04.com.open-iscsi:d78edfece0b6.hbsd-target (non-flash)
 stderr= [00;33m{{(pid=807113) _run_iscsi_session /opt/stack/data/venv/lib/python3.10/site-packages/os_brick/initiator/connectors/iscsi.py:1210}}[00m
2025-10-14 17:19:24.280 807113 DEBUG os_brick.initiator.connectors.base [req-c5b7d14e-9e89-4635-a938-8e611d1242e0 960a08fcc4d0429e9e879816a305186f 1eef17e93cf14f169df902f14b44a4e3 - - default default] Lock "connect_to_iscsi_portal-172.25.59.221:3260-iqn.2016-04.com.open-iscsi:d78edfece0b6.hbsd-target" "released" by "os_brick.initiator.connectors.iscsi.ISCSIConnector._connect_to_iscsi_portal_unsafe" :: held 2.247s [00;33m{{(pid=807113) inner /opt/stack/data/venv/lib/python3.10/site-packages/os_brick/initiator/connectors/base.py:87}}[00m
2025-10-14 17:19:24.281 807113 DEBUG os_brick.initiator.connectors.iscsi [req-c5b7d14e-9e89-4635-a938-8e611d1242e0 960a08fcc4d0429e9e879816a305186f 1eef17e93cf14f169df902f14b44a4e3 - - default default] Connected to 172.25.59.221:3260 [00;33m{{(pid=807113) _connect_vol /opt/stack/data/venv/lib/python3.10/site-packages/os_brick/initiator/connectors/iscsi.py:659}}[00m
2025-10-14 17:19:24.283 807113 DEBUG os_brick.initiator.linuxscsi [req-c5b7d14e-9e89-4635-a938-8e611d1242e0 960a08fcc4d0429e9e879816a305186f 1eef17e93cf14f169df902f14b44a4e3 - - default default] HCTL ('33', '-', '-', 1) found on session 17 with lun 1 [00;33m{{(pid=807113) get_hctl /opt/stack/data/venv/lib/python3.10/site-packages/os_brick/initiator/linuxscsi.py:788}}[00m
2025-10-14 17:19:24.284 807113 DEBUG os_brick.initiator.linuxscsi [req-c5b7d14e-9e89-4635-a938-8e611d1242e0 960a08fcc4d0429e9e879816a305186f 1eef17e93cf14f169df902f14b44a4e3 - - default default] Scanning host 33 c: -, t: -, l: 1) [00;33m{{(pid=807113) scan_iscsi /opt/stack/data/venv/lib/python3.10/site-packages/os_brick/initiator/linuxscsi.py:814}}[00m
2025-10-14 17:19:24.286 826121 DEBUG oslo_concurrency.processutils [-] Running cmd (subprocess): tee -a /sys/class/scsi_host/host33/scan [00;33m{{(pid=826121) execute /opt/stack/data/venv/lib/python3.10/site-packages/oslo_concurrency/processutils.py:349}}[00m
2025-10-14 17:19:24.320 826121 DEBUG oslo_concurrency.processutils [-] CMD "tee -a /sys/class/scsi_host/host33/scan" returned: 0 in 0.034s [00;33m{{(pid=826121) execute /opt/stack/data/venv/lib/python3.10/site-packages/oslo_concurrency/processutils.py:372}}[00m
2025-10-14 17:19:24.321 826121 DEBUG oslo.privsep.daemon [-] privsep: reply[f6579db9-4ec0-4097-a255-788c972b463f]: (4, ('- - 1', '')) [00;33m{{(pid=826121) _call_back /opt/stack/data/venv/lib/python3.10/site-packages/oslo_privsep/daemon.py:503}}[00m
2025-10-14 17:19:24.326 807113 DEBUG os_brick.initiator.linuxscsi [req-c5b7d14e-9e89-4635-a938-8e611d1242e0 960a08fcc4d0429e9e879816a305186f 1eef17e93cf14f169df902f14b44a4e3 - - default default] Searching for a device in session 17 and hctl ['33', '*', '*', 1] yield: sdb [00;33m{{(pid=807113) device_name_by_hctl /opt/stack/data/venv/lib/python3.10/site-packages/os_brick/initiator/linuxscsi.py:808}}[00m
2025-10-14 17:19:24.327 807113 DEBUG os_brick.initiator.connectors.iscsi [req-c5b7d14e-9e89-4635-a938-8e611d1242e0 960a08fcc4d0429e9e879816a305186f 1eef17e93cf14f169df902f14b44a4e3 - - default default] Connected to sdb using {'target_portal': '172.25.59.221:3260', 'target_iqn': 'iqn.2016-04.com.open-iscsi:d78edfece0b6.hbsd-target', 'target_discovered': False, 'target_lun': 1, 'qos_specs': None, 'access_mode': 'rw', 'encrypted': False, 'cacheable': False, 'enforce_multipath': True} [00;33m{{(pid=807113) _connect_vol /opt/stack/data/venv/lib/python3.10/site-packages/os_brick/initiator/connectors/iscsi.py:687}}[00m
2025-10-14 17:19:25.331 807113 DEBUG os_brick.initiator.connectors.base [req-c5b7d14e-9e89-4635-a938-8e611d1242e0 960a08fcc4d0429e9e879816a305186f 1eef17e93cf14f169df902f14b44a4e3 - - default default] Lock "connect_volume" "released" by "os_brick.initiator.connectors.iscsi.ISCSIConnector.connect_volume" :: held 3.324s [00;33m{{(pid=807113) inner /opt/stack/data/venv/lib/python3.10/site-packages/os_brick/initiator/connectors/base.py:87}}[00m
2025-10-14 17:19:25.332 807113 DEBUG os_brick.initiator.connectors.iscsi [req-c5b7d14e-9e89-4635-a938-8e611d1242e0 960a08fcc4d0429e9e879816a305186f 1eef17e93cf14f169df902f14b44a4e3 - - default default] <== connect_volume: return (3326ms) {'type': 'block', 'scsi_wwn': '360060e8008757e000050757e000055f2', 'path': '/dev/sdb'} [00;33m{{(pid=807113) trace_logging_wrapper /opt/stack/data/venv/lib/python3.10/site-packages/os_brick/utils.py:204}}[00m
2025-10-14 17:19:25.333 807113 DEBUG nova.virt.libvirt.volume.iscsi [req-c5b7d14e-9e89-4635-a938-8e611d1242e0 960a08fcc4d0429e9e879816a305186f 1eef17e93cf14f169df902f14b44a4e3 - - default default] [instance: 1c5196e6-48bf-42c2-95c5-4db2adce84ba] Attached iSCSI volume {'type': 'block', 'scsi_wwn': '360060e8008757e000050757e000055f2', 'path': '/dev/sdb'} [00;33m{{(pid=807113) connect_volume /opt/stack/nova/nova/virt/libvirt/volume/iscsi.py:66}}[00m
2025-10-14 17:19:25.342 807113 DEBUG nova.objects.instance [req-c5b7d14e-9e89-4635-a938-8e611d1242e0 960a08fcc4d0429e9e879816a305186f 1eef17e93cf14f169df902f14b44a4e3 - - default default] Lazy-loading 'flavor' on Instance uuid 1c5196e6-48bf-42c2-95c5-4db2adce84ba [00;33m{{(pid=807113) obj_load_attr /opt/stack/nova/nova/objects/instance.py:1141}}[00m
2025-10-14 17:19:25.856 807113 DEBUG nova.virt.libvirt.guest [req-c5b7d14e-9e89-4635-a938-8e611d1242e0 960a08fcc4d0429e9e879816a305186f 1eef17e93cf14f169df902f14b44a4e3 - - default default] attach device xml: <disk type="block" device="disk">
  <driver name="qemu" type="raw" cache="none" io="native"/>
  <alias name="ua-6143228d-e127-4fba-8b40-e8d79c7b0c72"/>
  <source dev="/dev/sdb"/>
  <target dev="vdb" bus="virtio"/>
  <serial>6143228d-e127-4fba-8b40-e8d79c7b0c72</serial>
</disk>
 [00;33m{{(pid=807113) attach_device /opt/stack/nova/nova/virt/libvirt/guest.py:336}}[00m
2025-10-14 17:19:26.491 807113 DEBUG ovsdbapp.backend.ovs_idl.vlog [-] [POLLIN] on fd 24 [00;33m{{(pid=807113) __log_wakeup /opt/stack/data/venv/lib/python3.10/site-packages/ovs/poller.py:263}}[00m
2025-10-14 17:19:27.755 807113 DEBUG nova.virt.libvirt.driver [req-c5b7d14e-9e89-4635-a938-8e611d1242e0 960a08fcc4d0429e9e879816a305186f 1eef17e93cf14f169df902f14b44a4e3 - - default default] No BDM found with device name vda, not building metadata. [00;33m{{(pid=807113) _build_disk_metadata /opt/stack/nova/nova/virt/libvirt/driver.py:12818}}[00m
2025-10-14 17:19:27.756 807113 DEBUG nova.virt.libvirt.driver [req-c5b7d14e-9e89-4635-a938-8e611d1242e0 960a08fcc4d0429e9e879816a305186f 1eef17e93cf14f169df902f14b44a4e3 - - default default] No BDM found with device name vdb, not building metadata. [00;33m{{(pid=807113) _build_disk_metadata /opt/stack/nova/nova/virt/libvirt/driver.py:12818}}[00m
2025-10-14 17:19:27.757 807113 DEBUG nova.virt.libvirt.driver [req-c5b7d14e-9e89-4635-a938-8e611d1242e0 960a08fcc4d0429e9e879816a305186f 1eef17e93cf14f169df902f14b44a4e3 - - default default] No VIF found with MAC fa:16:3e:55:eb:ee, not building metadata [00;33m{{(pid=807113) _build_interface_metadata /opt/stack/nova/nova/virt/libvirt/driver.py:12794}}[00m
2025-10-14 17:19:31.494 807113 DEBUG ovsdbapp.backend.ovs_idl.vlog [-] [POLLIN] on fd 24 [00;33m{{(pid=807113) __log_wakeup /opt/stack/data/venv/lib/python3.10/site-packages/ovs/poller.py:263}}[00m
2025-10-14 17:19:36.497 807113 DEBUG ovsdbapp.backend.ovs_idl.vlog [-] [POLLIN] on fd 24 [00;33m{{(pid=807113) __log_wakeup /opt/stack/data/venv/lib/python3.10/site-packages/ovs/poller.py:263}}[00m
2025-10-14 17:19:48.476 807113 DEBUG ovsdbapp.backend.ovs_idl.vlog [-] 0-ms timeout [00;33m{{(pid=807113) __log_wakeup /opt/stack/data/venv/lib/python3.10/site-packages/ovs/poller.py:248}}[00m
2025-10-14 17:19:48.481 807113 DEBUG ovsdbapp.backend.ovs_idl.vlog [-] 0-ms timeout [00;33m{{(pid=807113) __log_wakeup /opt/stack/data/venv/lib/python3.10/site-packages/ovs/poller.py:248}}[00m
2025-10-14 17:19:48.482 807113 DEBUG ovsdbapp.backend.ovs_idl.vlog [-] tcp:127.0.0.1:6640: entering BACKOFF [00;33m{{(pid=807113) _transition /opt/stack/data/venv/lib/python3.10/site-packages/ovs/reconnect.py:519}}[00m
2025-10-14 17:19:49.483 807113 DEBUG ovsdbapp.backend.ovs_idl.vlog [-] 999-ms timeout [00;33m{{(pid=807113) __log_wakeup /opt/stack/data/venv/lib/python3.10/site-packages/ovs/poller.py:248}}[00m
2025-10-14 17:19:49.485 807113 DEBUG ovsdbapp.backend.ovs_idl.vlog [-] tcp:127.0.0.1:6640: entering CONNECTING [00;33m{{(pid=807113) _transition /opt/stack/data/venv/lib/python3.10/site-packages/ovs/reconnect.py:519}}[00m
2025-10-14 17:19:49.486 807113 DEBUG ovsdbapp.backend.ovs_idl.vlog [-] [POLLOUT] on fd 24 [00;33m{{(pid=807113) __log_wakeup /opt/stack/data/venv/lib/python3.10/site-packages/ovs/poller.py:263}}[00m
2025-10-14 17:19:49.487 807113 DEBUG ovsdbapp.backend.ovs_idl.vlog [-] tcp:127.0.0.1:6640: entering ACTIVE [00;33m{{(pid=807113) _transition /opt/stack/data/venv/lib/python3.10/site-packages/ovs/reconnect.py:519}}[00m
2025-10-14 17:19:49.489 807113 DEBUG ovsdbapp.backend.ovs_idl.vlog [-] [POLLIN] on fd 24 [00;33m{{(pid=807113) __log_wakeup /opt/stack/data/venv/lib/python3.10/site-packages/ovs/poller.py:263}}[00m
2025-10-14 17:19:49.494 807113 DEBUG ovsdbapp.backend.ovs_idl.vlog [-] [POLLIN] on fd 24 [00;33m{{(pid=807113) __log_wakeup /opt/stack/data/venv/lib/python3.10/site-packages/ovs/poller.py:263}}[00m
2025-10-14 17:19:49.556 807113 DEBUG ovsdbapp.backend.ovs_idl.vlog [-] [POLLIN] on fd 24 [00;33m{{(pid=807113) __log_wakeup /opt/stack/data/venv/lib/python3.10/site-packages/ovs/poller.py:263}}[00m
2025-10-14 17:19:50.584 807113 DEBUG oslo_concurrency.lockutils [req-c5b7d14e-9e89-4635-a938-8e611d1242e0 960a08fcc4d0429e9e879816a305186f 1eef17e93cf14f169df902f14b44a4e3 - - default default] Lock "1c5196e6-48bf-42c2-95c5-4db2adce84ba" "released" by "nova.compute.manager.ComputeManager.attach_volume.<locals>.do_attach_volume" :: held 43.359s [00;33m{{(pid=807113) inner /opt/stack/data/venv/lib/python3.10/site-packages/oslo_concurrency/lockutils.py:424}}[00m
2025-10-14 17:19:50.927 807113 DEBUG oslo_concurrency.lockutils [req-1517dfc1-f4bc-448c-b495-020e3519d473 960a08fcc4d0429e9e879816a305186f 1eef17e93cf14f169df902f14b44a4e3 - - default default] Acquiring lock "1c5196e6-48bf-42c2-95c5-4db2adce84ba" by "nova.compute.manager.ComputeManager.reserve_block_device_name.<locals>.do_reserve" [00;33m{{(pid=807113) inner /opt/stack/data/venv/lib/python3.10/site-packages/oslo_concurrency/lockutils.py:405}}[00m
2025-10-14 17:19:50.928 807113 DEBUG oslo_concurrency.lockutils [req-1517dfc1-f4bc-448c-b495-020e3519d473 960a08fcc4d0429e9e879816a305186f 1eef17e93cf14f169df902f14b44a4e3 - - default default] Lock "1c5196e6-48bf-42c2-95c5-4db2adce84ba" acquired by "nova.compute.manager.ComputeManager.reserve_block_device_name.<locals>.do_reserve" :: waited 0.001s [00;33m{{(pid=807113) inner /opt/stack/data/venv/lib/python3.10/site-packages/oslo_concurrency/lockutils.py:410}}[00m
2025-10-14 17:19:51.438 807113 DEBUG nova.objects.instance [req-1517dfc1-f4bc-448c-b495-020e3519d473 960a08fcc4d0429e9e879816a305186f 1eef17e93cf14f169df902f14b44a4e3 - - default default] Lazy-loading 'flavor' on Instance uuid 1c5196e6-48bf-42c2-95c5-4db2adce84ba [00;33m{{(pid=807113) obj_load_attr /opt/stack/nova/nova/objects/instance.py:1141}}[00m
2025-10-14 17:19:52.454 807113 DEBUG oslo_concurrency.lockutils [req-1517dfc1-f4bc-448c-b495-020e3519d473 960a08fcc4d0429e9e879816a305186f 1eef17e93cf14f169df902f14b44a4e3 - - default default] Lock "1c5196e6-48bf-42c2-95c5-4db2adce84ba" "released" by "nova.compute.manager.ComputeManager.reserve_block_device_name.<locals>.do_reserve" :: held 1.526s [00;33m{{(pid=807113) inner /opt/stack/data/venv/lib/python3.10/site-packages/oslo_concurrency/lockutils.py:424}}[00m
2025-10-14 17:19:53.638 807113 DEBUG oslo_concurrency.lockutils [req-1517dfc1-f4bc-448c-b495-020e3519d473 960a08fcc4d0429e9e879816a305186f 1eef17e93cf14f169df902f14b44a4e3 - - default default] Acquiring lock "1c5196e6-48bf-42c2-95c5-4db2adce84ba" by "nova.compute.manager.ComputeManager.attach_volume.<locals>.do_attach_volume" [00;33m{{(pid=807113) inner /opt/stack/data/venv/lib/python3.10/site-packages/oslo_concurrency/lockutils.py:405}}[00m
2025-10-14 17:19:53.640 807113 DEBUG oslo_concurrency.lockutils [req-1517dfc1-f4bc-448c-b495-020e3519d473 960a08fcc4d0429e9e879816a305186f 1eef17e93cf14f169df902f14b44a4e3 - - default default] Lock "1c5196e6-48bf-42c2-95c5-4db2adce84ba" acquired by "nova.compute.manager.ComputeManager.attach_volume.<locals>.do_attach_volume" :: waited 0.001s [00;33m{{(pid=807113) inner /opt/stack/data/venv/lib/python3.10/site-packages/oslo_concurrency/lockutils.py:410}}[00m
2025-10-14 17:19:53.640 807113 INFO nova.compute.manager [req-1517dfc1-f4bc-448c-b495-020e3519d473 960a08fcc4d0429e9e879816a305186f 1eef17e93cf14f169df902f14b44a4e3 - - default default] [instance: 1c5196e6-48bf-42c2-95c5-4db2adce84ba] Attaching volume 73706d59-5ba8-4c8e-8953-1fad2944615a to /dev/vdc
2025-10-14 17:19:53.720 807113 DEBUG os_brick.utils [req-1517dfc1-f4bc-448c-b495-020e3519d473 960a08fcc4d0429e9e879816a305186f 1eef17e93cf14f169df902f14b44a4e3 - - default default] ==> get_connector_properties: call "{'root_helper': 'sudo nova-rootwrap /etc/nova/rootwrap.conf', 'my_ip': '172.25.93.55', 'multipath': False, 'enforce_multipath': True, 'host': 'devstack-u2204-93-55', 'execute': None}" [00;33m{{(pid=807113) trace_logging_wrapper /opt/stack/data/venv/lib/python3.10/site-packages/os_brick/utils.py:177}}[00m
2025-10-14 17:19:53.722 826121 DEBUG oslo_concurrency.processutils [-] Running cmd (subprocess): cat /etc/iscsi/initiatorname.iscsi [00;33m{{(pid=826121) execute /opt/stack/data/venv/lib/python3.10/site-packages/oslo_concurrency/processutils.py:349}}[00m
2025-10-14 17:19:53.737 826121 DEBUG oslo_concurrency.processutils [-] CMD "cat /etc/iscsi/initiatorname.iscsi" returned: 0 in 0.015s [00;33m{{(pid=826121) execute /opt/stack/data/venv/lib/python3.10/site-packages/oslo_concurrency/processutils.py:372}}[00m
2025-10-14 17:19:53.737 826121 DEBUG oslo.privsep.daemon [-] privsep: reply[1f34f9be-e370-4579-a8ae-630df47a1a92]: (4, ('InitiatorName=iqn.2016-04.com.open-iscsi:851997e07f81\n', '')) [00;33m{{(pid=826121) _call_back /opt/stack/data/venv/lib/python3.10/site-packages/oslo_privsep/daemon.py:503}}[00m
2025-10-14 17:19:53.741 826121 DEBUG oslo_concurrency.processutils [-] Running cmd (subprocess): findmnt -v / -n -o SOURCE [00;33m{{(pid=826121) execute /opt/stack/data/venv/lib/python3.10/site-packages/oslo_concurrency/processutils.py:349}}[00m
2025-10-14 17:19:53.758 826121 DEBUG oslo_concurrency.processutils [-] CMD "findmnt -v / -n -o SOURCE" returned: 0 in 0.017s [00;33m{{(pid=826121) execute /opt/stack/data/venv/lib/python3.10/site-packages/oslo_concurrency/processutils.py:372}}[00m
2025-10-14 17:19:53.759 826121 DEBUG oslo.privsep.daemon [-] privsep: reply[8b994e2a-5c35-4ecd-9275-13ba4cb875c6]: (4, ('/dev/sda2\n', '')) [00;33m{{(pid=826121) _call_back /opt/stack/data/venv/lib/python3.10/site-packages/oslo_privsep/daemon.py:503}}[00m
2025-10-14 17:19:53.761 826121 DEBUG oslo_concurrency.processutils [-] Running cmd (subprocess): blkid /dev/sda2 -s UUID -o value [00;33m{{(pid=826121) execute /opt/stack/data/venv/lib/python3.10/site-packages/oslo_concurrency/processutils.py:349}}[00m
2025-10-14 17:19:53.783 826121 DEBUG oslo_concurrency.processutils [-] CMD "blkid /dev/sda2 -s UUID -o value" returned: 0 in 0.021s [00;33m{{(pid=826121) execute /opt/stack/data/venv/lib/python3.10/site-packages/oslo_concurrency/processutils.py:372}}[00m
2025-10-14 17:19:53.784 826121 DEBUG oslo.privsep.daemon [-] privsep: reply[3e934c7f-9328-4489-8720-e69bd2d7b7a5]: (4, ('849a1340-77d5-4de3-852c-cf0210ca78af\n', '')) [00;33m{{(pid=826121) _call_back /opt/stack/data/venv/lib/python3.10/site-packages/oslo_privsep/daemon.py:503}}[00m
2025-10-14 17:19:53.787 826121 DEBUG oslo.privsep.daemon [-] privsep: reply[dbe9b4f8-ae80-431f-8238-8ac4a0da95c0]: (4, '89b11b42-6ca2-76fb-88b9-4b0fae22b322') [00;33m{{(pid=826121) _call_back /opt/stack/data/venv/lib/python3.10/site-packages/oslo_privsep/daemon.py:503}}[00m
