2025-10-14 23:39:16.315 1321246 DEBUG oslo_concurrency.lockutils [req-880c794d-6189-46d9-ad77-51af90c09a00 - - - - - -] Lock "compute_resources" "released" by "nova.compute.resource_tracker.ResourceTracker.clean_compute_node_cache" :: held 0.001s [00;33m{{(pid=1321246) inner /opt/stack/data/venv/lib/python3.10/site-packages/oslo_concurrency/lockutils.py:424}}[00m
2025-10-14 23:39:16.316 1321246 DEBUG nova.compute.resource_tracker [req-880c794d-6189-46d9-ad77-51af90c09a00 - - - - - -] Auditing locally available compute resources for devstack-u2204-93-55 (node: devstack-u2204-93-55) [00;33m{{(pid=1321246) update_available_resource /opt/stack/nova/nova/compute/resource_tracker.py:907}}[00m
2025-10-14 23:39:17.378 1321246 DEBUG oslo_concurrency.processutils [req-880c794d-6189-46d9-ad77-51af90c09a00 - - - - - -] Running cmd (subprocess): /opt/stack/data/venv/bin/python3.10 -m oslo_concurrency.prlimit --as=1073741824 --cpu=30 -- env LC_ALL=C LANG=C qemu-img info /opt/stack/data/nova/instances/3c7806b0-719d-499d-86f9-be85e06bbbe1/disk --force-share --output=json [00;33m{{(pid=1321246) execute /opt/stack/data/venv/lib/python3.10/site-packages/oslo_concurrency/processutils.py:349}}[00m
2025-10-14 23:39:17.488 1321246 DEBUG oslo_concurrency.processutils [req-880c794d-6189-46d9-ad77-51af90c09a00 - - - - - -] CMD "/opt/stack/data/venv/bin/python3.10 -m oslo_concurrency.prlimit --as=1073741824 --cpu=30 -- env LC_ALL=C LANG=C qemu-img info /opt/stack/data/nova/instances/3c7806b0-719d-499d-86f9-be85e06bbbe1/disk --force-share --output=json" returned: 0 in 0.110s [00;33m{{(pid=1321246) execute /opt/stack/data/venv/lib/python3.10/site-packages/oslo_concurrency/processutils.py:372}}[00m
2025-10-14 23:39:17.491 1321246 DEBUG oslo_concurrency.processutils [req-880c794d-6189-46d9-ad77-51af90c09a00 - - - - - -] Running cmd (subprocess): /opt/stack/data/venv/bin/python3.10 -m oslo_concurrency.prlimit --as=1073741824 --cpu=30 -- env LC_ALL=C LANG=C qemu-img info /opt/stack/data/nova/instances/3c7806b0-719d-499d-86f9-be85e06bbbe1/disk --force-share --output=json [00;33m{{(pid=1321246) execute /opt/stack/data/venv/lib/python3.10/site-packages/oslo_concurrency/processutils.py:349}}[00m
2025-10-14 23:39:17.596 1321246 DEBUG oslo_concurrency.processutils [req-880c794d-6189-46d9-ad77-51af90c09a00 - - - - - -] CMD "/opt/stack/data/venv/bin/python3.10 -m oslo_concurrency.prlimit --as=1073741824 --cpu=30 -- env LC_ALL=C LANG=C qemu-img info /opt/stack/data/nova/instances/3c7806b0-719d-499d-86f9-be85e06bbbe1/disk --force-share --output=json" returned: 0 in 0.104s [00;33m{{(pid=1321246) execute /opt/stack/data/venv/lib/python3.10/site-packages/oslo_concurrency/processutils.py:372}}[00m
2025-10-14 23:39:17.860 1321246 DEBUG oslo_concurrency.processutils [req-880c794d-6189-46d9-ad77-51af90c09a00 - - - - - -] Running cmd (subprocess): env LANG=C uptime [00;33m{{(pid=1321246) execute /opt/stack/data/venv/lib/python3.10/site-packages/oslo_concurrency/processutils.py:349}}[00m
2025-10-14 23:39:17.898 1321246 DEBUG oslo_concurrency.processutils [req-880c794d-6189-46d9-ad77-51af90c09a00 - - - - - -] CMD "env LANG=C uptime" returned: 0 in 0.038s [00;33m{{(pid=1321246) execute /opt/stack/data/venv/lib/python3.10/site-packages/oslo_concurrency/processutils.py:372}}[00m
2025-10-14 23:39:17.902 1321246 DEBUG nova.compute.resource_tracker [req-880c794d-6189-46d9-ad77-51af90c09a00 - - - - - -] Hypervisor/Node resource view: name=devstack-u2204-93-55 free_ram=13727MB free_disk=171.23776626586914GB free_vcpus=7 pci_devices=[{"dev_id": "pci_0000_00_07_1", "address": "0000:00:07.1", "product_id": "7111", "vendor_id": "8086", "numa_node": null, "label": "label_8086_7111", "dev_type": "type-PCI"}, {"dev_id": "pci_0000_02_02_0", "address": "0000:02:02.0", "product_id": "07e0", "vendor_id": "15ad", "numa_node": null, "label": "label_15ad_07e0", "dev_type": "type-PCI"}, {"dev_id": "pci_0000_00_00_0", "address": "0000:00:00.0", "product_id": "7190", "vendor_id": "8086", "numa_node": null, "label": "label_8086_7190", "dev_type": "type-PCI"}, {"dev_id": "pci_0000_02_01_0", "address": "0000:02:01.0", "product_id": "07b0", "vendor_id": "15ad", "numa_node": null, "label": "label_15ad_07b0", "dev_type": "type-PCI"}, {"dev_id": "pci_0000_00_07_0", "address": "0000:00:07.0", "product_id": "7110", "vendor_id": "8086", "numa_node": null, "label": "label_8086_7110", "dev_type": "type-PCI"}, {"dev_id": "pci_0000_00_01_0", "address": "0000:00:01.0", "product_id": "7191", "vendor_id": "8086", "numa_node": null, "label": "label_8086_7191", "dev_type": "type-PCI"}, {"dev_id": "pci_0000_00_07_7", "address": "0000:00:07.7", "product_id": "0740", "vendor_id": "15ad", "numa_node": null, "label": "label_15ad_0740", "dev_type": "type-PCI"}, {"dev_id": "pci_0000_00_0f_0", "address": "0000:00:0f.0", "product_id": "0405", "vendor_id": "15ad", "numa_node": null, "label": "label_15ad_0405", "dev_type": "type-PCI"}, {"dev_id": "pci_0000_00_07_3", "address": "0000:00:07.3", "product_id": "7113", "vendor_id": "8086", "numa_node": null, "label": "label_8086_7113", "dev_type": "type-PCI"}, {"dev_id": "pci_0000_02_00_0", "address": "0000:02:00.0", "product_id": "07c0", "vendor_id": "15ad", "numa_node": null, "label": "label_15ad_07c0", "dev_type": "type-PCI"}] [00;33m{{(pid=1321246) _report_hypervisor_resource_view /opt/stack/nova/nova/compute/resource_tracker.py:1106}}[00m
2025-10-14 23:39:17.903 1321246 DEBUG oslo_concurrency.lockutils [req-880c794d-6189-46d9-ad77-51af90c09a00 - - - - - -] Acquiring lock "compute_resources" by "nova.compute.resource_tracker.ResourceTracker._update_available_resource" [00;33m{{(pid=1321246) inner /opt/stack/data/venv/lib/python3.10/site-packages/oslo_concurrency/lockutils.py:405}}[00m
2025-10-14 23:39:17.905 1321246 DEBUG oslo_concurrency.lockutils [req-880c794d-6189-46d9-ad77-51af90c09a00 - - - - - -] Lock "compute_resources" acquired by "nova.compute.resource_tracker.ResourceTracker._update_available_resource" :: waited 0.002s [00;33m{{(pid=1321246) inner /opt/stack/data/venv/lib/python3.10/site-packages/oslo_concurrency/lockutils.py:410}}[00m
2025-10-14 23:39:18.982 1321246 DEBUG nova.compute.resource_tracker [req-880c794d-6189-46d9-ad77-51af90c09a00 - - - - - -] Instance 3c7806b0-719d-499d-86f9-be85e06bbbe1 actively managed on this compute host and has allocations in placement: {'resources': {'DISK_GB': 1, 'MEMORY_MB': 192, 'VCPU': 1}}. [00;33m{{(pid=1321246) _remove_deleted_instances_allocations /opt/stack/nova/nova/compute/resource_tracker.py:1710}}[00m
2025-10-14 23:39:18.983 1321246 DEBUG nova.compute.resource_tracker [req-880c794d-6189-46d9-ad77-51af90c09a00 - - - - - -] Total usable vcpus: 8, total allocated vcpus: 1 [00;33m{{(pid=1321246) _report_final_resource_view /opt/stack/nova/nova/compute/resource_tracker.py:1129}}[00m
2025-10-14 23:39:18.984 1321246 DEBUG nova.compute.resource_tracker [req-880c794d-6189-46d9-ad77-51af90c09a00 - - - - - -] Final resource view: name=devstack-u2204-93-55 phys_ram=24031MB used_ram=704MB phys_disk=194GB used_disk=1GB total_vcpus=8 used_vcpus=1 pci_stats=[] stats={'failed_builds': '0', 'uptime': ' 23:39:17 up 1 day, 13:06,  3 users,  load average: 1.52, 2.09, 2.09\n', 'num_instances': '1', 'num_vm_active': '1', 'num_task_None': '1', 'num_os_type_None': '1', 'num_proj_5d0448d7eca14e84be7af5d73f6bd894': '1', 'io_workload': '0'} [00;33m{{(pid=1321246) _report_final_resource_view /opt/stack/nova/nova/compute/resource_tracker.py:1138}}[00m
2025-10-14 23:39:19.080 1321246 DEBUG nova.compute.provider_tree [req-880c794d-6189-46d9-ad77-51af90c09a00 - - - - - -] Inventory has not changed in ProviderTree for provider: 22756060-c394-42cf-a941-e9e72fd08606 [00;33m{{(pid=1321246) update_inventory /opt/stack/nova/nova/compute/provider_tree.py:180}}[00m
2025-10-14 23:39:19.588 1321246 DEBUG nova.scheduler.client.report [req-880c794d-6189-46d9-ad77-51af90c09a00 - - - - - -] Inventory has not changed for provider 22756060-c394-42cf-a941-e9e72fd08606 based on inventory data: {'VCPU': {'total': 8, 'reserved': 0, 'min_unit': 1, 'max_unit': 8, 'step_size': 1, 'allocation_ratio': 100.0}, 'MEMORY_MB': {'total': 24031, 'reserved': 512, 'min_unit': 1, 'max_unit': 24031, 'step_size': 1, 'allocation_ratio': 100.0}, 'DISK_GB': {'total': 194, 'reserved': 0, 'min_unit': 1, 'max_unit': 194, 'step_size': 1, 'allocation_ratio': 100.0}} [00;33m{{(pid=1321246) set_inventory_for_provider /opt/stack/nova/nova/scheduler/client/report.py:958}}[00m
2025-10-14 23:39:20.111 1321246 DEBUG nova.compute.resource_tracker [req-880c794d-6189-46d9-ad77-51af90c09a00 - - - - - -] Compute_service record updated for devstack-u2204-93-55:devstack-u2204-93-55 [00;33m{{(pid=1321246) _update_available_resource /opt/stack/nova/nova/compute/resource_tracker.py:1067}}[00m
2025-10-14 23:39:20.112 1321246 DEBUG oslo_concurrency.lockutils [req-880c794d-6189-46d9-ad77-51af90c09a00 - - - - - -] Lock "compute_resources" "released" by "nova.compute.resource_tracker.ResourceTracker._update_available_resource" :: held 2.207s [00;33m{{(pid=1321246) inner /opt/stack/data/venv/lib/python3.10/site-packages/oslo_concurrency/lockutils.py:424}}[00m
2025-10-14 23:39:20.387 1321246 DEBUG ovsdbapp.backend.ovs_idl.vlog [-] [POLLIN] on fd 25 [00;33m{{(pid=1321246) __log_wakeup /opt/stack/data/venv/lib/python3.10/site-packages/ovs/poller.py:263}}[00m
2025-10-14 23:39:22.090 1321246 DEBUG oslo_concurrency.lockutils [req-65879345-b4a3-44b5-a3ba-7bfc35cfd8cf 91fb116ea0a3439e9e6a98f94c019ff0 5d0448d7eca14e84be7af5d73f6bd894 - - default default] Acquiring lock "cache_volume_driver" by "nova.virt.libvirt.driver.LibvirtDriver._get_volume_driver.<locals>._cache_volume_driver" [00;33m{{(pid=1321246) inner /opt/stack/data/venv/lib/python3.10/site-packages/oslo_concurrency/lockutils.py:405}}[00m
2025-10-14 23:39:22.091 1321246 DEBUG oslo_concurrency.lockutils [req-65879345-b4a3-44b5-a3ba-7bfc35cfd8cf 91fb116ea0a3439e9e6a98f94c019ff0 5d0448d7eca14e84be7af5d73f6bd894 - - default default] Lock "cache_volume_driver" acquired by "nova.virt.libvirt.driver.LibvirtDriver._get_volume_driver.<locals>._cache_volume_driver" :: waited 0.001s [00;33m{{(pid=1321246) inner /opt/stack/data/venv/lib/python3.10/site-packages/oslo_concurrency/lockutils.py:410}}[00m
2025-10-14 23:39:22.098 1321246 DEBUG os_brick.initiator.connector [req-65879345-b4a3-44b5-a3ba-7bfc35cfd8cf 91fb116ea0a3439e9e6a98f94c019ff0 5d0448d7eca14e84be7af5d73f6bd894 - - default default] Factory for ISCSI on None [00;33m{{(pid=1321246) factory /opt/stack/data/venv/lib/python3.10/site-packages/os_brick/initiator/connector.py:281}}[00m
2025-10-14 23:39:22.100 1321246 DEBUG oslo_concurrency.lockutils [req-65879345-b4a3-44b5-a3ba-7bfc35cfd8cf 91fb116ea0a3439e9e6a98f94c019ff0 5d0448d7eca14e84be7af5d73f6bd894 - - default default] Lock "cache_volume_driver" "released" by "nova.virt.libvirt.driver.LibvirtDriver._get_volume_driver.<locals>._cache_volume_driver" :: held 0.008s [00;33m{{(pid=1321246) inner /opt/stack/data/venv/lib/python3.10/site-packages/oslo_concurrency/lockutils.py:424}}[00m
2025-10-14 23:39:22.101 1321246 DEBUG nova.virt.libvirt.volume.iscsi [req-65879345-b4a3-44b5-a3ba-7bfc35cfd8cf 91fb116ea0a3439e9e6a98f94c019ff0 5d0448d7eca14e84be7af5d73f6bd894 - - default default] [instance: 3c7806b0-719d-499d-86f9-be85e06bbbe1] Calling os-brick to attach iSCSI Volume [00;33m{{(pid=1321246) connect_volume /opt/stack/nova/nova/virt/libvirt/volume/iscsi.py:64}}[00m
2025-10-14 23:39:22.102 1321246 DEBUG os_brick.initiator.connectors.iscsi [req-65879345-b4a3-44b5-a3ba-7bfc35cfd8cf 91fb116ea0a3439e9e6a98f94c019ff0 5d0448d7eca14e84be7af5d73f6bd894 - - default default] ==> connect_volume: call "{'self': <os_brick.initiator.connectors.iscsi.ISCSIConnector object at 0x7957a46c8fa0>, 'connection_properties': {'target_portal': '172.25.59.221:3260', 'target_iqn': 'iqn.2016-04.com.open-iscsi:d78edfece0b6.hbsd-target', 'target_discovered': False, 'target_lun': 0, 'qos_specs': None, 'access_mode': 'rw', 'encrypted': False, 'cacheable': False, 'enforce_multipath': True}}" [00;33m{{(pid=1321246) trace_logging_wrapper /opt/stack/data/venv/lib/python3.10/site-packages/os_brick/utils.py:177}}[00m
2025-10-14 23:39:22.103 1321246 DEBUG os_brick.initiator.connectors.base [req-65879345-b4a3-44b5-a3ba-7bfc35cfd8cf 91fb116ea0a3439e9e6a98f94c019ff0 5d0448d7eca14e84be7af5d73f6bd894 - - default default] Acquiring lock "connect_volume" by "os_brick.initiator.connectors.iscsi.ISCSIConnector.connect_volume" [00;33m{{(pid=1321246) inner /opt/stack/data/venv/lib/python3.10/site-packages/os_brick/initiator/connectors/base.py:68}}[00m
2025-10-14 23:39:22.105 1321246 DEBUG os_brick.initiator.connectors.base [req-65879345-b4a3-44b5-a3ba-7bfc35cfd8cf 91fb116ea0a3439e9e6a98f94c019ff0 5d0448d7eca14e84be7af5d73f6bd894 - - default default] Lock "connect_volume" acquired by "os_brick.initiator.connectors.iscsi.ISCSIConnector.connect_volume" :: waited 0.002s [00;33m{{(pid=1321246) inner /opt/stack/data/venv/lib/python3.10/site-packages/os_brick/initiator/connectors/base.py:73}}[00m
2025-10-14 23:39:22.106 1321246 DEBUG os_brick.initiator.connectors.base [req-65879345-b4a3-44b5-a3ba-7bfc35cfd8cf 91fb116ea0a3439e9e6a98f94c019ff0 5d0448d7eca14e84be7af5d73f6bd894 - - default default] Connection properties {'target_portal': '172.25.59.221:3260', 'target_iqn': 'iqn.2016-04.com.open-iscsi:d78edfece0b6.hbsd-target', 'target_discovered': False, 'target_lun': 0, 'qos_specs': None, 'access_mode': 'rw', 'encrypted': False, 'cacheable': False, 'enforce_multipath': True} [00;33m{{(pid=1321246) check_multipath /opt/stack/data/venv/lib/python3.10/site-packages/os_brick/initiator/connectors/base.py:133}}[00m
2025-10-14 23:39:22.108 1343727 DEBUG oslo_concurrency.processutils [-] Running cmd (subprocess): multipathd show status [00;33m{{(pid=1343727) execute /opt/stack/data/venv/lib/python3.10/site-packages/oslo_concurrency/processutils.py:349}}[00m
2025-10-14 23:39:22.114 1321246 DEBUG oslo_service.periodic_task [req-880c794d-6189-46d9-ad77-51af90c09a00 - - - - - -] Running periodic task ComputeManager._poll_rescued_instances [00;33m{{(pid=1321246) run_periodic_tasks /opt/stack/data/venv/lib/python3.10/site-packages/oslo_service/periodic_task.py:210}}[00m
2025-10-14 23:39:22.122 1343727 DEBUG oslo_concurrency.processutils [-] 'multipathd show status' failed. Not Retrying. [00;33m{{(pid=1343727) execute /opt/stack/data/venv/lib/python3.10/site-packages/oslo_concurrency/processutils.py:423}}[00m
2025-10-14 23:39:22.123 1343727 DEBUG oslo.privsep.daemon [-] privsep: Exception during request[596aad2e-1e2e-4dcf-ba69-cff6ff20de6e]: [Errno 2] No such file or directory: 'multipathd' [00;33m{{(pid=1343727) _process_cmd /opt/stack/data/venv/lib/python3.10/site-packages/oslo_privsep/daemon.py:481}}[00m
Traceback (most recent call last):
  File "/opt/stack/data/venv/lib/python3.10/site-packages/oslo_privsep/daemon.py", line 478, in _process_cmd
    ret = func(*f_args, **f_kwargs)
  File "/opt/stack/data/venv/lib/python3.10/site-packages/oslo_privsep/priv_context.py", line 266, in _wrap
    return func(*args, **kwargs)
  File "/opt/stack/data/venv/lib/python3.10/site-packages/os_brick/privileged/rootwrap.py", line 198, in execute_root
    return custom_execute(*cmd, shell=False, run_as_root=False, **kwargs)
  File "/opt/stack/data/venv/lib/python3.10/site-packages/os_brick/privileged/rootwrap.py", line 146, in custom_execute
    return putils.execute(on_execute=on_execute,
  File "/opt/stack/data/venv/lib/python3.10/site-packages/oslo_concurrency/processutils.py", line 354, in execute
    obj = subprocess.Popen(cmd,
  File "/usr/lib/python3.10/subprocess.py", line 971, in __init__
    self._execute_child(args, executable, preexec_fn, close_fds,
  File "/usr/lib/python3.10/subprocess.py", line 1863, in _execute_child
    raise child_exception_type(errno_num, err_msg, err_filename)
FileNotFoundError: [Errno 2] No such file or directory: 'multipathd'
2025-10-14 23:39:22.128 1343727 DEBUG oslo.privsep.daemon [-] privsep: reply[596aad2e-1e2e-4dcf-ba69-cff6ff20de6e]: (5, 'builtins.FileNotFoundError', (2, 'No such file or directory')) [00;33m{{(pid=1343727) _call_back /opt/stack/data/venv/lib/python3.10/site-packages/oslo_privsep/daemon.py:503}}[00m
2025-10-14 23:39:22.130 1321246 DEBUG os_brick.initiator.connectors.base [req-65879345-b4a3-44b5-a3ba-7bfc35cfd8cf 91fb116ea0a3439e9e6a98f94c019ff0 5d0448d7eca14e84be7af5d73f6bd894 - - default default] Acquiring lock "connect_to_iscsi_portal-172.25.59.221:3260-iqn.2016-04.com.open-iscsi:d78edfece0b6.hbsd-target" by "os_brick.initiator.connectors.iscsi.ISCSIConnector._connect_to_iscsi_portal_unsafe" [00;33m{{(pid=1321246) inner /opt/stack/data/venv/lib/python3.10/site-packages/os_brick/initiator/connectors/base.py:68}}[00m
2025-10-14 23:39:22.132 1321246 DEBUG os_brick.initiator.connectors.base [req-65879345-b4a3-44b5-a3ba-7bfc35cfd8cf 91fb116ea0a3439e9e6a98f94c019ff0 5d0448d7eca14e84be7af5d73f6bd894 - - default default] Lock "connect_to_iscsi_portal-172.25.59.221:3260-iqn.2016-04.com.open-iscsi:d78edfece0b6.hbsd-target" acquired by "os_brick.initiator.connectors.iscsi.ISCSIConnector._connect_to_iscsi_portal_unsafe" :: waited 0.002s [00;33m{{(pid=1321246) inner /opt/stack/data/venv/lib/python3.10/site-packages/os_brick/initiator/connectors/base.py:73}}[00m
2025-10-14 23:39:22.133 1321246 INFO os_brick.initiator.connectors.iscsi [req-65879345-b4a3-44b5-a3ba-7bfc35cfd8cf 91fb116ea0a3439e9e6a98f94c019ff0 5d0448d7eca14e84be7af5d73f6bd894 - - default default] Trying to connect to iSCSI portal 172.25.59.221:3260
2025-10-14 23:39:22.135 1343727 DEBUG oslo_concurrency.processutils [-] Running cmd (subprocess): iscsiadm -m node -T iqn.2016-04.com.open-iscsi:d78edfece0b6.hbsd-target -p 172.25.59.221:3260 [00;33m{{(pid=1343727) execute /opt/stack/data/venv/lib/python3.10/site-packages/oslo_concurrency/processutils.py:349}}[00m
2025-10-14 23:39:22.149 1343727 DEBUG oslo_concurrency.processutils [-] CMD "iscsiadm -m node -T iqn.2016-04.com.open-iscsi:d78edfece0b6.hbsd-target -p 172.25.59.221:3260" returned: 21 in 0.014s [00;33m{{(pid=1343727) execute /opt/stack/data/venv/lib/python3.10/site-packages/oslo_concurrency/processutils.py:372}}[00m
2025-10-14 23:39:22.150 1343727 DEBUG oslo.privsep.daemon [-] privsep: reply[1f0da84f-eb70-44d7-8b21-864c274f1bf5]: (4, ('', 'iscsiadm: No records found\n')) [00;33m{{(pid=1343727) _call_back /opt/stack/data/venv/lib/python3.10/site-packages/oslo_privsep/daemon.py:503}}[00m
2025-10-14 23:39:22.152 1321246 DEBUG os_brick.initiator.connectors.iscsi [req-65879345-b4a3-44b5-a3ba-7bfc35cfd8cf 91fb116ea0a3439e9e6a98f94c019ff0 5d0448d7eca14e84be7af5d73f6bd894 - - default default] iscsiadm (): stdout= stderr=iscsiadm: No records found
 [00;33m{{(pid=1321246) _run_iscsiadm /opt/stack/data/venv/lib/python3.10/site-packages/os_brick/initiator/connectors/iscsi.py:1065}}[00m
2025-10-14 23:39:22.154 1343727 DEBUG oslo_concurrency.processutils [-] Running cmd (subprocess): iscsiadm -m node -T iqn.2016-04.com.open-iscsi:d78edfece0b6.hbsd-target -p 172.25.59.221:3260 --interface default --op new [00;33m{{(pid=1343727) execute /opt/stack/data/venv/lib/python3.10/site-packages/oslo_concurrency/processutils.py:349}}[00m
2025-10-14 23:39:22.178 1343727 DEBUG oslo_concurrency.processutils [-] CMD "iscsiadm -m node -T iqn.2016-04.com.open-iscsi:d78edfece0b6.hbsd-target -p 172.25.59.221:3260 --interface default --op new" returned: 0 in 0.023s [00;33m{{(pid=1343727) execute /opt/stack/data/venv/lib/python3.10/site-packages/oslo_concurrency/processutils.py:372}}[00m
2025-10-14 23:39:22.179 1343727 DEBUG oslo.privsep.daemon [-] privsep: reply[308b9be9-5834-4e37-bb40-462e344accc0]: (4, ('New iSCSI node [tcp:[hw=,ip=,net_if=,iscsi_if=default] 172.25.59.221,3260,-1 iqn.2016-04.com.open-iscsi:d78edfece0b6.hbsd-target] added\n', 'iscsiadm: config file line 337 do not has value\niscsiadm: config file line 337 do not has value\niscsiadm: config file line 337 do not has value\niscsiadm: config file line 337 do not has value\n')) [00;33m{{(pid=1343727) _call_back /opt/stack/data/venv/lib/python3.10/site-packages/oslo_privsep/daemon.py:503}}[00m
2025-10-14 23:39:22.181 1321246 DEBUG os_brick.initiator.connectors.iscsi [req-65879345-b4a3-44b5-a3ba-7bfc35cfd8cf 91fb116ea0a3439e9e6a98f94c019ff0 5d0448d7eca14e84be7af5d73f6bd894 - - default default] iscsiadm ('--interface', 'default', '--op', 'new'): stdout=New iSCSI node [tcp:[hw=,ip=,net_if=,iscsi_if=default] 172.25.59.221,3260,-1 iqn.2016-04.com.open-iscsi:d78edfece0b6.hbsd-target] added
 stderr=iscsiadm: config file line 337 do not has value
iscsiadm: config file line 337 do not has value
iscsiadm: config file line 337 do not has value
iscsiadm: config file line 337 do not has value
 [00;33m{{(pid=1321246) _run_iscsiadm /opt/stack/data/venv/lib/python3.10/site-packages/os_brick/initiator/connectors/iscsi.py:1065}}[00m
2025-10-14 23:39:22.182 1321246 DEBUG os_brick.initiator.connectors.iscsi [req-65879345-b4a3-44b5-a3ba-7bfc35cfd8cf 91fb116ea0a3439e9e6a98f94c019ff0 5d0448d7eca14e84be7af5d73f6bd894 - - default default] Retrying to connect to iSCSI portal 172.25.59.221:3260 [00;33m{{(pid=1321246) _connect_to_iscsi_portal_unsafe /opt/stack/data/venv/lib/python3.10/site-packages/os_brick/initiator/connectors/iscsi.py:1131}}[00m
2025-10-14 23:39:22.183 1321246 DEBUG os_brick.utils [req-65879345-b4a3-44b5-a3ba-7bfc35cfd8cf 91fb116ea0a3439e9e6a98f94c019ff0 5d0448d7eca14e84be7af5d73f6bd894 - - default default] Finished call to 'os_brick.initiator.connectors.iscsi.ISCSIConnector._connect_to_iscsi_portal_unsafe' after 0.050(s), this was the 1st time calling it. [00;33m{{(pid=1321246) log_it /opt/stack/data/venv/lib/python3.10/site-packages/tenacity/after.py:44}}[00m
2025-10-14 23:39:22.184 1321246 DEBUG os_brick.utils [req-65879345-b4a3-44b5-a3ba-7bfc35cfd8cf 91fb116ea0a3439e9e6a98f94c019ff0 5d0448d7eca14e84be7af5d73f6bd894 - - default default] Retrying os_brick.initiator.connectors.iscsi.ISCSIConnector._connect_to_iscsi_portal_unsafe in 1.0 seconds as it raised BrickException: An unknown exception occurred.. [00;33m{{(pid=1321246) log_it /opt/stack/data/venv/lib/python3.10/site-packages/tenacity/before_sleep.py:65}}[00m
2025-10-14 23:39:23.185 1321246 INFO os_brick.initiator.connectors.iscsi [req-65879345-b4a3-44b5-a3ba-7bfc35cfd8cf 91fb116ea0a3439e9e6a98f94c019ff0 5d0448d7eca14e84be7af5d73f6bd894 - - default default] Trying to connect to iSCSI portal 172.25.59.221:3260
2025-10-14 23:39:23.187 1343727 DEBUG oslo_concurrency.processutils [-] Running cmd (subprocess): iscsiadm -m node -T iqn.2016-04.com.open-iscsi:d78edfece0b6.hbsd-target -p 172.25.59.221:3260 [00;33m{{(pid=1343727) execute /opt/stack/data/venv/lib/python3.10/site-packages/oslo_concurrency/processutils.py:349}}[00m
2025-10-14 23:39:23.207 1343727 DEBUG oslo_concurrency.processutils [-] CMD "iscsiadm -m node -T iqn.2016-04.com.open-iscsi:d78edfece0b6.hbsd-target -p 172.25.59.221:3260" returned: 0 in 0.020s [00;33m{{(pid=1343727) execute /opt/stack/data/venv/lib/python3.10/site-packages/oslo_concurrency/processutils.py:372}}[00m
2025-10-14 23:39:23.209 1343727 DEBUG oslo.privsep.daemon [-] privsep: reply[786101ab-4584-4654-b555-2e6efc52de85]: (4, ('# BEGIN RECORD 2.1.5\nnode.name = iqn.2016-04.com.open-iscsi:d78edfece0b6.hbsd-target\nnode.tpgt = -1\nnode.startup = manual\nnode.leading_login = No\niface.iscsi_ifacename = default\niface.net_ifacename = <empty>\niface.ipaddress = <empty>\niface.prefix_len = 0\niface.hwaddress = <empty>\niface.transport_name = tcp\niface.initiatorname = <empty>\niface.state = <empty>\niface.vlan_id = 0\niface.vlan_priority = 0\niface.vlan_state = <empty>\niface.iface_num = 0\niface.mtu = 0\niface.port = 0\niface.bootproto = <empty>\niface.subnet_mask = <empty>\niface.gateway = <empty>\niface.dhcp_alt_client_id_state = <empty>\niface.dhcp_alt_client_id = <empty>\niface.dhcp_dns = <empty>\niface.dhcp_learn_iqn = <empty>\niface.dhcp_req_vendor_id_state = <empty>\niface.dhcp_vendor_id_state = <empty>\niface.dhcp_vendor_id = <empty>\niface.dhcp_slp_da = <empty>\niface.fragmentation = <empty>\niface.gratuitous_arp = <empty>\niface.incoming_forwarding = <empty>\niface.tos_state = <empty>\niface.tos = 0\niface.ttl = 0\niface.delayed_ack = <empty>\niface.tcp_nagle = <empty>\niface.tcp_wsf_state = <empty>\niface.tcp_wsf = 0\niface.tcp_timer_scale = 0\niface.tcp_timestamp = <empty>\niface.redirect = <empty>\niface.def_task_mgmt_timeout = 0\niface.header_digest = <empty>\niface.data_digest = <empty>\niface.immediate_data = <empty>\niface.initial_r2t = <empty>\niface.data_seq_inorder = <empty>\niface.data_pdu_inorder = <empty>\niface.erl = 0\niface.max_receive_data_len = 0\niface.first_burst_len = 0\niface.max_outstanding_r2t = 0\niface.max_burst_len = 0\niface.chap_auth = <empty>\niface.bidi_chap = <empty>\niface.strict_login_compliance = <empty>\niface.discovery_auth = <empty>\niface.discovery_logout = <empty>\nnode.discovery_address = <empty>\nnode.discovery_port = 0\nnode.discovery_type = static\nnode.session.initial_cmdsn = 0\nnode.session.initial_login_retry_max = 8\nnode.session.xmit_thread_priority = -20\nnode.session.cmds_max = 128\nnode.session.queue_depth = 32\nnode.session.nr_sessions = 1\nnode.session.auth.authmethod = None\nnode.session.auth.username = <empty>\nnode.session.auth.password = <empty>\nnode.session.auth.username_in = <empty>\nnode.session.auth.password_in = <empty>\nnode.session.auth.chap_algs = SHA3-256,SHA256\nnode.session.timeo.replacement_timeout = 120\nnode.session.err_timeo.abort_timeout = 15\nnode.session.err_timeo.lu_reset_timeout = 30\nnode.session.err_timeo.tgt_reset_timeout = 30\nnode.session.err_timeo.host_reset_timeout = 60\nnode.session.iscsi.FastAbort = Yes\nnode.session.iscsi.InitialR2T = No\nnode.session.iscsi.ImmediateData = Yes\nnode.session.iscsi.FirstBurstLength = 262144\nnode.session.iscsi.MaxBurstLength = 16776192\nnode.session.iscsi.DefaultTime2Retain = 0\nnode.session.iscsi.DefaultTime2Wait = 2\nnode.session.iscsi.MaxConnections = 1\nnode.session.iscsi.MaxOutstandingR2T = 1\nnode.session.iscsi.ERL = 0\nnode.session.scan = auto\nnode.session.reopen_max = 0\nnode.conn[0].address = 172.25.59.221\nnode.conn[0].port = 3260\nnode.conn[0].startup = manual\nnode.conn[0].tcp.window_size = 524288\nnode.conn[0].tcp.type_of_service = 0\nnode.conn[0].timeo.logout_timeout = 15\nnode.conn[0].timeo.login_timeout = 15\nnode.conn[0].timeo.auth_timeout = 45\nnode.conn[0].timeo.noop_out_interval = 5\nnode.conn[0].timeo.noop_out_timeout = 5\nnode.conn[0].iscsi.MaxXmitDataSegmentLength = 0\nnode.conn[0].iscsi.MaxRecvDataSegmentLength = 262144\nnode.conn[0].iscsi.HeaderDigest = None\nnode.conn[0].iscsi.DataDigest = None\nnode.conn[0].iscsi.IFMarker = No\nnode.conn[0].iscsi.OFMarker = No\n# END RECORD\n', '')) [00;33m{{(pid=1343727) _call_back /opt/stack/data/venv/lib/python3.10/site-packages/oslo_privsep/daemon.py:503}}[00m
2025-10-14 23:39:23.214 1321246 DEBUG os_brick.initiator.connectors.iscsi [req-65879345-b4a3-44b5-a3ba-7bfc35cfd8cf 91fb116ea0a3439e9e6a98f94c019ff0 5d0448d7eca14e84be7af5d73f6bd894 - - default default] iscsiadm (): stdout=# BEGIN RECORD 2.1.5
node.name = iqn.2016-04.com.open-iscsi:d78edfece0b6.hbsd-target
node.tpgt = -1
node.startup = manual
node.leading_login = No
iface.iscsi_ifacename = default
iface.net_ifacename = <empty>
iface.ipaddress = <empty>
iface.prefix_len = 0
iface.hwaddress = <empty>
iface.transport_name = tcp
iface.initiatorname = <empty>
iface.state = <empty>
iface.vlan_id = 0
iface.vlan_priority = 0
iface.vlan_state = <empty>
iface.iface_num = 0
iface.mtu = 0
iface.port = 0
iface.bootproto = <empty>
iface.subnet_mask = <empty>
iface.gateway = <empty>
iface.dhcp_alt_client_id_state = <empty>
iface.dhcp_alt_client_id = <empty>
iface.dhcp_dns = <empty>
iface.dhcp_learn_iqn = <empty>
iface.dhcp_req_vendor_id_state = <empty>
iface.dhcp_vendor_id_state = <empty>
iface.dhcp_vendor_id = <empty>
iface.dhcp_slp_da = <empty>
iface.fragmentation = <empty>
iface.gratuitous_arp = <empty>
iface.incoming_forwarding = <empty>
iface.tos_state = <empty>
iface.tos = 0
iface.ttl = 0
iface.delayed_ack = <empty>
iface.tcp_nagle = <empty>
iface.tcp_wsf_state = <empty>
iface.tcp_wsf = 0
iface.tcp_timer_scale = 0
iface.tcp_timestamp = <empty>
iface.redirect = <empty>
iface.def_task_mgmt_timeout = 0
iface.header_digest = <empty>
iface.data_digest = <empty>
iface.immediate_data = <empty>
iface.initial_r2t = <empty>
iface.data_seq_inorder = <empty>
iface.data_pdu_inorder = <empty>
iface.erl = 0
iface.max_receive_data_len = 0
iface.first_burst_len = 0
iface.max_outstanding_r2t = 0
iface.max_burst_len = 0
iface.chap_auth = <empty>
iface.bidi_chap = <empty>
iface.strict_login_compliance = <empty>
iface.discovery_auth = <empty>
iface.discovery_logout = <empty>
node.discovery_address = <empty>
node.discovery_port = 0
node.discovery_type = static
node.session.initial_cmdsn = 0
node.session.initial_login_retry_max = 8
node.session.xmit_thread_priority = -20
node.session.cmds_max = 128
node.session.queue_depth = 32
node.session.nr_sessions = 1
node.session.auth.authmethod = None
node.session.auth.username = <empty>
node.session.auth.password = ***
node.session.auth.username_in = <empty>
node.session.auth.password_in = <empty>
node.session.auth.chap_algs = SHA3-256,SHA256
node.session.timeo.replacement_timeout = 120
node.session.err_timeo.abort_timeout = 15
node.session.err_timeo.lu_reset_timeout = 30
node.session.err_timeo.tgt_reset_timeout = 30
node.session.err_timeo.host_reset_timeout = 60
node.session.iscsi.FastAbort = Yes
node.session.iscsi.InitialR2T = No
node.session.iscsi.ImmediateData = Yes
node.session.iscsi.FirstBurstLength = 262144
node.session.iscsi.MaxBurstLength = 16776192
node.session.iscsi.DefaultTime2Retain = 0
node.session.iscsi.DefaultTime2Wait = 2
node.session.iscsi.MaxConnections = 1
node.session.iscsi.MaxOutstandingR2T = 1
node.session.iscsi.ERL = 0
node.session.scan = auto
node.session.reopen_max = 0
node.conn[0].address = 172.25.59.221
node.conn[0].port = 3260
node.conn[0].startup = manual
node.conn[0].tcp.window_size = 524288
node.conn[0].tcp.type_of_service = 0
node.conn[0].timeo.logout_timeout = 15
node.conn[0].timeo.login_timeout = 15
node.conn[0].timeo.auth_timeout = 45
node.conn[0].timeo.noop_out_interval = 5
node.conn[0].timeo.noop_out_timeout = 5
node.conn[0].iscsi.MaxXmitDataSegmentLength = 0
node.conn[0].iscsi.MaxRecvDataSegmentLength = 262144
node.conn[0].iscsi.HeaderDigest = None
node.conn[0].iscsi.DataDigest = None
node.conn[0].iscsi.IFMarker = No
node.conn[0].iscsi.OFMarker = No
# END RECORD
 stderr= [00;33m{{(pid=1321246) _run_iscsiadm /opt/stack/data/venv/lib/python3.10/site-packages/os_brick/initiator/connectors/iscsi.py:1065}}[00m
2025-10-14 23:39:23.216 1343727 DEBUG oslo_concurrency.processutils [-] Running cmd (subprocess): iscsiadm -m node -T iqn.2016-04.com.open-iscsi:d78edfece0b6.hbsd-target -p 172.25.59.221:3260 --op update -n node.session.scan -v manual [00;33m{{(pid=1343727) execute /opt/stack/data/venv/lib/python3.10/site-packages/oslo_concurrency/processutils.py:349}}[00m
2025-10-14 23:39:23.235 1343727 DEBUG oslo_concurrency.processutils [-] CMD "iscsiadm -m node -T iqn.2016-04.com.open-iscsi:d78edfece0b6.hbsd-target -p 172.25.59.221:3260 --op update -n node.session.scan -v manual" returned: 0 in 0.019s [00;33m{{(pid=1343727) execute /opt/stack/data/venv/lib/python3.10/site-packages/oslo_concurrency/processutils.py:372}}[00m
2025-10-14 23:39:23.236 1343727 DEBUG oslo.privsep.daemon [-] privsep: reply[e41c137c-3f0b-4aff-94fb-e05c7ad30b9a]: (4, ('', '')) [00;33m{{(pid=1343727) _call_back /opt/stack/data/venv/lib/python3.10/site-packages/oslo_privsep/daemon.py:503}}[00m
2025-10-14 23:39:23.239 1321246 DEBUG os_brick.initiator.connectors.iscsi [req-65879345-b4a3-44b5-a3ba-7bfc35cfd8cf 91fb116ea0a3439e9e6a98f94c019ff0 5d0448d7eca14e84be7af5d73f6bd894 - - default default] iscsiadm ('--op', 'update', '-n', 'node.session.scan', '-v', 'manual'): stdout= stderr= [00;33m{{(pid=1321246) _run_iscsiadm /opt/stack/data/venv/lib/python3.10/site-packages/os_brick/initiator/connectors/iscsi.py:1065}}[00m
2025-10-14 23:39:23.241 1343727 DEBUG oslo_concurrency.processutils [-] Running cmd (subprocess): iscsiadm -m session [00;33m{{(pid=1343727) execute /opt/stack/data/venv/lib/python3.10/site-packages/oslo_concurrency/processutils.py:349}}[00m
2025-10-14 23:39:23.255 1343727 DEBUG oslo_concurrency.processutils [-] CMD "iscsiadm -m session" returned: 21 in 0.014s [00;33m{{(pid=1343727) execute /opt/stack/data/venv/lib/python3.10/site-packages/oslo_concurrency/processutils.py:372}}[00m
2025-10-14 23:39:23.256 1343727 DEBUG oslo.privsep.daemon [-] privsep: reply[0cb78b16-6f83-4ba6-8238-99ea529eb8f5]: (4, ('', 'iscsiadm: No active sessions.\n')) [00;33m{{(pid=1343727) _call_back /opt/stack/data/venv/lib/python3.10/site-packages/oslo_privsep/daemon.py:503}}[00m
2025-10-14 23:39:23.257 1321246 DEBUG os_brick.initiator.connectors.iscsi [req-65879345-b4a3-44b5-a3ba-7bfc35cfd8cf 91fb116ea0a3439e9e6a98f94c019ff0 5d0448d7eca14e84be7af5d73f6bd894 - - default default] iscsiadm ('-m', 'session'): stdout= stderr=iscsiadm: No active sessions.
 [00;33m{{(pid=1321246) _run_iscsiadm_bare /opt/stack/data/venv/lib/python3.10/site-packages/os_brick/initiator/connectors/iscsi.py:1221}}[00m
2025-10-14 23:39:23.258 1321246 DEBUG os_brick.initiator.connectors.iscsi [req-65879345-b4a3-44b5-a3ba-7bfc35cfd8cf 91fb116ea0a3439e9e6a98f94c019ff0 5d0448d7eca14e84be7af5d73f6bd894 - - default default] iscsi session list stdout= stderr=iscsiadm: No active sessions.
 [00;33m{{(pid=1321246) _run_iscsi_session /opt/stack/data/venv/lib/python3.10/site-packages/os_brick/initiator/connectors/iscsi.py:1210}}[00m
2025-10-14 23:39:23.259 1321246 WARNING os_brick.initiator.connectors.iscsi [req-65879345-b4a3-44b5-a3ba-7bfc35cfd8cf 91fb116ea0a3439e9e6a98f94c019ff0 5d0448d7eca14e84be7af5d73f6bd894 - - default default] iscsiadm stderr output when getting sessions: iscsiadm: No active sessions.

2025-10-14 23:39:23.260 1343727 DEBUG oslo_concurrency.processutils [-] Running cmd (subprocess): iscsiadm -m node -T iqn.2016-04.com.open-iscsi:d78edfece0b6.hbsd-target -p 172.25.59.221:3260 --login [00;33m{{(pid=1343727) execute /opt/stack/data/venv/lib/python3.10/site-packages/oslo_concurrency/processutils.py:349}}[00m
2025-10-14 23:39:24.307 1343727 DEBUG oslo_concurrency.processutils [-] CMD "iscsiadm -m node -T iqn.2016-04.com.open-iscsi:d78edfece0b6.hbsd-target -p 172.25.59.221:3260 --login" returned: 0 in 1.047s [00;33m{{(pid=1343727) execute /opt/stack/data/venv/lib/python3.10/site-packages/oslo_concurrency/processutils.py:372}}[00m
2025-10-14 23:39:24.308 1343727 DEBUG oslo.privsep.daemon [-] privsep: reply[d714d426-e404-471b-879d-c058b3a1228d]: (4, ('Logging in to [iface: default, target: iqn.2016-04.com.open-iscsi:d78edfece0b6.hbsd-target, portal: 172.25.59.221,3260]\nLogin to [iface: default, target: iqn.2016-04.com.open-iscsi:d78edfece0b6.hbsd-target, portal: 172.25.59.221,3260] successful.\n', '')) [00;33m{{(pid=1343727) _call_back /opt/stack/data/venv/lib/python3.10/site-packages/oslo_privsep/daemon.py:503}}[00m
2025-10-14 23:39:24.310 1321246 DEBUG os_brick.initiator.connectors.iscsi [req-65879345-b4a3-44b5-a3ba-7bfc35cfd8cf 91fb116ea0a3439e9e6a98f94c019ff0 5d0448d7eca14e84be7af5d73f6bd894 - - default default] iscsiadm ('--login',): stdout=Logging in to [iface: default, target: iqn.2016-04.com.open-iscsi:d78edfece0b6.hbsd-target, portal: 172.25.59.221,3260]
Login to [iface: default, target: iqn.2016-04.com.open-iscsi:d78edfece0b6.hbsd-target, portal: 172.25.59.221,3260] successful.
 stderr= [00;33m{{(pid=1321246) _run_iscsiadm /opt/stack/data/venv/lib/python3.10/site-packages/os_brick/initiator/connectors/iscsi.py:1065}}[00m
2025-10-14 23:39:24.312 1343727 DEBUG oslo_concurrency.processutils [-] Running cmd (subprocess): iscsiadm -m node -T iqn.2016-04.com.open-iscsi:d78edfece0b6.hbsd-target -p 172.25.59.221:3260 --op update -n node.startup -v automatic [00;33m{{(pid=1343727) execute /opt/stack/data/venv/lib/python3.10/site-packages/oslo_concurrency/processutils.py:349}}[00m
2025-10-14 23:39:24.330 1343727 DEBUG oslo_concurrency.processutils [-] CMD "iscsiadm -m node -T iqn.2016-04.com.open-iscsi:d78edfece0b6.hbsd-target -p 172.25.59.221:3260 --op update -n node.startup -v automatic" returned: 0 in 0.018s [00;33m{{(pid=1343727) execute /opt/stack/data/venv/lib/python3.10/site-packages/oslo_concurrency/processutils.py:372}}[00m
2025-10-14 23:39:24.331 1343727 DEBUG oslo.privsep.daemon [-] privsep: reply[a9f20bd7-09aa-4e64-8d18-8211853edd27]: (4, ('', '')) [00;33m{{(pid=1343727) _call_back /opt/stack/data/venv/lib/python3.10/site-packages/oslo_privsep/daemon.py:503}}[00m
2025-10-14 23:39:24.332 1321246 DEBUG os_brick.initiator.connectors.iscsi [req-65879345-b4a3-44b5-a3ba-7bfc35cfd8cf 91fb116ea0a3439e9e6a98f94c019ff0 5d0448d7eca14e84be7af5d73f6bd894 - - default default] iscsiadm ('--op', 'update', '-n', 'node.startup', '-v', 'automatic'): stdout= stderr= [00;33m{{(pid=1321246) _run_iscsiadm /opt/stack/data/venv/lib/python3.10/site-packages/os_brick/initiator/connectors/iscsi.py:1065}}[00m
2025-10-14 23:39:24.334 1343727 DEBUG oslo_concurrency.processutils [-] Running cmd (subprocess): iscsiadm -m session [00;33m{{(pid=1343727) execute /opt/stack/data/venv/lib/python3.10/site-packages/oslo_concurrency/processutils.py:349}}[00m
2025-10-14 23:39:24.354 1343727 DEBUG oslo_concurrency.processutils [-] CMD "iscsiadm -m session" returned: 0 in 0.020s [00;33m{{(pid=1343727) execute /opt/stack/data/venv/lib/python3.10/site-packages/oslo_concurrency/processutils.py:372}}[00m
2025-10-14 23:39:24.356 1343727 DEBUG oslo.privsep.daemon [-] privsep: reply[4d265d4b-ed84-4058-8516-0671dd99f00f]: (4, ('tcp: [42] 172.25.59.221:3260,257 iqn.2016-04.com.open-iscsi:d78edfece0b6.hbsd-target (non-flash)\n', '')) [00;33m{{(pid=1343727) _call_back /opt/stack/data/venv/lib/python3.10/site-packages/oslo_privsep/daemon.py:503}}[00m
2025-10-14 23:39:24.357 1321246 DEBUG os_brick.initiator.connectors.iscsi [req-65879345-b4a3-44b5-a3ba-7bfc35cfd8cf 91fb116ea0a3439e9e6a98f94c019ff0 5d0448d7eca14e84be7af5d73f6bd894 - - default default] iscsiadm ('-m', 'session'): stdout=tcp: [42] 172.25.59.221:3260,257 iqn.2016-04.com.open-iscsi:d78edfece0b6.hbsd-target (non-flash)
 stderr= [00;33m{{(pid=1321246) _run_iscsiadm_bare /opt/stack/data/venv/lib/python3.10/site-packages/os_brick/initiator/connectors/iscsi.py:1221}}[00m
2025-10-14 23:39:24.358 1321246 DEBUG os_brick.initiator.connectors.iscsi [req-65879345-b4a3-44b5-a3ba-7bfc35cfd8cf 91fb116ea0a3439e9e6a98f94c019ff0 5d0448d7eca14e84be7af5d73f6bd894 - - default default] iscsi session list stdout=tcp: [42] 172.25.59.221:3260,257 iqn.2016-04.com.open-iscsi:d78edfece0b6.hbsd-target (non-flash)
 stderr= [00;33m{{(pid=1321246) _run_iscsi_session /opt/stack/data/venv/lib/python3.10/site-packages/os_brick/initiator/connectors/iscsi.py:1210}}[00m
2025-10-14 23:39:24.360 1321246 DEBUG os_brick.initiator.connectors.base [req-65879345-b4a3-44b5-a3ba-7bfc35cfd8cf 91fb116ea0a3439e9e6a98f94c019ff0 5d0448d7eca14e84be7af5d73f6bd894 - - default default] Lock "connect_to_iscsi_portal-172.25.59.221:3260-iqn.2016-04.com.open-iscsi:d78edfece0b6.hbsd-target" "released" by "os_brick.initiator.connectors.iscsi.ISCSIConnector._connect_to_iscsi_portal_unsafe" :: held 2.228s [00;33m{{(pid=1321246) inner /opt/stack/data/venv/lib/python3.10/site-packages/os_brick/initiator/connectors/base.py:87}}[00m
2025-10-14 23:39:24.360 1321246 DEBUG os_brick.initiator.connectors.iscsi [req-65879345-b4a3-44b5-a3ba-7bfc35cfd8cf 91fb116ea0a3439e9e6a98f94c019ff0 5d0448d7eca14e84be7af5d73f6bd894 - - default default] Connected to 172.25.59.221:3260 [00;33m{{(pid=1321246) _connect_vol /opt/stack/data/venv/lib/python3.10/site-packages/os_brick/initiator/connectors/iscsi.py:659}}[00m
2025-10-14 23:39:24.363 1321246 DEBUG os_brick.initiator.linuxscsi [req-65879345-b4a3-44b5-a3ba-7bfc35cfd8cf 91fb116ea0a3439e9e6a98f94c019ff0 5d0448d7eca14e84be7af5d73f6bd894 - - default default] HCTL ('33', '-', '-', 0) found on session 42 with lun 0 [00;33m{{(pid=1321246) get_hctl /opt/stack/data/venv/lib/python3.10/site-packages/os_brick/initiator/linuxscsi.py:788}}[00m
2025-10-14 23:39:24.364 1321246 DEBUG os_brick.initiator.linuxscsi [req-65879345-b4a3-44b5-a3ba-7bfc35cfd8cf 91fb116ea0a3439e9e6a98f94c019ff0 5d0448d7eca14e84be7af5d73f6bd894 - - default default] Scanning host 33 c: -, t: -, l: 0) [00;33m{{(pid=1321246) scan_iscsi /opt/stack/data/venv/lib/python3.10/site-packages/os_brick/initiator/linuxscsi.py:814}}[00m
2025-10-14 23:39:24.366 1343727 DEBUG oslo_concurrency.processutils [-] Running cmd (subprocess): tee -a /sys/class/scsi_host/host33/scan [00;33m{{(pid=1343727) execute /opt/stack/data/venv/lib/python3.10/site-packages/oslo_concurrency/processutils.py:349}}[00m
2025-10-14 23:39:24.411 1343727 DEBUG oslo_concurrency.processutils [-] CMD "tee -a /sys/class/scsi_host/host33/scan" returned: 0 in 0.045s [00;33m{{(pid=1343727) execute /opt/stack/data/venv/lib/python3.10/site-packages/oslo_concurrency/processutils.py:372}}[00m
2025-10-14 23:39:24.412 1343727 DEBUG oslo.privsep.daemon [-] privsep: reply[fc5e58e8-7922-4012-b486-7ee7af60d7ec]: (4, ('- - 0', '')) [00;33m{{(pid=1343727) _call_back /opt/stack/data/venv/lib/python3.10/site-packages/oslo_privsep/daemon.py:503}}[00m
2025-10-14 23:39:24.418 1321246 DEBUG os_brick.initiator.linuxscsi [req-65879345-b4a3-44b5-a3ba-7bfc35cfd8cf 91fb116ea0a3439e9e6a98f94c019ff0 5d0448d7eca14e84be7af5d73f6bd894 - - default default] Searching for a device in session 42 and hctl ['33', '*', '*', 0] yield: sdb [00;33m{{(pid=1321246) device_name_by_hctl /opt/stack/data/venv/lib/python3.10/site-packages/os_brick/initiator/linuxscsi.py:808}}[00m
2025-10-14 23:39:24.419 1321246 DEBUG os_brick.initiator.connectors.iscsi [req-65879345-b4a3-44b5-a3ba-7bfc35cfd8cf 91fb116ea0a3439e9e6a98f94c019ff0 5d0448d7eca14e84be7af5d73f6bd894 - - default default] Connected to sdb using {'target_portal': '172.25.59.221:3260', 'target_iqn': 'iqn.2016-04.com.open-iscsi:d78edfece0b6.hbsd-target', 'target_discovered': False, 'target_lun': 0, 'qos_specs': None, 'access_mode': 'rw', 'encrypted': False, 'cacheable': False, 'enforce_multipath': True} [00;33m{{(pid=1321246) _connect_vol /opt/stack/data/venv/lib/python3.10/site-packages/os_brick/initiator/connectors/iscsi.py:687}}[00m
2025-10-14 23:39:25.391 1321246 DEBUG ovsdbapp.backend.ovs_idl.vlog [-] [POLLIN] on fd 25 [00;33m{{(pid=1321246) __log_wakeup /opt/stack/data/venv/lib/python3.10/site-packages/ovs/poller.py:263}}[00m
2025-10-14 23:39:25.423 1321246 DEBUG os_brick.initiator.connectors.base [req-65879345-b4a3-44b5-a3ba-7bfc35cfd8cf 91fb116ea0a3439e9e6a98f94c019ff0 5d0448d7eca14e84be7af5d73f6bd894 - - default default] Lock "connect_volume" "released" by "os_brick.initiator.connectors.iscsi.ISCSIConnector.connect_volume" :: held 3.318s [00;33m{{(pid=1321246) inner /opt/stack/data/venv/lib/python3.10/site-packages/os_brick/initiator/connectors/base.py:87}}[00m
2025-10-14 23:39:25.424 1321246 DEBUG os_brick.initiator.connectors.iscsi [req-65879345-b4a3-44b5-a3ba-7bfc35cfd8cf 91fb116ea0a3439e9e6a98f94c019ff0 5d0448d7eca14e84be7af5d73f6bd894 - - default default] <== connect_volume: return (3320ms) {'type': 'block', 'scsi_wwn': '360060e8008757e000050757e000055f6', 'path': '/dev/sdb'} [00;33m{{(pid=1321246) trace_logging_wrapper /opt/stack/data/venv/lib/python3.10/site-packages/os_brick/utils.py:204}}[00m
2025-10-14 23:39:25.425 1321246 DEBUG nova.virt.libvirt.volume.iscsi [req-65879345-b4a3-44b5-a3ba-7bfc35cfd8cf 91fb116ea0a3439e9e6a98f94c019ff0 5d0448d7eca14e84be7af5d73f6bd894 - - default default] [instance: 3c7806b0-719d-499d-86f9-be85e06bbbe1] Attached iSCSI volume {'type': 'block', 'scsi_wwn': '360060e8008757e000050757e000055f6', 'path': '/dev/sdb'} [00;33m{{(pid=1321246) connect_volume /opt/stack/nova/nova/virt/libvirt/volume/iscsi.py:66}}[00m
2025-10-14 23:39:25.435 1321246 DEBUG nova.objects.instance [req-65879345-b4a3-44b5-a3ba-7bfc35cfd8cf 91fb116ea0a3439e9e6a98f94c019ff0 5d0448d7eca14e84be7af5d73f6bd894 - - default default] Lazy-loading 'flavor' on Instance uuid 3c7806b0-719d-499d-86f9-be85e06bbbe1 [00;33m{{(pid=1321246) obj_load_attr /opt/stack/nova/nova/objects/instance.py:1141}}[00m
2025-10-14 23:39:25.610 1321246 DEBUG ovsdbapp.backend.ovs_idl.vlog [-] [POLLIN] on fd 25 [00;33m{{(pid=1321246) __log_wakeup /opt/stack/data/venv/lib/python3.10/site-packages/ovs/poller.py:263}}[00m
2025-10-14 23:39:25.949 1321246 DEBUG nova.virt.libvirt.guest [req-65879345-b4a3-44b5-a3ba-7bfc35cfd8cf 91fb116ea0a3439e9e6a98f94c019ff0 5d0448d7eca14e84be7af5d73f6bd894 - - default default] attach device xml: <disk type="block" device="disk">
  <driver name="qemu" type="raw" cache="none" io="native"/>
  <alias name="ua-c2a6a958-4f20-43c1-917f-ff78d01b44b9"/>
  <source dev="/dev/sdb"/>
  <target dev="vdb" bus="virtio"/>
  <serial>c2a6a958-4f20-43c1-917f-ff78d01b44b9</serial>
</disk>
 [00;33m{{(pid=1321246) attach_device /opt/stack/nova/nova/virt/libvirt/guest.py:336}}[00m
2025-10-14 23:39:27.844 1321246 DEBUG nova.virt.libvirt.driver [req-65879345-b4a3-44b5-a3ba-7bfc35cfd8cf 91fb116ea0a3439e9e6a98f94c019ff0 5d0448d7eca14e84be7af5d73f6bd894 - - default default] No BDM found with device name vda, not building metadata. [00;33m{{(pid=1321246) _build_disk_metadata /opt/stack/nova/nova/virt/libvirt/driver.py:12818}}[00m
2025-10-14 23:39:27.845 1321246 DEBUG nova.virt.libvirt.driver [req-65879345-b4a3-44b5-a3ba-7bfc35cfd8cf 91fb116ea0a3439e9e6a98f94c019ff0 5d0448d7eca14e84be7af5d73f6bd894 - - default default] No BDM found with device name vdb, not building metadata. [00;33m{{(pid=1321246) _build_disk_metadata /opt/stack/nova/nova/virt/libvirt/driver.py:12818}}[00m
2025-10-14 23:39:27.846 1321246 DEBUG nova.virt.libvirt.driver [req-65879345-b4a3-44b5-a3ba-7bfc35cfd8cf 91fb116ea0a3439e9e6a98f94c019ff0 5d0448d7eca14e84be7af5d73f6bd894 - - default default] No VIF found with MAC fa:16:3e:aa:14:0b, not building metadata [00;33m{{(pid=1321246) _build_interface_metadata /opt/stack/nova/nova/virt/libvirt/driver.py:12794}}[00m
2025-10-14 23:39:29.411 1321246 DEBUG oslo_concurrency.lockutils [req-1a42be88-aaff-4017-ab70-495fb39e15e2 91fb116ea0a3439e9e6a98f94c019ff0 5d0448d7eca14e84be7af5d73f6bd894 - - default default] Acquiring lock "3c7806b0-719d-499d-86f9-be85e06bbbe1" by "nova.compute.manager.ComputeManager.reserve_block_device_name.<locals>.do_reserve" [00;33m{{(pid=1321246) inner /opt/stack/data/venv/lib/python3.10/site-packages/oslo_concurrency/lockutils.py:405}}[00m
2025-10-14 23:39:29.463 1321246 DEBUG oslo_concurrency.lockutils [req-65879345-b4a3-44b5-a3ba-7bfc35cfd8cf 91fb116ea0a3439e9e6a98f94c019ff0 5d0448d7eca14e84be7af5d73f6bd894 - - default default] Lock "3c7806b0-719d-499d-86f9-be85e06bbbe1" "released" by "nova.compute.manager.ComputeManager.attach_volume.<locals>.do_attach_volume" :: held 20.688s [00;33m{{(pid=1321246) inner /opt/stack/data/venv/lib/python3.10/site-packages/oslo_concurrency/lockutils.py:424}}[00m
2025-10-14 23:39:29.466 1321246 DEBUG oslo_concurrency.lockutils [req-1a42be88-aaff-4017-ab70-495fb39e15e2 91fb116ea0a3439e9e6a98f94c019ff0 5d0448d7eca14e84be7af5d73f6bd894 - - default default] Lock "3c7806b0-719d-499d-86f9-be85e06bbbe1" acquired by "nova.compute.manager.ComputeManager.reserve_block_device_name.<locals>.do_reserve" :: waited 0.055s [00;33m{{(pid=1321246) inner /opt/stack/data/venv/lib/python3.10/site-packages/oslo_concurrency/lockutils.py:410}}[00m
2025-10-14 23:39:29.977 1321246 DEBUG nova.objects.instance [req-1a42be88-aaff-4017-ab70-495fb39e15e2 91fb116ea0a3439e9e6a98f94c019ff0 5d0448d7eca14e84be7af5d73f6bd894 - - default default] Lazy-loading 'flavor' on Instance uuid 3c7806b0-719d-499d-86f9-be85e06bbbe1 [00;33m{{(pid=1321246) obj_load_attr /opt/stack/nova/nova/objects/instance.py:1141}}[00m
2025-10-14 23:39:30.612 1321246 DEBUG ovsdbapp.backend.ovs_idl.vlog [-] 4999-ms timeout [00;33m{{(pid=1321246) __log_wakeup /opt/stack/data/venv/lib/python3.10/site-packages/ovs/poller.py:248}}[00m
2025-10-14 23:39:30.613 1321246 DEBUG ovsdbapp.backend.ovs_idl.vlog [-] 0-ms timeout [00;33m{{(pid=1321246) __log_wakeup /opt/stack/data/venv/lib/python3.10/site-packages/ovs/poller.py:248}}[00m
2025-10-14 23:39:30.614 1321246 DEBUG ovsdbapp.backend.ovs_idl.vlog [-] tcp:127.0.0.1:6640: idle 5002 ms, sending inactivity probe [00;33m{{(pid=1321246) run /opt/stack/data/venv/lib/python3.10/site-packages/ovs/reconnect.py:117}}[00m
2025-10-14 23:39:30.614 1321246 DEBUG ovsdbapp.backend.ovs_idl.vlog [-] tcp:127.0.0.1:6640: entering IDLE [00;33m{{(pid=1321246) _transition /opt/stack/data/venv/lib/python3.10/site-packages/ovs/reconnect.py:519}}[00m
2025-10-14 23:39:30.616 1321246 DEBUG ovsdbapp.backend.ovs_idl.vlog [-] [POLLIN] on fd 25 [00;33m{{(pid=1321246) __log_wakeup /opt/stack/data/venv/lib/python3.10/site-packages/ovs/poller.py:263}}[00m
2025-10-14 23:39:30.617 1321246 DEBUG ovsdbapp.backend.ovs_idl.vlog [-] tcp:127.0.0.1:6640: entering ACTIVE [00;33m{{(pid=1321246) _transition /opt/stack/data/venv/lib/python3.10/site-packages/ovs/reconnect.py:519}}[00m
2025-10-14 23:39:30.992 1321246 DEBUG oslo_concurrency.lockutils [req-1a42be88-aaff-4017-ab70-495fb39e15e2 91fb116ea0a3439e9e6a98f94c019ff0 5d0448d7eca14e84be7af5d73f6bd894 - - default default] Lock "3c7806b0-719d-499d-86f9-be85e06bbbe1" "released" by "nova.compute.manager.ComputeManager.reserve_block_device_name.<locals>.do_reserve" :: held 1.526s [00;33m{{(pid=1321246) inner /opt/stack/data/venv/lib/python3.10/site-packages/oslo_concurrency/lockutils.py:424}}[00m
