Oct 14 23:36:04.132535 devstack-u2204-93-55 dnsmasq-dhcp[1340230]: read /opt/stack/data/neutron/dhcp/7b2a9b6b-c9af-4ce0-9460-fdf124ad4cf6/host
Oct 14 23:36:04.132630 devstack-u2204-93-55 dnsmasq-dhcp[1340230]: read /opt/stack/data/neutron/dhcp/7b2a9b6b-c9af-4ce0-9460-fdf124ad4cf6/opts
Oct 14 23:36:07.819151 devstack-u2204-93-55 dnsmasq[1341585]: started, version 2.90 cachesize 150
Oct 14 23:36:07.819194 devstack-u2204-93-55 dnsmasq[1341585]: DNS service limited to local subnets
Oct 14 23:36:07.819218 devstack-u2204-93-55 dnsmasq[1341585]: compile time options: IPv6 GNU-getopt DBus no-UBus i18n IDN2 DHCP DHCPv6 no-Lua TFTP conntrack ipset no-nftset auth cryptohash DNSSEC loop-detect inotify dumpfile
Oct 14 23:36:07.819289 devstack-u2204-93-55 dnsmasq-dhcp[1341585]: DHCP, static leases only on 10.1.0.0, lease time 1d
Oct 14 23:36:07.819595 devstack-u2204-93-55 dnsmasq[1341585]: reading /etc/resolv.conf
Oct 14 23:36:07.819620 devstack-u2204-93-55 dnsmasq[1341585]: using nameserver 127.0.0.53#53
Oct 14 23:36:07.819783 devstack-u2204-93-55 dnsmasq[1341585]: read /opt/stack/data/neutron/dhcp/a7483003-eb1a-4614-8e23-41f06663fa85/addn_hosts - 2 names
Oct 14 23:36:07.819863 devstack-u2204-93-55 dnsmasq-dhcp[1341585]: read /opt/stack/data/neutron/dhcp/a7483003-eb1a-4614-8e23-41f06663fa85/host
Oct 14 23:36:07.819950 devstack-u2204-93-55 dnsmasq-dhcp[1341585]: read /opt/stack/data/neutron/dhcp/a7483003-eb1a-4614-8e23-41f06663fa85/opts
Oct 14 23:36:08.372161 devstack-u2204-93-55 dnsmasq[1340472]: read /opt/stack/data/neutron/dhcp/9581eb8a-a6af-4752-8b10-b099c78b6b40/addn_hosts - 2 names
Oct 14 23:36:08.373769 devstack-u2204-93-55 dnsmasq-dhcp[1340472]: read /opt/stack/data/neutron/dhcp/9581eb8a-a6af-4752-8b10-b099c78b6b40/host
Oct 14 23:36:08.373929 devstack-u2204-93-55 dnsmasq-dhcp[1340472]: read /opt/stack/data/neutron/dhcp/9581eb8a-a6af-4752-8b10-b099c78b6b40/opts
Oct 14 23:36:09.802750 devstack-u2204-93-55 dnsmasq[1340882]: read /opt/stack/data/neutron/dhcp/ced55d44-5e57-47e4-9a5a-e18126126704/addn_hosts - 2 names
Oct 14 23:36:09.802871 devstack-u2204-93-55 dnsmasq-dhcp[1340882]: read /opt/stack/data/neutron/dhcp/ced55d44-5e57-47e4-9a5a-e18126126704/host
Oct 14 23:36:09.802969 devstack-u2204-93-55 dnsmasq-dhcp[1340882]: read /opt/stack/data/neutron/dhcp/ced55d44-5e57-47e4-9a5a-e18126126704/opts
Oct 14 23:36:10.160431 devstack-u2204-93-55 dnsmasq[1339922]: exiting on receipt of SIGTERM
Oct 14 23:36:11.246834 devstack-u2204-93-55 dnsmasq[1341118]: read /opt/stack/data/neutron/dhcp/e9a908c6-1250-4e3c-b44f-1fce1a1803d6/addn_hosts - 2 names
Oct 14 23:36:11.246904 devstack-u2204-93-55 dnsmasq-dhcp[1341118]: read /opt/stack/data/neutron/dhcp/e9a908c6-1250-4e3c-b44f-1fce1a1803d6/host
Oct 14 23:36:11.246948 devstack-u2204-93-55 dnsmasq-dhcp[1341118]: read /opt/stack/data/neutron/dhcp/e9a908c6-1250-4e3c-b44f-1fce1a1803d6/opts
Oct 14 23:36:11.608534 devstack-u2204-93-55 dnsmasq[1340230]: exiting on receipt of SIGTERM
Oct 14 23:36:15.560254 devstack-u2204-93-55 dnsmasq[1341912]: started, version 2.90 cachesize 150
Oct 14 23:36:15.560297 devstack-u2204-93-55 dnsmasq[1341912]: DNS service limited to local subnets
Oct 14 23:36:15.560319 devstack-u2204-93-55 dnsmasq[1341912]: compile time options: IPv6 GNU-getopt DBus no-UBus i18n IDN2 DHCP DHCPv6 no-Lua TFTP conntrack ipset no-nftset auth cryptohash DNSSEC loop-detect inotify dumpfile
Oct 14 23:36:15.560381 devstack-u2204-93-55 dnsmasq-dhcp[1341912]: DHCP, static leases only on 10.1.0.0, lease time 1d
Oct 14 23:36:15.560961 devstack-u2204-93-55 dnsmasq[1341912]: reading /etc/resolv.conf
Oct 14 23:36:15.560983 devstack-u2204-93-55 dnsmasq[1341912]: using nameserver 127.0.0.53#53
Oct 14 23:36:15.561130 devstack-u2204-93-55 dnsmasq[1341912]: read /opt/stack/data/neutron/dhcp/38df8198-3b6e-4027-b213-be97d7e916a3/addn_hosts - 2 names
Oct 14 23:36:15.561200 devstack-u2204-93-55 dnsmasq-dhcp[1341912]: read /opt/stack/data/neutron/dhcp/38df8198-3b6e-4027-b213-be97d7e916a3/host
Oct 14 23:36:15.561279 devstack-u2204-93-55 dnsmasq-dhcp[1341912]: read /opt/stack/data/neutron/dhcp/38df8198-3b6e-4027-b213-be97d7e916a3/opts
Oct 14 23:36:15.601815 devstack-u2204-93-55 dnsmasq[1340472]: exiting on receipt of SIGTERM
Oct 14 23:36:20.167701 devstack-u2204-93-55 dnsmasq[1342045]: started, version 2.90 cachesize 150
Oct 14 23:36:20.167750 devstack-u2204-93-55 dnsmasq[1342045]: DNS service limited to local subnets
Oct 14 23:36:20.167789 devstack-u2204-93-55 dnsmasq[1342045]: compile time options: IPv6 GNU-getopt DBus no-UBus i18n IDN2 DHCP DHCPv6 no-Lua TFTP conntrack ipset no-nftset auth cryptohash DNSSEC loop-detect inotify dumpfile
Oct 14 23:36:20.167875 devstack-u2204-93-55 dnsmasq-dhcp[1342045]: DHCP, static leases only on 10.1.0.0, lease time 1d
Oct 14 23:36:20.168148 devstack-u2204-93-55 dnsmasq[1342045]: reading /etc/resolv.conf
Oct 14 23:36:20.168173 devstack-u2204-93-55 dnsmasq[1342045]: using nameserver 127.0.0.53#53
Oct 14 23:36:20.168349 devstack-u2204-93-55 dnsmasq[1342045]: read /opt/stack/data/neutron/dhcp/9faf680d-cf76-4c63-b21e-1b90b18e1191/addn_hosts - 2 names
Oct 14 23:36:20.168430 devstack-u2204-93-55 dnsmasq-dhcp[1342045]: read /opt/stack/data/neutron/dhcp/9faf680d-cf76-4c63-b21e-1b90b18e1191/host
Oct 14 23:36:20.168549 devstack-u2204-93-55 dnsmasq-dhcp[1342045]: read /opt/stack/data/neutron/dhcp/9faf680d-cf76-4c63-b21e-1b90b18e1191/opts
Oct 14 23:36:20.203761 devstack-u2204-93-55 dnsmasq[1340882]: exiting on receipt of SIGTERM
Oct 14 23:36:20.811368 devstack-u2204-93-55 dnsmasq[1341118]: exiting on receipt of SIGTERM
Oct 14 23:36:21.417916 devstack-u2204-93-55 dnsmasq[1341585]: exiting on receipt of SIGTERM
Oct 14 23:36:22.518043 devstack-u2204-93-55 dnsmasq[1341912]: exiting on receipt of SIGTERM
Oct 14 23:36:25.648613 devstack-u2204-93-55 dnsmasq[1342045]: exiting on receipt of SIGTERM
Oct 14 23:36:29.738796 devstack-u2204-93-55 dnsmasq[1342261]: started, version 2.90 cachesize 150
Oct 14 23:36:29.738822 devstack-u2204-93-55 dnsmasq[1342261]: DNS service limited to local subnets
Oct 14 23:36:29.738838 devstack-u2204-93-55 dnsmasq[1342261]: compile time options: IPv6 GNU-getopt DBus no-UBus i18n IDN2 DHCP DHCPv6 no-Lua TFTP conntrack ipset no-nftset auth cryptohash DNSSEC loop-detect inotify dumpfile
Oct 14 23:36:29.738887 devstack-u2204-93-55 dnsmasq-dhcp[1342261]: DHCP, static leases only on 10.1.0.0, lease time 1d
Oct 14 23:36:29.739074 devstack-u2204-93-55 dnsmasq[1342261]: reading /etc/resolv.conf
Oct 14 23:36:29.739096 devstack-u2204-93-55 dnsmasq[1342261]: using nameserver 127.0.0.53#53
Oct 14 23:36:29.739205 devstack-u2204-93-55 dnsmasq[1342261]: read /opt/stack/data/neutron/dhcp/915947ed-b968-4473-8591-e579e93e18fc/addn_hosts - 0 names
Oct 14 23:36:29.739276 devstack-u2204-93-55 dnsmasq-dhcp[1342261]: read /opt/stack/data/neutron/dhcp/915947ed-b968-4473-8591-e579e93e18fc/host
Oct 14 23:36:29.739350 devstack-u2204-93-55 dnsmasq-dhcp[1342261]: read /opt/stack/data/neutron/dhcp/915947ed-b968-4473-8591-e579e93e18fc/opts
Oct 14 23:36:31.319308 devstack-u2204-93-55 dnsmasq[1342261]: read /opt/stack/data/neutron/dhcp/915947ed-b968-4473-8591-e579e93e18fc/addn_hosts - 2 names
Oct 14 23:36:31.319443 devstack-u2204-93-55 dnsmasq-dhcp[1342261]: read /opt/stack/data/neutron/dhcp/915947ed-b968-4473-8591-e579e93e18fc/host
Oct 14 23:36:31.319820 devstack-u2204-93-55 dnsmasq-dhcp[1342261]: read /opt/stack/data/neutron/dhcp/915947ed-b968-4473-8591-e579e93e18fc/opts
Oct 14 23:36:35.713885 devstack-u2204-93-55 dnsmasq[1342476]: started, version 2.90 cachesize 150
Oct 14 23:36:35.713904 devstack-u2204-93-55 dnsmasq[1342476]: DNS service limited to local subnets
Oct 14 23:36:35.713919 devstack-u2204-93-55 dnsmasq[1342476]: compile time options: IPv6 GNU-getopt DBus no-UBus i18n IDN2 DHCP DHCPv6 no-Lua TFTP conntrack ipset no-nftset auth cryptohash DNSSEC loop-detect inotify dumpfile
Oct 14 23:36:35.713955 devstack-u2204-93-55 dnsmasq-dhcp[1342476]: DHCP, static leases only on 10.1.0.0, lease time 1d
Oct 14 23:36:35.714092 devstack-u2204-93-55 dnsmasq[1342476]: reading /etc/resolv.conf
Oct 14 23:36:35.714108 devstack-u2204-93-55 dnsmasq[1342476]: using nameserver 127.0.0.53#53
Oct 14 23:36:35.714190 devstack-u2204-93-55 dnsmasq[1342476]: read /opt/stack/data/neutron/dhcp/e837ea5c-8e97-46f9-b2fb-74bb5da63063/addn_hosts - 0 names
Oct 14 23:36:35.714235 devstack-u2204-93-55 dnsmasq-dhcp[1342476]: read /opt/stack/data/neutron/dhcp/e837ea5c-8e97-46f9-b2fb-74bb5da63063/host
Oct 14 23:36:35.714292 devstack-u2204-93-55 dnsmasq-dhcp[1342476]: read /opt/stack/data/neutron/dhcp/e837ea5c-8e97-46f9-b2fb-74bb5da63063/opts
Oct 14 23:36:37.281908 devstack-u2204-93-55 dnsmasq[1342476]: read /opt/stack/data/neutron/dhcp/e837ea5c-8e97-46f9-b2fb-74bb5da63063/addn_hosts - 2 names
Oct 14 23:36:37.281989 devstack-u2204-93-55 dnsmasq-dhcp[1342476]: read /opt/stack/data/neutron/dhcp/e837ea5c-8e97-46f9-b2fb-74bb5da63063/host
Oct 14 23:36:37.282050 devstack-u2204-93-55 dnsmasq-dhcp[1342476]: read /opt/stack/data/neutron/dhcp/e837ea5c-8e97-46f9-b2fb-74bb5da63063/opts
Oct 14 23:36:38.216891 devstack-u2204-93-55 dnsmasq[1342261]: read /opt/stack/data/neutron/dhcp/915947ed-b968-4473-8591-e579e93e18fc/addn_hosts - 2 names
Oct 14 23:36:38.218077 devstack-u2204-93-55 dnsmasq-dhcp[1342261]: read /opt/stack/data/neutron/dhcp/915947ed-b968-4473-8591-e579e93e18fc/host
Oct 14 23:36:38.218601 devstack-u2204-93-55 dnsmasq-dhcp[1342261]: read /opt/stack/data/neutron/dhcp/915947ed-b968-4473-8591-e579e93e18fc/opts
Oct 14 23:36:39.669388 devstack-u2204-93-55 dnsmasq[1342476]: read /opt/stack/data/neutron/dhcp/e837ea5c-8e97-46f9-b2fb-74bb5da63063/addn_hosts - 2 names
Oct 14 23:36:39.669565 devstack-u2204-93-55 dnsmasq-dhcp[1342476]: read /opt/stack/data/neutron/dhcp/e837ea5c-8e97-46f9-b2fb-74bb5da63063/host
Oct 14 23:36:39.669658 devstack-u2204-93-55 dnsmasq-dhcp[1342476]: read /opt/stack/data/neutron/dhcp/e837ea5c-8e97-46f9-b2fb-74bb5da63063/opts
Oct 14 23:36:41.613599 devstack-u2204-93-55 dnsmasq[1342476]: read /opt/stack/data/neutron/dhcp/e837ea5c-8e97-46f9-b2fb-74bb5da63063/addn_hosts - 2 names
Oct 14 23:36:41.613659 devstack-u2204-93-55 dnsmasq-dhcp[1342476]: read /opt/stack/data/neutron/dhcp/e837ea5c-8e97-46f9-b2fb-74bb5da63063/host
Oct 14 23:36:41.613707 devstack-u2204-93-55 dnsmasq-dhcp[1342476]: read /opt/stack/data/neutron/dhcp/e837ea5c-8e97-46f9-b2fb-74bb5da63063/opts
Oct 14 23:36:42.047982 devstack-u2204-93-55 dnsmasq[1342261]: exiting on receipt of SIGTERM
Oct 14 23:36:43.144898 devstack-u2204-93-55 dnsmasq[1342476]: exiting on receipt of SIGTERM
Oct 14 23:37:20.227180 devstack-u2204-93-55 dnsmasq[1342812]: started, version 2.90 cachesize 150
Oct 14 23:37:20.227232 devstack-u2204-93-55 dnsmasq[1342812]: DNS service limited to local subnets
Oct 14 23:37:20.227261 devstack-u2204-93-55 dnsmasq[1342812]: compile time options: IPv6 GNU-getopt DBus no-UBus i18n IDN2 DHCP DHCPv6 no-Lua TFTP conntrack ipset no-nftset auth cryptohash DNSSEC loop-detect inotify dumpfile
Oct 14 23:37:20.227345 devstack-u2204-93-55 dnsmasq-dhcp[1342812]: DHCP, static leases only on 10.1.0.0, lease time 1d
Oct 14 23:37:20.227654 devstack-u2204-93-55 dnsmasq[1342812]: reading /etc/resolv.conf
Oct 14 23:37:20.227693 devstack-u2204-93-55 dnsmasq[1342812]: using nameserver 127.0.0.53#53
Oct 14 23:37:20.227811 devstack-u2204-93-55 dnsmasq[1342812]: read /opt/stack/data/neutron/dhcp/a651963b-039f-4b81-84dd-e8eb3a57bff8/addn_hosts - 0 names
Oct 14 23:37:20.227891 devstack-u2204-93-55 dnsmasq-dhcp[1342812]: read /opt/stack/data/neutron/dhcp/a651963b-039f-4b81-84dd-e8eb3a57bff8/host
Oct 14 23:37:20.228003 devstack-u2204-93-55 dnsmasq-dhcp[1342812]: read /opt/stack/data/neutron/dhcp/a651963b-039f-4b81-84dd-e8eb3a57bff8/opts
Oct 14 23:37:21.792559 devstack-u2204-93-55 dnsmasq[1342812]: read /opt/stack/data/neutron/dhcp/a651963b-039f-4b81-84dd-e8eb3a57bff8/addn_hosts - 2 names
Oct 14 23:37:21.792653 devstack-u2204-93-55 dnsmasq-dhcp[1342812]: read /opt/stack/data/neutron/dhcp/a651963b-039f-4b81-84dd-e8eb3a57bff8/host
Oct 14 23:37:21.792710 devstack-u2204-93-55 dnsmasq-dhcp[1342812]: read /opt/stack/data/neutron/dhcp/a651963b-039f-4b81-84dd-e8eb3a57bff8/opts
Oct 14 23:37:26.092631 devstack-u2204-93-55 dnsmasq[1343027]: started, version 2.90 cachesize 150
Oct 14 23:37:26.092675 devstack-u2204-93-55 dnsmasq[1343027]: DNS service limited to local subnets
Oct 14 23:37:26.092700 devstack-u2204-93-55 dnsmasq[1343027]: compile time options: IPv6 GNU-getopt DBus no-UBus i18n IDN2 DHCP DHCPv6 no-Lua TFTP conntrack ipset no-nftset auth cryptohash DNSSEC loop-detect inotify dumpfile
Oct 14 23:37:26.092755 devstack-u2204-93-55 dnsmasq-dhcp[1343027]: DHCP, static leases only on 10.1.0.0, lease time 1d
Oct 14 23:37:26.093001 devstack-u2204-93-55 dnsmasq[1343027]: reading /etc/resolv.conf
Oct 14 23:37:26.093026 devstack-u2204-93-55 dnsmasq[1343027]: using nameserver 127.0.0.53#53
Oct 14 23:37:26.093144 devstack-u2204-93-55 dnsmasq[1343027]: read /opt/stack/data/neutron/dhcp/64e57dcc-3fc9-4e44-a3f6-426d7b5ee631/addn_hosts - 0 names
Oct 14 23:37:26.093221 devstack-u2204-93-55 dnsmasq-dhcp[1343027]: read /opt/stack/data/neutron/dhcp/64e57dcc-3fc9-4e44-a3f6-426d7b5ee631/host
Oct 14 23:37:26.093307 devstack-u2204-93-55 dnsmasq-dhcp[1343027]: read /opt/stack/data/neutron/dhcp/64e57dcc-3fc9-4e44-a3f6-426d7b5ee631/opts
Oct 14 23:37:26.639312 devstack-u2204-93-55 dnsmasq[1342812]: read /opt/stack/data/neutron/dhcp/a651963b-039f-4b81-84dd-e8eb3a57bff8/addn_hosts - 2 names
Oct 14 23:37:26.640092 devstack-u2204-93-55 dnsmasq-dhcp[1342812]: read /opt/stack/data/neutron/dhcp/a651963b-039f-4b81-84dd-e8eb3a57bff8/host
Oct 14 23:37:26.640250 devstack-u2204-93-55 dnsmasq-dhcp[1342812]: read /opt/stack/data/neutron/dhcp/a651963b-039f-4b81-84dd-e8eb3a57bff8/opts
Oct 14 23:37:28.593325 devstack-u2204-93-55 dnsmasq[1343027]: read /opt/stack/data/neutron/dhcp/64e57dcc-3fc9-4e44-a3f6-426d7b5ee631/addn_hosts - 2 names
Oct 14 23:37:28.593490 devstack-u2204-93-55 dnsmasq-dhcp[1343027]: read /opt/stack/data/neutron/dhcp/64e57dcc-3fc9-4e44-a3f6-426d7b5ee631/host
Oct 14 23:37:28.593678 devstack-u2204-93-55 dnsmasq-dhcp[1343027]: read /opt/stack/data/neutron/dhcp/64e57dcc-3fc9-4e44-a3f6-426d7b5ee631/opts
Oct 14 23:37:29.535306 devstack-u2204-93-55 dnsmasq[1342812]: read /opt/stack/data/neutron/dhcp/a651963b-039f-4b81-84dd-e8eb3a57bff8/addn_hosts - 2 names
Oct 14 23:37:29.535418 devstack-u2204-93-55 dnsmasq-dhcp[1342812]: read /opt/stack/data/neutron/dhcp/a651963b-039f-4b81-84dd-e8eb3a57bff8/host
Oct 14 23:37:29.535541 devstack-u2204-93-55 dnsmasq-dhcp[1342812]: read /opt/stack/data/neutron/dhcp/a651963b-039f-4b81-84dd-e8eb3a57bff8/opts
Oct 14 23:37:30.970017 devstack-u2204-93-55 dnsmasq[1343027]: read /opt/stack/data/neutron/dhcp/64e57dcc-3fc9-4e44-a3f6-426d7b5ee631/addn_hosts - 2 names
Oct 14 23:37:30.970169 devstack-u2204-93-55 dnsmasq-dhcp[1343027]: read /opt/stack/data/neutron/dhcp/64e57dcc-3fc9-4e44-a3f6-426d7b5ee631/host
Oct 14 23:37:30.970297 devstack-u2204-93-55 dnsmasq-dhcp[1343027]: read /opt/stack/data/neutron/dhcp/64e57dcc-3fc9-4e44-a3f6-426d7b5ee631/opts
Oct 14 23:37:32.418778 devstack-u2204-93-55 dnsmasq[1343027]: read /opt/stack/data/neutron/dhcp/64e57dcc-3fc9-4e44-a3f6-426d7b5ee631/addn_hosts - 2 names
Oct 14 23:37:32.418913 devstack-u2204-93-55 dnsmasq-dhcp[1343027]: read /opt/stack/data/neutron/dhcp/64e57dcc-3fc9-4e44-a3f6-426d7b5ee631/host
Oct 14 23:37:32.419006 devstack-u2204-93-55 dnsmasq-dhcp[1343027]: read /opt/stack/data/neutron/dhcp/64e57dcc-3fc9-4e44-a3f6-426d7b5ee631/opts
Oct 14 23:37:36.717905 devstack-u2204-93-55 dnsmasq[1342812]: read /opt/stack/data/neutron/dhcp/a651963b-039f-4b81-84dd-e8eb3a57bff8/addn_hosts - 4 names
Oct 14 23:37:36.718106 devstack-u2204-93-55 dnsmasq-dhcp[1342812]: read /opt/stack/data/neutron/dhcp/a651963b-039f-4b81-84dd-e8eb3a57bff8/host
Oct 14 23:37:36.718231 devstack-u2204-93-55 dnsmasq-dhcp[1342812]: read /opt/stack/data/neutron/dhcp/a651963b-039f-4b81-84dd-e8eb3a57bff8/opts
Oct 14 23:38:12.697255 devstack-u2204-93-55 dnsmasq-dhcp[1342812]: DHCPDISCOVER(tapaf4a2de7-32) fa:16:3e:aa:14:0b
Oct 14 23:38:12.697328 devstack-u2204-93-55 dnsmasq-dhcp[1342812]: DHCPOFFER(tapaf4a2de7-32) 10.1.0.12 fa:16:3e:aa:14:0b
Oct 14 23:38:12.726880 devstack-u2204-93-55 dnsmasq-dhcp[1342812]: DHCPREQUEST(tapaf4a2de7-32) 10.1.0.12 fa:16:3e:aa:14:0b
Oct 14 23:38:12.726963 devstack-u2204-93-55 dnsmasq-dhcp[1342812]: DHCPACK(tapaf4a2de7-32) 10.1.0.12 fa:16:3e:aa:14:0b host-10-1-0-12
Oct 14 23:40:12.633523 devstack-u2204-93-55 dnsmasq[1342812]: read /opt/stack/data/neutron/dhcp/a651963b-039f-4b81-84dd-e8eb3a57bff8/addn_hosts - 6 names
Oct 14 23:40:12.633753 devstack-u2204-93-55 dnsmasq-dhcp[1342812]: read /opt/stack/data/neutron/dhcp/a651963b-039f-4b81-84dd-e8eb3a57bff8/host
Oct 14 23:40:12.633929 devstack-u2204-93-55 dnsmasq-dhcp[1342812]: read /opt/stack/data/neutron/dhcp/a651963b-039f-4b81-84dd-e8eb3a57bff8/opts
Oct 14 23:40:31.658772 devstack-u2204-93-55 dnsmasq[1344139]: started, version 2.90 cachesize 150
Oct 14 23:40:31.658827 devstack-u2204-93-55 dnsmasq[1344139]: DNS service limited to local subnets
Oct 14 23:40:31.658852 devstack-u2204-93-55 dnsmasq[1344139]: compile time options: IPv6 GNU-getopt DBus no-UBus i18n IDN2 DHCP DHCPv6 no-Lua TFTP conntrack ipset no-nftset auth cryptohash DNSSEC loop-detect inotify dumpfile
Oct 14 23:40:31.658913 devstack-u2204-93-55 dnsmasq-dhcp[1344139]: DHCP, static leases only on 10.1.0.0, lease time 1d
Oct 14 23:40:31.659145 devstack-u2204-93-55 dnsmasq[1344139]: reading /etc/resolv.conf
Oct 14 23:40:31.659171 devstack-u2204-93-55 dnsmasq[1344139]: using nameserver 127.0.0.53#53
Oct 14 23:40:31.659299 devstack-u2204-93-55 dnsmasq[1344139]: read /opt/stack/data/neutron/dhcp/7e0217e8-3fc1-43b4-8874-731e84725bc2/addn_hosts - 0 names
Oct 14 23:40:31.659402 devstack-u2204-93-55 dnsmasq-dhcp[1344139]: read /opt/stack/data/neutron/dhcp/7e0217e8-3fc1-43b4-8874-731e84725bc2/host
Oct 14 23:40:31.659547 devstack-u2204-93-55 dnsmasq-dhcp[1344139]: read /opt/stack/data/neutron/dhcp/7e0217e8-3fc1-43b4-8874-731e84725bc2/opts
Oct 14 23:40:33.226412 devstack-u2204-93-55 dnsmasq[1344139]: read /opt/stack/data/neutron/dhcp/7e0217e8-3fc1-43b4-8874-731e84725bc2/addn_hosts - 2 names
Oct 14 23:40:33.226559 devstack-u2204-93-55 dnsmasq-dhcp[1344139]: read /opt/stack/data/neutron/dhcp/7e0217e8-3fc1-43b4-8874-731e84725bc2/host
Oct 14 23:40:33.226654 devstack-u2204-93-55 dnsmasq-dhcp[1344139]: read /opt/stack/data/neutron/dhcp/7e0217e8-3fc1-43b4-8874-731e84725bc2/opts
Oct 14 23:40:37.543605 devstack-u2204-93-55 dnsmasq[1344348]: started, version 2.90 cachesize 150
Oct 14 23:40:37.543646 devstack-u2204-93-55 dnsmasq[1344348]: DNS service limited to local subnets
Oct 14 23:40:37.543663 devstack-u2204-93-55 dnsmasq[1344348]: compile time options: IPv6 GNU-getopt DBus no-UBus i18n IDN2 DHCP DHCPv6 no-Lua TFTP conntrack ipset no-nftset auth cryptohash DNSSEC loop-detect inotify dumpfile
Oct 14 23:40:37.543713 devstack-u2204-93-55 dnsmasq-dhcp[1344348]: DHCP, static leases only on 10.1.0.0, lease time 1d
Oct 14 23:40:37.543936 devstack-u2204-93-55 dnsmasq[1344348]: reading /etc/resolv.conf
Oct 14 23:40:37.543959 devstack-u2204-93-55 dnsmasq[1344348]: using nameserver 127.0.0.53#53
Oct 14 23:40:37.544057 devstack-u2204-93-55 dnsmasq[1344348]: read /opt/stack/data/neutron/dhcp/645ca671-aacf-42a6-bedd-3316302b2240/addn_hosts - 0 names
Oct 14 23:40:37.544110 devstack-u2204-93-55 dnsmasq-dhcp[1344348]: read /opt/stack/data/neutron/dhcp/645ca671-aacf-42a6-bedd-3316302b2240/host
Oct 14 23:40:37.544172 devstack-u2204-93-55 dnsmasq-dhcp[1344348]: read /opt/stack/data/neutron/dhcp/645ca671-aacf-42a6-bedd-3316302b2240/opts
Oct 14 23:40:38.090707 devstack-u2204-93-55 dnsmasq[1344139]: read /opt/stack/data/neutron/dhcp/7e0217e8-3fc1-43b4-8874-731e84725bc2/addn_hosts - 2 names
Oct 14 23:40:38.091617 devstack-u2204-93-55 dnsmasq-dhcp[1344139]: read /opt/stack/data/neutron/dhcp/7e0217e8-3fc1-43b4-8874-731e84725bc2/host
Oct 14 23:40:38.092228 devstack-u2204-93-55 dnsmasq-dhcp[1344139]: read /opt/stack/data/neutron/dhcp/7e0217e8-3fc1-43b4-8874-731e84725bc2/opts
Oct 14 23:40:39.991055 devstack-u2204-93-55 dnsmasq[1344348]: read /opt/stack/data/neutron/dhcp/645ca671-aacf-42a6-bedd-3316302b2240/addn_hosts - 2 names
Oct 14 23:40:39.991112 devstack-u2204-93-55 dnsmasq-dhcp[1344348]: read /opt/stack/data/neutron/dhcp/645ca671-aacf-42a6-bedd-3316302b2240/host
Oct 14 23:40:39.991155 devstack-u2204-93-55 dnsmasq-dhcp[1344348]: read /opt/stack/data/neutron/dhcp/645ca671-aacf-42a6-bedd-3316302b2240/opts
Oct 14 23:40:40.928139 devstack-u2204-93-55 dnsmasq[1344139]: read /opt/stack/data/neutron/dhcp/7e0217e8-3fc1-43b4-8874-731e84725bc2/addn_hosts - 2 names
Oct 14 23:40:40.928223 devstack-u2204-93-55 dnsmasq-dhcp[1344139]: read /opt/stack/data/neutron/dhcp/7e0217e8-3fc1-43b4-8874-731e84725bc2/host
Oct 14 23:40:40.928294 devstack-u2204-93-55 dnsmasq-dhcp[1344139]: read /opt/stack/data/neutron/dhcp/7e0217e8-3fc1-43b4-8874-731e84725bc2/opts
Oct 14 23:40:42.857247 devstack-u2204-93-55 dnsmasq[1344348]: read /opt/stack/data/neutron/dhcp/645ca671-aacf-42a6-bedd-3316302b2240/addn_hosts - 2 names
Oct 14 23:40:42.857368 devstack-u2204-93-55 dnsmasq-dhcp[1344348]: read /opt/stack/data/neutron/dhcp/645ca671-aacf-42a6-bedd-3316302b2240/host
Oct 14 23:40:42.857549 devstack-u2204-93-55 dnsmasq-dhcp[1344348]: read /opt/stack/data/neutron/dhcp/645ca671-aacf-42a6-bedd-3316302b2240/opts
Oct 14 23:40:44.275257 devstack-u2204-93-55 dnsmasq[1344348]: read /opt/stack/data/neutron/dhcp/645ca671-aacf-42a6-bedd-3316302b2240/addn_hosts - 2 names
Oct 14 23:40:44.275429 devstack-u2204-93-55 dnsmasq-dhcp[1344348]: read /opt/stack/data/neutron/dhcp/645ca671-aacf-42a6-bedd-3316302b2240/host
Oct 14 23:40:44.275629 devstack-u2204-93-55 dnsmasq-dhcp[1344348]: read /opt/stack/data/neutron/dhcp/645ca671-aacf-42a6-bedd-3316302b2240/opts
Oct 14 23:40:51.124113 devstack-u2204-93-55 dnsmasq-dhcp[1342812]: DHCPDISCOVER(tapaf4a2de7-32) fa:16:3e:74:6d:a5
Oct 14 23:40:51.124155 devstack-u2204-93-55 dnsmasq-dhcp[1342812]: DHCPOFFER(tapaf4a2de7-32) 10.1.0.9 fa:16:3e:74:6d:a5
Oct 14 23:40:51.150066 devstack-u2204-93-55 dnsmasq-dhcp[1342812]: DHCPREQUEST(tapaf4a2de7-32) 10.1.0.9 fa:16:3e:74:6d:a5
Oct 14 23:40:51.150152 devstack-u2204-93-55 dnsmasq-dhcp[1342812]: DHCPACK(tapaf4a2de7-32) 10.1.0.9 fa:16:3e:74:6d:a5 host-10-1-0-9
Oct 14 23:41:57.636553 devstack-u2204-93-55 dnsmasq[1344139]: read /opt/stack/data/neutron/dhcp/7e0217e8-3fc1-43b4-8874-731e84725bc2/addn_hosts - 0 names
Oct 14 23:41:57.636608 devstack-u2204-93-55 dnsmasq-dhcp[1344139]: read /opt/stack/data/neutron/dhcp/7e0217e8-3fc1-43b4-8874-731e84725bc2/host
Oct 14 23:41:57.636647 devstack-u2204-93-55 dnsmasq-dhcp[1344139]: read /opt/stack/data/neutron/dhcp/7e0217e8-3fc1-43b4-8874-731e84725bc2/opts
Oct 14 23:41:59.153112 devstack-u2204-93-55 dnsmasq[1344139]: exiting on receipt of SIGTERM
Oct 14 23:42:00.582412 devstack-u2204-93-55 dnsmasq[1344348]: read /opt/stack/data/neutron/dhcp/645ca671-aacf-42a6-bedd-3316302b2240/addn_hosts - 0 names
Oct 14 23:42:00.582560 devstack-u2204-93-55 dnsmasq-dhcp[1344348]: read /opt/stack/data/neutron/dhcp/645ca671-aacf-42a6-bedd-3316302b2240/host
Oct 14 23:42:00.582638 devstack-u2204-93-55 dnsmasq-dhcp[1344348]: read /opt/stack/data/neutron/dhcp/645ca671-aacf-42a6-bedd-3316302b2240/opts
Oct 14 23:42:02.117009 devstack-u2204-93-55 dnsmasq[1344348]: exiting on receipt of SIGTERM
Oct 14 23:42:14.332555 devstack-u2204-93-55 dnsmasq-dhcp[1342812]: DHCPRELEASE(tapaf4a2de7-32) 10.1.0.9 fa:16:3e:74:6d:a5
Oct 14 23:42:14.357751 devstack-u2204-93-55 dnsmasq-dhcp[1342812]: DHCPRELEASE(tapaf4a2de7-32) 10.1.0.9 fa:16:3e:74:6d:a5 unknown lease
Oct 14 23:42:15.191164 devstack-u2204-93-55 dnsmasq[1342812]: read /opt/stack/data/neutron/dhcp/a651963b-039f-4b81-84dd-e8eb3a57bff8/addn_hosts - 4 names
Oct 14 23:42:15.191316 devstack-u2204-93-55 dnsmasq-dhcp[1342812]: read /opt/stack/data/neutron/dhcp/a651963b-039f-4b81-84dd-e8eb3a57bff8/host
Oct 14 23:42:15.191423 devstack-u2204-93-55 dnsmasq-dhcp[1342812]: read /opt/stack/data/neutron/dhcp/a651963b-039f-4b81-84dd-e8eb3a57bff8/opts
Oct 14 23:44:15.266186 devstack-u2204-93-55 dnsmasq-dhcp[1342812]: DHCPRELEASE(tapaf4a2de7-32) 10.1.0.12 fa:16:3e:aa:14:0b
Oct 14 23:44:15.289213 devstack-u2204-93-55 dnsmasq-dhcp[1342812]: DHCPRELEASE(tapaf4a2de7-32) 10.1.0.12 fa:16:3e:aa:14:0b unknown lease
Oct 14 23:44:16.122198 devstack-u2204-93-55 dnsmasq[1342812]: read /opt/stack/data/neutron/dhcp/a651963b-039f-4b81-84dd-e8eb3a57bff8/addn_hosts - 2 names
Oct 14 23:44:16.122322 devstack-u2204-93-55 dnsmasq-dhcp[1342812]: read /opt/stack/data/neutron/dhcp/a651963b-039f-4b81-84dd-e8eb3a57bff8/host
Oct 14 23:44:16.122441 devstack-u2204-93-55 dnsmasq-dhcp[1342812]: read /opt/stack/data/neutron/dhcp/a651963b-039f-4b81-84dd-e8eb3a57bff8/opts
Oct 14 23:44:30.481213 devstack-u2204-93-55 dnsmasq[1342812]: read /opt/stack/data/neutron/dhcp/a651963b-039f-4b81-84dd-e8eb3a57bff8/addn_hosts - 4 names
Oct 14 23:44:30.481342 devstack-u2204-93-55 dnsmasq-dhcp[1342812]: read /opt/stack/data/neutron/dhcp/a651963b-039f-4b81-84dd-e8eb3a57bff8/host
Oct 14 23:44:30.481472 devstack-u2204-93-55 dnsmasq-dhcp[1342812]: read /opt/stack/data/neutron/dhcp/a651963b-039f-4b81-84dd-e8eb3a57bff8/opts
Oct 14 23:45:05.506380 devstack-u2204-93-55 dnsmasq-dhcp[1342812]: DHCPDISCOVER(tapaf4a2de7-32) fa:16:3e:9c:be:0e
Oct 14 23:45:05.506458 devstack-u2204-93-55 dnsmasq-dhcp[1342812]: DHCPOFFER(tapaf4a2de7-32) 10.1.0.4 fa:16:3e:9c:be:0e
Oct 14 23:45:05.532605 devstack-u2204-93-55 dnsmasq-dhcp[1342812]: DHCPREQUEST(tapaf4a2de7-32) 10.1.0.4 fa:16:3e:9c:be:0e
Oct 14 23:45:05.532636 devstack-u2204-93-55 dnsmasq-dhcp[1342812]: DHCPACK(tapaf4a2de7-32) 10.1.0.4 fa:16:3e:9c:be:0e host-10-1-0-4
Oct 14 23:46:48.184103 devstack-u2204-93-55 dnsmasq-dhcp[1342812]: DHCPRELEASE(tapaf4a2de7-32) 10.1.0.4 fa:16:3e:9c:be:0e
Oct 14 23:46:48.206463 devstack-u2204-93-55 dnsmasq-dhcp[1342812]: DHCPRELEASE(tapaf4a2de7-32) 10.1.0.4 fa:16:3e:9c:be:0e unknown lease
Oct 14 23:46:49.038728 devstack-u2204-93-55 dnsmasq[1342812]: read /opt/stack/data/neutron/dhcp/a651963b-039f-4b81-84dd-e8eb3a57bff8/addn_hosts - 2 names
Oct 14 23:46:49.038882 devstack-u2204-93-55 dnsmasq-dhcp[1342812]: read /opt/stack/data/neutron/dhcp/a651963b-039f-4b81-84dd-e8eb3a57bff8/host
Oct 14 23:46:49.039009 devstack-u2204-93-55 dnsmasq-dhcp[1342812]: read /opt/stack/data/neutron/dhcp/a651963b-039f-4b81-84dd-e8eb3a57bff8/opts
Oct 14 23:46:54.905682 devstack-u2204-93-55 dnsmasq[1342812]: read /opt/stack/data/neutron/dhcp/a651963b-039f-4b81-84dd-e8eb3a57bff8/addn_hosts - 0 names
Oct 14 23:46:54.905791 devstack-u2204-93-55 dnsmasq-dhcp[1342812]: read /opt/stack/data/neutron/dhcp/a651963b-039f-4b81-84dd-e8eb3a57bff8/host
Oct 14 23:46:54.905868 devstack-u2204-93-55 dnsmasq-dhcp[1342812]: read /opt/stack/data/neutron/dhcp/a651963b-039f-4b81-84dd-e8eb3a57bff8/opts
Oct 14 23:46:56.378952 devstack-u2204-93-55 dnsmasq[1342812]: exiting on receipt of SIGTERM
Oct 14 23:46:57.754436 devstack-u2204-93-55 dnsmasq[1343027]: read /opt/stack/data/neutron/dhcp/64e57dcc-3fc9-4e44-a3f6-426d7b5ee631/addn_hosts - 0 names
Oct 14 23:46:57.754623 devstack-u2204-93-55 dnsmasq-dhcp[1343027]: read /opt/stack/data/neutron/dhcp/64e57dcc-3fc9-4e44-a3f6-426d7b5ee631/host
Oct 14 23:46:57.754734 devstack-u2204-93-55 dnsmasq-dhcp[1343027]: read /opt/stack/data/neutron/dhcp/64e57dcc-3fc9-4e44-a3f6-426d7b5ee631/opts
Oct 14 23:46:59.302082 devstack-u2204-93-55 dnsmasq[1343027]: exiting on receipt of SIGTERM
