2025-10-14 12:16:50.630 642794 DEBUG nova.virt.block_device [req-d592f2fe-0e16-4ccd-ba26-d0c8336db9cd 586d8715f41249b4b285aff3f3f1c49f 42c25c151f554645ad7afb7ba86da63e - - default default] [instance: 114e5cd3-51f0-4a6c-a77d-26820e2c1cee] Updating existing volume attachment record: dc5aaf00-2336-4231-aa7c-0cc91271d2db [00;33m{{(pid=642794) _volume_attach /opt/stack/nova/nova/virt/block_device.py:666}}[00m
2025-10-14 12:16:55.304 642794 DEBUG ovsdbapp.backend.ovs_idl.vlog [-] 4999-ms timeout [00;33m{{(pid=642794) __log_wakeup /opt/stack/data/venv/lib/python3.10/site-packages/ovs/poller.py:248}}[00m
2025-10-14 12:16:55.306 642794 DEBUG ovsdbapp.backend.ovs_idl.vlog [-] 0-ms timeout [00;33m{{(pid=642794) __log_wakeup /opt/stack/data/venv/lib/python3.10/site-packages/ovs/poller.py:248}}[00m
2025-10-14 12:16:55.306 642794 DEBUG ovsdbapp.backend.ovs_idl.vlog [-] tcp:127.0.0.1:6640: idle 5003 ms, sending inactivity probe [00;33m{{(pid=642794) run /opt/stack/data/venv/lib/python3.10/site-packages/ovs/reconnect.py:117}}[00m
2025-10-14 12:16:55.307 642794 DEBUG ovsdbapp.backend.ovs_idl.vlog [-] tcp:127.0.0.1:6640: entering IDLE [00;33m{{(pid=642794) _transition /opt/stack/data/venv/lib/python3.10/site-packages/ovs/reconnect.py:519}}[00m
2025-10-14 12:16:55.308 642794 DEBUG ovsdbapp.backend.ovs_idl.vlog [-] [POLLIN] on fd 25 [00;33m{{(pid=642794) __log_wakeup /opt/stack/data/venv/lib/python3.10/site-packages/ovs/poller.py:263}}[00m
2025-10-14 12:16:55.309 642794 DEBUG ovsdbapp.backend.ovs_idl.vlog [-] tcp:127.0.0.1:6640: entering ACTIVE [00;33m{{(pid=642794) _transition /opt/stack/data/venv/lib/python3.10/site-packages/ovs/reconnect.py:519}}[00m
2025-10-14 12:16:59.758 642794 DEBUG oslo_concurrency.lockutils [req-d592f2fe-0e16-4ccd-ba26-d0c8336db9cd 586d8715f41249b4b285aff3f3f1c49f 42c25c151f554645ad7afb7ba86da63e - - default default] Acquiring lock "cache_volume_driver" by "nova.virt.libvirt.driver.LibvirtDriver._get_volume_driver.<locals>._cache_volume_driver" [00;33m{{(pid=642794) inner /opt/stack/data/venv/lib/python3.10/site-packages/oslo_concurrency/lockutils.py:405}}[00m
2025-10-14 12:16:59.760 642794 DEBUG oslo_concurrency.lockutils [req-d592f2fe-0e16-4ccd-ba26-d0c8336db9cd 586d8715f41249b4b285aff3f3f1c49f 42c25c151f554645ad7afb7ba86da63e - - default default] Lock "cache_volume_driver" acquired by "nova.virt.libvirt.driver.LibvirtDriver._get_volume_driver.<locals>._cache_volume_driver" :: waited 0.002s [00;33m{{(pid=642794) inner /opt/stack/data/venv/lib/python3.10/site-packages/oslo_concurrency/lockutils.py:410}}[00m
2025-10-14 12:16:59.766 642794 DEBUG os_brick.initiator.connector [req-d592f2fe-0e16-4ccd-ba26-d0c8336db9cd 586d8715f41249b4b285aff3f3f1c49f 42c25c151f554645ad7afb7ba86da63e - - default default] Factory for ISCSI on None [00;33m{{(pid=642794) factory /opt/stack/data/venv/lib/python3.10/site-packages/os_brick/initiator/connector.py:281}}[00m
2025-10-14 12:16:59.768 642794 DEBUG oslo_concurrency.lockutils [req-d592f2fe-0e16-4ccd-ba26-d0c8336db9cd 586d8715f41249b4b285aff3f3f1c49f 42c25c151f554645ad7afb7ba86da63e - - default default] Lock "cache_volume_driver" "released" by "nova.virt.libvirt.driver.LibvirtDriver._get_volume_driver.<locals>._cache_volume_driver" :: held 0.008s [00;33m{{(pid=642794) inner /opt/stack/data/venv/lib/python3.10/site-packages/oslo_concurrency/lockutils.py:424}}[00m
2025-10-14 12:16:59.768 642794 DEBUG nova.virt.libvirt.volume.iscsi [req-d592f2fe-0e16-4ccd-ba26-d0c8336db9cd 586d8715f41249b4b285aff3f3f1c49f 42c25c151f554645ad7afb7ba86da63e - - default default] [instance: 114e5cd3-51f0-4a6c-a77d-26820e2c1cee] Calling os-brick to attach iSCSI Volume [00;33m{{(pid=642794) connect_volume /opt/stack/nova/nova/virt/libvirt/volume/iscsi.py:64}}[00m
2025-10-14 12:16:59.770 642794 DEBUG os_brick.initiator.connectors.iscsi [req-d592f2fe-0e16-4ccd-ba26-d0c8336db9cd 586d8715f41249b4b285aff3f3f1c49f 42c25c151f554645ad7afb7ba86da63e - - default default] ==> connect_volume: call "{'self': <os_brick.initiator.connectors.iscsi.ISCSIConnector object at 0x7dd814160790>, 'connection_properties': {'target_portal': '172.25.59.221:3260', 'target_iqn': 'iqn.2016-04.com.open-iscsi:d78edfece0b6.hbsd-target', 'target_discovered': False, 'target_lun': 0, 'qos_specs': None, 'access_mode': 'rw', 'encrypted': False, 'cacheable': False, 'enforce_multipath': True}}" [00;33m{{(pid=642794) trace_logging_wrapper /opt/stack/data/venv/lib/python3.10/site-packages/os_brick/utils.py:177}}[00m
2025-10-14 12:16:59.771 642794 DEBUG os_brick.initiator.connectors.base [req-d592f2fe-0e16-4ccd-ba26-d0c8336db9cd 586d8715f41249b4b285aff3f3f1c49f 42c25c151f554645ad7afb7ba86da63e - - default default] Acquiring lock "connect_volume" by "os_brick.initiator.connectors.iscsi.ISCSIConnector.connect_volume" [00;33m{{(pid=642794) inner /opt/stack/data/venv/lib/python3.10/site-packages/os_brick/initiator/connectors/base.py:68}}[00m
2025-10-14 12:16:59.773 642794 DEBUG os_brick.initiator.connectors.base [req-d592f2fe-0e16-4ccd-ba26-d0c8336db9cd 586d8715f41249b4b285aff3f3f1c49f 42c25c151f554645ad7afb7ba86da63e - - default default] Lock "connect_volume" acquired by "os_brick.initiator.connectors.iscsi.ISCSIConnector.connect_volume" :: waited 0.002s [00;33m{{(pid=642794) inner /opt/stack/data/venv/lib/python3.10/site-packages/os_brick/initiator/connectors/base.py:73}}[00m
2025-10-14 12:16:59.773 642794 DEBUG os_brick.initiator.connectors.base [req-d592f2fe-0e16-4ccd-ba26-d0c8336db9cd 586d8715f41249b4b285aff3f3f1c49f 42c25c151f554645ad7afb7ba86da63e - - default default] Connection properties {'target_portal': '172.25.59.221:3260', 'target_iqn': 'iqn.2016-04.com.open-iscsi:d78edfece0b6.hbsd-target', 'target_discovered': False, 'target_lun': 0, 'qos_specs': None, 'access_mode': 'rw', 'encrypted': False, 'cacheable': False, 'enforce_multipath': True} [00;33m{{(pid=642794) check_multipath /opt/stack/data/venv/lib/python3.10/site-packages/os_brick/initiator/connectors/base.py:133}}[00m
2025-10-14 12:16:59.775 661299 DEBUG oslo_concurrency.processutils [-] Running cmd (subprocess): multipathd show status [00;33m{{(pid=661299) execute /opt/stack/data/venv/lib/python3.10/site-packages/oslo_concurrency/processutils.py:349}}[00m
2025-10-14 12:16:59.789 661299 DEBUG oslo_concurrency.processutils [-] 'multipathd show status' failed. Not Retrying. [00;33m{{(pid=661299) execute /opt/stack/data/venv/lib/python3.10/site-packages/oslo_concurrency/processutils.py:423}}[00m
2025-10-14 12:16:59.791 661299 DEBUG oslo.privsep.daemon [-] privsep: Exception during request[4e8ef853-1298-4ba2-84df-1726ba249114]: [Errno 2] No such file or directory: 'multipathd' [00;33m{{(pid=661299) _process_cmd /opt/stack/data/venv/lib/python3.10/site-packages/oslo_privsep/daemon.py:481}}[00m
Traceback (most recent call last):
  File "/opt/stack/data/venv/lib/python3.10/site-packages/oslo_privsep/daemon.py", line 478, in _process_cmd
    ret = func(*f_args, **f_kwargs)
  File "/opt/stack/data/venv/lib/python3.10/site-packages/oslo_privsep/priv_context.py", line 266, in _wrap
    return func(*args, **kwargs)
  File "/opt/stack/data/venv/lib/python3.10/site-packages/os_brick/privileged/rootwrap.py", line 198, in execute_root
    return custom_execute(*cmd, shell=False, run_as_root=False, **kwargs)
  File "/opt/stack/data/venv/lib/python3.10/site-packages/os_brick/privileged/rootwrap.py", line 146, in custom_execute
    return putils.execute(on_execute=on_execute,
  File "/opt/stack/data/venv/lib/python3.10/site-packages/oslo_concurrency/processutils.py", line 354, in execute
    obj = subprocess.Popen(cmd,
  File "/usr/lib/python3.10/subprocess.py", line 971, in __init__
    self._execute_child(args, executable, preexec_fn, close_fds,
  File "/usr/lib/python3.10/subprocess.py", line 1863, in _execute_child
    raise child_exception_type(errno_num, err_msg, err_filename)
FileNotFoundError: [Errno 2] No such file or directory: 'multipathd'
2025-10-14 12:16:59.796 661299 DEBUG oslo.privsep.daemon [-] privsep: reply[4e8ef853-1298-4ba2-84df-1726ba249114]: (5, 'builtins.FileNotFoundError', (2, 'No such file or directory')) [00;33m{{(pid=661299) _call_back /opt/stack/data/venv/lib/python3.10/site-packages/oslo_privsep/daemon.py:503}}[00m
2025-10-14 12:16:59.799 642794 DEBUG os_brick.initiator.connectors.base [req-d592f2fe-0e16-4ccd-ba26-d0c8336db9cd 586d8715f41249b4b285aff3f3f1c49f 42c25c151f554645ad7afb7ba86da63e - - default default] Acquiring lock "connect_to_iscsi_portal-172.25.59.221:3260-iqn.2016-04.com.open-iscsi:d78edfece0b6.hbsd-target" by "os_brick.initiator.connectors.iscsi.ISCSIConnector._connect_to_iscsi_portal_unsafe" [00;33m{{(pid=642794) inner /opt/stack/data/venv/lib/python3.10/site-packages/os_brick/initiator/connectors/base.py:68}}[00m
2025-10-14 12:16:59.801 642794 DEBUG os_brick.initiator.connectors.base [req-d592f2fe-0e16-4ccd-ba26-d0c8336db9cd 586d8715f41249b4b285aff3f3f1c49f 42c25c151f554645ad7afb7ba86da63e - - default default] Lock "connect_to_iscsi_portal-172.25.59.221:3260-iqn.2016-04.com.open-iscsi:d78edfece0b6.hbsd-target" acquired by "os_brick.initiator.connectors.iscsi.ISCSIConnector._connect_to_iscsi_portal_unsafe" :: waited 0.002s [00;33m{{(pid=642794) inner /opt/stack/data/venv/lib/python3.10/site-packages/os_brick/initiator/connectors/base.py:73}}[00m
2025-10-14 12:16:59.802 642794 INFO os_brick.initiator.connectors.iscsi [req-d592f2fe-0e16-4ccd-ba26-d0c8336db9cd 586d8715f41249b4b285aff3f3f1c49f 42c25c151f554645ad7afb7ba86da63e - - default default] Trying to connect to iSCSI portal 172.25.59.221:3260
2025-10-14 12:16:59.804 661299 DEBUG oslo_concurrency.processutils [-] Running cmd (subprocess): iscsiadm -m node -T iqn.2016-04.com.open-iscsi:d78edfece0b6.hbsd-target -p 172.25.59.221:3260 [00;33m{{(pid=661299) execute /opt/stack/data/venv/lib/python3.10/site-packages/oslo_concurrency/processutils.py:349}}[00m
2025-10-14 12:16:59.824 661299 DEBUG oslo_concurrency.processutils [-] CMD "iscsiadm -m node -T iqn.2016-04.com.open-iscsi:d78edfece0b6.hbsd-target -p 172.25.59.221:3260" returned: 21 in 0.020s [00;33m{{(pid=661299) execute /opt/stack/data/venv/lib/python3.10/site-packages/oslo_concurrency/processutils.py:372}}[00m
2025-10-14 12:16:59.825 661299 DEBUG oslo.privsep.daemon [-] privsep: reply[0c2e1315-3fdf-4bee-ac50-c88457c78a8e]: (4, ('', 'iscsiadm: No records found\n')) [00;33m{{(pid=661299) _call_back /opt/stack/data/venv/lib/python3.10/site-packages/oslo_privsep/daemon.py:503}}[00m
2025-10-14 12:16:59.827 642794 DEBUG os_brick.initiator.connectors.iscsi [req-d592f2fe-0e16-4ccd-ba26-d0c8336db9cd 586d8715f41249b4b285aff3f3f1c49f 42c25c151f554645ad7afb7ba86da63e - - default default] iscsiadm (): stdout= stderr=iscsiadm: No records found
 [00;33m{{(pid=642794) _run_iscsiadm /opt/stack/data/venv/lib/python3.10/site-packages/os_brick/initiator/connectors/iscsi.py:1065}}[00m
2025-10-14 12:16:59.828 661299 DEBUG oslo_concurrency.processutils [-] Running cmd (subprocess): iscsiadm -m node -T iqn.2016-04.com.open-iscsi:d78edfece0b6.hbsd-target -p 172.25.59.221:3260 --interface default --op new [00;33m{{(pid=661299) execute /opt/stack/data/venv/lib/python3.10/site-packages/oslo_concurrency/processutils.py:349}}[00m
2025-10-14 12:16:59.851 661299 DEBUG oslo_concurrency.processutils [-] CMD "iscsiadm -m node -T iqn.2016-04.com.open-iscsi:d78edfece0b6.hbsd-target -p 172.25.59.221:3260 --interface default --op new" returned: 0 in 0.022s [00;33m{{(pid=661299) execute /opt/stack/data/venv/lib/python3.10/site-packages/oslo_concurrency/processutils.py:372}}[00m
2025-10-14 12:16:59.852 661299 DEBUG oslo.privsep.daemon [-] privsep: reply[aa0f14e8-26e1-49de-8bfd-c8fc33633b1a]: (4, ('New iSCSI node [tcp:[hw=,ip=,net_if=,iscsi_if=default] 172.25.59.221,3260,-1 iqn.2016-04.com.open-iscsi:d78edfece0b6.hbsd-target] added\n', 'iscsiadm: config file line 337 do not has value\niscsiadm: config file line 337 do not has value\niscsiadm: config file line 337 do not has value\niscsiadm: config file line 337 do not has value\n')) [00;33m{{(pid=661299) _call_back /opt/stack/data/venv/lib/python3.10/site-packages/oslo_privsep/daemon.py:503}}[00m
2025-10-14 12:16:59.853 642794 DEBUG os_brick.initiator.connectors.iscsi [req-d592f2fe-0e16-4ccd-ba26-d0c8336db9cd 586d8715f41249b4b285aff3f3f1c49f 42c25c151f554645ad7afb7ba86da63e - - default default] iscsiadm ('--interface', 'default', '--op', 'new'): stdout=New iSCSI node [tcp:[hw=,ip=,net_if=,iscsi_if=default] 172.25.59.221,3260,-1 iqn.2016-04.com.open-iscsi:d78edfece0b6.hbsd-target] added
 stderr=iscsiadm: config file line 337 do not has value
iscsiadm: config file line 337 do not has value
iscsiadm: config file line 337 do not has value
iscsiadm: config file line 337 do not has value
 [00;33m{{(pid=642794) _run_iscsiadm /opt/stack/data/venv/lib/python3.10/site-packages/os_brick/initiator/connectors/iscsi.py:1065}}[00m
2025-10-14 12:16:59.854 642794 DEBUG os_brick.initiator.connectors.iscsi [req-d592f2fe-0e16-4ccd-ba26-d0c8336db9cd 586d8715f41249b4b285aff3f3f1c49f 42c25c151f554645ad7afb7ba86da63e - - default default] Retrying to connect to iSCSI portal 172.25.59.221:3260 [00;33m{{(pid=642794) _connect_to_iscsi_portal_unsafe /opt/stack/data/venv/lib/python3.10/site-packages/os_brick/initiator/connectors/iscsi.py:1131}}[00m
2025-10-14 12:16:59.855 642794 DEBUG os_brick.utils [req-d592f2fe-0e16-4ccd-ba26-d0c8336db9cd 586d8715f41249b4b285aff3f3f1c49f 42c25c151f554645ad7afb7ba86da63e - - default default] Finished call to 'os_brick.initiator.connectors.iscsi.ISCSIConnector._connect_to_iscsi_portal_unsafe' after 0.053(s), this was the 1st time calling it. [00;33m{{(pid=642794) log_it /opt/stack/data/venv/lib/python3.10/site-packages/tenacity/after.py:44}}[00m
2025-10-14 12:16:59.856 642794 DEBUG os_brick.utils [req-d592f2fe-0e16-4ccd-ba26-d0c8336db9cd 586d8715f41249b4b285aff3f3f1c49f 42c25c151f554645ad7afb7ba86da63e - - default default] Retrying os_brick.initiator.connectors.iscsi.ISCSIConnector._connect_to_iscsi_portal_unsafe in 1.0 seconds as it raised BrickException: An unknown exception occurred.. [00;33m{{(pid=642794) log_it /opt/stack/data/venv/lib/python3.10/site-packages/tenacity/before_sleep.py:65}}[00m
2025-10-14 12:17:00.311 642794 DEBUG ovsdbapp.backend.ovs_idl.vlog [-] 4999-ms timeout [00;33m{{(pid=642794) __log_wakeup /opt/stack/data/venv/lib/python3.10/site-packages/ovs/poller.py:248}}[00m
2025-10-14 12:17:00.313 642794 DEBUG ovsdbapp.backend.ovs_idl.vlog [-] 0-ms timeout [00;33m{{(pid=642794) __log_wakeup /opt/stack/data/venv/lib/python3.10/site-packages/ovs/poller.py:248}}[00m
2025-10-14 12:17:00.313 642794 DEBUG ovsdbapp.backend.ovs_idl.vlog [-] tcp:127.0.0.1:6640: idle 5003 ms, sending inactivity probe [00;33m{{(pid=642794) run /opt/stack/data/venv/lib/python3.10/site-packages/ovs/reconnect.py:117}}[00m
2025-10-14 12:17:00.314 642794 DEBUG ovsdbapp.backend.ovs_idl.vlog [-] tcp:127.0.0.1:6640: entering IDLE [00;33m{{(pid=642794) _transition /opt/stack/data/venv/lib/python3.10/site-packages/ovs/reconnect.py:519}}[00m
2025-10-14 12:17:00.315 642794 DEBUG ovsdbapp.backend.ovs_idl.vlog [-] [POLLIN] on fd 25 [00;33m{{(pid=642794) __log_wakeup /opt/stack/data/venv/lib/python3.10/site-packages/ovs/poller.py:263}}[00m
2025-10-14 12:17:00.316 642794 DEBUG ovsdbapp.backend.ovs_idl.vlog [-] tcp:127.0.0.1:6640: entering ACTIVE [00;33m{{(pid=642794) _transition /opt/stack/data/venv/lib/python3.10/site-packages/ovs/reconnect.py:519}}[00m
2025-10-14 12:17:00.858 642794 INFO os_brick.initiator.connectors.iscsi [req-d592f2fe-0e16-4ccd-ba26-d0c8336db9cd 586d8715f41249b4b285aff3f3f1c49f 42c25c151f554645ad7afb7ba86da63e - - default default] Trying to connect to iSCSI portal 172.25.59.221:3260
2025-10-14 12:17:00.861 661299 DEBUG oslo_concurrency.processutils [-] Running cmd (subprocess): iscsiadm -m node -T iqn.2016-04.com.open-iscsi:d78edfece0b6.hbsd-target -p 172.25.59.221:3260 [00;33m{{(pid=661299) execute /opt/stack/data/venv/lib/python3.10/site-packages/oslo_concurrency/processutils.py:349}}[00m
2025-10-14 12:17:00.883 661299 DEBUG oslo_concurrency.processutils [-] CMD "iscsiadm -m node -T iqn.2016-04.com.open-iscsi:d78edfece0b6.hbsd-target -p 172.25.59.221:3260" returned: 0 in 0.023s [00;33m{{(pid=661299) execute /opt/stack/data/venv/lib/python3.10/site-packages/oslo_concurrency/processutils.py:372}}[00m
2025-10-14 12:17:00.885 661299 DEBUG oslo.privsep.daemon [-] privsep: reply[5c14dcb0-80fa-4449-ba53-655207a61a7c]: (4, ('# BEGIN RECORD 2.1.5\nnode.name = iqn.2016-04.com.open-iscsi:d78edfece0b6.hbsd-target\nnode.tpgt = -1\nnode.startup = manual\nnode.leading_login = No\niface.iscsi_ifacename = default\niface.net_ifacename = <empty>\niface.ipaddress = <empty>\niface.prefix_len = 0\niface.hwaddress = <empty>\niface.transport_name = tcp\niface.initiatorname = <empty>\niface.state = <empty>\niface.vlan_id = 0\niface.vlan_priority = 0\niface.vlan_state = <empty>\niface.iface_num = 0\niface.mtu = 0\niface.port = 0\niface.bootproto = <empty>\niface.subnet_mask = <empty>\niface.gateway = <empty>\niface.dhcp_alt_client_id_state = <empty>\niface.dhcp_alt_client_id = <empty>\niface.dhcp_dns = <empty>\niface.dhcp_learn_iqn = <empty>\niface.dhcp_req_vendor_id_state = <empty>\niface.dhcp_vendor_id_state = <empty>\niface.dhcp_vendor_id = <empty>\niface.dhcp_slp_da = <empty>\niface.fragmentation = <empty>\niface.gratuitous_arp = <empty>\niface.incoming_forwarding = <empty>\niface.tos_state = <empty>\niface.tos = 0\niface.ttl = 0\niface.delayed_ack = <empty>\niface.tcp_nagle = <empty>\niface.tcp_wsf_state = <empty>\niface.tcp_wsf = 0\niface.tcp_timer_scale = 0\niface.tcp_timestamp = <empty>\niface.redirect = <empty>\niface.def_task_mgmt_timeout = 0\niface.header_digest = <empty>\niface.data_digest = <empty>\niface.immediate_data = <empty>\niface.initial_r2t = <empty>\niface.data_seq_inorder = <empty>\niface.data_pdu_inorder = <empty>\niface.erl = 0\niface.max_receive_data_len = 0\niface.first_burst_len = 0\niface.max_outstanding_r2t = 0\niface.max_burst_len = 0\niface.chap_auth = <empty>\niface.bidi_chap = <empty>\niface.strict_login_compliance = <empty>\niface.discovery_auth = <empty>\niface.discovery_logout = <empty>\nnode.discovery_address = <empty>\nnode.discovery_port = 0\nnode.discovery_type = static\nnode.session.initial_cmdsn = 0\nnode.session.initial_login_retry_max = 8\nnode.session.xmit_thread_priority = -20\nnode.session.cmds_max = 128\nnode.session.queue_depth = 32\nnode.session.nr_sessions = 1\nnode.session.auth.authmethod = None\nnode.session.auth.username = <empty>\nnode.session.auth.password = <empty>\nnode.session.auth.username_in = <empty>\nnode.session.auth.password_in = <empty>\nnode.session.auth.chap_algs = SHA3-256,SHA256\nnode.session.timeo.replacement_timeout = 120\nnode.session.err_timeo.abort_timeout = 15\nnode.session.err_timeo.lu_reset_timeout = 30\nnode.session.err_timeo.tgt_reset_timeout = 30\nnode.session.err_timeo.host_reset_timeout = 60\nnode.session.iscsi.FastAbort = Yes\nnode.session.iscsi.InitialR2T = No\nnode.session.iscsi.ImmediateData = Yes\nnode.session.iscsi.FirstBurstLength = 262144\nnode.session.iscsi.MaxBurstLength = 16776192\nnode.session.iscsi.DefaultTime2Retain = 0\nnode.session.iscsi.DefaultTime2Wait = 2\nnode.session.iscsi.MaxConnections = 1\nnode.session.iscsi.MaxOutstandingR2T = 1\nnode.session.iscsi.ERL = 0\nnode.session.scan = auto\nnode.session.reopen_max = 0\nnode.conn[0].address = 172.25.59.221\nnode.conn[0].port = 3260\nnode.conn[0].startup = manual\nnode.conn[0].tcp.window_size = 524288\nnode.conn[0].tcp.type_of_service = 0\nnode.conn[0].timeo.logout_timeout = 15\nnode.conn[0].timeo.login_timeout = 15\nnode.conn[0].timeo.auth_timeout = 45\nnode.conn[0].timeo.noop_out_interval = 5\nnode.conn[0].timeo.noop_out_timeout = 5\nnode.conn[0].iscsi.MaxXmitDataSegmentLength = 0\nnode.conn[0].iscsi.MaxRecvDataSegmentLength = 262144\nnode.conn[0].iscsi.HeaderDigest = None\nnode.conn[0].iscsi.DataDigest = None\nnode.conn[0].iscsi.IFMarker = No\nnode.conn[0].iscsi.OFMarker = No\n# END RECORD\n', '')) [00;33m{{(pid=661299) _call_back /opt/stack/data/venv/lib/python3.10/site-packages/oslo_privsep/daemon.py:503}}[00m
2025-10-14 12:17:00.889 642794 DEBUG os_brick.initiator.connectors.iscsi [req-d592f2fe-0e16-4ccd-ba26-d0c8336db9cd 586d8715f41249b4b285aff3f3f1c49f 42c25c151f554645ad7afb7ba86da63e - - default default] iscsiadm (): stdout=# BEGIN RECORD 2.1.5
node.name = iqn.2016-04.com.open-iscsi:d78edfece0b6.hbsd-target
node.tpgt = -1
node.startup = manual
node.leading_login = No
iface.iscsi_ifacename = default
iface.net_ifacename = <empty>
iface.ipaddress = <empty>
iface.prefix_len = 0
iface.hwaddress = <empty>
iface.transport_name = tcp
iface.initiatorname = <empty>
iface.state = <empty>
iface.vlan_id = 0
iface.vlan_priority = 0
iface.vlan_state = <empty>
iface.iface_num = 0
iface.mtu = 0
iface.port = 0
iface.bootproto = <empty>
iface.subnet_mask = <empty>
iface.gateway = <empty>
iface.dhcp_alt_client_id_state = <empty>
iface.dhcp_alt_client_id = <empty>
iface.dhcp_dns = <empty>
iface.dhcp_learn_iqn = <empty>
iface.dhcp_req_vendor_id_state = <empty>
iface.dhcp_vendor_id_state = <empty>
iface.dhcp_vendor_id = <empty>
iface.dhcp_slp_da = <empty>
iface.fragmentation = <empty>
iface.gratuitous_arp = <empty>
iface.incoming_forwarding = <empty>
iface.tos_state = <empty>
iface.tos = 0
iface.ttl = 0
iface.delayed_ack = <empty>
iface.tcp_nagle = <empty>
iface.tcp_wsf_state = <empty>
iface.tcp_wsf = 0
iface.tcp_timer_scale = 0
iface.tcp_timestamp = <empty>
iface.redirect = <empty>
iface.def_task_mgmt_timeout = 0
iface.header_digest = <empty>
iface.data_digest = <empty>
iface.immediate_data = <empty>
iface.initial_r2t = <empty>
iface.data_seq_inorder = <empty>
iface.data_pdu_inorder = <empty>
iface.erl = 0
iface.max_receive_data_len = 0
iface.first_burst_len = 0
iface.max_outstanding_r2t = 0
iface.max_burst_len = 0
iface.chap_auth = <empty>
iface.bidi_chap = <empty>
iface.strict_login_compliance = <empty>
iface.discovery_auth = <empty>
iface.discovery_logout = <empty>
node.discovery_address = <empty>
node.discovery_port = 0
node.discovery_type = static
node.session.initial_cmdsn = 0
node.session.initial_login_retry_max = 8
node.session.xmit_thread_priority = -20
node.session.cmds_max = 128
node.session.queue_depth = 32
node.session.nr_sessions = 1
node.session.auth.authmethod = None
node.session.auth.username = <empty>
node.session.auth.password = ***
node.session.auth.username_in = <empty>
node.session.auth.password_in = <empty>
node.session.auth.chap_algs = SHA3-256,SHA256
node.session.timeo.replacement_timeout = 120
node.session.err_timeo.abort_timeout = 15
node.session.err_timeo.lu_reset_timeout = 30
node.session.err_timeo.tgt_reset_timeout = 30
node.session.err_timeo.host_reset_timeout = 60
node.session.iscsi.FastAbort = Yes
node.session.iscsi.InitialR2T = No
node.session.iscsi.ImmediateData = Yes
node.session.iscsi.FirstBurstLength = 262144
node.session.iscsi.MaxBurstLength = 16776192
node.session.iscsi.DefaultTime2Retain = 0
node.session.iscsi.DefaultTime2Wait = 2
node.session.iscsi.MaxConnections = 1
node.session.iscsi.MaxOutstandingR2T = 1
node.session.iscsi.ERL = 0
node.session.scan = auto
node.session.reopen_max = 0
node.conn[0].address = 172.25.59.221
node.conn[0].port = 3260
node.conn[0].startup = manual
node.conn[0].tcp.window_size = 524288
node.conn[0].tcp.type_of_service = 0
node.conn[0].timeo.logout_timeout = 15
node.conn[0].timeo.login_timeout = 15
node.conn[0].timeo.auth_timeout = 45
node.conn[0].timeo.noop_out_interval = 5
node.conn[0].timeo.noop_out_timeout = 5
node.conn[0].iscsi.MaxXmitDataSegmentLength = 0
node.conn[0].iscsi.MaxRecvDataSegmentLength = 262144
node.conn[0].iscsi.HeaderDigest = None
node.conn[0].iscsi.DataDigest = None
node.conn[0].iscsi.IFMarker = No
node.conn[0].iscsi.OFMarker = No
# END RECORD
 stderr= [00;33m{{(pid=642794) _run_iscsiadm /opt/stack/data/venv/lib/python3.10/site-packages/os_brick/initiator/connectors/iscsi.py:1065}}[00m
2025-10-14 12:17:00.892 661299 DEBUG oslo_concurrency.processutils [-] Running cmd (subprocess): iscsiadm -m node -T iqn.2016-04.com.open-iscsi:d78edfece0b6.hbsd-target -p 172.25.59.221:3260 --op update -n node.session.scan -v manual [00;33m{{(pid=661299) execute /opt/stack/data/venv/lib/python3.10/site-packages/oslo_concurrency/processutils.py:349}}[00m
2025-10-14 12:17:00.914 661299 DEBUG oslo_concurrency.processutils [-] CMD "iscsiadm -m node -T iqn.2016-04.com.open-iscsi:d78edfece0b6.hbsd-target -p 172.25.59.221:3260 --op update -n node.session.scan -v manual" returned: 0 in 0.022s [00;33m{{(pid=661299) execute /opt/stack/data/venv/lib/python3.10/site-packages/oslo_concurrency/processutils.py:372}}[00m
2025-10-14 12:17:00.915 661299 DEBUG oslo.privsep.daemon [-] privsep: reply[c018cc7b-5f5c-4d2d-8c5f-f0e6d77d34ab]: (4, ('', '')) [00;33m{{(pid=661299) _call_back /opt/stack/data/venv/lib/python3.10/site-packages/oslo_privsep/daemon.py:503}}[00m
2025-10-14 12:17:00.917 642794 DEBUG os_brick.initiator.connectors.iscsi [req-d592f2fe-0e16-4ccd-ba26-d0c8336db9cd 586d8715f41249b4b285aff3f3f1c49f 42c25c151f554645ad7afb7ba86da63e - - default default] iscsiadm ('--op', 'update', '-n', 'node.session.scan', '-v', 'manual'): stdout= stderr= [00;33m{{(pid=642794) _run_iscsiadm /opt/stack/data/venv/lib/python3.10/site-packages/os_brick/initiator/connectors/iscsi.py:1065}}[00m
2025-10-14 12:17:00.919 661299 DEBUG oslo_concurrency.processutils [-] Running cmd (subprocess): iscsiadm -m session [00;33m{{(pid=661299) execute /opt/stack/data/venv/lib/python3.10/site-packages/oslo_concurrency/processutils.py:349}}[00m
2025-10-14 12:17:00.938 661299 DEBUG oslo_concurrency.processutils [-] CMD "iscsiadm -m session" returned: 21 in 0.020s [00;33m{{(pid=661299) execute /opt/stack/data/venv/lib/python3.10/site-packages/oslo_concurrency/processutils.py:372}}[00m
2025-10-14 12:17:00.940 661299 DEBUG oslo.privsep.daemon [-] privsep: reply[6ee5ca78-7cbe-49bf-85de-8b90c48db7bf]: (4, ('', 'iscsiadm: No active sessions.\n')) [00;33m{{(pid=661299) _call_back /opt/stack/data/venv/lib/python3.10/site-packages/oslo_privsep/daemon.py:503}}[00m
2025-10-14 12:17:00.941 642794 DEBUG os_brick.initiator.connectors.iscsi [req-d592f2fe-0e16-4ccd-ba26-d0c8336db9cd 586d8715f41249b4b285aff3f3f1c49f 42c25c151f554645ad7afb7ba86da63e - - default default] iscsiadm ('-m', 'session'): stdout= stderr=iscsiadm: No active sessions.
 [00;33m{{(pid=642794) _run_iscsiadm_bare /opt/stack/data/venv/lib/python3.10/site-packages/os_brick/initiator/connectors/iscsi.py:1221}}[00m
2025-10-14 12:17:00.942 642794 DEBUG os_brick.initiator.connectors.iscsi [req-d592f2fe-0e16-4ccd-ba26-d0c8336db9cd 586d8715f41249b4b285aff3f3f1c49f 42c25c151f554645ad7afb7ba86da63e - - default default] iscsi session list stdout= stderr=iscsiadm: No active sessions.
 [00;33m{{(pid=642794) _run_iscsi_session /opt/stack/data/venv/lib/python3.10/site-packages/os_brick/initiator/connectors/iscsi.py:1210}}[00m
2025-10-14 12:17:00.943 642794 WARNING os_brick.initiator.connectors.iscsi [req-d592f2fe-0e16-4ccd-ba26-d0c8336db9cd 586d8715f41249b4b285aff3f3f1c49f 42c25c151f554645ad7afb7ba86da63e - - default default] iscsiadm stderr output when getting sessions: iscsiadm: No active sessions.

2025-10-14 12:17:00.945 661299 DEBUG oslo_concurrency.processutils [-] Running cmd (subprocess): iscsiadm -m node -T iqn.2016-04.com.open-iscsi:d78edfece0b6.hbsd-target -p 172.25.59.221:3260 --login [00;33m{{(pid=661299) execute /opt/stack/data/venv/lib/python3.10/site-packages/oslo_concurrency/processutils.py:349}}[00m
2025-10-14 12:17:01.988 661299 DEBUG oslo_concurrency.processutils [-] CMD "iscsiadm -m node -T iqn.2016-04.com.open-iscsi:d78edfece0b6.hbsd-target -p 172.25.59.221:3260 --login" returned: 0 in 1.043s [00;33m{{(pid=661299) execute /opt/stack/data/venv/lib/python3.10/site-packages/oslo_concurrency/processutils.py:372}}[00m
2025-10-14 12:17:01.989 661299 DEBUG oslo.privsep.daemon [-] privsep: reply[acef3d43-15ea-4e77-b118-20755c3e4ab7]: (4, ('Logging in to [iface: default, target: iqn.2016-04.com.open-iscsi:d78edfece0b6.hbsd-target, portal: 172.25.59.221,3260]\nLogin to [iface: default, target: iqn.2016-04.com.open-iscsi:d78edfece0b6.hbsd-target, portal: 172.25.59.221,3260] successful.\n', '')) [00;33m{{(pid=661299) _call_back /opt/stack/data/venv/lib/python3.10/site-packages/oslo_privsep/daemon.py:503}}[00m
2025-10-14 12:17:01.992 642794 DEBUG os_brick.initiator.connectors.iscsi [req-d592f2fe-0e16-4ccd-ba26-d0c8336db9cd 586d8715f41249b4b285aff3f3f1c49f 42c25c151f554645ad7afb7ba86da63e - - default default] iscsiadm ('--login',): stdout=Logging in to [iface: default, target: iqn.2016-04.com.open-iscsi:d78edfece0b6.hbsd-target, portal: 172.25.59.221,3260]
Login to [iface: default, target: iqn.2016-04.com.open-iscsi:d78edfece0b6.hbsd-target, portal: 172.25.59.221,3260] successful.
 stderr= [00;33m{{(pid=642794) _run_iscsiadm /opt/stack/data/venv/lib/python3.10/site-packages/os_brick/initiator/connectors/iscsi.py:1065}}[00m
2025-10-14 12:17:01.995 661299 DEBUG oslo_concurrency.processutils [-] Running cmd (subprocess): iscsiadm -m node -T iqn.2016-04.com.open-iscsi:d78edfece0b6.hbsd-target -p 172.25.59.221:3260 --op update -n node.startup -v automatic [00;33m{{(pid=661299) execute /opt/stack/data/venv/lib/python3.10/site-packages/oslo_concurrency/processutils.py:349}}[00m
2025-10-14 12:17:02.010 661299 DEBUG oslo_concurrency.processutils [-] CMD "iscsiadm -m node -T iqn.2016-04.com.open-iscsi:d78edfece0b6.hbsd-target -p 172.25.59.221:3260 --op update -n node.startup -v automatic" returned: 0 in 0.016s [00;33m{{(pid=661299) execute /opt/stack/data/venv/lib/python3.10/site-packages/oslo_concurrency/processutils.py:372}}[00m
2025-10-14 12:17:02.012 661299 DEBUG oslo.privsep.daemon [-] privsep: reply[d39f614c-35e2-41be-8ce8-9fd57d4b96fc]: (4, ('', '')) [00;33m{{(pid=661299) _call_back /opt/stack/data/venv/lib/python3.10/site-packages/oslo_privsep/daemon.py:503}}[00m
2025-10-14 12:17:02.014 642794 DEBUG os_brick.initiator.connectors.iscsi [req-d592f2fe-0e16-4ccd-ba26-d0c8336db9cd 586d8715f41249b4b285aff3f3f1c49f 42c25c151f554645ad7afb7ba86da63e - - default default] iscsiadm ('--op', 'update', '-n', 'node.startup', '-v', 'automatic'): stdout= stderr= [00;33m{{(pid=642794) _run_iscsiadm /opt/stack/data/venv/lib/python3.10/site-packages/os_brick/initiator/connectors/iscsi.py:1065}}[00m
2025-10-14 12:17:02.016 661299 DEBUG oslo_concurrency.processutils [-] Running cmd (subprocess): iscsiadm -m session [00;33m{{(pid=661299) execute /opt/stack/data/venv/lib/python3.10/site-packages/oslo_concurrency/processutils.py:349}}[00m
2025-10-14 12:17:02.037 661299 DEBUG oslo_concurrency.processutils [-] CMD "iscsiadm -m session" returned: 0 in 0.021s [00;33m{{(pid=661299) execute /opt/stack/data/venv/lib/python3.10/site-packages/oslo_concurrency/processutils.py:372}}[00m
2025-10-14 12:17:02.038 661299 DEBUG oslo.privsep.daemon [-] privsep: reply[3fb59687-2b70-4377-9330-5777ced34867]: (4, ('tcp: [13] 172.25.59.221:3260,257 iqn.2016-04.com.open-iscsi:d78edfece0b6.hbsd-target (non-flash)\n', '')) [00;33m{{(pid=661299) _call_back /opt/stack/data/venv/lib/python3.10/site-packages/oslo_privsep/daemon.py:503}}[00m
2025-10-14 12:17:02.040 642794 DEBUG os_brick.initiator.connectors.iscsi [req-d592f2fe-0e16-4ccd-ba26-d0c8336db9cd 586d8715f41249b4b285aff3f3f1c49f 42c25c151f554645ad7afb7ba86da63e - - default default] iscsiadm ('-m', 'session'): stdout=tcp: [13] 172.25.59.221:3260,257 iqn.2016-04.com.open-iscsi:d78edfece0b6.hbsd-target (non-flash)
 stderr= [00;33m{{(pid=642794) _run_iscsiadm_bare /opt/stack/data/venv/lib/python3.10/site-packages/os_brick/initiator/connectors/iscsi.py:1221}}[00m
2025-10-14 12:17:02.041 642794 DEBUG os_brick.initiator.connectors.iscsi [req-d592f2fe-0e16-4ccd-ba26-d0c8336db9cd 586d8715f41249b4b285aff3f3f1c49f 42c25c151f554645ad7afb7ba86da63e - - default default] iscsi session list stdout=tcp: [13] 172.25.59.221:3260,257 iqn.2016-04.com.open-iscsi:d78edfece0b6.hbsd-target (non-flash)
 stderr= [00;33m{{(pid=642794) _run_iscsi_session /opt/stack/data/venv/lib/python3.10/site-packages/os_brick/initiator/connectors/iscsi.py:1210}}[00m
2025-10-14 12:17:02.042 642794 DEBUG os_brick.initiator.connectors.base [req-d592f2fe-0e16-4ccd-ba26-d0c8336db9cd 586d8715f41249b4b285aff3f3f1c49f 42c25c151f554645ad7afb7ba86da63e - - default default] Lock "connect_to_iscsi_portal-172.25.59.221:3260-iqn.2016-04.com.open-iscsi:d78edfece0b6.hbsd-target" "released" by "os_brick.initiator.connectors.iscsi.ISCSIConnector._connect_to_iscsi_portal_unsafe" :: held 2.241s [00;33m{{(pid=642794) inner /opt/stack/data/venv/lib/python3.10/site-packages/os_brick/initiator/connectors/base.py:87}}[00m
2025-10-14 12:17:02.043 642794 DEBUG os_brick.initiator.connectors.iscsi [req-d592f2fe-0e16-4ccd-ba26-d0c8336db9cd 586d8715f41249b4b285aff3f3f1c49f 42c25c151f554645ad7afb7ba86da63e - - default default] Connected to 172.25.59.221:3260 [00;33m{{(pid=642794) _connect_vol /opt/stack/data/venv/lib/python3.10/site-packages/os_brick/initiator/connectors/iscsi.py:659}}[00m
2025-10-14 12:17:02.045 642794 DEBUG os_brick.initiator.linuxscsi [req-d592f2fe-0e16-4ccd-ba26-d0c8336db9cd 586d8715f41249b4b285aff3f3f1c49f 42c25c151f554645ad7afb7ba86da63e - - default default] HCTL ('33', '-', '-', 0) found on session 13 with lun 0 [00;33m{{(pid=642794) get_hctl /opt/stack/data/venv/lib/python3.10/site-packages/os_brick/initiator/linuxscsi.py:788}}[00m
2025-10-14 12:17:02.046 642794 DEBUG os_brick.initiator.linuxscsi [req-d592f2fe-0e16-4ccd-ba26-d0c8336db9cd 586d8715f41249b4b285aff3f3f1c49f 42c25c151f554645ad7afb7ba86da63e - - default default] Scanning host 33 c: -, t: -, l: 0) [00;33m{{(pid=642794) scan_iscsi /opt/stack/data/venv/lib/python3.10/site-packages/os_brick/initiator/linuxscsi.py:814}}[00m
2025-10-14 12:17:02.048 661299 DEBUG oslo_concurrency.processutils [-] Running cmd (subprocess): tee -a /sys/class/scsi_host/host33/scan [00;33m{{(pid=661299) execute /opt/stack/data/venv/lib/python3.10/site-packages/oslo_concurrency/processutils.py:349}}[00m
2025-10-14 12:17:02.082 661299 DEBUG oslo_concurrency.processutils [-] CMD "tee -a /sys/class/scsi_host/host33/scan" returned: 0 in 0.033s [00;33m{{(pid=661299) execute /opt/stack/data/venv/lib/python3.10/site-packages/oslo_concurrency/processutils.py:372}}[00m
2025-10-14 12:17:02.083 661299 DEBUG oslo.privsep.daemon [-] privsep: reply[328cf0e7-ce11-4ac9-8068-969696c20c15]: (4, ('- - 0', '')) [00;33m{{(pid=661299) _call_back /opt/stack/data/venv/lib/python3.10/site-packages/oslo_privsep/daemon.py:503}}[00m
2025-10-14 12:17:02.087 642794 DEBUG os_brick.initiator.linuxscsi [req-d592f2fe-0e16-4ccd-ba26-d0c8336db9cd 586d8715f41249b4b285aff3f3f1c49f 42c25c151f554645ad7afb7ba86da63e - - default default] Searching for a device in session 13 and hctl ['33', '*', '*', 0] yield: sdb [00;33m{{(pid=642794) device_name_by_hctl /opt/stack/data/venv/lib/python3.10/site-packages/os_brick/initiator/linuxscsi.py:808}}[00m
2025-10-14 12:17:02.088 642794 DEBUG os_brick.initiator.connectors.iscsi [req-d592f2fe-0e16-4ccd-ba26-d0c8336db9cd 586d8715f41249b4b285aff3f3f1c49f 42c25c151f554645ad7afb7ba86da63e - - default default] Connected to sdb using {'target_portal': '172.25.59.221:3260', 'target_iqn': 'iqn.2016-04.com.open-iscsi:d78edfece0b6.hbsd-target', 'target_discovered': False, 'target_lun': 0, 'qos_specs': None, 'access_mode': 'rw', 'encrypted': False, 'cacheable': False, 'enforce_multipath': True} [00;33m{{(pid=642794) _connect_vol /opt/stack/data/venv/lib/python3.10/site-packages/os_brick/initiator/connectors/iscsi.py:687}}[00m
2025-10-14 12:17:03.092 642794 DEBUG os_brick.initiator.connectors.base [req-d592f2fe-0e16-4ccd-ba26-d0c8336db9cd 586d8715f41249b4b285aff3f3f1c49f 42c25c151f554645ad7afb7ba86da63e - - default default] Lock "connect_volume" "released" by "os_brick.initiator.connectors.iscsi.ISCSIConnector.connect_volume" :: held 3.319s [00;33m{{(pid=642794) inner /opt/stack/data/venv/lib/python3.10/site-packages/os_brick/initiator/connectors/base.py:87}}[00m
2025-10-14 12:17:03.093 642794 DEBUG os_brick.initiator.connectors.iscsi [req-d592f2fe-0e16-4ccd-ba26-d0c8336db9cd 586d8715f41249b4b285aff3f3f1c49f 42c25c151f554645ad7afb7ba86da63e - - default default] <== connect_volume: return (3322ms) {'type': 'block', 'scsi_wwn': '360060e8008757e000050757e000055f6', 'path': '/dev/sdb'} [00;33m{{(pid=642794) trace_logging_wrapper /opt/stack/data/venv/lib/python3.10/site-packages/os_brick/utils.py:204}}[00m
2025-10-14 12:17:03.094 642794 DEBUG nova.virt.libvirt.volume.iscsi [req-d592f2fe-0e16-4ccd-ba26-d0c8336db9cd 586d8715f41249b4b285aff3f3f1c49f 42c25c151f554645ad7afb7ba86da63e - - default default] [instance: 114e5cd3-51f0-4a6c-a77d-26820e2c1cee] Attached iSCSI volume {'type': 'block', 'scsi_wwn': '360060e8008757e000050757e000055f6', 'path': '/dev/sdb'} [00;33m{{(pid=642794) connect_volume /opt/stack/nova/nova/virt/libvirt/volume/iscsi.py:66}}[00m
2025-10-14 12:17:03.104 642794 DEBUG nova.objects.instance [req-d592f2fe-0e16-4ccd-ba26-d0c8336db9cd 586d8715f41249b4b285aff3f3f1c49f 42c25c151f554645ad7afb7ba86da63e - - default default] Lazy-loading 'flavor' on Instance uuid 114e5cd3-51f0-4a6c-a77d-26820e2c1cee [00;33m{{(pid=642794) obj_load_attr /opt/stack/nova/nova/objects/instance.py:1141}}[00m
2025-10-14 12:17:03.618 642794 DEBUG nova.virt.libvirt.guest [req-d592f2fe-0e16-4ccd-ba26-d0c8336db9cd 586d8715f41249b4b285aff3f3f1c49f 42c25c151f554645ad7afb7ba86da63e - - default default] attach device xml: <disk type="block" device="disk">
  <driver name="qemu" type="raw" cache="none" io="native"/>
  <alias name="ua-7a5a0bbf-77af-4193-a844-5468b10f5aa5"/>
  <source dev="/dev/sdb"/>
  <target dev="vdb" bus="virtio"/>
  <serial>7a5a0bbf-77af-4193-a844-5468b10f5aa5</serial>
</disk>
 [00;33m{{(pid=642794) attach_device /opt/stack/nova/nova/virt/libvirt/guest.py:336}}[00m
2025-10-14 12:17:05.317 642794 DEBUG ovsdbapp.backend.ovs_idl.vlog [-] 4999-ms timeout [00;33m{{(pid=642794) __log_wakeup /opt/stack/data/venv/lib/python3.10/site-packages/ovs/poller.py:248}}[00m
2025-10-14 12:17:05.319 642794 DEBUG ovsdbapp.backend.ovs_idl.vlog [-] 0-ms timeout [00;33m{{(pid=642794) __log_wakeup /opt/stack/data/venv/lib/python3.10/site-packages/ovs/poller.py:248}}[00m
2025-10-14 12:17:05.320 642794 DEBUG ovsdbapp.backend.ovs_idl.vlog [-] tcp:127.0.0.1:6640: idle 5003 ms, sending inactivity probe [00;33m{{(pid=642794) run /opt/stack/data/venv/lib/python3.10/site-packages/ovs/reconnect.py:117}}[00m
2025-10-14 12:17:05.320 642794 DEBUG ovsdbapp.backend.ovs_idl.vlog [-] tcp:127.0.0.1:6640: entering IDLE [00;33m{{(pid=642794) _transition /opt/stack/data/venv/lib/python3.10/site-packages/ovs/reconnect.py:519}}[00m
2025-10-14 12:17:05.322 642794 DEBUG ovsdbapp.backend.ovs_idl.vlog [-] [POLLIN] on fd 25 [00;33m{{(pid=642794) __log_wakeup /opt/stack/data/venv/lib/python3.10/site-packages/ovs/poller.py:263}}[00m
2025-10-14 12:17:05.323 642794 DEBUG ovsdbapp.backend.ovs_idl.vlog [-] tcp:127.0.0.1:6640: entering ACTIVE [00;33m{{(pid=642794) _transition /opt/stack/data/venv/lib/python3.10/site-packages/ovs/reconnect.py:519}}[00m
2025-10-14 12:17:05.526 642794 DEBUG nova.virt.libvirt.driver [req-d592f2fe-0e16-4ccd-ba26-d0c8336db9cd 586d8715f41249b4b285aff3f3f1c49f 42c25c151f554645ad7afb7ba86da63e - - default default] No BDM found with device name vda, not building metadata. [00;33m{{(pid=642794) _build_disk_metadata /opt/stack/nova/nova/virt/libvirt/driver.py:12818}}[00m
2025-10-14 12:17:05.527 642794 DEBUG nova.virt.libvirt.driver [req-d592f2fe-0e16-4ccd-ba26-d0c8336db9cd 586d8715f41249b4b285aff3f3f1c49f 42c25c151f554645ad7afb7ba86da63e - - default default] No BDM found with device name vdb, not building metadata. [00;33m{{(pid=642794) _build_disk_metadata /opt/stack/nova/nova/virt/libvirt/driver.py:12818}}[00m
2025-10-14 12:17:05.528 642794 DEBUG nova.virt.libvirt.driver [req-d592f2fe-0e16-4ccd-ba26-d0c8336db9cd 586d8715f41249b4b285aff3f3f1c49f 42c25c151f554645ad7afb7ba86da63e - - default default] No VIF found with MAC fa:16:3e:75:20:9e, not building metadata [00;33m{{(pid=642794) _build_interface_metadata /opt/stack/nova/nova/virt/libvirt/driver.py:12794}}[00m
2025-10-14 12:17:05.918 642794 DEBUG ovsdbapp.backend.ovs_idl.vlog [-] [POLLIN] on fd 25 [00;33m{{(pid=642794) __log_wakeup /opt/stack/data/venv/lib/python3.10/site-packages/ovs/poller.py:263}}[00m
2025-10-14 12:17:06.375 642794 DEBUG oslo_service.periodic_task [req-77490594-c16e-440f-9f7f-861395dad83b - - - - - -] Running periodic task ComputeManager._check_instance_build_time [00;33m{{(pid=642794) run_periodic_tasks /opt/stack/data/venv/lib/python3.10/site-packages/oslo_service/periodic_task.py:210}}[00m
2025-10-14 12:17:06.376 642794 DEBUG oslo_service.periodic_task [req-77490594-c16e-440f-9f7f-861395dad83b - - - - - -] Running periodic task ComputeManager._poll_rebooting_instances [00;33m{{(pid=642794) run_periodic_tasks /opt/stack/data/venv/lib/python3.10/site-packages/oslo_service/periodic_task.py:210}}[00m
2025-10-14 12:17:06.377 642794 DEBUG oslo_service.periodic_task [req-77490594-c16e-440f-9f7f-861395dad83b - - - - - -] Running periodic task ComputeManager._poll_rescued_instances [00;33m{{(pid=642794) run_periodic_tasks /opt/stack/data/venv/lib/python3.10/site-packages/oslo_service/periodic_task.py:210}}[00m
2025-10-14 12:17:06.579 642794 DEBUG oslo_service.periodic_task [req-77490594-c16e-440f-9f7f-861395dad83b - - - - - -] Running periodic task ComputeManager._reclaim_queued_deletes [00;33m{{(pid=642794) run_periodic_tasks /opt/stack/data/venv/lib/python3.10/site-packages/oslo_service/periodic_task.py:210}}[00m
2025-10-14 12:17:06.580 642794 DEBUG nova.compute.manager [req-77490594-c16e-440f-9f7f-861395dad83b - - - - - -] CONF.reclaim_instance_interval <= 0, skipping... [00;33m{{(pid=642794) _reclaim_queued_deletes /opt/stack/nova/nova/compute/manager.py:11184}}[00m
2025-10-14 12:17:07.061 642794 DEBUG oslo_concurrency.lockutils [req-756a35b5-e459-4829-9ed9-911b01366623 586d8715f41249b4b285aff3f3f1c49f 42c25c151f554645ad7afb7ba86da63e - - default default] Acquiring lock "114e5cd3-51f0-4a6c-a77d-26820e2c1cee" by "nova.compute.manager.ComputeManager.reserve_block_device_name.<locals>.do_reserve" [00;33m{{(pid=642794) inner /opt/stack/data/venv/lib/python3.10/site-packages/oslo_concurrency/lockutils.py:405}}[00m
2025-10-14 12:17:07.147 642794 DEBUG oslo_concurrency.lockutils [req-d592f2fe-0e16-4ccd-ba26-d0c8336db9cd 586d8715f41249b4b285aff3f3f1c49f 42c25c151f554645ad7afb7ba86da63e - - default default] Lock "114e5cd3-51f0-4a6c-a77d-26820e2c1cee" "released" by "nova.compute.manager.ComputeManager.attach_volume.<locals>.do_attach_volume" :: held 18.245s [00;33m{{(pid=642794) inner /opt/stack/data/venv/lib/python3.10/site-packages/oslo_concurrency/lockutils.py:424}}[00m
2025-10-14 12:17:07.151 642794 DEBUG oslo_concurrency.lockutils [req-756a35b5-e459-4829-9ed9-911b01366623 586d8715f41249b4b285aff3f3f1c49f 42c25c151f554645ad7afb7ba86da63e - - default default] Lock "114e5cd3-51f0-4a6c-a77d-26820e2c1cee" acquired by "nova.compute.manager.ComputeManager.reserve_block_device_name.<locals>.do_reserve" :: waited 0.090s [00;33m{{(pid=642794) inner /opt/stack/data/venv/lib/python3.10/site-packages/oslo_concurrency/lockutils.py:410}}[00m
2025-10-14 12:17:07.662 642794 DEBUG nova.objects.instance [req-756a35b5-e459-4829-9ed9-911b01366623 586d8715f41249b4b285aff3f3f1c49f 42c25c151f554645ad7afb7ba86da63e - - default default] Lazy-loading 'flavor' on Instance uuid 114e5cd3-51f0-4a6c-a77d-26820e2c1cee [00;33m{{(pid=642794) obj_load_attr /opt/stack/nova/nova/objects/instance.py:1141}}[00m
2025-10-14 12:17:08.581 642794 DEBUG oslo_service.periodic_task [req-77490594-c16e-440f-9f7f-861395dad83b - - - - - -] Running periodic task ComputeManager._poll_unconfirmed_resizes [00;33m{{(pid=642794) run_periodic_tasks /opt/stack/data/venv/lib/python3.10/site-packages/oslo_service/periodic_task.py:210}}[00m
2025-10-14 12:17:08.678 642794 DEBUG oslo_concurrency.lockutils [req-756a35b5-e459-4829-9ed9-911b01366623 586d8715f41249b4b285aff3f3f1c49f 42c25c151f554645ad7afb7ba86da63e - - default default] Lock "114e5cd3-51f0-4a6c-a77d-26820e2c1cee" "released" by "nova.compute.manager.ComputeManager.reserve_block_device_name.<locals>.do_reserve" :: held 1.527s [00;33m{{(pid=642794) inner /opt/stack/data/venv/lib/python3.10/site-packages/oslo_concurrency/lockutils.py:424}}[00m
2025-10-14 12:17:09.579 642794 DEBUG oslo_service.periodic_task [req-77490594-c16e-440f-9f7f-861395dad83b - - - - - -] Running periodic task ComputeManager._instance_usage_audit [00;33m{{(pid=642794) run_periodic_tasks /opt/stack/data/venv/lib/python3.10/site-packages/oslo_service/periodic_task.py:210}}[00m
2025-10-14 12:17:09.580 642794 DEBUG oslo_service.periodic_task [req-77490594-c16e-440f-9f7f-861395dad83b - - - - - -] Running periodic task ComputeManager._poll_volume_usage [00;33m{{(pid=642794) run_periodic_tasks /opt/stack/data/venv/lib/python3.10/site-packages/oslo_service/periodic_task.py:210}}[00m
2025-10-14 12:17:09.786 642794 DEBUG oslo_concurrency.lockutils [req-756a35b5-e459-4829-9ed9-911b01366623 586d8715f41249b4b285aff3f3f1c49f 42c25c151f554645ad7afb7ba86da63e - - default default] Acquiring lock "114e5cd3-51f0-4a6c-a77d-26820e2c1cee" by "nova.compute.manager.ComputeManager.attach_volume.<locals>.do_attach_volume" [00;33m{{(pid=642794) inner /opt/stack/data/venv/lib/python3.10/site-packages/oslo_concurrency/lockutils.py:405}}[00m
2025-10-14 12:17:09.787 642794 DEBUG oslo_concurrency.lockutils [req-756a35b5-e459-4829-9ed9-911b01366623 586d8715f41249b4b285aff3f3f1c49f 42c25c151f554645ad7afb7ba86da63e - - default default] Lock "114e5cd3-51f0-4a6c-a77d-26820e2c1cee" acquired by "nova.compute.manager.ComputeManager.attach_volume.<locals>.do_attach_volume" :: waited 0.001s [00;33m{{(pid=642794) inner /opt/stack/data/venv/lib/python3.10/site-packages/oslo_concurrency/lockutils.py:410}}[00m
2025-10-14 12:17:09.788 642794 INFO nova.compute.manager [req-756a35b5-e459-4829-9ed9-911b01366623 586d8715f41249b4b285aff3f3f1c49f 42c25c151f554645ad7afb7ba86da63e - - default default] [instance: 114e5cd3-51f0-4a6c-a77d-26820e2c1cee] Attaching volume df354fae-1ae9-4697-94d9-9165b5970557 to /dev/vdc
2025-10-14 12:17:09.883 642794 DEBUG os_brick.utils [req-756a35b5-e459-4829-9ed9-911b01366623 586d8715f41249b4b285aff3f3f1c49f 42c25c151f554645ad7afb7ba86da63e - - default default] ==> get_connector_properties: call "{'root_helper': 'sudo nova-rootwrap /etc/nova/rootwrap.conf', 'my_ip': '172.25.93.55', 'multipath': False, 'enforce_multipath': True, 'host': 'devstack-u2204-93-55', 'execute': None}" [00;33m{{(pid=642794) trace_logging_wrapper /opt/stack/data/venv/lib/python3.10/site-packages/os_brick/utils.py:177}}[00m
2025-10-14 12:17:09.886 661299 DEBUG oslo_concurrency.processutils [-] Running cmd (subprocess): cat /etc/iscsi/initiatorname.iscsi [00;33m{{(pid=661299) execute /opt/stack/data/venv/lib/python3.10/site-packages/oslo_concurrency/processutils.py:349}}[00m
2025-10-14 12:17:09.901 661299 DEBUG oslo_concurrency.processutils [-] CMD "cat /etc/iscsi/initiatorname.iscsi" returned: 0 in 0.015s [00;33m{{(pid=661299) execute /opt/stack/data/venv/lib/python3.10/site-packages/oslo_concurrency/processutils.py:372}}[00m
2025-10-14 12:17:09.902 661299 DEBUG oslo.privsep.daemon [-] privsep: reply[90ff6a14-84db-4467-b239-6fbdac4e6117]: (4, ('InitiatorName=iqn.2016-04.com.open-iscsi:7a556082aa5e\n', '')) [00;33m{{(pid=661299) _call_back /opt/stack/data/venv/lib/python3.10/site-packages/oslo_privsep/daemon.py:503}}[00m
2025-10-14 12:17:09.906 661299 DEBUG oslo_concurrency.processutils [-] Running cmd (subprocess): findmnt -v / -n -o SOURCE [00;33m{{(pid=661299) execute /opt/stack/data/venv/lib/python3.10/site-packages/oslo_concurrency/processutils.py:349}}[00m
2025-10-14 12:17:09.926 661299 DEBUG oslo_concurrency.processutils [-] CMD "findmnt -v / -n -o SOURCE" returned: 0 in 0.020s [00;33m{{(pid=661299) execute /opt/stack/data/venv/lib/python3.10/site-packages/oslo_concurrency/processutils.py:372}}[00m
2025-10-14 12:17:09.927 661299 DEBUG oslo.privsep.daemon [-] privsep: reply[24817259-1614-4c2e-91da-6fc08ebe4e68]: (4, ('/dev/sda2\n', '')) [00;33m{{(pid=661299) _call_back /opt/stack/data/venv/lib/python3.10/site-packages/oslo_privsep/daemon.py:503}}[00m
2025-10-14 12:17:09.930 661299 DEBUG oslo_concurrency.processutils [-] Running cmd (subprocess): blkid /dev/sda2 -s UUID -o value [00;33m{{(pid=661299) execute /opt/stack/data/venv/lib/python3.10/site-packages/oslo_concurrency/processutils.py:349}}[00m
2025-10-14 12:17:09.949 661299 DEBUG oslo_concurrency.processutils [-] CMD "blkid /dev/sda2 -s UUID -o value" returned: 0 in 0.019s [00;33m{{(pid=661299) execute /opt/stack/data/venv/lib/python3.10/site-packages/oslo_concurrency/processutils.py:372}}[00m
2025-10-14 12:17:09.950 661299 DEBUG oslo.privsep.daemon [-] privsep: reply[7364b4da-9909-4f76-8890-5913cb2e1316]: (4, ('849a1340-77d5-4de3-852c-cf0210ca78af\n', '')) [00;33m{{(pid=661299) _call_back /opt/stack/data/venv/lib/python3.10/site-packages/oslo_privsep/daemon.py:503}}[00m
2025-10-14 12:17:09.954 661299 DEBUG oslo.privsep.daemon [-] privsep: reply[0faff8d7-d09b-4aa8-9d45-25581fc16969]: (4, '89b11b42-6ca2-76fb-88b9-4b0fae22b322') [00;33m{{(pid=661299) _call_back /opt/stack/data/venv/lib/python3.10/site-packages/oslo_privsep/daemon.py:503}}[00m
2025-10-14 12:17:09.955 642794 DEBUG oslo_concurrency.processutils [req-756a35b5-e459-4829-9ed9-911b01366623 586d8715f41249b4b285aff3f3f1c49f 42c25c151f554645ad7afb7ba86da63e - - default default] Running cmd (subprocess): nvme version [00;33m{{(pid=642794) execute /opt/stack/data/venv/lib/python3.10/site-packages/oslo_concurrency/processutils.py:349}}[00m
