Oct 14 12:22:29.055019 devstack-u2204-93-55 devstack@placement-api.service[635385]: [pid: 635385|app: 0|req: 67/133] 172.25.93.55 () {60 vars in 1387 bytes} [Tue Oct 14 12:22:29 2025] GET /placement/allocations/5e8aaa45-aeb9-47fe-917a-000eabdc061d => generated 19 bytes in 20 msecs (HTTP/1.1 200) 8 headers in 295 bytes (1 switches on core 0)
Oct 14 12:22:29.064928 devstack-u2204-93-55 devstack@placement-api.service[635386]: DEBUG placement.requestlog [req-275cc487-faec-4295-a52a-70ba7c05e4c2 req-cc2a3c4a-928d-401a-9d93-066bfc705357 None None] Starting request: 172.25.93.55 "PUT /placement/allocations/5e8aaa45-aeb9-47fe-917a-000eabdc061d" {{(pid=635386) __call__ /opt/stack/placement/placement/requestlog.py:55}}
Oct 14 12:22:29.165289 devstack-u2204-93-55 devstack@placement-api.service[635386]: DEBUG placement.handlers.allocation [req-275cc487-faec-4295-a52a-70ba7c05e4c2 req-cc2a3c4a-928d-401a-9d93-066bfc705357 service nova] Successfully wrote allocations [<placement.objects.allocation.Allocation object at 0x73e808f35600>, <placement.objects.allocation.Allocation object at 0x73e808f346d0>, <placement.objects.allocation.Allocation object at 0x73e808f372e0>] {{(pid=635386) _update_consumers_and_create_allocations /opt/stack/placement/placement/handlers/allocation.py:462}}
Oct 14 12:22:29.170860 devstack-u2204-93-55 devstack@placement-api.service[635386]: INFO placement.requestlog [req-275cc487-faec-4295-a52a-70ba7c05e4c2 req-cc2a3c4a-928d-401a-9d93-066bfc705357 service nova] 172.25.93.55 "PUT /placement/allocations/5e8aaa45-aeb9-47fe-917a-000eabdc061d" status: 204 len: 0 microversion: 1.36
Oct 14 12:22:29.171583 devstack-u2204-93-55 devstack@placement-api.service[635386]: [pid: 635386|app: 0|req: 67/134] 172.25.93.55 () {64 vars in 1440 bytes} [Tue Oct 14 12:22:29 2025] PUT /placement/allocations/5e8aaa45-aeb9-47fe-917a-000eabdc061d => generated 0 bytes in 107 msecs (HTTP/1.1 204) 5 headers in 199 bytes (1 switches on core 0)
Oct 14 12:22:30.659894 devstack-u2204-93-55 devstack@placement-api.service[635385]: DEBUG placement.requestlog [req-275cc487-faec-4295-a52a-70ba7c05e4c2 req-c2a359b4-651c-4711-85c7-aa7f424ac81b None None] Starting request: 172.25.93.55 "GET /placement/allocations/5e8aaa45-aeb9-47fe-917a-000eabdc061d" {{(pid=635385) __call__ /opt/stack/placement/placement/requestlog.py:55}}
Oct 14 12:22:30.684845 devstack-u2204-93-55 devstack@placement-api.service[635385]: INFO placement.requestlog [req-275cc487-faec-4295-a52a-70ba7c05e4c2 req-c2a359b4-651c-4711-85c7-aa7f424ac81b service nova] 172.25.93.55 "GET /placement/allocations/5e8aaa45-aeb9-47fe-917a-000eabdc061d" status: 200 len: 257 microversion: 1.28
Oct 14 12:22:30.685313 devstack-u2204-93-55 devstack@placement-api.service[635385]: [pid: 635385|app: 0|req: 68/135] 172.25.93.55 () {60 vars in 1385 bytes} [Tue Oct 14 12:22:30 2025] GET /placement/allocations/5e8aaa45-aeb9-47fe-917a-000eabdc061d => generated 257 bytes in 27 msecs (HTTP/1.1 200) 8 headers in 296 bytes (1 switches on core 0)
Oct 14 12:22:31.735996 devstack-u2204-93-55 devstack@placement-api.service[635386]: DEBUG placement.requestlog [req-275cc487-faec-4295-a52a-70ba7c05e4c2 req-ea1da8d8-3048-4c22-9118-345b86585238 None None] Starting request: 172.25.93.55 "GET /placement/resource_providers/0bcb7c9d-127c-4586-956c-50a3982b540a/allocations" {{(pid=635386) __call__ /opt/stack/placement/placement/requestlog.py:55}}
Oct 14 12:22:31.762794 devstack-u2204-93-55 devstack@placement-api.service[635386]: INFO placement.requestlog [req-275cc487-faec-4295-a52a-70ba7c05e4c2 req-ea1da8d8-3048-4c22-9118-345b86585238 service nova] 172.25.93.55 "GET /placement/resource_providers/0bcb7c9d-127c-4586-956c-50a3982b540a/allocations" status: 200 len: 152 microversion: 1.0
Oct 14 12:22:31.763199 devstack-u2204-93-55 devstack@placement-api.service[635386]: [pid: 635386|app: 0|req: 68/136] 172.25.93.55 () {58 vars in 1398 bytes} [Tue Oct 14 12:22:31 2025] GET /placement/resource_providers/0bcb7c9d-127c-4586-956c-50a3982b540a/allocations => generated 152 bytes in 28 msecs (HTTP/1.1 200) 6 headers in 224 bytes (1 switches on core 0)
Oct 14 12:22:31.770465 devstack-u2204-93-55 devstack@placement-api.service[635385]: DEBUG placement.requestlog [req-275cc487-faec-4295-a52a-70ba7c05e4c2 req-bce599b8-caa1-47ad-b3c7-879f8dd30f2b None None] Starting request: 172.25.93.55 "GET /placement/allocations/5e8aaa45-aeb9-47fe-917a-000eabdc061d" {{(pid=635385) __call__ /opt/stack/placement/placement/requestlog.py:55}}
Oct 14 12:22:31.798845 devstack-u2204-93-55 devstack@placement-api.service[635385]: INFO placement.requestlog [req-275cc487-faec-4295-a52a-70ba7c05e4c2 req-bce599b8-caa1-47ad-b3c7-879f8dd30f2b service nova] 172.25.93.55 "GET /placement/allocations/5e8aaa45-aeb9-47fe-917a-000eabdc061d" status: 200 len: 257 microversion: 1.28
Oct 14 12:22:31.799606 devstack-u2204-93-55 devstack@placement-api.service[635385]: [pid: 635385|app: 0|req: 69/137] 172.25.93.55 () {60 vars in 1385 bytes} [Tue Oct 14 12:22:31 2025] GET /placement/allocations/5e8aaa45-aeb9-47fe-917a-000eabdc061d => generated 257 bytes in 30 msecs (HTTP/1.1 200) 8 headers in 296 bytes (1 switches on core 0)
Oct 14 12:22:41.759368 devstack-u2204-93-55 devstack@placement-api.service[635386]: DEBUG dbcounter [-] [635386] Writing DB stats placement:SELECT=34,placement:INSERT=4,placement:DELETE=2,placement:UPDATE=2 {{(pid=635386) stat_writer /opt/stack/data/venv/lib/python3.10/site-packages/dbcounter.py:115}}
Oct 14 12:22:41.793997 devstack-u2204-93-55 devstack@placement-api.service[635385]: DEBUG dbcounter [-] [635385] Writing DB stats placement:SELECT=18,placement:DELETE=2 {{(pid=635385) stat_writer /opt/stack/data/venv/lib/python3.10/site-packages/dbcounter.py:115}}
Oct 14 12:23:15.699876 devstack-u2204-93-55 devstack@placement-api.service[635386]: DEBUG placement.requestlog [req-a80d0b06-c860-4bed-99de-1561ebbc0842 req-61615209-84ee-442b-ab2a-f538fb871d39 None None] Starting request: 172.25.93.55 "GET /placement/resource_providers/0bcb7c9d-127c-4586-956c-50a3982b540a/allocations" {{(pid=635386) __call__ /opt/stack/placement/placement/requestlog.py:55}}
Oct 14 12:23:15.730787 devstack-u2204-93-55 devstack@placement-api.service[635386]: INFO placement.requestlog [req-a80d0b06-c860-4bed-99de-1561ebbc0842 req-61615209-84ee-442b-ab2a-f538fb871d39 service nova] 172.25.93.55 "GET /placement/resource_providers/0bcb7c9d-127c-4586-956c-50a3982b540a/allocations" status: 200 len: 152 microversion: 1.0
Oct 14 12:23:15.731256 devstack-u2204-93-55 devstack@placement-api.service[635386]: [pid: 635386|app: 0|req: 69/138] 172.25.93.55 () {58 vars in 1398 bytes} [Tue Oct 14 12:23:15 2025] GET /placement/resource_providers/0bcb7c9d-127c-4586-956c-50a3982b540a/allocations => generated 152 bytes in 33 msecs (HTTP/1.1 200) 6 headers in 224 bytes (1 switches on core 0)
Oct 14 12:23:15.746950 devstack-u2204-93-55 devstack@placement-api.service[635385]: DEBUG placement.requestlog [req-a80d0b06-c860-4bed-99de-1561ebbc0842 req-4f54eda4-54db-495c-9638-bfef99778f7d None None] Starting request: 172.25.93.55 "GET /placement/resource_providers/0bcb7c9d-127c-4586-956c-50a3982b540a/allocations" {{(pid=635385) __call__ /opt/stack/placement/placement/requestlog.py:55}}
Oct 14 12:23:15.778365 devstack-u2204-93-55 devstack@placement-api.service[635385]: INFO placement.requestlog [req-a80d0b06-c860-4bed-99de-1561ebbc0842 req-4f54eda4-54db-495c-9638-bfef99778f7d service nova] 172.25.93.55 "GET /placement/resource_providers/0bcb7c9d-127c-4586-956c-50a3982b540a/allocations" status: 200 len: 152 microversion: 1.0
Oct 14 12:23:15.778860 devstack-u2204-93-55 devstack@placement-api.service[635385]: [pid: 635385|app: 0|req: 70/139] 172.25.93.55 () {58 vars in 1398 bytes} [Tue Oct 14 12:23:15 2025] GET /placement/resource_providers/0bcb7c9d-127c-4586-956c-50a3982b540a/allocations => generated 152 bytes in 33 msecs (HTTP/1.1 200) 6 headers in 224 bytes (1 switches on core 0)
Oct 14 12:23:15.788134 devstack-u2204-93-55 devstack@placement-api.service[635386]: DEBUG placement.requestlog [req-a80d0b06-c860-4bed-99de-1561ebbc0842 req-fc8dfe0a-daaa-41b5-9744-471df8ad6e94 None None] Starting request: 172.25.93.55 "GET /placement/allocations/5e8aaa45-aeb9-47fe-917a-000eabdc061d" {{(pid=635386) __call__ /opt/stack/placement/placement/requestlog.py:55}}
Oct 14 12:23:15.809872 devstack-u2204-93-55 devstack@placement-api.service[635386]: INFO placement.requestlog [req-a80d0b06-c860-4bed-99de-1561ebbc0842 req-fc8dfe0a-daaa-41b5-9744-471df8ad6e94 service nova] 172.25.93.55 "GET /placement/allocations/5e8aaa45-aeb9-47fe-917a-000eabdc061d" status: 200 len: 257 microversion: 1.28
Oct 14 12:23:15.810359 devstack-u2204-93-55 devstack@placement-api.service[635386]: [pid: 635386|app: 0|req: 70/140] 172.25.93.55 () {60 vars in 1385 bytes} [Tue Oct 14 12:23:15 2025] GET /placement/allocations/5e8aaa45-aeb9-47fe-917a-000eabdc061d => generated 257 bytes in 23 msecs (HTTP/1.1 200) 8 headers in 296 bytes (1 switches on core 0)
Oct 14 12:23:25.774392 devstack-u2204-93-55 devstack@placement-api.service[635385]: DEBUG dbcounter [-] [635385] Writing DB stats placement:SELECT=3 {{(pid=635385) stat_writer /opt/stack/data/venv/lib/python3.10/site-packages/dbcounter.py:115}}
Oct 14 12:23:25.806588 devstack-u2204-93-55 devstack@placement-api.service[635386]: DEBUG dbcounter [-] [635386] Writing DB stats placement:SELECT=5 {{(pid=635386) stat_writer /opt/stack/data/venv/lib/python3.10/site-packages/dbcounter.py:115}}
Oct 14 12:24:15.731918 devstack-u2204-93-55 devstack@placement-api.service[635385]: DEBUG placement.requestlog [req-36b0421e-a0c6-44c3-aef3-02689e636ace req-16827a84-fd6f-435c-b30a-bd7c220560e7 None None] Starting request: 172.25.93.55 "GET /placement/resource_providers/0bcb7c9d-127c-4586-956c-50a3982b540a/allocations" {{(pid=635385) __call__ /opt/stack/placement/placement/requestlog.py:55}}
Oct 14 12:24:15.764324 devstack-u2204-93-55 devstack@placement-api.service[635385]: INFO placement.requestlog [req-36b0421e-a0c6-44c3-aef3-02689e636ace req-16827a84-fd6f-435c-b30a-bd7c220560e7 service nova] 172.25.93.55 "GET /placement/resource_providers/0bcb7c9d-127c-4586-956c-50a3982b540a/allocations" status: 200 len: 152 microversion: 1.0
Oct 14 12:24:15.764787 devstack-u2204-93-55 devstack@placement-api.service[635385]: [pid: 635385|app: 0|req: 71/141] 172.25.93.55 () {58 vars in 1398 bytes} [Tue Oct 14 12:24:15 2025] GET /placement/resource_providers/0bcb7c9d-127c-4586-956c-50a3982b540a/allocations => generated 152 bytes in 34 msecs (HTTP/1.1 200) 6 headers in 224 bytes (1 switches on core 0)
Oct 14 12:24:15.776413 devstack-u2204-93-55 devstack@placement-api.service[635386]: DEBUG placement.requestlog [req-36b0421e-a0c6-44c3-aef3-02689e636ace req-772711b0-cbd8-4966-9f03-0c29c61f8ccf None None] Starting request: 172.25.93.55 "GET /placement/resource_providers/0bcb7c9d-127c-4586-956c-50a3982b540a/allocations" {{(pid=635386) __call__ /opt/stack/placement/placement/requestlog.py:55}}
Oct 14 12:24:15.807736 devstack-u2204-93-55 devstack@placement-api.service[635386]: INFO placement.requestlog [req-36b0421e-a0c6-44c3-aef3-02689e636ace req-772711b0-cbd8-4966-9f03-0c29c61f8ccf service nova] 172.25.93.55 "GET /placement/resource_providers/0bcb7c9d-127c-4586-956c-50a3982b540a/allocations" status: 200 len: 152 microversion: 1.0
Oct 14 12:24:15.808166 devstack-u2204-93-55 devstack@placement-api.service[635386]: [pid: 635386|app: 0|req: 71/142] 172.25.93.55 () {58 vars in 1398 bytes} [Tue Oct 14 12:24:15 2025] GET /placement/resource_providers/0bcb7c9d-127c-4586-956c-50a3982b540a/allocations => generated 152 bytes in 32 msecs (HTTP/1.1 200) 6 headers in 224 bytes (2 switches on core 0)
Oct 14 12:24:15.816195 devstack-u2204-93-55 devstack@placement-api.service[635385]: DEBUG placement.requestlog [req-36b0421e-a0c6-44c3-aef3-02689e636ace req-02e9138f-b593-410d-9a8f-35a7ede78f02 None None] Starting request: 172.25.93.55 "GET /placement/allocations/5e8aaa45-aeb9-47fe-917a-000eabdc061d" {{(pid=635385) __call__ /opt/stack/placement/placement/requestlog.py:55}}
Oct 14 12:24:15.838929 devstack-u2204-93-55 devstack@placement-api.service[635385]: INFO placement.requestlog [req-36b0421e-a0c6-44c3-aef3-02689e636ace req-02e9138f-b593-410d-9a8f-35a7ede78f02 service nova] 172.25.93.55 "GET /placement/allocations/5e8aaa45-aeb9-47fe-917a-000eabdc061d" status: 200 len: 257 microversion: 1.28
Oct 14 12:24:15.839350 devstack-u2204-93-55 devstack@placement-api.service[635385]: [pid: 635385|app: 0|req: 72/143] 172.25.93.55 () {60 vars in 1385 bytes} [Tue Oct 14 12:24:15 2025] GET /placement/allocations/5e8aaa45-aeb9-47fe-917a-000eabdc061d => generated 257 bytes in 24 msecs (HTTP/1.1 200) 8 headers in 296 bytes (1 switches on core 0)
Oct 14 12:24:25.804634 devstack-u2204-93-55 devstack@placement-api.service[635386]: DEBUG dbcounter [-] [635386] Writing DB stats placement:SELECT=3 {{(pid=635386) stat_writer /opt/stack/data/venv/lib/python3.10/site-packages/dbcounter.py:115}}
Oct 14 12:24:25.835118 devstack-u2204-93-55 devstack@placement-api.service[635385]: DEBUG dbcounter [-] [635385] Writing DB stats placement:SELECT=5 {{(pid=635385) stat_writer /opt/stack/data/venv/lib/python3.10/site-packages/dbcounter.py:115}}
Oct 14 12:25:06.370902 devstack-u2204-93-55 devstack@placement-api.service[635386]: DEBUG placement.requestlog [req-1374cd44-6213-414b-ab47-007fbd751b1a req-30cb5a0e-7f7d-4ec5-825c-51007f70ae9f None None] Starting request: 172.25.93.55 "GET /placement/resource_providers/0bcb7c9d-127c-4586-956c-50a3982b540a/allocations" {{(pid=635386) __call__ /opt/stack/placement/placement/requestlog.py:55}}
Oct 14 12:25:06.389925 devstack-u2204-93-55 devstack@placement-api.service[635386]: INFO placement.requestlog [req-1374cd44-6213-414b-ab47-007fbd751b1a req-30cb5a0e-7f7d-4ec5-825c-51007f70ae9f service nova] 172.25.93.55 "GET /placement/resource_providers/0bcb7c9d-127c-4586-956c-50a3982b540a/allocations" status: 200 len: 152 microversion: 1.0
Oct 14 12:25:06.390346 devstack-u2204-93-55 devstack@placement-api.service[635386]: [pid: 635386|app: 0|req: 72/144] 172.25.93.55 () {58 vars in 1398 bytes} [Tue Oct 14 12:25:06 2025] GET /placement/resource_providers/0bcb7c9d-127c-4586-956c-50a3982b540a/allocations => generated 152 bytes in 20 msecs (HTTP/1.1 200) 6 headers in 224 bytes (1 switches on core 0)
Oct 14 12:25:06.401352 devstack-u2204-93-55 devstack@placement-api.service[635385]: DEBUG placement.requestlog [req-1374cd44-6213-414b-ab47-007fbd751b1a req-4c69db6e-baea-42ed-af54-762567dd3cdc None None] Starting request: 172.25.93.55 "GET /placement/allocations/5e8aaa45-aeb9-47fe-917a-000eabdc061d" {{(pid=635385) __call__ /opt/stack/placement/placement/requestlog.py:55}}
Oct 14 12:25:06.426543 devstack-u2204-93-55 devstack@placement-api.service[635385]: INFO placement.requestlog [req-1374cd44-6213-414b-ab47-007fbd751b1a req-4c69db6e-baea-42ed-af54-762567dd3cdc service nova] 172.25.93.55 "GET /placement/allocations/5e8aaa45-aeb9-47fe-917a-000eabdc061d" status: 200 len: 257 microversion: 1.28
Oct 14 12:25:06.427068 devstack-u2204-93-55 devstack@placement-api.service[635385]: [pid: 635385|app: 0|req: 73/145] 172.25.93.55 () {60 vars in 1385 bytes} [Tue Oct 14 12:25:06 2025] GET /placement/allocations/5e8aaa45-aeb9-47fe-917a-000eabdc061d => generated 257 bytes in 27 msecs (HTTP/1.1 200) 8 headers in 296 bytes (1 switches on core 0)
Oct 14 12:25:07.491813 devstack-u2204-93-55 devstack@placement-api.service[635386]: DEBUG placement.requestlog [req-1374cd44-6213-414b-ab47-007fbd751b1a req-b389ed3a-390d-48d7-b835-152c1beb3913 None None] Starting request: 172.25.93.55 "DELETE /placement/allocations/5e8aaa45-aeb9-47fe-917a-000eabdc061d" {{(pid=635386) __call__ /opt/stack/placement/placement/requestlog.py:55}}
Oct 14 12:25:07.533699 devstack-u2204-93-55 devstack@placement-api.service[635386]: DEBUG placement.handlers.allocation [req-1374cd44-6213-414b-ab47-007fbd751b1a req-b389ed3a-390d-48d7-b835-152c1beb3913 service nova] Successfully deleted allocations [<placement.objects.allocation.Allocation object at 0x73e80985d030>, <placement.objects.allocation.Allocation object at 0x73e80985c820>, <placement.objects.allocation.Allocation object at 0x73e808fc3880>] {{(pid=635386) delete_allocations /opt/stack/placement/placement/handlers/allocation.py:627}}
Oct 14 12:25:07.534566 devstack-u2204-93-55 devstack@placement-api.service[635386]: INFO placement.requestlog [req-1374cd44-6213-414b-ab47-007fbd751b1a req-b389ed3a-390d-48d7-b835-152c1beb3913 service nova] 172.25.93.55 "DELETE /placement/allocations/5e8aaa45-aeb9-47fe-917a-000eabdc061d" status: 204 len: 0 microversion: 1.0
Oct 14 12:25:07.535238 devstack-u2204-93-55 devstack@placement-api.service[635386]: [pid: 635386|app: 0|req: 73/146] 172.25.93.55 () {60 vars in 1363 bytes} [Tue Oct 14 12:25:07 2025] DELETE /placement/allocations/5e8aaa45-aeb9-47fe-917a-000eabdc061d => generated 0 bytes in 45 msecs (HTTP/1.1 204) 5 headers in 198 bytes (1 switches on core 0)
Oct 14 12:25:12.865085 devstack-u2204-93-55 devstack@placement-api.service[635385]: DEBUG placement.requestlog [None req-3b307404-d285-4c1c-be79-fd657fa96fb3 None None] Starting request: 172.25.93.55 "GET /placement/resource_providers/4b448973-6e99-4de9-a3d1-d3a13c1531c7/aggregates" {{(pid=635385) __call__ /opt/stack/placement/placement/requestlog.py:55}}
Oct 14 12:25:12.969815 devstack-u2204-93-55 devstack@placement-api.service[635385]: INFO placement.requestlog [None req-3b307404-d285-4c1c-be79-fd657fa96fb3 service placement] 172.25.93.55 "GET /placement/resource_providers/4b448973-6e99-4de9-a3d1-d3a13c1531c7/aggregates" status: 404 len: 235 microversion: 1.1
Oct 14 12:25:12.970361 devstack-u2204-93-55 devstack@placement-api.service[635385]: [pid: 635385|app: 0|req: 74/147] 172.25.93.55 () {58 vars in 1369 bytes} [Tue Oct 14 12:25:12 2025] GET /placement/resource_providers/4b448973-6e99-4de9-a3d1-d3a13c1531c7/aggregates => generated 235 bytes in 106 msecs (HTTP/1.1 404) 5 headers in 202 bytes (1 switches on core 0)
Oct 14 12:25:12.983112 devstack-u2204-93-55 devstack@placement-api.service[635386]: DEBUG placement.requestlog [None req-8dac47be-140f-4a1b-80c8-2888813765bb None None] Starting request: 172.25.93.55 "DELETE /placement/resource_providers/4b448973-6e99-4de9-a3d1-d3a13c1531c7" {{(pid=635386) __call__ /opt/stack/placement/placement/requestlog.py:55}}
Oct 14 12:25:13.000727 devstack-u2204-93-55 devstack@placement-api.service[635386]: DEBUG placement.wsgi_wrapper [None req-8dac47be-140f-4a1b-80c8-2888813765bb service placement] Placement API returning an error response: No resource provider with uuid 4b448973-6e99-4de9-a3d1-d3a13c1531c7 found for delete {{(pid=635386) call_func /opt/stack/placement/placement/wsgi_wrapper.py:31}}
Oct 14 12:25:13.002212 devstack-u2204-93-55 devstack@placement-api.service[635386]: INFO placement.requestlog [None req-8dac47be-140f-4a1b-80c8-2888813765bb service placement] 172.25.93.55 "DELETE /placement/resource_providers/4b448973-6e99-4de9-a3d1-d3a13c1531c7" status: 404 len: 246 microversion: 1.1
Oct 14 12:25:13.002835 devstack-u2204-93-55 devstack@placement-api.service[635386]: [pid: 635386|app: 0|req: 74/148] 172.25.93.55 () {60 vars in 1358 bytes} [Tue Oct 14 12:25:12 2025] DELETE /placement/resource_providers/4b448973-6e99-4de9-a3d1-d3a13c1531c7 => generated 246 bytes in 21 msecs (HTTP/1.1 404) 6 headers in 231 bytes (1 switches on core 0)
Oct 14 12:25:16.146910 devstack-u2204-93-55 devstack@placement-api.service[635385]: DEBUG placement.requestlog [None req-93e371b4-9cb9-488b-aeda-175966cc9932 None None] Starting request: 172.25.93.55 "GET /placement/resource_providers/f8e85e1e-2f3b-4447-be50-356f88d033ba/aggregates" {{(pid=635385) __call__ /opt/stack/placement/placement/requestlog.py:55}}
Oct 14 12:25:16.168325 devstack-u2204-93-55 devstack@placement-api.service[635385]: INFO placement.requestlog [None req-93e371b4-9cb9-488b-aeda-175966cc9932 service placement] 172.25.93.55 "GET /placement/resource_providers/f8e85e1e-2f3b-4447-be50-356f88d033ba/aggregates" status: 404 len: 235 microversion: 1.1
Oct 14 12:25:16.168824 devstack-u2204-93-55 devstack@placement-api.service[635385]: [pid: 635385|app: 0|req: 75/149] 172.25.93.55 () {58 vars in 1369 bytes} [Tue Oct 14 12:25:16 2025] GET /placement/resource_providers/f8e85e1e-2f3b-4447-be50-356f88d033ba/aggregates => generated 235 bytes in 23 msecs (HTTP/1.1 404) 5 headers in 202 bytes (1 switches on core 0)
Oct 14 12:25:16.179664 devstack-u2204-93-55 devstack@placement-api.service[635386]: DEBUG placement.requestlog [None req-c3496e68-1f30-4d52-875c-dda97a163f8a None None] Starting request: 172.25.93.55 "DELETE /placement/resource_providers/f8e85e1e-2f3b-4447-be50-356f88d033ba" {{(pid=635386) __call__ /opt/stack/placement/placement/requestlog.py:55}}
Oct 14 12:25:16.191108 devstack-u2204-93-55 devstack@placement-api.service[635386]: DEBUG placement.wsgi_wrapper [None req-c3496e68-1f30-4d52-875c-dda97a163f8a service placement] Placement API returning an error response: No resource provider with uuid f8e85e1e-2f3b-4447-be50-356f88d033ba found for delete {{(pid=635386) call_func /opt/stack/placement/placement/wsgi_wrapper.py:31}}
Oct 14 12:25:16.192130 devstack-u2204-93-55 devstack@placement-api.service[635386]: INFO placement.requestlog [None req-c3496e68-1f30-4d52-875c-dda97a163f8a service placement] 172.25.93.55 "DELETE /placement/resource_providers/f8e85e1e-2f3b-4447-be50-356f88d033ba" status: 404 len: 246 microversion: 1.1
Oct 14 12:25:16.192603 devstack-u2204-93-55 devstack@placement-api.service[635386]: [pid: 635386|app: 0|req: 75/150] 172.25.93.55 () {60 vars in 1358 bytes} [Tue Oct 14 12:25:16 2025] DELETE /placement/resource_providers/f8e85e1e-2f3b-4447-be50-356f88d033ba => generated 246 bytes in 13 msecs (HTTP/1.1 404) 6 headers in 231 bytes (2 switches on core 0)
Oct 14 12:25:16.454983 devstack-u2204-93-55 devstack@placement-api.service[635385]: DEBUG placement.requestlog [req-c396b08e-8423-4109-b7d1-f2533dee4eb3 req-52cc0404-6de5-467b-a4e4-5cb6d36802e5 None None] Starting request: 172.25.93.55 "GET /placement/resource_providers/0bcb7c9d-127c-4586-956c-50a3982b540a/allocations" {{(pid=635385) __call__ /opt/stack/placement/placement/requestlog.py:55}}
Oct 14 12:25:16.481737 devstack-u2204-93-55 devstack@placement-api.service[635385]: INFO placement.requestlog [req-c396b08e-8423-4109-b7d1-f2533dee4eb3 req-52cc0404-6de5-467b-a4e4-5cb6d36802e5 service nova] 172.25.93.55 "GET /placement/resource_providers/0bcb7c9d-127c-4586-956c-50a3982b540a/allocations" status: 200 len: 54 microversion: 1.0
Oct 14 12:25:16.482100 devstack-u2204-93-55 devstack@placement-api.service[635385]: [pid: 635385|app: 0|req: 76/151] 172.25.93.55 () {58 vars in 1398 bytes} [Tue Oct 14 12:25:16 2025] GET /placement/resource_providers/0bcb7c9d-127c-4586-956c-50a3982b540a/allocations => generated 54 bytes in 28 msecs (HTTP/1.1 200) 6 headers in 223 bytes (1 switches on core 0)
Oct 14 12:25:16.498090 devstack-u2204-93-55 devstack@placement-api.service[635386]: DEBUG placement.requestlog [req-c396b08e-8423-4109-b7d1-f2533dee4eb3 req-8732fcda-bceb-42ba-b8df-ba55b686755f None None] Starting request: 172.25.93.55 "GET /placement/resource_providers/0bcb7c9d-127c-4586-956c-50a3982b540a/allocations" {{(pid=635386) __call__ /opt/stack/placement/placement/requestlog.py:55}}
Oct 14 12:25:16.524081 devstack-u2204-93-55 devstack@placement-api.service[635386]: INFO placement.requestlog [req-c396b08e-8423-4109-b7d1-f2533dee4eb3 req-8732fcda-bceb-42ba-b8df-ba55b686755f service nova] 172.25.93.55 "GET /placement/resource_providers/0bcb7c9d-127c-4586-956c-50a3982b540a/allocations" status: 200 len: 54 microversion: 1.0
Oct 14 12:25:16.524525 devstack-u2204-93-55 devstack@placement-api.service[635386]: [pid: 635386|app: 0|req: 76/152] 172.25.93.55 () {58 vars in 1398 bytes} [Tue Oct 14 12:25:16 2025] GET /placement/resource_providers/0bcb7c9d-127c-4586-956c-50a3982b540a/allocations => generated 54 bytes in 27 msecs (HTTP/1.1 200) 6 headers in 223 bytes (1 switches on core 0)
Oct 14 12:25:26.477866 devstack-u2204-93-55 devstack@placement-api.service[635385]: DEBUG dbcounter [-] [635385] Writing DB stats placement:SELECT=6 {{(pid=635385) stat_writer /opt/stack/data/venv/lib/python3.10/site-packages/dbcounter.py:115}}
Oct 14 12:25:26.521384 devstack-u2204-93-55 devstack@placement-api.service[635386]: DEBUG dbcounter [-] [635386] Writing DB stats placement:SELECT=10,placement:DELETE=2 {{(pid=635386) stat_writer /opt/stack/data/venv/lib/python3.10/site-packages/dbcounter.py:115}}
